2026-02-22 12:10:26,016 - INFO - 
2026-02-22 12:10:26,016 - INFO - ------- Welcome to EQCCTPro -------
2026-02-22 12:10:26,016 - INFO - 
2026-02-22 12:10:26,017 - INFO - Running EQCCT over Requested MSeed Files using CPU(s)...
2026-02-22 12:10:26,017 - INFO - GPU disabled (CPU-only).
2026-02-22 12:10:26,017 - INFO - Configured Intra-op threads = 1
2026-02-22 12:10:26,017 - INFO - Configured Inter-op threads = 1
2026-02-22 12:10:26,017 - INFO - TensorFlow: No GPUs visible; TF will proceed on CPU.
2026-02-22 12:10:26,017 - INFO - 
2026-02-22 12:10:31,537 - INFO - Ray Successfully Initialized with 4 CPU(s) ([0, 1, 2, 3] CPU Affinity Binding).
2026-02-22 12:10:31,538 - INFO - Analyzing 1 time chunk(s) from 2025-01-15 09:03:42 to 2025-01-15 09:04:42 (dt=1min, overlap=0min).
2026-02-22 12:10:31,538 - INFO - Using 1 selected station(s).
2026-02-22 12:10:31,538 - INFO - 
2026-02-22 12:10:31,538 - INFO - ------- Starting EQCCTPro... -------
2026-02-22 12:10:31,538 - INFO - Detailed subprocess information can be found in the log file.
2026-02-22 12:10:31,538 - INFO - 
2026-02-22 12:10:31,920 - INFO - GPU disabled (CPU-only).
2026-02-22 12:10:33,472 - INFO - Configured Intra-op threads = 1
2026-02-22 12:10:33,474 - INFO - Configured Inter-op threads = 1
2026-02-22 12:10:33,517 - INFO - TensorFlow: No GPUs visible; TF will proceed on CPU.
2026-02-22 12:10:33,520 - INFO - 
2026-02-22 12:10:33,522 - INFO - ------- Hardware Configuration -------
2026-02-22 12:10:33,524 - INFO - CPU affinity set to cores: [0, 1, 2, 3]
2026-02-22 12:10:33,526 - INFO - 
2026-02-22 12:10:33,529 - INFO - ------- Data Preprocessing for EQCCTPro -------
2026-02-22 12:10:33,531 - INFO - 1 station(s) in /home/blackwinter/projects/eqcct/eqcctpro/data/waveforms_earthquakes_nonoise/20250115T090342Z_20250115T090442Z
2026-02-22 12:10:33,533 - INFO - Using 1 selected station(s): ['RUF'].
2026-02-22 12:10:33,535 - INFO - Creating model actor(s)...
2026-02-22 12:10:33,537 - INFO - System RAM: Total=7870 MB, Available=3385 MB
2026-02-22 12:10:33,539 - INFO - Usable RAM budget: 7083 MB (90% of total)
2026-02-22 12:10:33,541 - INFO - ===== MEMORY-AWARE CPU ACTOR POOL (EQCCT) =====
2026-02-22 12:10:33,544 - INFO - Requested concurrent tasks: 1
2026-02-22 12:10:33,546 - INFO - Available CPUs: 4
2026-02-22 12:10:33,548 - INFO - Available RAM: 7083 MB
2026-02-22 12:10:33,550 - INFO - RAM per model: 2264 MB
2026-02-22 12:10:33,552 - INFO - Max actors by RAM: 3
2026-02-22 12:10:33,555 - INFO - Creating 1 ModelActor(s)
2026-02-22 12:10:33,557 - INFO - Let Ray handle scheduling (taskset already restricts CPU visibility)
2026-02-22 12:10:33,559 - INFO - Creating ModelActor 1/1 (2.21GB RAM each)...
2026-02-22 12:10:37,475 - INFO - ModelActor 1 created successfully.
2026-02-22 12:10:37,477 - INFO - Created 1 CPU actor(s). Task queue will handle concurrency.
2026-02-22 12:10:37,480 - INFO - Starting EQCCTPro parallelized waveform processing...
2026-02-22 12:10:37,482 - INFO - 
2026-02-22 12:10:37,484 - INFO - ------- Analyzing Seismic Waveforms for P and S Picks via EQCCT -------
2026-02-22 12:10:37,486 - INFO - Analyzing 0:01:00 minute timechunk from 2025-01-15 09:03:42 to 2025-01-15 09:04:42 (0 min overlap)
2026-02-22 12:10:37,488 - INFO - Processing a total of 1 stations, 1 at a time.
2026-02-22 12:10:41,466 - INFO - (1/1) RUF: Finished the prediction in 2.1s. (HP=1.0, LP=45.0)
2026-02-22 12:10:41,468 - INFO - 
2026-02-22 12:10:41,470 - INFO - ------- Parallel Station Waveform Processing Complete For 2025-01-15 09:03:42 to 2025-01-15 09:04:42 Timechunk-------
2026-02-22 12:10:41,476 - INFO - Successfully ran EQCCTPro, exiting...
2026-02-22 12:10:41,472 - INFO - Picks saved at /home/blackwinter/projects/eqcct/eqcctpro/results/csv/bm_eq_nonoise/20250115T090342Z_20250115T090442ZProcess Runtime: 3.99 s
2026-02-22 12:10:43,013 - INFO - Ray Successfully Shutdown.
2026-02-22 12:10:43,013 - INFO - ------- Successfully Picked All Waveform(s) from all Timechunk(s) -------
