2026-03-10 21:09:05,830 - INFO - 
2026-03-10 21:09:05,830 - INFO - ------- Welcome to EQCCTPro -------
2026-03-10 21:09:05,830 - INFO - 
2026-03-10 21:09:05,830 - INFO - Running EQCCT over Requested MSeed Files using CPU(s)...
2026-03-10 21:09:05,831 - INFO - GPU disabled (CPU-only).
2026-03-10 21:09:05,831 - INFO - Configured Intra-op threads = 1
2026-03-10 21:09:05,831 - INFO - Configured Inter-op threads = 1
2026-03-10 21:09:05,831 - INFO - TensorFlow: No GPUs visible; TF will proceed on CPU.
2026-03-10 21:09:05,831 - INFO - 
2026-03-10 21:09:11,177 - INFO - Ray Successfully Initialized with 4 CPU(s) ([0, 1, 2, 3] CPU Affinity Binding).
2026-03-10 21:09:11,177 - INFO - Analyzing 1 time chunk(s) from 2025-01-06 12:52:37 to 2025-01-06 12:53:37 (dt=1min, overlap=0min).
2026-03-10 21:09:11,177 - INFO - Using 1 selected station(s).
2026-03-10 21:09:11,178 - INFO - 
2026-03-10 21:09:11,178 - INFO - ------- Starting EQCCTPro... -------
2026-03-10 21:09:11,178 - INFO - Detailed subprocess information can be found in the log file.
2026-03-10 21:09:11,178 - INFO - 
2026-03-10 21:09:11,557 - INFO - GPU disabled (CPU-only).
2026-03-10 21:09:12,988 - INFO - Configured Intra-op threads = 1
2026-03-10 21:09:12,990 - INFO - Configured Inter-op threads = 1
2026-03-10 21:09:13,029 - INFO - TensorFlow: No GPUs visible; TF will proceed on CPU.
2026-03-10 21:09:13,032 - INFO - 
2026-03-10 21:09:13,034 - INFO - ------- Hardware Configuration -------
2026-03-10 21:09:13,036 - INFO - CPU affinity set to cores: [0, 1, 2, 3]
2026-03-10 21:09:13,038 - INFO - 
2026-03-10 21:09:13,041 - INFO - ------- Data Preprocessing for EQCCTPro -------
2026-03-10 21:09:13,043 - INFO - 1 station(s) in /home/blackwinter/projects/eqcct/eqcctpro/data/waveforms_noise_only/20250106T125237Z_20250106T125337Z
2026-03-10 21:09:13,045 - INFO - Using 1 selected station(s): ['KU1'].
2026-03-10 21:09:13,046 - INFO - Creating model actor(s)...
2026-03-10 21:09:13,048 - INFO - System RAM: Total=7870 MB, Available=2983 MB
2026-03-10 21:09:13,050 - INFO - Usable RAM budget: 7083 MB (90% of total)
2026-03-10 21:09:13,052 - INFO - ===== MEMORY-AWARE CPU ACTOR POOL (EQCCT) =====
2026-03-10 21:09:13,053 - INFO - Requested concurrent tasks: 1
2026-03-10 21:09:13,055 - INFO - Available CPUs: 4
2026-03-10 21:09:13,057 - INFO - Available RAM: 7083 MB
2026-03-10 21:09:13,059 - INFO - RAM per model: 2264 MB
2026-03-10 21:09:13,061 - INFO - Max actors by RAM: 3
2026-03-10 21:09:13,062 - INFO - Creating 1 ModelActor(s)
2026-03-10 21:09:13,066 - INFO - Let Ray handle scheduling (taskset already restricts CPU visibility)
2026-03-10 21:09:13,067 - INFO - Creating ModelActor 1/1 (2.21GB RAM each)...
2026-03-10 21:09:16,935 - INFO - ModelActor 1 created successfully.
2026-03-10 21:09:16,937 - INFO - Created 1 CPU actor(s). Task queue will handle concurrency.
2026-03-10 21:09:16,939 - INFO - Starting EQCCTPro parallelized waveform processing...
2026-03-10 21:09:16,941 - INFO - 
2026-03-10 21:09:16,943 - INFO - ------- Analyzing Seismic Waveforms for P and S Picks via EQCCT -------
2026-03-10 21:09:16,945 - INFO - Analyzing 0:01:00 minute timechunk from 2025-01-06 12:52:37 to 2025-01-06 12:53:37 (0 min overlap)
2026-03-10 21:09:16,947 - INFO - Processing a total of 1 stations, 1 at a time.
2026-03-10 21:09:20,995 - INFO - (1/1) KU1: Finished the prediction in 2.12s. (HP=1.0, LP=45.0)
2026-03-10 21:09:20,997 - INFO - 
2026-03-10 21:09:20,999 - INFO - ------- Parallel Station Waveform Processing Complete For 2025-01-06 12:52:37 to 2025-01-06 12:53:37 Timechunk-------
2026-03-10 21:09:21,002 - INFO - Picks saved at /home/blackwinter/projects/eqcct/eqcctpro/results/csv/bm_noise_only/20250106T125237Z_20250106T125337ZProcess Runtime: 4.06 s
2026-03-10 21:09:21,006 - INFO - Successfully ran EQCCTPro, exiting...
2026-03-10 21:09:22,522 - INFO - Ray Successfully Shutdown.
2026-03-10 21:09:22,522 - INFO - ------- Successfully Picked All Waveform(s) from all Timechunk(s) -------
2026-03-11 12:08:42,554 - INFO - 
2026-03-11 12:08:42,560 - INFO - ------- Welcome to EQCCTPro -------
2026-03-11 12:08:42,561 - INFO - 
2026-03-11 12:08:42,561 - INFO - Running EQCCT over Requested MSeed Files using CPU(s)...
2026-03-11 12:08:42,561 - INFO - GPU disabled (CPU-only).
2026-03-11 12:08:42,562 - INFO - Configured Intra-op threads = 1
2026-03-11 12:08:42,562 - INFO - Configured Inter-op threads = 1
2026-03-11 12:08:42,562 - INFO - TensorFlow: No GPUs visible; TF will proceed on CPU.
2026-03-11 12:08:42,562 - INFO - 
2026-03-11 12:08:48,111 - INFO - Ray Successfully Initialized with 4 CPU(s) ([0, 1, 2, 3] CPU Affinity Binding).
2026-03-11 12:08:48,112 - INFO - Analyzing 1 time chunk(s) from 2025-01-06 12:52:37 to 2025-01-06 12:53:37 (dt=1min, overlap=0min).
2026-03-11 12:08:48,112 - INFO - Using 1 selected station(s).
2026-03-11 12:08:48,112 - INFO - 
2026-03-11 12:08:48,112 - INFO - ------- Starting EQCCTPro... -------
2026-03-11 12:08:48,113 - INFO - Detailed subprocess information can be found in the log file.
2026-03-11 12:08:48,113 - INFO - 
2026-03-11 12:08:48,503 - INFO - GPU disabled (CPU-only).
2026-03-11 12:08:49,993 - INFO - Configured Intra-op threads = 1
2026-03-11 12:08:49,995 - INFO - Configured Inter-op threads = 1
2026-03-11 12:08:50,037 - INFO - TensorFlow: No GPUs visible; TF will proceed on CPU.
2026-03-11 12:08:50,040 - INFO - 
2026-03-11 12:08:50,042 - INFO - ------- Hardware Configuration -------
2026-03-11 12:08:50,045 - INFO - CPU affinity set to cores: [0, 1, 2, 3]
2026-03-11 12:08:50,047 - INFO - 
2026-03-11 12:08:50,049 - INFO - ------- Data Preprocessing for EQCCTPro -------
2026-03-11 12:08:50,052 - INFO - 1 station(s) in /home/blackwinter/projects/eqcct/eqcctpro/data/waveforms_noise_only/20250106T125237Z_20250106T125337Z
2026-03-11 12:08:50,054 - INFO - Using 1 selected station(s): ['KU1'].
2026-03-11 12:08:50,056 - INFO - Creating model actor(s)...
2026-03-11 12:08:50,059 - INFO - System RAM: Total=7870 MB, Available=3917 MB
2026-03-11 12:08:50,061 - INFO - Usable RAM budget: 7083 MB (90% of total)
2026-03-11 12:08:50,062 - INFO - ===== MEMORY-AWARE CPU ACTOR POOL (EQCCT) =====
2026-03-11 12:08:50,064 - INFO - Requested concurrent tasks: 1
2026-03-11 12:08:50,066 - INFO - Available CPUs: 4
2026-03-11 12:08:50,068 - INFO - Available RAM: 7083 MB
2026-03-11 12:08:50,069 - INFO - RAM per model: 2264 MB
2026-03-11 12:08:50,071 - INFO - Max actors by RAM: 3
2026-03-11 12:08:50,073 - INFO - Creating 1 ModelActor(s)
2026-03-11 12:08:50,075 - INFO - Let Ray handle scheduling (taskset already restricts CPU visibility)
2026-03-11 12:08:50,077 - INFO - Creating ModelActor 1/1 (2.21GB RAM each)...
2026-03-11 12:08:54,016 - INFO - ModelActor 1 created successfully.
2026-03-11 12:08:54,018 - INFO - Created 1 CPU actor(s). Task queue will handle concurrency.
2026-03-11 12:08:54,020 - INFO - Starting EQCCTPro parallelized waveform processing...
2026-03-11 12:08:54,022 - INFO - 
2026-03-11 12:08:54,025 - INFO - ------- Analyzing Seismic Waveforms for P and S Picks via EQCCT -------
2026-03-11 12:08:54,027 - INFO - Analyzing 0:01:00 minute timechunk from 2025-01-06 12:52:37 to 2025-01-06 12:53:37 (0 min overlap)
2026-03-11 12:08:54,029 - INFO - Processing a total of 1 stations, 1 at a time.
2026-03-11 12:08:55,956 - INFO - (1/1) KU1: Skipped (already exists - overwrite=False).
2026-03-11 12:08:55,958 - INFO - 
2026-03-11 12:08:55,960 - INFO - ------- Parallel Station Waveform Processing Complete For 2025-01-06 12:52:37 to 2025-01-06 12:53:37 Timechunk-------
2026-03-11 12:08:55,962 - INFO - Picks saved at /home/blackwinter/projects/eqcct/eqcctpro/results/csv/bm_noise_only/20250106T125237Z_20250106T125337ZProcess Runtime: 1.94 s
2026-03-11 12:08:55,966 - INFO - Successfully ran EQCCTPro, exiting...
2026-03-11 12:08:57,468 - INFO - Ray Successfully Shutdown.
2026-03-11 12:08:57,468 - INFO - ------- Successfully Picked All Waveform(s) from all Timechunk(s) -------
