2026-03-20 06:12:10,022 - INFO - 
2026-03-20 06:12:10,022 - INFO - ------- Welcome to EQCCTPro -------
2026-03-20 06:12:10,022 - INFO - 
2026-03-20 06:12:10,022 - INFO - Running EQCCT over Requested MSeed Files using CPU(s)...
2026-03-20 06:12:10,023 - INFO - GPU disabled (CPU-only).
2026-03-20 06:12:10,023 - INFO - Configured Intra-op threads = 1
2026-03-20 06:12:10,023 - INFO - Configured Inter-op threads = 1
2026-03-20 06:12:10,023 - INFO - TensorFlow: No GPUs visible; TF will proceed on CPU.
2026-03-20 06:12:10,023 - INFO - 
2026-03-20 06:12:15,229 - INFO - Ray Successfully Initialized with 4 CPU(s) ([0, 1, 2, 3] CPU Affinity Binding).
2026-03-20 06:12:15,229 - INFO - Analyzing 1 time chunk(s) from 2025-10-18 04:39:43 to 2025-10-18 04:40:43 (dt=1min, overlap=0min).
2026-03-20 06:12:15,230 - INFO - Using 2 selected station(s).
2026-03-20 06:12:15,230 - INFO - 
2026-03-20 06:12:15,230 - INFO - ------- Starting EQCCTPro... -------
2026-03-20 06:12:15,230 - INFO - Detailed subprocess information can be found in the log file.
2026-03-20 06:12:15,230 - INFO - 
2026-03-20 06:12:15,613 - INFO - GPU disabled (CPU-only).
2026-03-20 06:12:17,051 - INFO - Configured Intra-op threads = 1
2026-03-20 06:12:17,054 - INFO - Configured Inter-op threads = 1
2026-03-20 06:12:17,094 - INFO - TensorFlow: No GPUs visible; TF will proceed on CPU.
2026-03-20 06:12:17,096 - INFO - 
2026-03-20 06:12:17,098 - INFO - ------- Hardware Configuration -------
2026-03-20 06:12:17,100 - INFO - CPU affinity set to cores: [0, 1, 2, 3]
2026-03-20 06:12:17,102 - INFO - 
2026-03-20 06:12:17,103 - INFO - ------- Data Preprocessing for EQCCTPro -------
2026-03-20 06:12:17,105 - INFO - 2 station(s) in /home/blackwinter/projects/eqcct/eqcctpro/data/waveforms_earthquakes_nonoise/20251018T043943Z_20251018T044043Z
2026-03-20 06:12:17,107 - INFO - Using 2 selected station(s): ['FIA0', 'FIA1'].
2026-03-20 06:12:17,109 - INFO - Creating model actor(s)...
2026-03-20 06:12:17,110 - INFO - System RAM: Total=7870 MB, Available=1512 MB
2026-03-20 06:12:17,112 - INFO - Usable RAM budget: 7083 MB (90% of total)
2026-03-20 06:12:17,114 - INFO - ===== MEMORY-AWARE CPU ACTOR POOL (EQCCT) =====
2026-03-20 06:12:17,116 - INFO - Requested concurrent tasks: 1
2026-03-20 06:12:17,119 - INFO - Available CPUs: 4
2026-03-20 06:12:17,121 - INFO - Available RAM: 7083 MB
2026-03-20 06:12:17,123 - INFO - RAM per model: 2264 MB
2026-03-20 06:12:17,126 - INFO - Max actors by RAM: 3
2026-03-20 06:12:17,128 - INFO - Creating 1 ModelActor(s)
2026-03-20 06:12:17,130 - INFO - Let Ray handle scheduling (taskset already restricts CPU visibility)
2026-03-20 06:12:17,132 - INFO - Creating ModelActor 1/1 (2.21GB RAM each)...
2026-03-20 06:12:21,000 - INFO - ModelActor 1 created successfully.
2026-03-20 06:12:21,002 - INFO - Created 1 CPU actor(s). Task queue will handle concurrency.
2026-03-20 06:12:21,004 - INFO - Starting EQCCTPro parallelized waveform processing...
2026-03-20 06:12:21,007 - INFO - 
2026-03-20 06:12:21,009 - INFO - ------- Analyzing Seismic Waveforms for P and S Picks via EQCCT -------
2026-03-20 06:12:21,012 - INFO - Analyzing 0:01:00 minute timechunk from 2025-10-18 04:39:43 to 2025-10-18 04:40:43 (0 min overlap)
2026-03-20 06:12:21,014 - INFO - Processing a total of 2 stations, 1 at a time.
2026-03-20 06:12:25,129 - INFO - (1/2) FIA0: Finished the prediction in 2.13s. (HP=1.0, LP=45.0)
2026-03-20 06:12:25,240 - INFO - (2/2) FIA1: Finished the prediction in 0.1s. (HP=1.0, LP=45.0)
2026-03-20 06:12:25,242 - INFO - 
2026-03-20 06:12:25,244 - INFO - ------- Parallel Station Waveform Processing Complete For 2025-10-18 04:39:43 to 2025-10-18 04:40:43 Timechunk-------
2026-03-20 06:12:25,246 - INFO - Picks saved at /home/blackwinter/projects/eqcct/eqcctpro/results/csv/eqcct_earthquakes_th0_1/20251018T043943Z_20251018T044043ZProcess Runtime: 4.24 s
2026-03-20 06:12:25,253 - INFO - Successfully ran EQCCTPro, exiting...
2026-03-20 06:12:26,974 - INFO - Ray Successfully Shutdown.
2026-03-20 06:12:26,974 - INFO - ------- Successfully Picked All Waveform(s) from all Timechunk(s) -------
