2026-02-26 23:17:37,581 - INFO - 
2026-02-26 23:17:37,581 - INFO - ------- Welcome to EQCCTPro -------
2026-02-26 23:17:37,581 - INFO - 
2026-02-26 23:17:37,582 - INFO - Running EQCCT over Requested MSeed Files using CPU(s)...
2026-02-26 23:17:37,582 - INFO - GPU disabled (CPU-only).
2026-02-26 23:17:37,582 - INFO - Configured Intra-op threads = 1
2026-02-26 23:17:37,582 - INFO - Configured Inter-op threads = 1
2026-02-26 23:17:37,583 - INFO - TensorFlow: No GPUs visible; TF will proceed on CPU.
2026-02-26 23:17:37,583 - INFO - 
2026-02-26 23:17:43,022 - INFO - Ray Successfully Initialized with 4 CPU(s) ([0, 1, 2, 3] CPU Affinity Binding).
2026-02-26 23:17:43,023 - INFO - Analyzing 1 time chunk(s) from 2025-01-08 16:44:18 to 2025-01-08 16:45:18 (dt=1min, overlap=0min).
2026-02-26 23:17:43,023 - INFO - Using 1 selected station(s).
2026-02-26 23:17:43,023 - INFO - 
2026-02-26 23:17:43,023 - INFO - ------- Starting EQCCTPro... -------
2026-02-26 23:17:43,023 - INFO - Detailed subprocess information can be found in the log file.
2026-02-26 23:17:43,023 - INFO - 
2026-02-26 23:17:43,377 - INFO - GPU disabled (CPU-only).
2026-02-26 23:17:44,820 - INFO - Configured Intra-op threads = 1
2026-02-26 23:17:44,823 - INFO - Configured Inter-op threads = 1
2026-02-26 23:17:44,863 - INFO - TensorFlow: No GPUs visible; TF will proceed on CPU.
2026-02-26 23:17:44,866 - INFO - 
2026-02-26 23:17:44,868 - INFO - ------- Hardware Configuration -------
2026-02-26 23:17:44,870 - INFO - CPU affinity set to cores: [0, 1, 2, 3]
2026-02-26 23:17:44,872 - INFO - 
2026-02-26 23:17:44,875 - INFO - ------- Data Preprocessing for EQCCTPro -------
2026-02-26 23:17:44,877 - INFO - 1 station(s) in /home/blackwinter/projects/eqcct/eqcctpro/data/waveforms_explosions_nonoise/20250108T164418Z_20250108T164518Z
2026-02-26 23:17:44,878 - INFO - Using 1 selected station(s): ['KMNF'].
2026-02-26 23:17:44,880 - INFO - Creating model actor(s)...
2026-02-26 23:17:44,883 - INFO - System RAM: Total=7870 MB, Available=3709 MB
2026-02-26 23:17:44,884 - INFO - Usable RAM budget: 7083 MB (90% of total)
2026-02-26 23:17:44,886 - INFO - ===== MEMORY-AWARE CPU ACTOR POOL (EQCCT) =====
2026-02-26 23:17:44,888 - INFO - Requested concurrent tasks: 1
2026-02-26 23:17:44,890 - INFO - Available CPUs: 4
2026-02-26 23:17:44,892 - INFO - Available RAM: 7083 MB
2026-02-26 23:17:44,894 - INFO - RAM per model: 2264 MB
2026-02-26 23:17:44,896 - INFO - Max actors by RAM: 3
2026-02-26 23:17:44,898 - INFO - Creating 1 ModelActor(s)
2026-02-26 23:17:44,900 - INFO - Let Ray handle scheduling (taskset already restricts CPU visibility)
2026-02-26 23:17:44,902 - INFO - Creating ModelActor 1/1 (2.21GB RAM each)...
2026-02-26 23:17:48,758 - INFO - ModelActor 1 created successfully.
2026-02-26 23:17:48,761 - INFO - Created 1 CPU actor(s). Task queue will handle concurrency.
2026-02-26 23:17:48,763 - INFO - Starting EQCCTPro parallelized waveform processing...
2026-02-26 23:17:48,765 - INFO - 
2026-02-26 23:17:48,767 - INFO - ------- Analyzing Seismic Waveforms for P and S Picks via EQCCT -------
2026-02-26 23:17:48,769 - INFO - Analyzing 0:01:00 minute timechunk from 2025-01-08 16:44:18 to 2025-01-08 16:45:18 (0 min overlap)
2026-02-26 23:17:48,771 - INFO - Processing a total of 1 stations, 1 at a time.
2026-02-26 23:17:52,766 - INFO - (1/1) KMNF: Finished the prediction in 2.13s. (HP=1.0, LP=45.0)
2026-02-26 23:17:52,769 - INFO - 
2026-02-26 23:17:52,771 - INFO - ------- Parallel Station Waveform Processing Complete For 2025-01-08 16:44:18 to 2025-01-08 16:45:18 Timechunk-------
2026-02-26 23:17:52,774 - INFO - Picks saved at /home/blackwinter/projects/eqcct/eqcctpro/results/csv/bm_explosions/20250108T164418Z_20250108T164518ZProcess Runtime: 4.01 s
2026-02-26 23:17:52,778 - INFO - Successfully ran EQCCTPro, exiting...
2026-02-26 23:17:54,394 - INFO - Ray Successfully Shutdown.
2026-02-26 23:17:54,394 - INFO - ------- Successfully Picked All Waveform(s) from all Timechunk(s) -------
2026-02-27 06:41:30,889 - INFO - 
2026-02-27 06:41:30,896 - INFO - ------- Welcome to EQCCTPro -------
2026-02-27 06:41:30,896 - INFO - 
2026-02-27 06:41:30,896 - INFO - Running EQCCT over Requested MSeed Files using CPU(s)...
2026-02-27 06:41:30,897 - INFO - GPU disabled (CPU-only).
2026-02-27 06:41:30,897 - INFO - Configured Intra-op threads = 1
2026-02-27 06:41:30,897 - INFO - Configured Inter-op threads = 1
2026-02-27 06:41:30,897 - INFO - TensorFlow: No GPUs visible; TF will proceed on CPU.
2026-02-27 06:41:30,897 - INFO - 
2026-02-27 06:41:36,282 - INFO - Ray Successfully Initialized with 4 CPU(s) ([0, 1, 2, 3] CPU Affinity Binding).
2026-02-27 06:41:36,283 - INFO - Analyzing 1 time chunk(s) from 2025-01-08 16:44:18 to 2025-01-08 16:45:18 (dt=1min, overlap=0min).
2026-02-27 06:41:36,283 - INFO - Using 1 selected station(s).
2026-02-27 06:41:36,283 - INFO - 
2026-02-27 06:41:36,283 - INFO - ------- Starting EQCCTPro... -------
2026-02-27 06:41:36,283 - INFO - Detailed subprocess information can be found in the log file.
2026-02-27 06:41:36,283 - INFO - 
2026-02-27 06:41:36,677 - INFO - GPU disabled (CPU-only).
2026-02-27 06:41:38,247 - INFO - Configured Intra-op threads = 1
2026-02-27 06:41:38,250 - INFO - Configured Inter-op threads = 1
2026-02-27 06:41:38,292 - INFO - TensorFlow: No GPUs visible; TF will proceed on CPU.
2026-02-27 06:41:38,294 - INFO - 
2026-02-27 06:41:38,296 - INFO - ------- Hardware Configuration -------
2026-02-27 06:41:38,299 - INFO - CPU affinity set to cores: [0, 1, 2, 3]
2026-02-27 06:41:38,301 - INFO - 
2026-02-27 06:41:38,303 - INFO - ------- Data Preprocessing for EQCCTPro -------
2026-02-27 06:41:38,305 - INFO - 1 station(s) in /home/blackwinter/projects/eqcct/eqcctpro/data/waveforms_explosions_nonoise/20250108T164418Z_20250108T164518Z
2026-02-27 06:41:38,307 - INFO - Using 1 selected station(s): ['KMNF'].
2026-02-27 06:41:38,309 - INFO - Creating model actor(s)...
2026-02-27 06:41:38,311 - INFO - System RAM: Total=7870 MB, Available=3692 MB
2026-02-27 06:41:38,314 - INFO - Usable RAM budget: 7083 MB (90% of total)
2026-02-27 06:41:38,316 - INFO - ===== MEMORY-AWARE CPU ACTOR POOL (EQCCT) =====
2026-02-27 06:41:38,318 - INFO - Requested concurrent tasks: 1
2026-02-27 06:41:38,321 - INFO - Available CPUs: 4
2026-02-27 06:41:38,323 - INFO - Available RAM: 7083 MB
2026-02-27 06:41:38,324 - INFO - RAM per model: 2264 MB
2026-02-27 06:41:38,326 - INFO - Max actors by RAM: 3
2026-02-27 06:41:38,328 - INFO - Creating 1 ModelActor(s)
2026-02-27 06:41:38,331 - INFO - Let Ray handle scheduling (taskset already restricts CPU visibility)
2026-02-27 06:41:38,334 - INFO - Creating ModelActor 1/1 (2.21GB RAM each)...
2026-02-27 06:41:42,268 - INFO - ModelActor 1 created successfully.
2026-02-27 06:41:42,270 - INFO - Created 1 CPU actor(s). Task queue will handle concurrency.
2026-02-27 06:41:42,273 - INFO - Starting EQCCTPro parallelized waveform processing...
2026-02-27 06:41:42,275 - INFO - 
2026-02-27 06:41:42,277 - INFO - ------- Analyzing Seismic Waveforms for P and S Picks via EQCCT -------
2026-02-27 06:41:42,279 - INFO - Analyzing 0:01:00 minute timechunk from 2025-01-08 16:44:18 to 2025-01-08 16:45:18 (0 min overlap)
2026-02-27 06:41:42,281 - INFO - Processing a total of 1 stations, 1 at a time.
2026-02-27 06:41:44,162 - INFO - (1/1) KMNF: Skipped (already exists - overwrite=False).
2026-02-27 06:41:44,164 - INFO - 
2026-02-27 06:41:44,166 - INFO - ------- Parallel Station Waveform Processing Complete For 2025-01-08 16:44:18 to 2025-01-08 16:45:18 Timechunk-------
2026-02-27 06:41:44,169 - INFO - Picks saved at /home/blackwinter/projects/eqcct/eqcctpro/results/csv/bm_explosions/20250108T164418Z_20250108T164518ZProcess Runtime: 1.89 s
2026-02-27 06:41:44,173 - INFO - Successfully ran EQCCTPro, exiting...
2026-02-27 06:41:45,588 - INFO - Ray Successfully Shutdown.
2026-02-27 06:41:45,588 - INFO - ------- Successfully Picked All Waveform(s) from all Timechunk(s) -------
