2026-02-27 02:36:08,242 - INFO - 
2026-02-27 02:36:08,242 - INFO - ------- Welcome to EQCCTPro -------
2026-02-27 02:36:08,242 - INFO - 
2026-02-27 02:36:08,243 - INFO - Running EQCCT over Requested MSeed Files using CPU(s)...
2026-02-27 02:36:08,243 - INFO - GPU disabled (CPU-only).
2026-02-27 02:36:08,243 - INFO - Configured Intra-op threads = 1
2026-02-27 02:36:08,243 - INFO - Configured Inter-op threads = 1
2026-02-27 02:36:08,243 - INFO - TensorFlow: No GPUs visible; TF will proceed on CPU.
2026-02-27 02:36:08,243 - INFO - 
2026-02-27 02:36:13,647 - INFO - Ray Successfully Initialized with 4 CPU(s) ([0, 1, 2, 3] CPU Affinity Binding).
2026-02-27 02:36:13,647 - INFO - Analyzing 1 time chunk(s) from 2025-01-16 11:37:43 to 2025-01-16 11:38:43 (dt=1min, overlap=0min).
2026-02-27 02:36:13,647 - INFO - Using 1 selected station(s).
2026-02-27 02:36:13,647 - INFO - 
2026-02-27 02:36:13,647 - INFO - ------- Starting EQCCTPro... -------
2026-02-27 02:36:13,648 - INFO - Detailed subprocess information can be found in the log file.
2026-02-27 02:36:13,648 - INFO - 
2026-02-27 02:36:14,036 - INFO - GPU disabled (CPU-only).
2026-02-27 02:36:15,589 - INFO - Configured Intra-op threads = 1
2026-02-27 02:36:15,591 - INFO - Configured Inter-op threads = 1
2026-02-27 02:36:15,631 - INFO - TensorFlow: No GPUs visible; TF will proceed on CPU.
2026-02-27 02:36:15,634 - INFO - 
2026-02-27 02:36:15,636 - INFO - ------- Hardware Configuration -------
2026-02-27 02:36:15,638 - INFO - CPU affinity set to cores: [0, 1, 2, 3]
2026-02-27 02:36:15,640 - INFO - 
2026-02-27 02:36:15,642 - INFO - ------- Data Preprocessing for EQCCTPro -------
2026-02-27 02:36:15,644 - INFO - 1 station(s) in /home/blackwinter/projects/eqcct/eqcctpro/data/waveforms_explosions_nonoise/20250116T113743Z_20250116T113843Z
2026-02-27 02:36:15,646 - INFO - Using 1 selected station(s): ['RAF'].
2026-02-27 02:36:15,648 - INFO - Creating model actor(s)...
2026-02-27 02:36:15,650 - INFO - System RAM: Total=7870 MB, Available=2747 MB
2026-02-27 02:36:15,652 - INFO - Usable RAM budget: 7083 MB (90% of total)
2026-02-27 02:36:15,653 - INFO - ===== MEMORY-AWARE CPU ACTOR POOL (EQCCT) =====
2026-02-27 02:36:15,655 - INFO - Requested concurrent tasks: 1
2026-02-27 02:36:15,657 - INFO - Available CPUs: 4
2026-02-27 02:36:15,659 - INFO - Available RAM: 7083 MB
2026-02-27 02:36:15,661 - INFO - RAM per model: 2264 MB
2026-02-27 02:36:15,663 - INFO - Max actors by RAM: 3
2026-02-27 02:36:15,665 - INFO - Creating 1 ModelActor(s)
2026-02-27 02:36:15,667 - INFO - Let Ray handle scheduling (taskset already restricts CPU visibility)
2026-02-27 02:36:15,670 - INFO - Creating ModelActor 1/1 (2.21GB RAM each)...
2026-02-27 02:36:19,561 - INFO - ModelActor 1 created successfully.
2026-02-27 02:36:19,563 - INFO - Created 1 CPU actor(s). Task queue will handle concurrency.
2026-02-27 02:36:19,565 - INFO - Starting EQCCTPro parallelized waveform processing...
2026-02-27 02:36:19,567 - INFO - 
2026-02-27 02:36:19,569 - INFO - ------- Analyzing Seismic Waveforms for P and S Picks via EQCCT -------
2026-02-27 02:36:19,572 - INFO - Analyzing 0:01:00 minute timechunk from 2025-01-16 11:37:43 to 2025-01-16 11:38:43 (0 min overlap)
2026-02-27 02:36:19,574 - INFO - Processing a total of 1 stations, 1 at a time.
2026-02-27 02:36:23,606 - INFO - (1/1) RAF: Finished the prediction in 2.14s. (HP=1.0, LP=45.0)
2026-02-27 02:36:23,608 - INFO - 
2026-02-27 02:36:23,609 - INFO - ------- Parallel Station Waveform Processing Complete For 2025-01-16 11:37:43 to 2025-01-16 11:38:43 Timechunk-------
2026-02-27 02:36:23,615 - INFO - Successfully ran EQCCTPro, exiting...
2026-02-27 02:36:23,611 - INFO - Picks saved at /home/blackwinter/projects/eqcct/eqcctpro/results/csv/bm_explosions/20250116T113743Z_20250116T113843ZProcess Runtime: 4.04 s
2026-02-27 02:36:25,265 - INFO - Ray Successfully Shutdown.
2026-02-27 02:36:25,266 - INFO - ------- Successfully Picked All Waveform(s) from all Timechunk(s) -------
2026-02-27 09:33:29,242 - INFO - 
2026-02-27 09:33:29,242 - INFO - ------- Welcome to EQCCTPro -------
2026-02-27 09:33:29,242 - INFO - 
2026-02-27 09:33:29,243 - INFO - Running EQCCT over Requested MSeed Files using CPU(s)...
2026-02-27 09:33:29,243 - INFO - GPU disabled (CPU-only).
2026-02-27 09:33:29,243 - INFO - Configured Intra-op threads = 1
2026-02-27 09:33:29,244 - INFO - Configured Inter-op threads = 1
2026-02-27 09:33:29,244 - INFO - TensorFlow: No GPUs visible; TF will proceed on CPU.
2026-02-27 09:33:29,244 - INFO - 
2026-02-27 09:33:34,612 - INFO - Ray Successfully Initialized with 4 CPU(s) ([0, 1, 2, 3] CPU Affinity Binding).
2026-02-27 09:33:34,613 - INFO - Analyzing 1 time chunk(s) from 2025-01-16 11:37:43 to 2025-01-16 11:38:43 (dt=1min, overlap=0min).
2026-02-27 09:33:34,613 - INFO - Using 1 selected station(s).
2026-02-27 09:33:34,613 - INFO - 
2026-02-27 09:33:34,613 - INFO - ------- Starting EQCCTPro... -------
2026-02-27 09:33:34,614 - INFO - Detailed subprocess information can be found in the log file.
2026-02-27 09:33:34,614 - INFO - 
2026-02-27 09:33:35,136 - INFO - GPU disabled (CPU-only).
2026-02-27 09:33:36,703 - INFO - Configured Intra-op threads = 1
2026-02-27 09:33:36,705 - INFO - Configured Inter-op threads = 1
2026-02-27 09:33:36,744 - INFO - TensorFlow: No GPUs visible; TF will proceed on CPU.
2026-02-27 09:33:36,746 - INFO - 
2026-02-27 09:33:36,748 - INFO - ------- Hardware Configuration -------
2026-02-27 09:33:36,750 - INFO - CPU affinity set to cores: [0, 1, 2, 3]
2026-02-27 09:33:36,752 - INFO - 
2026-02-27 09:33:36,754 - INFO - ------- Data Preprocessing for EQCCTPro -------
2026-02-27 09:33:36,755 - INFO - 1 station(s) in /home/blackwinter/projects/eqcct/eqcctpro/data/waveforms_explosions_nonoise/20250116T113743Z_20250116T113843Z
2026-02-27 09:33:36,757 - INFO - Using 1 selected station(s): ['RAF'].
2026-02-27 09:33:36,759 - INFO - Creating model actor(s)...
2026-02-27 09:33:36,761 - INFO - System RAM: Total=7870 MB, Available=2685 MB
2026-02-27 09:33:36,762 - INFO - Usable RAM budget: 7083 MB (90% of total)
2026-02-27 09:33:36,764 - INFO - ===== MEMORY-AWARE CPU ACTOR POOL (EQCCT) =====
2026-02-27 09:33:36,766 - INFO - Requested concurrent tasks: 1
2026-02-27 09:33:36,768 - INFO - Available CPUs: 4
2026-02-27 09:33:36,769 - INFO - Available RAM: 7083 MB
2026-02-27 09:33:36,771 - INFO - RAM per model: 2264 MB
2026-02-27 09:33:36,773 - INFO - Max actors by RAM: 3
2026-02-27 09:33:36,775 - INFO - Creating 1 ModelActor(s)
2026-02-27 09:33:36,777 - INFO - Let Ray handle scheduling (taskset already restricts CPU visibility)
2026-02-27 09:33:36,779 - INFO - Creating ModelActor 1/1 (2.21GB RAM each)...
2026-02-27 09:33:40,685 - INFO - ModelActor 1 created successfully.
2026-02-27 09:33:40,687 - INFO - Created 1 CPU actor(s). Task queue will handle concurrency.
2026-02-27 09:33:40,689 - INFO - Starting EQCCTPro parallelized waveform processing...
2026-02-27 09:33:40,691 - INFO - 
2026-02-27 09:33:40,694 - INFO - ------- Analyzing Seismic Waveforms for P and S Picks via EQCCT -------
2026-02-27 09:33:40,696 - INFO - Analyzing 0:01:00 minute timechunk from 2025-01-16 11:37:43 to 2025-01-16 11:38:43 (0 min overlap)
2026-02-27 09:33:40,698 - INFO - Processing a total of 1 stations, 1 at a time.
2026-02-27 09:33:42,619 - INFO - (1/1) RAF: Skipped (already exists - overwrite=False).
2026-02-27 09:33:42,622 - INFO - 
2026-02-27 09:33:42,624 - INFO - ------- Parallel Station Waveform Processing Complete For 2025-01-16 11:37:43 to 2025-01-16 11:38:43 Timechunk-------
2026-02-27 09:33:42,626 - INFO - Picks saved at /home/blackwinter/projects/eqcct/eqcctpro/results/csv/bm_explosions/20250116T113743Z_20250116T113843ZProcess Runtime: 1.93 s
2026-02-27 09:33:42,630 - INFO - Successfully ran EQCCTPro, exiting...
2026-02-27 09:33:44,181 - INFO - Ray Successfully Shutdown.
2026-02-27 09:33:44,181 - INFO - ------- Successfully Picked All Waveform(s) from all Timechunk(s) -------
