2026-03-28 12:30:00,834 - INFO - 
2026-03-28 12:30:00,834 - INFO - ------- Welcome to EQCCTPro -------
2026-03-28 12:30:00,835 - INFO - 
2026-03-28 12:30:00,835 - INFO - Running EQCCT over Requested MSeed Files using CPU(s)...
2026-03-28 12:30:00,835 - INFO - GPU disabled (CPU-only).
2026-03-28 12:30:00,835 - INFO - Skipping framework-specific initialization in the driver process.
2026-03-28 12:30:02,419 - INFO - Ray Successfully Initialized with 4 CPU(s) ([0, 1, 2, 3] CPU Affinity Binding).
2026-03-28 12:30:02,419 - INFO - Analyzing 1 time chunk(s) from 2025-01-10 03:56:21 to 2025-01-10 03:57:21 (dt=1min, overlap=0min).
2026-03-28 12:30:02,419 - INFO - Using 1 selected station(s).
2026-03-28 12:30:02,419 - INFO - 
2026-03-28 12:30:02,420 - INFO - ------- Starting EQCCTPro... -------
2026-03-28 12:30:02,420 - INFO - Detailed subprocess information can be found in the log file.
2026-03-28 12:30:02,420 - INFO - 
2026-03-28 12:30:02,700 - INFO - GPU disabled (CPU-only).
2026-03-28 12:30:02,705 - INFO - Skipping framework-specific initialization in the driver process.
2026-03-28 12:30:02,708 - INFO - ------- Hardware Configuration -------
2026-03-28 12:30:02,711 - INFO - CPU affinity set to cores: [0, 1, 2, 3]
2026-03-28 12:30:02,713 - INFO - 
2026-03-28 12:30:02,716 - INFO - ------- Data Preprocessing for EQCCTPro -------
2026-03-28 12:30:02,719 - INFO - 1 station(s) in /home/blackwinter/projects/eqcct/eqcctpro/data/waveforms_noise_only/20250110T035621Z_20250110T035721Z
2026-03-28 12:30:02,724 - INFO - Using 1 selected station(s): ['FIB3'].
2026-03-28 12:30:02,727 - INFO - Creating model actor(s)...
2026-03-28 12:30:02,731 - INFO - System RAM: Total=7870 MB, Available=4420 MB
2026-03-28 12:30:02,734 - INFO - Usable RAM budget: 7083 MB (90% of total)
2026-03-28 12:30:02,736 - INFO - ===== MEMORY-AWARE CPU ACTOR POOL =====
2026-03-28 12:30:02,740 - INFO - Requested concurrent tasks: 1
2026-03-28 12:30:02,744 - INFO - Available CPUs: 4
2026-03-28 12:30:02,748 - INFO - Available RAM: 7083 MB
2026-03-28 12:30:02,751 - INFO - RAM per model: 2060 MB
2026-03-28 12:30:02,755 - INFO - Max actors by RAM: 3
2026-03-28 12:30:02,758 - INFO - Creating 1 SeisBenchModelActor(s)
2026-03-28 12:30:02,761 - INFO - Let Ray handle scheduling (taskset already restricts CPU visibility)
2026-03-28 12:30:02,764 - INFO - Creating SeisBenchModelActor 1/1 (2.01GB RAM each)...
2026-03-28 12:30:05,385 - INFO - SeisBenchModelActor 1 created successfully.
2026-03-28 12:30:05,387 - INFO - Created 1 CPU actor(s). Task queue will handle concurrency.
2026-03-28 12:30:05,389 - INFO - Starting EQCCTPro parallelized waveform processing...
2026-03-28 12:30:05,392 - INFO - 
2026-03-28 12:30:05,394 - INFO - ------- Analyzing Seismic Waveforms for P and S Picks via SeisBench (EQTransformer - original_nonconservative) -------
2026-03-28 12:30:05,397 - INFO - Analyzing 0:01:00 minute timechunk from 2025-01-10 03:56:21 to 2025-01-10 03:57:21 (0 min overlap)
2026-03-28 12:30:05,400 - INFO - Processing a total of 1 stations, 1 at a time.
2026-03-28 12:30:07,620 - INFO - (1/1) FIB3: Finished the prediction in 0.14s. (HP=1.0, LP=45.0, picks=0)
2026-03-28 12:30:07,622 - INFO - 
2026-03-28 12:30:07,625 - INFO - ------- Parallel Station Waveform Processing Complete For 2025-01-10 03:56:21 to 2025-01-10 03:57:21 Timechunk-------
2026-03-28 12:30:07,627 - INFO - Picks saved at /home/blackwinter/projects/eqcct/eqcctpro/results/csv/eqt_noise_th0_1/20250110T035621Z_20250110T035721ZProcess Runtime: 2.23 s
2026-03-28 12:30:07,634 - INFO - Successfully ran EQCCTPro, exiting...
2026-03-28 12:30:09,574 - INFO - Ray Successfully Shutdown.
2026-03-28 12:30:09,574 - INFO - ------- Successfully Picked All Waveform(s) from all Timechunk(s) -------
