2026-03-28 21:37:57,294 - INFO - 
2026-03-28 21:37:57,294 - INFO - ------- Welcome to EQCCTPro -------
2026-03-28 21:37:57,294 - INFO - 
2026-03-28 21:37:57,295 - INFO - Running EQCCT over Requested MSeed Files using CPU(s)...
2026-03-28 21:37:57,295 - INFO - GPU disabled (CPU-only).
2026-03-28 23:07:38,141 - INFO - 
2026-03-28 23:07:38,141 - INFO - ------- Welcome to EQCCTPro -------
2026-03-28 23:07:38,141 - INFO - 
2026-03-28 23:07:38,142 - INFO - Running EQCCT over Requested MSeed Files using CPU(s)...
2026-03-28 23:07:38,142 - INFO - GPU disabled (CPU-only).
2026-03-28 23:07:38,143 - INFO - Configured Intra-op threads = 1
2026-03-28 23:07:38,143 - INFO - Configured Inter-op threads = 1
2026-03-28 23:07:38,143 - INFO - TensorFlow: No GPUs visible; TF will proceed on CPU.
2026-03-28 23:07:38,143 - INFO - 
2026-03-28 23:07:43,295 - INFO - Ray Successfully Initialized with 4 CPU(s) ([0, 1, 2, 3] CPU Affinity Binding).
2026-03-28 23:07:43,295 - INFO - Analyzing 1 time chunk(s) from 2025-01-07 14:26:41 to 2025-01-07 14:27:41 (dt=1min, overlap=0min).
2026-03-28 23:07:43,295 - INFO - Using 1 selected station(s).
2026-03-28 23:07:43,295 - INFO - 
2026-03-28 23:07:43,296 - INFO - ------- Starting EQCCTPro... -------
2026-03-28 23:07:43,296 - INFO - Detailed subprocess information can be found in the log file.
2026-03-28 23:07:43,296 - INFO - 
2026-03-28 23:07:43,689 - INFO - GPU disabled (CPU-only).
2026-03-28 23:07:45,367 - INFO - Configured Intra-op threads = 1
2026-03-28 23:07:45,369 - INFO - Configured Inter-op threads = 1
2026-03-28 23:07:45,415 - INFO - TensorFlow: No GPUs visible; TF will proceed on CPU.
2026-03-28 23:07:45,418 - INFO - 
2026-03-28 23:07:45,420 - INFO - ------- Hardware Configuration -------
2026-03-28 23:07:45,423 - INFO - CPU affinity set to cores: [0, 1, 2, 3]
2026-03-28 23:07:45,426 - INFO - 
2026-03-28 23:07:45,428 - INFO - ------- Data Preprocessing for EQCCTPro -------
2026-03-28 23:07:45,431 - INFO - 1 station(s) in /home/blackwinter/projects/eqcct/eqcctpro/data/waveforms_explosions_nonoise/20250107T142641Z_20250107T142741Z
2026-03-28 23:07:45,433 - INFO - Using 1 selected station(s): ['KORF'].
2026-03-28 23:07:45,436 - INFO - Creating model actor(s)...
2026-03-28 23:07:45,439 - INFO - System RAM: Total=7870 MB, Available=3792 MB
2026-03-28 23:07:45,441 - INFO - Usable RAM budget: 7083 MB (90% of total)
2026-03-28 23:07:45,444 - INFO - ===== MEMORY-AWARE CPU ACTOR POOL (EQCCT) =====
2026-03-28 23:07:45,446 - INFO - Requested concurrent tasks: 1
2026-03-28 23:07:45,449 - INFO - Available CPUs: 4
2026-03-28 23:07:45,451 - INFO - Available RAM: 7083 MB
2026-03-28 23:07:45,454 - INFO - RAM per model: 2264 MB
2026-03-28 23:07:45,456 - INFO - Max actors by RAM: 3
2026-03-28 23:07:45,458 - INFO - Creating 1 ModelActor(s)
2026-03-28 23:07:45,461 - INFO - Let Ray handle scheduling (taskset already restricts CPU visibility)
2026-03-28 23:07:45,464 - INFO - Creating ModelActor 1/1 (2.21GB RAM each)...
2026-03-28 23:07:49,887 - INFO - ModelActor 1 created successfully.
2026-03-28 23:07:49,890 - INFO - Created 1 CPU actor(s). Task queue will handle concurrency.
2026-03-28 23:07:49,892 - INFO - Starting EQCCTPro parallelized waveform processing...
2026-03-28 23:07:49,895 - INFO - 
2026-03-28 23:07:49,898 - INFO - ------- Analyzing Seismic Waveforms for P and S Picks via EQCCT -------
2026-03-28 23:07:49,901 - INFO - Analyzing 0:01:00 minute timechunk from 2025-01-07 14:26:41 to 2025-01-07 14:27:41 (0 min overlap)
2026-03-28 23:07:49,903 - INFO - Processing a total of 1 stations, 1 at a time.
2026-03-28 23:07:54,325 - INFO - (1/1) KORF: Finished the prediction in 2.46s. (HP=1.0, LP=45.0)
2026-03-28 23:07:54,327 - INFO - 
2026-03-28 23:07:54,330 - INFO - ------- Parallel Station Waveform Processing Complete For 2025-01-07 14:26:41 to 2025-01-07 14:27:41 Timechunk-------
2026-03-28 23:07:54,333 - INFO - Picks saved at /home/blackwinter/projects/eqcct/eqcctpro/results/csv/eqcct_explosions_th0_1/20250107T142641Z_20250107T142741ZProcess Runtime: 4.43 s
2026-03-28 23:07:54,337 - INFO - Successfully ran EQCCTPro, exiting...
2026-03-28 23:07:55,677 - INFO - Ray Successfully Shutdown.
2026-03-28 23:07:55,677 - INFO - ------- Successfully Picked All Waveform(s) from all Timechunk(s) -------
