2026-03-28 17:58:46,749 - INFO - 
2026-03-28 17:58:46,749 - INFO - ------- Welcome to EQCCTPro -------
2026-03-28 17:58:46,749 - INFO - 
2026-03-28 17:58:46,750 - INFO - Running EQCCT over Requested MSeed Files using CPU(s)...
2026-03-28 17:58:46,750 - INFO - GPU disabled (CPU-only).
2026-03-28 17:58:46,750 - INFO - Skipping framework-specific initialization in the driver process.
2026-03-28 17:58:49,492 - INFO - Ray Successfully Initialized with 4 CPU(s) ([0, 1, 2, 3] CPU Affinity Binding).
2026-03-28 17:58:49,492 - INFO - Analyzing 1 time chunk(s) from 2025-01-14 10:14:13 to 2025-01-14 10:15:13 (dt=1min, overlap=0min).
2026-03-28 17:58:49,492 - INFO - Using 1 selected station(s).
2026-03-28 17:58:49,493 - INFO - 
2026-03-28 17:58:49,493 - INFO - ------- Starting EQCCTPro... -------
2026-03-28 17:58:49,493 - INFO - Detailed subprocess information can be found in the log file.
2026-03-28 17:58:49,493 - INFO - 
2026-03-28 17:58:49,806 - INFO - GPU disabled (CPU-only).
2026-03-28 17:58:49,812 - INFO - Skipping framework-specific initialization in the driver process.
2026-03-28 17:58:49,815 - INFO - ------- Hardware Configuration -------
2026-03-28 17:58:49,819 - INFO - CPU affinity set to cores: [0, 1, 2, 3]
2026-03-28 17:58:49,822 - INFO - 
2026-03-28 17:58:49,825 - INFO - ------- Data Preprocessing for EQCCTPro -------
2026-03-28 17:58:49,829 - INFO - 1 station(s) in /home/blackwinter/projects/eqcct/eqcctpro/data/waveforms_explosions_nonoise/20250114T101413Z_20250114T101513Z
2026-03-28 17:58:49,832 - INFO - Using 1 selected station(s): ['KAF'].
2026-03-28 17:58:49,835 - INFO - Creating model actor(s)...
2026-03-28 17:58:49,838 - INFO - System RAM: Total=7870 MB, Available=4222 MB
2026-03-28 17:58:49,841 - INFO - Usable RAM budget: 7083 MB (90% of total)
2026-03-28 17:58:49,844 - INFO - ===== MEMORY-AWARE CPU ACTOR POOL =====
2026-03-28 17:58:49,847 - INFO - Requested concurrent tasks: 1
2026-03-28 17:58:49,850 - INFO - Available CPUs: 4
2026-03-28 17:58:49,853 - INFO - Available RAM: 7083 MB
2026-03-28 17:58:49,856 - INFO - RAM per model: 2060 MB
2026-03-28 17:58:49,858 - INFO - Max actors by RAM: 3
2026-03-28 17:58:49,861 - INFO - Creating 1 SeisBenchModelActor(s)
2026-03-28 17:58:49,863 - INFO - Let Ray handle scheduling (taskset already restricts CPU visibility)
2026-03-28 17:58:49,865 - INFO - Creating SeisBenchModelActor 1/1 (2.01GB RAM each)...
2026-03-28 17:58:53,255 - INFO - SeisBenchModelActor 1 created successfully.
2026-03-28 17:58:53,258 - INFO - Created 1 CPU actor(s). Task queue will handle concurrency.
2026-03-28 17:58:53,261 - INFO - Starting EQCCTPro parallelized waveform processing...
2026-03-28 17:58:53,264 - INFO - 
2026-03-28 17:58:53,267 - INFO - ------- Analyzing Seismic Waveforms for P and S Picks via SeisBench (EQTransformer - original_nonconservative) -------
2026-03-28 17:58:53,270 - INFO - Analyzing 0:01:00 minute timechunk from 2025-01-14 10:14:13 to 2025-01-14 10:15:13 (0 min overlap)
2026-03-28 17:58:53,272 - INFO - Processing a total of 1 stations, 1 at a time.
2026-03-28 17:58:55,705 - INFO - (1/1) KAF: Finished the prediction in 0.14s. (HP=1.0, LP=45.0, picks=2)
2026-03-28 17:58:55,708 - INFO - 
2026-03-28 17:58:55,711 - INFO - ------- Parallel Station Waveform Processing Complete For 2025-01-14 10:14:13 to 2025-01-14 10:15:13 Timechunk-------
2026-03-28 17:58:55,715 - INFO - Picks saved at /home/blackwinter/projects/eqcct/eqcctpro/results/csv/eqt_explosions_th0_1/20250114T101413Z_20250114T101513ZProcess Runtime: 2.45 s
2026-03-28 17:58:55,731 - INFO - Successfully ran EQCCTPro, exiting...
2026-03-28 17:58:57,368 - INFO - Ray Successfully Shutdown.
2026-03-28 17:58:57,368 - INFO - ------- Successfully Picked All Waveform(s) from all Timechunk(s) -------
