2026-02-23 18:30:22,523 - INFO - 
2026-02-23 18:30:22,523 - INFO - ------- Welcome to EQCCTPro -------
2026-02-23 18:30:22,523 - INFO - 
2026-02-23 18:30:22,524 - INFO - Running EQCCT over Requested MSeed Files using CPU(s)...
2026-02-23 18:30:22,524 - INFO - GPU disabled (CPU-only).
2026-02-23 18:30:22,524 - INFO - Configured Intra-op threads = 1
2026-02-23 18:30:22,524 - INFO - Configured Inter-op threads = 1
2026-02-23 18:30:22,525 - INFO - TensorFlow: No GPUs visible; TF will proceed on CPU.
2026-02-23 18:30:22,525 - INFO - 
2026-02-23 18:30:28,138 - INFO - Ray Successfully Initialized with 4 CPU(s) ([0, 1, 2, 3] CPU Affinity Binding).
2026-02-23 18:30:28,139 - INFO - Analyzing 1 time chunk(s) from 2025-02-05 04:44:46 to 2025-02-05 04:45:46 (dt=1min, overlap=0min).
2026-02-23 18:30:28,139 - INFO - Using 1 selected station(s).
2026-02-23 18:30:28,139 - INFO - 
2026-02-23 18:30:28,139 - INFO - ------- Starting EQCCTPro... -------
2026-02-23 18:30:28,139 - INFO - Detailed subprocess information can be found in the log file.
2026-02-23 18:30:28,140 - INFO - 
2026-02-23 18:30:28,505 - INFO - GPU disabled (CPU-only).
2026-02-23 18:30:30,030 - INFO - Configured Intra-op threads = 1
2026-02-23 18:30:30,033 - INFO - Configured Inter-op threads = 1
2026-02-23 18:30:30,077 - INFO - TensorFlow: No GPUs visible; TF will proceed on CPU.
2026-02-23 18:30:30,080 - INFO - 
2026-02-23 18:30:30,082 - INFO - ------- Hardware Configuration -------
2026-02-23 18:30:30,085 - INFO - CPU affinity set to cores: [0, 1, 2, 3]
2026-02-23 18:30:30,087 - INFO - 
2026-02-23 18:30:30,089 - INFO - ------- Data Preprocessing for EQCCTPro -------
2026-02-23 18:30:30,092 - INFO - 1 station(s) in /home/blackwinter/projects/eqcct/eqcctpro/data/waveforms_earthquakes_noise_only/20250205T044446Z_20250205T044546Z
2026-02-23 18:30:30,094 - INFO - Using 1 selected station(s): ['NUR'].
2026-02-23 18:30:30,097 - INFO - Creating model actor(s)...
2026-02-23 18:30:30,099 - INFO - System RAM: Total=7870 MB, Available=3941 MB
2026-02-23 18:30:30,102 - INFO - Usable RAM budget: 7083 MB (90% of total)
2026-02-23 18:30:30,104 - INFO - ===== MEMORY-AWARE CPU ACTOR POOL (EQCCT) =====
2026-02-23 18:30:30,107 - INFO - Requested concurrent tasks: 1
2026-02-23 18:30:30,109 - INFO - Available CPUs: 4
2026-02-23 18:30:30,111 - INFO - Available RAM: 7083 MB
2026-02-23 18:30:30,113 - INFO - RAM per model: 2264 MB
2026-02-23 18:30:30,116 - INFO - Max actors by RAM: 3
2026-02-23 18:30:30,118 - INFO - Creating 1 ModelActor(s)
2026-02-23 18:30:30,120 - INFO - Let Ray handle scheduling (taskset already restricts CPU visibility)
2026-02-23 18:30:30,122 - INFO - Creating ModelActor 1/1 (2.21GB RAM each)...
2026-02-23 18:30:34,068 - INFO - ModelActor 1 created successfully.
2026-02-23 18:30:34,071 - INFO - Created 1 CPU actor(s). Task queue will handle concurrency.
2026-02-23 18:30:34,072 - INFO - Starting EQCCTPro parallelized waveform processing...
2026-02-23 18:30:34,074 - INFO - 
2026-02-23 18:30:34,076 - INFO - ------- Analyzing Seismic Waveforms for P and S Picks via EQCCT -------
2026-02-23 18:30:34,078 - INFO - Analyzing 0:01:00 minute timechunk from 2025-02-05 04:44:46 to 2025-02-05 04:45:46 (0 min overlap)
2026-02-23 18:30:34,080 - INFO - Processing a total of 1 stations, 1 at a time.
2026-02-23 18:30:38,017 - INFO - (1/1) NUR: Finished the prediction in 2.13s. (HP=1.0, LP=45.0)
2026-02-23 18:30:38,020 - INFO - 
2026-02-23 18:30:38,022 - INFO - ------- Parallel Station Waveform Processing Complete For 2025-02-05 04:44:46 to 2025-02-05 04:45:46 Timechunk-------
2026-02-23 18:30:38,024 - INFO - Picks saved at /home/blackwinter/projects/eqcct/eqcctpro/results/csv/bm_eq_noise_only/20250205T044446Z_20250205T044546ZProcess Runtime: 3.95 s
2026-02-23 18:30:38,027 - INFO - Successfully ran EQCCTPro, exiting...
2026-02-23 18:30:39,530 - INFO - Ray Successfully Shutdown.
2026-02-23 18:30:39,530 - INFO - ------- Successfully Picked All Waveform(s) from all Timechunk(s) -------
