2026-03-28 20:53:45,154 - INFO - 
2026-03-28 20:53:45,154 - INFO - ------- Welcome to EQCCTPro -------
2026-03-28 20:53:45,155 - INFO - 
2026-03-28 20:53:45,155 - INFO - Running EQCCT over Requested MSeed Files using CPU(s)...
2026-03-28 20:53:45,155 - INFO - GPU disabled (CPU-only).
2026-03-28 20:53:45,155 - INFO - Skipping framework-specific initialization in the driver process.
2026-03-28 20:53:47,761 - INFO - Ray Successfully Initialized with 4 CPU(s) ([0, 1, 2, 3] CPU Affinity Binding).
2026-03-28 20:53:47,762 - INFO - Analyzing 1 time chunk(s) from 2025-01-24 09:48:27 to 2025-01-24 09:49:27 (dt=1min, overlap=0min).
2026-03-28 20:53:47,762 - INFO - Using 1 selected station(s).
2026-03-28 20:53:47,763 - INFO - 
2026-03-28 20:53:47,763 - INFO - ------- Starting EQCCTPro... -------
2026-03-28 20:53:47,763 - INFO - Detailed subprocess information can be found in the log file.
2026-03-28 20:53:47,763 - INFO - 
2026-03-28 20:53:48,118 - INFO - GPU disabled (CPU-only).
2026-03-28 20:53:48,125 - INFO - Skipping framework-specific initialization in the driver process.
2026-03-28 20:53:48,129 - INFO - ------- Hardware Configuration -------
2026-03-28 20:53:48,133 - INFO - CPU affinity set to cores: [0, 1, 2, 3]
2026-03-28 20:53:48,137 - INFO - 
2026-03-28 20:53:48,141 - INFO - ------- Data Preprocessing for EQCCTPro -------
2026-03-28 20:53:48,145 - INFO - 1 station(s) in /home/blackwinter/projects/eqcct/eqcctpro/data/waveforms_explosions_nonoise/20250124T094827Z_20250124T094927Z
2026-03-28 20:53:48,148 - INFO - Using 1 selected station(s): ['OUF'].
2026-03-28 20:53:48,152 - INFO - Creating model actor(s)...
2026-03-28 20:53:48,156 - INFO - System RAM: Total=7870 MB, Available=4138 MB
2026-03-28 20:53:48,160 - INFO - Usable RAM budget: 7083 MB (90% of total)
2026-03-28 20:53:48,164 - INFO - ===== MEMORY-AWARE CPU ACTOR POOL =====
2026-03-28 20:53:48,167 - INFO - Requested concurrent tasks: 1
2026-03-28 20:53:48,170 - INFO - Available CPUs: 4
2026-03-28 20:53:48,173 - INFO - Available RAM: 7083 MB
2026-03-28 20:53:48,175 - INFO - RAM per model: 2060 MB
2026-03-28 20:53:48,179 - INFO - Max actors by RAM: 3
2026-03-28 20:53:48,181 - INFO - Creating 1 SeisBenchModelActor(s)
2026-03-28 20:53:48,185 - INFO - Let Ray handle scheduling (taskset already restricts CPU visibility)
2026-03-28 20:53:48,188 - INFO - Creating SeisBenchModelActor 1/1 (2.01GB RAM each)...
2026-03-28 20:53:51,100 - INFO - SeisBenchModelActor 1 created successfully.
2026-03-28 20:53:51,103 - INFO - Created 1 CPU actor(s). Task queue will handle concurrency.
2026-03-28 20:53:51,106 - INFO - Starting EQCCTPro parallelized waveform processing...
2026-03-28 20:53:51,108 - INFO - 
2026-03-28 20:53:51,111 - INFO - ------- Analyzing Seismic Waveforms for P and S Picks via SeisBench (EQTransformer - original_nonconservative) -------
2026-03-28 20:53:51,115 - INFO - Analyzing 0:01:00 minute timechunk from 2025-01-24 09:48:27 to 2025-01-24 09:49:27 (0 min overlap)
2026-03-28 20:53:51,118 - INFO - Processing a total of 1 stations, 1 at a time.
2026-03-28 20:53:53,435 - INFO - (1/1) OUF: Finished the prediction in 0.14s. (HP=1.0, LP=45.0, picks=2)
2026-03-28 20:53:53,439 - INFO - 
2026-03-28 20:53:53,442 - INFO - ------- Parallel Station Waveform Processing Complete For 2025-01-24 09:48:27 to 2025-01-24 09:49:27 Timechunk-------
2026-03-28 20:53:53,445 - INFO - Picks saved at /home/blackwinter/projects/eqcct/eqcctpro/results/csv/eqt_explosions_th0_1/20250124T094827Z_20250124T094927ZProcess Runtime: 2.33 s
2026-03-28 20:53:53,450 - INFO - Successfully ran EQCCTPro, exiting...
2026-03-28 20:53:55,268 - INFO - Ray Successfully Shutdown.
2026-03-28 20:53:55,268 - INFO - ------- Successfully Picked All Waveform(s) from all Timechunk(s) -------
