2026-03-27 18:06:14,218 - INFO - 
2026-03-27 18:06:14,218 - INFO - ------- Welcome to EQCCTPro -------
2026-03-27 18:06:14,218 - INFO - 
2026-03-27 18:06:14,218 - INFO - Running EQCCT over Requested MSeed Files using CPU(s)...
2026-03-27 18:06:14,218 - INFO - GPU disabled (CPU-only).
2026-03-27 18:06:14,219 - INFO - Skipping framework-specific initialization in the driver process.
2026-03-27 18:06:16,579 - INFO - Ray Successfully Initialized with 4 CPU(s) ([0, 1, 2, 3] CPU Affinity Binding).
2026-03-27 18:06:16,579 - INFO - Analyzing 1 time chunk(s) from 2025-03-30 13:14:16 to 2025-03-30 13:15:16 (dt=1min, overlap=0min).
2026-03-27 18:06:16,579 - INFO - Using 1 selected station(s).
2026-03-27 18:06:16,580 - INFO - 
2026-03-27 18:06:16,580 - INFO - ------- Starting EQCCTPro... -------
2026-03-27 18:06:16,580 - INFO - Detailed subprocess information can be found in the log file.
2026-03-27 18:06:16,580 - INFO - 
2026-03-27 18:06:16,846 - INFO - GPU disabled (CPU-only).
2026-03-27 18:06:16,851 - INFO - Skipping framework-specific initialization in the driver process.
2026-03-27 18:06:16,853 - INFO - ------- Hardware Configuration -------
2026-03-27 18:06:16,856 - INFO - CPU affinity set to cores: [0, 1, 2, 3]
2026-03-27 18:06:16,858 - INFO - 
2026-03-27 18:06:16,860 - INFO - ------- Data Preprocessing for EQCCTPro -------
2026-03-27 18:06:16,863 - INFO - 1 station(s) in /home/blackwinter/projects/eqcct/eqcctpro/data/waveforms_earthquakes_nonoise/20250330T131416Z_20250330T131516Z
2026-03-27 18:06:16,864 - INFO - Using 1 selected station(s): ['OBF8'].
2026-03-27 18:06:16,866 - INFO - Creating model actor(s)...
2026-03-27 18:06:16,868 - INFO - System RAM: Total=7870 MB, Available=6129 MB
2026-03-27 18:06:16,870 - INFO - Usable RAM budget: 7083 MB (90% of total)
2026-03-27 18:06:16,873 - INFO - ===== MEMORY-AWARE CPU ACTOR POOL =====
2026-03-27 18:06:16,876 - INFO - Requested concurrent tasks: 1
2026-03-27 18:06:16,878 - INFO - Available CPUs: 4
2026-03-27 18:06:16,880 - INFO - Available RAM: 7083 MB
2026-03-27 18:06:16,882 - INFO - RAM per model: 2060 MB
2026-03-27 18:06:16,885 - INFO - Max actors by RAM: 3
2026-03-27 18:06:16,887 - INFO - Creating 1 SeisBenchModelActor(s)
2026-03-27 18:06:16,889 - INFO - Let Ray handle scheduling (taskset already restricts CPU visibility)
2026-03-27 18:06:16,891 - INFO - Creating SeisBenchModelActor 1/1 (2.01GB RAM each)...
2026-03-27 18:06:19,633 - INFO - SeisBenchModelActor 1 created successfully.
2026-03-27 18:06:19,635 - INFO - Created 1 CPU actor(s). Task queue will handle concurrency.
2026-03-27 18:06:19,638 - INFO - Starting EQCCTPro parallelized waveform processing...
2026-03-27 18:06:19,640 - INFO - 
2026-03-27 18:06:19,643 - INFO - ------- Analyzing Seismic Waveforms for P and S Picks via SeisBench (EQTransformer - original_nonconservative) -------
2026-03-27 18:06:19,645 - INFO - Analyzing 0:01:00 minute timechunk from 2025-03-30 13:14:16 to 2025-03-30 13:15:16 (0 min overlap)
2026-03-27 18:06:19,647 - INFO - Processing a total of 1 stations, 1 at a time.
2026-03-27 18:06:21,834 - INFO - (1/1) OBF8: Finished the prediction in 0.14s. (HP=1.0, LP=45.0, picks=0)
2026-03-27 18:06:21,836 - INFO - 
2026-03-27 18:06:21,839 - INFO - ------- Parallel Station Waveform Processing Complete For 2025-03-30 13:14:16 to 2025-03-30 13:15:16 Timechunk-------
2026-03-27 18:06:21,841 - INFO - Picks saved at /home/blackwinter/projects/eqcct/eqcctpro/results/csv/eqt_earthquakes_th0_1/20250330T131416Z_20250330T131516ZProcess Runtime: 2.20 s
2026-03-27 18:06:21,846 - INFO - Successfully ran EQCCTPro, exiting...
2026-03-27 18:06:23,296 - INFO - Ray Successfully Shutdown.
2026-03-27 18:06:23,296 - INFO - ------- Successfully Picked All Waveform(s) from all Timechunk(s) -------
2026-03-28 00:33:47,454 - INFO - 
2026-03-28 00:33:47,455 - INFO - ------- Welcome to EQCCTPro -------
2026-03-28 00:33:47,455 - INFO - 
2026-03-28 00:33:47,456 - INFO - Running EQCCT over Requested MSeed Files using CPU(s)...
2026-03-28 00:33:47,456 - INFO - GPU disabled (CPU-only).
2026-03-28 00:33:47,456 - INFO - Skipping framework-specific initialization in the driver process.
2026-03-28 00:33:50,065 - INFO - Ray Successfully Initialized with 4 CPU(s) ([0, 1, 2, 3] CPU Affinity Binding).
2026-03-28 00:33:50,065 - INFO - Analyzing 1 time chunk(s) from 2025-03-30 13:14:16 to 2025-03-30 13:15:16 (dt=1min, overlap=0min).
2026-03-28 00:33:50,065 - INFO - Using 1 selected station(s).
2026-03-28 00:33:50,065 - INFO - 
2026-03-28 00:33:50,066 - INFO - ------- Starting EQCCTPro... -------
2026-03-28 00:33:50,066 - INFO - Detailed subprocess information can be found in the log file.
2026-03-28 00:33:50,066 - INFO - 
2026-03-28 00:33:50,395 - INFO - GPU disabled (CPU-only).
2026-03-28 00:33:50,400 - INFO - Skipping framework-specific initialization in the driver process.
2026-03-28 00:33:50,403 - INFO - ------- Hardware Configuration -------
2026-03-28 00:33:50,406 - INFO - CPU affinity set to cores: [0, 1, 2, 3]
2026-03-28 00:33:50,410 - INFO - 
2026-03-28 00:33:50,413 - INFO - ------- Data Preprocessing for EQCCTPro -------
2026-03-28 00:33:50,417 - INFO - 1 station(s) in /home/blackwinter/projects/eqcct/eqcctpro/data/waveforms_earthquakes_nonoise/20250330T131416Z_20250330T131516Z
2026-03-28 00:33:50,421 - INFO - Using 1 selected station(s): ['OBF8'].
2026-03-28 00:33:50,424 - INFO - Creating model actor(s)...
2026-03-28 00:33:50,427 - INFO - System RAM: Total=7870 MB, Available=5937 MB
2026-03-28 00:33:50,431 - INFO - Usable RAM budget: 7083 MB (90% of total)
2026-03-28 00:33:50,434 - INFO - ===== MEMORY-AWARE CPU ACTOR POOL =====
2026-03-28 00:33:50,437 - INFO - Requested concurrent tasks: 1
2026-03-28 00:33:50,441 - INFO - Available CPUs: 4
2026-03-28 00:33:50,444 - INFO - Available RAM: 7083 MB
2026-03-28 00:33:50,447 - INFO - RAM per model: 2060 MB
2026-03-28 00:33:50,450 - INFO - Max actors by RAM: 3
2026-03-28 00:33:50,453 - INFO - Creating 1 SeisBenchModelActor(s)
2026-03-28 00:33:50,456 - INFO - Let Ray handle scheduling (taskset already restricts CPU visibility)
2026-03-28 00:33:50,460 - INFO - Creating SeisBenchModelActor 1/1 (2.01GB RAM each)...
2026-03-28 00:33:53,782 - INFO - SeisBenchModelActor 1 created successfully.
2026-03-28 00:33:53,785 - INFO - Created 1 CPU actor(s). Task queue will handle concurrency.
2026-03-28 00:33:53,787 - INFO - Starting EQCCTPro parallelized waveform processing...
2026-03-28 00:33:53,789 - INFO - 
2026-03-28 00:33:53,791 - INFO - ------- Analyzing Seismic Waveforms for P and S Picks via SeisBench (EQTransformer - original_nonconservative) -------
2026-03-28 00:33:53,794 - INFO - Analyzing 0:01:00 minute timechunk from 2025-03-30 13:14:16 to 2025-03-30 13:15:16 (0 min overlap)
2026-03-28 00:33:53,797 - INFO - Processing a total of 1 stations, 1 at a time.
2026-03-28 00:33:56,193 - INFO - (1/1) OBF8: Skipped (already exists - overwrite=False).
2026-03-28 00:33:56,196 - INFO - 
2026-03-28 00:33:56,199 - INFO - ------- Parallel Station Waveform Processing Complete For 2025-03-30 13:14:16 to 2025-03-30 13:15:16 Timechunk-------
2026-03-28 00:33:56,202 - INFO - Picks saved at /home/blackwinter/projects/eqcct/eqcctpro/results/csv/eqt_earthquakes_th0_1/20250330T131416Z_20250330T131516ZProcess Runtime: 2.41 s
2026-03-28 00:33:56,210 - INFO - Successfully ran EQCCTPro, exiting...
2026-03-28 00:33:57,751 - INFO - Ray Successfully Shutdown.
2026-03-28 00:33:57,751 - INFO - ------- Successfully Picked All Waveform(s) from all Timechunk(s) -------
