2026-02-27 02:06:30,854 - INFO - 
2026-02-27 02:06:30,854 - INFO - ------- Welcome to EQCCTPro -------
2026-02-27 02:06:30,854 - INFO - 
2026-02-27 02:06:30,855 - INFO - Running EQCCT over Requested MSeed Files using CPU(s)...
2026-02-27 02:06:30,855 - INFO - GPU disabled (CPU-only).
2026-02-27 02:06:30,856 - INFO - Configured Intra-op threads = 1
2026-02-27 02:06:30,856 - INFO - Configured Inter-op threads = 1
2026-02-27 02:06:30,856 - INFO - TensorFlow: No GPUs visible; TF will proceed on CPU.
2026-02-27 02:06:30,856 - INFO - 
2026-02-27 02:06:36,421 - INFO - Ray Successfully Initialized with 4 CPU(s) ([0, 1, 2, 3] CPU Affinity Binding).
2026-02-27 02:06:36,421 - INFO - Analyzing 1 time chunk(s) from 2025-01-15 15:21:32 to 2025-01-15 15:22:32 (dt=1min, overlap=0min).
2026-02-27 02:06:36,421 - INFO - Using 1 selected station(s).
2026-02-27 02:06:36,421 - INFO - 
2026-02-27 02:06:36,422 - INFO - ------- Starting EQCCTPro... -------
2026-02-27 02:06:36,422 - INFO - Detailed subprocess information can be found in the log file.
2026-02-27 02:06:36,422 - INFO - 
2026-02-27 02:06:36,811 - INFO - GPU disabled (CPU-only).
2026-02-27 02:06:38,373 - INFO - Configured Intra-op threads = 1
2026-02-27 02:06:38,375 - INFO - Configured Inter-op threads = 1
2026-02-27 02:06:38,421 - INFO - TensorFlow: No GPUs visible; TF will proceed on CPU.
2026-02-27 02:06:38,423 - INFO - 
2026-02-27 02:06:38,425 - INFO - ------- Hardware Configuration -------
2026-02-27 02:06:38,428 - INFO - CPU affinity set to cores: [0, 1, 2, 3]
2026-02-27 02:06:38,430 - INFO - 
2026-02-27 02:06:38,432 - INFO - ------- Data Preprocessing for EQCCTPro -------
2026-02-27 02:06:38,434 - INFO - 1 station(s) in /home/blackwinter/projects/eqcct/eqcctpro/data/waveforms_explosions_nonoise/20250115T152132Z_20250115T152232Z
2026-02-27 02:06:38,437 - INFO - Using 1 selected station(s): ['RAF'].
2026-02-27 02:06:38,439 - INFO - Creating model actor(s)...
2026-02-27 02:06:38,441 - INFO - System RAM: Total=7870 MB, Available=2884 MB
2026-02-27 02:06:38,443 - INFO - Usable RAM budget: 7083 MB (90% of total)
2026-02-27 02:06:38,445 - INFO - ===== MEMORY-AWARE CPU ACTOR POOL (EQCCT) =====
2026-02-27 02:06:38,447 - INFO - Requested concurrent tasks: 1
2026-02-27 02:06:38,449 - INFO - Available CPUs: 4
2026-02-27 02:06:38,451 - INFO - Available RAM: 7083 MB
2026-02-27 02:06:38,452 - INFO - RAM per model: 2264 MB
2026-02-27 02:06:38,454 - INFO - Max actors by RAM: 3
2026-02-27 02:06:38,456 - INFO - Creating 1 ModelActor(s)
2026-02-27 02:06:38,458 - INFO - Let Ray handle scheduling (taskset already restricts CPU visibility)
2026-02-27 02:06:38,461 - INFO - Creating ModelActor 1/1 (2.21GB RAM each)...
2026-02-27 02:06:42,393 - INFO - ModelActor 1 created successfully.
2026-02-27 02:06:42,395 - INFO - Created 1 CPU actor(s). Task queue will handle concurrency.
2026-02-27 02:06:42,397 - INFO - Starting EQCCTPro parallelized waveform processing...
2026-02-27 02:06:42,399 - INFO - 
2026-02-27 02:06:42,400 - INFO - ------- Analyzing Seismic Waveforms for P and S Picks via EQCCT -------
2026-02-27 02:06:42,403 - INFO - Analyzing 0:01:00 minute timechunk from 2025-01-15 15:21:32 to 2025-01-15 15:22:32 (0 min overlap)
2026-02-27 02:06:42,405 - INFO - Processing a total of 1 stations, 1 at a time.
2026-02-27 02:06:46,417 - INFO - (1/1) RAF: Finished the prediction in 2.13s. (HP=1.0, LP=45.0)
2026-02-27 02:06:46,419 - INFO - 
2026-02-27 02:06:46,421 - INFO - ------- Parallel Station Waveform Processing Complete For 2025-01-15 15:21:32 to 2025-01-15 15:22:32 Timechunk-------
2026-02-27 02:06:46,423 - INFO - Picks saved at /home/blackwinter/projects/eqcct/eqcctpro/results/csv/bm_explosions/20250115T152132Z_20250115T152232ZProcess Runtime: 4.02 s
2026-02-27 02:06:46,428 - INFO - Successfully ran EQCCTPro, exiting...
2026-02-27 02:06:48,055 - INFO - Ray Successfully Shutdown.
2026-02-27 02:06:48,055 - INFO - ------- Successfully Picked All Waveform(s) from all Timechunk(s) -------
2026-02-27 09:07:39,160 - INFO - 
2026-02-27 09:07:39,166 - INFO - ------- Welcome to EQCCTPro -------
2026-02-27 09:07:39,166 - INFO - 
2026-02-27 09:07:39,167 - INFO - Running EQCCT over Requested MSeed Files using CPU(s)...
2026-02-27 09:07:39,167 - INFO - GPU disabled (CPU-only).
2026-02-27 09:07:39,168 - INFO - Configured Intra-op threads = 1
2026-02-27 09:07:39,168 - INFO - Configured Inter-op threads = 1
2026-02-27 09:07:39,168 - INFO - TensorFlow: No GPUs visible; TF will proceed on CPU.
2026-02-27 09:07:39,168 - INFO - 
2026-02-27 09:07:44,566 - INFO - Ray Successfully Initialized with 4 CPU(s) ([0, 1, 2, 3] CPU Affinity Binding).
2026-02-27 09:07:44,566 - INFO - Analyzing 1 time chunk(s) from 2025-01-15 15:21:32 to 2025-01-15 15:22:32 (dt=1min, overlap=0min).
2026-02-27 09:07:44,566 - INFO - Using 1 selected station(s).
2026-02-27 09:07:44,566 - INFO - 
2026-02-27 09:07:44,567 - INFO - ------- Starting EQCCTPro... -------
2026-02-27 09:07:44,567 - INFO - Detailed subprocess information can be found in the log file.
2026-02-27 09:07:44,567 - INFO - 
2026-02-27 09:07:44,924 - INFO - GPU disabled (CPU-only).
2026-02-27 09:07:46,430 - INFO - Configured Intra-op threads = 1
2026-02-27 09:07:46,434 - INFO - Configured Inter-op threads = 1
2026-02-27 09:07:46,476 - INFO - TensorFlow: No GPUs visible; TF will proceed on CPU.
2026-02-27 09:07:46,478 - INFO - 
2026-02-27 09:07:46,480 - INFO - ------- Hardware Configuration -------
2026-02-27 09:07:46,483 - INFO - CPU affinity set to cores: [0, 1, 2, 3]
2026-02-27 09:07:46,485 - INFO - 
2026-02-27 09:07:46,487 - INFO - ------- Data Preprocessing for EQCCTPro -------
2026-02-27 09:07:46,490 - INFO - 1 station(s) in /home/blackwinter/projects/eqcct/eqcctpro/data/waveforms_explosions_nonoise/20250115T152132Z_20250115T152232Z
2026-02-27 09:07:46,492 - INFO - Using 1 selected station(s): ['RAF'].
2026-02-27 09:07:46,493 - INFO - Creating model actor(s)...
2026-02-27 09:07:46,496 - INFO - System RAM: Total=7870 MB, Available=2977 MB
2026-02-27 09:07:46,498 - INFO - Usable RAM budget: 7083 MB (90% of total)
2026-02-27 09:07:46,499 - INFO - ===== MEMORY-AWARE CPU ACTOR POOL (EQCCT) =====
2026-02-27 09:07:46,501 - INFO - Requested concurrent tasks: 1
2026-02-27 09:07:46,503 - INFO - Available CPUs: 4
2026-02-27 09:07:46,504 - INFO - Available RAM: 7083 MB
2026-02-27 09:07:46,506 - INFO - RAM per model: 2264 MB
2026-02-27 09:07:46,508 - INFO - Max actors by RAM: 3
2026-02-27 09:07:46,510 - INFO - Creating 1 ModelActor(s)
2026-02-27 09:07:46,512 - INFO - Let Ray handle scheduling (taskset already restricts CPU visibility)
2026-02-27 09:07:46,513 - INFO - Creating ModelActor 1/1 (2.21GB RAM each)...
2026-02-27 09:07:50,415 - INFO - ModelActor 1 created successfully.
2026-02-27 09:07:50,417 - INFO - Created 1 CPU actor(s). Task queue will handle concurrency.
2026-02-27 09:07:50,419 - INFO - Starting EQCCTPro parallelized waveform processing...
2026-02-27 09:07:50,421 - INFO - 
2026-02-27 09:07:50,423 - INFO - ------- Analyzing Seismic Waveforms for P and S Picks via EQCCT -------
2026-02-27 09:07:50,425 - INFO - Analyzing 0:01:00 minute timechunk from 2025-01-15 15:21:32 to 2025-01-15 15:22:32 (0 min overlap)
2026-02-27 09:07:50,427 - INFO - Processing a total of 1 stations, 1 at a time.
2026-02-27 09:07:52,304 - INFO - (1/1) RAF: Skipped (already exists - overwrite=False).
2026-02-27 09:07:52,306 - INFO - 
2026-02-27 09:07:52,309 - INFO - ------- Parallel Station Waveform Processing Complete For 2025-01-15 15:21:32 to 2025-01-15 15:22:32 Timechunk-------
2026-02-27 09:07:52,311 - INFO - Picks saved at /home/blackwinter/projects/eqcct/eqcctpro/results/csv/bm_explosions/20250115T152132Z_20250115T152232ZProcess Runtime: 1.89 s
2026-02-27 09:07:52,315 - INFO - Successfully ran EQCCTPro, exiting...
2026-02-27 09:07:53,829 - INFO - Ray Successfully Shutdown.
2026-02-27 09:07:53,829 - INFO - ------- Successfully Picked All Waveform(s) from all Timechunk(s) -------
