2026-03-28 21:37:58,832 - INFO - 
2026-03-28 21:37:58,832 - INFO - ------- Welcome to EQCCTPro -------
2026-03-28 21:37:58,832 - INFO - 
2026-03-28 21:37:58,833 - INFO - Running EQCCT over Requested MSeed Files using CPU(s)...
2026-03-28 21:37:58,833 - INFO - GPU disabled (CPU-only).
2026-03-29 01:47:39,092 - INFO - 
2026-03-29 01:47:39,093 - INFO - ------- Welcome to EQCCTPro -------
2026-03-29 01:47:39,093 - INFO - 
2026-03-29 01:47:39,094 - INFO - Running EQCCT over Requested MSeed Files using CPU(s)...
2026-03-29 01:47:39,094 - INFO - GPU disabled (CPU-only).
2026-03-29 01:47:39,094 - INFO - Configured Intra-op threads = 1
2026-03-29 01:47:39,094 - INFO - Configured Inter-op threads = 1
2026-03-29 01:47:39,094 - INFO - TensorFlow: No GPUs visible; TF will proceed on CPU.
2026-03-29 01:47:39,095 - INFO - 
2026-03-29 01:47:44,091 - INFO - Ray Successfully Initialized with 4 CPU(s) ([0, 1, 2, 3] CPU Affinity Binding).
2026-03-29 01:47:44,095 - INFO - Analyzing 1 time chunk(s) from 2025-01-14 10:13:56 to 2025-01-14 10:14:56 (dt=1min, overlap=0min).
2026-03-29 01:47:44,096 - INFO - Using 1 selected station(s).
2026-03-29 01:47:44,096 - INFO - 
2026-03-29 01:47:44,096 - INFO - ------- Starting EQCCTPro... -------
2026-03-29 01:47:44,096 - INFO - Detailed subprocess information can be found in the log file.
2026-03-29 01:47:44,096 - INFO - 
2026-03-29 01:47:44,530 - INFO - GPU disabled (CPU-only).
2026-03-29 01:47:46,168 - INFO - Configured Intra-op threads = 1
2026-03-29 01:47:46,171 - INFO - Configured Inter-op threads = 1
2026-03-29 01:47:46,216 - INFO - TensorFlow: No GPUs visible; TF will proceed on CPU.
2026-03-29 01:47:46,218 - INFO - 
2026-03-29 01:47:46,221 - INFO - ------- Hardware Configuration -------
2026-03-29 01:47:46,224 - INFO - CPU affinity set to cores: [0, 1, 2, 3]
2026-03-29 01:47:46,227 - INFO - 
2026-03-29 01:47:46,229 - INFO - ------- Data Preprocessing for EQCCTPro -------
2026-03-29 01:47:46,232 - INFO - 1 station(s) in /home/blackwinter/projects/eqcct/eqcctpro/data/waveforms_explosions_nonoise/20250114T101356Z_20250114T101456Z
2026-03-29 01:47:46,235 - INFO - Using 1 selected station(s): ['VJF'].
2026-03-29 01:47:46,237 - INFO - Creating model actor(s)...
2026-03-29 01:47:46,240 - INFO - System RAM: Total=7870 MB, Available=3301 MB
2026-03-29 01:47:46,243 - INFO - Usable RAM budget: 7083 MB (90% of total)
2026-03-29 01:47:46,245 - INFO - ===== MEMORY-AWARE CPU ACTOR POOL (EQCCT) =====
2026-03-29 01:47:46,248 - INFO - Requested concurrent tasks: 1
2026-03-29 01:47:46,250 - INFO - Available CPUs: 4
2026-03-29 01:47:46,252 - INFO - Available RAM: 7083 MB
2026-03-29 01:47:46,254 - INFO - RAM per model: 2264 MB
2026-03-29 01:47:46,256 - INFO - Max actors by RAM: 3
2026-03-29 01:47:46,258 - INFO - Creating 1 ModelActor(s)
2026-03-29 01:47:46,260 - INFO - Let Ray handle scheduling (taskset already restricts CPU visibility)
2026-03-29 01:47:46,262 - INFO - Creating ModelActor 1/1 (2.21GB RAM each)...
2026-03-29 01:47:50,582 - INFO - ModelActor 1 created successfully.
2026-03-29 01:47:50,585 - INFO - Created 1 CPU actor(s). Task queue will handle concurrency.
2026-03-29 01:47:50,587 - INFO - Starting EQCCTPro parallelized waveform processing...
2026-03-29 01:47:50,590 - INFO - 
2026-03-29 01:47:50,593 - INFO - ------- Analyzing Seismic Waveforms for P and S Picks via EQCCT -------
2026-03-29 01:47:50,596 - INFO - Analyzing 0:01:00 minute timechunk from 2025-01-14 10:13:56 to 2025-01-14 10:14:56 (0 min overlap)
2026-03-29 01:47:50,599 - INFO - Processing a total of 1 stations, 1 at a time.
2026-03-29 01:47:55,047 - INFO - (1/1) VJF: Finished the prediction in 2.39s. (HP=1.0, LP=45.0)
2026-03-29 01:47:55,049 - INFO - 
2026-03-29 01:47:55,052 - INFO - ------- Parallel Station Waveform Processing Complete For 2025-01-14 10:13:56 to 2025-01-14 10:14:56 Timechunk-------
2026-03-29 01:47:55,055 - INFO - Picks saved at /home/blackwinter/projects/eqcct/eqcctpro/results/csv/eqcct_explosions_th0_1/20250114T101356Z_20250114T101456ZProcess Runtime: 4.46 s
2026-03-29 01:47:55,060 - INFO - Successfully ran EQCCTPro, exiting...
2026-03-29 01:47:56,607 - INFO - Ray Successfully Shutdown.
2026-03-29 01:47:56,607 - INFO - ------- Successfully Picked All Waveform(s) from all Timechunk(s) -------
