2026-02-26 22:35:36,529 - INFO - 
2026-02-26 22:35:36,529 - INFO - ------- Welcome to EQCCTPro -------
2026-02-26 22:35:36,529 - INFO - 
2026-02-26 22:35:36,530 - INFO - Running EQCCT over Requested MSeed Files using CPU(s)...
2026-02-26 22:35:36,530 - INFO - GPU disabled (CPU-only).
2026-02-26 22:35:36,531 - INFO - Configured Intra-op threads = 1
2026-02-26 22:35:36,531 - INFO - Configured Inter-op threads = 1
2026-02-26 22:35:36,531 - INFO - TensorFlow: No GPUs visible; TF will proceed on CPU.
2026-02-26 22:35:36,531 - INFO - 
2026-02-26 22:35:42,080 - INFO - Ray Successfully Initialized with 4 CPU(s) ([0, 1, 2, 3] CPU Affinity Binding).
2026-02-26 22:35:42,080 - INFO - Analyzing 1 time chunk(s) from 2025-01-07 11:32:37 to 2025-01-07 11:33:37 (dt=1min, overlap=0min).
2026-02-26 22:35:42,081 - INFO - Using 1 selected station(s).
2026-02-26 22:35:42,081 - INFO - 
2026-02-26 22:35:42,082 - INFO - ------- Starting EQCCTPro... -------
2026-02-26 22:35:42,082 - INFO - Detailed subprocess information can be found in the log file.
2026-02-26 22:35:42,082 - INFO - 
2026-02-26 22:35:42,466 - INFO - GPU disabled (CPU-only).
2026-02-26 22:35:43,991 - INFO - Configured Intra-op threads = 1
2026-02-26 22:35:43,994 - INFO - Configured Inter-op threads = 1
2026-02-26 22:35:44,038 - INFO - TensorFlow: No GPUs visible; TF will proceed on CPU.
2026-02-26 22:35:44,040 - INFO - 
2026-02-26 22:35:44,042 - INFO - ------- Hardware Configuration -------
2026-02-26 22:35:44,044 - INFO - CPU affinity set to cores: [0, 1, 2, 3]
2026-02-26 22:35:44,047 - INFO - 
2026-02-26 22:35:44,049 - INFO - ------- Data Preprocessing for EQCCTPro -------
2026-02-26 22:35:44,050 - INFO - 1 station(s) in /home/blackwinter/projects/eqcct/eqcctpro/data/waveforms_explosions_nonoise/20250107T113237Z_20250107T113337Z
2026-02-26 22:35:44,052 - INFO - Using 1 selected station(s): ['KAF'].
2026-02-26 22:35:44,054 - INFO - Creating model actor(s)...
2026-02-26 22:35:44,057 - INFO - System RAM: Total=7870 MB, Available=3941 MB
2026-02-26 22:35:44,058 - INFO - Usable RAM budget: 7083 MB (90% of total)
2026-02-26 22:35:44,061 - INFO - ===== MEMORY-AWARE CPU ACTOR POOL (EQCCT) =====
2026-02-26 22:35:44,063 - INFO - Requested concurrent tasks: 1
2026-02-26 22:35:44,065 - INFO - Available CPUs: 4
2026-02-26 22:35:44,067 - INFO - Available RAM: 7083 MB
2026-02-26 22:35:44,069 - INFO - RAM per model: 2264 MB
2026-02-26 22:35:44,071 - INFO - Max actors by RAM: 3
2026-02-26 22:35:44,073 - INFO - Creating 1 ModelActor(s)
2026-02-26 22:35:44,074 - INFO - Let Ray handle scheduling (taskset already restricts CPU visibility)
2026-02-26 22:35:44,076 - INFO - Creating ModelActor 1/1 (2.21GB RAM each)...
2026-02-26 22:35:48,026 - INFO - ModelActor 1 created successfully.
2026-02-26 22:35:48,028 - INFO - Created 1 CPU actor(s). Task queue will handle concurrency.
2026-02-26 22:35:48,030 - INFO - Starting EQCCTPro parallelized waveform processing...
2026-02-26 22:35:48,032 - INFO - 
2026-02-26 22:35:48,034 - INFO - ------- Analyzing Seismic Waveforms for P and S Picks via EQCCT -------
2026-02-26 22:35:48,036 - INFO - Analyzing 0:01:00 minute timechunk from 2025-01-07 11:32:37 to 2025-01-07 11:33:37 (0 min overlap)
2026-02-26 22:35:48,039 - INFO - Processing a total of 1 stations, 1 at a time.
2026-02-26 22:35:52,043 - INFO - (1/1) KAF: Finished the prediction in 2.13s. (HP=1.0, LP=45.0)
2026-02-26 22:35:52,045 - INFO - 
2026-02-26 22:35:52,047 - INFO - ------- Parallel Station Waveform Processing Complete For 2025-01-07 11:32:37 to 2025-01-07 11:33:37 Timechunk-------
2026-02-26 22:35:52,049 - INFO - Picks saved at /home/blackwinter/projects/eqcct/eqcctpro/results/csv/bm_explosions/20250107T113237Z_20250107T113337ZProcess Runtime: 4.02 s
2026-02-26 22:35:52,052 - INFO - Successfully ran EQCCTPro, exiting...
2026-02-26 22:35:53,449 - INFO - Ray Successfully Shutdown.
2026-02-26 22:35:53,449 - INFO - ------- Successfully Picked All Waveform(s) from all Timechunk(s) -------
2026-02-27 06:05:13,829 - INFO - 
2026-02-27 06:05:13,836 - INFO - ------- Welcome to EQCCTPro -------
2026-02-27 06:05:13,836 - INFO - 
2026-02-27 06:05:13,837 - INFO - Running EQCCT over Requested MSeed Files using CPU(s)...
2026-02-27 06:05:13,837 - INFO - GPU disabled (CPU-only).
2026-02-27 06:05:13,837 - INFO - Configured Intra-op threads = 1
2026-02-27 06:05:13,837 - INFO - Configured Inter-op threads = 1
2026-02-27 06:05:13,838 - INFO - TensorFlow: No GPUs visible; TF will proceed on CPU.
2026-02-27 06:05:13,838 - INFO - 
2026-02-27 06:05:19,246 - INFO - Ray Successfully Initialized with 4 CPU(s) ([0, 1, 2, 3] CPU Affinity Binding).
2026-02-27 06:05:19,246 - INFO - Analyzing 1 time chunk(s) from 2025-01-07 11:32:37 to 2025-01-07 11:33:37 (dt=1min, overlap=0min).
2026-02-27 06:05:19,247 - INFO - Using 1 selected station(s).
2026-02-27 06:05:19,247 - INFO - 
2026-02-27 06:05:19,247 - INFO - ------- Starting EQCCTPro... -------
2026-02-27 06:05:19,247 - INFO - Detailed subprocess information can be found in the log file.
2026-02-27 06:05:19,247 - INFO - 
2026-02-27 06:05:19,618 - INFO - GPU disabled (CPU-only).
2026-02-27 06:05:21,144 - INFO - Configured Intra-op threads = 1
2026-02-27 06:05:21,147 - INFO - Configured Inter-op threads = 1
2026-02-27 06:05:21,188 - INFO - TensorFlow: No GPUs visible; TF will proceed on CPU.
2026-02-27 06:05:21,191 - INFO - 
2026-02-27 06:05:21,193 - INFO - ------- Hardware Configuration -------
2026-02-27 06:05:21,195 - INFO - CPU affinity set to cores: [0, 1, 2, 3]
2026-02-27 06:05:21,197 - INFO - 
2026-02-27 06:05:21,199 - INFO - ------- Data Preprocessing for EQCCTPro -------
2026-02-27 06:05:21,201 - INFO - 1 station(s) in /home/blackwinter/projects/eqcct/eqcctpro/data/waveforms_explosions_nonoise/20250107T113237Z_20250107T113337Z
2026-02-27 06:05:21,203 - INFO - Using 1 selected station(s): ['KAF'].
2026-02-27 06:05:21,206 - INFO - Creating model actor(s)...
2026-02-27 06:05:21,208 - INFO - System RAM: Total=7870 MB, Available=3989 MB
2026-02-27 06:05:21,210 - INFO - Usable RAM budget: 7083 MB (90% of total)
2026-02-27 06:05:21,212 - INFO - ===== MEMORY-AWARE CPU ACTOR POOL (EQCCT) =====
2026-02-27 06:05:21,214 - INFO - Requested concurrent tasks: 1
2026-02-27 06:05:21,216 - INFO - Available CPUs: 4
2026-02-27 06:05:21,218 - INFO - Available RAM: 7083 MB
2026-02-27 06:05:21,220 - INFO - RAM per model: 2264 MB
2026-02-27 06:05:21,222 - INFO - Max actors by RAM: 3
2026-02-27 06:05:21,223 - INFO - Creating 1 ModelActor(s)
2026-02-27 06:05:21,225 - INFO - Let Ray handle scheduling (taskset already restricts CPU visibility)
2026-02-27 06:05:21,227 - INFO - Creating ModelActor 1/1 (2.21GB RAM each)...
2026-02-27 06:05:25,119 - INFO - ModelActor 1 created successfully.
2026-02-27 06:05:25,121 - INFO - Created 1 CPU actor(s). Task queue will handle concurrency.
2026-02-27 06:05:25,124 - INFO - Starting EQCCTPro parallelized waveform processing...
2026-02-27 06:05:25,126 - INFO - 
2026-02-27 06:05:25,128 - INFO - ------- Analyzing Seismic Waveforms for P and S Picks via EQCCT -------
2026-02-27 06:05:25,131 - INFO - Analyzing 0:01:00 minute timechunk from 2025-01-07 11:32:37 to 2025-01-07 11:33:37 (0 min overlap)
2026-02-27 06:05:25,133 - INFO - Processing a total of 1 stations, 1 at a time.
2026-02-27 06:05:27,001 - INFO - (1/1) KAF: Skipped (already exists - overwrite=False).
2026-02-27 06:05:27,003 - INFO - 
2026-02-27 06:05:27,006 - INFO - ------- Parallel Station Waveform Processing Complete For 2025-01-07 11:32:37 to 2025-01-07 11:33:37 Timechunk-------
2026-02-27 06:05:27,008 - INFO - Picks saved at /home/blackwinter/projects/eqcct/eqcctpro/results/csv/bm_explosions/20250107T113237Z_20250107T113337ZProcess Runtime: 1.88 s
2026-02-27 06:05:27,012 - INFO - Successfully ran EQCCTPro, exiting...
2026-02-27 06:05:28,443 - INFO - Ray Successfully Shutdown.
2026-02-27 06:05:28,443 - INFO - ------- Successfully Picked All Waveform(s) from all Timechunk(s) -------
