2026-02-23 19:19:51,912 - INFO - 
2026-02-23 19:19:51,912 - INFO - ------- Welcome to EQCCTPro -------
2026-02-23 19:19:51,912 - INFO - 
2026-02-23 19:19:51,913 - INFO - Running EQCCT over Requested MSeed Files using CPU(s)...
2026-02-23 19:19:51,913 - INFO - GPU disabled (CPU-only).
2026-02-23 19:19:51,913 - INFO - Configured Intra-op threads = 1
2026-02-23 19:19:51,914 - INFO - Configured Inter-op threads = 1
2026-02-23 19:19:51,914 - INFO - TensorFlow: No GPUs visible; TF will proceed on CPU.
2026-02-23 19:19:51,914 - INFO - 
2026-02-23 19:19:57,194 - INFO - Ray Successfully Initialized with 4 CPU(s) ([0, 1, 2, 3] CPU Affinity Binding).
2026-02-23 19:19:57,199 - INFO - Analyzing 1 time chunk(s) from 2025-02-18 17:03:37 to 2025-02-18 17:04:37 (dt=1min, overlap=0min).
2026-02-23 19:19:57,199 - INFO - Using 1 selected station(s).
2026-02-23 19:19:57,200 - INFO - 
2026-02-23 19:19:57,200 - INFO - ------- Starting EQCCTPro... -------
2026-02-23 19:19:57,200 - INFO - Detailed subprocess information can be found in the log file.
2026-02-23 19:19:57,200 - INFO - 
2026-02-23 19:19:57,563 - INFO - GPU disabled (CPU-only).
2026-02-23 19:19:58,992 - INFO - Configured Intra-op threads = 1
2026-02-23 19:19:58,995 - INFO - Configured Inter-op threads = 1
2026-02-23 19:19:59,035 - INFO - TensorFlow: No GPUs visible; TF will proceed on CPU.
2026-02-23 19:19:59,037 - INFO - 
2026-02-23 19:19:59,039 - INFO - ------- Hardware Configuration -------
2026-02-23 19:19:59,042 - INFO - CPU affinity set to cores: [0, 1, 2, 3]
2026-02-23 19:19:59,044 - INFO - 
2026-02-23 19:19:59,046 - INFO - ------- Data Preprocessing for EQCCTPro -------
2026-02-23 19:19:59,049 - INFO - 1 station(s) in /home/blackwinter/projects/eqcct/eqcctpro/data/waveforms_earthquakes_noise_only/20250218T170337Z_20250218T170437Z
2026-02-23 19:19:59,051 - INFO - Using 1 selected station(s): ['FIC5'].
2026-02-23 19:19:59,053 - INFO - Creating model actor(s)...
2026-02-23 19:19:59,055 - INFO - System RAM: Total=7870 MB, Available=3659 MB
2026-02-23 19:19:59,057 - INFO - Usable RAM budget: 7083 MB (90% of total)
2026-02-23 19:19:59,059 - INFO - ===== MEMORY-AWARE CPU ACTOR POOL (EQCCT) =====
2026-02-23 19:19:59,060 - INFO - Requested concurrent tasks: 1
2026-02-23 19:19:59,062 - INFO - Available CPUs: 4
2026-02-23 19:19:59,064 - INFO - Available RAM: 7083 MB
2026-02-23 19:19:59,065 - INFO - RAM per model: 2264 MB
2026-02-23 19:19:59,067 - INFO - Max actors by RAM: 3
2026-02-23 19:19:59,070 - INFO - Creating 1 ModelActor(s)
2026-02-23 19:19:59,072 - INFO - Let Ray handle scheduling (taskset already restricts CPU visibility)
2026-02-23 19:19:59,074 - INFO - Creating ModelActor 1/1 (2.21GB RAM each)...
2026-02-23 19:20:02,917 - INFO - ModelActor 1 created successfully.
2026-02-23 19:20:02,919 - INFO - Created 1 CPU actor(s). Task queue will handle concurrency.
2026-02-23 19:20:02,921 - INFO - Starting EQCCTPro parallelized waveform processing...
2026-02-23 19:20:02,923 - INFO - 
2026-02-23 19:20:02,925 - INFO - ------- Analyzing Seismic Waveforms for P and S Picks via EQCCT -------
2026-02-23 19:20:02,927 - INFO - Analyzing 0:01:00 minute timechunk from 2025-02-18 17:03:37 to 2025-02-18 17:04:37 (0 min overlap)
2026-02-23 19:20:02,929 - INFO - Processing a total of 1 stations, 1 at a time.
2026-02-23 19:20:06,971 - INFO - (1/1) FIC5: Finished the prediction in 2.09s. (HP=1.0, LP=45.0)
2026-02-23 19:20:06,973 - INFO - 
2026-02-23 19:20:06,976 - INFO - ------- Parallel Station Waveform Processing Complete For 2025-02-18 17:03:37 to 2025-02-18 17:04:37 Timechunk-------
2026-02-23 19:20:06,978 - INFO - Picks saved at /home/blackwinter/projects/eqcct/eqcctpro/results/csv/bm_eq_noise_only/20250218T170337Z_20250218T170437ZProcess Runtime: 4.05 s
2026-02-23 19:20:06,982 - INFO - Successfully ran EQCCTPro, exiting...
2026-02-23 19:20:08,425 - INFO - Ray Successfully Shutdown.
2026-02-23 19:20:08,426 - INFO - ------- Successfully Picked All Waveform(s) from all Timechunk(s) -------
