2026-03-20 05:02:51,820 - INFO - 
2026-03-20 05:02:51,820 - INFO - ------- Welcome to EQCCTPro -------
2026-03-20 05:02:51,820 - INFO - 
2026-03-20 05:02:51,821 - INFO - Running EQCCT over Requested MSeed Files using CPU(s)...
2026-03-20 05:02:51,821 - INFO - GPU disabled (CPU-only).
2026-03-20 05:02:51,821 - INFO - Configured Intra-op threads = 1
2026-03-20 05:02:51,822 - INFO - Configured Inter-op threads = 1
2026-03-20 05:02:51,822 - INFO - TensorFlow: No GPUs visible; TF will proceed on CPU.
2026-03-20 05:02:51,822 - INFO - 
2026-03-20 05:02:57,337 - INFO - Ray Successfully Initialized with 4 CPU(s) ([0, 1, 2, 3] CPU Affinity Binding).
2026-03-20 05:02:57,338 - INFO - Analyzing 1 time chunk(s) from 2025-09-09 16:31:22 to 2025-09-09 16:32:22 (dt=1min, overlap=0min).
2026-03-20 05:02:57,338 - INFO - Using 1 selected station(s).
2026-03-20 05:02:57,338 - INFO - 
2026-03-20 05:02:57,338 - INFO - ------- Starting EQCCTPro... -------
2026-03-20 05:02:57,338 - INFO - Detailed subprocess information can be found in the log file.
2026-03-20 05:02:57,338 - INFO - 
2026-03-20 05:02:57,712 - INFO - GPU disabled (CPU-only).
2026-03-20 05:02:59,300 - INFO - Configured Intra-op threads = 1
2026-03-20 05:02:59,302 - INFO - Configured Inter-op threads = 1
2026-03-20 05:02:59,373 - INFO - TensorFlow: No GPUs visible; TF will proceed on CPU.
2026-03-20 05:02:59,375 - INFO - 
2026-03-20 05:02:59,378 - INFO - ------- Hardware Configuration -------
2026-03-20 05:02:59,380 - INFO - CPU affinity set to cores: [0, 1, 2, 3]
2026-03-20 05:02:59,382 - INFO - 
2026-03-20 05:02:59,385 - INFO - ------- Data Preprocessing for EQCCTPro -------
2026-03-20 05:02:59,387 - INFO - 1 station(s) in /home/blackwinter/projects/eqcct/eqcctpro/data/waveforms_earthquakes_nonoise/20250909T163122Z_20250909T163222Z
2026-03-20 05:02:59,389 - INFO - Using 1 selected station(s): ['SUF'].
2026-03-20 05:02:59,391 - INFO - Creating model actor(s)...
2026-03-20 05:02:59,394 - INFO - System RAM: Total=7870 MB, Available=1683 MB
2026-03-20 05:02:59,396 - INFO - Usable RAM budget: 7083 MB (90% of total)
2026-03-20 05:02:59,398 - INFO - ===== MEMORY-AWARE CPU ACTOR POOL (EQCCT) =====
2026-03-20 05:02:59,400 - INFO - Requested concurrent tasks: 1
2026-03-20 05:02:59,402 - INFO - Available CPUs: 4
2026-03-20 05:02:59,404 - INFO - Available RAM: 7083 MB
2026-03-20 05:02:59,406 - INFO - RAM per model: 2264 MB
2026-03-20 05:02:59,408 - INFO - Max actors by RAM: 3
2026-03-20 05:02:59,410 - INFO - Creating 1 ModelActor(s)
2026-03-20 05:02:59,412 - INFO - Let Ray handle scheduling (taskset already restricts CPU visibility)
2026-03-20 05:02:59,413 - INFO - Creating ModelActor 1/1 (2.21GB RAM each)...
2026-03-20 05:03:03,351 - INFO - ModelActor 1 created successfully.
2026-03-20 05:03:03,353 - INFO - Created 1 CPU actor(s). Task queue will handle concurrency.
2026-03-20 05:03:03,356 - INFO - Starting EQCCTPro parallelized waveform processing...
2026-03-20 05:03:03,358 - INFO - 
2026-03-20 05:03:03,360 - INFO - ------- Analyzing Seismic Waveforms for P and S Picks via EQCCT -------
2026-03-20 05:03:03,363 - INFO - Analyzing 0:01:00 minute timechunk from 2025-09-09 16:31:22 to 2025-09-09 16:32:22 (0 min overlap)
2026-03-20 05:03:03,365 - INFO - Processing a total of 1 stations, 1 at a time.
2026-03-20 05:03:07,686 - INFO - (1/1) SUF: Finished the prediction in 2.3s. (HP=1.0, LP=45.0)
2026-03-20 05:03:07,690 - INFO - 
2026-03-20 05:03:07,692 - INFO - ------- Parallel Station Waveform Processing Complete For 2025-09-09 16:31:22 to 2025-09-09 16:32:22 Timechunk-------
2026-03-20 05:03:07,695 - INFO - Picks saved at /home/blackwinter/projects/eqcct/eqcctpro/results/csv/eqcct_earthquakes_th0_1/20250909T163122Z_20250909T163222ZProcess Runtime: 4.33 s
2026-03-20 05:03:07,701 - INFO - Successfully ran EQCCTPro, exiting...
2026-03-20 05:03:09,229 - INFO - Ray Successfully Shutdown.
2026-03-20 05:03:09,230 - INFO - ------- Successfully Picked All Waveform(s) from all Timechunk(s) -------
