2026-03-28 21:37:59,681 - INFO - 
2026-03-28 21:37:59,681 - INFO - ------- Welcome to EQCCTPro -------
2026-03-28 21:37:59,682 - INFO - 
2026-03-28 21:37:59,682 - INFO - Running EQCCT over Requested MSeed Files using CPU(s)...
2026-03-28 21:37:59,682 - INFO - GPU disabled (CPU-only).
2026-03-29 04:19:30,600 - INFO - 
2026-03-29 04:19:30,601 - INFO - ------- Welcome to EQCCTPro -------
2026-03-29 04:19:30,601 - INFO - 
2026-03-29 04:19:30,601 - INFO - Running EQCCT over Requested MSeed Files using CPU(s)...
2026-03-29 04:19:30,601 - INFO - GPU disabled (CPU-only).
2026-03-29 04:19:30,602 - INFO - Configured Intra-op threads = 1
2026-03-29 04:19:30,602 - INFO - Configured Inter-op threads = 1
2026-03-29 04:19:30,602 - INFO - TensorFlow: No GPUs visible; TF will proceed on CPU.
2026-03-29 04:19:30,602 - INFO - 
2026-03-29 04:19:35,672 - INFO - Ray Successfully Initialized with 4 CPU(s) ([0, 1, 2, 3] CPU Affinity Binding).
2026-03-29 04:19:35,672 - INFO - Analyzing 1 time chunk(s) from 2025-01-16 11:42:29 to 2025-01-16 11:43:29 (dt=1min, overlap=0min).
2026-03-29 04:19:35,673 - INFO - Using 2 selected station(s).
2026-03-29 04:19:35,673 - INFO - 
2026-03-29 04:19:35,673 - INFO - ------- Starting EQCCTPro... -------
2026-03-29 04:19:35,673 - INFO - Detailed subprocess information can be found in the log file.
2026-03-29 04:19:35,674 - INFO - 
2026-03-29 04:19:36,076 - INFO - GPU disabled (CPU-only).
2026-03-29 04:19:37,706 - INFO - Configured Intra-op threads = 1
2026-03-29 04:19:37,708 - INFO - Configured Inter-op threads = 1
2026-03-29 04:19:37,746 - INFO - TensorFlow: No GPUs visible; TF will proceed on CPU.
2026-03-29 04:19:37,749 - INFO - 
2026-03-29 04:19:37,751 - INFO - ------- Hardware Configuration -------
2026-03-29 04:19:37,754 - INFO - CPU affinity set to cores: [0, 1, 2, 3]
2026-03-29 04:19:37,756 - INFO - 
2026-03-29 04:19:37,758 - INFO - ------- Data Preprocessing for EQCCTPro -------
2026-03-29 04:19:37,760 - INFO - 2 station(s) in /home/blackwinter/projects/eqcct/eqcctpro/data/waveforms_explosions_nonoise/20250116T114229Z_20250116T114329Z
2026-03-29 04:19:37,763 - INFO - Using 2 selected station(s): ['KPF', 'RANF'].
2026-03-29 04:19:37,765 - INFO - Creating model actor(s)...
2026-03-29 04:19:37,768 - INFO - System RAM: Total=7870 MB, Available=3069 MB
2026-03-29 04:19:37,770 - INFO - Usable RAM budget: 7083 MB (90% of total)
2026-03-29 04:19:37,772 - INFO - ===== MEMORY-AWARE CPU ACTOR POOL (EQCCT) =====
2026-03-29 04:19:37,774 - INFO - Requested concurrent tasks: 1
2026-03-29 04:19:37,775 - INFO - Available CPUs: 4
2026-03-29 04:19:37,777 - INFO - Available RAM: 7083 MB
2026-03-29 04:19:37,779 - INFO - RAM per model: 2264 MB
2026-03-29 04:19:37,781 - INFO - Max actors by RAM: 3
2026-03-29 04:19:37,783 - INFO - Creating 1 ModelActor(s)
2026-03-29 04:19:37,785 - INFO - Let Ray handle scheduling (taskset already restricts CPU visibility)
2026-03-29 04:19:37,787 - INFO - Creating ModelActor 1/1 (2.21GB RAM each)...
2026-03-29 04:19:42,257 - INFO - ModelActor 1 created successfully.
2026-03-29 04:19:42,260 - INFO - Created 1 CPU actor(s). Task queue will handle concurrency.
2026-03-29 04:19:42,263 - INFO - Starting EQCCTPro parallelized waveform processing...
2026-03-29 04:19:42,265 - INFO - 
2026-03-29 04:19:42,267 - INFO - ------- Analyzing Seismic Waveforms for P and S Picks via EQCCT -------
2026-03-29 04:19:42,270 - INFO - Analyzing 0:01:00 minute timechunk from 2025-01-16 11:42:29 to 2025-01-16 11:43:29 (0 min overlap)
2026-03-29 04:19:42,272 - INFO - Processing a total of 2 stations, 1 at a time.
2026-03-29 04:19:46,775 - INFO - (1/2) KPF: Finished the prediction in 2.42s. (HP=1.0, LP=45.0)
2026-03-29 04:19:46,895 - INFO - (2/2) RANF: Finished the prediction in 0.11s. (HP=1.0, LP=45.0)
2026-03-29 04:19:46,897 - INFO - 
2026-03-29 04:19:46,899 - INFO - ------- Parallel Station Waveform Processing Complete For 2025-01-16 11:42:29 to 2025-01-16 11:43:29 Timechunk-------
2026-03-29 04:19:46,902 - INFO - Picks saved at /home/blackwinter/projects/eqcct/eqcctpro/results/csv/eqcct_explosions_th0_1/20250116T114229Z_20250116T114329ZProcess Runtime: 4.64 s
2026-03-29 04:19:46,908 - INFO - Successfully ran EQCCTPro, exiting...
2026-03-29 04:19:48,515 - INFO - Ray Successfully Shutdown.
2026-03-29 04:19:48,515 - INFO - ------- Successfully Picked All Waveform(s) from all Timechunk(s) -------
