2026-02-26 21:52:10,149 - INFO - 
2026-02-26 21:52:10,149 - INFO - ------- Welcome to EQCCTPro -------
2026-02-26 21:52:10,149 - INFO - 
2026-02-26 21:52:10,149 - INFO - Running EQCCT over Requested MSeed Files using CPU(s)...
2026-02-26 21:52:10,150 - INFO - GPU disabled (CPU-only).
2026-02-26 21:52:10,150 - INFO - Configured Intra-op threads = 1
2026-02-26 21:52:10,150 - INFO - Configured Inter-op threads = 1
2026-02-26 21:52:10,150 - INFO - TensorFlow: No GPUs visible; TF will proceed on CPU.
2026-02-26 21:52:10,150 - INFO - 
2026-02-26 21:52:14,663 - INFO - Ray Successfully Initialized with 4 CPU(s) ([0, 1, 2, 3] CPU Affinity Binding).
2026-02-26 21:52:14,663 - INFO - Analyzing 1 time chunk(s) from 2025-01-03 11:55:10 to 2025-01-03 11:56:10 (dt=1min, overlap=0min).
2026-02-26 21:52:14,663 - INFO - Using 2 selected station(s).
2026-02-26 21:52:14,663 - INFO - 
2026-02-26 21:52:14,663 - INFO - ------- Starting EQCCTPro... -------
2026-02-26 21:52:14,664 - INFO - Detailed subprocess information can be found in the log file.
2026-02-26 21:52:14,664 - INFO - 
2026-02-26 21:52:15,019 - INFO - GPU disabled (CPU-only).
2026-02-26 21:52:16,494 - INFO - Configured Intra-op threads = 1
2026-02-26 21:52:16,496 - INFO - Configured Inter-op threads = 1
2026-02-26 21:52:16,538 - INFO - TensorFlow: No GPUs visible; TF will proceed on CPU.
2026-02-26 21:52:16,540 - INFO - 
2026-02-26 21:52:16,542 - INFO - ------- Hardware Configuration -------
2026-02-26 21:52:16,544 - INFO - CPU affinity set to cores: [0, 1, 2, 3]
2026-02-26 21:52:16,547 - INFO - 
2026-02-26 21:52:16,549 - INFO - ------- Data Preprocessing for EQCCTPro -------
2026-02-26 21:52:16,551 - INFO - 2 station(s) in /home/blackwinter/projects/eqcct/eqcctpro/data/waveforms_explosions_nonoise/20250103T115510Z_20250103T115610Z
2026-02-26 21:52:16,553 - INFO - Using 2 selected station(s): ['JOF', 'NIF'].
2026-02-26 21:52:16,555 - INFO - Creating model actor(s)...
2026-02-26 21:52:16,557 - INFO - System RAM: Total=7870 MB, Available=4217 MB
2026-02-26 21:52:16,560 - INFO - Usable RAM budget: 7083 MB (90% of total)
2026-02-26 21:52:16,561 - INFO - ===== MEMORY-AWARE CPU ACTOR POOL (EQCCT) =====
2026-02-26 21:52:16,563 - INFO - Requested concurrent tasks: 1
2026-02-26 21:52:16,565 - INFO - Available CPUs: 4
2026-02-26 21:52:16,567 - INFO - Available RAM: 7083 MB
2026-02-26 21:52:16,568 - INFO - RAM per model: 2264 MB
2026-02-26 21:52:16,570 - INFO - Max actors by RAM: 3
2026-02-26 21:52:16,572 - INFO - Creating 1 ModelActor(s)
2026-02-26 21:52:16,574 - INFO - Let Ray handle scheduling (taskset already restricts CPU visibility)
2026-02-26 21:52:16,576 - INFO - Creating ModelActor 1/1 (2.21GB RAM each)...
2026-02-26 21:52:20,500 - INFO - ModelActor 1 created successfully.
2026-02-26 21:52:20,503 - INFO - Created 1 CPU actor(s). Task queue will handle concurrency.
2026-02-26 21:52:20,505 - INFO - Starting EQCCTPro parallelized waveform processing...
2026-02-26 21:52:20,508 - INFO - 
2026-02-26 21:52:20,510 - INFO - ------- Analyzing Seismic Waveforms for P and S Picks via EQCCT -------
2026-02-26 21:52:20,512 - INFO - Analyzing 0:01:00 minute timechunk from 2025-01-03 11:55:10 to 2025-01-03 11:56:10 (0 min overlap)
2026-02-26 21:52:20,514 - INFO - Processing a total of 2 stations, 1 at a time.
2026-02-26 21:52:24,447 - INFO - (1/2) JOF: Finished the prediction in 2.07s. (HP=1.0, LP=45.0)
2026-02-26 21:52:24,553 - INFO - (2/2) NIF: Finished the prediction in 0.1s. (HP=1.0, LP=45.0)
2026-02-26 21:52:24,555 - INFO - 
2026-02-26 21:52:24,557 - INFO - ------- Parallel Station Waveform Processing Complete For 2025-01-03 11:55:10 to 2025-01-03 11:56:10 Timechunk-------
2026-02-26 21:52:24,559 - INFO - Picks saved at /home/blackwinter/projects/eqcct/eqcctpro/results/csv/bm_explosions/20250103T115510Z_20250103T115610ZProcess Runtime: 4.05 s
2026-02-26 21:52:24,563 - INFO - Successfully ran EQCCTPro, exiting...
2026-02-26 21:52:25,861 - INFO - Ray Successfully Shutdown.
2026-02-26 21:52:25,861 - INFO - ------- Successfully Picked All Waveform(s) from all Timechunk(s) -------
2026-02-27 05:27:18,708 - INFO - 
2026-02-27 05:27:18,715 - INFO - ------- Welcome to EQCCTPro -------
2026-02-27 05:27:18,715 - INFO - 
2026-02-27 05:27:18,715 - INFO - Running EQCCT over Requested MSeed Files using CPU(s)...
2026-02-27 05:27:18,716 - INFO - GPU disabled (CPU-only).
2026-02-27 05:27:18,716 - INFO - Configured Intra-op threads = 1
2026-02-27 05:27:18,716 - INFO - Configured Inter-op threads = 1
2026-02-27 05:27:18,716 - INFO - TensorFlow: No GPUs visible; TF will proceed on CPU.
2026-02-27 05:27:18,716 - INFO - 
2026-02-27 05:27:23,868 - INFO - Ray Successfully Initialized with 4 CPU(s) ([0, 1, 2, 3] CPU Affinity Binding).
2026-02-27 05:27:23,868 - INFO - Analyzing 1 time chunk(s) from 2025-01-03 11:55:10 to 2025-01-03 11:56:10 (dt=1min, overlap=0min).
2026-02-27 05:27:23,868 - INFO - Using 2 selected station(s).
2026-02-27 05:27:23,868 - INFO - 
2026-02-27 05:27:23,869 - INFO - ------- Starting EQCCTPro... -------
2026-02-27 05:27:23,869 - INFO - Detailed subprocess information can be found in the log file.
2026-02-27 05:27:23,869 - INFO - 
2026-02-27 05:27:24,214 - INFO - GPU disabled (CPU-only).
2026-02-27 05:27:25,664 - INFO - Configured Intra-op threads = 1
2026-02-27 05:27:25,667 - INFO - Configured Inter-op threads = 1
2026-02-27 05:27:25,710 - INFO - TensorFlow: No GPUs visible; TF will proceed on CPU.
2026-02-27 05:27:25,713 - INFO - 
2026-02-27 05:27:25,714 - INFO - ------- Hardware Configuration -------
2026-02-27 05:27:25,716 - INFO - CPU affinity set to cores: [0, 1, 2, 3]
2026-02-27 05:27:25,718 - INFO - 
2026-02-27 05:27:25,720 - INFO - ------- Data Preprocessing for EQCCTPro -------
2026-02-27 05:27:25,722 - INFO - 2 station(s) in /home/blackwinter/projects/eqcct/eqcctpro/data/waveforms_explosions_nonoise/20250103T115510Z_20250103T115610Z
2026-02-27 05:27:25,723 - INFO - Using 2 selected station(s): ['JOF', 'NIF'].
2026-02-27 05:27:25,725 - INFO - Creating model actor(s)...
2026-02-27 05:27:25,727 - INFO - System RAM: Total=7870 MB, Available=4258 MB
2026-02-27 05:27:25,729 - INFO - Usable RAM budget: 7083 MB (90% of total)
2026-02-27 05:27:25,731 - INFO - ===== MEMORY-AWARE CPU ACTOR POOL (EQCCT) =====
2026-02-27 05:27:25,732 - INFO - Requested concurrent tasks: 1
2026-02-27 05:27:25,734 - INFO - Available CPUs: 4
2026-02-27 05:27:25,736 - INFO - Available RAM: 7083 MB
2026-02-27 05:27:25,738 - INFO - RAM per model: 2264 MB
2026-02-27 05:27:25,739 - INFO - Max actors by RAM: 3
2026-02-27 05:27:25,741 - INFO - Creating 1 ModelActor(s)
2026-02-27 05:27:25,743 - INFO - Let Ray handle scheduling (taskset already restricts CPU visibility)
2026-02-27 05:27:25,744 - INFO - Creating ModelActor 1/1 (2.21GB RAM each)...
2026-02-27 05:27:29,627 - INFO - ModelActor 1 created successfully.
2026-02-27 05:27:29,629 - INFO - Created 1 CPU actor(s). Task queue will handle concurrency.
2026-02-27 05:27:29,631 - INFO - Starting EQCCTPro parallelized waveform processing...
2026-02-27 05:27:29,633 - INFO - 
2026-02-27 05:27:29,635 - INFO - ------- Analyzing Seismic Waveforms for P and S Picks via EQCCT -------
2026-02-27 05:27:29,638 - INFO - Analyzing 0:01:00 minute timechunk from 2025-01-03 11:55:10 to 2025-01-03 11:56:10 (0 min overlap)
2026-02-27 05:27:29,640 - INFO - Processing a total of 2 stations, 1 at a time.
2026-02-27 05:27:31,510 - INFO - (1/2) JOF: Skipped (already exists - overwrite=False).
2026-02-27 05:27:31,516 - INFO - (2/2) NIF: Skipped (already exists - overwrite=False).
2026-02-27 05:27:31,518 - INFO - 
2026-02-27 05:27:31,520 - INFO - ------- Parallel Station Waveform Processing Complete For 2025-01-03 11:55:10 to 2025-01-03 11:56:10 Timechunk-------
2026-02-27 05:27:31,522 - INFO - Picks saved at /home/blackwinter/projects/eqcct/eqcctpro/results/csv/bm_explosions/20250103T115510Z_20250103T115610ZProcess Runtime: 1.89 s
2026-02-27 05:27:31,525 - INFO - Successfully ran EQCCTPro, exiting...
2026-02-27 05:27:32,814 - INFO - Ray Successfully Shutdown.
2026-02-27 05:27:32,814 - INFO - ------- Successfully Picked All Waveform(s) from all Timechunk(s) -------
