2026-03-28 21:37:58,749 - INFO - 
2026-03-28 21:37:58,749 - INFO - ------- Welcome to EQCCTPro -------
2026-03-28 21:37:58,749 - INFO - 
2026-03-28 21:37:58,750 - INFO - Running EQCCT over Requested MSeed Files using CPU(s)...
2026-03-28 21:37:58,750 - INFO - GPU disabled (CPU-only).
2026-03-29 01:38:28,382 - INFO - 
2026-03-29 01:38:28,382 - INFO - ------- Welcome to EQCCTPro -------
2026-03-29 01:38:28,382 - INFO - 
2026-03-29 01:38:28,383 - INFO - Running EQCCT over Requested MSeed Files using CPU(s)...
2026-03-29 01:38:28,383 - INFO - GPU disabled (CPU-only).
2026-03-29 01:38:28,384 - INFO - Configured Intra-op threads = 1
2026-03-29 01:38:28,384 - INFO - Configured Inter-op threads = 1
2026-03-29 01:38:28,384 - INFO - TensorFlow: No GPUs visible; TF will proceed on CPU.
2026-03-29 01:38:28,384 - INFO - 
2026-03-29 01:38:33,404 - INFO - Ray Successfully Initialized with 4 CPU(s) ([0, 1, 2, 3] CPU Affinity Binding).
2026-03-29 01:38:33,405 - INFO - Analyzing 1 time chunk(s) from 2025-01-13 16:40:39 to 2025-01-13 16:41:39 (dt=1min, overlap=0min).
2026-03-29 01:38:33,405 - INFO - Using 1 selected station(s).
2026-03-29 01:38:33,405 - INFO - 
2026-03-29 01:38:33,405 - INFO - ------- Starting EQCCTPro... -------
2026-03-29 01:38:33,405 - INFO - Detailed subprocess information can be found in the log file.
2026-03-29 01:38:33,405 - INFO - 
2026-03-29 01:38:33,832 - INFO - GPU disabled (CPU-only).
2026-03-29 01:38:35,513 - INFO - Configured Intra-op threads = 1
2026-03-29 01:38:35,516 - INFO - Configured Inter-op threads = 1
2026-03-29 01:38:35,558 - INFO - TensorFlow: No GPUs visible; TF will proceed on CPU.
2026-03-29 01:38:35,560 - INFO - 
2026-03-29 01:38:35,563 - INFO - ------- Hardware Configuration -------
2026-03-29 01:38:35,566 - INFO - CPU affinity set to cores: [0, 1, 2, 3]
2026-03-29 01:38:35,569 - INFO - 
2026-03-29 01:38:35,571 - INFO - ------- Data Preprocessing for EQCCTPro -------
2026-03-29 01:38:35,574 - INFO - 1 station(s) in /home/blackwinter/projects/eqcct/eqcctpro/data/waveforms_explosions_nonoise/20250113T164039Z_20250113T164139Z
2026-03-29 01:38:35,576 - INFO - Using 1 selected station(s): ['VRF'].
2026-03-29 01:38:35,578 - INFO - Creating model actor(s)...
2026-03-29 01:38:35,581 - INFO - System RAM: Total=7870 MB, Available=3375 MB
2026-03-29 01:38:35,584 - INFO - Usable RAM budget: 7083 MB (90% of total)
2026-03-29 01:38:35,586 - INFO - ===== MEMORY-AWARE CPU ACTOR POOL (EQCCT) =====
2026-03-29 01:38:35,588 - INFO - Requested concurrent tasks: 1
2026-03-29 01:38:35,591 - INFO - Available CPUs: 4
2026-03-29 01:38:35,593 - INFO - Available RAM: 7083 MB
2026-03-29 01:38:35,596 - INFO - RAM per model: 2264 MB
2026-03-29 01:38:35,598 - INFO - Max actors by RAM: 3
2026-03-29 01:38:35,601 - INFO - Creating 1 ModelActor(s)
2026-03-29 01:38:35,603 - INFO - Let Ray handle scheduling (taskset already restricts CPU visibility)
2026-03-29 01:38:35,605 - INFO - Creating ModelActor 1/1 (2.21GB RAM each)...
2026-03-29 01:38:40,032 - INFO - ModelActor 1 created successfully.
2026-03-29 01:38:40,035 - INFO - Created 1 CPU actor(s). Task queue will handle concurrency.
2026-03-29 01:38:40,038 - INFO - Starting EQCCTPro parallelized waveform processing...
2026-03-29 01:38:40,041 - INFO - 
2026-03-29 01:38:40,043 - INFO - ------- Analyzing Seismic Waveforms for P and S Picks via EQCCT -------
2026-03-29 01:38:40,046 - INFO - Analyzing 0:01:00 minute timechunk from 2025-01-13 16:40:39 to 2025-01-13 16:41:39 (0 min overlap)
2026-03-29 01:38:40,049 - INFO - Processing a total of 1 stations, 1 at a time.
2026-03-29 01:38:44,553 - INFO - (1/1) VRF: Finished the prediction in 2.44s. (HP=1.0, LP=45.0)
2026-03-29 01:38:44,555 - INFO - 
2026-03-29 01:38:44,558 - INFO - ------- Parallel Station Waveform Processing Complete For 2025-01-13 16:40:39 to 2025-01-13 16:41:39 Timechunk-------
2026-03-29 01:38:44,561 - INFO - Picks saved at /home/blackwinter/projects/eqcct/eqcctpro/results/csv/eqcct_explosions_th0_1/20250113T164039Z_20250113T164139ZProcess Runtime: 4.52 s
2026-03-29 01:38:44,566 - INFO - Successfully ran EQCCTPro, exiting...
2026-03-29 01:38:46,111 - INFO - Ray Successfully Shutdown.
2026-03-29 01:38:46,111 - INFO - ------- Successfully Picked All Waveform(s) from all Timechunk(s) -------
