2026-02-27 11:53:34,465 - INFO - 
2026-02-27 11:53:34,465 - INFO - ------- Welcome to EQCCTPro -------
2026-02-27 11:53:34,465 - INFO - 
2026-02-27 11:53:34,465 - INFO - Running EQCCT over Requested MSeed Files using CPU(s)...
2026-02-27 11:53:34,466 - INFO - GPU disabled (CPU-only).
2026-02-27 11:53:34,466 - INFO - Configured Intra-op threads = 1
2026-02-27 11:53:34,466 - INFO - Configured Inter-op threads = 1
2026-02-27 11:53:34,466 - INFO - TensorFlow: No GPUs visible; TF will proceed on CPU.
2026-02-27 11:53:34,466 - INFO - 
2026-02-27 11:53:39,984 - INFO - Ray Successfully Initialized with 4 CPU(s) ([0, 1, 2, 3] CPU Affinity Binding).
2026-02-27 11:53:39,984 - INFO - Analyzing 1 time chunk(s) from 2025-01-22 13:10:40 to 2025-01-22 13:11:40 (dt=1min, overlap=0min).
2026-02-27 11:53:39,984 - INFO - Using 1 selected station(s).
2026-02-27 11:53:39,985 - INFO - 
2026-02-27 11:53:39,985 - INFO - ------- Starting EQCCTPro... -------
2026-02-27 11:53:39,985 - INFO - Detailed subprocess information can be found in the log file.
2026-02-27 11:53:39,985 - INFO - 
2026-02-27 11:53:40,366 - INFO - GPU disabled (CPU-only).
2026-02-27 11:53:41,824 - INFO - Configured Intra-op threads = 1
2026-02-27 11:53:41,827 - INFO - Configured Inter-op threads = 1
2026-02-27 11:53:41,871 - INFO - TensorFlow: No GPUs visible; TF will proceed on CPU.
2026-02-27 11:53:41,874 - INFO - 
2026-02-27 11:53:41,875 - INFO - ------- Hardware Configuration -------
2026-02-27 11:53:41,877 - INFO - CPU affinity set to cores: [0, 1, 2, 3]
2026-02-27 11:53:41,879 - INFO - 
2026-02-27 11:53:41,880 - INFO - ------- Data Preprocessing for EQCCTPro -------
2026-02-27 11:53:41,882 - INFO - 1 station(s) in /home/blackwinter/projects/eqcct/eqcctpro/data/waveforms_explosions_nonoise/20250122T131040Z_20250122T131140Z
2026-02-27 11:53:41,884 - INFO - Using 1 selected station(s): ['PVF'].
2026-02-27 11:53:41,886 - INFO - Creating model actor(s)...
2026-02-27 11:53:41,888 - INFO - System RAM: Total=7870 MB, Available=2418 MB
2026-02-27 11:53:41,891 - INFO - Usable RAM budget: 7083 MB (90% of total)
2026-02-27 11:53:41,893 - INFO - ===== MEMORY-AWARE CPU ACTOR POOL (EQCCT) =====
2026-02-27 11:53:41,895 - INFO - Requested concurrent tasks: 1
2026-02-27 11:53:41,897 - INFO - Available CPUs: 4
2026-02-27 11:53:41,900 - INFO - Available RAM: 7083 MB
2026-02-27 11:53:41,902 - INFO - RAM per model: 2264 MB
2026-02-27 11:53:41,904 - INFO - Max actors by RAM: 3
2026-02-27 11:53:41,907 - INFO - Creating 1 ModelActor(s)
2026-02-27 11:53:41,909 - INFO - Let Ray handle scheduling (taskset already restricts CPU visibility)
2026-02-27 11:53:41,912 - INFO - Creating ModelActor 1/1 (2.21GB RAM each)...
2026-02-27 11:53:45,817 - INFO - ModelActor 1 created successfully.
2026-02-27 11:53:45,819 - INFO - Created 1 CPU actor(s). Task queue will handle concurrency.
2026-02-27 11:53:45,821 - INFO - Starting EQCCTPro parallelized waveform processing...
2026-02-27 11:53:45,822 - INFO - 
2026-02-27 11:53:45,824 - INFO - ------- Analyzing Seismic Waveforms for P and S Picks via EQCCT -------
2026-02-27 11:53:45,826 - INFO - Analyzing 0:01:00 minute timechunk from 2025-01-22 13:10:40 to 2025-01-22 13:11:40 (0 min overlap)
2026-02-27 11:53:45,828 - INFO - Processing a total of 1 stations, 1 at a time.
2026-02-27 11:53:50,059 - INFO - (1/1) PVF: Finished the prediction in 2.38s. (HP=1.0, LP=45.0)
2026-02-27 11:53:50,065 - INFO - 
2026-02-27 11:53:50,067 - INFO - ------- Parallel Station Waveform Processing Complete For 2025-01-22 13:10:40 to 2025-01-22 13:11:40 Timechunk-------
2026-02-27 11:53:50,074 - INFO - Successfully ran EQCCTPro, exiting...
2026-02-27 11:53:50,069 - INFO - Picks saved at /home/blackwinter/projects/eqcct/eqcctpro/results/csv/bm_explosions/20250122T131040Z_20250122T131140ZProcess Runtime: 4.24 s
2026-02-27 11:53:51,698 - INFO - Ray Successfully Shutdown.
2026-02-27 11:53:51,698 - INFO - ------- Successfully Picked All Waveform(s) from all Timechunk(s) -------
