2026-02-23 00:00:54,518 - INFO - 
2026-02-23 00:00:54,518 - INFO - ------- Welcome to EQCCTPro -------
2026-02-23 00:00:54,518 - INFO - 
2026-02-23 00:00:54,519 - INFO - Running EQCCT over Requested MSeed Files using CPU(s)...
2026-02-23 00:00:54,519 - INFO - GPU disabled (CPU-only).
2026-02-23 00:00:54,519 - INFO - Configured Intra-op threads = 1
2026-02-23 00:00:54,519 - INFO - Configured Inter-op threads = 1
2026-02-23 00:00:54,519 - INFO - TensorFlow: No GPUs visible; TF will proceed on CPU.
2026-02-23 00:00:54,519 - INFO - 
2026-02-23 00:01:00,064 - INFO - Ray Successfully Initialized with 4 CPU(s) ([0, 1, 2, 3] CPU Affinity Binding).
2026-02-23 00:01:00,065 - INFO - Analyzing 1 time chunk(s) from 2025-12-30 11:43:38 to 2025-12-30 11:44:38 (dt=1min, overlap=0min).
2026-02-23 00:01:00,065 - INFO - Using 1 selected station(s).
2026-02-23 00:01:00,065 - INFO - 
2026-02-23 00:01:00,065 - INFO - ------- Starting EQCCTPro... -------
2026-02-23 00:01:00,065 - INFO - Detailed subprocess information can be found in the log file.
2026-02-23 00:01:00,065 - INFO - 
2026-02-23 00:01:00,462 - INFO - GPU disabled (CPU-only).
2026-02-23 00:01:01,987 - INFO - Configured Intra-op threads = 1
2026-02-23 00:01:01,990 - INFO - Configured Inter-op threads = 1
2026-02-23 00:01:02,027 - INFO - TensorFlow: No GPUs visible; TF will proceed on CPU.
2026-02-23 00:01:02,029 - INFO - 
2026-02-23 00:01:02,031 - INFO - ------- Hardware Configuration -------
2026-02-23 00:01:02,033 - INFO - CPU affinity set to cores: [0, 1, 2, 3]
2026-02-23 00:01:02,035 - INFO - 
2026-02-23 00:01:02,036 - INFO - ------- Data Preprocessing for EQCCTPro -------
2026-02-23 00:01:02,038 - INFO - 1 station(s) in /home/blackwinter/projects/eqcct/eqcctpro/data/waveforms_earthquakes_nonoise/20251230T114338Z_20251230T114438Z
2026-02-23 00:01:02,040 - INFO - Using 1 selected station(s): ['SUF'].
2026-02-23 00:01:02,042 - INFO - Creating model actor(s)...
2026-02-23 00:01:02,044 - INFO - System RAM: Total=7870 MB, Available=1342 MB
2026-02-23 00:01:02,046 - INFO - Usable RAM budget: 7083 MB (90% of total)
2026-02-23 00:01:02,049 - INFO - ===== MEMORY-AWARE CPU ACTOR POOL (EQCCT) =====
2026-02-23 00:01:02,051 - INFO - Requested concurrent tasks: 1
2026-02-23 00:01:02,053 - INFO - Available CPUs: 4
2026-02-23 00:01:02,055 - INFO - Available RAM: 7083 MB
2026-02-23 00:01:02,057 - INFO - RAM per model: 2264 MB
2026-02-23 00:01:02,059 - INFO - Max actors by RAM: 3
2026-02-23 00:01:02,061 - INFO - Creating 1 ModelActor(s)
2026-02-23 00:01:02,063 - INFO - Let Ray handle scheduling (taskset already restricts CPU visibility)
2026-02-23 00:01:02,065 - INFO - Creating ModelActor 1/1 (2.21GB RAM each)...
2026-02-23 00:01:05,975 - INFO - ModelActor 1 created successfully.
2026-02-23 00:01:05,977 - INFO - Created 1 CPU actor(s). Task queue will handle concurrency.
2026-02-23 00:01:05,980 - INFO - Starting EQCCTPro parallelized waveform processing...
2026-02-23 00:01:05,982 - INFO - 
2026-02-23 00:01:05,985 - INFO - ------- Analyzing Seismic Waveforms for P and S Picks via EQCCT -------
2026-02-23 00:01:05,988 - INFO - Analyzing 0:01:00 minute timechunk from 2025-12-30 11:43:38 to 2025-12-30 11:44:38 (0 min overlap)
2026-02-23 00:01:05,990 - INFO - Processing a total of 1 stations, 1 at a time.
2026-02-23 00:01:10,306 - INFO - (1/1) SUF: Finished the prediction in 2.26s. (HP=1.0, LP=45.0)
2026-02-23 00:01:10,311 - INFO - 
2026-02-23 00:01:10,313 - INFO - ------- Parallel Station Waveform Processing Complete For 2025-12-30 11:43:38 to 2025-12-30 11:44:38 Timechunk-------
2026-02-23 00:01:10,315 - INFO - Picks saved at /home/blackwinter/projects/eqcct/eqcctpro/results/csv/bm_eq_nonoise/20251230T114338Z_20251230T114438ZProcess Runtime: 4.33 s
2026-02-23 00:01:10,319 - INFO - Successfully ran EQCCTPro, exiting...
2026-02-23 00:01:12,153 - INFO - Ray Successfully Shutdown.
2026-02-23 00:01:12,154 - INFO - ------- Successfully Picked All Waveform(s) from all Timechunk(s) -------
