2026-03-11 00:33:50,965 - INFO - 
2026-03-11 00:33:50,965 - INFO - ------- Welcome to EQCCTPro -------
2026-03-11 00:33:50,965 - INFO - 
2026-03-11 00:33:50,965 - INFO - Running EQCCT over Requested MSeed Files using CPU(s)...
2026-03-11 00:33:50,966 - INFO - GPU disabled (CPU-only).
2026-03-11 00:33:50,966 - INFO - Configured Intra-op threads = 1
2026-03-11 00:33:50,966 - INFO - Configured Inter-op threads = 1
2026-03-11 00:33:50,966 - INFO - TensorFlow: No GPUs visible; TF will proceed on CPU.
2026-03-11 00:33:50,966 - INFO - 
2026-03-11 00:33:56,512 - INFO - Ray Successfully Initialized with 4 CPU(s) ([0, 1, 2, 3] CPU Affinity Binding).
2026-03-11 00:33:56,512 - INFO - Analyzing 1 time chunk(s) from 2025-01-10 14:13:43 to 2025-01-10 14:14:43 (dt=1min, overlap=0min).
2026-03-11 00:33:56,512 - INFO - Using 1 selected station(s).
2026-03-11 00:33:56,512 - INFO - 
2026-03-11 00:33:56,512 - INFO - ------- Starting EQCCTPro... -------
2026-03-11 00:33:56,513 - INFO - Detailed subprocess information can be found in the log file.
2026-03-11 00:33:56,513 - INFO - 
2026-03-11 00:33:56,876 - INFO - GPU disabled (CPU-only).
2026-03-11 00:33:58,369 - INFO - Configured Intra-op threads = 1
2026-03-11 00:33:58,372 - INFO - Configured Inter-op threads = 1
2026-03-11 00:33:58,416 - INFO - TensorFlow: No GPUs visible; TF will proceed on CPU.
2026-03-11 00:33:58,419 - INFO - 
2026-03-11 00:33:58,421 - INFO - ------- Hardware Configuration -------
2026-03-11 00:33:58,423 - INFO - CPU affinity set to cores: [0, 1, 2, 3]
2026-03-11 00:33:58,425 - INFO - 
2026-03-11 00:33:58,427 - INFO - ------- Data Preprocessing for EQCCTPro -------
2026-03-11 00:33:58,429 - INFO - 1 station(s) in /home/blackwinter/projects/eqcct/eqcctpro/data/waveforms_noise_only/20250110T141343Z_20250110T141443Z
2026-03-11 00:33:58,431 - INFO - Using 1 selected station(s): ['RANF'].
2026-03-11 00:33:58,434 - INFO - Creating model actor(s)...
2026-03-11 00:33:58,436 - INFO - System RAM: Total=7870 MB, Available=2522 MB
2026-03-11 00:33:58,438 - INFO - Usable RAM budget: 7083 MB (90% of total)
2026-03-11 00:33:58,441 - INFO - ===== MEMORY-AWARE CPU ACTOR POOL (EQCCT) =====
2026-03-11 00:33:58,443 - INFO - Requested concurrent tasks: 1
2026-03-11 00:33:58,445 - INFO - Available CPUs: 4
2026-03-11 00:33:58,447 - INFO - Available RAM: 7083 MB
2026-03-11 00:33:58,449 - INFO - RAM per model: 2264 MB
2026-03-11 00:33:58,451 - INFO - Max actors by RAM: 3
2026-03-11 00:33:58,453 - INFO - Creating 1 ModelActor(s)
2026-03-11 00:33:58,456 - INFO - Let Ray handle scheduling (taskset already restricts CPU visibility)
2026-03-11 00:33:58,458 - INFO - Creating ModelActor 1/1 (2.21GB RAM each)...
2026-03-11 00:34:02,463 - INFO - ModelActor 1 created successfully.
2026-03-11 00:34:02,465 - INFO - Created 1 CPU actor(s). Task queue will handle concurrency.
2026-03-11 00:34:02,467 - INFO - Starting EQCCTPro parallelized waveform processing...
2026-03-11 00:34:02,469 - INFO - 
2026-03-11 00:34:02,471 - INFO - ------- Analyzing Seismic Waveforms for P and S Picks via EQCCT -------
2026-03-11 00:34:02,473 - INFO - Analyzing 0:01:00 minute timechunk from 2025-01-10 14:13:43 to 2025-01-10 14:14:43 (0 min overlap)
2026-03-11 00:34:02,475 - INFO - Processing a total of 1 stations, 1 at a time.
2026-03-11 00:34:06,729 - INFO - (1/1) RANF: Finished the prediction in 2.35s. (HP=1.0, LP=45.0)
2026-03-11 00:34:06,733 - INFO - 
2026-03-11 00:34:06,735 - INFO - ------- Parallel Station Waveform Processing Complete For 2025-01-10 14:13:43 to 2025-01-10 14:14:43 Timechunk-------
2026-03-11 00:34:06,737 - INFO - Picks saved at /home/blackwinter/projects/eqcct/eqcctpro/results/csv/bm_noise_only/20250110T141343Z_20250110T141443ZProcess Runtime: 4.27 s
2026-03-11 00:34:06,744 - INFO - Successfully ran EQCCTPro, exiting...
2026-03-11 00:34:08,311 - INFO - Ray Successfully Shutdown.
2026-03-11 00:34:08,312 - INFO - ------- Successfully Picked All Waveform(s) from all Timechunk(s) -------
2026-03-11 15:07:46,703 - INFO - 
2026-03-11 15:07:46,703 - INFO - ------- Welcome to EQCCTPro -------
2026-03-11 15:07:46,703 - INFO - 
2026-03-11 15:07:46,704 - INFO - Running EQCCT over Requested MSeed Files using CPU(s)...
2026-03-11 15:07:46,704 - INFO - GPU disabled (CPU-only).
2026-03-11 15:07:46,705 - INFO - Configured Intra-op threads = 1
2026-03-11 15:07:46,705 - INFO - Configured Inter-op threads = 1
2026-03-11 15:07:46,705 - INFO - TensorFlow: No GPUs visible; TF will proceed on CPU.
2026-03-11 15:07:46,705 - INFO - 
2026-03-11 15:07:52,169 - INFO - Ray Successfully Initialized with 4 CPU(s) ([0, 1, 2, 3] CPU Affinity Binding).
2026-03-11 15:07:52,170 - INFO - Analyzing 1 time chunk(s) from 2025-01-10 14:13:43 to 2025-01-10 14:14:43 (dt=1min, overlap=0min).
2026-03-11 15:07:52,170 - INFO - Using 1 selected station(s).
2026-03-11 15:07:52,170 - INFO - 
2026-03-11 15:07:52,170 - INFO - ------- Starting EQCCTPro... -------
2026-03-11 15:07:52,170 - INFO - Detailed subprocess information can be found in the log file.
2026-03-11 15:07:52,170 - INFO - 
2026-03-11 15:07:52,587 - INFO - GPU disabled (CPU-only).
2026-03-11 15:07:54,078 - INFO - Configured Intra-op threads = 1
2026-03-11 15:07:54,080 - INFO - Configured Inter-op threads = 1
2026-03-11 15:07:54,121 - INFO - TensorFlow: No GPUs visible; TF will proceed on CPU.
2026-03-11 15:07:54,124 - INFO - 
2026-03-11 15:07:54,126 - INFO - ------- Hardware Configuration -------
2026-03-11 15:07:54,128 - INFO - CPU affinity set to cores: [0, 1, 2, 3]
2026-03-11 15:07:54,130 - INFO - 
2026-03-11 15:07:54,132 - INFO - ------- Data Preprocessing for EQCCTPro -------
2026-03-11 15:07:54,134 - INFO - 1 station(s) in /home/blackwinter/projects/eqcct/eqcctpro/data/waveforms_noise_only/20250110T141343Z_20250110T141443Z
2026-03-11 15:07:54,136 - INFO - Using 1 selected station(s): ['RANF'].
2026-03-11 15:07:54,138 - INFO - Creating model actor(s)...
2026-03-11 15:07:54,140 - INFO - System RAM: Total=7870 MB, Available=3402 MB
2026-03-11 15:07:54,141 - INFO - Usable RAM budget: 7083 MB (90% of total)
2026-03-11 15:07:54,143 - INFO - ===== MEMORY-AWARE CPU ACTOR POOL (EQCCT) =====
2026-03-11 15:07:54,145 - INFO - Requested concurrent tasks: 1
2026-03-11 15:07:54,147 - INFO - Available CPUs: 4
2026-03-11 15:07:54,149 - INFO - Available RAM: 7083 MB
2026-03-11 15:07:54,151 - INFO - RAM per model: 2264 MB
2026-03-11 15:07:54,154 - INFO - Max actors by RAM: 3
2026-03-11 15:07:54,156 - INFO - Creating 1 ModelActor(s)
2026-03-11 15:07:54,158 - INFO - Let Ray handle scheduling (taskset already restricts CPU visibility)
2026-03-11 15:07:54,161 - INFO - Creating ModelActor 1/1 (2.21GB RAM each)...
2026-03-11 15:07:58,030 - INFO - ModelActor 1 created successfully.
2026-03-11 15:07:58,033 - INFO - Created 1 CPU actor(s). Task queue will handle concurrency.
2026-03-11 15:07:58,035 - INFO - Starting EQCCTPro parallelized waveform processing...
2026-03-11 15:07:58,037 - INFO - 
2026-03-11 15:07:58,038 - INFO - ------- Analyzing Seismic Waveforms for P and S Picks via EQCCT -------
2026-03-11 15:07:58,041 - INFO - Analyzing 0:01:00 minute timechunk from 2025-01-10 14:13:43 to 2025-01-10 14:14:43 (0 min overlap)
2026-03-11 15:07:58,043 - INFO - Processing a total of 1 stations, 1 at a time.
2026-03-11 15:07:59,948 - INFO - (1/1) RANF: Skipped (already exists - overwrite=False).
2026-03-11 15:07:59,950 - INFO - 
2026-03-11 15:07:59,953 - INFO - ------- Parallel Station Waveform Processing Complete For 2025-01-10 14:13:43 to 2025-01-10 14:14:43 Timechunk-------
2026-03-11 15:07:59,955 - INFO - Picks saved at /home/blackwinter/projects/eqcct/eqcctpro/results/csv/bm_noise_only/20250110T141343Z_20250110T141443ZProcess Runtime: 1.92 s
2026-03-11 15:07:59,959 - INFO - Successfully ran EQCCTPro, exiting...
2026-03-11 15:08:01,635 - INFO - Ray Successfully Shutdown.
2026-03-11 15:08:01,636 - INFO - ------- Successfully Picked All Waveform(s) from all Timechunk(s) -------
