2026-03-28 21:37:59,653 - INFO - 
2026-03-28 21:37:59,653 - INFO - ------- Welcome to EQCCTPro -------
2026-03-28 21:37:59,653 - INFO - 
2026-03-28 21:37:59,653 - INFO - Running EQCCT over Requested MSeed Files using CPU(s)...
2026-03-28 21:37:59,654 - INFO - GPU disabled (CPU-only).
2026-03-29 04:16:50,821 - INFO - 
2026-03-29 04:16:50,822 - INFO - ------- Welcome to EQCCTPro -------
2026-03-29 04:16:50,822 - INFO - 
2026-03-29 04:16:50,823 - INFO - Running EQCCT over Requested MSeed Files using CPU(s)...
2026-03-29 04:16:50,823 - INFO - GPU disabled (CPU-only).
2026-03-29 04:16:50,823 - INFO - Configured Intra-op threads = 1
2026-03-29 04:16:50,823 - INFO - Configured Inter-op threads = 1
2026-03-29 04:16:50,823 - INFO - TensorFlow: No GPUs visible; TF will proceed on CPU.
2026-03-29 04:16:50,824 - INFO - 
2026-03-29 04:16:56,411 - INFO - Ray Successfully Initialized with 4 CPU(s) ([0, 1, 2, 3] CPU Affinity Binding).
2026-03-29 04:16:56,412 - INFO - Analyzing 1 time chunk(s) from 2025-01-16 11:42:13 to 2025-01-16 11:43:13 (dt=1min, overlap=0min).
2026-03-29 04:16:56,412 - INFO - Using 1 selected station(s).
2026-03-29 04:16:56,412 - INFO - 
2026-03-29 04:16:56,412 - INFO - ------- Starting EQCCTPro... -------
2026-03-29 04:16:56,412 - INFO - Detailed subprocess information can be found in the log file.
2026-03-29 04:16:56,412 - INFO - 
2026-03-29 04:16:56,819 - INFO - GPU disabled (CPU-only).
2026-03-29 04:16:58,503 - INFO - Configured Intra-op threads = 1
2026-03-29 04:16:58,506 - INFO - Configured Inter-op threads = 1
2026-03-29 04:16:58,551 - INFO - TensorFlow: No GPUs visible; TF will proceed on CPU.
2026-03-29 04:16:58,554 - INFO - 
2026-03-29 04:16:58,557 - INFO - ------- Hardware Configuration -------
2026-03-29 04:16:58,560 - INFO - CPU affinity set to cores: [0, 1, 2, 3]
2026-03-29 04:16:58,563 - INFO - 
2026-03-29 04:16:58,565 - INFO - ------- Data Preprocessing for EQCCTPro -------
2026-03-29 04:16:58,568 - INFO - 1 station(s) in /home/blackwinter/projects/eqcct/eqcctpro/data/waveforms_explosions_nonoise/20250116T114213Z_20250116T114313Z
2026-03-29 04:16:58,570 - INFO - Using 1 selected station(s): ['FIA0'].
2026-03-29 04:16:58,573 - INFO - Creating model actor(s)...
2026-03-29 04:16:58,576 - INFO - System RAM: Total=7870 MB, Available=3081 MB
2026-03-29 04:16:58,578 - INFO - Usable RAM budget: 7083 MB (90% of total)
2026-03-29 04:16:58,581 - INFO - ===== MEMORY-AWARE CPU ACTOR POOL (EQCCT) =====
2026-03-29 04:16:58,583 - INFO - Requested concurrent tasks: 1
2026-03-29 04:16:58,585 - INFO - Available CPUs: 4
2026-03-29 04:16:58,588 - INFO - Available RAM: 7083 MB
2026-03-29 04:16:58,590 - INFO - RAM per model: 2264 MB
2026-03-29 04:16:58,593 - INFO - Max actors by RAM: 3
2026-03-29 04:16:58,596 - INFO - Creating 1 ModelActor(s)
2026-03-29 04:16:58,599 - INFO - Let Ray handle scheduling (taskset already restricts CPU visibility)
2026-03-29 04:16:58,602 - INFO - Creating ModelActor 1/1 (2.21GB RAM each)...
2026-03-29 04:17:02,995 - INFO - ModelActor 1 created successfully.
2026-03-29 04:17:02,997 - INFO - Created 1 CPU actor(s). Task queue will handle concurrency.
2026-03-29 04:17:03,000 - INFO - Starting EQCCTPro parallelized waveform processing...
2026-03-29 04:17:03,002 - INFO - 
2026-03-29 04:17:03,005 - INFO - ------- Analyzing Seismic Waveforms for P and S Picks via EQCCT -------
2026-03-29 04:17:03,008 - INFO - Analyzing 0:01:00 minute timechunk from 2025-01-16 11:42:13 to 2025-01-16 11:43:13 (0 min overlap)
2026-03-29 04:17:03,010 - INFO - Processing a total of 1 stations, 1 at a time.
2026-03-29 04:17:07,779 - INFO - (1/1) FIA0: Finished the prediction in 2.49s. (HP=1.0, LP=45.0)
2026-03-29 04:17:07,785 - INFO - 
2026-03-29 04:17:07,787 - INFO - ------- Parallel Station Waveform Processing Complete For 2025-01-16 11:42:13 to 2025-01-16 11:43:13 Timechunk-------
2026-03-29 04:17:07,795 - INFO - Successfully ran EQCCTPro, exiting...
2026-03-29 04:17:07,789 - INFO - Picks saved at /home/blackwinter/projects/eqcct/eqcctpro/results/csv/eqcct_explosions_th0_1/20250116T114213Z_20250116T114313ZProcess Runtime: 4.78 s
2026-03-29 04:17:09,463 - INFO - Ray Successfully Shutdown.
2026-03-29 04:17:09,464 - INFO - ------- Successfully Picked All Waveform(s) from all Timechunk(s) -------
