2026-03-20 00:14:15,123 - INFO - 
2026-03-20 00:14:15,123 - INFO - ------- Welcome to EQCCTPro -------
2026-03-20 00:14:15,123 - INFO - 
2026-03-20 00:14:15,124 - INFO - Running EQCCT over Requested MSeed Files using CPU(s)...
2026-03-20 00:14:15,124 - INFO - GPU disabled (CPU-only).
2026-03-20 00:14:15,125 - INFO - Configured Intra-op threads = 1
2026-03-20 00:14:15,125 - INFO - Configured Inter-op threads = 1
2026-03-20 00:14:15,125 - INFO - TensorFlow: No GPUs visible; TF will proceed on CPU.
2026-03-20 00:14:15,125 - INFO - 
2026-03-20 00:14:20,549 - INFO - Ray Successfully Initialized with 4 CPU(s) ([0, 1, 2, 3] CPU Affinity Binding).
2026-03-20 00:14:20,549 - INFO - Analyzing 1 time chunk(s) from 2025-03-13 16:18:36 to 2025-03-13 16:19:36 (dt=1min, overlap=0min).
2026-03-20 00:14:20,549 - INFO - Using 1 selected station(s).
2026-03-20 00:14:20,550 - INFO - 
2026-03-20 00:14:20,550 - INFO - ------- Starting EQCCTPro... -------
2026-03-20 00:14:20,550 - INFO - Detailed subprocess information can be found in the log file.
2026-03-20 00:14:20,550 - INFO - 
2026-03-20 00:14:20,913 - INFO - GPU disabled (CPU-only).
2026-03-20 00:14:22,380 - INFO - Configured Intra-op threads = 1
2026-03-20 00:14:22,382 - INFO - Configured Inter-op threads = 1
2026-03-20 00:14:22,424 - INFO - TensorFlow: No GPUs visible; TF will proceed on CPU.
2026-03-20 00:14:22,426 - INFO - 
2026-03-20 00:14:22,428 - INFO - ------- Hardware Configuration -------
2026-03-20 00:14:22,431 - INFO - CPU affinity set to cores: [0, 1, 2, 3]
2026-03-20 00:14:22,433 - INFO - 
2026-03-20 00:14:22,435 - INFO - ------- Data Preprocessing for EQCCTPro -------
2026-03-20 00:14:22,437 - INFO - 1 station(s) in /home/blackwinter/projects/eqcct/eqcctpro/data/waveforms_earthquakes_nonoise/20250313T161836Z_20250313T161936Z
2026-03-20 00:14:22,439 - INFO - Using 1 selected station(s): ['RAJF'].
2026-03-20 00:14:22,442 - INFO - Creating model actor(s)...
2026-03-20 00:14:22,444 - INFO - System RAM: Total=7870 MB, Available=2508 MB
2026-03-20 00:14:22,446 - INFO - Usable RAM budget: 7083 MB (90% of total)
2026-03-20 00:14:22,448 - INFO - ===== MEMORY-AWARE CPU ACTOR POOL (EQCCT) =====
2026-03-20 00:14:22,451 - INFO - Requested concurrent tasks: 1
2026-03-20 00:14:22,453 - INFO - Available CPUs: 4
2026-03-20 00:14:22,455 - INFO - Available RAM: 7083 MB
2026-03-20 00:14:22,457 - INFO - RAM per model: 2264 MB
2026-03-20 00:14:22,459 - INFO - Max actors by RAM: 3
2026-03-20 00:14:22,461 - INFO - Creating 1 ModelActor(s)
2026-03-20 00:14:22,463 - INFO - Let Ray handle scheduling (taskset already restricts CPU visibility)
2026-03-20 00:14:22,464 - INFO - Creating ModelActor 1/1 (2.21GB RAM each)...
2026-03-20 00:14:26,468 - INFO - ModelActor 1 created successfully.
2026-03-20 00:14:26,470 - INFO - Created 1 CPU actor(s). Task queue will handle concurrency.
2026-03-20 00:14:26,473 - INFO - Starting EQCCTPro parallelized waveform processing...
2026-03-20 00:14:26,475 - INFO - 
2026-03-20 00:14:26,477 - INFO - ------- Analyzing Seismic Waveforms for P and S Picks via EQCCT -------
2026-03-20 00:14:26,479 - INFO - Analyzing 0:01:00 minute timechunk from 2025-03-13 16:18:36 to 2025-03-13 16:19:36 (0 min overlap)
2026-03-20 00:14:26,481 - INFO - Processing a total of 1 stations, 1 at a time.
2026-03-20 00:14:30,636 - INFO - (1/1) RAJF: Finished the prediction in 2.2s. (HP=1.0, LP=45.0)
2026-03-20 00:14:30,638 - INFO - 
2026-03-20 00:14:30,640 - INFO - ------- Parallel Station Waveform Processing Complete For 2025-03-13 16:18:36 to 2025-03-13 16:19:36 Timechunk-------
2026-03-20 00:14:30,645 - INFO - Successfully ran EQCCTPro, exiting...
2026-03-20 00:14:30,642 - INFO - Picks saved at /home/blackwinter/projects/eqcct/eqcctpro/results/csv/eqcct_earthquakes_th0_1/20250313T161836Z_20250313T161936ZProcess Runtime: 4.17 s
2026-03-20 00:14:32,138 - INFO - Ray Successfully Shutdown.
2026-03-20 00:14:32,138 - INFO - ------- Successfully Picked All Waveform(s) from all Timechunk(s) -------
