2026-03-28 19:30:40,162 - INFO - 
2026-03-28 19:30:40,162 - INFO - ------- Welcome to EQCCTPro -------
2026-03-28 19:30:40,162 - INFO - 
2026-03-28 19:30:40,163 - INFO - Running EQCCT over Requested MSeed Files using CPU(s)...
2026-03-28 19:30:40,163 - INFO - GPU disabled (CPU-only).
2026-03-28 19:30:40,163 - INFO - Skipping framework-specific initialization in the driver process.
2026-03-28 19:30:42,802 - INFO - Ray Successfully Initialized with 4 CPU(s) ([0, 1, 2, 3] CPU Affinity Binding).
2026-03-28 19:30:42,802 - INFO - Analyzing 1 time chunk(s) from 2025-01-20 11:38:33 to 2025-01-20 11:39:33 (dt=1min, overlap=0min).
2026-03-28 19:30:42,802 - INFO - Using 1 selected station(s).
2026-03-28 19:30:42,802 - INFO - 
2026-03-28 19:30:42,803 - INFO - ------- Starting EQCCTPro... -------
2026-03-28 19:30:42,803 - INFO - Detailed subprocess information can be found in the log file.
2026-03-28 19:30:42,803 - INFO - 
2026-03-28 19:30:43,123 - INFO - GPU disabled (CPU-only).
2026-03-28 19:30:43,128 - INFO - Skipping framework-specific initialization in the driver process.
2026-03-28 19:30:43,133 - INFO - ------- Hardware Configuration -------
2026-03-28 19:30:43,137 - INFO - CPU affinity set to cores: [0, 1, 2, 3]
2026-03-28 19:30:43,141 - INFO - 
2026-03-28 19:30:43,145 - INFO - ------- Data Preprocessing for EQCCTPro -------
2026-03-28 19:30:43,148 - INFO - 1 station(s) in /home/blackwinter/projects/eqcct/eqcctpro/data/waveforms_explosions_nonoise/20250120T113833Z_20250120T113933Z
2026-03-28 19:30:43,152 - INFO - Using 1 selected station(s): ['RAF'].
2026-03-28 19:30:43,155 - INFO - Creating model actor(s)...
2026-03-28 19:30:43,159 - INFO - System RAM: Total=7870 MB, Available=4051 MB
2026-03-28 19:30:43,163 - INFO - Usable RAM budget: 7083 MB (90% of total)
2026-03-28 19:30:43,167 - INFO - ===== MEMORY-AWARE CPU ACTOR POOL =====
2026-03-28 19:30:43,170 - INFO - Requested concurrent tasks: 1
2026-03-28 19:30:43,173 - INFO - Available CPUs: 4
2026-03-28 19:30:43,176 - INFO - Available RAM: 7083 MB
2026-03-28 19:30:43,179 - INFO - RAM per model: 2060 MB
2026-03-28 19:30:43,182 - INFO - Max actors by RAM: 3
2026-03-28 19:30:43,186 - INFO - Creating 1 SeisBenchModelActor(s)
2026-03-28 19:30:43,189 - INFO - Let Ray handle scheduling (taskset already restricts CPU visibility)
2026-03-28 19:30:43,193 - INFO - Creating SeisBenchModelActor 1/1 (2.01GB RAM each)...
2026-03-28 19:30:46,691 - INFO - SeisBenchModelActor 1 created successfully.
2026-03-28 19:30:46,695 - INFO - Created 1 CPU actor(s). Task queue will handle concurrency.
2026-03-28 19:30:46,698 - INFO - Starting EQCCTPro parallelized waveform processing...
2026-03-28 19:30:46,701 - INFO - 
2026-03-28 19:30:46,704 - INFO - ------- Analyzing Seismic Waveforms for P and S Picks via SeisBench (EQTransformer - original_nonconservative) -------
2026-03-28 19:30:46,707 - INFO - Analyzing 0:01:00 minute timechunk from 2025-01-20 11:38:33 to 2025-01-20 11:39:33 (0 min overlap)
2026-03-28 19:30:46,710 - INFO - Processing a total of 1 stations, 1 at a time.
2026-03-28 19:30:49,050 - INFO - (1/1) RAF: Finished the prediction in 0.13s. (HP=1.0, LP=45.0, picks=1)
2026-03-28 19:30:49,052 - INFO - 
2026-03-28 19:30:49,055 - INFO - ------- Parallel Station Waveform Processing Complete For 2025-01-20 11:38:33 to 2025-01-20 11:39:33 Timechunk-------
2026-03-28 19:30:49,058 - INFO - Picks saved at /home/blackwinter/projects/eqcct/eqcctpro/results/csv/eqt_explosions_th0_1/20250120T113833Z_20250120T113933ZProcess Runtime: 2.35 s
2026-03-28 19:30:49,064 - INFO - Successfully ran EQCCTPro, exiting...
2026-03-28 19:30:50,663 - INFO - Ray Successfully Shutdown.
2026-03-28 19:30:50,664 - INFO - ------- Successfully Picked All Waveform(s) from all Timechunk(s) -------
