2026-03-28 21:37:59,584 - INFO - 
2026-03-28 21:37:59,584 - INFO - ------- Welcome to EQCCTPro -------
2026-03-28 21:37:59,584 - INFO - 
2026-03-28 21:37:59,584 - INFO - Running EQCCT over Requested MSeed Files using CPU(s)...
2026-03-28 21:37:59,584 - INFO - GPU disabled (CPU-only).
2026-03-29 04:10:14,596 - INFO - 
2026-03-29 04:10:14,599 - INFO - ------- Welcome to EQCCTPro -------
2026-03-29 04:10:14,599 - INFO - 
2026-03-29 04:10:14,601 - INFO - Running EQCCT over Requested MSeed Files using CPU(s)...
2026-03-29 04:10:14,601 - INFO - GPU disabled (CPU-only).
2026-03-29 04:10:14,601 - INFO - Configured Intra-op threads = 1
2026-03-29 04:10:14,601 - INFO - Configured Inter-op threads = 1
2026-03-29 04:10:14,602 - INFO - TensorFlow: No GPUs visible; TF will proceed on CPU.
2026-03-29 04:10:14,602 - INFO - 
2026-03-29 04:10:19,759 - INFO - Ray Successfully Initialized with 4 CPU(s) ([0, 1, 2, 3] CPU Affinity Binding).
2026-03-29 04:10:19,759 - INFO - Analyzing 1 time chunk(s) from 2025-01-16 11:37:34 to 2025-01-16 11:38:34 (dt=1min, overlap=0min).
2026-03-29 04:10:19,759 - INFO - Using 1 selected station(s).
2026-03-29 04:10:19,759 - INFO - 
2026-03-29 04:10:19,759 - INFO - ------- Starting EQCCTPro... -------
2026-03-29 04:10:19,760 - INFO - Detailed subprocess information can be found in the log file.
2026-03-29 04:10:19,760 - INFO - 
2026-03-29 04:10:20,169 - INFO - GPU disabled (CPU-only).
2026-03-29 04:10:21,962 - INFO - Configured Intra-op threads = 1
2026-03-29 04:10:21,967 - INFO - Configured Inter-op threads = 1
2026-03-29 04:10:22,013 - INFO - TensorFlow: No GPUs visible; TF will proceed on CPU.
2026-03-29 04:10:22,015 - INFO - 
2026-03-29 04:10:22,018 - INFO - ------- Hardware Configuration -------
2026-03-29 04:10:22,021 - INFO - CPU affinity set to cores: [0, 1, 2, 3]
2026-03-29 04:10:22,024 - INFO - 
2026-03-29 04:10:22,026 - INFO - ------- Data Preprocessing for EQCCTPro -------
2026-03-29 04:10:22,028 - INFO - 1 station(s) in /home/blackwinter/projects/eqcct/eqcctpro/data/waveforms_explosions_nonoise/20250116T113734Z_20250116T113834Z
2026-03-29 04:10:22,031 - INFO - Using 1 selected station(s): ['KY17'].
2026-03-29 04:10:22,033 - INFO - Creating model actor(s)...
2026-03-29 04:10:22,036 - INFO - System RAM: Total=7870 MB, Available=3140 MB
2026-03-29 04:10:22,038 - INFO - Usable RAM budget: 7083 MB (90% of total)
2026-03-29 04:10:22,041 - INFO - ===== MEMORY-AWARE CPU ACTOR POOL (EQCCT) =====
2026-03-29 04:10:22,044 - INFO - Requested concurrent tasks: 1
2026-03-29 04:10:22,046 - INFO - Available CPUs: 4
2026-03-29 04:10:22,049 - INFO - Available RAM: 7083 MB
2026-03-29 04:10:22,051 - INFO - RAM per model: 2264 MB
2026-03-29 04:10:22,054 - INFO - Max actors by RAM: 3
2026-03-29 04:10:22,057 - INFO - Creating 1 ModelActor(s)
2026-03-29 04:10:22,059 - INFO - Let Ray handle scheduling (taskset already restricts CPU visibility)
2026-03-29 04:10:22,061 - INFO - Creating ModelActor 1/1 (2.21GB RAM each)...
2026-03-29 04:10:26,408 - INFO - ModelActor 1 created successfully.
2026-03-29 04:10:26,411 - INFO - Created 1 CPU actor(s). Task queue will handle concurrency.
2026-03-29 04:10:26,414 - INFO - Starting EQCCTPro parallelized waveform processing...
2026-03-29 04:10:26,417 - INFO - 
2026-03-29 04:10:26,420 - INFO - ------- Analyzing Seismic Waveforms for P and S Picks via EQCCT -------
2026-03-29 04:10:26,424 - INFO - Analyzing 0:01:00 minute timechunk from 2025-01-16 11:37:34 to 2025-01-16 11:38:34 (0 min overlap)
2026-03-29 04:10:26,427 - INFO - Processing a total of 1 stations, 1 at a time.
2026-03-29 04:10:30,899 - INFO - (1/1) KY17: Finished the prediction in 2.38s. (HP=1.0, LP=45.0)
2026-03-29 04:10:30,901 - INFO - 
2026-03-29 04:10:30,904 - INFO - ------- Parallel Station Waveform Processing Complete For 2025-01-16 11:37:34 to 2025-01-16 11:38:34 Timechunk-------
2026-03-29 04:10:30,907 - INFO - Picks saved at /home/blackwinter/projects/eqcct/eqcctpro/results/csv/eqcct_explosions_th0_1/20250116T113734Z_20250116T113834ZProcess Runtime: 4.49 s
2026-03-29 04:10:30,912 - INFO - Successfully ran EQCCTPro, exiting...
2026-03-29 04:10:32,643 - INFO - Ray Successfully Shutdown.
2026-03-29 04:10:32,643 - INFO - ------- Successfully Picked All Waveform(s) from all Timechunk(s) -------
