2026-03-28 21:38:00,664 - INFO - 
2026-03-28 21:38:00,664 - INFO - ------- Welcome to EQCCTPro -------
2026-03-28 21:38:00,664 - INFO - 
2026-03-28 21:38:00,665 - INFO - Running EQCCT over Requested MSeed Files using CPU(s)...
2026-03-28 21:38:00,665 - INFO - GPU disabled (CPU-only).
2026-03-29 06:04:32,560 - INFO - 
2026-03-29 06:04:32,560 - INFO - ------- Welcome to EQCCTPro -------
2026-03-29 06:04:32,560 - INFO - 
2026-03-29 06:04:32,561 - INFO - Running EQCCT over Requested MSeed Files using CPU(s)...
2026-03-29 06:04:32,561 - INFO - GPU disabled (CPU-only).
2026-03-29 06:04:32,562 - INFO - Configured Intra-op threads = 1
2026-03-29 06:04:32,562 - INFO - Configured Inter-op threads = 1
2026-03-29 06:04:32,562 - INFO - TensorFlow: No GPUs visible; TF will proceed on CPU.
2026-03-29 06:04:32,562 - INFO - 
2026-03-29 06:04:37,818 - INFO - Ray Successfully Initialized with 4 CPU(s) ([0, 1, 2, 3] CPU Affinity Binding).
2026-03-29 06:04:37,818 - INFO - Analyzing 1 time chunk(s) from 2025-01-21 18:53:46 to 2025-01-21 18:54:46 (dt=1min, overlap=0min).
2026-03-29 06:04:37,818 - INFO - Using 1 selected station(s).
2026-03-29 06:04:37,818 - INFO - 
2026-03-29 06:04:37,818 - INFO - ------- Starting EQCCTPro... -------
2026-03-29 06:04:37,819 - INFO - Detailed subprocess information can be found in the log file.
2026-03-29 06:04:37,819 - INFO - 
2026-03-29 06:04:38,252 - INFO - GPU disabled (CPU-only).
2026-03-29 06:04:39,955 - INFO - Configured Intra-op threads = 1
2026-03-29 06:04:39,957 - INFO - Configured Inter-op threads = 1
2026-03-29 06:04:39,999 - INFO - TensorFlow: No GPUs visible; TF will proceed on CPU.
2026-03-29 06:04:40,002 - INFO - 
2026-03-29 06:04:40,004 - INFO - ------- Hardware Configuration -------
2026-03-29 06:04:40,007 - INFO - CPU affinity set to cores: [0, 1, 2, 3]
2026-03-29 06:04:40,009 - INFO - 
2026-03-29 06:04:40,012 - INFO - ------- Data Preprocessing for EQCCTPro -------
2026-03-29 06:04:40,014 - INFO - 1 station(s) in /home/blackwinter/projects/eqcct/eqcctpro/data/waveforms_explosions_nonoise/20250121T185346Z_20250121T185446Z
2026-03-29 06:04:40,015 - INFO - Using 1 selected station(s): ['RANF'].
2026-03-29 06:04:40,017 - INFO - Creating model actor(s)...
2026-03-29 06:04:40,020 - INFO - System RAM: Total=7870 MB, Available=2954 MB
2026-03-29 06:04:40,022 - INFO - Usable RAM budget: 7083 MB (90% of total)
2026-03-29 06:04:40,025 - INFO - ===== MEMORY-AWARE CPU ACTOR POOL (EQCCT) =====
2026-03-29 06:04:40,027 - INFO - Requested concurrent tasks: 1
2026-03-29 06:04:40,030 - INFO - Available CPUs: 4
2026-03-29 06:04:40,032 - INFO - Available RAM: 7083 MB
2026-03-29 06:04:40,034 - INFO - RAM per model: 2264 MB
2026-03-29 06:04:40,037 - INFO - Max actors by RAM: 3
2026-03-29 06:04:40,039 - INFO - Creating 1 ModelActor(s)
2026-03-29 06:04:40,041 - INFO - Let Ray handle scheduling (taskset already restricts CPU visibility)
2026-03-29 06:04:40,043 - INFO - Creating ModelActor 1/1 (2.21GB RAM each)...
2026-03-29 06:04:44,395 - INFO - ModelActor 1 created successfully.
2026-03-29 06:04:44,397 - INFO - Created 1 CPU actor(s). Task queue will handle concurrency.
2026-03-29 06:04:44,400 - INFO - Starting EQCCTPro parallelized waveform processing...
2026-03-29 06:04:44,402 - INFO - 
2026-03-29 06:04:44,405 - INFO - ------- Analyzing Seismic Waveforms for P and S Picks via EQCCT -------
2026-03-29 06:04:44,408 - INFO - Analyzing 0:01:00 minute timechunk from 2025-01-21 18:53:46 to 2025-01-21 18:54:46 (0 min overlap)
2026-03-29 06:04:44,410 - INFO - Processing a total of 1 stations, 1 at a time.
2026-03-29 06:04:48,941 - INFO - (1/1) RANF: Finished the prediction in 2.46s. (HP=1.0, LP=45.0)
2026-03-29 06:04:48,943 - INFO - 
2026-03-29 06:04:48,946 - INFO - ------- Parallel Station Waveform Processing Complete For 2025-01-21 18:53:46 to 2025-01-21 18:54:46 Timechunk-------
2026-03-29 06:04:48,949 - INFO - Picks saved at /home/blackwinter/projects/eqcct/eqcctpro/results/csv/eqcct_explosions_th0_1/20250121T185346Z_20250121T185446ZProcess Runtime: 4.54 s
2026-03-29 06:04:48,953 - INFO - Successfully ran EQCCTPro, exiting...
2026-03-29 06:04:50,690 - INFO - Ray Successfully Shutdown.
2026-03-29 06:04:50,690 - INFO - ------- Successfully Picked All Waveform(s) from all Timechunk(s) -------
