2026-03-28 09:52:03,068 - INFO - 
2026-03-28 09:52:03,069 - INFO - ------- Welcome to EQCCTPro -------
2026-03-28 09:52:03,069 - INFO - 
2026-03-28 09:52:03,069 - INFO - Running EQCCT over Requested MSeed Files using CPU(s)...
2026-03-28 09:52:03,069 - INFO - GPU disabled (CPU-only).
2026-03-28 09:52:03,070 - INFO - Skipping framework-specific initialization in the driver process.
2026-03-28 09:52:04,552 - INFO - Ray Successfully Initialized with 4 CPU(s) ([0, 1, 2, 3] CPU Affinity Binding).
2026-03-28 09:52:04,553 - INFO - Analyzing 1 time chunk(s) from 2025-01-04 02:31:07 to 2025-01-04 02:32:07 (dt=1min, overlap=0min).
2026-03-28 09:52:04,553 - INFO - Using 1 selected station(s).
2026-03-28 09:52:04,553 - INFO - 
2026-03-28 09:52:04,553 - INFO - ------- Starting EQCCTPro... -------
2026-03-28 09:52:04,553 - INFO - Detailed subprocess information can be found in the log file.
2026-03-28 09:52:04,553 - INFO - 
2026-03-28 09:52:04,854 - INFO - GPU disabled (CPU-only).
2026-03-28 09:52:04,859 - INFO - Skipping framework-specific initialization in the driver process.
2026-03-28 09:52:04,863 - INFO - ------- Hardware Configuration -------
2026-03-28 09:52:04,866 - INFO - CPU affinity set to cores: [0, 1, 2, 3]
2026-03-28 09:52:04,868 - INFO - 
2026-03-28 09:52:04,871 - INFO - ------- Data Preprocessing for EQCCTPro -------
2026-03-28 09:52:04,873 - INFO - 1 station(s) in /home/blackwinter/projects/eqcct/eqcctpro/data/waveforms_noise_only/20250104T023107Z_20250104T023207Z
2026-03-28 09:52:04,876 - INFO - Using 1 selected station(s): ['NIF'].
2026-03-28 09:52:04,879 - INFO - Creating model actor(s)...
2026-03-28 09:52:04,881 - INFO - System RAM: Total=7870 MB, Available=4755 MB
2026-03-28 09:52:04,884 - INFO - Usable RAM budget: 7083 MB (90% of total)
2026-03-28 09:52:04,887 - INFO - ===== MEMORY-AWARE CPU ACTOR POOL =====
2026-03-28 09:52:04,890 - INFO - Requested concurrent tasks: 1
2026-03-28 09:52:04,892 - INFO - Available CPUs: 4
2026-03-28 09:52:04,895 - INFO - Available RAM: 7083 MB
2026-03-28 09:52:04,897 - INFO - RAM per model: 2060 MB
2026-03-28 09:52:04,899 - INFO - Max actors by RAM: 3
2026-03-28 09:52:04,901 - INFO - Creating 1 SeisBenchModelActor(s)
2026-03-28 09:52:04,904 - INFO - Let Ray handle scheduling (taskset already restricts CPU visibility)
2026-03-28 09:52:04,906 - INFO - Creating SeisBenchModelActor 1/1 (2.01GB RAM each)...
2026-03-28 09:52:08,050 - INFO - SeisBenchModelActor 1 created successfully.
2026-03-28 09:52:08,053 - INFO - Created 1 CPU actor(s). Task queue will handle concurrency.
2026-03-28 09:52:08,057 - INFO - Starting EQCCTPro parallelized waveform processing...
2026-03-28 09:52:08,061 - INFO - 
2026-03-28 09:52:08,064 - INFO - ------- Analyzing Seismic Waveforms for P and S Picks via SeisBench (EQTransformer - original_nonconservative) -------
2026-03-28 09:52:08,068 - INFO - Analyzing 0:01:00 minute timechunk from 2025-01-04 02:31:07 to 2025-01-04 02:32:07 (0 min overlap)
2026-03-28 09:52:08,072 - INFO - Processing a total of 1 stations, 1 at a time.
2026-03-28 09:52:10,204 - INFO - (1/1) NIF: Finished the prediction in 0.13s. (HP=1.0, LP=45.0, picks=0)
2026-03-28 09:52:10,206 - INFO - 
2026-03-28 09:52:10,209 - INFO - ------- Parallel Station Waveform Processing Complete For 2025-01-04 02:31:07 to 2025-01-04 02:32:07 Timechunk-------
2026-03-28 09:52:10,212 - INFO - Picks saved at /home/blackwinter/projects/eqcct/eqcctpro/results/csv/eqt_noise_th0_1/20250104T023107Z_20250104T023207ZProcess Runtime: 2.15 s
2026-03-28 09:52:10,218 - INFO - Successfully ran EQCCTPro, exiting...
2026-03-28 09:52:11,775 - INFO - Ray Successfully Shutdown.
2026-03-28 09:52:11,775 - INFO - ------- Successfully Picked All Waveform(s) from all Timechunk(s) -------
