2026-03-28 20:58:46,440 - INFO - 
2026-03-28 20:58:46,440 - INFO - ------- Welcome to EQCCTPro -------
2026-03-28 20:58:46,440 - INFO - 
2026-03-28 20:58:46,441 - INFO - Running EQCCT over Requested MSeed Files using CPU(s)...
2026-03-28 20:58:46,441 - INFO - GPU disabled (CPU-only).
2026-03-28 20:58:46,441 - INFO - Skipping framework-specific initialization in the driver process.
2026-03-28 20:58:49,071 - INFO - Ray Successfully Initialized with 4 CPU(s) ([0, 1, 2, 3] CPU Affinity Binding).
2026-03-28 20:58:49,071 - INFO - Analyzing 1 time chunk(s) from 2025-01-24 10:48:12 to 2025-01-24 10:49:12 (dt=1min, overlap=0min).
2026-03-28 20:58:49,071 - INFO - Using 1 selected station(s).
2026-03-28 20:58:49,071 - INFO - 
2026-03-28 20:58:49,072 - INFO - ------- Starting EQCCTPro... -------
2026-03-28 20:58:49,072 - INFO - Detailed subprocess information can be found in the log file.
2026-03-28 20:58:49,072 - INFO - 
2026-03-28 20:58:49,426 - INFO - GPU disabled (CPU-only).
2026-03-28 20:58:49,432 - INFO - Skipping framework-specific initialization in the driver process.
2026-03-28 20:58:49,435 - INFO - ------- Hardware Configuration -------
2026-03-28 20:58:49,438 - INFO - CPU affinity set to cores: [0, 1, 2, 3]
2026-03-28 20:58:49,441 - INFO - 
2026-03-28 20:58:49,444 - INFO - ------- Data Preprocessing for EQCCTPro -------
2026-03-28 20:58:49,447 - INFO - 1 station(s) in /home/blackwinter/projects/eqcct/eqcctpro/data/waveforms_explosions_nonoise/20250124T104812Z_20250124T104912Z
2026-03-28 20:58:49,450 - INFO - Using 1 selected station(s): ['KU2'].
2026-03-28 20:58:49,453 - INFO - Creating model actor(s)...
2026-03-28 20:58:49,456 - INFO - System RAM: Total=7870 MB, Available=4100 MB
2026-03-28 20:58:49,459 - INFO - Usable RAM budget: 7083 MB (90% of total)
2026-03-28 20:58:49,462 - INFO - ===== MEMORY-AWARE CPU ACTOR POOL =====
2026-03-28 20:58:49,465 - INFO - Requested concurrent tasks: 1
2026-03-28 20:58:49,469 - INFO - Available CPUs: 4
2026-03-28 20:58:49,471 - INFO - Available RAM: 7083 MB
2026-03-28 20:58:49,474 - INFO - RAM per model: 2060 MB
2026-03-28 20:58:49,477 - INFO - Max actors by RAM: 3
2026-03-28 20:58:49,480 - INFO - Creating 1 SeisBenchModelActor(s)
2026-03-28 20:58:49,483 - INFO - Let Ray handle scheduling (taskset already restricts CPU visibility)
2026-03-28 20:58:49,486 - INFO - Creating SeisBenchModelActor 1/1 (2.01GB RAM each)...
2026-03-28 20:58:52,459 - INFO - SeisBenchModelActor 1 created successfully.
2026-03-28 20:58:52,462 - INFO - Created 1 CPU actor(s). Task queue will handle concurrency.
2026-03-28 20:58:52,464 - INFO - Starting EQCCTPro parallelized waveform processing...
2026-03-28 20:58:52,467 - INFO - 
2026-03-28 20:58:52,470 - INFO - ------- Analyzing Seismic Waveforms for P and S Picks via SeisBench (EQTransformer - original_nonconservative) -------
2026-03-28 20:58:52,472 - INFO - Analyzing 0:01:00 minute timechunk from 2025-01-24 10:48:12 to 2025-01-24 10:49:12 (0 min overlap)
2026-03-28 20:58:52,474 - INFO - Processing a total of 1 stations, 1 at a time.
2026-03-28 20:58:54,853 - INFO - (1/1) KU2: Finished the prediction in 0.16s. (HP=1.0, LP=45.0, picks=2)
2026-03-28 20:58:54,855 - INFO - 
2026-03-28 20:58:54,857 - INFO - ------- Parallel Station Waveform Processing Complete For 2025-01-24 10:48:12 to 2025-01-24 10:49:12 Timechunk-------
2026-03-28 20:58:54,861 - INFO - Picks saved at /home/blackwinter/projects/eqcct/eqcctpro/results/csv/eqt_explosions_th0_1/20250124T104812Z_20250124T104912ZProcess Runtime: 2.39 s
2026-03-28 20:58:54,870 - INFO - Successfully ran EQCCTPro, exiting...
2026-03-28 20:58:56,680 - INFO - Ray Successfully Shutdown.
2026-03-28 20:58:56,681 - INFO - ------- Successfully Picked All Waveform(s) from all Timechunk(s) -------
