2026-03-27 22:16:40,921 - INFO - 
2026-03-27 22:16:40,921 - INFO - ------- Welcome to EQCCTPro -------
2026-03-27 22:16:40,921 - INFO - 
2026-03-27 22:16:40,922 - INFO - Running EQCCT over Requested MSeed Files using CPU(s)...
2026-03-27 22:16:40,922 - INFO - GPU disabled (CPU-only).
2026-03-27 22:16:40,922 - INFO - Skipping framework-specific initialization in the driver process.
2026-03-27 22:16:43,416 - INFO - Ray Successfully Initialized with 4 CPU(s) ([0, 1, 2, 3] CPU Affinity Binding).
2026-03-27 22:16:43,416 - INFO - Analyzing 1 time chunk(s) from 2025-12-04 21:04:00 to 2025-12-04 21:05:00 (dt=1min, overlap=0min).
2026-03-27 22:16:43,417 - INFO - Using 1 selected station(s).
2026-03-27 22:16:43,417 - INFO - 
2026-03-27 22:16:43,417 - INFO - ------- Starting EQCCTPro... -------
2026-03-27 22:16:43,417 - INFO - Detailed subprocess information can be found in the log file.
2026-03-27 22:16:43,417 - INFO - 
2026-03-27 22:16:43,710 - INFO - GPU disabled (CPU-only).
2026-03-27 22:16:43,716 - INFO - Skipping framework-specific initialization in the driver process.
2026-03-27 22:16:43,719 - INFO - ------- Hardware Configuration -------
2026-03-27 22:16:43,722 - INFO - CPU affinity set to cores: [0, 1, 2, 3]
2026-03-27 22:16:43,724 - INFO - 
2026-03-27 22:16:43,727 - INFO - ------- Data Preprocessing for EQCCTPro -------
2026-03-27 22:16:43,730 - INFO - 1 station(s) in /home/blackwinter/projects/eqcct/eqcctpro/data/waveforms_earthquakes_nonoise/20251204T210400Z_20251204T210500Z
2026-03-27 22:16:43,732 - INFO - Using 1 selected station(s): ['KEV'].
2026-03-27 22:16:43,735 - INFO - Creating model actor(s)...
2026-03-27 22:16:43,738 - INFO - System RAM: Total=7870 MB, Available=5018 MB
2026-03-27 22:16:43,740 - INFO - Usable RAM budget: 7083 MB (90% of total)
2026-03-27 22:16:43,742 - INFO - ===== MEMORY-AWARE CPU ACTOR POOL =====
2026-03-27 22:16:43,745 - INFO - Requested concurrent tasks: 1
2026-03-27 22:16:43,747 - INFO - Available CPUs: 4
2026-03-27 22:16:43,749 - INFO - Available RAM: 7083 MB
2026-03-27 22:16:43,752 - INFO - RAM per model: 2060 MB
2026-03-27 22:16:43,754 - INFO - Max actors by RAM: 3
2026-03-27 22:16:43,757 - INFO - Creating 1 SeisBenchModelActor(s)
2026-03-27 22:16:43,759 - INFO - Let Ray handle scheduling (taskset already restricts CPU visibility)
2026-03-27 22:16:43,762 - INFO - Creating SeisBenchModelActor 1/1 (2.01GB RAM each)...
2026-03-27 22:16:46,529 - INFO - SeisBenchModelActor 1 created successfully.
2026-03-27 22:16:46,531 - INFO - Created 1 CPU actor(s). Task queue will handle concurrency.
2026-03-27 22:16:46,533 - INFO - Starting EQCCTPro parallelized waveform processing...
2026-03-27 22:16:46,536 - INFO - 
2026-03-27 22:16:46,537 - INFO - ------- Analyzing Seismic Waveforms for P and S Picks via SeisBench (EQTransformer - original_nonconservative) -------
2026-03-27 22:16:46,540 - INFO - Analyzing 0:01:00 minute timechunk from 2025-12-04 21:04:00 to 2025-12-04 21:05:00 (0 min overlap)
2026-03-27 22:16:46,542 - INFO - Processing a total of 1 stations, 1 at a time.
2026-03-27 22:16:48,682 - INFO - (1/1) KEV: Finished the prediction in 0.13s. (HP=1.0, LP=45.0, picks=2)
2026-03-27 22:16:48,684 - INFO - 
2026-03-27 22:16:48,686 - INFO - ------- Parallel Station Waveform Processing Complete For 2025-12-04 21:04:00 to 2025-12-04 21:05:00 Timechunk-------
2026-03-27 22:16:48,688 - INFO - Picks saved at /home/blackwinter/projects/eqcct/eqcctpro/results/csv/eqt_earthquakes_th0_1/20251204T210400Z_20251204T210500ZProcess Runtime: 2.15 s
2026-03-27 22:16:48,701 - INFO - Successfully ran EQCCTPro, exiting...
2026-03-27 22:16:50,536 - INFO - Ray Successfully Shutdown.
2026-03-27 22:16:50,537 - INFO - ------- Successfully Picked All Waveform(s) from all Timechunk(s) -------
2026-03-28 04:30:57,001 - INFO - 
2026-03-28 04:30:57,002 - INFO - ------- Welcome to EQCCTPro -------
2026-03-28 04:30:57,002 - INFO - 
2026-03-28 04:30:57,003 - INFO - Running EQCCT over Requested MSeed Files using CPU(s)...
2026-03-28 04:30:57,003 - INFO - GPU disabled (CPU-only).
2026-03-28 04:30:57,003 - INFO - Skipping framework-specific initialization in the driver process.
2026-03-28 04:30:59,473 - INFO - Ray Successfully Initialized with 4 CPU(s) ([0, 1, 2, 3] CPU Affinity Binding).
2026-03-28 04:30:59,473 - INFO - Analyzing 1 time chunk(s) from 2025-12-04 21:04:00 to 2025-12-04 21:05:00 (dt=1min, overlap=0min).
2026-03-28 04:30:59,473 - INFO - Using 1 selected station(s).
2026-03-28 04:30:59,473 - INFO - 
2026-03-28 04:30:59,474 - INFO - ------- Starting EQCCTPro... -------
2026-03-28 04:30:59,474 - INFO - Detailed subprocess information can be found in the log file.
2026-03-28 04:30:59,474 - INFO - 
2026-03-28 04:30:59,773 - INFO - GPU disabled (CPU-only).
2026-03-28 04:30:59,778 - INFO - Skipping framework-specific initialization in the driver process.
2026-03-28 04:30:59,780 - INFO - ------- Hardware Configuration -------
2026-03-28 04:30:59,783 - INFO - CPU affinity set to cores: [0, 1, 2, 3]
2026-03-28 04:30:59,786 - INFO - 
2026-03-28 04:30:59,788 - INFO - ------- Data Preprocessing for EQCCTPro -------
2026-03-28 04:30:59,791 - INFO - 1 station(s) in /home/blackwinter/projects/eqcct/eqcctpro/data/waveforms_earthquakes_nonoise/20251204T210400Z_20251204T210500Z
2026-03-28 04:30:59,794 - INFO - Using 1 selected station(s): ['KEV'].
2026-03-28 04:30:59,796 - INFO - Creating model actor(s)...
2026-03-28 04:30:59,799 - INFO - System RAM: Total=7870 MB, Available=5189 MB
2026-03-28 04:30:59,802 - INFO - Usable RAM budget: 7083 MB (90% of total)
2026-03-28 04:30:59,805 - INFO - ===== MEMORY-AWARE CPU ACTOR POOL =====
2026-03-28 04:30:59,807 - INFO - Requested concurrent tasks: 1
2026-03-28 04:30:59,810 - INFO - Available CPUs: 4
2026-03-28 04:30:59,813 - INFO - Available RAM: 7083 MB
2026-03-28 04:30:59,815 - INFO - RAM per model: 2060 MB
2026-03-28 04:30:59,817 - INFO - Max actors by RAM: 3
2026-03-28 04:30:59,820 - INFO - Creating 1 SeisBenchModelActor(s)
2026-03-28 04:30:59,823 - INFO - Let Ray handle scheduling (taskset already restricts CPU visibility)
2026-03-28 04:30:59,825 - INFO - Creating SeisBenchModelActor 1/1 (2.01GB RAM each)...
2026-03-28 04:31:03,837 - INFO - SeisBenchModelActor 1 created successfully.
2026-03-28 04:31:03,839 - INFO - Created 1 CPU actor(s). Task queue will handle concurrency.
2026-03-28 04:31:03,842 - INFO - Starting EQCCTPro parallelized waveform processing...
2026-03-28 04:31:03,845 - INFO - 
2026-03-28 04:31:03,848 - INFO - ------- Analyzing Seismic Waveforms for P and S Picks via SeisBench (EQTransformer - original_nonconservative) -------
2026-03-28 04:31:03,851 - INFO - Analyzing 0:01:00 minute timechunk from 2025-12-04 21:04:00 to 2025-12-04 21:05:00 (0 min overlap)
2026-03-28 04:31:03,853 - INFO - Processing a total of 1 stations, 1 at a time.
2026-03-28 04:31:05,973 - INFO - (1/1) KEV: Skipped (already exists - overwrite=False).
2026-03-28 04:31:05,975 - INFO - 
2026-03-28 04:31:05,978 - INFO - ------- Parallel Station Waveform Processing Complete For 2025-12-04 21:04:00 to 2025-12-04 21:05:00 Timechunk-------
2026-03-28 04:31:05,981 - INFO - Picks saved at /home/blackwinter/projects/eqcct/eqcctpro/results/csv/eqt_earthquakes_th0_1/20251204T210400Z_20251204T210500ZProcess Runtime: 2.13 s
2026-03-28 04:31:05,986 - INFO - Successfully ran EQCCTPro, exiting...
2026-03-28 04:31:07,908 - INFO - Ray Successfully Shutdown.
2026-03-28 04:31:07,908 - INFO - ------- Successfully Picked All Waveform(s) from all Timechunk(s) -------
