2026-03-27 20:05:53,256 - INFO - 
2026-03-27 20:05:53,256 - INFO - ------- Welcome to EQCCTPro -------
2026-03-27 20:05:53,256 - INFO - 
2026-03-27 20:05:53,257 - INFO - Running EQCCT over Requested MSeed Files using CPU(s)...
2026-03-27 20:05:53,257 - INFO - GPU disabled (CPU-only).
2026-03-27 20:05:53,257 - INFO - Skipping framework-specific initialization in the driver process.
2026-03-27 20:05:55,694 - INFO - Ray Successfully Initialized with 4 CPU(s) ([0, 1, 2, 3] CPU Affinity Binding).
2026-03-27 20:05:55,695 - INFO - Analyzing 1 time chunk(s) from 2025-08-13 15:06:45 to 2025-08-13 15:07:45 (dt=1min, overlap=0min).
2026-03-27 20:05:55,695 - INFO - Using 1 selected station(s).
2026-03-27 20:05:55,695 - INFO - 
2026-03-27 20:05:55,695 - INFO - ------- Starting EQCCTPro... -------
2026-03-27 20:05:55,696 - INFO - Detailed subprocess information can be found in the log file.
2026-03-27 20:05:55,696 - INFO - 
2026-03-27 20:05:55,959 - INFO - GPU disabled (CPU-only).
2026-03-27 20:05:55,963 - INFO - Skipping framework-specific initialization in the driver process.
2026-03-27 20:05:55,966 - INFO - ------- Hardware Configuration -------
2026-03-27 20:05:55,968 - INFO - CPU affinity set to cores: [0, 1, 2, 3]
2026-03-27 20:05:55,971 - INFO - 
2026-03-27 20:05:55,973 - INFO - ------- Data Preprocessing for EQCCTPro -------
2026-03-27 20:05:55,976 - INFO - 1 station(s) in /home/blackwinter/projects/eqcct/eqcctpro/data/waveforms_earthquakes_nonoise/20250813T150645Z_20250813T150745Z
2026-03-27 20:05:55,978 - INFO - Using 1 selected station(s): ['NUR'].
2026-03-27 20:05:55,981 - INFO - Creating model actor(s)...
2026-03-27 20:05:55,983 - INFO - System RAM: Total=7870 MB, Available=5919 MB
2026-03-27 20:05:55,986 - INFO - Usable RAM budget: 7083 MB (90% of total)
2026-03-27 20:05:55,988 - INFO - ===== MEMORY-AWARE CPU ACTOR POOL =====
2026-03-27 20:05:55,990 - INFO - Requested concurrent tasks: 1
2026-03-27 20:05:55,992 - INFO - Available CPUs: 4
2026-03-27 20:05:55,994 - INFO - Available RAM: 7083 MB
2026-03-27 20:05:55,996 - INFO - RAM per model: 2060 MB
2026-03-27 20:05:55,998 - INFO - Max actors by RAM: 3
2026-03-27 20:05:56,000 - INFO - Creating 1 SeisBenchModelActor(s)
2026-03-27 20:05:56,002 - INFO - Let Ray handle scheduling (taskset already restricts CPU visibility)
2026-03-27 20:05:56,004 - INFO - Creating SeisBenchModelActor 1/1 (2.01GB RAM each)...
2026-03-27 20:05:59,194 - INFO - SeisBenchModelActor 1 created successfully.
2026-03-27 20:05:59,196 - INFO - Created 1 CPU actor(s). Task queue will handle concurrency.
2026-03-27 20:05:59,197 - INFO - Starting EQCCTPro parallelized waveform processing...
2026-03-27 20:05:59,199 - INFO - 
2026-03-27 20:05:59,201 - INFO - ------- Analyzing Seismic Waveforms for P and S Picks via SeisBench (EQTransformer - original_nonconservative) -------
2026-03-27 20:05:59,203 - INFO - Analyzing 0:01:00 minute timechunk from 2025-08-13 15:06:45 to 2025-08-13 15:07:45 (0 min overlap)
2026-03-27 20:05:59,205 - INFO - Processing a total of 1 stations, 1 at a time.
2026-03-27 20:06:01,446 - INFO - (1/1) NUR: Finished the prediction in 0.14s. (HP=1.0, LP=45.0, picks=2)
2026-03-27 20:06:01,449 - INFO - 
2026-03-27 20:06:01,452 - INFO - ------- Parallel Station Waveform Processing Complete For 2025-08-13 15:06:45 to 2025-08-13 15:07:45 Timechunk-------
2026-03-27 20:06:01,454 - INFO - Picks saved at /home/blackwinter/projects/eqcct/eqcctpro/results/csv/eqt_earthquakes_th0_1/20250813T150645Z_20250813T150745ZProcess Runtime: 2.25 s
2026-03-27 20:06:01,459 - INFO - Successfully ran EQCCTPro, exiting...
2026-03-27 20:06:03,246 - INFO - Ray Successfully Shutdown.
2026-03-27 20:06:03,247 - INFO - ------- Successfully Picked All Waveform(s) from all Timechunk(s) -------
2026-03-28 02:32:26,084 - INFO - 
2026-03-28 02:32:26,085 - INFO - ------- Welcome to EQCCTPro -------
2026-03-28 02:32:26,085 - INFO - 
2026-03-28 02:32:26,086 - INFO - Running EQCCT over Requested MSeed Files using CPU(s)...
2026-03-28 02:32:26,086 - INFO - GPU disabled (CPU-only).
2026-03-28 02:32:26,086 - INFO - Skipping framework-specific initialization in the driver process.
2026-03-28 02:32:28,550 - INFO - Ray Successfully Initialized with 4 CPU(s) ([0, 1, 2, 3] CPU Affinity Binding).
2026-03-28 02:32:28,551 - INFO - Analyzing 1 time chunk(s) from 2025-08-13 15:06:45 to 2025-08-13 15:07:45 (dt=1min, overlap=0min).
2026-03-28 02:32:28,551 - INFO - Using 1 selected station(s).
2026-03-28 02:32:28,551 - INFO - 
2026-03-28 02:32:28,552 - INFO - ------- Starting EQCCTPro... -------
2026-03-28 02:32:28,552 - INFO - Detailed subprocess information can be found in the log file.
2026-03-28 02:32:28,552 - INFO - 
2026-03-28 02:32:28,827 - INFO - GPU disabled (CPU-only).
2026-03-28 02:32:28,832 - INFO - Skipping framework-specific initialization in the driver process.
2026-03-28 02:32:28,835 - INFO - ------- Hardware Configuration -------
2026-03-28 02:32:28,838 - INFO - CPU affinity set to cores: [0, 1, 2, 3]
2026-03-28 02:32:28,841 - INFO - 
2026-03-28 02:32:28,844 - INFO - ------- Data Preprocessing for EQCCTPro -------
2026-03-28 02:32:28,847 - INFO - 1 station(s) in /home/blackwinter/projects/eqcct/eqcctpro/data/waveforms_earthquakes_nonoise/20250813T150645Z_20250813T150745Z
2026-03-28 02:32:28,851 - INFO - Using 1 selected station(s): ['NUR'].
2026-03-28 02:32:28,854 - INFO - Creating model actor(s)...
2026-03-28 02:32:28,857 - INFO - System RAM: Total=7870 MB, Available=5734 MB
2026-03-28 02:32:28,860 - INFO - Usable RAM budget: 7083 MB (90% of total)
2026-03-28 02:32:28,863 - INFO - ===== MEMORY-AWARE CPU ACTOR POOL =====
2026-03-28 02:32:28,865 - INFO - Requested concurrent tasks: 1
2026-03-28 02:32:28,868 - INFO - Available CPUs: 4
2026-03-28 02:32:28,871 - INFO - Available RAM: 7083 MB
2026-03-28 02:32:28,874 - INFO - RAM per model: 2060 MB
2026-03-28 02:32:28,877 - INFO - Max actors by RAM: 3
2026-03-28 02:32:28,879 - INFO - Creating 1 SeisBenchModelActor(s)
2026-03-28 02:32:28,882 - INFO - Let Ray handle scheduling (taskset already restricts CPU visibility)
2026-03-28 02:32:28,884 - INFO - Creating SeisBenchModelActor 1/1 (2.01GB RAM each)...
2026-03-28 02:32:31,956 - INFO - SeisBenchModelActor 1 created successfully.
2026-03-28 02:32:31,959 - INFO - Created 1 CPU actor(s). Task queue will handle concurrency.
2026-03-28 02:32:31,962 - INFO - Starting EQCCTPro parallelized waveform processing...
2026-03-28 02:32:31,966 - INFO - 
2026-03-28 02:32:31,969 - INFO - ------- Analyzing Seismic Waveforms for P and S Picks via SeisBench (EQTransformer - original_nonconservative) -------
2026-03-28 02:32:31,974 - INFO - Analyzing 0:01:00 minute timechunk from 2025-08-13 15:06:45 to 2025-08-13 15:07:45 (0 min overlap)
2026-03-28 02:32:31,976 - INFO - Processing a total of 1 stations, 1 at a time.
2026-03-28 02:32:34,120 - INFO - (1/1) NUR: Skipped (already exists - overwrite=False).
2026-03-28 02:32:34,122 - INFO - 
2026-03-28 02:32:34,125 - INFO - ------- Parallel Station Waveform Processing Complete For 2025-08-13 15:06:45 to 2025-08-13 15:07:45 Timechunk-------
2026-03-28 02:32:34,128 - INFO - Picks saved at /home/blackwinter/projects/eqcct/eqcctpro/results/csv/eqt_earthquakes_th0_1/20250813T150645Z_20250813T150745ZProcess Runtime: 2.16 s
2026-03-28 02:32:34,133 - INFO - Successfully ran EQCCTPro, exiting...
2026-03-28 02:32:35,775 - INFO - Ray Successfully Shutdown.
2026-03-28 02:32:35,775 - INFO - ------- Successfully Picked All Waveform(s) from all Timechunk(s) -------
