2026-03-28 13:16:12,178 - INFO - 
2026-03-28 13:16:12,178 - INFO - ------- Welcome to EQCCTPro -------
2026-03-28 13:16:12,179 - INFO - 
2026-03-28 13:16:12,179 - INFO - Running EQCCT over Requested MSeed Files using CPU(s)...
2026-03-28 13:16:12,179 - INFO - GPU disabled (CPU-only).
2026-03-28 13:16:12,179 - INFO - Skipping framework-specific initialization in the driver process.
2026-03-28 13:16:13,892 - INFO - Ray Successfully Initialized with 4 CPU(s) ([0, 1, 2, 3] CPU Affinity Binding).
2026-03-28 13:16:13,893 - INFO - Analyzing 1 time chunk(s) from 2025-01-11 22:36:17 to 2025-01-11 22:37:17 (dt=1min, overlap=0min).
2026-03-28 13:16:13,893 - INFO - Using 1 selected station(s).
2026-03-28 13:16:13,893 - INFO - 
2026-03-28 13:16:13,893 - INFO - ------- Starting EQCCTPro... -------
2026-03-28 13:16:13,894 - INFO - Detailed subprocess information can be found in the log file.
2026-03-28 13:16:13,894 - INFO - 
2026-03-28 13:16:14,228 - INFO - GPU disabled (CPU-only).
2026-03-28 13:16:14,232 - INFO - Skipping framework-specific initialization in the driver process.
2026-03-28 13:16:14,235 - INFO - ------- Hardware Configuration -------
2026-03-28 13:16:14,239 - INFO - CPU affinity set to cores: [0, 1, 2, 3]
2026-03-28 13:16:14,242 - INFO - 
2026-03-28 13:16:14,245 - INFO - ------- Data Preprocessing for EQCCTPro -------
2026-03-28 13:16:14,248 - INFO - 1 station(s) in /home/blackwinter/projects/eqcct/eqcctpro/data/waveforms_noise_only/20250111T223617Z_20250111T223717Z
2026-03-28 13:16:14,251 - INFO - Using 1 selected station(s): ['FIB2'].
2026-03-28 13:16:14,254 - INFO - Creating model actor(s)...
2026-03-28 13:16:14,256 - INFO - System RAM: Total=7870 MB, Available=4419 MB
2026-03-28 13:16:14,259 - INFO - Usable RAM budget: 7083 MB (90% of total)
2026-03-28 13:16:14,262 - INFO - ===== MEMORY-AWARE CPU ACTOR POOL =====
2026-03-28 13:16:14,265 - INFO - Requested concurrent tasks: 1
2026-03-28 13:16:14,268 - INFO - Available CPUs: 4
2026-03-28 13:16:14,271 - INFO - Available RAM: 7083 MB
2026-03-28 13:16:14,274 - INFO - RAM per model: 2060 MB
2026-03-28 13:16:14,277 - INFO - Max actors by RAM: 3
2026-03-28 13:16:14,280 - INFO - Creating 1 SeisBenchModelActor(s)
2026-03-28 13:16:14,283 - INFO - Let Ray handle scheduling (taskset already restricts CPU visibility)
2026-03-28 13:16:14,287 - INFO - Creating SeisBenchModelActor 1/1 (2.01GB RAM each)...
2026-03-28 13:16:17,307 - INFO - SeisBenchModelActor 1 created successfully.
2026-03-28 13:16:17,309 - INFO - Created 1 CPU actor(s). Task queue will handle concurrency.
2026-03-28 13:16:17,312 - INFO - Starting EQCCTPro parallelized waveform processing...
2026-03-28 13:16:17,315 - INFO - 
2026-03-28 13:16:17,318 - INFO - ------- Analyzing Seismic Waveforms for P and S Picks via SeisBench (EQTransformer - original_nonconservative) -------
2026-03-28 13:16:17,321 - INFO - Analyzing 0:01:00 minute timechunk from 2025-01-11 22:36:17 to 2025-01-11 22:37:17 (0 min overlap)
2026-03-28 13:16:17,325 - INFO - Processing a total of 1 stations, 1 at a time.
2026-03-28 13:16:19,750 - INFO - (1/1) FIB2: Finished the prediction in 0.14s. (HP=1.0, LP=45.0, picks=0)
2026-03-28 13:16:19,752 - INFO - 
2026-03-28 13:16:19,756 - INFO - ------- Parallel Station Waveform Processing Complete For 2025-01-11 22:36:17 to 2025-01-11 22:37:17 Timechunk-------
2026-03-28 13:16:19,758 - INFO - Picks saved at /home/blackwinter/projects/eqcct/eqcctpro/results/csv/eqt_noise_th0_1/20250111T223617Z_20250111T223717ZProcess Runtime: 2.44 s
2026-03-28 13:16:19,764 - INFO - Successfully ran EQCCTPro, exiting...
2026-03-28 13:16:21,705 - INFO - Ray Successfully Shutdown.
2026-03-28 13:16:21,706 - INFO - ------- Successfully Picked All Waveform(s) from all Timechunk(s) -------
