2026-03-29 11:38:42,288 - INFO - 
2026-03-29 11:38:42,288 - INFO - ------- Welcome to EQCCTPro -------
2026-03-29 11:38:42,288 - INFO - 
2026-03-29 11:38:42,288 - INFO - Running EQCCT over Requested MSeed Files using CPU(s)...
2026-03-29 11:38:42,289 - INFO - GPU disabled (CPU-only).
2026-03-29 11:38:42,289 - INFO - Configured Intra-op threads = 1
2026-03-29 11:38:42,289 - INFO - Configured Inter-op threads = 1
2026-03-29 11:38:42,289 - INFO - TensorFlow: No GPUs visible; TF will proceed on CPU.
2026-03-29 11:38:42,289 - INFO - 
2026-03-29 11:38:48,219 - INFO - Ray Successfully Initialized with 4 CPU(s) ([0, 1, 2, 3] CPU Affinity Binding).
2026-03-29 11:38:48,220 - INFO - Analyzing 1 time chunk(s) from 2025-01-05 01:47:35 to 2025-01-05 01:48:35 (dt=1min, overlap=0min).
2026-03-29 11:38:48,220 - INFO - Using 1 selected station(s).
2026-03-29 11:38:48,220 - INFO - 
2026-03-29 11:38:48,220 - INFO - ------- Starting EQCCTPro... -------
2026-03-29 11:38:48,220 - INFO - Detailed subprocess information can be found in the log file.
2026-03-29 11:38:48,220 - INFO - 
2026-03-29 11:38:48,625 - INFO - GPU disabled (CPU-only).
2026-03-29 11:38:50,238 - INFO - Configured Intra-op threads = 1
2026-03-29 11:38:50,240 - INFO - Configured Inter-op threads = 1
2026-03-29 11:38:50,286 - INFO - TensorFlow: No GPUs visible; TF will proceed on CPU.
2026-03-29 11:38:50,289 - INFO - 
2026-03-29 11:38:50,291 - INFO - ------- Hardware Configuration -------
2026-03-29 11:38:50,294 - INFO - CPU affinity set to cores: [0, 1, 2, 3]
2026-03-29 11:38:50,297 - INFO - 
2026-03-29 11:38:50,299 - INFO - ------- Data Preprocessing for EQCCTPro -------
2026-03-29 11:38:50,302 - INFO - 1 station(s) in /home/blackwinter/projects/eqcct/eqcctpro/data/waveforms_noise_only/20250105T014735Z_20250105T014835Z
2026-03-29 11:38:50,304 - INFO - Using 1 selected station(s): ['ALAJF'].
2026-03-29 11:38:50,306 - INFO - Creating model actor(s)...
2026-03-29 11:38:50,309 - INFO - System RAM: Total=7870 MB, Available=4917 MB
2026-03-29 11:38:50,312 - INFO - Usable RAM budget: 7083 MB (90% of total)
2026-03-29 11:38:50,314 - INFO - ===== MEMORY-AWARE CPU ACTOR POOL (EQCCT) =====
2026-03-29 11:38:50,317 - INFO - Requested concurrent tasks: 1
2026-03-29 11:38:50,319 - INFO - Available CPUs: 4
2026-03-29 11:38:50,321 - INFO - Available RAM: 7083 MB
2026-03-29 11:38:50,323 - INFO - RAM per model: 2264 MB
2026-03-29 11:38:50,325 - INFO - Max actors by RAM: 3
2026-03-29 11:38:50,328 - INFO - Creating 1 ModelActor(s)
2026-03-29 11:38:50,329 - INFO - Let Ray handle scheduling (taskset already restricts CPU visibility)
2026-03-29 11:38:50,332 - INFO - Creating ModelActor 1/1 (2.21GB RAM each)...
2026-03-29 11:38:54,528 - INFO - ModelActor 1 created successfully.
2026-03-29 11:38:54,530 - INFO - Created 1 CPU actor(s). Task queue will handle concurrency.
2026-03-29 11:38:54,533 - INFO - Starting EQCCTPro parallelized waveform processing...
2026-03-29 11:38:54,535 - INFO - 
2026-03-29 11:38:54,538 - INFO - ------- Analyzing Seismic Waveforms for P and S Picks via EQCCT -------
2026-03-29 11:38:54,541 - INFO - Analyzing 0:01:00 minute timechunk from 2025-01-05 01:47:35 to 2025-01-05 01:48:35 (0 min overlap)
2026-03-29 11:38:54,544 - INFO - Processing a total of 1 stations, 1 at a time.
2026-03-29 11:38:58,945 - INFO - (1/1) ALAJF: Finished the prediction in 2.34s. (HP=1.0, LP=45.0)
2026-03-29 11:38:58,948 - INFO - 
2026-03-29 11:38:58,950 - INFO - ------- Parallel Station Waveform Processing Complete For 2025-01-05 01:47:35 to 2025-01-05 01:48:35 Timechunk-------
2026-03-29 11:38:58,953 - INFO - Picks saved at /home/blackwinter/projects/eqcct/eqcctpro/results/csv/eqcct_noise_th0_1/20250105T014735Z_20250105T014835ZProcess Runtime: 4.41 s
2026-03-29 11:38:58,958 - INFO - Successfully ran EQCCTPro, exiting...
2026-03-29 11:39:00,421 - INFO - Ray Successfully Shutdown.
2026-03-29 11:39:00,421 - INFO - ------- Successfully Picked All Waveform(s) from all Timechunk(s) -------
