2026-02-27 10:36:45,311 - INFO - 
2026-02-27 10:36:45,311 - INFO - ------- Welcome to EQCCTPro -------
2026-02-27 10:36:45,311 - INFO - 
2026-02-27 10:36:45,312 - INFO - Running EQCCT over Requested MSeed Files using CPU(s)...
2026-02-27 10:36:45,312 - INFO - GPU disabled (CPU-only).
2026-02-27 10:36:45,312 - INFO - Configured Intra-op threads = 1
2026-02-27 10:36:45,313 - INFO - Configured Inter-op threads = 1
2026-02-27 10:36:45,313 - INFO - TensorFlow: No GPUs visible; TF will proceed on CPU.
2026-02-27 10:36:45,313 - INFO - 
2026-02-27 10:36:50,656 - INFO - Ray Successfully Initialized with 4 CPU(s) ([0, 1, 2, 3] CPU Affinity Binding).
2026-02-27 10:36:50,657 - INFO - Analyzing 1 time chunk(s) from 2025-01-20 11:37:35 to 2025-01-20 11:38:35 (dt=1min, overlap=0min).
2026-02-27 10:36:50,657 - INFO - Using 2 selected station(s).
2026-02-27 10:36:50,657 - INFO - 
2026-02-27 10:36:50,657 - INFO - ------- Starting EQCCTPro... -------
2026-02-27 10:36:50,657 - INFO - Detailed subprocess information can be found in the log file.
2026-02-27 10:36:50,658 - INFO - 
2026-02-27 10:36:51,045 - INFO - GPU disabled (CPU-only).
2026-02-27 10:36:52,530 - INFO - Configured Intra-op threads = 1
2026-02-27 10:36:52,533 - INFO - Configured Inter-op threads = 1
2026-02-27 10:36:52,577 - INFO - TensorFlow: No GPUs visible; TF will proceed on CPU.
2026-02-27 10:36:52,580 - INFO - 
2026-02-27 10:36:52,582 - INFO - ------- Hardware Configuration -------
2026-02-27 10:36:52,584 - INFO - CPU affinity set to cores: [0, 1, 2, 3]
2026-02-27 10:36:52,586 - INFO - 
2026-02-27 10:36:52,588 - INFO - ------- Data Preprocessing for EQCCTPro -------
2026-02-27 10:36:52,591 - INFO - 2 station(s) in /home/blackwinter/projects/eqcct/eqcctpro/data/waveforms_explosions_nonoise/20250120T113735Z_20250120T113835Z
2026-02-27 10:36:52,592 - INFO - Using 2 selected station(s): ['KU1', 'KU2'].
2026-02-27 10:36:52,594 - INFO - Creating model actor(s)...
2026-02-27 10:36:52,596 - INFO - System RAM: Total=7870 MB, Available=2502 MB
2026-02-27 10:36:52,598 - INFO - Usable RAM budget: 7083 MB (90% of total)
2026-02-27 10:36:52,599 - INFO - ===== MEMORY-AWARE CPU ACTOR POOL (EQCCT) =====
2026-02-27 10:36:52,601 - INFO - Requested concurrent tasks: 1
2026-02-27 10:36:52,604 - INFO - Available CPUs: 4
2026-02-27 10:36:52,606 - INFO - Available RAM: 7083 MB
2026-02-27 10:36:52,608 - INFO - RAM per model: 2264 MB
2026-02-27 10:36:52,610 - INFO - Max actors by RAM: 3
2026-02-27 10:36:52,612 - INFO - Creating 1 ModelActor(s)
2026-02-27 10:36:52,615 - INFO - Let Ray handle scheduling (taskset already restricts CPU visibility)
2026-02-27 10:36:52,617 - INFO - Creating ModelActor 1/1 (2.21GB RAM each)...
2026-02-27 10:36:56,522 - INFO - ModelActor 1 created successfully.
2026-02-27 10:36:56,524 - INFO - Created 1 CPU actor(s). Task queue will handle concurrency.
2026-02-27 10:36:56,526 - INFO - Starting EQCCTPro parallelized waveform processing...
2026-02-27 10:36:56,528 - INFO - 
2026-02-27 10:36:56,529 - INFO - ------- Analyzing Seismic Waveforms for P and S Picks via EQCCT -------
2026-02-27 10:36:56,531 - INFO - Analyzing 0:01:00 minute timechunk from 2025-01-20 11:37:35 to 2025-01-20 11:38:35 (0 min overlap)
2026-02-27 10:36:56,533 - INFO - Processing a total of 2 stations, 1 at a time.
2026-02-27 10:37:00,752 - INFO - (1/2) KU1: Finished the prediction in 2.29s. (HP=1.0, LP=45.0)
2026-02-27 10:37:00,856 - INFO - (2/2) KU2: Finished the prediction in 0.1s. (HP=1.0, LP=45.0)
2026-02-27 10:37:00,858 - INFO - 
2026-02-27 10:37:00,860 - INFO - ------- Parallel Station Waveform Processing Complete For 2025-01-20 11:37:35 to 2025-01-20 11:38:35 Timechunk-------
2026-02-27 10:37:00,861 - INFO - Picks saved at /home/blackwinter/projects/eqcct/eqcctpro/results/csv/bm_explosions/20250120T113735Z_20250120T113835ZProcess Runtime: 4.33 s
2026-02-27 10:37:00,865 - INFO - Successfully ran EQCCTPro, exiting...
2026-02-27 10:37:02,517 - INFO - Ray Successfully Shutdown.
2026-02-27 10:37:02,517 - INFO - ------- Successfully Picked All Waveform(s) from all Timechunk(s) -------
