2026-02-24 01:17:17,734 - INFO - 
2026-02-24 01:17:17,734 - INFO - ------- Welcome to EQCCTPro -------
2026-02-24 01:17:17,734 - INFO - 
2026-02-24 01:17:17,734 - INFO - Running EQCCT over Requested MSeed Files using CPU(s)...
2026-02-24 01:17:17,735 - INFO - GPU disabled (CPU-only).
2026-02-24 01:17:17,735 - INFO - Configured Intra-op threads = 1
2026-02-24 01:17:17,735 - INFO - Configured Inter-op threads = 1
2026-02-24 01:17:17,735 - INFO - TensorFlow: No GPUs visible; TF will proceed on CPU.
2026-02-24 01:17:17,735 - INFO - 
2026-02-24 01:17:23,370 - INFO - Ray Successfully Initialized with 4 CPU(s) ([0, 1, 2, 3] CPU Affinity Binding).
2026-02-24 01:17:23,371 - INFO - Analyzing 1 time chunk(s) from 2025-06-02 06:03:07 to 2025-06-02 06:04:07 (dt=1min, overlap=0min).
2026-02-24 01:17:23,371 - INFO - Using 1 selected station(s).
2026-02-24 01:17:23,371 - INFO - 
2026-02-24 01:17:23,371 - INFO - ------- Starting EQCCTPro... -------
2026-02-24 01:17:23,371 - INFO - Detailed subprocess information can be found in the log file.
2026-02-24 01:17:23,371 - INFO - 
2026-02-24 01:17:23,735 - INFO - GPU disabled (CPU-only).
2026-02-24 01:17:25,298 - INFO - Configured Intra-op threads = 1
2026-02-24 01:17:25,301 - INFO - Configured Inter-op threads = 1
2026-02-24 01:17:25,341 - INFO - TensorFlow: No GPUs visible; TF will proceed on CPU.
2026-02-24 01:17:25,344 - INFO - 
2026-02-24 01:17:25,347 - INFO - ------- Hardware Configuration -------
2026-02-24 01:17:25,349 - INFO - CPU affinity set to cores: [0, 1, 2, 3]
2026-02-24 01:17:25,352 - INFO - 
2026-02-24 01:17:25,354 - INFO - ------- Data Preprocessing for EQCCTPro -------
2026-02-24 01:17:25,356 - INFO - 1 station(s) in /home/blackwinter/projects/eqcct/eqcctpro/data/waveforms_earthquakes_noise_only/20250602T060307Z_20250602T060407Z
2026-02-24 01:17:25,358 - INFO - Using 1 selected station(s): ['OUL'].
2026-02-24 01:17:25,360 - INFO - Creating model actor(s)...
2026-02-24 01:17:25,362 - INFO - System RAM: Total=7870 MB, Available=2575 MB
2026-02-24 01:17:25,363 - INFO - Usable RAM budget: 7083 MB (90% of total)
2026-02-24 01:17:25,365 - INFO - ===== MEMORY-AWARE CPU ACTOR POOL (EQCCT) =====
2026-02-24 01:17:25,367 - INFO - Requested concurrent tasks: 1
2026-02-24 01:17:25,369 - INFO - Available CPUs: 4
2026-02-24 01:17:25,371 - INFO - Available RAM: 7083 MB
2026-02-24 01:17:25,373 - INFO - RAM per model: 2264 MB
2026-02-24 01:17:25,375 - INFO - Max actors by RAM: 3
2026-02-24 01:17:25,378 - INFO - Creating 1 ModelActor(s)
2026-02-24 01:17:25,380 - INFO - Let Ray handle scheduling (taskset already restricts CPU visibility)
2026-02-24 01:17:25,383 - INFO - Creating ModelActor 1/1 (2.21GB RAM each)...
2026-02-24 01:17:29,299 - INFO - ModelActor 1 created successfully.
2026-02-24 01:17:29,302 - INFO - Created 1 CPU actor(s). Task queue will handle concurrency.
2026-02-24 01:17:29,304 - INFO - Starting EQCCTPro parallelized waveform processing...
2026-02-24 01:17:29,306 - INFO - 
2026-02-24 01:17:29,308 - INFO - ------- Analyzing Seismic Waveforms for P and S Picks via EQCCT -------
2026-02-24 01:17:29,310 - INFO - Analyzing 0:01:00 minute timechunk from 2025-06-02 06:03:07 to 2025-06-02 06:04:07 (0 min overlap)
2026-02-24 01:17:29,313 - INFO - Processing a total of 1 stations, 1 at a time.
2026-02-24 01:17:31,964 - INFO - (1/1) OUL: FAILED reading mSEED.
2026-02-24 01:17:31,969 - INFO - 
2026-02-24 01:17:31,971 - INFO - ------- Parallel Station Waveform Processing Complete For 2025-06-02 06:03:07 to 2025-06-02 06:04:07 Timechunk-------
2026-02-24 01:17:31,973 - INFO - Picks saved at /home/blackwinter/projects/eqcct/eqcctpro/results/csv/bm_eq_noise_only/20250602T060307Z_20250602T060407ZProcess Runtime: 2.67 s
2026-02-24 01:17:31,979 - INFO - Successfully ran EQCCTPro, exiting...
2026-02-24 01:17:33,679 - INFO - Ray Successfully Shutdown.
2026-02-24 01:17:33,679 - INFO - ------- Successfully Picked All Waveform(s) from all Timechunk(s) -------
