2026-03-10 21:33:18,339 - INFO - 
2026-03-10 21:33:18,339 - INFO - ------- Welcome to EQCCTPro -------
2026-03-10 21:33:18,339 - INFO - 
2026-03-10 21:33:18,339 - INFO - Running EQCCT over Requested MSeed Files using CPU(s)...
2026-03-10 21:33:18,340 - INFO - GPU disabled (CPU-only).
2026-03-10 21:33:18,340 - INFO - Configured Intra-op threads = 1
2026-03-10 21:33:18,340 - INFO - Configured Inter-op threads = 1
2026-03-10 21:33:18,340 - INFO - TensorFlow: No GPUs visible; TF will proceed on CPU.
2026-03-10 21:33:18,340 - INFO - 
2026-03-10 21:33:23,840 - INFO - Ray Successfully Initialized with 4 CPU(s) ([0, 1, 2, 3] CPU Affinity Binding).
2026-03-10 21:33:23,841 - INFO - Analyzing 1 time chunk(s) from 2025-01-07 00:02:09 to 2025-01-07 00:03:09 (dt=1min, overlap=0min).
2026-03-10 21:33:23,841 - INFO - Using 1 selected station(s).
2026-03-10 21:33:23,841 - INFO - 
2026-03-10 21:33:23,841 - INFO - ------- Starting EQCCTPro... -------
2026-03-10 21:33:23,841 - INFO - Detailed subprocess information can be found in the log file.
2026-03-10 21:33:23,841 - INFO - 
2026-03-10 21:33:24,215 - INFO - GPU disabled (CPU-only).
2026-03-10 21:33:25,750 - INFO - Configured Intra-op threads = 1
2026-03-10 21:33:25,753 - INFO - Configured Inter-op threads = 1
2026-03-10 21:33:25,795 - INFO - TensorFlow: No GPUs visible; TF will proceed on CPU.
2026-03-10 21:33:25,798 - INFO - 
2026-03-10 21:33:25,800 - INFO - ------- Hardware Configuration -------
2026-03-10 21:33:25,802 - INFO - CPU affinity set to cores: [0, 1, 2, 3]
2026-03-10 21:33:25,804 - INFO - 
2026-03-10 21:33:25,807 - INFO - ------- Data Preprocessing for EQCCTPro -------
2026-03-10 21:33:25,809 - INFO - 1 station(s) in /home/blackwinter/projects/eqcct/eqcctpro/data/waveforms_noise_only/20250107T000209Z_20250107T000309Z
2026-03-10 21:33:25,811 - INFO - Using 1 selected station(s): ['FIB4'].
2026-03-10 21:33:25,813 - INFO - Creating model actor(s)...
2026-03-10 21:33:25,816 - INFO - System RAM: Total=7870 MB, Available=2899 MB
2026-03-10 21:33:25,818 - INFO - Usable RAM budget: 7083 MB (90% of total)
2026-03-10 21:33:25,820 - INFO - ===== MEMORY-AWARE CPU ACTOR POOL (EQCCT) =====
2026-03-10 21:33:25,822 - INFO - Requested concurrent tasks: 1
2026-03-10 21:33:25,824 - INFO - Available CPUs: 4
2026-03-10 21:33:25,826 - INFO - Available RAM: 7083 MB
2026-03-10 21:33:25,829 - INFO - RAM per model: 2264 MB
2026-03-10 21:33:25,832 - INFO - Max actors by RAM: 3
2026-03-10 21:33:25,834 - INFO - Creating 1 ModelActor(s)
2026-03-10 21:33:25,836 - INFO - Let Ray handle scheduling (taskset already restricts CPU visibility)
2026-03-10 21:33:25,839 - INFO - Creating ModelActor 1/1 (2.21GB RAM each)...
2026-03-10 21:33:29,819 - INFO - ModelActor 1 created successfully.
2026-03-10 21:33:29,822 - INFO - Created 1 CPU actor(s). Task queue will handle concurrency.
2026-03-10 21:33:29,825 - INFO - Starting EQCCTPro parallelized waveform processing...
2026-03-10 21:33:29,827 - INFO - 
2026-03-10 21:33:29,830 - INFO - ------- Analyzing Seismic Waveforms for P and S Picks via EQCCT -------
2026-03-10 21:33:29,834 - INFO - Analyzing 0:01:00 minute timechunk from 2025-01-07 00:02:09 to 2025-01-07 00:03:09 (0 min overlap)
2026-03-10 21:33:29,837 - INFO - Processing a total of 1 stations, 1 at a time.
2026-03-10 21:33:33,861 - INFO - (1/1) FIB4: Finished the prediction in 2.13s. (HP=1.0, LP=45.0)
2026-03-10 21:33:33,863 - INFO - 
2026-03-10 21:33:33,866 - INFO - ------- Parallel Station Waveform Processing Complete For 2025-01-07 00:02:09 to 2025-01-07 00:03:09 Timechunk-------
2026-03-10 21:33:33,868 - INFO - Picks saved at /home/blackwinter/projects/eqcct/eqcctpro/results/csv/bm_noise_only/20250107T000209Z_20250107T000309ZProcess Runtime: 4.04 s
2026-03-10 21:33:33,872 - INFO - Successfully ran EQCCTPro, exiting...
2026-03-10 21:33:35,385 - INFO - Ray Successfully Shutdown.
2026-03-10 21:33:35,385 - INFO - ------- Successfully Picked All Waveform(s) from all Timechunk(s) -------
2026-03-11 12:30:06,744 - INFO - 
2026-03-11 12:30:06,751 - INFO - ------- Welcome to EQCCTPro -------
2026-03-11 12:30:06,751 - INFO - 
2026-03-11 12:30:06,752 - INFO - Running EQCCT over Requested MSeed Files using CPU(s)...
2026-03-11 12:30:06,753 - INFO - GPU disabled (CPU-only).
2026-03-11 12:30:06,753 - INFO - Configured Intra-op threads = 1
2026-03-11 12:30:06,753 - INFO - Configured Inter-op threads = 1
2026-03-11 12:30:06,753 - INFO - TensorFlow: No GPUs visible; TF will proceed on CPU.
2026-03-11 12:30:06,753 - INFO - 
2026-03-11 12:30:12,123 - INFO - Ray Successfully Initialized with 4 CPU(s) ([0, 1, 2, 3] CPU Affinity Binding).
2026-03-11 12:30:12,123 - INFO - Analyzing 1 time chunk(s) from 2025-01-07 00:02:09 to 2025-01-07 00:03:09 (dt=1min, overlap=0min).
2026-03-11 12:30:12,124 - INFO - Using 1 selected station(s).
2026-03-11 12:30:12,124 - INFO - 
2026-03-11 12:30:12,124 - INFO - ------- Starting EQCCTPro... -------
2026-03-11 12:30:12,124 - INFO - Detailed subprocess information can be found in the log file.
2026-03-11 12:30:12,124 - INFO - 
2026-03-11 12:30:12,509 - INFO - GPU disabled (CPU-only).
2026-03-11 12:30:13,979 - INFO - Configured Intra-op threads = 1
2026-03-11 12:30:13,982 - INFO - Configured Inter-op threads = 1
2026-03-11 12:30:14,024 - INFO - TensorFlow: No GPUs visible; TF will proceed on CPU.
2026-03-11 12:30:14,026 - INFO - 
2026-03-11 12:30:14,029 - INFO - ------- Hardware Configuration -------
2026-03-11 12:30:14,031 - INFO - CPU affinity set to cores: [0, 1, 2, 3]
2026-03-11 12:30:14,033 - INFO - 
2026-03-11 12:30:14,035 - INFO - ------- Data Preprocessing for EQCCTPro -------
2026-03-11 12:30:14,037 - INFO - 1 station(s) in /home/blackwinter/projects/eqcct/eqcctpro/data/waveforms_noise_only/20250107T000209Z_20250107T000309Z
2026-03-11 12:30:14,039 - INFO - Using 1 selected station(s): ['FIB4'].
2026-03-11 12:30:14,041 - INFO - Creating model actor(s)...
2026-03-11 12:30:14,043 - INFO - System RAM: Total=7870 MB, Available=3861 MB
2026-03-11 12:30:14,046 - INFO - Usable RAM budget: 7083 MB (90% of total)
2026-03-11 12:30:14,048 - INFO - ===== MEMORY-AWARE CPU ACTOR POOL (EQCCT) =====
2026-03-11 12:30:14,050 - INFO - Requested concurrent tasks: 1
2026-03-11 12:30:14,052 - INFO - Available CPUs: 4
2026-03-11 12:30:14,054 - INFO - Available RAM: 7083 MB
2026-03-11 12:30:14,056 - INFO - RAM per model: 2264 MB
2026-03-11 12:30:14,058 - INFO - Max actors by RAM: 3
2026-03-11 12:30:14,061 - INFO - Creating 1 ModelActor(s)
2026-03-11 12:30:14,063 - INFO - Let Ray handle scheduling (taskset already restricts CPU visibility)
2026-03-11 12:30:14,065 - INFO - Creating ModelActor 1/1 (2.21GB RAM each)...
2026-03-11 12:30:18,038 - INFO - ModelActor 1 created successfully.
2026-03-11 12:30:18,040 - INFO - Created 1 CPU actor(s). Task queue will handle concurrency.
2026-03-11 12:30:18,042 - INFO - Starting EQCCTPro parallelized waveform processing...
2026-03-11 12:30:18,044 - INFO - 
2026-03-11 12:30:18,046 - INFO - ------- Analyzing Seismic Waveforms for P and S Picks via EQCCT -------
2026-03-11 12:30:18,048 - INFO - Analyzing 0:01:00 minute timechunk from 2025-01-07 00:02:09 to 2025-01-07 00:03:09 (0 min overlap)
2026-03-11 12:30:18,050 - INFO - Processing a total of 1 stations, 1 at a time.
2026-03-11 12:30:19,991 - INFO - (1/1) FIB4: Skipped (already exists - overwrite=False).
2026-03-11 12:30:19,993 - INFO - 
2026-03-11 12:30:19,996 - INFO - ------- Parallel Station Waveform Processing Complete For 2025-01-07 00:02:09 to 2025-01-07 00:03:09 Timechunk-------
2026-03-11 12:30:19,998 - INFO - Picks saved at /home/blackwinter/projects/eqcct/eqcctpro/results/csv/bm_noise_only/20250107T000209Z_20250107T000309ZProcess Runtime: 1.95 s
2026-03-11 12:30:20,003 - INFO - Successfully ran EQCCTPro, exiting...
2026-03-11 12:30:21,467 - INFO - Ray Successfully Shutdown.
2026-03-11 12:30:21,467 - INFO - ------- Successfully Picked All Waveform(s) from all Timechunk(s) -------
