2026-03-29 13:01:20,790 - INFO - 
2026-03-29 13:01:20,790 - INFO - ------- Welcome to EQCCTPro -------
2026-03-29 13:01:20,790 - INFO - 
2026-03-29 13:01:20,791 - INFO - Running EQCCT over Requested MSeed Files using CPU(s)...
2026-03-29 13:01:20,791 - INFO - GPU disabled (CPU-only).
2026-03-29 13:01:20,791 - INFO - Configured Intra-op threads = 1
2026-03-29 13:01:20,791 - INFO - Configured Inter-op threads = 1
2026-03-29 13:01:20,791 - INFO - TensorFlow: No GPUs visible; TF will proceed on CPU.
2026-03-29 13:01:20,791 - INFO - 
2026-03-29 13:01:26,524 - INFO - Ray Successfully Initialized with 4 CPU(s) ([0, 1, 2, 3] CPU Affinity Binding).
2026-03-29 13:01:26,524 - INFO - Analyzing 1 time chunk(s) from 2025-01-06 13:41:34 to 2025-01-06 13:42:34 (dt=1min, overlap=0min).
2026-03-29 13:01:26,524 - INFO - Using 1 selected station(s).
2026-03-29 13:01:26,524 - INFO - 
2026-03-29 13:01:26,525 - INFO - ------- Starting EQCCTPro... -------
2026-03-29 13:01:26,525 - INFO - Detailed subprocess information can be found in the log file.
2026-03-29 13:01:26,525 - INFO - 
2026-03-29 13:01:26,926 - INFO - GPU disabled (CPU-only).
2026-03-29 13:01:28,539 - INFO - Configured Intra-op threads = 1
2026-03-29 13:01:28,541 - INFO - Configured Inter-op threads = 1
2026-03-29 13:01:28,587 - INFO - TensorFlow: No GPUs visible; TF will proceed on CPU.
2026-03-29 13:01:28,590 - INFO - 
2026-03-29 13:01:28,592 - INFO - ------- Hardware Configuration -------
2026-03-29 13:01:28,595 - INFO - CPU affinity set to cores: [0, 1, 2, 3]
2026-03-29 13:01:28,598 - INFO - 
2026-03-29 13:01:28,601 - INFO - ------- Data Preprocessing for EQCCTPro -------
2026-03-29 13:01:28,603 - INFO - 1 station(s) in /home/blackwinter/projects/eqcct/eqcctpro/data/waveforms_noise_only/20250106T134134Z_20250106T134234Z
2026-03-29 13:01:28,605 - INFO - Using 1 selected station(s): ['FIA2'].
2026-03-29 13:01:28,608 - INFO - Creating model actor(s)...
2026-03-29 13:01:28,610 - INFO - System RAM: Total=7870 MB, Available=4630 MB
2026-03-29 13:01:28,613 - INFO - Usable RAM budget: 7083 MB (90% of total)
2026-03-29 13:01:28,615 - INFO - ===== MEMORY-AWARE CPU ACTOR POOL (EQCCT) =====
2026-03-29 13:01:28,618 - INFO - Requested concurrent tasks: 1
2026-03-29 13:01:28,620 - INFO - Available CPUs: 4
2026-03-29 13:01:28,622 - INFO - Available RAM: 7083 MB
2026-03-29 13:01:28,625 - INFO - RAM per model: 2264 MB
2026-03-29 13:01:28,627 - INFO - Max actors by RAM: 3
2026-03-29 13:01:28,630 - INFO - Creating 1 ModelActor(s)
2026-03-29 13:01:28,632 - INFO - Let Ray handle scheduling (taskset already restricts CPU visibility)
2026-03-29 13:01:28,635 - INFO - Creating ModelActor 1/1 (2.21GB RAM each)...
2026-03-29 13:01:32,876 - INFO - ModelActor 1 created successfully.
2026-03-29 13:01:32,879 - INFO - Created 1 CPU actor(s). Task queue will handle concurrency.
2026-03-29 13:01:32,882 - INFO - Starting EQCCTPro parallelized waveform processing...
2026-03-29 13:01:32,885 - INFO - 
2026-03-29 13:01:32,888 - INFO - ------- Analyzing Seismic Waveforms for P and S Picks via EQCCT -------
2026-03-29 13:01:32,891 - INFO - Analyzing 0:01:00 minute timechunk from 2025-01-06 13:41:34 to 2025-01-06 13:42:34 (0 min overlap)
2026-03-29 13:01:32,893 - INFO - Processing a total of 1 stations, 1 at a time.
2026-03-29 13:01:37,304 - INFO - (1/1) FIA2: Finished the prediction in 2.36s. (HP=1.0, LP=45.0)
2026-03-29 13:01:37,306 - INFO - 
2026-03-29 13:01:37,309 - INFO - ------- Parallel Station Waveform Processing Complete For 2025-01-06 13:41:34 to 2025-01-06 13:42:34 Timechunk-------
2026-03-29 13:01:37,312 - INFO - Picks saved at /home/blackwinter/projects/eqcct/eqcctpro/results/csv/eqcct_noise_th0_1/20250106T134134Z_20250106T134234ZProcess Runtime: 4.42 s
2026-03-29 13:01:37,318 - INFO - Successfully ran EQCCTPro, exiting...
2026-03-29 13:01:38,802 - INFO - Ray Successfully Shutdown.
2026-03-29 13:01:38,803 - INFO - ------- Successfully Picked All Waveform(s) from all Timechunk(s) -------
