2026-03-29 10:45:13,858 - INFO - 
2026-03-29 10:45:13,859 - INFO - ------- Welcome to EQCCTPro -------
2026-03-29 10:45:13,859 - INFO - 
2026-03-29 10:45:13,859 - INFO - Running EQCCT over Requested MSeed Files using CPU(s)...
2026-03-29 10:45:13,860 - INFO - GPU disabled (CPU-only).
2026-03-29 10:45:13,860 - INFO - Configured Intra-op threads = 1
2026-03-29 10:45:13,860 - INFO - Configured Inter-op threads = 1
2026-03-29 10:45:13,860 - INFO - TensorFlow: No GPUs visible; TF will proceed on CPU.
2026-03-29 10:45:13,860 - INFO - 
2026-03-29 10:45:19,681 - INFO - Ray Successfully Initialized with 4 CPU(s) ([0, 1, 2, 3] CPU Affinity Binding).
2026-03-29 10:45:19,682 - INFO - Analyzing 1 time chunk(s) from 2025-01-04 02:48:04 to 2025-01-04 02:49:04 (dt=1min, overlap=0min).
2026-03-29 10:45:19,682 - INFO - Using 1 selected station(s).
2026-03-29 10:45:19,682 - INFO - 
2026-03-29 10:45:19,682 - INFO - ------- Starting EQCCTPro... -------
2026-03-29 10:45:19,682 - INFO - Detailed subprocess information can be found in the log file.
2026-03-29 10:45:19,682 - INFO - 
2026-03-29 10:45:20,093 - INFO - GPU disabled (CPU-only).
2026-03-29 10:45:21,749 - INFO - Configured Intra-op threads = 1
2026-03-29 10:45:21,752 - INFO - Configured Inter-op threads = 1
2026-03-29 10:45:21,801 - INFO - TensorFlow: No GPUs visible; TF will proceed on CPU.
2026-03-29 10:45:21,803 - INFO - 
2026-03-29 10:45:21,806 - INFO - ------- Hardware Configuration -------
2026-03-29 10:45:21,809 - INFO - CPU affinity set to cores: [0, 1, 2, 3]
2026-03-29 10:45:21,811 - INFO - 
2026-03-29 10:45:21,814 - INFO - ------- Data Preprocessing for EQCCTPro -------
2026-03-29 10:45:21,817 - INFO - 1 station(s) in /home/blackwinter/projects/eqcct/eqcctpro/data/waveforms_noise_only/20250104T024804Z_20250104T024904Z
2026-03-29 10:45:21,820 - INFO - Using 1 selected station(s): ['FIC5'].
2026-03-29 10:45:21,822 - INFO - Creating model actor(s)...
2026-03-29 10:45:21,825 - INFO - System RAM: Total=7870 MB, Available=5257 MB
2026-03-29 10:45:21,827 - INFO - Usable RAM budget: 7083 MB (90% of total)
2026-03-29 10:45:21,830 - INFO - ===== MEMORY-AWARE CPU ACTOR POOL (EQCCT) =====
2026-03-29 10:45:21,832 - INFO - Requested concurrent tasks: 1
2026-03-29 10:45:21,835 - INFO - Available CPUs: 4
2026-03-29 10:45:21,837 - INFO - Available RAM: 7083 MB
2026-03-29 10:45:21,839 - INFO - RAM per model: 2264 MB
2026-03-29 10:45:21,842 - INFO - Max actors by RAM: 3
2026-03-29 10:45:21,844 - INFO - Creating 1 ModelActor(s)
2026-03-29 10:45:21,847 - INFO - Let Ray handle scheduling (taskset already restricts CPU visibility)
2026-03-29 10:45:21,850 - INFO - Creating ModelActor 1/1 (2.21GB RAM each)...
2026-03-29 10:45:26,121 - INFO - ModelActor 1 created successfully.
2026-03-29 10:45:26,124 - INFO - Created 1 CPU actor(s). Task queue will handle concurrency.
2026-03-29 10:45:26,126 - INFO - Starting EQCCTPro parallelized waveform processing...
2026-03-29 10:45:26,129 - INFO - 
2026-03-29 10:45:26,131 - INFO - ------- Analyzing Seismic Waveforms for P and S Picks via EQCCT -------
2026-03-29 10:45:26,135 - INFO - Analyzing 0:01:00 minute timechunk from 2025-01-04 02:48:04 to 2025-01-04 02:49:04 (0 min overlap)
2026-03-29 10:45:26,138 - INFO - Processing a total of 1 stations, 1 at a time.
2026-03-29 10:45:30,555 - INFO - (1/1) FIC5: Finished the prediction in 2.38s. (HP=1.0, LP=45.0)
2026-03-29 10:45:30,558 - INFO - 
2026-03-29 10:45:30,560 - INFO - ------- Parallel Station Waveform Processing Complete For 2025-01-04 02:48:04 to 2025-01-04 02:49:04 Timechunk-------
2026-03-29 10:45:30,563 - INFO - Picks saved at /home/blackwinter/projects/eqcct/eqcctpro/results/csv/eqcct_noise_th0_1/20250104T024804Z_20250104T024904ZProcess Runtime: 4.43 s
2026-03-29 10:45:30,570 - INFO - Successfully ran EQCCTPro, exiting...
2026-03-29 10:45:31,863 - INFO - Ray Successfully Shutdown.
2026-03-29 10:45:31,863 - INFO - ------- Successfully Picked All Waveform(s) from all Timechunk(s) -------
