2026-02-23 20:57:06,305 - INFO - 
2026-02-23 20:57:06,305 - INFO - ------- Welcome to EQCCTPro -------
2026-02-23 20:57:06,305 - INFO - 
2026-02-23 20:57:06,305 - INFO - Running EQCCT over Requested MSeed Files using CPU(s)...
2026-02-23 20:57:06,306 - INFO - GPU disabled (CPU-only).
2026-02-23 20:57:06,306 - INFO - Configured Intra-op threads = 1
2026-02-23 20:57:06,306 - INFO - Configured Inter-op threads = 1
2026-02-23 20:57:06,306 - INFO - TensorFlow: No GPUs visible; TF will proceed on CPU.
2026-02-23 20:57:06,306 - INFO - 
2026-02-23 20:57:11,707 - INFO - Ray Successfully Initialized with 4 CPU(s) ([0, 1, 2, 3] CPU Affinity Binding).
2026-02-23 20:57:11,707 - INFO - Analyzing 1 time chunk(s) from 2025-03-21 23:28:18 to 2025-03-21 23:29:18 (dt=1min, overlap=0min).
2026-02-23 20:57:11,707 - INFO - Using 1 selected station(s).
2026-02-23 20:57:11,707 - INFO - 
2026-02-23 20:57:11,707 - INFO - ------- Starting EQCCTPro... -------
2026-02-23 20:57:11,707 - INFO - Detailed subprocess information can be found in the log file.
2026-02-23 20:57:11,708 - INFO - 
2026-02-23 20:57:12,067 - INFO - GPU disabled (CPU-only).
2026-02-23 20:57:13,522 - INFO - Configured Intra-op threads = 1
2026-02-23 20:57:13,524 - INFO - Configured Inter-op threads = 1
2026-02-23 20:57:13,563 - INFO - TensorFlow: No GPUs visible; TF will proceed on CPU.
2026-02-23 20:57:13,565 - INFO - 
2026-02-23 20:57:13,567 - INFO - ------- Hardware Configuration -------
2026-02-23 20:57:13,569 - INFO - CPU affinity set to cores: [0, 1, 2, 3]
2026-02-23 20:57:13,571 - INFO - 
2026-02-23 20:57:13,573 - INFO - ------- Data Preprocessing for EQCCTPro -------
2026-02-23 20:57:13,575 - INFO - 1 station(s) in /home/blackwinter/projects/eqcct/eqcctpro/data/waveforms_earthquakes_noise_only/20250321T232818Z_20250321T232918Z
2026-02-23 20:57:13,576 - INFO - Using 1 selected station(s): ['HEL1'].
2026-02-23 20:57:13,578 - INFO - Creating model actor(s)...
2026-02-23 20:57:13,580 - INFO - System RAM: Total=7870 MB, Available=3320 MB
2026-02-23 20:57:13,582 - INFO - Usable RAM budget: 7083 MB (90% of total)
2026-02-23 20:57:13,583 - INFO - ===== MEMORY-AWARE CPU ACTOR POOL (EQCCT) =====
2026-02-23 20:57:13,585 - INFO - Requested concurrent tasks: 1
2026-02-23 20:57:13,587 - INFO - Available CPUs: 4
2026-02-23 20:57:13,589 - INFO - Available RAM: 7083 MB
2026-02-23 20:57:13,590 - INFO - RAM per model: 2264 MB
2026-02-23 20:57:13,593 - INFO - Max actors by RAM: 3
2026-02-23 20:57:13,595 - INFO - Creating 1 ModelActor(s)
2026-02-23 20:57:13,597 - INFO - Let Ray handle scheduling (taskset already restricts CPU visibility)
2026-02-23 20:57:13,599 - INFO - Creating ModelActor 1/1 (2.21GB RAM each)...
2026-02-23 20:57:17,441 - INFO - ModelActor 1 created successfully.
2026-02-23 20:57:17,443 - INFO - Created 1 CPU actor(s). Task queue will handle concurrency.
2026-02-23 20:57:17,446 - INFO - Starting EQCCTPro parallelized waveform processing...
2026-02-23 20:57:17,448 - INFO - 
2026-02-23 20:57:17,450 - INFO - ------- Analyzing Seismic Waveforms for P and S Picks via EQCCT -------
2026-02-23 20:57:17,453 - INFO - Analyzing 0:01:00 minute timechunk from 2025-03-21 23:28:18 to 2025-03-21 23:29:18 (0 min overlap)
2026-02-23 20:57:17,455 - INFO - Processing a total of 1 stations, 1 at a time.
2026-02-23 20:57:21,503 - INFO - (1/1) HEL1: Finished the prediction in 2.11s. (HP=1.0, LP=45.0)
2026-02-23 20:57:21,506 - INFO - 
2026-02-23 20:57:21,508 - INFO - ------- Parallel Station Waveform Processing Complete For 2025-03-21 23:28:18 to 2025-03-21 23:29:18 Timechunk-------
2026-02-23 20:57:21,510 - INFO - Picks saved at /home/blackwinter/projects/eqcct/eqcctpro/results/csv/bm_eq_noise_only/20250321T232818Z_20250321T232918ZProcess Runtime: 4.06 s
2026-02-23 20:57:21,516 - INFO - Successfully ran EQCCTPro, exiting...
2026-02-23 20:57:23,046 - INFO - Ray Successfully Shutdown.
2026-02-23 20:57:23,046 - INFO - ------- Successfully Picked All Waveform(s) from all Timechunk(s) -------
