2026-02-22 14:23:33,627 - INFO - 
2026-02-22 14:23:33,628 - INFO - ------- Welcome to EQCCTPro -------
2026-02-22 14:23:33,628 - INFO - 
2026-02-22 14:23:33,628 - INFO - Running EQCCT over Requested MSeed Files using CPU(s)...
2026-02-22 14:23:33,629 - INFO - GPU disabled (CPU-only).
2026-02-22 14:23:33,629 - INFO - Configured Intra-op threads = 1
2026-02-22 14:23:33,629 - INFO - Configured Inter-op threads = 1
2026-02-22 14:23:33,629 - INFO - TensorFlow: No GPUs visible; TF will proceed on CPU.
2026-02-22 14:23:33,629 - INFO - 
2026-02-22 14:23:39,355 - INFO - Ray Successfully Initialized with 4 CPU(s) ([0, 1, 2, 3] CPU Affinity Binding).
2026-02-22 14:23:39,356 - INFO - Analyzing 1 time chunk(s) from 2025-04-09 20:00:42 to 2025-04-09 20:01:42 (dt=1min, overlap=0min).
2026-02-22 14:23:39,356 - INFO - Using 1 selected station(s).
2026-02-22 14:23:39,356 - INFO - 
2026-02-22 14:23:39,356 - INFO - ------- Starting EQCCTPro... -------
2026-02-22 14:23:39,356 - INFO - Detailed subprocess information can be found in the log file.
2026-02-22 14:23:39,356 - INFO - 
2026-02-22 14:23:39,732 - INFO - GPU disabled (CPU-only).
2026-02-22 14:23:41,273 - INFO - Configured Intra-op threads = 1
2026-02-22 14:23:41,275 - INFO - Configured Inter-op threads = 1
2026-02-22 14:23:41,319 - INFO - TensorFlow: No GPUs visible; TF will proceed on CPU.
2026-02-22 14:23:41,321 - INFO - 
2026-02-22 14:23:41,324 - INFO - ------- Hardware Configuration -------
2026-02-22 14:23:41,326 - INFO - CPU affinity set to cores: [0, 1, 2, 3]
2026-02-22 14:23:41,329 - INFO - 
2026-02-22 14:23:41,331 - INFO - ------- Data Preprocessing for EQCCTPro -------
2026-02-22 14:23:41,333 - INFO - 1 station(s) in /home/blackwinter/projects/eqcct/eqcctpro/data/waveforms_earthquakes_nonoise/20250409T200042Z_20250409T200142Z
2026-02-22 14:23:41,335 - INFO - Using 1 selected station(s): ['OUL'].
2026-02-22 14:23:41,337 - INFO - Creating model actor(s)...
2026-02-22 14:23:41,338 - INFO - System RAM: Total=7870 MB, Available=2587 MB
2026-02-22 14:23:41,340 - INFO - Usable RAM budget: 7083 MB (90% of total)
2026-02-22 14:23:41,343 - INFO - ===== MEMORY-AWARE CPU ACTOR POOL (EQCCT) =====
2026-02-22 14:23:41,345 - INFO - Requested concurrent tasks: 1
2026-02-22 14:23:41,347 - INFO - Available CPUs: 4
2026-02-22 14:23:41,350 - INFO - Available RAM: 7083 MB
2026-02-22 14:23:41,352 - INFO - RAM per model: 2264 MB
2026-02-22 14:23:41,355 - INFO - Max actors by RAM: 3
2026-02-22 14:23:41,357 - INFO - Creating 1 ModelActor(s)
2026-02-22 14:23:41,360 - INFO - Let Ray handle scheduling (taskset already restricts CPU visibility)
2026-02-22 14:23:41,362 - INFO - Creating ModelActor 1/1 (2.21GB RAM each)...
2026-02-22 14:23:45,312 - INFO - ModelActor 1 created successfully.
2026-02-22 14:23:45,314 - INFO - Created 1 CPU actor(s). Task queue will handle concurrency.
2026-02-22 14:23:45,316 - INFO - Starting EQCCTPro parallelized waveform processing...
2026-02-22 14:23:45,318 - INFO - 
2026-02-22 14:23:45,320 - INFO - ------- Analyzing Seismic Waveforms for P and S Picks via EQCCT -------
2026-02-22 14:23:45,322 - INFO - Analyzing 0:01:00 minute timechunk from 2025-04-09 20:00:42 to 2025-04-09 20:01:42 (0 min overlap)
2026-02-22 14:23:45,324 - INFO - Processing a total of 1 stations, 1 at a time.
2026-02-22 14:23:49,307 - INFO - (1/1) OUL: Finished the prediction in 2.12s. (HP=1.0, LP=45.0)
2026-02-22 14:23:49,309 - INFO - 
2026-02-22 14:23:49,311 - INFO - ------- Parallel Station Waveform Processing Complete For 2025-04-09 20:00:42 to 2025-04-09 20:01:42 Timechunk-------
2026-02-22 14:23:49,313 - INFO - Picks saved at /home/blackwinter/projects/eqcct/eqcctpro/results/csv/bm_eq_nonoise/20250409T200042Z_20250409T200142ZProcess Runtime: 3.99 s
2026-02-22 14:23:49,317 - INFO - Successfully ran EQCCTPro, exiting...
2026-02-22 14:23:50,757 - INFO - Ray Successfully Shutdown.
2026-02-22 14:23:50,757 - INFO - ------- Successfully Picked All Waveform(s) from all Timechunk(s) -------
