2026-02-22 22:15:58,884 - INFO - 
2026-02-22 22:15:58,884 - INFO - ------- Welcome to EQCCTPro -------
2026-02-22 22:15:58,884 - INFO - 
2026-02-22 22:15:58,885 - INFO - Running EQCCT over Requested MSeed Files using CPU(s)...
2026-02-22 22:15:58,885 - INFO - GPU disabled (CPU-only).
2026-02-22 22:15:58,885 - INFO - Configured Intra-op threads = 1
2026-02-22 22:15:58,885 - INFO - Configured Inter-op threads = 1
2026-02-22 22:15:58,886 - INFO - TensorFlow: No GPUs visible; TF will proceed on CPU.
2026-02-22 22:15:58,886 - INFO - 
2026-02-22 22:16:04,457 - INFO - Ray Successfully Initialized with 4 CPU(s) ([0, 1, 2, 3] CPU Affinity Binding).
2026-02-22 22:16:04,458 - INFO - Analyzing 1 time chunk(s) from 2025-11-17 22:29:55 to 2025-11-17 22:30:55 (dt=1min, overlap=0min).
2026-02-22 22:16:04,458 - INFO - Using 1 selected station(s).
2026-02-22 22:16:04,458 - INFO - 
2026-02-22 22:16:04,459 - INFO - ------- Starting EQCCTPro... -------
2026-02-22 22:16:04,459 - INFO - Detailed subprocess information can be found in the log file.
2026-02-22 22:16:04,459 - INFO - 
2026-02-22 22:16:04,834 - INFO - GPU disabled (CPU-only).
2026-02-22 22:16:06,311 - INFO - Configured Intra-op threads = 1
2026-02-22 22:16:06,314 - INFO - Configured Inter-op threads = 1
2026-02-22 22:16:06,357 - INFO - TensorFlow: No GPUs visible; TF will proceed on CPU.
2026-02-22 22:16:06,359 - INFO - 
2026-02-22 22:16:06,362 - INFO - ------- Hardware Configuration -------
2026-02-22 22:16:06,364 - INFO - CPU affinity set to cores: [0, 1, 2, 3]
2026-02-22 22:16:06,367 - INFO - 
2026-02-22 22:16:06,369 - INFO - ------- Data Preprocessing for EQCCTPro -------
2026-02-22 22:16:06,372 - INFO - 1 station(s) in /home/blackwinter/projects/eqcct/eqcctpro/data/waveforms_earthquakes_nonoise/20251117T222955Z_20251117T223055Z
2026-02-22 22:16:06,374 - INFO - Using 1 selected station(s): ['TOF'].
2026-02-22 22:16:06,376 - INFO - Creating model actor(s)...
2026-02-22 22:16:06,378 - INFO - System RAM: Total=7870 MB, Available=1586 MB
2026-02-22 22:16:06,381 - INFO - Usable RAM budget: 7083 MB (90% of total)
2026-02-22 22:16:06,383 - INFO - ===== MEMORY-AWARE CPU ACTOR POOL (EQCCT) =====
2026-02-22 22:16:06,385 - INFO - Requested concurrent tasks: 1
2026-02-22 22:16:06,387 - INFO - Available CPUs: 4
2026-02-22 22:16:06,389 - INFO - Available RAM: 7083 MB
2026-02-22 22:16:06,391 - INFO - RAM per model: 2264 MB
2026-02-22 22:16:06,393 - INFO - Max actors by RAM: 3
2026-02-22 22:16:06,396 - INFO - Creating 1 ModelActor(s)
2026-02-22 22:16:06,398 - INFO - Let Ray handle scheduling (taskset already restricts CPU visibility)
2026-02-22 22:16:06,400 - INFO - Creating ModelActor 1/1 (2.21GB RAM each)...
2026-02-22 22:16:10,303 - INFO - ModelActor 1 created successfully.
2026-02-22 22:16:10,305 - INFO - Created 1 CPU actor(s). Task queue will handle concurrency.
2026-02-22 22:16:10,308 - INFO - Starting EQCCTPro parallelized waveform processing...
2026-02-22 22:16:10,310 - INFO - 
2026-02-22 22:16:10,311 - INFO - ------- Analyzing Seismic Waveforms for P and S Picks via EQCCT -------
2026-02-22 22:16:10,313 - INFO - Analyzing 0:01:00 minute timechunk from 2025-11-17 22:29:55 to 2025-11-17 22:30:55 (0 min overlap)
2026-02-22 22:16:10,316 - INFO - Processing a total of 1 stations, 1 at a time.
2026-02-22 22:16:14,419 - INFO - (1/1) TOF: Finished the prediction in 2.14s. (HP=1.0, LP=45.0)
2026-02-22 22:16:14,421 - INFO - 
2026-02-22 22:16:14,425 - INFO - ------- Parallel Station Waveform Processing Complete For 2025-11-17 22:29:55 to 2025-11-17 22:30:55 Timechunk-------
2026-02-22 22:16:14,427 - INFO - Picks saved at /home/blackwinter/projects/eqcct/eqcctpro/results/csv/bm_eq_nonoise/20251117T222955Z_20251117T223055ZProcess Runtime: 4.12 s
2026-02-22 22:16:14,438 - INFO - Successfully ran EQCCTPro, exiting...
2026-02-22 22:16:16,025 - INFO - Ray Successfully Shutdown.
2026-02-22 22:16:16,025 - INFO - ------- Successfully Picked All Waveform(s) from all Timechunk(s) -------
