2026-02-22 17:52:24,748 - INFO - 
2026-02-22 17:52:24,748 - INFO - ------- Welcome to EQCCTPro -------
2026-02-22 17:52:24,749 - INFO - 
2026-02-22 17:52:24,749 - INFO - Running EQCCT over Requested MSeed Files using CPU(s)...
2026-02-22 17:52:24,749 - INFO - GPU disabled (CPU-only).
2026-02-22 17:52:24,750 - INFO - Configured Intra-op threads = 1
2026-02-22 17:52:24,750 - INFO - Configured Inter-op threads = 1
2026-02-22 17:52:24,750 - INFO - TensorFlow: No GPUs visible; TF will proceed on CPU.
2026-02-22 17:52:24,750 - INFO - 
2026-02-22 17:52:30,359 - INFO - Ray Successfully Initialized with 4 CPU(s) ([0, 1, 2, 3] CPU Affinity Binding).
2026-02-22 17:52:30,359 - INFO - Analyzing 1 time chunk(s) from 2025-07-15 20:40:59 to 2025-07-15 20:41:59 (dt=1min, overlap=0min).
2026-02-22 17:52:30,359 - INFO - Using 1 selected station(s).
2026-02-22 17:52:30,359 - INFO - 
2026-02-22 17:52:30,360 - INFO - ------- Starting EQCCTPro... -------
2026-02-22 17:52:30,360 - INFO - Detailed subprocess information can be found in the log file.
2026-02-22 17:52:30,360 - INFO - 
2026-02-22 17:52:30,769 - INFO - GPU disabled (CPU-only).
2026-02-22 17:52:32,360 - INFO - Configured Intra-op threads = 1
2026-02-22 17:52:32,363 - INFO - Configured Inter-op threads = 1
2026-02-22 17:52:32,408 - INFO - TensorFlow: No GPUs visible; TF will proceed on CPU.
2026-02-22 17:52:32,411 - INFO - 
2026-02-22 17:52:32,413 - INFO - ------- Hardware Configuration -------
2026-02-22 17:52:32,416 - INFO - CPU affinity set to cores: [0, 1, 2, 3]
2026-02-22 17:52:32,418 - INFO - 
2026-02-22 17:52:32,421 - INFO - ------- Data Preprocessing for EQCCTPro -------
2026-02-22 17:52:32,423 - INFO - 1 station(s) in /home/blackwinter/projects/eqcct/eqcctpro/data/waveforms_earthquakes_nonoise/20250715T204059Z_20250715T204159Z
2026-02-22 17:52:32,425 - INFO - Using 1 selected station(s): ['KU1'].
2026-02-22 17:52:32,427 - INFO - Creating model actor(s)...
2026-02-22 17:52:32,430 - INFO - System RAM: Total=7870 MB, Available=1986 MB
2026-02-22 17:52:32,432 - INFO - Usable RAM budget: 7083 MB (90% of total)
2026-02-22 17:52:32,434 - INFO - ===== MEMORY-AWARE CPU ACTOR POOL (EQCCT) =====
2026-02-22 17:52:32,436 - INFO - Requested concurrent tasks: 1
2026-02-22 17:52:32,439 - INFO - Available CPUs: 4
2026-02-22 17:52:32,441 - INFO - Available RAM: 7083 MB
2026-02-22 17:52:32,444 - INFO - RAM per model: 2264 MB
2026-02-22 17:52:32,446 - INFO - Max actors by RAM: 3
2026-02-22 17:52:32,449 - INFO - Creating 1 ModelActor(s)
2026-02-22 17:52:32,451 - INFO - Let Ray handle scheduling (taskset already restricts CPU visibility)
2026-02-22 17:52:32,453 - INFO - Creating ModelActor 1/1 (2.21GB RAM each)...
2026-02-22 17:52:36,413 - INFO - ModelActor 1 created successfully.
2026-02-22 17:52:36,415 - INFO - Created 1 CPU actor(s). Task queue will handle concurrency.
2026-02-22 17:52:36,417 - INFO - Starting EQCCTPro parallelized waveform processing...
2026-02-22 17:52:36,419 - INFO - 
2026-02-22 17:52:36,421 - INFO - ------- Analyzing Seismic Waveforms for P and S Picks via EQCCT -------
2026-02-22 17:52:36,423 - INFO - Analyzing 0:01:00 minute timechunk from 2025-07-15 20:40:59 to 2025-07-15 20:41:59 (0 min overlap)
2026-02-22 17:52:36,426 - INFO - Processing a total of 1 stations, 1 at a time.
2026-02-22 17:52:38,369 - INFO - (1/1) KU1: FAILED reading mSEED.
2026-02-22 17:52:38,371 - INFO - 
2026-02-22 17:52:38,373 - INFO - ------- Parallel Station Waveform Processing Complete For 2025-07-15 20:40:59 to 2025-07-15 20:41:59 Timechunk-------
2026-02-22 17:52:38,379 - INFO - Successfully ran EQCCTPro, exiting...
2026-02-22 17:52:38,375 - INFO - Picks saved at /home/blackwinter/projects/eqcct/eqcctpro/results/csv/bm_eq_nonoise/20250715T204059Z_20250715T204159ZProcess Runtime: 1.95 s
2026-02-22 17:52:39,871 - INFO - Ray Successfully Shutdown.
2026-02-22 17:52:39,871 - INFO - ------- Successfully Picked All Waveform(s) from all Timechunk(s) -------
