2026-02-22 20:40:21,245 - INFO - 
2026-02-22 20:40:21,245 - INFO - ------- Welcome to EQCCTPro -------
2026-02-22 20:40:21,245 - INFO - 
2026-02-22 20:40:21,246 - INFO - Running EQCCT over Requested MSeed Files using CPU(s)...
2026-02-22 20:40:21,246 - INFO - GPU disabled (CPU-only).
2026-02-22 20:40:21,247 - INFO - Configured Intra-op threads = 1
2026-02-22 20:40:21,247 - INFO - Configured Inter-op threads = 1
2026-02-22 20:40:21,247 - INFO - TensorFlow: No GPUs visible; TF will proceed on CPU.
2026-02-22 20:40:21,247 - INFO - 
2026-02-22 20:40:26,777 - INFO - Ray Successfully Initialized with 4 CPU(s) ([0, 1, 2, 3] CPU Affinity Binding).
2026-02-22 20:40:26,777 - INFO - Analyzing 1 time chunk(s) from 2025-09-30 14:49:18 to 2025-09-30 14:50:18 (dt=1min, overlap=0min).
2026-02-22 20:40:26,777 - INFO - Using 1 selected station(s).
2026-02-22 20:40:26,777 - INFO - 
2026-02-22 20:40:26,777 - INFO - ------- Starting EQCCTPro... -------
2026-02-22 20:40:26,778 - INFO - Detailed subprocess information can be found in the log file.
2026-02-22 20:40:26,778 - INFO - 
2026-02-22 20:40:27,159 - INFO - GPU disabled (CPU-only).
2026-02-22 20:40:28,676 - INFO - Configured Intra-op threads = 1
2026-02-22 20:40:28,678 - INFO - Configured Inter-op threads = 1
2026-02-22 20:40:28,715 - INFO - TensorFlow: No GPUs visible; TF will proceed on CPU.
2026-02-22 20:40:28,717 - INFO - 
2026-02-22 20:40:28,719 - INFO - ------- Hardware Configuration -------
2026-02-22 20:40:28,721 - INFO - CPU affinity set to cores: [0, 1, 2, 3]
2026-02-22 20:40:28,723 - INFO - 
2026-02-22 20:40:28,725 - INFO - ------- Data Preprocessing for EQCCTPro -------
2026-02-22 20:40:28,727 - INFO - 1 station(s) in /home/blackwinter/projects/eqcct/eqcctpro/data/waveforms_earthquakes_nonoise/20250930T144918Z_20250930T145018Z
2026-02-22 20:40:28,728 - INFO - Using 1 selected station(s): ['RANF'].
2026-02-22 20:40:28,730 - INFO - Creating model actor(s)...
2026-02-22 20:40:28,732 - INFO - System RAM: Total=7870 MB, Available=1783 MB
2026-02-22 20:40:28,734 - INFO - Usable RAM budget: 7083 MB (90% of total)
2026-02-22 20:40:28,736 - INFO - ===== MEMORY-AWARE CPU ACTOR POOL (EQCCT) =====
2026-02-22 20:40:28,738 - INFO - Requested concurrent tasks: 1
2026-02-22 20:40:28,739 - INFO - Available CPUs: 4
2026-02-22 20:40:28,741 - INFO - Available RAM: 7083 MB
2026-02-22 20:40:28,742 - INFO - RAM per model: 2264 MB
2026-02-22 20:40:28,744 - INFO - Max actors by RAM: 3
2026-02-22 20:40:28,746 - INFO - Creating 1 ModelActor(s)
2026-02-22 20:40:28,748 - INFO - Let Ray handle scheduling (taskset already restricts CPU visibility)
2026-02-22 20:40:28,750 - INFO - Creating ModelActor 1/1 (2.21GB RAM each)...
2026-02-22 20:40:32,669 - INFO - ModelActor 1 created successfully.
2026-02-22 20:40:32,671 - INFO - Created 1 CPU actor(s). Task queue will handle concurrency.
2026-02-22 20:40:32,673 - INFO - Starting EQCCTPro parallelized waveform processing...
2026-02-22 20:40:32,675 - INFO - 
2026-02-22 20:40:32,677 - INFO - ------- Analyzing Seismic Waveforms for P and S Picks via EQCCT -------
2026-02-22 20:40:32,679 - INFO - Analyzing 0:01:00 minute timechunk from 2025-09-30 14:49:18 to 2025-09-30 14:50:18 (0 min overlap)
2026-02-22 20:40:32,681 - INFO - Processing a total of 1 stations, 1 at a time.
2026-02-22 20:40:36,708 - INFO - (1/1) RANF: Finished the prediction in 2.14s. (HP=1.0, LP=45.0)
2026-02-22 20:40:36,710 - INFO - 
2026-02-22 20:40:36,713 - INFO - ------- Parallel Station Waveform Processing Complete For 2025-09-30 14:49:18 to 2025-09-30 14:50:18 Timechunk-------
2026-02-22 20:40:36,715 - INFO - Picks saved at /home/blackwinter/projects/eqcct/eqcctpro/results/csv/bm_eq_nonoise/20250930T144918Z_20250930T145018ZProcess Runtime: 4.04 s
2026-02-22 20:40:36,720 - INFO - Successfully ran EQCCTPro, exiting...
2026-02-22 20:40:38,454 - INFO - Ray Successfully Shutdown.
2026-02-22 20:40:38,454 - INFO - ------- Successfully Picked All Waveform(s) from all Timechunk(s) -------
