2026-03-28 21:38:00,257 - INFO - 
2026-03-28 21:38:00,258 - INFO - ------- Welcome to EQCCTPro -------
2026-03-28 21:38:00,258 - INFO - 
2026-03-28 21:38:00,258 - INFO - Running EQCCT over Requested MSeed Files using CPU(s)...
2026-03-28 21:38:00,258 - INFO - GPU disabled (CPU-only).
2026-03-29 05:20:46,228 - INFO - 
2026-03-29 05:20:46,228 - INFO - ------- Welcome to EQCCTPro -------
2026-03-29 05:20:46,228 - INFO - 
2026-03-29 05:20:46,229 - INFO - Running EQCCT over Requested MSeed Files using CPU(s)...
2026-03-29 05:20:46,229 - INFO - GPU disabled (CPU-only).
2026-03-29 05:20:46,229 - INFO - Configured Intra-op threads = 1
2026-03-29 05:20:46,229 - INFO - Configured Inter-op threads = 1
2026-03-29 05:20:46,229 - INFO - TensorFlow: No GPUs visible; TF will proceed on CPU.
2026-03-29 05:20:46,229 - INFO - 
2026-03-29 05:20:51,363 - INFO - Ray Successfully Initialized with 4 CPU(s) ([0, 1, 2, 3] CPU Affinity Binding).
2026-03-29 05:20:51,363 - INFO - Analyzing 1 time chunk(s) from 2025-01-20 11:37:17 to 2025-01-20 11:38:17 (dt=1min, overlap=0min).
2026-03-29 05:20:51,363 - INFO - Using 1 selected station(s).
2026-03-29 05:20:51,363 - INFO - 
2026-03-29 05:20:51,363 - INFO - ------- Starting EQCCTPro... -------
2026-03-29 05:20:51,363 - INFO - Detailed subprocess information can be found in the log file.
2026-03-29 05:20:51,363 - INFO - 
2026-03-29 05:20:51,800 - INFO - GPU disabled (CPU-only).
2026-03-29 05:20:53,475 - INFO - Configured Intra-op threads = 1
2026-03-29 05:20:53,478 - INFO - Configured Inter-op threads = 1
2026-03-29 05:20:53,523 - INFO - TensorFlow: No GPUs visible; TF will proceed on CPU.
2026-03-29 05:20:53,525 - INFO - 
2026-03-29 05:20:53,528 - INFO - ------- Hardware Configuration -------
2026-03-29 05:20:53,531 - INFO - CPU affinity set to cores: [0, 1, 2, 3]
2026-03-29 05:20:53,534 - INFO - 
2026-03-29 05:20:53,536 - INFO - ------- Data Preprocessing for EQCCTPro -------
2026-03-29 05:20:53,538 - INFO - 1 station(s) in /home/blackwinter/projects/eqcct/eqcctpro/data/waveforms_explosions_nonoise/20250120T113717Z_20250120T113817Z
2026-03-29 05:20:53,540 - INFO - Using 1 selected station(s): ['RMF'].
2026-03-29 05:20:53,542 - INFO - Creating model actor(s)...
2026-03-29 05:20:53,544 - INFO - System RAM: Total=7870 MB, Available=2979 MB
2026-03-29 05:20:53,547 - INFO - Usable RAM budget: 7083 MB (90% of total)
2026-03-29 05:20:53,549 - INFO - ===== MEMORY-AWARE CPU ACTOR POOL (EQCCT) =====
2026-03-29 05:20:53,552 - INFO - Requested concurrent tasks: 1
2026-03-29 05:20:53,555 - INFO - Available CPUs: 4
2026-03-29 05:20:53,557 - INFO - Available RAM: 7083 MB
2026-03-29 05:20:53,560 - INFO - RAM per model: 2264 MB
2026-03-29 05:20:53,563 - INFO - Max actors by RAM: 3
2026-03-29 05:20:53,565 - INFO - Creating 1 ModelActor(s)
2026-03-29 05:20:53,568 - INFO - Let Ray handle scheduling (taskset already restricts CPU visibility)
2026-03-29 05:20:53,571 - INFO - Creating ModelActor 1/1 (2.21GB RAM each)...
2026-03-29 05:20:57,939 - INFO - ModelActor 1 created successfully.
2026-03-29 05:20:57,942 - INFO - Created 1 CPU actor(s). Task queue will handle concurrency.
2026-03-29 05:20:57,945 - INFO - Starting EQCCTPro parallelized waveform processing...
2026-03-29 05:20:57,948 - INFO - 
2026-03-29 05:20:57,950 - INFO - ------- Analyzing Seismic Waveforms for P and S Picks via EQCCT -------
2026-03-29 05:20:57,953 - INFO - Analyzing 0:01:00 minute timechunk from 2025-01-20 11:37:17 to 2025-01-20 11:38:17 (0 min overlap)
2026-03-29 05:20:57,956 - INFO - Processing a total of 1 stations, 1 at a time.
2026-03-29 05:21:02,385 - INFO - (1/1) RMF: Finished the prediction in 2.42s. (HP=1.0, LP=45.0)
2026-03-29 05:21:02,387 - INFO - 
2026-03-29 05:21:02,390 - INFO - ------- Parallel Station Waveform Processing Complete For 2025-01-20 11:37:17 to 2025-01-20 11:38:17 Timechunk-------
2026-03-29 05:21:02,393 - INFO - Picks saved at /home/blackwinter/projects/eqcct/eqcctpro/results/csv/eqcct_explosions_th0_1/20250120T113717Z_20250120T113817ZProcess Runtime: 4.44 s
2026-03-29 05:21:02,398 - INFO - Successfully ran EQCCTPro, exiting...
2026-03-29 05:21:04,048 - INFO - Ray Successfully Shutdown.
2026-03-29 05:21:04,049 - INFO - ------- Successfully Picked All Waveform(s) from all Timechunk(s) -------
