2026-03-27 21:01:54,537 - INFO - 
2026-03-27 21:01:54,537 - INFO - ------- Welcome to EQCCTPro -------
2026-03-27 21:01:54,537 - INFO - 
2026-03-27 21:01:54,538 - INFO - Running EQCCT over Requested MSeed Files using CPU(s)...
2026-03-27 21:01:54,538 - INFO - GPU disabled (CPU-only).
2026-03-27 21:01:54,538 - INFO - Skipping framework-specific initialization in the driver process.
2026-03-27 21:01:56,922 - INFO - Ray Successfully Initialized with 4 CPU(s) ([0, 1, 2, 3] CPU Affinity Binding).
2026-03-27 21:01:56,923 - INFO - Analyzing 1 time chunk(s) from 2025-09-15 23:29:31 to 2025-09-15 23:30:31 (dt=1min, overlap=0min).
2026-03-27 21:01:56,923 - INFO - Using 1 selected station(s).
2026-03-27 21:01:56,923 - INFO - 
2026-03-27 21:01:56,923 - INFO - ------- Starting EQCCTPro... -------
2026-03-27 21:01:56,923 - INFO - Detailed subprocess information can be found in the log file.
2026-03-27 21:01:56,923 - INFO - 
2026-03-27 21:01:57,200 - INFO - GPU disabled (CPU-only).
2026-03-27 21:01:57,204 - INFO - Skipping framework-specific initialization in the driver process.
2026-03-27 21:01:57,206 - INFO - ------- Hardware Configuration -------
2026-03-27 21:01:57,209 - INFO - CPU affinity set to cores: [0, 1, 2, 3]
2026-03-27 21:01:57,211 - INFO - 
2026-03-27 21:01:57,214 - INFO - ------- Data Preprocessing for EQCCTPro -------
2026-03-27 21:01:57,216 - INFO - 1 station(s) in /home/blackwinter/projects/eqcct/eqcctpro/data/waveforms_earthquakes_nonoise/20250915T232931Z_20250915T233031Z
2026-03-27 21:01:57,219 - INFO - Using 1 selected station(s): ['KIF'].
2026-03-27 21:01:57,221 - INFO - Creating model actor(s)...
2026-03-27 21:01:57,223 - INFO - System RAM: Total=7870 MB, Available=5104 MB
2026-03-27 21:01:57,225 - INFO - Usable RAM budget: 7083 MB (90% of total)
2026-03-27 21:01:57,227 - INFO - ===== MEMORY-AWARE CPU ACTOR POOL =====
2026-03-27 21:01:57,230 - INFO - Requested concurrent tasks: 1
2026-03-27 21:01:57,233 - INFO - Available CPUs: 4
2026-03-27 21:01:57,235 - INFO - Available RAM: 7083 MB
2026-03-27 21:01:57,237 - INFO - RAM per model: 2060 MB
2026-03-27 21:01:57,239 - INFO - Max actors by RAM: 3
2026-03-27 21:01:57,241 - INFO - Creating 1 SeisBenchModelActor(s)
2026-03-27 21:01:57,243 - INFO - Let Ray handle scheduling (taskset already restricts CPU visibility)
2026-03-27 21:01:57,244 - INFO - Creating SeisBenchModelActor 1/1 (2.01GB RAM each)...
2026-03-27 21:02:00,598 - INFO - SeisBenchModelActor 1 created successfully.
2026-03-27 21:02:00,600 - INFO - Created 1 CPU actor(s). Task queue will handle concurrency.
2026-03-27 21:02:00,602 - INFO - Starting EQCCTPro parallelized waveform processing...
2026-03-27 21:02:00,604 - INFO - 
2026-03-27 21:02:00,606 - INFO - ------- Analyzing Seismic Waveforms for P and S Picks via SeisBench (EQTransformer - original_nonconservative) -------
2026-03-27 21:02:00,609 - INFO - Analyzing 0:01:00 minute timechunk from 2025-09-15 23:29:31 to 2025-09-15 23:30:31 (0 min overlap)
2026-03-27 21:02:00,611 - INFO - Processing a total of 1 stations, 1 at a time.
2026-03-27 21:02:02,808 - INFO - (1/1) KIF: Finished the prediction in 0.13s. (HP=1.0, LP=45.0, picks=0)
2026-03-27 21:02:02,811 - INFO - 
2026-03-27 21:02:02,814 - INFO - ------- Parallel Station Waveform Processing Complete For 2025-09-15 23:29:31 to 2025-09-15 23:30:31 Timechunk-------
2026-03-27 21:02:02,816 - INFO - Picks saved at /home/blackwinter/projects/eqcct/eqcctpro/results/csv/eqt_earthquakes_th0_1/20250915T232931Z_20250915T233031ZProcess Runtime: 2.21 s
2026-03-27 21:02:02,821 - INFO - Successfully ran EQCCTPro, exiting...
2026-03-27 21:02:04,357 - INFO - Ray Successfully Shutdown.
2026-03-27 21:02:04,357 - INFO - ------- Successfully Picked All Waveform(s) from all Timechunk(s) -------
2026-03-28 03:15:08,271 - INFO - 
2026-03-28 03:15:08,271 - INFO - ------- Welcome to EQCCTPro -------
2026-03-28 03:15:08,271 - INFO - 
2026-03-28 03:15:08,272 - INFO - Running EQCCT over Requested MSeed Files using CPU(s)...
2026-03-28 03:15:08,272 - INFO - GPU disabled (CPU-only).
2026-03-28 03:15:08,272 - INFO - Skipping framework-specific initialization in the driver process.
2026-03-28 03:15:10,687 - INFO - Ray Successfully Initialized with 4 CPU(s) ([0, 1, 2, 3] CPU Affinity Binding).
2026-03-28 03:15:10,688 - INFO - Analyzing 1 time chunk(s) from 2025-09-15 23:29:31 to 2025-09-15 23:30:31 (dt=1min, overlap=0min).
2026-03-28 03:15:10,688 - INFO - Using 1 selected station(s).
2026-03-28 03:15:10,688 - INFO - 
2026-03-28 03:15:10,688 - INFO - ------- Starting EQCCTPro... -------
2026-03-28 03:15:10,688 - INFO - Detailed subprocess information can be found in the log file.
2026-03-28 03:15:10,688 - INFO - 
2026-03-28 03:15:10,977 - INFO - GPU disabled (CPU-only).
2026-03-28 03:15:10,982 - INFO - Skipping framework-specific initialization in the driver process.
2026-03-28 03:15:10,984 - INFO - ------- Hardware Configuration -------
2026-03-28 03:15:10,987 - INFO - CPU affinity set to cores: [0, 1, 2, 3]
2026-03-28 03:15:10,990 - INFO - 
2026-03-28 03:15:10,993 - INFO - ------- Data Preprocessing for EQCCTPro -------
2026-03-28 03:15:10,995 - INFO - 1 station(s) in /home/blackwinter/projects/eqcct/eqcctpro/data/waveforms_earthquakes_nonoise/20250915T232931Z_20250915T233031Z
2026-03-28 03:15:10,998 - INFO - Using 1 selected station(s): ['KIF'].
2026-03-28 03:15:11,000 - INFO - Creating model actor(s)...
2026-03-28 03:15:11,003 - INFO - System RAM: Total=7870 MB, Available=5657 MB
2026-03-28 03:15:11,006 - INFO - Usable RAM budget: 7083 MB (90% of total)
2026-03-28 03:15:11,008 - INFO - ===== MEMORY-AWARE CPU ACTOR POOL =====
2026-03-28 03:15:11,011 - INFO - Requested concurrent tasks: 1
2026-03-28 03:15:11,014 - INFO - Available CPUs: 4
2026-03-28 03:15:11,016 - INFO - Available RAM: 7083 MB
2026-03-28 03:15:11,019 - INFO - RAM per model: 2060 MB
2026-03-28 03:15:11,021 - INFO - Max actors by RAM: 3
2026-03-28 03:15:11,024 - INFO - Creating 1 SeisBenchModelActor(s)
2026-03-28 03:15:11,026 - INFO - Let Ray handle scheduling (taskset already restricts CPU visibility)
2026-03-28 03:15:11,029 - INFO - Creating SeisBenchModelActor 1/1 (2.01GB RAM each)...
2026-03-28 03:15:14,091 - INFO - SeisBenchModelActor 1 created successfully.
2026-03-28 03:15:14,094 - INFO - Created 1 CPU actor(s). Task queue will handle concurrency.
2026-03-28 03:15:14,098 - INFO - Starting EQCCTPro parallelized waveform processing...
2026-03-28 03:15:14,101 - INFO - 
2026-03-28 03:15:14,104 - INFO - ------- Analyzing Seismic Waveforms for P and S Picks via SeisBench (EQTransformer - original_nonconservative) -------
2026-03-28 03:15:14,107 - INFO - Analyzing 0:01:00 minute timechunk from 2025-09-15 23:29:31 to 2025-09-15 23:30:31 (0 min overlap)
2026-03-28 03:15:14,110 - INFO - Processing a total of 1 stations, 1 at a time.
2026-03-28 03:15:16,313 - INFO - (1/1) KIF: Skipped (already exists - overwrite=False).
2026-03-28 03:15:16,318 - INFO - 
2026-03-28 03:15:16,321 - INFO - ------- Parallel Station Waveform Processing Complete For 2025-09-15 23:29:31 to 2025-09-15 23:30:31 Timechunk-------
2026-03-28 03:15:16,323 - INFO - Picks saved at /home/blackwinter/projects/eqcct/eqcctpro/results/csv/eqt_earthquakes_th0_1/20250915T232931Z_20250915T233031ZProcess Runtime: 2.22 s
2026-03-28 03:15:16,330 - INFO - Successfully ran EQCCTPro, exiting...
2026-03-28 03:15:17,890 - INFO - Ray Successfully Shutdown.
2026-03-28 03:15:17,890 - INFO - ------- Successfully Picked All Waveform(s) from all Timechunk(s) -------
