2026-02-27 12:51:01,211 - INFO - 
2026-02-27 12:51:01,211 - INFO - ------- Welcome to EQCCTPro -------
2026-02-27 12:51:01,212 - INFO - 
2026-02-27 12:51:01,212 - INFO - Running EQCCT over Requested MSeed Files using CPU(s)...
2026-02-27 12:51:01,212 - INFO - GPU disabled (CPU-only).
2026-02-27 12:51:01,213 - INFO - Configured Intra-op threads = 1
2026-02-27 12:51:01,213 - INFO - Configured Inter-op threads = 1
2026-02-27 12:51:01,213 - INFO - TensorFlow: No GPUs visible; TF will proceed on CPU.
2026-02-27 12:51:01,213 - INFO - 
2026-02-27 12:51:06,774 - INFO - Ray Successfully Initialized with 4 CPU(s) ([0, 1, 2, 3] CPU Affinity Binding).
2026-02-27 12:51:06,774 - INFO - Analyzing 1 time chunk(s) from 2025-01-23 13:21:03 to 2025-01-23 13:22:03 (dt=1min, overlap=0min).
2026-02-27 12:51:06,775 - INFO - Using 1 selected station(s).
2026-02-27 12:51:06,775 - INFO - 
2026-02-27 12:51:06,775 - INFO - ------- Starting EQCCTPro... -------
2026-02-27 12:51:06,775 - INFO - Detailed subprocess information can be found in the log file.
2026-02-27 12:51:06,775 - INFO - 
2026-02-27 12:51:07,152 - INFO - GPU disabled (CPU-only).
2026-02-27 12:51:08,611 - INFO - Configured Intra-op threads = 1
2026-02-27 12:51:08,614 - INFO - Configured Inter-op threads = 1
2026-02-27 12:51:08,653 - INFO - TensorFlow: No GPUs visible; TF will proceed on CPU.
2026-02-27 12:51:08,656 - INFO - 
2026-02-27 12:51:08,658 - INFO - ------- Hardware Configuration -------
2026-02-27 12:51:08,661 - INFO - CPU affinity set to cores: [0, 1, 2, 3]
2026-02-27 12:51:08,663 - INFO - 
2026-02-27 12:51:08,665 - INFO - ------- Data Preprocessing for EQCCTPro -------
2026-02-27 12:51:08,667 - INFO - 1 station(s) in /home/blackwinter/projects/eqcct/eqcctpro/data/waveforms_explosions_nonoise/20250123T132103Z_20250123T132203Z
2026-02-27 12:51:08,669 - INFO - Using 1 selected station(s): ['SUF'].
2026-02-27 12:51:08,671 - INFO - Creating model actor(s)...
2026-02-27 12:51:08,672 - INFO - System RAM: Total=7870 MB, Available=2166 MB
2026-02-27 12:51:08,675 - INFO - Usable RAM budget: 7083 MB (90% of total)
2026-02-27 12:51:08,677 - INFO - ===== MEMORY-AWARE CPU ACTOR POOL (EQCCT) =====
2026-02-27 12:51:08,678 - INFO - Requested concurrent tasks: 1
2026-02-27 12:51:08,680 - INFO - Available CPUs: 4
2026-02-27 12:51:08,682 - INFO - Available RAM: 7083 MB
2026-02-27 12:51:08,684 - INFO - RAM per model: 2264 MB
2026-02-27 12:51:08,687 - INFO - Max actors by RAM: 3
2026-02-27 12:51:08,689 - INFO - Creating 1 ModelActor(s)
2026-02-27 12:51:08,691 - INFO - Let Ray handle scheduling (taskset already restricts CPU visibility)
2026-02-27 12:51:08,693 - INFO - Creating ModelActor 1/1 (2.21GB RAM each)...
2026-02-27 12:51:12,716 - INFO - ModelActor 1 created successfully.
2026-02-27 12:51:12,718 - INFO - Created 1 CPU actor(s). Task queue will handle concurrency.
2026-02-27 12:51:12,720 - INFO - Starting EQCCTPro parallelized waveform processing...
2026-02-27 12:51:12,722 - INFO - 
2026-02-27 12:51:12,724 - INFO - ------- Analyzing Seismic Waveforms for P and S Picks via EQCCT -------
2026-02-27 12:51:12,726 - INFO - Analyzing 0:01:00 minute timechunk from 2025-01-23 13:21:03 to 2025-01-23 13:22:03 (0 min overlap)
2026-02-27 12:51:12,728 - INFO - Processing a total of 1 stations, 1 at a time.
2026-02-27 12:51:16,813 - INFO - (1/1) SUF: Finished the prediction in 2.15s. (HP=1.0, LP=45.0)
2026-02-27 12:51:16,816 - INFO - 
2026-02-27 12:51:16,818 - INFO - ------- Parallel Station Waveform Processing Complete For 2025-01-23 13:21:03 to 2025-01-23 13:22:03 Timechunk-------
2026-02-27 12:51:16,820 - INFO - Picks saved at /home/blackwinter/projects/eqcct/eqcctpro/results/csv/bm_explosions/20250123T132103Z_20250123T132203ZProcess Runtime: 4.10 s
2026-02-27 12:51:16,824 - INFO - Successfully ran EQCCTPro, exiting...
2026-02-27 12:51:18,347 - INFO - Ray Successfully Shutdown.
2026-02-27 12:51:18,347 - INFO - ------- Successfully Picked All Waveform(s) from all Timechunk(s) -------
