2026-03-27 19:55:38,980 - INFO - 
2026-03-27 19:55:38,981 - INFO - ------- Welcome to EQCCTPro -------
2026-03-27 19:55:38,981 - INFO - 
2026-03-27 19:55:38,981 - INFO - Running EQCCT over Requested MSeed Files using CPU(s)...
2026-03-27 19:55:38,981 - INFO - GPU disabled (CPU-only).
2026-03-27 19:55:38,981 - INFO - Skipping framework-specific initialization in the driver process.
2026-03-27 19:55:41,518 - INFO - Ray Successfully Initialized with 4 CPU(s) ([0, 1, 2, 3] CPU Affinity Binding).
2026-03-27 19:55:41,518 - INFO - Analyzing 1 time chunk(s) from 2025-08-01 00:20:05 to 2025-08-01 00:21:05 (dt=1min, overlap=0min).
2026-03-27 19:55:41,518 - INFO - Using 3 selected station(s).
2026-03-27 19:55:41,518 - INFO - 
2026-03-27 19:55:41,518 - INFO - ------- Starting EQCCTPro... -------
2026-03-27 19:55:41,519 - INFO - Detailed subprocess information can be found in the log file.
2026-03-27 19:55:41,519 - INFO - 
2026-03-27 19:55:41,826 - INFO - GPU disabled (CPU-only).
2026-03-27 19:55:41,832 - INFO - Skipping framework-specific initialization in the driver process.
2026-03-27 19:55:41,834 - INFO - ------- Hardware Configuration -------
2026-03-27 19:55:41,836 - INFO - CPU affinity set to cores: [0, 1, 2, 3]
2026-03-27 19:55:41,838 - INFO - 
2026-03-27 19:55:41,841 - INFO - ------- Data Preprocessing for EQCCTPro -------
2026-03-27 19:55:41,843 - INFO - 3 station(s) in /home/blackwinter/projects/eqcct/eqcctpro/data/waveforms_earthquakes_nonoise/20250801T002005Z_20250801T002105Z
2026-03-27 19:55:41,846 - INFO - Using 3 selected station(s): ['FIA0', 'FIA1', 'RUF'].
2026-03-27 19:55:41,848 - INFO - Creating model actor(s)...
2026-03-27 19:55:41,851 - INFO - System RAM: Total=7870 MB, Available=5944 MB
2026-03-27 19:55:41,853 - INFO - Usable RAM budget: 7083 MB (90% of total)
2026-03-27 19:55:41,856 - INFO - ===== MEMORY-AWARE CPU ACTOR POOL =====
2026-03-27 19:55:41,859 - INFO - Requested concurrent tasks: 1
2026-03-27 19:55:41,861 - INFO - Available CPUs: 4
2026-03-27 19:55:41,863 - INFO - Available RAM: 7083 MB
2026-03-27 19:55:41,865 - INFO - RAM per model: 2060 MB
2026-03-27 19:55:41,866 - INFO - Max actors by RAM: 3
2026-03-27 19:55:41,869 - INFO - Creating 1 SeisBenchModelActor(s)
2026-03-27 19:55:41,871 - INFO - Let Ray handle scheduling (taskset already restricts CPU visibility)
2026-03-27 19:55:41,874 - INFO - Creating SeisBenchModelActor 1/1 (2.01GB RAM each)...
2026-03-27 19:55:45,099 - INFO - SeisBenchModelActor 1 created successfully.
2026-03-27 19:55:45,101 - INFO - Created 1 CPU actor(s). Task queue will handle concurrency.
2026-03-27 19:55:45,103 - INFO - Starting EQCCTPro parallelized waveform processing...
2026-03-27 19:55:45,105 - INFO - 
2026-03-27 19:55:45,107 - INFO - ------- Analyzing Seismic Waveforms for P and S Picks via SeisBench (EQTransformer - original_nonconservative) -------
2026-03-27 19:55:45,110 - INFO - Analyzing 0:01:00 minute timechunk from 2025-08-01 00:20:05 to 2025-08-01 00:21:05 (0 min overlap)
2026-03-27 19:55:45,112 - INFO - Processing a total of 3 stations, 1 at a time.
2026-03-27 19:55:47,306 - INFO - (1/3) FIA0: Finished the prediction in 0.13s. (HP=1.0, LP=45.0, picks=2)
2026-03-27 19:55:47,374 - INFO - (2/3) FIA1: Finished the prediction in 0.06s. (HP=1.0, LP=45.0, picks=2)
2026-03-27 19:55:47,451 - INFO - (3/3) RUF: Finished the prediction in 0.07s. (HP=1.0, LP=45.0, picks=2)
2026-03-27 19:55:47,454 - INFO - 
2026-03-27 19:55:47,456 - INFO - ------- Parallel Station Waveform Processing Complete For 2025-08-01 00:20:05 to 2025-08-01 00:21:05 Timechunk-------
2026-03-27 19:55:47,458 - INFO - Picks saved at /home/blackwinter/projects/eqcct/eqcctpro/results/csv/eqt_earthquakes_th0_1/20250801T002005Z_20250801T002105ZProcess Runtime: 2.35 s
2026-03-27 19:55:47,463 - INFO - Successfully ran EQCCTPro, exiting...
2026-03-27 19:55:49,086 - INFO - Ray Successfully Shutdown.
2026-03-27 19:55:49,086 - INFO - ------- Successfully Picked All Waveform(s) from all Timechunk(s) -------
2026-03-28 02:22:17,491 - INFO - 
2026-03-28 02:22:17,492 - INFO - ------- Welcome to EQCCTPro -------
2026-03-28 02:22:17,492 - INFO - 
2026-03-28 02:22:17,493 - INFO - Running EQCCT over Requested MSeed Files using CPU(s)...
2026-03-28 02:22:17,493 - INFO - GPU disabled (CPU-only).
2026-03-28 02:22:17,493 - INFO - Skipping framework-specific initialization in the driver process.
2026-03-28 02:22:19,902 - INFO - Ray Successfully Initialized with 4 CPU(s) ([0, 1, 2, 3] CPU Affinity Binding).
2026-03-28 02:22:19,903 - INFO - Analyzing 1 time chunk(s) from 2025-08-01 00:20:05 to 2025-08-01 00:21:05 (dt=1min, overlap=0min).
2026-03-28 02:22:19,903 - INFO - Using 3 selected station(s).
2026-03-28 02:22:19,903 - INFO - 
2026-03-28 02:22:19,903 - INFO - ------- Starting EQCCTPro... -------
2026-03-28 02:22:19,903 - INFO - Detailed subprocess information can be found in the log file.
2026-03-28 02:22:19,903 - INFO - 
2026-03-28 02:22:20,179 - INFO - GPU disabled (CPU-only).
2026-03-28 02:22:20,184 - INFO - Skipping framework-specific initialization in the driver process.
2026-03-28 02:22:20,187 - INFO - ------- Hardware Configuration -------
2026-03-28 02:22:20,190 - INFO - CPU affinity set to cores: [0, 1, 2, 3]
2026-03-28 02:22:20,192 - INFO - 
2026-03-28 02:22:20,195 - INFO - ------- Data Preprocessing for EQCCTPro -------
2026-03-28 02:22:20,197 - INFO - 3 station(s) in /home/blackwinter/projects/eqcct/eqcctpro/data/waveforms_earthquakes_nonoise/20250801T002005Z_20250801T002105Z
2026-03-28 02:22:20,200 - INFO - Using 3 selected station(s): ['FIA0', 'FIA1', 'RUF'].
2026-03-28 02:22:20,203 - INFO - Creating model actor(s)...
2026-03-28 02:22:20,205 - INFO - System RAM: Total=7870 MB, Available=5743 MB
2026-03-28 02:22:20,208 - INFO - Usable RAM budget: 7083 MB (90% of total)
2026-03-28 02:22:20,210 - INFO - ===== MEMORY-AWARE CPU ACTOR POOL =====
2026-03-28 02:22:20,213 - INFO - Requested concurrent tasks: 1
2026-03-28 02:22:20,215 - INFO - Available CPUs: 4
2026-03-28 02:22:20,217 - INFO - Available RAM: 7083 MB
2026-03-28 02:22:20,219 - INFO - RAM per model: 2060 MB
2026-03-28 02:22:20,222 - INFO - Max actors by RAM: 3
2026-03-28 02:22:20,224 - INFO - Creating 1 SeisBenchModelActor(s)
2026-03-28 02:22:20,227 - INFO - Let Ray handle scheduling (taskset already restricts CPU visibility)
2026-03-28 02:22:20,229 - INFO - Creating SeisBenchModelActor 1/1 (2.01GB RAM each)...
2026-03-28 02:22:23,356 - INFO - SeisBenchModelActor 1 created successfully.
2026-03-28 02:22:23,358 - INFO - Created 1 CPU actor(s). Task queue will handle concurrency.
2026-03-28 02:22:23,360 - INFO - Starting EQCCTPro parallelized waveform processing...
2026-03-28 02:22:23,364 - INFO - 
2026-03-28 02:22:23,368 - INFO - ------- Analyzing Seismic Waveforms for P and S Picks via SeisBench (EQTransformer - original_nonconservative) -------
2026-03-28 02:22:23,371 - INFO - Analyzing 0:01:00 minute timechunk from 2025-08-01 00:20:05 to 2025-08-01 00:21:05 (0 min overlap)
2026-03-28 02:22:23,374 - INFO - Processing a total of 3 stations, 1 at a time.
2026-03-28 02:22:25,575 - INFO - (1/3) FIA0: Skipped (already exists - overwrite=False).
2026-03-28 02:22:25,582 - INFO - (2/3) FIA1: Skipped (already exists - overwrite=False).
2026-03-28 02:22:25,588 - INFO - (3/3) RUF: Skipped (already exists - overwrite=False).
2026-03-28 02:22:25,590 - INFO - 
2026-03-28 02:22:25,592 - INFO - ------- Parallel Station Waveform Processing Complete For 2025-08-01 00:20:05 to 2025-08-01 00:21:05 Timechunk-------
2026-03-28 02:22:25,594 - INFO - Picks saved at /home/blackwinter/projects/eqcct/eqcctpro/results/csv/eqt_earthquakes_th0_1/20250801T002005Z_20250801T002105ZProcess Runtime: 2.23 s
2026-03-28 02:22:25,602 - INFO - Successfully ran EQCCTPro, exiting...
2026-03-28 02:22:27,182 - INFO - Ray Successfully Shutdown.
2026-03-28 02:22:27,183 - INFO - ------- Successfully Picked All Waveform(s) from all Timechunk(s) -------
