2026-03-28 20:46:41,723 - INFO - 
2026-03-28 20:46:41,724 - INFO - ------- Welcome to EQCCTPro -------
2026-03-28 20:46:41,724 - INFO - 
2026-03-28 20:46:41,724 - INFO - Running EQCCT over Requested MSeed Files using CPU(s)...
2026-03-28 20:46:41,725 - INFO - GPU disabled (CPU-only).
2026-03-28 20:46:41,725 - INFO - Skipping framework-specific initialization in the driver process.
2026-03-28 20:46:44,565 - INFO - Ray Successfully Initialized with 4 CPU(s) ([0, 1, 2, 3] CPU Affinity Binding).
2026-03-28 20:46:44,565 - INFO - Analyzing 1 time chunk(s) from 2025-01-23 12:08:17 to 2025-01-23 12:09:17 (dt=1min, overlap=0min).
2026-03-28 20:46:44,566 - INFO - Using 1 selected station(s).
2026-03-28 20:46:44,566 - INFO - 
2026-03-28 20:46:44,566 - INFO - ------- Starting EQCCTPro... -------
2026-03-28 20:46:44,566 - INFO - Detailed subprocess information can be found in the log file.
2026-03-28 20:46:44,566 - INFO - 
2026-03-28 20:46:44,914 - INFO - GPU disabled (CPU-only).
2026-03-28 20:46:44,919 - INFO - Skipping framework-specific initialization in the driver process.
2026-03-28 20:46:44,922 - INFO - ------- Hardware Configuration -------
2026-03-28 20:46:44,924 - INFO - CPU affinity set to cores: [0, 1, 2, 3]
2026-03-28 20:46:44,926 - INFO - 
2026-03-28 20:46:44,928 - INFO - ------- Data Preprocessing for EQCCTPro -------
2026-03-28 20:46:44,930 - INFO - 1 station(s) in /home/blackwinter/projects/eqcct/eqcctpro/data/waveforms_explosions_nonoise/20250123T120817Z_20250123T120917Z
2026-03-28 20:46:44,934 - INFO - Using 1 selected station(s): ['MSF'].
2026-03-28 20:46:44,936 - INFO - Creating model actor(s)...
2026-03-28 20:46:44,939 - INFO - System RAM: Total=7870 MB, Available=4141 MB
2026-03-28 20:46:44,942 - INFO - Usable RAM budget: 7083 MB (90% of total)
2026-03-28 20:46:44,944 - INFO - ===== MEMORY-AWARE CPU ACTOR POOL =====
2026-03-28 20:46:44,946 - INFO - Requested concurrent tasks: 1
2026-03-28 20:46:44,948 - INFO - Available CPUs: 4
2026-03-28 20:46:44,951 - INFO - Available RAM: 7083 MB
2026-03-28 20:46:44,954 - INFO - RAM per model: 2060 MB
2026-03-28 20:46:44,958 - INFO - Max actors by RAM: 3
2026-03-28 20:46:44,961 - INFO - Creating 1 SeisBenchModelActor(s)
2026-03-28 20:46:44,964 - INFO - Let Ray handle scheduling (taskset already restricts CPU visibility)
2026-03-28 20:46:44,968 - INFO - Creating SeisBenchModelActor 1/1 (2.01GB RAM each)...
2026-03-28 20:46:48,021 - INFO - SeisBenchModelActor 1 created successfully.
2026-03-28 20:46:48,024 - INFO - Created 1 CPU actor(s). Task queue will handle concurrency.
2026-03-28 20:46:48,026 - INFO - Starting EQCCTPro parallelized waveform processing...
2026-03-28 20:46:48,028 - INFO - 
2026-03-28 20:46:48,032 - INFO - ------- Analyzing Seismic Waveforms for P and S Picks via SeisBench (EQTransformer - original_nonconservative) -------
2026-03-28 20:46:48,036 - INFO - Analyzing 0:01:00 minute timechunk from 2025-01-23 12:08:17 to 2025-01-23 12:09:17 (0 min overlap)
2026-03-28 20:46:48,038 - INFO - Processing a total of 1 stations, 1 at a time.
2026-03-28 20:46:50,367 - INFO - (1/1) MSF: FAILED reading mSEED: Selected corner frequency is above Nyquist.
2026-03-28 20:46:50,369 - INFO - 
2026-03-28 20:46:50,372 - INFO - ------- Parallel Station Waveform Processing Complete For 2025-01-23 12:08:17 to 2025-01-23 12:09:17 Timechunk-------
2026-03-28 20:46:50,375 - INFO - Picks saved at /home/blackwinter/projects/eqcct/eqcctpro/results/csv/eqt_explosions_th0_1/20250123T120817Z_20250123T120917ZProcess Runtime: 2.34 s
2026-03-28 20:46:50,380 - INFO - Successfully ran EQCCTPro, exiting...
2026-03-28 20:46:52,236 - INFO - Ray Successfully Shutdown.
2026-03-28 20:46:52,236 - INFO - ------- Successfully Picked All Waveform(s) from all Timechunk(s) -------
