2026-03-29 17:08:18,721 - INFO - 
2026-03-29 17:08:18,721 - INFO - ------- Welcome to EQCCTPro -------
2026-03-29 17:08:18,721 - INFO - 
2026-03-29 17:08:18,722 - INFO - Running EQCCT over Requested MSeed Files using CPU(s)...
2026-03-29 17:08:18,722 - INFO - GPU disabled (CPU-only).
2026-03-29 17:08:18,722 - INFO - Configured Intra-op threads = 1
2026-03-29 17:08:18,722 - INFO - Configured Inter-op threads = 1
2026-03-29 17:08:18,722 - INFO - TensorFlow: No GPUs visible; TF will proceed on CPU.
2026-03-29 17:08:18,722 - INFO - 
2026-03-29 17:08:25,231 - INFO - Ray Successfully Initialized with 4 CPU(s) ([0, 1, 2, 3] CPU Affinity Binding).
2026-03-29 17:08:25,232 - INFO - Analyzing 1 time chunk(s) from 2025-01-11 03:08:21 to 2025-01-11 03:09:21 (dt=1min, overlap=0min).
2026-03-29 17:08:25,232 - INFO - Using 1 selected station(s).
2026-03-29 17:08:25,232 - INFO - 
2026-03-29 17:08:25,232 - INFO - ------- Starting EQCCTPro... -------
2026-03-29 17:08:25,232 - INFO - Detailed subprocess information can be found in the log file.
2026-03-29 17:08:25,232 - INFO - 
2026-03-29 17:08:25,620 - INFO - GPU disabled (CPU-only).
2026-03-29 17:08:27,209 - INFO - Configured Intra-op threads = 1
2026-03-29 17:08:27,212 - INFO - Configured Inter-op threads = 1
2026-03-29 17:08:27,257 - INFO - TensorFlow: No GPUs visible; TF will proceed on CPU.
2026-03-29 17:08:27,259 - INFO - 
2026-03-29 17:08:27,261 - INFO - ------- Hardware Configuration -------
2026-03-29 17:08:27,264 - INFO - CPU affinity set to cores: [0, 1, 2, 3]
2026-03-29 17:08:27,267 - INFO - 
2026-03-29 17:08:27,269 - INFO - ------- Data Preprocessing for EQCCTPro -------
2026-03-29 17:08:27,272 - INFO - 1 station(s) in /home/blackwinter/projects/eqcct/eqcctpro/data/waveforms_noise_only/20250111T030821Z_20250111T030921Z
2026-03-29 17:08:27,274 - INFO - Using 1 selected station(s): ['FIC1'].
2026-03-29 17:08:27,277 - INFO - Creating model actor(s)...
2026-03-29 17:08:27,279 - INFO - System RAM: Total=7870 MB, Available=3928 MB
2026-03-29 17:08:27,282 - INFO - Usable RAM budget: 7083 MB (90% of total)
2026-03-29 17:08:27,285 - INFO - ===== MEMORY-AWARE CPU ACTOR POOL (EQCCT) =====
2026-03-29 17:08:27,287 - INFO - Requested concurrent tasks: 1
2026-03-29 17:08:27,297 - INFO - Available CPUs: 4
2026-03-29 17:08:27,299 - INFO - Available RAM: 7083 MB
2026-03-29 17:08:27,302 - INFO - RAM per model: 2264 MB
2026-03-29 17:08:27,305 - INFO - Max actors by RAM: 3
2026-03-29 17:08:27,307 - INFO - Creating 1 ModelActor(s)
2026-03-29 17:08:27,310 - INFO - Let Ray handle scheduling (taskset already restricts CPU visibility)
2026-03-29 17:08:27,312 - INFO - Creating ModelActor 1/1 (2.21GB RAM each)...
2026-03-29 17:08:31,776 - INFO - ModelActor 1 created successfully.
2026-03-29 17:08:31,778 - INFO - Created 1 CPU actor(s). Task queue will handle concurrency.
2026-03-29 17:08:31,780 - INFO - Starting EQCCTPro parallelized waveform processing...
2026-03-29 17:08:31,783 - INFO - 
2026-03-29 17:08:31,786 - INFO - ------- Analyzing Seismic Waveforms for P and S Picks via EQCCT -------
2026-03-29 17:08:31,789 - INFO - Analyzing 0:01:00 minute timechunk from 2025-01-11 03:08:21 to 2025-01-11 03:09:21 (0 min overlap)
2026-03-29 17:08:31,791 - INFO - Processing a total of 1 stations, 1 at a time.
2026-03-29 17:08:36,283 - INFO - (1/1) FIC1: Finished the prediction in 2.39s. (HP=1.0, LP=45.0)
2026-03-29 17:08:36,285 - INFO - 
2026-03-29 17:08:36,288 - INFO - ------- Parallel Station Waveform Processing Complete For 2025-01-11 03:08:21 to 2025-01-11 03:09:21 Timechunk-------
2026-03-29 17:08:36,290 - INFO - Picks saved at /home/blackwinter/projects/eqcct/eqcctpro/results/csv/eqcct_noise_th0_1/20250111T030821Z_20250111T030921ZProcess Runtime: 4.50 s
2026-03-29 17:08:36,296 - INFO - Successfully ran EQCCTPro, exiting...
2026-03-29 17:08:37,971 - INFO - Ray Successfully Shutdown.
2026-03-29 17:08:37,972 - INFO - ------- Successfully Picked All Waveform(s) from all Timechunk(s) -------
