2026-03-29 16:58:22,500 - INFO - 
2026-03-29 16:58:22,500 - INFO - ------- Welcome to EQCCTPro -------
2026-03-29 16:58:22,500 - INFO - 
2026-03-29 16:58:22,501 - INFO - Running EQCCT over Requested MSeed Files using CPU(s)...
2026-03-29 16:58:22,501 - INFO - GPU disabled (CPU-only).
2026-03-29 16:58:22,501 - INFO - Configured Intra-op threads = 1
2026-03-29 16:58:22,501 - INFO - Configured Inter-op threads = 1
2026-03-29 16:58:22,502 - INFO - TensorFlow: No GPUs visible; TF will proceed on CPU.
2026-03-29 16:58:22,502 - INFO - 
2026-03-29 16:58:28,361 - INFO - Ray Successfully Initialized with 4 CPU(s) ([0, 1, 2, 3] CPU Affinity Binding).
2026-03-29 16:58:28,361 - INFO - Analyzing 1 time chunk(s) from 2025-01-10 23:20:12 to 2025-01-10 23:21:12 (dt=1min, overlap=0min).
2026-03-29 16:58:28,362 - INFO - Using 1 selected station(s).
2026-03-29 16:58:28,362 - INFO - 
2026-03-29 16:58:28,362 - INFO - ------- Starting EQCCTPro... -------
2026-03-29 16:58:28,362 - INFO - Detailed subprocess information can be found in the log file.
2026-03-29 16:58:28,362 - INFO - 
2026-03-29 16:58:28,737 - INFO - GPU disabled (CPU-only).
2026-03-29 16:58:30,295 - INFO - Configured Intra-op threads = 1
2026-03-29 16:58:30,298 - INFO - Configured Inter-op threads = 1
2026-03-29 16:58:30,342 - INFO - TensorFlow: No GPUs visible; TF will proceed on CPU.
2026-03-29 16:58:30,345 - INFO - 
2026-03-29 16:58:30,348 - INFO - ------- Hardware Configuration -------
2026-03-29 16:58:30,351 - INFO - CPU affinity set to cores: [0, 1, 2, 3]
2026-03-29 16:58:30,353 - INFO - 
2026-03-29 16:58:30,354 - INFO - ------- Data Preprocessing for EQCCTPro -------
2026-03-29 16:58:30,356 - INFO - 1 station(s) in /home/blackwinter/projects/eqcct/eqcctpro/data/waveforms_noise_only/20250110T232012Z_20250110T232112Z
2026-03-29 16:58:30,358 - INFO - Using 1 selected station(s): ['OLKF'].
2026-03-29 16:58:30,360 - INFO - Creating model actor(s)...
2026-03-29 16:58:30,363 - INFO - System RAM: Total=7870 MB, Available=3958 MB
2026-03-29 16:58:30,365 - INFO - Usable RAM budget: 7083 MB (90% of total)
2026-03-29 16:58:30,367 - INFO - ===== MEMORY-AWARE CPU ACTOR POOL (EQCCT) =====
2026-03-29 16:58:30,368 - INFO - Requested concurrent tasks: 1
2026-03-29 16:58:30,371 - INFO - Available CPUs: 4
2026-03-29 16:58:30,373 - INFO - Available RAM: 7083 MB
2026-03-29 16:58:30,375 - INFO - RAM per model: 2264 MB
2026-03-29 16:58:30,376 - INFO - Max actors by RAM: 3
2026-03-29 16:58:30,378 - INFO - Creating 1 ModelActor(s)
2026-03-29 16:58:30,380 - INFO - Let Ray handle scheduling (taskset already restricts CPU visibility)
2026-03-29 16:58:30,382 - INFO - Creating ModelActor 1/1 (2.21GB RAM each)...
2026-03-29 16:58:34,662 - INFO - ModelActor 1 created successfully.
2026-03-29 16:58:34,664 - INFO - Created 1 CPU actor(s). Task queue will handle concurrency.
2026-03-29 16:58:34,666 - INFO - Starting EQCCTPro parallelized waveform processing...
2026-03-29 16:58:34,669 - INFO - 
2026-03-29 16:58:34,671 - INFO - ------- Analyzing Seismic Waveforms for P and S Picks via EQCCT -------
2026-03-29 16:58:34,674 - INFO - Analyzing 0:01:00 minute timechunk from 2025-01-10 23:20:12 to 2025-01-10 23:21:12 (0 min overlap)
2026-03-29 16:58:34,676 - INFO - Processing a total of 1 stations, 1 at a time.
2026-03-29 16:58:39,314 - INFO - (1/1) OLKF: Finished the prediction in 2.56s. (HP=1.0, LP=45.0)
2026-03-29 16:58:39,320 - INFO - 
2026-03-29 16:58:39,324 - INFO - ------- Parallel Station Waveform Processing Complete For 2025-01-10 23:20:12 to 2025-01-10 23:21:12 Timechunk-------
2026-03-29 16:58:39,327 - INFO - Picks saved at /home/blackwinter/projects/eqcct/eqcctpro/results/csv/eqcct_noise_th0_1/20250110T232012Z_20250110T232112ZProcess Runtime: 4.66 s
2026-03-29 16:58:39,337 - INFO - Successfully ran EQCCTPro, exiting...
2026-03-29 16:58:41,019 - INFO - Ray Successfully Shutdown.
2026-03-29 16:58:41,019 - INFO - ------- Successfully Picked All Waveform(s) from all Timechunk(s) -------
