2026-03-11 01:09:17,299 - INFO - 
2026-03-11 01:09:17,299 - INFO - ------- Welcome to EQCCTPro -------
2026-03-11 01:09:17,299 - INFO - 
2026-03-11 01:09:17,300 - INFO - Running EQCCT over Requested MSeed Files using CPU(s)...
2026-03-11 01:09:17,300 - INFO - GPU disabled (CPU-only).
2026-03-11 01:09:17,300 - INFO - Configured Intra-op threads = 1
2026-03-11 01:09:17,300 - INFO - Configured Inter-op threads = 1
2026-03-11 01:09:17,300 - INFO - TensorFlow: No GPUs visible; TF will proceed on CPU.
2026-03-11 01:09:17,300 - INFO - 
2026-03-11 01:09:22,659 - INFO - Ray Successfully Initialized with 4 CPU(s) ([0, 1, 2, 3] CPU Affinity Binding).
2026-03-11 01:09:22,660 - INFO - Analyzing 1 time chunk(s) from 2025-01-11 07:23:25 to 2025-01-11 07:24:25 (dt=1min, overlap=0min).
2026-03-11 01:09:22,660 - INFO - Using 1 selected station(s).
2026-03-11 01:09:22,660 - INFO - 
2026-03-11 01:09:22,660 - INFO - ------- Starting EQCCTPro... -------
2026-03-11 01:09:22,660 - INFO - Detailed subprocess information can be found in the log file.
2026-03-11 01:09:22,660 - INFO - 
2026-03-11 01:09:23,061 - INFO - GPU disabled (CPU-only).
2026-03-11 01:09:24,596 - INFO - Configured Intra-op threads = 1
2026-03-11 01:09:24,599 - INFO - Configured Inter-op threads = 1
2026-03-11 01:09:24,644 - INFO - TensorFlow: No GPUs visible; TF will proceed on CPU.
2026-03-11 01:09:24,647 - INFO - 
2026-03-11 01:09:24,649 - INFO - ------- Hardware Configuration -------
2026-03-11 01:09:24,651 - INFO - CPU affinity set to cores: [0, 1, 2, 3]
2026-03-11 01:09:24,654 - INFO - 
2026-03-11 01:09:24,656 - INFO - ------- Data Preprocessing for EQCCTPro -------
2026-03-11 01:09:24,658 - INFO - 1 station(s) in /home/blackwinter/projects/eqcct/eqcctpro/data/waveforms_noise_only/20250111T072325Z_20250111T072425Z
2026-03-11 01:09:24,660 - INFO - Using 1 selected station(s): ['FIB6'].
2026-03-11 01:09:24,662 - INFO - Creating model actor(s)...
2026-03-11 01:09:24,665 - INFO - System RAM: Total=7870 MB, Available=2395 MB
2026-03-11 01:09:24,667 - INFO - Usable RAM budget: 7083 MB (90% of total)
2026-03-11 01:09:24,669 - INFO - ===== MEMORY-AWARE CPU ACTOR POOL (EQCCT) =====
2026-03-11 01:09:24,672 - INFO - Requested concurrent tasks: 1
2026-03-11 01:09:24,674 - INFO - Available CPUs: 4
2026-03-11 01:09:24,676 - INFO - Available RAM: 7083 MB
2026-03-11 01:09:24,678 - INFO - RAM per model: 2264 MB
2026-03-11 01:09:24,681 - INFO - Max actors by RAM: 3
2026-03-11 01:09:24,683 - INFO - Creating 1 ModelActor(s)
2026-03-11 01:09:24,685 - INFO - Let Ray handle scheduling (taskset already restricts CPU visibility)
2026-03-11 01:09:24,687 - INFO - Creating ModelActor 1/1 (2.21GB RAM each)...
2026-03-11 01:09:28,648 - INFO - ModelActor 1 created successfully.
2026-03-11 01:09:28,650 - INFO - Created 1 CPU actor(s). Task queue will handle concurrency.
2026-03-11 01:09:28,653 - INFO - Starting EQCCTPro parallelized waveform processing...
2026-03-11 01:09:28,655 - INFO - 
2026-03-11 01:09:28,657 - INFO - ------- Analyzing Seismic Waveforms for P and S Picks via EQCCT -------
2026-03-11 01:09:28,659 - INFO - Analyzing 0:01:00 minute timechunk from 2025-01-11 07:23:25 to 2025-01-11 07:24:25 (0 min overlap)
2026-03-11 01:09:28,661 - INFO - Processing a total of 1 stations, 1 at a time.
2026-03-11 01:09:32,717 - INFO - (1/1) FIB6: Finished the prediction in 2.13s. (HP=1.0, LP=45.0)
2026-03-11 01:09:32,719 - INFO - 
2026-03-11 01:09:32,721 - INFO - ------- Parallel Station Waveform Processing Complete For 2025-01-11 07:23:25 to 2025-01-11 07:24:25 Timechunk-------
2026-03-11 01:09:32,723 - INFO - Picks saved at /home/blackwinter/projects/eqcct/eqcctpro/results/csv/bm_noise_only/20250111T072325Z_20250111T072425ZProcess Runtime: 4.07 s
2026-03-11 01:09:32,730 - INFO - Successfully ran EQCCTPro, exiting...
2026-03-11 01:09:34,471 - INFO - Ray Successfully Shutdown.
2026-03-11 01:09:34,472 - INFO - ------- Successfully Picked All Waveform(s) from all Timechunk(s) -------
2026-03-11 15:38:33,945 - INFO - 
2026-03-11 15:38:33,946 - INFO - ------- Welcome to EQCCTPro -------
2026-03-11 15:38:33,946 - INFO - 
2026-03-11 15:38:33,947 - INFO - Running EQCCT over Requested MSeed Files using CPU(s)...
2026-03-11 15:38:33,947 - INFO - GPU disabled (CPU-only).
2026-03-11 15:38:33,948 - INFO - Configured Intra-op threads = 1
2026-03-11 15:38:33,948 - INFO - Configured Inter-op threads = 1
2026-03-11 15:38:33,948 - INFO - TensorFlow: No GPUs visible; TF will proceed on CPU.
2026-03-11 15:38:33,948 - INFO - 
2026-03-11 15:38:39,285 - INFO - Ray Successfully Initialized with 4 CPU(s) ([0, 1, 2, 3] CPU Affinity Binding).
2026-03-11 15:38:39,285 - INFO - Analyzing 1 time chunk(s) from 2025-01-11 07:23:25 to 2025-01-11 07:24:25 (dt=1min, overlap=0min).
2026-03-11 15:38:39,285 - INFO - Using 1 selected station(s).
2026-03-11 15:38:39,285 - INFO - 
2026-03-11 15:38:39,286 - INFO - ------- Starting EQCCTPro... -------
2026-03-11 15:38:39,286 - INFO - Detailed subprocess information can be found in the log file.
2026-03-11 15:38:39,286 - INFO - 
2026-03-11 15:38:39,652 - INFO - GPU disabled (CPU-only).
2026-03-11 15:38:41,179 - INFO - Configured Intra-op threads = 1
2026-03-11 15:38:41,181 - INFO - Configured Inter-op threads = 1
2026-03-11 15:38:41,222 - INFO - TensorFlow: No GPUs visible; TF will proceed on CPU.
2026-03-11 15:38:41,224 - INFO - 
2026-03-11 15:38:41,226 - INFO - ------- Hardware Configuration -------
2026-03-11 15:38:41,228 - INFO - CPU affinity set to cores: [0, 1, 2, 3]
2026-03-11 15:38:41,231 - INFO - 
2026-03-11 15:38:41,233 - INFO - ------- Data Preprocessing for EQCCTPro -------
2026-03-11 15:38:41,234 - INFO - 1 station(s) in /home/blackwinter/projects/eqcct/eqcctpro/data/waveforms_noise_only/20250111T072325Z_20250111T072425Z
2026-03-11 15:38:41,236 - INFO - Using 1 selected station(s): ['FIB6'].
2026-03-11 15:38:41,238 - INFO - Creating model actor(s)...
2026-03-11 15:38:41,239 - INFO - System RAM: Total=7870 MB, Available=3436 MB
2026-03-11 15:38:41,241 - INFO - Usable RAM budget: 7083 MB (90% of total)
2026-03-11 15:38:41,243 - INFO - ===== MEMORY-AWARE CPU ACTOR POOL (EQCCT) =====
2026-03-11 15:38:41,245 - INFO - Requested concurrent tasks: 1
2026-03-11 15:38:41,247 - INFO - Available CPUs: 4
2026-03-11 15:38:41,248 - INFO - Available RAM: 7083 MB
2026-03-11 15:38:41,250 - INFO - RAM per model: 2264 MB
2026-03-11 15:38:41,252 - INFO - Max actors by RAM: 3
2026-03-11 15:38:41,254 - INFO - Creating 1 ModelActor(s)
2026-03-11 15:38:41,256 - INFO - Let Ray handle scheduling (taskset already restricts CPU visibility)
2026-03-11 15:38:41,258 - INFO - Creating ModelActor 1/1 (2.21GB RAM each)...
2026-03-11 15:38:45,158 - INFO - ModelActor 1 created successfully.
2026-03-11 15:38:45,161 - INFO - Created 1 CPU actor(s). Task queue will handle concurrency.
2026-03-11 15:38:45,163 - INFO - Starting EQCCTPro parallelized waveform processing...
2026-03-11 15:38:45,166 - INFO - 
2026-03-11 15:38:45,168 - INFO - ------- Analyzing Seismic Waveforms for P and S Picks via EQCCT -------
2026-03-11 15:38:45,170 - INFO - Analyzing 0:01:00 minute timechunk from 2025-01-11 07:23:25 to 2025-01-11 07:24:25 (0 min overlap)
2026-03-11 15:38:45,173 - INFO - Processing a total of 1 stations, 1 at a time.
2026-03-11 15:38:47,090 - INFO - (1/1) FIB6: Skipped (already exists - overwrite=False).
2026-03-11 15:38:47,092 - INFO - 
2026-03-11 15:38:47,094 - INFO - ------- Parallel Station Waveform Processing Complete For 2025-01-11 07:23:25 to 2025-01-11 07:24:25 Timechunk-------
2026-03-11 15:38:47,096 - INFO - Picks saved at /home/blackwinter/projects/eqcct/eqcctpro/results/csv/bm_noise_only/20250111T072325Z_20250111T072425ZProcess Runtime: 1.93 s
2026-03-11 15:38:47,102 - INFO - Successfully ran EQCCTPro, exiting...
2026-03-11 15:38:48,848 - INFO - Ray Successfully Shutdown.
2026-03-11 15:38:48,848 - INFO - ------- Successfully Picked All Waveform(s) from all Timechunk(s) -------
