2026-02-26 22:18:15,333 - INFO - 
2026-02-26 22:18:15,333 - INFO - ------- Welcome to EQCCTPro -------
2026-02-26 22:18:15,333 - INFO - 
2026-02-26 22:18:15,333 - INFO - Running EQCCT over Requested MSeed Files using CPU(s)...
2026-02-26 22:18:15,334 - INFO - GPU disabled (CPU-only).
2026-02-26 22:18:15,334 - INFO - Configured Intra-op threads = 1
2026-02-26 22:18:15,334 - INFO - Configured Inter-op threads = 1
2026-02-26 22:18:15,334 - INFO - TensorFlow: No GPUs visible; TF will proceed on CPU.
2026-02-26 22:18:15,334 - INFO - 
2026-02-26 22:18:20,704 - INFO - Ray Successfully Initialized with 4 CPU(s) ([0, 1, 2, 3] CPU Affinity Binding).
2026-02-26 22:18:20,704 - INFO - Analyzing 1 time chunk(s) from 2025-01-04 20:18:54 to 2025-01-04 20:19:54 (dt=1min, overlap=0min).
2026-02-26 22:18:20,704 - INFO - Using 1 selected station(s).
2026-02-26 22:18:20,704 - INFO - 
2026-02-26 22:18:20,705 - INFO - ------- Starting EQCCTPro... -------
2026-02-26 22:18:20,705 - INFO - Detailed subprocess information can be found in the log file.
2026-02-26 22:18:20,705 - INFO - 
2026-02-26 22:18:21,064 - INFO - GPU disabled (CPU-only).
2026-02-26 22:18:22,536 - INFO - Configured Intra-op threads = 1
2026-02-26 22:18:22,538 - INFO - Configured Inter-op threads = 1
2026-02-26 22:18:22,578 - INFO - TensorFlow: No GPUs visible; TF will proceed on CPU.
2026-02-26 22:18:22,581 - INFO - 
2026-02-26 22:18:22,583 - INFO - ------- Hardware Configuration -------
2026-02-26 22:18:22,586 - INFO - CPU affinity set to cores: [0, 1, 2, 3]
2026-02-26 22:18:22,588 - INFO - 
2026-02-26 22:18:22,590 - INFO - ------- Data Preprocessing for EQCCTPro -------
2026-02-26 22:18:22,592 - INFO - 1 station(s) in /home/blackwinter/projects/eqcct/eqcctpro/data/waveforms_explosions_nonoise/20250104T201854Z_20250104T201954Z
2026-02-26 22:18:22,595 - INFO - Using 1 selected station(s): ['KLF'].
2026-02-26 22:18:22,597 - INFO - Creating model actor(s)...
2026-02-26 22:18:22,599 - INFO - System RAM: Total=7870 MB, Available=4019 MB
2026-02-26 22:18:22,601 - INFO - Usable RAM budget: 7083 MB (90% of total)
2026-02-26 22:18:22,604 - INFO - ===== MEMORY-AWARE CPU ACTOR POOL (EQCCT) =====
2026-02-26 22:18:22,607 - INFO - Requested concurrent tasks: 1
2026-02-26 22:18:22,609 - INFO - Available CPUs: 4
2026-02-26 22:18:22,611 - INFO - Available RAM: 7083 MB
2026-02-26 22:18:22,613 - INFO - RAM per model: 2264 MB
2026-02-26 22:18:22,616 - INFO - Max actors by RAM: 3
2026-02-26 22:18:22,618 - INFO - Creating 1 ModelActor(s)
2026-02-26 22:18:22,620 - INFO - Let Ray handle scheduling (taskset already restricts CPU visibility)
2026-02-26 22:18:22,623 - INFO - Creating ModelActor 1/1 (2.21GB RAM each)...
2026-02-26 22:18:26,529 - INFO - ModelActor 1 created successfully.
2026-02-26 22:18:26,531 - INFO - Created 1 CPU actor(s). Task queue will handle concurrency.
2026-02-26 22:18:26,533 - INFO - Starting EQCCTPro parallelized waveform processing...
2026-02-26 22:18:26,535 - INFO - 
2026-02-26 22:18:26,537 - INFO - ------- Analyzing Seismic Waveforms for P and S Picks via EQCCT -------
2026-02-26 22:18:26,540 - INFO - Analyzing 0:01:00 minute timechunk from 2025-01-04 20:18:54 to 2025-01-04 20:19:54 (0 min overlap)
2026-02-26 22:18:26,542 - INFO - Processing a total of 1 stations, 1 at a time.
2026-02-26 22:18:30,524 - INFO - (1/1) KLF: Finished the prediction in 2.13s. (HP=1.0, LP=45.0)
2026-02-26 22:18:30,527 - INFO - 
2026-02-26 22:18:30,529 - INFO - ------- Parallel Station Waveform Processing Complete For 2025-01-04 20:18:54 to 2025-01-04 20:19:54 Timechunk-------
2026-02-26 22:18:30,532 - INFO - Picks saved at /home/blackwinter/projects/eqcct/eqcctpro/results/csv/bm_explosions/20250104T201854Z_20250104T201954ZProcess Runtime: 3.99 s
2026-02-26 22:18:30,537 - INFO - Successfully ran EQCCTPro, exiting...
2026-02-26 22:18:31,912 - INFO - Ray Successfully Shutdown.
2026-02-26 22:18:31,912 - INFO - ------- Successfully Picked All Waveform(s) from all Timechunk(s) -------
2026-02-27 05:50:01,670 - INFO - 
2026-02-27 05:50:01,671 - INFO - ------- Welcome to EQCCTPro -------
2026-02-27 05:50:01,671 - INFO - 
2026-02-27 05:50:01,672 - INFO - Running EQCCT over Requested MSeed Files using CPU(s)...
2026-02-27 05:50:01,672 - INFO - GPU disabled (CPU-only).
2026-02-27 05:50:01,672 - INFO - Configured Intra-op threads = 1
2026-02-27 05:50:01,673 - INFO - Configured Inter-op threads = 1
2026-02-27 05:50:01,673 - INFO - TensorFlow: No GPUs visible; TF will proceed on CPU.
2026-02-27 05:50:01,673 - INFO - 
2026-02-27 05:50:06,977 - INFO - Ray Successfully Initialized with 4 CPU(s) ([0, 1, 2, 3] CPU Affinity Binding).
2026-02-27 05:50:06,977 - INFO - Analyzing 1 time chunk(s) from 2025-01-04 20:18:54 to 2025-01-04 20:19:54 (dt=1min, overlap=0min).
2026-02-27 05:50:06,977 - INFO - Using 1 selected station(s).
2026-02-27 05:50:06,977 - INFO - 
2026-02-27 05:50:06,977 - INFO - ------- Starting EQCCTPro... -------
2026-02-27 05:50:06,977 - INFO - Detailed subprocess information can be found in the log file.
2026-02-27 05:50:06,978 - INFO - 
2026-02-27 05:50:07,362 - INFO - GPU disabled (CPU-only).
2026-02-27 05:50:08,850 - INFO - Configured Intra-op threads = 1
2026-02-27 05:50:08,852 - INFO - Configured Inter-op threads = 1
2026-02-27 05:50:08,894 - INFO - TensorFlow: No GPUs visible; TF will proceed on CPU.
2026-02-27 05:50:08,896 - INFO - 
2026-02-27 05:50:08,899 - INFO - ------- Hardware Configuration -------
2026-02-27 05:50:08,901 - INFO - CPU affinity set to cores: [0, 1, 2, 3]
2026-02-27 05:50:08,903 - INFO - 
2026-02-27 05:50:08,905 - INFO - ------- Data Preprocessing for EQCCTPro -------
2026-02-27 05:50:08,908 - INFO - 1 station(s) in /home/blackwinter/projects/eqcct/eqcctpro/data/waveforms_explosions_nonoise/20250104T201854Z_20250104T201954Z
2026-02-27 05:50:08,910 - INFO - Using 1 selected station(s): ['KLF'].
2026-02-27 05:50:08,912 - INFO - Creating model actor(s)...
2026-02-27 05:50:08,914 - INFO - System RAM: Total=7870 MB, Available=4092 MB
2026-02-27 05:50:08,916 - INFO - Usable RAM budget: 7083 MB (90% of total)
2026-02-27 05:50:08,918 - INFO - ===== MEMORY-AWARE CPU ACTOR POOL (EQCCT) =====
2026-02-27 05:50:08,920 - INFO - Requested concurrent tasks: 1
2026-02-27 05:50:08,922 - INFO - Available CPUs: 4
2026-02-27 05:50:08,924 - INFO - Available RAM: 7083 MB
2026-02-27 05:50:08,926 - INFO - RAM per model: 2264 MB
2026-02-27 05:50:08,928 - INFO - Max actors by RAM: 3
2026-02-27 05:50:08,930 - INFO - Creating 1 ModelActor(s)
2026-02-27 05:50:08,932 - INFO - Let Ray handle scheduling (taskset already restricts CPU visibility)
2026-02-27 05:50:08,935 - INFO - Creating ModelActor 1/1 (2.21GB RAM each)...
2026-02-27 05:50:12,792 - INFO - ModelActor 1 created successfully.
2026-02-27 05:50:12,794 - INFO - Created 1 CPU actor(s). Task queue will handle concurrency.
2026-02-27 05:50:12,796 - INFO - Starting EQCCTPro parallelized waveform processing...
2026-02-27 05:50:12,799 - INFO - 
2026-02-27 05:50:12,801 - INFO - ------- Analyzing Seismic Waveforms for P and S Picks via EQCCT -------
2026-02-27 05:50:12,803 - INFO - Analyzing 0:01:00 minute timechunk from 2025-01-04 20:18:54 to 2025-01-04 20:19:54 (0 min overlap)
2026-02-27 05:50:12,806 - INFO - Processing a total of 1 stations, 1 at a time.
2026-02-27 05:50:14,647 - INFO - (1/1) KLF: Skipped (already exists - overwrite=False).
2026-02-27 05:50:14,649 - INFO - 
2026-02-27 05:50:14,651 - INFO - ------- Parallel Station Waveform Processing Complete For 2025-01-04 20:18:54 to 2025-01-04 20:19:54 Timechunk-------
2026-02-27 05:50:14,653 - INFO - Picks saved at /home/blackwinter/projects/eqcct/eqcctpro/results/csv/bm_explosions/20250104T201854Z_20250104T201954ZProcess Runtime: 1.85 s
2026-02-27 05:50:14,656 - INFO - Successfully ran EQCCTPro, exiting...
2026-02-27 05:50:16,154 - INFO - Ray Successfully Shutdown.
2026-02-27 05:50:16,154 - INFO - ------- Successfully Picked All Waveform(s) from all Timechunk(s) -------
