2026-03-27 20:51:25,782 - INFO - 
2026-03-27 20:51:25,782 - INFO - ------- Welcome to EQCCTPro -------
2026-03-27 20:51:25,782 - INFO - 
2026-03-27 20:51:25,783 - INFO - Running EQCCT over Requested MSeed Files using CPU(s)...
2026-03-27 20:51:25,783 - INFO - GPU disabled (CPU-only).
2026-03-27 20:51:25,783 - INFO - Skipping framework-specific initialization in the driver process.
2026-03-27 20:51:28,390 - INFO - Ray Successfully Initialized with 4 CPU(s) ([0, 1, 2, 3] CPU Affinity Binding).
2026-03-27 20:51:28,391 - INFO - Analyzing 1 time chunk(s) from 2025-09-09 16:31:29 to 2025-09-09 16:32:29 (dt=1min, overlap=0min).
2026-03-27 20:51:28,391 - INFO - Using 1 selected station(s).
2026-03-27 20:51:28,391 - INFO - 
2026-03-27 20:51:28,391 - INFO - ------- Starting EQCCTPro... -------
2026-03-27 20:51:28,391 - INFO - Detailed subprocess information can be found in the log file.
2026-03-27 20:51:28,391 - INFO - 
2026-03-27 20:51:28,683 - INFO - GPU disabled (CPU-only).
2026-03-27 20:51:28,687 - INFO - Skipping framework-specific initialization in the driver process.
2026-03-27 20:51:28,690 - INFO - ------- Hardware Configuration -------
2026-03-27 20:51:28,692 - INFO - CPU affinity set to cores: [0, 1, 2, 3]
2026-03-27 20:51:28,694 - INFO - 
2026-03-27 20:51:28,697 - INFO - ------- Data Preprocessing for EQCCTPro -------
2026-03-27 20:51:28,699 - INFO - 1 station(s) in /home/blackwinter/projects/eqcct/eqcctpro/data/waveforms_earthquakes_nonoise/20250909T163129Z_20250909T163229Z
2026-03-27 20:51:28,702 - INFO - Using 1 selected station(s): ['HEL5'].
2026-03-27 20:51:28,704 - INFO - Creating model actor(s)...
2026-03-27 20:51:28,706 - INFO - System RAM: Total=7870 MB, Available=5117 MB
2026-03-27 20:51:28,708 - INFO - Usable RAM budget: 7083 MB (90% of total)
2026-03-27 20:51:28,711 - INFO - ===== MEMORY-AWARE CPU ACTOR POOL =====
2026-03-27 20:51:28,713 - INFO - Requested concurrent tasks: 1
2026-03-27 20:51:28,715 - INFO - Available CPUs: 4
2026-03-27 20:51:28,718 - INFO - Available RAM: 7083 MB
2026-03-27 20:51:28,721 - INFO - RAM per model: 2060 MB
2026-03-27 20:51:28,724 - INFO - Max actors by RAM: 3
2026-03-27 20:51:28,726 - INFO - Creating 1 SeisBenchModelActor(s)
2026-03-27 20:51:28,728 - INFO - Let Ray handle scheduling (taskset already restricts CPU visibility)
2026-03-27 20:51:28,730 - INFO - Creating SeisBenchModelActor 1/1 (2.01GB RAM each)...
2026-03-27 20:51:32,026 - INFO - SeisBenchModelActor 1 created successfully.
2026-03-27 20:51:32,028 - INFO - Created 1 CPU actor(s). Task queue will handle concurrency.
2026-03-27 20:51:32,031 - INFO - Starting EQCCTPro parallelized waveform processing...
2026-03-27 20:51:32,033 - INFO - 
2026-03-27 20:51:32,035 - INFO - ------- Analyzing Seismic Waveforms for P and S Picks via SeisBench (EQTransformer - original_nonconservative) -------
2026-03-27 20:51:32,038 - INFO - Analyzing 0:01:00 minute timechunk from 2025-09-09 16:31:29 to 2025-09-09 16:32:29 (0 min overlap)
2026-03-27 20:51:32,040 - INFO - Processing a total of 1 stations, 1 at a time.
2026-03-27 20:51:34,199 - INFO - (1/1) HEL5: Finished the prediction in 0.14s. (HP=1.0, LP=45.0, picks=2)
2026-03-27 20:51:34,201 - INFO - 
2026-03-27 20:51:34,203 - INFO - ------- Parallel Station Waveform Processing Complete For 2025-09-09 16:31:29 to 2025-09-09 16:32:29 Timechunk-------
2026-03-27 20:51:34,205 - INFO - Picks saved at /home/blackwinter/projects/eqcct/eqcctpro/results/csv/eqt_earthquakes_th0_1/20250909T163129Z_20250909T163229ZProcess Runtime: 2.17 s
2026-03-27 20:51:34,211 - INFO - Successfully ran EQCCTPro, exiting...
2026-03-27 20:51:35,786 - INFO - Ray Successfully Shutdown.
2026-03-27 20:51:35,786 - INFO - ------- Successfully Picked All Waveform(s) from all Timechunk(s) -------
2026-03-28 03:06:50,564 - INFO - 
2026-03-28 03:06:50,565 - INFO - ------- Welcome to EQCCTPro -------
2026-03-28 03:06:50,565 - INFO - 
2026-03-28 03:06:50,566 - INFO - Running EQCCT over Requested MSeed Files using CPU(s)...
2026-03-28 03:06:50,566 - INFO - GPU disabled (CPU-only).
2026-03-28 03:06:50,566 - INFO - Skipping framework-specific initialization in the driver process.
2026-03-28 03:06:52,999 - INFO - Ray Successfully Initialized with 4 CPU(s) ([0, 1, 2, 3] CPU Affinity Binding).
2026-03-28 03:06:53,000 - INFO - Analyzing 1 time chunk(s) from 2025-09-09 16:31:29 to 2025-09-09 16:32:29 (dt=1min, overlap=0min).
2026-03-28 03:06:53,000 - INFO - Using 1 selected station(s).
2026-03-28 03:06:53,000 - INFO - 
2026-03-28 03:06:53,001 - INFO - ------- Starting EQCCTPro... -------
2026-03-28 03:06:53,001 - INFO - Detailed subprocess information can be found in the log file.
2026-03-28 03:06:53,001 - INFO - 
2026-03-28 03:06:53,300 - INFO - GPU disabled (CPU-only).
2026-03-28 03:06:53,305 - INFO - Skipping framework-specific initialization in the driver process.
2026-03-28 03:06:53,308 - INFO - ------- Hardware Configuration -------
2026-03-28 03:06:53,311 - INFO - CPU affinity set to cores: [0, 1, 2, 3]
2026-03-28 03:06:53,314 - INFO - 
2026-03-28 03:06:53,317 - INFO - ------- Data Preprocessing for EQCCTPro -------
2026-03-28 03:06:53,319 - INFO - 1 station(s) in /home/blackwinter/projects/eqcct/eqcctpro/data/waveforms_earthquakes_nonoise/20250909T163129Z_20250909T163229Z
2026-03-28 03:06:53,322 - INFO - Using 1 selected station(s): ['HEL5'].
2026-03-28 03:06:53,324 - INFO - Creating model actor(s)...
2026-03-28 03:06:53,326 - INFO - System RAM: Total=7870 MB, Available=5694 MB
2026-03-28 03:06:53,329 - INFO - Usable RAM budget: 7083 MB (90% of total)
2026-03-28 03:06:53,332 - INFO - ===== MEMORY-AWARE CPU ACTOR POOL =====
2026-03-28 03:06:53,334 - INFO - Requested concurrent tasks: 1
2026-03-28 03:06:53,337 - INFO - Available CPUs: 4
2026-03-28 03:06:53,340 - INFO - Available RAM: 7083 MB
2026-03-28 03:06:53,343 - INFO - RAM per model: 2060 MB
2026-03-28 03:06:53,345 - INFO - Max actors by RAM: 3
2026-03-28 03:06:53,348 - INFO - Creating 1 SeisBenchModelActor(s)
2026-03-28 03:06:53,350 - INFO - Let Ray handle scheduling (taskset already restricts CPU visibility)
2026-03-28 03:06:53,353 - INFO - Creating SeisBenchModelActor 1/1 (2.01GB RAM each)...
2026-03-28 03:06:56,221 - INFO - SeisBenchModelActor 1 created successfully.
2026-03-28 03:06:56,223 - INFO - Created 1 CPU actor(s). Task queue will handle concurrency.
2026-03-28 03:06:56,226 - INFO - Starting EQCCTPro parallelized waveform processing...
2026-03-28 03:06:56,228 - INFO - 
2026-03-28 03:06:56,230 - INFO - ------- Analyzing Seismic Waveforms for P and S Picks via SeisBench (EQTransformer - original_nonconservative) -------
2026-03-28 03:06:56,232 - INFO - Analyzing 0:01:00 minute timechunk from 2025-09-09 16:31:29 to 2025-09-09 16:32:29 (0 min overlap)
2026-03-28 03:06:56,234 - INFO - Processing a total of 1 stations, 1 at a time.
2026-03-28 03:06:58,290 - INFO - (1/1) HEL5: Skipped (already exists - overwrite=False).
2026-03-28 03:06:58,293 - INFO - 
2026-03-28 03:06:58,295 - INFO - ------- Parallel Station Waveform Processing Complete For 2025-09-09 16:31:29 to 2025-09-09 16:32:29 Timechunk-------
2026-03-28 03:06:58,298 - INFO - Picks saved at /home/blackwinter/projects/eqcct/eqcctpro/results/csv/eqt_earthquakes_th0_1/20250909T163129Z_20250909T163229ZProcess Runtime: 2.07 s
2026-03-28 03:06:58,303 - INFO - Successfully ran EQCCTPro, exiting...
2026-03-28 03:07:00,192 - INFO - Ray Successfully Shutdown.
2026-03-28 03:07:00,192 - INFO - ------- Successfully Picked All Waveform(s) from all Timechunk(s) -------
