2026-02-27 11:49:54,170 - INFO - 
2026-02-27 11:49:54,170 - INFO - ------- Welcome to EQCCTPro -------
2026-02-27 11:49:54,170 - INFO - 
2026-02-27 11:49:54,170 - INFO - Running EQCCT over Requested MSeed Files using CPU(s)...
2026-02-27 11:49:54,170 - INFO - GPU disabled (CPU-only).
2026-02-27 11:49:54,171 - INFO - Configured Intra-op threads = 1
2026-02-27 11:49:54,171 - INFO - Configured Inter-op threads = 1
2026-02-27 11:49:54,171 - INFO - TensorFlow: No GPUs visible; TF will proceed on CPU.
2026-02-27 11:49:54,171 - INFO - 
2026-02-27 11:49:58,642 - INFO - Ray Successfully Initialized with 4 CPU(s) ([0, 1, 2, 3] CPU Affinity Binding).
2026-02-27 11:49:58,642 - INFO - Analyzing 1 time chunk(s) from 2025-01-22 12:27:55 to 2025-01-22 12:28:55 (dt=1min, overlap=0min).
2026-02-27 11:49:58,642 - INFO - Using 1 selected station(s).
2026-02-27 11:49:58,642 - INFO - 
2026-02-27 11:49:58,642 - INFO - ------- Starting EQCCTPro... -------
2026-02-27 11:49:58,643 - INFO - Detailed subprocess information can be found in the log file.
2026-02-27 11:49:58,643 - INFO - 
2026-02-27 11:49:59,013 - INFO - GPU disabled (CPU-only).
2026-02-27 11:50:00,485 - INFO - Configured Intra-op threads = 1
2026-02-27 11:50:00,487 - INFO - Configured Inter-op threads = 1
2026-02-27 11:50:00,528 - INFO - TensorFlow: No GPUs visible; TF will proceed on CPU.
2026-02-27 11:50:00,531 - INFO - 
2026-02-27 11:50:00,533 - INFO - ------- Hardware Configuration -------
2026-02-27 11:50:00,535 - INFO - CPU affinity set to cores: [0, 1, 2, 3]
2026-02-27 11:50:00,537 - INFO - 
2026-02-27 11:50:00,539 - INFO - ------- Data Preprocessing for EQCCTPro -------
2026-02-27 11:50:00,540 - INFO - 1 station(s) in /home/blackwinter/projects/eqcct/eqcctpro/data/waveforms_explosions_nonoise/20250122T122755Z_20250122T122855Z
2026-02-27 11:50:00,542 - INFO - Using 1 selected station(s): ['TVF'].
2026-02-27 11:50:00,544 - INFO - Creating model actor(s)...
2026-02-27 11:50:00,545 - INFO - System RAM: Total=7870 MB, Available=2381 MB
2026-02-27 11:50:00,547 - INFO - Usable RAM budget: 7083 MB (90% of total)
2026-02-27 11:50:00,549 - INFO - ===== MEMORY-AWARE CPU ACTOR POOL (EQCCT) =====
2026-02-27 11:50:00,551 - INFO - Requested concurrent tasks: 1
2026-02-27 11:50:00,552 - INFO - Available CPUs: 4
2026-02-27 11:50:00,554 - INFO - Available RAM: 7083 MB
2026-02-27 11:50:00,556 - INFO - RAM per model: 2264 MB
2026-02-27 11:50:00,558 - INFO - Max actors by RAM: 3
2026-02-27 11:50:00,560 - INFO - Creating 1 ModelActor(s)
2026-02-27 11:50:00,562 - INFO - Let Ray handle scheduling (taskset already restricts CPU visibility)
2026-02-27 11:50:00,563 - INFO - Creating ModelActor 1/1 (2.21GB RAM each)...
2026-02-27 11:50:04,504 - INFO - ModelActor 1 created successfully.
2026-02-27 11:50:04,506 - INFO - Created 1 CPU actor(s). Task queue will handle concurrency.
2026-02-27 11:50:04,509 - INFO - Starting EQCCTPro parallelized waveform processing...
2026-02-27 11:50:04,511 - INFO - 
2026-02-27 11:50:04,513 - INFO - ------- Analyzing Seismic Waveforms for P and S Picks via EQCCT -------
2026-02-27 11:50:04,515 - INFO - Analyzing 0:01:00 minute timechunk from 2025-01-22 12:27:55 to 2025-01-22 12:28:55 (0 min overlap)
2026-02-27 11:50:04,517 - INFO - Processing a total of 1 stations, 1 at a time.
2026-02-27 11:50:08,489 - INFO - (1/1) TVF: Finished the prediction in 2.1s. (HP=1.0, LP=45.0)
2026-02-27 11:50:08,491 - INFO - 
2026-02-27 11:50:08,493 - INFO - ------- Parallel Station Waveform Processing Complete For 2025-01-22 12:27:55 to 2025-01-22 12:28:55 Timechunk-------
2026-02-27 11:50:08,495 - INFO - Picks saved at /home/blackwinter/projects/eqcct/eqcctpro/results/csv/bm_explosions/20250122T122755Z_20250122T122855ZProcess Runtime: 3.98 s
2026-02-27 11:50:08,500 - INFO - Successfully ran EQCCTPro, exiting...
2026-02-27 11:50:10,175 - INFO - Ray Successfully Shutdown.
2026-02-27 11:50:10,176 - INFO - ------- Successfully Picked All Waveform(s) from all Timechunk(s) -------
