2026-03-27 20:02:47,771 - INFO - 
2026-03-27 20:02:47,771 - INFO - ------- Welcome to EQCCTPro -------
2026-03-27 20:02:47,772 - INFO - 
2026-03-27 20:02:47,772 - INFO - Running EQCCT over Requested MSeed Files using CPU(s)...
2026-03-27 20:02:47,772 - INFO - GPU disabled (CPU-only).
2026-03-27 20:02:47,772 - INFO - Skipping framework-specific initialization in the driver process.
2026-03-27 20:02:50,143 - INFO - Ray Successfully Initialized with 4 CPU(s) ([0, 1, 2, 3] CPU Affinity Binding).
2026-03-27 20:02:50,144 - INFO - Analyzing 1 time chunk(s) from 2025-08-06 13:24:31 to 2025-08-06 13:25:31 (dt=1min, overlap=0min).
2026-03-27 20:02:50,144 - INFO - Using 1 selected station(s).
2026-03-27 20:02:50,144 - INFO - 
2026-03-27 20:02:50,144 - INFO - ------- Starting EQCCTPro... -------
2026-03-27 20:02:50,144 - INFO - Detailed subprocess information can be found in the log file.
2026-03-27 20:02:50,144 - INFO - 
2026-03-27 20:02:50,444 - INFO - GPU disabled (CPU-only).
2026-03-27 20:02:50,449 - INFO - Skipping framework-specific initialization in the driver process.
2026-03-27 20:02:50,453 - INFO - ------- Hardware Configuration -------
2026-03-27 20:02:50,456 - INFO - CPU affinity set to cores: [0, 1, 2, 3]
2026-03-27 20:02:50,459 - INFO - 
2026-03-27 20:02:50,462 - INFO - ------- Data Preprocessing for EQCCTPro -------
2026-03-27 20:02:50,465 - INFO - 1 station(s) in /home/blackwinter/projects/eqcct/eqcctpro/data/waveforms_earthquakes_nonoise/20250806T132431Z_20250806T132531Z
2026-03-27 20:02:50,468 - INFO - Using 1 selected station(s): ['VAF'].
2026-03-27 20:02:50,471 - INFO - Creating model actor(s)...
2026-03-27 20:02:50,474 - INFO - System RAM: Total=7870 MB, Available=5946 MB
2026-03-27 20:02:50,477 - INFO - Usable RAM budget: 7083 MB (90% of total)
2026-03-27 20:02:50,480 - INFO - ===== MEMORY-AWARE CPU ACTOR POOL =====
2026-03-27 20:02:50,483 - INFO - Requested concurrent tasks: 1
2026-03-27 20:02:50,486 - INFO - Available CPUs: 4
2026-03-27 20:02:50,489 - INFO - Available RAM: 7083 MB
2026-03-27 20:02:50,491 - INFO - RAM per model: 2060 MB
2026-03-27 20:02:50,494 - INFO - Max actors by RAM: 3
2026-03-27 20:02:50,497 - INFO - Creating 1 SeisBenchModelActor(s)
2026-03-27 20:02:50,499 - INFO - Let Ray handle scheduling (taskset already restricts CPU visibility)
2026-03-27 20:02:50,503 - INFO - Creating SeisBenchModelActor 1/1 (2.01GB RAM each)...
2026-03-27 20:02:53,831 - INFO - SeisBenchModelActor 1 created successfully.
2026-03-27 20:02:53,833 - INFO - Created 1 CPU actor(s). Task queue will handle concurrency.
2026-03-27 20:02:53,836 - INFO - Starting EQCCTPro parallelized waveform processing...
2026-03-27 20:02:53,839 - INFO - 
2026-03-27 20:02:53,841 - INFO - ------- Analyzing Seismic Waveforms for P and S Picks via SeisBench (EQTransformer - original_nonconservative) -------
2026-03-27 20:02:53,844 - INFO - Analyzing 0:01:00 minute timechunk from 2025-08-06 13:24:31 to 2025-08-06 13:25:31 (0 min overlap)
2026-03-27 20:02:53,846 - INFO - Processing a total of 1 stations, 1 at a time.
2026-03-27 20:02:56,152 - INFO - (1/1) VAF: Finished the prediction in 0.15s. (HP=1.0, LP=45.0, picks=2)
2026-03-27 20:02:56,154 - INFO - 
2026-03-27 20:02:56,157 - INFO - ------- Parallel Station Waveform Processing Complete For 2025-08-06 13:24:31 to 2025-08-06 13:25:31 Timechunk-------
2026-03-27 20:02:56,159 - INFO - Picks saved at /home/blackwinter/projects/eqcct/eqcctpro/results/csv/eqt_earthquakes_th0_1/20250806T132431Z_20250806T132531ZProcess Runtime: 2.32 s
2026-03-27 20:02:56,164 - INFO - Successfully ran EQCCTPro, exiting...
2026-03-27 20:02:57,745 - INFO - Ray Successfully Shutdown.
2026-03-27 20:02:57,745 - INFO - ------- Successfully Picked All Waveform(s) from all Timechunk(s) -------
2026-03-28 02:29:23,746 - INFO - 
2026-03-28 02:29:23,747 - INFO - ------- Welcome to EQCCTPro -------
2026-03-28 02:29:23,747 - INFO - 
2026-03-28 02:29:23,748 - INFO - Running EQCCT over Requested MSeed Files using CPU(s)...
2026-03-28 02:29:23,748 - INFO - GPU disabled (CPU-only).
2026-03-28 02:29:23,748 - INFO - Skipping framework-specific initialization in the driver process.
2026-03-28 02:29:26,217 - INFO - Ray Successfully Initialized with 4 CPU(s) ([0, 1, 2, 3] CPU Affinity Binding).
2026-03-28 02:29:26,217 - INFO - Analyzing 1 time chunk(s) from 2025-08-06 13:24:31 to 2025-08-06 13:25:31 (dt=1min, overlap=0min).
2026-03-28 02:29:26,218 - INFO - Using 1 selected station(s).
2026-03-28 02:29:26,218 - INFO - 
2026-03-28 02:29:26,219 - INFO - ------- Starting EQCCTPro... -------
2026-03-28 02:29:26,219 - INFO - Detailed subprocess information can be found in the log file.
2026-03-28 02:29:26,220 - INFO - 
2026-03-28 02:29:26,494 - INFO - GPU disabled (CPU-only).
2026-03-28 02:29:26,499 - INFO - Skipping framework-specific initialization in the driver process.
2026-03-28 02:29:26,501 - INFO - ------- Hardware Configuration -------
2026-03-28 02:29:26,504 - INFO - CPU affinity set to cores: [0, 1, 2, 3]
2026-03-28 02:29:26,505 - INFO - 
2026-03-28 02:29:26,507 - INFO - ------- Data Preprocessing for EQCCTPro -------
2026-03-28 02:29:26,509 - INFO - 1 station(s) in /home/blackwinter/projects/eqcct/eqcctpro/data/waveforms_earthquakes_nonoise/20250806T132431Z_20250806T132531Z
2026-03-28 02:29:26,512 - INFO - Using 1 selected station(s): ['VAF'].
2026-03-28 02:29:26,514 - INFO - Creating model actor(s)...
2026-03-28 02:29:26,517 - INFO - System RAM: Total=7870 MB, Available=5756 MB
2026-03-28 02:29:26,519 - INFO - Usable RAM budget: 7083 MB (90% of total)
2026-03-28 02:29:26,522 - INFO - ===== MEMORY-AWARE CPU ACTOR POOL =====
2026-03-28 02:29:26,525 - INFO - Requested concurrent tasks: 1
2026-03-28 02:29:26,527 - INFO - Available CPUs: 4
2026-03-28 02:29:26,529 - INFO - Available RAM: 7083 MB
2026-03-28 02:29:26,531 - INFO - RAM per model: 2060 MB
2026-03-28 02:29:26,533 - INFO - Max actors by RAM: 3
2026-03-28 02:29:26,535 - INFO - Creating 1 SeisBenchModelActor(s)
2026-03-28 02:29:26,538 - INFO - Let Ray handle scheduling (taskset already restricts CPU visibility)
2026-03-28 02:29:26,541 - INFO - Creating SeisBenchModelActor 1/1 (2.01GB RAM each)...
2026-03-28 02:29:30,081 - INFO - SeisBenchModelActor 1 created successfully.
2026-03-28 02:29:30,083 - INFO - Created 1 CPU actor(s). Task queue will handle concurrency.
2026-03-28 02:29:30,087 - INFO - Starting EQCCTPro parallelized waveform processing...
2026-03-28 02:29:30,090 - INFO - 
2026-03-28 02:29:30,094 - INFO - ------- Analyzing Seismic Waveforms for P and S Picks via SeisBench (EQTransformer - original_nonconservative) -------
2026-03-28 02:29:30,096 - INFO - Analyzing 0:01:00 minute timechunk from 2025-08-06 13:24:31 to 2025-08-06 13:25:31 (0 min overlap)
2026-03-28 02:29:30,099 - INFO - Processing a total of 1 stations, 1 at a time.
2026-03-28 02:29:32,383 - INFO - (1/1) VAF: Skipped (already exists - overwrite=False).
2026-03-28 02:29:32,385 - INFO - 
2026-03-28 02:29:32,388 - INFO - ------- Parallel Station Waveform Processing Complete For 2025-08-06 13:24:31 to 2025-08-06 13:25:31 Timechunk-------
2026-03-28 02:29:32,390 - INFO - Picks saved at /home/blackwinter/projects/eqcct/eqcctpro/results/csv/eqt_earthquakes_th0_1/20250806T132431Z_20250806T132531ZProcess Runtime: 2.30 s
2026-03-28 02:29:32,395 - INFO - Successfully ran EQCCTPro, exiting...
2026-03-28 02:29:33,941 - INFO - Ray Successfully Shutdown.
2026-03-28 02:29:33,941 - INFO - ------- Successfully Picked All Waveform(s) from all Timechunk(s) -------
