2026-02-27 11:20:45,900 - INFO - 
2026-02-27 11:20:45,900 - INFO - ------- Welcome to EQCCTPro -------
2026-02-27 11:20:45,900 - INFO - 
2026-02-27 11:20:45,901 - INFO - Running EQCCT over Requested MSeed Files using CPU(s)...
2026-02-27 11:20:45,901 - INFO - GPU disabled (CPU-only).
2026-02-27 11:20:45,901 - INFO - Configured Intra-op threads = 1
2026-02-27 11:20:45,901 - INFO - Configured Inter-op threads = 1
2026-02-27 11:20:45,901 - INFO - TensorFlow: No GPUs visible; TF will proceed on CPU.
2026-02-27 11:20:45,901 - INFO - 
2026-02-27 11:20:51,325 - INFO - Ray Successfully Initialized with 4 CPU(s) ([0, 1, 2, 3] CPU Affinity Binding).
2026-02-27 11:20:51,326 - INFO - Analyzing 1 time chunk(s) from 2025-01-22 04:53:14 to 2025-01-22 04:54:14 (dt=1min, overlap=0min).
2026-02-27 11:20:51,326 - INFO - Using 1 selected station(s).
2026-02-27 11:20:51,326 - INFO - 
2026-02-27 11:20:51,326 - INFO - ------- Starting EQCCTPro... -------
2026-02-27 11:20:51,326 - INFO - Detailed subprocess information can be found in the log file.
2026-02-27 11:20:51,326 - INFO - 
2026-02-27 11:20:51,675 - INFO - GPU disabled (CPU-only).
2026-02-27 11:20:53,114 - INFO - Configured Intra-op threads = 1
2026-02-27 11:20:53,116 - INFO - Configured Inter-op threads = 1
2026-02-27 11:20:53,158 - INFO - TensorFlow: No GPUs visible; TF will proceed on CPU.
2026-02-27 11:20:53,160 - INFO - 
2026-02-27 11:20:53,162 - INFO - ------- Hardware Configuration -------
2026-02-27 11:20:53,165 - INFO - CPU affinity set to cores: [0, 1, 2, 3]
2026-02-27 11:20:53,167 - INFO - 
2026-02-27 11:20:53,169 - INFO - ------- Data Preprocessing for EQCCTPro -------
2026-02-27 11:20:53,171 - INFO - 1 station(s) in /home/blackwinter/projects/eqcct/eqcctpro/data/waveforms_explosions_nonoise/20250122T045314Z_20250122T045414Z
2026-02-27 11:20:53,173 - INFO - Using 1 selected station(s): ['KLF'].
2026-02-27 11:20:53,175 - INFO - Creating model actor(s)...
2026-02-27 11:20:53,177 - INFO - System RAM: Total=7870 MB, Available=2520 MB
2026-02-27 11:20:53,179 - INFO - Usable RAM budget: 7083 MB (90% of total)
2026-02-27 11:20:53,181 - INFO - ===== MEMORY-AWARE CPU ACTOR POOL (EQCCT) =====
2026-02-27 11:20:53,182 - INFO - Requested concurrent tasks: 1
2026-02-27 11:20:53,184 - INFO - Available CPUs: 4
2026-02-27 11:20:53,186 - INFO - Available RAM: 7083 MB
2026-02-27 11:20:53,188 - INFO - RAM per model: 2264 MB
2026-02-27 11:20:53,190 - INFO - Max actors by RAM: 3
2026-02-27 11:20:53,192 - INFO - Creating 1 ModelActor(s)
2026-02-27 11:20:53,194 - INFO - Let Ray handle scheduling (taskset already restricts CPU visibility)
2026-02-27 11:20:53,196 - INFO - Creating ModelActor 1/1 (2.21GB RAM each)...
2026-02-27 11:20:57,137 - INFO - ModelActor 1 created successfully.
2026-02-27 11:20:57,140 - INFO - Created 1 CPU actor(s). Task queue will handle concurrency.
2026-02-27 11:20:57,142 - INFO - Starting EQCCTPro parallelized waveform processing...
2026-02-27 11:20:57,144 - INFO - 
2026-02-27 11:20:57,146 - INFO - ------- Analyzing Seismic Waveforms for P and S Picks via EQCCT -------
2026-02-27 11:20:57,148 - INFO - Analyzing 0:01:00 minute timechunk from 2025-01-22 04:53:14 to 2025-01-22 04:54:14 (0 min overlap)
2026-02-27 11:20:57,151 - INFO - Processing a total of 1 stations, 1 at a time.
2026-02-27 11:21:01,440 - INFO - (1/1) KLF: Finished the prediction in 2.42s. (HP=1.0, LP=45.0)
2026-02-27 11:21:01,445 - INFO - 
2026-02-27 11:21:01,447 - INFO - ------- Parallel Station Waveform Processing Complete For 2025-01-22 04:53:14 to 2025-01-22 04:54:14 Timechunk-------
2026-02-27 11:21:01,449 - INFO - Picks saved at /home/blackwinter/projects/eqcct/eqcctpro/results/csv/bm_explosions/20250122T045314Z_20250122T045414ZProcess Runtime: 4.30 s
2026-02-27 11:21:01,453 - INFO - Successfully ran EQCCTPro, exiting...
2026-02-27 11:21:03,006 - INFO - Ray Successfully Shutdown.
2026-02-27 11:21:03,007 - INFO - ------- Successfully Picked All Waveform(s) from all Timechunk(s) -------
