2026-03-28 09:55:09,050 - INFO - 
2026-03-28 09:55:09,051 - INFO - ------- Welcome to EQCCTPro -------
2026-03-28 09:55:09,051 - INFO - 
2026-03-28 09:55:09,051 - INFO - Running EQCCT over Requested MSeed Files using CPU(s)...
2026-03-28 09:55:09,051 - INFO - GPU disabled (CPU-only).
2026-03-28 09:55:09,051 - INFO - Skipping framework-specific initialization in the driver process.
2026-03-28 09:55:10,655 - INFO - Ray Successfully Initialized with 4 CPU(s) ([0, 1, 2, 3] CPU Affinity Binding).
2026-03-28 09:55:10,656 - INFO - Analyzing 1 time chunk(s) from 2025-01-04 05:59:52 to 2025-01-04 06:00:52 (dt=1min, overlap=0min).
2026-03-28 09:55:10,656 - INFO - Using 1 selected station(s).
2026-03-28 09:55:10,656 - INFO - 
2026-03-28 09:55:10,656 - INFO - ------- Starting EQCCTPro... -------
2026-03-28 09:55:10,656 - INFO - Detailed subprocess information can be found in the log file.
2026-03-28 09:55:10,657 - INFO - 
2026-03-28 09:55:10,961 - INFO - GPU disabled (CPU-only).
2026-03-28 09:55:10,966 - INFO - Skipping framework-specific initialization in the driver process.
2026-03-28 09:55:10,969 - INFO - ------- Hardware Configuration -------
2026-03-28 09:55:10,972 - INFO - CPU affinity set to cores: [0, 1, 2, 3]
2026-03-28 09:55:10,975 - INFO - 
2026-03-28 09:55:10,980 - INFO - ------- Data Preprocessing for EQCCTPro -------
2026-03-28 09:55:10,983 - INFO - 1 station(s) in /home/blackwinter/projects/eqcct/eqcctpro/data/waveforms_noise_only/20250104T055952Z_20250104T060052Z
2026-03-28 09:55:10,986 - INFO - Using 1 selected station(s): ['OLKF'].
2026-03-28 09:55:10,988 - INFO - Creating model actor(s)...
2026-03-28 09:55:10,991 - INFO - System RAM: Total=7870 MB, Available=4742 MB
2026-03-28 09:55:10,993 - INFO - Usable RAM budget: 7083 MB (90% of total)
2026-03-28 09:55:10,996 - INFO - ===== MEMORY-AWARE CPU ACTOR POOL =====
2026-03-28 09:55:10,998 - INFO - Requested concurrent tasks: 1
2026-03-28 09:55:11,001 - INFO - Available CPUs: 4
2026-03-28 09:55:11,004 - INFO - Available RAM: 7083 MB
2026-03-28 09:55:11,007 - INFO - RAM per model: 2060 MB
2026-03-28 09:55:11,009 - INFO - Max actors by RAM: 3
2026-03-28 09:55:11,011 - INFO - Creating 1 SeisBenchModelActor(s)
2026-03-28 09:55:11,014 - INFO - Let Ray handle scheduling (taskset already restricts CPU visibility)
2026-03-28 09:55:11,016 - INFO - Creating SeisBenchModelActor 1/1 (2.01GB RAM each)...
2026-03-28 09:55:13,908 - INFO - SeisBenchModelActor 1 created successfully.
2026-03-28 09:55:13,912 - INFO - Created 1 CPU actor(s). Task queue will handle concurrency.
2026-03-28 09:55:13,915 - INFO - Starting EQCCTPro parallelized waveform processing...
2026-03-28 09:55:13,917 - INFO - 
2026-03-28 09:55:13,920 - INFO - ------- Analyzing Seismic Waveforms for P and S Picks via SeisBench (EQTransformer - original_nonconservative) -------
2026-03-28 09:55:13,923 - INFO - Analyzing 0:01:00 minute timechunk from 2025-01-04 05:59:52 to 2025-01-04 06:00:52 (0 min overlap)
2026-03-28 09:55:13,926 - INFO - Processing a total of 1 stations, 1 at a time.
2026-03-28 09:55:16,146 - INFO - (1/1) OLKF: Finished the prediction in 0.14s. (HP=1.0, LP=45.0, picks=0)
2026-03-28 09:55:16,148 - INFO - 
2026-03-28 09:55:16,151 - INFO - ------- Parallel Station Waveform Processing Complete For 2025-01-04 05:59:52 to 2025-01-04 06:00:52 Timechunk-------
2026-03-28 09:55:16,154 - INFO - Picks saved at /home/blackwinter/projects/eqcct/eqcctpro/results/csv/eqt_noise_th0_1/20250104T055952Z_20250104T060052ZProcess Runtime: 2.23 s
2026-03-28 09:55:16,159 - INFO - Successfully ran EQCCTPro, exiting...
2026-03-28 09:55:17,613 - INFO - Ray Successfully Shutdown.
2026-03-28 09:55:17,613 - INFO - ------- Successfully Picked All Waveform(s) from all Timechunk(s) -------
