2026-03-20 06:24:20,645 - INFO - 
2026-03-20 06:24:20,646 - INFO - ------- Welcome to EQCCTPro -------
2026-03-20 06:24:20,646 - INFO - 
2026-03-20 06:24:20,646 - INFO - Running EQCCT over Requested MSeed Files using CPU(s)...
2026-03-20 06:24:20,647 - INFO - GPU disabled (CPU-only).
2026-03-20 06:24:20,647 - INFO - Configured Intra-op threads = 1
2026-03-20 06:24:20,647 - INFO - Configured Inter-op threads = 1
2026-03-20 06:24:20,647 - INFO - TensorFlow: No GPUs visible; TF will proceed on CPU.
2026-03-20 06:24:20,647 - INFO - 
2026-03-20 06:24:26,044 - INFO - Ray Successfully Initialized with 4 CPU(s) ([0, 1, 2, 3] CPU Affinity Binding).
2026-03-20 06:24:26,044 - INFO - Analyzing 1 time chunk(s) from 2025-10-22 08:39:00 to 2025-10-22 08:40:00 (dt=1min, overlap=0min).
2026-03-20 06:24:26,044 - INFO - Using 1 selected station(s).
2026-03-20 06:24:26,044 - INFO - 
2026-03-20 06:24:26,045 - INFO - ------- Starting EQCCTPro... -------
2026-03-20 06:24:26,045 - INFO - Detailed subprocess information can be found in the log file.
2026-03-20 06:24:26,045 - INFO - 
2026-03-20 06:24:26,422 - INFO - GPU disabled (CPU-only).
2026-03-20 06:24:27,894 - INFO - Configured Intra-op threads = 1
2026-03-20 06:24:27,897 - INFO - Configured Inter-op threads = 1
2026-03-20 06:24:27,942 - INFO - TensorFlow: No GPUs visible; TF will proceed on CPU.
2026-03-20 06:24:27,944 - INFO - 
2026-03-20 06:24:27,947 - INFO - ------- Hardware Configuration -------
2026-03-20 06:24:27,949 - INFO - CPU affinity set to cores: [0, 1, 2, 3]
2026-03-20 06:24:27,952 - INFO - 
2026-03-20 06:24:27,955 - INFO - ------- Data Preprocessing for EQCCTPro -------
2026-03-20 06:24:27,957 - INFO - 1 station(s) in /home/blackwinter/projects/eqcct/eqcctpro/data/waveforms_earthquakes_nonoise/20251022T083900Z_20251022T084000Z
2026-03-20 06:24:27,959 - INFO - Using 1 selected station(s): ['TOF'].
2026-03-20 06:24:27,961 - INFO - Creating model actor(s)...
2026-03-20 06:24:27,964 - INFO - System RAM: Total=7870 MB, Available=1933 MB
2026-03-20 06:24:27,966 - INFO - Usable RAM budget: 7083 MB (90% of total)
2026-03-20 06:24:27,968 - INFO - ===== MEMORY-AWARE CPU ACTOR POOL (EQCCT) =====
2026-03-20 06:24:27,971 - INFO - Requested concurrent tasks: 1
2026-03-20 06:24:27,973 - INFO - Available CPUs: 4
2026-03-20 06:24:27,975 - INFO - Available RAM: 7083 MB
2026-03-20 06:24:27,977 - INFO - RAM per model: 2264 MB
2026-03-20 06:24:27,980 - INFO - Max actors by RAM: 3
2026-03-20 06:24:27,982 - INFO - Creating 1 ModelActor(s)
2026-03-20 06:24:27,984 - INFO - Let Ray handle scheduling (taskset already restricts CPU visibility)
2026-03-20 06:24:27,986 - INFO - Creating ModelActor 1/1 (2.21GB RAM each)...
2026-03-20 06:24:31,893 - INFO - ModelActor 1 created successfully.
2026-03-20 06:24:31,896 - INFO - Created 1 CPU actor(s). Task queue will handle concurrency.
2026-03-20 06:24:31,899 - INFO - Starting EQCCTPro parallelized waveform processing...
2026-03-20 06:24:31,901 - INFO - 
2026-03-20 06:24:31,902 - INFO - ------- Analyzing Seismic Waveforms for P and S Picks via EQCCT -------
2026-03-20 06:24:31,905 - INFO - Analyzing 0:01:00 minute timechunk from 2025-10-22 08:39:00 to 2025-10-22 08:40:00 (0 min overlap)
2026-03-20 06:24:31,907 - INFO - Processing a total of 1 stations, 1 at a time.
2026-03-20 06:24:35,916 - INFO - (1/1) TOF: Finished the prediction in 2.11s. (HP=1.0, LP=45.0)
2026-03-20 06:24:35,918 - INFO - 
2026-03-20 06:24:35,921 - INFO - ------- Parallel Station Waveform Processing Complete For 2025-10-22 08:39:00 to 2025-10-22 08:40:00 Timechunk-------
2026-03-20 06:24:35,924 - INFO - Picks saved at /home/blackwinter/projects/eqcct/eqcctpro/results/csv/eqcct_earthquakes_th0_1/20251022T083900Z_20251022T084000ZProcess Runtime: 4.02 s
2026-03-20 06:24:35,928 - INFO - Successfully ran EQCCTPro, exiting...
2026-03-20 06:24:37,596 - INFO - Ray Successfully Shutdown.
2026-03-20 06:24:37,596 - INFO - ------- Successfully Picked All Waveform(s) from all Timechunk(s) -------
