2026-03-20 04:32:02,180 - INFO - 
2026-03-20 04:32:02,180 - INFO - ------- Welcome to EQCCTPro -------
2026-03-20 04:32:02,180 - INFO - 
2026-03-20 04:32:02,180 - INFO - Running EQCCT over Requested MSeed Files using CPU(s)...
2026-03-20 04:32:02,180 - INFO - GPU disabled (CPU-only).
2026-03-20 04:32:02,181 - INFO - Configured Intra-op threads = 1
2026-03-20 04:32:02,181 - INFO - Configured Inter-op threads = 1
2026-03-20 04:32:02,181 - INFO - TensorFlow: No GPUs visible; TF will proceed on CPU.
2026-03-20 04:32:02,181 - INFO - 
2026-03-20 04:32:07,592 - INFO - Ray Successfully Initialized with 4 CPU(s) ([0, 1, 2, 3] CPU Affinity Binding).
2026-03-20 04:32:07,592 - INFO - Analyzing 1 time chunk(s) from 2025-08-24 01:19:58 to 2025-08-24 01:20:58 (dt=1min, overlap=0min).
2026-03-20 04:32:07,592 - INFO - Using 1 selected station(s).
2026-03-20 04:32:07,592 - INFO - 
2026-03-20 04:32:07,593 - INFO - ------- Starting EQCCTPro... -------
2026-03-20 04:32:07,593 - INFO - Detailed subprocess information can be found in the log file.
2026-03-20 04:32:07,593 - INFO - 
2026-03-20 04:32:07,971 - INFO - GPU disabled (CPU-only).
2026-03-20 04:32:09,399 - INFO - Configured Intra-op threads = 1
2026-03-20 04:32:09,401 - INFO - Configured Inter-op threads = 1
2026-03-20 04:32:09,438 - INFO - TensorFlow: No GPUs visible; TF will proceed on CPU.
2026-03-20 04:32:09,440 - INFO - 
2026-03-20 04:32:09,442 - INFO - ------- Hardware Configuration -------
2026-03-20 04:32:09,444 - INFO - CPU affinity set to cores: [0, 1, 2, 3]
2026-03-20 04:32:09,446 - INFO - 
2026-03-20 04:32:09,448 - INFO - ------- Data Preprocessing for EQCCTPro -------
2026-03-20 04:32:09,450 - INFO - 1 station(s) in /home/blackwinter/projects/eqcct/eqcctpro/data/waveforms_earthquakes_nonoise/20250824T011958Z_20250824T012058Z
2026-03-20 04:32:09,451 - INFO - Using 1 selected station(s): ['MEF'].
2026-03-20 04:32:09,453 - INFO - Creating model actor(s)...
2026-03-20 04:32:09,456 - INFO - System RAM: Total=7870 MB, Available=1662 MB
2026-03-20 04:32:09,458 - INFO - Usable RAM budget: 7083 MB (90% of total)
2026-03-20 04:32:09,460 - INFO - ===== MEMORY-AWARE CPU ACTOR POOL (EQCCT) =====
2026-03-20 04:32:09,462 - INFO - Requested concurrent tasks: 1
2026-03-20 04:32:09,464 - INFO - Available CPUs: 4
2026-03-20 04:32:09,466 - INFO - Available RAM: 7083 MB
2026-03-20 04:32:09,468 - INFO - RAM per model: 2264 MB
2026-03-20 04:32:09,470 - INFO - Max actors by RAM: 3
2026-03-20 04:32:09,471 - INFO - Creating 1 ModelActor(s)
2026-03-20 04:32:09,473 - INFO - Let Ray handle scheduling (taskset already restricts CPU visibility)
2026-03-20 04:32:09,475 - INFO - Creating ModelActor 1/1 (2.21GB RAM each)...
2026-03-20 04:32:13,318 - INFO - ModelActor 1 created successfully.
2026-03-20 04:32:13,320 - INFO - Created 1 CPU actor(s). Task queue will handle concurrency.
2026-03-20 04:32:13,322 - INFO - Starting EQCCTPro parallelized waveform processing...
2026-03-20 04:32:13,324 - INFO - 
2026-03-20 04:32:13,327 - INFO - ------- Analyzing Seismic Waveforms for P and S Picks via EQCCT -------
2026-03-20 04:32:13,329 - INFO - Analyzing 0:01:00 minute timechunk from 2025-08-24 01:19:58 to 2025-08-24 01:20:58 (0 min overlap)
2026-03-20 04:32:13,331 - INFO - Processing a total of 1 stations, 1 at a time.
2026-03-20 04:32:17,602 - INFO - (1/1) MEF: Finished the prediction in 2.16s. (HP=1.0, LP=45.0)
2026-03-20 04:32:17,605 - INFO - 
2026-03-20 04:32:17,607 - INFO - ------- Parallel Station Waveform Processing Complete For 2025-08-24 01:19:58 to 2025-08-24 01:20:58 Timechunk-------
2026-03-20 04:32:17,609 - INFO - Picks saved at /home/blackwinter/projects/eqcct/eqcctpro/results/csv/eqcct_earthquakes_th0_1/20250824T011958Z_20250824T012058ZProcess Runtime: 4.28 s
2026-03-20 04:32:17,616 - INFO - Successfully ran EQCCTPro, exiting...
2026-03-20 04:32:19,120 - INFO - Ray Successfully Shutdown.
2026-03-20 04:32:19,120 - INFO - ------- Successfully Picked All Waveform(s) from all Timechunk(s) -------
