2026-03-27 22:25:09,712 - INFO - 
2026-03-27 22:25:09,712 - INFO - ------- Welcome to EQCCTPro -------
2026-03-27 22:25:09,712 - INFO - 
2026-03-27 22:25:09,713 - INFO - Running EQCCT over Requested MSeed Files using CPU(s)...
2026-03-27 22:25:09,713 - INFO - GPU disabled (CPU-only).
2026-03-27 22:25:09,713 - INFO - Skipping framework-specific initialization in the driver process.
2026-03-27 22:25:12,241 - INFO - Ray Successfully Initialized with 4 CPU(s) ([0, 1, 2, 3] CPU Affinity Binding).
2026-03-27 22:25:12,241 - INFO - Analyzing 1 time chunk(s) from 2025-12-13 06:03:40 to 2025-12-13 06:04:40 (dt=1min, overlap=0min).
2026-03-27 22:25:12,241 - INFO - Using 1 selected station(s).
2026-03-27 22:25:12,241 - INFO - 
2026-03-27 22:25:12,242 - INFO - ------- Starting EQCCTPro... -------
2026-03-27 22:25:12,242 - INFO - Detailed subprocess information can be found in the log file.
2026-03-27 22:25:12,242 - INFO - 
2026-03-27 22:25:12,535 - INFO - GPU disabled (CPU-only).
2026-03-27 22:25:12,540 - INFO - Skipping framework-specific initialization in the driver process.
2026-03-27 22:25:12,543 - INFO - ------- Hardware Configuration -------
2026-03-27 22:25:12,545 - INFO - CPU affinity set to cores: [0, 1, 2, 3]
2026-03-27 22:25:12,547 - INFO - 
2026-03-27 22:25:12,550 - INFO - ------- Data Preprocessing for EQCCTPro -------
2026-03-27 22:25:12,553 - INFO - 1 station(s) in /home/blackwinter/projects/eqcct/eqcctpro/data/waveforms_earthquakes_nonoise/20251213T060340Z_20251213T060440Z
2026-03-27 22:25:12,555 - INFO - Using 1 selected station(s): ['OBF3'].
2026-03-27 22:25:12,557 - INFO - Creating model actor(s)...
2026-03-27 22:25:12,559 - INFO - System RAM: Total=7870 MB, Available=5074 MB
2026-03-27 22:25:12,561 - INFO - Usable RAM budget: 7083 MB (90% of total)
2026-03-27 22:25:12,564 - INFO - ===== MEMORY-AWARE CPU ACTOR POOL =====
2026-03-27 22:25:12,566 - INFO - Requested concurrent tasks: 1
2026-03-27 22:25:12,568 - INFO - Available CPUs: 4
2026-03-27 22:25:12,570 - INFO - Available RAM: 7083 MB
2026-03-27 22:25:12,573 - INFO - RAM per model: 2060 MB
2026-03-27 22:25:12,575 - INFO - Max actors by RAM: 3
2026-03-27 22:25:12,577 - INFO - Creating 1 SeisBenchModelActor(s)
2026-03-27 22:25:12,579 - INFO - Let Ray handle scheduling (taskset already restricts CPU visibility)
2026-03-27 22:25:12,581 - INFO - Creating SeisBenchModelActor 1/1 (2.01GB RAM each)...
2026-03-27 22:25:15,482 - INFO - SeisBenchModelActor 1 created successfully.
2026-03-27 22:25:15,485 - INFO - Created 1 CPU actor(s). Task queue will handle concurrency.
2026-03-27 22:25:15,487 - INFO - Starting EQCCTPro parallelized waveform processing...
2026-03-27 22:25:15,490 - INFO - 
2026-03-27 22:25:15,493 - INFO - ------- Analyzing Seismic Waveforms for P and S Picks via SeisBench (EQTransformer - original_nonconservative) -------
2026-03-27 22:25:15,496 - INFO - Analyzing 0:01:00 minute timechunk from 2025-12-13 06:03:40 to 2025-12-13 06:04:40 (0 min overlap)
2026-03-27 22:25:15,499 - INFO - Processing a total of 1 stations, 1 at a time.
2026-03-27 22:25:17,693 - INFO - (1/1) OBF3: Finished the prediction in 0.14s. (HP=1.0, LP=45.0, picks=2)
2026-03-27 22:25:17,695 - INFO - 
2026-03-27 22:25:17,698 - INFO - ------- Parallel Station Waveform Processing Complete For 2025-12-13 06:03:40 to 2025-12-13 06:04:40 Timechunk-------
2026-03-27 22:25:17,701 - INFO - Picks saved at /home/blackwinter/projects/eqcct/eqcctpro/results/csv/eqt_earthquakes_th0_1/20251213T060340Z_20251213T060440ZProcess Runtime: 2.21 s
2026-03-27 22:25:17,713 - INFO - Successfully ran EQCCTPro, exiting...
2026-03-27 22:25:19,741 - INFO - Ray Successfully Shutdown.
2026-03-27 22:25:19,741 - INFO - ------- Successfully Picked All Waveform(s) from all Timechunk(s) -------
2026-03-28 04:44:09,186 - INFO - 
2026-03-28 04:44:09,186 - INFO - ------- Welcome to EQCCTPro -------
2026-03-28 04:44:09,186 - INFO - 
2026-03-28 04:44:09,187 - INFO - Running EQCCT over Requested MSeed Files using CPU(s)...
2026-03-28 04:44:09,187 - INFO - GPU disabled (CPU-only).
2026-03-28 04:44:09,187 - INFO - Skipping framework-specific initialization in the driver process.
2026-03-28 04:44:11,669 - INFO - Ray Successfully Initialized with 4 CPU(s) ([0, 1, 2, 3] CPU Affinity Binding).
2026-03-28 04:44:11,669 - INFO - Analyzing 1 time chunk(s) from 2025-12-13 06:03:40 to 2025-12-13 06:04:40 (dt=1min, overlap=0min).
2026-03-28 04:44:11,669 - INFO - Using 1 selected station(s).
2026-03-28 04:44:11,670 - INFO - 
2026-03-28 04:44:11,670 - INFO - ------- Starting EQCCTPro... -------
2026-03-28 04:44:11,670 - INFO - Detailed subprocess information can be found in the log file.
2026-03-28 04:44:11,670 - INFO - 
2026-03-28 04:44:11,961 - INFO - GPU disabled (CPU-only).
2026-03-28 04:44:11,966 - INFO - Skipping framework-specific initialization in the driver process.
2026-03-28 04:44:11,969 - INFO - ------- Hardware Configuration -------
2026-03-28 04:44:11,971 - INFO - CPU affinity set to cores: [0, 1, 2, 3]
2026-03-28 04:44:11,974 - INFO - 
2026-03-28 04:44:11,977 - INFO - ------- Data Preprocessing for EQCCTPro -------
2026-03-28 04:44:11,980 - INFO - 1 station(s) in /home/blackwinter/projects/eqcct/eqcctpro/data/waveforms_earthquakes_nonoise/20251213T060340Z_20251213T060440Z
2026-03-28 04:44:11,982 - INFO - Using 1 selected station(s): ['OBF3'].
2026-03-28 04:44:11,985 - INFO - Creating model actor(s)...
2026-03-28 04:44:11,988 - INFO - System RAM: Total=7870 MB, Available=4921 MB
2026-03-28 04:44:11,990 - INFO - Usable RAM budget: 7083 MB (90% of total)
2026-03-28 04:44:11,993 - INFO - ===== MEMORY-AWARE CPU ACTOR POOL =====
2026-03-28 04:44:11,995 - INFO - Requested concurrent tasks: 1
2026-03-28 04:44:11,997 - INFO - Available CPUs: 4
2026-03-28 04:44:11,999 - INFO - Available RAM: 7083 MB
2026-03-28 04:44:12,002 - INFO - RAM per model: 2060 MB
2026-03-28 04:44:12,005 - INFO - Max actors by RAM: 3
2026-03-28 04:44:12,007 - INFO - Creating 1 SeisBenchModelActor(s)
2026-03-28 04:44:12,010 - INFO - Let Ray handle scheduling (taskset already restricts CPU visibility)
2026-03-28 04:44:12,012 - INFO - Creating SeisBenchModelActor 1/1 (2.01GB RAM each)...
2026-03-28 04:44:15,753 - INFO - SeisBenchModelActor 1 created successfully.
2026-03-28 04:44:15,755 - INFO - Created 1 CPU actor(s). Task queue will handle concurrency.
2026-03-28 04:44:15,758 - INFO - Starting EQCCTPro parallelized waveform processing...
2026-03-28 04:44:15,760 - INFO - 
2026-03-28 04:44:15,763 - INFO - ------- Analyzing Seismic Waveforms for P and S Picks via SeisBench (EQTransformer - original_nonconservative) -------
2026-03-28 04:44:15,766 - INFO - Analyzing 0:01:00 minute timechunk from 2025-12-13 06:03:40 to 2025-12-13 06:04:40 (0 min overlap)
2026-03-28 04:44:15,769 - INFO - Processing a total of 1 stations, 1 at a time.
2026-03-28 04:44:17,781 - INFO - (1/1) OBF3: Skipped (already exists - overwrite=False).
2026-03-28 04:44:17,783 - INFO - 
2026-03-28 04:44:17,786 - INFO - ------- Parallel Station Waveform Processing Complete For 2025-12-13 06:03:40 to 2025-12-13 06:04:40 Timechunk-------
2026-03-28 04:44:17,789 - INFO - Picks saved at /home/blackwinter/projects/eqcct/eqcctpro/results/csv/eqt_earthquakes_th0_1/20251213T060340Z_20251213T060440ZProcess Runtime: 2.03 s
2026-03-28 04:44:17,794 - INFO - Successfully ran EQCCTPro, exiting...
2026-03-28 04:44:19,826 - INFO - Ray Successfully Shutdown.
2026-03-28 04:44:19,826 - INFO - ------- Successfully Picked All Waveform(s) from all Timechunk(s) -------
