2026-03-20 03:27:19,300 - INFO - 
2026-03-20 03:27:19,300 - INFO - ------- Welcome to EQCCTPro -------
2026-03-20 03:27:19,301 - INFO - 
2026-03-20 03:27:19,301 - INFO - Running EQCCT over Requested MSeed Files using CPU(s)...
2026-03-20 03:27:19,301 - INFO - GPU disabled (CPU-only).
2026-03-20 03:27:19,302 - INFO - Configured Intra-op threads = 1
2026-03-20 03:27:19,302 - INFO - Configured Inter-op threads = 1
2026-03-20 03:27:19,302 - INFO - TensorFlow: No GPUs visible; TF will proceed on CPU.
2026-03-20 03:27:19,302 - INFO - 
2026-03-20 03:27:24,831 - INFO - Ray Successfully Initialized with 4 CPU(s) ([0, 1, 2, 3] CPU Affinity Binding).
2026-03-20 03:27:24,832 - INFO - Analyzing 1 time chunk(s) from 2025-07-14 04:58:13 to 2025-07-14 04:59:13 (dt=1min, overlap=0min).
2026-03-20 03:27:24,833 - INFO - Using 1 selected station(s).
2026-03-20 03:27:24,833 - INFO - 
2026-03-20 03:27:24,833 - INFO - ------- Starting EQCCTPro... -------
2026-03-20 03:27:24,833 - INFO - Detailed subprocess information can be found in the log file.
2026-03-20 03:27:24,833 - INFO - 
2026-03-20 03:27:25,215 - INFO - GPU disabled (CPU-only).
2026-03-20 03:27:26,715 - INFO - Configured Intra-op threads = 1
2026-03-20 03:27:26,717 - INFO - Configured Inter-op threads = 1
2026-03-20 03:27:26,755 - INFO - TensorFlow: No GPUs visible; TF will proceed on CPU.
2026-03-20 03:27:26,757 - INFO - 
2026-03-20 03:27:26,759 - INFO - ------- Hardware Configuration -------
2026-03-20 03:27:26,761 - INFO - CPU affinity set to cores: [0, 1, 2, 3]
2026-03-20 03:27:26,763 - INFO - 
2026-03-20 03:27:26,764 - INFO - ------- Data Preprocessing for EQCCTPro -------
2026-03-20 03:27:26,766 - INFO - 1 station(s) in /home/blackwinter/projects/eqcct/eqcctpro/data/waveforms_earthquakes_nonoise/20250714T045813Z_20250714T045913Z
2026-03-20 03:27:26,768 - INFO - Using 1 selected station(s): ['KIF'].
2026-03-20 03:27:26,770 - INFO - Creating model actor(s)...
2026-03-20 03:27:26,772 - INFO - System RAM: Total=7870 MB, Available=1480 MB
2026-03-20 03:27:26,774 - INFO - Usable RAM budget: 7083 MB (90% of total)
2026-03-20 03:27:26,776 - INFO - ===== MEMORY-AWARE CPU ACTOR POOL (EQCCT) =====
2026-03-20 03:27:26,777 - INFO - Requested concurrent tasks: 1
2026-03-20 03:27:26,779 - INFO - Available CPUs: 4
2026-03-20 03:27:26,781 - INFO - Available RAM: 7083 MB
2026-03-20 03:27:26,783 - INFO - RAM per model: 2264 MB
2026-03-20 03:27:26,785 - INFO - Max actors by RAM: 3
2026-03-20 03:27:26,788 - INFO - Creating 1 ModelActor(s)
2026-03-20 03:27:26,790 - INFO - Let Ray handle scheduling (taskset already restricts CPU visibility)
2026-03-20 03:27:26,792 - INFO - Creating ModelActor 1/1 (2.21GB RAM each)...
2026-03-20 03:27:30,681 - INFO - ModelActor 1 created successfully.
2026-03-20 03:27:30,683 - INFO - Created 1 CPU actor(s). Task queue will handle concurrency.
2026-03-20 03:27:30,685 - INFO - Starting EQCCTPro parallelized waveform processing...
2026-03-20 03:27:30,687 - INFO - 
2026-03-20 03:27:30,688 - INFO - ------- Analyzing Seismic Waveforms for P and S Picks via EQCCT -------
2026-03-20 03:27:30,691 - INFO - Analyzing 0:01:00 minute timechunk from 2025-07-14 04:58:13 to 2025-07-14 04:59:13 (0 min overlap)
2026-03-20 03:27:30,693 - INFO - Processing a total of 1 stations, 1 at a time.
2026-03-20 03:27:34,870 - INFO - (1/1) KIF: Finished the prediction in 2.3s. (HP=1.0, LP=45.0)
2026-03-20 03:27:34,875 - INFO - 
2026-03-20 03:27:34,877 - INFO - ------- Parallel Station Waveform Processing Complete For 2025-07-14 04:58:13 to 2025-07-14 04:59:13 Timechunk-------
2026-03-20 03:27:34,886 - INFO - Successfully ran EQCCTPro, exiting...
2026-03-20 03:27:34,879 - INFO - Picks saved at /home/blackwinter/projects/eqcct/eqcctpro/results/csv/eqcct_earthquakes_th0_1/20250714T045813Z_20250714T045913ZProcess Runtime: 4.19 s
2026-03-20 03:27:36,555 - INFO - Ray Successfully Shutdown.
2026-03-20 03:27:36,555 - INFO - ------- Successfully Picked All Waveform(s) from all Timechunk(s) -------
