2026-03-29 16:15:51,725 - INFO - 
2026-03-29 16:15:51,725 - INFO - ------- Welcome to EQCCTPro -------
2026-03-29 16:15:51,725 - INFO - 
2026-03-29 16:15:51,726 - INFO - Running EQCCT over Requested MSeed Files using CPU(s)...
2026-03-29 16:15:51,726 - INFO - GPU disabled (CPU-only).
2026-03-29 16:15:51,726 - INFO - Configured Intra-op threads = 1
2026-03-29 16:15:51,726 - INFO - Configured Inter-op threads = 1
2026-03-29 16:15:51,726 - INFO - TensorFlow: No GPUs visible; TF will proceed on CPU.
2026-03-29 16:15:51,726 - INFO - 
2026-03-29 16:15:57,478 - INFO - Ray Successfully Initialized with 4 CPU(s) ([0, 1, 2, 3] CPU Affinity Binding).
2026-03-29 16:15:57,478 - INFO - Analyzing 1 time chunk(s) from 2025-01-10 03:19:26 to 2025-01-10 03:20:26 (dt=1min, overlap=0min).
2026-03-29 16:15:57,478 - INFO - Using 1 selected station(s).
2026-03-29 16:15:57,478 - INFO - 
2026-03-29 16:15:57,479 - INFO - ------- Starting EQCCTPro... -------
2026-03-29 16:15:57,479 - INFO - Detailed subprocess information can be found in the log file.
2026-03-29 16:15:57,479 - INFO - 
2026-03-29 16:15:57,875 - INFO - GPU disabled (CPU-only).
2026-03-29 16:15:59,399 - INFO - Configured Intra-op threads = 1
2026-03-29 16:15:59,401 - INFO - Configured Inter-op threads = 1
2026-03-29 16:15:59,445 - INFO - TensorFlow: No GPUs visible; TF will proceed on CPU.
2026-03-29 16:15:59,448 - INFO - 
2026-03-29 16:15:59,450 - INFO - ------- Hardware Configuration -------
2026-03-29 16:15:59,453 - INFO - CPU affinity set to cores: [0, 1, 2, 3]
2026-03-29 16:15:59,456 - INFO - 
2026-03-29 16:15:59,459 - INFO - ------- Data Preprocessing for EQCCTPro -------
2026-03-29 16:15:59,461 - INFO - 1 station(s) in /home/blackwinter/projects/eqcct/eqcctpro/data/waveforms_noise_only/20250110T031926Z_20250110T032026Z
2026-03-29 16:15:59,464 - INFO - Using 1 selected station(s): ['MSF'].
2026-03-29 16:15:59,466 - INFO - Creating model actor(s)...
2026-03-29 16:15:59,469 - INFO - System RAM: Total=7870 MB, Available=4076 MB
2026-03-29 16:15:59,471 - INFO - Usable RAM budget: 7083 MB (90% of total)
2026-03-29 16:15:59,473 - INFO - ===== MEMORY-AWARE CPU ACTOR POOL (EQCCT) =====
2026-03-29 16:15:59,475 - INFO - Requested concurrent tasks: 1
2026-03-29 16:15:59,477 - INFO - Available CPUs: 4
2026-03-29 16:15:59,479 - INFO - Available RAM: 7083 MB
2026-03-29 16:15:59,481 - INFO - RAM per model: 2264 MB
2026-03-29 16:15:59,483 - INFO - Max actors by RAM: 3
2026-03-29 16:15:59,486 - INFO - Creating 1 ModelActor(s)
2026-03-29 16:15:59,489 - INFO - Let Ray handle scheduling (taskset already restricts CPU visibility)
2026-03-29 16:15:59,492 - INFO - Creating ModelActor 1/1 (2.21GB RAM each)...
2026-03-29 16:16:03,756 - INFO - ModelActor 1 created successfully.
2026-03-29 16:16:03,759 - INFO - Created 1 CPU actor(s). Task queue will handle concurrency.
2026-03-29 16:16:03,761 - INFO - Starting EQCCTPro parallelized waveform processing...
2026-03-29 16:16:03,763 - INFO - 
2026-03-29 16:16:03,765 - INFO - ------- Analyzing Seismic Waveforms for P and S Picks via EQCCT -------
2026-03-29 16:16:03,768 - INFO - Analyzing 0:01:00 minute timechunk from 2025-01-10 03:19:26 to 2025-01-10 03:20:26 (0 min overlap)
2026-03-29 16:16:03,770 - INFO - Processing a total of 1 stations, 1 at a time.
2026-03-29 16:16:06,567 - INFO - (1/1) MSF: FAILED reading mSEED.
2026-03-29 16:16:06,569 - INFO - 
2026-03-29 16:16:06,572 - INFO - ------- Parallel Station Waveform Processing Complete For 2025-01-10 03:19:26 to 2025-01-10 03:20:26 Timechunk-------
2026-03-29 16:16:06,574 - INFO - Picks saved at /home/blackwinter/projects/eqcct/eqcctpro/results/csv/eqcct_noise_th0_1/20250110T031926Z_20250110T032026ZProcess Runtime: 2.81 s
2026-03-29 16:16:06,578 - INFO - Successfully ran EQCCTPro, exiting...
2026-03-29 16:16:08,126 - INFO - Ray Successfully Shutdown.
2026-03-29 16:16:08,126 - INFO - ------- Successfully Picked All Waveform(s) from all Timechunk(s) -------
