2026-03-28 18:36:10,871 - INFO - 
2026-03-28 18:36:10,872 - INFO - ------- Welcome to EQCCTPro -------
2026-03-28 18:36:10,872 - INFO - 
2026-03-28 18:36:10,872 - INFO - Running EQCCT over Requested MSeed Files using CPU(s)...
2026-03-28 18:36:10,873 - INFO - GPU disabled (CPU-only).
2026-03-28 18:36:10,873 - INFO - Skipping framework-specific initialization in the driver process.
2026-03-28 18:36:13,600 - INFO - Ray Successfully Initialized with 4 CPU(s) ([0, 1, 2, 3] CPU Affinity Binding).
2026-03-28 18:36:13,600 - INFO - Analyzing 1 time chunk(s) from 2025-01-16 11:06:50 to 2025-01-16 11:07:50 (dt=1min, overlap=0min).
2026-03-28 18:36:13,600 - INFO - Using 1 selected station(s).
2026-03-28 18:36:13,600 - INFO - 
2026-03-28 18:36:13,601 - INFO - ------- Starting EQCCTPro... -------
2026-03-28 18:36:13,601 - INFO - Detailed subprocess information can be found in the log file.
2026-03-28 18:36:13,601 - INFO - 
2026-03-28 18:36:13,913 - INFO - GPU disabled (CPU-only).
2026-03-28 18:36:13,919 - INFO - Skipping framework-specific initialization in the driver process.
2026-03-28 18:36:13,923 - INFO - ------- Hardware Configuration -------
2026-03-28 18:36:13,926 - INFO - CPU affinity set to cores: [0, 1, 2, 3]
2026-03-28 18:36:13,929 - INFO - 
2026-03-28 18:36:13,934 - INFO - ------- Data Preprocessing for EQCCTPro -------
2026-03-28 18:36:13,937 - INFO - 1 station(s) in /home/blackwinter/projects/eqcct/eqcctpro/data/waveforms_explosions_nonoise/20250116T110650Z_20250116T110750Z
2026-03-28 18:36:13,940 - INFO - Using 1 selected station(s): ['HEL5'].
2026-03-28 18:36:13,943 - INFO - Creating model actor(s)...
2026-03-28 18:36:13,946 - INFO - System RAM: Total=7870 MB, Available=4149 MB
2026-03-28 18:36:13,948 - INFO - Usable RAM budget: 7083 MB (90% of total)
2026-03-28 18:36:13,951 - INFO - ===== MEMORY-AWARE CPU ACTOR POOL =====
2026-03-28 18:36:13,953 - INFO - Requested concurrent tasks: 1
2026-03-28 18:36:13,956 - INFO - Available CPUs: 4
2026-03-28 18:36:13,959 - INFO - Available RAM: 7083 MB
2026-03-28 18:36:13,961 - INFO - RAM per model: 2060 MB
2026-03-28 18:36:13,964 - INFO - Max actors by RAM: 3
2026-03-28 18:36:13,967 - INFO - Creating 1 SeisBenchModelActor(s)
2026-03-28 18:36:13,970 - INFO - Let Ray handle scheduling (taskset already restricts CPU visibility)
2026-03-28 18:36:13,973 - INFO - Creating SeisBenchModelActor 1/1 (2.01GB RAM each)...
2026-03-28 18:36:17,549 - INFO - SeisBenchModelActor 1 created successfully.
2026-03-28 18:36:17,552 - INFO - Created 1 CPU actor(s). Task queue will handle concurrency.
2026-03-28 18:36:17,555 - INFO - Starting EQCCTPro parallelized waveform processing...
2026-03-28 18:36:17,557 - INFO - 
2026-03-28 18:36:17,559 - INFO - ------- Analyzing Seismic Waveforms for P and S Picks via SeisBench (EQTransformer - original_nonconservative) -------
2026-03-28 18:36:17,563 - INFO - Analyzing 0:01:00 minute timechunk from 2025-01-16 11:06:50 to 2025-01-16 11:07:50 (0 min overlap)
2026-03-28 18:36:17,565 - INFO - Processing a total of 1 stations, 1 at a time.
2026-03-28 18:36:20,041 - INFO - (1/1) HEL5: Finished the prediction in 0.15s. (HP=1.0, LP=45.0, picks=0)
2026-03-28 18:36:20,043 - INFO - 
2026-03-28 18:36:20,047 - INFO - ------- Parallel Station Waveform Processing Complete For 2025-01-16 11:06:50 to 2025-01-16 11:07:50 Timechunk-------
2026-03-28 18:36:20,049 - INFO - Picks saved at /home/blackwinter/projects/eqcct/eqcctpro/results/csv/eqt_explosions_th0_1/20250116T110650Z_20250116T110750ZProcess Runtime: 2.49 s
2026-03-28 18:36:20,056 - INFO - Successfully ran EQCCTPro, exiting...
2026-03-28 18:36:21,590 - INFO - Ray Successfully Shutdown.
2026-03-28 18:36:21,590 - INFO - ------- Successfully Picked All Waveform(s) from all Timechunk(s) -------
