2026-03-27 17:35:01,007 - INFO - 
2026-03-27 17:35:01,007 - INFO - ------- Welcome to EQCCTPro -------
2026-03-27 17:35:01,007 - INFO - 
2026-03-27 17:35:01,007 - INFO - Running EQCCT over Requested MSeed Files using CPU(s)...
2026-03-27 17:35:01,007 - INFO - GPU disabled (CPU-only).
2026-03-27 17:35:01,008 - INFO - Skipping framework-specific initialization in the driver process.
2026-03-27 17:35:03,561 - INFO - Ray Successfully Initialized with 4 CPU(s) ([0, 1, 2, 3] CPU Affinity Binding).
2026-03-27 17:35:03,561 - INFO - Analyzing 1 time chunk(s) from 2025-02-01 19:36:52 to 2025-02-01 19:37:52 (dt=1min, overlap=0min).
2026-03-27 17:35:03,561 - INFO - Using 1 selected station(s).
2026-03-27 17:35:03,561 - INFO - 
2026-03-27 17:35:03,562 - INFO - ------- Starting EQCCTPro... -------
2026-03-27 17:35:03,563 - INFO - Detailed subprocess information can be found in the log file.
2026-03-27 17:35:03,563 - INFO - 
2026-03-27 17:35:03,861 - INFO - GPU disabled (CPU-only).
2026-03-27 17:35:03,865 - INFO - Skipping framework-specific initialization in the driver process.
2026-03-27 17:35:03,868 - INFO - ------- Hardware Configuration -------
2026-03-27 17:35:03,871 - INFO - CPU affinity set to cores: [0, 1, 2, 3]
2026-03-27 17:35:03,873 - INFO - 
2026-03-27 17:35:03,875 - INFO - ------- Data Preprocessing for EQCCTPro -------
2026-03-27 17:35:03,877 - INFO - 1 station(s) in /home/blackwinter/projects/eqcct/eqcctpro/data/waveforms_earthquakes_nonoise/20250201T193652Z_20250201T193752Z
2026-03-27 17:35:03,879 - INFO - Using 1 selected station(s): ['RMF'].
2026-03-27 17:35:03,881 - INFO - Creating model actor(s)...
2026-03-27 17:35:03,883 - INFO - System RAM: Total=7870 MB, Available=6162 MB
2026-03-27 17:35:03,885 - INFO - Usable RAM budget: 7083 MB (90% of total)
2026-03-27 17:35:03,887 - INFO - ===== MEMORY-AWARE CPU ACTOR POOL =====
2026-03-27 17:35:03,889 - INFO - Requested concurrent tasks: 1
2026-03-27 17:35:03,891 - INFO - Available CPUs: 4
2026-03-27 17:35:03,894 - INFO - Available RAM: 7083 MB
2026-03-27 17:35:03,896 - INFO - RAM per model: 2060 MB
2026-03-27 17:35:03,898 - INFO - Max actors by RAM: 3
2026-03-27 17:35:03,901 - INFO - Creating 1 SeisBenchModelActor(s)
2026-03-27 17:35:03,903 - INFO - Let Ray handle scheduling (taskset already restricts CPU visibility)
2026-03-27 17:35:03,906 - INFO - Creating SeisBenchModelActor 1/1 (2.01GB RAM each)...
2026-03-27 17:35:06,945 - INFO - SeisBenchModelActor 1 created successfully.
2026-03-27 17:35:06,948 - INFO - Created 1 CPU actor(s). Task queue will handle concurrency.
2026-03-27 17:35:06,950 - INFO - Starting EQCCTPro parallelized waveform processing...
2026-03-27 17:35:06,953 - INFO - 
2026-03-27 17:35:06,956 - INFO - ------- Analyzing Seismic Waveforms for P and S Picks via SeisBench (EQTransformer - original_nonconservative) -------
2026-03-27 17:35:06,958 - INFO - Analyzing 0:01:00 minute timechunk from 2025-02-01 19:36:52 to 2025-02-01 19:37:52 (0 min overlap)
2026-03-27 17:35:06,961 - INFO - Processing a total of 1 stations, 1 at a time.
2026-03-27 17:35:09,229 - INFO - (1/1) RMF: Finished the prediction in 0.14s. (HP=1.0, LP=45.0, picks=0)
2026-03-27 17:35:09,231 - INFO - 
2026-03-27 17:35:09,235 - INFO - ------- Parallel Station Waveform Processing Complete For 2025-02-01 19:36:52 to 2025-02-01 19:37:52 Timechunk-------
2026-03-27 17:35:09,238 - INFO - Picks saved at /home/blackwinter/projects/eqcct/eqcctpro/results/csv/eqt_earthquakes_th0_1/20250201T193652Z_20250201T193752ZProcess Runtime: 2.28 s
2026-03-27 17:35:09,244 - INFO - Successfully ran EQCCTPro, exiting...
2026-03-27 17:35:10,795 - INFO - Ray Successfully Shutdown.
2026-03-27 17:35:10,795 - INFO - ------- Successfully Picked All Waveform(s) from all Timechunk(s) -------
2026-03-28 00:04:15,673 - INFO - 
2026-03-28 00:04:15,673 - INFO - ------- Welcome to EQCCTPro -------
2026-03-28 00:04:15,673 - INFO - 
2026-03-28 00:04:15,674 - INFO - Running EQCCT over Requested MSeed Files using CPU(s)...
2026-03-28 00:04:15,674 - INFO - GPU disabled (CPU-only).
2026-03-28 00:04:15,674 - INFO - Skipping framework-specific initialization in the driver process.
2026-03-28 00:04:17,962 - INFO - Ray Successfully Initialized with 4 CPU(s) ([0, 1, 2, 3] CPU Affinity Binding).
2026-03-28 00:04:17,963 - INFO - Analyzing 1 time chunk(s) from 2025-02-01 19:36:52 to 2025-02-01 19:37:52 (dt=1min, overlap=0min).
2026-03-28 00:04:17,963 - INFO - Using 1 selected station(s).
2026-03-28 00:04:17,963 - INFO - 
2026-03-28 00:04:17,963 - INFO - ------- Starting EQCCTPro... -------
2026-03-28 00:04:17,963 - INFO - Detailed subprocess information can be found in the log file.
2026-03-28 00:04:17,963 - INFO - 
2026-03-28 00:04:18,213 - INFO - GPU disabled (CPU-only).
2026-03-28 00:04:18,217 - INFO - Skipping framework-specific initialization in the driver process.
2026-03-28 00:04:18,220 - INFO - ------- Hardware Configuration -------
2026-03-28 00:04:18,222 - INFO - CPU affinity set to cores: [0, 1, 2, 3]
2026-03-28 00:04:18,224 - INFO - 
2026-03-28 00:04:18,227 - INFO - ------- Data Preprocessing for EQCCTPro -------
2026-03-28 00:04:18,229 - INFO - 1 station(s) in /home/blackwinter/projects/eqcct/eqcctpro/data/waveforms_earthquakes_nonoise/20250201T193652Z_20250201T193752Z
2026-03-28 00:04:18,231 - INFO - Using 1 selected station(s): ['RMF'].
2026-03-28 00:04:18,233 - INFO - Creating model actor(s)...
2026-03-28 00:04:18,235 - INFO - System RAM: Total=7870 MB, Available=5967 MB
2026-03-28 00:04:18,237 - INFO - Usable RAM budget: 7083 MB (90% of total)
2026-03-28 00:04:18,239 - INFO - ===== MEMORY-AWARE CPU ACTOR POOL =====
2026-03-28 00:04:18,241 - INFO - Requested concurrent tasks: 1
2026-03-28 00:04:18,243 - INFO - Available CPUs: 4
2026-03-28 00:04:18,245 - INFO - Available RAM: 7083 MB
2026-03-28 00:04:18,247 - INFO - RAM per model: 2060 MB
2026-03-28 00:04:18,249 - INFO - Max actors by RAM: 3
2026-03-28 00:04:18,251 - INFO - Creating 1 SeisBenchModelActor(s)
2026-03-28 00:04:18,260 - INFO - Let Ray handle scheduling (taskset already restricts CPU visibility)
2026-03-28 00:04:18,262 - INFO - Creating SeisBenchModelActor 1/1 (2.01GB RAM each)...
2026-03-28 00:04:21,151 - INFO - SeisBenchModelActor 1 created successfully.
2026-03-28 00:04:21,153 - INFO - Created 1 CPU actor(s). Task queue will handle concurrency.
2026-03-28 00:04:21,155 - INFO - Starting EQCCTPro parallelized waveform processing...
2026-03-28 00:04:21,158 - INFO - 
2026-03-28 00:04:21,160 - INFO - ------- Analyzing Seismic Waveforms for P and S Picks via SeisBench (EQTransformer - original_nonconservative) -------
2026-03-28 00:04:21,162 - INFO - Analyzing 0:01:00 minute timechunk from 2025-02-01 19:36:52 to 2025-02-01 19:37:52 (0 min overlap)
2026-03-28 00:04:21,164 - INFO - Processing a total of 1 stations, 1 at a time.
2026-03-28 00:04:23,020 - INFO - (1/1) RMF: Skipped (already exists - overwrite=False).
2026-03-28 00:04:23,022 - INFO - 
2026-03-28 00:04:23,024 - INFO - ------- Parallel Station Waveform Processing Complete For 2025-02-01 19:36:52 to 2025-02-01 19:37:52 Timechunk-------
2026-03-28 00:04:23,029 - INFO - Successfully ran EQCCTPro, exiting...
2026-03-28 00:04:23,026 - INFO - Picks saved at /home/blackwinter/projects/eqcct/eqcctpro/results/csv/eqt_earthquakes_th0_1/20250201T193652Z_20250201T193752ZProcess Runtime: 1.87 s
2026-03-28 00:04:24,582 - INFO - Ray Successfully Shutdown.
2026-03-28 00:04:24,582 - INFO - ------- Successfully Picked All Waveform(s) from all Timechunk(s) -------
