2026-03-27 22:17:19,602 - INFO - 
2026-03-27 22:17:19,602 - INFO - ------- Welcome to EQCCTPro -------
2026-03-27 22:17:19,602 - INFO - 
2026-03-27 22:17:19,603 - INFO - Running EQCCT over Requested MSeed Files using CPU(s)...
2026-03-27 22:17:19,603 - INFO - GPU disabled (CPU-only).
2026-03-27 22:17:19,603 - INFO - Skipping framework-specific initialization in the driver process.
2026-03-27 22:17:21,980 - INFO - Ray Successfully Initialized with 4 CPU(s) ([0, 1, 2, 3] CPU Affinity Binding).
2026-03-27 22:17:21,981 - INFO - Analyzing 1 time chunk(s) from 2025-12-07 12:03:22 to 2025-12-07 12:04:22 (dt=1min, overlap=0min).
2026-03-27 22:17:21,981 - INFO - Using 1 selected station(s).
2026-03-27 22:17:21,981 - INFO - 
2026-03-27 22:17:21,981 - INFO - ------- Starting EQCCTPro... -------
2026-03-27 22:17:21,982 - INFO - Detailed subprocess information can be found in the log file.
2026-03-27 22:17:21,982 - INFO - 
2026-03-27 22:17:22,276 - INFO - GPU disabled (CPU-only).
2026-03-27 22:17:22,282 - INFO - Skipping framework-specific initialization in the driver process.
2026-03-27 22:17:22,284 - INFO - ------- Hardware Configuration -------
2026-03-27 22:17:22,287 - INFO - CPU affinity set to cores: [0, 1, 2, 3]
2026-03-27 22:17:22,289 - INFO - 
2026-03-27 22:17:22,291 - INFO - ------- Data Preprocessing for EQCCTPro -------
2026-03-27 22:17:22,294 - INFO - 1 station(s) in /home/blackwinter/projects/eqcct/eqcctpro/data/waveforms_earthquakes_nonoise/20251207T120322Z_20251207T120422Z
2026-03-27 22:17:22,296 - INFO - Using 1 selected station(s): ['VJF'].
2026-03-27 22:17:22,298 - INFO - Creating model actor(s)...
2026-03-27 22:17:22,301 - INFO - System RAM: Total=7870 MB, Available=5078 MB
2026-03-27 22:17:22,304 - INFO - Usable RAM budget: 7083 MB (90% of total)
2026-03-27 22:17:22,306 - INFO - ===== MEMORY-AWARE CPU ACTOR POOL =====
2026-03-27 22:17:22,308 - INFO - Requested concurrent tasks: 1
2026-03-27 22:17:22,310 - INFO - Available CPUs: 4
2026-03-27 22:17:22,312 - INFO - Available RAM: 7083 MB
2026-03-27 22:17:22,314 - INFO - RAM per model: 2060 MB
2026-03-27 22:17:22,316 - INFO - Max actors by RAM: 3
2026-03-27 22:17:22,319 - INFO - Creating 1 SeisBenchModelActor(s)
2026-03-27 22:17:22,321 - INFO - Let Ray handle scheduling (taskset already restricts CPU visibility)
2026-03-27 22:17:22,323 - INFO - Creating SeisBenchModelActor 1/1 (2.01GB RAM each)...
2026-03-27 22:17:25,474 - INFO - SeisBenchModelActor 1 created successfully.
2026-03-27 22:17:25,477 - INFO - Created 1 CPU actor(s). Task queue will handle concurrency.
2026-03-27 22:17:25,479 - INFO - Starting EQCCTPro parallelized waveform processing...
2026-03-27 22:17:25,481 - INFO - 
2026-03-27 22:17:25,483 - INFO - ------- Analyzing Seismic Waveforms for P and S Picks via SeisBench (EQTransformer - original_nonconservative) -------
2026-03-27 22:17:25,485 - INFO - Analyzing 0:01:00 minute timechunk from 2025-12-07 12:03:22 to 2025-12-07 12:04:22 (0 min overlap)
2026-03-27 22:17:25,487 - INFO - Processing a total of 1 stations, 1 at a time.
2026-03-27 22:17:27,626 - INFO - (1/1) VJF: Finished the prediction in 0.14s. (HP=1.0, LP=45.0, picks=0)
2026-03-27 22:17:27,628 - INFO - 
2026-03-27 22:17:27,631 - INFO - ------- Parallel Station Waveform Processing Complete For 2025-12-07 12:03:22 to 2025-12-07 12:04:22 Timechunk-------
2026-03-27 22:17:27,634 - INFO - Picks saved at /home/blackwinter/projects/eqcct/eqcctpro/results/csv/eqt_earthquakes_th0_1/20251207T120322Z_20251207T120422ZProcess Runtime: 2.15 s
2026-03-27 22:17:27,639 - INFO - Successfully ran EQCCTPro, exiting...
2026-03-27 22:17:29,399 - INFO - Ray Successfully Shutdown.
2026-03-27 22:17:29,399 - INFO - ------- Successfully Picked All Waveform(s) from all Timechunk(s) -------
2026-03-28 04:31:47,634 - INFO - 
2026-03-28 04:31:47,634 - INFO - ------- Welcome to EQCCTPro -------
2026-03-28 04:31:47,634 - INFO - 
2026-03-28 04:31:47,635 - INFO - Running EQCCT over Requested MSeed Files using CPU(s)...
2026-03-28 04:31:47,635 - INFO - GPU disabled (CPU-only).
2026-03-28 04:31:47,635 - INFO - Skipping framework-specific initialization in the driver process.
2026-03-28 04:31:50,077 - INFO - Ray Successfully Initialized with 4 CPU(s) ([0, 1, 2, 3] CPU Affinity Binding).
2026-03-28 04:31:50,078 - INFO - Analyzing 1 time chunk(s) from 2025-12-07 12:03:22 to 2025-12-07 12:04:22 (dt=1min, overlap=0min).
2026-03-28 04:31:50,078 - INFO - Using 1 selected station(s).
2026-03-28 04:31:50,078 - INFO - 
2026-03-28 04:31:50,078 - INFO - ------- Starting EQCCTPro... -------
2026-03-28 04:31:50,078 - INFO - Detailed subprocess information can be found in the log file.
2026-03-28 04:31:50,078 - INFO - 
2026-03-28 04:31:50,369 - INFO - GPU disabled (CPU-only).
2026-03-28 04:31:50,373 - INFO - Skipping framework-specific initialization in the driver process.
2026-03-28 04:31:50,376 - INFO - ------- Hardware Configuration -------
2026-03-28 04:31:50,379 - INFO - CPU affinity set to cores: [0, 1, 2, 3]
2026-03-28 04:31:50,382 - INFO - 
2026-03-28 04:31:50,385 - INFO - ------- Data Preprocessing for EQCCTPro -------
2026-03-28 04:31:50,387 - INFO - 1 station(s) in /home/blackwinter/projects/eqcct/eqcctpro/data/waveforms_earthquakes_nonoise/20251207T120322Z_20251207T120422Z
2026-03-28 04:31:50,390 - INFO - Using 1 selected station(s): ['VJF'].
2026-03-28 04:31:50,392 - INFO - Creating model actor(s)...
2026-03-28 04:31:50,395 - INFO - System RAM: Total=7870 MB, Available=5215 MB
2026-03-28 04:31:50,398 - INFO - Usable RAM budget: 7083 MB (90% of total)
2026-03-28 04:31:50,400 - INFO - ===== MEMORY-AWARE CPU ACTOR POOL =====
2026-03-28 04:31:50,403 - INFO - Requested concurrent tasks: 1
2026-03-28 04:31:50,405 - INFO - Available CPUs: 4
2026-03-28 04:31:50,408 - INFO - Available RAM: 7083 MB
2026-03-28 04:31:50,410 - INFO - RAM per model: 2060 MB
2026-03-28 04:31:50,413 - INFO - Max actors by RAM: 3
2026-03-28 04:31:50,416 - INFO - Creating 1 SeisBenchModelActor(s)
2026-03-28 04:31:50,419 - INFO - Let Ray handle scheduling (taskset already restricts CPU visibility)
2026-03-28 04:31:50,421 - INFO - Creating SeisBenchModelActor 1/1 (2.01GB RAM each)...
2026-03-28 04:31:57,728 - INFO - SeisBenchModelActor 1 created successfully.
2026-03-28 04:31:57,730 - INFO - Created 1 CPU actor(s). Task queue will handle concurrency.
2026-03-28 04:31:57,733 - INFO - Starting EQCCTPro parallelized waveform processing...
2026-03-28 04:31:57,736 - INFO - 
2026-03-28 04:31:57,738 - INFO - ------- Analyzing Seismic Waveforms for P and S Picks via SeisBench (EQTransformer - original_nonconservative) -------
2026-03-28 04:31:57,741 - INFO - Analyzing 0:01:00 minute timechunk from 2025-12-07 12:03:22 to 2025-12-07 12:04:22 (0 min overlap)
2026-03-28 04:31:57,744 - INFO - Processing a total of 1 stations, 1 at a time.
2026-03-28 04:31:59,735 - INFO - (1/1) VJF: Skipped (already exists - overwrite=False).
2026-03-28 04:31:59,737 - INFO - 
2026-03-28 04:31:59,740 - INFO - ------- Parallel Station Waveform Processing Complete For 2025-12-07 12:03:22 to 2025-12-07 12:04:22 Timechunk-------
2026-03-28 04:31:59,744 - INFO - Picks saved at /home/blackwinter/projects/eqcct/eqcctpro/results/csv/eqt_earthquakes_th0_1/20251207T120322Z_20251207T120422ZProcess Runtime: 2.01 s
2026-03-28 04:31:59,754 - INFO - Successfully ran EQCCTPro, exiting...
2026-03-28 04:32:01,549 - INFO - Ray Successfully Shutdown.
2026-03-28 04:32:01,550 - INFO - ------- Successfully Picked All Waveform(s) from all Timechunk(s) -------
