2026-02-26 23:06:29,954 - INFO - 
2026-02-26 23:06:29,954 - INFO - ------- Welcome to EQCCTPro -------
2026-02-26 23:06:29,954 - INFO - 
2026-02-26 23:06:29,955 - INFO - Running EQCCT over Requested MSeed Files using CPU(s)...
2026-02-26 23:06:29,955 - INFO - GPU disabled (CPU-only).
2026-02-26 23:06:29,955 - INFO - Configured Intra-op threads = 1
2026-02-26 23:06:29,956 - INFO - Configured Inter-op threads = 1
2026-02-26 23:06:29,956 - INFO - TensorFlow: No GPUs visible; TF will proceed on CPU.
2026-02-26 23:06:29,956 - INFO - 
2026-02-26 23:06:35,454 - INFO - Ray Successfully Initialized with 4 CPU(s) ([0, 1, 2, 3] CPU Affinity Binding).
2026-02-26 23:06:35,454 - INFO - Analyzing 1 time chunk(s) from 2025-01-08 12:09:55 to 2025-01-08 12:10:55 (dt=1min, overlap=0min).
2026-02-26 23:06:35,455 - INFO - Using 2 selected station(s).
2026-02-26 23:06:35,455 - INFO - 
2026-02-26 23:06:35,455 - INFO - ------- Starting EQCCTPro... -------
2026-02-26 23:06:35,455 - INFO - Detailed subprocess information can be found in the log file.
2026-02-26 23:06:35,455 - INFO - 
2026-02-26 23:06:35,830 - INFO - GPU disabled (CPU-only).
2026-02-26 23:06:37,310 - INFO - Configured Intra-op threads = 1
2026-02-26 23:06:37,313 - INFO - Configured Inter-op threads = 1
2026-02-26 23:06:37,353 - INFO - TensorFlow: No GPUs visible; TF will proceed on CPU.
2026-02-26 23:06:37,355 - INFO - 
2026-02-26 23:06:37,358 - INFO - ------- Hardware Configuration -------
2026-02-26 23:06:37,361 - INFO - CPU affinity set to cores: [0, 1, 2, 3]
2026-02-26 23:06:37,363 - INFO - 
2026-02-26 23:06:37,366 - INFO - ------- Data Preprocessing for EQCCTPro -------
2026-02-26 23:06:37,368 - INFO - 2 station(s) in /home/blackwinter/projects/eqcct/eqcctpro/data/waveforms_explosions_nonoise/20250108T120955Z_20250108T121055Z
2026-02-26 23:06:37,370 - INFO - Using 2 selected station(s): ['KU1', 'KU2'].
2026-02-26 23:06:37,372 - INFO - Creating model actor(s)...
2026-02-26 23:06:37,374 - INFO - System RAM: Total=7870 MB, Available=3784 MB
2026-02-26 23:06:37,375 - INFO - Usable RAM budget: 7083 MB (90% of total)
2026-02-26 23:06:37,377 - INFO - ===== MEMORY-AWARE CPU ACTOR POOL (EQCCT) =====
2026-02-26 23:06:37,379 - INFO - Requested concurrent tasks: 1
2026-02-26 23:06:37,381 - INFO - Available CPUs: 4
2026-02-26 23:06:37,382 - INFO - Available RAM: 7083 MB
2026-02-26 23:06:37,385 - INFO - RAM per model: 2264 MB
2026-02-26 23:06:37,387 - INFO - Max actors by RAM: 3
2026-02-26 23:06:37,389 - INFO - Creating 1 ModelActor(s)
2026-02-26 23:06:37,392 - INFO - Let Ray handle scheduling (taskset already restricts CPU visibility)
2026-02-26 23:06:37,394 - INFO - Creating ModelActor 1/1 (2.21GB RAM each)...
2026-02-26 23:06:41,252 - INFO - ModelActor 1 created successfully.
2026-02-26 23:06:41,254 - INFO - Created 1 CPU actor(s). Task queue will handle concurrency.
2026-02-26 23:06:41,256 - INFO - Starting EQCCTPro parallelized waveform processing...
2026-02-26 23:06:41,258 - INFO - 
2026-02-26 23:06:41,261 - INFO - ------- Analyzing Seismic Waveforms for P and S Picks via EQCCT -------
2026-02-26 23:06:41,264 - INFO - Analyzing 0:01:00 minute timechunk from 2025-01-08 12:09:55 to 2025-01-08 12:10:55 (0 min overlap)
2026-02-26 23:06:41,265 - INFO - Processing a total of 2 stations, 1 at a time.
2026-02-26 23:06:45,450 - INFO - (1/2) KU1: Finished the prediction in 2.28s. (HP=1.0, LP=45.0)
2026-02-26 23:06:45,560 - INFO - (2/2) KU2: Finished the prediction in 0.1s. (HP=1.0, LP=45.0)
2026-02-26 23:06:45,563 - INFO - 
2026-02-26 23:06:45,565 - INFO - ------- Parallel Station Waveform Processing Complete For 2025-01-08 12:09:55 to 2025-01-08 12:10:55 Timechunk-------
2026-02-26 23:06:45,567 - INFO - Picks saved at /home/blackwinter/projects/eqcct/eqcctpro/results/csv/bm_explosions/20250108T120955Z_20250108T121055ZProcess Runtime: 4.31 s
2026-02-26 23:06:45,572 - INFO - Successfully ran EQCCTPro, exiting...
2026-02-26 23:06:46,877 - INFO - Ray Successfully Shutdown.
2026-02-26 23:06:46,877 - INFO - ------- Successfully Picked All Waveform(s) from all Timechunk(s) -------
2026-02-27 06:31:43,765 - INFO - 
2026-02-27 06:31:43,771 - INFO - ------- Welcome to EQCCTPro -------
2026-02-27 06:31:43,772 - INFO - 
2026-02-27 06:31:43,772 - INFO - Running EQCCT over Requested MSeed Files using CPU(s)...
2026-02-27 06:31:43,772 - INFO - GPU disabled (CPU-only).
2026-02-27 06:31:43,773 - INFO - Configured Intra-op threads = 1
2026-02-27 06:31:43,773 - INFO - Configured Inter-op threads = 1
2026-02-27 06:31:43,773 - INFO - TensorFlow: No GPUs visible; TF will proceed on CPU.
2026-02-27 06:31:43,773 - INFO - 
2026-02-27 06:31:49,268 - INFO - Ray Successfully Initialized with 4 CPU(s) ([0, 1, 2, 3] CPU Affinity Binding).
2026-02-27 06:31:49,268 - INFO - Analyzing 1 time chunk(s) from 2025-01-08 12:09:55 to 2025-01-08 12:10:55 (dt=1min, overlap=0min).
2026-02-27 06:31:49,268 - INFO - Using 2 selected station(s).
2026-02-27 06:31:49,268 - INFO - 
2026-02-27 06:31:49,269 - INFO - ------- Starting EQCCTPro... -------
2026-02-27 06:31:49,269 - INFO - Detailed subprocess information can be found in the log file.
2026-02-27 06:31:49,269 - INFO - 
2026-02-27 06:31:49,644 - INFO - GPU disabled (CPU-only).
2026-02-27 06:31:51,149 - INFO - Configured Intra-op threads = 1
2026-02-27 06:31:51,151 - INFO - Configured Inter-op threads = 1
2026-02-27 06:31:51,189 - INFO - TensorFlow: No GPUs visible; TF will proceed on CPU.
2026-02-27 06:31:51,192 - INFO - 
2026-02-27 06:31:51,194 - INFO - ------- Hardware Configuration -------
2026-02-27 06:31:51,196 - INFO - CPU affinity set to cores: [0, 1, 2, 3]
2026-02-27 06:31:51,198 - INFO - 
2026-02-27 06:31:51,200 - INFO - ------- Data Preprocessing for EQCCTPro -------
2026-02-27 06:31:51,203 - INFO - 2 station(s) in /home/blackwinter/projects/eqcct/eqcctpro/data/waveforms_explosions_nonoise/20250108T120955Z_20250108T121055Z
2026-02-27 06:31:51,205 - INFO - Using 2 selected station(s): ['KU1', 'KU2'].
2026-02-27 06:31:51,207 - INFO - Creating model actor(s)...
2026-02-27 06:31:51,210 - INFO - System RAM: Total=7870 MB, Available=3757 MB
2026-02-27 06:31:51,212 - INFO - Usable RAM budget: 7083 MB (90% of total)
2026-02-27 06:31:51,214 - INFO - ===== MEMORY-AWARE CPU ACTOR POOL (EQCCT) =====
2026-02-27 06:31:51,216 - INFO - Requested concurrent tasks: 1
2026-02-27 06:31:51,218 - INFO - Available CPUs: 4
2026-02-27 06:31:51,220 - INFO - Available RAM: 7083 MB
2026-02-27 06:31:51,223 - INFO - RAM per model: 2264 MB
2026-02-27 06:31:51,225 - INFO - Max actors by RAM: 3
2026-02-27 06:31:51,227 - INFO - Creating 1 ModelActor(s)
2026-02-27 06:31:51,229 - INFO - Let Ray handle scheduling (taskset already restricts CPU visibility)
2026-02-27 06:31:51,231 - INFO - Creating ModelActor 1/1 (2.21GB RAM each)...
2026-02-27 06:31:55,134 - INFO - ModelActor 1 created successfully.
2026-02-27 06:31:55,136 - INFO - Created 1 CPU actor(s). Task queue will handle concurrency.
2026-02-27 06:31:55,138 - INFO - Starting EQCCTPro parallelized waveform processing...
2026-02-27 06:31:55,139 - INFO - 
2026-02-27 06:31:55,142 - INFO - ------- Analyzing Seismic Waveforms for P and S Picks via EQCCT -------
2026-02-27 06:31:55,144 - INFO - Analyzing 0:01:00 minute timechunk from 2025-01-08 12:09:55 to 2025-01-08 12:10:55 (0 min overlap)
2026-02-27 06:31:55,146 - INFO - Processing a total of 2 stations, 1 at a time.
2026-02-27 06:31:57,023 - INFO - (1/2) KU1: Skipped (already exists - overwrite=False).
2026-02-27 06:31:57,028 - INFO - (2/2) KU2: Skipped (already exists - overwrite=False).
2026-02-27 06:31:57,030 - INFO - 
2026-02-27 06:31:57,033 - INFO - ------- Parallel Station Waveform Processing Complete For 2025-01-08 12:09:55 to 2025-01-08 12:10:55 Timechunk-------
2026-02-27 06:31:57,035 - INFO - Picks saved at /home/blackwinter/projects/eqcct/eqcctpro/results/csv/bm_explosions/20250108T120955Z_20250108T121055ZProcess Runtime: 1.89 s
2026-02-27 06:31:57,038 - INFO - Successfully ran EQCCTPro, exiting...
2026-02-27 06:31:58,576 - INFO - Ray Successfully Shutdown.
2026-02-27 06:31:58,576 - INFO - ------- Successfully Picked All Waveform(s) from all Timechunk(s) -------
