2026-03-28 21:37:58,583 - INFO - 
2026-03-28 21:37:58,583 - INFO - ------- Welcome to EQCCTPro -------
2026-03-28 21:37:58,584 - INFO - 
2026-03-28 21:37:58,584 - INFO - Running EQCCT over Requested MSeed Files using CPU(s)...
2026-03-28 21:37:58,584 - INFO - GPU disabled (CPU-only).
2026-03-29 01:22:07,051 - INFO - 
2026-03-29 01:22:07,051 - INFO - ------- Welcome to EQCCTPro -------
2026-03-29 01:22:07,051 - INFO - 
2026-03-29 01:22:07,052 - INFO - Running EQCCT over Requested MSeed Files using CPU(s)...
2026-03-29 01:22:07,052 - INFO - GPU disabled (CPU-only).
2026-03-29 01:22:07,053 - INFO - Configured Intra-op threads = 1
2026-03-29 01:22:07,053 - INFO - Configured Inter-op threads = 1
2026-03-29 01:22:07,053 - INFO - TensorFlow: No GPUs visible; TF will proceed on CPU.
2026-03-29 01:22:07,053 - INFO - 
2026-03-29 01:22:11,978 - INFO - Ray Successfully Initialized with 4 CPU(s) ([0, 1, 2, 3] CPU Affinity Binding).
2026-03-29 01:22:11,978 - INFO - Analyzing 1 time chunk(s) from 2025-01-13 12:58:58 to 2025-01-13 12:59:58 (dt=1min, overlap=0min).
2026-03-29 01:22:11,978 - INFO - Using 1 selected station(s).
2026-03-29 01:22:11,978 - INFO - 
2026-03-29 01:22:11,978 - INFO - ------- Starting EQCCTPro... -------
2026-03-29 01:22:11,978 - INFO - Detailed subprocess information can be found in the log file.
2026-03-29 01:22:11,978 - INFO - 
2026-03-29 01:22:12,443 - INFO - GPU disabled (CPU-only).
2026-03-29 01:22:14,120 - INFO - Configured Intra-op threads = 1
2026-03-29 01:22:14,122 - INFO - Configured Inter-op threads = 1
2026-03-29 01:22:14,166 - INFO - TensorFlow: No GPUs visible; TF will proceed on CPU.
2026-03-29 01:22:14,169 - INFO - 
2026-03-29 01:22:14,171 - INFO - ------- Hardware Configuration -------
2026-03-29 01:22:14,174 - INFO - CPU affinity set to cores: [0, 1, 2, 3]
2026-03-29 01:22:14,177 - INFO - 
2026-03-29 01:22:14,180 - INFO - ------- Data Preprocessing for EQCCTPro -------
2026-03-29 01:22:14,182 - INFO - 1 station(s) in /home/blackwinter/projects/eqcct/eqcctpro/data/waveforms_explosions_nonoise/20250113T125858Z_20250113T125958Z
2026-03-29 01:22:14,185 - INFO - Using 1 selected station(s): ['FIA0'].
2026-03-29 01:22:14,187 - INFO - Creating model actor(s)...
2026-03-29 01:22:14,190 - INFO - System RAM: Total=7870 MB, Available=3402 MB
2026-03-29 01:22:14,192 - INFO - Usable RAM budget: 7083 MB (90% of total)
2026-03-29 01:22:14,195 - INFO - ===== MEMORY-AWARE CPU ACTOR POOL (EQCCT) =====
2026-03-29 01:22:14,197 - INFO - Requested concurrent tasks: 1
2026-03-29 01:22:14,199 - INFO - Available CPUs: 4
2026-03-29 01:22:14,200 - INFO - Available RAM: 7083 MB
2026-03-29 01:22:14,203 - INFO - RAM per model: 2264 MB
2026-03-29 01:22:14,205 - INFO - Max actors by RAM: 3
2026-03-29 01:22:14,207 - INFO - Creating 1 ModelActor(s)
2026-03-29 01:22:14,210 - INFO - Let Ray handle scheduling (taskset already restricts CPU visibility)
2026-03-29 01:22:14,213 - INFO - Creating ModelActor 1/1 (2.21GB RAM each)...
2026-03-29 01:22:18,579 - INFO - ModelActor 1 created successfully.
2026-03-29 01:22:18,581 - INFO - Created 1 CPU actor(s). Task queue will handle concurrency.
2026-03-29 01:22:18,583 - INFO - Starting EQCCTPro parallelized waveform processing...
2026-03-29 01:22:18,586 - INFO - 
2026-03-29 01:22:18,588 - INFO - ------- Analyzing Seismic Waveforms for P and S Picks via EQCCT -------
2026-03-29 01:22:18,591 - INFO - Analyzing 0:01:00 minute timechunk from 2025-01-13 12:58:58 to 2025-01-13 12:59:58 (0 min overlap)
2026-03-29 01:22:18,594 - INFO - Processing a total of 1 stations, 1 at a time.
2026-03-29 01:22:23,101 - INFO - (1/1) FIA0: Finished the prediction in 2.43s. (HP=1.0, LP=45.0)
2026-03-29 01:22:23,103 - INFO - 
2026-03-29 01:22:23,105 - INFO - ------- Parallel Station Waveform Processing Complete For 2025-01-13 12:58:58 to 2025-01-13 12:59:58 Timechunk-------
2026-03-29 01:22:23,108 - INFO - Picks saved at /home/blackwinter/projects/eqcct/eqcctpro/results/csv/eqcct_explosions_th0_1/20250113T125858Z_20250113T125958ZProcess Runtime: 4.52 s
2026-03-29 01:22:23,112 - INFO - Successfully ran EQCCTPro, exiting...
2026-03-29 01:22:24,648 - INFO - Ray Successfully Shutdown.
2026-03-29 01:22:24,649 - INFO - ------- Successfully Picked All Waveform(s) from all Timechunk(s) -------
