2026-02-22 19:31:59,802 - INFO - 
2026-02-22 19:31:59,802 - INFO - ------- Welcome to EQCCTPro -------
2026-02-22 19:31:59,802 - INFO - 
2026-02-22 19:31:59,803 - INFO - Running EQCCT over Requested MSeed Files using CPU(s)...
2026-02-22 19:31:59,803 - INFO - GPU disabled (CPU-only).
2026-02-22 19:31:59,803 - INFO - Configured Intra-op threads = 1
2026-02-22 19:31:59,803 - INFO - Configured Inter-op threads = 1
2026-02-22 19:31:59,804 - INFO - TensorFlow: No GPUs visible; TF will proceed on CPU.
2026-02-22 19:31:59,804 - INFO - 
2026-02-22 19:32:05,254 - INFO - Ray Successfully Initialized with 4 CPU(s) ([0, 1, 2, 3] CPU Affinity Binding).
2026-02-22 19:32:05,254 - INFO - Analyzing 1 time chunk(s) from 2025-09-03 17:13:20 to 2025-09-03 17:14:20 (dt=1min, overlap=0min).
2026-02-22 19:32:05,254 - INFO - Using 1 selected station(s).
2026-02-22 19:32:05,255 - INFO - 
2026-02-22 19:32:05,255 - INFO - ------- Starting EQCCTPro... -------
2026-02-22 19:32:05,255 - INFO - Detailed subprocess information can be found in the log file.
2026-02-22 19:32:05,256 - INFO - 
2026-02-22 19:32:05,646 - INFO - GPU disabled (CPU-only).
2026-02-22 19:32:07,091 - INFO - Configured Intra-op threads = 1
2026-02-22 19:32:07,094 - INFO - Configured Inter-op threads = 1
2026-02-22 19:32:07,132 - INFO - TensorFlow: No GPUs visible; TF will proceed on CPU.
2026-02-22 19:32:07,135 - INFO - 
2026-02-22 19:32:07,137 - INFO - ------- Hardware Configuration -------
2026-02-22 19:32:07,139 - INFO - CPU affinity set to cores: [0, 1, 2, 3]
2026-02-22 19:32:07,141 - INFO - 
2026-02-22 19:32:07,143 - INFO - ------- Data Preprocessing for EQCCTPro -------
2026-02-22 19:32:07,145 - INFO - 1 station(s) in /home/blackwinter/projects/eqcct/eqcctpro/data/waveforms_earthquakes_nonoise/20250903T171320Z_20250903T171420Z
2026-02-22 19:32:07,147 - INFO - Using 1 selected station(s): ['OLKF'].
2026-02-22 19:32:07,149 - INFO - Creating model actor(s)...
2026-02-22 19:32:07,151 - INFO - System RAM: Total=7870 MB, Available=1690 MB
2026-02-22 19:32:07,153 - INFO - Usable RAM budget: 7083 MB (90% of total)
2026-02-22 19:32:07,154 - INFO - ===== MEMORY-AWARE CPU ACTOR POOL (EQCCT) =====
2026-02-22 19:32:07,156 - INFO - Requested concurrent tasks: 1
2026-02-22 19:32:07,158 - INFO - Available CPUs: 4
2026-02-22 19:32:07,160 - INFO - Available RAM: 7083 MB
2026-02-22 19:32:07,161 - INFO - RAM per model: 2264 MB
2026-02-22 19:32:07,163 - INFO - Max actors by RAM: 3
2026-02-22 19:32:07,165 - INFO - Creating 1 ModelActor(s)
2026-02-22 19:32:07,167 - INFO - Let Ray handle scheduling (taskset already restricts CPU visibility)
2026-02-22 19:32:07,168 - INFO - Creating ModelActor 1/1 (2.21GB RAM each)...
2026-02-22 19:32:11,046 - INFO - ModelActor 1 created successfully.
2026-02-22 19:32:11,048 - INFO - Created 1 CPU actor(s). Task queue will handle concurrency.
2026-02-22 19:32:11,051 - INFO - Starting EQCCTPro parallelized waveform processing...
2026-02-22 19:32:11,053 - INFO - 
2026-02-22 19:32:11,055 - INFO - ------- Analyzing Seismic Waveforms for P and S Picks via EQCCT -------
2026-02-22 19:32:11,057 - INFO - Analyzing 0:01:00 minute timechunk from 2025-09-03 17:13:20 to 2025-09-03 17:14:20 (0 min overlap)
2026-02-22 19:32:11,059 - INFO - Processing a total of 1 stations, 1 at a time.
2026-02-22 19:32:15,224 - INFO - (1/1) OLKF: Finished the prediction in 2.2s. (HP=1.0, LP=45.0)
2026-02-22 19:32:15,227 - INFO - 
2026-02-22 19:32:15,229 - INFO - ------- Parallel Station Waveform Processing Complete For 2025-09-03 17:13:20 to 2025-09-03 17:14:20 Timechunk-------
2026-02-22 19:32:15,231 - INFO - Picks saved at /home/blackwinter/projects/eqcct/eqcctpro/results/csv/bm_eq_nonoise/20250903T171320Z_20250903T171420ZProcess Runtime: 4.18 s
2026-02-22 19:32:15,236 - INFO - Successfully ran EQCCTPro, exiting...
2026-02-22 19:32:16,840 - INFO - Ray Successfully Shutdown.
2026-02-22 19:32:16,841 - INFO - ------- Successfully Picked All Waveform(s) from all Timechunk(s) -------
