2026-03-28 20:02:19,218 - INFO - 
2026-03-28 20:02:19,218 - INFO - ------- Welcome to EQCCTPro -------
2026-03-28 20:02:19,218 - INFO - 
2026-03-28 20:02:19,219 - INFO - Running EQCCT over Requested MSeed Files using CPU(s)...
2026-03-28 20:02:19,219 - INFO - GPU disabled (CPU-only).
2026-03-28 20:02:19,219 - INFO - Skipping framework-specific initialization in the driver process.
2026-03-28 20:02:21,964 - INFO - Ray Successfully Initialized with 4 CPU(s) ([0, 1, 2, 3] CPU Affinity Binding).
2026-03-28 20:02:21,964 - INFO - Analyzing 1 time chunk(s) from 2025-01-22 11:11:57 to 2025-01-22 11:12:57 (dt=1min, overlap=0min).
2026-03-28 20:02:21,964 - INFO - Using 1 selected station(s).
2026-03-28 20:02:21,964 - INFO - 
2026-03-28 20:02:21,965 - INFO - ------- Starting EQCCTPro... -------
2026-03-28 20:02:21,965 - INFO - Detailed subprocess information can be found in the log file.
2026-03-28 20:02:21,965 - INFO - 
2026-03-28 20:02:22,371 - INFO - GPU disabled (CPU-only).
2026-03-28 20:02:22,378 - INFO - Skipping framework-specific initialization in the driver process.
2026-03-28 20:02:22,382 - INFO - ------- Hardware Configuration -------
2026-03-28 20:02:22,387 - INFO - CPU affinity set to cores: [0, 1, 2, 3]
2026-03-28 20:02:22,391 - INFO - 
2026-03-28 20:02:22,395 - INFO - ------- Data Preprocessing for EQCCTPro -------
2026-03-28 20:02:22,400 - INFO - 1 station(s) in /home/blackwinter/projects/eqcct/eqcctpro/data/waveforms_explosions_nonoise/20250122T111157Z_20250122T111257Z
2026-03-28 20:02:22,404 - INFO - Using 1 selected station(s): ['AAL'].
2026-03-28 20:02:22,406 - INFO - Creating model actor(s)...
2026-03-28 20:02:22,409 - INFO - System RAM: Total=7870 MB, Available=4050 MB
2026-03-28 20:02:22,412 - INFO - Usable RAM budget: 7083 MB (90% of total)
2026-03-28 20:02:22,415 - INFO - ===== MEMORY-AWARE CPU ACTOR POOL =====
2026-03-28 20:02:22,418 - INFO - Requested concurrent tasks: 1
2026-03-28 20:02:22,421 - INFO - Available CPUs: 4
2026-03-28 20:02:22,424 - INFO - Available RAM: 7083 MB
2026-03-28 20:02:22,427 - INFO - RAM per model: 2060 MB
2026-03-28 20:02:22,431 - INFO - Max actors by RAM: 3
2026-03-28 20:02:22,435 - INFO - Creating 1 SeisBenchModelActor(s)
2026-03-28 20:02:22,439 - INFO - Let Ray handle scheduling (taskset already restricts CPU visibility)
2026-03-28 20:02:22,443 - INFO - Creating SeisBenchModelActor 1/1 (2.01GB RAM each)...
2026-03-28 20:02:26,579 - INFO - SeisBenchModelActor 1 created successfully.
2026-03-28 20:02:26,584 - INFO - Created 1 CPU actor(s). Task queue will handle concurrency.
2026-03-28 20:02:26,588 - INFO - Starting EQCCTPro parallelized waveform processing...
2026-03-28 20:02:26,591 - INFO - 
2026-03-28 20:02:26,595 - INFO - ------- Analyzing Seismic Waveforms for P and S Picks via SeisBench (EQTransformer - original_nonconservative) -------
2026-03-28 20:02:26,601 - INFO - Analyzing 0:01:00 minute timechunk from 2025-01-22 11:11:57 to 2025-01-22 11:12:57 (0 min overlap)
2026-03-28 20:02:26,604 - INFO - Processing a total of 1 stations, 1 at a time.
2026-03-28 20:02:31,163 - INFO - (1/1) AAL: Finished the prediction in 0.14s. (HP=1.0, LP=45.0, picks=1)
2026-03-28 20:02:31,167 - INFO - 
2026-03-28 20:02:31,170 - INFO - ------- Parallel Station Waveform Processing Complete For 2025-01-22 11:11:57 to 2025-01-22 11:12:57 Timechunk-------
2026-03-28 20:02:31,173 - INFO - Picks saved at /home/blackwinter/projects/eqcct/eqcctpro/results/csv/eqt_explosions_th0_1/20250122T111157Z_20250122T111257ZProcess Runtime: 4.58 s
2026-03-28 20:02:31,180 - INFO - Successfully ran EQCCTPro, exiting...
2026-03-28 20:02:33,438 - INFO - Ray Successfully Shutdown.
2026-03-28 20:02:33,439 - INFO - ------- Successfully Picked All Waveform(s) from all Timechunk(s) -------
