2026-02-23 18:24:59,455 - INFO - 
2026-02-23 18:24:59,455 - INFO - ------- Welcome to EQCCTPro -------
2026-02-23 18:24:59,455 - INFO - 
2026-02-23 18:24:59,456 - INFO - Running EQCCT over Requested MSeed Files using CPU(s)...
2026-02-23 18:24:59,456 - INFO - GPU disabled (CPU-only).
2026-02-23 18:24:59,456 - INFO - Configured Intra-op threads = 1
2026-02-23 18:24:59,456 - INFO - Configured Inter-op threads = 1
2026-02-23 18:24:59,456 - INFO - TensorFlow: No GPUs visible; TF will proceed on CPU.
2026-02-23 18:24:59,457 - INFO - 
2026-02-23 18:25:05,216 - INFO - Ray Successfully Initialized with 4 CPU(s) ([0, 1, 2, 3] CPU Affinity Binding).
2026-02-23 18:25:05,217 - INFO - Analyzing 1 time chunk(s) from 2025-02-03 02:25:55 to 2025-02-03 02:26:55 (dt=1min, overlap=0min).
2026-02-23 18:25:05,217 - INFO - Using 1 selected station(s).
2026-02-23 18:25:05,217 - INFO - 
2026-02-23 18:25:05,217 - INFO - ------- Starting EQCCTPro... -------
2026-02-23 18:25:05,217 - INFO - Detailed subprocess information can be found in the log file.
2026-02-23 18:25:05,217 - INFO - 
2026-02-23 18:25:05,600 - INFO - GPU disabled (CPU-only).
2026-02-23 18:25:07,140 - INFO - Configured Intra-op threads = 1
2026-02-23 18:25:07,142 - INFO - Configured Inter-op threads = 1
2026-02-23 18:25:07,197 - INFO - TensorFlow: No GPUs visible; TF will proceed on CPU.
2026-02-23 18:25:07,200 - INFO - 
2026-02-23 18:25:07,201 - INFO - ------- Hardware Configuration -------
2026-02-23 18:25:07,203 - INFO - CPU affinity set to cores: [0, 1, 2, 3]
2026-02-23 18:25:07,205 - INFO - 
2026-02-23 18:25:07,207 - INFO - ------- Data Preprocessing for EQCCTPro -------
2026-02-23 18:25:07,209 - INFO - 1 station(s) in /home/blackwinter/projects/eqcct/eqcctpro/data/waveforms_earthquakes_noise_only/20250203T022555Z_20250203T022655Z
2026-02-23 18:25:07,210 - INFO - Using 1 selected station(s): ['FIC1'].
2026-02-23 18:25:07,212 - INFO - Creating model actor(s)...
2026-02-23 18:25:07,214 - INFO - System RAM: Total=7870 MB, Available=4003 MB
2026-02-23 18:25:07,216 - INFO - Usable RAM budget: 7083 MB (90% of total)
2026-02-23 18:25:07,218 - INFO - ===== MEMORY-AWARE CPU ACTOR POOL (EQCCT) =====
2026-02-23 18:25:07,220 - INFO - Requested concurrent tasks: 1
2026-02-23 18:25:07,222 - INFO - Available CPUs: 4
2026-02-23 18:25:07,225 - INFO - Available RAM: 7083 MB
2026-02-23 18:25:07,227 - INFO - RAM per model: 2264 MB
2026-02-23 18:25:07,230 - INFO - Max actors by RAM: 3
2026-02-23 18:25:07,232 - INFO - Creating 1 ModelActor(s)
2026-02-23 18:25:07,234 - INFO - Let Ray handle scheduling (taskset already restricts CPU visibility)
2026-02-23 18:25:07,236 - INFO - Creating ModelActor 1/1 (2.21GB RAM each)...
2026-02-23 18:25:11,238 - INFO - ModelActor 1 created successfully.
2026-02-23 18:25:11,240 - INFO - Created 1 CPU actor(s). Task queue will handle concurrency.
2026-02-23 18:25:11,242 - INFO - Starting EQCCTPro parallelized waveform processing...
2026-02-23 18:25:11,245 - INFO - 
2026-02-23 18:25:11,247 - INFO - ------- Analyzing Seismic Waveforms for P and S Picks via EQCCT -------
2026-02-23 18:25:11,249 - INFO - Analyzing 0:01:00 minute timechunk from 2025-02-03 02:25:55 to 2025-02-03 02:26:55 (0 min overlap)
2026-02-23 18:25:11,251 - INFO - Processing a total of 1 stations, 1 at a time.
2026-02-23 18:25:15,247 - INFO - (1/1) FIC1: Finished the prediction in 2.11s. (HP=1.0, LP=45.0)
2026-02-23 18:25:15,249 - INFO - 
2026-02-23 18:25:15,252 - INFO - ------- Parallel Station Waveform Processing Complete For 2025-02-03 02:25:55 to 2025-02-03 02:26:55 Timechunk-------
2026-02-23 18:25:15,255 - INFO - Picks saved at /home/blackwinter/projects/eqcct/eqcctpro/results/csv/bm_eq_noise_only/20250203T022555Z_20250203T022655ZProcess Runtime: 4.01 s
2026-02-23 18:25:15,258 - INFO - Successfully ran EQCCTPro, exiting...
2026-02-23 18:25:16,875 - INFO - Ray Successfully Shutdown.
2026-02-23 18:25:16,875 - INFO - ------- Successfully Picked All Waveform(s) from all Timechunk(s) -------
