2026-02-23 18:04:59,958 - INFO - 
2026-02-23 18:04:59,958 - INFO - ------- Welcome to EQCCTPro -------
2026-02-23 18:04:59,958 - INFO - 
2026-02-23 18:04:59,959 - INFO - Running EQCCT over Requested MSeed Files using CPU(s)...
2026-02-23 18:04:59,959 - INFO - GPU disabled (CPU-only).
2026-02-23 18:04:59,959 - INFO - Configured Intra-op threads = 1
2026-02-23 18:04:59,959 - INFO - Configured Inter-op threads = 1
2026-02-23 18:04:59,959 - INFO - TensorFlow: No GPUs visible; TF will proceed on CPU.
2026-02-23 18:04:59,959 - INFO - 
2026-02-23 18:05:05,640 - INFO - Ray Successfully Initialized with 4 CPU(s) ([0, 1, 2, 3] CPU Affinity Binding).
2026-02-23 18:05:05,640 - INFO - Analyzing 1 time chunk(s) from 2025-01-28 10:33:05 to 2025-01-28 10:34:05 (dt=1min, overlap=0min).
2026-02-23 18:05:05,640 - INFO - Using 1 selected station(s).
2026-02-23 18:05:05,640 - INFO - 
2026-02-23 18:05:05,641 - INFO - ------- Starting EQCCTPro... -------
2026-02-23 18:05:05,641 - INFO - Detailed subprocess information can be found in the log file.
2026-02-23 18:05:05,641 - INFO - 
2026-02-23 18:05:06,016 - INFO - GPU disabled (CPU-only).
2026-02-23 18:05:07,598 - INFO - Configured Intra-op threads = 1
2026-02-23 18:05:07,600 - INFO - Configured Inter-op threads = 1
2026-02-23 18:05:07,642 - INFO - TensorFlow: No GPUs visible; TF will proceed on CPU.
2026-02-23 18:05:07,644 - INFO - 
2026-02-23 18:05:07,646 - INFO - ------- Hardware Configuration -------
2026-02-23 18:05:07,648 - INFO - CPU affinity set to cores: [0, 1, 2, 3]
2026-02-23 18:05:07,649 - INFO - 
2026-02-23 18:05:07,651 - INFO - ------- Data Preprocessing for EQCCTPro -------
2026-02-23 18:05:07,653 - INFO - 1 station(s) in /home/blackwinter/projects/eqcct/eqcctpro/data/waveforms_earthquakes_noise_only/20250128T103305Z_20250128T103405Z
2026-02-23 18:05:07,655 - INFO - Using 1 selected station(s): ['OUF'].
2026-02-23 18:05:07,657 - INFO - Creating model actor(s)...
2026-02-23 18:05:07,659 - INFO - System RAM: Total=7870 MB, Available=4073 MB
2026-02-23 18:05:07,660 - INFO - Usable RAM budget: 7083 MB (90% of total)
2026-02-23 18:05:07,662 - INFO - ===== MEMORY-AWARE CPU ACTOR POOL (EQCCT) =====
2026-02-23 18:05:07,664 - INFO - Requested concurrent tasks: 1
2026-02-23 18:05:07,666 - INFO - Available CPUs: 4
2026-02-23 18:05:07,667 - INFO - Available RAM: 7083 MB
2026-02-23 18:05:07,669 - INFO - RAM per model: 2264 MB
2026-02-23 18:05:07,671 - INFO - Max actors by RAM: 3
2026-02-23 18:05:07,673 - INFO - Creating 1 ModelActor(s)
2026-02-23 18:05:07,674 - INFO - Let Ray handle scheduling (taskset already restricts CPU visibility)
2026-02-23 18:05:07,676 - INFO - Creating ModelActor 1/1 (2.21GB RAM each)...
2026-02-23 18:05:11,648 - INFO - ModelActor 1 created successfully.
2026-02-23 18:05:11,650 - INFO - Created 1 CPU actor(s). Task queue will handle concurrency.
2026-02-23 18:05:11,652 - INFO - Starting EQCCTPro parallelized waveform processing...
2026-02-23 18:05:11,654 - INFO - 
2026-02-23 18:05:11,656 - INFO - ------- Analyzing Seismic Waveforms for P and S Picks via EQCCT -------
2026-02-23 18:05:11,658 - INFO - Analyzing 0:01:00 minute timechunk from 2025-01-28 10:33:05 to 2025-01-28 10:34:05 (0 min overlap)
2026-02-23 18:05:11,661 - INFO - Processing a total of 1 stations, 1 at a time.
2026-02-23 18:05:15,713 - INFO - (1/1) OUF: Finished the prediction in 2.11s. (HP=1.0, LP=45.0)
2026-02-23 18:05:15,715 - INFO - 
2026-02-23 18:05:15,717 - INFO - ------- Parallel Station Waveform Processing Complete For 2025-01-28 10:33:05 to 2025-01-28 10:34:05 Timechunk-------
2026-02-23 18:05:15,719 - INFO - Picks saved at /home/blackwinter/projects/eqcct/eqcctpro/results/csv/bm_eq_noise_only/20250128T103305Z_20250128T103405ZProcess Runtime: 4.06 s
2026-02-23 18:05:15,723 - INFO - Successfully ran EQCCTPro, exiting...
2026-02-23 18:05:17,250 - INFO - Ray Successfully Shutdown.
2026-02-23 18:05:17,250 - INFO - ------- Successfully Picked All Waveform(s) from all Timechunk(s) -------
