2026-03-27 23:01:28,592 - INFO - 
2026-03-27 23:01:28,592 - INFO - ------- Welcome to EQCCTPro -------
2026-03-27 23:01:28,592 - INFO - 
2026-03-27 23:01:28,592 - INFO - Running EQCCT over Requested MSeed Files using CPU(s)...
2026-03-27 23:01:28,592 - INFO - GPU disabled (CPU-only).
2026-03-27 23:01:28,592 - INFO - Skipping framework-specific initialization in the driver process.
2026-03-27 23:01:28,605 - INFO - Ray Successfully Initialized with 4 CPU(s) ([0, 1, 2, 3] CPU Affinity Binding).
2026-03-27 23:01:28,605 - INFO - Analyzing 1 time chunk(s) from 2025-12-28 22:31:56 to 2025-12-28 22:32:56 (dt=1min, overlap=0min).
2026-03-27 23:01:28,605 - INFO - Using 1 selected station(s).
2026-03-27 23:01:28,605 - INFO - 
2026-03-27 23:01:28,605 - INFO - ------- Starting EQCCTPro... -------
2026-03-27 23:01:28,605 - INFO - Detailed subprocess information can be found in the log file.
2026-03-27 23:01:28,606 - INFO - 
2026-03-27 23:01:28,614 - INFO - GPU disabled (CPU-only).
2026-03-27 23:01:29,013 - INFO - Skipping framework-specific initialization in the driver process.
2026-03-27 23:01:29,016 - INFO - ------- Hardware Configuration -------
2026-03-27 23:01:29,019 - INFO - CPU affinity set to cores: [0, 1, 2, 3]
2026-03-27 23:01:29,021 - INFO - 
2026-03-27 23:01:29,025 - INFO - ------- Data Preprocessing for EQCCTPro -------
2026-03-27 23:01:29,028 - INFO - 1 station(s) in /home/blackwinter/projects/eqcct/eqcctpro/data/waveforms_earthquakes_nonoise/20251228T223156Z_20251228T223256Z
2026-03-27 23:01:29,030 - INFO - Using 1 selected station(s): ['RMF'].
2026-03-27 23:01:29,033 - INFO - Creating model actor(s)...
2026-03-27 23:01:29,035 - INFO - System RAM: Total=7870 MB, Available=2779 MB
2026-03-27 23:01:29,038 - INFO - Usable RAM budget: 7083 MB (90% of total)
2026-03-27 23:01:29,041 - INFO - ===== MEMORY-AWARE CPU ACTOR POOL =====
2026-03-27 23:01:29,044 - INFO - Requested concurrent tasks: 1
2026-03-27 23:01:29,046 - INFO - Available CPUs: 4
2026-03-27 23:01:29,050 - INFO - Available RAM: 7083 MB
2026-03-27 23:01:29,053 - INFO - RAM per model: 2060 MB
2026-03-27 23:01:29,055 - INFO - Max actors by RAM: 3
2026-03-27 23:01:29,058 - INFO - Creating 1 SeisBenchModelActor(s)
2026-03-27 23:01:29,061 - INFO - Let Ray handle scheduling (taskset already restricts CPU visibility)
2026-03-27 23:01:29,065 - INFO - Creating SeisBenchModelActor 1/1 (2.01GB RAM each)...
2026-03-27 23:01:51,801 - ERROR - Failed to create SeisBenchModelActor 1: The actor died because of an error raised in its creation task, [36mray::SeisBenchModelActor.__init__()[39m (pid=18851, ip=172.17.203.137, actor_id=191c422c6ba62d91f61ea6d001000000, repr=<eqcctpro.parallelization.SeisBenchModelActor object at 0x7f3e7716cc70>)
  File "/home/blackwinter/miniforge3/envs/eqcctpro-torch/lib/python3.10/site-packages/urllib3/util/connection.py", line 60, in create_connection
    for res in socket.getaddrinfo(host, port, family, socket.SOCK_STREAM):
  File "/home/blackwinter/miniforge3/envs/eqcctpro-torch/lib/python3.10/socket.py", line 967, in getaddrinfo
    for res in _socket.getaddrinfo(host, port, family, type, proto, flags):
socket.gaierror: [Errno -3] Temporary failure in name resolution

The above exception was the direct cause of the following exception:

[36mray::SeisBenchModelActor.__init__()[39m (pid=18851, ip=172.17.203.137, actor_id=191c422c6ba62d91f61ea6d001000000, repr=<eqcctpro.parallelization.SeisBenchModelActor object at 0x7f3e7716cc70>)
  File "/home/blackwinter/miniforge3/envs/eqcctpro-torch/lib/python3.10/site-packages/urllib3/connectionpool.py", line 787, in urlopen
    response = self._make_request(
  File "/home/blackwinter/miniforge3/envs/eqcctpro-torch/lib/python3.10/site-packages/urllib3/connectionpool.py", line 488, in _make_request
    raise new_e
  File "/home/blackwinter/miniforge3/envs/eqcctpro-torch/lib/python3.10/site-packages/urllib3/connectionpool.py", line 464, in _make_request
    self._validate_conn(conn)
  File "/home/blackwinter/miniforge3/envs/eqcctpro-torch/lib/python3.10/site-packages/urllib3/connectionpool.py", line 1093, in _validate_conn
    conn.connect()
  File "/home/blackwinter/miniforge3/envs/eqcctpro-torch/lib/python3.10/site-packages/urllib3/connection.py", line 759, in connect
    self.sock = sock = self._new_conn()
  File "/home/blackwinter/miniforge3/envs/eqcctpro-torch/lib/python3.10/site-packages/urllib3/connection.py", line 211, in _new_conn
    raise NameResolutionError(self.host, self, e) from e
urllib3.exceptions.NameResolutionError: HTTPSConnection(host='hifis-storage.desy.de', port=2880): Failed to resolve 'hifis-storage.desy.de' ([Errno -3] Temporary failure in name resolution)

The above exception was the direct cause of the following exception:

[36mray::SeisBenchModelActor.__init__()[39m (pid=18851, ip=172.17.203.137, actor_id=191c422c6ba62d91f61ea6d001000000, repr=<eqcctpro.parallelization.SeisBenchModelActor object at 0x7f3e7716cc70>)
  File "/home/blackwinter/miniforge3/envs/eqcctpro-torch/lib/python3.10/site-packages/requests/adapters.py", line 645, in send
    resp = conn.urlopen(
  File "/home/blackwinter/miniforge3/envs/eqcctpro-torch/lib/python3.10/site-packages/urllib3/connectionpool.py", line 841, in urlopen
    retries = retries.increment(
  File "/home/blackwinter/miniforge3/envs/eqcctpro-torch/lib/python3.10/site-packages/urllib3/util/retry.py", line 535, in increment
    raise MaxRetryError(_pool, url, reason) from reason  # type: ignore[arg-type]
urllib3.exceptions.MaxRetryError: HTTPSConnectionPool(host='hifis-storage.desy.de', port=2880): Max retries exceeded with url: /Helmholtz/HelmholtzAI/SeisBench/models/v3/eqtransformer (Caused by NameResolutionError("HTTPSConnection(host='hifis-storage.desy.de', port=2880): Failed to resolve 'hifis-storage.desy.de' ([Errno -3] Temporary failure in name resolution)"))

During handling of the above exception, another exception occurred:

[36mray::SeisBenchModelActor.__init__()[39m (pid=18851, ip=172.17.203.137, actor_id=191c422c6ba62d91f61ea6d001000000, repr=<eqcctpro.parallelization.SeisBenchModelActor object at 0x7f3e7716cc70>)
  File "/home/blackwinter/projects/eqcct/eqcctpro/eqcctpro/parallelization.py", line 1775, in __init__
    self.model_wrapper = SeisBenchModels(parent_model_name, child_model_name)
  File "/home/blackwinter/projects/eqcct/eqcctpro/eqcctpro/seisbench_models.py", line 22, in __init__
    available_models = model_class.list_pretrained()
  File "/home/blackwinter/miniforge3/envs/eqcctpro-torch/lib/python3.10/site-packages/seisbench/models/base.py", line 728, in list_pretrained
    remote_list = seisbench.util.ls_webdav(remote_path)
  File "/home/blackwinter/miniforge3/envs/eqcctpro-torch/lib/python3.10/site-packages/seisbench/util/file.py", line 170, in ls_webdav
    ret = sess.send(prep)
  File "/home/blackwinter/miniforge3/envs/eqcctpro-torch/lib/python3.10/site-packages/requests/sessions.py", line 706, in send
    r = adapter.send(request, **kwargs)
  File "/home/blackwinter/miniforge3/envs/eqcctpro-torch/lib/python3.10/site-packages/requests/adapters.py", line 678, in send
    raise ConnectionError(e, request=request)
requests.exceptions.ConnectionError: HTTPSConnectionPool(host='hifis-storage.desy.de', port=2880): Max retries exceeded with url: /Helmholtz/HelmholtzAI/SeisBench/models/v3/eqtransformer (Caused by NameResolutionError("HTTPSConnection(host='hifis-storage.desy.de', port=2880): Failed to resolve 'hifis-storage.desy.de' ([Errno -3] Temporary failure in name resolution)"))
2026-03-28 05:17:50,447 - INFO - 
2026-03-28 05:17:50,447 - INFO - ------- Welcome to EQCCTPro -------
2026-03-28 05:17:50,448 - INFO - 
2026-03-28 05:17:50,448 - INFO - Running EQCCT over Requested MSeed Files using CPU(s)...
2026-03-28 05:17:50,448 - INFO - GPU disabled (CPU-only).
2026-03-28 05:17:50,448 - INFO - Skipping framework-specific initialization in the driver process.
2026-03-28 05:17:52,902 - INFO - Ray Successfully Initialized with 4 CPU(s) ([0, 1, 2, 3] CPU Affinity Binding).
2026-03-28 05:17:52,902 - INFO - Analyzing 1 time chunk(s) from 2025-12-28 22:31:56 to 2025-12-28 22:32:56 (dt=1min, overlap=0min).
2026-03-28 05:17:52,902 - INFO - Using 1 selected station(s).
2026-03-28 05:17:52,902 - INFO - 
2026-03-28 05:17:52,902 - INFO - ------- Starting EQCCTPro... -------
2026-03-28 05:17:52,903 - INFO - Detailed subprocess information can be found in the log file.
2026-03-28 05:17:52,903 - INFO - 
2026-03-28 05:17:53,182 - INFO - GPU disabled (CPU-only).
2026-03-28 05:17:53,187 - INFO - Skipping framework-specific initialization in the driver process.
2026-03-28 05:17:53,190 - INFO - ------- Hardware Configuration -------
2026-03-28 05:17:53,193 - INFO - CPU affinity set to cores: [0, 1, 2, 3]
2026-03-28 05:17:53,196 - INFO - 
2026-03-28 05:17:53,198 - INFO - ------- Data Preprocessing for EQCCTPro -------
2026-03-28 05:17:53,201 - INFO - 1 station(s) in /home/blackwinter/projects/eqcct/eqcctpro/data/waveforms_earthquakes_nonoise/20251228T223156Z_20251228T223256Z
2026-03-28 05:17:53,203 - INFO - Using 1 selected station(s): ['RMF'].
2026-03-28 05:17:53,206 - INFO - Creating model actor(s)...
2026-03-28 05:17:53,208 - INFO - System RAM: Total=7870 MB, Available=4725 MB
2026-03-28 05:17:53,211 - INFO - Usable RAM budget: 7083 MB (90% of total)
2026-03-28 05:17:53,214 - INFO - ===== MEMORY-AWARE CPU ACTOR POOL =====
2026-03-28 05:17:53,217 - INFO - Requested concurrent tasks: 1
2026-03-28 05:17:53,219 - INFO - Available CPUs: 4
2026-03-28 05:17:53,222 - INFO - Available RAM: 7083 MB
2026-03-28 05:17:53,224 - INFO - RAM per model: 2060 MB
2026-03-28 05:17:53,227 - INFO - Max actors by RAM: 3
2026-03-28 05:17:53,230 - INFO - Creating 1 SeisBenchModelActor(s)
2026-03-28 05:17:53,233 - INFO - Let Ray handle scheduling (taskset already restricts CPU visibility)
2026-03-28 05:17:53,236 - INFO - Creating SeisBenchModelActor 1/1 (2.01GB RAM each)...
2026-03-28 05:18:01,147 - INFO - SeisBenchModelActor 1 created successfully.
2026-03-28 05:18:01,153 - INFO - Created 1 CPU actor(s). Task queue will handle concurrency.
2026-03-28 05:18:01,156 - INFO - Starting EQCCTPro parallelized waveform processing...
2026-03-28 05:18:01,159 - INFO - 
2026-03-28 05:18:01,161 - INFO - ------- Analyzing Seismic Waveforms for P and S Picks via SeisBench (EQTransformer - original_nonconservative) -------
2026-03-28 05:18:01,165 - INFO - Analyzing 0:01:00 minute timechunk from 2025-12-28 22:31:56 to 2025-12-28 22:32:56 (0 min overlap)
2026-03-28 05:18:01,167 - INFO - Processing a total of 1 stations, 1 at a time.
2026-03-28 05:18:03,389 - INFO - (1/1) RMF: Finished the prediction in 0.15s. (HP=1.0, LP=45.0, picks=2)
2026-03-28 05:18:03,391 - INFO - 
2026-03-28 05:18:03,394 - INFO - ------- Parallel Station Waveform Processing Complete For 2025-12-28 22:31:56 to 2025-12-28 22:32:56 Timechunk-------
2026-03-28 05:18:03,396 - INFO - Picks saved at /home/blackwinter/projects/eqcct/eqcctpro/results/csv/eqt_earthquakes_th0_1/20251228T223156Z_20251228T223256ZProcess Runtime: 2.23 s
2026-03-28 05:18:03,403 - INFO - Successfully ran EQCCTPro, exiting...
2026-03-28 05:18:05,161 - INFO - Ray Successfully Shutdown.
2026-03-28 05:18:05,162 - INFO - ------- Successfully Picked All Waveform(s) from all Timechunk(s) -------
