2026-03-11 01:01:34,694 - INFO - 
2026-03-11 01:01:34,694 - INFO - ------- Welcome to EQCCTPro -------
2026-03-11 01:01:34,695 - INFO - 
2026-03-11 01:01:34,695 - INFO - Running EQCCT over Requested MSeed Files using CPU(s)...
2026-03-11 01:01:34,695 - INFO - GPU disabled (CPU-only).
2026-03-11 01:01:34,696 - INFO - Configured Intra-op threads = 1
2026-03-11 01:01:34,696 - INFO - Configured Inter-op threads = 1
2026-03-11 01:01:34,696 - INFO - TensorFlow: No GPUs visible; TF will proceed on CPU.
2026-03-11 01:01:34,696 - INFO - 
2026-03-11 01:01:40,148 - INFO - Ray Successfully Initialized with 4 CPU(s) ([0, 1, 2, 3] CPU Affinity Binding).
2026-03-11 01:01:40,149 - INFO - Analyzing 1 time chunk(s) from 2025-01-11 02:37:36 to 2025-01-11 02:38:36 (dt=1min, overlap=0min).
2026-03-11 01:01:40,149 - INFO - Using 1 selected station(s).
2026-03-11 01:01:40,149 - INFO - 
2026-03-11 01:01:40,149 - INFO - ------- Starting EQCCTPro... -------
2026-03-11 01:01:40,149 - INFO - Detailed subprocess information can be found in the log file.
2026-03-11 01:01:40,149 - INFO - 
2026-03-11 01:01:40,535 - INFO - GPU disabled (CPU-only).
2026-03-11 01:01:42,013 - INFO - Configured Intra-op threads = 1
2026-03-11 01:01:42,015 - INFO - Configured Inter-op threads = 1
2026-03-11 01:01:42,056 - INFO - TensorFlow: No GPUs visible; TF will proceed on CPU.
2026-03-11 01:01:42,058 - INFO - 
2026-03-11 01:01:42,060 - INFO - ------- Hardware Configuration -------
2026-03-11 01:01:42,063 - INFO - CPU affinity set to cores: [0, 1, 2, 3]
2026-03-11 01:01:42,065 - INFO - 
2026-03-11 01:01:42,067 - INFO - ------- Data Preprocessing for EQCCTPro -------
2026-03-11 01:01:42,069 - INFO - 1 station(s) in /home/blackwinter/projects/eqcct/eqcctpro/data/waveforms_noise_only/20250111T023736Z_20250111T023836Z
2026-03-11 01:01:42,071 - INFO - Using 1 selected station(s): ['KEF'].
2026-03-11 01:01:42,073 - INFO - Creating model actor(s)...
2026-03-11 01:01:42,075 - INFO - System RAM: Total=7870 MB, Available=2388 MB
2026-03-11 01:01:42,077 - INFO - Usable RAM budget: 7083 MB (90% of total)
2026-03-11 01:01:42,078 - INFO - ===== MEMORY-AWARE CPU ACTOR POOL (EQCCT) =====
2026-03-11 01:01:42,080 - INFO - Requested concurrent tasks: 1
2026-03-11 01:01:42,082 - INFO - Available CPUs: 4
2026-03-11 01:01:42,083 - INFO - Available RAM: 7083 MB
2026-03-11 01:01:42,085 - INFO - RAM per model: 2264 MB
2026-03-11 01:01:42,088 - INFO - Max actors by RAM: 3
2026-03-11 01:01:42,089 - INFO - Creating 1 ModelActor(s)
2026-03-11 01:01:42,091 - INFO - Let Ray handle scheduling (taskset already restricts CPU visibility)
2026-03-11 01:01:42,093 - INFO - Creating ModelActor 1/1 (2.21GB RAM each)...
2026-03-11 01:01:46,070 - INFO - ModelActor 1 created successfully.
2026-03-11 01:01:46,072 - INFO - Created 1 CPU actor(s). Task queue will handle concurrency.
2026-03-11 01:01:46,074 - INFO - Starting EQCCTPro parallelized waveform processing...
2026-03-11 01:01:46,076 - INFO - 
2026-03-11 01:01:46,078 - INFO - ------- Analyzing Seismic Waveforms for P and S Picks via EQCCT -------
2026-03-11 01:01:46,080 - INFO - Analyzing 0:01:00 minute timechunk from 2025-01-11 02:37:36 to 2025-01-11 02:38:36 (0 min overlap)
2026-03-11 01:01:46,082 - INFO - Processing a total of 1 stations, 1 at a time.
2026-03-11 01:01:50,168 - INFO - (1/1) KEF: Finished the prediction in 2.14s. (HP=1.0, LP=45.0)
2026-03-11 01:01:50,170 - INFO - 
2026-03-11 01:01:50,172 - INFO - ------- Parallel Station Waveform Processing Complete For 2025-01-11 02:37:36 to 2025-01-11 02:38:36 Timechunk-------
2026-03-11 01:01:50,174 - INFO - Picks saved at /home/blackwinter/projects/eqcct/eqcctpro/results/csv/bm_noise_only/20250111T023736Z_20250111T023836ZProcess Runtime: 4.10 s
2026-03-11 01:01:50,178 - INFO - Successfully ran EQCCTPro, exiting...
2026-03-11 01:01:51,638 - INFO - Ray Successfully Shutdown.
2026-03-11 01:01:51,638 - INFO - ------- Successfully Picked All Waveform(s) from all Timechunk(s) -------
2026-03-11 15:31:52,114 - INFO - 
2026-03-11 15:31:52,115 - INFO - ------- Welcome to EQCCTPro -------
2026-03-11 15:31:52,115 - INFO - 
2026-03-11 15:31:52,116 - INFO - Running EQCCT over Requested MSeed Files using CPU(s)...
2026-03-11 15:31:52,116 - INFO - GPU disabled (CPU-only).
2026-03-11 15:31:52,116 - INFO - Configured Intra-op threads = 1
2026-03-11 15:31:52,117 - INFO - Configured Inter-op threads = 1
2026-03-11 15:31:52,117 - INFO - TensorFlow: No GPUs visible; TF will proceed on CPU.
2026-03-11 15:31:52,117 - INFO - 
2026-03-11 15:31:57,550 - INFO - Ray Successfully Initialized with 4 CPU(s) ([0, 1, 2, 3] CPU Affinity Binding).
2026-03-11 15:31:57,551 - INFO - Analyzing 1 time chunk(s) from 2025-01-11 02:37:36 to 2025-01-11 02:38:36 (dt=1min, overlap=0min).
2026-03-11 15:31:57,552 - INFO - Using 1 selected station(s).
2026-03-11 15:31:57,552 - INFO - 
2026-03-11 15:31:57,552 - INFO - ------- Starting EQCCTPro... -------
2026-03-11 15:31:57,552 - INFO - Detailed subprocess information can be found in the log file.
2026-03-11 15:31:57,552 - INFO - 
2026-03-11 15:31:57,923 - INFO - GPU disabled (CPU-only).
2026-03-11 15:31:59,480 - INFO - Configured Intra-op threads = 1
2026-03-11 15:31:59,483 - INFO - Configured Inter-op threads = 1
2026-03-11 15:31:59,525 - INFO - TensorFlow: No GPUs visible; TF will proceed on CPU.
2026-03-11 15:31:59,528 - INFO - 
2026-03-11 15:31:59,530 - INFO - ------- Hardware Configuration -------
2026-03-11 15:31:59,532 - INFO - CPU affinity set to cores: [0, 1, 2, 3]
2026-03-11 15:31:59,534 - INFO - 
2026-03-11 15:31:59,536 - INFO - ------- Data Preprocessing for EQCCTPro -------
2026-03-11 15:31:59,539 - INFO - 1 station(s) in /home/blackwinter/projects/eqcct/eqcctpro/data/waveforms_noise_only/20250111T023736Z_20250111T023836Z
2026-03-11 15:31:59,541 - INFO - Using 1 selected station(s): ['KEF'].
2026-03-11 15:31:59,542 - INFO - Creating model actor(s)...
2026-03-11 15:31:59,544 - INFO - System RAM: Total=7870 MB, Available=3487 MB
2026-03-11 15:31:59,546 - INFO - Usable RAM budget: 7083 MB (90% of total)
2026-03-11 15:31:59,547 - INFO - ===== MEMORY-AWARE CPU ACTOR POOL (EQCCT) =====
2026-03-11 15:31:59,549 - INFO - Requested concurrent tasks: 1
2026-03-11 15:31:59,551 - INFO - Available CPUs: 4
2026-03-11 15:31:59,554 - INFO - Available RAM: 7083 MB
2026-03-11 15:31:59,556 - INFO - RAM per model: 2264 MB
2026-03-11 15:31:59,558 - INFO - Max actors by RAM: 3
2026-03-11 15:31:59,560 - INFO - Creating 1 ModelActor(s)
2026-03-11 15:31:59,562 - INFO - Let Ray handle scheduling (taskset already restricts CPU visibility)
2026-03-11 15:31:59,565 - INFO - Creating ModelActor 1/1 (2.21GB RAM each)...
2026-03-11 15:32:03,434 - INFO - ModelActor 1 created successfully.
2026-03-11 15:32:03,437 - INFO - Created 1 CPU actor(s). Task queue will handle concurrency.
2026-03-11 15:32:03,439 - INFO - Starting EQCCTPro parallelized waveform processing...
2026-03-11 15:32:03,441 - INFO - 
2026-03-11 15:32:03,443 - INFO - ------- Analyzing Seismic Waveforms for P and S Picks via EQCCT -------
2026-03-11 15:32:03,446 - INFO - Analyzing 0:01:00 minute timechunk from 2025-01-11 02:37:36 to 2025-01-11 02:38:36 (0 min overlap)
2026-03-11 15:32:03,448 - INFO - Processing a total of 1 stations, 1 at a time.
2026-03-11 15:32:05,367 - INFO - (1/1) KEF: Skipped (already exists - overwrite=False).
2026-03-11 15:32:05,370 - INFO - 
2026-03-11 15:32:05,372 - INFO - ------- Parallel Station Waveform Processing Complete For 2025-01-11 02:37:36 to 2025-01-11 02:38:36 Timechunk-------
2026-03-11 15:32:05,382 - INFO - Successfully ran EQCCTPro, exiting...
2026-03-11 15:32:05,375 - INFO - Picks saved at /home/blackwinter/projects/eqcct/eqcctpro/results/csv/bm_noise_only/20250111T023736Z_20250111T023836ZProcess Runtime: 1.93 s
2026-03-11 15:32:06,965 - INFO - Ray Successfully Shutdown.
2026-03-11 15:32:06,966 - INFO - ------- Successfully Picked All Waveform(s) from all Timechunk(s) -------
