2026-03-28 11:40:40,279 - INFO - 
2026-03-28 11:40:40,279 - INFO - ------- Welcome to EQCCTPro -------
2026-03-28 11:40:40,279 - INFO - 
2026-03-28 11:40:40,280 - INFO - Running EQCCT over Requested MSeed Files using CPU(s)...
2026-03-28 11:40:40,280 - INFO - GPU disabled (CPU-only).
2026-03-28 11:40:40,280 - INFO - Skipping framework-specific initialization in the driver process.
2026-03-28 11:40:41,707 - INFO - Ray Successfully Initialized with 4 CPU(s) ([0, 1, 2, 3] CPU Affinity Binding).
2026-03-28 11:40:41,708 - INFO - Analyzing 1 time chunk(s) from 2025-01-08 03:44:22 to 2025-01-08 03:45:22 (dt=1min, overlap=0min).
2026-03-28 11:40:41,708 - INFO - Using 1 selected station(s).
2026-03-28 11:40:41,708 - INFO - 
2026-03-28 11:40:41,708 - INFO - ------- Starting EQCCTPro... -------
2026-03-28 11:40:41,709 - INFO - Detailed subprocess information can be found in the log file.
2026-03-28 11:40:41,709 - INFO - 
2026-03-28 11:40:42,002 - INFO - GPU disabled (CPU-only).
2026-03-28 11:40:42,007 - INFO - Skipping framework-specific initialization in the driver process.
2026-03-28 11:40:42,010 - INFO - ------- Hardware Configuration -------
2026-03-28 11:40:42,013 - INFO - CPU affinity set to cores: [0, 1, 2, 3]
2026-03-28 11:40:42,016 - INFO - 
2026-03-28 11:40:42,018 - INFO - ------- Data Preprocessing for EQCCTPro -------
2026-03-28 11:40:42,020 - INFO - 1 station(s) in /home/blackwinter/projects/eqcct/eqcctpro/data/waveforms_noise_only/20250108T034422Z_20250108T034522Z
2026-03-28 11:40:42,023 - INFO - Using 1 selected station(s): ['FIC3'].
2026-03-28 11:40:42,026 - INFO - Creating model actor(s)...
2026-03-28 11:40:42,028 - INFO - System RAM: Total=7870 MB, Available=4604 MB
2026-03-28 11:40:42,031 - INFO - Usable RAM budget: 7083 MB (90% of total)
2026-03-28 11:40:42,034 - INFO - ===== MEMORY-AWARE CPU ACTOR POOL =====
2026-03-28 11:40:42,037 - INFO - Requested concurrent tasks: 1
2026-03-28 11:40:42,039 - INFO - Available CPUs: 4
2026-03-28 11:40:42,042 - INFO - Available RAM: 7083 MB
2026-03-28 11:40:42,045 - INFO - RAM per model: 2060 MB
2026-03-28 11:40:42,047 - INFO - Max actors by RAM: 3
2026-03-28 11:40:42,050 - INFO - Creating 1 SeisBenchModelActor(s)
2026-03-28 11:40:42,053 - INFO - Let Ray handle scheduling (taskset already restricts CPU visibility)
2026-03-28 11:40:42,056 - INFO - Creating SeisBenchModelActor 1/1 (2.01GB RAM each)...
2026-03-28 11:40:44,720 - INFO - SeisBenchModelActor 1 created successfully.
2026-03-28 11:40:44,722 - INFO - Created 1 CPU actor(s). Task queue will handle concurrency.
2026-03-28 11:40:44,725 - INFO - Starting EQCCTPro parallelized waveform processing...
2026-03-28 11:40:44,727 - INFO - 
2026-03-28 11:40:44,730 - INFO - ------- Analyzing Seismic Waveforms for P and S Picks via SeisBench (EQTransformer - original_nonconservative) -------
2026-03-28 11:40:44,734 - INFO - Analyzing 0:01:00 minute timechunk from 2025-01-08 03:44:22 to 2025-01-08 03:45:22 (0 min overlap)
2026-03-28 11:40:44,736 - INFO - Processing a total of 1 stations, 1 at a time.
2026-03-28 11:40:46,962 - INFO - (1/1) FIC3: Finished the prediction in 0.14s. (HP=1.0, LP=45.0, picks=0)
2026-03-28 11:40:46,964 - INFO - 
2026-03-28 11:40:46,967 - INFO - ------- Parallel Station Waveform Processing Complete For 2025-01-08 03:44:22 to 2025-01-08 03:45:22 Timechunk-------
2026-03-28 11:40:46,969 - INFO - Picks saved at /home/blackwinter/projects/eqcct/eqcctpro/results/csv/eqt_noise_th0_1/20250108T034422Z_20250108T034522ZProcess Runtime: 2.24 s
2026-03-28 11:40:46,975 - INFO - Successfully ran EQCCTPro, exiting...
2026-03-28 11:40:48,569 - INFO - Ray Successfully Shutdown.
2026-03-28 11:40:48,569 - INFO - ------- Successfully Picked All Waveform(s) from all Timechunk(s) -------
