2026-03-27 18:09:48,690 - INFO - 
2026-03-27 18:09:48,690 - INFO - ------- Welcome to EQCCTPro -------
2026-03-27 18:09:48,690 - INFO - 
2026-03-27 18:09:48,691 - INFO - Running EQCCT over Requested MSeed Files using CPU(s)...
2026-03-27 18:09:48,691 - INFO - GPU disabled (CPU-only).
2026-03-27 18:09:48,691 - INFO - Skipping framework-specific initialization in the driver process.
2026-03-27 18:09:51,071 - INFO - Ray Successfully Initialized with 4 CPU(s) ([0, 1, 2, 3] CPU Affinity Binding).
2026-03-27 18:09:51,071 - INFO - Analyzing 1 time chunk(s) from 2025-04-05 12:48:53 to 2025-04-05 12:49:53 (dt=1min, overlap=0min).
2026-03-27 18:09:51,072 - INFO - Using 1 selected station(s).
2026-03-27 18:09:51,072 - INFO - 
2026-03-27 18:09:51,072 - INFO - ------- Starting EQCCTPro... -------
2026-03-27 18:09:51,072 - INFO - Detailed subprocess information can be found in the log file.
2026-03-27 18:09:51,072 - INFO - 
2026-03-27 18:09:51,334 - INFO - GPU disabled (CPU-only).
2026-03-27 18:09:51,339 - INFO - Skipping framework-specific initialization in the driver process.
2026-03-27 18:09:51,341 - INFO - ------- Hardware Configuration -------
2026-03-27 18:09:51,344 - INFO - CPU affinity set to cores: [0, 1, 2, 3]
2026-03-27 18:09:51,347 - INFO - 
2026-03-27 18:09:51,349 - INFO - ------- Data Preprocessing for EQCCTPro -------
2026-03-27 18:09:51,352 - INFO - 1 station(s) in /home/blackwinter/projects/eqcct/eqcctpro/data/waveforms_earthquakes_nonoise/20250405T124853Z_20250405T124953Z
2026-03-27 18:09:51,354 - INFO - Using 1 selected station(s): ['KLF'].
2026-03-27 18:09:51,356 - INFO - Creating model actor(s)...
2026-03-27 18:09:51,359 - INFO - System RAM: Total=7870 MB, Available=6120 MB
2026-03-27 18:09:51,361 - INFO - Usable RAM budget: 7083 MB (90% of total)
2026-03-27 18:09:51,363 - INFO - ===== MEMORY-AWARE CPU ACTOR POOL =====
2026-03-27 18:09:51,366 - INFO - Requested concurrent tasks: 1
2026-03-27 18:09:51,368 - INFO - Available CPUs: 4
2026-03-27 18:09:51,371 - INFO - Available RAM: 7083 MB
2026-03-27 18:09:51,373 - INFO - RAM per model: 2060 MB
2026-03-27 18:09:51,375 - INFO - Max actors by RAM: 3
2026-03-27 18:09:51,378 - INFO - Creating 1 SeisBenchModelActor(s)
2026-03-27 18:09:51,380 - INFO - Let Ray handle scheduling (taskset already restricts CPU visibility)
2026-03-27 18:09:51,383 - INFO - Creating SeisBenchModelActor 1/1 (2.01GB RAM each)...
2026-03-27 18:09:54,444 - INFO - SeisBenchModelActor 1 created successfully.
2026-03-27 18:09:54,446 - INFO - Created 1 CPU actor(s). Task queue will handle concurrency.
2026-03-27 18:09:54,448 - INFO - Starting EQCCTPro parallelized waveform processing...
2026-03-27 18:09:54,450 - INFO - 
2026-03-27 18:09:54,452 - INFO - ------- Analyzing Seismic Waveforms for P and S Picks via SeisBench (EQTransformer - original_nonconservative) -------
2026-03-27 18:09:54,454 - INFO - Analyzing 0:01:00 minute timechunk from 2025-04-05 12:48:53 to 2025-04-05 12:49:53 (0 min overlap)
2026-03-27 18:09:54,456 - INFO - Processing a total of 1 stations, 1 at a time.
2026-03-27 18:09:56,654 - INFO - (1/1) KLF: Finished the prediction in 0.13s. (HP=1.0, LP=45.0, picks=0)
2026-03-27 18:09:56,656 - INFO - 
2026-03-27 18:09:56,659 - INFO - ------- Parallel Station Waveform Processing Complete For 2025-04-05 12:48:53 to 2025-04-05 12:49:53 Timechunk-------
2026-03-27 18:09:56,662 - INFO - Picks saved at /home/blackwinter/projects/eqcct/eqcctpro/results/csv/eqt_earthquakes_th0_1/20250405T124853Z_20250405T124953ZProcess Runtime: 2.21 s
2026-03-27 18:09:56,666 - INFO - Successfully ran EQCCTPro, exiting...
2026-03-27 18:09:58,185 - INFO - Ray Successfully Shutdown.
2026-03-27 18:09:58,186 - INFO - ------- Successfully Picked All Waveform(s) from all Timechunk(s) -------
2026-03-28 00:37:35,953 - INFO - 
2026-03-28 00:37:35,953 - INFO - ------- Welcome to EQCCTPro -------
2026-03-28 00:37:35,953 - INFO - 
2026-03-28 00:37:35,954 - INFO - Running EQCCT over Requested MSeed Files using CPU(s)...
2026-03-28 00:37:35,954 - INFO - GPU disabled (CPU-only).
2026-03-28 00:37:35,954 - INFO - Skipping framework-specific initialization in the driver process.
2026-03-28 00:37:38,307 - INFO - Ray Successfully Initialized with 4 CPU(s) ([0, 1, 2, 3] CPU Affinity Binding).
2026-03-28 00:37:38,308 - INFO - Analyzing 1 time chunk(s) from 2025-04-05 12:48:53 to 2025-04-05 12:49:53 (dt=1min, overlap=0min).
2026-03-28 00:37:38,308 - INFO - Using 1 selected station(s).
2026-03-28 00:37:38,308 - INFO - 
2026-03-28 00:37:38,308 - INFO - ------- Starting EQCCTPro... -------
2026-03-28 00:37:38,308 - INFO - Detailed subprocess information can be found in the log file.
2026-03-28 00:37:38,308 - INFO - 
2026-03-28 00:37:38,603 - INFO - GPU disabled (CPU-only).
2026-03-28 00:37:38,608 - INFO - Skipping framework-specific initialization in the driver process.
2026-03-28 00:37:38,611 - INFO - ------- Hardware Configuration -------
2026-03-28 00:37:38,614 - INFO - CPU affinity set to cores: [0, 1, 2, 3]
2026-03-28 00:37:38,617 - INFO - 
2026-03-28 00:37:38,620 - INFO - ------- Data Preprocessing for EQCCTPro -------
2026-03-28 00:37:38,622 - INFO - 1 station(s) in /home/blackwinter/projects/eqcct/eqcctpro/data/waveforms_earthquakes_nonoise/20250405T124853Z_20250405T124953Z
2026-03-28 00:37:38,625 - INFO - Using 1 selected station(s): ['KLF'].
2026-03-28 00:37:38,627 - INFO - Creating model actor(s)...
2026-03-28 00:37:38,630 - INFO - System RAM: Total=7870 MB, Available=5933 MB
2026-03-28 00:37:38,632 - INFO - Usable RAM budget: 7083 MB (90% of total)
2026-03-28 00:37:38,635 - INFO - ===== MEMORY-AWARE CPU ACTOR POOL =====
2026-03-28 00:37:38,638 - INFO - Requested concurrent tasks: 1
2026-03-28 00:37:38,640 - INFO - Available CPUs: 4
2026-03-28 00:37:38,643 - INFO - Available RAM: 7083 MB
2026-03-28 00:37:38,646 - INFO - RAM per model: 2060 MB
2026-03-28 00:37:38,648 - INFO - Max actors by RAM: 3
2026-03-28 00:37:38,651 - INFO - Creating 1 SeisBenchModelActor(s)
2026-03-28 00:37:38,653 - INFO - Let Ray handle scheduling (taskset already restricts CPU visibility)
2026-03-28 00:37:38,656 - INFO - Creating SeisBenchModelActor 1/1 (2.01GB RAM each)...
2026-03-28 00:37:41,473 - INFO - SeisBenchModelActor 1 created successfully.
2026-03-28 00:37:41,476 - INFO - Created 1 CPU actor(s). Task queue will handle concurrency.
2026-03-28 00:37:41,479 - INFO - Starting EQCCTPro parallelized waveform processing...
2026-03-28 00:37:41,481 - INFO - 
2026-03-28 00:37:41,483 - INFO - ------- Analyzing Seismic Waveforms for P and S Picks via SeisBench (EQTransformer - original_nonconservative) -------
2026-03-28 00:37:41,487 - INFO - Analyzing 0:01:00 minute timechunk from 2025-04-05 12:48:53 to 2025-04-05 12:49:53 (0 min overlap)
2026-03-28 00:37:41,489 - INFO - Processing a total of 1 stations, 1 at a time.
2026-03-28 00:37:43,719 - INFO - (1/1) KLF: Skipped (already exists - overwrite=False).
2026-03-28 00:37:43,721 - INFO - 
2026-03-28 00:37:43,724 - INFO - ------- Parallel Station Waveform Processing Complete For 2025-04-05 12:48:53 to 2025-04-05 12:49:53 Timechunk-------
2026-03-28 00:37:43,726 - INFO - Picks saved at /home/blackwinter/projects/eqcct/eqcctpro/results/csv/eqt_earthquakes_th0_1/20250405T124853Z_20250405T124953ZProcess Runtime: 2.24 s
2026-03-28 00:37:43,731 - INFO - Successfully ran EQCCTPro, exiting...
2026-03-28 00:37:45,334 - INFO - Ray Successfully Shutdown.
2026-03-28 00:37:45,334 - INFO - ------- Successfully Picked All Waveform(s) from all Timechunk(s) -------
