2026-03-28 21:37:57,167 - INFO - 
2026-03-28 21:37:57,167 - INFO - ------- Welcome to EQCCTPro -------
2026-03-28 21:37:57,167 - INFO - 
2026-03-28 21:37:57,168 - INFO - Running EQCCT over Requested MSeed Files using CPU(s)...
2026-03-28 21:37:57,168 - INFO - GPU disabled (CPU-only).
2026-03-28 22:53:49,025 - INFO - 
2026-03-28 22:53:49,025 - INFO - ------- Welcome to EQCCTPro -------
2026-03-28 22:53:49,025 - INFO - 
2026-03-28 22:53:49,026 - INFO - Running EQCCT over Requested MSeed Files using CPU(s)...
2026-03-28 22:53:49,026 - INFO - GPU disabled (CPU-only).
2026-03-28 22:53:49,026 - INFO - Configured Intra-op threads = 1
2026-03-28 22:53:49,026 - INFO - Configured Inter-op threads = 1
2026-03-28 22:53:49,027 - INFO - TensorFlow: No GPUs visible; TF will proceed on CPU.
2026-03-28 22:53:49,027 - INFO - 
2026-03-28 22:53:54,910 - INFO - Ray Successfully Initialized with 4 CPU(s) ([0, 1, 2, 3] CPU Affinity Binding).
2026-03-28 22:53:54,910 - INFO - Analyzing 1 time chunk(s) from 2025-01-05 20:14:54 to 2025-01-05 20:15:54 (dt=1min, overlap=0min).
2026-03-28 22:53:54,911 - INFO - Using 1 selected station(s).
2026-03-28 22:53:54,911 - INFO - 
2026-03-28 22:53:54,911 - INFO - ------- Starting EQCCTPro... -------
2026-03-28 22:53:54,911 - INFO - Detailed subprocess information can be found in the log file.
2026-03-28 22:53:54,911 - INFO - 
2026-03-28 22:53:55,331 - INFO - GPU disabled (CPU-only).
2026-03-28 22:53:56,980 - INFO - Configured Intra-op threads = 1
2026-03-28 22:53:56,983 - INFO - Configured Inter-op threads = 1
2026-03-28 22:53:57,026 - INFO - TensorFlow: No GPUs visible; TF will proceed on CPU.
2026-03-28 22:53:57,028 - INFO - 
2026-03-28 22:53:57,031 - INFO - ------- Hardware Configuration -------
2026-03-28 22:53:57,034 - INFO - CPU affinity set to cores: [0, 1, 2, 3]
2026-03-28 22:53:57,037 - INFO - 
2026-03-28 22:53:57,040 - INFO - ------- Data Preprocessing for EQCCTPro -------
2026-03-28 22:53:57,042 - INFO - 1 station(s) in /home/blackwinter/projects/eqcct/eqcctpro/data/waveforms_explosions_nonoise/20250105T201454Z_20250105T201554Z
2026-03-28 22:53:57,045 - INFO - Using 1 selected station(s): ['MSF'].
2026-03-28 22:53:57,047 - INFO - Creating model actor(s)...
2026-03-28 22:53:57,050 - INFO - System RAM: Total=7870 MB, Available=3765 MB
2026-03-28 22:53:57,053 - INFO - Usable RAM budget: 7083 MB (90% of total)
2026-03-28 22:53:57,055 - INFO - ===== MEMORY-AWARE CPU ACTOR POOL (EQCCT) =====
2026-03-28 22:53:57,058 - INFO - Requested concurrent tasks: 1
2026-03-28 22:53:57,060 - INFO - Available CPUs: 4
2026-03-28 22:53:57,063 - INFO - Available RAM: 7083 MB
2026-03-28 22:53:57,066 - INFO - RAM per model: 2264 MB
2026-03-28 22:53:57,068 - INFO - Max actors by RAM: 3
2026-03-28 22:53:57,071 - INFO - Creating 1 ModelActor(s)
2026-03-28 22:53:57,073 - INFO - Let Ray handle scheduling (taskset already restricts CPU visibility)
2026-03-28 22:53:57,075 - INFO - Creating ModelActor 1/1 (2.21GB RAM each)...
2026-03-28 22:54:01,520 - INFO - ModelActor 1 created successfully.
2026-03-28 22:54:01,522 - INFO - Created 1 CPU actor(s). Task queue will handle concurrency.
2026-03-28 22:54:01,525 - INFO - Starting EQCCTPro parallelized waveform processing...
2026-03-28 22:54:01,528 - INFO - 
2026-03-28 22:54:01,530 - INFO - ------- Analyzing Seismic Waveforms for P and S Picks via EQCCT -------
2026-03-28 22:54:01,533 - INFO - Analyzing 0:01:00 minute timechunk from 2025-01-05 20:14:54 to 2025-01-05 20:15:54 (0 min overlap)
2026-03-28 22:54:01,536 - INFO - Processing a total of 1 stations, 1 at a time.
2026-03-28 22:54:04,100 - INFO - (1/1) MSF: FAILED reading mSEED.
2026-03-28 22:54:04,102 - INFO - 
2026-03-28 22:54:04,106 - INFO - ------- Parallel Station Waveform Processing Complete For 2025-01-05 20:14:54 to 2025-01-05 20:15:54 Timechunk-------
2026-03-28 22:54:04,109 - INFO - Picks saved at /home/blackwinter/projects/eqcct/eqcctpro/results/csv/eqcct_explosions_th0_1/20250105T201454Z_20250105T201554ZProcess Runtime: 2.58 s
2026-03-28 22:54:04,115 - INFO - Successfully ran EQCCTPro, exiting...
2026-03-28 22:54:05,551 - INFO - Ray Successfully Shutdown.
2026-03-28 22:54:05,552 - INFO - ------- Successfully Picked All Waveform(s) from all Timechunk(s) -------
