2026-02-23 19:20:24,850 - INFO - 
2026-02-23 19:20:24,850 - INFO - ------- Welcome to EQCCTPro -------
2026-02-23 19:20:24,850 - INFO - 
2026-02-23 19:20:24,851 - INFO - Running EQCCT over Requested MSeed Files using CPU(s)...
2026-02-23 19:20:24,851 - INFO - GPU disabled (CPU-only).
2026-02-23 19:20:24,851 - INFO - Configured Intra-op threads = 1
2026-02-23 19:20:24,851 - INFO - Configured Inter-op threads = 1
2026-02-23 19:20:24,851 - INFO - TensorFlow: No GPUs visible; TF will proceed on CPU.
2026-02-23 19:20:24,852 - INFO - 
2026-02-23 19:20:30,218 - INFO - Ray Successfully Initialized with 4 CPU(s) ([0, 1, 2, 3] CPU Affinity Binding).
2026-02-23 19:20:30,218 - INFO - Analyzing 1 time chunk(s) from 2025-02-18 21:21:10 to 2025-02-18 21:22:10 (dt=1min, overlap=0min).
2026-02-23 19:20:30,219 - INFO - Using 1 selected station(s).
2026-02-23 19:20:30,219 - INFO - 
2026-02-23 19:20:30,219 - INFO - ------- Starting EQCCTPro... -------
2026-02-23 19:20:30,219 - INFO - Detailed subprocess information can be found in the log file.
2026-02-23 19:20:30,219 - INFO - 
2026-02-23 19:20:30,581 - INFO - GPU disabled (CPU-only).
2026-02-23 19:20:32,019 - INFO - Configured Intra-op threads = 1
2026-02-23 19:20:32,022 - INFO - Configured Inter-op threads = 1
2026-02-23 19:20:32,061 - INFO - TensorFlow: No GPUs visible; TF will proceed on CPU.
2026-02-23 19:20:32,063 - INFO - 
2026-02-23 19:20:32,065 - INFO - ------- Hardware Configuration -------
2026-02-23 19:20:32,067 - INFO - CPU affinity set to cores: [0, 1, 2, 3]
2026-02-23 19:20:32,070 - INFO - 
2026-02-23 19:20:32,072 - INFO - ------- Data Preprocessing for EQCCTPro -------
2026-02-23 19:20:32,074 - INFO - 1 station(s) in /home/blackwinter/projects/eqcct/eqcctpro/data/waveforms_earthquakes_noise_only/20250218T212110Z_20250218T212210Z
2026-02-23 19:20:32,076 - INFO - Using 1 selected station(s): ['FIC1'].
2026-02-23 19:20:32,078 - INFO - Creating model actor(s)...
2026-02-23 19:20:32,081 - INFO - System RAM: Total=7870 MB, Available=3638 MB
2026-02-23 19:20:32,083 - INFO - Usable RAM budget: 7083 MB (90% of total)
2026-02-23 19:20:32,085 - INFO - ===== MEMORY-AWARE CPU ACTOR POOL (EQCCT) =====
2026-02-23 19:20:32,087 - INFO - Requested concurrent tasks: 1
2026-02-23 19:20:32,089 - INFO - Available CPUs: 4
2026-02-23 19:20:32,091 - INFO - Available RAM: 7083 MB
2026-02-23 19:20:32,093 - INFO - RAM per model: 2264 MB
2026-02-23 19:20:32,095 - INFO - Max actors by RAM: 3
2026-02-23 19:20:32,096 - INFO - Creating 1 ModelActor(s)
2026-02-23 19:20:32,098 - INFO - Let Ray handle scheduling (taskset already restricts CPU visibility)
2026-02-23 19:20:32,100 - INFO - Creating ModelActor 1/1 (2.21GB RAM each)...
2026-02-23 19:20:35,931 - INFO - ModelActor 1 created successfully.
2026-02-23 19:20:35,933 - INFO - Created 1 CPU actor(s). Task queue will handle concurrency.
2026-02-23 19:20:35,935 - INFO - Starting EQCCTPro parallelized waveform processing...
2026-02-23 19:20:35,937 - INFO - 
2026-02-23 19:20:35,939 - INFO - ------- Analyzing Seismic Waveforms for P and S Picks via EQCCT -------
2026-02-23 19:20:35,942 - INFO - Analyzing 0:01:00 minute timechunk from 2025-02-18 21:21:10 to 2025-02-18 21:22:10 (0 min overlap)
2026-02-23 19:20:35,944 - INFO - Processing a total of 1 stations, 1 at a time.
2026-02-23 19:20:40,139 - INFO - (1/1) FIC1: Finished the prediction in 2.19s. (HP=1.0, LP=45.0)
2026-02-23 19:20:40,142 - INFO - 
2026-02-23 19:20:40,144 - INFO - ------- Parallel Station Waveform Processing Complete For 2025-02-18 21:21:10 to 2025-02-18 21:22:10 Timechunk-------
2026-02-23 19:20:40,147 - INFO - Picks saved at /home/blackwinter/projects/eqcct/eqcctpro/results/csv/bm_eq_noise_only/20250218T212110Z_20250218T212210ZProcess Runtime: 4.21 s
2026-02-23 19:20:40,152 - INFO - Successfully ran EQCCTPro, exiting...
2026-02-23 19:20:41,893 - INFO - Ray Successfully Shutdown.
2026-02-23 19:20:41,894 - INFO - ------- Successfully Picked All Waveform(s) from all Timechunk(s) -------
