2026-03-28 20:13:25,217 - INFO - 
2026-03-28 20:13:25,218 - INFO - ------- Welcome to EQCCTPro -------
2026-03-28 20:13:25,218 - INFO - 
2026-03-28 20:13:25,219 - INFO - Running EQCCT over Requested MSeed Files using CPU(s)...
2026-03-28 20:13:25,219 - INFO - GPU disabled (CPU-only).
2026-03-28 20:13:25,219 - INFO - Skipping framework-specific initialization in the driver process.
2026-03-28 20:13:27,994 - INFO - Ray Successfully Initialized with 4 CPU(s) ([0, 1, 2, 3] CPU Affinity Binding).
2026-03-28 20:13:27,994 - INFO - Analyzing 1 time chunk(s) from 2025-01-22 12:28:08 to 2025-01-22 12:29:08 (dt=1min, overlap=0min).
2026-03-28 20:13:27,994 - INFO - Using 2 selected station(s).
2026-03-28 20:13:27,994 - INFO - 
2026-03-28 20:13:27,994 - INFO - ------- Starting EQCCTPro... -------
2026-03-28 20:13:27,995 - INFO - Detailed subprocess information can be found in the log file.
2026-03-28 20:13:27,995 - INFO - 
2026-03-28 20:13:28,404 - INFO - GPU disabled (CPU-only).
2026-03-28 20:13:28,410 - INFO - Skipping framework-specific initialization in the driver process.
2026-03-28 20:13:28,414 - INFO - ------- Hardware Configuration -------
2026-03-28 20:13:28,418 - INFO - CPU affinity set to cores: [0, 1, 2, 3]
2026-03-28 20:13:28,420 - INFO - 
2026-03-28 20:13:28,423 - INFO - ------- Data Preprocessing for EQCCTPro -------
2026-03-28 20:13:28,427 - INFO - 2 station(s) in /home/blackwinter/projects/eqcct/eqcctpro/data/waveforms_explosions_nonoise/20250122T122808Z_20250122T122908Z
2026-03-28 20:13:28,430 - INFO - Using 2 selected station(s): ['KORF', 'VJF'].
2026-03-28 20:13:28,433 - INFO - Creating model actor(s)...
2026-03-28 20:13:28,436 - INFO - System RAM: Total=7870 MB, Available=4064 MB
2026-03-28 20:13:28,439 - INFO - Usable RAM budget: 7083 MB (90% of total)
2026-03-28 20:13:28,442 - INFO - ===== MEMORY-AWARE CPU ACTOR POOL =====
2026-03-28 20:13:28,445 - INFO - Requested concurrent tasks: 1
2026-03-28 20:13:28,448 - INFO - Available CPUs: 4
2026-03-28 20:13:28,451 - INFO - Available RAM: 7083 MB
2026-03-28 20:13:28,454 - INFO - RAM per model: 2060 MB
2026-03-28 20:13:28,456 - INFO - Max actors by RAM: 3
2026-03-28 20:13:28,460 - INFO - Creating 1 SeisBenchModelActor(s)
2026-03-28 20:13:28,463 - INFO - Let Ray handle scheduling (taskset already restricts CPU visibility)
2026-03-28 20:13:28,466 - INFO - Creating SeisBenchModelActor 1/1 (2.01GB RAM each)...
2026-03-28 20:13:31,925 - INFO - SeisBenchModelActor 1 created successfully.
2026-03-28 20:13:31,929 - INFO - Created 1 CPU actor(s). Task queue will handle concurrency.
2026-03-28 20:13:31,931 - INFO - Starting EQCCTPro parallelized waveform processing...
2026-03-28 20:13:31,934 - INFO - 
2026-03-28 20:13:31,937 - INFO - ------- Analyzing Seismic Waveforms for P and S Picks via SeisBench (EQTransformer - original_nonconservative) -------
2026-03-28 20:13:31,941 - INFO - Analyzing 0:01:00 minute timechunk from 2025-01-22 12:28:08 to 2025-01-22 12:29:08 (0 min overlap)
2026-03-28 20:13:31,945 - INFO - Processing a total of 2 stations, 1 at a time.
2026-03-28 20:13:34,358 - INFO - (1/2) KORF: Finished the prediction in 0.16s. (HP=1.0, LP=45.0, picks=3)
2026-03-28 20:13:34,436 - INFO - (2/2) VJF: Finished the prediction in 0.07s. (HP=1.0, LP=45.0, picks=0)
2026-03-28 20:13:34,438 - INFO - 
2026-03-28 20:13:34,441 - INFO - ------- Parallel Station Waveform Processing Complete For 2025-01-22 12:28:08 to 2025-01-22 12:29:08 Timechunk-------
2026-03-28 20:13:34,444 - INFO - Picks saved at /home/blackwinter/projects/eqcct/eqcctpro/results/csv/eqt_explosions_th0_1/20250122T122808Z_20250122T122908ZProcess Runtime: 2.51 s
2026-03-28 20:13:34,452 - INFO - Successfully ran EQCCTPro, exiting...
2026-03-28 20:13:36,339 - INFO - Ray Successfully Shutdown.
2026-03-28 20:13:36,340 - INFO - ------- Successfully Picked All Waveform(s) from all Timechunk(s) -------
