2026-03-28 21:37:59,057 - INFO - 
2026-03-28 21:37:59,057 - INFO - ------- Welcome to EQCCTPro -------
2026-03-28 21:37:59,057 - INFO - 
2026-03-28 21:37:59,058 - INFO - Running EQCCT over Requested MSeed Files using CPU(s)...
2026-03-28 21:37:59,058 - INFO - GPU disabled (CPU-only).
2026-03-29 02:11:54,576 - INFO - 
2026-03-29 02:11:54,577 - INFO - ------- Welcome to EQCCTPro -------
2026-03-29 02:11:54,577 - INFO - 
2026-03-29 02:11:54,578 - INFO - Running EQCCT over Requested MSeed Files using CPU(s)...
2026-03-29 02:11:54,578 - INFO - GPU disabled (CPU-only).
2026-03-29 02:11:54,578 - INFO - Configured Intra-op threads = 1
2026-03-29 02:11:54,578 - INFO - Configured Inter-op threads = 1
2026-03-29 02:11:54,578 - INFO - TensorFlow: No GPUs visible; TF will proceed on CPU.
2026-03-29 02:11:54,579 - INFO - 
2026-03-29 02:11:59,631 - INFO - Ray Successfully Initialized with 4 CPU(s) ([0, 1, 2, 3] CPU Affinity Binding).
2026-03-29 02:11:59,631 - INFO - Analyzing 1 time chunk(s) from 2025-01-14 13:58:00 to 2025-01-14 13:59:00 (dt=1min, overlap=0min).
2026-03-29 02:11:59,631 - INFO - Using 2 selected station(s).
2026-03-29 02:11:59,631 - INFO - 
2026-03-29 02:11:59,631 - INFO - ------- Starting EQCCTPro... -------
2026-03-29 02:11:59,632 - INFO - Detailed subprocess information can be found in the log file.
2026-03-29 02:11:59,632 - INFO - 
2026-03-29 02:12:00,037 - INFO - GPU disabled (CPU-only).
2026-03-29 02:12:01,707 - INFO - Configured Intra-op threads = 1
2026-03-29 02:12:01,712 - INFO - Configured Inter-op threads = 1
2026-03-29 02:12:01,756 - INFO - TensorFlow: No GPUs visible; TF will proceed on CPU.
2026-03-29 02:12:01,759 - INFO - 
2026-03-29 02:12:01,762 - INFO - ------- Hardware Configuration -------
2026-03-29 02:12:01,765 - INFO - CPU affinity set to cores: [0, 1, 2, 3]
2026-03-29 02:12:01,767 - INFO - 
2026-03-29 02:12:01,770 - INFO - ------- Data Preprocessing for EQCCTPro -------
2026-03-29 02:12:01,773 - INFO - 2 station(s) in /home/blackwinter/projects/eqcct/eqcctpro/data/waveforms_explosions_nonoise/20250114T135800Z_20250114T135900Z
2026-03-29 02:12:01,775 - INFO - Using 2 selected station(s): ['FIA0', 'FIA1'].
2026-03-29 02:12:01,779 - INFO - Creating model actor(s)...
2026-03-29 02:12:01,781 - INFO - System RAM: Total=7870 MB, Available=3306 MB
2026-03-29 02:12:01,784 - INFO - Usable RAM budget: 7083 MB (90% of total)
2026-03-29 02:12:01,787 - INFO - ===== MEMORY-AWARE CPU ACTOR POOL (EQCCT) =====
2026-03-29 02:12:01,789 - INFO - Requested concurrent tasks: 1
2026-03-29 02:12:01,792 - INFO - Available CPUs: 4
2026-03-29 02:12:01,795 - INFO - Available RAM: 7083 MB
2026-03-29 02:12:01,797 - INFO - RAM per model: 2264 MB
2026-03-29 02:12:01,799 - INFO - Max actors by RAM: 3
2026-03-29 02:12:01,802 - INFO - Creating 1 ModelActor(s)
2026-03-29 02:12:01,805 - INFO - Let Ray handle scheduling (taskset already restricts CPU visibility)
2026-03-29 02:12:01,807 - INFO - Creating ModelActor 1/1 (2.21GB RAM each)...
2026-03-29 02:12:06,131 - INFO - ModelActor 1 created successfully.
2026-03-29 02:12:06,133 - INFO - Created 1 CPU actor(s). Task queue will handle concurrency.
2026-03-29 02:12:06,135 - INFO - Starting EQCCTPro parallelized waveform processing...
2026-03-29 02:12:06,138 - INFO - 
2026-03-29 02:12:06,140 - INFO - ------- Analyzing Seismic Waveforms for P and S Picks via EQCCT -------
2026-03-29 02:12:06,142 - INFO - Analyzing 0:01:00 minute timechunk from 2025-01-14 13:58:00 to 2025-01-14 13:59:00 (0 min overlap)
2026-03-29 02:12:06,144 - INFO - Processing a total of 2 stations, 1 at a time.
2026-03-29 02:12:10,622 - INFO - (1/2) FIA0: Finished the prediction in 2.36s. (HP=1.0, LP=45.0)
2026-03-29 02:12:10,752 - INFO - (2/2) FIA1: Finished the prediction in 0.12s. (HP=1.0, LP=45.0)
2026-03-29 02:12:10,754 - INFO - 
2026-03-29 02:12:10,756 - INFO - ------- Parallel Station Waveform Processing Complete For 2025-01-14 13:58:00 to 2025-01-14 13:59:00 Timechunk-------
2026-03-29 02:12:10,760 - INFO - Picks saved at /home/blackwinter/projects/eqcct/eqcctpro/results/csv/eqcct_explosions_th0_1/20250114T135800Z_20250114T135900ZProcess Runtime: 4.62 s
2026-03-29 02:12:10,766 - INFO - Successfully ran EQCCTPro, exiting...
2026-03-29 02:12:12,293 - INFO - Ray Successfully Shutdown.
2026-03-29 02:12:12,293 - INFO - ------- Successfully Picked All Waveform(s) from all Timechunk(s) -------
