2026-02-23 21:48:39,373 - INFO - 
2026-02-23 21:48:39,373 - INFO - ------- Welcome to EQCCTPro -------
2026-02-23 21:48:39,373 - INFO - 
2026-02-23 21:48:39,374 - INFO - Running EQCCT over Requested MSeed Files using CPU(s)...
2026-02-23 21:48:39,374 - INFO - GPU disabled (CPU-only).
2026-02-23 21:48:39,374 - INFO - Configured Intra-op threads = 1
2026-02-23 21:48:39,374 - INFO - Configured Inter-op threads = 1
2026-02-23 21:48:39,374 - INFO - TensorFlow: No GPUs visible; TF will proceed on CPU.
2026-02-23 21:48:39,374 - INFO - 
2026-02-23 21:48:45,274 - INFO - Ray Successfully Initialized with 4 CPU(s) ([0, 1, 2, 3] CPU Affinity Binding).
2026-02-23 21:48:45,275 - INFO - Analyzing 1 time chunk(s) from 2025-04-04 20:12:35 to 2025-04-04 20:13:35 (dt=1min, overlap=0min).
2026-02-23 21:48:45,275 - INFO - Using 1 selected station(s).
2026-02-23 21:48:45,275 - INFO - 
2026-02-23 21:48:45,276 - INFO - ------- Starting EQCCTPro... -------
2026-02-23 21:48:45,276 - INFO - Detailed subprocess information can be found in the log file.
2026-02-23 21:48:45,276 - INFO - 
2026-02-23 21:48:45,655 - INFO - GPU disabled (CPU-only).
2026-02-23 21:48:47,191 - INFO - Configured Intra-op threads = 1
2026-02-23 21:48:47,193 - INFO - Configured Inter-op threads = 1
2026-02-23 21:48:47,239 - INFO - TensorFlow: No GPUs visible; TF will proceed on CPU.
2026-02-23 21:48:47,241 - INFO - 
2026-02-23 21:48:47,244 - INFO - ------- Hardware Configuration -------
2026-02-23 21:48:47,246 - INFO - CPU affinity set to cores: [0, 1, 2, 3]
2026-02-23 21:48:47,247 - INFO - 
2026-02-23 21:48:47,249 - INFO - ------- Data Preprocessing for EQCCTPro -------
2026-02-23 21:48:47,251 - INFO - 1 station(s) in /home/blackwinter/projects/eqcct/eqcctpro/data/waveforms_earthquakes_noise_only/20250404T201235Z_20250404T201335Z
2026-02-23 21:48:47,253 - INFO - Using 1 selected station(s): ['SGF'].
2026-02-23 21:48:47,254 - INFO - Creating model actor(s)...
2026-02-23 21:48:47,257 - INFO - System RAM: Total=7870 MB, Available=2910 MB
2026-02-23 21:48:47,259 - INFO - Usable RAM budget: 7083 MB (90% of total)
2026-02-23 21:48:47,261 - INFO - ===== MEMORY-AWARE CPU ACTOR POOL (EQCCT) =====
2026-02-23 21:48:47,264 - INFO - Requested concurrent tasks: 1
2026-02-23 21:48:47,266 - INFO - Available CPUs: 4
2026-02-23 21:48:47,268 - INFO - Available RAM: 7083 MB
2026-02-23 21:48:47,270 - INFO - RAM per model: 2264 MB
2026-02-23 21:48:47,273 - INFO - Max actors by RAM: 3
2026-02-23 21:48:47,275 - INFO - Creating 1 ModelActor(s)
2026-02-23 21:48:47,277 - INFO - Let Ray handle scheduling (taskset already restricts CPU visibility)
2026-02-23 21:48:47,279 - INFO - Creating ModelActor 1/1 (2.21GB RAM each)...
2026-02-23 21:48:51,203 - INFO - ModelActor 1 created successfully.
2026-02-23 21:48:51,205 - INFO - Created 1 CPU actor(s). Task queue will handle concurrency.
2026-02-23 21:48:51,207 - INFO - Starting EQCCTPro parallelized waveform processing...
2026-02-23 21:48:51,209 - INFO - 
2026-02-23 21:48:51,211 - INFO - ------- Analyzing Seismic Waveforms for P and S Picks via EQCCT -------
2026-02-23 21:48:51,213 - INFO - Analyzing 0:01:00 minute timechunk from 2025-04-04 20:12:35 to 2025-04-04 20:13:35 (0 min overlap)
2026-02-23 21:48:51,215 - INFO - Processing a total of 1 stations, 1 at a time.
2026-02-23 21:48:53,669 - INFO - (1/1) SGF: FAILED reading mSEED.
2026-02-23 21:48:53,671 - INFO - 
2026-02-23 21:48:53,674 - INFO - ------- Parallel Station Waveform Processing Complete For 2025-04-04 20:12:35 to 2025-04-04 20:13:35 Timechunk-------
2026-02-23 21:48:53,676 - INFO - Picks saved at /home/blackwinter/projects/eqcct/eqcctpro/results/csv/bm_eq_noise_only/20250404T201235Z_20250404T201335ZProcess Runtime: 2.46 s
2026-02-23 21:48:53,679 - INFO - Successfully ran EQCCTPro, exiting...
2026-02-23 21:48:55,443 - INFO - Ray Successfully Shutdown.
2026-02-23 21:48:55,443 - INFO - ------- Successfully Picked All Waveform(s) from all Timechunk(s) -------
