2026-02-26 23:24:17,337 - INFO - 
2026-02-26 23:24:17,337 - INFO - ------- Welcome to EQCCTPro -------
2026-02-26 23:24:17,337 - INFO - 
2026-02-26 23:24:17,338 - INFO - Running EQCCT over Requested MSeed Files using CPU(s)...
2026-02-26 23:24:17,338 - INFO - GPU disabled (CPU-only).
2026-02-26 23:24:17,338 - INFO - Configured Intra-op threads = 1
2026-02-26 23:24:17,338 - INFO - Configured Inter-op threads = 1
2026-02-26 23:24:17,338 - INFO - TensorFlow: No GPUs visible; TF will proceed on CPU.
2026-02-26 23:24:17,339 - INFO - 
2026-02-26 23:24:22,965 - INFO - Ray Successfully Initialized with 4 CPU(s) ([0, 1, 2, 3] CPU Affinity Binding).
2026-02-26 23:24:22,966 - INFO - Analyzing 1 time chunk(s) from 2025-01-09 10:34:48 to 2025-01-09 10:35:48 (dt=1min, overlap=0min).
2026-02-26 23:24:22,966 - INFO - Using 2 selected station(s).
2026-02-26 23:24:22,966 - INFO - 
2026-02-26 23:24:22,966 - INFO - ------- Starting EQCCTPro... -------
2026-02-26 23:24:22,966 - INFO - Detailed subprocess information can be found in the log file.
2026-02-26 23:24:22,966 - INFO - 
2026-02-26 23:24:23,364 - INFO - GPU disabled (CPU-only).
2026-02-26 23:24:24,885 - INFO - Configured Intra-op threads = 1
2026-02-26 23:24:24,887 - INFO - Configured Inter-op threads = 1
2026-02-26 23:24:24,930 - INFO - TensorFlow: No GPUs visible; TF will proceed on CPU.
2026-02-26 23:24:24,932 - INFO - 
2026-02-26 23:24:24,934 - INFO - ------- Hardware Configuration -------
2026-02-26 23:24:24,937 - INFO - CPU affinity set to cores: [0, 1, 2, 3]
2026-02-26 23:24:24,939 - INFO - 
2026-02-26 23:24:24,941 - INFO - ------- Data Preprocessing for EQCCTPro -------
2026-02-26 23:24:24,943 - INFO - 2 station(s) in /home/blackwinter/projects/eqcct/eqcctpro/data/waveforms_explosions_nonoise/20250109T103448Z_20250109T103548Z
2026-02-26 23:24:24,945 - INFO - Using 2 selected station(s): ['OUF', 'OUL'].
2026-02-26 23:24:24,947 - INFO - Creating model actor(s)...
2026-02-26 23:24:24,950 - INFO - System RAM: Total=7870 MB, Available=3626 MB
2026-02-26 23:24:24,952 - INFO - Usable RAM budget: 7083 MB (90% of total)
2026-02-26 23:24:24,954 - INFO - ===== MEMORY-AWARE CPU ACTOR POOL (EQCCT) =====
2026-02-26 23:24:24,956 - INFO - Requested concurrent tasks: 1
2026-02-26 23:24:24,958 - INFO - Available CPUs: 4
2026-02-26 23:24:24,960 - INFO - Available RAM: 7083 MB
2026-02-26 23:24:24,961 - INFO - RAM per model: 2264 MB
2026-02-26 23:24:24,963 - INFO - Max actors by RAM: 3
2026-02-26 23:24:24,965 - INFO - Creating 1 ModelActor(s)
2026-02-26 23:24:24,966 - INFO - Let Ray handle scheduling (taskset already restricts CPU visibility)
2026-02-26 23:24:24,968 - INFO - Creating ModelActor 1/1 (2.21GB RAM each)...
2026-02-26 23:24:28,854 - INFO - ModelActor 1 created successfully.
2026-02-26 23:24:28,856 - INFO - Created 1 CPU actor(s). Task queue will handle concurrency.
2026-02-26 23:24:28,859 - INFO - Starting EQCCTPro parallelized waveform processing...
2026-02-26 23:24:28,861 - INFO - 
2026-02-26 23:24:28,863 - INFO - ------- Analyzing Seismic Waveforms for P and S Picks via EQCCT -------
2026-02-26 23:24:28,866 - INFO - Analyzing 0:01:00 minute timechunk from 2025-01-09 10:34:48 to 2025-01-09 10:35:48 (0 min overlap)
2026-02-26 23:24:28,868 - INFO - Processing a total of 2 stations, 1 at a time.
2026-02-26 23:24:32,862 - INFO - (1/2) OUF: Finished the prediction in 2.11s. (HP=1.0, LP=45.0)
2026-02-26 23:24:32,892 - INFO - (2/2) OUL: FAILED reading mSEED.
2026-02-26 23:24:32,894 - INFO - 
2026-02-26 23:24:32,896 - INFO - ------- Parallel Station Waveform Processing Complete For 2025-01-09 10:34:48 to 2025-01-09 10:35:48 Timechunk-------
2026-02-26 23:24:32,898 - INFO - Picks saved at /home/blackwinter/projects/eqcct/eqcctpro/results/csv/bm_explosions/20250109T103448Z_20250109T103548ZProcess Runtime: 4.03 s
2026-02-26 23:24:32,901 - INFO - Successfully ran EQCCTPro, exiting...
2026-02-26 23:24:34,456 - INFO - Ray Successfully Shutdown.
2026-02-26 23:24:34,456 - INFO - ------- Successfully Picked All Waveform(s) from all Timechunk(s) -------
2026-02-27 06:47:18,262 - INFO - 
2026-02-27 06:47:18,268 - INFO - ------- Welcome to EQCCTPro -------
2026-02-27 06:47:18,269 - INFO - 
2026-02-27 06:47:18,269 - INFO - Running EQCCT over Requested MSeed Files using CPU(s)...
2026-02-27 06:47:18,269 - INFO - GPU disabled (CPU-only).
2026-02-27 06:47:18,270 - INFO - Configured Intra-op threads = 1
2026-02-27 06:47:18,270 - INFO - Configured Inter-op threads = 1
2026-02-27 06:47:18,270 - INFO - TensorFlow: No GPUs visible; TF will proceed on CPU.
2026-02-27 06:47:18,270 - INFO - 
2026-02-27 06:47:23,716 - INFO - Ray Successfully Initialized with 4 CPU(s) ([0, 1, 2, 3] CPU Affinity Binding).
2026-02-27 06:47:23,716 - INFO - Analyzing 1 time chunk(s) from 2025-01-09 10:34:48 to 2025-01-09 10:35:48 (dt=1min, overlap=0min).
2026-02-27 06:47:23,716 - INFO - Using 2 selected station(s).
2026-02-27 06:47:23,716 - INFO - 
2026-02-27 06:47:23,716 - INFO - ------- Starting EQCCTPro... -------
2026-02-27 06:47:23,717 - INFO - Detailed subprocess information can be found in the log file.
2026-02-27 06:47:23,717 - INFO - 
2026-02-27 06:47:24,083 - INFO - GPU disabled (CPU-only).
2026-02-27 06:47:25,585 - INFO - Configured Intra-op threads = 1
2026-02-27 06:47:25,587 - INFO - Configured Inter-op threads = 1
2026-02-27 06:47:25,628 - INFO - TensorFlow: No GPUs visible; TF will proceed on CPU.
2026-02-27 06:47:25,630 - INFO - 
2026-02-27 06:47:25,632 - INFO - ------- Hardware Configuration -------
2026-02-27 06:47:25,634 - INFO - CPU affinity set to cores: [0, 1, 2, 3]
2026-02-27 06:47:25,636 - INFO - 
2026-02-27 06:47:25,638 - INFO - ------- Data Preprocessing for EQCCTPro -------
2026-02-27 06:47:25,639 - INFO - 2 station(s) in /home/blackwinter/projects/eqcct/eqcctpro/data/waveforms_explosions_nonoise/20250109T103448Z_20250109T103548Z
2026-02-27 06:47:25,641 - INFO - Using 2 selected station(s): ['OUF', 'OUL'].
2026-02-27 06:47:25,643 - INFO - Creating model actor(s)...
2026-02-27 06:47:25,645 - INFO - System RAM: Total=7870 MB, Available=3615 MB
2026-02-27 06:47:25,647 - INFO - Usable RAM budget: 7083 MB (90% of total)
2026-02-27 06:47:25,649 - INFO - ===== MEMORY-AWARE CPU ACTOR POOL (EQCCT) =====
2026-02-27 06:47:25,651 - INFO - Requested concurrent tasks: 1
2026-02-27 06:47:25,652 - INFO - Available CPUs: 4
2026-02-27 06:47:25,654 - INFO - Available RAM: 7083 MB
2026-02-27 06:47:25,656 - INFO - RAM per model: 2264 MB
2026-02-27 06:47:25,658 - INFO - Max actors by RAM: 3
2026-02-27 06:47:25,659 - INFO - Creating 1 ModelActor(s)
2026-02-27 06:47:25,661 - INFO - Let Ray handle scheduling (taskset already restricts CPU visibility)
2026-02-27 06:47:25,663 - INFO - Creating ModelActor 1/1 (2.21GB RAM each)...
2026-02-27 06:47:29,715 - INFO - ModelActor 1 created successfully.
2026-02-27 06:47:29,720 - INFO - Created 1 CPU actor(s). Task queue will handle concurrency.
2026-02-27 06:47:29,721 - INFO - Starting EQCCTPro parallelized waveform processing...
2026-02-27 06:47:29,723 - INFO - 
2026-02-27 06:47:29,726 - INFO - ------- Analyzing Seismic Waveforms for P and S Picks via EQCCT -------
2026-02-27 06:47:29,729 - INFO - Analyzing 0:01:00 minute timechunk from 2025-01-09 10:34:48 to 2025-01-09 10:35:48 (0 min overlap)
2026-02-27 06:47:29,731 - INFO - Processing a total of 2 stations, 1 at a time.
2026-02-27 06:47:31,611 - INFO - (1/2) OUF: Skipped (already exists - overwrite=False).
2026-02-27 06:47:31,616 - INFO - (2/2) OUL: Skipped (already exists - overwrite=False).
2026-02-27 06:47:31,618 - INFO - 
2026-02-27 06:47:31,620 - INFO - ------- Parallel Station Waveform Processing Complete For 2025-01-09 10:34:48 to 2025-01-09 10:35:48 Timechunk-------
2026-02-27 06:47:31,622 - INFO - Picks saved at /home/blackwinter/projects/eqcct/eqcctpro/results/csv/bm_explosions/20250109T103448Z_20250109T103548ZProcess Runtime: 1.90 s
2026-02-27 06:47:31,625 - INFO - Successfully ran EQCCTPro, exiting...
2026-02-27 06:47:33,283 - INFO - Ray Successfully Shutdown.
2026-02-27 06:47:33,284 - INFO - ------- Successfully Picked All Waveform(s) from all Timechunk(s) -------
