2026-03-20 06:35:39,729 - INFO - 
2026-03-20 06:35:39,730 - INFO - ------- Welcome to EQCCTPro -------
2026-03-20 06:35:39,730 - INFO - 
2026-03-20 06:35:39,730 - INFO - Running EQCCT over Requested MSeed Files using CPU(s)...
2026-03-20 06:35:39,731 - INFO - GPU disabled (CPU-only).
2026-03-20 06:35:39,731 - INFO - Configured Intra-op threads = 1
2026-03-20 06:35:39,731 - INFO - Configured Inter-op threads = 1
2026-03-20 06:35:39,731 - INFO - TensorFlow: No GPUs visible; TF will proceed on CPU.
2026-03-20 06:35:39,731 - INFO - 
2026-03-20 06:35:45,265 - INFO - Ray Successfully Initialized with 4 CPU(s) ([0, 1, 2, 3] CPU Affinity Binding).
2026-03-20 06:35:45,266 - INFO - Analyzing 1 time chunk(s) from 2025-10-30 09:32:29 to 2025-10-30 09:33:29 (dt=1min, overlap=0min).
2026-03-20 06:35:45,266 - INFO - Using 1 selected station(s).
2026-03-20 06:35:45,266 - INFO - 
2026-03-20 06:35:45,267 - INFO - ------- Starting EQCCTPro... -------
2026-03-20 06:35:45,267 - INFO - Detailed subprocess information can be found in the log file.
2026-03-20 06:35:45,267 - INFO - 
2026-03-20 06:35:45,645 - INFO - GPU disabled (CPU-only).
2026-03-20 06:35:47,114 - INFO - Configured Intra-op threads = 1
2026-03-20 06:35:47,116 - INFO - Configured Inter-op threads = 1
2026-03-20 06:35:47,159 - INFO - TensorFlow: No GPUs visible; TF will proceed on CPU.
2026-03-20 06:35:47,162 - INFO - 
2026-03-20 06:35:47,164 - INFO - ------- Hardware Configuration -------
2026-03-20 06:35:47,165 - INFO - CPU affinity set to cores: [0, 1, 2, 3]
2026-03-20 06:35:47,167 - INFO - 
2026-03-20 06:35:47,169 - INFO - ------- Data Preprocessing for EQCCTPro -------
2026-03-20 06:35:47,171 - INFO - 1 station(s) in /home/blackwinter/projects/eqcct/eqcctpro/data/waveforms_earthquakes_nonoise/20251030T093229Z_20251030T093329Z
2026-03-20 06:35:47,173 - INFO - Using 1 selected station(s): ['MEF'].
2026-03-20 06:35:47,174 - INFO - Creating model actor(s)...
2026-03-20 06:35:47,176 - INFO - System RAM: Total=7870 MB, Available=1921 MB
2026-03-20 06:35:47,178 - INFO - Usable RAM budget: 7083 MB (90% of total)
2026-03-20 06:35:47,179 - INFO - ===== MEMORY-AWARE CPU ACTOR POOL (EQCCT) =====
2026-03-20 06:35:47,181 - INFO - Requested concurrent tasks: 1
2026-03-20 06:35:47,183 - INFO - Available CPUs: 4
2026-03-20 06:35:47,185 - INFO - Available RAM: 7083 MB
2026-03-20 06:35:47,187 - INFO - RAM per model: 2264 MB
2026-03-20 06:35:47,188 - INFO - Max actors by RAM: 3
2026-03-20 06:35:47,190 - INFO - Creating 1 ModelActor(s)
2026-03-20 06:35:47,192 - INFO - Let Ray handle scheduling (taskset already restricts CPU visibility)
2026-03-20 06:35:47,194 - INFO - Creating ModelActor 1/1 (2.21GB RAM each)...
2026-03-20 06:35:51,148 - INFO - ModelActor 1 created successfully.
2026-03-20 06:35:51,151 - INFO - Created 1 CPU actor(s). Task queue will handle concurrency.
2026-03-20 06:35:51,152 - INFO - Starting EQCCTPro parallelized waveform processing...
2026-03-20 06:35:51,154 - INFO - 
2026-03-20 06:35:51,156 - INFO - ------- Analyzing Seismic Waveforms for P and S Picks via EQCCT -------
2026-03-20 06:35:51,158 - INFO - Analyzing 0:01:00 minute timechunk from 2025-10-30 09:32:29 to 2025-10-30 09:33:29 (0 min overlap)
2026-03-20 06:35:51,160 - INFO - Processing a total of 1 stations, 1 at a time.
2026-03-20 06:35:55,421 - INFO - (1/1) MEF: Finished the prediction in 2.34s. (HP=1.0, LP=45.0)
2026-03-20 06:35:55,427 - INFO - 
2026-03-20 06:35:55,430 - INFO - ------- Parallel Station Waveform Processing Complete For 2025-10-30 09:32:29 to 2025-10-30 09:33:29 Timechunk-------
2026-03-20 06:35:55,432 - INFO - Picks saved at /home/blackwinter/projects/eqcct/eqcctpro/results/csv/eqcct_earthquakes_th0_1/20251030T093229Z_20251030T093329ZProcess Runtime: 4.28 s
2026-03-20 06:35:55,438 - INFO - Successfully ran EQCCTPro, exiting...
2026-03-20 06:35:56,951 - INFO - Ray Successfully Shutdown.
2026-03-20 06:35:56,951 - INFO - ------- Successfully Picked All Waveform(s) from all Timechunk(s) -------
