2026-03-28 21:38:02,037 - INFO - 
2026-03-28 21:38:02,037 - INFO - ------- Welcome to EQCCTPro -------
2026-03-28 21:38:02,037 - INFO - 
2026-03-28 21:38:02,038 - INFO - Running EQCCT over Requested MSeed Files using CPU(s)...
2026-03-28 21:38:02,038 - INFO - GPU disabled (CPU-only).
2026-03-29 08:27:12,515 - INFO - 
2026-03-29 08:27:12,516 - INFO - ------- Welcome to EQCCTPro -------
2026-03-29 08:27:12,516 - INFO - 
2026-03-29 08:27:12,516 - INFO - Running EQCCT over Requested MSeed Files using CPU(s)...
2026-03-29 08:27:12,517 - INFO - GPU disabled (CPU-only).
2026-03-29 08:27:12,517 - INFO - Configured Intra-op threads = 1
2026-03-29 08:27:12,517 - INFO - Configured Inter-op threads = 1
2026-03-29 08:27:12,517 - INFO - TensorFlow: No GPUs visible; TF will proceed on CPU.
2026-03-29 08:27:12,517 - INFO - 
2026-03-29 08:27:17,626 - INFO - Ray Successfully Initialized with 4 CPU(s) ([0, 1, 2, 3] CPU Affinity Binding).
2026-03-29 08:27:17,626 - INFO - Analyzing 1 time chunk(s) from 2025-01-25 00:54:33 to 2025-01-25 00:55:33 (dt=1min, overlap=0min).
2026-03-29 08:27:17,626 - INFO - Using 1 selected station(s).
2026-03-29 08:27:17,626 - INFO - 
2026-03-29 08:27:17,627 - INFO - ------- Starting EQCCTPro... -------
2026-03-29 08:27:17,627 - INFO - Detailed subprocess information can be found in the log file.
2026-03-29 08:27:17,627 - INFO - 
2026-03-29 08:27:18,051 - INFO - GPU disabled (CPU-only).
2026-03-29 08:27:19,723 - INFO - Configured Intra-op threads = 1
2026-03-29 08:27:19,726 - INFO - Configured Inter-op threads = 1
2026-03-29 08:27:19,779 - INFO - TensorFlow: No GPUs visible; TF will proceed on CPU.
2026-03-29 08:27:19,782 - INFO - 
2026-03-29 08:27:19,786 - INFO - ------- Hardware Configuration -------
2026-03-29 08:27:19,790 - INFO - CPU affinity set to cores: [0, 1, 2, 3]
2026-03-29 08:27:19,793 - INFO - 
2026-03-29 08:27:19,795 - INFO - ------- Data Preprocessing for EQCCTPro -------
2026-03-29 08:27:19,797 - INFO - 1 station(s) in /home/blackwinter/projects/eqcct/eqcctpro/data/waveforms_explosions_nonoise/20250125T005433Z_20250125T005533Z
2026-03-29 08:27:19,800 - INFO - Using 1 selected station(s): ['OUL'].
2026-03-29 08:27:19,802 - INFO - Creating model actor(s)...
2026-03-29 08:27:19,805 - INFO - System RAM: Total=7870 MB, Available=2930 MB
2026-03-29 08:27:19,807 - INFO - Usable RAM budget: 7083 MB (90% of total)
2026-03-29 08:27:19,810 - INFO - ===== MEMORY-AWARE CPU ACTOR POOL (EQCCT) =====
2026-03-29 08:27:19,812 - INFO - Requested concurrent tasks: 1
2026-03-29 08:27:19,815 - INFO - Available CPUs: 4
2026-03-29 08:27:19,817 - INFO - Available RAM: 7083 MB
2026-03-29 08:27:19,820 - INFO - RAM per model: 2264 MB
2026-03-29 08:27:19,823 - INFO - Max actors by RAM: 3
2026-03-29 08:27:19,826 - INFO - Creating 1 ModelActor(s)
2026-03-29 08:27:19,828 - INFO - Let Ray handle scheduling (taskset already restricts CPU visibility)
2026-03-29 08:27:19,831 - INFO - Creating ModelActor 1/1 (2.21GB RAM each)...
2026-03-29 08:27:24,232 - INFO - ModelActor 1 created successfully.
2026-03-29 08:27:24,234 - INFO - Created 1 CPU actor(s). Task queue will handle concurrency.
2026-03-29 08:27:24,237 - INFO - Starting EQCCTPro parallelized waveform processing...
2026-03-29 08:27:24,240 - INFO - 
2026-03-29 08:27:24,243 - INFO - ------- Analyzing Seismic Waveforms for P and S Picks via EQCCT -------
2026-03-29 08:27:24,246 - INFO - Analyzing 0:01:00 minute timechunk from 2025-01-25 00:54:33 to 2025-01-25 00:55:33 (0 min overlap)
2026-03-29 08:27:24,248 - INFO - Processing a total of 1 stations, 1 at a time.
2026-03-29 08:27:26,932 - INFO - (1/1) OUL: FAILED reading mSEED.
2026-03-29 08:27:26,935 - INFO - 
2026-03-29 08:27:26,938 - INFO - ------- Parallel Station Waveform Processing Complete For 2025-01-25 00:54:33 to 2025-01-25 00:55:33 Timechunk-------
2026-03-29 08:27:26,941 - INFO - Picks saved at /home/blackwinter/projects/eqcct/eqcctpro/results/csv/eqcct_explosions_th0_1/20250125T005433Z_20250125T005533ZProcess Runtime: 2.70 s
2026-03-29 08:27:26,945 - INFO - Successfully ran EQCCTPro, exiting...
2026-03-29 08:27:28,653 - INFO - Ray Successfully Shutdown.
2026-03-29 08:27:28,653 - INFO - ------- Successfully Picked All Waveform(s) from all Timechunk(s) -------
