2026-03-28 13:52:40,484 - INFO - 
2026-03-28 13:52:40,484 - INFO - ------- Welcome to EQCCTPro -------
2026-03-28 13:52:40,484 - INFO - 
2026-03-28 13:52:40,485 - INFO - Running EQCCT over Requested MSeed Files using CPU(s)...
2026-03-28 13:52:40,485 - INFO - GPU disabled (CPU-only).
2026-03-28 13:52:40,485 - INFO - Skipping framework-specific initialization in the driver process.
2026-03-28 13:52:42,106 - INFO - Ray Successfully Initialized with 4 CPU(s) ([0, 1, 2, 3] CPU Affinity Binding).
2026-03-28 13:52:42,107 - INFO - Analyzing 1 time chunk(s) from 2025-01-13 06:42:58 to 2025-01-13 06:43:58 (dt=1min, overlap=0min).
2026-03-28 13:52:42,107 - INFO - Using 1 selected station(s).
2026-03-28 13:52:42,107 - INFO - 
2026-03-28 13:52:42,107 - INFO - ------- Starting EQCCTPro... -------
2026-03-28 13:52:42,108 - INFO - Detailed subprocess information can be found in the log file.
2026-03-28 13:52:42,108 - INFO - 
2026-03-28 13:52:42,419 - INFO - GPU disabled (CPU-only).
2026-03-28 13:52:42,424 - INFO - Skipping framework-specific initialization in the driver process.
2026-03-28 13:52:42,427 - INFO - ------- Hardware Configuration -------
2026-03-28 13:52:42,432 - INFO - CPU affinity set to cores: [0, 1, 2, 3]
2026-03-28 13:52:42,435 - INFO - 
2026-03-28 13:52:42,438 - INFO - ------- Data Preprocessing for EQCCTPro -------
2026-03-28 13:52:42,441 - INFO - 1 station(s) in /home/blackwinter/projects/eqcct/eqcctpro/data/waveforms_noise_only/20250113T064258Z_20250113T064358Z
2026-03-28 13:52:42,445 - INFO - Using 1 selected station(s): ['MEF'].
2026-03-28 13:52:42,449 - INFO - Creating model actor(s)...
2026-03-28 13:52:42,452 - INFO - System RAM: Total=7870 MB, Available=4404 MB
2026-03-28 13:52:42,456 - INFO - Usable RAM budget: 7083 MB (90% of total)
2026-03-28 13:52:42,459 - INFO - ===== MEMORY-AWARE CPU ACTOR POOL =====
2026-03-28 13:52:42,462 - INFO - Requested concurrent tasks: 1
2026-03-28 13:52:42,465 - INFO - Available CPUs: 4
2026-03-28 13:52:42,468 - INFO - Available RAM: 7083 MB
2026-03-28 13:52:42,471 - INFO - RAM per model: 2060 MB
2026-03-28 13:52:42,473 - INFO - Max actors by RAM: 3
2026-03-28 13:52:42,475 - INFO - Creating 1 SeisBenchModelActor(s)
2026-03-28 13:52:42,478 - INFO - Let Ray handle scheduling (taskset already restricts CPU visibility)
2026-03-28 13:52:42,481 - INFO - Creating SeisBenchModelActor 1/1 (2.01GB RAM each)...
2026-03-28 13:52:45,561 - INFO - SeisBenchModelActor 1 created successfully.
2026-03-28 13:52:45,565 - INFO - Created 1 CPU actor(s). Task queue will handle concurrency.
2026-03-28 13:52:45,567 - INFO - Starting EQCCTPro parallelized waveform processing...
2026-03-28 13:52:45,569 - INFO - 
2026-03-28 13:52:45,572 - INFO - ------- Analyzing Seismic Waveforms for P and S Picks via SeisBench (EQTransformer - original_nonconservative) -------
2026-03-28 13:52:45,576 - INFO - Analyzing 0:01:00 minute timechunk from 2025-01-13 06:42:58 to 2025-01-13 06:43:58 (0 min overlap)
2026-03-28 13:52:45,579 - INFO - Processing a total of 1 stations, 1 at a time.
2026-03-28 13:52:48,058 - INFO - (1/1) MEF: Finished the prediction in 0.14s. (HP=1.0, LP=45.0, picks=0)
2026-03-28 13:52:48,060 - INFO - 
2026-03-28 13:52:48,063 - INFO - ------- Parallel Station Waveform Processing Complete For 2025-01-13 06:42:58 to 2025-01-13 06:43:58 Timechunk-------
2026-03-28 13:52:48,067 - INFO - Picks saved at /home/blackwinter/projects/eqcct/eqcctpro/results/csv/eqt_noise_th0_1/20250113T064258Z_20250113T064358ZProcess Runtime: 2.49 s
2026-03-28 13:52:48,073 - INFO - Successfully ran EQCCTPro, exiting...
2026-03-28 13:52:49,898 - INFO - Ray Successfully Shutdown.
2026-03-28 13:52:49,898 - INFO - ------- Successfully Picked All Waveform(s) from all Timechunk(s) -------
