2026-03-27 19:10:42,602 - INFO - 
2026-03-27 19:10:42,603 - INFO - ------- Welcome to EQCCTPro -------
2026-03-27 19:10:42,603 - INFO - 
2026-03-27 19:10:42,603 - INFO - Running EQCCT over Requested MSeed Files using CPU(s)...
2026-03-27 19:10:42,603 - INFO - GPU disabled (CPU-only).
2026-03-27 19:10:42,603 - INFO - Skipping framework-specific initialization in the driver process.
2026-03-27 19:10:45,070 - INFO - Ray Successfully Initialized with 4 CPU(s) ([0, 1, 2, 3] CPU Affinity Binding).
2026-03-27 19:10:45,070 - INFO - Analyzing 1 time chunk(s) from 2025-06-18 03:29:18 to 2025-06-18 03:30:18 (dt=1min, overlap=0min).
2026-03-27 19:10:45,071 - INFO - Using 1 selected station(s).
2026-03-27 19:10:45,071 - INFO - 
2026-03-27 19:10:45,072 - INFO - ------- Starting EQCCTPro... -------
2026-03-27 19:10:45,072 - INFO - Detailed subprocess information can be found in the log file.
2026-03-27 19:10:45,072 - INFO - 
2026-03-27 19:10:45,345 - INFO - GPU disabled (CPU-only).
2026-03-27 19:10:45,349 - INFO - Skipping framework-specific initialization in the driver process.
2026-03-27 19:10:45,353 - INFO - ------- Hardware Configuration -------
2026-03-27 19:10:45,355 - INFO - CPU affinity set to cores: [0, 1, 2, 3]
2026-03-27 19:10:45,358 - INFO - 
2026-03-27 19:10:45,360 - INFO - ------- Data Preprocessing for EQCCTPro -------
2026-03-27 19:10:45,362 - INFO - 1 station(s) in /home/blackwinter/projects/eqcct/eqcctpro/data/waveforms_earthquakes_nonoise/20250618T032918Z_20250618T033018Z
2026-03-27 19:10:45,365 - INFO - Using 1 selected station(s): ['OUL'].
2026-03-27 19:10:45,367 - INFO - Creating model actor(s)...
2026-03-27 19:10:45,370 - INFO - System RAM: Total=7870 MB, Available=5996 MB
2026-03-27 19:10:45,372 - INFO - Usable RAM budget: 7083 MB (90% of total)
2026-03-27 19:10:45,374 - INFO - ===== MEMORY-AWARE CPU ACTOR POOL =====
2026-03-27 19:10:45,377 - INFO - Requested concurrent tasks: 1
2026-03-27 19:10:45,379 - INFO - Available CPUs: 4
2026-03-27 19:10:45,381 - INFO - Available RAM: 7083 MB
2026-03-27 19:10:45,384 - INFO - RAM per model: 2060 MB
2026-03-27 19:10:45,386 - INFO - Max actors by RAM: 3
2026-03-27 19:10:45,389 - INFO - Creating 1 SeisBenchModelActor(s)
2026-03-27 19:10:45,392 - INFO - Let Ray handle scheduling (taskset already restricts CPU visibility)
2026-03-27 19:10:45,395 - INFO - Creating SeisBenchModelActor 1/1 (2.01GB RAM each)...
2026-03-27 19:10:48,574 - INFO - SeisBenchModelActor 1 created successfully.
2026-03-27 19:10:48,576 - INFO - Created 1 CPU actor(s). Task queue will handle concurrency.
2026-03-27 19:10:48,579 - INFO - Starting EQCCTPro parallelized waveform processing...
2026-03-27 19:10:48,581 - INFO - 
2026-03-27 19:10:48,583 - INFO - ------- Analyzing Seismic Waveforms for P and S Picks via SeisBench (EQTransformer - original_nonconservative) -------
2026-03-27 19:10:48,586 - INFO - Analyzing 0:01:00 minute timechunk from 2025-06-18 03:29:18 to 2025-06-18 03:30:18 (0 min overlap)
2026-03-27 19:10:48,588 - INFO - Processing a total of 1 stations, 1 at a time.
2026-03-27 19:10:50,781 - INFO - (1/1) OUL: Finished the prediction in 0.13s. (HP=1.0, LP=45.0, picks=0)
2026-03-27 19:10:50,783 - INFO - 
2026-03-27 19:10:50,785 - INFO - ------- Parallel Station Waveform Processing Complete For 2025-06-18 03:29:18 to 2025-06-18 03:30:18 Timechunk-------
2026-03-27 19:10:50,787 - INFO - Picks saved at /home/blackwinter/projects/eqcct/eqcctpro/results/csv/eqt_earthquakes_th0_1/20250618T032918Z_20250618T033018ZProcess Runtime: 2.20 s
2026-03-27 19:10:50,791 - INFO - Successfully ran EQCCTPro, exiting...
2026-03-27 19:10:52,295 - INFO - Ray Successfully Shutdown.
2026-03-27 19:10:52,295 - INFO - ------- Successfully Picked All Waveform(s) from all Timechunk(s) -------
2026-03-28 01:37:52,887 - INFO - 
2026-03-28 01:37:52,887 - INFO - ------- Welcome to EQCCTPro -------
2026-03-28 01:37:52,887 - INFO - 
2026-03-28 01:37:52,888 - INFO - Running EQCCT over Requested MSeed Files using CPU(s)...
2026-03-28 01:37:52,888 - INFO - GPU disabled (CPU-only).
2026-03-28 01:37:52,889 - INFO - Skipping framework-specific initialization in the driver process.
2026-03-28 01:37:55,320 - INFO - Ray Successfully Initialized with 4 CPU(s) ([0, 1, 2, 3] CPU Affinity Binding).
2026-03-28 01:37:55,321 - INFO - Analyzing 1 time chunk(s) from 2025-06-18 03:29:18 to 2025-06-18 03:30:18 (dt=1min, overlap=0min).
2026-03-28 01:37:55,321 - INFO - Using 1 selected station(s).
2026-03-28 01:37:55,321 - INFO - 
2026-03-28 01:37:55,321 - INFO - ------- Starting EQCCTPro... -------
2026-03-28 01:37:55,321 - INFO - Detailed subprocess information can be found in the log file.
2026-03-28 01:37:55,322 - INFO - 
2026-03-28 01:37:55,630 - INFO - GPU disabled (CPU-only).
2026-03-28 01:37:55,635 - INFO - Skipping framework-specific initialization in the driver process.
2026-03-28 01:37:55,638 - INFO - ------- Hardware Configuration -------
2026-03-28 01:37:55,641 - INFO - CPU affinity set to cores: [0, 1, 2, 3]
2026-03-28 01:37:55,643 - INFO - 
2026-03-28 01:37:55,646 - INFO - ------- Data Preprocessing for EQCCTPro -------
2026-03-28 01:37:55,648 - INFO - 1 station(s) in /home/blackwinter/projects/eqcct/eqcctpro/data/waveforms_earthquakes_nonoise/20250618T032918Z_20250618T033018Z
2026-03-28 01:37:55,650 - INFO - Using 1 selected station(s): ['OUL'].
2026-03-28 01:37:55,652 - INFO - Creating model actor(s)...
2026-03-28 01:37:55,654 - INFO - System RAM: Total=7870 MB, Available=5886 MB
2026-03-28 01:37:55,657 - INFO - Usable RAM budget: 7083 MB (90% of total)
2026-03-28 01:37:55,659 - INFO - ===== MEMORY-AWARE CPU ACTOR POOL =====
2026-03-28 01:37:55,661 - INFO - Requested concurrent tasks: 1
2026-03-28 01:37:55,664 - INFO - Available CPUs: 4
2026-03-28 01:37:55,666 - INFO - Available RAM: 7083 MB
2026-03-28 01:37:55,669 - INFO - RAM per model: 2060 MB
2026-03-28 01:37:55,672 - INFO - Max actors by RAM: 3
2026-03-28 01:37:55,674 - INFO - Creating 1 SeisBenchModelActor(s)
2026-03-28 01:37:55,676 - INFO - Let Ray handle scheduling (taskset already restricts CPU visibility)
2026-03-28 01:37:55,679 - INFO - Creating SeisBenchModelActor 1/1 (2.01GB RAM each)...
2026-03-28 01:37:58,982 - INFO - SeisBenchModelActor 1 created successfully.
2026-03-28 01:37:58,984 - INFO - Created 1 CPU actor(s). Task queue will handle concurrency.
2026-03-28 01:37:58,987 - INFO - Starting EQCCTPro parallelized waveform processing...
2026-03-28 01:37:58,990 - INFO - 
2026-03-28 01:37:58,993 - INFO - ------- Analyzing Seismic Waveforms for P and S Picks via SeisBench (EQTransformer - original_nonconservative) -------
2026-03-28 01:37:58,996 - INFO - Analyzing 0:01:00 minute timechunk from 2025-06-18 03:29:18 to 2025-06-18 03:30:18 (0 min overlap)
2026-03-28 01:37:58,998 - INFO - Processing a total of 1 stations, 1 at a time.
2026-03-28 01:38:01,071 - INFO - (1/1) OUL: Skipped (already exists - overwrite=False).
2026-03-28 01:38:01,073 - INFO - 
2026-03-28 01:38:01,076 - INFO - ------- Parallel Station Waveform Processing Complete For 2025-06-18 03:29:18 to 2025-06-18 03:30:18 Timechunk-------
2026-03-28 01:38:01,079 - INFO - Picks saved at /home/blackwinter/projects/eqcct/eqcctpro/results/csv/eqt_earthquakes_th0_1/20250618T032918Z_20250618T033018ZProcess Runtime: 2.09 s
2026-03-28 01:38:01,084 - INFO - Successfully ran EQCCTPro, exiting...
2026-03-28 01:38:02,556 - INFO - Ray Successfully Shutdown.
2026-03-28 01:38:02,556 - INFO - ------- Successfully Picked All Waveform(s) from all Timechunk(s) -------
