2026-03-10 19:16:25,664 - INFO - 
2026-03-10 19:16:25,665 - INFO - ------- Welcome to EQCCTPro -------
2026-03-10 19:16:25,665 - INFO - 
2026-03-10 19:16:25,665 - INFO - Running EQCCT over Requested MSeed Files using CPU(s)...
2026-03-10 19:16:25,665 - INFO - GPU disabled (CPU-only).
2026-03-10 19:16:25,666 - INFO - Configured Intra-op threads = 1
2026-03-10 19:16:25,666 - INFO - Configured Inter-op threads = 1
2026-03-10 19:16:25,666 - INFO - TensorFlow: No GPUs visible; TF will proceed on CPU.
2026-03-10 19:16:25,666 - INFO - 
2026-03-10 19:16:31,415 - INFO - Ray Successfully Initialized with 4 CPU(s) ([0, 1, 2, 3] CPU Affinity Binding).
2026-03-10 19:16:31,416 - INFO - Analyzing 1 time chunk(s) from 2025-01-04 08:58:33 to 2025-01-04 08:59:33 (dt=1min, overlap=0min).
2026-03-10 19:16:31,416 - INFO - Using 1 selected station(s).
2026-03-10 19:16:31,416 - INFO - 
2026-03-10 19:16:31,416 - INFO - ------- Starting EQCCTPro... -------
2026-03-10 19:16:31,416 - INFO - Detailed subprocess information can be found in the log file.
2026-03-10 19:16:31,417 - INFO - 
2026-03-10 19:16:31,828 - INFO - GPU disabled (CPU-only).
2026-03-10 19:16:33,519 - INFO - Configured Intra-op threads = 1
2026-03-10 19:16:33,522 - INFO - Configured Inter-op threads = 1
2026-03-10 19:16:33,572 - INFO - TensorFlow: No GPUs visible; TF will proceed on CPU.
2026-03-10 19:16:33,574 - INFO - 
2026-03-10 19:16:33,576 - INFO - ------- Hardware Configuration -------
2026-03-10 19:16:33,579 - INFO - CPU affinity set to cores: [0, 1, 2, 3]
2026-03-10 19:16:33,581 - INFO - 
2026-03-10 19:16:33,583 - INFO - ------- Data Preprocessing for EQCCTPro -------
2026-03-10 19:16:33,586 - INFO - 1 station(s) in /home/blackwinter/projects/eqcct/eqcctpro/data/waveforms_noise_only/20250104T085833Z_20250104T085933Z
2026-03-10 19:16:33,587 - INFO - Using 1 selected station(s): ['FIC2'].
2026-03-10 19:16:33,589 - INFO - Creating model actor(s)...
2026-03-10 19:16:33,591 - INFO - System RAM: Total=7870 MB, Available=3695 MB
2026-03-10 19:16:33,593 - INFO - Usable RAM budget: 7083 MB (90% of total)
2026-03-10 19:16:33,595 - INFO - ===== MEMORY-AWARE CPU ACTOR POOL (EQCCT) =====
2026-03-10 19:16:33,597 - INFO - Requested concurrent tasks: 1
2026-03-10 19:16:33,599 - INFO - Available CPUs: 4
2026-03-10 19:16:33,601 - INFO - Available RAM: 7083 MB
2026-03-10 19:16:33,604 - INFO - RAM per model: 2264 MB
2026-03-10 19:16:33,607 - INFO - Max actors by RAM: 3
2026-03-10 19:16:33,610 - INFO - Creating 1 ModelActor(s)
2026-03-10 19:16:33,612 - INFO - Let Ray handle scheduling (taskset already restricts CPU visibility)
2026-03-10 19:16:33,615 - INFO - Creating ModelActor 1/1 (2.21GB RAM each)...
2026-03-10 19:16:37,992 - INFO - ModelActor 1 created successfully.
2026-03-10 19:16:37,995 - INFO - Created 1 CPU actor(s). Task queue will handle concurrency.
2026-03-10 19:16:37,997 - INFO - Starting EQCCTPro parallelized waveform processing...
2026-03-10 19:16:37,999 - INFO - 
2026-03-10 19:16:38,002 - INFO - ------- Analyzing Seismic Waveforms for P and S Picks via EQCCT -------
2026-03-10 19:16:38,004 - INFO - Analyzing 0:01:00 minute timechunk from 2025-01-04 08:58:33 to 2025-01-04 08:59:33 (0 min overlap)
2026-03-10 19:16:38,006 - INFO - Processing a total of 1 stations, 1 at a time.
2026-03-10 19:16:42,583 - INFO - (1/1) FIC2: Finished the prediction in 2.25s. (HP=1.0, LP=45.0)
2026-03-10 19:16:42,585 - INFO - 
2026-03-10 19:16:42,588 - INFO - ------- Parallel Station Waveform Processing Complete For 2025-01-04 08:58:33 to 2025-01-04 08:59:33 Timechunk-------
2026-03-10 19:16:42,590 - INFO - Picks saved at /home/blackwinter/projects/eqcct/eqcctpro/results/csv/bm_noise_only/20250104T085833Z_20250104T085933ZProcess Runtime: 4.59 s
2026-03-10 19:16:42,595 - INFO - Successfully ran EQCCTPro, exiting...
2026-03-10 19:16:43,988 - INFO - Ray Successfully Shutdown.
2026-03-10 19:16:43,989 - INFO - ------- Successfully Picked All Waveform(s) from all Timechunk(s) -------
2026-03-11 10:32:56,917 - INFO - 
2026-03-11 10:32:56,924 - INFO - ------- Welcome to EQCCTPro -------
2026-03-11 10:32:56,924 - INFO - 
2026-03-11 10:32:56,925 - INFO - Running EQCCT over Requested MSeed Files using CPU(s)...
2026-03-11 10:32:56,925 - INFO - GPU disabled (CPU-only).
2026-03-11 10:32:56,925 - INFO - Configured Intra-op threads = 1
2026-03-11 10:32:56,925 - INFO - Configured Inter-op threads = 1
2026-03-11 10:32:56,925 - INFO - TensorFlow: No GPUs visible; TF will proceed on CPU.
2026-03-11 10:32:56,926 - INFO - 
2026-03-11 10:33:02,118 - INFO - Ray Successfully Initialized with 4 CPU(s) ([0, 1, 2, 3] CPU Affinity Binding).
2026-03-11 10:33:02,118 - INFO - Analyzing 1 time chunk(s) from 2025-01-04 08:58:33 to 2025-01-04 08:59:33 (dt=1min, overlap=0min).
2026-03-11 10:33:02,119 - INFO - Using 1 selected station(s).
2026-03-11 10:33:02,119 - INFO - 
2026-03-11 10:33:02,119 - INFO - ------- Starting EQCCTPro... -------
2026-03-11 10:33:02,120 - INFO - Detailed subprocess information can be found in the log file.
2026-03-11 10:33:02,120 - INFO - 
2026-03-11 10:33:02,485 - INFO - GPU disabled (CPU-only).
2026-03-11 10:33:04,013 - INFO - Configured Intra-op threads = 1
2026-03-11 10:33:04,016 - INFO - Configured Inter-op threads = 1
2026-03-11 10:33:04,060 - INFO - TensorFlow: No GPUs visible; TF will proceed on CPU.
2026-03-11 10:33:04,063 - INFO - 
2026-03-11 10:33:04,065 - INFO - ------- Hardware Configuration -------
2026-03-11 10:33:04,068 - INFO - CPU affinity set to cores: [0, 1, 2, 3]
2026-03-11 10:33:04,070 - INFO - 
2026-03-11 10:33:04,072 - INFO - ------- Data Preprocessing for EQCCTPro -------
2026-03-11 10:33:04,074 - INFO - 1 station(s) in /home/blackwinter/projects/eqcct/eqcctpro/data/waveforms_noise_only/20250104T085833Z_20250104T085933Z
2026-03-11 10:33:04,077 - INFO - Using 1 selected station(s): ['FIC2'].
2026-03-11 10:33:04,079 - INFO - Creating model actor(s)...
2026-03-11 10:33:04,081 - INFO - System RAM: Total=7870 MB, Available=4457 MB
2026-03-11 10:33:04,083 - INFO - Usable RAM budget: 7083 MB (90% of total)
2026-03-11 10:33:04,085 - INFO - ===== MEMORY-AWARE CPU ACTOR POOL (EQCCT) =====
2026-03-11 10:33:04,087 - INFO - Requested concurrent tasks: 1
2026-03-11 10:33:04,090 - INFO - Available CPUs: 4
2026-03-11 10:33:04,092 - INFO - Available RAM: 7083 MB
2026-03-11 10:33:04,094 - INFO - RAM per model: 2264 MB
2026-03-11 10:33:04,096 - INFO - Max actors by RAM: 3
2026-03-11 10:33:04,098 - INFO - Creating 1 ModelActor(s)
2026-03-11 10:33:04,100 - INFO - Let Ray handle scheduling (taskset already restricts CPU visibility)
2026-03-11 10:33:04,102 - INFO - Creating ModelActor 1/1 (2.21GB RAM each)...
2026-03-11 10:33:08,043 - INFO - ModelActor 1 created successfully.
2026-03-11 10:33:08,045 - INFO - Created 1 CPU actor(s). Task queue will handle concurrency.
2026-03-11 10:33:08,047 - INFO - Starting EQCCTPro parallelized waveform processing...
2026-03-11 10:33:08,048 - INFO - 
2026-03-11 10:33:08,050 - INFO - ------- Analyzing Seismic Waveforms for P and S Picks via EQCCT -------
2026-03-11 10:33:08,052 - INFO - Analyzing 0:01:00 minute timechunk from 2025-01-04 08:58:33 to 2025-01-04 08:59:33 (0 min overlap)
2026-03-11 10:33:08,054 - INFO - Processing a total of 1 stations, 1 at a time.
2026-03-11 10:33:10,030 - INFO - (1/1) FIC2: Skipped (already exists - overwrite=False).
2026-03-11 10:33:10,034 - INFO - 
2026-03-11 10:33:10,036 - INFO - ------- Parallel Station Waveform Processing Complete For 2025-01-04 08:58:33 to 2025-01-04 08:59:33 Timechunk-------
2026-03-11 10:33:10,039 - INFO - Picks saved at /home/blackwinter/projects/eqcct/eqcctpro/results/csv/bm_noise_only/20250104T085833Z_20250104T085933ZProcess Runtime: 1.99 s
2026-03-11 10:33:10,043 - INFO - Successfully ran EQCCTPro, exiting...
2026-03-11 10:33:11,627 - INFO - Ray Successfully Shutdown.
2026-03-11 10:33:11,627 - INFO - ------- Successfully Picked All Waveform(s) from all Timechunk(s) -------
