2026-03-27 16:55:36,430 - INFO - 
2026-03-27 16:55:36,431 - INFO - ------- Welcome to EQCCTPro -------
2026-03-27 16:55:36,431 - INFO - 
2026-03-27 16:55:36,432 - INFO - Running EQCCT over Requested MSeed Files using CPU(s)...
2026-03-27 16:55:36,432 - INFO - GPU disabled (CPU-only).
2026-03-27 16:55:36,432 - INFO - Skipping framework-specific initialization in the driver process.
2026-03-27 16:55:47,742 - INFO - Ray Successfully Initialized with 4 CPU(s) ([0, 1, 2, 3] CPU Affinity Binding).
2026-03-27 16:55:47,743 - INFO - Analyzing 1 time chunk(s) from 2025-01-07 04:14:21 to 2025-01-07 04:15:21 (dt=1min, overlap=0min).
2026-03-27 16:55:47,743 - INFO - Using 1 selected station(s).
2026-03-27 16:55:47,743 - INFO - 
2026-03-27 16:55:47,744 - INFO - ------- Starting EQCCTPro... -------
2026-03-27 16:55:47,744 - INFO - Detailed subprocess information can be found in the log file.
2026-03-27 16:55:47,744 - INFO - 
2026-03-27 16:55:49,068 - INFO - GPU disabled (CPU-only).
2026-03-27 16:55:50,335 - INFO - Skipping framework-specific initialization in the driver process.
2026-03-27 16:55:50,341 - INFO - ------- Hardware Configuration -------
2026-03-27 16:55:50,346 - INFO - CPU affinity set to cores: [0, 1, 2, 3]
2026-03-27 16:55:50,351 - INFO - 
2026-03-27 16:55:50,356 - INFO - ------- Data Preprocessing for EQCCTPro -------
2026-03-27 16:55:50,361 - INFO - 1 station(s) in /home/blackwinter/projects/eqcct/eqcctpro/data/waveforms_earthquakes_nonoise/20250107T041421Z_20250107T041521Z
2026-03-27 16:55:50,378 - INFO - Using 1 selected station(s): ['OBF8'].
2026-03-27 16:55:50,388 - INFO - Creating model actor(s)...
2026-03-27 16:55:50,425 - INFO - System RAM: Total=7870 MB, Available=5397 MB
2026-03-27 16:55:50,440 - INFO - Usable RAM budget: 7083 MB (90% of total)
2026-03-27 16:55:50,457 - INFO - ===== MEMORY-AWARE CPU ACTOR POOL =====
2026-03-27 16:55:50,461 - INFO - Requested concurrent tasks: 1
2026-03-27 16:55:50,466 - INFO - Available CPUs: 4
2026-03-27 16:55:50,474 - INFO - Available RAM: 7083 MB
2026-03-27 16:55:50,479 - INFO - RAM per model: 2060 MB
2026-03-27 16:55:50,493 - INFO - Max actors by RAM: 3
2026-03-27 16:55:50,497 - INFO - Creating 1 SeisBenchModelActor(s)
2026-03-27 16:55:50,508 - INFO - Let Ray handle scheduling (taskset already restricts CPU visibility)
2026-03-27 16:55:50,515 - INFO - Creating SeisBenchModelActor 1/1 (2.01GB RAM each)...
2026-03-27 16:56:01,695 - INFO - SeisBenchModelActor 1 created successfully.
2026-03-27 16:56:01,706 - INFO - Created 1 CPU actor(s). Task queue will handle concurrency.
2026-03-27 16:56:01,725 - INFO - Starting EQCCTPro parallelized waveform processing...
2026-03-27 16:56:01,729 - INFO - 
2026-03-27 16:56:01,759 - INFO - ------- Analyzing Seismic Waveforms for P and S Picks via SeisBench (EQTransformer - original_nonconservative) -------
2026-03-27 16:56:01,772 - INFO - Analyzing 0:01:00 minute timechunk from 2025-01-07 04:14:21 to 2025-01-07 04:15:21 (0 min overlap)
2026-03-27 16:56:01,777 - INFO - Processing a total of 1 stations, 1 at a time.
2026-03-27 16:56:10,925 - INFO - (1/1) OBF8: Finished the prediction in 0.38s. (HP=1.0, LP=45.0, picks=0)
2026-03-27 16:56:10,929 - INFO - 
2026-03-27 16:56:10,935 - INFO - ------- Parallel Station Waveform Processing Complete For 2025-01-07 04:14:21 to 2025-01-07 04:15:21 Timechunk-------
2026-03-27 16:56:10,940 - INFO - Picks saved at /home/blackwinter/projects/eqcct/eqcctpro/results/csv/eqt_earthquakes_th0_1/20250107T041421Z_20250107T041521ZProcess Runtime: 9.18 s
2026-03-27 16:56:10,961 - INFO - Successfully ran EQCCTPro, exiting...
2026-03-27 16:56:12,646 - INFO - Ray Successfully Shutdown.
2026-03-27 16:56:12,646 - INFO - ------- Successfully Picked All Waveform(s) from all Timechunk(s) -------
2026-03-27 23:28:34,506 - INFO - 
2026-03-27 23:28:34,506 - INFO - ------- Welcome to EQCCTPro -------
2026-03-27 23:28:34,506 - INFO - 
2026-03-27 23:28:34,507 - INFO - Running EQCCT over Requested MSeed Files using CPU(s)...
2026-03-27 23:28:34,507 - INFO - GPU disabled (CPU-only).
2026-03-27 23:28:34,507 - INFO - Skipping framework-specific initialization in the driver process.
2026-03-27 23:28:36,838 - INFO - Ray Successfully Initialized with 4 CPU(s) ([0, 1, 2, 3] CPU Affinity Binding).
2026-03-27 23:28:36,838 - INFO - Analyzing 1 time chunk(s) from 2025-01-07 04:14:21 to 2025-01-07 04:15:21 (dt=1min, overlap=0min).
2026-03-27 23:28:36,838 - INFO - Using 1 selected station(s).
2026-03-27 23:28:36,839 - INFO - 
2026-03-27 23:28:36,839 - INFO - ------- Starting EQCCTPro... -------
2026-03-27 23:28:36,839 - INFO - Detailed subprocess information can be found in the log file.
2026-03-27 23:28:36,840 - INFO - 
2026-03-27 23:28:37,135 - INFO - GPU disabled (CPU-only).
2026-03-27 23:28:37,139 - INFO - Skipping framework-specific initialization in the driver process.
2026-03-27 23:28:37,142 - INFO - ------- Hardware Configuration -------
2026-03-27 23:28:37,144 - INFO - CPU affinity set to cores: [0, 1, 2, 3]
2026-03-27 23:28:37,146 - INFO - 
2026-03-27 23:28:37,148 - INFO - ------- Data Preprocessing for EQCCTPro -------
2026-03-27 23:28:37,150 - INFO - 1 station(s) in /home/blackwinter/projects/eqcct/eqcctpro/data/waveforms_earthquakes_nonoise/20250107T041421Z_20250107T041521Z
2026-03-27 23:28:37,152 - INFO - Using 1 selected station(s): ['OBF8'].
2026-03-27 23:28:37,154 - INFO - Creating model actor(s)...
2026-03-27 23:28:37,156 - INFO - System RAM: Total=7870 MB, Available=4551 MB
2026-03-27 23:28:37,158 - INFO - Usable RAM budget: 7083 MB (90% of total)
2026-03-27 23:28:37,160 - INFO - ===== MEMORY-AWARE CPU ACTOR POOL =====
2026-03-27 23:28:37,162 - INFO - Requested concurrent tasks: 1
2026-03-27 23:28:37,164 - INFO - Available CPUs: 4
2026-03-27 23:28:37,166 - INFO - Available RAM: 7083 MB
2026-03-27 23:28:37,169 - INFO - RAM per model: 2060 MB
2026-03-27 23:28:37,172 - INFO - Max actors by RAM: 3
2026-03-27 23:28:37,174 - INFO - Creating 1 SeisBenchModelActor(s)
2026-03-27 23:28:37,177 - INFO - Let Ray handle scheduling (taskset already restricts CPU visibility)
2026-03-27 23:28:37,180 - INFO - Creating SeisBenchModelActor 1/1 (2.01GB RAM each)...
2026-03-27 23:28:42,557 - INFO - SeisBenchModelActor 1 created successfully.
2026-03-27 23:28:42,561 - INFO - Created 1 CPU actor(s). Task queue will handle concurrency.
2026-03-27 23:28:42,564 - INFO - Starting EQCCTPro parallelized waveform processing...
2026-03-27 23:28:42,566 - INFO - 
2026-03-27 23:28:42,569 - INFO - ------- Analyzing Seismic Waveforms for P and S Picks via SeisBench (EQTransformer - original_nonconservative) -------
2026-03-27 23:28:42,572 - INFO - Analyzing 0:01:00 minute timechunk from 2025-01-07 04:14:21 to 2025-01-07 04:15:21 (0 min overlap)
2026-03-27 23:28:42,574 - INFO - Processing a total of 1 stations, 1 at a time.
2026-03-27 23:28:44,572 - INFO - (1/1) OBF8: Skipped (already exists - overwrite=False).
2026-03-27 23:28:44,574 - INFO - 
2026-03-27 23:28:44,576 - INFO - ------- Parallel Station Waveform Processing Complete For 2025-01-07 04:14:21 to 2025-01-07 04:15:21 Timechunk-------
2026-03-27 23:28:44,582 - INFO - Successfully ran EQCCTPro, exiting...
2026-03-27 23:28:44,578 - INFO - Picks saved at /home/blackwinter/projects/eqcct/eqcctpro/results/csv/eqt_earthquakes_th0_1/20250107T041421Z_20250107T041521ZProcess Runtime: 2.01 s
2026-03-27 23:28:46,009 - INFO - Ray Successfully Shutdown.
2026-03-27 23:28:46,010 - INFO - ------- Successfully Picked All Waveform(s) from all Timechunk(s) -------
