2026-02-22 16:20:21,470 - INFO - 
2026-02-22 16:20:21,470 - INFO - ------- Welcome to EQCCTPro -------
2026-02-22 16:20:21,470 - INFO - 
2026-02-22 16:20:21,470 - INFO - Running EQCCT over Requested MSeed Files using CPU(s)...
2026-02-22 16:20:21,470 - INFO - GPU disabled (CPU-only).
2026-02-22 16:20:21,471 - INFO - Configured Intra-op threads = 1
2026-02-22 16:20:21,471 - INFO - Configured Inter-op threads = 1
2026-02-22 16:20:21,471 - INFO - TensorFlow: No GPUs visible; TF will proceed on CPU.
2026-02-22 16:20:21,471 - INFO - 
2026-02-22 16:20:27,164 - INFO - Ray Successfully Initialized with 4 CPU(s) ([0, 1, 2, 3] CPU Affinity Binding).
2026-02-22 16:20:27,164 - INFO - Analyzing 1 time chunk(s) from 2025-06-09 02:39:22 to 2025-06-09 02:40:22 (dt=1min, overlap=0min).
2026-02-22 16:20:27,164 - INFO - Using 3 selected station(s).
2026-02-22 16:20:27,164 - INFO - 
2026-02-22 16:20:27,165 - INFO - ------- Starting EQCCTPro... -------
2026-02-22 16:20:27,165 - INFO - Detailed subprocess information can be found in the log file.
2026-02-22 16:20:27,165 - INFO - 
2026-02-22 16:20:27,561 - INFO - GPU disabled (CPU-only).
2026-02-22 16:20:29,083 - INFO - Configured Intra-op threads = 1
2026-02-22 16:20:29,086 - INFO - Configured Inter-op threads = 1
2026-02-22 16:20:29,131 - INFO - TensorFlow: No GPUs visible; TF will proceed on CPU.
2026-02-22 16:20:29,134 - INFO - 
2026-02-22 16:20:29,136 - INFO - ------- Hardware Configuration -------
2026-02-22 16:20:29,139 - INFO - CPU affinity set to cores: [0, 1, 2, 3]
2026-02-22 16:20:29,141 - INFO - 
2026-02-22 16:20:29,143 - INFO - ------- Data Preprocessing for EQCCTPro -------
2026-02-22 16:20:29,145 - INFO - 3 station(s) in /home/blackwinter/projects/eqcct/eqcctpro/data/waveforms_earthquakes_nonoise/20250609T023922Z_20250609T024022Z
2026-02-22 16:20:29,147 - INFO - Using 3 selected station(s): ['KLF', 'RANF', 'RNF'].
2026-02-22 16:20:29,150 - INFO - Creating model actor(s)...
2026-02-22 16:20:29,152 - INFO - System RAM: Total=7870 MB, Available=2579 MB
2026-02-22 16:20:29,154 - INFO - Usable RAM budget: 7083 MB (90% of total)
2026-02-22 16:20:29,156 - INFO - ===== MEMORY-AWARE CPU ACTOR POOL (EQCCT) =====
2026-02-22 16:20:29,158 - INFO - Requested concurrent tasks: 1
2026-02-22 16:20:29,160 - INFO - Available CPUs: 4
2026-02-22 16:20:29,162 - INFO - Available RAM: 7083 MB
2026-02-22 16:20:29,164 - INFO - RAM per model: 2264 MB
2026-02-22 16:20:29,167 - INFO - Max actors by RAM: 3
2026-02-22 16:20:29,169 - INFO - Creating 1 ModelActor(s)
2026-02-22 16:20:29,171 - INFO - Let Ray handle scheduling (taskset already restricts CPU visibility)
2026-02-22 16:20:29,173 - INFO - Creating ModelActor 1/1 (2.21GB RAM each)...
2026-02-22 16:20:33,191 - INFO - ModelActor 1 created successfully.
2026-02-22 16:20:33,194 - INFO - Created 1 CPU actor(s). Task queue will handle concurrency.
2026-02-22 16:20:33,196 - INFO - Starting EQCCTPro parallelized waveform processing...
2026-02-22 16:20:33,199 - INFO - 
2026-02-22 16:20:33,201 - INFO - ------- Analyzing Seismic Waveforms for P and S Picks via EQCCT -------
2026-02-22 16:20:33,203 - INFO - Analyzing 0:01:00 minute timechunk from 2025-06-09 02:39:22 to 2025-06-09 02:40:22 (0 min overlap)
2026-02-22 16:20:33,206 - INFO - Processing a total of 3 stations, 1 at a time.
2026-02-22 16:20:37,276 - INFO - (1/3) KLF: Finished the prediction in 2.13s. (HP=1.0, LP=45.0)
2026-02-22 16:20:37,381 - INFO - (2/3) RANF: Finished the prediction in 0.1s. (HP=1.0, LP=45.0)
2026-02-22 16:20:37,476 - INFO - (3/3) RNF: Finished the prediction in 0.09s. (HP=1.0, LP=45.0)
2026-02-22 16:20:37,478 - INFO - 
2026-02-22 16:20:37,480 - INFO - ------- Parallel Station Waveform Processing Complete For 2025-06-09 02:39:22 to 2025-06-09 02:40:22 Timechunk-------
2026-02-22 16:20:37,482 - INFO - Picks saved at /home/blackwinter/projects/eqcct/eqcctpro/results/csv/bm_eq_nonoise/20250609T023922Z_20250609T024022ZProcess Runtime: 4.28 s
2026-02-22 16:20:37,486 - INFO - Successfully ran EQCCTPro, exiting...
2026-02-22 16:20:39,090 - INFO - Ray Successfully Shutdown.
2026-02-22 16:20:39,090 - INFO - ------- Successfully Picked All Waveform(s) from all Timechunk(s) -------
