2026-02-26 21:46:03,298 - INFO - 
2026-02-26 21:46:03,298 - INFO - ------- Welcome to EQCCTPro -------
2026-02-26 21:46:03,299 - INFO - 
2026-02-26 21:46:03,299 - INFO - Running EQCCT over Requested MSeed Files using CPU(s)...
2026-02-26 21:46:03,299 - INFO - GPU disabled (CPU-only).
2026-02-26 21:46:03,300 - INFO - Configured Intra-op threads = 1
2026-02-26 21:46:03,300 - INFO - Configured Inter-op threads = 1
2026-02-26 21:46:03,300 - INFO - TensorFlow: No GPUs visible; TF will proceed on CPU.
2026-02-26 21:46:03,300 - INFO - 
2026-02-26 21:46:08,825 - INFO - Ray Successfully Initialized with 4 CPU(s) ([0, 1, 2, 3] CPU Affinity Binding).
2026-02-26 21:46:08,825 - INFO - Analyzing 1 time chunk(s) from 2025-01-03 11:41:55 to 2025-01-03 11:42:55 (dt=1min, overlap=0min).
2026-02-26 21:46:08,825 - INFO - Using 2 selected station(s).
2026-02-26 21:46:08,825 - INFO - 
2026-02-26 21:46:08,825 - INFO - ------- Starting EQCCTPro... -------
2026-02-26 21:46:08,826 - INFO - Detailed subprocess information can be found in the log file.
2026-02-26 21:46:08,826 - INFO - 
2026-02-26 21:46:09,222 - INFO - GPU disabled (CPU-only).
2026-02-26 21:46:10,828 - INFO - Configured Intra-op threads = 1
2026-02-26 21:46:10,831 - INFO - Configured Inter-op threads = 1
2026-02-26 21:46:10,873 - INFO - TensorFlow: No GPUs visible; TF will proceed on CPU.
2026-02-26 21:46:10,875 - INFO - 
2026-02-26 21:46:10,878 - INFO - ------- Hardware Configuration -------
2026-02-26 21:46:10,880 - INFO - CPU affinity set to cores: [0, 1, 2, 3]
2026-02-26 21:46:10,882 - INFO - 
2026-02-26 21:46:10,884 - INFO - ------- Data Preprocessing for EQCCTPro -------
2026-02-26 21:46:10,886 - INFO - 2 station(s) in /home/blackwinter/projects/eqcct/eqcctpro/data/waveforms_explosions_nonoise/20250103T114155Z_20250103T114255Z
2026-02-26 21:46:10,888 - INFO - Using 2 selected station(s): ['OUF', 'RUF'].
2026-02-26 21:46:10,890 - INFO - Creating model actor(s)...
2026-02-26 21:46:10,892 - INFO - System RAM: Total=7870 MB, Available=4221 MB
2026-02-26 21:46:10,893 - INFO - Usable RAM budget: 7083 MB (90% of total)
2026-02-26 21:46:10,895 - INFO - ===== MEMORY-AWARE CPU ACTOR POOL (EQCCT) =====
2026-02-26 21:46:10,897 - INFO - Requested concurrent tasks: 1
2026-02-26 21:46:10,899 - INFO - Available CPUs: 4
2026-02-26 21:46:10,901 - INFO - Available RAM: 7083 MB
2026-02-26 21:46:10,902 - INFO - RAM per model: 2264 MB
2026-02-26 21:46:10,904 - INFO - Max actors by RAM: 3
2026-02-26 21:46:10,906 - INFO - Creating 1 ModelActor(s)
2026-02-26 21:46:10,908 - INFO - Let Ray handle scheduling (taskset already restricts CPU visibility)
2026-02-26 21:46:10,910 - INFO - Creating ModelActor 1/1 (2.21GB RAM each)...
2026-02-26 21:46:14,803 - INFO - ModelActor 1 created successfully.
2026-02-26 21:46:14,805 - INFO - Created 1 CPU actor(s). Task queue will handle concurrency.
2026-02-26 21:46:14,807 - INFO - Starting EQCCTPro parallelized waveform processing...
2026-02-26 21:46:14,810 - INFO - 
2026-02-26 21:46:14,812 - INFO - ------- Analyzing Seismic Waveforms for P and S Picks via EQCCT -------
2026-02-26 21:46:14,815 - INFO - Analyzing 0:01:00 minute timechunk from 2025-01-03 11:41:55 to 2025-01-03 11:42:55 (0 min overlap)
2026-02-26 21:46:14,817 - INFO - Processing a total of 2 stations, 1 at a time.
2026-02-26 21:46:18,764 - INFO - (1/2) OUF: Finished the prediction in 2.08s. (HP=1.0, LP=45.0)
2026-02-26 21:46:18,876 - INFO - (2/2) RUF: Finished the prediction in 0.11s. (HP=1.0, LP=45.0)
2026-02-26 21:46:18,878 - INFO - 
2026-02-26 21:46:18,881 - INFO - ------- Parallel Station Waveform Processing Complete For 2025-01-03 11:41:55 to 2025-01-03 11:42:55 Timechunk-------
2026-02-26 21:46:18,883 - INFO - Picks saved at /home/blackwinter/projects/eqcct/eqcctpro/results/csv/bm_explosions/20250103T114155Z_20250103T114255ZProcess Runtime: 4.07 s
2026-02-26 21:46:18,887 - INFO - Successfully ran EQCCTPro, exiting...
2026-02-26 21:46:20,302 - INFO - Ray Successfully Shutdown.
2026-02-26 21:46:20,302 - INFO - ------- Successfully Picked All Waveform(s) from all Timechunk(s) -------
2026-02-27 05:22:02,118 - INFO - 
2026-02-27 05:22:02,125 - INFO - ------- Welcome to EQCCTPro -------
2026-02-27 05:22:02,125 - INFO - 
2026-02-27 05:22:02,126 - INFO - Running EQCCT over Requested MSeed Files using CPU(s)...
2026-02-27 05:22:02,126 - INFO - GPU disabled (CPU-only).
2026-02-27 05:22:02,126 - INFO - Configured Intra-op threads = 1
2026-02-27 05:22:02,126 - INFO - Configured Inter-op threads = 1
2026-02-27 05:22:02,127 - INFO - TensorFlow: No GPUs visible; TF will proceed on CPU.
2026-02-27 05:22:02,127 - INFO - 
2026-02-27 05:22:07,349 - INFO - Ray Successfully Initialized with 4 CPU(s) ([0, 1, 2, 3] CPU Affinity Binding).
2026-02-27 05:22:07,349 - INFO - Analyzing 1 time chunk(s) from 2025-01-03 11:41:55 to 2025-01-03 11:42:55 (dt=1min, overlap=0min).
2026-02-27 05:22:07,350 - INFO - Using 2 selected station(s).
2026-02-27 05:22:07,350 - INFO - 
2026-02-27 05:22:07,350 - INFO - ------- Starting EQCCTPro... -------
2026-02-27 05:22:07,350 - INFO - Detailed subprocess information can be found in the log file.
2026-02-27 05:22:07,350 - INFO - 
2026-02-27 05:22:07,736 - INFO - GPU disabled (CPU-only).
2026-02-27 05:22:09,249 - INFO - Configured Intra-op threads = 1
2026-02-27 05:22:09,252 - INFO - Configured Inter-op threads = 1
2026-02-27 05:22:09,294 - INFO - TensorFlow: No GPUs visible; TF will proceed on CPU.
2026-02-27 05:22:09,296 - INFO - 
2026-02-27 05:22:09,299 - INFO - ------- Hardware Configuration -------
2026-02-27 05:22:09,301 - INFO - CPU affinity set to cores: [0, 1, 2, 3]
2026-02-27 05:22:09,303 - INFO - 
2026-02-27 05:22:09,305 - INFO - ------- Data Preprocessing for EQCCTPro -------
2026-02-27 05:22:09,307 - INFO - 2 station(s) in /home/blackwinter/projects/eqcct/eqcctpro/data/waveforms_explosions_nonoise/20250103T114155Z_20250103T114255Z
2026-02-27 05:22:09,308 - INFO - Using 2 selected station(s): ['OUF', 'RUF'].
2026-02-27 05:22:09,310 - INFO - Creating model actor(s)...
2026-02-27 05:22:09,313 - INFO - System RAM: Total=7870 MB, Available=4290 MB
2026-02-27 05:22:09,315 - INFO - Usable RAM budget: 7083 MB (90% of total)
2026-02-27 05:22:09,317 - INFO - ===== MEMORY-AWARE CPU ACTOR POOL (EQCCT) =====
2026-02-27 05:22:09,318 - INFO - Requested concurrent tasks: 1
2026-02-27 05:22:09,320 - INFO - Available CPUs: 4
2026-02-27 05:22:09,322 - INFO - Available RAM: 7083 MB
2026-02-27 05:22:09,323 - INFO - RAM per model: 2264 MB
2026-02-27 05:22:09,325 - INFO - Max actors by RAM: 3
2026-02-27 05:22:09,327 - INFO - Creating 1 ModelActor(s)
2026-02-27 05:22:09,329 - INFO - Let Ray handle scheduling (taskset already restricts CPU visibility)
2026-02-27 05:22:09,331 - INFO - Creating ModelActor 1/1 (2.21GB RAM each)...
2026-02-27 05:22:13,211 - INFO - ModelActor 1 created successfully.
2026-02-27 05:22:13,214 - INFO - Created 1 CPU actor(s). Task queue will handle concurrency.
2026-02-27 05:22:13,216 - INFO - Starting EQCCTPro parallelized waveform processing...
2026-02-27 05:22:13,218 - INFO - 
2026-02-27 05:22:13,220 - INFO - ------- Analyzing Seismic Waveforms for P and S Picks via EQCCT -------
2026-02-27 05:22:13,222 - INFO - Analyzing 0:01:00 minute timechunk from 2025-01-03 11:41:55 to 2025-01-03 11:42:55 (0 min overlap)
2026-02-27 05:22:13,224 - INFO - Processing a total of 2 stations, 1 at a time.
2026-02-27 05:22:15,100 - INFO - (1/2) OUF: Skipped (already exists - overwrite=False).
2026-02-27 05:22:15,107 - INFO - (2/2) RUF: Skipped (already exists - overwrite=False).
2026-02-27 05:22:15,110 - INFO - 
2026-02-27 05:22:15,112 - INFO - ------- Parallel Station Waveform Processing Complete For 2025-01-03 11:41:55 to 2025-01-03 11:42:55 Timechunk-------
2026-02-27 05:22:15,114 - INFO - Picks saved at /home/blackwinter/projects/eqcct/eqcctpro/results/csv/bm_explosions/20250103T114155Z_20250103T114255ZProcess Runtime: 1.89 s
2026-02-27 05:22:15,119 - INFO - Successfully ran EQCCTPro, exiting...
2026-02-27 05:22:16,609 - INFO - Ray Successfully Shutdown.
2026-02-27 05:22:16,609 - INFO - ------- Successfully Picked All Waveform(s) from all Timechunk(s) -------
