2026-03-10 21:09:39,244 - INFO - 
2026-03-10 21:09:39,244 - INFO - ------- Welcome to EQCCTPro -------
2026-03-10 21:09:39,244 - INFO - 
2026-03-10 21:09:39,245 - INFO - Running EQCCT over Requested MSeed Files using CPU(s)...
2026-03-10 21:09:39,245 - INFO - GPU disabled (CPU-only).
2026-03-10 21:09:39,245 - INFO - Configured Intra-op threads = 1
2026-03-10 21:09:39,245 - INFO - Configured Inter-op threads = 1
2026-03-10 21:09:39,246 - INFO - TensorFlow: No GPUs visible; TF will proceed on CPU.
2026-03-10 21:09:39,246 - INFO - 
2026-03-10 21:09:44,689 - INFO - Ray Successfully Initialized with 4 CPU(s) ([0, 1, 2, 3] CPU Affinity Binding).
2026-03-10 21:09:44,689 - INFO - Analyzing 1 time chunk(s) from 2025-01-06 12:56:58 to 2025-01-06 12:57:58 (dt=1min, overlap=0min).
2026-03-10 21:09:44,689 - INFO - Using 1 selected station(s).
2026-03-10 21:09:44,689 - INFO - 
2026-03-10 21:09:44,689 - INFO - ------- Starting EQCCTPro... -------
2026-03-10 21:09:44,690 - INFO - Detailed subprocess information can be found in the log file.
2026-03-10 21:09:44,690 - INFO - 
2026-03-10 21:09:45,067 - INFO - GPU disabled (CPU-only).
2026-03-10 21:09:46,484 - INFO - Configured Intra-op threads = 1
2026-03-10 21:09:46,486 - INFO - Configured Inter-op threads = 1
2026-03-10 21:09:46,527 - INFO - TensorFlow: No GPUs visible; TF will proceed on CPU.
2026-03-10 21:09:46,529 - INFO - 
2026-03-10 21:09:46,532 - INFO - ------- Hardware Configuration -------
2026-03-10 21:09:46,534 - INFO - CPU affinity set to cores: [0, 1, 2, 3]
2026-03-10 21:09:46,536 - INFO - 
2026-03-10 21:09:46,537 - INFO - ------- Data Preprocessing for EQCCTPro -------
2026-03-10 21:09:46,539 - INFO - 1 station(s) in /home/blackwinter/projects/eqcct/eqcctpro/data/waveforms_noise_only/20250106T125658Z_20250106T125758Z
2026-03-10 21:09:46,541 - INFO - Using 1 selected station(s): ['KAF'].
2026-03-10 21:09:46,543 - INFO - Creating model actor(s)...
2026-03-10 21:09:46,545 - INFO - System RAM: Total=7870 MB, Available=2992 MB
2026-03-10 21:09:46,547 - INFO - Usable RAM budget: 7083 MB (90% of total)
2026-03-10 21:09:46,549 - INFO - ===== MEMORY-AWARE CPU ACTOR POOL (EQCCT) =====
2026-03-10 21:09:46,552 - INFO - Requested concurrent tasks: 1
2026-03-10 21:09:46,554 - INFO - Available CPUs: 4
2026-03-10 21:09:46,556 - INFO - Available RAM: 7083 MB
2026-03-10 21:09:46,558 - INFO - RAM per model: 2264 MB
2026-03-10 21:09:46,560 - INFO - Max actors by RAM: 3
2026-03-10 21:09:46,562 - INFO - Creating 1 ModelActor(s)
2026-03-10 21:09:46,564 - INFO - Let Ray handle scheduling (taskset already restricts CPU visibility)
2026-03-10 21:09:46,566 - INFO - Creating ModelActor 1/1 (2.21GB RAM each)...
2026-03-10 21:09:50,460 - INFO - ModelActor 1 created successfully.
2026-03-10 21:09:50,462 - INFO - Created 1 CPU actor(s). Task queue will handle concurrency.
2026-03-10 21:09:50,464 - INFO - Starting EQCCTPro parallelized waveform processing...
2026-03-10 21:09:50,466 - INFO - 
2026-03-10 21:09:50,469 - INFO - ------- Analyzing Seismic Waveforms for P and S Picks via EQCCT -------
2026-03-10 21:09:50,472 - INFO - Analyzing 0:01:00 minute timechunk from 2025-01-06 12:56:58 to 2025-01-06 12:57:58 (0 min overlap)
2026-03-10 21:09:50,474 - INFO - Processing a total of 1 stations, 1 at a time.
2026-03-10 21:09:54,510 - INFO - (1/1) KAF: Finished the prediction in 2.14s. (HP=1.0, LP=45.0)
2026-03-10 21:09:54,512 - INFO - 
2026-03-10 21:09:54,514 - INFO - ------- Parallel Station Waveform Processing Complete For 2025-01-06 12:56:58 to 2025-01-06 12:57:58 Timechunk-------
2026-03-10 21:09:54,516 - INFO - Picks saved at /home/blackwinter/projects/eqcct/eqcctpro/results/csv/bm_noise_only/20250106T125658Z_20250106T125758ZProcess Runtime: 4.05 s
2026-03-10 21:09:54,520 - INFO - Successfully ran EQCCTPro, exiting...
2026-03-10 21:09:56,140 - INFO - Ray Successfully Shutdown.
2026-03-10 21:09:56,141 - INFO - ------- Successfully Picked All Waveform(s) from all Timechunk(s) -------
2026-03-11 12:09:12,369 - INFO - 
2026-03-11 12:09:12,369 - INFO - ------- Welcome to EQCCTPro -------
2026-03-11 12:09:12,369 - INFO - 
2026-03-11 12:09:12,370 - INFO - Running EQCCT over Requested MSeed Files using CPU(s)...
2026-03-11 12:09:12,370 - INFO - GPU disabled (CPU-only).
2026-03-11 12:09:12,371 - INFO - Configured Intra-op threads = 1
2026-03-11 12:09:12,371 - INFO - Configured Inter-op threads = 1
2026-03-11 12:09:12,371 - INFO - TensorFlow: No GPUs visible; TF will proceed on CPU.
2026-03-11 12:09:12,371 - INFO - 
2026-03-11 12:09:17,587 - INFO - Ray Successfully Initialized with 4 CPU(s) ([0, 1, 2, 3] CPU Affinity Binding).
2026-03-11 12:09:17,588 - INFO - Analyzing 1 time chunk(s) from 2025-01-06 12:56:58 to 2025-01-06 12:57:58 (dt=1min, overlap=0min).
2026-03-11 12:09:17,588 - INFO - Using 1 selected station(s).
2026-03-11 12:09:17,588 - INFO - 
2026-03-11 12:09:17,588 - INFO - ------- Starting EQCCTPro... -------
2026-03-11 12:09:17,588 - INFO - Detailed subprocess information can be found in the log file.
2026-03-11 12:09:17,588 - INFO - 
2026-03-11 12:09:17,939 - INFO - GPU disabled (CPU-only).
2026-03-11 12:09:19,414 - INFO - Configured Intra-op threads = 1
2026-03-11 12:09:19,417 - INFO - Configured Inter-op threads = 1
2026-03-11 12:09:19,458 - INFO - TensorFlow: No GPUs visible; TF will proceed on CPU.
2026-03-11 12:09:19,460 - INFO - 
2026-03-11 12:09:19,462 - INFO - ------- Hardware Configuration -------
2026-03-11 12:09:19,465 - INFO - CPU affinity set to cores: [0, 1, 2, 3]
2026-03-11 12:09:19,467 - INFO - 
2026-03-11 12:09:19,469 - INFO - ------- Data Preprocessing for EQCCTPro -------
2026-03-11 12:09:19,471 - INFO - 1 station(s) in /home/blackwinter/projects/eqcct/eqcctpro/data/waveforms_noise_only/20250106T125658Z_20250106T125758Z
2026-03-11 12:09:19,473 - INFO - Using 1 selected station(s): ['KAF'].
2026-03-11 12:09:19,475 - INFO - Creating model actor(s)...
2026-03-11 12:09:19,477 - INFO - System RAM: Total=7870 MB, Available=3970 MB
2026-03-11 12:09:19,478 - INFO - Usable RAM budget: 7083 MB (90% of total)
2026-03-11 12:09:19,480 - INFO - ===== MEMORY-AWARE CPU ACTOR POOL (EQCCT) =====
2026-03-11 12:09:19,483 - INFO - Requested concurrent tasks: 1
2026-03-11 12:09:19,485 - INFO - Available CPUs: 4
2026-03-11 12:09:19,486 - INFO - Available RAM: 7083 MB
2026-03-11 12:09:19,488 - INFO - RAM per model: 2264 MB
2026-03-11 12:09:19,490 - INFO - Max actors by RAM: 3
2026-03-11 12:09:19,492 - INFO - Creating 1 ModelActor(s)
2026-03-11 12:09:19,494 - INFO - Let Ray handle scheduling (taskset already restricts CPU visibility)
2026-03-11 12:09:19,497 - INFO - Creating ModelActor 1/1 (2.21GB RAM each)...
2026-03-11 12:09:23,385 - INFO - ModelActor 1 created successfully.
2026-03-11 12:09:23,387 - INFO - Created 1 CPU actor(s). Task queue will handle concurrency.
2026-03-11 12:09:23,390 - INFO - Starting EQCCTPro parallelized waveform processing...
2026-03-11 12:09:23,391 - INFO - 
2026-03-11 12:09:23,393 - INFO - ------- Analyzing Seismic Waveforms for P and S Picks via EQCCT -------
2026-03-11 12:09:23,396 - INFO - Analyzing 0:01:00 minute timechunk from 2025-01-06 12:56:58 to 2025-01-06 12:57:58 (0 min overlap)
2026-03-11 12:09:23,398 - INFO - Processing a total of 1 stations, 1 at a time.
2026-03-11 12:09:25,335 - INFO - (1/1) KAF: Skipped (already exists - overwrite=False).
2026-03-11 12:09:25,338 - INFO - 
2026-03-11 12:09:25,340 - INFO - ------- Parallel Station Waveform Processing Complete For 2025-01-06 12:56:58 to 2025-01-06 12:57:58 Timechunk-------
2026-03-11 12:09:25,342 - INFO - Picks saved at /home/blackwinter/projects/eqcct/eqcctpro/results/csv/bm_noise_only/20250106T125658Z_20250106T125758ZProcess Runtime: 1.95 s
2026-03-11 12:09:25,346 - INFO - Successfully ran EQCCTPro, exiting...
2026-03-11 12:09:26,893 - INFO - Ray Successfully Shutdown.
2026-03-11 12:09:26,893 - INFO - ------- Successfully Picked All Waveform(s) from all Timechunk(s) -------
