2026-03-29 13:00:26,923 - INFO - 
2026-03-29 13:00:26,923 - INFO - ------- Welcome to EQCCTPro -------
2026-03-29 13:00:26,923 - INFO - 
2026-03-29 13:00:26,923 - INFO - Running EQCCT over Requested MSeed Files using CPU(s)...
2026-03-29 13:00:26,924 - INFO - GPU disabled (CPU-only).
2026-03-29 13:00:26,924 - INFO - Configured Intra-op threads = 1
2026-03-29 13:00:26,924 - INFO - Configured Inter-op threads = 1
2026-03-29 13:00:26,924 - INFO - TensorFlow: No GPUs visible; TF will proceed on CPU.
2026-03-29 13:00:26,924 - INFO - 
2026-03-29 13:00:32,041 - INFO - Ray Successfully Initialized with 4 CPU(s) ([0, 1, 2, 3] CPU Affinity Binding).
2026-03-29 13:00:32,041 - INFO - Analyzing 1 time chunk(s) from 2025-01-06 13:17:08 to 2025-01-06 13:18:08 (dt=1min, overlap=0min).
2026-03-29 13:00:32,041 - INFO - Using 1 selected station(s).
2026-03-29 13:00:32,041 - INFO - 
2026-03-29 13:00:32,042 - INFO - ------- Starting EQCCTPro... -------
2026-03-29 13:00:32,042 - INFO - Detailed subprocess information can be found in the log file.
2026-03-29 13:00:32,042 - INFO - 
2026-03-29 13:00:32,455 - INFO - GPU disabled (CPU-only).
2026-03-29 13:00:34,070 - INFO - Configured Intra-op threads = 1
2026-03-29 13:00:34,073 - INFO - Configured Inter-op threads = 1
2026-03-29 13:00:34,117 - INFO - TensorFlow: No GPUs visible; TF will proceed on CPU.
2026-03-29 13:00:34,120 - INFO - 
2026-03-29 13:00:34,122 - INFO - ------- Hardware Configuration -------
2026-03-29 13:00:34,125 - INFO - CPU affinity set to cores: [0, 1, 2, 3]
2026-03-29 13:00:34,128 - INFO - 
2026-03-29 13:00:34,131 - INFO - ------- Data Preprocessing for EQCCTPro -------
2026-03-29 13:00:34,133 - INFO - 1 station(s) in /home/blackwinter/projects/eqcct/eqcctpro/data/waveforms_noise_only/20250106T131708Z_20250106T131808Z
2026-03-29 13:00:34,136 - INFO - Using 1 selected station(s): ['KIF'].
2026-03-29 13:00:34,139 - INFO - Creating model actor(s)...
2026-03-29 13:00:34,141 - INFO - System RAM: Total=7870 MB, Available=4637 MB
2026-03-29 13:00:34,144 - INFO - Usable RAM budget: 7083 MB (90% of total)
2026-03-29 13:00:34,147 - INFO - ===== MEMORY-AWARE CPU ACTOR POOL (EQCCT) =====
2026-03-29 13:00:34,149 - INFO - Requested concurrent tasks: 1
2026-03-29 13:00:34,151 - INFO - Available CPUs: 4
2026-03-29 13:00:34,153 - INFO - Available RAM: 7083 MB
2026-03-29 13:00:34,155 - INFO - RAM per model: 2264 MB
2026-03-29 13:00:34,157 - INFO - Max actors by RAM: 3
2026-03-29 13:00:34,159 - INFO - Creating 1 ModelActor(s)
2026-03-29 13:00:34,161 - INFO - Let Ray handle scheduling (taskset already restricts CPU visibility)
2026-03-29 13:00:34,163 - INFO - Creating ModelActor 1/1 (2.21GB RAM each)...
2026-03-29 13:00:38,386 - INFO - ModelActor 1 created successfully.
2026-03-29 13:00:38,389 - INFO - Created 1 CPU actor(s). Task queue will handle concurrency.
2026-03-29 13:00:38,391 - INFO - Starting EQCCTPro parallelized waveform processing...
2026-03-29 13:00:38,394 - INFO - 
2026-03-29 13:00:38,396 - INFO - ------- Analyzing Seismic Waveforms for P and S Picks via EQCCT -------
2026-03-29 13:00:38,399 - INFO - Analyzing 0:01:00 minute timechunk from 2025-01-06 13:17:08 to 2025-01-06 13:18:08 (0 min overlap)
2026-03-29 13:00:38,402 - INFO - Processing a total of 1 stations, 1 at a time.
2026-03-29 13:00:42,839 - INFO - (1/1) KIF: Finished the prediction in 2.32s. (HP=1.0, LP=45.0)
2026-03-29 13:00:42,842 - INFO - 
2026-03-29 13:00:42,845 - INFO - ------- Parallel Station Waveform Processing Complete For 2025-01-06 13:17:08 to 2025-01-06 13:18:08 Timechunk-------
2026-03-29 13:00:42,847 - INFO - Picks saved at /home/blackwinter/projects/eqcct/eqcctpro/results/csv/eqcct_noise_th0_1/20250106T131708Z_20250106T131808ZProcess Runtime: 4.45 s
2026-03-29 13:00:42,859 - INFO - Successfully ran EQCCTPro, exiting...
2026-03-29 13:00:44,438 - INFO - Ray Successfully Shutdown.
2026-03-29 13:00:44,438 - INFO - ------- Successfully Picked All Waveform(s) from all Timechunk(s) -------
