2026-03-29 14:47:32,164 - INFO - 
2026-03-29 14:47:32,164 - INFO - ------- Welcome to EQCCTPro -------
2026-03-29 14:47:32,165 - INFO - 
2026-03-29 14:47:32,165 - INFO - Running EQCCT over Requested MSeed Files using CPU(s)...
2026-03-29 14:47:32,165 - INFO - GPU disabled (CPU-only).
2026-03-29 14:47:32,165 - INFO - Configured Intra-op threads = 1
2026-03-29 14:47:32,166 - INFO - Configured Inter-op threads = 1
2026-03-29 14:47:32,166 - INFO - TensorFlow: No GPUs visible; TF will proceed on CPU.
2026-03-29 14:47:32,166 - INFO - 
2026-03-29 14:47:37,749 - INFO - Ray Successfully Initialized with 4 CPU(s) ([0, 1, 2, 3] CPU Affinity Binding).
2026-03-29 14:47:37,750 - INFO - Analyzing 1 time chunk(s) from 2025-01-08 10:45:04 to 2025-01-08 10:46:04 (dt=1min, overlap=0min).
2026-03-29 14:47:37,750 - INFO - Using 1 selected station(s).
2026-03-29 14:47:37,750 - INFO - 
2026-03-29 14:47:37,751 - INFO - ------- Starting EQCCTPro... -------
2026-03-29 14:47:37,751 - INFO - Detailed subprocess information can be found in the log file.
2026-03-29 14:47:37,751 - INFO - 
2026-03-29 14:47:38,174 - INFO - GPU disabled (CPU-only).
2026-03-29 14:47:39,739 - INFO - Configured Intra-op threads = 1
2026-03-29 14:47:39,741 - INFO - Configured Inter-op threads = 1
2026-03-29 14:47:39,784 - INFO - TensorFlow: No GPUs visible; TF will proceed on CPU.
2026-03-29 14:47:39,787 - INFO - 
2026-03-29 14:47:39,790 - INFO - ------- Hardware Configuration -------
2026-03-29 14:47:39,793 - INFO - CPU affinity set to cores: [0, 1, 2, 3]
2026-03-29 14:47:39,795 - INFO - 
2026-03-29 14:47:39,798 - INFO - ------- Data Preprocessing for EQCCTPro -------
2026-03-29 14:47:39,801 - INFO - 1 station(s) in /home/blackwinter/projects/eqcct/eqcctpro/data/waveforms_noise_only/20250108T104504Z_20250108T104604Z
2026-03-29 14:47:39,803 - INFO - Using 1 selected station(s): ['KY17'].
2026-03-29 14:47:39,806 - INFO - Creating model actor(s)...
2026-03-29 14:47:39,809 - INFO - System RAM: Total=7870 MB, Available=4348 MB
2026-03-29 14:47:39,811 - INFO - Usable RAM budget: 7083 MB (90% of total)
2026-03-29 14:47:39,814 - INFO - ===== MEMORY-AWARE CPU ACTOR POOL (EQCCT) =====
2026-03-29 14:47:39,816 - INFO - Requested concurrent tasks: 1
2026-03-29 14:47:39,818 - INFO - Available CPUs: 4
2026-03-29 14:47:39,820 - INFO - Available RAM: 7083 MB
2026-03-29 14:47:39,822 - INFO - RAM per model: 2264 MB
2026-03-29 14:47:39,825 - INFO - Max actors by RAM: 3
2026-03-29 14:47:39,828 - INFO - Creating 1 ModelActor(s)
2026-03-29 14:47:39,830 - INFO - Let Ray handle scheduling (taskset already restricts CPU visibility)
2026-03-29 14:47:39,833 - INFO - Creating ModelActor 1/1 (2.21GB RAM each)...
2026-03-29 14:47:44,036 - INFO - ModelActor 1 created successfully.
2026-03-29 14:47:44,038 - INFO - Created 1 CPU actor(s). Task queue will handle concurrency.
2026-03-29 14:47:44,041 - INFO - Starting EQCCTPro parallelized waveform processing...
2026-03-29 14:47:44,044 - INFO - 
2026-03-29 14:47:44,046 - INFO - ------- Analyzing Seismic Waveforms for P and S Picks via EQCCT -------
2026-03-29 14:47:44,049 - INFO - Analyzing 0:01:00 minute timechunk from 2025-01-08 10:45:04 to 2025-01-08 10:46:04 (0 min overlap)
2026-03-29 14:47:44,052 - INFO - Processing a total of 1 stations, 1 at a time.
2026-03-29 14:47:48,433 - INFO - (1/1) KY17: Finished the prediction in 2.35s. (HP=1.0, LP=45.0)
2026-03-29 14:47:48,435 - INFO - 
2026-03-29 14:47:48,438 - INFO - ------- Parallel Station Waveform Processing Complete For 2025-01-08 10:45:04 to 2025-01-08 10:46:04 Timechunk-------
2026-03-29 14:47:48,440 - INFO - Picks saved at /home/blackwinter/projects/eqcct/eqcctpro/results/csv/eqcct_noise_th0_1/20250108T104504Z_20250108T104604ZProcess Runtime: 4.39 s
2026-03-29 14:47:48,446 - INFO - Successfully ran EQCCTPro, exiting...
2026-03-29 14:47:50,159 - INFO - Ray Successfully Shutdown.
2026-03-29 14:47:50,159 - INFO - ------- Successfully Picked All Waveform(s) from all Timechunk(s) -------
