2026-02-24 00:13:09,796 - INFO - 
2026-02-24 00:13:09,796 - INFO - ------- Welcome to EQCCTPro -------
2026-02-24 00:13:09,796 - INFO - 
2026-02-24 00:13:09,797 - INFO - Running EQCCT over Requested MSeed Files using CPU(s)...
2026-02-24 00:13:09,797 - INFO - GPU disabled (CPU-only).
2026-02-24 00:13:09,798 - INFO - Configured Intra-op threads = 1
2026-02-24 00:13:09,798 - INFO - Configured Inter-op threads = 1
2026-02-24 00:13:09,798 - INFO - TensorFlow: No GPUs visible; TF will proceed on CPU.
2026-02-24 00:13:09,798 - INFO - 
2026-02-24 00:13:15,193 - INFO - Ray Successfully Initialized with 4 CPU(s) ([0, 1, 2, 3] CPU Affinity Binding).
2026-02-24 00:13:15,194 - INFO - Analyzing 1 time chunk(s) from 2025-05-16 09:09:30 to 2025-05-16 09:10:30 (dt=1min, overlap=0min).
2026-02-24 00:13:15,194 - INFO - Using 1 selected station(s).
2026-02-24 00:13:15,194 - INFO - 
2026-02-24 00:13:15,194 - INFO - ------- Starting EQCCTPro... -------
2026-02-24 00:13:15,194 - INFO - Detailed subprocess information can be found in the log file.
2026-02-24 00:13:15,194 - INFO - 
2026-02-24 00:13:15,571 - INFO - GPU disabled (CPU-only).
2026-02-24 00:13:17,124 - INFO - Configured Intra-op threads = 1
2026-02-24 00:13:17,126 - INFO - Configured Inter-op threads = 1
2026-02-24 00:13:17,168 - INFO - TensorFlow: No GPUs visible; TF will proceed on CPU.
2026-02-24 00:13:17,171 - INFO - 
2026-02-24 00:13:17,173 - INFO - ------- Hardware Configuration -------
2026-02-24 00:13:17,175 - INFO - CPU affinity set to cores: [0, 1, 2, 3]
2026-02-24 00:13:17,177 - INFO - 
2026-02-24 00:13:17,179 - INFO - ------- Data Preprocessing for EQCCTPro -------
2026-02-24 00:13:17,181 - INFO - 1 station(s) in /home/blackwinter/projects/eqcct/eqcctpro/data/waveforms_earthquakes_noise_only/20250516T090930Z_20250516T091030Z
2026-02-24 00:13:17,183 - INFO - Using 1 selected station(s): ['FIA1'].
2026-02-24 00:13:17,185 - INFO - Creating model actor(s)...
2026-02-24 00:13:17,187 - INFO - System RAM: Total=7870 MB, Available=2637 MB
2026-02-24 00:13:17,189 - INFO - Usable RAM budget: 7083 MB (90% of total)
2026-02-24 00:13:17,192 - INFO - ===== MEMORY-AWARE CPU ACTOR POOL (EQCCT) =====
2026-02-24 00:13:17,194 - INFO - Requested concurrent tasks: 1
2026-02-24 00:13:17,195 - INFO - Available CPUs: 4
2026-02-24 00:13:17,198 - INFO - Available RAM: 7083 MB
2026-02-24 00:13:17,200 - INFO - RAM per model: 2264 MB
2026-02-24 00:13:17,202 - INFO - Max actors by RAM: 3
2026-02-24 00:13:17,204 - INFO - Creating 1 ModelActor(s)
2026-02-24 00:13:17,207 - INFO - Let Ray handle scheduling (taskset already restricts CPU visibility)
2026-02-24 00:13:17,210 - INFO - Creating ModelActor 1/1 (2.21GB RAM each)...
2026-02-24 00:13:21,155 - INFO - ModelActor 1 created successfully.
2026-02-24 00:13:21,158 - INFO - Created 1 CPU actor(s). Task queue will handle concurrency.
2026-02-24 00:13:21,160 - INFO - Starting EQCCTPro parallelized waveform processing...
2026-02-24 00:13:21,162 - INFO - 
2026-02-24 00:13:21,165 - INFO - ------- Analyzing Seismic Waveforms for P and S Picks via EQCCT -------
2026-02-24 00:13:21,167 - INFO - Analyzing 0:01:00 minute timechunk from 2025-05-16 09:09:30 to 2025-05-16 09:10:30 (0 min overlap)
2026-02-24 00:13:21,170 - INFO - Processing a total of 1 stations, 1 at a time.
2026-02-24 00:13:25,418 - INFO - (1/1) FIA1: Finished the prediction in 2.18s. (HP=1.0, LP=45.0)
2026-02-24 00:13:25,421 - INFO - 
2026-02-24 00:13:25,424 - INFO - ------- Parallel Station Waveform Processing Complete For 2025-05-16 09:09:30 to 2025-05-16 09:10:30 Timechunk-------
2026-02-24 00:13:25,426 - INFO - Picks saved at /home/blackwinter/projects/eqcct/eqcctpro/results/csv/bm_eq_noise_only/20250516T090930Z_20250516T091030ZProcess Runtime: 4.26 s
2026-02-24 00:13:25,432 - INFO - Successfully ran EQCCTPro, exiting...
2026-02-24 00:13:27,243 - INFO - Ray Successfully Shutdown.
2026-02-24 00:13:27,243 - INFO - ------- Successfully Picked All Waveform(s) from all Timechunk(s) -------
