2026-03-11 00:23:40,787 - INFO - 
2026-03-11 00:23:40,787 - INFO - ------- Welcome to EQCCTPro -------
2026-03-11 00:23:40,787 - INFO - 
2026-03-11 00:23:40,788 - INFO - Running EQCCT over Requested MSeed Files using CPU(s)...
2026-03-11 00:23:40,788 - INFO - GPU disabled (CPU-only).
2026-03-11 00:23:40,788 - INFO - Configured Intra-op threads = 1
2026-03-11 00:23:40,788 - INFO - Configured Inter-op threads = 1
2026-03-11 00:23:40,789 - INFO - TensorFlow: No GPUs visible; TF will proceed on CPU.
2026-03-11 00:23:40,789 - INFO - 
2026-03-11 00:23:46,188 - INFO - Ray Successfully Initialized with 4 CPU(s) ([0, 1, 2, 3] CPU Affinity Binding).
2026-03-11 00:23:46,189 - INFO - Analyzing 1 time chunk(s) from 2025-01-10 09:14:00 to 2025-01-10 09:15:00 (dt=1min, overlap=0min).
2026-03-11 00:23:46,189 - INFO - Using 1 selected station(s).
2026-03-11 00:23:46,189 - INFO - 
2026-03-11 00:23:46,189 - INFO - ------- Starting EQCCTPro... -------
2026-03-11 00:23:46,189 - INFO - Detailed subprocess information can be found in the log file.
2026-03-11 00:23:46,189 - INFO - 
2026-03-11 00:23:46,572 - INFO - GPU disabled (CPU-only).
2026-03-11 00:23:48,026 - INFO - Configured Intra-op threads = 1
2026-03-11 00:23:48,028 - INFO - Configured Inter-op threads = 1
2026-03-11 00:23:48,076 - INFO - TensorFlow: No GPUs visible; TF will proceed on CPU.
2026-03-11 00:23:48,078 - INFO - 
2026-03-11 00:23:48,080 - INFO - ------- Hardware Configuration -------
2026-03-11 00:23:48,082 - INFO - CPU affinity set to cores: [0, 1, 2, 3]
2026-03-11 00:23:48,084 - INFO - 
2026-03-11 00:23:48,086 - INFO - ------- Data Preprocessing for EQCCTPro -------
2026-03-11 00:23:48,088 - INFO - 1 station(s) in /home/blackwinter/projects/eqcct/eqcctpro/data/waveforms_noise_only/20250110T091400Z_20250110T091500Z
2026-03-11 00:23:48,090 - INFO - Using 1 selected station(s): ['MSF'].
2026-03-11 00:23:48,092 - INFO - Creating model actor(s)...
2026-03-11 00:23:48,094 - INFO - System RAM: Total=7870 MB, Available=2583 MB
2026-03-11 00:23:48,096 - INFO - Usable RAM budget: 7083 MB (90% of total)
2026-03-11 00:23:48,098 - INFO - ===== MEMORY-AWARE CPU ACTOR POOL (EQCCT) =====
2026-03-11 00:23:48,100 - INFO - Requested concurrent tasks: 1
2026-03-11 00:23:48,102 - INFO - Available CPUs: 4
2026-03-11 00:23:48,103 - INFO - Available RAM: 7083 MB
2026-03-11 00:23:48,105 - INFO - RAM per model: 2264 MB
2026-03-11 00:23:48,107 - INFO - Max actors by RAM: 3
2026-03-11 00:23:48,109 - INFO - Creating 1 ModelActor(s)
2026-03-11 00:23:48,111 - INFO - Let Ray handle scheduling (taskset already restricts CPU visibility)
2026-03-11 00:23:48,114 - INFO - Creating ModelActor 1/1 (2.21GB RAM each)...
2026-03-11 00:23:52,063 - INFO - ModelActor 1 created successfully.
2026-03-11 00:23:52,066 - INFO - Created 1 CPU actor(s). Task queue will handle concurrency.
2026-03-11 00:23:52,068 - INFO - Starting EQCCTPro parallelized waveform processing...
2026-03-11 00:23:52,070 - INFO - 
2026-03-11 00:23:52,072 - INFO - ------- Analyzing Seismic Waveforms for P and S Picks via EQCCT -------
2026-03-11 00:23:52,075 - INFO - Analyzing 0:01:00 minute timechunk from 2025-01-10 09:14:00 to 2025-01-10 09:15:00 (0 min overlap)
2026-03-11 00:23:52,076 - INFO - Processing a total of 1 stations, 1 at a time.
2026-03-11 00:23:54,527 - INFO - (1/1) MSF: FAILED reading mSEED.
2026-03-11 00:23:54,529 - INFO - 
2026-03-11 00:23:54,532 - INFO - ------- Parallel Station Waveform Processing Complete For 2025-01-10 09:14:00 to 2025-01-10 09:15:00 Timechunk-------
2026-03-11 00:23:54,534 - INFO - Picks saved at /home/blackwinter/projects/eqcct/eqcctpro/results/csv/bm_noise_only/20250110T091400Z_20250110T091500ZProcess Runtime: 2.46 s
2026-03-11 00:23:54,538 - INFO - Successfully ran EQCCTPro, exiting...
2026-03-11 00:23:55,997 - INFO - Ray Successfully Shutdown.
2026-03-11 00:23:55,997 - INFO - ------- Successfully Picked All Waveform(s) from all Timechunk(s) -------
2026-03-11 14:58:57,003 - INFO - 
2026-03-11 14:58:57,004 - INFO - ------- Welcome to EQCCTPro -------
2026-03-11 14:58:57,004 - INFO - 
2026-03-11 14:58:57,004 - INFO - Running EQCCT over Requested MSeed Files using CPU(s)...
2026-03-11 14:58:57,004 - INFO - GPU disabled (CPU-only).
2026-03-11 14:58:57,005 - INFO - Configured Intra-op threads = 1
2026-03-11 14:58:57,005 - INFO - Configured Inter-op threads = 1
2026-03-11 14:58:57,005 - INFO - TensorFlow: No GPUs visible; TF will proceed on CPU.
2026-03-11 14:58:57,005 - INFO - 
2026-03-11 14:59:02,341 - INFO - Ray Successfully Initialized with 4 CPU(s) ([0, 1, 2, 3] CPU Affinity Binding).
2026-03-11 14:59:02,341 - INFO - Analyzing 1 time chunk(s) from 2025-01-10 09:14:00 to 2025-01-10 09:15:00 (dt=1min, overlap=0min).
2026-03-11 14:59:02,342 - INFO - Using 1 selected station(s).
2026-03-11 14:59:02,342 - INFO - 
2026-03-11 14:59:02,342 - INFO - ------- Starting EQCCTPro... -------
2026-03-11 14:59:02,342 - INFO - Detailed subprocess information can be found in the log file.
2026-03-11 14:59:02,342 - INFO - 
2026-03-11 14:59:02,701 - INFO - GPU disabled (CPU-only).
2026-03-11 14:59:04,171 - INFO - Configured Intra-op threads = 1
2026-03-11 14:59:04,174 - INFO - Configured Inter-op threads = 1
2026-03-11 14:59:04,214 - INFO - TensorFlow: No GPUs visible; TF will proceed on CPU.
2026-03-11 14:59:04,216 - INFO - 
2026-03-11 14:59:04,219 - INFO - ------- Hardware Configuration -------
2026-03-11 14:59:04,221 - INFO - CPU affinity set to cores: [0, 1, 2, 3]
2026-03-11 14:59:04,223 - INFO - 
2026-03-11 14:59:04,225 - INFO - ------- Data Preprocessing for EQCCTPro -------
2026-03-11 14:59:04,227 - INFO - 1 station(s) in /home/blackwinter/projects/eqcct/eqcctpro/data/waveforms_noise_only/20250110T091400Z_20250110T091500Z
2026-03-11 14:59:04,229 - INFO - Using 1 selected station(s): ['MSF'].
2026-03-11 14:59:04,232 - INFO - Creating model actor(s)...
2026-03-11 14:59:04,234 - INFO - System RAM: Total=7870 MB, Available=3437 MB
2026-03-11 14:59:04,237 - INFO - Usable RAM budget: 7083 MB (90% of total)
2026-03-11 14:59:04,239 - INFO - ===== MEMORY-AWARE CPU ACTOR POOL (EQCCT) =====
2026-03-11 14:59:04,241 - INFO - Requested concurrent tasks: 1
2026-03-11 14:59:04,243 - INFO - Available CPUs: 4
2026-03-11 14:59:04,245 - INFO - Available RAM: 7083 MB
2026-03-11 14:59:04,247 - INFO - RAM per model: 2264 MB
2026-03-11 14:59:04,248 - INFO - Max actors by RAM: 3
2026-03-11 14:59:04,250 - INFO - Creating 1 ModelActor(s)
2026-03-11 14:59:04,252 - INFO - Let Ray handle scheduling (taskset already restricts CPU visibility)
2026-03-11 14:59:04,254 - INFO - Creating ModelActor 1/1 (2.21GB RAM each)...
2026-03-11 14:59:08,142 - INFO - ModelActor 1 created successfully.
2026-03-11 14:59:08,144 - INFO - Created 1 CPU actor(s). Task queue will handle concurrency.
2026-03-11 14:59:08,146 - INFO - Starting EQCCTPro parallelized waveform processing...
2026-03-11 14:59:08,148 - INFO - 
2026-03-11 14:59:08,150 - INFO - ------- Analyzing Seismic Waveforms for P and S Picks via EQCCT -------
2026-03-11 14:59:08,152 - INFO - Analyzing 0:01:00 minute timechunk from 2025-01-10 09:14:00 to 2025-01-10 09:15:00 (0 min overlap)
2026-03-11 14:59:08,154 - INFO - Processing a total of 1 stations, 1 at a time.
2026-03-11 14:59:10,047 - INFO - (1/1) MSF: Skipped (already exists - overwrite=False).
2026-03-11 14:59:10,049 - INFO - 
2026-03-11 14:59:10,051 - INFO - ------- Parallel Station Waveform Processing Complete For 2025-01-10 09:14:00 to 2025-01-10 09:15:00 Timechunk-------
2026-03-11 14:59:10,054 - INFO - Picks saved at /home/blackwinter/projects/eqcct/eqcctpro/results/csv/bm_noise_only/20250110T091400Z_20250110T091500ZProcess Runtime: 1.90 s
2026-03-11 14:59:10,059 - INFO - Successfully ran EQCCTPro, exiting...
2026-03-11 14:59:11,526 - INFO - Ray Successfully Shutdown.
2026-03-11 14:59:11,527 - INFO - ------- Successfully Picked All Waveform(s) from all Timechunk(s) -------
