2026-02-22 13:18:52,589 - INFO - 
2026-02-22 13:18:52,589 - INFO - ------- Welcome to EQCCTPro -------
2026-02-22 13:18:52,589 - INFO - 
2026-02-22 13:18:52,590 - INFO - Running EQCCT over Requested MSeed Files using CPU(s)...
2026-02-22 13:18:52,590 - INFO - GPU disabled (CPU-only).
2026-02-22 13:18:52,591 - INFO - Configured Intra-op threads = 1
2026-02-22 13:18:52,591 - INFO - Configured Inter-op threads = 1
2026-02-22 13:18:52,591 - INFO - TensorFlow: No GPUs visible; TF will proceed on CPU.
2026-02-22 13:18:52,591 - INFO - 
2026-02-22 13:18:58,006 - INFO - Ray Successfully Initialized with 4 CPU(s) ([0, 1, 2, 3] CPU Affinity Binding).
2026-02-22 13:18:58,007 - INFO - Analyzing 1 time chunk(s) from 2025-02-20 11:30:52 to 2025-02-20 11:31:52 (dt=1min, overlap=0min).
2026-02-22 13:18:58,007 - INFO - Using 3 selected station(s).
2026-02-22 13:18:58,007 - INFO - 
2026-02-22 13:18:58,008 - INFO - ------- Starting EQCCTPro... -------
2026-02-22 13:18:58,008 - INFO - Detailed subprocess information can be found in the log file.
2026-02-22 13:18:58,008 - INFO - 
2026-02-22 13:18:58,411 - INFO - GPU disabled (CPU-only).
2026-02-22 13:18:59,924 - INFO - Configured Intra-op threads = 1
2026-02-22 13:18:59,926 - INFO - Configured Inter-op threads = 1
2026-02-22 13:18:59,968 - INFO - TensorFlow: No GPUs visible; TF will proceed on CPU.
2026-02-22 13:18:59,971 - INFO - 
2026-02-22 13:18:59,973 - INFO - ------- Hardware Configuration -------
2026-02-22 13:18:59,975 - INFO - CPU affinity set to cores: [0, 1, 2, 3]
2026-02-22 13:18:59,976 - INFO - 
2026-02-22 13:18:59,978 - INFO - ------- Data Preprocessing for EQCCTPro -------
2026-02-22 13:18:59,980 - INFO - 3 station(s) in /home/blackwinter/projects/eqcct/eqcctpro/data/waveforms_earthquakes_nonoise/20250220T113052Z_20250220T113152Z
2026-02-22 13:18:59,981 - INFO - Using 3 selected station(s): ['KU1', 'KU2', 'KU6'].
2026-02-22 13:18:59,983 - INFO - Creating model actor(s)...
2026-02-22 13:18:59,985 - INFO - System RAM: Total=7870 MB, Available=2964 MB
2026-02-22 13:18:59,988 - INFO - Usable RAM budget: 7083 MB (90% of total)
2026-02-22 13:18:59,991 - INFO - ===== MEMORY-AWARE CPU ACTOR POOL (EQCCT) =====
2026-02-22 13:18:59,993 - INFO - Requested concurrent tasks: 1
2026-02-22 13:18:59,995 - INFO - Available CPUs: 4
2026-02-22 13:18:59,998 - INFO - Available RAM: 7083 MB
2026-02-22 13:19:00,000 - INFO - RAM per model: 2264 MB
2026-02-22 13:19:00,002 - INFO - Max actors by RAM: 3
2026-02-22 13:19:00,005 - INFO - Creating 1 ModelActor(s)
2026-02-22 13:19:00,008 - INFO - Let Ray handle scheduling (taskset already restricts CPU visibility)
2026-02-22 13:19:00,011 - INFO - Creating ModelActor 1/1 (2.21GB RAM each)...
2026-02-22 13:19:03,986 - INFO - ModelActor 1 created successfully.
2026-02-22 13:19:03,988 - INFO - Created 1 CPU actor(s). Task queue will handle concurrency.
2026-02-22 13:19:03,990 - INFO - Starting EQCCTPro parallelized waveform processing...
2026-02-22 13:19:03,992 - INFO - 
2026-02-22 13:19:03,995 - INFO - ------- Analyzing Seismic Waveforms for P and S Picks via EQCCT -------
2026-02-22 13:19:03,997 - INFO - Analyzing 0:01:00 minute timechunk from 2025-02-20 11:30:52 to 2025-02-20 11:31:52 (0 min overlap)
2026-02-22 13:19:04,000 - INFO - Processing a total of 3 stations, 1 at a time.
2026-02-22 13:19:05,911 - INFO - (1/3) KU1: FAILED reading mSEED.
2026-02-22 13:19:05,917 - INFO - (2/3) KU2: FAILED reading mSEED.
2026-02-22 13:19:08,025 - INFO - (3/3) KU6: Finished the prediction in 2.1s. (HP=1.0, LP=45.0)
2026-02-22 13:19:08,027 - INFO - 
2026-02-22 13:19:08,029 - INFO - ------- Parallel Station Waveform Processing Complete For 2025-02-20 11:30:52 to 2025-02-20 11:31:52 Timechunk-------
2026-02-22 13:19:08,031 - INFO - Picks saved at /home/blackwinter/projects/eqcct/eqcctpro/results/csv/bm_eq_nonoise/20250220T113052Z_20250220T113152ZProcess Runtime: 4.04 s
2026-02-22 13:19:08,035 - INFO - Successfully ran EQCCTPro, exiting...
2026-02-22 13:19:09,607 - INFO - Ray Successfully Shutdown.
2026-02-22 13:19:09,608 - INFO - ------- Successfully Picked All Waveform(s) from all Timechunk(s) -------
