2026-03-27 17:06:17,239 - INFO - 
2026-03-27 17:06:17,239 - INFO - ------- Welcome to EQCCTPro -------
2026-03-27 17:06:17,239 - INFO - 
2026-03-27 17:06:17,240 - INFO - Running EQCCT over Requested MSeed Files using CPU(s)...
2026-03-27 17:06:17,240 - INFO - GPU disabled (CPU-only).
2026-03-27 17:06:17,240 - INFO - Skipping framework-specific initialization in the driver process.
2026-03-27 17:06:19,768 - INFO - Ray Successfully Initialized with 4 CPU(s) ([0, 1, 2, 3] CPU Affinity Binding).
2026-03-27 17:06:19,768 - INFO - Analyzing 1 time chunk(s) from 2025-01-15 07:58:37 to 2025-01-15 07:59:37 (dt=1min, overlap=0min).
2026-03-27 17:06:19,768 - INFO - Using 1 selected station(s).
2026-03-27 17:06:19,768 - INFO - 
2026-03-27 17:06:19,769 - INFO - ------- Starting EQCCTPro... -------
2026-03-27 17:06:19,769 - INFO - Detailed subprocess information can be found in the log file.
2026-03-27 17:06:19,769 - INFO - 
2026-03-27 17:06:20,108 - INFO - GPU disabled (CPU-only).
2026-03-27 17:06:20,114 - INFO - Skipping framework-specific initialization in the driver process.
2026-03-27 17:06:20,117 - INFO - ------- Hardware Configuration -------
2026-03-27 17:06:20,120 - INFO - CPU affinity set to cores: [0, 1, 2, 3]
2026-03-27 17:06:20,122 - INFO - 
2026-03-27 17:06:20,124 - INFO - ------- Data Preprocessing for EQCCTPro -------
2026-03-27 17:06:20,126 - INFO - 1 station(s) in /home/blackwinter/projects/eqcct/eqcctpro/data/waveforms_earthquakes_nonoise/20250115T075837Z_20250115T075937Z
2026-03-27 17:06:20,128 - INFO - Using 1 selected station(s): ['SGF'].
2026-03-27 17:06:20,130 - INFO - Creating model actor(s)...
2026-03-27 17:06:20,132 - INFO - System RAM: Total=7870 MB, Available=6220 MB
2026-03-27 17:06:20,135 - INFO - Usable RAM budget: 7083 MB (90% of total)
2026-03-27 17:06:20,137 - INFO - ===== MEMORY-AWARE CPU ACTOR POOL =====
2026-03-27 17:06:20,139 - INFO - Requested concurrent tasks: 1
2026-03-27 17:06:20,141 - INFO - Available CPUs: 4
2026-03-27 17:06:20,144 - INFO - Available RAM: 7083 MB
2026-03-27 17:06:20,146 - INFO - RAM per model: 2060 MB
2026-03-27 17:06:20,149 - INFO - Max actors by RAM: 3
2026-03-27 17:06:20,151 - INFO - Creating 1 SeisBenchModelActor(s)
2026-03-27 17:06:20,152 - INFO - Let Ray handle scheduling (taskset already restricts CPU visibility)
2026-03-27 17:06:20,154 - INFO - Creating SeisBenchModelActor 1/1 (2.01GB RAM each)...
2026-03-27 17:06:23,462 - INFO - SeisBenchModelActor 1 created successfully.
2026-03-27 17:06:23,464 - INFO - Created 1 CPU actor(s). Task queue will handle concurrency.
2026-03-27 17:06:23,467 - INFO - Starting EQCCTPro parallelized waveform processing...
2026-03-27 17:06:23,469 - INFO - 
2026-03-27 17:06:23,470 - INFO - ------- Analyzing Seismic Waveforms for P and S Picks via SeisBench (EQTransformer - original_nonconservative) -------
2026-03-27 17:06:23,473 - INFO - Analyzing 0:01:00 minute timechunk from 2025-01-15 07:58:37 to 2025-01-15 07:59:37 (0 min overlap)
2026-03-27 17:06:23,475 - INFO - Processing a total of 1 stations, 1 at a time.
2026-03-27 17:06:25,924 - INFO - (1/1) SGF: Finished the prediction in 0.15s. (HP=1.0, LP=45.0, picks=0)
2026-03-27 17:06:25,929 - INFO - 
2026-03-27 17:06:25,931 - INFO - ------- Parallel Station Waveform Processing Complete For 2025-01-15 07:58:37 to 2025-01-15 07:59:37 Timechunk-------
2026-03-27 17:06:25,934 - INFO - Picks saved at /home/blackwinter/projects/eqcct/eqcctpro/results/csv/eqt_earthquakes_th0_1/20250115T075837Z_20250115T075937ZProcess Runtime: 2.46 s
2026-03-27 17:06:25,940 - INFO - Successfully ran EQCCTPro, exiting...
2026-03-27 17:06:27,529 - INFO - Ray Successfully Shutdown.
2026-03-27 17:06:27,529 - INFO - ------- Successfully Picked All Waveform(s) from all Timechunk(s) -------
2026-03-27 23:37:39,881 - INFO - 
2026-03-27 23:37:39,882 - INFO - ------- Welcome to EQCCTPro -------
2026-03-27 23:37:39,882 - INFO - 
2026-03-27 23:37:39,882 - INFO - Running EQCCT over Requested MSeed Files using CPU(s)...
2026-03-27 23:37:39,883 - INFO - GPU disabled (CPU-only).
2026-03-27 23:37:39,883 - INFO - Skipping framework-specific initialization in the driver process.
2026-03-27 23:37:41,388 - INFO - Ray Successfully Initialized with 4 CPU(s) ([0, 1, 2, 3] CPU Affinity Binding).
2026-03-27 23:37:41,388 - INFO - Analyzing 1 time chunk(s) from 2025-01-15 07:58:37 to 2025-01-15 07:59:37 (dt=1min, overlap=0min).
2026-03-27 23:37:41,389 - INFO - Using 1 selected station(s).
2026-03-27 23:37:41,389 - INFO - 
2026-03-27 23:37:41,389 - INFO - ------- Starting EQCCTPro... -------
2026-03-27 23:37:41,389 - INFO - Detailed subprocess information can be found in the log file.
2026-03-27 23:37:41,389 - INFO - 
2026-03-27 23:37:41,659 - INFO - GPU disabled (CPU-only).
2026-03-27 23:37:41,664 - INFO - Skipping framework-specific initialization in the driver process.
2026-03-27 23:37:41,668 - INFO - ------- Hardware Configuration -------
2026-03-27 23:37:41,670 - INFO - CPU affinity set to cores: [0, 1, 2, 3]
2026-03-27 23:37:41,673 - INFO - 
2026-03-27 23:37:41,676 - INFO - ------- Data Preprocessing for EQCCTPro -------
2026-03-27 23:37:41,679 - INFO - 1 station(s) in /home/blackwinter/projects/eqcct/eqcctpro/data/waveforms_earthquakes_nonoise/20250115T075837Z_20250115T075937Z
2026-03-27 23:37:41,681 - INFO - Using 1 selected station(s): ['SGF'].
2026-03-27 23:37:41,683 - INFO - Creating model actor(s)...
2026-03-27 23:37:41,686 - INFO - System RAM: Total=7870 MB, Available=6061 MB
2026-03-27 23:37:41,689 - INFO - Usable RAM budget: 7083 MB (90% of total)
2026-03-27 23:37:41,691 - INFO - ===== MEMORY-AWARE CPU ACTOR POOL =====
2026-03-27 23:37:41,694 - INFO - Requested concurrent tasks: 1
2026-03-27 23:37:41,696 - INFO - Available CPUs: 4
2026-03-27 23:37:41,699 - INFO - Available RAM: 7083 MB
2026-03-27 23:37:41,702 - INFO - RAM per model: 2060 MB
2026-03-27 23:37:41,704 - INFO - Max actors by RAM: 3
2026-03-27 23:37:41,707 - INFO - Creating 1 SeisBenchModelActor(s)
2026-03-27 23:37:41,709 - INFO - Let Ray handle scheduling (taskset already restricts CPU visibility)
2026-03-27 23:37:41,711 - INFO - Creating SeisBenchModelActor 1/1 (2.01GB RAM each)...
2026-03-27 23:37:44,875 - INFO - SeisBenchModelActor 1 created successfully.
2026-03-27 23:37:44,877 - INFO - Created 1 CPU actor(s). Task queue will handle concurrency.
2026-03-27 23:37:44,880 - INFO - Starting EQCCTPro parallelized waveform processing...
2026-03-27 23:37:44,882 - INFO - 
2026-03-27 23:37:44,885 - INFO - ------- Analyzing Seismic Waveforms for P and S Picks via SeisBench (EQTransformer - original_nonconservative) -------
2026-03-27 23:37:44,888 - INFO - Analyzing 0:01:00 minute timechunk from 2025-01-15 07:58:37 to 2025-01-15 07:59:37 (0 min overlap)
2026-03-27 23:37:44,891 - INFO - Processing a total of 1 stations, 1 at a time.
2026-03-27 23:37:46,973 - INFO - (1/1) SGF: Skipped (already exists - overwrite=False).
2026-03-27 23:37:46,975 - INFO - 
2026-03-27 23:37:46,978 - INFO - ------- Parallel Station Waveform Processing Complete For 2025-01-15 07:58:37 to 2025-01-15 07:59:37 Timechunk-------
2026-03-27 23:37:46,980 - INFO - Picks saved at /home/blackwinter/projects/eqcct/eqcctpro/results/csv/eqt_earthquakes_th0_1/20250115T075837Z_20250115T075937ZProcess Runtime: 2.10 s
2026-03-27 23:37:46,984 - INFO - Successfully ran EQCCTPro, exiting...
2026-03-27 23:37:48,479 - INFO - Ray Successfully Shutdown.
2026-03-27 23:37:48,479 - INFO - ------- Successfully Picked All Waveform(s) from all Timechunk(s) -------
