2026-03-28 21:37:59,878 - INFO - 
2026-03-28 21:37:59,878 - INFO - ------- Welcome to EQCCTPro -------
2026-03-28 21:37:59,878 - INFO - 
2026-03-28 21:37:59,879 - INFO - Running EQCCT over Requested MSeed Files using CPU(s)...
2026-03-28 21:37:59,879 - INFO - GPU disabled (CPU-only).
2026-03-29 04:39:16,617 - INFO - 
2026-03-29 04:39:16,617 - INFO - ------- Welcome to EQCCTPro -------
2026-03-29 04:39:16,617 - INFO - 
2026-03-29 04:39:16,618 - INFO - Running EQCCT over Requested MSeed Files using CPU(s)...
2026-03-29 04:39:16,618 - INFO - GPU disabled (CPU-only).
2026-03-29 04:39:16,619 - INFO - Configured Intra-op threads = 1
2026-03-29 04:39:16,619 - INFO - Configured Inter-op threads = 1
2026-03-29 04:39:16,619 - INFO - TensorFlow: No GPUs visible; TF will proceed on CPU.
2026-03-29 04:39:16,619 - INFO - 
2026-03-29 04:39:21,693 - INFO - Ray Successfully Initialized with 4 CPU(s) ([0, 1, 2, 3] CPU Affinity Binding).
2026-03-29 04:39:21,693 - INFO - Analyzing 1 time chunk(s) from 2025-01-17 08:17:03 to 2025-01-17 08:18:03 (dt=1min, overlap=0min).
2026-03-29 04:39:21,693 - INFO - Using 1 selected station(s).
2026-03-29 04:39:21,693 - INFO - 
2026-03-29 04:39:21,693 - INFO - ------- Starting EQCCTPro... -------
2026-03-29 04:39:21,694 - INFO - Detailed subprocess information can be found in the log file.
2026-03-29 04:39:21,694 - INFO - 
2026-03-29 04:39:22,121 - INFO - GPU disabled (CPU-only).
2026-03-29 04:39:23,851 - INFO - Configured Intra-op threads = 1
2026-03-29 04:39:23,854 - INFO - Configured Inter-op threads = 1
2026-03-29 04:39:23,906 - INFO - TensorFlow: No GPUs visible; TF will proceed on CPU.
2026-03-29 04:39:23,908 - INFO - 
2026-03-29 04:39:23,911 - INFO - ------- Hardware Configuration -------
2026-03-29 04:39:23,914 - INFO - CPU affinity set to cores: [0, 1, 2, 3]
2026-03-29 04:39:23,916 - INFO - 
2026-03-29 04:39:23,919 - INFO - ------- Data Preprocessing for EQCCTPro -------
2026-03-29 04:39:23,921 - INFO - 1 station(s) in /home/blackwinter/projects/eqcct/eqcctpro/data/waveforms_explosions_nonoise/20250117T081703Z_20250117T081803Z
2026-03-29 04:39:23,924 - INFO - Using 1 selected station(s): ['HEF'].
2026-03-29 04:39:23,926 - INFO - Creating model actor(s)...
2026-03-29 04:39:23,929 - INFO - System RAM: Total=7870 MB, Available=2865 MB
2026-03-29 04:39:23,931 - INFO - Usable RAM budget: 7083 MB (90% of total)
2026-03-29 04:39:23,934 - INFO - ===== MEMORY-AWARE CPU ACTOR POOL (EQCCT) =====
2026-03-29 04:39:23,936 - INFO - Requested concurrent tasks: 1
2026-03-29 04:39:23,938 - INFO - Available CPUs: 4
2026-03-29 04:39:23,941 - INFO - Available RAM: 7083 MB
2026-03-29 04:39:23,943 - INFO - RAM per model: 2264 MB
2026-03-29 04:39:23,945 - INFO - Max actors by RAM: 3
2026-03-29 04:39:23,948 - INFO - Creating 1 ModelActor(s)
2026-03-29 04:39:23,951 - INFO - Let Ray handle scheduling (taskset already restricts CPU visibility)
2026-03-29 04:39:23,953 - INFO - Creating ModelActor 1/1 (2.21GB RAM each)...
2026-03-29 04:39:28,296 - INFO - ModelActor 1 created successfully.
2026-03-29 04:39:28,298 - INFO - Created 1 CPU actor(s). Task queue will handle concurrency.
2026-03-29 04:39:28,300 - INFO - Starting EQCCTPro parallelized waveform processing...
2026-03-29 04:39:28,303 - INFO - 
2026-03-29 04:39:28,306 - INFO - ------- Analyzing Seismic Waveforms for P and S Picks via EQCCT -------
2026-03-29 04:39:28,310 - INFO - Analyzing 0:01:00 minute timechunk from 2025-01-17 08:17:03 to 2025-01-17 08:18:03 (0 min overlap)
2026-03-29 04:39:28,313 - INFO - Processing a total of 1 stations, 1 at a time.
2026-03-29 04:39:32,951 - INFO - (1/1) HEF: Finished the prediction in 2.54s. (HP=1.0, LP=45.0)
2026-03-29 04:39:32,954 - INFO - 
2026-03-29 04:39:32,957 - INFO - ------- Parallel Station Waveform Processing Complete For 2025-01-17 08:17:03 to 2025-01-17 08:18:03 Timechunk-------
2026-03-29 04:39:32,960 - INFO - Picks saved at /home/blackwinter/projects/eqcct/eqcctpro/results/csv/eqcct_explosions_th0_1/20250117T081703Z_20250117T081803ZProcess Runtime: 4.65 s
2026-03-29 04:39:32,966 - INFO - Successfully ran EQCCTPro, exiting...
2026-03-29 04:39:34,542 - INFO - Ray Successfully Shutdown.
2026-03-29 04:39:34,542 - INFO - ------- Successfully Picked All Waveform(s) from all Timechunk(s) -------
