2026-02-26 23:47:24,017 - INFO - 
2026-02-26 23:47:24,018 - INFO - ------- Welcome to EQCCTPro -------
2026-02-26 23:47:24,018 - INFO - 
2026-02-26 23:47:24,018 - INFO - Running EQCCT over Requested MSeed Files using CPU(s)...
2026-02-26 23:47:24,018 - INFO - GPU disabled (CPU-only).
2026-02-26 23:47:24,019 - INFO - Configured Intra-op threads = 1
2026-02-26 23:47:24,019 - INFO - Configured Inter-op threads = 1
2026-02-26 23:47:24,019 - INFO - TensorFlow: No GPUs visible; TF will proceed on CPU.
2026-02-26 23:47:24,019 - INFO - 
2026-02-26 23:47:29,147 - INFO - Ray Successfully Initialized with 4 CPU(s) ([0, 1, 2, 3] CPU Affinity Binding).
2026-02-26 23:47:29,147 - INFO - Analyzing 1 time chunk(s) from 2025-01-10 10:25:16 to 2025-01-10 10:26:16 (dt=1min, overlap=0min).
2026-02-26 23:47:29,147 - INFO - Using 1 selected station(s).
2026-02-26 23:47:29,147 - INFO - 
2026-02-26 23:47:29,148 - INFO - ------- Starting EQCCTPro... -------
2026-02-26 23:47:29,148 - INFO - Detailed subprocess information can be found in the log file.
2026-02-26 23:47:29,148 - INFO - 
2026-02-26 23:47:29,513 - INFO - GPU disabled (CPU-only).
2026-02-26 23:47:31,078 - INFO - Configured Intra-op threads = 1
2026-02-26 23:47:31,080 - INFO - Configured Inter-op threads = 1
2026-02-26 23:47:31,119 - INFO - TensorFlow: No GPUs visible; TF will proceed on CPU.
2026-02-26 23:47:31,122 - INFO - 
2026-02-26 23:47:31,124 - INFO - ------- Hardware Configuration -------
2026-02-26 23:47:31,127 - INFO - CPU affinity set to cores: [0, 1, 2, 3]
2026-02-26 23:47:31,129 - INFO - 
2026-02-26 23:47:31,131 - INFO - ------- Data Preprocessing for EQCCTPro -------
2026-02-26 23:47:31,133 - INFO - 1 station(s) in /home/blackwinter/projects/eqcct/eqcctpro/data/waveforms_explosions_nonoise/20250110T102516Z_20250110T102616Z
2026-02-26 23:47:31,135 - INFO - Using 1 selected station(s): ['KEF'].
2026-02-26 23:47:31,137 - INFO - Creating model actor(s)...
2026-02-26 23:47:31,139 - INFO - System RAM: Total=7870 MB, Available=3496 MB
2026-02-26 23:47:31,141 - INFO - Usable RAM budget: 7083 MB (90% of total)
2026-02-26 23:47:31,142 - INFO - ===== MEMORY-AWARE CPU ACTOR POOL (EQCCT) =====
2026-02-26 23:47:31,144 - INFO - Requested concurrent tasks: 1
2026-02-26 23:47:31,146 - INFO - Available CPUs: 4
2026-02-26 23:47:31,148 - INFO - Available RAM: 7083 MB
2026-02-26 23:47:31,150 - INFO - RAM per model: 2264 MB
2026-02-26 23:47:31,152 - INFO - Max actors by RAM: 3
2026-02-26 23:47:31,154 - INFO - Creating 1 ModelActor(s)
2026-02-26 23:47:31,156 - INFO - Let Ray handle scheduling (taskset already restricts CPU visibility)
2026-02-26 23:47:31,159 - INFO - Creating ModelActor 1/1 (2.21GB RAM each)...
2026-02-26 23:47:35,009 - INFO - ModelActor 1 created successfully.
2026-02-26 23:47:35,011 - INFO - Created 1 CPU actor(s). Task queue will handle concurrency.
2026-02-26 23:47:35,013 - INFO - Starting EQCCTPro parallelized waveform processing...
2026-02-26 23:47:35,015 - INFO - 
2026-02-26 23:47:35,017 - INFO - ------- Analyzing Seismic Waveforms for P and S Picks via EQCCT -------
2026-02-26 23:47:35,019 - INFO - Analyzing 0:01:00 minute timechunk from 2025-01-10 10:25:16 to 2025-01-10 10:26:16 (0 min overlap)
2026-02-26 23:47:35,021 - INFO - Processing a total of 1 stations, 1 at a time.
2026-02-26 23:47:39,367 - INFO - (1/1) KEF: Finished the prediction in 2.26s. (HP=1.0, LP=45.0)
2026-02-26 23:47:39,374 - INFO - 
2026-02-26 23:47:39,377 - INFO - ------- Parallel Station Waveform Processing Complete For 2025-01-10 10:25:16 to 2025-01-10 10:26:16 Timechunk-------
2026-02-26 23:47:39,379 - INFO - Picks saved at /home/blackwinter/projects/eqcct/eqcctpro/results/csv/bm_explosions/20250110T102516Z_20250110T102616ZProcess Runtime: 4.36 s
2026-02-26 23:47:39,384 - INFO - Successfully ran EQCCTPro, exiting...
2026-02-26 23:47:40,842 - INFO - Ray Successfully Shutdown.
2026-02-26 23:47:40,842 - INFO - ------- Successfully Picked All Waveform(s) from all Timechunk(s) -------
2026-02-27 07:07:20,809 - INFO - 
2026-02-27 07:07:20,815 - INFO - ------- Welcome to EQCCTPro -------
2026-02-27 07:07:20,816 - INFO - 
2026-02-27 07:07:20,816 - INFO - Running EQCCT over Requested MSeed Files using CPU(s)...
2026-02-27 07:07:20,816 - INFO - GPU disabled (CPU-only).
2026-02-27 07:07:20,817 - INFO - Configured Intra-op threads = 1
2026-02-27 07:07:20,817 - INFO - Configured Inter-op threads = 1
2026-02-27 07:07:20,817 - INFO - TensorFlow: No GPUs visible; TF will proceed on CPU.
2026-02-27 07:07:20,817 - INFO - 
2026-02-27 07:07:26,340 - INFO - Ray Successfully Initialized with 4 CPU(s) ([0, 1, 2, 3] CPU Affinity Binding).
2026-02-27 07:07:26,341 - INFO - Analyzing 1 time chunk(s) from 2025-01-10 10:25:16 to 2025-01-10 10:26:16 (dt=1min, overlap=0min).
2026-02-27 07:07:26,341 - INFO - Using 1 selected station(s).
2026-02-27 07:07:26,341 - INFO - 
2026-02-27 07:07:26,341 - INFO - ------- Starting EQCCTPro... -------
2026-02-27 07:07:26,341 - INFO - Detailed subprocess information can be found in the log file.
2026-02-27 07:07:26,341 - INFO - 
2026-02-27 07:07:26,725 - INFO - GPU disabled (CPU-only).
2026-02-27 07:07:28,266 - INFO - Configured Intra-op threads = 1
2026-02-27 07:07:28,269 - INFO - Configured Inter-op threads = 1
2026-02-27 07:07:28,316 - INFO - TensorFlow: No GPUs visible; TF will proceed on CPU.
2026-02-27 07:07:28,318 - INFO - 
2026-02-27 07:07:28,321 - INFO - ------- Hardware Configuration -------
2026-02-27 07:07:28,323 - INFO - CPU affinity set to cores: [0, 1, 2, 3]
2026-02-27 07:07:28,326 - INFO - 
2026-02-27 07:07:28,328 - INFO - ------- Data Preprocessing for EQCCTPro -------
2026-02-27 07:07:28,330 - INFO - 1 station(s) in /home/blackwinter/projects/eqcct/eqcctpro/data/waveforms_explosions_nonoise/20250110T102516Z_20250110T102616Z
2026-02-27 07:07:28,331 - INFO - Using 1 selected station(s): ['KEF'].
2026-02-27 07:07:28,333 - INFO - Creating model actor(s)...
2026-02-27 07:07:28,335 - INFO - System RAM: Total=7870 MB, Available=3460 MB
2026-02-27 07:07:28,337 - INFO - Usable RAM budget: 7083 MB (90% of total)
2026-02-27 07:07:28,338 - INFO - ===== MEMORY-AWARE CPU ACTOR POOL (EQCCT) =====
2026-02-27 07:07:28,340 - INFO - Requested concurrent tasks: 1
2026-02-27 07:07:28,342 - INFO - Available CPUs: 4
2026-02-27 07:07:28,344 - INFO - Available RAM: 7083 MB
2026-02-27 07:07:28,345 - INFO - RAM per model: 2264 MB
2026-02-27 07:07:28,347 - INFO - Max actors by RAM: 3
2026-02-27 07:07:28,349 - INFO - Creating 1 ModelActor(s)
2026-02-27 07:07:28,351 - INFO - Let Ray handle scheduling (taskset already restricts CPU visibility)
2026-02-27 07:07:28,353 - INFO - Creating ModelActor 1/1 (2.21GB RAM each)...
2026-02-27 07:07:32,353 - INFO - ModelActor 1 created successfully.
2026-02-27 07:07:32,355 - INFO - Created 1 CPU actor(s). Task queue will handle concurrency.
2026-02-27 07:07:32,358 - INFO - Starting EQCCTPro parallelized waveform processing...
2026-02-27 07:07:32,359 - INFO - 
2026-02-27 07:07:32,361 - INFO - ------- Analyzing Seismic Waveforms for P and S Picks via EQCCT -------
2026-02-27 07:07:32,363 - INFO - Analyzing 0:01:00 minute timechunk from 2025-01-10 10:25:16 to 2025-01-10 10:26:16 (0 min overlap)
2026-02-27 07:07:32,365 - INFO - Processing a total of 1 stations, 1 at a time.
2026-02-27 07:07:34,258 - INFO - (1/1) KEF: Skipped (already exists - overwrite=False).
2026-02-27 07:07:34,261 - INFO - 
2026-02-27 07:07:34,263 - INFO - ------- Parallel Station Waveform Processing Complete For 2025-01-10 10:25:16 to 2025-01-10 10:26:16 Timechunk-------
2026-02-27 07:07:34,265 - INFO - Picks saved at /home/blackwinter/projects/eqcct/eqcctpro/results/csv/bm_explosions/20250110T102516Z_20250110T102616ZProcess Runtime: 1.90 s
2026-02-27 07:07:34,269 - INFO - Successfully ran EQCCTPro, exiting...
2026-02-27 07:07:35,826 - INFO - Ray Successfully Shutdown.
2026-02-27 07:07:35,826 - INFO - ------- Successfully Picked All Waveform(s) from all Timechunk(s) -------
