2026-03-27 17:28:54,039 - INFO - 
2026-03-27 17:28:54,039 - INFO - ------- Welcome to EQCCTPro -------
2026-03-27 17:28:54,039 - INFO - 
2026-03-27 17:28:54,040 - INFO - Running EQCCT over Requested MSeed Files using CPU(s)...
2026-03-27 17:28:54,040 - INFO - GPU disabled (CPU-only).
2026-03-27 17:28:54,040 - INFO - Skipping framework-specific initialization in the driver process.
2026-03-27 17:28:56,507 - INFO - Ray Successfully Initialized with 4 CPU(s) ([0, 1, 2, 3] CPU Affinity Binding).
2026-03-27 17:28:56,508 - INFO - Analyzing 1 time chunk(s) from 2025-01-27 22:19:12 to 2025-01-27 22:20:12 (dt=1min, overlap=0min).
2026-03-27 17:28:56,508 - INFO - Using 1 selected station(s).
2026-03-27 17:28:56,508 - INFO - 
2026-03-27 17:28:56,509 - INFO - ------- Starting EQCCTPro... -------
2026-03-27 17:28:56,509 - INFO - Detailed subprocess information can be found in the log file.
2026-03-27 17:28:56,509 - INFO - 
2026-03-27 17:28:56,797 - INFO - GPU disabled (CPU-only).
2026-03-27 17:28:56,801 - INFO - Skipping framework-specific initialization in the driver process.
2026-03-27 17:28:56,804 - INFO - ------- Hardware Configuration -------
2026-03-27 17:28:56,807 - INFO - CPU affinity set to cores: [0, 1, 2, 3]
2026-03-27 17:28:56,809 - INFO - 
2026-03-27 17:28:56,812 - INFO - ------- Data Preprocessing for EQCCTPro -------
2026-03-27 17:28:56,814 - INFO - 1 station(s) in /home/blackwinter/projects/eqcct/eqcctpro/data/waveforms_earthquakes_nonoise/20250127T221912Z_20250127T222012Z
2026-03-27 17:28:56,816 - INFO - Using 1 selected station(s): ['RAJF'].
2026-03-27 17:28:56,819 - INFO - Creating model actor(s)...
2026-03-27 17:28:56,821 - INFO - System RAM: Total=7870 MB, Available=6190 MB
2026-03-27 17:28:56,824 - INFO - Usable RAM budget: 7083 MB (90% of total)
2026-03-27 17:28:56,826 - INFO - ===== MEMORY-AWARE CPU ACTOR POOL =====
2026-03-27 17:28:56,828 - INFO - Requested concurrent tasks: 1
2026-03-27 17:28:56,830 - INFO - Available CPUs: 4
2026-03-27 17:28:56,833 - INFO - Available RAM: 7083 MB
2026-03-27 17:28:56,835 - INFO - RAM per model: 2060 MB
2026-03-27 17:28:56,837 - INFO - Max actors by RAM: 3
2026-03-27 17:28:56,839 - INFO - Creating 1 SeisBenchModelActor(s)
2026-03-27 17:28:56,840 - INFO - Let Ray handle scheduling (taskset already restricts CPU visibility)
2026-03-27 17:28:56,842 - INFO - Creating SeisBenchModelActor 1/1 (2.01GB RAM each)...
2026-03-27 17:28:59,801 - INFO - SeisBenchModelActor 1 created successfully.
2026-03-27 17:28:59,804 - INFO - Created 1 CPU actor(s). Task queue will handle concurrency.
2026-03-27 17:28:59,806 - INFO - Starting EQCCTPro parallelized waveform processing...
2026-03-27 17:28:59,808 - INFO - 
2026-03-27 17:28:59,810 - INFO - ------- Analyzing Seismic Waveforms for P and S Picks via SeisBench (EQTransformer - original_nonconservative) -------
2026-03-27 17:28:59,814 - INFO - Analyzing 0:01:00 minute timechunk from 2025-01-27 22:19:12 to 2025-01-27 22:20:12 (0 min overlap)
2026-03-27 17:28:59,816 - INFO - Processing a total of 1 stations, 1 at a time.
2026-03-27 17:29:02,084 - INFO - (1/1) RAJF: Finished the prediction in 0.14s. (HP=1.0, LP=45.0, picks=3)
2026-03-27 17:29:02,086 - INFO - 
2026-03-27 17:29:02,088 - INFO - ------- Parallel Station Waveform Processing Complete For 2025-01-27 22:19:12 to 2025-01-27 22:20:12 Timechunk-------
2026-03-27 17:29:02,091 - INFO - Picks saved at /home/blackwinter/projects/eqcct/eqcctpro/results/csv/eqt_earthquakes_th0_1/20250127T221912Z_20250127T222012ZProcess Runtime: 2.28 s
2026-03-27 17:29:02,099 - INFO - Successfully ran EQCCTPro, exiting...
2026-03-27 17:29:03,528 - INFO - Ray Successfully Shutdown.
2026-03-27 17:29:03,528 - INFO - ------- Successfully Picked All Waveform(s) from all Timechunk(s) -------
2026-03-27 23:58:35,730 - INFO - 
2026-03-27 23:58:35,730 - INFO - ------- Welcome to EQCCTPro -------
2026-03-27 23:58:35,730 - INFO - 
2026-03-27 23:58:35,731 - INFO - Running EQCCT over Requested MSeed Files using CPU(s)...
2026-03-27 23:58:35,731 - INFO - GPU disabled (CPU-only).
2026-03-27 23:58:35,731 - INFO - Skipping framework-specific initialization in the driver process.
2026-03-27 23:58:38,072 - INFO - Ray Successfully Initialized with 4 CPU(s) ([0, 1, 2, 3] CPU Affinity Binding).
2026-03-27 23:58:38,072 - INFO - Analyzing 1 time chunk(s) from 2025-01-27 22:19:12 to 2025-01-27 22:20:12 (dt=1min, overlap=0min).
2026-03-27 23:58:38,072 - INFO - Using 1 selected station(s).
2026-03-27 23:58:38,073 - INFO - 
2026-03-27 23:58:38,073 - INFO - ------- Starting EQCCTPro... -------
2026-03-27 23:58:38,073 - INFO - Detailed subprocess information can be found in the log file.
2026-03-27 23:58:38,073 - INFO - 
2026-03-27 23:58:38,357 - INFO - GPU disabled (CPU-only).
2026-03-27 23:58:38,361 - INFO - Skipping framework-specific initialization in the driver process.
2026-03-27 23:58:38,364 - INFO - ------- Hardware Configuration -------
2026-03-27 23:58:38,366 - INFO - CPU affinity set to cores: [0, 1, 2, 3]
2026-03-27 23:58:38,368 - INFO - 
2026-03-27 23:58:38,370 - INFO - ------- Data Preprocessing for EQCCTPro -------
2026-03-27 23:58:38,372 - INFO - 1 station(s) in /home/blackwinter/projects/eqcct/eqcctpro/data/waveforms_earthquakes_nonoise/20250127T221912Z_20250127T222012Z
2026-03-27 23:58:38,373 - INFO - Using 1 selected station(s): ['RAJF'].
2026-03-27 23:58:38,375 - INFO - Creating model actor(s)...
2026-03-27 23:58:38,377 - INFO - System RAM: Total=7870 MB, Available=6018 MB
2026-03-27 23:58:38,379 - INFO - Usable RAM budget: 7083 MB (90% of total)
2026-03-27 23:58:38,380 - INFO - ===== MEMORY-AWARE CPU ACTOR POOL =====
2026-03-27 23:58:38,382 - INFO - Requested concurrent tasks: 1
2026-03-27 23:58:38,384 - INFO - Available CPUs: 4
2026-03-27 23:58:38,386 - INFO - Available RAM: 7083 MB
2026-03-27 23:58:38,387 - INFO - RAM per model: 2060 MB
2026-03-27 23:58:38,389 - INFO - Max actors by RAM: 3
2026-03-27 23:58:38,391 - INFO - Creating 1 SeisBenchModelActor(s)
2026-03-27 23:58:38,393 - INFO - Let Ray handle scheduling (taskset already restricts CPU visibility)
2026-03-27 23:58:38,394 - INFO - Creating SeisBenchModelActor 1/1 (2.01GB RAM each)...
2026-03-27 23:58:41,089 - INFO - SeisBenchModelActor 1 created successfully.
2026-03-27 23:58:41,091 - INFO - Created 1 CPU actor(s). Task queue will handle concurrency.
2026-03-27 23:58:41,093 - INFO - Starting EQCCTPro parallelized waveform processing...
2026-03-27 23:58:41,094 - INFO - 
2026-03-27 23:58:41,096 - INFO - ------- Analyzing Seismic Waveforms for P and S Picks via SeisBench (EQTransformer - original_nonconservative) -------
2026-03-27 23:58:41,098 - INFO - Analyzing 0:01:00 minute timechunk from 2025-01-27 22:19:12 to 2025-01-27 22:20:12 (0 min overlap)
2026-03-27 23:58:41,100 - INFO - Processing a total of 1 stations, 1 at a time.
2026-03-27 23:58:42,993 - INFO - (1/1) RAJF: Skipped (already exists - overwrite=False).
2026-03-27 23:58:42,995 - INFO - 
2026-03-27 23:58:42,997 - INFO - ------- Parallel Station Waveform Processing Complete For 2025-01-27 22:19:12 to 2025-01-27 22:20:12 Timechunk-------
2026-03-27 23:58:43,000 - INFO - Picks saved at /home/blackwinter/projects/eqcct/eqcctpro/results/csv/eqt_earthquakes_th0_1/20250127T221912Z_20250127T222012ZProcess Runtime: 1.90 s
2026-03-27 23:58:43,004 - INFO - Successfully ran EQCCTPro, exiting...
2026-03-27 23:58:44,392 - INFO - Ray Successfully Shutdown.
2026-03-27 23:58:44,392 - INFO - ------- Successfully Picked All Waveform(s) from all Timechunk(s) -------
