2026-03-27 21:35:02,379 - INFO - 
2026-03-27 21:35:02,379 - INFO - ------- Welcome to EQCCTPro -------
2026-03-27 21:35:02,379 - INFO - 
2026-03-27 21:35:02,380 - INFO - Running EQCCT over Requested MSeed Files using CPU(s)...
2026-03-27 21:35:02,380 - INFO - GPU disabled (CPU-only).
2026-03-27 21:35:02,380 - INFO - Skipping framework-specific initialization in the driver process.
2026-03-27 21:35:04,794 - INFO - Ray Successfully Initialized with 4 CPU(s) ([0, 1, 2, 3] CPU Affinity Binding).
2026-03-27 21:35:04,794 - INFO - Analyzing 1 time chunk(s) from 2025-10-18 04:40:09 to 2025-10-18 04:41:09 (dt=1min, overlap=0min).
2026-03-27 21:35:04,794 - INFO - Using 1 selected station(s).
2026-03-27 21:35:04,794 - INFO - 
2026-03-27 21:35:04,795 - INFO - ------- Starting EQCCTPro... -------
2026-03-27 21:35:04,795 - INFO - Detailed subprocess information can be found in the log file.
2026-03-27 21:35:04,795 - INFO - 
2026-03-27 21:35:05,062 - INFO - GPU disabled (CPU-only).
2026-03-27 21:35:05,067 - INFO - Skipping framework-specific initialization in the driver process.
2026-03-27 21:35:05,070 - INFO - ------- Hardware Configuration -------
2026-03-27 21:35:05,073 - INFO - CPU affinity set to cores: [0, 1, 2, 3]
2026-03-27 21:35:05,075 - INFO - 
2026-03-27 21:35:05,077 - INFO - ------- Data Preprocessing for EQCCTPro -------
2026-03-27 21:35:05,079 - INFO - 1 station(s) in /home/blackwinter/projects/eqcct/eqcctpro/data/waveforms_earthquakes_nonoise/20251018T044009Z_20251018T044109Z
2026-03-27 21:35:05,081 - INFO - Using 1 selected station(s): ['KPF'].
2026-03-27 21:35:05,084 - INFO - Creating model actor(s)...
2026-03-27 21:35:05,086 - INFO - System RAM: Total=7870 MB, Available=5062 MB
2026-03-27 21:35:05,088 - INFO - Usable RAM budget: 7083 MB (90% of total)
2026-03-27 21:35:05,089 - INFO - ===== MEMORY-AWARE CPU ACTOR POOL =====
2026-03-27 21:35:05,091 - INFO - Requested concurrent tasks: 1
2026-03-27 21:35:05,094 - INFO - Available CPUs: 4
2026-03-27 21:35:05,096 - INFO - Available RAM: 7083 MB
2026-03-27 21:35:05,099 - INFO - RAM per model: 2060 MB
2026-03-27 21:35:05,101 - INFO - Max actors by RAM: 3
2026-03-27 21:35:05,104 - INFO - Creating 1 SeisBenchModelActor(s)
2026-03-27 21:35:05,106 - INFO - Let Ray handle scheduling (taskset already restricts CPU visibility)
2026-03-27 21:35:05,109 - INFO - Creating SeisBenchModelActor 1/1 (2.01GB RAM each)...
2026-03-27 21:35:08,278 - INFO - SeisBenchModelActor 1 created successfully.
2026-03-27 21:35:08,280 - INFO - Created 1 CPU actor(s). Task queue will handle concurrency.
2026-03-27 21:35:08,282 - INFO - Starting EQCCTPro parallelized waveform processing...
2026-03-27 21:35:08,284 - INFO - 
2026-03-27 21:35:08,286 - INFO - ------- Analyzing Seismic Waveforms for P and S Picks via SeisBench (EQTransformer - original_nonconservative) -------
2026-03-27 21:35:08,288 - INFO - Analyzing 0:01:00 minute timechunk from 2025-10-18 04:40:09 to 2025-10-18 04:41:09 (0 min overlap)
2026-03-27 21:35:08,290 - INFO - Processing a total of 1 stations, 1 at a time.
2026-03-27 21:35:10,410 - INFO - (1/1) KPF: Finished the prediction in 0.14s. (HP=1.0, LP=45.0, picks=3)
2026-03-27 21:35:10,413 - INFO - 
2026-03-27 21:35:10,414 - INFO - ------- Parallel Station Waveform Processing Complete For 2025-10-18 04:40:09 to 2025-10-18 04:41:09 Timechunk-------
2026-03-27 21:35:10,420 - INFO - Successfully ran EQCCTPro, exiting...
2026-03-27 21:35:10,417 - INFO - Picks saved at /home/blackwinter/projects/eqcct/eqcctpro/results/csv/eqt_earthquakes_th0_1/20251018T044009Z_20251018T044109ZProcess Runtime: 2.13 s
2026-03-27 21:35:12,077 - INFO - Ray Successfully Shutdown.
2026-03-27 21:35:12,078 - INFO - ------- Successfully Picked All Waveform(s) from all Timechunk(s) -------
2026-03-28 03:46:18,094 - INFO - 
2026-03-28 03:46:18,095 - INFO - ------- Welcome to EQCCTPro -------
2026-03-28 03:46:18,095 - INFO - 
2026-03-28 03:46:18,096 - INFO - Running EQCCT over Requested MSeed Files using CPU(s)...
2026-03-28 03:46:18,096 - INFO - GPU disabled (CPU-only).
2026-03-28 03:46:18,096 - INFO - Skipping framework-specific initialization in the driver process.
2026-03-28 03:46:20,469 - INFO - Ray Successfully Initialized with 4 CPU(s) ([0, 1, 2, 3] CPU Affinity Binding).
2026-03-28 03:46:20,470 - INFO - Analyzing 1 time chunk(s) from 2025-10-18 04:40:09 to 2025-10-18 04:41:09 (dt=1min, overlap=0min).
2026-03-28 03:46:20,470 - INFO - Using 1 selected station(s).
2026-03-28 03:46:20,470 - INFO - 
2026-03-28 03:46:20,470 - INFO - ------- Starting EQCCTPro... -------
2026-03-28 03:46:20,470 - INFO - Detailed subprocess information can be found in the log file.
2026-03-28 03:46:20,470 - INFO - 
2026-03-28 03:46:20,760 - INFO - GPU disabled (CPU-only).
2026-03-28 03:46:20,765 - INFO - Skipping framework-specific initialization in the driver process.
2026-03-28 03:46:20,768 - INFO - ------- Hardware Configuration -------
2026-03-28 03:46:20,771 - INFO - CPU affinity set to cores: [0, 1, 2, 3]
2026-03-28 03:46:20,773 - INFO - 
2026-03-28 03:46:20,776 - INFO - ------- Data Preprocessing for EQCCTPro -------
2026-03-28 03:46:20,779 - INFO - 1 station(s) in /home/blackwinter/projects/eqcct/eqcctpro/data/waveforms_earthquakes_nonoise/20251018T044009Z_20251018T044109Z
2026-03-28 03:46:20,781 - INFO - Using 1 selected station(s): ['KPF'].
2026-03-28 03:46:20,783 - INFO - Creating model actor(s)...
2026-03-28 03:46:20,786 - INFO - System RAM: Total=7870 MB, Available=5696 MB
2026-03-28 03:46:20,788 - INFO - Usable RAM budget: 7083 MB (90% of total)
2026-03-28 03:46:20,791 - INFO - ===== MEMORY-AWARE CPU ACTOR POOL =====
2026-03-28 03:46:20,793 - INFO - Requested concurrent tasks: 1
2026-03-28 03:46:20,795 - INFO - Available CPUs: 4
2026-03-28 03:46:20,798 - INFO - Available RAM: 7083 MB
2026-03-28 03:46:20,801 - INFO - RAM per model: 2060 MB
2026-03-28 03:46:20,804 - INFO - Max actors by RAM: 3
2026-03-28 03:46:20,807 - INFO - Creating 1 SeisBenchModelActor(s)
2026-03-28 03:46:20,809 - INFO - Let Ray handle scheduling (taskset already restricts CPU visibility)
2026-03-28 03:46:20,812 - INFO - Creating SeisBenchModelActor 1/1 (2.01GB RAM each)...
2026-03-28 03:46:23,823 - INFO - SeisBenchModelActor 1 created successfully.
2026-03-28 03:46:23,828 - INFO - Created 1 CPU actor(s). Task queue will handle concurrency.
2026-03-28 03:46:23,831 - INFO - Starting EQCCTPro parallelized waveform processing...
2026-03-28 03:46:23,834 - INFO - 
2026-03-28 03:46:23,836 - INFO - ------- Analyzing Seismic Waveforms for P and S Picks via SeisBench (EQTransformer - original_nonconservative) -------
2026-03-28 03:46:23,840 - INFO - Analyzing 0:01:00 minute timechunk from 2025-10-18 04:40:09 to 2025-10-18 04:41:09 (0 min overlap)
2026-03-28 03:46:23,842 - INFO - Processing a total of 1 stations, 1 at a time.
2026-03-28 03:46:26,030 - INFO - (1/1) KPF: Skipped (already exists - overwrite=False).
2026-03-28 03:46:26,032 - INFO - 
2026-03-28 03:46:26,035 - INFO - ------- Parallel Station Waveform Processing Complete For 2025-10-18 04:40:09 to 2025-10-18 04:41:09 Timechunk-------
2026-03-28 03:46:26,038 - INFO - Picks saved at /home/blackwinter/projects/eqcct/eqcctpro/results/csv/eqt_earthquakes_th0_1/20251018T044009Z_20251018T044109ZProcess Runtime: 2.20 s
2026-03-28 03:46:26,044 - INFO - Successfully ran EQCCTPro, exiting...
2026-03-28 03:46:27,998 - INFO - Ray Successfully Shutdown.
2026-03-28 03:46:27,999 - INFO - ------- Successfully Picked All Waveform(s) from all Timechunk(s) -------
