2026-02-26 21:35:29,659 - INFO - 
2026-02-26 21:35:29,659 - INFO - ------- Welcome to EQCCTPro -------
2026-02-26 21:35:29,659 - INFO - 
2026-02-26 21:35:29,660 - INFO - Running EQCCT over Requested MSeed Files using CPU(s)...
2026-02-26 21:35:29,660 - INFO - GPU disabled (CPU-only).
2026-02-26 21:35:29,660 - INFO - Configured Intra-op threads = 1
2026-02-26 21:35:29,660 - INFO - Configured Inter-op threads = 1
2026-02-26 21:35:29,660 - INFO - TensorFlow: No GPUs visible; TF will proceed on CPU.
2026-02-26 21:35:29,661 - INFO - 
2026-02-26 21:35:34,963 - INFO - Ray Successfully Initialized with 4 CPU(s) ([0, 1, 2, 3] CPU Affinity Binding).
2026-02-26 21:35:34,964 - INFO - Analyzing 1 time chunk(s) from 2025-01-02 11:52:44 to 2025-01-02 11:53:44 (dt=1min, overlap=0min).
2026-02-26 21:35:34,964 - INFO - Using 1 selected station(s).
2026-02-26 21:35:34,964 - INFO - 
2026-02-26 21:35:34,964 - INFO - ------- Starting EQCCTPro... -------
2026-02-26 21:35:34,965 - INFO - Detailed subprocess information can be found in the log file.
2026-02-26 21:35:34,965 - INFO - 
2026-02-26 21:35:35,316 - INFO - GPU disabled (CPU-only).
2026-02-26 21:35:36,809 - INFO - Configured Intra-op threads = 1
2026-02-26 21:35:36,811 - INFO - Configured Inter-op threads = 1
2026-02-26 21:35:36,850 - INFO - TensorFlow: No GPUs visible; TF will proceed on CPU.
2026-02-26 21:35:36,853 - INFO - 
2026-02-26 21:35:36,855 - INFO - ------- Hardware Configuration -------
2026-02-26 21:35:36,857 - INFO - CPU affinity set to cores: [0, 1, 2, 3]
2026-02-26 21:35:36,859 - INFO - 
2026-02-26 21:35:36,862 - INFO - ------- Data Preprocessing for EQCCTPro -------
2026-02-26 21:35:36,864 - INFO - 1 station(s) in /home/blackwinter/projects/eqcct/eqcctpro/data/waveforms_explosions_nonoise/20250102T115244Z_20250102T115344Z
2026-02-26 21:35:36,866 - INFO - Using 1 selected station(s): ['OLKF'].
2026-02-26 21:35:36,868 - INFO - Creating model actor(s)...
2026-02-26 21:35:36,870 - INFO - System RAM: Total=7870 MB, Available=4221 MB
2026-02-26 21:35:36,872 - INFO - Usable RAM budget: 7083 MB (90% of total)
2026-02-26 21:35:36,874 - INFO - ===== MEMORY-AWARE CPU ACTOR POOL (EQCCT) =====
2026-02-26 21:35:36,876 - INFO - Requested concurrent tasks: 1
2026-02-26 21:35:36,878 - INFO - Available CPUs: 4
2026-02-26 21:35:36,880 - INFO - Available RAM: 7083 MB
2026-02-26 21:35:36,882 - INFO - RAM per model: 2264 MB
2026-02-26 21:35:36,883 - INFO - Max actors by RAM: 3
2026-02-26 21:35:36,885 - INFO - Creating 1 ModelActor(s)
2026-02-26 21:35:36,888 - INFO - Let Ray handle scheduling (taskset already restricts CPU visibility)
2026-02-26 21:35:36,889 - INFO - Creating ModelActor 1/1 (2.21GB RAM each)...
2026-02-26 21:35:40,788 - INFO - ModelActor 1 created successfully.
2026-02-26 21:35:40,790 - INFO - Created 1 CPU actor(s). Task queue will handle concurrency.
2026-02-26 21:35:40,792 - INFO - Starting EQCCTPro parallelized waveform processing...
2026-02-26 21:35:40,794 - INFO - 
2026-02-26 21:35:40,796 - INFO - ------- Analyzing Seismic Waveforms for P and S Picks via EQCCT -------
2026-02-26 21:35:40,798 - INFO - Analyzing 0:01:00 minute timechunk from 2025-01-02 11:52:44 to 2025-01-02 11:53:44 (0 min overlap)
2026-02-26 21:35:40,800 - INFO - Processing a total of 1 stations, 1 at a time.
2026-02-26 21:35:44,755 - INFO - (1/1) OLKF: Finished the prediction in 2.11s. (HP=1.0, LP=45.0)
2026-02-26 21:35:44,758 - INFO - 
2026-02-26 21:35:44,760 - INFO - ------- Parallel Station Waveform Processing Complete For 2025-01-02 11:52:44 to 2025-01-02 11:53:44 Timechunk-------
2026-02-26 21:35:44,762 - INFO - Picks saved at /home/blackwinter/projects/eqcct/eqcctpro/results/csv/bm_explosions/20250102T115244Z_20250102T115344ZProcess Runtime: 3.97 s
2026-02-26 21:35:44,766 - INFO - Successfully ran EQCCTPro, exiting...
2026-02-26 21:35:46,251 - INFO - Ray Successfully Shutdown.
2026-02-26 21:35:46,252 - INFO - ------- Successfully Picked All Waveform(s) from all Timechunk(s) -------
2026-02-27 05:12:54,988 - INFO - 
2026-02-27 05:12:54,995 - INFO - ------- Welcome to EQCCTPro -------
2026-02-27 05:12:54,995 - INFO - 
2026-02-27 05:12:54,996 - INFO - Running EQCCT over Requested MSeed Files using CPU(s)...
2026-02-27 05:12:54,996 - INFO - GPU disabled (CPU-only).
2026-02-27 05:12:54,996 - INFO - Configured Intra-op threads = 1
2026-02-27 05:12:54,996 - INFO - Configured Inter-op threads = 1
2026-02-27 05:12:54,996 - INFO - TensorFlow: No GPUs visible; TF will proceed on CPU.
2026-02-27 05:12:54,997 - INFO - 
2026-02-27 05:13:00,463 - INFO - Ray Successfully Initialized with 4 CPU(s) ([0, 1, 2, 3] CPU Affinity Binding).
2026-02-27 05:13:00,463 - INFO - Analyzing 1 time chunk(s) from 2025-01-02 11:52:44 to 2025-01-02 11:53:44 (dt=1min, overlap=0min).
2026-02-27 05:13:00,464 - INFO - Using 1 selected station(s).
2026-02-27 05:13:00,464 - INFO - 
2026-02-27 05:13:00,464 - INFO - ------- Starting EQCCTPro... -------
2026-02-27 05:13:00,464 - INFO - Detailed subprocess information can be found in the log file.
2026-02-27 05:13:00,464 - INFO - 
2026-02-27 05:13:00,830 - INFO - GPU disabled (CPU-only).
2026-02-27 05:13:02,291 - INFO - Configured Intra-op threads = 1
2026-02-27 05:13:02,294 - INFO - Configured Inter-op threads = 1
2026-02-27 05:13:02,338 - INFO - TensorFlow: No GPUs visible; TF will proceed on CPU.
2026-02-27 05:13:02,340 - INFO - 
2026-02-27 05:13:02,342 - INFO - ------- Hardware Configuration -------
2026-02-27 05:13:02,344 - INFO - CPU affinity set to cores: [0, 1, 2, 3]
2026-02-27 05:13:02,346 - INFO - 
2026-02-27 05:13:02,348 - INFO - ------- Data Preprocessing for EQCCTPro -------
2026-02-27 05:13:02,350 - INFO - 1 station(s) in /home/blackwinter/projects/eqcct/eqcctpro/data/waveforms_explosions_nonoise/20250102T115244Z_20250102T115344Z
2026-02-27 05:13:02,351 - INFO - Using 1 selected station(s): ['OLKF'].
2026-02-27 05:13:02,353 - INFO - Creating model actor(s)...
2026-02-27 05:13:02,356 - INFO - System RAM: Total=7870 MB, Available=4385 MB
2026-02-27 05:13:02,358 - INFO - Usable RAM budget: 7083 MB (90% of total)
2026-02-27 05:13:02,360 - INFO - ===== MEMORY-AWARE CPU ACTOR POOL (EQCCT) =====
2026-02-27 05:13:02,362 - INFO - Requested concurrent tasks: 1
2026-02-27 05:13:02,364 - INFO - Available CPUs: 4
2026-02-27 05:13:02,366 - INFO - Available RAM: 7083 MB
2026-02-27 05:13:02,367 - INFO - RAM per model: 2264 MB
2026-02-27 05:13:02,369 - INFO - Max actors by RAM: 3
2026-02-27 05:13:02,371 - INFO - Creating 1 ModelActor(s)
2026-02-27 05:13:02,373 - INFO - Let Ray handle scheduling (taskset already restricts CPU visibility)
2026-02-27 05:13:02,375 - INFO - Creating ModelActor 1/1 (2.21GB RAM each)...
2026-02-27 05:13:06,283 - INFO - ModelActor 1 created successfully.
2026-02-27 05:13:06,285 - INFO - Created 1 CPU actor(s). Task queue will handle concurrency.
2026-02-27 05:13:06,287 - INFO - Starting EQCCTPro parallelized waveform processing...
2026-02-27 05:13:06,289 - INFO - 
2026-02-27 05:13:06,292 - INFO - ------- Analyzing Seismic Waveforms for P and S Picks via EQCCT -------
2026-02-27 05:13:06,294 - INFO - Analyzing 0:01:00 minute timechunk from 2025-01-02 11:52:44 to 2025-01-02 11:53:44 (0 min overlap)
2026-02-27 05:13:06,296 - INFO - Processing a total of 1 stations, 1 at a time.
2026-02-27 05:13:08,147 - INFO - (1/1) OLKF: Skipped (already exists - overwrite=False).
2026-02-27 05:13:08,150 - INFO - 
2026-02-27 05:13:08,152 - INFO - ------- Parallel Station Waveform Processing Complete For 2025-01-02 11:52:44 to 2025-01-02 11:53:44 Timechunk-------
2026-02-27 05:13:08,154 - INFO - Picks saved at /home/blackwinter/projects/eqcct/eqcctpro/results/csv/bm_explosions/20250102T115244Z_20250102T115344ZProcess Runtime: 1.86 s
2026-02-27 05:13:08,158 - INFO - Successfully ran EQCCTPro, exiting...
2026-02-27 05:13:09,598 - INFO - Ray Successfully Shutdown.
2026-02-27 05:13:09,598 - INFO - ------- Successfully Picked All Waveform(s) from all Timechunk(s) -------
