2026-03-28 19:58:03,045 - INFO - 
2026-03-28 19:58:03,045 - INFO - ------- Welcome to EQCCTPro -------
2026-03-28 19:58:03,045 - INFO - 
2026-03-28 19:58:03,046 - INFO - Running EQCCT over Requested MSeed Files using CPU(s)...
2026-03-28 19:58:03,046 - INFO - GPU disabled (CPU-only).
2026-03-28 19:58:03,046 - INFO - Skipping framework-specific initialization in the driver process.
2026-03-28 19:58:05,866 - INFO - Ray Successfully Initialized with 4 CPU(s) ([0, 1, 2, 3] CPU Affinity Binding).
2026-03-28 19:58:05,867 - INFO - Analyzing 1 time chunk(s) from 2025-01-22 08:31:58 to 2025-01-22 08:32:58 (dt=1min, overlap=0min).
2026-03-28 19:58:05,868 - INFO - Using 1 selected station(s).
2026-03-28 19:58:05,868 - INFO - 
2026-03-28 19:58:05,870 - INFO - ------- Starting EQCCTPro... -------
2026-03-28 19:58:05,870 - INFO - Detailed subprocess information can be found in the log file.
2026-03-28 19:58:05,870 - INFO - 
2026-03-28 19:58:06,265 - INFO - GPU disabled (CPU-only).
2026-03-28 19:58:06,274 - INFO - Skipping framework-specific initialization in the driver process.
2026-03-28 19:58:06,277 - INFO - ------- Hardware Configuration -------
2026-03-28 19:58:06,281 - INFO - CPU affinity set to cores: [0, 1, 2, 3]
2026-03-28 19:58:06,286 - INFO - 
2026-03-28 19:58:06,291 - INFO - ------- Data Preprocessing for EQCCTPro -------
2026-03-28 19:58:06,295 - INFO - 1 station(s) in /home/blackwinter/projects/eqcct/eqcctpro/data/waveforms_explosions_nonoise/20250122T083158Z_20250122T083258Z
2026-03-28 19:58:06,300 - INFO - Using 1 selected station(s): ['FIA0'].
2026-03-28 19:58:06,304 - INFO - Creating model actor(s)...
2026-03-28 19:58:06,309 - INFO - System RAM: Total=7870 MB, Available=4062 MB
2026-03-28 19:58:06,313 - INFO - Usable RAM budget: 7083 MB (90% of total)
2026-03-28 19:58:06,317 - INFO - ===== MEMORY-AWARE CPU ACTOR POOL =====
2026-03-28 19:58:06,321 - INFO - Requested concurrent tasks: 1
2026-03-28 19:58:06,326 - INFO - Available CPUs: 4
2026-03-28 19:58:06,329 - INFO - Available RAM: 7083 MB
2026-03-28 19:58:06,332 - INFO - RAM per model: 2060 MB
2026-03-28 19:58:06,335 - INFO - Max actors by RAM: 3
2026-03-28 19:58:06,338 - INFO - Creating 1 SeisBenchModelActor(s)
2026-03-28 19:58:06,340 - INFO - Let Ray handle scheduling (taskset already restricts CPU visibility)
2026-03-28 19:58:06,342 - INFO - Creating SeisBenchModelActor 1/1 (2.01GB RAM each)...
2026-03-28 19:58:09,747 - INFO - SeisBenchModelActor 1 created successfully.
2026-03-28 19:58:09,750 - INFO - Created 1 CPU actor(s). Task queue will handle concurrency.
2026-03-28 19:58:09,753 - INFO - Starting EQCCTPro parallelized waveform processing...
2026-03-28 19:58:09,755 - INFO - 
2026-03-28 19:58:09,757 - INFO - ------- Analyzing Seismic Waveforms for P and S Picks via SeisBench (EQTransformer - original_nonconservative) -------
2026-03-28 19:58:09,760 - INFO - Analyzing 0:01:00 minute timechunk from 2025-01-22 08:31:58 to 2025-01-22 08:32:58 (0 min overlap)
2026-03-28 19:58:09,763 - INFO - Processing a total of 1 stations, 1 at a time.
2026-03-28 19:58:12,119 - INFO - (1/1) FIA0: Finished the prediction in 0.14s. (HP=1.0, LP=45.0, picks=1)
2026-03-28 19:58:12,121 - INFO - 
2026-03-28 19:58:12,125 - INFO - ------- Parallel Station Waveform Processing Complete For 2025-01-22 08:31:58 to 2025-01-22 08:32:58 Timechunk-------
2026-03-28 19:58:12,132 - INFO - Successfully ran EQCCTPro, exiting...
2026-03-28 19:58:12,128 - INFO - Picks saved at /home/blackwinter/projects/eqcct/eqcctpro/results/csv/eqt_explosions_th0_1/20250122T083158Z_20250122T083258ZProcess Runtime: 2.37 s
2026-03-28 19:58:13,991 - INFO - Ray Successfully Shutdown.
2026-03-28 19:58:13,992 - INFO - ------- Successfully Picked All Waveform(s) from all Timechunk(s) -------
