2026-02-26 23:03:24,477 - INFO - 
2026-02-26 23:03:24,477 - INFO - ------- Welcome to EQCCTPro -------
2026-02-26 23:03:24,477 - INFO - 
2026-02-26 23:03:24,478 - INFO - Running EQCCT over Requested MSeed Files using CPU(s)...
2026-02-26 23:03:24,478 - INFO - GPU disabled (CPU-only).
2026-02-26 23:03:24,478 - INFO - Configured Intra-op threads = 1
2026-02-26 23:03:24,478 - INFO - Configured Inter-op threads = 1
2026-02-26 23:03:24,478 - INFO - TensorFlow: No GPUs visible; TF will proceed on CPU.
2026-02-26 23:03:24,479 - INFO - 
2026-02-26 23:03:30,072 - INFO - Ray Successfully Initialized with 4 CPU(s) ([0, 1, 2, 3] CPU Affinity Binding).
2026-02-26 23:03:30,073 - INFO - Analyzing 1 time chunk(s) from 2025-01-08 12:02:14 to 2025-01-08 12:03:14 (dt=1min, overlap=0min).
2026-02-26 23:03:30,073 - INFO - Using 1 selected station(s).
2026-02-26 23:03:30,073 - INFO - 
2026-02-26 23:03:30,073 - INFO - ------- Starting EQCCTPro... -------
2026-02-26 23:03:30,073 - INFO - Detailed subprocess information can be found in the log file.
2026-02-26 23:03:30,073 - INFO - 
2026-02-26 23:03:30,464 - INFO - GPU disabled (CPU-only).
2026-02-26 23:03:32,170 - INFO - Configured Intra-op threads = 1
2026-02-26 23:03:32,172 - INFO - Configured Inter-op threads = 1
2026-02-26 23:03:32,215 - INFO - TensorFlow: No GPUs visible; TF will proceed on CPU.
2026-02-26 23:03:32,217 - INFO - 
2026-02-26 23:03:32,220 - INFO - ------- Hardware Configuration -------
2026-02-26 23:03:32,222 - INFO - CPU affinity set to cores: [0, 1, 2, 3]
2026-02-26 23:03:32,225 - INFO - 
2026-02-26 23:03:32,227 - INFO - ------- Data Preprocessing for EQCCTPro -------
2026-02-26 23:03:32,229 - INFO - 1 station(s) in /home/blackwinter/projects/eqcct/eqcctpro/data/waveforms_explosions_nonoise/20250108T120214Z_20250108T120314Z
2026-02-26 23:03:32,231 - INFO - Using 1 selected station(s): ['KU6'].
2026-02-26 23:03:32,233 - INFO - Creating model actor(s)...
2026-02-26 23:03:32,235 - INFO - System RAM: Total=7870 MB, Available=3770 MB
2026-02-26 23:03:32,236 - INFO - Usable RAM budget: 7083 MB (90% of total)
2026-02-26 23:03:32,238 - INFO - ===== MEMORY-AWARE CPU ACTOR POOL (EQCCT) =====
2026-02-26 23:03:32,240 - INFO - Requested concurrent tasks: 1
2026-02-26 23:03:32,242 - INFO - Available CPUs: 4
2026-02-26 23:03:32,243 - INFO - Available RAM: 7083 MB
2026-02-26 23:03:32,245 - INFO - RAM per model: 2264 MB
2026-02-26 23:03:32,248 - INFO - Max actors by RAM: 3
2026-02-26 23:03:32,250 - INFO - Creating 1 ModelActor(s)
2026-02-26 23:03:32,251 - INFO - Let Ray handle scheduling (taskset already restricts CPU visibility)
2026-02-26 23:03:32,253 - INFO - Creating ModelActor 1/1 (2.21GB RAM each)...
2026-02-26 23:03:36,206 - INFO - ModelActor 1 created successfully.
2026-02-26 23:03:36,208 - INFO - Created 1 CPU actor(s). Task queue will handle concurrency.
2026-02-26 23:03:36,210 - INFO - Starting EQCCTPro parallelized waveform processing...
2026-02-26 23:03:36,211 - INFO - 
2026-02-26 23:03:36,213 - INFO - ------- Analyzing Seismic Waveforms for P and S Picks via EQCCT -------
2026-02-26 23:03:36,215 - INFO - Analyzing 0:01:00 minute timechunk from 2025-01-08 12:02:14 to 2025-01-08 12:03:14 (0 min overlap)
2026-02-26 23:03:36,217 - INFO - Processing a total of 1 stations, 1 at a time.
2026-02-26 23:03:40,278 - INFO - (1/1) KU6: Finished the prediction in 2.14s. (HP=1.0, LP=45.0)
2026-02-26 23:03:40,280 - INFO - 
2026-02-26 23:03:40,282 - INFO - ------- Parallel Station Waveform Processing Complete For 2025-01-08 12:02:14 to 2025-01-08 12:03:14 Timechunk-------
2026-02-26 23:03:40,284 - INFO - Picks saved at /home/blackwinter/projects/eqcct/eqcctpro/results/csv/bm_explosions/20250108T120214Z_20250108T120314ZProcess Runtime: 4.07 s
2026-02-26 23:03:40,290 - INFO - Successfully ran EQCCTPro, exiting...
2026-02-26 23:03:41,712 - INFO - Ray Successfully Shutdown.
2026-02-26 23:03:41,712 - INFO - ------- Successfully Picked All Waveform(s) from all Timechunk(s) -------
2026-02-27 06:29:01,104 - INFO - 
2026-02-27 06:29:01,111 - INFO - ------- Welcome to EQCCTPro -------
2026-02-27 06:29:01,111 - INFO - 
2026-02-27 06:29:01,112 - INFO - Running EQCCT over Requested MSeed Files using CPU(s)...
2026-02-27 06:29:01,112 - INFO - GPU disabled (CPU-only).
2026-02-27 06:29:01,112 - INFO - Configured Intra-op threads = 1
2026-02-27 06:29:01,112 - INFO - Configured Inter-op threads = 1
2026-02-27 06:29:01,113 - INFO - TensorFlow: No GPUs visible; TF will proceed on CPU.
2026-02-27 06:29:01,113 - INFO - 
2026-02-27 06:29:06,357 - INFO - Ray Successfully Initialized with 4 CPU(s) ([0, 1, 2, 3] CPU Affinity Binding).
2026-02-27 06:29:06,358 - INFO - Analyzing 1 time chunk(s) from 2025-01-08 12:02:14 to 2025-01-08 12:03:14 (dt=1min, overlap=0min).
2026-02-27 06:29:06,358 - INFO - Using 1 selected station(s).
2026-02-27 06:29:06,358 - INFO - 
2026-02-27 06:29:06,359 - INFO - ------- Starting EQCCTPro... -------
2026-02-27 06:29:06,359 - INFO - Detailed subprocess information can be found in the log file.
2026-02-27 06:29:06,359 - INFO - 
2026-02-27 06:29:06,724 - INFO - GPU disabled (CPU-only).
2026-02-27 06:29:08,242 - INFO - Configured Intra-op threads = 1
2026-02-27 06:29:08,244 - INFO - Configured Inter-op threads = 1
2026-02-27 06:29:08,290 - INFO - TensorFlow: No GPUs visible; TF will proceed on CPU.
2026-02-27 06:29:08,292 - INFO - 
2026-02-27 06:29:08,294 - INFO - ------- Hardware Configuration -------
2026-02-27 06:29:08,296 - INFO - CPU affinity set to cores: [0, 1, 2, 3]
2026-02-27 06:29:08,298 - INFO - 
2026-02-27 06:29:08,300 - INFO - ------- Data Preprocessing for EQCCTPro -------
2026-02-27 06:29:08,303 - INFO - 1 station(s) in /home/blackwinter/projects/eqcct/eqcctpro/data/waveforms_explosions_nonoise/20250108T120214Z_20250108T120314Z
2026-02-27 06:29:08,305 - INFO - Using 1 selected station(s): ['KU6'].
2026-02-27 06:29:08,307 - INFO - Creating model actor(s)...
2026-02-27 06:29:08,309 - INFO - System RAM: Total=7870 MB, Available=3754 MB
2026-02-27 06:29:08,311 - INFO - Usable RAM budget: 7083 MB (90% of total)
2026-02-27 06:29:08,313 - INFO - ===== MEMORY-AWARE CPU ACTOR POOL (EQCCT) =====
2026-02-27 06:29:08,315 - INFO - Requested concurrent tasks: 1
2026-02-27 06:29:08,317 - INFO - Available CPUs: 4
2026-02-27 06:29:08,319 - INFO - Available RAM: 7083 MB
2026-02-27 06:29:08,321 - INFO - RAM per model: 2264 MB
2026-02-27 06:29:08,322 - INFO - Max actors by RAM: 3
2026-02-27 06:29:08,325 - INFO - Creating 1 ModelActor(s)
2026-02-27 06:29:08,327 - INFO - Let Ray handle scheduling (taskset already restricts CPU visibility)
2026-02-27 06:29:08,329 - INFO - Creating ModelActor 1/1 (2.21GB RAM each)...
2026-02-27 06:29:12,216 - INFO - ModelActor 1 created successfully.
2026-02-27 06:29:12,219 - INFO - Created 1 CPU actor(s). Task queue will handle concurrency.
2026-02-27 06:29:12,221 - INFO - Starting EQCCTPro parallelized waveform processing...
2026-02-27 06:29:12,224 - INFO - 
2026-02-27 06:29:12,225 - INFO - ------- Analyzing Seismic Waveforms for P and S Picks via EQCCT -------
2026-02-27 06:29:12,228 - INFO - Analyzing 0:01:00 minute timechunk from 2025-01-08 12:02:14 to 2025-01-08 12:03:14 (0 min overlap)
2026-02-27 06:29:12,230 - INFO - Processing a total of 1 stations, 1 at a time.
2026-02-27 06:29:14,233 - INFO - (1/1) KU6: Skipped (already exists - overwrite=False).
2026-02-27 06:29:14,238 - INFO - 
2026-02-27 06:29:14,240 - INFO - ------- Parallel Station Waveform Processing Complete For 2025-01-08 12:02:14 to 2025-01-08 12:03:14 Timechunk-------
2026-02-27 06:29:14,242 - INFO - Picks saved at /home/blackwinter/projects/eqcct/eqcctpro/results/csv/bm_explosions/20250108T120214Z_20250108T120314ZProcess Runtime: 2.02 s
2026-02-27 06:29:14,246 - INFO - Successfully ran EQCCTPro, exiting...
2026-02-27 06:29:15,922 - INFO - Ray Successfully Shutdown.
2026-02-27 06:29:15,922 - INFO - ------- Successfully Picked All Waveform(s) from all Timechunk(s) -------
