2026-02-26 23:47:40,844 - INFO - 
2026-02-26 23:47:40,844 - INFO - ------- Welcome to EQCCTPro -------
2026-02-26 23:47:40,844 - INFO - 
2026-02-26 23:47:40,845 - INFO - Running EQCCT over Requested MSeed Files using CPU(s)...
2026-02-26 23:47:40,845 - INFO - GPU disabled (CPU-only).
2026-02-26 23:47:40,845 - INFO - Configured Intra-op threads = 1
2026-02-26 23:47:40,845 - INFO - Configured Inter-op threads = 1
2026-02-26 23:47:40,845 - INFO - TensorFlow: No GPUs visible; TF will proceed on CPU.
2026-02-26 23:47:40,846 - INFO - 
2026-02-26 23:47:46,430 - INFO - Ray Successfully Initialized with 4 CPU(s) ([0, 1, 2, 3] CPU Affinity Binding).
2026-02-26 23:47:46,430 - INFO - Analyzing 1 time chunk(s) from 2025-01-10 10:25:21 to 2025-01-10 10:26:21 (dt=1min, overlap=0min).
2026-02-26 23:47:46,430 - INFO - Using 1 selected station(s).
2026-02-26 23:47:46,430 - INFO - 
2026-02-26 23:47:46,431 - INFO - ------- Starting EQCCTPro... -------
2026-02-26 23:47:46,431 - INFO - Detailed subprocess information can be found in the log file.
2026-02-26 23:47:46,431 - INFO - 
2026-02-26 23:47:46,871 - INFO - GPU disabled (CPU-only).
2026-02-26 23:47:48,489 - INFO - Configured Intra-op threads = 1
2026-02-26 23:47:48,492 - INFO - Configured Inter-op threads = 1
2026-02-26 23:47:48,531 - INFO - TensorFlow: No GPUs visible; TF will proceed on CPU.
2026-02-26 23:47:48,533 - INFO - 
2026-02-26 23:47:48,536 - INFO - ------- Hardware Configuration -------
2026-02-26 23:47:48,538 - INFO - CPU affinity set to cores: [0, 1, 2, 3]
2026-02-26 23:47:48,540 - INFO - 
2026-02-26 23:47:48,543 - INFO - ------- Data Preprocessing for EQCCTPro -------
2026-02-26 23:47:48,545 - INFO - 1 station(s) in /home/blackwinter/projects/eqcct/eqcctpro/data/waveforms_explosions_nonoise/20250110T102521Z_20250110T102621Z
2026-02-26 23:47:48,546 - INFO - Using 1 selected station(s): ['SUF'].
2026-02-26 23:47:48,548 - INFO - Creating model actor(s)...
2026-02-26 23:47:48,550 - INFO - System RAM: Total=7870 MB, Available=3474 MB
2026-02-26 23:47:48,551 - INFO - Usable RAM budget: 7083 MB (90% of total)
2026-02-26 23:47:48,553 - INFO - ===== MEMORY-AWARE CPU ACTOR POOL (EQCCT) =====
2026-02-26 23:47:48,555 - INFO - Requested concurrent tasks: 1
2026-02-26 23:47:48,556 - INFO - Available CPUs: 4
2026-02-26 23:47:48,558 - INFO - Available RAM: 7083 MB
2026-02-26 23:47:48,560 - INFO - RAM per model: 2264 MB
2026-02-26 23:47:48,562 - INFO - Max actors by RAM: 3
2026-02-26 23:47:48,564 - INFO - Creating 1 ModelActor(s)
2026-02-26 23:47:48,566 - INFO - Let Ray handle scheduling (taskset already restricts CPU visibility)
2026-02-26 23:47:48,568 - INFO - Creating ModelActor 1/1 (2.21GB RAM each)...
2026-02-26 23:47:52,513 - INFO - ModelActor 1 created successfully.
2026-02-26 23:47:52,516 - INFO - Created 1 CPU actor(s). Task queue will handle concurrency.
2026-02-26 23:47:52,518 - INFO - Starting EQCCTPro parallelized waveform processing...
2026-02-26 23:47:52,519 - INFO - 
2026-02-26 23:47:52,521 - INFO - ------- Analyzing Seismic Waveforms for P and S Picks via EQCCT -------
2026-02-26 23:47:52,523 - INFO - Analyzing 0:01:00 minute timechunk from 2025-01-10 10:25:21 to 2025-01-10 10:26:21 (0 min overlap)
2026-02-26 23:47:52,525 - INFO - Processing a total of 1 stations, 1 at a time.
2026-02-26 23:47:56,635 - INFO - (1/1) SUF: Finished the prediction in 2.15s. (HP=1.0, LP=45.0)
2026-02-26 23:47:56,637 - INFO - 
2026-02-26 23:47:56,639 - INFO - ------- Parallel Station Waveform Processing Complete For 2025-01-10 10:25:21 to 2025-01-10 10:26:21 Timechunk-------
2026-02-26 23:47:56,641 - INFO - Picks saved at /home/blackwinter/projects/eqcct/eqcctpro/results/csv/bm_explosions/20250110T102521Z_20250110T102621ZProcess Runtime: 4.12 s
2026-02-26 23:47:56,644 - INFO - Successfully ran EQCCTPro, exiting...
2026-02-26 23:47:58,201 - INFO - Ray Successfully Shutdown.
2026-02-26 23:47:58,201 - INFO - ------- Successfully Picked All Waveform(s) from all Timechunk(s) -------
2026-02-27 07:07:35,827 - INFO - 
2026-02-27 07:07:35,834 - INFO - ------- Welcome to EQCCTPro -------
2026-02-27 07:07:35,834 - INFO - 
2026-02-27 07:07:35,835 - INFO - Running EQCCT over Requested MSeed Files using CPU(s)...
2026-02-27 07:07:35,835 - INFO - GPU disabled (CPU-only).
2026-02-27 07:07:35,835 - INFO - Configured Intra-op threads = 1
2026-02-27 07:07:35,835 - INFO - Configured Inter-op threads = 1
2026-02-27 07:07:35,835 - INFO - TensorFlow: No GPUs visible; TF will proceed on CPU.
2026-02-27 07:07:35,835 - INFO - 
2026-02-27 07:07:41,170 - INFO - Ray Successfully Initialized with 4 CPU(s) ([0, 1, 2, 3] CPU Affinity Binding).
2026-02-27 07:07:41,170 - INFO - Analyzing 1 time chunk(s) from 2025-01-10 10:25:21 to 2025-01-10 10:26:21 (dt=1min, overlap=0min).
2026-02-27 07:07:41,170 - INFO - Using 1 selected station(s).
2026-02-27 07:07:41,171 - INFO - 
2026-02-27 07:07:41,171 - INFO - ------- Starting EQCCTPro... -------
2026-02-27 07:07:41,171 - INFO - Detailed subprocess information can be found in the log file.
2026-02-27 07:07:41,171 - INFO - 
2026-02-27 07:07:41,546 - INFO - GPU disabled (CPU-only).
2026-02-27 07:07:43,060 - INFO - Configured Intra-op threads = 1
2026-02-27 07:07:43,062 - INFO - Configured Inter-op threads = 1
2026-02-27 07:07:43,104 - INFO - TensorFlow: No GPUs visible; TF will proceed on CPU.
2026-02-27 07:07:43,106 - INFO - 
2026-02-27 07:07:43,108 - INFO - ------- Hardware Configuration -------
2026-02-27 07:07:43,110 - INFO - CPU affinity set to cores: [0, 1, 2, 3]
2026-02-27 07:07:43,112 - INFO - 
2026-02-27 07:07:43,114 - INFO - ------- Data Preprocessing for EQCCTPro -------
2026-02-27 07:07:43,116 - INFO - 1 station(s) in /home/blackwinter/projects/eqcct/eqcctpro/data/waveforms_explosions_nonoise/20250110T102521Z_20250110T102621Z
2026-02-27 07:07:43,117 - INFO - Using 1 selected station(s): ['SUF'].
2026-02-27 07:07:43,119 - INFO - Creating model actor(s)...
2026-02-27 07:07:43,121 - INFO - System RAM: Total=7870 MB, Available=3445 MB
2026-02-27 07:07:43,123 - INFO - Usable RAM budget: 7083 MB (90% of total)
2026-02-27 07:07:43,124 - INFO - ===== MEMORY-AWARE CPU ACTOR POOL (EQCCT) =====
2026-02-27 07:07:43,126 - INFO - Requested concurrent tasks: 1
2026-02-27 07:07:43,128 - INFO - Available CPUs: 4
2026-02-27 07:07:43,130 - INFO - Available RAM: 7083 MB
2026-02-27 07:07:43,132 - INFO - RAM per model: 2264 MB
2026-02-27 07:07:43,134 - INFO - Max actors by RAM: 3
2026-02-27 07:07:43,137 - INFO - Creating 1 ModelActor(s)
2026-02-27 07:07:43,139 - INFO - Let Ray handle scheduling (taskset already restricts CPU visibility)
2026-02-27 07:07:43,141 - INFO - Creating ModelActor 1/1 (2.21GB RAM each)...
2026-02-27 07:07:47,075 - INFO - ModelActor 1 created successfully.
2026-02-27 07:07:47,077 - INFO - Created 1 CPU actor(s). Task queue will handle concurrency.
2026-02-27 07:07:47,079 - INFO - Starting EQCCTPro parallelized waveform processing...
2026-02-27 07:07:47,081 - INFO - 
2026-02-27 07:07:47,083 - INFO - ------- Analyzing Seismic Waveforms for P and S Picks via EQCCT -------
2026-02-27 07:07:47,085 - INFO - Analyzing 0:01:00 minute timechunk from 2025-01-10 10:25:21 to 2025-01-10 10:26:21 (0 min overlap)
2026-02-27 07:07:47,086 - INFO - Processing a total of 1 stations, 1 at a time.
2026-02-27 07:07:48,957 - INFO - (1/1) SUF: Skipped (already exists - overwrite=False).
2026-02-27 07:07:48,959 - INFO - 
2026-02-27 07:07:48,962 - INFO - ------- Parallel Station Waveform Processing Complete For 2025-01-10 10:25:21 to 2025-01-10 10:26:21 Timechunk-------
2026-02-27 07:07:48,963 - INFO - Picks saved at /home/blackwinter/projects/eqcct/eqcctpro/results/csv/bm_explosions/20250110T102521Z_20250110T102621ZProcess Runtime: 1.88 s
2026-02-27 07:07:48,967 - INFO - Successfully ran EQCCTPro, exiting...
2026-02-27 07:07:50,336 - INFO - Ray Successfully Shutdown.
2026-02-27 07:07:50,336 - INFO - ------- Successfully Picked All Waveform(s) from all Timechunk(s) -------
