2026-02-27 01:58:01,113 - INFO - 
2026-02-27 01:58:01,113 - INFO - ------- Welcome to EQCCTPro -------
2026-02-27 01:58:01,113 - INFO - 
2026-02-27 01:58:01,114 - INFO - Running EQCCT over Requested MSeed Files using CPU(s)...
2026-02-27 01:58:01,114 - INFO - GPU disabled (CPU-only).
2026-02-27 01:58:01,115 - INFO - Configured Intra-op threads = 1
2026-02-27 01:58:01,115 - INFO - Configured Inter-op threads = 1
2026-02-27 01:58:01,115 - INFO - TensorFlow: No GPUs visible; TF will proceed on CPU.
2026-02-27 01:58:01,115 - INFO - 
2026-02-27 01:58:06,719 - INFO - Ray Successfully Initialized with 4 CPU(s) ([0, 1, 2, 3] CPU Affinity Binding).
2026-02-27 01:58:06,719 - INFO - Analyzing 1 time chunk(s) from 2025-01-15 13:00:28 to 2025-01-15 13:01:28 (dt=1min, overlap=0min).
2026-02-27 01:58:06,719 - INFO - Using 1 selected station(s).
2026-02-27 01:58:06,719 - INFO - 
2026-02-27 01:58:06,720 - INFO - ------- Starting EQCCTPro... -------
2026-02-27 01:58:06,720 - INFO - Detailed subprocess information can be found in the log file.
2026-02-27 01:58:06,720 - INFO - 
2026-02-27 01:58:07,119 - INFO - GPU disabled (CPU-only).
2026-02-27 01:58:08,716 - INFO - Configured Intra-op threads = 1
2026-02-27 01:58:08,718 - INFO - Configured Inter-op threads = 1
2026-02-27 01:58:08,762 - INFO - TensorFlow: No GPUs visible; TF will proceed on CPU.
2026-02-27 01:58:08,764 - INFO - 
2026-02-27 01:58:08,767 - INFO - ------- Hardware Configuration -------
2026-02-27 01:58:08,768 - INFO - CPU affinity set to cores: [0, 1, 2, 3]
2026-02-27 01:58:08,770 - INFO - 
2026-02-27 01:58:08,772 - INFO - ------- Data Preprocessing for EQCCTPro -------
2026-02-27 01:58:08,774 - INFO - 1 station(s) in /home/blackwinter/projects/eqcct/eqcctpro/data/waveforms_explosions_nonoise/20250115T130028Z_20250115T130128Z
2026-02-27 01:58:08,776 - INFO - Using 1 selected station(s): ['KEF'].
2026-02-27 01:58:08,778 - INFO - Creating model actor(s)...
2026-02-27 01:58:08,780 - INFO - System RAM: Total=7870 MB, Available=2954 MB
2026-02-27 01:58:08,782 - INFO - Usable RAM budget: 7083 MB (90% of total)
2026-02-27 01:58:08,784 - INFO - ===== MEMORY-AWARE CPU ACTOR POOL (EQCCT) =====
2026-02-27 01:58:08,786 - INFO - Requested concurrent tasks: 1
2026-02-27 01:58:08,787 - INFO - Available CPUs: 4
2026-02-27 01:58:08,789 - INFO - Available RAM: 7083 MB
2026-02-27 01:58:08,791 - INFO - RAM per model: 2264 MB
2026-02-27 01:58:08,793 - INFO - Max actors by RAM: 3
2026-02-27 01:58:08,796 - INFO - Creating 1 ModelActor(s)
2026-02-27 01:58:08,798 - INFO - Let Ray handle scheduling (taskset already restricts CPU visibility)
2026-02-27 01:58:08,800 - INFO - Creating ModelActor 1/1 (2.21GB RAM each)...
2026-02-27 01:58:12,779 - INFO - ModelActor 1 created successfully.
2026-02-27 01:58:12,781 - INFO - Created 1 CPU actor(s). Task queue will handle concurrency.
2026-02-27 01:58:12,783 - INFO - Starting EQCCTPro parallelized waveform processing...
2026-02-27 01:58:12,785 - INFO - 
2026-02-27 01:58:12,787 - INFO - ------- Analyzing Seismic Waveforms for P and S Picks via EQCCT -------
2026-02-27 01:58:12,789 - INFO - Analyzing 0:01:00 minute timechunk from 2025-01-15 13:00:28 to 2025-01-15 13:01:28 (0 min overlap)
2026-02-27 01:58:12,791 - INFO - Processing a total of 1 stations, 1 at a time.
2026-02-27 01:58:16,832 - INFO - (1/1) KEF: Finished the prediction in 2.15s. (HP=1.0, LP=45.0)
2026-02-27 01:58:16,834 - INFO - 
2026-02-27 01:58:16,837 - INFO - ------- Parallel Station Waveform Processing Complete For 2025-01-15 13:00:28 to 2025-01-15 13:01:28 Timechunk-------
2026-02-27 01:58:16,839 - INFO - Picks saved at /home/blackwinter/projects/eqcct/eqcctpro/results/csv/bm_explosions/20250115T130028Z_20250115T130128ZProcess Runtime: 4.05 s
2026-02-27 01:58:16,843 - INFO - Successfully ran EQCCTPro, exiting...
2026-02-27 01:58:18,570 - INFO - Ray Successfully Shutdown.
2026-02-27 01:58:18,571 - INFO - ------- Successfully Picked All Waveform(s) from all Timechunk(s) -------
2026-02-27 09:00:18,949 - INFO - 
2026-02-27 09:00:18,955 - INFO - ------- Welcome to EQCCTPro -------
2026-02-27 09:00:18,955 - INFO - 
2026-02-27 09:00:18,956 - INFO - Running EQCCT over Requested MSeed Files using CPU(s)...
2026-02-27 09:00:18,956 - INFO - GPU disabled (CPU-only).
2026-02-27 09:00:18,957 - INFO - Configured Intra-op threads = 1
2026-02-27 09:00:18,957 - INFO - Configured Inter-op threads = 1
2026-02-27 09:00:18,957 - INFO - TensorFlow: No GPUs visible; TF will proceed on CPU.
2026-02-27 09:00:18,957 - INFO - 
2026-02-27 09:00:24,327 - INFO - Ray Successfully Initialized with 4 CPU(s) ([0, 1, 2, 3] CPU Affinity Binding).
2026-02-27 09:00:24,328 - INFO - Analyzing 1 time chunk(s) from 2025-01-15 13:00:28 to 2025-01-15 13:01:28 (dt=1min, overlap=0min).
2026-02-27 09:00:24,328 - INFO - Using 1 selected station(s).
2026-02-27 09:00:24,328 - INFO - 
2026-02-27 09:00:24,329 - INFO - ------- Starting EQCCTPro... -------
2026-02-27 09:00:24,329 - INFO - Detailed subprocess information can be found in the log file.
2026-02-27 09:00:24,329 - INFO - 
2026-02-27 09:00:24,677 - INFO - GPU disabled (CPU-only).
2026-02-27 09:00:26,156 - INFO - Configured Intra-op threads = 1
2026-02-27 09:00:26,159 - INFO - Configured Inter-op threads = 1
2026-02-27 09:00:26,201 - INFO - TensorFlow: No GPUs visible; TF will proceed on CPU.
2026-02-27 09:00:26,203 - INFO - 
2026-02-27 09:00:26,205 - INFO - ------- Hardware Configuration -------
2026-02-27 09:00:26,208 - INFO - CPU affinity set to cores: [0, 1, 2, 3]
2026-02-27 09:00:26,210 - INFO - 
2026-02-27 09:00:26,212 - INFO - ------- Data Preprocessing for EQCCTPro -------
2026-02-27 09:00:26,214 - INFO - 1 station(s) in /home/blackwinter/projects/eqcct/eqcctpro/data/waveforms_explosions_nonoise/20250115T130028Z_20250115T130128Z
2026-02-27 09:00:26,216 - INFO - Using 1 selected station(s): ['KEF'].
2026-02-27 09:00:26,218 - INFO - Creating model actor(s)...
2026-02-27 09:00:26,220 - INFO - System RAM: Total=7870 MB, Available=3068 MB
2026-02-27 09:00:26,222 - INFO - Usable RAM budget: 7083 MB (90% of total)
2026-02-27 09:00:26,224 - INFO - ===== MEMORY-AWARE CPU ACTOR POOL (EQCCT) =====
2026-02-27 09:00:26,226 - INFO - Requested concurrent tasks: 1
2026-02-27 09:00:26,228 - INFO - Available CPUs: 4
2026-02-27 09:00:26,230 - INFO - Available RAM: 7083 MB
2026-02-27 09:00:26,232 - INFO - RAM per model: 2264 MB
2026-02-27 09:00:26,234 - INFO - Max actors by RAM: 3
2026-02-27 09:00:26,236 - INFO - Creating 1 ModelActor(s)
2026-02-27 09:00:26,238 - INFO - Let Ray handle scheduling (taskset already restricts CPU visibility)
2026-02-27 09:00:26,241 - INFO - Creating ModelActor 1/1 (2.21GB RAM each)...
2026-02-27 09:00:30,125 - INFO - ModelActor 1 created successfully.
2026-02-27 09:00:30,128 - INFO - Created 1 CPU actor(s). Task queue will handle concurrency.
2026-02-27 09:00:30,130 - INFO - Starting EQCCTPro parallelized waveform processing...
2026-02-27 09:00:30,132 - INFO - 
2026-02-27 09:00:30,134 - INFO - ------- Analyzing Seismic Waveforms for P and S Picks via EQCCT -------
2026-02-27 09:00:30,137 - INFO - Analyzing 0:01:00 minute timechunk from 2025-01-15 13:00:28 to 2025-01-15 13:01:28 (0 min overlap)
2026-02-27 09:00:30,139 - INFO - Processing a total of 1 stations, 1 at a time.
2026-02-27 09:00:32,265 - INFO - (1/1) KEF: Skipped (already exists - overwrite=False).
2026-02-27 09:00:32,269 - INFO - 
2026-02-27 09:00:32,271 - INFO - ------- Parallel Station Waveform Processing Complete For 2025-01-15 13:00:28 to 2025-01-15 13:01:28 Timechunk-------
2026-02-27 09:00:32,273 - INFO - Picks saved at /home/blackwinter/projects/eqcct/eqcctpro/results/csv/bm_explosions/20250115T130028Z_20250115T130128ZProcess Runtime: 2.14 s
2026-02-27 09:00:32,278 - INFO - Successfully ran EQCCTPro, exiting...
2026-02-27 09:00:33,907 - INFO - Ray Successfully Shutdown.
2026-02-27 09:00:33,907 - INFO - ------- Successfully Picked All Waveform(s) from all Timechunk(s) -------
