2026-03-28 21:38:00,460 - INFO - 
2026-03-28 21:38:00,460 - INFO - ------- Welcome to EQCCTPro -------
2026-03-28 21:38:00,460 - INFO - 
2026-03-28 21:38:00,461 - INFO - Running EQCCT over Requested MSeed Files using CPU(s)...
2026-03-28 21:38:00,461 - INFO - GPU disabled (CPU-only).
2026-03-29 05:44:01,609 - INFO - 
2026-03-29 05:44:01,610 - INFO - ------- Welcome to EQCCTPro -------
2026-03-29 05:44:01,610 - INFO - 
2026-03-29 05:44:01,610 - INFO - Running EQCCT over Requested MSeed Files using CPU(s)...
2026-03-29 05:44:01,611 - INFO - GPU disabled (CPU-only).
2026-03-29 05:44:01,611 - INFO - Configured Intra-op threads = 1
2026-03-29 05:44:01,611 - INFO - Configured Inter-op threads = 1
2026-03-29 05:44:01,611 - INFO - TensorFlow: No GPUs visible; TF will proceed on CPU.
2026-03-29 05:44:01,611 - INFO - 
2026-03-29 05:44:06,775 - INFO - Ray Successfully Initialized with 4 CPU(s) ([0, 1, 2, 3] CPU Affinity Binding).
2026-03-29 05:44:06,775 - INFO - Analyzing 1 time chunk(s) from 2025-01-21 10:20:47 to 2025-01-21 10:21:47 (dt=1min, overlap=0min).
2026-03-29 05:44:06,775 - INFO - Using 2 selected station(s).
2026-03-29 05:44:06,775 - INFO - 
2026-03-29 05:44:06,776 - INFO - ------- Starting EQCCTPro... -------
2026-03-29 05:44:06,776 - INFO - Detailed subprocess information can be found in the log file.
2026-03-29 05:44:06,776 - INFO - 
2026-03-29 05:44:07,193 - INFO - GPU disabled (CPU-only).
2026-03-29 05:44:08,903 - INFO - Configured Intra-op threads = 1
2026-03-29 05:44:08,905 - INFO - Configured Inter-op threads = 1
2026-03-29 05:44:08,949 - INFO - TensorFlow: No GPUs visible; TF will proceed on CPU.
2026-03-29 05:44:08,952 - INFO - 
2026-03-29 05:44:08,954 - INFO - ------- Hardware Configuration -------
2026-03-29 05:44:08,956 - INFO - CPU affinity set to cores: [0, 1, 2, 3]
2026-03-29 05:44:08,959 - INFO - 
2026-03-29 05:44:08,960 - INFO - ------- Data Preprocessing for EQCCTPro -------
2026-03-29 05:44:08,963 - INFO - 2 station(s) in /home/blackwinter/projects/eqcct/eqcctpro/data/waveforms_explosions_nonoise/20250121T102047Z_20250121T102147Z
2026-03-29 05:44:08,965 - INFO - Using 2 selected station(s): ['KU1', 'MSF'].
2026-03-29 05:44:08,967 - INFO - Creating model actor(s)...
2026-03-29 05:44:08,970 - INFO - System RAM: Total=7870 MB, Available=2970 MB
2026-03-29 05:44:08,972 - INFO - Usable RAM budget: 7083 MB (90% of total)
2026-03-29 05:44:08,974 - INFO - ===== MEMORY-AWARE CPU ACTOR POOL (EQCCT) =====
2026-03-29 05:44:08,977 - INFO - Requested concurrent tasks: 1
2026-03-29 05:44:08,979 - INFO - Available CPUs: 4
2026-03-29 05:44:08,982 - INFO - Available RAM: 7083 MB
2026-03-29 05:44:08,984 - INFO - RAM per model: 2264 MB
2026-03-29 05:44:08,987 - INFO - Max actors by RAM: 3
2026-03-29 05:44:08,989 - INFO - Creating 1 ModelActor(s)
2026-03-29 05:44:08,991 - INFO - Let Ray handle scheduling (taskset already restricts CPU visibility)
2026-03-29 05:44:08,994 - INFO - Creating ModelActor 1/1 (2.21GB RAM each)...
2026-03-29 05:44:13,342 - INFO - ModelActor 1 created successfully.
2026-03-29 05:44:13,346 - INFO - Created 1 CPU actor(s). Task queue will handle concurrency.
2026-03-29 05:44:13,349 - INFO - Starting EQCCTPro parallelized waveform processing...
2026-03-29 05:44:13,352 - INFO - 
2026-03-29 05:44:13,354 - INFO - ------- Analyzing Seismic Waveforms for P and S Picks via EQCCT -------
2026-03-29 05:44:13,357 - INFO - Analyzing 0:01:00 minute timechunk from 2025-01-21 10:20:47 to 2025-01-21 10:21:47 (0 min overlap)
2026-03-29 05:44:13,360 - INFO - Processing a total of 2 stations, 1 at a time.
2026-03-29 05:44:17,893 - INFO - (1/2) KU1: Finished the prediction in 2.48s. (HP=1.0, LP=45.0)
2026-03-29 05:44:17,921 - INFO - (2/2) MSF: FAILED reading mSEED.
2026-03-29 05:44:17,923 - INFO - 
2026-03-29 05:44:17,926 - INFO - ------- Parallel Station Waveform Processing Complete For 2025-01-21 10:20:47 to 2025-01-21 10:21:47 Timechunk-------
2026-03-29 05:44:17,929 - INFO - Picks saved at /home/blackwinter/projects/eqcct/eqcctpro/results/csv/eqcct_explosions_th0_1/20250121T102047Z_20250121T102147ZProcess Runtime: 4.57 s
2026-03-29 05:44:17,935 - INFO - Successfully ran EQCCTPro, exiting...
2026-03-29 05:44:19,721 - INFO - Ray Successfully Shutdown.
2026-03-29 05:44:19,722 - INFO - ------- Successfully Picked All Waveform(s) from all Timechunk(s) -------
