2026-03-20 03:41:38,588 - INFO - 
2026-03-20 03:41:38,588 - INFO - ------- Welcome to EQCCTPro -------
2026-03-20 03:41:38,588 - INFO - 
2026-03-20 03:41:38,589 - INFO - Running EQCCT over Requested MSeed Files using CPU(s)...
2026-03-20 03:41:38,589 - INFO - GPU disabled (CPU-only).
2026-03-20 03:41:38,590 - INFO - Configured Intra-op threads = 1
2026-03-20 03:41:38,590 - INFO - Configured Inter-op threads = 1
2026-03-20 03:41:38,590 - INFO - TensorFlow: No GPUs visible; TF will proceed on CPU.
2026-03-20 03:41:38,590 - INFO - 
2026-03-20 03:41:44,057 - INFO - Ray Successfully Initialized with 4 CPU(s) ([0, 1, 2, 3] CPU Affinity Binding).
2026-03-20 03:41:44,057 - INFO - Analyzing 1 time chunk(s) from 2025-07-29 07:12:21 to 2025-07-29 07:13:21 (dt=1min, overlap=0min).
2026-03-20 03:41:44,057 - INFO - Using 1 selected station(s).
2026-03-20 03:41:44,057 - INFO - 
2026-03-20 03:41:44,058 - INFO - ------- Starting EQCCTPro... -------
2026-03-20 03:41:44,058 - INFO - Detailed subprocess information can be found in the log file.
2026-03-20 03:41:44,058 - INFO - 
2026-03-20 03:41:44,431 - INFO - GPU disabled (CPU-only).
2026-03-20 03:41:45,962 - INFO - Configured Intra-op threads = 1
2026-03-20 03:41:45,964 - INFO - Configured Inter-op threads = 1
2026-03-20 03:41:46,002 - INFO - TensorFlow: No GPUs visible; TF will proceed on CPU.
2026-03-20 03:41:46,004 - INFO - 
2026-03-20 03:41:46,006 - INFO - ------- Hardware Configuration -------
2026-03-20 03:41:46,008 - INFO - CPU affinity set to cores: [0, 1, 2, 3]
2026-03-20 03:41:46,010 - INFO - 
2026-03-20 03:41:46,012 - INFO - ------- Data Preprocessing for EQCCTPro -------
2026-03-20 03:41:46,014 - INFO - 1 station(s) in /home/blackwinter/projects/eqcct/eqcctpro/data/waveforms_earthquakes_nonoise/20250729T071221Z_20250729T071321Z
2026-03-20 03:41:46,015 - INFO - Using 1 selected station(s): ['KEF'].
2026-03-20 03:41:46,017 - INFO - Creating model actor(s)...
2026-03-20 03:41:46,019 - INFO - System RAM: Total=7870 MB, Available=1426 MB
2026-03-20 03:41:46,021 - INFO - Usable RAM budget: 7083 MB (90% of total)
2026-03-20 03:41:46,023 - INFO - ===== MEMORY-AWARE CPU ACTOR POOL (EQCCT) =====
2026-03-20 03:41:46,024 - INFO - Requested concurrent tasks: 1
2026-03-20 03:41:46,027 - INFO - Available CPUs: 4
2026-03-20 03:41:46,029 - INFO - Available RAM: 7083 MB
2026-03-20 03:41:46,031 - INFO - RAM per model: 2264 MB
2026-03-20 03:41:46,033 - INFO - Max actors by RAM: 3
2026-03-20 03:41:46,035 - INFO - Creating 1 ModelActor(s)
2026-03-20 03:41:46,037 - INFO - Let Ray handle scheduling (taskset already restricts CPU visibility)
2026-03-20 03:41:46,039 - INFO - Creating ModelActor 1/1 (2.21GB RAM each)...
2026-03-20 03:41:49,967 - INFO - ModelActor 1 created successfully.
2026-03-20 03:41:49,969 - INFO - Created 1 CPU actor(s). Task queue will handle concurrency.
2026-03-20 03:41:49,972 - INFO - Starting EQCCTPro parallelized waveform processing...
2026-03-20 03:41:49,974 - INFO - 
2026-03-20 03:41:49,976 - INFO - ------- Analyzing Seismic Waveforms for P and S Picks via EQCCT -------
2026-03-20 03:41:49,978 - INFO - Analyzing 0:01:00 minute timechunk from 2025-07-29 07:12:21 to 2025-07-29 07:13:21 (0 min overlap)
2026-03-20 03:41:49,980 - INFO - Processing a total of 1 stations, 1 at a time.
2026-03-20 03:41:54,083 - INFO - (1/1) KEF: Finished the prediction in 2.14s. (HP=1.0, LP=45.0)
2026-03-20 03:41:54,086 - INFO - 
2026-03-20 03:41:54,088 - INFO - ------- Parallel Station Waveform Processing Complete For 2025-07-29 07:12:21 to 2025-07-29 07:13:21 Timechunk-------
2026-03-20 03:41:54,091 - INFO - Picks saved at /home/blackwinter/projects/eqcct/eqcctpro/results/csv/eqcct_earthquakes_th0_1/20250729T071221Z_20250729T071321ZProcess Runtime: 4.12 s
2026-03-20 03:41:54,096 - INFO - Successfully ran EQCCTPro, exiting...
2026-03-20 03:41:55,488 - INFO - Ray Successfully Shutdown.
2026-03-20 03:41:55,488 - INFO - ------- Successfully Picked All Waveform(s) from all Timechunk(s) -------
