2026-02-27 02:43:30,764 - INFO - 
2026-02-27 02:43:30,764 - INFO - ------- Welcome to EQCCTPro -------
2026-02-27 02:43:30,764 - INFO - 
2026-02-27 02:43:30,765 - INFO - Running EQCCT over Requested MSeed Files using CPU(s)...
2026-02-27 02:43:30,765 - INFO - GPU disabled (CPU-only).
2026-02-27 02:43:30,765 - INFO - Configured Intra-op threads = 1
2026-02-27 02:43:30,765 - INFO - Configured Inter-op threads = 1
2026-02-27 02:43:30,765 - INFO - TensorFlow: No GPUs visible; TF will proceed on CPU.
2026-02-27 02:43:30,765 - INFO - 
2026-02-27 02:43:36,364 - INFO - Ray Successfully Initialized with 4 CPU(s) ([0, 1, 2, 3] CPU Affinity Binding).
2026-02-27 02:43:36,364 - INFO - Analyzing 1 time chunk(s) from 2025-01-16 11:42:27 to 2025-01-16 11:43:27 (dt=1min, overlap=0min).
2026-02-27 02:43:36,364 - INFO - Using 1 selected station(s).
2026-02-27 02:43:36,364 - INFO - 
2026-02-27 02:43:36,365 - INFO - ------- Starting EQCCTPro... -------
2026-02-27 02:43:36,365 - INFO - Detailed subprocess information can be found in the log file.
2026-02-27 02:43:36,365 - INFO - 
2026-02-27 02:43:36,740 - INFO - GPU disabled (CPU-only).
2026-02-27 02:43:38,315 - INFO - Configured Intra-op threads = 1
2026-02-27 02:43:38,318 - INFO - Configured Inter-op threads = 1
2026-02-27 02:43:38,356 - INFO - TensorFlow: No GPUs visible; TF will proceed on CPU.
2026-02-27 02:43:38,358 - INFO - 
2026-02-27 02:43:38,360 - INFO - ------- Hardware Configuration -------
2026-02-27 02:43:38,362 - INFO - CPU affinity set to cores: [0, 1, 2, 3]
2026-02-27 02:43:38,364 - INFO - 
2026-02-27 02:43:38,366 - INFO - ------- Data Preprocessing for EQCCTPro -------
2026-02-27 02:43:38,368 - INFO - 1 station(s) in /home/blackwinter/projects/eqcct/eqcctpro/data/waveforms_explosions_nonoise/20250116T114227Z_20250116T114327Z
2026-02-27 02:43:38,370 - INFO - Using 1 selected station(s): ['MSF'].
2026-02-27 02:43:38,372 - INFO - Creating model actor(s)...
2026-02-27 02:43:38,374 - INFO - System RAM: Total=7870 MB, Available=2716 MB
2026-02-27 02:43:38,377 - INFO - Usable RAM budget: 7083 MB (90% of total)
2026-02-27 02:43:38,379 - INFO - ===== MEMORY-AWARE CPU ACTOR POOL (EQCCT) =====
2026-02-27 02:43:38,381 - INFO - Requested concurrent tasks: 1
2026-02-27 02:43:38,383 - INFO - Available CPUs: 4
2026-02-27 02:43:38,386 - INFO - Available RAM: 7083 MB
2026-02-27 02:43:38,388 - INFO - RAM per model: 2264 MB
2026-02-27 02:43:38,390 - INFO - Max actors by RAM: 3
2026-02-27 02:43:38,392 - INFO - Creating 1 ModelActor(s)
2026-02-27 02:43:38,394 - INFO - Let Ray handle scheduling (taskset already restricts CPU visibility)
2026-02-27 02:43:38,396 - INFO - Creating ModelActor 1/1 (2.21GB RAM each)...
2026-02-27 02:43:42,338 - INFO - ModelActor 1 created successfully.
2026-02-27 02:43:42,340 - INFO - Created 1 CPU actor(s). Task queue will handle concurrency.
2026-02-27 02:43:42,343 - INFO - Starting EQCCTPro parallelized waveform processing...
2026-02-27 02:43:42,345 - INFO - 
2026-02-27 02:43:42,347 - INFO - ------- Analyzing Seismic Waveforms for P and S Picks via EQCCT -------
2026-02-27 02:43:42,349 - INFO - Analyzing 0:01:00 minute timechunk from 2025-01-16 11:42:27 to 2025-01-16 11:43:27 (0 min overlap)
2026-02-27 02:43:42,352 - INFO - Processing a total of 1 stations, 1 at a time.
2026-02-27 02:43:44,806 - INFO - (1/1) MSF: FAILED reading mSEED.
2026-02-27 02:43:44,808 - INFO - 
2026-02-27 02:43:44,810 - INFO - ------- Parallel Station Waveform Processing Complete For 2025-01-16 11:42:27 to 2025-01-16 11:43:27 Timechunk-------
2026-02-27 02:43:44,816 - INFO - Successfully ran EQCCTPro, exiting...
2026-02-27 02:43:44,812 - INFO - Picks saved at /home/blackwinter/projects/eqcct/eqcctpro/results/csv/bm_explosions/20250116T114227Z_20250116T114327ZProcess Runtime: 2.47 s
2026-02-27 02:43:46,390 - INFO - Ray Successfully Shutdown.
2026-02-27 02:43:46,391 - INFO - ------- Successfully Picked All Waveform(s) from all Timechunk(s) -------
2026-02-27 09:39:57,443 - INFO - 
2026-02-27 09:39:57,444 - INFO - ------- Welcome to EQCCTPro -------
2026-02-27 09:39:57,444 - INFO - 
2026-02-27 09:39:57,445 - INFO - Running EQCCT over Requested MSeed Files using CPU(s)...
2026-02-27 09:39:57,445 - INFO - GPU disabled (CPU-only).
2026-02-27 09:39:57,445 - INFO - Configured Intra-op threads = 1
2026-02-27 09:39:57,445 - INFO - Configured Inter-op threads = 1
2026-02-27 09:39:57,446 - INFO - TensorFlow: No GPUs visible; TF will proceed on CPU.
2026-02-27 09:39:57,446 - INFO - 
2026-02-27 09:40:02,661 - INFO - Ray Successfully Initialized with 4 CPU(s) ([0, 1, 2, 3] CPU Affinity Binding).
2026-02-27 09:40:02,661 - INFO - Analyzing 1 time chunk(s) from 2025-01-16 11:42:27 to 2025-01-16 11:43:27 (dt=1min, overlap=0min).
2026-02-27 09:40:02,661 - INFO - Using 1 selected station(s).
2026-02-27 09:40:02,661 - INFO - 
2026-02-27 09:40:02,662 - INFO - ------- Starting EQCCTPro... -------
2026-02-27 09:40:02,662 - INFO - Detailed subprocess information can be found in the log file.
2026-02-27 09:40:02,662 - INFO - 
2026-02-27 09:40:03,025 - INFO - GPU disabled (CPU-only).
2026-02-27 09:40:04,549 - INFO - Configured Intra-op threads = 1
2026-02-27 09:40:04,551 - INFO - Configured Inter-op threads = 1
2026-02-27 09:40:04,590 - INFO - TensorFlow: No GPUs visible; TF will proceed on CPU.
2026-02-27 09:40:04,593 - INFO - 
2026-02-27 09:40:04,595 - INFO - ------- Hardware Configuration -------
2026-02-27 09:40:04,597 - INFO - CPU affinity set to cores: [0, 1, 2, 3]
2026-02-27 09:40:04,599 - INFO - 
2026-02-27 09:40:04,601 - INFO - ------- Data Preprocessing for EQCCTPro -------
2026-02-27 09:40:04,602 - INFO - 1 station(s) in /home/blackwinter/projects/eqcct/eqcctpro/data/waveforms_explosions_nonoise/20250116T114227Z_20250116T114327Z
2026-02-27 09:40:04,604 - INFO - Using 1 selected station(s): ['MSF'].
2026-02-27 09:40:04,606 - INFO - Creating model actor(s)...
2026-02-27 09:40:04,608 - INFO - System RAM: Total=7870 MB, Available=2761 MB
2026-02-27 09:40:04,610 - INFO - Usable RAM budget: 7083 MB (90% of total)
2026-02-27 09:40:04,611 - INFO - ===== MEMORY-AWARE CPU ACTOR POOL (EQCCT) =====
2026-02-27 09:40:04,613 - INFO - Requested concurrent tasks: 1
2026-02-27 09:40:04,615 - INFO - Available CPUs: 4
2026-02-27 09:40:04,617 - INFO - Available RAM: 7083 MB
2026-02-27 09:40:04,619 - INFO - RAM per model: 2264 MB
2026-02-27 09:40:04,621 - INFO - Max actors by RAM: 3
2026-02-27 09:40:04,623 - INFO - Creating 1 ModelActor(s)
2026-02-27 09:40:04,625 - INFO - Let Ray handle scheduling (taskset already restricts CPU visibility)
2026-02-27 09:40:04,627 - INFO - Creating ModelActor 1/1 (2.21GB RAM each)...
2026-02-27 09:40:08,511 - INFO - ModelActor 1 created successfully.
2026-02-27 09:40:08,513 - INFO - Created 1 CPU actor(s). Task queue will handle concurrency.
2026-02-27 09:40:08,515 - INFO - Starting EQCCTPro parallelized waveform processing...
2026-02-27 09:40:08,517 - INFO - 
2026-02-27 09:40:08,519 - INFO - ------- Analyzing Seismic Waveforms for P and S Picks via EQCCT -------
2026-02-27 09:40:08,521 - INFO - Analyzing 0:01:00 minute timechunk from 2025-01-16 11:42:27 to 2025-01-16 11:43:27 (0 min overlap)
2026-02-27 09:40:08,524 - INFO - Processing a total of 1 stations, 1 at a time.
2026-02-27 09:40:10,524 - INFO - (1/1) MSF: Skipped (already exists - overwrite=False).
2026-02-27 09:40:10,528 - INFO - 
2026-02-27 09:40:10,530 - INFO - ------- Parallel Station Waveform Processing Complete For 2025-01-16 11:42:27 to 2025-01-16 11:43:27 Timechunk-------
2026-02-27 09:40:10,532 - INFO - Picks saved at /home/blackwinter/projects/eqcct/eqcctpro/results/csv/bm_explosions/20250116T114227Z_20250116T114327ZProcess Runtime: 2.01 s
2026-02-27 09:40:10,536 - INFO - Successfully ran EQCCTPro, exiting...
2026-02-27 09:40:12,068 - INFO - Ray Successfully Shutdown.
2026-02-27 09:40:12,069 - INFO - ------- Successfully Picked All Waveform(s) from all Timechunk(s) -------
