2026-03-28 09:42:55,361 - INFO - 
2026-03-28 09:42:55,361 - INFO - ------- Welcome to EQCCTPro -------
2026-03-28 09:42:55,361 - INFO - 
2026-03-28 09:42:55,362 - INFO - Running EQCCT over Requested MSeed Files using CPU(s)...
2026-03-28 09:42:55,362 - INFO - GPU disabled (CPU-only).
2026-03-28 09:42:55,362 - INFO - Skipping framework-specific initialization in the driver process.
2026-03-28 09:42:56,787 - INFO - Ray Successfully Initialized with 4 CPU(s) ([0, 1, 2, 3] CPU Affinity Binding).
2026-03-28 09:42:56,787 - INFO - Analyzing 1 time chunk(s) from 2025-01-03 18:23:04 to 2025-01-03 18:24:04 (dt=1min, overlap=0min).
2026-03-28 09:42:56,788 - INFO - Using 1 selected station(s).
2026-03-28 09:42:56,788 - INFO - 
2026-03-28 09:42:56,788 - INFO - ------- Starting EQCCTPro... -------
2026-03-28 09:42:56,788 - INFO - Detailed subprocess information can be found in the log file.
2026-03-28 09:42:56,788 - INFO - 
2026-03-28 09:42:57,083 - INFO - GPU disabled (CPU-only).
2026-03-28 09:42:57,088 - INFO - Skipping framework-specific initialization in the driver process.
2026-03-28 09:42:57,091 - INFO - ------- Hardware Configuration -------
2026-03-28 09:42:57,094 - INFO - CPU affinity set to cores: [0, 1, 2, 3]
2026-03-28 09:42:57,096 - INFO - 
2026-03-28 09:42:57,099 - INFO - ------- Data Preprocessing for EQCCTPro -------
2026-03-28 09:42:57,101 - INFO - 1 station(s) in /home/blackwinter/projects/eqcct/eqcctpro/data/waveforms_noise_only/20250103T182304Z_20250103T182404Z
2026-03-28 09:42:57,104 - INFO - Using 1 selected station(s): ['OUL'].
2026-03-28 09:42:57,106 - INFO - Creating model actor(s)...
2026-03-28 09:42:57,108 - INFO - System RAM: Total=7870 MB, Available=4747 MB
2026-03-28 09:42:57,110 - INFO - Usable RAM budget: 7083 MB (90% of total)
2026-03-28 09:42:57,113 - INFO - ===== MEMORY-AWARE CPU ACTOR POOL =====
2026-03-28 09:42:57,116 - INFO - Requested concurrent tasks: 1
2026-03-28 09:42:57,118 - INFO - Available CPUs: 4
2026-03-28 09:42:57,121 - INFO - Available RAM: 7083 MB
2026-03-28 09:42:57,124 - INFO - RAM per model: 2060 MB
2026-03-28 09:42:57,126 - INFO - Max actors by RAM: 3
2026-03-28 09:42:57,129 - INFO - Creating 1 SeisBenchModelActor(s)
2026-03-28 09:42:57,131 - INFO - Let Ray handle scheduling (taskset already restricts CPU visibility)
2026-03-28 09:42:57,134 - INFO - Creating SeisBenchModelActor 1/1 (2.01GB RAM each)...
2026-03-28 09:42:59,872 - INFO - SeisBenchModelActor 1 created successfully.
2026-03-28 09:42:59,877 - INFO - Created 1 CPU actor(s). Task queue will handle concurrency.
2026-03-28 09:42:59,880 - INFO - Starting EQCCTPro parallelized waveform processing...
2026-03-28 09:42:59,882 - INFO - 
2026-03-28 09:42:59,884 - INFO - ------- Analyzing Seismic Waveforms for P and S Picks via SeisBench (EQTransformer - original_nonconservative) -------
2026-03-28 09:42:59,888 - INFO - Analyzing 0:01:00 minute timechunk from 2025-01-03 18:23:04 to 2025-01-03 18:24:04 (0 min overlap)
2026-03-28 09:42:59,891 - INFO - Processing a total of 1 stations, 1 at a time.
2026-03-28 09:43:02,084 - INFO - (1/1) OUL: FAILED reading mSEED: Selected corner frequency is above Nyquist.
2026-03-28 09:43:02,086 - INFO - 
2026-03-28 09:43:02,089 - INFO - ------- Parallel Station Waveform Processing Complete For 2025-01-03 18:23:04 to 2025-01-03 18:24:04 Timechunk-------
2026-03-28 09:43:02,092 - INFO - Picks saved at /home/blackwinter/projects/eqcct/eqcctpro/results/csv/eqt_noise_th0_1/20250103T182304Z_20250103T182404ZProcess Runtime: 2.21 s
2026-03-28 09:43:02,097 - INFO - Successfully ran EQCCTPro, exiting...
2026-03-28 09:43:03,774 - INFO - Ray Successfully Shutdown.
2026-03-28 09:43:03,774 - INFO - ------- Successfully Picked All Waveform(s) from all Timechunk(s) -------
