2026-02-27 11:24:59,425 - INFO - 
2026-02-27 11:24:59,425 - INFO - ------- Welcome to EQCCTPro -------
2026-02-27 11:24:59,425 - INFO - 
2026-02-27 11:24:59,426 - INFO - Running EQCCT over Requested MSeed Files using CPU(s)...
2026-02-27 11:24:59,426 - INFO - GPU disabled (CPU-only).
2026-02-27 11:24:59,426 - INFO - Configured Intra-op threads = 1
2026-02-27 11:24:59,426 - INFO - Configured Inter-op threads = 1
2026-02-27 11:24:59,426 - INFO - TensorFlow: No GPUs visible; TF will proceed on CPU.
2026-02-27 11:24:59,426 - INFO - 
2026-02-27 11:25:04,724 - INFO - Ray Successfully Initialized with 4 CPU(s) ([0, 1, 2, 3] CPU Affinity Binding).
2026-02-27 11:25:04,724 - INFO - Analyzing 1 time chunk(s) from 2025-01-22 08:32:28 to 2025-01-22 08:33:28 (dt=1min, overlap=0min).
2026-02-27 11:25:04,725 - INFO - Using 1 selected station(s).
2026-02-27 11:25:04,725 - INFO - 
2026-02-27 11:25:04,725 - INFO - ------- Starting EQCCTPro... -------
2026-02-27 11:25:04,725 - INFO - Detailed subprocess information can be found in the log file.
2026-02-27 11:25:04,725 - INFO - 
2026-02-27 11:25:05,080 - INFO - GPU disabled (CPU-only).
2026-02-27 11:25:06,524 - INFO - Configured Intra-op threads = 1
2026-02-27 11:25:06,526 - INFO - Configured Inter-op threads = 1
2026-02-27 11:25:06,568 - INFO - TensorFlow: No GPUs visible; TF will proceed on CPU.
2026-02-27 11:25:06,570 - INFO - 
2026-02-27 11:25:06,572 - INFO - ------- Hardware Configuration -------
2026-02-27 11:25:06,575 - INFO - CPU affinity set to cores: [0, 1, 2, 3]
2026-02-27 11:25:06,577 - INFO - 
2026-02-27 11:25:06,579 - INFO - ------- Data Preprocessing for EQCCTPro -------
2026-02-27 11:25:06,581 - INFO - 1 station(s) in /home/blackwinter/projects/eqcct/eqcctpro/data/waveforms_explosions_nonoise/20250122T083228Z_20250122T083328Z
2026-02-27 11:25:06,584 - INFO - Using 1 selected station(s): ['OUF'].
2026-02-27 11:25:06,586 - INFO - Creating model actor(s)...
2026-02-27 11:25:06,588 - INFO - System RAM: Total=7870 MB, Available=2565 MB
2026-02-27 11:25:06,590 - INFO - Usable RAM budget: 7083 MB (90% of total)
2026-02-27 11:25:06,593 - INFO - ===== MEMORY-AWARE CPU ACTOR POOL (EQCCT) =====
2026-02-27 11:25:06,595 - INFO - Requested concurrent tasks: 1
2026-02-27 11:25:06,596 - INFO - Available CPUs: 4
2026-02-27 11:25:06,598 - INFO - Available RAM: 7083 MB
2026-02-27 11:25:06,600 - INFO - RAM per model: 2264 MB
2026-02-27 11:25:06,602 - INFO - Max actors by RAM: 3
2026-02-27 11:25:06,603 - INFO - Creating 1 ModelActor(s)
2026-02-27 11:25:06,605 - INFO - Let Ray handle scheduling (taskset already restricts CPU visibility)
2026-02-27 11:25:06,607 - INFO - Creating ModelActor 1/1 (2.21GB RAM each)...
2026-02-27 11:25:10,554 - INFO - ModelActor 1 created successfully.
2026-02-27 11:25:10,556 - INFO - Created 1 CPU actor(s). Task queue will handle concurrency.
2026-02-27 11:25:10,558 - INFO - Starting EQCCTPro parallelized waveform processing...
2026-02-27 11:25:10,560 - INFO - 
2026-02-27 11:25:10,561 - INFO - ------- Analyzing Seismic Waveforms for P and S Picks via EQCCT -------
2026-02-27 11:25:10,564 - INFO - Analyzing 0:01:00 minute timechunk from 2025-01-22 08:32:28 to 2025-01-22 08:33:28 (0 min overlap)
2026-02-27 11:25:10,566 - INFO - Processing a total of 1 stations, 1 at a time.
2026-02-27 11:25:14,775 - INFO - (1/1) OUF: Finished the prediction in 2.27s. (HP=1.0, LP=45.0)
2026-02-27 11:25:14,778 - INFO - 
2026-02-27 11:25:14,780 - INFO - ------- Parallel Station Waveform Processing Complete For 2025-01-22 08:32:28 to 2025-01-22 08:33:28 Timechunk-------
2026-02-27 11:25:14,781 - INFO - Picks saved at /home/blackwinter/projects/eqcct/eqcctpro/results/csv/bm_explosions/20250122T083228Z_20250122T083328ZProcess Runtime: 4.22 s
2026-02-27 11:25:14,788 - INFO - Successfully ran EQCCTPro, exiting...
2026-02-27 11:25:16,561 - INFO - Ray Successfully Shutdown.
2026-02-27 11:25:16,561 - INFO - ------- Successfully Picked All Waveform(s) from all Timechunk(s) -------
