2026-02-24 01:13:47,213 - INFO - 
2026-02-24 01:13:47,213 - INFO - ------- Welcome to EQCCTPro -------
2026-02-24 01:13:47,213 - INFO - 
2026-02-24 01:13:47,214 - INFO - Running EQCCT over Requested MSeed Files using CPU(s)...
2026-02-24 01:13:47,214 - INFO - GPU disabled (CPU-only).
2026-02-24 01:13:47,214 - INFO - Configured Intra-op threads = 1
2026-02-24 01:13:47,214 - INFO - Configured Inter-op threads = 1
2026-02-24 01:13:47,215 - INFO - TensorFlow: No GPUs visible; TF will proceed on CPU.
2026-02-24 01:13:47,215 - INFO - 
2026-02-24 01:13:53,042 - INFO - Ray Successfully Initialized with 4 CPU(s) ([0, 1, 2, 3] CPU Affinity Binding).
2026-02-24 01:13:53,042 - INFO - Analyzing 1 time chunk(s) from 2025-06-01 04:00:20 to 2025-06-01 04:01:20 (dt=1min, overlap=0min).
2026-02-24 01:13:53,043 - INFO - Using 1 selected station(s).
2026-02-24 01:13:53,043 - INFO - 
2026-02-24 01:13:53,043 - INFO - ------- Starting EQCCTPro... -------
2026-02-24 01:13:53,043 - INFO - Detailed subprocess information can be found in the log file.
2026-02-24 01:13:53,043 - INFO - 
2026-02-24 01:13:53,518 - INFO - GPU disabled (CPU-only).
2026-02-24 01:13:55,075 - INFO - Configured Intra-op threads = 1
2026-02-24 01:13:55,078 - INFO - Configured Inter-op threads = 1
2026-02-24 01:13:55,115 - INFO - TensorFlow: No GPUs visible; TF will proceed on CPU.
2026-02-24 01:13:55,117 - INFO - 
2026-02-24 01:13:55,120 - INFO - ------- Hardware Configuration -------
2026-02-24 01:13:55,122 - INFO - CPU affinity set to cores: [0, 1, 2, 3]
2026-02-24 01:13:55,124 - INFO - 
2026-02-24 01:13:55,126 - INFO - ------- Data Preprocessing for EQCCTPro -------
2026-02-24 01:13:55,128 - INFO - 1 station(s) in /home/blackwinter/projects/eqcct/eqcctpro/data/waveforms_earthquakes_noise_only/20250601T040020Z_20250601T040120Z
2026-02-24 01:13:55,130 - INFO - Using 1 selected station(s): ['KY17'].
2026-02-24 01:13:55,132 - INFO - Creating model actor(s)...
2026-02-24 01:13:55,134 - INFO - System RAM: Total=7870 MB, Available=2611 MB
2026-02-24 01:13:55,135 - INFO - Usable RAM budget: 7083 MB (90% of total)
2026-02-24 01:13:55,137 - INFO - ===== MEMORY-AWARE CPU ACTOR POOL (EQCCT) =====
2026-02-24 01:13:55,139 - INFO - Requested concurrent tasks: 1
2026-02-24 01:13:55,141 - INFO - Available CPUs: 4
2026-02-24 01:13:55,143 - INFO - Available RAM: 7083 MB
2026-02-24 01:13:55,144 - INFO - RAM per model: 2264 MB
2026-02-24 01:13:55,146 - INFO - Max actors by RAM: 3
2026-02-24 01:13:55,148 - INFO - Creating 1 ModelActor(s)
2026-02-24 01:13:55,149 - INFO - Let Ray handle scheduling (taskset already restricts CPU visibility)
2026-02-24 01:13:55,151 - INFO - Creating ModelActor 1/1 (2.21GB RAM each)...
2026-02-24 01:13:59,091 - INFO - ModelActor 1 created successfully.
2026-02-24 01:13:59,093 - INFO - Created 1 CPU actor(s). Task queue will handle concurrency.
2026-02-24 01:13:59,096 - INFO - Starting EQCCTPro parallelized waveform processing...
2026-02-24 01:13:59,098 - INFO - 
2026-02-24 01:13:59,101 - INFO - ------- Analyzing Seismic Waveforms for P and S Picks via EQCCT -------
2026-02-24 01:13:59,103 - INFO - Analyzing 0:01:00 minute timechunk from 2025-06-01 04:00:20 to 2025-06-01 04:01:20 (0 min overlap)
2026-02-24 01:13:59,106 - INFO - Processing a total of 1 stations, 1 at a time.
2026-02-24 01:14:03,182 - INFO - (1/1) KY17: Finished the prediction in 2.15s. (HP=1.0, LP=45.0)
2026-02-24 01:14:03,185 - INFO - 
2026-02-24 01:14:03,187 - INFO - ------- Parallel Station Waveform Processing Complete For 2025-06-01 04:00:20 to 2025-06-01 04:01:20 Timechunk-------
2026-02-24 01:14:03,190 - INFO - Picks saved at /home/blackwinter/projects/eqcct/eqcctpro/results/csv/bm_eq_noise_only/20250601T040020Z_20250601T040120ZProcess Runtime: 4.09 s
2026-02-24 01:14:03,193 - INFO - Successfully ran EQCCTPro, exiting...
2026-02-24 01:14:04,977 - INFO - Ray Successfully Shutdown.
2026-02-24 01:14:04,977 - INFO - ------- Successfully Picked All Waveform(s) from all Timechunk(s) -------
