2026-03-28 12:05:12,106 - INFO - 
2026-03-28 12:05:12,106 - INFO - ------- Welcome to EQCCTPro -------
2026-03-28 12:05:12,106 - INFO - 
2026-03-28 12:05:12,107 - INFO - Running EQCCT over Requested MSeed Files using CPU(s)...
2026-03-28 12:05:12,107 - INFO - GPU disabled (CPU-only).
2026-03-28 12:05:12,107 - INFO - Skipping framework-specific initialization in the driver process.
2026-03-28 12:05:13,532 - INFO - Ray Successfully Initialized with 4 CPU(s) ([0, 1, 2, 3] CPU Affinity Binding).
2026-03-28 12:05:13,532 - INFO - Analyzing 1 time chunk(s) from 2025-01-09 03:30:49 to 2025-01-09 03:31:49 (dt=1min, overlap=0min).
2026-03-28 12:05:13,533 - INFO - Using 1 selected station(s).
2026-03-28 12:05:13,533 - INFO - 
2026-03-28 12:05:13,534 - INFO - ------- Starting EQCCTPro... -------
2026-03-28 12:05:13,534 - INFO - Detailed subprocess information can be found in the log file.
2026-03-28 12:05:13,534 - INFO - 
2026-03-28 12:05:13,824 - INFO - GPU disabled (CPU-only).
2026-03-28 12:05:13,829 - INFO - Skipping framework-specific initialization in the driver process.
2026-03-28 12:05:13,832 - INFO - ------- Hardware Configuration -------
2026-03-28 12:05:13,835 - INFO - CPU affinity set to cores: [0, 1, 2, 3]
2026-03-28 12:05:13,837 - INFO - 
2026-03-28 12:05:13,840 - INFO - ------- Data Preprocessing for EQCCTPro -------
2026-03-28 12:05:13,843 - INFO - 1 station(s) in /home/blackwinter/projects/eqcct/eqcctpro/data/waveforms_noise_only/20250109T033049Z_20250109T033149Z
2026-03-28 12:05:13,847 - INFO - Using 1 selected station(s): ['KY17'].
2026-03-28 12:05:13,850 - INFO - Creating model actor(s)...
2026-03-28 12:05:13,852 - INFO - System RAM: Total=7870 MB, Available=4507 MB
2026-03-28 12:05:13,855 - INFO - Usable RAM budget: 7083 MB (90% of total)
2026-03-28 12:05:13,857 - INFO - ===== MEMORY-AWARE CPU ACTOR POOL =====
2026-03-28 12:05:13,860 - INFO - Requested concurrent tasks: 1
2026-03-28 12:05:13,863 - INFO - Available CPUs: 4
2026-03-28 12:05:13,866 - INFO - Available RAM: 7083 MB
2026-03-28 12:05:13,868 - INFO - RAM per model: 2060 MB
2026-03-28 12:05:13,871 - INFO - Max actors by RAM: 3
2026-03-28 12:05:13,873 - INFO - Creating 1 SeisBenchModelActor(s)
2026-03-28 12:05:13,876 - INFO - Let Ray handle scheduling (taskset already restricts CPU visibility)
2026-03-28 12:05:13,879 - INFO - Creating SeisBenchModelActor 1/1 (2.01GB RAM each)...
2026-03-28 12:05:17,176 - INFO - SeisBenchModelActor 1 created successfully.
2026-03-28 12:05:17,179 - INFO - Created 1 CPU actor(s). Task queue will handle concurrency.
2026-03-28 12:05:17,181 - INFO - Starting EQCCTPro parallelized waveform processing...
2026-03-28 12:05:17,184 - INFO - 
2026-03-28 12:05:17,187 - INFO - ------- Analyzing Seismic Waveforms for P and S Picks via SeisBench (EQTransformer - original_nonconservative) -------
2026-03-28 12:05:17,189 - INFO - Analyzing 0:01:00 minute timechunk from 2025-01-09 03:30:49 to 2025-01-09 03:31:49 (0 min overlap)
2026-03-28 12:05:17,192 - INFO - Processing a total of 1 stations, 1 at a time.
2026-03-28 12:05:19,404 - INFO - (1/1) KY17: Finished the prediction in 0.13s. (HP=1.0, LP=45.0, picks=0)
2026-03-28 12:05:19,406 - INFO - 
2026-03-28 12:05:19,409 - INFO - ------- Parallel Station Waveform Processing Complete For 2025-01-09 03:30:49 to 2025-01-09 03:31:49 Timechunk-------
2026-03-28 12:05:19,412 - INFO - Picks saved at /home/blackwinter/projects/eqcct/eqcctpro/results/csv/eqt_noise_th0_1/20250109T033049Z_20250109T033149ZProcess Runtime: 2.22 s
2026-03-28 12:05:19,418 - INFO - Successfully ran EQCCTPro, exiting...
2026-03-28 12:05:21,232 - INFO - Ray Successfully Shutdown.
2026-03-28 12:05:21,232 - INFO - ------- Successfully Picked All Waveform(s) from all Timechunk(s) -------
