2026-02-23 17:58:01,922 - INFO - 
2026-02-23 17:58:01,922 - INFO - ------- Welcome to EQCCTPro -------
2026-02-23 17:58:01,923 - INFO - 
2026-02-23 17:58:01,923 - INFO - Running EQCCT over Requested MSeed Files using CPU(s)...
2026-02-23 17:58:01,923 - INFO - GPU disabled (CPU-only).
2026-02-23 17:58:01,924 - INFO - Configured Intra-op threads = 1
2026-02-23 17:58:01,924 - INFO - Configured Inter-op threads = 1
2026-02-23 17:58:01,924 - INFO - TensorFlow: No GPUs visible; TF will proceed on CPU.
2026-02-23 17:58:01,924 - INFO - 
2026-02-23 17:58:07,202 - INFO - Ray Successfully Initialized with 4 CPU(s) ([0, 1, 2, 3] CPU Affinity Binding).
2026-02-23 17:58:07,202 - INFO - Analyzing 1 time chunk(s) from 2025-01-26 09:25:57 to 2025-01-26 09:26:57 (dt=1min, overlap=0min).
2026-02-23 17:58:07,202 - INFO - Using 1 selected station(s).
2026-02-23 17:58:07,202 - INFO - 
2026-02-23 17:58:07,203 - INFO - ------- Starting EQCCTPro... -------
2026-02-23 17:58:07,203 - INFO - Detailed subprocess information can be found in the log file.
2026-02-23 17:58:07,203 - INFO - 
2026-02-23 17:58:07,554 - INFO - GPU disabled (CPU-only).
2026-02-23 17:58:08,986 - INFO - Configured Intra-op threads = 1
2026-02-23 17:58:08,989 - INFO - Configured Inter-op threads = 1
2026-02-23 17:58:09,029 - INFO - TensorFlow: No GPUs visible; TF will proceed on CPU.
2026-02-23 17:58:09,031 - INFO - 
2026-02-23 17:58:09,034 - INFO - ------- Hardware Configuration -------
2026-02-23 17:58:09,036 - INFO - CPU affinity set to cores: [0, 1, 2, 3]
2026-02-23 17:58:09,037 - INFO - 
2026-02-23 17:58:09,039 - INFO - ------- Data Preprocessing for EQCCTPro -------
2026-02-23 17:58:09,041 - INFO - 1 station(s) in /home/blackwinter/projects/eqcct/eqcctpro/data/waveforms_earthquakes_noise_only/20250126T092557Z_20250126T092657Z
2026-02-23 17:58:09,043 - INFO - Using 1 selected station(s): ['RNF'].
2026-02-23 17:58:09,045 - INFO - Creating model actor(s)...
2026-02-23 17:58:09,047 - INFO - System RAM: Total=7870 MB, Available=4111 MB
2026-02-23 17:58:09,049 - INFO - Usable RAM budget: 7083 MB (90% of total)
2026-02-23 17:58:09,050 - INFO - ===== MEMORY-AWARE CPU ACTOR POOL (EQCCT) =====
2026-02-23 17:58:09,052 - INFO - Requested concurrent tasks: 1
2026-02-23 17:58:09,054 - INFO - Available CPUs: 4
2026-02-23 17:58:09,056 - INFO - Available RAM: 7083 MB
2026-02-23 17:58:09,058 - INFO - RAM per model: 2264 MB
2026-02-23 17:58:09,060 - INFO - Max actors by RAM: 3
2026-02-23 17:58:09,062 - INFO - Creating 1 ModelActor(s)
2026-02-23 17:58:09,064 - INFO - Let Ray handle scheduling (taskset already restricts CPU visibility)
2026-02-23 17:58:09,067 - INFO - Creating ModelActor 1/1 (2.21GB RAM each)...
2026-02-23 17:58:12,845 - INFO - ModelActor 1 created successfully.
2026-02-23 17:58:12,847 - INFO - Created 1 CPU actor(s). Task queue will handle concurrency.
2026-02-23 17:58:12,849 - INFO - Starting EQCCTPro parallelized waveform processing...
2026-02-23 17:58:12,851 - INFO - 
2026-02-23 17:58:12,853 - INFO - ------- Analyzing Seismic Waveforms for P and S Picks via EQCCT -------
2026-02-23 17:58:12,856 - INFO - Analyzing 0:01:00 minute timechunk from 2025-01-26 09:25:57 to 2025-01-26 09:26:57 (0 min overlap)
2026-02-23 17:58:12,858 - INFO - Processing a total of 1 stations, 1 at a time.
2026-02-23 17:58:15,472 - INFO - (1/1) RNF: FAILED reading mSEED.
2026-02-23 17:58:15,478 - INFO - 
2026-02-23 17:58:15,481 - INFO - ------- Parallel Station Waveform Processing Complete For 2025-01-26 09:25:57 to 2025-01-26 09:26:57 Timechunk-------
2026-02-23 17:58:15,483 - INFO - Picks saved at /home/blackwinter/projects/eqcct/eqcctpro/results/csv/bm_eq_noise_only/20250126T092557Z_20250126T092657ZProcess Runtime: 2.63 s
2026-02-23 17:58:15,488 - INFO - Successfully ran EQCCTPro, exiting...
2026-02-23 17:58:16,941 - INFO - Ray Successfully Shutdown.
2026-02-23 17:58:16,941 - INFO - ------- Successfully Picked All Waveform(s) from all Timechunk(s) -------
