2026-02-23 18:57:49,921 - INFO - 
2026-02-23 18:57:49,921 - INFO - ------- Welcome to EQCCTPro -------
2026-02-23 18:57:49,921 - INFO - 
2026-02-23 18:57:49,922 - INFO - Running EQCCT over Requested MSeed Files using CPU(s)...
2026-02-23 18:57:49,922 - INFO - GPU disabled (CPU-only).
2026-02-23 18:57:49,922 - INFO - Configured Intra-op threads = 1
2026-02-23 18:57:49,922 - INFO - Configured Inter-op threads = 1
2026-02-23 18:57:49,922 - INFO - TensorFlow: No GPUs visible; TF will proceed on CPU.
2026-02-23 18:57:49,922 - INFO - 
2026-02-23 18:57:55,585 - INFO - Ray Successfully Initialized with 4 CPU(s) ([0, 1, 2, 3] CPU Affinity Binding).
2026-02-23 18:57:55,585 - INFO - Analyzing 1 time chunk(s) from 2025-02-13 00:01:06 to 2025-02-13 00:02:06 (dt=1min, overlap=0min).
2026-02-23 18:57:55,586 - INFO - Using 1 selected station(s).
2026-02-23 18:57:55,586 - INFO - 
2026-02-23 18:57:55,587 - INFO - ------- Starting EQCCTPro... -------
2026-02-23 18:57:55,587 - INFO - Detailed subprocess information can be found in the log file.
2026-02-23 18:57:55,587 - INFO - 
2026-02-23 18:57:55,959 - INFO - GPU disabled (CPU-only).
2026-02-23 18:57:57,465 - INFO - Configured Intra-op threads = 1
2026-02-23 18:57:57,468 - INFO - Configured Inter-op threads = 1
2026-02-23 18:57:57,512 - INFO - TensorFlow: No GPUs visible; TF will proceed on CPU.
2026-02-23 18:57:57,514 - INFO - 
2026-02-23 18:57:57,516 - INFO - ------- Hardware Configuration -------
2026-02-23 18:57:57,519 - INFO - CPU affinity set to cores: [0, 1, 2, 3]
2026-02-23 18:57:57,521 - INFO - 
2026-02-23 18:57:57,524 - INFO - ------- Data Preprocessing for EQCCTPro -------
2026-02-23 18:57:57,526 - INFO - 1 station(s) in /home/blackwinter/projects/eqcct/eqcctpro/data/waveforms_earthquakes_noise_only/20250213T000106Z_20250213T000206Z
2026-02-23 18:57:57,528 - INFO - Using 1 selected station(s): ['RANF'].
2026-02-23 18:57:57,531 - INFO - Creating model actor(s)...
2026-02-23 18:57:57,533 - INFO - System RAM: Total=7870 MB, Available=3745 MB
2026-02-23 18:57:57,535 - INFO - Usable RAM budget: 7083 MB (90% of total)
2026-02-23 18:57:57,538 - INFO - ===== MEMORY-AWARE CPU ACTOR POOL (EQCCT) =====
2026-02-23 18:57:57,540 - INFO - Requested concurrent tasks: 1
2026-02-23 18:57:57,543 - INFO - Available CPUs: 4
2026-02-23 18:57:57,545 - INFO - Available RAM: 7083 MB
2026-02-23 18:57:57,547 - INFO - RAM per model: 2264 MB
2026-02-23 18:57:57,550 - INFO - Max actors by RAM: 3
2026-02-23 18:57:57,552 - INFO - Creating 1 ModelActor(s)
2026-02-23 18:57:57,555 - INFO - Let Ray handle scheduling (taskset already restricts CPU visibility)
2026-02-23 18:57:57,557 - INFO - Creating ModelActor 1/1 (2.21GB RAM each)...
2026-02-23 18:58:01,668 - INFO - ModelActor 1 created successfully.
2026-02-23 18:58:01,670 - INFO - Created 1 CPU actor(s). Task queue will handle concurrency.
2026-02-23 18:58:01,673 - INFO - Starting EQCCTPro parallelized waveform processing...
2026-02-23 18:58:01,675 - INFO - 
2026-02-23 18:58:01,678 - INFO - ------- Analyzing Seismic Waveforms for P and S Picks via EQCCT -------
2026-02-23 18:58:01,680 - INFO - Analyzing 0:01:00 minute timechunk from 2025-02-13 00:01:06 to 2025-02-13 00:02:06 (0 min overlap)
2026-02-23 18:58:01,683 - INFO - Processing a total of 1 stations, 1 at a time.
2026-02-23 18:58:05,733 - INFO - (1/1) RANF: Finished the prediction in 2.13s. (HP=1.0, LP=45.0)
2026-02-23 18:58:05,735 - INFO - 
2026-02-23 18:58:05,737 - INFO - ------- Parallel Station Waveform Processing Complete For 2025-02-13 00:01:06 to 2025-02-13 00:02:06 Timechunk-------
2026-02-23 18:58:05,739 - INFO - Picks saved at /home/blackwinter/projects/eqcct/eqcctpro/results/csv/bm_eq_noise_only/20250213T000106Z_20250213T000206ZProcess Runtime: 4.06 s
2026-02-23 18:58:05,742 - INFO - Successfully ran EQCCTPro, exiting...
2026-02-23 18:58:07,351 - INFO - Ray Successfully Shutdown.
2026-02-23 18:58:07,352 - INFO - ------- Successfully Picked All Waveform(s) from all Timechunk(s) -------
