2026-03-28 18:25:45,543 - INFO - 
2026-03-28 18:25:45,543 - INFO - ------- Welcome to EQCCTPro -------
2026-03-28 18:25:45,543 - INFO - 
2026-03-28 18:25:45,544 - INFO - Running EQCCT over Requested MSeed Files using CPU(s)...
2026-03-28 18:25:45,544 - INFO - GPU disabled (CPU-only).
2026-03-28 18:25:45,545 - INFO - Skipping framework-specific initialization in the driver process.
2026-03-28 18:25:48,182 - INFO - Ray Successfully Initialized with 4 CPU(s) ([0, 1, 2, 3] CPU Affinity Binding).
2026-03-28 18:25:48,182 - INFO - Analyzing 1 time chunk(s) from 2025-01-15 13:47:16 to 2025-01-15 13:48:16 (dt=1min, overlap=0min).
2026-03-28 18:25:48,182 - INFO - Using 1 selected station(s).
2026-03-28 18:25:48,183 - INFO - 
2026-03-28 18:25:48,183 - INFO - ------- Starting EQCCTPro... -------
2026-03-28 18:25:48,183 - INFO - Detailed subprocess information can be found in the log file.
2026-03-28 18:25:48,183 - INFO - 
2026-03-28 18:25:48,554 - INFO - GPU disabled (CPU-only).
2026-03-28 18:25:48,560 - INFO - Skipping framework-specific initialization in the driver process.
2026-03-28 18:25:48,564 - INFO - ------- Hardware Configuration -------
2026-03-28 18:25:48,567 - INFO - CPU affinity set to cores: [0, 1, 2, 3]
2026-03-28 18:25:48,571 - INFO - 
2026-03-28 18:25:48,574 - INFO - ------- Data Preprocessing for EQCCTPro -------
2026-03-28 18:25:48,577 - INFO - 1 station(s) in /home/blackwinter/projects/eqcct/eqcctpro/data/waveforms_explosions_nonoise/20250115T134716Z_20250115T134816Z
2026-03-28 18:25:48,579 - INFO - Using 1 selected station(s): ['AAL'].
2026-03-28 18:25:48,582 - INFO - Creating model actor(s)...
2026-03-28 18:25:48,584 - INFO - System RAM: Total=7870 MB, Available=4175 MB
2026-03-28 18:25:48,587 - INFO - Usable RAM budget: 7083 MB (90% of total)
2026-03-28 18:25:48,591 - INFO - ===== MEMORY-AWARE CPU ACTOR POOL =====
2026-03-28 18:25:48,594 - INFO - Requested concurrent tasks: 1
2026-03-28 18:25:48,597 - INFO - Available CPUs: 4
2026-03-28 18:25:48,600 - INFO - Available RAM: 7083 MB
2026-03-28 18:25:48,603 - INFO - RAM per model: 2060 MB
2026-03-28 18:25:48,606 - INFO - Max actors by RAM: 3
2026-03-28 18:25:48,609 - INFO - Creating 1 SeisBenchModelActor(s)
2026-03-28 18:25:48,612 - INFO - Let Ray handle scheduling (taskset already restricts CPU visibility)
2026-03-28 18:25:48,616 - INFO - Creating SeisBenchModelActor 1/1 (2.01GB RAM each)...
2026-03-28 18:25:52,063 - INFO - SeisBenchModelActor 1 created successfully.
2026-03-28 18:25:52,065 - INFO - Created 1 CPU actor(s). Task queue will handle concurrency.
2026-03-28 18:25:52,068 - INFO - Starting EQCCTPro parallelized waveform processing...
2026-03-28 18:25:52,071 - INFO - 
2026-03-28 18:25:52,073 - INFO - ------- Analyzing Seismic Waveforms for P and S Picks via SeisBench (EQTransformer - original_nonconservative) -------
2026-03-28 18:25:52,076 - INFO - Analyzing 0:01:00 minute timechunk from 2025-01-15 13:47:16 to 2025-01-15 13:48:16 (0 min overlap)
2026-03-28 18:25:52,079 - INFO - Processing a total of 1 stations, 1 at a time.
2026-03-28 18:25:54,410 - INFO - (1/1) AAL: Finished the prediction in 0.14s. (HP=1.0, LP=45.0, picks=0)
2026-03-28 18:25:54,414 - INFO - 
2026-03-28 18:25:54,416 - INFO - ------- Parallel Station Waveform Processing Complete For 2025-01-15 13:47:16 to 2025-01-15 13:48:16 Timechunk-------
2026-03-28 18:25:54,419 - INFO - Picks saved at /home/blackwinter/projects/eqcct/eqcctpro/results/csv/eqt_explosions_th0_1/20250115T134716Z_20250115T134816ZProcess Runtime: 2.35 s
2026-03-28 18:25:54,427 - INFO - Successfully ran EQCCTPro, exiting...
2026-03-28 18:25:56,059 - INFO - Ray Successfully Shutdown.
2026-03-28 18:25:56,059 - INFO - ------- Successfully Picked All Waveform(s) from all Timechunk(s) -------
