2026-03-11 01:35:48,116 - INFO - 
2026-03-11 01:35:48,116 - INFO - ------- Welcome to EQCCTPro -------
2026-03-11 01:35:48,116 - INFO - 
2026-03-11 01:35:48,117 - INFO - Running EQCCT over Requested MSeed Files using CPU(s)...
2026-03-11 01:35:48,117 - INFO - GPU disabled (CPU-only).
2026-03-11 01:35:48,117 - INFO - Configured Intra-op threads = 1
2026-03-11 01:35:48,118 - INFO - Configured Inter-op threads = 1
2026-03-11 01:35:48,118 - INFO - TensorFlow: No GPUs visible; TF will proceed on CPU.
2026-03-11 01:35:48,118 - INFO - 
2026-03-11 01:35:53,614 - INFO - Ray Successfully Initialized with 4 CPU(s) ([0, 1, 2, 3] CPU Affinity Binding).
2026-03-11 01:35:53,615 - INFO - Analyzing 1 time chunk(s) from 2025-01-11 22:44:58 to 2025-01-11 22:45:58 (dt=1min, overlap=0min).
2026-03-11 01:35:53,615 - INFO - Using 1 selected station(s).
2026-03-11 01:35:53,615 - INFO - 
2026-03-11 01:35:53,615 - INFO - ------- Starting EQCCTPro... -------
2026-03-11 01:35:53,615 - INFO - Detailed subprocess information can be found in the log file.
2026-03-11 01:35:53,615 - INFO - 
2026-03-11 01:35:53,985 - INFO - GPU disabled (CPU-only).
2026-03-11 01:35:55,608 - INFO - Configured Intra-op threads = 1
2026-03-11 01:35:55,610 - INFO - Configured Inter-op threads = 1
2026-03-11 01:35:55,650 - INFO - TensorFlow: No GPUs visible; TF will proceed on CPU.
2026-03-11 01:35:55,652 - INFO - 
2026-03-11 01:35:55,654 - INFO - ------- Hardware Configuration -------
2026-03-11 01:35:55,657 - INFO - CPU affinity set to cores: [0, 1, 2, 3]
2026-03-11 01:35:55,659 - INFO - 
2026-03-11 01:35:55,660 - INFO - ------- Data Preprocessing for EQCCTPro -------
2026-03-11 01:35:55,662 - INFO - 1 station(s) in /home/blackwinter/projects/eqcct/eqcctpro/data/waveforms_noise_only/20250111T224458Z_20250111T224558Z
2026-03-11 01:35:55,664 - INFO - Using 1 selected station(s): ['TOF'].
2026-03-11 01:35:55,666 - INFO - Creating model actor(s)...
2026-03-11 01:35:55,668 - INFO - System RAM: Total=7870 MB, Available=2281 MB
2026-03-11 01:35:55,670 - INFO - Usable RAM budget: 7083 MB (90% of total)
2026-03-11 01:35:55,672 - INFO - ===== MEMORY-AWARE CPU ACTOR POOL (EQCCT) =====
2026-03-11 01:35:55,674 - INFO - Requested concurrent tasks: 1
2026-03-11 01:35:55,676 - INFO - Available CPUs: 4
2026-03-11 01:35:55,678 - INFO - Available RAM: 7083 MB
2026-03-11 01:35:55,680 - INFO - RAM per model: 2264 MB
2026-03-11 01:35:55,682 - INFO - Max actors by RAM: 3
2026-03-11 01:35:55,683 - INFO - Creating 1 ModelActor(s)
2026-03-11 01:35:55,685 - INFO - Let Ray handle scheduling (taskset already restricts CPU visibility)
2026-03-11 01:35:55,687 - INFO - Creating ModelActor 1/1 (2.21GB RAM each)...
2026-03-11 01:35:59,689 - INFO - ModelActor 1 created successfully.
2026-03-11 01:35:59,691 - INFO - Created 1 CPU actor(s). Task queue will handle concurrency.
2026-03-11 01:35:59,693 - INFO - Starting EQCCTPro parallelized waveform processing...
2026-03-11 01:35:59,695 - INFO - 
2026-03-11 01:35:59,697 - INFO - ------- Analyzing Seismic Waveforms for P and S Picks via EQCCT -------
2026-03-11 01:35:59,700 - INFO - Analyzing 0:01:00 minute timechunk from 2025-01-11 22:44:58 to 2025-01-11 22:45:58 (0 min overlap)
2026-03-11 01:35:59,702 - INFO - Processing a total of 1 stations, 1 at a time.
2026-03-11 01:36:03,852 - INFO - (1/1) TOF: Finished the prediction in 2.16s. (HP=1.0, LP=45.0)
2026-03-11 01:36:03,854 - INFO - 
2026-03-11 01:36:03,856 - INFO - ------- Parallel Station Waveform Processing Complete For 2025-01-11 22:44:58 to 2025-01-11 22:45:58 Timechunk-------
2026-03-11 01:36:03,859 - INFO - Picks saved at /home/blackwinter/projects/eqcct/eqcctpro/results/csv/bm_noise_only/20250111T224458Z_20250111T224558ZProcess Runtime: 4.16 s
2026-03-11 01:36:03,863 - INFO - Successfully ran EQCCTPro, exiting...
2026-03-11 01:36:05,636 - INFO - Ray Successfully Shutdown.
2026-03-11 01:36:05,637 - INFO - ------- Successfully Picked All Waveform(s) from all Timechunk(s) -------
2026-03-11 16:01:42,248 - INFO - 
2026-03-11 16:01:42,248 - INFO - ------- Welcome to EQCCTPro -------
2026-03-11 16:01:42,248 - INFO - 
2026-03-11 16:01:42,249 - INFO - Running EQCCT over Requested MSeed Files using CPU(s)...
2026-03-11 16:01:42,249 - INFO - GPU disabled (CPU-only).
2026-03-11 16:01:42,249 - INFO - Configured Intra-op threads = 1
2026-03-11 16:01:42,250 - INFO - Configured Inter-op threads = 1
2026-03-11 16:01:42,250 - INFO - TensorFlow: No GPUs visible; TF will proceed on CPU.
2026-03-11 16:01:42,250 - INFO - 
2026-03-11 16:01:47,724 - INFO - Ray Successfully Initialized with 4 CPU(s) ([0, 1, 2, 3] CPU Affinity Binding).
2026-03-11 16:01:47,724 - INFO - Analyzing 1 time chunk(s) from 2025-01-11 22:44:58 to 2025-01-11 22:45:58 (dt=1min, overlap=0min).
2026-03-11 16:01:47,724 - INFO - Using 1 selected station(s).
2026-03-11 16:01:47,724 - INFO - 
2026-03-11 16:01:47,725 - INFO - ------- Starting EQCCTPro... -------
2026-03-11 16:01:47,725 - INFO - Detailed subprocess information can be found in the log file.
2026-03-11 16:01:47,725 - INFO - 
2026-03-11 16:01:48,109 - INFO - GPU disabled (CPU-only).
2026-03-11 16:01:49,678 - INFO - Configured Intra-op threads = 1
2026-03-11 16:01:49,681 - INFO - Configured Inter-op threads = 1
2026-03-11 16:01:49,723 - INFO - TensorFlow: No GPUs visible; TF will proceed on CPU.
2026-03-11 16:01:49,726 - INFO - 
2026-03-11 16:01:49,728 - INFO - ------- Hardware Configuration -------
2026-03-11 16:01:49,729 - INFO - CPU affinity set to cores: [0, 1, 2, 3]
2026-03-11 16:01:49,731 - INFO - 
2026-03-11 16:01:49,733 - INFO - ------- Data Preprocessing for EQCCTPro -------
2026-03-11 16:01:49,735 - INFO - 1 station(s) in /home/blackwinter/projects/eqcct/eqcctpro/data/waveforms_noise_only/20250111T224458Z_20250111T224558Z
2026-03-11 16:01:49,736 - INFO - Using 1 selected station(s): ['TOF'].
2026-03-11 16:01:49,738 - INFO - Creating model actor(s)...
2026-03-11 16:01:49,740 - INFO - System RAM: Total=7870 MB, Available=3293 MB
2026-03-11 16:01:49,742 - INFO - Usable RAM budget: 7083 MB (90% of total)
2026-03-11 16:01:49,744 - INFO - ===== MEMORY-AWARE CPU ACTOR POOL (EQCCT) =====
2026-03-11 16:01:49,745 - INFO - Requested concurrent tasks: 1
2026-03-11 16:01:49,747 - INFO - Available CPUs: 4
2026-03-11 16:01:49,749 - INFO - Available RAM: 7083 MB
2026-03-11 16:01:49,751 - INFO - RAM per model: 2264 MB
2026-03-11 16:01:49,752 - INFO - Max actors by RAM: 3
2026-03-11 16:01:49,754 - INFO - Creating 1 ModelActor(s)
2026-03-11 16:01:49,756 - INFO - Let Ray handle scheduling (taskset already restricts CPU visibility)
2026-03-11 16:01:49,758 - INFO - Creating ModelActor 1/1 (2.21GB RAM each)...
2026-03-11 16:01:53,650 - INFO - ModelActor 1 created successfully.
2026-03-11 16:01:53,652 - INFO - Created 1 CPU actor(s). Task queue will handle concurrency.
2026-03-11 16:01:53,654 - INFO - Starting EQCCTPro parallelized waveform processing...
2026-03-11 16:01:53,657 - INFO - 
2026-03-11 16:01:53,659 - INFO - ------- Analyzing Seismic Waveforms for P and S Picks via EQCCT -------
2026-03-11 16:01:53,661 - INFO - Analyzing 0:01:00 minute timechunk from 2025-01-11 22:44:58 to 2025-01-11 22:45:58 (0 min overlap)
2026-03-11 16:01:53,663 - INFO - Processing a total of 1 stations, 1 at a time.
2026-03-11 16:01:55,594 - INFO - (1/1) TOF: Skipped (already exists - overwrite=False).
2026-03-11 16:01:55,596 - INFO - 
2026-03-11 16:01:55,598 - INFO - ------- Parallel Station Waveform Processing Complete For 2025-01-11 22:44:58 to 2025-01-11 22:45:58 Timechunk-------
2026-03-11 16:01:55,600 - INFO - Picks saved at /home/blackwinter/projects/eqcct/eqcctpro/results/csv/bm_noise_only/20250111T224458Z_20250111T224558ZProcess Runtime: 1.94 s
2026-03-11 16:01:55,605 - INFO - Successfully ran EQCCTPro, exiting...
2026-03-11 16:01:57,244 - INFO - Ray Successfully Shutdown.
2026-03-11 16:01:57,244 - INFO - ------- Successfully Picked All Waveform(s) from all Timechunk(s) -------
