2026-03-20 00:25:02,297 - INFO - 
2026-03-20 00:25:02,297 - INFO - ------- Welcome to EQCCTPro -------
2026-03-20 00:25:02,297 - INFO - 
2026-03-20 00:25:02,297 - INFO - Running EQCCT over Requested MSeed Files using CPU(s)...
2026-03-20 00:25:02,298 - INFO - GPU disabled (CPU-only).
2026-03-20 00:25:02,298 - INFO - Configured Intra-op threads = 1
2026-03-20 00:25:02,298 - INFO - Configured Inter-op threads = 1
2026-03-20 00:25:02,298 - INFO - TensorFlow: No GPUs visible; TF will proceed on CPU.
2026-03-20 00:25:02,298 - INFO - 
2026-03-20 00:25:07,816 - INFO - Ray Successfully Initialized with 4 CPU(s) ([0, 1, 2, 3] CPU Affinity Binding).
2026-03-20 00:25:07,817 - INFO - Analyzing 1 time chunk(s) from 2025-03-23 13:29:03 to 2025-03-23 13:30:03 (dt=1min, overlap=0min).
2026-03-20 00:25:07,817 - INFO - Using 1 selected station(s).
2026-03-20 00:25:07,817 - INFO - 
2026-03-20 00:25:07,817 - INFO - ------- Starting EQCCTPro... -------
2026-03-20 00:25:07,818 - INFO - Detailed subprocess information can be found in the log file.
2026-03-20 00:25:07,818 - INFO - 
2026-03-20 00:25:08,189 - INFO - GPU disabled (CPU-only).
2026-03-20 00:25:09,669 - INFO - Configured Intra-op threads = 1
2026-03-20 00:25:09,672 - INFO - Configured Inter-op threads = 1
2026-03-20 00:25:09,713 - INFO - TensorFlow: No GPUs visible; TF will proceed on CPU.
2026-03-20 00:25:09,715 - INFO - 
2026-03-20 00:25:09,717 - INFO - ------- Hardware Configuration -------
2026-03-20 00:25:09,719 - INFO - CPU affinity set to cores: [0, 1, 2, 3]
2026-03-20 00:25:09,722 - INFO - 
2026-03-20 00:25:09,723 - INFO - ------- Data Preprocessing for EQCCTPro -------
2026-03-20 00:25:09,725 - INFO - 1 station(s) in /home/blackwinter/projects/eqcct/eqcctpro/data/waveforms_earthquakes_nonoise/20250323T132903Z_20250323T133003Z
2026-03-20 00:25:09,727 - INFO - Using 1 selected station(s): ['RANF'].
2026-03-20 00:25:09,729 - INFO - Creating model actor(s)...
2026-03-20 00:25:09,731 - INFO - System RAM: Total=7870 MB, Available=2454 MB
2026-03-20 00:25:09,732 - INFO - Usable RAM budget: 7083 MB (90% of total)
2026-03-20 00:25:09,734 - INFO - ===== MEMORY-AWARE CPU ACTOR POOL (EQCCT) =====
2026-03-20 00:25:09,736 - INFO - Requested concurrent tasks: 1
2026-03-20 00:25:09,738 - INFO - Available CPUs: 4
2026-03-20 00:25:09,739 - INFO - Available RAM: 7083 MB
2026-03-20 00:25:09,741 - INFO - RAM per model: 2264 MB
2026-03-20 00:25:09,743 - INFO - Max actors by RAM: 3
2026-03-20 00:25:09,745 - INFO - Creating 1 ModelActor(s)
2026-03-20 00:25:09,747 - INFO - Let Ray handle scheduling (taskset already restricts CPU visibility)
2026-03-20 00:25:09,748 - INFO - Creating ModelActor 1/1 (2.21GB RAM each)...
2026-03-20 00:25:13,686 - INFO - ModelActor 1 created successfully.
2026-03-20 00:25:13,688 - INFO - Created 1 CPU actor(s). Task queue will handle concurrency.
2026-03-20 00:25:13,691 - INFO - Starting EQCCTPro parallelized waveform processing...
2026-03-20 00:25:13,693 - INFO - 
2026-03-20 00:25:13,694 - INFO - ------- Analyzing Seismic Waveforms for P and S Picks via EQCCT -------
2026-03-20 00:25:13,697 - INFO - Analyzing 0:01:00 minute timechunk from 2025-03-23 13:29:03 to 2025-03-23 13:30:03 (0 min overlap)
2026-03-20 00:25:13,699 - INFO - Processing a total of 1 stations, 1 at a time.
2026-03-20 00:25:17,746 - INFO - (1/1) RANF: Finished the prediction in 2.12s. (HP=1.0, LP=45.0)
2026-03-20 00:25:17,748 - INFO - 
2026-03-20 00:25:17,750 - INFO - ------- Parallel Station Waveform Processing Complete For 2025-03-23 13:29:03 to 2025-03-23 13:30:03 Timechunk-------
2026-03-20 00:25:17,752 - INFO - Picks saved at /home/blackwinter/projects/eqcct/eqcctpro/results/csv/eqcct_earthquakes_th0_1/20250323T132903Z_20250323T133003ZProcess Runtime: 4.06 s
2026-03-20 00:25:17,757 - INFO - Successfully ran EQCCTPro, exiting...
2026-03-20 00:25:19,204 - INFO - Ray Successfully Shutdown.
2026-03-20 00:25:19,204 - INFO - ------- Successfully Picked All Waveform(s) from all Timechunk(s) -------
