2026-03-20 00:14:32,140 - INFO - 
2026-03-20 00:14:32,140 - INFO - ------- Welcome to EQCCTPro -------
2026-03-20 00:14:32,140 - INFO - 
2026-03-20 00:14:32,141 - INFO - Running EQCCT over Requested MSeed Files using CPU(s)...
2026-03-20 00:14:32,141 - INFO - GPU disabled (CPU-only).
2026-03-20 00:14:32,142 - INFO - Configured Intra-op threads = 1
2026-03-20 00:14:32,142 - INFO - Configured Inter-op threads = 1
2026-03-20 00:14:32,142 - INFO - TensorFlow: No GPUs visible; TF will proceed on CPU.
2026-03-20 00:14:32,142 - INFO - 
2026-03-20 00:14:37,511 - INFO - Ray Successfully Initialized with 4 CPU(s) ([0, 1, 2, 3] CPU Affinity Binding).
2026-03-20 00:14:37,511 - INFO - Analyzing 1 time chunk(s) from 2025-03-13 16:18:50 to 2025-03-13 16:19:50 (dt=1min, overlap=0min).
2026-03-20 00:14:37,511 - INFO - Using 1 selected station(s).
2026-03-20 00:14:37,511 - INFO - 
2026-03-20 00:14:37,512 - INFO - ------- Starting EQCCTPro... -------
2026-03-20 00:14:37,512 - INFO - Detailed subprocess information can be found in the log file.
2026-03-20 00:14:37,512 - INFO - 
2026-03-20 00:14:37,870 - INFO - GPU disabled (CPU-only).
2026-03-20 00:14:39,334 - INFO - Configured Intra-op threads = 1
2026-03-20 00:14:39,337 - INFO - Configured Inter-op threads = 1
2026-03-20 00:14:39,378 - INFO - TensorFlow: No GPUs visible; TF will proceed on CPU.
2026-03-20 00:14:39,380 - INFO - 
2026-03-20 00:14:39,383 - INFO - ------- Hardware Configuration -------
2026-03-20 00:14:39,384 - INFO - CPU affinity set to cores: [0, 1, 2, 3]
2026-03-20 00:14:39,386 - INFO - 
2026-03-20 00:14:39,388 - INFO - ------- Data Preprocessing for EQCCTPro -------
2026-03-20 00:14:39,390 - INFO - 1 station(s) in /home/blackwinter/projects/eqcct/eqcctpro/data/waveforms_earthquakes_nonoise/20250313T161850Z_20250313T161950Z
2026-03-20 00:14:39,392 - INFO - Using 1 selected station(s): ['VRF'].
2026-03-20 00:14:39,393 - INFO - Creating model actor(s)...
2026-03-20 00:14:39,395 - INFO - System RAM: Total=7870 MB, Available=2509 MB
2026-03-20 00:14:39,397 - INFO - Usable RAM budget: 7083 MB (90% of total)
2026-03-20 00:14:39,399 - INFO - ===== MEMORY-AWARE CPU ACTOR POOL (EQCCT) =====
2026-03-20 00:14:39,400 - INFO - Requested concurrent tasks: 1
2026-03-20 00:14:39,402 - INFO - Available CPUs: 4
2026-03-20 00:14:39,405 - INFO - Available RAM: 7083 MB
2026-03-20 00:14:39,407 - INFO - RAM per model: 2264 MB
2026-03-20 00:14:39,408 - INFO - Max actors by RAM: 3
2026-03-20 00:14:39,410 - INFO - Creating 1 ModelActor(s)
2026-03-20 00:14:39,412 - INFO - Let Ray handle scheduling (taskset already restricts CPU visibility)
2026-03-20 00:14:39,414 - INFO - Creating ModelActor 1/1 (2.21GB RAM each)...
2026-03-20 00:14:43,402 - INFO - ModelActor 1 created successfully.
2026-03-20 00:14:43,404 - INFO - Created 1 CPU actor(s). Task queue will handle concurrency.
2026-03-20 00:14:43,407 - INFO - Starting EQCCTPro parallelized waveform processing...
2026-03-20 00:14:43,409 - INFO - 
2026-03-20 00:14:43,411 - INFO - ------- Analyzing Seismic Waveforms for P and S Picks via EQCCT -------
2026-03-20 00:14:43,413 - INFO - Analyzing 0:01:00 minute timechunk from 2025-03-13 16:18:50 to 2025-03-13 16:19:50 (0 min overlap)
2026-03-20 00:14:43,415 - INFO - Processing a total of 1 stations, 1 at a time.
2026-03-20 00:14:47,722 - INFO - (1/1) VRF: Finished the prediction in 2.24s. (HP=1.0, LP=45.0)
2026-03-20 00:14:47,725 - INFO - 
2026-03-20 00:14:47,728 - INFO - ------- Parallel Station Waveform Processing Complete For 2025-03-13 16:18:50 to 2025-03-13 16:19:50 Timechunk-------
2026-03-20 00:14:47,730 - INFO - Picks saved at /home/blackwinter/projects/eqcct/eqcctpro/results/csv/eqcct_earthquakes_th0_1/20250313T161850Z_20250313T161950ZProcess Runtime: 4.32 s
2026-03-20 00:14:47,733 - INFO - Successfully ran EQCCTPro, exiting...
2026-03-20 00:14:49,237 - INFO - Ray Successfully Shutdown.
2026-03-20 00:14:49,237 - INFO - ------- Successfully Picked All Waveform(s) from all Timechunk(s) -------
