2026-03-11 00:38:23,428 - INFO - 
2026-03-11 00:38:23,428 - INFO - ------- Welcome to EQCCTPro -------
2026-03-11 00:38:23,428 - INFO - 
2026-03-11 00:38:23,429 - INFO - Running EQCCT over Requested MSeed Files using CPU(s)...
2026-03-11 00:38:23,429 - INFO - GPU disabled (CPU-only).
2026-03-11 00:38:23,429 - INFO - Configured Intra-op threads = 1
2026-03-11 00:38:23,429 - INFO - Configured Inter-op threads = 1
2026-03-11 00:38:23,429 - INFO - TensorFlow: No GPUs visible; TF will proceed on CPU.
2026-03-11 00:38:23,429 - INFO - 
2026-03-11 00:38:29,034 - INFO - Ray Successfully Initialized with 4 CPU(s) ([0, 1, 2, 3] CPU Affinity Binding).
2026-03-11 00:38:29,034 - INFO - Analyzing 1 time chunk(s) from 2025-01-10 16:06:38 to 2025-01-10 16:07:38 (dt=1min, overlap=0min).
2026-03-11 00:38:29,034 - INFO - Using 1 selected station(s).
2026-03-11 00:38:29,034 - INFO - 
2026-03-11 00:38:29,034 - INFO - ------- Starting EQCCTPro... -------
2026-03-11 00:38:29,034 - INFO - Detailed subprocess information can be found in the log file.
2026-03-11 00:38:29,035 - INFO - 
2026-03-11 00:38:29,418 - INFO - GPU disabled (CPU-only).
2026-03-11 00:38:30,957 - INFO - Configured Intra-op threads = 1
2026-03-11 00:38:30,959 - INFO - Configured Inter-op threads = 1
2026-03-11 00:38:31,001 - INFO - TensorFlow: No GPUs visible; TF will proceed on CPU.
2026-03-11 00:38:31,004 - INFO - 
2026-03-11 00:38:31,006 - INFO - ------- Hardware Configuration -------
2026-03-11 00:38:31,008 - INFO - CPU affinity set to cores: [0, 1, 2, 3]
2026-03-11 00:38:31,010 - INFO - 
2026-03-11 00:38:31,012 - INFO - ------- Data Preprocessing for EQCCTPro -------
2026-03-11 00:38:31,014 - INFO - 1 station(s) in /home/blackwinter/projects/eqcct/eqcctpro/data/waveforms_noise_only/20250110T160638Z_20250110T160738Z
2026-03-11 00:38:31,016 - INFO - Using 1 selected station(s): ['RAJF'].
2026-03-11 00:38:31,018 - INFO - Creating model actor(s)...
2026-03-11 00:38:31,019 - INFO - System RAM: Total=7870 MB, Available=2487 MB
2026-03-11 00:38:31,022 - INFO - Usable RAM budget: 7083 MB (90% of total)
2026-03-11 00:38:31,023 - INFO - ===== MEMORY-AWARE CPU ACTOR POOL (EQCCT) =====
2026-03-11 00:38:31,026 - INFO - Requested concurrent tasks: 1
2026-03-11 00:38:31,028 - INFO - Available CPUs: 4
2026-03-11 00:38:31,030 - INFO - Available RAM: 7083 MB
2026-03-11 00:38:31,033 - INFO - RAM per model: 2264 MB
2026-03-11 00:38:31,035 - INFO - Max actors by RAM: 3
2026-03-11 00:38:31,038 - INFO - Creating 1 ModelActor(s)
2026-03-11 00:38:31,040 - INFO - Let Ray handle scheduling (taskset already restricts CPU visibility)
2026-03-11 00:38:31,043 - INFO - Creating ModelActor 1/1 (2.21GB RAM each)...
2026-03-11 00:38:35,027 - INFO - ModelActor 1 created successfully.
2026-03-11 00:38:35,029 - INFO - Created 1 CPU actor(s). Task queue will handle concurrency.
2026-03-11 00:38:35,031 - INFO - Starting EQCCTPro parallelized waveform processing...
2026-03-11 00:38:35,033 - INFO - 
2026-03-11 00:38:35,036 - INFO - ------- Analyzing Seismic Waveforms for P and S Picks via EQCCT -------
2026-03-11 00:38:35,039 - INFO - Analyzing 0:01:00 minute timechunk from 2025-01-10 16:06:38 to 2025-01-10 16:07:38 (0 min overlap)
2026-03-11 00:38:35,040 - INFO - Processing a total of 1 stations, 1 at a time.
2026-03-11 00:38:39,199 - INFO - (1/1) RAJF: Finished the prediction in 2.15s. (HP=1.0, LP=45.0)
2026-03-11 00:38:39,201 - INFO - 
2026-03-11 00:38:39,203 - INFO - ------- Parallel Station Waveform Processing Complete For 2025-01-10 16:06:38 to 2025-01-10 16:07:38 Timechunk-------
2026-03-11 00:38:39,205 - INFO - Picks saved at /home/blackwinter/projects/eqcct/eqcctpro/results/csv/bm_noise_only/20250110T160638Z_20250110T160738ZProcess Runtime: 4.17 s
2026-03-11 00:38:39,209 - INFO - Successfully ran EQCCTPro, exiting...
2026-03-11 00:38:40,875 - INFO - Ray Successfully Shutdown.
2026-03-11 00:38:40,875 - INFO - ------- Successfully Picked All Waveform(s) from all Timechunk(s) -------
2026-03-11 15:11:45,320 - INFO - 
2026-03-11 15:11:45,321 - INFO - ------- Welcome to EQCCTPro -------
2026-03-11 15:11:45,321 - INFO - 
2026-03-11 15:11:45,321 - INFO - Running EQCCT over Requested MSeed Files using CPU(s)...
2026-03-11 15:11:45,322 - INFO - GPU disabled (CPU-only).
2026-03-11 15:11:45,322 - INFO - Configured Intra-op threads = 1
2026-03-11 15:11:45,322 - INFO - Configured Inter-op threads = 1
2026-03-11 15:11:45,322 - INFO - TensorFlow: No GPUs visible; TF will proceed on CPU.
2026-03-11 15:11:45,322 - INFO - 
2026-03-11 15:11:50,697 - INFO - Ray Successfully Initialized with 4 CPU(s) ([0, 1, 2, 3] CPU Affinity Binding).
2026-03-11 15:11:50,697 - INFO - Analyzing 1 time chunk(s) from 2025-01-10 16:06:38 to 2025-01-10 16:07:38 (dt=1min, overlap=0min).
2026-03-11 15:11:50,697 - INFO - Using 1 selected station(s).
2026-03-11 15:11:50,697 - INFO - 
2026-03-11 15:11:50,698 - INFO - ------- Starting EQCCTPro... -------
2026-03-11 15:11:50,698 - INFO - Detailed subprocess information can be found in the log file.
2026-03-11 15:11:50,698 - INFO - 
2026-03-11 15:11:51,074 - INFO - GPU disabled (CPU-only).
2026-03-11 15:11:52,556 - INFO - Configured Intra-op threads = 1
2026-03-11 15:11:52,559 - INFO - Configured Inter-op threads = 1
2026-03-11 15:11:52,601 - INFO - TensorFlow: No GPUs visible; TF will proceed on CPU.
2026-03-11 15:11:52,604 - INFO - 
2026-03-11 15:11:52,606 - INFO - ------- Hardware Configuration -------
2026-03-11 15:11:52,608 - INFO - CPU affinity set to cores: [0, 1, 2, 3]
2026-03-11 15:11:52,610 - INFO - 
2026-03-11 15:11:52,611 - INFO - ------- Data Preprocessing for EQCCTPro -------
2026-03-11 15:11:52,613 - INFO - 1 station(s) in /home/blackwinter/projects/eqcct/eqcctpro/data/waveforms_noise_only/20250110T160638Z_20250110T160738Z
2026-03-11 15:11:52,615 - INFO - Using 1 selected station(s): ['RAJF'].
2026-03-11 15:11:52,617 - INFO - Creating model actor(s)...
2026-03-11 15:11:52,619 - INFO - System RAM: Total=7870 MB, Available=3366 MB
2026-03-11 15:11:52,621 - INFO - Usable RAM budget: 7083 MB (90% of total)
2026-03-11 15:11:52,623 - INFO - ===== MEMORY-AWARE CPU ACTOR POOL (EQCCT) =====
2026-03-11 15:11:52,625 - INFO - Requested concurrent tasks: 1
2026-03-11 15:11:52,627 - INFO - Available CPUs: 4
2026-03-11 15:11:52,629 - INFO - Available RAM: 7083 MB
2026-03-11 15:11:52,630 - INFO - RAM per model: 2264 MB
2026-03-11 15:11:52,632 - INFO - Max actors by RAM: 3
2026-03-11 15:11:52,634 - INFO - Creating 1 ModelActor(s)
2026-03-11 15:11:52,636 - INFO - Let Ray handle scheduling (taskset already restricts CPU visibility)
2026-03-11 15:11:52,638 - INFO - Creating ModelActor 1/1 (2.21GB RAM each)...
2026-03-11 15:11:56,469 - INFO - ModelActor 1 created successfully.
2026-03-11 15:11:56,471 - INFO - Created 1 CPU actor(s). Task queue will handle concurrency.
2026-03-11 15:11:56,473 - INFO - Starting EQCCTPro parallelized waveform processing...
2026-03-11 15:11:56,475 - INFO - 
2026-03-11 15:11:56,477 - INFO - ------- Analyzing Seismic Waveforms for P and S Picks via EQCCT -------
2026-03-11 15:11:56,479 - INFO - Analyzing 0:01:00 minute timechunk from 2025-01-10 16:06:38 to 2025-01-10 16:07:38 (0 min overlap)
2026-03-11 15:11:56,481 - INFO - Processing a total of 1 stations, 1 at a time.
2026-03-11 15:11:58,375 - INFO - (1/1) RAJF: Skipped (already exists - overwrite=False).
2026-03-11 15:11:58,380 - INFO - 
2026-03-11 15:11:58,385 - INFO - ------- Parallel Station Waveform Processing Complete For 2025-01-10 16:06:38 to 2025-01-10 16:07:38 Timechunk-------
2026-03-11 15:11:58,389 - INFO - Picks saved at /home/blackwinter/projects/eqcct/eqcctpro/results/csv/bm_noise_only/20250110T160638Z_20250110T160738ZProcess Runtime: 1.91 s
2026-03-11 15:11:58,396 - INFO - Successfully ran EQCCTPro, exiting...
2026-03-11 15:12:00,161 - INFO - Ray Successfully Shutdown.
2026-03-11 15:12:00,162 - INFO - ------- Successfully Picked All Waveform(s) from all Timechunk(s) -------
