2026-03-27 21:07:24,084 - INFO - 
2026-03-27 21:07:24,084 - INFO - ------- Welcome to EQCCTPro -------
2026-03-27 21:07:24,084 - INFO - 
2026-03-27 21:07:24,085 - INFO - Running EQCCT over Requested MSeed Files using CPU(s)...
2026-03-27 21:07:24,085 - INFO - GPU disabled (CPU-only).
2026-03-27 21:07:24,085 - INFO - Skipping framework-specific initialization in the driver process.
2026-03-27 21:07:26,525 - INFO - Ray Successfully Initialized with 4 CPU(s) ([0, 1, 2, 3] CPU Affinity Binding).
2026-03-27 21:07:26,526 - INFO - Analyzing 1 time chunk(s) from 2025-09-20 16:19:31 to 2025-09-20 16:20:31 (dt=1min, overlap=0min).
2026-03-27 21:07:26,526 - INFO - Using 1 selected station(s).
2026-03-27 21:07:26,526 - INFO - 
2026-03-27 21:07:26,526 - INFO - ------- Starting EQCCTPro... -------
2026-03-27 21:07:26,526 - INFO - Detailed subprocess information can be found in the log file.
2026-03-27 21:07:26,526 - INFO - 
2026-03-27 21:07:26,886 - INFO - GPU disabled (CPU-only).
2026-03-27 21:07:26,894 - INFO - Skipping framework-specific initialization in the driver process.
2026-03-27 21:07:26,898 - INFO - ------- Hardware Configuration -------
2026-03-27 21:07:26,902 - INFO - CPU affinity set to cores: [0, 1, 2, 3]
2026-03-27 21:07:26,905 - INFO - 
2026-03-27 21:07:26,909 - INFO - ------- Data Preprocessing for EQCCTPro -------
2026-03-27 21:07:26,913 - INFO - 1 station(s) in /home/blackwinter/projects/eqcct/eqcctpro/data/waveforms_earthquakes_nonoise/20250920T161931Z_20250920T162031Z
2026-03-27 21:07:26,916 - INFO - Using 1 selected station(s): ['NIF'].
2026-03-27 21:07:26,919 - INFO - Creating model actor(s)...
2026-03-27 21:07:26,922 - INFO - System RAM: Total=7870 MB, Available=5089 MB
2026-03-27 21:07:26,926 - INFO - Usable RAM budget: 7083 MB (90% of total)
2026-03-27 21:07:26,928 - INFO - ===== MEMORY-AWARE CPU ACTOR POOL =====
2026-03-27 21:07:26,932 - INFO - Requested concurrent tasks: 1
2026-03-27 21:07:26,936 - INFO - Available CPUs: 4
2026-03-27 21:07:26,939 - INFO - Available RAM: 7083 MB
2026-03-27 21:07:26,943 - INFO - RAM per model: 2060 MB
2026-03-27 21:07:26,946 - INFO - Max actors by RAM: 3
2026-03-27 21:07:26,949 - INFO - Creating 1 SeisBenchModelActor(s)
2026-03-27 21:07:26,952 - INFO - Let Ray handle scheduling (taskset already restricts CPU visibility)
2026-03-27 21:07:26,956 - INFO - Creating SeisBenchModelActor 1/1 (2.01GB RAM each)...
2026-03-27 21:07:30,417 - INFO - SeisBenchModelActor 1 created successfully.
2026-03-27 21:07:30,420 - INFO - Created 1 CPU actor(s). Task queue will handle concurrency.
2026-03-27 21:07:30,422 - INFO - Starting EQCCTPro parallelized waveform processing...
2026-03-27 21:07:30,424 - INFO - 
2026-03-27 21:07:30,427 - INFO - ------- Analyzing Seismic Waveforms for P and S Picks via SeisBench (EQTransformer - original_nonconservative) -------
2026-03-27 21:07:30,430 - INFO - Analyzing 0:01:00 minute timechunk from 2025-09-20 16:19:31 to 2025-09-20 16:20:31 (0 min overlap)
2026-03-27 21:07:30,432 - INFO - Processing a total of 1 stations, 1 at a time.
2026-03-27 21:07:32,659 - INFO - (1/1) NIF: Finished the prediction in 0.13s. (HP=1.0, LP=45.0, picks=1)
2026-03-27 21:07:32,662 - INFO - 
2026-03-27 21:07:32,665 - INFO - ------- Parallel Station Waveform Processing Complete For 2025-09-20 16:19:31 to 2025-09-20 16:20:31 Timechunk-------
2026-03-27 21:07:32,667 - INFO - Picks saved at /home/blackwinter/projects/eqcct/eqcctpro/results/csv/eqt_earthquakes_th0_1/20250920T161931Z_20250920T162031ZProcess Runtime: 2.24 s
2026-03-27 21:07:32,673 - INFO - Successfully ran EQCCTPro, exiting...
2026-03-27 21:07:34,478 - INFO - Ray Successfully Shutdown.
2026-03-27 21:07:34,478 - INFO - ------- Successfully Picked All Waveform(s) from all Timechunk(s) -------
2026-03-28 03:20:13,952 - INFO - 
2026-03-28 03:20:13,953 - INFO - ------- Welcome to EQCCTPro -------
2026-03-28 03:20:13,953 - INFO - 
2026-03-28 03:20:13,954 - INFO - Running EQCCT over Requested MSeed Files using CPU(s)...
2026-03-28 03:20:13,954 - INFO - GPU disabled (CPU-only).
2026-03-28 03:20:13,954 - INFO - Skipping framework-specific initialization in the driver process.
2026-03-28 03:20:16,317 - INFO - Ray Successfully Initialized with 4 CPU(s) ([0, 1, 2, 3] CPU Affinity Binding).
2026-03-28 03:20:16,317 - INFO - Analyzing 1 time chunk(s) from 2025-09-20 16:19:31 to 2025-09-20 16:20:31 (dt=1min, overlap=0min).
2026-03-28 03:20:16,317 - INFO - Using 1 selected station(s).
2026-03-28 03:20:16,318 - INFO - 
2026-03-28 03:20:16,318 - INFO - ------- Starting EQCCTPro... -------
2026-03-28 03:20:16,319 - INFO - Detailed subprocess information can be found in the log file.
2026-03-28 03:20:16,319 - INFO - 
2026-03-28 03:20:16,608 - INFO - GPU disabled (CPU-only).
2026-03-28 03:20:16,613 - INFO - Skipping framework-specific initialization in the driver process.
2026-03-28 03:20:16,616 - INFO - ------- Hardware Configuration -------
2026-03-28 03:20:16,619 - INFO - CPU affinity set to cores: [0, 1, 2, 3]
2026-03-28 03:20:16,621 - INFO - 
2026-03-28 03:20:16,624 - INFO - ------- Data Preprocessing for EQCCTPro -------
2026-03-28 03:20:16,626 - INFO - 1 station(s) in /home/blackwinter/projects/eqcct/eqcctpro/data/waveforms_earthquakes_nonoise/20250920T161931Z_20250920T162031Z
2026-03-28 03:20:16,629 - INFO - Using 1 selected station(s): ['NIF'].
2026-03-28 03:20:16,632 - INFO - Creating model actor(s)...
2026-03-28 03:20:16,635 - INFO - System RAM: Total=7870 MB, Available=5653 MB
2026-03-28 03:20:16,637 - INFO - Usable RAM budget: 7083 MB (90% of total)
2026-03-28 03:20:16,639 - INFO - ===== MEMORY-AWARE CPU ACTOR POOL =====
2026-03-28 03:20:16,642 - INFO - Requested concurrent tasks: 1
2026-03-28 03:20:16,644 - INFO - Available CPUs: 4
2026-03-28 03:20:16,647 - INFO - Available RAM: 7083 MB
2026-03-28 03:20:16,649 - INFO - RAM per model: 2060 MB
2026-03-28 03:20:16,651 - INFO - Max actors by RAM: 3
2026-03-28 03:20:16,653 - INFO - Creating 1 SeisBenchModelActor(s)
2026-03-28 03:20:16,655 - INFO - Let Ray handle scheduling (taskset already restricts CPU visibility)
2026-03-28 03:20:16,657 - INFO - Creating SeisBenchModelActor 1/1 (2.01GB RAM each)...
2026-03-28 03:20:19,705 - INFO - SeisBenchModelActor 1 created successfully.
2026-03-28 03:20:19,707 - INFO - Created 1 CPU actor(s). Task queue will handle concurrency.
2026-03-28 03:20:19,709 - INFO - Starting EQCCTPro parallelized waveform processing...
2026-03-28 03:20:19,712 - INFO - 
2026-03-28 03:20:19,715 - INFO - ------- Analyzing Seismic Waveforms for P and S Picks via SeisBench (EQTransformer - original_nonconservative) -------
2026-03-28 03:20:19,718 - INFO - Analyzing 0:01:00 minute timechunk from 2025-09-20 16:19:31 to 2025-09-20 16:20:31 (0 min overlap)
2026-03-28 03:20:19,721 - INFO - Processing a total of 1 stations, 1 at a time.
2026-03-28 03:20:21,839 - INFO - (1/1) NIF: Skipped (already exists - overwrite=False).
2026-03-28 03:20:21,844 - INFO - 
2026-03-28 03:20:21,848 - INFO - ------- Parallel Station Waveform Processing Complete For 2025-09-20 16:19:31 to 2025-09-20 16:20:31 Timechunk-------
2026-03-28 03:20:21,851 - INFO - Picks saved at /home/blackwinter/projects/eqcct/eqcctpro/results/csv/eqt_earthquakes_th0_1/20250920T161931Z_20250920T162031ZProcess Runtime: 2.14 s
2026-03-28 03:20:21,860 - INFO - Successfully ran EQCCTPro, exiting...
2026-03-28 03:20:23,688 - INFO - Ray Successfully Shutdown.
2026-03-28 03:20:23,688 - INFO - ------- Successfully Picked All Waveform(s) from all Timechunk(s) -------
