2026-02-22 18:33:54,434 - INFO - 
2026-02-22 18:33:54,434 - INFO - ------- Welcome to EQCCTPro -------
2026-02-22 18:33:54,434 - INFO - 
2026-02-22 18:33:54,435 - INFO - Running EQCCT over Requested MSeed Files using CPU(s)...
2026-02-22 18:33:54,435 - INFO - GPU disabled (CPU-only).
2026-02-22 18:33:54,435 - INFO - Configured Intra-op threads = 1
2026-02-22 18:33:54,436 - INFO - Configured Inter-op threads = 1
2026-02-22 18:33:54,436 - INFO - TensorFlow: No GPUs visible; TF will proceed on CPU.
2026-02-22 18:33:54,436 - INFO - 
2026-02-22 18:33:59,877 - INFO - Ray Successfully Initialized with 4 CPU(s) ([0, 1, 2, 3] CPU Affinity Binding).
2026-02-22 18:33:59,877 - INFO - Analyzing 1 time chunk(s) from 2025-08-13 15:06:31 to 2025-08-13 15:07:31 (dt=1min, overlap=0min).
2026-02-22 18:33:59,877 - INFO - Using 1 selected station(s).
2026-02-22 18:33:59,877 - INFO - 
2026-02-22 18:33:59,878 - INFO - ------- Starting EQCCTPro... -------
2026-02-22 18:33:59,878 - INFO - Detailed subprocess information can be found in the log file.
2026-02-22 18:33:59,878 - INFO - 
2026-02-22 18:34:00,245 - INFO - GPU disabled (CPU-only).
2026-02-22 18:34:01,719 - INFO - Configured Intra-op threads = 1
2026-02-22 18:34:01,722 - INFO - Configured Inter-op threads = 1
2026-02-22 18:34:01,763 - INFO - TensorFlow: No GPUs visible; TF will proceed on CPU.
2026-02-22 18:34:01,766 - INFO - 
2026-02-22 18:34:01,768 - INFO - ------- Hardware Configuration -------
2026-02-22 18:34:01,771 - INFO - CPU affinity set to cores: [0, 1, 2, 3]
2026-02-22 18:34:01,773 - INFO - 
2026-02-22 18:34:01,775 - INFO - ------- Data Preprocessing for EQCCTPro -------
2026-02-22 18:34:01,777 - INFO - 1 station(s) in /home/blackwinter/projects/eqcct/eqcctpro/data/waveforms_earthquakes_nonoise/20250813T150631Z_20250813T150731Z
2026-02-22 18:34:01,779 - INFO - Using 1 selected station(s): ['VJF'].
2026-02-22 18:34:01,781 - INFO - Creating model actor(s)...
2026-02-22 18:34:01,783 - INFO - System RAM: Total=7870 MB, Available=1909 MB
2026-02-22 18:34:01,785 - INFO - Usable RAM budget: 7083 MB (90% of total)
2026-02-22 18:34:01,786 - INFO - ===== MEMORY-AWARE CPU ACTOR POOL (EQCCT) =====
2026-02-22 18:34:01,788 - INFO - Requested concurrent tasks: 1
2026-02-22 18:34:01,790 - INFO - Available CPUs: 4
2026-02-22 18:34:01,791 - INFO - Available RAM: 7083 MB
2026-02-22 18:34:01,794 - INFO - RAM per model: 2264 MB
2026-02-22 18:34:01,795 - INFO - Max actors by RAM: 3
2026-02-22 18:34:01,798 - INFO - Creating 1 ModelActor(s)
2026-02-22 18:34:01,800 - INFO - Let Ray handle scheduling (taskset already restricts CPU visibility)
2026-02-22 18:34:01,802 - INFO - Creating ModelActor 1/1 (2.21GB RAM each)...
2026-02-22 18:34:05,702 - INFO - ModelActor 1 created successfully.
2026-02-22 18:34:05,704 - INFO - Created 1 CPU actor(s). Task queue will handle concurrency.
2026-02-22 18:34:05,706 - INFO - Starting EQCCTPro parallelized waveform processing...
2026-02-22 18:34:05,708 - INFO - 
2026-02-22 18:34:05,710 - INFO - ------- Analyzing Seismic Waveforms for P and S Picks via EQCCT -------
2026-02-22 18:34:05,712 - INFO - Analyzing 0:01:00 minute timechunk from 2025-08-13 15:06:31 to 2025-08-13 15:07:31 (0 min overlap)
2026-02-22 18:34:05,715 - INFO - Processing a total of 1 stations, 1 at a time.
2026-02-22 18:34:09,760 - INFO - (1/1) VJF: Finished the prediction in 2.12s. (HP=1.0, LP=45.0)
2026-02-22 18:34:09,762 - INFO - 
2026-02-22 18:34:09,765 - INFO - ------- Parallel Station Waveform Processing Complete For 2025-08-13 15:06:31 to 2025-08-13 15:07:31 Timechunk-------
2026-02-22 18:34:09,767 - INFO - Picks saved at /home/blackwinter/projects/eqcct/eqcctpro/results/csv/bm_eq_nonoise/20250813T150631Z_20250813T150731ZProcess Runtime: 4.06 s
2026-02-22 18:34:09,771 - INFO - Successfully ran EQCCTPro, exiting...
2026-02-22 18:34:11,449 - INFO - Ray Successfully Shutdown.
2026-02-22 18:34:11,449 - INFO - ------- Successfully Picked All Waveform(s) from all Timechunk(s) -------
