2026-03-28 10:59:46,703 - INFO - 
2026-03-28 10:59:46,703 - INFO - ------- Welcome to EQCCTPro -------
2026-03-28 10:59:46,703 - INFO - 
2026-03-28 10:59:46,703 - INFO - Running EQCCT over Requested MSeed Files using CPU(s)...
2026-03-28 10:59:46,704 - INFO - GPU disabled (CPU-only).
2026-03-28 10:59:46,704 - INFO - Skipping framework-specific initialization in the driver process.
2026-03-28 10:59:48,085 - INFO - Ray Successfully Initialized with 4 CPU(s) ([0, 1, 2, 3] CPU Affinity Binding).
2026-03-28 10:59:48,085 - INFO - Analyzing 1 time chunk(s) from 2025-01-06 16:10:52 to 2025-01-06 16:11:52 (dt=1min, overlap=0min).
2026-03-28 10:59:48,085 - INFO - Using 1 selected station(s).
2026-03-28 10:59:48,086 - INFO - 
2026-03-28 10:59:48,086 - INFO - ------- Starting EQCCTPro... -------
2026-03-28 10:59:48,086 - INFO - Detailed subprocess information can be found in the log file.
2026-03-28 10:59:48,086 - INFO - 
2026-03-28 10:59:48,393 - INFO - GPU disabled (CPU-only).
2026-03-28 10:59:48,398 - INFO - Skipping framework-specific initialization in the driver process.
2026-03-28 10:59:48,401 - INFO - ------- Hardware Configuration -------
2026-03-28 10:59:48,405 - INFO - CPU affinity set to cores: [0, 1, 2, 3]
2026-03-28 10:59:48,407 - INFO - 
2026-03-28 10:59:48,410 - INFO - ------- Data Preprocessing for EQCCTPro -------
2026-03-28 10:59:48,412 - INFO - 1 station(s) in /home/blackwinter/projects/eqcct/eqcctpro/data/waveforms_noise_only/20250106T161052Z_20250106T161152Z
2026-03-28 10:59:48,415 - INFO - Using 1 selected station(s): ['VRF'].
2026-03-28 10:59:48,418 - INFO - Creating model actor(s)...
2026-03-28 10:59:48,420 - INFO - System RAM: Total=7870 MB, Available=4663 MB
2026-03-28 10:59:48,422 - INFO - Usable RAM budget: 7083 MB (90% of total)
2026-03-28 10:59:48,424 - INFO - ===== MEMORY-AWARE CPU ACTOR POOL =====
2026-03-28 10:59:48,426 - INFO - Requested concurrent tasks: 1
2026-03-28 10:59:48,428 - INFO - Available CPUs: 4
2026-03-28 10:59:48,431 - INFO - Available RAM: 7083 MB
2026-03-28 10:59:48,433 - INFO - RAM per model: 2060 MB
2026-03-28 10:59:48,435 - INFO - Max actors by RAM: 3
2026-03-28 10:59:48,438 - INFO - Creating 1 SeisBenchModelActor(s)
2026-03-28 10:59:48,440 - INFO - Let Ray handle scheduling (taskset already restricts CPU visibility)
2026-03-28 10:59:48,442 - INFO - Creating SeisBenchModelActor 1/1 (2.01GB RAM each)...
2026-03-28 10:59:51,544 - INFO - SeisBenchModelActor 1 created successfully.
2026-03-28 10:59:51,546 - INFO - Created 1 CPU actor(s). Task queue will handle concurrency.
2026-03-28 10:59:51,549 - INFO - Starting EQCCTPro parallelized waveform processing...
2026-03-28 10:59:51,552 - INFO - 
2026-03-28 10:59:51,555 - INFO - ------- Analyzing Seismic Waveforms for P and S Picks via SeisBench (EQTransformer - original_nonconservative) -------
2026-03-28 10:59:51,558 - INFO - Analyzing 0:01:00 minute timechunk from 2025-01-06 16:10:52 to 2025-01-06 16:11:52 (0 min overlap)
2026-03-28 10:59:51,560 - INFO - Processing a total of 1 stations, 1 at a time.
2026-03-28 10:59:53,711 - INFO - (1/1) VRF: Finished the prediction in 0.13s. (HP=1.0, LP=45.0, picks=0)
2026-03-28 10:59:53,713 - INFO - 
2026-03-28 10:59:53,716 - INFO - ------- Parallel Station Waveform Processing Complete For 2025-01-06 16:10:52 to 2025-01-06 16:11:52 Timechunk-------
2026-03-28 10:59:53,718 - INFO - Picks saved at /home/blackwinter/projects/eqcct/eqcctpro/results/csv/eqt_noise_th0_1/20250106T161052Z_20250106T161152ZProcess Runtime: 2.16 s
2026-03-28 10:59:53,725 - INFO - Successfully ran EQCCTPro, exiting...
2026-03-28 10:59:55,427 - INFO - Ray Successfully Shutdown.
2026-03-28 10:59:55,428 - INFO - ------- Successfully Picked All Waveform(s) from all Timechunk(s) -------
