2026-02-27 00:32:31,305 - INFO - 
2026-02-27 00:32:31,305 - INFO - ------- Welcome to EQCCTPro -------
2026-02-27 00:32:31,305 - INFO - 
2026-02-27 00:32:31,306 - INFO - Running EQCCT over Requested MSeed Files using CPU(s)...
2026-02-27 00:32:31,306 - INFO - GPU disabled (CPU-only).
2026-02-27 00:32:31,306 - INFO - Configured Intra-op threads = 1
2026-02-27 00:32:31,306 - INFO - Configured Inter-op threads = 1
2026-02-27 00:32:31,306 - INFO - TensorFlow: No GPUs visible; TF will proceed on CPU.
2026-02-27 00:32:31,307 - INFO - 
2026-02-27 00:32:36,889 - INFO - Ray Successfully Initialized with 4 CPU(s) ([0, 1, 2, 3] CPU Affinity Binding).
2026-02-27 00:32:36,889 - INFO - Analyzing 1 time chunk(s) from 2025-01-12 20:05:20 to 2025-01-12 20:06:20 (dt=1min, overlap=0min).
2026-02-27 00:32:36,889 - INFO - Using 1 selected station(s).
2026-02-27 00:32:36,889 - INFO - 
2026-02-27 00:32:36,891 - INFO - ------- Starting EQCCTPro... -------
2026-02-27 00:32:36,892 - INFO - Detailed subprocess information can be found in the log file.
2026-02-27 00:32:36,892 - INFO - 
2026-02-27 00:32:37,258 - INFO - GPU disabled (CPU-only).
2026-02-27 00:32:38,930 - INFO - Configured Intra-op threads = 1
2026-02-27 00:32:38,933 - INFO - Configured Inter-op threads = 1
2026-02-27 00:32:38,981 - INFO - TensorFlow: No GPUs visible; TF will proceed on CPU.
2026-02-27 00:32:38,983 - INFO - 
2026-02-27 00:32:38,986 - INFO - ------- Hardware Configuration -------
2026-02-27 00:32:38,988 - INFO - CPU affinity set to cores: [0, 1, 2, 3]
2026-02-27 00:32:38,989 - INFO - 
2026-02-27 00:32:38,991 - INFO - ------- Data Preprocessing for EQCCTPro -------
2026-02-27 00:32:38,993 - INFO - 1 station(s) in /home/blackwinter/projects/eqcct/eqcctpro/data/waveforms_explosions_nonoise/20250112T200520Z_20250112T200620Z
2026-02-27 00:32:38,995 - INFO - Using 1 selected station(s): ['MSF'].
2026-02-27 00:32:38,997 - INFO - Creating model actor(s)...
2026-02-27 00:32:38,998 - INFO - System RAM: Total=7870 MB, Available=3136 MB
2026-02-27 00:32:39,000 - INFO - Usable RAM budget: 7083 MB (90% of total)
2026-02-27 00:32:39,002 - INFO - ===== MEMORY-AWARE CPU ACTOR POOL (EQCCT) =====
2026-02-27 00:32:39,004 - INFO - Requested concurrent tasks: 1
2026-02-27 00:32:39,006 - INFO - Available CPUs: 4
2026-02-27 00:32:39,008 - INFO - Available RAM: 7083 MB
2026-02-27 00:32:39,011 - INFO - RAM per model: 2264 MB
2026-02-27 00:32:39,013 - INFO - Max actors by RAM: 3
2026-02-27 00:32:39,016 - INFO - Creating 1 ModelActor(s)
2026-02-27 00:32:39,018 - INFO - Let Ray handle scheduling (taskset already restricts CPU visibility)
2026-02-27 00:32:39,020 - INFO - Creating ModelActor 1/1 (2.21GB RAM each)...
2026-02-27 00:32:43,017 - INFO - ModelActor 1 created successfully.
2026-02-27 00:32:43,020 - INFO - Created 1 CPU actor(s). Task queue will handle concurrency.
2026-02-27 00:32:43,022 - INFO - Starting EQCCTPro parallelized waveform processing...
2026-02-27 00:32:43,024 - INFO - 
2026-02-27 00:32:43,025 - INFO - ------- Analyzing Seismic Waveforms for P and S Picks via EQCCT -------
2026-02-27 00:32:43,028 - INFO - Analyzing 0:01:00 minute timechunk from 2025-01-12 20:05:20 to 2025-01-12 20:06:20 (0 min overlap)
2026-02-27 00:32:43,030 - INFO - Processing a total of 1 stations, 1 at a time.
2026-02-27 00:32:45,534 - INFO - (1/1) MSF: FAILED reading mSEED.
2026-02-27 00:32:45,537 - INFO - 
2026-02-27 00:32:45,539 - INFO - ------- Parallel Station Waveform Processing Complete For 2025-01-12 20:05:20 to 2025-01-12 20:06:20 Timechunk-------
2026-02-27 00:32:45,541 - INFO - Picks saved at /home/blackwinter/projects/eqcct/eqcctpro/results/csv/bm_explosions/20250112T200520Z_20250112T200620ZProcess Runtime: 2.52 s
2026-02-27 00:32:45,546 - INFO - Successfully ran EQCCTPro, exiting...
2026-02-27 00:32:47,045 - INFO - Ray Successfully Shutdown.
2026-02-27 00:32:47,046 - INFO - ------- Successfully Picked All Waveform(s) from all Timechunk(s) -------
2026-02-27 07:46:05,397 - INFO - 
2026-02-27 07:46:05,397 - INFO - ------- Welcome to EQCCTPro -------
2026-02-27 07:46:05,398 - INFO - 
2026-02-27 07:46:05,398 - INFO - Running EQCCT over Requested MSeed Files using CPU(s)...
2026-02-27 07:46:05,398 - INFO - GPU disabled (CPU-only).
2026-02-27 07:46:05,399 - INFO - Configured Intra-op threads = 1
2026-02-27 07:46:05,399 - INFO - Configured Inter-op threads = 1
2026-02-27 07:46:05,399 - INFO - TensorFlow: No GPUs visible; TF will proceed on CPU.
2026-02-27 07:46:05,399 - INFO - 
2026-02-27 07:46:10,909 - INFO - Ray Successfully Initialized with 4 CPU(s) ([0, 1, 2, 3] CPU Affinity Binding).
2026-02-27 07:46:10,910 - INFO - Analyzing 1 time chunk(s) from 2025-01-12 20:05:20 to 2025-01-12 20:06:20 (dt=1min, overlap=0min).
2026-02-27 07:46:10,911 - INFO - Using 1 selected station(s).
2026-02-27 07:46:10,911 - INFO - 
2026-02-27 07:46:10,911 - INFO - ------- Starting EQCCTPro... -------
2026-02-27 07:46:10,911 - INFO - Detailed subprocess information can be found in the log file.
2026-02-27 07:46:10,911 - INFO - 
2026-02-27 07:46:11,279 - INFO - GPU disabled (CPU-only).
2026-02-27 07:46:12,729 - INFO - Configured Intra-op threads = 1
2026-02-27 07:46:12,732 - INFO - Configured Inter-op threads = 1
2026-02-27 07:46:12,772 - INFO - TensorFlow: No GPUs visible; TF will proceed on CPU.
2026-02-27 07:46:12,775 - INFO - 
2026-02-27 07:46:12,777 - INFO - ------- Hardware Configuration -------
2026-02-27 07:46:12,779 - INFO - CPU affinity set to cores: [0, 1, 2, 3]
2026-02-27 07:46:12,782 - INFO - 
2026-02-27 07:46:12,784 - INFO - ------- Data Preprocessing for EQCCTPro -------
2026-02-27 07:46:12,786 - INFO - 1 station(s) in /home/blackwinter/projects/eqcct/eqcctpro/data/waveforms_explosions_nonoise/20250112T200520Z_20250112T200620Z
2026-02-27 07:46:12,788 - INFO - Using 1 selected station(s): ['MSF'].
2026-02-27 07:46:12,790 - INFO - Creating model actor(s)...
2026-02-27 07:46:12,792 - INFO - System RAM: Total=7870 MB, Available=3255 MB
2026-02-27 07:46:12,794 - INFO - Usable RAM budget: 7083 MB (90% of total)
2026-02-27 07:46:12,796 - INFO - ===== MEMORY-AWARE CPU ACTOR POOL (EQCCT) =====
2026-02-27 07:46:12,798 - INFO - Requested concurrent tasks: 1
2026-02-27 07:46:12,800 - INFO - Available CPUs: 4
2026-02-27 07:46:12,801 - INFO - Available RAM: 7083 MB
2026-02-27 07:46:12,803 - INFO - RAM per model: 2264 MB
2026-02-27 07:46:12,805 - INFO - Max actors by RAM: 3
2026-02-27 07:46:12,806 - INFO - Creating 1 ModelActor(s)
2026-02-27 07:46:12,808 - INFO - Let Ray handle scheduling (taskset already restricts CPU visibility)
2026-02-27 07:46:12,810 - INFO - Creating ModelActor 1/1 (2.21GB RAM each)...
2026-02-27 07:46:16,795 - INFO - ModelActor 1 created successfully.
2026-02-27 07:46:16,798 - INFO - Created 1 CPU actor(s). Task queue will handle concurrency.
2026-02-27 07:46:16,800 - INFO - Starting EQCCTPro parallelized waveform processing...
2026-02-27 07:46:16,803 - INFO - 
2026-02-27 07:46:16,805 - INFO - ------- Analyzing Seismic Waveforms for P and S Picks via EQCCT -------
2026-02-27 07:46:16,808 - INFO - Analyzing 0:01:00 minute timechunk from 2025-01-12 20:05:20 to 2025-01-12 20:06:20 (0 min overlap)
2026-02-27 07:46:16,811 - INFO - Processing a total of 1 stations, 1 at a time.
2026-02-27 07:46:18,709 - INFO - (1/1) MSF: Skipped (already exists - overwrite=False).
2026-02-27 07:46:18,711 - INFO - 
2026-02-27 07:46:18,713 - INFO - ------- Parallel Station Waveform Processing Complete For 2025-01-12 20:05:20 to 2025-01-12 20:06:20 Timechunk-------
2026-02-27 07:46:18,715 - INFO - Picks saved at /home/blackwinter/projects/eqcct/eqcctpro/results/csv/bm_explosions/20250112T200520Z_20250112T200620ZProcess Runtime: 1.91 s
2026-02-27 07:46:18,721 - INFO - Successfully ran EQCCTPro, exiting...
2026-02-27 07:46:20,107 - INFO - Ray Successfully Shutdown.
2026-02-27 07:46:20,107 - INFO - ------- Successfully Picked All Waveform(s) from all Timechunk(s) -------
