2026-02-24 01:36:40,698 - INFO - 
2026-02-24 01:36:40,698 - INFO - ------- Welcome to EQCCTPro -------
2026-02-24 01:36:40,698 - INFO - 
2026-02-24 01:36:40,698 - INFO - Running EQCCT over Requested MSeed Files using CPU(s)...
2026-02-24 01:36:40,699 - INFO - GPU disabled (CPU-only).
2026-02-24 01:36:40,699 - INFO - Configured Intra-op threads = 1
2026-02-24 01:36:40,699 - INFO - Configured Inter-op threads = 1
2026-02-24 01:36:40,699 - INFO - TensorFlow: No GPUs visible; TF will proceed on CPU.
2026-02-24 01:36:40,699 - INFO - 
2026-02-24 01:36:45,990 - INFO - Ray Successfully Initialized with 4 CPU(s) ([0, 1, 2, 3] CPU Affinity Binding).
2026-02-24 01:36:45,990 - INFO - Analyzing 1 time chunk(s) from 2025-06-07 02:40:09 to 2025-06-07 02:41:09 (dt=1min, overlap=0min).
2026-02-24 01:36:45,990 - INFO - Using 1 selected station(s).
2026-02-24 01:36:45,990 - INFO - 
2026-02-24 01:36:45,992 - INFO - ------- Starting EQCCTPro... -------
2026-02-24 01:36:45,992 - INFO - Detailed subprocess information can be found in the log file.
2026-02-24 01:36:45,992 - INFO - 
2026-02-24 01:36:46,356 - INFO - GPU disabled (CPU-only).
2026-02-24 01:36:47,835 - INFO - Configured Intra-op threads = 1
2026-02-24 01:36:47,838 - INFO - Configured Inter-op threads = 1
2026-02-24 01:36:47,883 - INFO - TensorFlow: No GPUs visible; TF will proceed on CPU.
2026-02-24 01:36:47,885 - INFO - 
2026-02-24 01:36:47,887 - INFO - ------- Hardware Configuration -------
2026-02-24 01:36:47,889 - INFO - CPU affinity set to cores: [0, 1, 2, 3]
2026-02-24 01:36:47,891 - INFO - 
2026-02-24 01:36:47,893 - INFO - ------- Data Preprocessing for EQCCTPro -------
2026-02-24 01:36:47,895 - INFO - 1 station(s) in /home/blackwinter/projects/eqcct/eqcctpro/data/waveforms_earthquakes_noise_only/20250607T024009Z_20250607T024109Z
2026-02-24 01:36:47,897 - INFO - Using 1 selected station(s): ['LAUT'].
2026-02-24 01:36:47,898 - INFO - Creating model actor(s)...
2026-02-24 01:36:47,900 - INFO - System RAM: Total=7870 MB, Available=2621 MB
2026-02-24 01:36:47,902 - INFO - Usable RAM budget: 7083 MB (90% of total)
2026-02-24 01:36:47,904 - INFO - ===== MEMORY-AWARE CPU ACTOR POOL (EQCCT) =====
2026-02-24 01:36:47,907 - INFO - Requested concurrent tasks: 1
2026-02-24 01:36:47,908 - INFO - Available CPUs: 4
2026-02-24 01:36:47,911 - INFO - Available RAM: 7083 MB
2026-02-24 01:36:47,912 - INFO - RAM per model: 2264 MB
2026-02-24 01:36:47,915 - INFO - Max actors by RAM: 3
2026-02-24 01:36:47,917 - INFO - Creating 1 ModelActor(s)
2026-02-24 01:36:47,919 - INFO - Let Ray handle scheduling (taskset already restricts CPU visibility)
2026-02-24 01:36:47,921 - INFO - Creating ModelActor 1/1 (2.21GB RAM each)...
2026-02-24 01:36:51,895 - INFO - ModelActor 1 created successfully.
2026-02-24 01:36:51,898 - INFO - Created 1 CPU actor(s). Task queue will handle concurrency.
2026-02-24 01:36:51,900 - INFO - Starting EQCCTPro parallelized waveform processing...
2026-02-24 01:36:51,902 - INFO - 
2026-02-24 01:36:51,904 - INFO - ------- Analyzing Seismic Waveforms for P and S Picks via EQCCT -------
2026-02-24 01:36:51,906 - INFO - Analyzing 0:01:00 minute timechunk from 2025-06-07 02:40:09 to 2025-06-07 02:41:09 (0 min overlap)
2026-02-24 01:36:51,908 - INFO - Processing a total of 1 stations, 1 at a time.
2026-02-24 01:36:56,305 - INFO - (1/1) LAUT: Finished the prediction in 2.25s. (HP=1.0, LP=45.0)
2026-02-24 01:36:56,310 - INFO - 
2026-02-24 01:36:56,313 - INFO - ------- Parallel Station Waveform Processing Complete For 2025-06-07 02:40:09 to 2025-06-07 02:41:09 Timechunk-------
2026-02-24 01:36:56,315 - INFO - Picks saved at /home/blackwinter/projects/eqcct/eqcctpro/results/csv/bm_eq_noise_only/20250607T024009Z_20250607T024109ZProcess Runtime: 4.41 s
2026-02-24 01:36:56,322 - INFO - Successfully ran EQCCTPro, exiting...
2026-02-24 01:36:58,205 - INFO - Ray Successfully Shutdown.
2026-02-24 01:36:58,205 - INFO - ------- Successfully Picked All Waveform(s) from all Timechunk(s) -------
