2026-03-28 21:07:00,559 - INFO - 
2026-03-28 21:07:00,559 - INFO - ------- Welcome to EQCCTPro -------
2026-03-28 21:07:00,560 - INFO - 
2026-03-28 21:07:00,561 - INFO - Running EQCCT over Requested MSeed Files using CPU(s)...
2026-03-28 21:07:00,561 - INFO - GPU disabled (CPU-only).
2026-03-28 21:07:00,561 - INFO - Skipping framework-specific initialization in the driver process.
2026-03-28 21:07:02,463 - INFO - Ray Successfully Initialized with 4 CPU(s) ([0, 1, 2, 3] CPU Affinity Binding).
2026-03-28 21:07:02,463 - INFO - Analyzing 1 time chunk(s) from 2025-01-24 11:42:24 to 2025-01-24 11:43:24 (dt=1min, overlap=0min).
2026-03-28 21:07:02,463 - INFO - Using 1 selected station(s).
2026-03-28 21:07:02,463 - INFO - 
2026-03-28 21:07:02,463 - INFO - ------- Starting EQCCTPro... -------
2026-03-28 21:07:02,464 - INFO - Detailed subprocess information can be found in the log file.
2026-03-28 21:07:02,464 - INFO - 
2026-03-28 21:07:02,803 - INFO - GPU disabled (CPU-only).
2026-03-28 21:07:02,807 - INFO - Skipping framework-specific initialization in the driver process.
2026-03-28 21:07:02,811 - INFO - ------- Hardware Configuration -------
2026-03-28 21:07:02,814 - INFO - CPU affinity set to cores: [0, 1, 2, 3]
2026-03-28 21:07:02,817 - INFO - 
2026-03-28 21:07:02,820 - INFO - ------- Data Preprocessing for EQCCTPro -------
2026-03-28 21:07:02,824 - INFO - 1 station(s) in /home/blackwinter/projects/eqcct/eqcctpro/data/waveforms_explosions_nonoise/20250124T114224Z_20250124T114324Z
2026-03-28 21:07:02,833 - INFO - Using 1 selected station(s): ['AAL'].
2026-03-28 21:07:02,835 - INFO - Creating model actor(s)...
2026-03-28 21:07:02,839 - INFO - System RAM: Total=7870 MB, Available=4105 MB
2026-03-28 21:07:02,841 - INFO - Usable RAM budget: 7083 MB (90% of total)
2026-03-28 21:07:02,844 - INFO - ===== MEMORY-AWARE CPU ACTOR POOL =====
2026-03-28 21:07:02,847 - INFO - Requested concurrent tasks: 1
2026-03-28 21:07:02,849 - INFO - Available CPUs: 4
2026-03-28 21:07:02,852 - INFO - Available RAM: 7083 MB
2026-03-28 21:07:02,855 - INFO - RAM per model: 2060 MB
2026-03-28 21:07:02,858 - INFO - Max actors by RAM: 3
2026-03-28 21:07:02,860 - INFO - Creating 1 SeisBenchModelActor(s)
2026-03-28 21:07:02,864 - INFO - Let Ray handle scheduling (taskset already restricts CPU visibility)
2026-03-28 21:07:02,867 - INFO - Creating SeisBenchModelActor 1/1 (2.01GB RAM each)...
2026-03-28 21:07:05,849 - INFO - SeisBenchModelActor 1 created successfully.
2026-03-28 21:07:05,853 - INFO - Created 1 CPU actor(s). Task queue will handle concurrency.
2026-03-28 21:07:05,856 - INFO - Starting EQCCTPro parallelized waveform processing...
2026-03-28 21:07:05,859 - INFO - 
2026-03-28 21:07:05,862 - INFO - ------- Analyzing Seismic Waveforms for P and S Picks via SeisBench (EQTransformer - original_nonconservative) -------
2026-03-28 21:07:05,866 - INFO - Analyzing 0:01:00 minute timechunk from 2025-01-24 11:42:24 to 2025-01-24 11:43:24 (0 min overlap)
2026-03-28 21:07:05,869 - INFO - Processing a total of 1 stations, 1 at a time.
2026-03-28 21:07:08,275 - INFO - (1/1) AAL: Finished the prediction in 0.14s. (HP=1.0, LP=45.0, picks=0)
2026-03-28 21:07:08,277 - INFO - 
2026-03-28 21:07:08,281 - INFO - ------- Parallel Station Waveform Processing Complete For 2025-01-24 11:42:24 to 2025-01-24 11:43:24 Timechunk-------
2026-03-28 21:07:08,285 - INFO - Picks saved at /home/blackwinter/projects/eqcct/eqcctpro/results/csv/eqt_explosions_th0_1/20250124T114224Z_20250124T114324ZProcess Runtime: 2.42 s
2026-03-28 21:07:08,292 - INFO - Successfully ran EQCCTPro, exiting...
2026-03-28 21:07:10,063 - INFO - Ray Successfully Shutdown.
2026-03-28 21:07:10,064 - INFO - ------- Successfully Picked All Waveform(s) from all Timechunk(s) -------
