2026-02-26 22:19:36,948 - INFO - 
2026-02-26 22:19:36,948 - INFO - ------- Welcome to EQCCTPro -------
2026-02-26 22:19:36,948 - INFO - 
2026-02-26 22:19:36,949 - INFO - Running EQCCT over Requested MSeed Files using CPU(s)...
2026-02-26 22:19:36,949 - INFO - GPU disabled (CPU-only).
2026-02-26 22:19:36,950 - INFO - Configured Intra-op threads = 1
2026-02-26 22:19:36,950 - INFO - Configured Inter-op threads = 1
2026-02-26 22:19:36,950 - INFO - TensorFlow: No GPUs visible; TF will proceed on CPU.
2026-02-26 22:19:36,950 - INFO - 
2026-02-26 22:19:42,365 - INFO - Ray Successfully Initialized with 4 CPU(s) ([0, 1, 2, 3] CPU Affinity Binding).
2026-02-26 22:19:42,365 - INFO - Analyzing 1 time chunk(s) from 2025-01-05 00:32:13 to 2025-01-05 00:33:13 (dt=1min, overlap=0min).
2026-02-26 22:19:42,365 - INFO - Using 2 selected station(s).
2026-02-26 22:19:42,366 - INFO - 
2026-02-26 22:19:42,366 - INFO - ------- Starting EQCCTPro... -------
2026-02-26 22:19:42,366 - INFO - Detailed subprocess information can be found in the log file.
2026-02-26 22:19:42,366 - INFO - 
2026-02-26 22:19:42,727 - INFO - GPU disabled (CPU-only).
2026-02-26 22:19:44,369 - INFO - Configured Intra-op threads = 1
2026-02-26 22:19:44,372 - INFO - Configured Inter-op threads = 1
2026-02-26 22:19:44,414 - INFO - TensorFlow: No GPUs visible; TF will proceed on CPU.
2026-02-26 22:19:44,417 - INFO - 
2026-02-26 22:19:44,419 - INFO - ------- Hardware Configuration -------
2026-02-26 22:19:44,421 - INFO - CPU affinity set to cores: [0, 1, 2, 3]
2026-02-26 22:19:44,423 - INFO - 
2026-02-26 22:19:44,425 - INFO - ------- Data Preprocessing for EQCCTPro -------
2026-02-26 22:19:44,426 - INFO - 2 station(s) in /home/blackwinter/projects/eqcct/eqcctpro/data/waveforms_explosions_nonoise/20250105T003213Z_20250105T003313Z
2026-02-26 22:19:44,428 - INFO - Using 2 selected station(s): ['KU6', 'OLKF'].
2026-02-26 22:19:44,430 - INFO - Creating model actor(s)...
2026-02-26 22:19:44,432 - INFO - System RAM: Total=7870 MB, Available=4052 MB
2026-02-26 22:19:44,433 - INFO - Usable RAM budget: 7083 MB (90% of total)
2026-02-26 22:19:44,435 - INFO - ===== MEMORY-AWARE CPU ACTOR POOL (EQCCT) =====
2026-02-26 22:19:44,437 - INFO - Requested concurrent tasks: 1
2026-02-26 22:19:44,439 - INFO - Available CPUs: 4
2026-02-26 22:19:44,442 - INFO - Available RAM: 7083 MB
2026-02-26 22:19:44,443 - INFO - RAM per model: 2264 MB
2026-02-26 22:19:44,445 - INFO - Max actors by RAM: 3
2026-02-26 22:19:44,447 - INFO - Creating 1 ModelActor(s)
2026-02-26 22:19:44,448 - INFO - Let Ray handle scheduling (taskset already restricts CPU visibility)
2026-02-26 22:19:44,450 - INFO - Creating ModelActor 1/1 (2.21GB RAM each)...
2026-02-26 22:19:48,350 - INFO - ModelActor 1 created successfully.
2026-02-26 22:19:48,352 - INFO - Created 1 CPU actor(s). Task queue will handle concurrency.
2026-02-26 22:19:48,354 - INFO - Starting EQCCTPro parallelized waveform processing...
2026-02-26 22:19:48,356 - INFO - 
2026-02-26 22:19:48,358 - INFO - ------- Analyzing Seismic Waveforms for P and S Picks via EQCCT -------
2026-02-26 22:19:48,360 - INFO - Analyzing 0:01:00 minute timechunk from 2025-01-05 00:32:13 to 2025-01-05 00:33:13 (0 min overlap)
2026-02-26 22:19:48,362 - INFO - Processing a total of 2 stations, 1 at a time.
2026-02-26 22:19:52,411 - INFO - (1/2) KU6: Finished the prediction in 2.16s. (HP=1.0, LP=45.0)
2026-02-26 22:19:52,518 - INFO - (2/2) OLKF: Finished the prediction in 0.1s. (HP=1.0, LP=45.0)
2026-02-26 22:19:52,520 - INFO - 
2026-02-26 22:19:52,523 - INFO - ------- Parallel Station Waveform Processing Complete For 2025-01-05 00:32:13 to 2025-01-05 00:33:13 Timechunk-------
2026-02-26 22:19:52,525 - INFO - Picks saved at /home/blackwinter/projects/eqcct/eqcctpro/results/csv/bm_explosions/20250105T003213Z_20250105T003313ZProcess Runtime: 4.17 s
2026-02-26 22:19:52,530 - INFO - Successfully ran EQCCTPro, exiting...
2026-02-26 22:19:53,946 - INFO - Ray Successfully Shutdown.
2026-02-26 22:19:53,946 - INFO - ------- Successfully Picked All Waveform(s) from all Timechunk(s) -------
2026-02-27 05:51:13,395 - INFO - 
2026-02-27 05:51:13,401 - INFO - ------- Welcome to EQCCTPro -------
2026-02-27 05:51:13,401 - INFO - 
2026-02-27 05:51:13,402 - INFO - Running EQCCT over Requested MSeed Files using CPU(s)...
2026-02-27 05:51:13,402 - INFO - GPU disabled (CPU-only).
2026-02-27 05:51:13,402 - INFO - Configured Intra-op threads = 1
2026-02-27 05:51:13,402 - INFO - Configured Inter-op threads = 1
2026-02-27 05:51:13,402 - INFO - TensorFlow: No GPUs visible; TF will proceed on CPU.
2026-02-27 05:51:13,403 - INFO - 
2026-02-27 05:51:18,500 - INFO - Ray Successfully Initialized with 4 CPU(s) ([0, 1, 2, 3] CPU Affinity Binding).
2026-02-27 05:51:18,501 - INFO - Analyzing 1 time chunk(s) from 2025-01-05 00:32:13 to 2025-01-05 00:33:13 (dt=1min, overlap=0min).
2026-02-27 05:51:18,501 - INFO - Using 2 selected station(s).
2026-02-27 05:51:18,501 - INFO - 
2026-02-27 05:51:18,501 - INFO - ------- Starting EQCCTPro... -------
2026-02-27 05:51:18,501 - INFO - Detailed subprocess information can be found in the log file.
2026-02-27 05:51:18,501 - INFO - 
2026-02-27 05:51:18,878 - INFO - GPU disabled (CPU-only).
2026-02-27 05:51:20,364 - INFO - Configured Intra-op threads = 1
2026-02-27 05:51:20,367 - INFO - Configured Inter-op threads = 1
2026-02-27 05:51:20,407 - INFO - TensorFlow: No GPUs visible; TF will proceed on CPU.
2026-02-27 05:51:20,410 - INFO - 
2026-02-27 05:51:20,412 - INFO - ------- Hardware Configuration -------
2026-02-27 05:51:20,415 - INFO - CPU affinity set to cores: [0, 1, 2, 3]
2026-02-27 05:51:20,417 - INFO - 
2026-02-27 05:51:20,419 - INFO - ------- Data Preprocessing for EQCCTPro -------
2026-02-27 05:51:20,421 - INFO - 2 station(s) in /home/blackwinter/projects/eqcct/eqcctpro/data/waveforms_explosions_nonoise/20250105T003213Z_20250105T003313Z
2026-02-27 05:51:20,423 - INFO - Using 2 selected station(s): ['KU6', 'OLKF'].
2026-02-27 05:51:20,425 - INFO - Creating model actor(s)...
2026-02-27 05:51:20,427 - INFO - System RAM: Total=7870 MB, Available=4064 MB
2026-02-27 05:51:20,429 - INFO - Usable RAM budget: 7083 MB (90% of total)
2026-02-27 05:51:20,430 - INFO - ===== MEMORY-AWARE CPU ACTOR POOL (EQCCT) =====
2026-02-27 05:51:20,432 - INFO - Requested concurrent tasks: 1
2026-02-27 05:51:20,434 - INFO - Available CPUs: 4
2026-02-27 05:51:20,435 - INFO - Available RAM: 7083 MB
2026-02-27 05:51:20,437 - INFO - RAM per model: 2264 MB
2026-02-27 05:51:20,439 - INFO - Max actors by RAM: 3
2026-02-27 05:51:20,441 - INFO - Creating 1 ModelActor(s)
2026-02-27 05:51:20,442 - INFO - Let Ray handle scheduling (taskset already restricts CPU visibility)
2026-02-27 05:51:20,444 - INFO - Creating ModelActor 1/1 (2.21GB RAM each)...
2026-02-27 05:51:24,333 - INFO - ModelActor 1 created successfully.
2026-02-27 05:51:24,336 - INFO - Created 1 CPU actor(s). Task queue will handle concurrency.
2026-02-27 05:51:24,338 - INFO - Starting EQCCTPro parallelized waveform processing...
2026-02-27 05:51:24,340 - INFO - 
2026-02-27 05:51:24,341 - INFO - ------- Analyzing Seismic Waveforms for P and S Picks via EQCCT -------
2026-02-27 05:51:24,344 - INFO - Analyzing 0:01:00 minute timechunk from 2025-01-05 00:32:13 to 2025-01-05 00:33:13 (0 min overlap)
2026-02-27 05:51:24,346 - INFO - Processing a total of 2 stations, 1 at a time.
2026-02-27 05:51:26,203 - INFO - (1/2) KU6: Skipped (already exists - overwrite=False).
2026-02-27 05:51:26,210 - INFO - (2/2) OLKF: Skipped (already exists - overwrite=False).
2026-02-27 05:51:26,212 - INFO - 
2026-02-27 05:51:26,215 - INFO - ------- Parallel Station Waveform Processing Complete For 2025-01-05 00:32:13 to 2025-01-05 00:33:13 Timechunk-------
2026-02-27 05:51:26,218 - INFO - Picks saved at /home/blackwinter/projects/eqcct/eqcctpro/results/csv/bm_explosions/20250105T003213Z_20250105T003313ZProcess Runtime: 1.88 s
2026-02-27 05:51:26,224 - INFO - Successfully ran EQCCTPro, exiting...
2026-02-27 05:51:27,591 - INFO - Ray Successfully Shutdown.
2026-02-27 05:51:27,592 - INFO - ------- Successfully Picked All Waveform(s) from all Timechunk(s) -------
