2026-02-27 02:57:29,693 - INFO - 
2026-02-27 02:57:29,693 - INFO - ------- Welcome to EQCCTPro -------
2026-02-27 02:57:29,693 - INFO - 
2026-02-27 02:57:29,694 - INFO - Running EQCCT over Requested MSeed Files using CPU(s)...
2026-02-27 02:57:29,694 - INFO - GPU disabled (CPU-only).
2026-02-27 02:57:29,694 - INFO - Configured Intra-op threads = 1
2026-02-27 02:57:29,694 - INFO - Configured Inter-op threads = 1
2026-02-27 02:57:29,695 - INFO - TensorFlow: No GPUs visible; TF will proceed on CPU.
2026-02-27 02:57:29,695 - INFO - 
2026-02-27 02:57:35,032 - INFO - Ray Successfully Initialized with 4 CPU(s) ([0, 1, 2, 3] CPU Affinity Binding).
2026-02-27 02:57:35,033 - INFO - Analyzing 1 time chunk(s) from 2025-01-16 16:35:07 to 2025-01-16 16:36:07 (dt=1min, overlap=0min).
2026-02-27 02:57:35,033 - INFO - Using 1 selected station(s).
2026-02-27 02:57:35,033 - INFO - 
2026-02-27 02:57:35,033 - INFO - ------- Starting EQCCTPro... -------
2026-02-27 02:57:35,033 - INFO - Detailed subprocess information can be found in the log file.
2026-02-27 02:57:35,033 - INFO - 
2026-02-27 02:57:35,394 - INFO - GPU disabled (CPU-only).
2026-02-27 02:57:36,904 - INFO - Configured Intra-op threads = 1
2026-02-27 02:57:36,906 - INFO - Configured Inter-op threads = 1
2026-02-27 02:57:36,948 - INFO - TensorFlow: No GPUs visible; TF will proceed on CPU.
2026-02-27 02:57:36,951 - INFO - 
2026-02-27 02:57:36,953 - INFO - ------- Hardware Configuration -------
2026-02-27 02:57:36,955 - INFO - CPU affinity set to cores: [0, 1, 2, 3]
2026-02-27 02:57:36,957 - INFO - 
2026-02-27 02:57:36,959 - INFO - ------- Data Preprocessing for EQCCTPro -------
2026-02-27 02:57:36,961 - INFO - 1 station(s) in /home/blackwinter/projects/eqcct/eqcctpro/data/waveforms_explosions_nonoise/20250116T163507Z_20250116T163607Z
2026-02-27 02:57:36,963 - INFO - Using 1 selected station(s): ['FIA0'].
2026-02-27 02:57:36,965 - INFO - Creating model actor(s)...
2026-02-27 02:57:36,966 - INFO - System RAM: Total=7870 MB, Available=2687 MB
2026-02-27 02:57:36,968 - INFO - Usable RAM budget: 7083 MB (90% of total)
2026-02-27 02:57:36,970 - INFO - ===== MEMORY-AWARE CPU ACTOR POOL (EQCCT) =====
2026-02-27 02:57:36,972 - INFO - Requested concurrent tasks: 1
2026-02-27 02:57:36,973 - INFO - Available CPUs: 4
2026-02-27 02:57:36,975 - INFO - Available RAM: 7083 MB
2026-02-27 02:57:36,977 - INFO - RAM per model: 2264 MB
2026-02-27 02:57:36,979 - INFO - Max actors by RAM: 3
2026-02-27 02:57:36,981 - INFO - Creating 1 ModelActor(s)
2026-02-27 02:57:36,982 - INFO - Let Ray handle scheduling (taskset already restricts CPU visibility)
2026-02-27 02:57:36,984 - INFO - Creating ModelActor 1/1 (2.21GB RAM each)...
2026-02-27 02:57:40,925 - INFO - ModelActor 1 created successfully.
2026-02-27 02:57:40,927 - INFO - Created 1 CPU actor(s). Task queue will handle concurrency.
2026-02-27 02:57:40,930 - INFO - Starting EQCCTPro parallelized waveform processing...
2026-02-27 02:57:40,932 - INFO - 
2026-02-27 02:57:40,934 - INFO - ------- Analyzing Seismic Waveforms for P and S Picks via EQCCT -------
2026-02-27 02:57:40,937 - INFO - Analyzing 0:01:00 minute timechunk from 2025-01-16 16:35:07 to 2025-01-16 16:36:07 (0 min overlap)
2026-02-27 02:57:40,939 - INFO - Processing a total of 1 stations, 1 at a time.
2026-02-27 02:57:44,985 - INFO - (1/1) FIA0: Finished the prediction in 2.13s. (HP=1.0, LP=45.0)
2026-02-27 02:57:44,987 - INFO - 
2026-02-27 02:57:44,989 - INFO - ------- Parallel Station Waveform Processing Complete For 2025-01-16 16:35:07 to 2025-01-16 16:36:07 Timechunk-------
2026-02-27 02:57:44,991 - INFO - Picks saved at /home/blackwinter/projects/eqcct/eqcctpro/results/csv/bm_explosions/20250116T163507Z_20250116T163607ZProcess Runtime: 4.06 s
2026-02-27 02:57:44,995 - INFO - Successfully ran EQCCTPro, exiting...
2026-02-27 02:57:46,625 - INFO - Ray Successfully Shutdown.
2026-02-27 02:57:46,626 - INFO - ------- Successfully Picked All Waveform(s) from all Timechunk(s) -------
2026-02-27 09:52:00,639 - INFO - 
2026-02-27 09:52:00,645 - INFO - ------- Welcome to EQCCTPro -------
2026-02-27 09:52:00,646 - INFO - 
2026-02-27 09:52:00,646 - INFO - Running EQCCT over Requested MSeed Files using CPU(s)...
2026-02-27 09:52:00,647 - INFO - GPU disabled (CPU-only).
2026-02-27 09:52:00,647 - INFO - Configured Intra-op threads = 1
2026-02-27 09:52:00,647 - INFO - Configured Inter-op threads = 1
2026-02-27 09:52:00,647 - INFO - TensorFlow: No GPUs visible; TF will proceed on CPU.
2026-02-27 09:52:00,647 - INFO - 
2026-02-27 09:52:06,104 - INFO - Ray Successfully Initialized with 4 CPU(s) ([0, 1, 2, 3] CPU Affinity Binding).
2026-02-27 09:52:06,104 - INFO - Analyzing 1 time chunk(s) from 2025-01-16 16:35:07 to 2025-01-16 16:36:07 (dt=1min, overlap=0min).
2026-02-27 09:52:06,104 - INFO - Using 1 selected station(s).
2026-02-27 09:52:06,104 - INFO - 
2026-02-27 09:52:06,105 - INFO - ------- Starting EQCCTPro... -------
2026-02-27 09:52:06,105 - INFO - Detailed subprocess information can be found in the log file.
2026-02-27 09:52:06,105 - INFO - 
2026-02-27 09:52:06,493 - INFO - GPU disabled (CPU-only).
2026-02-27 09:52:08,045 - INFO - Configured Intra-op threads = 1
2026-02-27 09:52:08,048 - INFO - Configured Inter-op threads = 1
2026-02-27 09:52:08,090 - INFO - TensorFlow: No GPUs visible; TF will proceed on CPU.
2026-02-27 09:52:08,093 - INFO - 
2026-02-27 09:52:08,094 - INFO - ------- Hardware Configuration -------
2026-02-27 09:52:08,096 - INFO - CPU affinity set to cores: [0, 1, 2, 3]
2026-02-27 09:52:08,098 - INFO - 
2026-02-27 09:52:08,100 - INFO - ------- Data Preprocessing for EQCCTPro -------
2026-02-27 09:52:08,102 - INFO - 1 station(s) in /home/blackwinter/projects/eqcct/eqcctpro/data/waveforms_explosions_nonoise/20250116T163507Z_20250116T163607Z
2026-02-27 09:52:08,104 - INFO - Using 1 selected station(s): ['FIA0'].
2026-02-27 09:52:08,106 - INFO - Creating model actor(s)...
2026-02-27 09:52:08,108 - INFO - System RAM: Total=7870 MB, Available=2747 MB
2026-02-27 09:52:08,110 - INFO - Usable RAM budget: 7083 MB (90% of total)
2026-02-27 09:52:08,111 - INFO - ===== MEMORY-AWARE CPU ACTOR POOL (EQCCT) =====
2026-02-27 09:52:08,113 - INFO - Requested concurrent tasks: 1
2026-02-27 09:52:08,115 - INFO - Available CPUs: 4
2026-02-27 09:52:08,116 - INFO - Available RAM: 7083 MB
2026-02-27 09:52:08,118 - INFO - RAM per model: 2264 MB
2026-02-27 09:52:08,120 - INFO - Max actors by RAM: 3
2026-02-27 09:52:08,122 - INFO - Creating 1 ModelActor(s)
2026-02-27 09:52:08,124 - INFO - Let Ray handle scheduling (taskset already restricts CPU visibility)
2026-02-27 09:52:08,126 - INFO - Creating ModelActor 1/1 (2.21GB RAM each)...
2026-02-27 09:52:12,046 - INFO - ModelActor 1 created successfully.
2026-02-27 09:52:12,049 - INFO - Created 1 CPU actor(s). Task queue will handle concurrency.
2026-02-27 09:52:12,052 - INFO - Starting EQCCTPro parallelized waveform processing...
2026-02-27 09:52:12,054 - INFO - 
2026-02-27 09:52:12,056 - INFO - ------- Analyzing Seismic Waveforms for P and S Picks via EQCCT -------
2026-02-27 09:52:12,059 - INFO - Analyzing 0:01:00 minute timechunk from 2025-01-16 16:35:07 to 2025-01-16 16:36:07 (0 min overlap)
2026-02-27 09:52:12,061 - INFO - Processing a total of 1 stations, 1 at a time.
2026-02-27 09:52:13,966 - INFO - (1/1) FIA0: Skipped (already exists - overwrite=False).
2026-02-27 09:52:13,968 - INFO - 
2026-02-27 09:52:13,970 - INFO - ------- Parallel Station Waveform Processing Complete For 2025-01-16 16:35:07 to 2025-01-16 16:36:07 Timechunk-------
2026-02-27 09:52:13,972 - INFO - Picks saved at /home/blackwinter/projects/eqcct/eqcctpro/results/csv/bm_explosions/20250116T163507Z_20250116T163607ZProcess Runtime: 1.92 s
2026-02-27 09:52:13,976 - INFO - Successfully ran EQCCTPro, exiting...
2026-02-27 09:52:15,555 - INFO - Ray Successfully Shutdown.
2026-02-27 09:52:15,555 - INFO - ------- Successfully Picked All Waveform(s) from all Timechunk(s) -------
