2026-03-28 09:24:34,471 - INFO - 
2026-03-28 09:24:34,471 - INFO - ------- Welcome to EQCCTPro -------
2026-03-28 09:24:34,472 - INFO - 
2026-03-28 09:24:34,472 - INFO - Running EQCCT over Requested MSeed Files using CPU(s)...
2026-03-28 09:24:34,472 - INFO - GPU disabled (CPU-only).
2026-03-28 09:24:34,472 - INFO - Skipping framework-specific initialization in the driver process.
2026-03-28 09:24:36,812 - INFO - Ray Successfully Initialized with 4 CPU(s) ([0, 1, 2, 3] CPU Affinity Binding).
2026-03-28 09:24:36,812 - INFO - Analyzing 1 time chunk(s) from 2025-01-03 00:21:02 to 2025-01-03 00:22:02 (dt=1min, overlap=0min).
2026-03-28 09:24:36,813 - INFO - Using 1 selected station(s).
2026-03-28 09:24:36,813 - INFO - 
2026-03-28 09:24:36,813 - INFO - ------- Starting EQCCTPro... -------
2026-03-28 09:24:36,813 - INFO - Detailed subprocess information can be found in the log file.
2026-03-28 09:24:36,813 - INFO - 
2026-03-28 09:24:37,100 - INFO - GPU disabled (CPU-only).
2026-03-28 09:24:37,105 - INFO - Skipping framework-specific initialization in the driver process.
2026-03-28 09:24:37,108 - INFO - ------- Hardware Configuration -------
2026-03-28 09:24:37,111 - INFO - CPU affinity set to cores: [0, 1, 2, 3]
2026-03-28 09:24:37,114 - INFO - 
2026-03-28 09:24:37,117 - INFO - ------- Data Preprocessing for EQCCTPro -------
2026-03-28 09:24:37,119 - INFO - 1 station(s) in /home/blackwinter/projects/eqcct/eqcctpro/data/waveforms_noise_only/20250103T002102Z_20250103T002202Z
2026-03-28 09:24:37,122 - INFO - Using 1 selected station(s): ['KU1'].
2026-03-28 09:24:37,124 - INFO - Creating model actor(s)...
2026-03-28 09:24:37,127 - INFO - System RAM: Total=7870 MB, Available=4710 MB
2026-03-28 09:24:37,130 - INFO - Usable RAM budget: 7083 MB (90% of total)
2026-03-28 09:24:37,132 - INFO - ===== MEMORY-AWARE CPU ACTOR POOL =====
2026-03-28 09:24:37,138 - INFO - Requested concurrent tasks: 1
2026-03-28 09:24:37,141 - INFO - Available CPUs: 4
2026-03-28 09:24:37,143 - INFO - Available RAM: 7083 MB
2026-03-28 09:24:37,146 - INFO - RAM per model: 2060 MB
2026-03-28 09:24:37,148 - INFO - Max actors by RAM: 3
2026-03-28 09:24:37,151 - INFO - Creating 1 SeisBenchModelActor(s)
2026-03-28 09:24:37,154 - INFO - Let Ray handle scheduling (taskset already restricts CPU visibility)
2026-03-28 09:24:37,156 - INFO - Creating SeisBenchModelActor 1/1 (2.01GB RAM each)...
2026-03-28 09:24:40,252 - INFO - SeisBenchModelActor 1 created successfully.
2026-03-28 09:24:40,255 - INFO - Created 1 CPU actor(s). Task queue will handle concurrency.
2026-03-28 09:24:40,257 - INFO - Starting EQCCTPro parallelized waveform processing...
2026-03-28 09:24:40,260 - INFO - 
2026-03-28 09:24:40,262 - INFO - ------- Analyzing Seismic Waveforms for P and S Picks via SeisBench (EQTransformer - original_nonconservative) -------
2026-03-28 09:24:40,266 - INFO - Analyzing 0:01:00 minute timechunk from 2025-01-03 00:21:02 to 2025-01-03 00:22:02 (0 min overlap)
2026-03-28 09:24:40,268 - INFO - Processing a total of 1 stations, 1 at a time.
2026-03-28 09:24:42,419 - INFO - (1/1) KU1: Finished the prediction in 0.14s. (HP=1.0, LP=45.0, picks=0)
2026-03-28 09:24:42,423 - INFO - 
2026-03-28 09:24:42,427 - INFO - ------- Parallel Station Waveform Processing Complete For 2025-01-03 00:21:02 to 2025-01-03 00:22:02 Timechunk-------
2026-03-28 09:24:42,431 - INFO - Picks saved at /home/blackwinter/projects/eqcct/eqcctpro/results/csv/eqt_noise_th0_1/20250103T002102Z_20250103T002202ZProcess Runtime: 2.17 s
2026-03-28 09:24:42,440 - INFO - Successfully ran EQCCTPro, exiting...
2026-03-28 09:24:44,072 - INFO - Ray Successfully Shutdown.
2026-03-28 09:24:44,072 - INFO - ------- Successfully Picked All Waveform(s) from all Timechunk(s) -------
