2026-02-24 01:55:29,433 - INFO - 
2026-02-24 01:55:29,433 - INFO - ------- Welcome to EQCCTPro -------
2026-02-24 01:55:29,433 - INFO - 
2026-02-24 01:55:29,433 - INFO - Running EQCCT over Requested MSeed Files using CPU(s)...
2026-02-24 01:55:29,433 - INFO - GPU disabled (CPU-only).
2026-02-24 01:55:29,434 - INFO - Configured Intra-op threads = 1
2026-02-24 01:55:29,434 - INFO - Configured Inter-op threads = 1
2026-02-24 01:55:29,434 - INFO - TensorFlow: No GPUs visible; TF will proceed on CPU.
2026-02-24 01:55:29,434 - INFO - 
2026-02-24 01:55:34,909 - INFO - Ray Successfully Initialized with 4 CPU(s) ([0, 1, 2, 3] CPU Affinity Binding).
2026-02-24 01:55:34,910 - INFO - Analyzing 1 time chunk(s) from 2025-06-12 09:49:30 to 2025-06-12 09:50:30 (dt=1min, overlap=0min).
2026-02-24 01:55:34,911 - INFO - Using 1 selected station(s).
2026-02-24 01:55:34,911 - INFO - 
2026-02-24 01:55:34,912 - INFO - ------- Starting EQCCTPro... -------
2026-02-24 01:55:34,912 - INFO - Detailed subprocess information can be found in the log file.
2026-02-24 01:55:34,912 - INFO - 
2026-02-24 01:55:35,289 - INFO - GPU disabled (CPU-only).
2026-02-24 01:55:36,757 - INFO - Configured Intra-op threads = 1
2026-02-24 01:55:36,759 - INFO - Configured Inter-op threads = 1
2026-02-24 01:55:36,799 - INFO - TensorFlow: No GPUs visible; TF will proceed on CPU.
2026-02-24 01:55:36,802 - INFO - 
2026-02-24 01:55:36,804 - INFO - ------- Hardware Configuration -------
2026-02-24 01:55:36,806 - INFO - CPU affinity set to cores: [0, 1, 2, 3]
2026-02-24 01:55:36,808 - INFO - 
2026-02-24 01:55:36,810 - INFO - ------- Data Preprocessing for EQCCTPro -------
2026-02-24 01:55:36,811 - INFO - 1 station(s) in /home/blackwinter/projects/eqcct/eqcctpro/data/waveforms_earthquakes_noise_only/20250612T094930Z_20250612T095030Z
2026-02-24 01:55:36,813 - INFO - Using 1 selected station(s): ['KY17'].
2026-02-24 01:55:36,815 - INFO - Creating model actor(s)...
2026-02-24 01:55:36,817 - INFO - System RAM: Total=7870 MB, Available=2594 MB
2026-02-24 01:55:36,819 - INFO - Usable RAM budget: 7083 MB (90% of total)
2026-02-24 01:55:36,821 - INFO - ===== MEMORY-AWARE CPU ACTOR POOL (EQCCT) =====
2026-02-24 01:55:36,823 - INFO - Requested concurrent tasks: 1
2026-02-24 01:55:36,825 - INFO - Available CPUs: 4
2026-02-24 01:55:36,826 - INFO - Available RAM: 7083 MB
2026-02-24 01:55:36,828 - INFO - RAM per model: 2264 MB
2026-02-24 01:55:36,830 - INFO - Max actors by RAM: 3
2026-02-24 01:55:36,832 - INFO - Creating 1 ModelActor(s)
2026-02-24 01:55:36,834 - INFO - Let Ray handle scheduling (taskset already restricts CPU visibility)
2026-02-24 01:55:36,835 - INFO - Creating ModelActor 1/1 (2.21GB RAM each)...
2026-02-24 01:55:40,976 - INFO - ModelActor 1 created successfully.
2026-02-24 01:55:40,984 - INFO - Created 1 CPU actor(s). Task queue will handle concurrency.
2026-02-24 01:55:40,987 - INFO - Starting EQCCTPro parallelized waveform processing...
2026-02-24 01:55:40,988 - INFO - 
2026-02-24 01:55:40,990 - INFO - ------- Analyzing Seismic Waveforms for P and S Picks via EQCCT -------
2026-02-24 01:55:40,994 - INFO - Analyzing 0:01:00 minute timechunk from 2025-06-12 09:49:30 to 2025-06-12 09:50:30 (0 min overlap)
2026-02-24 01:55:40,996 - INFO - Processing a total of 1 stations, 1 at a time.
2026-02-24 01:55:45,014 - INFO - (1/1) KY17: Finished the prediction in 2.11s. (HP=1.0, LP=45.0)
2026-02-24 01:55:45,017 - INFO - 
2026-02-24 01:55:45,019 - INFO - ------- Parallel Station Waveform Processing Complete For 2025-06-12 09:49:30 to 2025-06-12 09:50:30 Timechunk-------
2026-02-24 01:55:45,022 - INFO - Picks saved at /home/blackwinter/projects/eqcct/eqcctpro/results/csv/bm_eq_noise_only/20250612T094930Z_20250612T095030ZProcess Runtime: 4.03 s
2026-02-24 01:55:45,026 - INFO - Successfully ran EQCCTPro, exiting...
2026-02-24 01:55:46,869 - INFO - Ray Successfully Shutdown.
2026-02-24 01:55:46,870 - INFO - ------- Successfully Picked All Waveform(s) from all Timechunk(s) -------
