2026-03-10 22:31:58,299 - INFO - 
2026-03-10 22:31:58,299 - INFO - ------- Welcome to EQCCTPro -------
2026-03-10 22:31:58,299 - INFO - 
2026-03-10 22:31:58,299 - INFO - Running EQCCT over Requested MSeed Files using CPU(s)...
2026-03-10 22:31:58,300 - INFO - GPU disabled (CPU-only).
2026-03-10 22:31:58,300 - INFO - Configured Intra-op threads = 1
2026-03-10 22:31:58,300 - INFO - Configured Inter-op threads = 1
2026-03-10 22:31:58,300 - INFO - TensorFlow: No GPUs visible; TF will proceed on CPU.
2026-03-10 22:31:58,300 - INFO - 
2026-03-10 22:32:03,689 - INFO - Ray Successfully Initialized with 4 CPU(s) ([0, 1, 2, 3] CPU Affinity Binding).
2026-03-10 22:32:03,690 - INFO - Analyzing 1 time chunk(s) from 2025-01-08 01:47:02 to 2025-01-08 01:48:02 (dt=1min, overlap=0min).
2026-03-10 22:32:03,690 - INFO - Using 1 selected station(s).
2026-03-10 22:32:03,690 - INFO - 
2026-03-10 22:32:03,690 - INFO - ------- Starting EQCCTPro... -------
2026-03-10 22:32:03,690 - INFO - Detailed subprocess information can be found in the log file.
2026-03-10 22:32:03,690 - INFO - 
2026-03-10 22:32:04,046 - INFO - GPU disabled (CPU-only).
2026-03-10 22:32:05,487 - INFO - Configured Intra-op threads = 1
2026-03-10 22:32:05,490 - INFO - Configured Inter-op threads = 1
2026-03-10 22:32:05,528 - INFO - TensorFlow: No GPUs visible; TF will proceed on CPU.
2026-03-10 22:32:05,530 - INFO - 
2026-03-10 22:32:05,533 - INFO - ------- Hardware Configuration -------
2026-03-10 22:32:05,536 - INFO - CPU affinity set to cores: [0, 1, 2, 3]
2026-03-10 22:32:05,538 - INFO - 
2026-03-10 22:32:05,541 - INFO - ------- Data Preprocessing for EQCCTPro -------
2026-03-10 22:32:05,543 - INFO - 1 station(s) in /home/blackwinter/projects/eqcct/eqcctpro/data/waveforms_noise_only/20250108T014702Z_20250108T014802Z
2026-03-10 22:32:05,545 - INFO - Using 1 selected station(s): ['FIB2'].
2026-03-10 22:32:05,548 - INFO - Creating model actor(s)...
2026-03-10 22:32:05,550 - INFO - System RAM: Total=7870 MB, Available=2985 MB
2026-03-10 22:32:05,553 - INFO - Usable RAM budget: 7083 MB (90% of total)
2026-03-10 22:32:05,555 - INFO - ===== MEMORY-AWARE CPU ACTOR POOL (EQCCT) =====
2026-03-10 22:32:05,558 - INFO - Requested concurrent tasks: 1
2026-03-10 22:32:05,561 - INFO - Available CPUs: 4
2026-03-10 22:32:05,563 - INFO - Available RAM: 7083 MB
2026-03-10 22:32:05,566 - INFO - RAM per model: 2264 MB
2026-03-10 22:32:05,569 - INFO - Max actors by RAM: 3
2026-03-10 22:32:05,572 - INFO - Creating 1 ModelActor(s)
2026-03-10 22:32:05,574 - INFO - Let Ray handle scheduling (taskset already restricts CPU visibility)
2026-03-10 22:32:05,576 - INFO - Creating ModelActor 1/1 (2.21GB RAM each)...
2026-03-10 22:32:09,515 - INFO - ModelActor 1 created successfully.
2026-03-10 22:32:09,517 - INFO - Created 1 CPU actor(s). Task queue will handle concurrency.
2026-03-10 22:32:09,519 - INFO - Starting EQCCTPro parallelized waveform processing...
2026-03-10 22:32:09,520 - INFO - 
2026-03-10 22:32:09,522 - INFO - ------- Analyzing Seismic Waveforms for P and S Picks via EQCCT -------
2026-03-10 22:32:09,524 - INFO - Analyzing 0:01:00 minute timechunk from 2025-01-08 01:47:02 to 2025-01-08 01:48:02 (0 min overlap)
2026-03-10 22:32:09,528 - INFO - Processing a total of 1 stations, 1 at a time.
2026-03-10 22:32:13,593 - INFO - (1/1) FIB2: Finished the prediction in 2.15s. (HP=1.0, LP=45.0)
2026-03-10 22:32:13,596 - INFO - 
2026-03-10 22:32:13,599 - INFO - ------- Parallel Station Waveform Processing Complete For 2025-01-08 01:47:02 to 2025-01-08 01:48:02 Timechunk-------
2026-03-10 22:32:13,605 - INFO - Successfully ran EQCCTPro, exiting...
2026-03-10 22:32:13,601 - INFO - Picks saved at /home/blackwinter/projects/eqcct/eqcctpro/results/csv/bm_noise_only/20250108T014702Z_20250108T014802ZProcess Runtime: 4.08 s
2026-03-10 22:32:15,123 - INFO - Ray Successfully Shutdown.
2026-03-10 22:32:15,123 - INFO - ------- Successfully Picked All Waveform(s) from all Timechunk(s) -------
2026-03-11 13:21:32,826 - INFO - 
2026-03-11 13:21:32,826 - INFO - ------- Welcome to EQCCTPro -------
2026-03-11 13:21:32,826 - INFO - 
2026-03-11 13:21:32,827 - INFO - Running EQCCT over Requested MSeed Files using CPU(s)...
2026-03-11 13:21:32,827 - INFO - GPU disabled (CPU-only).
2026-03-11 13:21:32,828 - INFO - Configured Intra-op threads = 1
2026-03-11 13:21:32,828 - INFO - Configured Inter-op threads = 1
2026-03-11 13:21:32,828 - INFO - TensorFlow: No GPUs visible; TF will proceed on CPU.
2026-03-11 13:21:32,828 - INFO - 
2026-03-11 13:21:38,156 - INFO - Ray Successfully Initialized with 4 CPU(s) ([0, 1, 2, 3] CPU Affinity Binding).
2026-03-11 13:21:38,157 - INFO - Analyzing 1 time chunk(s) from 2025-01-08 01:47:02 to 2025-01-08 01:48:02 (dt=1min, overlap=0min).
2026-03-11 13:21:38,157 - INFO - Using 1 selected station(s).
2026-03-11 13:21:38,157 - INFO - 
2026-03-11 13:21:38,157 - INFO - ------- Starting EQCCTPro... -------
2026-03-11 13:21:38,157 - INFO - Detailed subprocess information can be found in the log file.
2026-03-11 13:21:38,157 - INFO - 
2026-03-11 13:21:38,529 - INFO - GPU disabled (CPU-only).
2026-03-11 13:21:40,046 - INFO - Configured Intra-op threads = 1
2026-03-11 13:21:40,049 - INFO - Configured Inter-op threads = 1
2026-03-11 13:21:40,089 - INFO - TensorFlow: No GPUs visible; TF will proceed on CPU.
2026-03-11 13:21:40,092 - INFO - 
2026-03-11 13:21:40,094 - INFO - ------- Hardware Configuration -------
2026-03-11 13:21:40,096 - INFO - CPU affinity set to cores: [0, 1, 2, 3]
2026-03-11 13:21:40,098 - INFO - 
2026-03-11 13:21:40,100 - INFO - ------- Data Preprocessing for EQCCTPro -------
2026-03-11 13:21:40,102 - INFO - 1 station(s) in /home/blackwinter/projects/eqcct/eqcctpro/data/waveforms_noise_only/20250108T014702Z_20250108T014802Z
2026-03-11 13:21:40,104 - INFO - Using 1 selected station(s): ['FIB2'].
2026-03-11 13:21:40,105 - INFO - Creating model actor(s)...
2026-03-11 13:21:40,107 - INFO - System RAM: Total=7870 MB, Available=3646 MB
2026-03-11 13:21:40,109 - INFO - Usable RAM budget: 7083 MB (90% of total)
2026-03-11 13:21:40,111 - INFO - ===== MEMORY-AWARE CPU ACTOR POOL (EQCCT) =====
2026-03-11 13:21:40,112 - INFO - Requested concurrent tasks: 1
2026-03-11 13:21:40,114 - INFO - Available CPUs: 4
2026-03-11 13:21:40,116 - INFO - Available RAM: 7083 MB
2026-03-11 13:21:40,118 - INFO - RAM per model: 2264 MB
2026-03-11 13:21:40,120 - INFO - Max actors by RAM: 3
2026-03-11 13:21:40,123 - INFO - Creating 1 ModelActor(s)
2026-03-11 13:21:40,125 - INFO - Let Ray handle scheduling (taskset already restricts CPU visibility)
2026-03-11 13:21:40,127 - INFO - Creating ModelActor 1/1 (2.21GB RAM each)...
2026-03-11 13:21:44,045 - INFO - ModelActor 1 created successfully.
2026-03-11 13:21:44,047 - INFO - Created 1 CPU actor(s). Task queue will handle concurrency.
2026-03-11 13:21:44,049 - INFO - Starting EQCCTPro parallelized waveform processing...
2026-03-11 13:21:44,052 - INFO - 
2026-03-11 13:21:44,054 - INFO - ------- Analyzing Seismic Waveforms for P and S Picks via EQCCT -------
2026-03-11 13:21:44,057 - INFO - Analyzing 0:01:00 minute timechunk from 2025-01-08 01:47:02 to 2025-01-08 01:48:02 (0 min overlap)
2026-03-11 13:21:44,059 - INFO - Processing a total of 1 stations, 1 at a time.
2026-03-11 13:21:45,938 - INFO - (1/1) FIB2: Skipped (already exists - overwrite=False).
2026-03-11 13:21:45,940 - INFO - 
2026-03-11 13:21:45,942 - INFO - ------- Parallel Station Waveform Processing Complete For 2025-01-08 01:47:02 to 2025-01-08 01:48:02 Timechunk-------
2026-03-11 13:21:45,947 - INFO - Successfully ran EQCCTPro, exiting...
2026-03-11 13:21:45,944 - INFO - Picks saved at /home/blackwinter/projects/eqcct/eqcctpro/results/csv/bm_noise_only/20250108T014702Z_20250108T014802ZProcess Runtime: 1.89 s
2026-03-11 13:21:47,340 - INFO - Ray Successfully Shutdown.
2026-03-11 13:21:47,340 - INFO - ------- Successfully Picked All Waveform(s) from all Timechunk(s) -------
