2026-03-28 21:38:01,669 - INFO - 
2026-03-28 21:38:01,669 - INFO - ------- Welcome to EQCCTPro -------
2026-03-28 21:38:01,670 - INFO - 
2026-03-28 21:38:01,670 - INFO - Running EQCCT over Requested MSeed Files using CPU(s)...
2026-03-28 21:38:01,670 - INFO - GPU disabled (CPU-only).
2026-03-29 07:48:25,260 - INFO - 
2026-03-29 07:48:25,260 - INFO - ------- Welcome to EQCCTPro -------
2026-03-29 07:48:25,260 - INFO - 
2026-03-29 07:48:25,261 - INFO - Running EQCCT over Requested MSeed Files using CPU(s)...
2026-03-29 07:48:25,261 - INFO - GPU disabled (CPU-only).
2026-03-29 07:48:25,262 - INFO - Configured Intra-op threads = 1
2026-03-29 07:48:25,262 - INFO - Configured Inter-op threads = 1
2026-03-29 07:48:25,262 - INFO - TensorFlow: No GPUs visible; TF will proceed on CPU.
2026-03-29 07:48:25,262 - INFO - 
2026-03-29 07:48:30,373 - INFO - Ray Successfully Initialized with 4 CPU(s) ([0, 1, 2, 3] CPU Affinity Binding).
2026-03-29 07:48:30,373 - INFO - Analyzing 1 time chunk(s) from 2025-01-24 09:48:31 to 2025-01-24 09:49:31 (dt=1min, overlap=0min).
2026-03-29 07:48:30,373 - INFO - Using 3 selected station(s).
2026-03-29 07:48:30,373 - INFO - 
2026-03-29 07:48:30,374 - INFO - ------- Starting EQCCTPro... -------
2026-03-29 07:48:30,374 - INFO - Detailed subprocess information can be found in the log file.
2026-03-29 07:48:30,374 - INFO - 
2026-03-29 07:48:30,832 - INFO - GPU disabled (CPU-only).
2026-03-29 07:48:32,457 - INFO - Configured Intra-op threads = 1
2026-03-29 07:48:32,460 - INFO - Configured Inter-op threads = 1
2026-03-29 07:48:32,505 - INFO - TensorFlow: No GPUs visible; TF will proceed on CPU.
2026-03-29 07:48:32,508 - INFO - 
2026-03-29 07:48:32,510 - INFO - ------- Hardware Configuration -------
2026-03-29 07:48:32,513 - INFO - CPU affinity set to cores: [0, 1, 2, 3]
2026-03-29 07:48:32,516 - INFO - 
2026-03-29 07:48:32,519 - INFO - ------- Data Preprocessing for EQCCTPro -------
2026-03-29 07:48:32,521 - INFO - 3 station(s) in /home/blackwinter/projects/eqcct/eqcctpro/data/waveforms_explosions_nonoise/20250124T094831Z_20250124T094931Z
2026-03-29 07:48:32,524 - INFO - Using 3 selected station(s): ['FIA0', 'OBF0', 'VAF'].
2026-03-29 07:48:32,526 - INFO - Creating model actor(s)...
2026-03-29 07:48:32,528 - INFO - System RAM: Total=7870 MB, Available=2889 MB
2026-03-29 07:48:32,530 - INFO - Usable RAM budget: 7083 MB (90% of total)
2026-03-29 07:48:32,533 - INFO - ===== MEMORY-AWARE CPU ACTOR POOL (EQCCT) =====
2026-03-29 07:48:32,535 - INFO - Requested concurrent tasks: 1
2026-03-29 07:48:32,537 - INFO - Available CPUs: 4
2026-03-29 07:48:32,539 - INFO - Available RAM: 7083 MB
2026-03-29 07:48:32,541 - INFO - RAM per model: 2264 MB
2026-03-29 07:48:32,543 - INFO - Max actors by RAM: 3
2026-03-29 07:48:32,545 - INFO - Creating 1 ModelActor(s)
2026-03-29 07:48:32,548 - INFO - Let Ray handle scheduling (taskset already restricts CPU visibility)
2026-03-29 07:48:32,550 - INFO - Creating ModelActor 1/1 (2.21GB RAM each)...
2026-03-29 07:48:36,908 - INFO - ModelActor 1 created successfully.
2026-03-29 07:48:36,910 - INFO - Created 1 CPU actor(s). Task queue will handle concurrency.
2026-03-29 07:48:36,913 - INFO - Starting EQCCTPro parallelized waveform processing...
2026-03-29 07:48:36,916 - INFO - 
2026-03-29 07:48:36,918 - INFO - ------- Analyzing Seismic Waveforms for P and S Picks via EQCCT -------
2026-03-29 07:48:36,922 - INFO - Analyzing 0:01:00 minute timechunk from 2025-01-24 09:48:31 to 2025-01-24 09:49:31 (0 min overlap)
2026-03-29 07:48:36,924 - INFO - Processing a total of 3 stations, 1 at a time.
2026-03-29 07:48:41,582 - INFO - (1/3) FIA0: Finished the prediction in 2.55s. (HP=1.0, LP=45.0)
2026-03-29 07:48:41,737 - INFO - (2/3) OBF0: Finished the prediction in 0.14s. (HP=1.0, LP=45.0)
2026-03-29 07:48:41,850 - INFO - (3/3) VAF: Finished the prediction in 0.11s. (HP=1.0, LP=45.0)
2026-03-29 07:48:41,852 - INFO - 
2026-03-29 07:48:41,855 - INFO - ------- Parallel Station Waveform Processing Complete For 2025-01-24 09:48:31 to 2025-01-24 09:49:31 Timechunk-------
2026-03-29 07:48:41,858 - INFO - Picks saved at /home/blackwinter/projects/eqcct/eqcctpro/results/csv/eqcct_explosions_th0_1/20250124T094831Z_20250124T094931ZProcess Runtime: 4.94 s
2026-03-29 07:48:41,864 - INFO - Successfully ran EQCCTPro, exiting...
2026-03-29 07:48:43,780 - INFO - Ray Successfully Shutdown.
2026-03-29 07:48:43,780 - INFO - ------- Successfully Picked All Waveform(s) from all Timechunk(s) -------
