2026-03-28 21:37:59,692 - INFO - 
2026-03-28 21:37:59,693 - INFO - ------- Welcome to EQCCTPro -------
2026-03-28 21:37:59,693 - INFO - 
2026-03-28 21:37:59,693 - INFO - Running EQCCT over Requested MSeed Files using CPU(s)...
2026-03-28 21:37:59,694 - INFO - GPU disabled (CPU-only).
2026-03-29 04:20:24,015 - INFO - 
2026-03-29 04:20:24,015 - INFO - ------- Welcome to EQCCTPro -------
2026-03-29 04:20:24,015 - INFO - 
2026-03-29 04:20:24,016 - INFO - Running EQCCT over Requested MSeed Files using CPU(s)...
2026-03-29 04:20:24,016 - INFO - GPU disabled (CPU-only).
2026-03-29 04:20:24,017 - INFO - Configured Intra-op threads = 1
2026-03-29 04:20:24,017 - INFO - Configured Inter-op threads = 1
2026-03-29 04:20:24,017 - INFO - TensorFlow: No GPUs visible; TF will proceed on CPU.
2026-03-29 04:20:24,017 - INFO - 
2026-03-29 04:20:29,113 - INFO - Ray Successfully Initialized with 4 CPU(s) ([0, 1, 2, 3] CPU Affinity Binding).
2026-03-29 04:20:29,113 - INFO - Analyzing 1 time chunk(s) from 2025-01-16 11:42:38 to 2025-01-16 11:43:38 (dt=1min, overlap=0min).
2026-03-29 04:20:29,113 - INFO - Using 1 selected station(s).
2026-03-29 04:20:29,114 - INFO - 
2026-03-29 04:20:29,114 - INFO - ------- Starting EQCCTPro... -------
2026-03-29 04:20:29,114 - INFO - Detailed subprocess information can be found in the log file.
2026-03-29 04:20:29,114 - INFO - 
2026-03-29 04:20:29,538 - INFO - GPU disabled (CPU-only).
2026-03-29 04:20:31,188 - INFO - Configured Intra-op threads = 1
2026-03-29 04:20:31,190 - INFO - Configured Inter-op threads = 1
2026-03-29 04:20:31,236 - INFO - TensorFlow: No GPUs visible; TF will proceed on CPU.
2026-03-29 04:20:31,239 - INFO - 
2026-03-29 04:20:31,242 - INFO - ------- Hardware Configuration -------
2026-03-29 04:20:31,245 - INFO - CPU affinity set to cores: [0, 1, 2, 3]
2026-03-29 04:20:31,248 - INFO - 
2026-03-29 04:20:31,250 - INFO - ------- Data Preprocessing for EQCCTPro -------
2026-03-29 04:20:31,253 - INFO - 1 station(s) in /home/blackwinter/projects/eqcct/eqcctpro/data/waveforms_explosions_nonoise/20250116T114238Z_20250116T114338Z
2026-03-29 04:20:31,256 - INFO - Using 1 selected station(s): ['RAF'].
2026-03-29 04:20:31,258 - INFO - Creating model actor(s)...
2026-03-29 04:20:31,261 - INFO - System RAM: Total=7870 MB, Available=3087 MB
2026-03-29 04:20:31,263 - INFO - Usable RAM budget: 7083 MB (90% of total)
2026-03-29 04:20:31,266 - INFO - ===== MEMORY-AWARE CPU ACTOR POOL (EQCCT) =====
2026-03-29 04:20:31,268 - INFO - Requested concurrent tasks: 1
2026-03-29 04:20:31,270 - INFO - Available CPUs: 4
2026-03-29 04:20:31,272 - INFO - Available RAM: 7083 MB
2026-03-29 04:20:31,274 - INFO - RAM per model: 2264 MB
2026-03-29 04:20:31,276 - INFO - Max actors by RAM: 3
2026-03-29 04:20:31,279 - INFO - Creating 1 ModelActor(s)
2026-03-29 04:20:31,282 - INFO - Let Ray handle scheduling (taskset already restricts CPU visibility)
2026-03-29 04:20:31,285 - INFO - Creating ModelActor 1/1 (2.21GB RAM each)...
2026-03-29 04:20:35,671 - INFO - ModelActor 1 created successfully.
2026-03-29 04:20:35,673 - INFO - Created 1 CPU actor(s). Task queue will handle concurrency.
2026-03-29 04:20:35,676 - INFO - Starting EQCCTPro parallelized waveform processing...
2026-03-29 04:20:35,679 - INFO - 
2026-03-29 04:20:35,681 - INFO - ------- Analyzing Seismic Waveforms for P and S Picks via EQCCT -------
2026-03-29 04:20:35,684 - INFO - Analyzing 0:01:00 minute timechunk from 2025-01-16 11:42:38 to 2025-01-16 11:43:38 (0 min overlap)
2026-03-29 04:20:35,687 - INFO - Processing a total of 1 stations, 1 at a time.
2026-03-29 04:20:40,063 - INFO - (1/1) RAF: Finished the prediction in 2.36s. (HP=1.0, LP=45.0)
2026-03-29 04:20:40,066 - INFO - 
2026-03-29 04:20:40,068 - INFO - ------- Parallel Station Waveform Processing Complete For 2025-01-16 11:42:38 to 2025-01-16 11:43:38 Timechunk-------
2026-03-29 04:20:40,071 - INFO - Picks saved at /home/blackwinter/projects/eqcct/eqcctpro/results/csv/eqcct_explosions_th0_1/20250116T114238Z_20250116T114338ZProcess Runtime: 4.39 s
2026-03-29 04:20:40,077 - INFO - Successfully ran EQCCTPro, exiting...
2026-03-29 04:20:41,776 - INFO - Ray Successfully Shutdown.
2026-03-29 04:20:41,776 - INFO - ------- Successfully Picked All Waveform(s) from all Timechunk(s) -------
