2026-03-28 16:13:11,394 - INFO - 
2026-03-28 16:13:11,395 - INFO - ------- Welcome to EQCCTPro -------
2026-03-28 16:13:11,395 - INFO - 
2026-03-28 16:13:11,395 - INFO - Running EQCCT over Requested MSeed Files using CPU(s)...
2026-03-28 16:13:11,395 - INFO - GPU disabled (CPU-only).
2026-03-28 16:13:11,395 - INFO - Skipping framework-specific initialization in the driver process.
2026-03-28 16:13:13,946 - INFO - Ray Successfully Initialized with 4 CPU(s) ([0, 1, 2, 3] CPU Affinity Binding).
2026-03-28 16:13:13,946 - INFO - Analyzing 1 time chunk(s) from 2025-01-05 00:33:28 to 2025-01-05 00:34:28 (dt=1min, overlap=0min).
2026-03-28 16:13:13,946 - INFO - Using 1 selected station(s).
2026-03-28 16:13:13,947 - INFO - 
2026-03-28 16:13:13,947 - INFO - ------- Starting EQCCTPro... -------
2026-03-28 16:13:13,948 - INFO - Detailed subprocess information can be found in the log file.
2026-03-28 16:13:13,948 - INFO - 
2026-03-28 16:13:14,326 - INFO - GPU disabled (CPU-only).
2026-03-28 16:13:14,331 - INFO - Skipping framework-specific initialization in the driver process.
2026-03-28 16:13:14,335 - INFO - ------- Hardware Configuration -------
2026-03-28 16:13:14,339 - INFO - CPU affinity set to cores: [0, 1, 2, 3]
2026-03-28 16:13:14,343 - INFO - 
2026-03-28 16:13:14,345 - INFO - ------- Data Preprocessing for EQCCTPro -------
2026-03-28 16:13:14,348 - INFO - 1 station(s) in /home/blackwinter/projects/eqcct/eqcctpro/data/waveforms_explosions_nonoise/20250105T003328Z_20250105T003428Z
2026-03-28 16:13:14,351 - INFO - Using 1 selected station(s): ['MSF'].
2026-03-28 16:13:14,354 - INFO - Creating model actor(s)...
2026-03-28 16:13:14,358 - INFO - System RAM: Total=7870 MB, Available=4418 MB
2026-03-28 16:13:14,361 - INFO - Usable RAM budget: 7083 MB (90% of total)
2026-03-28 16:13:14,364 - INFO - ===== MEMORY-AWARE CPU ACTOR POOL =====
2026-03-28 16:13:14,366 - INFO - Requested concurrent tasks: 1
2026-03-28 16:13:14,369 - INFO - Available CPUs: 4
2026-03-28 16:13:14,373 - INFO - Available RAM: 7083 MB
2026-03-28 16:13:14,375 - INFO - RAM per model: 2060 MB
2026-03-28 16:13:14,378 - INFO - Max actors by RAM: 3
2026-03-28 16:13:14,381 - INFO - Creating 1 SeisBenchModelActor(s)
2026-03-28 16:13:14,384 - INFO - Let Ray handle scheduling (taskset already restricts CPU visibility)
2026-03-28 16:13:14,387 - INFO - Creating SeisBenchModelActor 1/1 (2.01GB RAM each)...
2026-03-28 16:13:17,265 - INFO - SeisBenchModelActor 1 created successfully.
2026-03-28 16:13:17,268 - INFO - Created 1 CPU actor(s). Task queue will handle concurrency.
2026-03-28 16:13:17,271 - INFO - Starting EQCCTPro parallelized waveform processing...
2026-03-28 16:13:17,273 - INFO - 
2026-03-28 16:13:17,276 - INFO - ------- Analyzing Seismic Waveforms for P and S Picks via SeisBench (EQTransformer - original_nonconservative) -------
2026-03-28 16:13:17,279 - INFO - Analyzing 0:01:00 minute timechunk from 2025-01-05 00:33:28 to 2025-01-05 00:34:28 (0 min overlap)
2026-03-28 16:13:17,281 - INFO - Processing a total of 1 stations, 1 at a time.
2026-03-28 16:13:19,694 - INFO - (1/1) MSF: FAILED reading mSEED: Selected corner frequency is above Nyquist.
2026-03-28 16:13:19,696 - INFO - 
2026-03-28 16:13:19,699 - INFO - ------- Parallel Station Waveform Processing Complete For 2025-01-05 00:33:28 to 2025-01-05 00:34:28 Timechunk-------
2026-03-28 16:13:19,703 - INFO - Picks saved at /home/blackwinter/projects/eqcct/eqcctpro/results/csv/eqt_explosions_th0_1/20250105T003328Z_20250105T003428ZProcess Runtime: 2.43 s
2026-03-28 16:13:19,707 - INFO - Successfully ran EQCCTPro, exiting...
2026-03-28 16:13:21,096 - INFO - Ray Successfully Shutdown.
2026-03-28 16:13:21,096 - INFO - ------- Successfully Picked All Waveform(s) from all Timechunk(s) -------
