2026-03-27 22:34:09,702 - INFO - 
2026-03-27 22:34:09,702 - INFO - ------- Welcome to EQCCTPro -------
2026-03-27 22:34:09,703 - INFO - 
2026-03-27 22:34:09,703 - INFO - Running EQCCT over Requested MSeed Files using CPU(s)...
2026-03-27 22:34:09,703 - INFO - GPU disabled (CPU-only).
2026-03-27 22:34:09,703 - INFO - Skipping framework-specific initialization in the driver process.
2026-03-27 22:34:12,139 - INFO - Ray Successfully Initialized with 4 CPU(s) ([0, 1, 2, 3] CPU Affinity Binding).
2026-03-27 22:34:12,139 - INFO - Analyzing 1 time chunk(s) from 2025-12-19 21:33:07 to 2025-12-19 21:34:07 (dt=1min, overlap=0min).
2026-03-27 22:34:12,139 - INFO - Using 1 selected station(s).
2026-03-27 22:34:12,140 - INFO - 
2026-03-27 22:34:12,141 - INFO - ------- Starting EQCCTPro... -------
2026-03-27 22:34:12,141 - INFO - Detailed subprocess information can be found in the log file.
2026-03-27 22:34:12,141 - INFO - 
2026-03-27 22:34:12,421 - INFO - GPU disabled (CPU-only).
2026-03-27 22:34:12,426 - INFO - Skipping framework-specific initialization in the driver process.
2026-03-27 22:34:12,428 - INFO - ------- Hardware Configuration -------
2026-03-27 22:34:12,431 - INFO - CPU affinity set to cores: [0, 1, 2, 3]
2026-03-27 22:34:12,433 - INFO - 
2026-03-27 22:34:12,435 - INFO - ------- Data Preprocessing for EQCCTPro -------
2026-03-27 22:34:12,437 - INFO - 1 station(s) in /home/blackwinter/projects/eqcct/eqcctpro/data/waveforms_earthquakes_nonoise/20251219T213307Z_20251219T213407Z
2026-03-27 22:34:12,439 - INFO - Using 1 selected station(s): ['TOF'].
2026-03-27 22:34:12,442 - INFO - Creating model actor(s)...
2026-03-27 22:34:12,444 - INFO - System RAM: Total=7870 MB, Available=5033 MB
2026-03-27 22:34:12,446 - INFO - Usable RAM budget: 7083 MB (90% of total)
2026-03-27 22:34:12,448 - INFO - ===== MEMORY-AWARE CPU ACTOR POOL =====
2026-03-27 22:34:12,450 - INFO - Requested concurrent tasks: 1
2026-03-27 22:34:12,453 - INFO - Available CPUs: 4
2026-03-27 22:34:12,456 - INFO - Available RAM: 7083 MB
2026-03-27 22:34:12,458 - INFO - RAM per model: 2060 MB
2026-03-27 22:34:12,460 - INFO - Max actors by RAM: 3
2026-03-27 22:34:12,462 - INFO - Creating 1 SeisBenchModelActor(s)
2026-03-27 22:34:12,464 - INFO - Let Ray handle scheduling (taskset already restricts CPU visibility)
2026-03-27 22:34:12,467 - INFO - Creating SeisBenchModelActor 1/1 (2.01GB RAM each)...
2026-03-27 22:34:15,536 - INFO - SeisBenchModelActor 1 created successfully.
2026-03-27 22:34:15,538 - INFO - Created 1 CPU actor(s). Task queue will handle concurrency.
2026-03-27 22:34:15,540 - INFO - Starting EQCCTPro parallelized waveform processing...
2026-03-27 22:34:15,542 - INFO - 
2026-03-27 22:34:15,545 - INFO - ------- Analyzing Seismic Waveforms for P and S Picks via SeisBench (EQTransformer - original_nonconservative) -------
2026-03-27 22:34:15,548 - INFO - Analyzing 0:01:00 minute timechunk from 2025-12-19 21:33:07 to 2025-12-19 21:34:07 (0 min overlap)
2026-03-27 22:34:15,550 - INFO - Processing a total of 1 stations, 1 at a time.
2026-03-27 22:34:17,947 - INFO - (1/1) TOF: Finished the prediction in 0.15s. (HP=1.0, LP=45.0, picks=2)
2026-03-27 22:34:17,953 - INFO - 
2026-03-27 22:34:17,955 - INFO - ------- Parallel Station Waveform Processing Complete For 2025-12-19 21:33:07 to 2025-12-19 21:34:07 Timechunk-------
2026-03-27 22:34:17,957 - INFO - Picks saved at /home/blackwinter/projects/eqcct/eqcctpro/results/csv/eqt_earthquakes_th0_1/20251219T213307Z_20251219T213407ZProcess Runtime: 2.41 s
2026-03-27 22:34:17,964 - INFO - Successfully ran EQCCTPro, exiting...
2026-03-27 22:34:19,943 - INFO - Ray Successfully Shutdown.
2026-03-27 22:34:19,943 - INFO - ------- Successfully Picked All Waveform(s) from all Timechunk(s) -------
2026-03-28 04:57:22,829 - INFO - 
2026-03-28 04:57:22,830 - INFO - ------- Welcome to EQCCTPro -------
2026-03-28 04:57:22,830 - INFO - 
2026-03-28 04:57:22,831 - INFO - Running EQCCT over Requested MSeed Files using CPU(s)...
2026-03-28 04:57:22,831 - INFO - GPU disabled (CPU-only).
2026-03-28 04:57:22,831 - INFO - Skipping framework-specific initialization in the driver process.
2026-03-28 04:57:24,381 - INFO - Ray Successfully Initialized with 4 CPU(s) ([0, 1, 2, 3] CPU Affinity Binding).
2026-03-28 04:57:24,382 - INFO - Analyzing 1 time chunk(s) from 2025-12-19 21:33:07 to 2025-12-19 21:34:07 (dt=1min, overlap=0min).
2026-03-28 04:57:24,382 - INFO - Using 1 selected station(s).
2026-03-28 04:57:24,382 - INFO - 
2026-03-28 04:57:24,382 - INFO - ------- Starting EQCCTPro... -------
2026-03-28 04:57:24,382 - INFO - Detailed subprocess information can be found in the log file.
2026-03-28 04:57:24,382 - INFO - 
2026-03-28 04:57:24,658 - INFO - GPU disabled (CPU-only).
2026-03-28 04:57:24,663 - INFO - Skipping framework-specific initialization in the driver process.
2026-03-28 04:57:24,665 - INFO - ------- Hardware Configuration -------
2026-03-28 04:57:24,668 - INFO - CPU affinity set to cores: [0, 1, 2, 3]
2026-03-28 04:57:24,671 - INFO - 
2026-03-28 04:57:24,674 - INFO - ------- Data Preprocessing for EQCCTPro -------
2026-03-28 04:57:24,676 - INFO - 1 station(s) in /home/blackwinter/projects/eqcct/eqcctpro/data/waveforms_earthquakes_nonoise/20251219T213307Z_20251219T213407Z
2026-03-28 04:57:24,678 - INFO - Using 1 selected station(s): ['TOF'].
2026-03-28 04:57:24,681 - INFO - Creating model actor(s)...
2026-03-28 04:57:24,683 - INFO - System RAM: Total=7870 MB, Available=4778 MB
2026-03-28 04:57:24,686 - INFO - Usable RAM budget: 7083 MB (90% of total)
2026-03-28 04:57:24,688 - INFO - ===== MEMORY-AWARE CPU ACTOR POOL =====
2026-03-28 04:57:24,691 - INFO - Requested concurrent tasks: 1
2026-03-28 04:57:24,693 - INFO - Available CPUs: 4
2026-03-28 04:57:24,696 - INFO - Available RAM: 7083 MB
2026-03-28 04:57:24,698 - INFO - RAM per model: 2060 MB
2026-03-28 04:57:24,701 - INFO - Max actors by RAM: 3
2026-03-28 04:57:24,704 - INFO - Creating 1 SeisBenchModelActor(s)
2026-03-28 04:57:24,707 - INFO - Let Ray handle scheduling (taskset already restricts CPU visibility)
2026-03-28 04:57:24,709 - INFO - Creating SeisBenchModelActor 1/1 (2.01GB RAM each)...
2026-03-28 04:57:29,780 - INFO - SeisBenchModelActor 1 created successfully.
2026-03-28 04:57:29,782 - INFO - Created 1 CPU actor(s). Task queue will handle concurrency.
2026-03-28 04:57:29,785 - INFO - Starting EQCCTPro parallelized waveform processing...
2026-03-28 04:57:29,787 - INFO - 
2026-03-28 04:57:29,790 - INFO - ------- Analyzing Seismic Waveforms for P and S Picks via SeisBench (EQTransformer - original_nonconservative) -------
2026-03-28 04:57:29,793 - INFO - Analyzing 0:01:00 minute timechunk from 2025-12-19 21:33:07 to 2025-12-19 21:34:07 (0 min overlap)
2026-03-28 04:57:29,795 - INFO - Processing a total of 1 stations, 1 at a time.
2026-03-28 04:57:31,826 - INFO - (1/1) TOF: Skipped (already exists - overwrite=False).
2026-03-28 04:57:31,828 - INFO - 
2026-03-28 04:57:31,831 - INFO - ------- Parallel Station Waveform Processing Complete For 2025-12-19 21:33:07 to 2025-12-19 21:34:07 Timechunk-------
2026-03-28 04:57:31,834 - INFO - Picks saved at /home/blackwinter/projects/eqcct/eqcctpro/results/csv/eqt_earthquakes_th0_1/20251219T213307Z_20251219T213407ZProcess Runtime: 2.04 s
2026-03-28 04:57:31,838 - INFO - Successfully ran EQCCTPro, exiting...
2026-03-28 04:57:33,670 - INFO - Ray Successfully Shutdown.
2026-03-28 04:57:33,670 - INFO - ------- Successfully Picked All Waveform(s) from all Timechunk(s) -------
