2026-03-10 22:53:00,059 - INFO - 
2026-03-10 22:53:00,059 - INFO - ------- Welcome to EQCCTPro -------
2026-03-10 22:53:00,059 - INFO - 
2026-03-10 22:53:00,060 - INFO - Running EQCCT over Requested MSeed Files using CPU(s)...
2026-03-10 22:53:00,060 - INFO - GPU disabled (CPU-only).
2026-03-10 22:53:00,060 - INFO - Configured Intra-op threads = 1
2026-03-10 22:53:00,060 - INFO - Configured Inter-op threads = 1
2026-03-10 22:53:00,060 - INFO - TensorFlow: No GPUs visible; TF will proceed on CPU.
2026-03-10 22:53:00,060 - INFO - 
2026-03-10 22:53:05,487 - INFO - Ray Successfully Initialized with 4 CPU(s) ([0, 1, 2, 3] CPU Affinity Binding).
2026-03-10 22:53:05,487 - INFO - Analyzing 1 time chunk(s) from 2025-01-08 11:15:33 to 2025-01-08 11:16:33 (dt=1min, overlap=0min).
2026-03-10 22:53:05,487 - INFO - Using 1 selected station(s).
2026-03-10 22:53:05,487 - INFO - 
2026-03-10 22:53:05,488 - INFO - ------- Starting EQCCTPro... -------
2026-03-10 22:53:05,488 - INFO - Detailed subprocess information can be found in the log file.
2026-03-10 22:53:05,488 - INFO - 
2026-03-10 22:53:05,854 - INFO - GPU disabled (CPU-only).
2026-03-10 22:53:07,377 - INFO - Configured Intra-op threads = 1
2026-03-10 22:53:07,380 - INFO - Configured Inter-op threads = 1
2026-03-10 22:53:07,423 - INFO - TensorFlow: No GPUs visible; TF will proceed on CPU.
2026-03-10 22:53:07,425 - INFO - 
2026-03-10 22:53:07,427 - INFO - ------- Hardware Configuration -------
2026-03-10 22:53:07,429 - INFO - CPU affinity set to cores: [0, 1, 2, 3]
2026-03-10 22:53:07,431 - INFO - 
2026-03-10 22:53:07,433 - INFO - ------- Data Preprocessing for EQCCTPro -------
2026-03-10 22:53:07,435 - INFO - 1 station(s) in /home/blackwinter/projects/eqcct/eqcctpro/data/waveforms_noise_only/20250108T111533Z_20250108T111633Z
2026-03-10 22:53:07,438 - INFO - Using 1 selected station(s): ['RMF'].
2026-03-10 22:53:07,440 - INFO - Creating model actor(s)...
2026-03-10 22:53:07,442 - INFO - System RAM: Total=7870 MB, Available=2709 MB
2026-03-10 22:53:07,444 - INFO - Usable RAM budget: 7083 MB (90% of total)
2026-03-10 22:53:07,446 - INFO - ===== MEMORY-AWARE CPU ACTOR POOL (EQCCT) =====
2026-03-10 22:53:07,448 - INFO - Requested concurrent tasks: 1
2026-03-10 22:53:07,451 - INFO - Available CPUs: 4
2026-03-10 22:53:07,453 - INFO - Available RAM: 7083 MB
2026-03-10 22:53:07,456 - INFO - RAM per model: 2264 MB
2026-03-10 22:53:07,458 - INFO - Max actors by RAM: 3
2026-03-10 22:53:07,461 - INFO - Creating 1 ModelActor(s)
2026-03-10 22:53:07,463 - INFO - Let Ray handle scheduling (taskset already restricts CPU visibility)
2026-03-10 22:53:07,466 - INFO - Creating ModelActor 1/1 (2.21GB RAM each)...
2026-03-10 22:53:11,406 - INFO - ModelActor 1 created successfully.
2026-03-10 22:53:11,409 - INFO - Created 1 CPU actor(s). Task queue will handle concurrency.
2026-03-10 22:53:11,411 - INFO - Starting EQCCTPro parallelized waveform processing...
2026-03-10 22:53:11,413 - INFO - 
2026-03-10 22:53:11,416 - INFO - ------- Analyzing Seismic Waveforms for P and S Picks via EQCCT -------
2026-03-10 22:53:11,418 - INFO - Analyzing 0:01:00 minute timechunk from 2025-01-08 11:15:33 to 2025-01-08 11:16:33 (0 min overlap)
2026-03-10 22:53:11,421 - INFO - Processing a total of 1 stations, 1 at a time.
2026-03-10 22:53:15,593 - INFO - (1/1) RMF: Finished the prediction in 2.25s. (HP=1.0, LP=45.0)
2026-03-10 22:53:15,597 - INFO - 
2026-03-10 22:53:15,598 - INFO - ------- Parallel Station Waveform Processing Complete For 2025-01-08 11:15:33 to 2025-01-08 11:16:33 Timechunk-------
2026-03-10 22:53:15,605 - INFO - Successfully ran EQCCTPro, exiting...
2026-03-10 22:53:15,600 - INFO - Picks saved at /home/blackwinter/projects/eqcct/eqcctpro/results/csv/bm_noise_only/20250108T111533Z_20250108T111633ZProcess Runtime: 4.18 s
2026-03-10 22:53:17,085 - INFO - Ray Successfully Shutdown.
2026-03-10 22:53:17,085 - INFO - ------- Successfully Picked All Waveform(s) from all Timechunk(s) -------
2026-03-11 13:39:58,012 - INFO - 
2026-03-11 13:39:58,019 - INFO - ------- Welcome to EQCCTPro -------
2026-03-11 13:39:58,019 - INFO - 
2026-03-11 13:39:58,020 - INFO - Running EQCCT over Requested MSeed Files using CPU(s)...
2026-03-11 13:39:58,020 - INFO - GPU disabled (CPU-only).
2026-03-11 13:39:58,020 - INFO - Configured Intra-op threads = 1
2026-03-11 13:39:58,020 - INFO - Configured Inter-op threads = 1
2026-03-11 13:39:58,020 - INFO - TensorFlow: No GPUs visible; TF will proceed on CPU.
2026-03-11 13:39:58,020 - INFO - 
2026-03-11 13:40:03,449 - INFO - Ray Successfully Initialized with 4 CPU(s) ([0, 1, 2, 3] CPU Affinity Binding).
2026-03-11 13:40:03,450 - INFO - Analyzing 1 time chunk(s) from 2025-01-08 11:15:33 to 2025-01-08 11:16:33 (dt=1min, overlap=0min).
2026-03-11 13:40:03,450 - INFO - Using 1 selected station(s).
2026-03-11 13:40:03,450 - INFO - 
2026-03-11 13:40:03,450 - INFO - ------- Starting EQCCTPro... -------
2026-03-11 13:40:03,450 - INFO - Detailed subprocess information can be found in the log file.
2026-03-11 13:40:03,450 - INFO - 
2026-03-11 13:40:03,847 - INFO - GPU disabled (CPU-only).
2026-03-11 13:40:05,327 - INFO - Configured Intra-op threads = 1
2026-03-11 13:40:05,330 - INFO - Configured Inter-op threads = 1
2026-03-11 13:40:05,372 - INFO - TensorFlow: No GPUs visible; TF will proceed on CPU.
2026-03-11 13:40:05,375 - INFO - 
2026-03-11 13:40:05,377 - INFO - ------- Hardware Configuration -------
2026-03-11 13:40:05,379 - INFO - CPU affinity set to cores: [0, 1, 2, 3]
2026-03-11 13:40:05,380 - INFO - 
2026-03-11 13:40:05,382 - INFO - ------- Data Preprocessing for EQCCTPro -------
2026-03-11 13:40:05,384 - INFO - 1 station(s) in /home/blackwinter/projects/eqcct/eqcctpro/data/waveforms_noise_only/20250108T111533Z_20250108T111633Z
2026-03-11 13:40:05,385 - INFO - Using 1 selected station(s): ['RMF'].
2026-03-11 13:40:05,387 - INFO - Creating model actor(s)...
2026-03-11 13:40:05,389 - INFO - System RAM: Total=7870 MB, Available=3717 MB
2026-03-11 13:40:05,391 - INFO - Usable RAM budget: 7083 MB (90% of total)
2026-03-11 13:40:05,392 - INFO - ===== MEMORY-AWARE CPU ACTOR POOL (EQCCT) =====
2026-03-11 13:40:05,394 - INFO - Requested concurrent tasks: 1
2026-03-11 13:40:05,396 - INFO - Available CPUs: 4
2026-03-11 13:40:05,398 - INFO - Available RAM: 7083 MB
2026-03-11 13:40:05,400 - INFO - RAM per model: 2264 MB
2026-03-11 13:40:05,401 - INFO - Max actors by RAM: 3
2026-03-11 13:40:05,403 - INFO - Creating 1 ModelActor(s)
2026-03-11 13:40:05,405 - INFO - Let Ray handle scheduling (taskset already restricts CPU visibility)
2026-03-11 13:40:05,407 - INFO - Creating ModelActor 1/1 (2.21GB RAM each)...
2026-03-11 13:40:09,234 - INFO - ModelActor 1 created successfully.
2026-03-11 13:40:09,236 - INFO - Created 1 CPU actor(s). Task queue will handle concurrency.
2026-03-11 13:40:09,238 - INFO - Starting EQCCTPro parallelized waveform processing...
2026-03-11 13:40:09,241 - INFO - 
2026-03-11 13:40:09,243 - INFO - ------- Analyzing Seismic Waveforms for P and S Picks via EQCCT -------
2026-03-11 13:40:09,245 - INFO - Analyzing 0:01:00 minute timechunk from 2025-01-08 11:15:33 to 2025-01-08 11:16:33 (0 min overlap)
2026-03-11 13:40:09,248 - INFO - Processing a total of 1 stations, 1 at a time.
2026-03-11 13:40:11,121 - INFO - (1/1) RMF: Skipped (already exists - overwrite=False).
2026-03-11 13:40:11,125 - INFO - 
2026-03-11 13:40:11,127 - INFO - ------- Parallel Station Waveform Processing Complete For 2025-01-08 11:15:33 to 2025-01-08 11:16:33 Timechunk-------
2026-03-11 13:40:11,130 - INFO - Picks saved at /home/blackwinter/projects/eqcct/eqcctpro/results/csv/bm_noise_only/20250108T111533Z_20250108T111633ZProcess Runtime: 1.89 s
2026-03-11 13:40:11,134 - INFO - Successfully ran EQCCTPro, exiting...
2026-03-11 13:40:12,659 - INFO - Ray Successfully Shutdown.
2026-03-11 13:40:12,659 - INFO - ------- Successfully Picked All Waveform(s) from all Timechunk(s) -------
