2026-03-28 09:25:58,538 - INFO - 
2026-03-28 09:25:58,539 - INFO - ------- Welcome to EQCCTPro -------
2026-03-28 09:25:58,539 - INFO - 
2026-03-28 09:25:58,539 - INFO - Running EQCCT over Requested MSeed Files using CPU(s)...
2026-03-28 09:25:58,539 - INFO - GPU disabled (CPU-only).
2026-03-28 09:25:58,540 - INFO - Skipping framework-specific initialization in the driver process.
2026-03-28 09:25:59,979 - INFO - Ray Successfully Initialized with 4 CPU(s) ([0, 1, 2, 3] CPU Affinity Binding).
2026-03-28 09:25:59,979 - INFO - Analyzing 1 time chunk(s) from 2025-01-03 01:30:41 to 2025-01-03 01:31:41 (dt=1min, overlap=0min).
2026-03-28 09:25:59,979 - INFO - Using 1 selected station(s).
2026-03-28 09:25:59,979 - INFO - 
2026-03-28 09:25:59,980 - INFO - ------- Starting EQCCTPro... -------
2026-03-28 09:25:59,980 - INFO - Detailed subprocess information can be found in the log file.
2026-03-28 09:25:59,980 - INFO - 
2026-03-28 09:26:00,281 - INFO - GPU disabled (CPU-only).
2026-03-28 09:26:00,286 - INFO - Skipping framework-specific initialization in the driver process.
2026-03-28 09:26:00,289 - INFO - ------- Hardware Configuration -------
2026-03-28 09:26:00,292 - INFO - CPU affinity set to cores: [0, 1, 2, 3]
2026-03-28 09:26:00,295 - INFO - 
2026-03-28 09:26:00,297 - INFO - ------- Data Preprocessing for EQCCTPro -------
2026-03-28 09:26:00,299 - INFO - 1 station(s) in /home/blackwinter/projects/eqcct/eqcctpro/data/waveforms_noise_only/20250103T013041Z_20250103T013141Z
2026-03-28 09:26:00,302 - INFO - Using 1 selected station(s): ['FIB1'].
2026-03-28 09:26:00,304 - INFO - Creating model actor(s)...
2026-03-28 09:26:00,307 - INFO - System RAM: Total=7870 MB, Available=4702 MB
2026-03-28 09:26:00,311 - INFO - Usable RAM budget: 7083 MB (90% of total)
2026-03-28 09:26:00,315 - INFO - ===== MEMORY-AWARE CPU ACTOR POOL =====
2026-03-28 09:26:00,318 - INFO - Requested concurrent tasks: 1
2026-03-28 09:26:00,322 - INFO - Available CPUs: 4
2026-03-28 09:26:00,325 - INFO - Available RAM: 7083 MB
2026-03-28 09:26:00,329 - INFO - RAM per model: 2060 MB
2026-03-28 09:26:00,333 - INFO - Max actors by RAM: 3
2026-03-28 09:26:00,337 - INFO - Creating 1 SeisBenchModelActor(s)
2026-03-28 09:26:00,341 - INFO - Let Ray handle scheduling (taskset already restricts CPU visibility)
2026-03-28 09:26:00,344 - INFO - Creating SeisBenchModelActor 1/1 (2.01GB RAM each)...
2026-03-28 09:26:03,495 - INFO - SeisBenchModelActor 1 created successfully.
2026-03-28 09:26:03,497 - INFO - Created 1 CPU actor(s). Task queue will handle concurrency.
2026-03-28 09:26:03,500 - INFO - Starting EQCCTPro parallelized waveform processing...
2026-03-28 09:26:03,503 - INFO - 
2026-03-28 09:26:03,505 - INFO - ------- Analyzing Seismic Waveforms for P and S Picks via SeisBench (EQTransformer - original_nonconservative) -------
2026-03-28 09:26:03,508 - INFO - Analyzing 0:01:00 minute timechunk from 2025-01-03 01:30:41 to 2025-01-03 01:31:41 (0 min overlap)
2026-03-28 09:26:03,510 - INFO - Processing a total of 1 stations, 1 at a time.
2026-03-28 09:26:05,672 - INFO - (1/1) FIB1: Finished the prediction in 0.12s. (HP=1.0, LP=45.0, picks=0)
2026-03-28 09:26:05,674 - INFO - 
2026-03-28 09:26:05,677 - INFO - ------- Parallel Station Waveform Processing Complete For 2025-01-03 01:30:41 to 2025-01-03 01:31:41 Timechunk-------
2026-03-28 09:26:05,679 - INFO - Picks saved at /home/blackwinter/projects/eqcct/eqcctpro/results/csv/eqt_noise_th0_1/20250103T013041Z_20250103T013141ZProcess Runtime: 2.17 s
2026-03-28 09:26:05,685 - INFO - Successfully ran EQCCTPro, exiting...
2026-03-28 09:26:07,138 - INFO - Ray Successfully Shutdown.
2026-03-28 09:26:07,138 - INFO - ------- Successfully Picked All Waveform(s) from all Timechunk(s) -------
