2026-03-28 21:37:59,936 - INFO - 
2026-03-28 21:37:59,937 - INFO - ------- Welcome to EQCCTPro -------
2026-03-28 21:37:59,937 - INFO - 
2026-03-28 21:37:59,937 - INFO - Running EQCCT over Requested MSeed Files using CPU(s)...
2026-03-28 21:37:59,937 - INFO - GPU disabled (CPU-only).
2026-03-29 04:46:12,821 - INFO - 
2026-03-29 04:46:12,822 - INFO - ------- Welcome to EQCCTPro -------
2026-03-29 04:46:12,822 - INFO - 
2026-03-29 04:46:12,823 - INFO - Running EQCCT over Requested MSeed Files using CPU(s)...
2026-03-29 04:46:12,823 - INFO - GPU disabled (CPU-only).
2026-03-29 04:46:12,823 - INFO - Configured Intra-op threads = 1
2026-03-29 04:46:12,823 - INFO - Configured Inter-op threads = 1
2026-03-29 04:46:12,824 - INFO - TensorFlow: No GPUs visible; TF will proceed on CPU.
2026-03-29 04:46:12,824 - INFO - 
2026-03-29 04:46:18,810 - INFO - Ray Successfully Initialized with 4 CPU(s) ([0, 1, 2, 3] CPU Affinity Binding).
2026-03-29 04:46:18,811 - INFO - Analyzing 1 time chunk(s) from 2025-01-17 12:16:07 to 2025-01-17 12:17:07 (dt=1min, overlap=0min).
2026-03-29 04:46:18,811 - INFO - Using 1 selected station(s).
2026-03-29 04:46:18,811 - INFO - 
2026-03-29 04:46:18,811 - INFO - ------- Starting EQCCTPro... -------
2026-03-29 04:46:18,811 - INFO - Detailed subprocess information can be found in the log file.
2026-03-29 04:46:18,812 - INFO - 
2026-03-29 04:46:19,238 - INFO - GPU disabled (CPU-only).
2026-03-29 04:46:20,907 - INFO - Configured Intra-op threads = 1
2026-03-29 04:46:20,910 - INFO - Configured Inter-op threads = 1
2026-03-29 04:46:20,955 - INFO - TensorFlow: No GPUs visible; TF will proceed on CPU.
2026-03-29 04:46:20,958 - INFO - 
2026-03-29 04:46:20,961 - INFO - ------- Hardware Configuration -------
2026-03-29 04:46:20,964 - INFO - CPU affinity set to cores: [0, 1, 2, 3]
2026-03-29 04:46:20,967 - INFO - 
2026-03-29 04:46:20,970 - INFO - ------- Data Preprocessing for EQCCTPro -------
2026-03-29 04:46:20,972 - INFO - 1 station(s) in /home/blackwinter/projects/eqcct/eqcctpro/data/waveforms_explosions_nonoise/20250117T121607Z_20250117T121707Z
2026-03-29 04:46:20,975 - INFO - Using 1 selected station(s): ['KUNI'].
2026-03-29 04:46:20,978 - INFO - Creating model actor(s)...
2026-03-29 04:46:20,981 - INFO - System RAM: Total=7870 MB, Available=3029 MB
2026-03-29 04:46:20,984 - INFO - Usable RAM budget: 7083 MB (90% of total)
2026-03-29 04:46:20,986 - INFO - ===== MEMORY-AWARE CPU ACTOR POOL (EQCCT) =====
2026-03-29 04:46:20,989 - INFO - Requested concurrent tasks: 1
2026-03-29 04:46:20,992 - INFO - Available CPUs: 4
2026-03-29 04:46:20,995 - INFO - Available RAM: 7083 MB
2026-03-29 04:46:20,998 - INFO - RAM per model: 2264 MB
2026-03-29 04:46:21,001 - INFO - Max actors by RAM: 3
2026-03-29 04:46:21,005 - INFO - Creating 1 ModelActor(s)
2026-03-29 04:46:21,009 - INFO - Let Ray handle scheduling (taskset already restricts CPU visibility)
2026-03-29 04:46:21,011 - INFO - Creating ModelActor 1/1 (2.21GB RAM each)...
2026-03-29 04:46:25,352 - INFO - ModelActor 1 created successfully.
2026-03-29 04:46:25,355 - INFO - Created 1 CPU actor(s). Task queue will handle concurrency.
2026-03-29 04:46:25,358 - INFO - Starting EQCCTPro parallelized waveform processing...
2026-03-29 04:46:25,361 - INFO - 
2026-03-29 04:46:25,364 - INFO - ------- Analyzing Seismic Waveforms for P and S Picks via EQCCT -------
2026-03-29 04:46:25,368 - INFO - Analyzing 0:01:00 minute timechunk from 2025-01-17 12:16:07 to 2025-01-17 12:17:07 (0 min overlap)
2026-03-29 04:46:25,371 - INFO - Processing a total of 1 stations, 1 at a time.
2026-03-29 04:46:29,869 - INFO - (1/1) KUNI: Finished the prediction in 2.43s. (HP=1.0, LP=45.0)
2026-03-29 04:46:29,871 - INFO - 
2026-03-29 04:46:29,874 - INFO - ------- Parallel Station Waveform Processing Complete For 2025-01-17 12:16:07 to 2025-01-17 12:17:07 Timechunk-------
2026-03-29 04:46:29,876 - INFO - Picks saved at /home/blackwinter/projects/eqcct/eqcctpro/results/csv/eqcct_explosions_th0_1/20250117T121607Z_20250117T121707ZProcess Runtime: 4.51 s
2026-03-29 04:46:29,880 - INFO - Successfully ran EQCCTPro, exiting...
2026-03-29 04:46:31,575 - INFO - Ray Successfully Shutdown.
2026-03-29 04:46:31,575 - INFO - ------- Successfully Picked All Waveform(s) from all Timechunk(s) -------
