2026-03-10 17:42:28,053 - INFO - 
2026-03-10 17:42:28,053 - INFO - ------- Welcome to EQCCTPro -------
2026-03-10 17:42:28,053 - INFO - 
2026-03-10 17:42:28,054 - INFO - Running EQCCT over Requested MSeed Files using CPU(s)...
2026-03-10 17:42:28,054 - INFO - GPU disabled (CPU-only).
2026-03-10 17:42:28,054 - INFO - Configured Intra-op threads = 1
2026-03-10 17:42:28,055 - INFO - Configured Inter-op threads = 1
2026-03-10 17:42:28,055 - INFO - TensorFlow: No GPUs visible; TF will proceed on CPU.
2026-03-10 17:42:28,055 - INFO - 
2026-03-10 17:42:33,471 - INFO - Ray Successfully Initialized with 4 CPU(s) ([0, 1, 2, 3] CPU Affinity Binding).
2026-03-10 17:42:33,472 - INFO - Analyzing 1 time chunk(s) from 2025-01-02 11:22:42 to 2025-01-02 11:23:42 (dt=1min, overlap=0min).
2026-03-10 17:42:33,472 - INFO - Using 1 selected station(s).
2026-03-10 17:42:33,472 - INFO - 
2026-03-10 17:42:33,472 - INFO - ------- Starting EQCCTPro... -------
2026-03-10 17:42:33,472 - INFO - Detailed subprocess information can be found in the log file.
2026-03-10 17:42:33,472 - INFO - 
2026-03-10 17:42:33,839 - INFO - GPU disabled (CPU-only).
2026-03-10 17:42:35,348 - INFO - Configured Intra-op threads = 1
2026-03-10 17:42:35,350 - INFO - Configured Inter-op threads = 1
2026-03-10 17:42:35,396 - INFO - TensorFlow: No GPUs visible; TF will proceed on CPU.
2026-03-10 17:42:35,398 - INFO - 
2026-03-10 17:42:35,401 - INFO - ------- Hardware Configuration -------
2026-03-10 17:42:35,403 - INFO - CPU affinity set to cores: [0, 1, 2, 3]
2026-03-10 17:42:35,405 - INFO - 
2026-03-10 17:42:35,408 - INFO - ------- Data Preprocessing for EQCCTPro -------
2026-03-10 17:42:35,410 - INFO - 1 station(s) in /home/blackwinter/projects/eqcct/eqcctpro/data/waveforms_noise_only/20250102T112242Z_20250102T112342Z
2026-03-10 17:42:35,412 - INFO - Using 1 selected station(s): ['KLF'].
2026-03-10 17:42:35,414 - INFO - Creating model actor(s)...
2026-03-10 17:42:35,416 - INFO - System RAM: Total=7870 MB, Available=4265 MB
2026-03-10 17:42:35,419 - INFO - Usable RAM budget: 7083 MB (90% of total)
2026-03-10 17:42:35,421 - INFO - ===== MEMORY-AWARE CPU ACTOR POOL (EQCCT) =====
2026-03-10 17:42:35,423 - INFO - Requested concurrent tasks: 1
2026-03-10 17:42:35,425 - INFO - Available CPUs: 4
2026-03-10 17:42:35,427 - INFO - Available RAM: 7083 MB
2026-03-10 17:42:35,429 - INFO - RAM per model: 2264 MB
2026-03-10 17:42:35,432 - INFO - Max actors by RAM: 3
2026-03-10 17:42:35,434 - INFO - Creating 1 ModelActor(s)
2026-03-10 17:42:35,436 - INFO - Let Ray handle scheduling (taskset already restricts CPU visibility)
2026-03-10 17:42:35,438 - INFO - Creating ModelActor 1/1 (2.21GB RAM each)...
2026-03-10 17:42:39,499 - INFO - ModelActor 1 created successfully.
2026-03-10 17:42:39,501 - INFO - Created 1 CPU actor(s). Task queue will handle concurrency.
2026-03-10 17:42:39,504 - INFO - Starting EQCCTPro parallelized waveform processing...
2026-03-10 17:42:39,506 - INFO - 
2026-03-10 17:42:39,508 - INFO - ------- Analyzing Seismic Waveforms for P and S Picks via EQCCT -------
2026-03-10 17:42:39,511 - INFO - Analyzing 0:01:00 minute timechunk from 2025-01-02 11:22:42 to 2025-01-02 11:23:42 (0 min overlap)
2026-03-10 17:42:39,513 - INFO - Processing a total of 1 stations, 1 at a time.
2026-03-10 17:42:43,614 - INFO - (1/1) KLF: Finished the prediction in 2.15s. (HP=1.0, LP=45.0)
2026-03-10 17:42:43,616 - INFO - 
2026-03-10 17:42:43,618 - INFO - ------- Parallel Station Waveform Processing Complete For 2025-01-02 11:22:42 to 2025-01-02 11:23:42 Timechunk-------
2026-03-10 17:42:43,621 - INFO - Picks saved at /home/blackwinter/projects/eqcct/eqcctpro/results/csv/bm_noise_only/20250102T112242Z_20250102T112342ZProcess Runtime: 4.11 s
2026-03-10 17:42:43,628 - INFO - Successfully ran EQCCTPro, exiting...
2026-03-10 17:42:45,036 - INFO - Ray Successfully Shutdown.
2026-03-10 17:42:45,037 - INFO - ------- Successfully Picked All Waveform(s) from all Timechunk(s) -------
2026-03-11 09:12:01,238 - INFO - 
2026-03-11 09:12:01,245 - INFO - ------- Welcome to EQCCTPro -------
2026-03-11 09:12:01,245 - INFO - 
2026-03-11 09:12:01,246 - INFO - Running EQCCT over Requested MSeed Files using CPU(s)...
2026-03-11 09:12:01,246 - INFO - GPU disabled (CPU-only).
2026-03-11 09:12:01,246 - INFO - Configured Intra-op threads = 1
2026-03-11 09:12:01,246 - INFO - Configured Inter-op threads = 1
2026-03-11 09:12:01,246 - INFO - TensorFlow: No GPUs visible; TF will proceed on CPU.
2026-03-11 09:12:01,246 - INFO - 
2026-03-11 09:12:06,753 - INFO - Ray Successfully Initialized with 4 CPU(s) ([0, 1, 2, 3] CPU Affinity Binding).
2026-03-11 09:12:06,753 - INFO - Analyzing 1 time chunk(s) from 2025-01-02 11:22:42 to 2025-01-02 11:23:42 (dt=1min, overlap=0min).
2026-03-11 09:12:06,754 - INFO - Using 1 selected station(s).
2026-03-11 09:12:06,754 - INFO - 
2026-03-11 09:12:06,754 - INFO - ------- Starting EQCCTPro... -------
2026-03-11 09:12:06,754 - INFO - Detailed subprocess information can be found in the log file.
2026-03-11 09:12:06,754 - INFO - 
2026-03-11 09:12:07,118 - INFO - GPU disabled (CPU-only).
2026-03-11 09:12:08,658 - INFO - Configured Intra-op threads = 1
2026-03-11 09:12:08,661 - INFO - Configured Inter-op threads = 1
2026-03-11 09:12:08,704 - INFO - TensorFlow: No GPUs visible; TF will proceed on CPU.
2026-03-11 09:12:08,706 - INFO - 
2026-03-11 09:12:08,708 - INFO - ------- Hardware Configuration -------
2026-03-11 09:12:08,711 - INFO - CPU affinity set to cores: [0, 1, 2, 3]
2026-03-11 09:12:08,713 - INFO - 
2026-03-11 09:12:08,715 - INFO - ------- Data Preprocessing for EQCCTPro -------
2026-03-11 09:12:08,718 - INFO - 1 station(s) in /home/blackwinter/projects/eqcct/eqcctpro/data/waveforms_noise_only/20250102T112242Z_20250102T112342Z
2026-03-11 09:12:08,721 - INFO - Using 1 selected station(s): ['KLF'].
2026-03-11 09:12:08,723 - INFO - Creating model actor(s)...
2026-03-11 09:12:08,726 - INFO - System RAM: Total=7870 MB, Available=4957 MB
2026-03-11 09:12:08,727 - INFO - Usable RAM budget: 7083 MB (90% of total)
2026-03-11 09:12:08,730 - INFO - ===== MEMORY-AWARE CPU ACTOR POOL (EQCCT) =====
2026-03-11 09:12:08,732 - INFO - Requested concurrent tasks: 1
2026-03-11 09:12:08,734 - INFO - Available CPUs: 4
2026-03-11 09:12:08,737 - INFO - Available RAM: 7083 MB
2026-03-11 09:12:08,739 - INFO - RAM per model: 2264 MB
2026-03-11 09:12:08,741 - INFO - Max actors by RAM: 3
2026-03-11 09:12:08,743 - INFO - Creating 1 ModelActor(s)
2026-03-11 09:12:08,745 - INFO - Let Ray handle scheduling (taskset already restricts CPU visibility)
2026-03-11 09:12:08,747 - INFO - Creating ModelActor 1/1 (2.21GB RAM each)...
2026-03-11 09:12:12,719 - INFO - ModelActor 1 created successfully.
2026-03-11 09:12:12,721 - INFO - Created 1 CPU actor(s). Task queue will handle concurrency.
2026-03-11 09:12:12,723 - INFO - Starting EQCCTPro parallelized waveform processing...
2026-03-11 09:12:12,725 - INFO - 
2026-03-11 09:12:12,728 - INFO - ------- Analyzing Seismic Waveforms for P and S Picks via EQCCT -------
2026-03-11 09:12:12,730 - INFO - Analyzing 0:01:00 minute timechunk from 2025-01-02 11:22:42 to 2025-01-02 11:23:42 (0 min overlap)
2026-03-11 09:12:12,733 - INFO - Processing a total of 1 stations, 1 at a time.
2026-03-11 09:12:14,602 - INFO - (1/1) KLF: Skipped (already exists - overwrite=False).
2026-03-11 09:12:14,604 - INFO - 
2026-03-11 09:12:14,607 - INFO - ------- Parallel Station Waveform Processing Complete For 2025-01-02 11:22:42 to 2025-01-02 11:23:42 Timechunk-------
2026-03-11 09:12:14,610 - INFO - Picks saved at /home/blackwinter/projects/eqcct/eqcctpro/results/csv/bm_noise_only/20250102T112242Z_20250102T112342ZProcess Runtime: 1.88 s
2026-03-11 09:12:14,613 - INFO - Successfully ran EQCCTPro, exiting...
2026-03-11 09:12:16,146 - INFO - Ray Successfully Shutdown.
2026-03-11 09:12:16,146 - INFO - ------- Successfully Picked All Waveform(s) from all Timechunk(s) -------
