2026-02-22 12:44:40,786 - INFO - 
2026-02-22 12:44:40,786 - INFO - ------- Welcome to EQCCTPro -------
2026-02-22 12:44:40,786 - INFO - 
2026-02-22 12:44:40,786 - INFO - Running EQCCT over Requested MSeed Files using CPU(s)...
2026-02-22 12:44:40,786 - INFO - GPU disabled (CPU-only).
2026-02-22 12:44:40,787 - INFO - Configured Intra-op threads = 1
2026-02-22 12:44:40,787 - INFO - Configured Inter-op threads = 1
2026-02-22 12:44:40,787 - INFO - TensorFlow: No GPUs visible; TF will proceed on CPU.
2026-02-22 12:44:40,787 - INFO - 
2026-02-22 12:44:46,101 - INFO - Ray Successfully Initialized with 4 CPU(s) ([0, 1, 2, 3] CPU Affinity Binding).
2026-02-22 12:44:46,102 - INFO - Analyzing 1 time chunk(s) from 2025-01-27 01:30:02 to 2025-01-27 01:31:02 (dt=1min, overlap=0min).
2026-02-22 12:44:46,102 - INFO - Using 1 selected station(s).
2026-02-22 12:44:46,102 - INFO - 
2026-02-22 12:44:46,103 - INFO - ------- Starting EQCCTPro... -------
2026-02-22 12:44:46,103 - INFO - Detailed subprocess information can be found in the log file.
2026-02-22 12:44:46,103 - INFO - 
2026-02-22 12:44:46,520 - INFO - GPU disabled (CPU-only).
2026-02-22 12:44:48,189 - INFO - Configured Intra-op threads = 1
2026-02-22 12:44:48,194 - INFO - Configured Inter-op threads = 1
2026-02-22 12:44:48,235 - INFO - TensorFlow: No GPUs visible; TF will proceed on CPU.
2026-02-22 12:44:48,237 - INFO - 
2026-02-22 12:44:48,240 - INFO - ------- Hardware Configuration -------
2026-02-22 12:44:48,242 - INFO - CPU affinity set to cores: [0, 1, 2, 3]
2026-02-22 12:44:48,244 - INFO - 
2026-02-22 12:44:48,246 - INFO - ------- Data Preprocessing for EQCCTPro -------
2026-02-22 12:44:48,248 - INFO - 1 station(s) in /home/blackwinter/projects/eqcct/eqcctpro/data/waveforms_earthquakes_nonoise/20250127T013002Z_20250127T013102Z
2026-02-22 12:44:48,250 - INFO - Using 1 selected station(s): ['LAUT'].
2026-02-22 12:44:48,253 - INFO - Creating model actor(s)...
2026-02-22 12:44:48,255 - INFO - System RAM: Total=7870 MB, Available=3130 MB
2026-02-22 12:44:48,257 - INFO - Usable RAM budget: 7083 MB (90% of total)
2026-02-22 12:44:48,260 - INFO - ===== MEMORY-AWARE CPU ACTOR POOL (EQCCT) =====
2026-02-22 12:44:48,262 - INFO - Requested concurrent tasks: 1
2026-02-22 12:44:48,265 - INFO - Available CPUs: 4
2026-02-22 12:44:48,267 - INFO - Available RAM: 7083 MB
2026-02-22 12:44:48,269 - INFO - RAM per model: 2264 MB
2026-02-22 12:44:48,271 - INFO - Max actors by RAM: 3
2026-02-22 12:44:48,273 - INFO - Creating 1 ModelActor(s)
2026-02-22 12:44:48,275 - INFO - Let Ray handle scheduling (taskset already restricts CPU visibility)
2026-02-22 12:44:48,277 - INFO - Creating ModelActor 1/1 (2.21GB RAM each)...
2026-02-22 12:44:52,224 - INFO - ModelActor 1 created successfully.
2026-02-22 12:44:52,226 - INFO - Created 1 CPU actor(s). Task queue will handle concurrency.
2026-02-22 12:44:52,229 - INFO - Starting EQCCTPro parallelized waveform processing...
2026-02-22 12:44:52,231 - INFO - 
2026-02-22 12:44:52,233 - INFO - ------- Analyzing Seismic Waveforms for P and S Picks via EQCCT -------
2026-02-22 12:44:52,236 - INFO - Analyzing 0:01:00 minute timechunk from 2025-01-27 01:30:02 to 2025-01-27 01:31:02 (0 min overlap)
2026-02-22 12:44:52,238 - INFO - Processing a total of 1 stations, 1 at a time.
2026-02-22 12:44:56,288 - INFO - (1/1) LAUT: Finished the prediction in 2.12s. (HP=1.0, LP=45.0)
2026-02-22 12:44:56,290 - INFO - 
2026-02-22 12:44:56,293 - INFO - ------- Parallel Station Waveform Processing Complete For 2025-01-27 01:30:02 to 2025-01-27 01:31:02 Timechunk-------
2026-02-22 12:44:56,295 - INFO - Picks saved at /home/blackwinter/projects/eqcct/eqcctpro/results/csv/bm_eq_nonoise/20250127T013002Z_20250127T013102ZProcess Runtime: 4.06 s
2026-02-22 12:44:56,301 - INFO - Successfully ran EQCCTPro, exiting...
2026-02-22 12:44:57,593 - INFO - Ray Successfully Shutdown.
2026-02-22 12:44:57,593 - INFO - ------- Successfully Picked All Waveform(s) from all Timechunk(s) -------
