2026-03-28 16:34:38,125 - INFO - 
2026-03-28 16:34:38,125 - INFO - ------- Welcome to EQCCTPro -------
2026-03-28 16:34:38,125 - INFO - 
2026-03-28 16:34:38,126 - INFO - Running EQCCT over Requested MSeed Files using CPU(s)...
2026-03-28 16:34:38,126 - INFO - GPU disabled (CPU-only).
2026-03-28 16:34:38,126 - INFO - Skipping framework-specific initialization in the driver process.
2026-03-28 16:34:40,677 - INFO - Ray Successfully Initialized with 4 CPU(s) ([0, 1, 2, 3] CPU Affinity Binding).
2026-03-28 16:34:40,678 - INFO - Analyzing 1 time chunk(s) from 2025-01-08 10:42:34 to 2025-01-08 10:43:34 (dt=1min, overlap=0min).
2026-03-28 16:34:40,678 - INFO - Using 1 selected station(s).
2026-03-28 16:34:40,678 - INFO - 
2026-03-28 16:34:40,678 - INFO - ------- Starting EQCCTPro... -------
2026-03-28 16:34:40,678 - INFO - Detailed subprocess information can be found in the log file.
2026-03-28 16:34:40,679 - INFO - 
2026-03-28 16:34:40,972 - INFO - GPU disabled (CPU-only).
2026-03-28 16:34:40,978 - INFO - Skipping framework-specific initialization in the driver process.
2026-03-28 16:34:40,981 - INFO - ------- Hardware Configuration -------
2026-03-28 16:34:40,984 - INFO - CPU affinity set to cores: [0, 1, 2, 3]
2026-03-28 16:34:40,987 - INFO - 
2026-03-28 16:34:40,991 - INFO - ------- Data Preprocessing for EQCCTPro -------
2026-03-28 16:34:40,994 - INFO - 1 station(s) in /home/blackwinter/projects/eqcct/eqcctpro/data/waveforms_explosions_nonoise/20250108T104234Z_20250108T104334Z
2026-03-28 16:34:40,997 - INFO - Using 1 selected station(s): ['PVF'].
2026-03-28 16:34:41,000 - INFO - Creating model actor(s)...
2026-03-28 16:34:41,004 - INFO - System RAM: Total=7870 MB, Available=4359 MB
2026-03-28 16:34:41,007 - INFO - Usable RAM budget: 7083 MB (90% of total)
2026-03-28 16:34:41,010 - INFO - ===== MEMORY-AWARE CPU ACTOR POOL =====
2026-03-28 16:34:41,013 - INFO - Requested concurrent tasks: 1
2026-03-28 16:34:41,016 - INFO - Available CPUs: 4
2026-03-28 16:34:41,020 - INFO - Available RAM: 7083 MB
2026-03-28 16:34:41,025 - INFO - RAM per model: 2060 MB
2026-03-28 16:34:41,030 - INFO - Max actors by RAM: 3
2026-03-28 16:34:41,033 - INFO - Creating 1 SeisBenchModelActor(s)
2026-03-28 16:34:41,037 - INFO - Let Ray handle scheduling (taskset already restricts CPU visibility)
2026-03-28 16:34:41,040 - INFO - Creating SeisBenchModelActor 1/1 (2.01GB RAM each)...
2026-03-28 16:34:44,324 - INFO - SeisBenchModelActor 1 created successfully.
2026-03-28 16:34:44,327 - INFO - Created 1 CPU actor(s). Task queue will handle concurrency.
2026-03-28 16:34:44,330 - INFO - Starting EQCCTPro parallelized waveform processing...
2026-03-28 16:34:44,332 - INFO - 
2026-03-28 16:34:44,335 - INFO - ------- Analyzing Seismic Waveforms for P and S Picks via SeisBench (EQTransformer - original_nonconservative) -------
2026-03-28 16:34:44,338 - INFO - Analyzing 0:01:00 minute timechunk from 2025-01-08 10:42:34 to 2025-01-08 10:43:34 (0 min overlap)
2026-03-28 16:34:44,341 - INFO - Processing a total of 1 stations, 1 at a time.
2026-03-28 16:34:46,784 - INFO - (1/1) PVF: Finished the prediction in 0.14s. (HP=1.0, LP=45.0, picks=2)
2026-03-28 16:34:46,787 - INFO - 
2026-03-28 16:34:46,790 - INFO - ------- Parallel Station Waveform Processing Complete For 2025-01-08 10:42:34 to 2025-01-08 10:43:34 Timechunk-------
2026-03-28 16:34:46,793 - INFO - Picks saved at /home/blackwinter/projects/eqcct/eqcctpro/results/csv/eqt_explosions_th0_1/20250108T104234Z_20250108T104334ZProcess Runtime: 2.46 s
2026-03-28 16:34:46,799 - INFO - Successfully ran EQCCTPro, exiting...
2026-03-28 16:34:48,327 - INFO - Ray Successfully Shutdown.
2026-03-28 16:34:48,327 - INFO - ------- Successfully Picked All Waveform(s) from all Timechunk(s) -------
