2026-03-27 17:06:06,228 - INFO - 
2026-03-27 17:06:06,228 - INFO - ------- Welcome to EQCCTPro -------
2026-03-27 17:06:06,228 - INFO - 
2026-03-27 17:06:06,229 - INFO - Running EQCCT over Requested MSeed Files using CPU(s)...
2026-03-27 17:06:06,229 - INFO - GPU disabled (CPU-only).
2026-03-27 17:06:06,229 - INFO - Skipping framework-specific initialization in the driver process.
2026-03-27 17:06:08,933 - INFO - Ray Successfully Initialized with 4 CPU(s) ([0, 1, 2, 3] CPU Affinity Binding).
2026-03-27 17:06:08,934 - INFO - Analyzing 1 time chunk(s) from 2025-01-15 07:58:26 to 2025-01-15 07:59:26 (dt=1min, overlap=0min).
2026-03-27 17:06:08,934 - INFO - Using 1 selected station(s).
2026-03-27 17:06:08,934 - INFO - 
2026-03-27 17:06:08,934 - INFO - ------- Starting EQCCTPro... -------
2026-03-27 17:06:08,934 - INFO - Detailed subprocess information can be found in the log file.
2026-03-27 17:06:08,935 - INFO - 
2026-03-27 17:06:09,323 - INFO - GPU disabled (CPU-only).
2026-03-27 17:06:09,330 - INFO - Skipping framework-specific initialization in the driver process.
2026-03-27 17:06:09,333 - INFO - ------- Hardware Configuration -------
2026-03-27 17:06:09,337 - INFO - CPU affinity set to cores: [0, 1, 2, 3]
2026-03-27 17:06:09,339 - INFO - 
2026-03-27 17:06:09,342 - INFO - ------- Data Preprocessing for EQCCTPro -------
2026-03-27 17:06:09,345 - INFO - 1 station(s) in /home/blackwinter/projects/eqcct/eqcctpro/data/waveforms_earthquakes_nonoise/20250115T075826Z_20250115T075926Z
2026-03-27 17:06:09,347 - INFO - Using 1 selected station(s): ['KLF'].
2026-03-27 17:06:09,350 - INFO - Creating model actor(s)...
2026-03-27 17:06:09,353 - INFO - System RAM: Total=7870 MB, Available=6195 MB
2026-03-27 17:06:09,356 - INFO - Usable RAM budget: 7083 MB (90% of total)
2026-03-27 17:06:09,358 - INFO - ===== MEMORY-AWARE CPU ACTOR POOL =====
2026-03-27 17:06:09,361 - INFO - Requested concurrent tasks: 1
2026-03-27 17:06:09,364 - INFO - Available CPUs: 4
2026-03-27 17:06:09,366 - INFO - Available RAM: 7083 MB
2026-03-27 17:06:09,369 - INFO - RAM per model: 2060 MB
2026-03-27 17:06:09,371 - INFO - Max actors by RAM: 3
2026-03-27 17:06:09,374 - INFO - Creating 1 SeisBenchModelActor(s)
2026-03-27 17:06:09,377 - INFO - Let Ray handle scheduling (taskset already restricts CPU visibility)
2026-03-27 17:06:09,380 - INFO - Creating SeisBenchModelActor 1/1 (2.01GB RAM each)...
2026-03-27 17:06:13,089 - INFO - SeisBenchModelActor 1 created successfully.
2026-03-27 17:06:13,093 - INFO - Created 1 CPU actor(s). Task queue will handle concurrency.
2026-03-27 17:06:13,096 - INFO - Starting EQCCTPro parallelized waveform processing...
2026-03-27 17:06:13,098 - INFO - 
2026-03-27 17:06:13,100 - INFO - ------- Analyzing Seismic Waveforms for P and S Picks via SeisBench (EQTransformer - original_nonconservative) -------
2026-03-27 17:06:13,103 - INFO - Analyzing 0:01:00 minute timechunk from 2025-01-15 07:58:26 to 2025-01-15 07:59:26 (0 min overlap)
2026-03-27 17:06:13,106 - INFO - Processing a total of 1 stations, 1 at a time.
2026-03-27 17:06:15,712 - INFO - (1/1) KLF: Finished the prediction in 0.14s. (HP=1.0, LP=45.0, picks=3)
2026-03-27 17:06:15,715 - INFO - 
2026-03-27 17:06:15,718 - INFO - ------- Parallel Station Waveform Processing Complete For 2025-01-15 07:58:26 to 2025-01-15 07:59:26 Timechunk-------
2026-03-27 17:06:15,720 - INFO - Picks saved at /home/blackwinter/projects/eqcct/eqcctpro/results/csv/eqt_earthquakes_th0_1/20250115T075826Z_20250115T075926ZProcess Runtime: 2.62 s
2026-03-27 17:06:15,724 - INFO - Successfully ran EQCCTPro, exiting...
2026-03-27 17:06:17,237 - INFO - Ray Successfully Shutdown.
2026-03-27 17:06:17,238 - INFO - ------- Successfully Picked All Waveform(s) from all Timechunk(s) -------
2026-03-27 23:37:30,772 - INFO - 
2026-03-27 23:37:30,773 - INFO - ------- Welcome to EQCCTPro -------
2026-03-27 23:37:30,773 - INFO - 
2026-03-27 23:37:30,773 - INFO - Running EQCCT over Requested MSeed Files using CPU(s)...
2026-03-27 23:37:30,774 - INFO - GPU disabled (CPU-only).
2026-03-27 23:37:30,774 - INFO - Skipping framework-specific initialization in the driver process.
2026-03-27 23:37:33,162 - INFO - Ray Successfully Initialized with 4 CPU(s) ([0, 1, 2, 3] CPU Affinity Binding).
2026-03-27 23:37:33,162 - INFO - Analyzing 1 time chunk(s) from 2025-01-15 07:58:26 to 2025-01-15 07:59:26 (dt=1min, overlap=0min).
2026-03-27 23:37:33,162 - INFO - Using 1 selected station(s).
2026-03-27 23:37:33,162 - INFO - 
2026-03-27 23:37:33,163 - INFO - ------- Starting EQCCTPro... -------
2026-03-27 23:37:33,163 - INFO - Detailed subprocess information can be found in the log file.
2026-03-27 23:37:33,163 - INFO - 
2026-03-27 23:37:33,432 - INFO - GPU disabled (CPU-only).
2026-03-27 23:37:33,436 - INFO - Skipping framework-specific initialization in the driver process.
2026-03-27 23:37:33,439 - INFO - ------- Hardware Configuration -------
2026-03-27 23:37:33,442 - INFO - CPU affinity set to cores: [0, 1, 2, 3]
2026-03-27 23:37:33,444 - INFO - 
2026-03-27 23:37:33,446 - INFO - ------- Data Preprocessing for EQCCTPro -------
2026-03-27 23:37:33,449 - INFO - 1 station(s) in /home/blackwinter/projects/eqcct/eqcctpro/data/waveforms_earthquakes_nonoise/20250115T075826Z_20250115T075926Z
2026-03-27 23:37:33,451 - INFO - Using 1 selected station(s): ['KLF'].
2026-03-27 23:37:33,454 - INFO - Creating model actor(s)...
2026-03-27 23:37:33,457 - INFO - System RAM: Total=7870 MB, Available=6058 MB
2026-03-27 23:37:33,460 - INFO - Usable RAM budget: 7083 MB (90% of total)
2026-03-27 23:37:33,462 - INFO - ===== MEMORY-AWARE CPU ACTOR POOL =====
2026-03-27 23:37:33,464 - INFO - Requested concurrent tasks: 1
2026-03-27 23:37:33,466 - INFO - Available CPUs: 4
2026-03-27 23:37:33,469 - INFO - Available RAM: 7083 MB
2026-03-27 23:37:33,471 - INFO - RAM per model: 2060 MB
2026-03-27 23:37:33,474 - INFO - Max actors by RAM: 3
2026-03-27 23:37:33,476 - INFO - Creating 1 SeisBenchModelActor(s)
2026-03-27 23:37:33,478 - INFO - Let Ray handle scheduling (taskset already restricts CPU visibility)
2026-03-27 23:37:33,481 - INFO - Creating SeisBenchModelActor 1/1 (2.01GB RAM each)...
2026-03-27 23:37:36,286 - INFO - SeisBenchModelActor 1 created successfully.
2026-03-27 23:37:36,288 - INFO - Created 1 CPU actor(s). Task queue will handle concurrency.
2026-03-27 23:37:36,291 - INFO - Starting EQCCTPro parallelized waveform processing...
2026-03-27 23:37:36,294 - INFO - 
2026-03-27 23:37:36,297 - INFO - ------- Analyzing Seismic Waveforms for P and S Picks via SeisBench (EQTransformer - original_nonconservative) -------
2026-03-27 23:37:36,300 - INFO - Analyzing 0:01:00 minute timechunk from 2025-01-15 07:58:26 to 2025-01-15 07:59:26 (0 min overlap)
2026-03-27 23:37:36,302 - INFO - Processing a total of 1 stations, 1 at a time.
2026-03-27 23:37:38,366 - INFO - (1/1) KLF: Skipped (already exists - overwrite=False).
2026-03-27 23:37:38,368 - INFO - 
2026-03-27 23:37:38,371 - INFO - ------- Parallel Station Waveform Processing Complete For 2025-01-15 07:58:26 to 2025-01-15 07:59:26 Timechunk-------
2026-03-27 23:37:38,373 - INFO - Picks saved at /home/blackwinter/projects/eqcct/eqcctpro/results/csv/eqt_earthquakes_th0_1/20250115T075826Z_20250115T075926ZProcess Runtime: 2.08 s
2026-03-27 23:37:38,381 - INFO - Successfully ran EQCCTPro, exiting...
2026-03-27 23:37:39,874 - INFO - Ray Successfully Shutdown.
2026-03-27 23:37:39,874 - INFO - ------- Successfully Picked All Waveform(s) from all Timechunk(s) -------
