2026-03-11 01:55:01,159 - INFO - 
2026-03-11 01:55:01,159 - INFO - ------- Welcome to EQCCTPro -------
2026-03-11 01:55:01,160 - INFO - 
2026-03-11 01:55:01,160 - INFO - Running EQCCT over Requested MSeed Files using CPU(s)...
2026-03-11 01:55:01,160 - INFO - GPU disabled (CPU-only).
2026-03-11 01:55:01,161 - INFO - Configured Intra-op threads = 1
2026-03-11 01:55:01,161 - INFO - Configured Inter-op threads = 1
2026-03-11 01:55:01,161 - INFO - TensorFlow: No GPUs visible; TF will proceed on CPU.
2026-03-11 01:55:01,161 - INFO - 
2026-03-11 01:55:06,502 - INFO - Ray Successfully Initialized with 4 CPU(s) ([0, 1, 2, 3] CPU Affinity Binding).
2026-03-11 01:55:06,503 - INFO - Analyzing 1 time chunk(s) from 2025-01-12 08:30:28 to 2025-01-12 08:31:28 (dt=1min, overlap=0min).
2026-03-11 01:55:06,503 - INFO - Using 1 selected station(s).
2026-03-11 01:55:06,503 - INFO - 
2026-03-11 01:55:06,503 - INFO - ------- Starting EQCCTPro... -------
2026-03-11 01:55:06,503 - INFO - Detailed subprocess information can be found in the log file.
2026-03-11 01:55:06,504 - INFO - 
2026-03-11 01:55:06,890 - INFO - GPU disabled (CPU-only).
2026-03-11 01:55:08,388 - INFO - Configured Intra-op threads = 1
2026-03-11 01:55:08,391 - INFO - Configured Inter-op threads = 1
2026-03-11 01:55:08,430 - INFO - TensorFlow: No GPUs visible; TF will proceed on CPU.
2026-03-11 01:55:08,433 - INFO - 
2026-03-11 01:55:08,435 - INFO - ------- Hardware Configuration -------
2026-03-11 01:55:08,438 - INFO - CPU affinity set to cores: [0, 1, 2, 3]
2026-03-11 01:55:08,440 - INFO - 
2026-03-11 01:55:08,442 - INFO - ------- Data Preprocessing for EQCCTPro -------
2026-03-11 01:55:08,445 - INFO - 1 station(s) in /home/blackwinter/projects/eqcct/eqcctpro/data/waveforms_noise_only/20250112T083028Z_20250112T083128Z
2026-03-11 01:55:08,446 - INFO - Using 1 selected station(s): ['HEL1'].
2026-03-11 01:55:08,448 - INFO - Creating model actor(s)...
2026-03-11 01:55:08,450 - INFO - System RAM: Total=7870 MB, Available=2336 MB
2026-03-11 01:55:08,452 - INFO - Usable RAM budget: 7083 MB (90% of total)
2026-03-11 01:55:08,454 - INFO - ===== MEMORY-AWARE CPU ACTOR POOL (EQCCT) =====
2026-03-11 01:55:08,456 - INFO - Requested concurrent tasks: 1
2026-03-11 01:55:08,458 - INFO - Available CPUs: 4
2026-03-11 01:55:08,459 - INFO - Available RAM: 7083 MB
2026-03-11 01:55:08,461 - INFO - RAM per model: 2264 MB
2026-03-11 01:55:08,463 - INFO - Max actors by RAM: 3
2026-03-11 01:55:08,465 - INFO - Creating 1 ModelActor(s)
2026-03-11 01:55:08,467 - INFO - Let Ray handle scheduling (taskset already restricts CPU visibility)
2026-03-11 01:55:08,470 - INFO - Creating ModelActor 1/1 (2.21GB RAM each)...
2026-03-11 01:55:12,337 - INFO - ModelActor 1 created successfully.
2026-03-11 01:55:12,340 - INFO - Created 1 CPU actor(s). Task queue will handle concurrency.
2026-03-11 01:55:12,342 - INFO - Starting EQCCTPro parallelized waveform processing...
2026-03-11 01:55:12,344 - INFO - 
2026-03-11 01:55:12,346 - INFO - ------- Analyzing Seismic Waveforms for P and S Picks via EQCCT -------
2026-03-11 01:55:12,348 - INFO - Analyzing 0:01:00 minute timechunk from 2025-01-12 08:30:28 to 2025-01-12 08:31:28 (0 min overlap)
2026-03-11 01:55:12,350 - INFO - Processing a total of 1 stations, 1 at a time.
2026-03-11 01:55:16,385 - INFO - (1/1) HEL1: Finished the prediction in 2.13s. (HP=1.0, LP=45.0)
2026-03-11 01:55:16,387 - INFO - 
2026-03-11 01:55:16,390 - INFO - ------- Parallel Station Waveform Processing Complete For 2025-01-12 08:30:28 to 2025-01-12 08:31:28 Timechunk-------
2026-03-11 01:55:16,395 - INFO - Successfully ran EQCCTPro, exiting...
2026-03-11 01:55:16,392 - INFO - Picks saved at /home/blackwinter/projects/eqcct/eqcctpro/results/csv/bm_noise_only/20250112T083028Z_20250112T083128ZProcess Runtime: 4.05 s
2026-03-11 01:55:17,874 - INFO - Ray Successfully Shutdown.
2026-03-11 01:55:17,875 - INFO - ------- Successfully Picked All Waveform(s) from all Timechunk(s) -------
2026-03-11 16:18:21,393 - INFO - 
2026-03-11 16:18:21,393 - INFO - ------- Welcome to EQCCTPro -------
2026-03-11 16:18:21,393 - INFO - 
2026-03-11 16:18:21,394 - INFO - Running EQCCT over Requested MSeed Files using CPU(s)...
2026-03-11 16:18:21,394 - INFO - GPU disabled (CPU-only).
2026-03-11 16:18:21,394 - INFO - Configured Intra-op threads = 1
2026-03-11 16:18:21,394 - INFO - Configured Inter-op threads = 1
2026-03-11 16:18:21,394 - INFO - TensorFlow: No GPUs visible; TF will proceed on CPU.
2026-03-11 16:18:21,394 - INFO - 
2026-03-11 16:18:26,809 - INFO - Ray Successfully Initialized with 4 CPU(s) ([0, 1, 2, 3] CPU Affinity Binding).
2026-03-11 16:18:26,810 - INFO - Analyzing 1 time chunk(s) from 2025-01-12 08:30:28 to 2025-01-12 08:31:28 (dt=1min, overlap=0min).
2026-03-11 16:18:26,811 - INFO - Using 1 selected station(s).
2026-03-11 16:18:26,811 - INFO - 
2026-03-11 16:18:26,811 - INFO - ------- Starting EQCCTPro... -------
2026-03-11 16:18:26,811 - INFO - Detailed subprocess information can be found in the log file.
2026-03-11 16:18:26,812 - INFO - 
2026-03-11 16:18:27,228 - INFO - GPU disabled (CPU-only).
2026-03-11 16:18:28,711 - INFO - Configured Intra-op threads = 1
2026-03-11 16:18:28,714 - INFO - Configured Inter-op threads = 1
2026-03-11 16:18:28,756 - INFO - TensorFlow: No GPUs visible; TF will proceed on CPU.
2026-03-11 16:18:28,759 - INFO - 
2026-03-11 16:18:28,762 - INFO - ------- Hardware Configuration -------
2026-03-11 16:18:28,764 - INFO - CPU affinity set to cores: [0, 1, 2, 3]
2026-03-11 16:18:28,766 - INFO - 
2026-03-11 16:18:28,769 - INFO - ------- Data Preprocessing for EQCCTPro -------
2026-03-11 16:18:28,771 - INFO - 1 station(s) in /home/blackwinter/projects/eqcct/eqcctpro/data/waveforms_noise_only/20250112T083028Z_20250112T083128Z
2026-03-11 16:18:28,773 - INFO - Using 1 selected station(s): ['HEL1'].
2026-03-11 16:18:28,775 - INFO - Creating model actor(s)...
2026-03-11 16:18:28,777 - INFO - System RAM: Total=7870 MB, Available=3327 MB
2026-03-11 16:18:28,780 - INFO - Usable RAM budget: 7083 MB (90% of total)
2026-03-11 16:18:28,782 - INFO - ===== MEMORY-AWARE CPU ACTOR POOL (EQCCT) =====
2026-03-11 16:18:28,783 - INFO - Requested concurrent tasks: 1
2026-03-11 16:18:28,785 - INFO - Available CPUs: 4
2026-03-11 16:18:28,788 - INFO - Available RAM: 7083 MB
2026-03-11 16:18:28,789 - INFO - RAM per model: 2264 MB
2026-03-11 16:18:28,791 - INFO - Max actors by RAM: 3
2026-03-11 16:18:28,793 - INFO - Creating 1 ModelActor(s)
2026-03-11 16:18:28,796 - INFO - Let Ray handle scheduling (taskset already restricts CPU visibility)
2026-03-11 16:18:28,798 - INFO - Creating ModelActor 1/1 (2.21GB RAM each)...
2026-03-11 16:18:32,659 - INFO - ModelActor 1 created successfully.
2026-03-11 16:18:32,661 - INFO - Created 1 CPU actor(s). Task queue will handle concurrency.
2026-03-11 16:18:32,664 - INFO - Starting EQCCTPro parallelized waveform processing...
2026-03-11 16:18:32,666 - INFO - 
2026-03-11 16:18:32,668 - INFO - ------- Analyzing Seismic Waveforms for P and S Picks via EQCCT -------
2026-03-11 16:18:32,671 - INFO - Analyzing 0:01:00 minute timechunk from 2025-01-12 08:30:28 to 2025-01-12 08:31:28 (0 min overlap)
2026-03-11 16:18:32,673 - INFO - Processing a total of 1 stations, 1 at a time.
2026-03-11 16:18:34,601 - INFO - (1/1) HEL1: Skipped (already exists - overwrite=False).
2026-03-11 16:18:34,604 - INFO - 
2026-03-11 16:18:34,606 - INFO - ------- Parallel Station Waveform Processing Complete For 2025-01-12 08:30:28 to 2025-01-12 08:31:28 Timechunk-------
2026-03-11 16:18:34,612 - INFO - Successfully ran EQCCTPro, exiting...
2026-03-11 16:18:34,608 - INFO - Picks saved at /home/blackwinter/projects/eqcct/eqcctpro/results/csv/bm_noise_only/20250112T083028Z_20250112T083128ZProcess Runtime: 1.94 s
2026-03-11 16:18:36,239 - INFO - Ray Successfully Shutdown.
2026-03-11 16:18:36,239 - INFO - ------- Successfully Picked All Waveform(s) from all Timechunk(s) -------
