2026-03-29 16:33:44,114 - INFO - 
2026-03-29 16:33:44,114 - INFO - ------- Welcome to EQCCTPro -------
2026-03-29 16:33:44,114 - INFO - 
2026-03-29 16:33:44,115 - INFO - Running EQCCT over Requested MSeed Files using CPU(s)...
2026-03-29 16:33:44,115 - INFO - GPU disabled (CPU-only).
2026-03-29 16:33:44,115 - INFO - Configured Intra-op threads = 1
2026-03-29 16:33:44,115 - INFO - Configured Inter-op threads = 1
2026-03-29 16:33:44,115 - INFO - TensorFlow: No GPUs visible; TF will proceed on CPU.
2026-03-29 16:33:44,116 - INFO - 
2026-03-29 16:33:49,811 - INFO - Ray Successfully Initialized with 4 CPU(s) ([0, 1, 2, 3] CPU Affinity Binding).
2026-03-29 16:33:49,812 - INFO - Analyzing 1 time chunk(s) from 2025-01-10 11:59:29 to 2025-01-10 12:00:29 (dt=1min, overlap=0min).
2026-03-29 16:33:49,812 - INFO - Using 1 selected station(s).
2026-03-29 16:33:49,812 - INFO - 
2026-03-29 16:33:49,812 - INFO - ------- Starting EQCCTPro... -------
2026-03-29 16:33:49,812 - INFO - Detailed subprocess information can be found in the log file.
2026-03-29 16:33:49,812 - INFO - 
2026-03-29 16:33:50,182 - INFO - GPU disabled (CPU-only).
2026-03-29 16:33:51,750 - INFO - Configured Intra-op threads = 1
2026-03-29 16:33:51,753 - INFO - Configured Inter-op threads = 1
2026-03-29 16:33:51,798 - INFO - TensorFlow: No GPUs visible; TF will proceed on CPU.
2026-03-29 16:33:51,801 - INFO - 
2026-03-29 16:33:51,804 - INFO - ------- Hardware Configuration -------
2026-03-29 16:33:51,807 - INFO - CPU affinity set to cores: [0, 1, 2, 3]
2026-03-29 16:33:51,810 - INFO - 
2026-03-29 16:33:51,813 - INFO - ------- Data Preprocessing for EQCCTPro -------
2026-03-29 16:33:51,816 - INFO - 1 station(s) in /home/blackwinter/projects/eqcct/eqcctpro/data/waveforms_noise_only/20250110T115929Z_20250110T120029Z
2026-03-29 16:33:51,819 - INFO - Using 1 selected station(s): ['MSF'].
2026-03-29 16:33:51,822 - INFO - Creating model actor(s)...
2026-03-29 16:33:51,826 - INFO - System RAM: Total=7870 MB, Available=4004 MB
2026-03-29 16:33:51,829 - INFO - Usable RAM budget: 7083 MB (90% of total)
2026-03-29 16:33:51,832 - INFO - ===== MEMORY-AWARE CPU ACTOR POOL (EQCCT) =====
2026-03-29 16:33:51,835 - INFO - Requested concurrent tasks: 1
2026-03-29 16:33:51,838 - INFO - Available CPUs: 4
2026-03-29 16:33:51,840 - INFO - Available RAM: 7083 MB
2026-03-29 16:33:51,843 - INFO - RAM per model: 2264 MB
2026-03-29 16:33:51,846 - INFO - Max actors by RAM: 3
2026-03-29 16:33:51,849 - INFO - Creating 1 ModelActor(s)
2026-03-29 16:33:51,852 - INFO - Let Ray handle scheduling (taskset already restricts CPU visibility)
2026-03-29 16:33:51,854 - INFO - Creating ModelActor 1/1 (2.21GB RAM each)...
2026-03-29 16:33:56,137 - INFO - ModelActor 1 created successfully.
2026-03-29 16:33:56,139 - INFO - Created 1 CPU actor(s). Task queue will handle concurrency.
2026-03-29 16:33:56,142 - INFO - Starting EQCCTPro parallelized waveform processing...
2026-03-29 16:33:56,144 - INFO - 
2026-03-29 16:33:56,147 - INFO - ------- Analyzing Seismic Waveforms for P and S Picks via EQCCT -------
2026-03-29 16:33:56,150 - INFO - Analyzing 0:01:00 minute timechunk from 2025-01-10 11:59:29 to 2025-01-10 12:00:29 (0 min overlap)
2026-03-29 16:33:56,153 - INFO - Processing a total of 1 stations, 1 at a time.
2026-03-29 16:33:58,773 - INFO - (1/1) MSF: FAILED reading mSEED.
2026-03-29 16:33:58,775 - INFO - 
2026-03-29 16:33:58,777 - INFO - ------- Parallel Station Waveform Processing Complete For 2025-01-10 11:59:29 to 2025-01-10 12:00:29 Timechunk-------
2026-03-29 16:33:58,780 - INFO - Picks saved at /home/blackwinter/projects/eqcct/eqcctpro/results/csv/eqcct_noise_th0_1/20250110T115929Z_20250110T120029ZProcess Runtime: 2.63 s
2026-03-29 16:33:58,785 - INFO - Successfully ran EQCCTPro, exiting...
2026-03-29 16:34:00,458 - INFO - Ray Successfully Shutdown.
2026-03-29 16:34:00,458 - INFO - ------- Successfully Picked All Waveform(s) from all Timechunk(s) -------
