2026-03-28 21:38:01,694 - INFO - 
2026-03-28 21:38:01,694 - INFO - ------- Welcome to EQCCTPro -------
2026-03-28 21:38:01,694 - INFO - 
2026-03-28 21:38:01,694 - INFO - Running EQCCT over Requested MSeed Files using CPU(s)...
2026-03-28 21:38:01,695 - INFO - GPU disabled (CPU-only).
2026-03-29 07:50:48,839 - INFO - 
2026-03-29 07:50:48,839 - INFO - ------- Welcome to EQCCTPro -------
2026-03-29 07:50:48,839 - INFO - 
2026-03-29 07:50:48,841 - INFO - Running EQCCT over Requested MSeed Files using CPU(s)...
2026-03-29 07:50:48,841 - INFO - GPU disabled (CPU-only).
2026-03-29 07:50:48,841 - INFO - Configured Intra-op threads = 1
2026-03-29 07:50:48,842 - INFO - Configured Inter-op threads = 1
2026-03-29 07:50:48,842 - INFO - TensorFlow: No GPUs visible; TF will proceed on CPU.
2026-03-29 07:50:48,842 - INFO - 
2026-03-29 07:50:53,879 - INFO - Ray Successfully Initialized with 4 CPU(s) ([0, 1, 2, 3] CPU Affinity Binding).
2026-03-29 07:50:53,879 - INFO - Analyzing 1 time chunk(s) from 2025-01-24 09:49:21 to 2025-01-24 09:50:21 (dt=1min, overlap=0min).
2026-03-29 07:50:53,879 - INFO - Using 2 selected station(s).
2026-03-29 07:50:53,880 - INFO - 
2026-03-29 07:50:53,880 - INFO - ------- Starting EQCCTPro... -------
2026-03-29 07:50:53,881 - INFO - Detailed subprocess information can be found in the log file.
2026-03-29 07:50:53,881 - INFO - 
2026-03-29 07:50:54,302 - INFO - GPU disabled (CPU-only).
2026-03-29 07:50:55,966 - INFO - Configured Intra-op threads = 1
2026-03-29 07:50:55,968 - INFO - Configured Inter-op threads = 1
2026-03-29 07:50:56,013 - INFO - TensorFlow: No GPUs visible; TF will proceed on CPU.
2026-03-29 07:50:56,015 - INFO - 
2026-03-29 07:50:56,018 - INFO - ------- Hardware Configuration -------
2026-03-29 07:50:56,021 - INFO - CPU affinity set to cores: [0, 1, 2, 3]
2026-03-29 07:50:56,024 - INFO - 
2026-03-29 07:50:56,026 - INFO - ------- Data Preprocessing for EQCCTPro -------
2026-03-29 07:50:56,028 - INFO - 2 station(s) in /home/blackwinter/projects/eqcct/eqcctpro/data/waveforms_explosions_nonoise/20250124T094921Z_20250124T095021Z
2026-03-29 07:50:56,031 - INFO - Using 2 selected station(s): ['PVF', 'VJF'].
2026-03-29 07:50:56,033 - INFO - Creating model actor(s)...
2026-03-29 07:50:56,035 - INFO - System RAM: Total=7870 MB, Available=2889 MB
2026-03-29 07:50:56,037 - INFO - Usable RAM budget: 7083 MB (90% of total)
2026-03-29 07:50:56,039 - INFO - ===== MEMORY-AWARE CPU ACTOR POOL (EQCCT) =====
2026-03-29 07:50:56,041 - INFO - Requested concurrent tasks: 1
2026-03-29 07:50:56,044 - INFO - Available CPUs: 4
2026-03-29 07:50:56,046 - INFO - Available RAM: 7083 MB
2026-03-29 07:50:56,049 - INFO - RAM per model: 2264 MB
2026-03-29 07:50:56,051 - INFO - Max actors by RAM: 3
2026-03-29 07:50:56,053 - INFO - Creating 1 ModelActor(s)
2026-03-29 07:50:56,055 - INFO - Let Ray handle scheduling (taskset already restricts CPU visibility)
2026-03-29 07:50:56,058 - INFO - Creating ModelActor 1/1 (2.21GB RAM each)...
2026-03-29 07:51:00,528 - INFO - ModelActor 1 created successfully.
2026-03-29 07:51:00,530 - INFO - Created 1 CPU actor(s). Task queue will handle concurrency.
2026-03-29 07:51:00,532 - INFO - Starting EQCCTPro parallelized waveform processing...
2026-03-29 07:51:00,535 - INFO - 
2026-03-29 07:51:00,537 - INFO - ------- Analyzing Seismic Waveforms for P and S Picks via EQCCT -------
2026-03-29 07:51:00,540 - INFO - Analyzing 0:01:00 minute timechunk from 2025-01-24 09:49:21 to 2025-01-24 09:50:21 (0 min overlap)
2026-03-29 07:51:00,542 - INFO - Processing a total of 2 stations, 1 at a time.
2026-03-29 07:51:05,033 - INFO - (1/2) PVF: Finished the prediction in 2.42s. (HP=1.0, LP=45.0)
2026-03-29 07:51:05,151 - INFO - (2/2) VJF: Finished the prediction in 0.11s. (HP=1.0, LP=45.0)
2026-03-29 07:51:05,154 - INFO - 
2026-03-29 07:51:05,157 - INFO - ------- Parallel Station Waveform Processing Complete For 2025-01-24 09:49:21 to 2025-01-24 09:50:21 Timechunk-------
2026-03-29 07:51:05,160 - INFO - Picks saved at /home/blackwinter/projects/eqcct/eqcctpro/results/csv/eqcct_explosions_th0_1/20250124T094921Z_20250124T095021ZProcess Runtime: 4.62 s
2026-03-29 07:51:05,168 - INFO - Successfully ran EQCCTPro, exiting...
2026-03-29 07:51:06,964 - INFO - Ray Successfully Shutdown.
2026-03-29 07:51:06,964 - INFO - ------- Successfully Picked All Waveform(s) from all Timechunk(s) -------
