2026-03-29 16:35:14,597 - INFO - 
2026-03-29 16:35:14,597 - INFO - ------- Welcome to EQCCTPro -------
2026-03-29 16:35:14,597 - INFO - 
2026-03-29 16:35:14,598 - INFO - Running EQCCT over Requested MSeed Files using CPU(s)...
2026-03-29 16:35:14,598 - INFO - GPU disabled (CPU-only).
2026-03-29 16:35:14,598 - INFO - Configured Intra-op threads = 1
2026-03-29 16:35:14,598 - INFO - Configured Inter-op threads = 1
2026-03-29 16:35:14,598 - INFO - TensorFlow: No GPUs visible; TF will proceed on CPU.
2026-03-29 16:35:14,598 - INFO - 
2026-03-29 16:35:20,321 - INFO - Ray Successfully Initialized with 4 CPU(s) ([0, 1, 2, 3] CPU Affinity Binding).
2026-03-29 16:35:20,321 - INFO - Analyzing 1 time chunk(s) from 2025-01-10 12:31:55 to 2025-01-10 12:32:55 (dt=1min, overlap=0min).
2026-03-29 16:35:20,321 - INFO - Using 1 selected station(s).
2026-03-29 16:35:20,321 - INFO - 
2026-03-29 16:35:20,322 - INFO - ------- Starting EQCCTPro... -------
2026-03-29 16:35:20,322 - INFO - Detailed subprocess information can be found in the log file.
2026-03-29 16:35:20,322 - INFO - 
2026-03-29 16:35:20,778 - INFO - GPU disabled (CPU-only).
2026-03-29 16:35:22,322 - INFO - Configured Intra-op threads = 1
2026-03-29 16:35:22,325 - INFO - Configured Inter-op threads = 1
2026-03-29 16:35:22,373 - INFO - TensorFlow: No GPUs visible; TF will proceed on CPU.
2026-03-29 16:35:22,376 - INFO - 
2026-03-29 16:35:22,378 - INFO - ------- Hardware Configuration -------
2026-03-29 16:35:22,382 - INFO - CPU affinity set to cores: [0, 1, 2, 3]
2026-03-29 16:35:22,384 - INFO - 
2026-03-29 16:35:22,387 - INFO - ------- Data Preprocessing for EQCCTPro -------
2026-03-29 16:35:22,389 - INFO - 1 station(s) in /home/blackwinter/projects/eqcct/eqcctpro/data/waveforms_noise_only/20250110T123155Z_20250110T123255Z
2026-03-29 16:35:22,392 - INFO - Using 1 selected station(s): ['FIA1'].
2026-03-29 16:35:22,394 - INFO - Creating model actor(s)...
2026-03-29 16:35:22,397 - INFO - System RAM: Total=7870 MB, Available=4007 MB
2026-03-29 16:35:22,399 - INFO - Usable RAM budget: 7083 MB (90% of total)
2026-03-29 16:35:22,402 - INFO - ===== MEMORY-AWARE CPU ACTOR POOL (EQCCT) =====
2026-03-29 16:35:22,404 - INFO - Requested concurrent tasks: 1
2026-03-29 16:35:22,407 - INFO - Available CPUs: 4
2026-03-29 16:35:22,410 - INFO - Available RAM: 7083 MB
2026-03-29 16:35:22,412 - INFO - RAM per model: 2264 MB
2026-03-29 16:35:22,415 - INFO - Max actors by RAM: 3
2026-03-29 16:35:22,418 - INFO - Creating 1 ModelActor(s)
2026-03-29 16:35:22,420 - INFO - Let Ray handle scheduling (taskset already restricts CPU visibility)
2026-03-29 16:35:22,422 - INFO - Creating ModelActor 1/1 (2.21GB RAM each)...
2026-03-29 16:35:26,779 - INFO - ModelActor 1 created successfully.
2026-03-29 16:35:26,782 - INFO - Created 1 CPU actor(s). Task queue will handle concurrency.
2026-03-29 16:35:26,786 - INFO - Starting EQCCTPro parallelized waveform processing...
2026-03-29 16:35:26,790 - INFO - 
2026-03-29 16:35:26,793 - INFO - ------- Analyzing Seismic Waveforms for P and S Picks via EQCCT -------
2026-03-29 16:35:26,796 - INFO - Analyzing 0:01:00 minute timechunk from 2025-01-10 12:31:55 to 2025-01-10 12:32:55 (0 min overlap)
2026-03-29 16:35:26,798 - INFO - Processing a total of 1 stations, 1 at a time.
2026-03-29 16:35:31,229 - INFO - (1/1) FIA1: Finished the prediction in 2.36s. (HP=1.0, LP=45.0)
2026-03-29 16:35:31,231 - INFO - 
2026-03-29 16:35:31,234 - INFO - ------- Parallel Station Waveform Processing Complete For 2025-01-10 12:31:55 to 2025-01-10 12:32:55 Timechunk-------
2026-03-29 16:35:31,236 - INFO - Picks saved at /home/blackwinter/projects/eqcct/eqcctpro/results/csv/eqcct_noise_th0_1/20250110T123155Z_20250110T123255ZProcess Runtime: 4.44 s
2026-03-29 16:35:31,243 - INFO - Successfully ran EQCCTPro, exiting...
2026-03-29 16:35:32,927 - INFO - Ray Successfully Shutdown.
2026-03-29 16:35:32,928 - INFO - ------- Successfully Picked All Waveform(s) from all Timechunk(s) -------
