2026-03-10 21:34:09,143 - INFO - 
2026-03-10 21:34:09,143 - INFO - ------- Welcome to EQCCTPro -------
2026-03-10 21:34:09,143 - INFO - 
2026-03-10 21:34:09,144 - INFO - Running EQCCT over Requested MSeed Files using CPU(s)...
2026-03-10 21:34:09,144 - INFO - GPU disabled (CPU-only).
2026-03-10 21:34:09,144 - INFO - Configured Intra-op threads = 1
2026-03-10 21:34:09,144 - INFO - Configured Inter-op threads = 1
2026-03-10 21:34:09,144 - INFO - TensorFlow: No GPUs visible; TF will proceed on CPU.
2026-03-10 21:34:09,144 - INFO - 
2026-03-10 21:34:14,604 - INFO - Ray Successfully Initialized with 4 CPU(s) ([0, 1, 2, 3] CPU Affinity Binding).
2026-03-10 21:34:14,605 - INFO - Analyzing 1 time chunk(s) from 2025-01-07 00:37:05 to 2025-01-07 00:38:05 (dt=1min, overlap=0min).
2026-03-10 21:34:14,605 - INFO - Using 1 selected station(s).
2026-03-10 21:34:14,605 - INFO - 
2026-03-10 21:34:14,605 - INFO - ------- Starting EQCCTPro... -------
2026-03-10 21:34:14,605 - INFO - Detailed subprocess information can be found in the log file.
2026-03-10 21:34:14,605 - INFO - 
2026-03-10 21:34:14,988 - INFO - GPU disabled (CPU-only).
2026-03-10 21:34:16,513 - INFO - Configured Intra-op threads = 1
2026-03-10 21:34:16,516 - INFO - Configured Inter-op threads = 1
2026-03-10 21:34:16,558 - INFO - TensorFlow: No GPUs visible; TF will proceed on CPU.
2026-03-10 21:34:16,560 - INFO - 
2026-03-10 21:34:16,562 - INFO - ------- Hardware Configuration -------
2026-03-10 21:34:16,565 - INFO - CPU affinity set to cores: [0, 1, 2, 3]
2026-03-10 21:34:16,567 - INFO - 
2026-03-10 21:34:16,569 - INFO - ------- Data Preprocessing for EQCCTPro -------
2026-03-10 21:34:16,572 - INFO - 1 station(s) in /home/blackwinter/projects/eqcct/eqcctpro/data/waveforms_noise_only/20250107T003705Z_20250107T003805Z
2026-03-10 21:34:16,573 - INFO - Using 1 selected station(s): ['KJNF'].
2026-03-10 21:34:16,575 - INFO - Creating model actor(s)...
2026-03-10 21:34:16,578 - INFO - System RAM: Total=7870 MB, Available=2917 MB
2026-03-10 21:34:16,580 - INFO - Usable RAM budget: 7083 MB (90% of total)
2026-03-10 21:34:16,582 - INFO - ===== MEMORY-AWARE CPU ACTOR POOL (EQCCT) =====
2026-03-10 21:34:16,585 - INFO - Requested concurrent tasks: 1
2026-03-10 21:34:16,586 - INFO - Available CPUs: 4
2026-03-10 21:34:16,589 - INFO - Available RAM: 7083 MB
2026-03-10 21:34:16,590 - INFO - RAM per model: 2264 MB
2026-03-10 21:34:16,592 - INFO - Max actors by RAM: 3
2026-03-10 21:34:16,594 - INFO - Creating 1 ModelActor(s)
2026-03-10 21:34:16,596 - INFO - Let Ray handle scheduling (taskset already restricts CPU visibility)
2026-03-10 21:34:16,599 - INFO - Creating ModelActor 1/1 (2.21GB RAM each)...
2026-03-10 21:34:20,560 - INFO - ModelActor 1 created successfully.
2026-03-10 21:34:20,562 - INFO - Created 1 CPU actor(s). Task queue will handle concurrency.
2026-03-10 21:34:20,565 - INFO - Starting EQCCTPro parallelized waveform processing...
2026-03-10 21:34:20,567 - INFO - 
2026-03-10 21:34:20,569 - INFO - ------- Analyzing Seismic Waveforms for P and S Picks via EQCCT -------
2026-03-10 21:34:20,572 - INFO - Analyzing 0:01:00 minute timechunk from 2025-01-07 00:37:05 to 2025-01-07 00:38:05 (0 min overlap)
2026-03-10 21:34:20,574 - INFO - Processing a total of 1 stations, 1 at a time.
2026-03-10 21:34:24,646 - INFO - (1/1) KJNF: Finished the prediction in 2.14s. (HP=1.0, LP=45.0)
2026-03-10 21:34:24,648 - INFO - 
2026-03-10 21:34:24,650 - INFO - ------- Parallel Station Waveform Processing Complete For 2025-01-07 00:37:05 to 2025-01-07 00:38:05 Timechunk-------
2026-03-10 21:34:24,652 - INFO - Picks saved at /home/blackwinter/projects/eqcct/eqcctpro/results/csv/bm_noise_only/20250107T003705Z_20250107T003805ZProcess Runtime: 4.08 s
2026-03-10 21:34:24,656 - INFO - Successfully ran EQCCTPro, exiting...
2026-03-10 21:34:26,067 - INFO - Ray Successfully Shutdown.
2026-03-10 21:34:26,068 - INFO - ------- Successfully Picked All Waveform(s) from all Timechunk(s) -------
2026-03-11 12:30:50,803 - INFO - 
2026-03-11 12:30:50,804 - INFO - ------- Welcome to EQCCTPro -------
2026-03-11 12:30:50,804 - INFO - 
2026-03-11 12:30:50,805 - INFO - Running EQCCT over Requested MSeed Files using CPU(s)...
2026-03-11 12:30:50,805 - INFO - GPU disabled (CPU-only).
2026-03-11 12:30:50,805 - INFO - Configured Intra-op threads = 1
2026-03-11 12:30:50,805 - INFO - Configured Inter-op threads = 1
2026-03-11 12:30:50,806 - INFO - TensorFlow: No GPUs visible; TF will proceed on CPU.
2026-03-11 12:30:50,806 - INFO - 
2026-03-11 12:30:56,227 - INFO - Ray Successfully Initialized with 4 CPU(s) ([0, 1, 2, 3] CPU Affinity Binding).
2026-03-11 12:30:56,228 - INFO - Analyzing 1 time chunk(s) from 2025-01-07 00:37:05 to 2025-01-07 00:38:05 (dt=1min, overlap=0min).
2026-03-11 12:30:56,228 - INFO - Using 1 selected station(s).
2026-03-11 12:30:56,228 - INFO - 
2026-03-11 12:30:56,228 - INFO - ------- Starting EQCCTPro... -------
2026-03-11 12:30:56,229 - INFO - Detailed subprocess information can be found in the log file.
2026-03-11 12:30:56,229 - INFO - 
2026-03-11 12:30:56,602 - INFO - GPU disabled (CPU-only).
2026-03-11 12:30:58,178 - INFO - Configured Intra-op threads = 1
2026-03-11 12:30:58,181 - INFO - Configured Inter-op threads = 1
2026-03-11 12:30:58,225 - INFO - TensorFlow: No GPUs visible; TF will proceed on CPU.
2026-03-11 12:30:58,227 - INFO - 
2026-03-11 12:30:58,229 - INFO - ------- Hardware Configuration -------
2026-03-11 12:30:58,231 - INFO - CPU affinity set to cores: [0, 1, 2, 3]
2026-03-11 12:30:58,233 - INFO - 
2026-03-11 12:30:58,235 - INFO - ------- Data Preprocessing for EQCCTPro -------
2026-03-11 12:30:58,237 - INFO - 1 station(s) in /home/blackwinter/projects/eqcct/eqcctpro/data/waveforms_noise_only/20250107T003705Z_20250107T003805Z
2026-03-11 12:30:58,239 - INFO - Using 1 selected station(s): ['KJNF'].
2026-03-11 12:30:58,240 - INFO - Creating model actor(s)...
2026-03-11 12:30:58,242 - INFO - System RAM: Total=7870 MB, Available=3863 MB
2026-03-11 12:30:58,244 - INFO - Usable RAM budget: 7083 MB (90% of total)
2026-03-11 12:30:58,245 - INFO - ===== MEMORY-AWARE CPU ACTOR POOL (EQCCT) =====
2026-03-11 12:30:58,247 - INFO - Requested concurrent tasks: 1
2026-03-11 12:30:58,249 - INFO - Available CPUs: 4
2026-03-11 12:30:58,251 - INFO - Available RAM: 7083 MB
2026-03-11 12:30:58,252 - INFO - RAM per model: 2264 MB
2026-03-11 12:30:58,254 - INFO - Max actors by RAM: 3
2026-03-11 12:30:58,256 - INFO - Creating 1 ModelActor(s)
2026-03-11 12:30:58,258 - INFO - Let Ray handle scheduling (taskset already restricts CPU visibility)
2026-03-11 12:30:58,260 - INFO - Creating ModelActor 1/1 (2.21GB RAM each)...
2026-03-11 12:31:02,201 - INFO - ModelActor 1 created successfully.
2026-03-11 12:31:02,203 - INFO - Created 1 CPU actor(s). Task queue will handle concurrency.
2026-03-11 12:31:02,205 - INFO - Starting EQCCTPro parallelized waveform processing...
2026-03-11 12:31:02,207 - INFO - 
2026-03-11 12:31:02,209 - INFO - ------- Analyzing Seismic Waveforms for P and S Picks via EQCCT -------
2026-03-11 12:31:02,212 - INFO - Analyzing 0:01:00 minute timechunk from 2025-01-07 00:37:05 to 2025-01-07 00:38:05 (0 min overlap)
2026-03-11 12:31:02,214 - INFO - Processing a total of 1 stations, 1 at a time.
2026-03-11 12:31:04,131 - INFO - (1/1) KJNF: Skipped (already exists - overwrite=False).
2026-03-11 12:31:04,133 - INFO - 
2026-03-11 12:31:04,136 - INFO - ------- Parallel Station Waveform Processing Complete For 2025-01-07 00:37:05 to 2025-01-07 00:38:05 Timechunk-------
2026-03-11 12:31:04,138 - INFO - Picks saved at /home/blackwinter/projects/eqcct/eqcctpro/results/csv/bm_noise_only/20250107T003705Z_20250107T003805ZProcess Runtime: 1.93 s
2026-03-11 12:31:04,142 - INFO - Successfully ran EQCCTPro, exiting...
2026-03-11 12:31:05,803 - INFO - Ray Successfully Shutdown.
2026-03-11 12:31:05,803 - INFO - ------- Successfully Picked All Waveform(s) from all Timechunk(s) -------
