2026-02-27 01:44:11,026 - INFO - 
2026-02-27 01:44:11,026 - INFO - ------- Welcome to EQCCTPro -------
2026-02-27 01:44:11,026 - INFO - 
2026-02-27 01:44:11,026 - INFO - Running EQCCT over Requested MSeed Files using CPU(s)...
2026-02-27 01:44:11,027 - INFO - GPU disabled (CPU-only).
2026-02-27 01:44:11,027 - INFO - Configured Intra-op threads = 1
2026-02-27 01:44:11,027 - INFO - Configured Inter-op threads = 1
2026-02-27 01:44:11,027 - INFO - TensorFlow: No GPUs visible; TF will proceed on CPU.
2026-02-27 01:44:11,027 - INFO - 
2026-02-27 01:44:16,463 - INFO - Ray Successfully Initialized with 4 CPU(s) ([0, 1, 2, 3] CPU Affinity Binding).
2026-02-27 01:44:16,463 - INFO - Analyzing 1 time chunk(s) from 2025-01-15 11:10:03 to 2025-01-15 11:11:03 (dt=1min, overlap=0min).
2026-02-27 01:44:16,463 - INFO - Using 1 selected station(s).
2026-02-27 01:44:16,463 - INFO - 
2026-02-27 01:44:16,463 - INFO - ------- Starting EQCCTPro... -------
2026-02-27 01:44:16,464 - INFO - Detailed subprocess information can be found in the log file.
2026-02-27 01:44:16,464 - INFO - 
2026-02-27 01:44:16,833 - INFO - GPU disabled (CPU-only).
2026-02-27 01:44:18,367 - INFO - Configured Intra-op threads = 1
2026-02-27 01:44:18,370 - INFO - Configured Inter-op threads = 1
2026-02-27 01:44:18,413 - INFO - TensorFlow: No GPUs visible; TF will proceed on CPU.
2026-02-27 01:44:18,415 - INFO - 
2026-02-27 01:44:18,418 - INFO - ------- Hardware Configuration -------
2026-02-27 01:44:18,419 - INFO - CPU affinity set to cores: [0, 1, 2, 3]
2026-02-27 01:44:18,422 - INFO - 
2026-02-27 01:44:18,424 - INFO - ------- Data Preprocessing for EQCCTPro -------
2026-02-27 01:44:18,426 - INFO - 1 station(s) in /home/blackwinter/projects/eqcct/eqcctpro/data/waveforms_explosions_nonoise/20250115T111003Z_20250115T111103Z
2026-02-27 01:44:18,428 - INFO - Using 1 selected station(s): ['KPF'].
2026-02-27 01:44:18,430 - INFO - Creating model actor(s)...
2026-02-27 01:44:18,432 - INFO - System RAM: Total=7870 MB, Available=2913 MB
2026-02-27 01:44:18,434 - INFO - Usable RAM budget: 7083 MB (90% of total)
2026-02-27 01:44:18,435 - INFO - ===== MEMORY-AWARE CPU ACTOR POOL (EQCCT) =====
2026-02-27 01:44:18,437 - INFO - Requested concurrent tasks: 1
2026-02-27 01:44:18,440 - INFO - Available CPUs: 4
2026-02-27 01:44:18,442 - INFO - Available RAM: 7083 MB
2026-02-27 01:44:18,443 - INFO - RAM per model: 2264 MB
2026-02-27 01:44:18,445 - INFO - Max actors by RAM: 3
2026-02-27 01:44:18,447 - INFO - Creating 1 ModelActor(s)
2026-02-27 01:44:18,449 - INFO - Let Ray handle scheduling (taskset already restricts CPU visibility)
2026-02-27 01:44:18,451 - INFO - Creating ModelActor 1/1 (2.21GB RAM each)...
2026-02-27 01:44:22,385 - INFO - ModelActor 1 created successfully.
2026-02-27 01:44:22,387 - INFO - Created 1 CPU actor(s). Task queue will handle concurrency.
2026-02-27 01:44:22,388 - INFO - Starting EQCCTPro parallelized waveform processing...
2026-02-27 01:44:22,390 - INFO - 
2026-02-27 01:44:22,392 - INFO - ------- Analyzing Seismic Waveforms for P and S Picks via EQCCT -------
2026-02-27 01:44:22,394 - INFO - Analyzing 0:01:00 minute timechunk from 2025-01-15 11:10:03 to 2025-01-15 11:11:03 (0 min overlap)
2026-02-27 01:44:22,396 - INFO - Processing a total of 1 stations, 1 at a time.
2026-02-27 01:44:26,404 - INFO - (1/1) KPF: Finished the prediction in 2.12s. (HP=1.0, LP=45.0)
2026-02-27 01:44:26,406 - INFO - 
2026-02-27 01:44:26,408 - INFO - ------- Parallel Station Waveform Processing Complete For 2025-01-15 11:10:03 to 2025-01-15 11:11:03 Timechunk-------
2026-02-27 01:44:26,410 - INFO - Picks saved at /home/blackwinter/projects/eqcct/eqcctpro/results/csv/bm_explosions/20250115T111003Z_20250115T111103ZProcess Runtime: 4.02 s
2026-02-27 01:44:26,414 - INFO - Successfully ran EQCCTPro, exiting...
2026-02-27 01:44:27,945 - INFO - Ray Successfully Shutdown.
2026-02-27 01:44:27,945 - INFO - ------- Successfully Picked All Waveform(s) from all Timechunk(s) -------
2026-02-27 08:48:18,356 - INFO - 
2026-02-27 08:48:18,357 - INFO - ------- Welcome to EQCCTPro -------
2026-02-27 08:48:18,357 - INFO - 
2026-02-27 08:48:18,357 - INFO - Running EQCCT over Requested MSeed Files using CPU(s)...
2026-02-27 08:48:18,357 - INFO - GPU disabled (CPU-only).
2026-02-27 08:48:18,358 - INFO - Configured Intra-op threads = 1
2026-02-27 08:48:18,358 - INFO - Configured Inter-op threads = 1
2026-02-27 08:48:18,358 - INFO - TensorFlow: No GPUs visible; TF will proceed on CPU.
2026-02-27 08:48:18,358 - INFO - 
2026-02-27 08:48:23,861 - INFO - Ray Successfully Initialized with 4 CPU(s) ([0, 1, 2, 3] CPU Affinity Binding).
2026-02-27 08:48:23,861 - INFO - Analyzing 1 time chunk(s) from 2025-01-15 11:10:03 to 2025-01-15 11:11:03 (dt=1min, overlap=0min).
2026-02-27 08:48:23,861 - INFO - Using 1 selected station(s).
2026-02-27 08:48:23,861 - INFO - 
2026-02-27 08:48:23,862 - INFO - ------- Starting EQCCTPro... -------
2026-02-27 08:48:23,862 - INFO - Detailed subprocess information can be found in the log file.
2026-02-27 08:48:23,862 - INFO - 
2026-02-27 08:48:24,244 - INFO - GPU disabled (CPU-only).
2026-02-27 08:48:25,778 - INFO - Configured Intra-op threads = 1
2026-02-27 08:48:25,780 - INFO - Configured Inter-op threads = 1
2026-02-27 08:48:25,822 - INFO - TensorFlow: No GPUs visible; TF will proceed on CPU.
2026-02-27 08:48:25,824 - INFO - 
2026-02-27 08:48:25,826 - INFO - ------- Hardware Configuration -------
2026-02-27 08:48:25,828 - INFO - CPU affinity set to cores: [0, 1, 2, 3]
2026-02-27 08:48:25,830 - INFO - 
2026-02-27 08:48:25,832 - INFO - ------- Data Preprocessing for EQCCTPro -------
2026-02-27 08:48:25,834 - INFO - 1 station(s) in /home/blackwinter/projects/eqcct/eqcctpro/data/waveforms_explosions_nonoise/20250115T111003Z_20250115T111103Z
2026-02-27 08:48:25,836 - INFO - Using 1 selected station(s): ['KPF'].
2026-02-27 08:48:25,838 - INFO - Creating model actor(s)...
2026-02-27 08:48:25,841 - INFO - System RAM: Total=7870 MB, Available=3139 MB
2026-02-27 08:48:25,842 - INFO - Usable RAM budget: 7083 MB (90% of total)
2026-02-27 08:48:25,844 - INFO - ===== MEMORY-AWARE CPU ACTOR POOL (EQCCT) =====
2026-02-27 08:48:25,846 - INFO - Requested concurrent tasks: 1
2026-02-27 08:48:25,849 - INFO - Available CPUs: 4
2026-02-27 08:48:25,850 - INFO - Available RAM: 7083 MB
2026-02-27 08:48:25,852 - INFO - RAM per model: 2264 MB
2026-02-27 08:48:25,854 - INFO - Max actors by RAM: 3
2026-02-27 08:48:25,855 - INFO - Creating 1 ModelActor(s)
2026-02-27 08:48:25,858 - INFO - Let Ray handle scheduling (taskset already restricts CPU visibility)
2026-02-27 08:48:25,860 - INFO - Creating ModelActor 1/1 (2.21GB RAM each)...
2026-02-27 08:48:29,744 - INFO - ModelActor 1 created successfully.
2026-02-27 08:48:29,747 - INFO - Created 1 CPU actor(s). Task queue will handle concurrency.
2026-02-27 08:48:29,749 - INFO - Starting EQCCTPro parallelized waveform processing...
2026-02-27 08:48:29,751 - INFO - 
2026-02-27 08:48:29,752 - INFO - ------- Analyzing Seismic Waveforms for P and S Picks via EQCCT -------
2026-02-27 08:48:29,755 - INFO - Analyzing 0:01:00 minute timechunk from 2025-01-15 11:10:03 to 2025-01-15 11:11:03 (0 min overlap)
2026-02-27 08:48:29,757 - INFO - Processing a total of 1 stations, 1 at a time.
2026-02-27 08:48:31,658 - INFO - (1/1) KPF: Skipped (already exists - overwrite=False).
2026-02-27 08:48:31,660 - INFO - 
2026-02-27 08:48:31,662 - INFO - ------- Parallel Station Waveform Processing Complete For 2025-01-15 11:10:03 to 2025-01-15 11:11:03 Timechunk-------
2026-02-27 08:48:31,664 - INFO - Picks saved at /home/blackwinter/projects/eqcct/eqcctpro/results/csv/bm_explosions/20250115T111003Z_20250115T111103ZProcess Runtime: 1.91 s
2026-02-27 08:48:31,669 - INFO - Successfully ran EQCCTPro, exiting...
2026-02-27 08:48:33,166 - INFO - Ray Successfully Shutdown.
2026-02-27 08:48:33,166 - INFO - ------- Successfully Picked All Waveform(s) from all Timechunk(s) -------
