2026-03-29 15:33:31,584 - INFO - 
2026-03-29 15:33:31,584 - INFO - ------- Welcome to EQCCTPro -------
2026-03-29 15:33:31,585 - INFO - 
2026-03-29 15:33:31,585 - INFO - Running EQCCT over Requested MSeed Files using CPU(s)...
2026-03-29 15:33:31,585 - INFO - GPU disabled (CPU-only).
2026-03-29 15:33:31,585 - INFO - Configured Intra-op threads = 1
2026-03-29 15:33:31,586 - INFO - Configured Inter-op threads = 1
2026-03-29 15:33:31,586 - INFO - TensorFlow: No GPUs visible; TF will proceed on CPU.
2026-03-29 15:33:31,586 - INFO - 
2026-03-29 15:33:37,304 - INFO - Ray Successfully Initialized with 4 CPU(s) ([0, 1, 2, 3] CPU Affinity Binding).
2026-03-29 15:33:37,305 - INFO - Analyzing 1 time chunk(s) from 2025-01-09 07:42:10 to 2025-01-09 07:43:10 (dt=1min, overlap=0min).
2026-03-29 15:33:37,305 - INFO - Using 1 selected station(s).
2026-03-29 15:33:37,305 - INFO - 
2026-03-29 15:33:37,305 - INFO - ------- Starting EQCCTPro... -------
2026-03-29 15:33:37,305 - INFO - Detailed subprocess information can be found in the log file.
2026-03-29 15:33:37,305 - INFO - 
2026-03-29 15:33:37,703 - INFO - GPU disabled (CPU-only).
2026-03-29 15:33:39,299 - INFO - Configured Intra-op threads = 1
2026-03-29 15:33:39,302 - INFO - Configured Inter-op threads = 1
2026-03-29 15:33:39,348 - INFO - TensorFlow: No GPUs visible; TF will proceed on CPU.
2026-03-29 15:33:39,350 - INFO - 
2026-03-29 15:33:39,353 - INFO - ------- Hardware Configuration -------
2026-03-29 15:33:39,356 - INFO - CPU affinity set to cores: [0, 1, 2, 3]
2026-03-29 15:33:39,359 - INFO - 
2026-03-29 15:33:39,362 - INFO - ------- Data Preprocessing for EQCCTPro -------
2026-03-29 15:33:39,364 - INFO - 1 station(s) in /home/blackwinter/projects/eqcct/eqcctpro/data/waveforms_noise_only/20250109T074210Z_20250109T074310Z
2026-03-29 15:33:39,366 - INFO - Using 1 selected station(s): ['RMF'].
2026-03-29 15:33:39,368 - INFO - Creating model actor(s)...
2026-03-29 15:33:39,370 - INFO - System RAM: Total=7870 MB, Available=4236 MB
2026-03-29 15:33:39,373 - INFO - Usable RAM budget: 7083 MB (90% of total)
2026-03-29 15:33:39,375 - INFO - ===== MEMORY-AWARE CPU ACTOR POOL (EQCCT) =====
2026-03-29 15:33:39,377 - INFO - Requested concurrent tasks: 1
2026-03-29 15:33:39,379 - INFO - Available CPUs: 4
2026-03-29 15:33:39,381 - INFO - Available RAM: 7083 MB
2026-03-29 15:33:39,384 - INFO - RAM per model: 2264 MB
2026-03-29 15:33:39,386 - INFO - Max actors by RAM: 3
2026-03-29 15:33:39,388 - INFO - Creating 1 ModelActor(s)
2026-03-29 15:33:39,391 - INFO - Let Ray handle scheduling (taskset already restricts CPU visibility)
2026-03-29 15:33:39,393 - INFO - Creating ModelActor 1/1 (2.21GB RAM each)...
2026-03-29 15:33:43,656 - INFO - ModelActor 1 created successfully.
2026-03-29 15:33:43,658 - INFO - Created 1 CPU actor(s). Task queue will handle concurrency.
2026-03-29 15:33:43,662 - INFO - Starting EQCCTPro parallelized waveform processing...
2026-03-29 15:33:43,664 - INFO - 
2026-03-29 15:33:43,667 - INFO - ------- Analyzing Seismic Waveforms for P and S Picks via EQCCT -------
2026-03-29 15:33:43,669 - INFO - Analyzing 0:01:00 minute timechunk from 2025-01-09 07:42:10 to 2025-01-09 07:43:10 (0 min overlap)
2026-03-29 15:33:43,673 - INFO - Processing a total of 1 stations, 1 at a time.
2026-03-29 15:33:48,139 - INFO - (1/1) RMF: Finished the prediction in 2.41s. (HP=1.0, LP=45.0)
2026-03-29 15:33:48,141 - INFO - 
2026-03-29 15:33:48,144 - INFO - ------- Parallel Station Waveform Processing Complete For 2025-01-09 07:42:10 to 2025-01-09 07:43:10 Timechunk-------
2026-03-29 15:33:48,147 - INFO - Picks saved at /home/blackwinter/projects/eqcct/eqcctpro/results/csv/eqcct_noise_th0_1/20250109T074210Z_20250109T074310ZProcess Runtime: 4.48 s
2026-03-29 15:33:48,152 - INFO - Successfully ran EQCCTPro, exiting...
2026-03-29 15:33:49,601 - INFO - Ray Successfully Shutdown.
2026-03-29 15:33:49,601 - INFO - ------- Successfully Picked All Waveform(s) from all Timechunk(s) -------
