2026-03-28 21:37:57,489 - INFO - 
2026-03-28 21:37:57,489 - INFO - ------- Welcome to EQCCTPro -------
2026-03-28 21:37:57,489 - INFO - 
2026-03-28 21:37:57,490 - INFO - Running EQCCT over Requested MSeed Files using CPU(s)...
2026-03-28 21:37:57,490 - INFO - GPU disabled (CPU-only).
2026-03-28 23:29:18,688 - INFO - 
2026-03-28 23:29:18,688 - INFO - ------- Welcome to EQCCTPro -------
2026-03-28 23:29:18,688 - INFO - 
2026-03-28 23:29:18,689 - INFO - Running EQCCT over Requested MSeed Files using CPU(s)...
2026-03-28 23:29:18,689 - INFO - GPU disabled (CPU-only).
2026-03-28 23:29:18,689 - INFO - Configured Intra-op threads = 1
2026-03-28 23:29:18,690 - INFO - Configured Inter-op threads = 1
2026-03-28 23:29:18,690 - INFO - TensorFlow: No GPUs visible; TF will proceed on CPU.
2026-03-28 23:29:18,690 - INFO - 
2026-03-28 23:29:24,369 - INFO - Ray Successfully Initialized with 4 CPU(s) ([0, 1, 2, 3] CPU Affinity Binding).
2026-03-28 23:29:24,371 - INFO - Analyzing 1 time chunk(s) from 2025-01-08 12:02:20 to 2025-01-08 12:03:20 (dt=1min, overlap=0min).
2026-03-28 23:29:24,371 - INFO - Using 1 selected station(s).
2026-03-28 23:29:24,371 - INFO - 
2026-03-28 23:29:24,372 - INFO - ------- Starting EQCCTPro... -------
2026-03-28 23:29:24,372 - INFO - Detailed subprocess information can be found in the log file.
2026-03-28 23:29:24,372 - INFO - 
2026-03-28 23:29:24,778 - INFO - GPU disabled (CPU-only).
2026-03-28 23:29:26,431 - INFO - Configured Intra-op threads = 1
2026-03-28 23:29:26,434 - INFO - Configured Inter-op threads = 1
2026-03-28 23:29:26,485 - INFO - TensorFlow: No GPUs visible; TF will proceed on CPU.
2026-03-28 23:29:26,488 - INFO - 
2026-03-28 23:29:26,492 - INFO - ------- Hardware Configuration -------
2026-03-28 23:29:26,496 - INFO - CPU affinity set to cores: [0, 1, 2, 3]
2026-03-28 23:29:26,499 - INFO - 
2026-03-28 23:29:26,503 - INFO - ------- Data Preprocessing for EQCCTPro -------
2026-03-28 23:29:26,506 - INFO - 1 station(s) in /home/blackwinter/projects/eqcct/eqcctpro/data/waveforms_explosions_nonoise/20250108T120220Z_20250108T120320Z
2026-03-28 23:29:26,509 - INFO - Using 1 selected station(s): ['KEF'].
2026-03-28 23:29:26,512 - INFO - Creating model actor(s)...
2026-03-28 23:29:26,515 - INFO - System RAM: Total=7870 MB, Available=3733 MB
2026-03-28 23:29:26,519 - INFO - Usable RAM budget: 7083 MB (90% of total)
2026-03-28 23:29:26,524 - INFO - ===== MEMORY-AWARE CPU ACTOR POOL (EQCCT) =====
2026-03-28 23:29:26,527 - INFO - Requested concurrent tasks: 1
2026-03-28 23:29:26,529 - INFO - Available CPUs: 4
2026-03-28 23:29:26,531 - INFO - Available RAM: 7083 MB
2026-03-28 23:29:26,533 - INFO - RAM per model: 2264 MB
2026-03-28 23:29:26,535 - INFO - Max actors by RAM: 3
2026-03-28 23:29:26,537 - INFO - Creating 1 ModelActor(s)
2026-03-28 23:29:26,540 - INFO - Let Ray handle scheduling (taskset already restricts CPU visibility)
2026-03-28 23:29:26,542 - INFO - Creating ModelActor 1/1 (2.21GB RAM each)...
2026-03-28 23:29:30,975 - INFO - ModelActor 1 created successfully.
2026-03-28 23:29:30,977 - INFO - Created 1 CPU actor(s). Task queue will handle concurrency.
2026-03-28 23:29:30,979 - INFO - Starting EQCCTPro parallelized waveform processing...
2026-03-28 23:29:30,982 - INFO - 
2026-03-28 23:29:30,984 - INFO - ------- Analyzing Seismic Waveforms for P and S Picks via EQCCT -------
2026-03-28 23:29:30,988 - INFO - Analyzing 0:01:00 minute timechunk from 2025-01-08 12:02:20 to 2025-01-08 12:03:20 (0 min overlap)
2026-03-28 23:29:30,990 - INFO - Processing a total of 1 stations, 1 at a time.
2026-03-28 23:29:35,482 - INFO - (1/1) KEF: Finished the prediction in 2.5s. (HP=1.0, LP=45.0)
2026-03-28 23:29:35,488 - INFO - 
2026-03-28 23:29:35,493 - INFO - ------- Parallel Station Waveform Processing Complete For 2025-01-08 12:02:20 to 2025-01-08 12:03:20 Timechunk-------
2026-03-28 23:29:35,496 - INFO - Picks saved at /home/blackwinter/projects/eqcct/eqcctpro/results/csv/eqcct_explosions_th0_1/20250108T120220Z_20250108T120320ZProcess Runtime: 4.51 s
2026-03-28 23:29:35,503 - INFO - Successfully ran EQCCTPro, exiting...
2026-03-28 23:29:37,020 - INFO - Ray Successfully Shutdown.
2026-03-28 23:29:37,020 - INFO - ------- Successfully Picked All Waveform(s) from all Timechunk(s) -------
