2026-03-29 13:49:28,026 - INFO - 
2026-03-29 13:49:28,026 - INFO - ------- Welcome to EQCCTPro -------
2026-03-29 13:49:28,026 - INFO - 
2026-03-29 13:49:28,027 - INFO - Running EQCCT over Requested MSeed Files using CPU(s)...
2026-03-29 13:49:28,027 - INFO - GPU disabled (CPU-only).
2026-03-29 13:49:28,027 - INFO - Configured Intra-op threads = 1
2026-03-29 13:49:28,027 - INFO - Configured Inter-op threads = 1
2026-03-29 13:49:28,027 - INFO - TensorFlow: No GPUs visible; TF will proceed on CPU.
2026-03-29 13:49:28,027 - INFO - 
2026-03-29 13:49:33,724 - INFO - Ray Successfully Initialized with 4 CPU(s) ([0, 1, 2, 3] CPU Affinity Binding).
2026-03-29 13:49:33,725 - INFO - Analyzing 1 time chunk(s) from 2025-01-07 10:00:13 to 2025-01-07 10:01:13 (dt=1min, overlap=0min).
2026-03-29 13:49:33,725 - INFO - Using 1 selected station(s).
2026-03-29 13:49:33,725 - INFO - 
2026-03-29 13:49:33,726 - INFO - ------- Starting EQCCTPro... -------
2026-03-29 13:49:33,726 - INFO - Detailed subprocess information can be found in the log file.
2026-03-29 13:49:33,726 - INFO - 
2026-03-29 13:49:34,135 - INFO - GPU disabled (CPU-only).
2026-03-29 13:49:35,716 - INFO - Configured Intra-op threads = 1
2026-03-29 13:49:35,718 - INFO - Configured Inter-op threads = 1
2026-03-29 13:49:35,769 - INFO - TensorFlow: No GPUs visible; TF will proceed on CPU.
2026-03-29 13:49:35,772 - INFO - 
2026-03-29 13:49:35,775 - INFO - ------- Hardware Configuration -------
2026-03-29 13:49:35,777 - INFO - CPU affinity set to cores: [0, 1, 2, 3]
2026-03-29 13:49:35,780 - INFO - 
2026-03-29 13:49:35,783 - INFO - ------- Data Preprocessing for EQCCTPro -------
2026-03-29 13:49:35,785 - INFO - 1 station(s) in /home/blackwinter/projects/eqcct/eqcctpro/data/waveforms_noise_only/20250107T100013Z_20250107T100113Z
2026-03-29 13:49:35,788 - INFO - Using 1 selected station(s): ['VUOS'].
2026-03-29 13:49:35,790 - INFO - Creating model actor(s)...
2026-03-29 13:49:35,793 - INFO - System RAM: Total=7870 MB, Available=4480 MB
2026-03-29 13:49:35,796 - INFO - Usable RAM budget: 7083 MB (90% of total)
2026-03-29 13:49:35,799 - INFO - ===== MEMORY-AWARE CPU ACTOR POOL (EQCCT) =====
2026-03-29 13:49:35,801 - INFO - Requested concurrent tasks: 1
2026-03-29 13:49:35,804 - INFO - Available CPUs: 4
2026-03-29 13:49:35,807 - INFO - Available RAM: 7083 MB
2026-03-29 13:49:35,809 - INFO - RAM per model: 2264 MB
2026-03-29 13:49:35,812 - INFO - Max actors by RAM: 3
2026-03-29 13:49:35,814 - INFO - Creating 1 ModelActor(s)
2026-03-29 13:49:35,817 - INFO - Let Ray handle scheduling (taskset already restricts CPU visibility)
2026-03-29 13:49:35,819 - INFO - Creating ModelActor 1/1 (2.21GB RAM each)...
2026-03-29 13:49:40,138 - INFO - ModelActor 1 created successfully.
2026-03-29 13:49:40,141 - INFO - Created 1 CPU actor(s). Task queue will handle concurrency.
2026-03-29 13:49:40,143 - INFO - Starting EQCCTPro parallelized waveform processing...
2026-03-29 13:49:40,146 - INFO - 
2026-03-29 13:49:40,149 - INFO - ------- Analyzing Seismic Waveforms for P and S Picks via EQCCT -------
2026-03-29 13:49:40,151 - INFO - Analyzing 0:01:00 minute timechunk from 2025-01-07 10:00:13 to 2025-01-07 10:01:13 (0 min overlap)
2026-03-29 13:49:40,154 - INFO - Processing a total of 1 stations, 1 at a time.
2026-03-29 13:49:44,525 - INFO - (1/1) VUOS: Finished the prediction in 2.38s. (HP=1.0, LP=45.0)
2026-03-29 13:49:44,528 - INFO - 
2026-03-29 13:49:44,530 - INFO - ------- Parallel Station Waveform Processing Complete For 2025-01-07 10:00:13 to 2025-01-07 10:01:13 Timechunk-------
2026-03-29 13:49:44,533 - INFO - Picks saved at /home/blackwinter/projects/eqcct/eqcctpro/results/csv/eqcct_noise_th0_1/20250107T100013Z_20250107T100113ZProcess Runtime: 4.38 s
2026-03-29 13:49:44,545 - INFO - Successfully ran EQCCTPro, exiting...
2026-03-29 13:49:46,127 - INFO - Ray Successfully Shutdown.
2026-03-29 13:49:46,128 - INFO - ------- Successfully Picked All Waveform(s) from all Timechunk(s) -------
