2026-03-10 18:53:54,935 - INFO - 
2026-03-10 18:53:54,935 - INFO - ------- Welcome to EQCCTPro -------
2026-03-10 18:53:54,936 - INFO - 
2026-03-10 18:53:54,936 - INFO - Running EQCCT over Requested MSeed Files using CPU(s)...
2026-03-10 18:53:54,936 - INFO - GPU disabled (CPU-only).
2026-03-10 18:53:54,937 - INFO - Configured Intra-op threads = 1
2026-03-10 18:53:54,937 - INFO - Configured Inter-op threads = 1
2026-03-10 18:53:54,937 - INFO - TensorFlow: No GPUs visible; TF will proceed on CPU.
2026-03-10 18:53:54,937 - INFO - 
2026-03-10 18:54:00,210 - INFO - Ray Successfully Initialized with 4 CPU(s) ([0, 1, 2, 3] CPU Affinity Binding).
2026-03-10 18:54:00,210 - INFO - Analyzing 1 time chunk(s) from 2025-01-03 23:06:40 to 2025-01-03 23:07:40 (dt=1min, overlap=0min).
2026-03-10 18:54:00,210 - INFO - Using 1 selected station(s).
2026-03-10 18:54:00,210 - INFO - 
2026-03-10 18:54:00,210 - INFO - ------- Starting EQCCTPro... -------
2026-03-10 18:54:00,210 - INFO - Detailed subprocess information can be found in the log file.
2026-03-10 18:54:00,211 - INFO - 
2026-03-10 18:54:00,573 - INFO - GPU disabled (CPU-only).
2026-03-10 18:54:02,052 - INFO - Configured Intra-op threads = 1
2026-03-10 18:54:02,054 - INFO - Configured Inter-op threads = 1
2026-03-10 18:54:02,095 - INFO - TensorFlow: No GPUs visible; TF will proceed on CPU.
2026-03-10 18:54:02,098 - INFO - 
2026-03-10 18:54:02,100 - INFO - ------- Hardware Configuration -------
2026-03-10 18:54:02,102 - INFO - CPU affinity set to cores: [0, 1, 2, 3]
2026-03-10 18:54:02,104 - INFO - 
2026-03-10 18:54:02,106 - INFO - ------- Data Preprocessing for EQCCTPro -------
2026-03-10 18:54:02,108 - INFO - 1 station(s) in /home/blackwinter/projects/eqcct/eqcctpro/data/waveforms_noise_only/20250103T230640Z_20250103T230740Z
2026-03-10 18:54:02,111 - INFO - Using 1 selected station(s): ['KEV'].
2026-03-10 18:54:02,113 - INFO - Creating model actor(s)...
2026-03-10 18:54:02,115 - INFO - System RAM: Total=7870 MB, Available=3815 MB
2026-03-10 18:54:02,117 - INFO - Usable RAM budget: 7083 MB (90% of total)
2026-03-10 18:54:02,120 - INFO - ===== MEMORY-AWARE CPU ACTOR POOL (EQCCT) =====
2026-03-10 18:54:02,122 - INFO - Requested concurrent tasks: 1
2026-03-10 18:54:02,124 - INFO - Available CPUs: 4
2026-03-10 18:54:02,126 - INFO - Available RAM: 7083 MB
2026-03-10 18:54:02,128 - INFO - RAM per model: 2264 MB
2026-03-10 18:54:02,129 - INFO - Max actors by RAM: 3
2026-03-10 18:54:02,131 - INFO - Creating 1 ModelActor(s)
2026-03-10 18:54:02,133 - INFO - Let Ray handle scheduling (taskset already restricts CPU visibility)
2026-03-10 18:54:02,135 - INFO - Creating ModelActor 1/1 (2.21GB RAM each)...
2026-03-10 18:54:06,246 - INFO - ModelActor 1 created successfully.
2026-03-10 18:54:06,249 - INFO - Created 1 CPU actor(s). Task queue will handle concurrency.
2026-03-10 18:54:06,251 - INFO - Starting EQCCTPro parallelized waveform processing...
2026-03-10 18:54:06,253 - INFO - 
2026-03-10 18:54:06,255 - INFO - ------- Analyzing Seismic Waveforms for P and S Picks via EQCCT -------
2026-03-10 18:54:06,257 - INFO - Analyzing 0:01:00 minute timechunk from 2025-01-03 23:06:40 to 2025-01-03 23:07:40 (0 min overlap)
2026-03-10 18:54:06,259 - INFO - Processing a total of 1 stations, 1 at a time.
2026-03-10 18:54:10,290 - INFO - (1/1) KEV: Finished the prediction in 2.12s. (HP=1.0, LP=45.0)
2026-03-10 18:54:10,292 - INFO - 
2026-03-10 18:54:10,294 - INFO - ------- Parallel Station Waveform Processing Complete For 2025-01-03 23:06:40 to 2025-01-03 23:07:40 Timechunk-------
2026-03-10 18:54:10,296 - INFO - Picks saved at /home/blackwinter/projects/eqcct/eqcctpro/results/csv/bm_noise_only/20250103T230640Z_20250103T230740ZProcess Runtime: 4.04 s
2026-03-10 18:54:10,300 - INFO - Successfully ran EQCCTPro, exiting...
2026-03-10 18:54:11,741 - INFO - Ray Successfully Shutdown.
2026-03-10 18:54:11,742 - INFO - ------- Successfully Picked All Waveform(s) from all Timechunk(s) -------
2026-03-11 10:13:32,321 - INFO - 
2026-03-11 10:13:32,328 - INFO - ------- Welcome to EQCCTPro -------
2026-03-11 10:13:32,328 - INFO - 
2026-03-11 10:13:32,329 - INFO - Running EQCCT over Requested MSeed Files using CPU(s)...
2026-03-11 10:13:32,329 - INFO - GPU disabled (CPU-only).
2026-03-11 10:13:32,329 - INFO - Configured Intra-op threads = 1
2026-03-11 10:13:32,329 - INFO - Configured Inter-op threads = 1
2026-03-11 10:13:32,330 - INFO - TensorFlow: No GPUs visible; TF will proceed on CPU.
2026-03-11 10:13:32,330 - INFO - 
2026-03-11 10:13:37,723 - INFO - Ray Successfully Initialized with 4 CPU(s) ([0, 1, 2, 3] CPU Affinity Binding).
2026-03-11 10:13:37,724 - INFO - Analyzing 1 time chunk(s) from 2025-01-03 23:06:40 to 2025-01-03 23:07:40 (dt=1min, overlap=0min).
2026-03-11 10:13:37,724 - INFO - Using 1 selected station(s).
2026-03-11 10:13:37,724 - INFO - 
2026-03-11 10:13:37,724 - INFO - ------- Starting EQCCTPro... -------
2026-03-11 10:13:37,724 - INFO - Detailed subprocess information can be found in the log file.
2026-03-11 10:13:37,724 - INFO - 
2026-03-11 10:13:38,098 - INFO - GPU disabled (CPU-only).
2026-03-11 10:13:39,525 - INFO - Configured Intra-op threads = 1
2026-03-11 10:13:39,528 - INFO - Configured Inter-op threads = 1
2026-03-11 10:13:39,575 - INFO - TensorFlow: No GPUs visible; TF will proceed on CPU.
2026-03-11 10:13:39,577 - INFO - 
2026-03-11 10:13:39,579 - INFO - ------- Hardware Configuration -------
2026-03-11 10:13:39,582 - INFO - CPU affinity set to cores: [0, 1, 2, 3]
2026-03-11 10:13:39,583 - INFO - 
2026-03-11 10:13:39,585 - INFO - ------- Data Preprocessing for EQCCTPro -------
2026-03-11 10:13:39,588 - INFO - 1 station(s) in /home/blackwinter/projects/eqcct/eqcctpro/data/waveforms_noise_only/20250103T230640Z_20250103T230740Z
2026-03-11 10:13:39,590 - INFO - Using 1 selected station(s): ['KEV'].
2026-03-11 10:13:39,592 - INFO - Creating model actor(s)...
2026-03-11 10:13:39,594 - INFO - System RAM: Total=7870 MB, Available=4538 MB
2026-03-11 10:13:39,596 - INFO - Usable RAM budget: 7083 MB (90% of total)
2026-03-11 10:13:39,599 - INFO - ===== MEMORY-AWARE CPU ACTOR POOL (EQCCT) =====
2026-03-11 10:13:39,601 - INFO - Requested concurrent tasks: 1
2026-03-11 10:13:39,603 - INFO - Available CPUs: 4
2026-03-11 10:13:39,605 - INFO - Available RAM: 7083 MB
2026-03-11 10:13:39,607 - INFO - RAM per model: 2264 MB
2026-03-11 10:13:39,609 - INFO - Max actors by RAM: 3
2026-03-11 10:13:39,611 - INFO - Creating 1 ModelActor(s)
2026-03-11 10:13:39,612 - INFO - Let Ray handle scheduling (taskset already restricts CPU visibility)
2026-03-11 10:13:39,614 - INFO - Creating ModelActor 1/1 (2.21GB RAM each)...
2026-03-11 10:13:43,524 - INFO - ModelActor 1 created successfully.
2026-03-11 10:13:43,527 - INFO - Created 1 CPU actor(s). Task queue will handle concurrency.
2026-03-11 10:13:43,529 - INFO - Starting EQCCTPro parallelized waveform processing...
2026-03-11 10:13:43,531 - INFO - 
2026-03-11 10:13:43,533 - INFO - ------- Analyzing Seismic Waveforms for P and S Picks via EQCCT -------
2026-03-11 10:13:43,535 - INFO - Analyzing 0:01:00 minute timechunk from 2025-01-03 23:06:40 to 2025-01-03 23:07:40 (0 min overlap)
2026-03-11 10:13:43,537 - INFO - Processing a total of 1 stations, 1 at a time.
2026-03-11 10:13:45,417 - INFO - (1/1) KEV: Skipped (already exists - overwrite=False).
2026-03-11 10:13:45,419 - INFO - 
2026-03-11 10:13:45,421 - INFO - ------- Parallel Station Waveform Processing Complete For 2025-01-03 23:06:40 to 2025-01-03 23:07:40 Timechunk-------
2026-03-11 10:13:45,426 - INFO - Successfully ran EQCCTPro, exiting...
2026-03-11 10:13:45,423 - INFO - Picks saved at /home/blackwinter/projects/eqcct/eqcctpro/results/csv/bm_noise_only/20250103T230640Z_20250103T230740ZProcess Runtime: 1.89 s
2026-03-11 10:13:46,611 - INFO - Ray Successfully Shutdown.
2026-03-11 10:13:46,612 - INFO - ------- Successfully Picked All Waveform(s) from all Timechunk(s) -------
