2026-03-27 17:51:30,453 - INFO - 
2026-03-27 17:51:30,453 - INFO - ------- Welcome to EQCCTPro -------
2026-03-27 17:51:30,453 - INFO - 
2026-03-27 17:51:30,454 - INFO - Running EQCCT over Requested MSeed Files using CPU(s)...
2026-03-27 17:51:30,454 - INFO - GPU disabled (CPU-only).
2026-03-27 17:51:30,454 - INFO - Skipping framework-specific initialization in the driver process.
2026-03-27 17:51:32,815 - INFO - Ray Successfully Initialized with 4 CPU(s) ([0, 1, 2, 3] CPU Affinity Binding).
2026-03-27 17:51:32,815 - INFO - Analyzing 1 time chunk(s) from 2025-02-28 09:03:51 to 2025-02-28 09:04:51 (dt=1min, overlap=0min).
2026-03-27 17:51:32,815 - INFO - Using 1 selected station(s).
2026-03-27 17:51:32,815 - INFO - 
2026-03-27 17:51:32,815 - INFO - ------- Starting EQCCTPro... -------
2026-03-27 17:51:32,815 - INFO - Detailed subprocess information can be found in the log file.
2026-03-27 17:51:32,815 - INFO - 
2026-03-27 17:51:33,087 - INFO - GPU disabled (CPU-only).
2026-03-27 17:51:33,092 - INFO - Skipping framework-specific initialization in the driver process.
2026-03-27 17:51:33,094 - INFO - ------- Hardware Configuration -------
2026-03-27 17:51:33,097 - INFO - CPU affinity set to cores: [0, 1, 2, 3]
2026-03-27 17:51:33,099 - INFO - 
2026-03-27 17:51:33,102 - INFO - ------- Data Preprocessing for EQCCTPro -------
2026-03-27 17:51:33,104 - INFO - 1 station(s) in /home/blackwinter/projects/eqcct/eqcctpro/data/waveforms_earthquakes_nonoise/20250228T090351Z_20250228T090451Z
2026-03-27 17:51:33,106 - INFO - Using 1 selected station(s): ['HEF'].
2026-03-27 17:51:33,108 - INFO - Creating model actor(s)...
2026-03-27 17:51:33,111 - INFO - System RAM: Total=7870 MB, Available=6156 MB
2026-03-27 17:51:33,114 - INFO - Usable RAM budget: 7083 MB (90% of total)
2026-03-27 17:51:33,116 - INFO - ===== MEMORY-AWARE CPU ACTOR POOL =====
2026-03-27 17:51:33,118 - INFO - Requested concurrent tasks: 1
2026-03-27 17:51:33,120 - INFO - Available CPUs: 4
2026-03-27 17:51:33,122 - INFO - Available RAM: 7083 MB
2026-03-27 17:51:33,124 - INFO - RAM per model: 2060 MB
2026-03-27 17:51:33,126 - INFO - Max actors by RAM: 3
2026-03-27 17:51:33,127 - INFO - Creating 1 SeisBenchModelActor(s)
2026-03-27 17:51:33,129 - INFO - Let Ray handle scheduling (taskset already restricts CPU visibility)
2026-03-27 17:51:33,131 - INFO - Creating SeisBenchModelActor 1/1 (2.01GB RAM each)...
2026-03-27 17:51:35,920 - INFO - SeisBenchModelActor 1 created successfully.
2026-03-27 17:51:35,922 - INFO - Created 1 CPU actor(s). Task queue will handle concurrency.
2026-03-27 17:51:35,924 - INFO - Starting EQCCTPro parallelized waveform processing...
2026-03-27 17:51:35,926 - INFO - 
2026-03-27 17:51:35,928 - INFO - ------- Analyzing Seismic Waveforms for P and S Picks via SeisBench (EQTransformer - original_nonconservative) -------
2026-03-27 17:51:35,931 - INFO - Analyzing 0:01:00 minute timechunk from 2025-02-28 09:03:51 to 2025-02-28 09:04:51 (0 min overlap)
2026-03-27 17:51:35,932 - INFO - Processing a total of 1 stations, 1 at a time.
2026-03-27 17:51:38,121 - INFO - (1/1) HEF: Finished the prediction in 0.12s. (HP=1.0, LP=45.0, picks=2)
2026-03-27 17:51:38,123 - INFO - 
2026-03-27 17:51:38,125 - INFO - ------- Parallel Station Waveform Processing Complete For 2025-02-28 09:03:51 to 2025-02-28 09:04:51 Timechunk-------
2026-03-27 17:51:38,128 - INFO - Picks saved at /home/blackwinter/projects/eqcct/eqcctpro/results/csv/eqt_earthquakes_th0_1/20250228T090351Z_20250228T090451ZProcess Runtime: 2.20 s
2026-03-27 17:51:38,133 - INFO - Successfully ran EQCCTPro, exiting...
2026-03-27 17:51:39,841 - INFO - Ray Successfully Shutdown.
2026-03-27 17:51:39,841 - INFO - ------- Successfully Picked All Waveform(s) from all Timechunk(s) -------
2026-03-28 00:19:44,468 - INFO - 
2026-03-28 00:19:44,469 - INFO - ------- Welcome to EQCCTPro -------
2026-03-28 00:19:44,469 - INFO - 
2026-03-28 00:19:44,470 - INFO - Running EQCCT over Requested MSeed Files using CPU(s)...
2026-03-28 00:19:44,470 - INFO - GPU disabled (CPU-only).
2026-03-28 00:19:44,470 - INFO - Skipping framework-specific initialization in the driver process.
2026-03-28 00:19:46,820 - INFO - Ray Successfully Initialized with 4 CPU(s) ([0, 1, 2, 3] CPU Affinity Binding).
2026-03-28 00:19:46,820 - INFO - Analyzing 1 time chunk(s) from 2025-02-28 09:03:51 to 2025-02-28 09:04:51 (dt=1min, overlap=0min).
2026-03-28 00:19:46,820 - INFO - Using 1 selected station(s).
2026-03-28 00:19:46,821 - INFO - 
2026-03-28 00:19:46,821 - INFO - ------- Starting EQCCTPro... -------
2026-03-28 00:19:46,821 - INFO - Detailed subprocess information can be found in the log file.
2026-03-28 00:19:46,821 - INFO - 
2026-03-28 00:19:47,098 - INFO - GPU disabled (CPU-only).
2026-03-28 00:19:47,102 - INFO - Skipping framework-specific initialization in the driver process.
2026-03-28 00:19:47,105 - INFO - ------- Hardware Configuration -------
2026-03-28 00:19:47,107 - INFO - CPU affinity set to cores: [0, 1, 2, 3]
2026-03-28 00:19:47,109 - INFO - 
2026-03-28 00:19:47,112 - INFO - ------- Data Preprocessing for EQCCTPro -------
2026-03-28 00:19:47,114 - INFO - 1 station(s) in /home/blackwinter/projects/eqcct/eqcctpro/data/waveforms_earthquakes_nonoise/20250228T090351Z_20250228T090451Z
2026-03-28 00:19:47,116 - INFO - Using 1 selected station(s): ['HEF'].
2026-03-28 00:19:47,118 - INFO - Creating model actor(s)...
2026-03-28 00:19:47,120 - INFO - System RAM: Total=7870 MB, Available=5951 MB
2026-03-28 00:19:47,122 - INFO - Usable RAM budget: 7083 MB (90% of total)
2026-03-28 00:19:47,124 - INFO - ===== MEMORY-AWARE CPU ACTOR POOL =====
2026-03-28 00:19:47,126 - INFO - Requested concurrent tasks: 1
2026-03-28 00:19:47,127 - INFO - Available CPUs: 4
2026-03-28 00:19:47,129 - INFO - Available RAM: 7083 MB
2026-03-28 00:19:47,131 - INFO - RAM per model: 2060 MB
2026-03-28 00:19:47,134 - INFO - Max actors by RAM: 3
2026-03-28 00:19:47,136 - INFO - Creating 1 SeisBenchModelActor(s)
2026-03-28 00:19:47,138 - INFO - Let Ray handle scheduling (taskset already restricts CPU visibility)
2026-03-28 00:19:47,140 - INFO - Creating SeisBenchModelActor 1/1 (2.01GB RAM each)...
2026-03-28 00:19:49,853 - INFO - SeisBenchModelActor 1 created successfully.
2026-03-28 00:19:49,856 - INFO - Created 1 CPU actor(s). Task queue will handle concurrency.
2026-03-28 00:19:49,858 - INFO - Starting EQCCTPro parallelized waveform processing...
2026-03-28 00:19:49,860 - INFO - 
2026-03-28 00:19:49,862 - INFO - ------- Analyzing Seismic Waveforms for P and S Picks via SeisBench (EQTransformer - original_nonconservative) -------
2026-03-28 00:19:49,865 - INFO - Analyzing 0:01:00 minute timechunk from 2025-02-28 09:03:51 to 2025-02-28 09:04:51 (0 min overlap)
2026-03-28 00:19:49,867 - INFO - Processing a total of 1 stations, 1 at a time.
2026-03-28 00:19:51,866 - INFO - (1/1) HEF: Skipped (already exists - overwrite=False).
2026-03-28 00:19:51,868 - INFO - 
2026-03-28 00:19:51,870 - INFO - ------- Parallel Station Waveform Processing Complete For 2025-02-28 09:03:51 to 2025-02-28 09:04:51 Timechunk-------
2026-03-28 00:19:51,872 - INFO - Picks saved at /home/blackwinter/projects/eqcct/eqcctpro/results/csv/eqt_earthquakes_th0_1/20250228T090351Z_20250228T090451ZProcess Runtime: 2.01 s
2026-03-28 00:19:51,879 - INFO - Successfully ran EQCCTPro, exiting...
2026-03-28 00:19:53,275 - INFO - Ray Successfully Shutdown.
2026-03-28 00:19:53,275 - INFO - ------- Successfully Picked All Waveform(s) from all Timechunk(s) -------
