2026-03-11 02:25:17,093 - INFO - 
2026-03-11 02:25:17,093 - INFO - ------- Welcome to EQCCTPro -------
2026-03-11 02:25:17,093 - INFO - 
2026-03-11 02:25:17,094 - INFO - Running EQCCT over Requested MSeed Files using CPU(s)...
2026-03-11 02:25:17,094 - INFO - GPU disabled (CPU-only).
2026-03-11 02:25:17,094 - INFO - Configured Intra-op threads = 1
2026-03-11 02:25:17,094 - INFO - Configured Inter-op threads = 1
2026-03-11 02:25:17,094 - INFO - TensorFlow: No GPUs visible; TF will proceed on CPU.
2026-03-11 02:25:17,094 - INFO - 
2026-03-11 02:25:22,349 - INFO - Ray Successfully Initialized with 4 CPU(s) ([0, 1, 2, 3] CPU Affinity Binding).
2026-03-11 02:25:22,349 - INFO - Analyzing 1 time chunk(s) from 2025-01-12 23:37:57 to 2025-01-12 23:38:57 (dt=1min, overlap=0min).
2026-03-11 02:25:22,349 - INFO - Using 1 selected station(s).
2026-03-11 02:25:22,349 - INFO - 
2026-03-11 02:25:22,349 - INFO - ------- Starting EQCCTPro... -------
2026-03-11 02:25:22,349 - INFO - Detailed subprocess information can be found in the log file.
2026-03-11 02:25:22,350 - INFO - 
2026-03-11 02:25:22,706 - INFO - GPU disabled (CPU-only).
2026-03-11 02:25:24,188 - INFO - Configured Intra-op threads = 1
2026-03-11 02:25:24,190 - INFO - Configured Inter-op threads = 1
2026-03-11 02:25:24,233 - INFO - TensorFlow: No GPUs visible; TF will proceed on CPU.
2026-03-11 02:25:24,236 - INFO - 
2026-03-11 02:25:24,238 - INFO - ------- Hardware Configuration -------
2026-03-11 02:25:24,240 - INFO - CPU affinity set to cores: [0, 1, 2, 3]
2026-03-11 02:25:24,242 - INFO - 
2026-03-11 02:25:24,243 - INFO - ------- Data Preprocessing for EQCCTPro -------
2026-03-11 02:25:24,245 - INFO - 1 station(s) in /home/blackwinter/projects/eqcct/eqcctpro/data/waveforms_noise_only/20250112T233757Z_20250112T233857Z
2026-03-11 02:25:24,247 - INFO - Using 1 selected station(s): ['VAF'].
2026-03-11 02:25:24,249 - INFO - Creating model actor(s)...
2026-03-11 02:25:24,252 - INFO - System RAM: Total=7870 MB, Available=2373 MB
2026-03-11 02:25:24,254 - INFO - Usable RAM budget: 7083 MB (90% of total)
2026-03-11 02:25:24,256 - INFO - ===== MEMORY-AWARE CPU ACTOR POOL (EQCCT) =====
2026-03-11 02:25:24,258 - INFO - Requested concurrent tasks: 1
2026-03-11 02:25:24,261 - INFO - Available CPUs: 4
2026-03-11 02:25:24,263 - INFO - Available RAM: 7083 MB
2026-03-11 02:25:24,265 - INFO - RAM per model: 2264 MB
2026-03-11 02:25:24,267 - INFO - Max actors by RAM: 3
2026-03-11 02:25:24,269 - INFO - Creating 1 ModelActor(s)
2026-03-11 02:25:24,271 - INFO - Let Ray handle scheduling (taskset already restricts CPU visibility)
2026-03-11 02:25:24,274 - INFO - Creating ModelActor 1/1 (2.21GB RAM each)...
2026-03-11 02:25:28,182 - INFO - ModelActor 1 created successfully.
2026-03-11 02:25:28,184 - INFO - Created 1 CPU actor(s). Task queue will handle concurrency.
2026-03-11 02:25:28,186 - INFO - Starting EQCCTPro parallelized waveform processing...
2026-03-11 02:25:28,188 - INFO - 
2026-03-11 02:25:28,190 - INFO - ------- Analyzing Seismic Waveforms for P and S Picks via EQCCT -------
2026-03-11 02:25:28,193 - INFO - Analyzing 0:01:00 minute timechunk from 2025-01-12 23:37:57 to 2025-01-12 23:38:57 (0 min overlap)
2026-03-11 02:25:28,195 - INFO - Processing a total of 1 stations, 1 at a time.
2026-03-11 02:25:32,411 - INFO - (1/1) VAF: Finished the prediction in 2.16s. (HP=1.0, LP=45.0)
2026-03-11 02:25:32,414 - INFO - 
2026-03-11 02:25:32,417 - INFO - ------- Parallel Station Waveform Processing Complete For 2025-01-12 23:37:57 to 2025-01-12 23:38:57 Timechunk-------
2026-03-11 02:25:32,418 - INFO - Picks saved at /home/blackwinter/projects/eqcct/eqcctpro/results/csv/bm_noise_only/20250112T233757Z_20250112T233857ZProcess Runtime: 4.23 s
2026-03-11 02:25:32,423 - INFO - Successfully ran EQCCTPro, exiting...
2026-03-11 02:25:34,106 - INFO - Ray Successfully Shutdown.
2026-03-11 02:25:34,106 - INFO - ------- Successfully Picked All Waveform(s) from all Timechunk(s) -------
2026-03-11 16:45:01,804 - INFO - 
2026-03-11 16:45:01,804 - INFO - ------- Welcome to EQCCTPro -------
2026-03-11 16:45:01,804 - INFO - 
2026-03-11 16:45:01,805 - INFO - Running EQCCT over Requested MSeed Files using CPU(s)...
2026-03-11 16:45:01,805 - INFO - GPU disabled (CPU-only).
2026-03-11 16:45:01,805 - INFO - Configured Intra-op threads = 1
2026-03-11 16:45:01,806 - INFO - Configured Inter-op threads = 1
2026-03-11 16:45:01,806 - INFO - TensorFlow: No GPUs visible; TF will proceed on CPU.
2026-03-11 16:45:01,806 - INFO - 
2026-03-11 16:45:07,262 - INFO - Ray Successfully Initialized with 4 CPU(s) ([0, 1, 2, 3] CPU Affinity Binding).
2026-03-11 16:45:07,262 - INFO - Analyzing 1 time chunk(s) from 2025-01-12 23:37:57 to 2025-01-12 23:38:57 (dt=1min, overlap=0min).
2026-03-11 16:45:07,262 - INFO - Using 1 selected station(s).
2026-03-11 16:45:07,263 - INFO - 
2026-03-11 16:45:07,263 - INFO - ------- Starting EQCCTPro... -------
2026-03-11 16:45:07,263 - INFO - Detailed subprocess information can be found in the log file.
2026-03-11 16:45:07,263 - INFO - 
2026-03-11 16:45:07,616 - INFO - GPU disabled (CPU-only).
2026-03-11 16:45:09,144 - INFO - Configured Intra-op threads = 1
2026-03-11 16:45:09,147 - INFO - Configured Inter-op threads = 1
2026-03-11 16:45:09,190 - INFO - TensorFlow: No GPUs visible; TF will proceed on CPU.
2026-03-11 16:45:09,193 - INFO - 
2026-03-11 16:45:09,195 - INFO - ------- Hardware Configuration -------
2026-03-11 16:45:09,197 - INFO - CPU affinity set to cores: [0, 1, 2, 3]
2026-03-11 16:45:09,199 - INFO - 
2026-03-11 16:45:09,202 - INFO - ------- Data Preprocessing for EQCCTPro -------
2026-03-11 16:45:09,204 - INFO - 1 station(s) in /home/blackwinter/projects/eqcct/eqcctpro/data/waveforms_noise_only/20250112T233757Z_20250112T233857Z
2026-03-11 16:45:09,206 - INFO - Using 1 selected station(s): ['VAF'].
2026-03-11 16:45:09,208 - INFO - Creating model actor(s)...
2026-03-11 16:45:09,210 - INFO - System RAM: Total=7870 MB, Available=3157 MB
2026-03-11 16:45:09,212 - INFO - Usable RAM budget: 7083 MB (90% of total)
2026-03-11 16:45:09,215 - INFO - ===== MEMORY-AWARE CPU ACTOR POOL (EQCCT) =====
2026-03-11 16:45:09,217 - INFO - Requested concurrent tasks: 1
2026-03-11 16:45:09,219 - INFO - Available CPUs: 4
2026-03-11 16:45:09,221 - INFO - Available RAM: 7083 MB
2026-03-11 16:45:09,223 - INFO - RAM per model: 2264 MB
2026-03-11 16:45:09,225 - INFO - Max actors by RAM: 3
2026-03-11 16:45:09,227 - INFO - Creating 1 ModelActor(s)
2026-03-11 16:45:09,229 - INFO - Let Ray handle scheduling (taskset already restricts CPU visibility)
2026-03-11 16:45:09,231 - INFO - Creating ModelActor 1/1 (2.21GB RAM each)...
2026-03-11 16:45:13,163 - INFO - ModelActor 1 created successfully.
2026-03-11 16:45:13,165 - INFO - Created 1 CPU actor(s). Task queue will handle concurrency.
2026-03-11 16:45:13,167 - INFO - Starting EQCCTPro parallelized waveform processing...
2026-03-11 16:45:13,169 - INFO - 
2026-03-11 16:45:13,170 - INFO - ------- Analyzing Seismic Waveforms for P and S Picks via EQCCT -------
2026-03-11 16:45:13,173 - INFO - Analyzing 0:01:00 minute timechunk from 2025-01-12 23:37:57 to 2025-01-12 23:38:57 (0 min overlap)
2026-03-11 16:45:13,174 - INFO - Processing a total of 1 stations, 1 at a time.
2026-03-11 16:45:15,131 - INFO - (1/1) VAF: Skipped (already exists - overwrite=False).
2026-03-11 16:45:15,133 - INFO - 
2026-03-11 16:45:15,136 - INFO - ------- Parallel Station Waveform Processing Complete For 2025-01-12 23:37:57 to 2025-01-12 23:38:57 Timechunk-------
2026-03-11 16:45:15,138 - INFO - Picks saved at /home/blackwinter/projects/eqcct/eqcctpro/results/csv/bm_noise_only/20250112T233757Z_20250112T233857ZProcess Runtime: 1.97 s
2026-03-11 16:45:15,142 - INFO - Successfully ran EQCCTPro, exiting...
2026-03-11 16:45:16,712 - INFO - Ray Successfully Shutdown.
2026-03-11 16:45:16,712 - INFO - ------- Successfully Picked All Waveform(s) from all Timechunk(s) -------
