2026-02-27 00:56:47,156 - INFO - 
2026-02-27 00:56:47,156 - INFO - ------- Welcome to EQCCTPro -------
2026-02-27 00:56:47,156 - INFO - 
2026-02-27 00:56:47,156 - INFO - Running EQCCT over Requested MSeed Files using CPU(s)...
2026-02-27 00:56:47,157 - INFO - GPU disabled (CPU-only).
2026-02-27 00:56:47,157 - INFO - Configured Intra-op threads = 1
2026-02-27 00:56:47,157 - INFO - Configured Inter-op threads = 1
2026-02-27 00:56:47,157 - INFO - TensorFlow: No GPUs visible; TF will proceed on CPU.
2026-02-27 00:56:47,157 - INFO - 
2026-02-27 00:56:53,235 - INFO - Ray Successfully Initialized with 4 CPU(s) ([0, 1, 2, 3] CPU Affinity Binding).
2026-02-27 00:56:53,235 - INFO - Analyzing 1 time chunk(s) from 2025-01-13 14:01:29 to 2025-01-13 14:02:29 (dt=1min, overlap=0min).
2026-02-27 00:56:53,235 - INFO - Using 2 selected station(s).
2026-02-27 00:56:53,235 - INFO - 
2026-02-27 00:56:53,236 - INFO - ------- Starting EQCCTPro... -------
2026-02-27 00:56:53,236 - INFO - Detailed subprocess information can be found in the log file.
2026-02-27 00:56:53,236 - INFO - 
2026-02-27 00:56:53,601 - INFO - GPU disabled (CPU-only).
2026-02-27 00:56:55,159 - INFO - Configured Intra-op threads = 1
2026-02-27 00:56:55,162 - INFO - Configured Inter-op threads = 1
2026-02-27 00:56:55,203 - INFO - TensorFlow: No GPUs visible; TF will proceed on CPU.
2026-02-27 00:56:55,206 - INFO - 
2026-02-27 00:56:55,208 - INFO - ------- Hardware Configuration -------
2026-02-27 00:56:55,211 - INFO - CPU affinity set to cores: [0, 1, 2, 3]
2026-02-27 00:56:55,213 - INFO - 
2026-02-27 00:56:55,215 - INFO - ------- Data Preprocessing for EQCCTPro -------
2026-02-27 00:56:55,217 - INFO - 2 station(s) in /home/blackwinter/projects/eqcct/eqcctpro/data/waveforms_explosions_nonoise/20250113T140129Z_20250113T140229Z
2026-02-27 00:56:55,219 - INFO - Using 2 selected station(s): ['HEL1', 'LAUT'].
2026-02-27 00:56:55,221 - INFO - Creating model actor(s)...
2026-02-27 00:56:55,223 - INFO - System RAM: Total=7870 MB, Available=3081 MB
2026-02-27 00:56:55,225 - INFO - Usable RAM budget: 7083 MB (90% of total)
2026-02-27 00:56:55,227 - INFO - ===== MEMORY-AWARE CPU ACTOR POOL (EQCCT) =====
2026-02-27 00:56:55,228 - INFO - Requested concurrent tasks: 1
2026-02-27 00:56:55,230 - INFO - Available CPUs: 4
2026-02-27 00:56:55,232 - INFO - Available RAM: 7083 MB
2026-02-27 00:56:55,234 - INFO - RAM per model: 2264 MB
2026-02-27 00:56:55,235 - INFO - Max actors by RAM: 3
2026-02-27 00:56:55,237 - INFO - Creating 1 ModelActor(s)
2026-02-27 00:56:55,239 - INFO - Let Ray handle scheduling (taskset already restricts CPU visibility)
2026-02-27 00:56:55,241 - INFO - Creating ModelActor 1/1 (2.21GB RAM each)...
2026-02-27 00:56:59,184 - INFO - ModelActor 1 created successfully.
2026-02-27 00:56:59,186 - INFO - Created 1 CPU actor(s). Task queue will handle concurrency.
2026-02-27 00:56:59,188 - INFO - Starting EQCCTPro parallelized waveform processing...
2026-02-27 00:56:59,190 - INFO - 
2026-02-27 00:56:59,192 - INFO - ------- Analyzing Seismic Waveforms for P and S Picks via EQCCT -------
2026-02-27 00:56:59,194 - INFO - Analyzing 0:01:00 minute timechunk from 2025-01-13 14:01:29 to 2025-01-13 14:02:29 (0 min overlap)
2026-02-27 00:56:59,196 - INFO - Processing a total of 2 stations, 1 at a time.
2026-02-27 00:57:03,245 - INFO - (1/2) HEL1: Finished the prediction in 2.11s. (HP=1.0, LP=45.0)
2026-02-27 00:57:03,347 - INFO - (2/2) LAUT: Finished the prediction in 0.1s. (HP=1.0, LP=45.0)
2026-02-27 00:57:03,349 - INFO - 
2026-02-27 00:57:03,351 - INFO - ------- Parallel Station Waveform Processing Complete For 2025-01-13 14:01:29 to 2025-01-13 14:02:29 Timechunk-------
2026-02-27 00:57:03,352 - INFO - Picks saved at /home/blackwinter/projects/eqcct/eqcctpro/results/csv/bm_explosions/20250113T140129Z_20250113T140229ZProcess Runtime: 4.16 s
2026-02-27 00:57:03,356 - INFO - Successfully ran EQCCTPro, exiting...
2026-02-27 00:57:04,673 - INFO - Ray Successfully Shutdown.
2026-02-27 00:57:04,673 - INFO - ------- Successfully Picked All Waveform(s) from all Timechunk(s) -------
2026-02-27 08:07:00,035 - INFO - 
2026-02-27 08:07:00,041 - INFO - ------- Welcome to EQCCTPro -------
2026-02-27 08:07:00,041 - INFO - 
2026-02-27 08:07:00,042 - INFO - Running EQCCT over Requested MSeed Files using CPU(s)...
2026-02-27 08:07:00,042 - INFO - GPU disabled (CPU-only).
2026-02-27 08:07:00,042 - INFO - Configured Intra-op threads = 1
2026-02-27 08:07:00,042 - INFO - Configured Inter-op threads = 1
2026-02-27 08:07:00,043 - INFO - TensorFlow: No GPUs visible; TF will proceed on CPU.
2026-02-27 08:07:00,043 - INFO - 
2026-02-27 08:07:05,324 - INFO - Ray Successfully Initialized with 4 CPU(s) ([0, 1, 2, 3] CPU Affinity Binding).
2026-02-27 08:07:05,324 - INFO - Analyzing 1 time chunk(s) from 2025-01-13 14:01:29 to 2025-01-13 14:02:29 (dt=1min, overlap=0min).
2026-02-27 08:07:05,325 - INFO - Using 2 selected station(s).
2026-02-27 08:07:05,325 - INFO - 
2026-02-27 08:07:05,325 - INFO - ------- Starting EQCCTPro... -------
2026-02-27 08:07:05,325 - INFO - Detailed subprocess information can be found in the log file.
2026-02-27 08:07:05,325 - INFO - 
2026-02-27 08:07:05,778 - INFO - GPU disabled (CPU-only).
2026-02-27 08:07:07,321 - INFO - Configured Intra-op threads = 1
2026-02-27 08:07:07,323 - INFO - Configured Inter-op threads = 1
2026-02-27 08:07:07,362 - INFO - TensorFlow: No GPUs visible; TF will proceed on CPU.
2026-02-27 08:07:07,365 - INFO - 
2026-02-27 08:07:07,367 - INFO - ------- Hardware Configuration -------
2026-02-27 08:07:07,368 - INFO - CPU affinity set to cores: [0, 1, 2, 3]
2026-02-27 08:07:07,370 - INFO - 
2026-02-27 08:07:07,372 - INFO - ------- Data Preprocessing for EQCCTPro -------
2026-02-27 08:07:07,374 - INFO - 2 station(s) in /home/blackwinter/projects/eqcct/eqcctpro/data/waveforms_explosions_nonoise/20250113T140129Z_20250113T140229Z
2026-02-27 08:07:07,376 - INFO - Using 2 selected station(s): ['HEL1', 'LAUT'].
2026-02-27 08:07:07,378 - INFO - Creating model actor(s)...
2026-02-27 08:07:07,380 - INFO - System RAM: Total=7870 MB, Available=3198 MB
2026-02-27 08:07:07,382 - INFO - Usable RAM budget: 7083 MB (90% of total)
2026-02-27 08:07:07,384 - INFO - ===== MEMORY-AWARE CPU ACTOR POOL (EQCCT) =====
2026-02-27 08:07:07,386 - INFO - Requested concurrent tasks: 1
2026-02-27 08:07:07,387 - INFO - Available CPUs: 4
2026-02-27 08:07:07,389 - INFO - Available RAM: 7083 MB
2026-02-27 08:07:07,391 - INFO - RAM per model: 2264 MB
2026-02-27 08:07:07,392 - INFO - Max actors by RAM: 3
2026-02-27 08:07:07,394 - INFO - Creating 1 ModelActor(s)
2026-02-27 08:07:07,397 - INFO - Let Ray handle scheduling (taskset already restricts CPU visibility)
2026-02-27 08:07:07,399 - INFO - Creating ModelActor 1/1 (2.21GB RAM each)...
2026-02-27 08:07:11,306 - INFO - ModelActor 1 created successfully.
2026-02-27 08:07:11,308 - INFO - Created 1 CPU actor(s). Task queue will handle concurrency.
2026-02-27 08:07:11,310 - INFO - Starting EQCCTPro parallelized waveform processing...
2026-02-27 08:07:11,312 - INFO - 
2026-02-27 08:07:11,314 - INFO - ------- Analyzing Seismic Waveforms for P and S Picks via EQCCT -------
2026-02-27 08:07:11,317 - INFO - Analyzing 0:01:00 minute timechunk from 2025-01-13 14:01:29 to 2025-01-13 14:02:29 (0 min overlap)
2026-02-27 08:07:11,319 - INFO - Processing a total of 2 stations, 1 at a time.
2026-02-27 08:07:13,226 - INFO - (1/2) HEL1: Skipped (already exists - overwrite=False).
2026-02-27 08:07:13,232 - INFO - (2/2) LAUT: Skipped (already exists - overwrite=False).
2026-02-27 08:07:13,234 - INFO - 
2026-02-27 08:07:13,236 - INFO - ------- Parallel Station Waveform Processing Complete For 2025-01-13 14:01:29 to 2025-01-13 14:02:29 Timechunk-------
2026-02-27 08:07:13,238 - INFO - Picks saved at /home/blackwinter/projects/eqcct/eqcctpro/results/csv/bm_explosions/20250113T140129Z_20250113T140229ZProcess Runtime: 1.92 s
2026-02-27 08:07:13,242 - INFO - Successfully ran EQCCTPro, exiting...
2026-02-27 08:07:14,940 - INFO - Ray Successfully Shutdown.
2026-02-27 08:07:14,940 - INFO - ------- Successfully Picked All Waveform(s) from all Timechunk(s) -------
