2026-03-28 12:19:55,767 - INFO - 
2026-03-28 12:19:55,767 - INFO - ------- Welcome to EQCCTPro -------
2026-03-28 12:19:55,768 - INFO - 
2026-03-28 12:19:55,769 - INFO - Running EQCCT over Requested MSeed Files using CPU(s)...
2026-03-28 12:19:55,769 - INFO - GPU disabled (CPU-only).
2026-03-28 12:19:55,769 - INFO - Skipping framework-specific initialization in the driver process.
2026-03-28 12:19:57,190 - INFO - Ray Successfully Initialized with 4 CPU(s) ([0, 1, 2, 3] CPU Affinity Binding).
2026-03-28 12:19:57,190 - INFO - Analyzing 1 time chunk(s) from 2025-01-09 19:36:47 to 2025-01-09 19:37:47 (dt=1min, overlap=0min).
2026-03-28 12:19:57,191 - INFO - Using 1 selected station(s).
2026-03-28 12:19:57,191 - INFO - 
2026-03-28 12:19:57,191 - INFO - ------- Starting EQCCTPro... -------
2026-03-28 12:19:57,191 - INFO - Detailed subprocess information can be found in the log file.
2026-03-28 12:19:57,191 - INFO - 
2026-03-28 12:19:57,484 - INFO - GPU disabled (CPU-only).
2026-03-28 12:19:57,489 - INFO - Skipping framework-specific initialization in the driver process.
2026-03-28 12:19:57,492 - INFO - ------- Hardware Configuration -------
2026-03-28 12:19:57,495 - INFO - CPU affinity set to cores: [0, 1, 2, 3]
2026-03-28 12:19:57,498 - INFO - 
2026-03-28 12:19:57,501 - INFO - ------- Data Preprocessing for EQCCTPro -------
2026-03-28 12:19:57,504 - INFO - 1 station(s) in /home/blackwinter/projects/eqcct/eqcctpro/data/waveforms_noise_only/20250109T193647Z_20250109T193747Z
2026-03-28 12:19:57,506 - INFO - Using 1 selected station(s): ['RAF'].
2026-03-28 12:19:57,508 - INFO - Creating model actor(s)...
2026-03-28 12:19:57,511 - INFO - System RAM: Total=7870 MB, Available=4460 MB
2026-03-28 12:19:57,513 - INFO - Usable RAM budget: 7083 MB (90% of total)
2026-03-28 12:19:57,516 - INFO - ===== MEMORY-AWARE CPU ACTOR POOL =====
2026-03-28 12:19:57,518 - INFO - Requested concurrent tasks: 1
2026-03-28 12:19:57,521 - INFO - Available CPUs: 4
2026-03-28 12:19:57,523 - INFO - Available RAM: 7083 MB
2026-03-28 12:19:57,524 - INFO - RAM per model: 2060 MB
2026-03-28 12:19:57,526 - INFO - Max actors by RAM: 3
2026-03-28 12:19:57,529 - INFO - Creating 1 SeisBenchModelActor(s)
2026-03-28 12:19:57,531 - INFO - Let Ray handle scheduling (taskset already restricts CPU visibility)
2026-03-28 12:19:57,533 - INFO - Creating SeisBenchModelActor 1/1 (2.01GB RAM each)...
2026-03-28 12:20:00,195 - INFO - SeisBenchModelActor 1 created successfully.
2026-03-28 12:20:00,197 - INFO - Created 1 CPU actor(s). Task queue will handle concurrency.
2026-03-28 12:20:00,200 - INFO - Starting EQCCTPro parallelized waveform processing...
2026-03-28 12:20:00,202 - INFO - 
2026-03-28 12:20:00,205 - INFO - ------- Analyzing Seismic Waveforms for P and S Picks via SeisBench (EQTransformer - original_nonconservative) -------
2026-03-28 12:20:00,208 - INFO - Analyzing 0:01:00 minute timechunk from 2025-01-09 19:36:47 to 2025-01-09 19:37:47 (0 min overlap)
2026-03-28 12:20:00,211 - INFO - Processing a total of 1 stations, 1 at a time.
2026-03-28 12:20:02,408 - INFO - (1/1) RAF: Finished the prediction in 0.13s. (HP=1.0, LP=45.0, picks=0)
2026-03-28 12:20:02,411 - INFO - 
2026-03-28 12:20:02,413 - INFO - ------- Parallel Station Waveform Processing Complete For 2025-01-09 19:36:47 to 2025-01-09 19:37:47 Timechunk-------
2026-03-28 12:20:02,419 - INFO - Successfully ran EQCCTPro, exiting...
2026-03-28 12:20:02,415 - INFO - Picks saved at /home/blackwinter/projects/eqcct/eqcctpro/results/csv/eqt_noise_th0_1/20250109T193647Z_20250109T193747ZProcess Runtime: 2.21 s
2026-03-28 12:20:04,059 - INFO - Ray Successfully Shutdown.
2026-03-28 12:20:04,060 - INFO - ------- Successfully Picked All Waveform(s) from all Timechunk(s) -------
