2026-03-28 21:38:01,172 - INFO - 
2026-03-28 21:38:01,172 - INFO - ------- Welcome to EQCCTPro -------
2026-03-28 21:38:01,172 - INFO - 
2026-03-28 21:38:01,173 - INFO - Running EQCCT over Requested MSeed Files using CPU(s)...
2026-03-28 21:38:01,173 - INFO - GPU disabled (CPU-only).
2026-03-29 06:57:15,137 - INFO - 
2026-03-29 06:57:15,137 - INFO - ------- Welcome to EQCCTPro -------
2026-03-29 06:57:15,138 - INFO - 
2026-03-29 06:57:15,138 - INFO - Running EQCCT over Requested MSeed Files using CPU(s)...
2026-03-29 06:57:15,139 - INFO - GPU disabled (CPU-only).
2026-03-29 06:57:15,139 - INFO - Configured Intra-op threads = 1
2026-03-29 06:57:15,139 - INFO - Configured Inter-op threads = 1
2026-03-29 06:57:15,139 - INFO - TensorFlow: No GPUs visible; TF will proceed on CPU.
2026-03-29 06:57:15,139 - INFO - 
2026-03-29 06:57:20,168 - INFO - Ray Successfully Initialized with 4 CPU(s) ([0, 1, 2, 3] CPU Affinity Binding).
2026-03-29 06:57:20,169 - INFO - Analyzing 1 time chunk(s) from 2025-01-23 02:39:55 to 2025-01-23 02:40:55 (dt=1min, overlap=0min).
2026-03-29 06:57:20,169 - INFO - Using 1 selected station(s).
2026-03-29 06:57:20,169 - INFO - 
2026-03-29 06:57:20,169 - INFO - ------- Starting EQCCTPro... -------
2026-03-29 06:57:20,169 - INFO - Detailed subprocess information can be found in the log file.
2026-03-29 06:57:20,170 - INFO - 
2026-03-29 06:57:20,587 - INFO - GPU disabled (CPU-only).
2026-03-29 06:57:22,442 - INFO - Configured Intra-op threads = 1
2026-03-29 06:57:22,445 - INFO - Configured Inter-op threads = 1
2026-03-29 06:57:22,491 - INFO - TensorFlow: No GPUs visible; TF will proceed on CPU.
2026-03-29 06:57:22,494 - INFO - 
2026-03-29 06:57:22,497 - INFO - ------- Hardware Configuration -------
2026-03-29 06:57:22,499 - INFO - CPU affinity set to cores: [0, 1, 2, 3]
2026-03-29 06:57:22,502 - INFO - 
2026-03-29 06:57:22,505 - INFO - ------- Data Preprocessing for EQCCTPro -------
2026-03-29 06:57:22,508 - INFO - 1 station(s) in /home/blackwinter/projects/eqcct/eqcctpro/data/waveforms_explosions_nonoise/20250123T023955Z_20250123T024055Z
2026-03-29 06:57:22,510 - INFO - Using 1 selected station(s): ['KEF'].
2026-03-29 06:57:22,512 - INFO - Creating model actor(s)...
2026-03-29 06:57:22,514 - INFO - System RAM: Total=7870 MB, Available=2987 MB
2026-03-29 06:57:22,516 - INFO - Usable RAM budget: 7083 MB (90% of total)
2026-03-29 06:57:22,518 - INFO - ===== MEMORY-AWARE CPU ACTOR POOL (EQCCT) =====
2026-03-29 06:57:22,520 - INFO - Requested concurrent tasks: 1
2026-03-29 06:57:22,522 - INFO - Available CPUs: 4
2026-03-29 06:57:22,524 - INFO - Available RAM: 7083 MB
2026-03-29 06:57:22,526 - INFO - RAM per model: 2264 MB
2026-03-29 06:57:22,529 - INFO - Max actors by RAM: 3
2026-03-29 06:57:22,530 - INFO - Creating 1 ModelActor(s)
2026-03-29 06:57:22,533 - INFO - Let Ray handle scheduling (taskset already restricts CPU visibility)
2026-03-29 06:57:22,535 - INFO - Creating ModelActor 1/1 (2.21GB RAM each)...
2026-03-29 06:57:26,977 - INFO - ModelActor 1 created successfully.
2026-03-29 06:57:26,980 - INFO - Created 1 CPU actor(s). Task queue will handle concurrency.
2026-03-29 06:57:26,982 - INFO - Starting EQCCTPro parallelized waveform processing...
2026-03-29 06:57:26,985 - INFO - 
2026-03-29 06:57:26,988 - INFO - ------- Analyzing Seismic Waveforms for P and S Picks via EQCCT -------
2026-03-29 06:57:26,991 - INFO - Analyzing 0:01:00 minute timechunk from 2025-01-23 02:39:55 to 2025-01-23 02:40:55 (0 min overlap)
2026-03-29 06:57:26,994 - INFO - Processing a total of 1 stations, 1 at a time.
2026-03-29 06:57:31,437 - INFO - (1/1) KEF: Finished the prediction in 2.38s. (HP=1.0, LP=45.0)
2026-03-29 06:57:31,439 - INFO - 
2026-03-29 06:57:31,441 - INFO - ------- Parallel Station Waveform Processing Complete For 2025-01-23 02:39:55 to 2025-01-23 02:40:55 Timechunk-------
2026-03-29 06:57:31,448 - INFO - Successfully ran EQCCTPro, exiting...
2026-03-29 06:57:31,444 - INFO - Picks saved at /home/blackwinter/projects/eqcct/eqcctpro/results/csv/eqcct_explosions_th0_1/20250123T023955Z_20250123T024055ZProcess Runtime: 4.46 s
2026-03-29 06:57:33,278 - INFO - Ray Successfully Shutdown.
2026-03-29 06:57:33,278 - INFO - ------- Successfully Picked All Waveform(s) from all Timechunk(s) -------
