2026-02-24 01:23:16,642 - INFO - 
2026-02-24 01:23:16,642 - INFO - ------- Welcome to EQCCTPro -------
2026-02-24 01:23:16,642 - INFO - 
2026-02-24 01:23:16,643 - INFO - Running EQCCT over Requested MSeed Files using CPU(s)...
2026-02-24 01:23:16,643 - INFO - GPU disabled (CPU-only).
2026-02-24 01:23:16,643 - INFO - Configured Intra-op threads = 1
2026-02-24 01:23:16,643 - INFO - Configured Inter-op threads = 1
2026-02-24 01:23:16,643 - INFO - TensorFlow: No GPUs visible; TF will proceed on CPU.
2026-02-24 01:23:16,644 - INFO - 
2026-02-24 01:23:22,103 - INFO - Ray Successfully Initialized with 4 CPU(s) ([0, 1, 2, 3] CPU Affinity Binding).
2026-02-24 01:23:22,104 - INFO - Analyzing 1 time chunk(s) from 2025-06-03 17:57:19 to 2025-06-03 17:58:19 (dt=1min, overlap=0min).
2026-02-24 01:23:22,104 - INFO - Using 1 selected station(s).
2026-02-24 01:23:22,104 - INFO - 
2026-02-24 01:23:22,105 - INFO - ------- Starting EQCCTPro... -------
2026-02-24 01:23:22,105 - INFO - Detailed subprocess information can be found in the log file.
2026-02-24 01:23:22,105 - INFO - 
2026-02-24 01:23:22,470 - INFO - GPU disabled (CPU-only).
2026-02-24 01:23:23,997 - INFO - Configured Intra-op threads = 1
2026-02-24 01:23:24,000 - INFO - Configured Inter-op threads = 1
2026-02-24 01:23:24,044 - INFO - TensorFlow: No GPUs visible; TF will proceed on CPU.
2026-02-24 01:23:24,047 - INFO - 
2026-02-24 01:23:24,050 - INFO - ------- Hardware Configuration -------
2026-02-24 01:23:24,052 - INFO - CPU affinity set to cores: [0, 1, 2, 3]
2026-02-24 01:23:24,055 - INFO - 
2026-02-24 01:23:24,057 - INFO - ------- Data Preprocessing for EQCCTPro -------
2026-02-24 01:23:24,059 - INFO - 1 station(s) in /home/blackwinter/projects/eqcct/eqcctpro/data/waveforms_earthquakes_noise_only/20250603T175719Z_20250603T175819Z
2026-02-24 01:23:24,061 - INFO - Using 1 selected station(s): ['ALAJF'].
2026-02-24 01:23:24,064 - INFO - Creating model actor(s)...
2026-02-24 01:23:24,067 - INFO - System RAM: Total=7870 MB, Available=2625 MB
2026-02-24 01:23:24,069 - INFO - Usable RAM budget: 7083 MB (90% of total)
2026-02-24 01:23:24,071 - INFO - ===== MEMORY-AWARE CPU ACTOR POOL (EQCCT) =====
2026-02-24 01:23:24,073 - INFO - Requested concurrent tasks: 1
2026-02-24 01:23:24,075 - INFO - Available CPUs: 4
2026-02-24 01:23:24,077 - INFO - Available RAM: 7083 MB
2026-02-24 01:23:24,079 - INFO - RAM per model: 2264 MB
2026-02-24 01:23:24,080 - INFO - Max actors by RAM: 3
2026-02-24 01:23:24,083 - INFO - Creating 1 ModelActor(s)
2026-02-24 01:23:24,085 - INFO - Let Ray handle scheduling (taskset already restricts CPU visibility)
2026-02-24 01:23:24,088 - INFO - Creating ModelActor 1/1 (2.21GB RAM each)...
2026-02-24 01:23:28,036 - INFO - ModelActor 1 created successfully.
2026-02-24 01:23:28,038 - INFO - Created 1 CPU actor(s). Task queue will handle concurrency.
2026-02-24 01:23:28,040 - INFO - Starting EQCCTPro parallelized waveform processing...
2026-02-24 01:23:28,042 - INFO - 
2026-02-24 01:23:28,043 - INFO - ------- Analyzing Seismic Waveforms for P and S Picks via EQCCT -------
2026-02-24 01:23:28,046 - INFO - Analyzing 0:01:00 minute timechunk from 2025-06-03 17:57:19 to 2025-06-03 17:58:19 (0 min overlap)
2026-02-24 01:23:28,048 - INFO - Processing a total of 1 stations, 1 at a time.
2026-02-24 01:23:32,333 - INFO - (1/1) ALAJF: Finished the prediction in 2.2s. (HP=1.0, LP=45.0)
2026-02-24 01:23:32,336 - INFO - 
2026-02-24 01:23:32,338 - INFO - ------- Parallel Station Waveform Processing Complete For 2025-06-03 17:57:19 to 2025-06-03 17:58:19 Timechunk-------
2026-02-24 01:23:32,340 - INFO - Picks saved at /home/blackwinter/projects/eqcct/eqcctpro/results/csv/bm_eq_noise_only/20250603T175719Z_20250603T175819ZProcess Runtime: 4.30 s
2026-02-24 01:23:32,346 - INFO - Successfully ran EQCCTPro, exiting...
2026-02-24 01:23:34,278 - INFO - Ray Successfully Shutdown.
2026-02-24 01:23:34,278 - INFO - ------- Successfully Picked All Waveform(s) from all Timechunk(s) -------
