2026-03-10 23:02:37,404 - INFO - 
2026-03-10 23:02:37,405 - INFO - ------- Welcome to EQCCTPro -------
2026-03-10 23:02:37,405 - INFO - 
2026-03-10 23:02:37,405 - INFO - Running EQCCT over Requested MSeed Files using CPU(s)...
2026-03-10 23:02:37,405 - INFO - GPU disabled (CPU-only).
2026-03-10 23:02:37,406 - INFO - Configured Intra-op threads = 1
2026-03-10 23:02:37,406 - INFO - Configured Inter-op threads = 1
2026-03-10 23:02:37,406 - INFO - TensorFlow: No GPUs visible; TF will proceed on CPU.
2026-03-10 23:02:37,406 - INFO - 
2026-03-10 23:02:42,890 - INFO - Ray Successfully Initialized with 4 CPU(s) ([0, 1, 2, 3] CPU Affinity Binding).
2026-03-10 23:02:42,890 - INFO - Analyzing 1 time chunk(s) from 2025-01-08 17:32:18 to 2025-01-08 17:33:18 (dt=1min, overlap=0min).
2026-03-10 23:02:42,890 - INFO - Using 1 selected station(s).
2026-03-10 23:02:42,890 - INFO - 
2026-03-10 23:02:42,890 - INFO - ------- Starting EQCCTPro... -------
2026-03-10 23:02:42,891 - INFO - Detailed subprocess information can be found in the log file.
2026-03-10 23:02:42,891 - INFO - 
2026-03-10 23:02:43,251 - INFO - GPU disabled (CPU-only).
2026-03-10 23:02:44,694 - INFO - Configured Intra-op threads = 1
2026-03-10 23:02:44,696 - INFO - Configured Inter-op threads = 1
2026-03-10 23:02:44,736 - INFO - TensorFlow: No GPUs visible; TF will proceed on CPU.
2026-03-10 23:02:44,739 - INFO - 
2026-03-10 23:02:44,741 - INFO - ------- Hardware Configuration -------
2026-03-10 23:02:44,743 - INFO - CPU affinity set to cores: [0, 1, 2, 3]
2026-03-10 23:02:44,745 - INFO - 
2026-03-10 23:02:44,747 - INFO - ------- Data Preprocessing for EQCCTPro -------
2026-03-10 23:02:44,749 - INFO - 1 station(s) in /home/blackwinter/projects/eqcct/eqcctpro/data/waveforms_noise_only/20250108T173218Z_20250108T173318Z
2026-03-10 23:02:44,751 - INFO - Using 1 selected station(s): ['RSUO'].
2026-03-10 23:02:44,753 - INFO - Creating model actor(s)...
2026-03-10 23:02:44,754 - INFO - System RAM: Total=7870 MB, Available=2689 MB
2026-03-10 23:02:44,756 - INFO - Usable RAM budget: 7083 MB (90% of total)
2026-03-10 23:02:44,758 - INFO - ===== MEMORY-AWARE CPU ACTOR POOL (EQCCT) =====
2026-03-10 23:02:44,760 - INFO - Requested concurrent tasks: 1
2026-03-10 23:02:44,762 - INFO - Available CPUs: 4
2026-03-10 23:02:44,764 - INFO - Available RAM: 7083 MB
2026-03-10 23:02:44,767 - INFO - RAM per model: 2264 MB
2026-03-10 23:02:44,769 - INFO - Max actors by RAM: 3
2026-03-10 23:02:44,771 - INFO - Creating 1 ModelActor(s)
2026-03-10 23:02:44,773 - INFO - Let Ray handle scheduling (taskset already restricts CPU visibility)
2026-03-10 23:02:44,776 - INFO - Creating ModelActor 1/1 (2.21GB RAM each)...
2026-03-10 23:02:48,715 - INFO - ModelActor 1 created successfully.
2026-03-10 23:02:48,717 - INFO - Created 1 CPU actor(s). Task queue will handle concurrency.
2026-03-10 23:02:48,719 - INFO - Starting EQCCTPro parallelized waveform processing...
2026-03-10 23:02:48,721 - INFO - 
2026-03-10 23:02:48,723 - INFO - ------- Analyzing Seismic Waveforms for P and S Picks via EQCCT -------
2026-03-10 23:02:48,725 - INFO - Analyzing 0:01:00 minute timechunk from 2025-01-08 17:32:18 to 2025-01-08 17:33:18 (0 min overlap)
2026-03-10 23:02:48,727 - INFO - Processing a total of 1 stations, 1 at a time.
2026-03-10 23:02:52,773 - INFO - (1/1) RSUO: Finished the prediction in 2.14s. (HP=1.0, LP=45.0)
2026-03-10 23:02:52,776 - INFO - 
2026-03-10 23:02:52,778 - INFO - ------- Parallel Station Waveform Processing Complete For 2025-01-08 17:32:18 to 2025-01-08 17:33:18 Timechunk-------
2026-03-10 23:02:52,780 - INFO - Picks saved at /home/blackwinter/projects/eqcct/eqcctpro/results/csv/bm_noise_only/20250108T173218Z_20250108T173318ZProcess Runtime: 4.06 s
2026-03-10 23:02:52,783 - INFO - Successfully ran EQCCTPro, exiting...
2026-03-10 23:02:54,403 - INFO - Ray Successfully Shutdown.
2026-03-10 23:02:54,404 - INFO - ------- Successfully Picked All Waveform(s) from all Timechunk(s) -------
2026-03-11 13:48:18,797 - INFO - 
2026-03-11 13:48:18,805 - INFO - ------- Welcome to EQCCTPro -------
2026-03-11 13:48:18,805 - INFO - 
2026-03-11 13:48:18,806 - INFO - Running EQCCT over Requested MSeed Files using CPU(s)...
2026-03-11 13:48:18,806 - INFO - GPU disabled (CPU-only).
2026-03-11 13:48:18,807 - INFO - Configured Intra-op threads = 1
2026-03-11 13:48:18,807 - INFO - Configured Inter-op threads = 1
2026-03-11 13:48:18,807 - INFO - TensorFlow: No GPUs visible; TF will proceed on CPU.
2026-03-11 13:48:18,807 - INFO - 
2026-03-11 13:48:24,360 - INFO - Ray Successfully Initialized with 4 CPU(s) ([0, 1, 2, 3] CPU Affinity Binding).
2026-03-11 13:48:24,361 - INFO - Analyzing 1 time chunk(s) from 2025-01-08 17:32:18 to 2025-01-08 17:33:18 (dt=1min, overlap=0min).
2026-03-11 13:48:24,362 - INFO - Using 1 selected station(s).
2026-03-11 13:48:24,362 - INFO - 
2026-03-11 13:48:24,362 - INFO - ------- Starting EQCCTPro... -------
2026-03-11 13:48:24,363 - INFO - Detailed subprocess information can be found in the log file.
2026-03-11 13:48:24,363 - INFO - 
2026-03-11 13:48:24,744 - INFO - GPU disabled (CPU-only).
2026-03-11 13:48:26,261 - INFO - Configured Intra-op threads = 1
2026-03-11 13:48:26,264 - INFO - Configured Inter-op threads = 1
2026-03-11 13:48:26,308 - INFO - TensorFlow: No GPUs visible; TF will proceed on CPU.
2026-03-11 13:48:26,311 - INFO - 
2026-03-11 13:48:26,313 - INFO - ------- Hardware Configuration -------
2026-03-11 13:48:26,316 - INFO - CPU affinity set to cores: [0, 1, 2, 3]
2026-03-11 13:48:26,318 - INFO - 
2026-03-11 13:48:26,320 - INFO - ------- Data Preprocessing for EQCCTPro -------
2026-03-11 13:48:26,322 - INFO - 1 station(s) in /home/blackwinter/projects/eqcct/eqcctpro/data/waveforms_noise_only/20250108T173218Z_20250108T173318Z
2026-03-11 13:48:26,324 - INFO - Using 1 selected station(s): ['RSUO'].
2026-03-11 13:48:26,326 - INFO - Creating model actor(s)...
2026-03-11 13:48:26,329 - INFO - System RAM: Total=7870 MB, Available=3646 MB
2026-03-11 13:48:26,331 - INFO - Usable RAM budget: 7083 MB (90% of total)
2026-03-11 13:48:26,333 - INFO - ===== MEMORY-AWARE CPU ACTOR POOL (EQCCT) =====
2026-03-11 13:48:26,335 - INFO - Requested concurrent tasks: 1
2026-03-11 13:48:26,338 - INFO - Available CPUs: 4
2026-03-11 13:48:26,340 - INFO - Available RAM: 7083 MB
2026-03-11 13:48:26,342 - INFO - RAM per model: 2264 MB
2026-03-11 13:48:26,345 - INFO - Max actors by RAM: 3
2026-03-11 13:48:26,347 - INFO - Creating 1 ModelActor(s)
2026-03-11 13:48:26,350 - INFO - Let Ray handle scheduling (taskset already restricts CPU visibility)
2026-03-11 13:48:26,352 - INFO - Creating ModelActor 1/1 (2.21GB RAM each)...
2026-03-11 13:48:30,433 - INFO - ModelActor 1 created successfully.
2026-03-11 13:48:30,435 - INFO - Created 1 CPU actor(s). Task queue will handle concurrency.
2026-03-11 13:48:30,437 - INFO - Starting EQCCTPro parallelized waveform processing...
2026-03-11 13:48:30,439 - INFO - 
2026-03-11 13:48:30,441 - INFO - ------- Analyzing Seismic Waveforms for P and S Picks via EQCCT -------
2026-03-11 13:48:30,444 - INFO - Analyzing 0:01:00 minute timechunk from 2025-01-08 17:32:18 to 2025-01-08 17:33:18 (0 min overlap)
2026-03-11 13:48:30,446 - INFO - Processing a total of 1 stations, 1 at a time.
2026-03-11 13:48:32,413 - INFO - (1/1) RSUO: Skipped (already exists - overwrite=False).
2026-03-11 13:48:32,415 - INFO - 
2026-03-11 13:48:32,417 - INFO - ------- Parallel Station Waveform Processing Complete For 2025-01-08 17:32:18 to 2025-01-08 17:33:18 Timechunk-------
2026-03-11 13:48:32,419 - INFO - Picks saved at /home/blackwinter/projects/eqcct/eqcctpro/results/csv/bm_noise_only/20250108T173218Z_20250108T173318ZProcess Runtime: 1.98 s
2026-03-11 13:48:32,423 - INFO - Successfully ran EQCCTPro, exiting...
2026-03-11 13:48:33,951 - INFO - Ray Successfully Shutdown.
2026-03-11 13:48:33,951 - INFO - ------- Successfully Picked All Waveform(s) from all Timechunk(s) -------
