2026-02-27 12:39:43,424 - INFO - 
2026-02-27 12:39:43,424 - INFO - ------- Welcome to EQCCTPro -------
2026-02-27 12:39:43,424 - INFO - 
2026-02-27 12:39:43,425 - INFO - Running EQCCT over Requested MSeed Files using CPU(s)...
2026-02-27 12:39:43,425 - INFO - GPU disabled (CPU-only).
2026-02-27 12:39:43,425 - INFO - Configured Intra-op threads = 1
2026-02-27 12:39:43,425 - INFO - Configured Inter-op threads = 1
2026-02-27 12:39:43,425 - INFO - TensorFlow: No GPUs visible; TF will proceed on CPU.
2026-02-27 12:39:43,425 - INFO - 
2026-02-27 12:39:48,858 - INFO - Ray Successfully Initialized with 4 CPU(s) ([0, 1, 2, 3] CPU Affinity Binding).
2026-02-27 12:39:48,858 - INFO - Analyzing 1 time chunk(s) from 2025-01-23 12:04:13 to 2025-01-23 12:05:13 (dt=1min, overlap=0min).
2026-02-27 12:39:48,858 - INFO - Using 1 selected station(s).
2026-02-27 12:39:48,858 - INFO - 
2026-02-27 12:39:48,859 - INFO - ------- Starting EQCCTPro... -------
2026-02-27 12:39:48,859 - INFO - Detailed subprocess information can be found in the log file.
2026-02-27 12:39:48,859 - INFO - 
2026-02-27 12:39:49,221 - INFO - GPU disabled (CPU-only).
2026-02-27 12:39:50,675 - INFO - Configured Intra-op threads = 1
2026-02-27 12:39:50,677 - INFO - Configured Inter-op threads = 1
2026-02-27 12:39:50,720 - INFO - TensorFlow: No GPUs visible; TF will proceed on CPU.
2026-02-27 12:39:50,722 - INFO - 
2026-02-27 12:39:50,725 - INFO - ------- Hardware Configuration -------
2026-02-27 12:39:50,727 - INFO - CPU affinity set to cores: [0, 1, 2, 3]
2026-02-27 12:39:50,728 - INFO - 
2026-02-27 12:39:50,731 - INFO - ------- Data Preprocessing for EQCCTPro -------
2026-02-27 12:39:50,733 - INFO - 1 station(s) in /home/blackwinter/projects/eqcct/eqcctpro/data/waveforms_explosions_nonoise/20250123T120413Z_20250123T120513Z
2026-02-27 12:39:50,734 - INFO - Using 1 selected station(s): ['RAF'].
2026-02-27 12:39:50,737 - INFO - Creating model actor(s)...
2026-02-27 12:39:50,739 - INFO - System RAM: Total=7870 MB, Available=2199 MB
2026-02-27 12:39:50,741 - INFO - Usable RAM budget: 7083 MB (90% of total)
2026-02-27 12:39:50,743 - INFO - ===== MEMORY-AWARE CPU ACTOR POOL (EQCCT) =====
2026-02-27 12:39:50,745 - INFO - Requested concurrent tasks: 1
2026-02-27 12:39:50,748 - INFO - Available CPUs: 4
2026-02-27 12:39:50,750 - INFO - Available RAM: 7083 MB
2026-02-27 12:39:50,753 - INFO - RAM per model: 2264 MB
2026-02-27 12:39:50,755 - INFO - Max actors by RAM: 3
2026-02-27 12:39:50,757 - INFO - Creating 1 ModelActor(s)
2026-02-27 12:39:50,760 - INFO - Let Ray handle scheduling (taskset already restricts CPU visibility)
2026-02-27 12:39:50,762 - INFO - Creating ModelActor 1/1 (2.21GB RAM each)...
2026-02-27 12:39:54,674 - INFO - ModelActor 1 created successfully.
2026-02-27 12:39:54,676 - INFO - Created 1 CPU actor(s). Task queue will handle concurrency.
2026-02-27 12:39:54,678 - INFO - Starting EQCCTPro parallelized waveform processing...
2026-02-27 12:39:54,680 - INFO - 
2026-02-27 12:39:54,682 - INFO - ------- Analyzing Seismic Waveforms for P and S Picks via EQCCT -------
2026-02-27 12:39:54,684 - INFO - Analyzing 0:01:00 minute timechunk from 2025-01-23 12:04:13 to 2025-01-23 12:05:13 (0 min overlap)
2026-02-27 12:39:54,685 - INFO - Processing a total of 1 stations, 1 at a time.
2026-02-27 12:39:58,875 - INFO - (1/1) RAF: Finished the prediction in 2.32s. (HP=1.0, LP=45.0)
2026-02-27 12:39:58,880 - INFO - 
2026-02-27 12:39:58,882 - INFO - ------- Parallel Station Waveform Processing Complete For 2025-01-23 12:04:13 to 2025-01-23 12:05:13 Timechunk-------
2026-02-27 12:39:58,884 - INFO - Picks saved at /home/blackwinter/projects/eqcct/eqcctpro/results/csv/bm_explosions/20250123T120413Z_20250123T120513ZProcess Runtime: 4.20 s
2026-02-27 12:39:58,890 - INFO - Successfully ran EQCCTPro, exiting...
2026-02-27 12:40:00,671 - INFO - Ray Successfully Shutdown.
2026-02-27 12:40:00,671 - INFO - ------- Successfully Picked All Waveform(s) from all Timechunk(s) -------
