2026-02-27 11:28:23,892 - INFO - 
2026-02-27 11:28:23,892 - INFO - ------- Welcome to EQCCTPro -------
2026-02-27 11:28:23,893 - INFO - 
2026-02-27 11:28:23,893 - INFO - Running EQCCT over Requested MSeed Files using CPU(s)...
2026-02-27 11:28:23,894 - INFO - GPU disabled (CPU-only).
2026-02-27 11:28:23,894 - INFO - Configured Intra-op threads = 1
2026-02-27 11:28:23,894 - INFO - Configured Inter-op threads = 1
2026-02-27 11:28:23,894 - INFO - TensorFlow: No GPUs visible; TF will proceed on CPU.
2026-02-27 11:28:23,894 - INFO - 
2026-02-27 11:28:29,264 - INFO - Ray Successfully Initialized with 4 CPU(s) ([0, 1, 2, 3] CPU Affinity Binding).
2026-02-27 11:28:29,265 - INFO - Analyzing 1 time chunk(s) from 2025-01-22 09:02:50 to 2025-01-22 09:03:50 (dt=1min, overlap=0min).
2026-02-27 11:28:29,265 - INFO - Using 1 selected station(s).
2026-02-27 11:28:29,265 - INFO - 
2026-02-27 11:28:29,265 - INFO - ------- Starting EQCCTPro... -------
2026-02-27 11:28:29,265 - INFO - Detailed subprocess information can be found in the log file.
2026-02-27 11:28:29,265 - INFO - 
2026-02-27 11:28:29,654 - INFO - GPU disabled (CPU-only).
2026-02-27 11:28:31,145 - INFO - Configured Intra-op threads = 1
2026-02-27 11:28:31,148 - INFO - Configured Inter-op threads = 1
2026-02-27 11:28:31,190 - INFO - TensorFlow: No GPUs visible; TF will proceed on CPU.
2026-02-27 11:28:31,193 - INFO - 
2026-02-27 11:28:31,195 - INFO - ------- Hardware Configuration -------
2026-02-27 11:28:31,196 - INFO - CPU affinity set to cores: [0, 1, 2, 3]
2026-02-27 11:28:31,198 - INFO - 
2026-02-27 11:28:31,201 - INFO - ------- Data Preprocessing for EQCCTPro -------
2026-02-27 11:28:31,203 - INFO - 1 station(s) in /home/blackwinter/projects/eqcct/eqcctpro/data/waveforms_explosions_nonoise/20250122T090250Z_20250122T090350Z
2026-02-27 11:28:31,204 - INFO - Using 1 selected station(s): ['LOVF'].
2026-02-27 11:28:31,206 - INFO - Creating model actor(s)...
2026-02-27 11:28:31,208 - INFO - System RAM: Total=7870 MB, Available=2611 MB
2026-02-27 11:28:31,210 - INFO - Usable RAM budget: 7083 MB (90% of total)
2026-02-27 11:28:31,212 - INFO - ===== MEMORY-AWARE CPU ACTOR POOL (EQCCT) =====
2026-02-27 11:28:31,214 - INFO - Requested concurrent tasks: 1
2026-02-27 11:28:31,216 - INFO - Available CPUs: 4
2026-02-27 11:28:31,219 - INFO - Available RAM: 7083 MB
2026-02-27 11:28:31,221 - INFO - RAM per model: 2264 MB
2026-02-27 11:28:31,223 - INFO - Max actors by RAM: 3
2026-02-27 11:28:31,225 - INFO - Creating 1 ModelActor(s)
2026-02-27 11:28:31,228 - INFO - Let Ray handle scheduling (taskset already restricts CPU visibility)
2026-02-27 11:28:31,230 - INFO - Creating ModelActor 1/1 (2.21GB RAM each)...
2026-02-27 11:28:35,159 - INFO - ModelActor 1 created successfully.
2026-02-27 11:28:35,161 - INFO - Created 1 CPU actor(s). Task queue will handle concurrency.
2026-02-27 11:28:35,164 - INFO - Starting EQCCTPro parallelized waveform processing...
2026-02-27 11:28:35,166 - INFO - 
2026-02-27 11:28:35,168 - INFO - ------- Analyzing Seismic Waveforms for P and S Picks via EQCCT -------
2026-02-27 11:28:35,171 - INFO - Analyzing 0:01:00 minute timechunk from 2025-01-22 09:02:50 to 2025-01-22 09:03:50 (0 min overlap)
2026-02-27 11:28:35,173 - INFO - Processing a total of 1 stations, 1 at a time.
2026-02-27 11:28:39,167 - INFO - (1/1) LOVF: Finished the prediction in 2.15s. (HP=1.0, LP=45.0)
2026-02-27 11:28:39,169 - INFO - 
2026-02-27 11:28:39,171 - INFO - ------- Parallel Station Waveform Processing Complete For 2025-01-22 09:02:50 to 2025-01-22 09:03:50 Timechunk-------
2026-02-27 11:28:39,172 - INFO - Picks saved at /home/blackwinter/projects/eqcct/eqcctpro/results/csv/bm_explosions/20250122T090250Z_20250122T090350ZProcess Runtime: 4.00 s
2026-02-27 11:28:39,176 - INFO - Successfully ran EQCCTPro, exiting...
2026-02-27 11:28:40,835 - INFO - Ray Successfully Shutdown.
2026-02-27 11:28:40,835 - INFO - ------- Successfully Picked All Waveform(s) from all Timechunk(s) -------
