2026-03-20 05:03:43,855 - INFO - 
2026-03-20 05:03:43,855 - INFO - ------- Welcome to EQCCTPro -------
2026-03-20 05:03:43,855 - INFO - 
2026-03-20 05:03:43,856 - INFO - Running EQCCT over Requested MSeed Files using CPU(s)...
2026-03-20 05:03:43,856 - INFO - GPU disabled (CPU-only).
2026-03-20 05:03:43,857 - INFO - Configured Intra-op threads = 1
2026-03-20 05:03:43,857 - INFO - Configured Inter-op threads = 1
2026-03-20 05:03:43,857 - INFO - TensorFlow: No GPUs visible; TF will proceed on CPU.
2026-03-20 05:03:43,857 - INFO - 
2026-03-20 05:03:49,423 - INFO - Ray Successfully Initialized with 4 CPU(s) ([0, 1, 2, 3] CPU Affinity Binding).
2026-03-20 05:03:49,423 - INFO - Analyzing 1 time chunk(s) from 2025-09-09 16:31:28 to 2025-09-09 16:32:28 (dt=1min, overlap=0min).
2026-03-20 05:03:49,424 - INFO - Using 1 selected station(s).
2026-03-20 05:03:49,424 - INFO - 
2026-03-20 05:03:49,424 - INFO - ------- Starting EQCCTPro... -------
2026-03-20 05:03:49,424 - INFO - Detailed subprocess information can be found in the log file.
2026-03-20 05:03:49,424 - INFO - 
2026-03-20 05:03:49,807 - INFO - GPU disabled (CPU-only).
2026-03-20 05:03:51,341 - INFO - Configured Intra-op threads = 1
2026-03-20 05:03:51,344 - INFO - Configured Inter-op threads = 1
2026-03-20 05:03:51,386 - INFO - TensorFlow: No GPUs visible; TF will proceed on CPU.
2026-03-20 05:03:51,389 - INFO - 
2026-03-20 05:03:51,391 - INFO - ------- Hardware Configuration -------
2026-03-20 05:03:51,393 - INFO - CPU affinity set to cores: [0, 1, 2, 3]
2026-03-20 05:03:51,396 - INFO - 
2026-03-20 05:03:51,398 - INFO - ------- Data Preprocessing for EQCCTPro -------
2026-03-20 05:03:51,400 - INFO - 1 station(s) in /home/blackwinter/projects/eqcct/eqcctpro/data/waveforms_earthquakes_nonoise/20250909T163128Z_20250909T163228Z
2026-03-20 05:03:51,402 - INFO - Using 1 selected station(s): ['KAF'].
2026-03-20 05:03:51,404 - INFO - Creating model actor(s)...
2026-03-20 05:03:51,406 - INFO - System RAM: Total=7870 MB, Available=1686 MB
2026-03-20 05:03:51,408 - INFO - Usable RAM budget: 7083 MB (90% of total)
2026-03-20 05:03:51,409 - INFO - ===== MEMORY-AWARE CPU ACTOR POOL (EQCCT) =====
2026-03-20 05:03:51,411 - INFO - Requested concurrent tasks: 1
2026-03-20 05:03:51,413 - INFO - Available CPUs: 4
2026-03-20 05:03:51,415 - INFO - Available RAM: 7083 MB
2026-03-20 05:03:51,417 - INFO - RAM per model: 2264 MB
2026-03-20 05:03:51,419 - INFO - Max actors by RAM: 3
2026-03-20 05:03:51,421 - INFO - Creating 1 ModelActor(s)
2026-03-20 05:03:51,423 - INFO - Let Ray handle scheduling (taskset already restricts CPU visibility)
2026-03-20 05:03:51,424 - INFO - Creating ModelActor 1/1 (2.21GB RAM each)...
2026-03-20 05:03:55,362 - INFO - ModelActor 1 created successfully.
2026-03-20 05:03:55,364 - INFO - Created 1 CPU actor(s). Task queue will handle concurrency.
2026-03-20 05:03:55,366 - INFO - Starting EQCCTPro parallelized waveform processing...
2026-03-20 05:03:55,367 - INFO - 
2026-03-20 05:03:55,369 - INFO - ------- Analyzing Seismic Waveforms for P and S Picks via EQCCT -------
2026-03-20 05:03:55,371 - INFO - Analyzing 0:01:00 minute timechunk from 2025-09-09 16:31:28 to 2025-09-09 16:32:28 (0 min overlap)
2026-03-20 05:03:55,374 - INFO - Processing a total of 1 stations, 1 at a time.
2026-03-20 05:03:59,510 - INFO - (1/1) KAF: Finished the prediction in 2.15s. (HP=1.0, LP=45.0)
2026-03-20 05:03:59,512 - INFO - 
2026-03-20 05:03:59,514 - INFO - ------- Parallel Station Waveform Processing Complete For 2025-09-09 16:31:28 to 2025-09-09 16:32:28 Timechunk-------
2026-03-20 05:03:59,519 - INFO - Successfully ran EQCCTPro, exiting...
2026-03-20 05:03:59,516 - INFO - Picks saved at /home/blackwinter/projects/eqcct/eqcctpro/results/csv/eqcct_earthquakes_th0_1/20250909T163128Z_20250909T163228ZProcess Runtime: 4.15 s
2026-03-20 05:04:01,120 - INFO - Ray Successfully Shutdown.
2026-03-20 05:04:01,120 - INFO - ------- Successfully Picked All Waveform(s) from all Timechunk(s) -------
