2026-03-10 22:33:05,971 - INFO - 
2026-03-10 22:33:05,971 - INFO - ------- Welcome to EQCCTPro -------
2026-03-10 22:33:05,971 - INFO - 
2026-03-10 22:33:05,972 - INFO - Running EQCCT over Requested MSeed Files using CPU(s)...
2026-03-10 22:33:05,972 - INFO - GPU disabled (CPU-only).
2026-03-10 22:33:05,973 - INFO - Configured Intra-op threads = 1
2026-03-10 22:33:05,973 - INFO - Configured Inter-op threads = 1
2026-03-10 22:33:05,973 - INFO - TensorFlow: No GPUs visible; TF will proceed on CPU.
2026-03-10 22:33:05,973 - INFO - 
2026-03-10 22:33:11,385 - INFO - Ray Successfully Initialized with 4 CPU(s) ([0, 1, 2, 3] CPU Affinity Binding).
2026-03-10 22:33:11,386 - INFO - Analyzing 1 time chunk(s) from 2025-01-08 02:12:28 to 2025-01-08 02:13:28 (dt=1min, overlap=0min).
2026-03-10 22:33:11,386 - INFO - Using 1 selected station(s).
2026-03-10 22:33:11,386 - INFO - 
2026-03-10 22:33:11,386 - INFO - ------- Starting EQCCTPro... -------
2026-03-10 22:33:11,386 - INFO - Detailed subprocess information can be found in the log file.
2026-03-10 22:33:11,386 - INFO - 
2026-03-10 22:33:11,758 - INFO - GPU disabled (CPU-only).
2026-03-10 22:33:13,213 - INFO - Configured Intra-op threads = 1
2026-03-10 22:33:13,216 - INFO - Configured Inter-op threads = 1
2026-03-10 22:33:13,260 - INFO - TensorFlow: No GPUs visible; TF will proceed on CPU.
2026-03-10 22:33:13,262 - INFO - 
2026-03-10 22:33:13,264 - INFO - ------- Hardware Configuration -------
2026-03-10 22:33:13,266 - INFO - CPU affinity set to cores: [0, 1, 2, 3]
2026-03-10 22:33:13,268 - INFO - 
2026-03-10 22:33:13,270 - INFO - ------- Data Preprocessing for EQCCTPro -------
2026-03-10 22:33:13,272 - INFO - 1 station(s) in /home/blackwinter/projects/eqcct/eqcctpro/data/waveforms_noise_only/20250108T021228Z_20250108T021328Z
2026-03-10 22:33:13,274 - INFO - Using 1 selected station(s): ['OLKF'].
2026-03-10 22:33:13,276 - INFO - Creating model actor(s)...
2026-03-10 22:33:13,278 - INFO - System RAM: Total=7870 MB, Available=3001 MB
2026-03-10 22:33:13,280 - INFO - Usable RAM budget: 7083 MB (90% of total)
2026-03-10 22:33:13,282 - INFO - ===== MEMORY-AWARE CPU ACTOR POOL (EQCCT) =====
2026-03-10 22:33:13,284 - INFO - Requested concurrent tasks: 1
2026-03-10 22:33:13,286 - INFO - Available CPUs: 4
2026-03-10 22:33:13,288 - INFO - Available RAM: 7083 MB
2026-03-10 22:33:13,290 - INFO - RAM per model: 2264 MB
2026-03-10 22:33:13,292 - INFO - Max actors by RAM: 3
2026-03-10 22:33:13,294 - INFO - Creating 1 ModelActor(s)
2026-03-10 22:33:13,296 - INFO - Let Ray handle scheduling (taskset already restricts CPU visibility)
2026-03-10 22:33:13,298 - INFO - Creating ModelActor 1/1 (2.21GB RAM each)...
2026-03-10 22:33:17,209 - INFO - ModelActor 1 created successfully.
2026-03-10 22:33:17,212 - INFO - Created 1 CPU actor(s). Task queue will handle concurrency.
2026-03-10 22:33:17,214 - INFO - Starting EQCCTPro parallelized waveform processing...
2026-03-10 22:33:17,217 - INFO - 
2026-03-10 22:33:17,219 - INFO - ------- Analyzing Seismic Waveforms for P and S Picks via EQCCT -------
2026-03-10 22:33:17,221 - INFO - Analyzing 0:01:00 minute timechunk from 2025-01-08 02:12:28 to 2025-01-08 02:13:28 (0 min overlap)
2026-03-10 22:33:17,223 - INFO - Processing a total of 1 stations, 1 at a time.
2026-03-10 22:33:21,341 - INFO - (1/1) OLKF: Finished the prediction in 2.18s. (HP=1.0, LP=45.0)
2026-03-10 22:33:21,343 - INFO - 
2026-03-10 22:33:21,345 - INFO - ------- Parallel Station Waveform Processing Complete For 2025-01-08 02:12:28 to 2025-01-08 02:13:28 Timechunk-------
2026-03-10 22:33:21,347 - INFO - Picks saved at /home/blackwinter/projects/eqcct/eqcctpro/results/csv/bm_noise_only/20250108T021228Z_20250108T021328ZProcess Runtime: 4.13 s
2026-03-10 22:33:21,351 - INFO - Successfully ran EQCCTPro, exiting...
2026-03-10 22:33:22,939 - INFO - Ray Successfully Shutdown.
2026-03-10 22:33:22,940 - INFO - ------- Successfully Picked All Waveform(s) from all Timechunk(s) -------
2026-03-11 13:22:31,567 - INFO - 
2026-03-11 13:22:31,568 - INFO - ------- Welcome to EQCCTPro -------
2026-03-11 13:22:31,568 - INFO - 
2026-03-11 13:22:31,568 - INFO - Running EQCCT over Requested MSeed Files using CPU(s)...
2026-03-11 13:22:31,568 - INFO - GPU disabled (CPU-only).
2026-03-11 13:22:31,569 - INFO - Configured Intra-op threads = 1
2026-03-11 13:22:31,569 - INFO - Configured Inter-op threads = 1
2026-03-11 13:22:31,569 - INFO - TensorFlow: No GPUs visible; TF will proceed on CPU.
2026-03-11 13:22:31,569 - INFO - 
2026-03-11 13:22:36,887 - INFO - Ray Successfully Initialized with 4 CPU(s) ([0, 1, 2, 3] CPU Affinity Binding).
2026-03-11 13:22:36,887 - INFO - Analyzing 1 time chunk(s) from 2025-01-08 02:12:28 to 2025-01-08 02:13:28 (dt=1min, overlap=0min).
2026-03-11 13:22:36,887 - INFO - Using 1 selected station(s).
2026-03-11 13:22:36,887 - INFO - 
2026-03-11 13:22:36,887 - INFO - ------- Starting EQCCTPro... -------
2026-03-11 13:22:36,887 - INFO - Detailed subprocess information can be found in the log file.
2026-03-11 13:22:36,888 - INFO - 
2026-03-11 13:22:37,269 - INFO - GPU disabled (CPU-only).
2026-03-11 13:22:38,791 - INFO - Configured Intra-op threads = 1
2026-03-11 13:22:38,794 - INFO - Configured Inter-op threads = 1
2026-03-11 13:22:38,834 - INFO - TensorFlow: No GPUs visible; TF will proceed on CPU.
2026-03-11 13:22:38,836 - INFO - 
2026-03-11 13:22:38,839 - INFO - ------- Hardware Configuration -------
2026-03-11 13:22:38,841 - INFO - CPU affinity set to cores: [0, 1, 2, 3]
2026-03-11 13:22:38,843 - INFO - 
2026-03-11 13:22:38,845 - INFO - ------- Data Preprocessing for EQCCTPro -------
2026-03-11 13:22:38,848 - INFO - 1 station(s) in /home/blackwinter/projects/eqcct/eqcctpro/data/waveforms_noise_only/20250108T021228Z_20250108T021328Z
2026-03-11 13:22:38,850 - INFO - Using 1 selected station(s): ['OLKF'].
2026-03-11 13:22:38,852 - INFO - Creating model actor(s)...
2026-03-11 13:22:38,854 - INFO - System RAM: Total=7870 MB, Available=3583 MB
2026-03-11 13:22:38,855 - INFO - Usable RAM budget: 7083 MB (90% of total)
2026-03-11 13:22:38,857 - INFO - ===== MEMORY-AWARE CPU ACTOR POOL (EQCCT) =====
2026-03-11 13:22:38,860 - INFO - Requested concurrent tasks: 1
2026-03-11 13:22:38,862 - INFO - Available CPUs: 4
2026-03-11 13:22:38,864 - INFO - Available RAM: 7083 MB
2026-03-11 13:22:38,866 - INFO - RAM per model: 2264 MB
2026-03-11 13:22:38,868 - INFO - Max actors by RAM: 3
2026-03-11 13:22:38,870 - INFO - Creating 1 ModelActor(s)
2026-03-11 13:22:38,872 - INFO - Let Ray handle scheduling (taskset already restricts CPU visibility)
2026-03-11 13:22:38,875 - INFO - Creating ModelActor 1/1 (2.21GB RAM each)...
2026-03-11 13:22:42,745 - INFO - ModelActor 1 created successfully.
2026-03-11 13:22:42,748 - INFO - Created 1 CPU actor(s). Task queue will handle concurrency.
2026-03-11 13:22:42,750 - INFO - Starting EQCCTPro parallelized waveform processing...
2026-03-11 13:22:42,752 - INFO - 
2026-03-11 13:22:42,754 - INFO - ------- Analyzing Seismic Waveforms for P and S Picks via EQCCT -------
2026-03-11 13:22:42,756 - INFO - Analyzing 0:01:00 minute timechunk from 2025-01-08 02:12:28 to 2025-01-08 02:13:28 (0 min overlap)
2026-03-11 13:22:42,758 - INFO - Processing a total of 1 stations, 1 at a time.
2026-03-11 13:22:44,697 - INFO - (1/1) OLKF: Skipped (already exists - overwrite=False).
2026-03-11 13:22:44,699 - INFO - 
2026-03-11 13:22:44,702 - INFO - ------- Parallel Station Waveform Processing Complete For 2025-01-08 02:12:28 to 2025-01-08 02:13:28 Timechunk-------
2026-03-11 13:22:44,704 - INFO - Picks saved at /home/blackwinter/projects/eqcct/eqcctpro/results/csv/bm_noise_only/20250108T021228Z_20250108T021328ZProcess Runtime: 1.95 s
2026-03-11 13:22:44,708 - INFO - Successfully ran EQCCTPro, exiting...
2026-03-11 13:22:46,299 - INFO - Ray Successfully Shutdown.
2026-03-11 13:22:46,299 - INFO - ------- Successfully Picked All Waveform(s) from all Timechunk(s) -------
