2026-03-28 17:59:58,757 - INFO - 
2026-03-28 17:59:58,757 - INFO - ------- Welcome to EQCCTPro -------
2026-03-28 17:59:58,757 - INFO - 
2026-03-28 17:59:58,758 - INFO - Running EQCCT over Requested MSeed Files using CPU(s)...
2026-03-28 17:59:58,758 - INFO - GPU disabled (CPU-only).
2026-03-28 17:59:58,758 - INFO - Skipping framework-specific initialization in the driver process.
2026-03-28 18:00:01,407 - INFO - Ray Successfully Initialized with 4 CPU(s) ([0, 1, 2, 3] CPU Affinity Binding).
2026-03-28 18:00:01,407 - INFO - Analyzing 1 time chunk(s) from 2025-01-14 10:32:19 to 2025-01-14 10:33:19 (dt=1min, overlap=0min).
2026-03-28 18:00:01,407 - INFO - Using 1 selected station(s).
2026-03-28 18:00:01,408 - INFO - 
2026-03-28 18:00:01,408 - INFO - ------- Starting EQCCTPro... -------
2026-03-28 18:00:01,408 - INFO - Detailed subprocess information can be found in the log file.
2026-03-28 18:00:01,408 - INFO - 
2026-03-28 18:00:01,727 - INFO - GPU disabled (CPU-only).
2026-03-28 18:00:01,733 - INFO - Skipping framework-specific initialization in the driver process.
2026-03-28 18:00:01,736 - INFO - ------- Hardware Configuration -------
2026-03-28 18:00:01,739 - INFO - CPU affinity set to cores: [0, 1, 2, 3]
2026-03-28 18:00:01,742 - INFO - 
2026-03-28 18:00:01,746 - INFO - ------- Data Preprocessing for EQCCTPro -------
2026-03-28 18:00:01,749 - INFO - 1 station(s) in /home/blackwinter/projects/eqcct/eqcctpro/data/waveforms_explosions_nonoise/20250114T103219Z_20250114T103319Z
2026-03-28 18:00:01,751 - INFO - Using 1 selected station(s): ['PVF'].
2026-03-28 18:00:01,753 - INFO - Creating model actor(s)...
2026-03-28 18:00:01,756 - INFO - System RAM: Total=7870 MB, Available=4212 MB
2026-03-28 18:00:01,758 - INFO - Usable RAM budget: 7083 MB (90% of total)
2026-03-28 18:00:01,760 - INFO - ===== MEMORY-AWARE CPU ACTOR POOL =====
2026-03-28 18:00:01,763 - INFO - Requested concurrent tasks: 1
2026-03-28 18:00:01,766 - INFO - Available CPUs: 4
2026-03-28 18:00:01,769 - INFO - Available RAM: 7083 MB
2026-03-28 18:00:01,772 - INFO - RAM per model: 2060 MB
2026-03-28 18:00:01,775 - INFO - Max actors by RAM: 3
2026-03-28 18:00:01,778 - INFO - Creating 1 SeisBenchModelActor(s)
2026-03-28 18:00:01,780 - INFO - Let Ray handle scheduling (taskset already restricts CPU visibility)
2026-03-28 18:00:01,784 - INFO - Creating SeisBenchModelActor 1/1 (2.01GB RAM each)...
2026-03-28 18:00:04,976 - INFO - SeisBenchModelActor 1 created successfully.
2026-03-28 18:00:04,980 - INFO - Created 1 CPU actor(s). Task queue will handle concurrency.
2026-03-28 18:00:04,983 - INFO - Starting EQCCTPro parallelized waveform processing...
2026-03-28 18:00:04,986 - INFO - 
2026-03-28 18:00:04,989 - INFO - ------- Analyzing Seismic Waveforms for P and S Picks via SeisBench (EQTransformer - original_nonconservative) -------
2026-03-28 18:00:04,992 - INFO - Analyzing 0:01:00 minute timechunk from 2025-01-14 10:32:19 to 2025-01-14 10:33:19 (0 min overlap)
2026-03-28 18:00:04,995 - INFO - Processing a total of 1 stations, 1 at a time.
2026-03-28 18:00:07,359 - INFO - (1/1) PVF: Finished the prediction in 0.16s. (HP=1.0, LP=45.0, picks=0)
2026-03-28 18:00:07,362 - INFO - 
2026-03-28 18:00:07,366 - INFO - ------- Parallel Station Waveform Processing Complete For 2025-01-14 10:32:19 to 2025-01-14 10:33:19 Timechunk-------
2026-03-28 18:00:07,373 - INFO - Successfully ran EQCCTPro, exiting...
2026-03-28 18:00:07,369 - INFO - Picks saved at /home/blackwinter/projects/eqcct/eqcctpro/results/csv/eqt_explosions_th0_1/20250114T103219Z_20250114T103319ZProcess Runtime: 2.38 s
2026-03-28 18:00:08,882 - INFO - Ray Successfully Shutdown.
2026-03-28 18:00:08,882 - INFO - ------- Successfully Picked All Waveform(s) from all Timechunk(s) -------
