2026-03-10 21:28:18,246 - INFO - 
2026-03-10 21:28:18,246 - INFO - ------- Welcome to EQCCTPro -------
2026-03-10 21:28:18,246 - INFO - 
2026-03-10 21:28:18,246 - INFO - Running EQCCT over Requested MSeed Files using CPU(s)...
2026-03-10 21:28:18,247 - INFO - GPU disabled (CPU-only).
2026-03-10 21:28:18,247 - INFO - Configured Intra-op threads = 1
2026-03-10 21:28:18,247 - INFO - Configured Inter-op threads = 1
2026-03-10 21:28:18,247 - INFO - TensorFlow: No GPUs visible; TF will proceed on CPU.
2026-03-10 21:28:18,247 - INFO - 
2026-03-10 21:28:23,730 - INFO - Ray Successfully Initialized with 4 CPU(s) ([0, 1, 2, 3] CPU Affinity Binding).
2026-03-10 21:28:23,731 - INFO - Analyzing 1 time chunk(s) from 2025-01-06 21:45:57 to 2025-01-06 21:46:57 (dt=1min, overlap=0min).
2026-03-10 21:28:23,731 - INFO - Using 1 selected station(s).
2026-03-10 21:28:23,731 - INFO - 
2026-03-10 21:28:23,731 - INFO - ------- Starting EQCCTPro... -------
2026-03-10 21:28:23,731 - INFO - Detailed subprocess information can be found in the log file.
2026-03-10 21:28:23,731 - INFO - 
2026-03-10 21:28:24,107 - INFO - GPU disabled (CPU-only).
2026-03-10 21:28:25,608 - INFO - Configured Intra-op threads = 1
2026-03-10 21:28:25,610 - INFO - Configured Inter-op threads = 1
2026-03-10 21:28:25,652 - INFO - TensorFlow: No GPUs visible; TF will proceed on CPU.
2026-03-10 21:28:25,655 - INFO - 
2026-03-10 21:28:25,657 - INFO - ------- Hardware Configuration -------
2026-03-10 21:28:25,659 - INFO - CPU affinity set to cores: [0, 1, 2, 3]
2026-03-10 21:28:25,661 - INFO - 
2026-03-10 21:28:25,663 - INFO - ------- Data Preprocessing for EQCCTPro -------
2026-03-10 21:28:25,665 - INFO - 1 station(s) in /home/blackwinter/projects/eqcct/eqcctpro/data/waveforms_noise_only/20250106T214557Z_20250106T214657Z
2026-03-10 21:28:25,667 - INFO - Using 1 selected station(s): ['ECKF'].
2026-03-10 21:28:25,669 - INFO - Creating model actor(s)...
2026-03-10 21:28:25,671 - INFO - System RAM: Total=7870 MB, Available=2924 MB
2026-03-10 21:28:25,673 - INFO - Usable RAM budget: 7083 MB (90% of total)
2026-03-10 21:28:25,674 - INFO - ===== MEMORY-AWARE CPU ACTOR POOL (EQCCT) =====
2026-03-10 21:28:25,676 - INFO - Requested concurrent tasks: 1
2026-03-10 21:28:25,678 - INFO - Available CPUs: 4
2026-03-10 21:28:25,680 - INFO - Available RAM: 7083 MB
2026-03-10 21:28:25,682 - INFO - RAM per model: 2264 MB
2026-03-10 21:28:25,683 - INFO - Max actors by RAM: 3
2026-03-10 21:28:25,685 - INFO - Creating 1 ModelActor(s)
2026-03-10 21:28:25,687 - INFO - Let Ray handle scheduling (taskset already restricts CPU visibility)
2026-03-10 21:28:25,689 - INFO - Creating ModelActor 1/1 (2.21GB RAM each)...
2026-03-10 21:28:29,664 - INFO - ModelActor 1 created successfully.
2026-03-10 21:28:29,667 - INFO - Created 1 CPU actor(s). Task queue will handle concurrency.
2026-03-10 21:28:29,669 - INFO - Starting EQCCTPro parallelized waveform processing...
2026-03-10 21:28:29,671 - INFO - 
2026-03-10 21:28:29,672 - INFO - ------- Analyzing Seismic Waveforms for P and S Picks via EQCCT -------
2026-03-10 21:28:29,674 - INFO - Analyzing 0:01:00 minute timechunk from 2025-01-06 21:45:57 to 2025-01-06 21:46:57 (0 min overlap)
2026-03-10 21:28:29,676 - INFO - Processing a total of 1 stations, 1 at a time.
2026-03-10 21:28:33,728 - INFO - (1/1) ECKF: Finished the prediction in 2.13s. (HP=1.0, LP=45.0)
2026-03-10 21:28:33,730 - INFO - 
2026-03-10 21:28:33,733 - INFO - ------- Parallel Station Waveform Processing Complete For 2025-01-06 21:45:57 to 2025-01-06 21:46:57 Timechunk-------
2026-03-10 21:28:33,734 - INFO - Picks saved at /home/blackwinter/projects/eqcct/eqcctpro/results/csv/bm_noise_only/20250106T214557Z_20250106T214657ZProcess Runtime: 4.06 s
2026-03-10 21:28:33,740 - INFO - Successfully ran EQCCTPro, exiting...
2026-03-10 21:28:35,246 - INFO - Ray Successfully Shutdown.
2026-03-10 21:28:35,246 - INFO - ------- Successfully Picked All Waveform(s) from all Timechunk(s) -------
2026-03-11 12:25:43,673 - INFO - 
2026-03-11 12:25:43,680 - INFO - ------- Welcome to EQCCTPro -------
2026-03-11 12:25:43,680 - INFO - 
2026-03-11 12:25:43,681 - INFO - Running EQCCT over Requested MSeed Files using CPU(s)...
2026-03-11 12:25:43,681 - INFO - GPU disabled (CPU-only).
2026-03-11 12:25:43,681 - INFO - Configured Intra-op threads = 1
2026-03-11 12:25:43,681 - INFO - Configured Inter-op threads = 1
2026-03-11 12:25:43,682 - INFO - TensorFlow: No GPUs visible; TF will proceed on CPU.
2026-03-11 12:25:43,682 - INFO - 
2026-03-11 12:25:49,143 - INFO - Ray Successfully Initialized with 4 CPU(s) ([0, 1, 2, 3] CPU Affinity Binding).
2026-03-11 12:25:49,143 - INFO - Analyzing 1 time chunk(s) from 2025-01-06 21:45:57 to 2025-01-06 21:46:57 (dt=1min, overlap=0min).
2026-03-11 12:25:49,144 - INFO - Using 1 selected station(s).
2026-03-11 12:25:49,144 - INFO - 
2026-03-11 12:25:49,144 - INFO - ------- Starting EQCCTPro... -------
2026-03-11 12:25:49,145 - INFO - Detailed subprocess information can be found in the log file.
2026-03-11 12:25:49,145 - INFO - 
2026-03-11 12:25:49,506 - INFO - GPU disabled (CPU-only).
2026-03-11 12:25:51,037 - INFO - Configured Intra-op threads = 1
2026-03-11 12:25:51,039 - INFO - Configured Inter-op threads = 1
2026-03-11 12:25:51,081 - INFO - TensorFlow: No GPUs visible; TF will proceed on CPU.
2026-03-11 12:25:51,083 - INFO - 
2026-03-11 12:25:51,086 - INFO - ------- Hardware Configuration -------
2026-03-11 12:25:51,088 - INFO - CPU affinity set to cores: [0, 1, 2, 3]
2026-03-11 12:25:51,091 - INFO - 
2026-03-11 12:25:51,093 - INFO - ------- Data Preprocessing for EQCCTPro -------
2026-03-11 12:25:51,095 - INFO - 1 station(s) in /home/blackwinter/projects/eqcct/eqcctpro/data/waveforms_noise_only/20250106T214557Z_20250106T214657Z
2026-03-11 12:25:51,097 - INFO - Using 1 selected station(s): ['ECKF'].
2026-03-11 12:25:51,100 - INFO - Creating model actor(s)...
2026-03-11 12:25:51,102 - INFO - System RAM: Total=7870 MB, Available=3889 MB
2026-03-11 12:25:51,104 - INFO - Usable RAM budget: 7083 MB (90% of total)
2026-03-11 12:25:51,106 - INFO - ===== MEMORY-AWARE CPU ACTOR POOL (EQCCT) =====
2026-03-11 12:25:51,108 - INFO - Requested concurrent tasks: 1
2026-03-11 12:25:51,110 - INFO - Available CPUs: 4
2026-03-11 12:25:51,111 - INFO - Available RAM: 7083 MB
2026-03-11 12:25:51,113 - INFO - RAM per model: 2264 MB
2026-03-11 12:25:51,115 - INFO - Max actors by RAM: 3
2026-03-11 12:25:51,116 - INFO - Creating 1 ModelActor(s)
2026-03-11 12:25:51,118 - INFO - Let Ray handle scheduling (taskset already restricts CPU visibility)
2026-03-11 12:25:51,120 - INFO - Creating ModelActor 1/1 (2.21GB RAM each)...
2026-03-11 12:25:55,079 - INFO - ModelActor 1 created successfully.
2026-03-11 12:25:55,081 - INFO - Created 1 CPU actor(s). Task queue will handle concurrency.
2026-03-11 12:25:55,084 - INFO - Starting EQCCTPro parallelized waveform processing...
2026-03-11 12:25:55,086 - INFO - 
2026-03-11 12:25:55,088 - INFO - ------- Analyzing Seismic Waveforms for P and S Picks via EQCCT -------
2026-03-11 12:25:55,091 - INFO - Analyzing 0:01:00 minute timechunk from 2025-01-06 21:45:57 to 2025-01-06 21:46:57 (0 min overlap)
2026-03-11 12:25:55,093 - INFO - Processing a total of 1 stations, 1 at a time.
2026-03-11 12:25:56,979 - INFO - (1/1) ECKF: Skipped (already exists - overwrite=False).
2026-03-11 12:25:56,981 - INFO - 
2026-03-11 12:25:56,983 - INFO - ------- Parallel Station Waveform Processing Complete For 2025-01-06 21:45:57 to 2025-01-06 21:46:57 Timechunk-------
2026-03-11 12:25:56,985 - INFO - Picks saved at /home/blackwinter/projects/eqcct/eqcctpro/results/csv/bm_noise_only/20250106T214557Z_20250106T214657ZProcess Runtime: 1.90 s
2026-03-11 12:25:56,989 - INFO - Successfully ran EQCCTPro, exiting...
2026-03-11 12:25:58,506 - INFO - Ray Successfully Shutdown.
2026-03-11 12:25:58,506 - INFO - ------- Successfully Picked All Waveform(s) from all Timechunk(s) -------
