2026-03-11 00:57:50,623 - INFO - 
2026-03-11 00:57:50,623 - INFO - ------- Welcome to EQCCTPro -------
2026-03-11 00:57:50,623 - INFO - 
2026-03-11 00:57:50,623 - INFO - Running EQCCT over Requested MSeed Files using CPU(s)...
2026-03-11 00:57:50,624 - INFO - GPU disabled (CPU-only).
2026-03-11 00:57:50,624 - INFO - Configured Intra-op threads = 1
2026-03-11 00:57:50,624 - INFO - Configured Inter-op threads = 1
2026-03-11 00:57:50,624 - INFO - TensorFlow: No GPUs visible; TF will proceed on CPU.
2026-03-11 00:57:50,624 - INFO - 
2026-03-11 00:57:56,257 - INFO - Ray Successfully Initialized with 4 CPU(s) ([0, 1, 2, 3] CPU Affinity Binding).
2026-03-11 00:57:56,258 - INFO - Analyzing 1 time chunk(s) from 2025-01-11 01:09:34 to 2025-01-11 01:10:34 (dt=1min, overlap=0min).
2026-03-11 00:57:56,258 - INFO - Using 1 selected station(s).
2026-03-11 00:57:56,258 - INFO - 
2026-03-11 00:57:56,258 - INFO - ------- Starting EQCCTPro... -------
2026-03-11 00:57:56,258 - INFO - Detailed subprocess information can be found in the log file.
2026-03-11 00:57:56,258 - INFO - 
2026-03-11 00:57:56,640 - INFO - GPU disabled (CPU-only).
2026-03-11 00:57:58,158 - INFO - Configured Intra-op threads = 1
2026-03-11 00:57:58,161 - INFO - Configured Inter-op threads = 1
2026-03-11 00:57:58,202 - INFO - TensorFlow: No GPUs visible; TF will proceed on CPU.
2026-03-11 00:57:58,205 - INFO - 
2026-03-11 00:57:58,207 - INFO - ------- Hardware Configuration -------
2026-03-11 00:57:58,209 - INFO - CPU affinity set to cores: [0, 1, 2, 3]
2026-03-11 00:57:58,211 - INFO - 
2026-03-11 00:57:58,213 - INFO - ------- Data Preprocessing for EQCCTPro -------
2026-03-11 00:57:58,215 - INFO - 1 station(s) in /home/blackwinter/projects/eqcct/eqcctpro/data/waveforms_noise_only/20250111T010934Z_20250111T011034Z
2026-03-11 00:57:58,217 - INFO - Using 1 selected station(s): ['OBF0'].
2026-03-11 00:57:58,219 - INFO - Creating model actor(s)...
2026-03-11 00:57:58,222 - INFO - System RAM: Total=7870 MB, Available=2418 MB
2026-03-11 00:57:58,224 - INFO - Usable RAM budget: 7083 MB (90% of total)
2026-03-11 00:57:58,226 - INFO - ===== MEMORY-AWARE CPU ACTOR POOL (EQCCT) =====
2026-03-11 00:57:58,228 - INFO - Requested concurrent tasks: 1
2026-03-11 00:57:58,230 - INFO - Available CPUs: 4
2026-03-11 00:57:58,232 - INFO - Available RAM: 7083 MB
2026-03-11 00:57:58,234 - INFO - RAM per model: 2264 MB
2026-03-11 00:57:58,236 - INFO - Max actors by RAM: 3
2026-03-11 00:57:58,237 - INFO - Creating 1 ModelActor(s)
2026-03-11 00:57:58,239 - INFO - Let Ray handle scheduling (taskset already restricts CPU visibility)
2026-03-11 00:57:58,241 - INFO - Creating ModelActor 1/1 (2.21GB RAM each)...
2026-03-11 00:58:02,267 - INFO - ModelActor 1 created successfully.
2026-03-11 00:58:02,270 - INFO - Created 1 CPU actor(s). Task queue will handle concurrency.
2026-03-11 00:58:02,273 - INFO - Starting EQCCTPro parallelized waveform processing...
2026-03-11 00:58:02,275 - INFO - 
2026-03-11 00:58:02,277 - INFO - ------- Analyzing Seismic Waveforms for P and S Picks via EQCCT -------
2026-03-11 00:58:02,279 - INFO - Analyzing 0:01:00 minute timechunk from 2025-01-11 01:09:34 to 2025-01-11 01:10:34 (0 min overlap)
2026-03-11 00:58:02,281 - INFO - Processing a total of 1 stations, 1 at a time.
2026-03-11 00:58:06,431 - INFO - (1/1) OBF0: Finished the prediction in 2.17s. (HP=1.0, LP=45.0)
2026-03-11 00:58:06,433 - INFO - 
2026-03-11 00:58:06,436 - INFO - ------- Parallel Station Waveform Processing Complete For 2025-01-11 01:09:34 to 2025-01-11 01:10:34 Timechunk-------
2026-03-11 00:58:06,438 - INFO - Picks saved at /home/blackwinter/projects/eqcct/eqcctpro/results/csv/bm_noise_only/20250111T010934Z_20250111T011034ZProcess Runtime: 4.16 s
2026-03-11 00:58:06,442 - INFO - Successfully ran EQCCTPro, exiting...
2026-03-11 00:58:08,071 - INFO - Ray Successfully Shutdown.
2026-03-11 00:58:08,072 - INFO - ------- Successfully Picked All Waveform(s) from all Timechunk(s) -------
2026-03-11 15:28:39,292 - INFO - 
2026-03-11 15:28:39,292 - INFO - ------- Welcome to EQCCTPro -------
2026-03-11 15:28:39,293 - INFO - 
2026-03-11 15:28:39,293 - INFO - Running EQCCT over Requested MSeed Files using CPU(s)...
2026-03-11 15:28:39,294 - INFO - GPU disabled (CPU-only).
2026-03-11 15:28:39,294 - INFO - Configured Intra-op threads = 1
2026-03-11 15:28:39,294 - INFO - Configured Inter-op threads = 1
2026-03-11 15:28:39,294 - INFO - TensorFlow: No GPUs visible; TF will proceed on CPU.
2026-03-11 15:28:39,294 - INFO - 
2026-03-11 15:28:44,624 - INFO - Ray Successfully Initialized with 4 CPU(s) ([0, 1, 2, 3] CPU Affinity Binding).
2026-03-11 15:28:44,625 - INFO - Analyzing 1 time chunk(s) from 2025-01-11 01:09:34 to 2025-01-11 01:10:34 (dt=1min, overlap=0min).
2026-03-11 15:28:44,625 - INFO - Using 1 selected station(s).
2026-03-11 15:28:44,625 - INFO - 
2026-03-11 15:28:44,626 - INFO - ------- Starting EQCCTPro... -------
2026-03-11 15:28:44,626 - INFO - Detailed subprocess information can be found in the log file.
2026-03-11 15:28:44,626 - INFO - 
2026-03-11 15:28:45,091 - INFO - GPU disabled (CPU-only).
2026-03-11 15:28:46,651 - INFO - Configured Intra-op threads = 1
2026-03-11 15:28:46,653 - INFO - Configured Inter-op threads = 1
2026-03-11 15:28:46,693 - INFO - TensorFlow: No GPUs visible; TF will proceed on CPU.
2026-03-11 15:28:46,696 - INFO - 
2026-03-11 15:28:46,698 - INFO - ------- Hardware Configuration -------
2026-03-11 15:28:46,700 - INFO - CPU affinity set to cores: [0, 1, 2, 3]
2026-03-11 15:28:46,702 - INFO - 
2026-03-11 15:28:46,705 - INFO - ------- Data Preprocessing for EQCCTPro -------
2026-03-11 15:28:46,707 - INFO - 1 station(s) in /home/blackwinter/projects/eqcct/eqcctpro/data/waveforms_noise_only/20250111T010934Z_20250111T011034Z
2026-03-11 15:28:46,709 - INFO - Using 1 selected station(s): ['OBF0'].
2026-03-11 15:28:46,712 - INFO - Creating model actor(s)...
2026-03-11 15:28:46,714 - INFO - System RAM: Total=7870 MB, Available=3432 MB
2026-03-11 15:28:46,716 - INFO - Usable RAM budget: 7083 MB (90% of total)
2026-03-11 15:28:46,719 - INFO - ===== MEMORY-AWARE CPU ACTOR POOL (EQCCT) =====
2026-03-11 15:28:46,721 - INFO - Requested concurrent tasks: 1
2026-03-11 15:28:46,723 - INFO - Available CPUs: 4
2026-03-11 15:28:46,725 - INFO - Available RAM: 7083 MB
2026-03-11 15:28:46,728 - INFO - RAM per model: 2264 MB
2026-03-11 15:28:46,730 - INFO - Max actors by RAM: 3
2026-03-11 15:28:46,732 - INFO - Creating 1 ModelActor(s)
2026-03-11 15:28:46,735 - INFO - Let Ray handle scheduling (taskset already restricts CPU visibility)
2026-03-11 15:28:46,737 - INFO - Creating ModelActor 1/1 (2.21GB RAM each)...
2026-03-11 15:28:50,605 - INFO - ModelActor 1 created successfully.
2026-03-11 15:28:50,607 - INFO - Created 1 CPU actor(s). Task queue will handle concurrency.
2026-03-11 15:28:50,610 - INFO - Starting EQCCTPro parallelized waveform processing...
2026-03-11 15:28:50,612 - INFO - 
2026-03-11 15:28:50,614 - INFO - ------- Analyzing Seismic Waveforms for P and S Picks via EQCCT -------
2026-03-11 15:28:50,617 - INFO - Analyzing 0:01:00 minute timechunk from 2025-01-11 01:09:34 to 2025-01-11 01:10:34 (0 min overlap)
2026-03-11 15:28:50,619 - INFO - Processing a total of 1 stations, 1 at a time.
2026-03-11 15:28:52,510 - INFO - (1/1) OBF0: Skipped (already exists - overwrite=False).
2026-03-11 15:28:52,512 - INFO - 
2026-03-11 15:28:52,515 - INFO - ------- Parallel Station Waveform Processing Complete For 2025-01-11 01:09:34 to 2025-01-11 01:10:34 Timechunk-------
2026-03-11 15:28:52,517 - INFO - Picks saved at /home/blackwinter/projects/eqcct/eqcctpro/results/csv/bm_noise_only/20250111T010934Z_20250111T011034ZProcess Runtime: 1.90 s
2026-03-11 15:28:52,526 - INFO - Successfully ran EQCCTPro, exiting...
2026-03-11 15:28:53,996 - INFO - Ray Successfully Shutdown.
2026-03-11 15:28:53,997 - INFO - ------- Successfully Picked All Waveform(s) from all Timechunk(s) -------
