2026-02-23 17:23:15,406 - INFO - 
2026-02-23 17:23:15,406 - INFO - ------- Welcome to EQCCTPro -------
2026-02-23 17:23:15,406 - INFO - 
2026-02-23 17:23:15,407 - INFO - Running EQCCT over Requested MSeed Files using CPU(s)...
2026-02-23 17:23:15,407 - INFO - GPU disabled (CPU-only).
2026-02-23 17:23:15,407 - INFO - Configured Intra-op threads = 1
2026-02-23 17:23:15,407 - INFO - Configured Inter-op threads = 1
2026-02-23 17:23:15,407 - INFO - TensorFlow: No GPUs visible; TF will proceed on CPU.
2026-02-23 17:23:15,408 - INFO - 
2026-02-23 17:23:20,911 - INFO - Ray Successfully Initialized with 4 CPU(s) ([0, 1, 2, 3] CPU Affinity Binding).
2026-02-23 17:23:20,911 - INFO - Analyzing 1 time chunk(s) from 2025-01-16 21:43:41 to 2025-01-16 21:44:41 (dt=1min, overlap=0min).
2026-02-23 17:23:20,912 - INFO - Using 1 selected station(s).
2026-02-23 17:23:20,912 - INFO - 
2026-02-23 17:23:20,912 - INFO - ------- Starting EQCCTPro... -------
2026-02-23 17:23:20,912 - INFO - Detailed subprocess information can be found in the log file.
2026-02-23 17:23:20,912 - INFO - 
2026-02-23 17:23:21,289 - INFO - GPU disabled (CPU-only).
2026-02-23 17:23:22,829 - INFO - Configured Intra-op threads = 1
2026-02-23 17:23:22,831 - INFO - Configured Inter-op threads = 1
2026-02-23 17:23:22,872 - INFO - TensorFlow: No GPUs visible; TF will proceed on CPU.
2026-02-23 17:23:22,874 - INFO - 
2026-02-23 17:23:22,877 - INFO - ------- Hardware Configuration -------
2026-02-23 17:23:22,879 - INFO - CPU affinity set to cores: [0, 1, 2, 3]
2026-02-23 17:23:22,881 - INFO - 
2026-02-23 17:23:22,883 - INFO - ------- Data Preprocessing for EQCCTPro -------
2026-02-23 17:23:22,885 - INFO - 1 station(s) in /home/blackwinter/projects/eqcct/eqcctpro/data/waveforms_earthquakes_noise_only/20250116T214341Z_20250116T214441Z
2026-02-23 17:23:22,887 - INFO - Using 1 selected station(s): ['KLF'].
2026-02-23 17:23:22,889 - INFO - Creating model actor(s)...
2026-02-23 17:23:22,891 - INFO - System RAM: Total=7870 MB, Available=4359 MB
2026-02-23 17:23:22,893 - INFO - Usable RAM budget: 7083 MB (90% of total)
2026-02-23 17:23:22,895 - INFO - ===== MEMORY-AWARE CPU ACTOR POOL (EQCCT) =====
2026-02-23 17:23:22,897 - INFO - Requested concurrent tasks: 1
2026-02-23 17:23:22,898 - INFO - Available CPUs: 4
2026-02-23 17:23:22,900 - INFO - Available RAM: 7083 MB
2026-02-23 17:23:22,902 - INFO - RAM per model: 2264 MB
2026-02-23 17:23:22,904 - INFO - Max actors by RAM: 3
2026-02-23 17:23:22,905 - INFO - Creating 1 ModelActor(s)
2026-02-23 17:23:22,907 - INFO - Let Ray handle scheduling (taskset already restricts CPU visibility)
2026-02-23 17:23:22,909 - INFO - Creating ModelActor 1/1 (2.21GB RAM each)...
2026-02-23 17:23:26,876 - INFO - ModelActor 1 created successfully.
2026-02-23 17:23:26,878 - INFO - Created 1 CPU actor(s). Task queue will handle concurrency.
2026-02-23 17:23:26,881 - INFO - Starting EQCCTPro parallelized waveform processing...
2026-02-23 17:23:26,883 - INFO - 
2026-02-23 17:23:26,885 - INFO - ------- Analyzing Seismic Waveforms for P and S Picks via EQCCT -------
2026-02-23 17:23:26,888 - INFO - Analyzing 0:01:00 minute timechunk from 2025-01-16 21:43:41 to 2025-01-16 21:44:41 (0 min overlap)
2026-02-23 17:23:26,891 - INFO - Processing a total of 1 stations, 1 at a time.
2026-02-23 17:23:31,042 - INFO - (1/1) KLF: Finished the prediction in 2.19s. (HP=1.0, LP=45.0)
2026-02-23 17:23:31,044 - INFO - 
2026-02-23 17:23:31,046 - INFO - ------- Parallel Station Waveform Processing Complete For 2025-01-16 21:43:41 to 2025-01-16 21:44:41 Timechunk-------
2026-02-23 17:23:31,048 - INFO - Picks saved at /home/blackwinter/projects/eqcct/eqcctpro/results/csv/bm_eq_noise_only/20250116T214341Z_20250116T214441ZProcess Runtime: 4.16 s
2026-02-23 17:23:31,054 - INFO - Successfully ran EQCCTPro, exiting...
2026-02-23 17:23:32,391 - INFO - Ray Successfully Shutdown.
2026-02-23 17:23:32,391 - INFO - ------- Successfully Picked All Waveform(s) from all Timechunk(s) -------
