2026-02-22 20:04:22,812 - INFO - 
2026-02-22 20:04:22,812 - INFO - ------- Welcome to EQCCTPro -------
2026-02-22 20:04:22,812 - INFO - 
2026-02-22 20:04:22,813 - INFO - Running EQCCT over Requested MSeed Files using CPU(s)...
2026-02-22 20:04:22,813 - INFO - GPU disabled (CPU-only).
2026-02-22 20:04:22,813 - INFO - Configured Intra-op threads = 1
2026-02-22 20:04:22,814 - INFO - Configured Inter-op threads = 1
2026-02-22 20:04:22,814 - INFO - TensorFlow: No GPUs visible; TF will proceed on CPU.
2026-02-22 20:04:22,814 - INFO - 
2026-02-22 20:04:28,213 - INFO - Ray Successfully Initialized with 4 CPU(s) ([0, 1, 2, 3] CPU Affinity Binding).
2026-02-22 20:04:28,213 - INFO - Analyzing 1 time chunk(s) from 2025-09-14 14:26:04 to 2025-09-14 14:27:04 (dt=1min, overlap=0min).
2026-02-22 20:04:28,214 - INFO - Using 1 selected station(s).
2026-02-22 20:04:28,214 - INFO - 
2026-02-22 20:04:28,214 - INFO - ------- Starting EQCCTPro... -------
2026-02-22 20:04:28,214 - INFO - Detailed subprocess information can be found in the log file.
2026-02-22 20:04:28,214 - INFO - 
2026-02-22 20:04:28,619 - INFO - GPU disabled (CPU-only).
2026-02-22 20:04:30,137 - INFO - Configured Intra-op threads = 1
2026-02-22 20:04:30,139 - INFO - Configured Inter-op threads = 1
2026-02-22 20:04:30,176 - INFO - TensorFlow: No GPUs visible; TF will proceed on CPU.
2026-02-22 20:04:30,178 - INFO - 
2026-02-22 20:04:30,181 - INFO - ------- Hardware Configuration -------
2026-02-22 20:04:30,183 - INFO - CPU affinity set to cores: [0, 1, 2, 3]
2026-02-22 20:04:30,185 - INFO - 
2026-02-22 20:04:30,187 - INFO - ------- Data Preprocessing for EQCCTPro -------
2026-02-22 20:04:30,189 - INFO - 1 station(s) in /home/blackwinter/projects/eqcct/eqcctpro/data/waveforms_earthquakes_nonoise/20250914T142604Z_20250914T142704Z
2026-02-22 20:04:30,191 - INFO - Using 1 selected station(s): ['OBF0'].
2026-02-22 20:04:30,192 - INFO - Creating model actor(s)...
2026-02-22 20:04:30,194 - INFO - System RAM: Total=7870 MB, Available=1679 MB
2026-02-22 20:04:30,196 - INFO - Usable RAM budget: 7083 MB (90% of total)
2026-02-22 20:04:30,198 - INFO - ===== MEMORY-AWARE CPU ACTOR POOL (EQCCT) =====
2026-02-22 20:04:30,200 - INFO - Requested concurrent tasks: 1
2026-02-22 20:04:30,202 - INFO - Available CPUs: 4
2026-02-22 20:04:30,203 - INFO - Available RAM: 7083 MB
2026-02-22 20:04:30,205 - INFO - RAM per model: 2264 MB
2026-02-22 20:04:30,207 - INFO - Max actors by RAM: 3
2026-02-22 20:04:30,209 - INFO - Creating 1 ModelActor(s)
2026-02-22 20:04:30,211 - INFO - Let Ray handle scheduling (taskset already restricts CPU visibility)
2026-02-22 20:04:30,212 - INFO - Creating ModelActor 1/1 (2.21GB RAM each)...
2026-02-22 20:04:34,146 - INFO - ModelActor 1 created successfully.
2026-02-22 20:04:34,149 - INFO - Created 1 CPU actor(s). Task queue will handle concurrency.
2026-02-22 20:04:34,151 - INFO - Starting EQCCTPro parallelized waveform processing...
2026-02-22 20:04:34,152 - INFO - 
2026-02-22 20:04:34,154 - INFO - ------- Analyzing Seismic Waveforms for P and S Picks via EQCCT -------
2026-02-22 20:04:34,157 - INFO - Analyzing 0:01:00 minute timechunk from 2025-09-14 14:26:04 to 2025-09-14 14:27:04 (0 min overlap)
2026-02-22 20:04:34,159 - INFO - Processing a total of 1 stations, 1 at a time.
2026-02-22 20:04:38,237 - INFO - (1/1) OBF0: Finished the prediction in 2.16s. (HP=1.0, LP=45.0)
2026-02-22 20:04:38,239 - INFO - 
2026-02-22 20:04:38,242 - INFO - ------- Parallel Station Waveform Processing Complete For 2025-09-14 14:26:04 to 2025-09-14 14:27:04 Timechunk-------
2026-02-22 20:04:38,245 - INFO - Picks saved at /home/blackwinter/projects/eqcct/eqcctpro/results/csv/bm_eq_nonoise/20250914T142604Z_20250914T142704ZProcess Runtime: 4.09 s
2026-02-22 20:04:38,249 - INFO - Successfully ran EQCCTPro, exiting...
2026-02-22 20:04:39,846 - INFO - Ray Successfully Shutdown.
2026-02-22 20:04:39,846 - INFO - ------- Successfully Picked All Waveform(s) from all Timechunk(s) -------
