2026-03-28 14:05:36,655 - INFO - 
2026-03-28 14:05:36,655 - INFO - ------- Welcome to EQCCTPro -------
2026-03-28 14:05:36,655 - INFO - 
2026-03-28 14:05:36,656 - INFO - Running EQCCT over Requested MSeed Files using CPU(s)...
2026-03-28 14:05:36,656 - INFO - GPU disabled (CPU-only).
2026-03-28 14:05:36,656 - INFO - Skipping framework-specific initialization in the driver process.
2026-03-28 14:05:38,346 - INFO - Ray Successfully Initialized with 4 CPU(s) ([0, 1, 2, 3] CPU Affinity Binding).
2026-03-28 14:05:38,347 - INFO - Analyzing 1 time chunk(s) from 2025-01-13 18:05:05 to 2025-01-13 18:06:05 (dt=1min, overlap=0min).
2026-03-28 14:05:38,347 - INFO - Using 1 selected station(s).
2026-03-28 14:05:38,347 - INFO - 
2026-03-28 14:05:38,347 - INFO - ------- Starting EQCCTPro... -------
2026-03-28 14:05:38,348 - INFO - Detailed subprocess information can be found in the log file.
2026-03-28 14:05:38,348 - INFO - 
2026-03-28 14:05:38,644 - INFO - GPU disabled (CPU-only).
2026-03-28 14:05:38,649 - INFO - Skipping framework-specific initialization in the driver process.
2026-03-28 14:05:38,652 - INFO - ------- Hardware Configuration -------
2026-03-28 14:05:38,654 - INFO - CPU affinity set to cores: [0, 1, 2, 3]
2026-03-28 14:05:38,657 - INFO - 
2026-03-28 14:05:38,659 - INFO - ------- Data Preprocessing for EQCCTPro -------
2026-03-28 14:05:38,662 - INFO - 1 station(s) in /home/blackwinter/projects/eqcct/eqcctpro/data/waveforms_noise_only/20250113T180505Z_20250113T180605Z
2026-03-28 14:05:38,664 - INFO - Using 1 selected station(s): ['KU2'].
2026-03-28 14:05:38,667 - INFO - Creating model actor(s)...
2026-03-28 14:05:38,671 - INFO - System RAM: Total=7870 MB, Available=4371 MB
2026-03-28 14:05:38,674 - INFO - Usable RAM budget: 7083 MB (90% of total)
2026-03-28 14:05:38,676 - INFO - ===== MEMORY-AWARE CPU ACTOR POOL =====
2026-03-28 14:05:38,679 - INFO - Requested concurrent tasks: 1
2026-03-28 14:05:38,682 - INFO - Available CPUs: 4
2026-03-28 14:05:38,684 - INFO - Available RAM: 7083 MB
2026-03-28 14:05:38,688 - INFO - RAM per model: 2060 MB
2026-03-28 14:05:38,690 - INFO - Max actors by RAM: 3
2026-03-28 14:05:38,693 - INFO - Creating 1 SeisBenchModelActor(s)
2026-03-28 14:05:38,696 - INFO - Let Ray handle scheduling (taskset already restricts CPU visibility)
2026-03-28 14:05:38,698 - INFO - Creating SeisBenchModelActor 1/1 (2.01GB RAM each)...
2026-03-28 14:05:42,081 - INFO - SeisBenchModelActor 1 created successfully.
2026-03-28 14:05:42,084 - INFO - Created 1 CPU actor(s). Task queue will handle concurrency.
2026-03-28 14:05:42,087 - INFO - Starting EQCCTPro parallelized waveform processing...
2026-03-28 14:05:42,090 - INFO - 
2026-03-28 14:05:42,093 - INFO - ------- Analyzing Seismic Waveforms for P and S Picks via SeisBench (EQTransformer - original_nonconservative) -------
2026-03-28 14:05:42,097 - INFO - Analyzing 0:01:00 minute timechunk from 2025-01-13 18:05:05 to 2025-01-13 18:06:05 (0 min overlap)
2026-03-28 14:05:42,100 - INFO - Processing a total of 1 stations, 1 at a time.
2026-03-28 14:05:44,569 - INFO - (1/1) KU2: Finished the prediction in 0.15s. (HP=1.0, LP=45.0, picks=0)
2026-03-28 14:05:44,571 - INFO - 
2026-03-28 14:05:44,574 - INFO - ------- Parallel Station Waveform Processing Complete For 2025-01-13 18:05:05 to 2025-01-13 18:06:05 Timechunk-------
2026-03-28 14:05:44,578 - INFO - Picks saved at /home/blackwinter/projects/eqcct/eqcctpro/results/csv/eqt_noise_th0_1/20250113T180505Z_20250113T180605ZProcess Runtime: 2.48 s
2026-03-28 14:05:44,582 - INFO - Successfully ran EQCCTPro, exiting...
2026-03-28 14:05:46,462 - INFO - Ray Successfully Shutdown.
2026-03-28 14:05:46,462 - INFO - ------- Successfully Picked All Waveform(s) from all Timechunk(s) -------
