2026-03-27 22:19:26,780 - INFO - 
2026-03-27 22:19:26,780 - INFO - ------- Welcome to EQCCTPro -------
2026-03-27 22:19:26,780 - INFO - 
2026-03-27 22:19:26,781 - INFO - Running EQCCT over Requested MSeed Files using CPU(s)...
2026-03-27 22:19:26,781 - INFO - GPU disabled (CPU-only).
2026-03-27 22:19:26,781 - INFO - Skipping framework-specific initialization in the driver process.
2026-03-27 22:19:29,194 - INFO - Ray Successfully Initialized with 4 CPU(s) ([0, 1, 2, 3] CPU Affinity Binding).
2026-03-27 22:19:29,194 - INFO - Analyzing 1 time chunk(s) from 2025-12-09 14:08:07 to 2025-12-09 14:09:07 (dt=1min, overlap=0min).
2026-03-27 22:19:29,194 - INFO - Using 1 selected station(s).
2026-03-27 22:19:29,194 - INFO - 
2026-03-27 22:19:29,194 - INFO - ------- Starting EQCCTPro... -------
2026-03-27 22:19:29,194 - INFO - Detailed subprocess information can be found in the log file.
2026-03-27 22:19:29,195 - INFO - 
2026-03-27 22:19:29,490 - INFO - GPU disabled (CPU-only).
2026-03-27 22:19:29,495 - INFO - Skipping framework-specific initialization in the driver process.
2026-03-27 22:19:29,498 - INFO - ------- Hardware Configuration -------
2026-03-27 22:19:29,501 - INFO - CPU affinity set to cores: [0, 1, 2, 3]
2026-03-27 22:19:29,503 - INFO - 
2026-03-27 22:19:29,505 - INFO - ------- Data Preprocessing for EQCCTPro -------
2026-03-27 22:19:29,507 - INFO - 1 station(s) in /home/blackwinter/projects/eqcct/eqcctpro/data/waveforms_earthquakes_nonoise/20251209T140807Z_20251209T140907Z
2026-03-27 22:19:29,509 - INFO - Using 1 selected station(s): ['KLF'].
2026-03-27 22:19:29,512 - INFO - Creating model actor(s)...
2026-03-27 22:19:29,514 - INFO - System RAM: Total=7870 MB, Available=5074 MB
2026-03-27 22:19:29,517 - INFO - Usable RAM budget: 7083 MB (90% of total)
2026-03-27 22:19:29,519 - INFO - ===== MEMORY-AWARE CPU ACTOR POOL =====
2026-03-27 22:19:29,522 - INFO - Requested concurrent tasks: 1
2026-03-27 22:19:29,524 - INFO - Available CPUs: 4
2026-03-27 22:19:29,526 - INFO - Available RAM: 7083 MB
2026-03-27 22:19:29,528 - INFO - RAM per model: 2060 MB
2026-03-27 22:19:29,530 - INFO - Max actors by RAM: 3
2026-03-27 22:19:29,531 - INFO - Creating 1 SeisBenchModelActor(s)
2026-03-27 22:19:29,533 - INFO - Let Ray handle scheduling (taskset already restricts CPU visibility)
2026-03-27 22:19:29,535 - INFO - Creating SeisBenchModelActor 1/1 (2.01GB RAM each)...
2026-03-27 22:19:32,282 - INFO - SeisBenchModelActor 1 created successfully.
2026-03-27 22:19:32,284 - INFO - Created 1 CPU actor(s). Task queue will handle concurrency.
2026-03-27 22:19:32,287 - INFO - Starting EQCCTPro parallelized waveform processing...
2026-03-27 22:19:32,290 - INFO - 
2026-03-27 22:19:32,292 - INFO - ------- Analyzing Seismic Waveforms for P and S Picks via SeisBench (EQTransformer - original_nonconservative) -------
2026-03-27 22:19:32,295 - INFO - Analyzing 0:01:00 minute timechunk from 2025-12-09 14:08:07 to 2025-12-09 14:09:07 (0 min overlap)
2026-03-27 22:19:32,298 - INFO - Processing a total of 1 stations, 1 at a time.
2026-03-27 22:19:34,572 - INFO - (1/1) KLF: Finished the prediction in 0.15s. (HP=1.0, LP=45.0, picks=2)
2026-03-27 22:19:34,575 - INFO - 
2026-03-27 22:19:34,579 - INFO - ------- Parallel Station Waveform Processing Complete For 2025-12-09 14:08:07 to 2025-12-09 14:09:07 Timechunk-------
2026-03-27 22:19:34,582 - INFO - Picks saved at /home/blackwinter/projects/eqcct/eqcctpro/results/csv/eqt_earthquakes_th0_1/20251209T140807Z_20251209T140907ZProcess Runtime: 2.29 s
2026-03-27 22:19:34,587 - INFO - Successfully ran EQCCTPro, exiting...
2026-03-27 22:19:36,499 - INFO - Ray Successfully Shutdown.
2026-03-27 22:19:36,499 - INFO - ------- Successfully Picked All Waveform(s) from all Timechunk(s) -------
2026-03-28 04:35:11,396 - INFO - 
2026-03-28 04:35:11,397 - INFO - ------- Welcome to EQCCTPro -------
2026-03-28 04:35:11,397 - INFO - 
2026-03-28 04:35:11,397 - INFO - Running EQCCT over Requested MSeed Files using CPU(s)...
2026-03-28 04:35:11,398 - INFO - GPU disabled (CPU-only).
2026-03-28 04:35:11,398 - INFO - Skipping framework-specific initialization in the driver process.
2026-03-28 04:35:13,770 - INFO - Ray Successfully Initialized with 4 CPU(s) ([0, 1, 2, 3] CPU Affinity Binding).
2026-03-28 04:35:13,771 - INFO - Analyzing 1 time chunk(s) from 2025-12-09 14:08:07 to 2025-12-09 14:09:07 (dt=1min, overlap=0min).
2026-03-28 04:35:13,771 - INFO - Using 1 selected station(s).
2026-03-28 04:35:13,771 - INFO - 
2026-03-28 04:35:13,771 - INFO - ------- Starting EQCCTPro... -------
2026-03-28 04:35:13,771 - INFO - Detailed subprocess information can be found in the log file.
2026-03-28 04:35:13,771 - INFO - 
2026-03-28 04:35:14,081 - INFO - GPU disabled (CPU-only).
2026-03-28 04:35:14,086 - INFO - Skipping framework-specific initialization in the driver process.
2026-03-28 04:35:14,088 - INFO - ------- Hardware Configuration -------
2026-03-28 04:35:14,091 - INFO - CPU affinity set to cores: [0, 1, 2, 3]
2026-03-28 04:35:14,094 - INFO - 
2026-03-28 04:35:14,097 - INFO - ------- Data Preprocessing for EQCCTPro -------
2026-03-28 04:35:14,099 - INFO - 1 station(s) in /home/blackwinter/projects/eqcct/eqcctpro/data/waveforms_earthquakes_nonoise/20251209T140807Z_20251209T140907Z
2026-03-28 04:35:14,102 - INFO - Using 1 selected station(s): ['KLF'].
2026-03-28 04:35:14,104 - INFO - Creating model actor(s)...
2026-03-28 04:35:14,107 - INFO - System RAM: Total=7870 MB, Available=4956 MB
2026-03-28 04:35:14,109 - INFO - Usable RAM budget: 7083 MB (90% of total)
2026-03-28 04:35:14,112 - INFO - ===== MEMORY-AWARE CPU ACTOR POOL =====
2026-03-28 04:35:14,115 - INFO - Requested concurrent tasks: 1
2026-03-28 04:35:14,117 - INFO - Available CPUs: 4
2026-03-28 04:35:14,120 - INFO - Available RAM: 7083 MB
2026-03-28 04:35:14,122 - INFO - RAM per model: 2060 MB
2026-03-28 04:35:14,125 - INFO - Max actors by RAM: 3
2026-03-28 04:35:14,128 - INFO - Creating 1 SeisBenchModelActor(s)
2026-03-28 04:35:14,131 - INFO - Let Ray handle scheduling (taskset already restricts CPU visibility)
2026-03-28 04:35:14,133 - INFO - Creating SeisBenchModelActor 1/1 (2.01GB RAM each)...
2026-03-28 04:35:19,464 - INFO - SeisBenchModelActor 1 created successfully.
2026-03-28 04:35:19,467 - INFO - Created 1 CPU actor(s). Task queue will handle concurrency.
2026-03-28 04:35:19,469 - INFO - Starting EQCCTPro parallelized waveform processing...
2026-03-28 04:35:19,472 - INFO - 
2026-03-28 04:35:19,475 - INFO - ------- Analyzing Seismic Waveforms for P and S Picks via SeisBench (EQTransformer - original_nonconservative) -------
2026-03-28 04:35:19,478 - INFO - Analyzing 0:01:00 minute timechunk from 2025-12-09 14:08:07 to 2025-12-09 14:09:07 (0 min overlap)
2026-03-28 04:35:19,481 - INFO - Processing a total of 1 stations, 1 at a time.
2026-03-28 04:35:21,410 - INFO - (1/1) KLF: Skipped (already exists - overwrite=False).
2026-03-28 04:35:21,412 - INFO - 
2026-03-28 04:35:21,415 - INFO - ------- Parallel Station Waveform Processing Complete For 2025-12-09 14:08:07 to 2025-12-09 14:09:07 Timechunk-------
2026-03-28 04:35:21,417 - INFO - Picks saved at /home/blackwinter/projects/eqcct/eqcctpro/results/csv/eqt_earthquakes_th0_1/20251209T140807Z_20251209T140907ZProcess Runtime: 1.94 s
2026-03-28 04:35:21,421 - INFO - Successfully ran EQCCTPro, exiting...
2026-03-28 04:35:23,134 - INFO - Ray Successfully Shutdown.
2026-03-28 04:35:23,134 - INFO - ------- Successfully Picked All Waveform(s) from all Timechunk(s) -------
