2026-03-27 17:44:49,570 - INFO - 
2026-03-27 17:44:49,570 - INFO - ------- Welcome to EQCCTPro -------
2026-03-27 17:44:49,570 - INFO - 
2026-03-27 17:44:49,571 - INFO - Running EQCCT over Requested MSeed Files using CPU(s)...
2026-03-27 17:44:49,571 - INFO - GPU disabled (CPU-only).
2026-03-27 17:44:49,571 - INFO - Skipping framework-specific initialization in the driver process.
2026-03-27 17:44:51,932 - INFO - Ray Successfully Initialized with 4 CPU(s) ([0, 1, 2, 3] CPU Affinity Binding).
2026-03-27 17:44:51,933 - INFO - Analyzing 1 time chunk(s) from 2025-02-20 23:20:37 to 2025-02-20 23:21:37 (dt=1min, overlap=0min).
2026-03-27 17:44:51,933 - INFO - Using 1 selected station(s).
2026-03-27 17:44:51,933 - INFO - 
2026-03-27 17:44:51,933 - INFO - ------- Starting EQCCTPro... -------
2026-03-27 17:44:51,933 - INFO - Detailed subprocess information can be found in the log file.
2026-03-27 17:44:51,933 - INFO - 
2026-03-27 17:44:52,217 - INFO - GPU disabled (CPU-only).
2026-03-27 17:44:52,222 - INFO - Skipping framework-specific initialization in the driver process.
2026-03-27 17:44:52,224 - INFO - ------- Hardware Configuration -------
2026-03-27 17:44:52,227 - INFO - CPU affinity set to cores: [0, 1, 2, 3]
2026-03-27 17:44:52,229 - INFO - 
2026-03-27 17:44:52,232 - INFO - ------- Data Preprocessing for EQCCTPro -------
2026-03-27 17:44:52,234 - INFO - 1 station(s) in /home/blackwinter/projects/eqcct/eqcctpro/data/waveforms_earthquakes_nonoise/20250220T232037Z_20250220T232137Z
2026-03-27 17:44:52,236 - INFO - Using 1 selected station(s): ['VRF'].
2026-03-27 17:44:52,239 - INFO - Creating model actor(s)...
2026-03-27 17:44:52,241 - INFO - System RAM: Total=7870 MB, Available=6146 MB
2026-03-27 17:44:52,243 - INFO - Usable RAM budget: 7083 MB (90% of total)
2026-03-27 17:44:52,245 - INFO - ===== MEMORY-AWARE CPU ACTOR POOL =====
2026-03-27 17:44:52,248 - INFO - Requested concurrent tasks: 1
2026-03-27 17:44:52,250 - INFO - Available CPUs: 4
2026-03-27 17:44:52,253 - INFO - Available RAM: 7083 MB
2026-03-27 17:44:52,255 - INFO - RAM per model: 2060 MB
2026-03-27 17:44:52,257 - INFO - Max actors by RAM: 3
2026-03-27 17:44:52,260 - INFO - Creating 1 SeisBenchModelActor(s)
2026-03-27 17:44:52,262 - INFO - Let Ray handle scheduling (taskset already restricts CPU visibility)
2026-03-27 17:44:52,264 - INFO - Creating SeisBenchModelActor 1/1 (2.01GB RAM each)...
2026-03-27 17:44:55,107 - INFO - SeisBenchModelActor 1 created successfully.
2026-03-27 17:44:55,109 - INFO - Created 1 CPU actor(s). Task queue will handle concurrency.
2026-03-27 17:44:55,111 - INFO - Starting EQCCTPro parallelized waveform processing...
2026-03-27 17:44:55,113 - INFO - 
2026-03-27 17:44:55,115 - INFO - ------- Analyzing Seismic Waveforms for P and S Picks via SeisBench (EQTransformer - original_nonconservative) -------
2026-03-27 17:44:55,117 - INFO - Analyzing 0:01:00 minute timechunk from 2025-02-20 23:20:37 to 2025-02-20 23:21:37 (0 min overlap)
2026-03-27 17:44:55,120 - INFO - Processing a total of 1 stations, 1 at a time.
2026-03-27 17:44:57,301 - INFO - (1/1) VRF: Finished the prediction in 0.12s. (HP=1.0, LP=45.0, picks=0)
2026-03-27 17:44:57,304 - INFO - 
2026-03-27 17:44:57,306 - INFO - ------- Parallel Station Waveform Processing Complete For 2025-02-20 23:20:37 to 2025-02-20 23:21:37 Timechunk-------
2026-03-27 17:44:57,309 - INFO - Picks saved at /home/blackwinter/projects/eqcct/eqcctpro/results/csv/eqt_earthquakes_th0_1/20250220T232037Z_20250220T232137ZProcess Runtime: 2.19 s
2026-03-27 17:44:57,313 - INFO - Successfully ran EQCCTPro, exiting...
2026-03-27 17:44:58,861 - INFO - Ray Successfully Shutdown.
2026-03-27 17:44:58,862 - INFO - ------- Successfully Picked All Waveform(s) from all Timechunk(s) -------
2026-03-28 00:13:25,497 - INFO - 
2026-03-28 00:13:25,498 - INFO - ------- Welcome to EQCCTPro -------
2026-03-28 00:13:25,498 - INFO - 
2026-03-28 00:13:25,498 - INFO - Running EQCCT over Requested MSeed Files using CPU(s)...
2026-03-28 00:13:25,498 - INFO - GPU disabled (CPU-only).
2026-03-28 00:13:25,499 - INFO - Skipping framework-specific initialization in the driver process.
2026-03-28 00:13:27,797 - INFO - Ray Successfully Initialized with 4 CPU(s) ([0, 1, 2, 3] CPU Affinity Binding).
2026-03-28 00:13:27,797 - INFO - Analyzing 1 time chunk(s) from 2025-02-20 23:20:37 to 2025-02-20 23:21:37 (dt=1min, overlap=0min).
2026-03-28 00:13:27,797 - INFO - Using 1 selected station(s).
2026-03-28 00:13:27,797 - INFO - 
2026-03-28 00:13:27,798 - INFO - ------- Starting EQCCTPro... -------
2026-03-28 00:13:27,798 - INFO - Detailed subprocess information can be found in the log file.
2026-03-28 00:13:27,798 - INFO - 
2026-03-28 00:13:28,053 - INFO - GPU disabled (CPU-only).
2026-03-28 00:13:28,057 - INFO - Skipping framework-specific initialization in the driver process.
2026-03-28 00:13:28,060 - INFO - ------- Hardware Configuration -------
2026-03-28 00:13:28,062 - INFO - CPU affinity set to cores: [0, 1, 2, 3]
2026-03-28 00:13:28,065 - INFO - 
2026-03-28 00:13:28,067 - INFO - ------- Data Preprocessing for EQCCTPro -------
2026-03-28 00:13:28,069 - INFO - 1 station(s) in /home/blackwinter/projects/eqcct/eqcctpro/data/waveforms_earthquakes_nonoise/20250220T232037Z_20250220T232137Z
2026-03-28 00:13:28,071 - INFO - Using 1 selected station(s): ['VRF'].
2026-03-28 00:13:28,073 - INFO - Creating model actor(s)...
2026-03-28 00:13:28,075 - INFO - System RAM: Total=7870 MB, Available=5976 MB
2026-03-28 00:13:28,077 - INFO - Usable RAM budget: 7083 MB (90% of total)
2026-03-28 00:13:28,079 - INFO - ===== MEMORY-AWARE CPU ACTOR POOL =====
2026-03-28 00:13:28,081 - INFO - Requested concurrent tasks: 1
2026-03-28 00:13:28,084 - INFO - Available CPUs: 4
2026-03-28 00:13:28,086 - INFO - Available RAM: 7083 MB
2026-03-28 00:13:28,088 - INFO - RAM per model: 2060 MB
2026-03-28 00:13:28,089 - INFO - Max actors by RAM: 3
2026-03-28 00:13:28,091 - INFO - Creating 1 SeisBenchModelActor(s)
2026-03-28 00:13:28,093 - INFO - Let Ray handle scheduling (taskset already restricts CPU visibility)
2026-03-28 00:13:28,094 - INFO - Creating SeisBenchModelActor 1/1 (2.01GB RAM each)...
2026-03-28 00:13:31,033 - INFO - SeisBenchModelActor 1 created successfully.
2026-03-28 00:13:31,035 - INFO - Created 1 CPU actor(s). Task queue will handle concurrency.
2026-03-28 00:13:31,037 - INFO - Starting EQCCTPro parallelized waveform processing...
2026-03-28 00:13:31,038 - INFO - 
2026-03-28 00:13:31,040 - INFO - ------- Analyzing Seismic Waveforms for P and S Picks via SeisBench (EQTransformer - original_nonconservative) -------
2026-03-28 00:13:31,043 - INFO - Analyzing 0:01:00 minute timechunk from 2025-02-20 23:20:37 to 2025-02-20 23:21:37 (0 min overlap)
2026-03-28 00:13:31,045 - INFO - Processing a total of 1 stations, 1 at a time.
2026-03-28 00:13:32,936 - INFO - (1/1) VRF: Skipped (already exists - overwrite=False).
2026-03-28 00:13:32,940 - INFO - 
2026-03-28 00:13:32,943 - INFO - ------- Parallel Station Waveform Processing Complete For 2025-02-20 23:20:37 to 2025-02-20 23:21:37 Timechunk-------
2026-03-28 00:13:32,946 - INFO - Picks saved at /home/blackwinter/projects/eqcct/eqcctpro/results/csv/eqt_earthquakes_th0_1/20250220T232037Z_20250220T232137ZProcess Runtime: 1.91 s
2026-03-28 00:13:32,950 - INFO - Successfully ran EQCCTPro, exiting...
2026-03-28 00:13:34,485 - INFO - Ray Successfully Shutdown.
2026-03-28 00:13:34,486 - INFO - ------- Successfully Picked All Waveform(s) from all Timechunk(s) -------
