2026-03-27 17:48:06,268 - INFO - 
2026-03-27 17:48:06,268 - INFO - ------- Welcome to EQCCTPro -------
2026-03-27 17:48:06,268 - INFO - 
2026-03-27 17:48:06,268 - INFO - Running EQCCT over Requested MSeed Files using CPU(s)...
2026-03-27 17:48:06,268 - INFO - GPU disabled (CPU-only).
2026-03-27 17:48:06,268 - INFO - Skipping framework-specific initialization in the driver process.
2026-03-27 17:48:08,579 - INFO - Ray Successfully Initialized with 4 CPU(s) ([0, 1, 2, 3] CPU Affinity Binding).
2026-03-27 17:48:08,579 - INFO - Analyzing 1 time chunk(s) from 2025-02-27 18:39:01 to 2025-02-27 18:40:01 (dt=1min, overlap=0min).
2026-03-27 17:48:08,580 - INFO - Using 1 selected station(s).
2026-03-27 17:48:08,580 - INFO - 
2026-03-27 17:48:08,580 - INFO - ------- Starting EQCCTPro... -------
2026-03-27 17:48:08,580 - INFO - Detailed subprocess information can be found in the log file.
2026-03-27 17:48:08,580 - INFO - 
2026-03-27 17:48:08,886 - INFO - GPU disabled (CPU-only).
2026-03-27 17:48:08,891 - INFO - Skipping framework-specific initialization in the driver process.
2026-03-27 17:48:08,894 - INFO - ------- Hardware Configuration -------
2026-03-27 17:48:08,897 - INFO - CPU affinity set to cores: [0, 1, 2, 3]
2026-03-27 17:48:08,900 - INFO - 
2026-03-27 17:48:08,902 - INFO - ------- Data Preprocessing for EQCCTPro -------
2026-03-27 17:48:08,905 - INFO - 1 station(s) in /home/blackwinter/projects/eqcct/eqcctpro/data/waveforms_earthquakes_nonoise/20250227T183901Z_20250227T184001Z
2026-03-27 17:48:08,907 - INFO - Using 1 selected station(s): ['HEF'].
2026-03-27 17:48:08,908 - INFO - Creating model actor(s)...
2026-03-27 17:48:08,910 - INFO - System RAM: Total=7870 MB, Available=6163 MB
2026-03-27 17:48:08,912 - INFO - Usable RAM budget: 7083 MB (90% of total)
2026-03-27 17:48:08,915 - INFO - ===== MEMORY-AWARE CPU ACTOR POOL =====
2026-03-27 17:48:08,916 - INFO - Requested concurrent tasks: 1
2026-03-27 17:48:08,918 - INFO - Available CPUs: 4
2026-03-27 17:48:08,921 - INFO - Available RAM: 7083 MB
2026-03-27 17:48:08,922 - INFO - RAM per model: 2060 MB
2026-03-27 17:48:08,924 - INFO - Max actors by RAM: 3
2026-03-27 17:48:08,926 - INFO - Creating 1 SeisBenchModelActor(s)
2026-03-27 17:48:08,928 - INFO - Let Ray handle scheduling (taskset already restricts CPU visibility)
2026-03-27 17:48:08,930 - INFO - Creating SeisBenchModelActor 1/1 (2.01GB RAM each)...
2026-03-27 17:48:11,866 - INFO - SeisBenchModelActor 1 created successfully.
2026-03-27 17:48:11,868 - INFO - Created 1 CPU actor(s). Task queue will handle concurrency.
2026-03-27 17:48:11,871 - INFO - Starting EQCCTPro parallelized waveform processing...
2026-03-27 17:48:11,873 - INFO - 
2026-03-27 17:48:11,875 - INFO - ------- Analyzing Seismic Waveforms for P and S Picks via SeisBench (EQTransformer - original_nonconservative) -------
2026-03-27 17:48:11,878 - INFO - Analyzing 0:01:00 minute timechunk from 2025-02-27 18:39:01 to 2025-02-27 18:40:01 (0 min overlap)
2026-03-27 17:48:11,880 - INFO - Processing a total of 1 stations, 1 at a time.
2026-03-27 17:48:14,056 - INFO - (1/1) HEF: Finished the prediction in 0.13s. (HP=1.0, LP=45.0, picks=3)
2026-03-27 17:48:14,058 - INFO - 
2026-03-27 17:48:14,060 - INFO - ------- Parallel Station Waveform Processing Complete For 2025-02-27 18:39:01 to 2025-02-27 18:40:01 Timechunk-------
2026-03-27 17:48:14,062 - INFO - Picks saved at /home/blackwinter/projects/eqcct/eqcctpro/results/csv/eqt_earthquakes_th0_1/20250227T183901Z_20250227T184001ZProcess Runtime: 2.19 s
2026-03-27 17:48:14,066 - INFO - Successfully ran EQCCTPro, exiting...
2026-03-27 17:48:15,773 - INFO - Ray Successfully Shutdown.
2026-03-27 17:48:15,774 - INFO - ------- Successfully Picked All Waveform(s) from all Timechunk(s) -------
2026-03-28 00:16:32,070 - INFO - 
2026-03-28 00:16:32,070 - INFO - ------- Welcome to EQCCTPro -------
2026-03-28 00:16:32,070 - INFO - 
2026-03-28 00:16:32,071 - INFO - Running EQCCT over Requested MSeed Files using CPU(s)...
2026-03-28 00:16:32,071 - INFO - GPU disabled (CPU-only).
2026-03-28 00:16:32,071 - INFO - Skipping framework-specific initialization in the driver process.
2026-03-28 00:16:34,369 - INFO - Ray Successfully Initialized with 4 CPU(s) ([0, 1, 2, 3] CPU Affinity Binding).
2026-03-28 00:16:34,369 - INFO - Analyzing 1 time chunk(s) from 2025-02-27 18:39:01 to 2025-02-27 18:40:01 (dt=1min, overlap=0min).
2026-03-28 00:16:34,369 - INFO - Using 1 selected station(s).
2026-03-28 00:16:34,369 - INFO - 
2026-03-28 00:16:34,369 - INFO - ------- Starting EQCCTPro... -------
2026-03-28 00:16:34,370 - INFO - Detailed subprocess information can be found in the log file.
2026-03-28 00:16:34,370 - INFO - 
2026-03-28 00:16:34,629 - INFO - GPU disabled (CPU-only).
2026-03-28 00:16:34,634 - INFO - Skipping framework-specific initialization in the driver process.
2026-03-28 00:16:34,636 - INFO - ------- Hardware Configuration -------
2026-03-28 00:16:34,638 - INFO - CPU affinity set to cores: [0, 1, 2, 3]
2026-03-28 00:16:34,640 - INFO - 
2026-03-28 00:16:34,642 - INFO - ------- Data Preprocessing for EQCCTPro -------
2026-03-28 00:16:34,644 - INFO - 1 station(s) in /home/blackwinter/projects/eqcct/eqcctpro/data/waveforms_earthquakes_nonoise/20250227T183901Z_20250227T184001Z
2026-03-28 00:16:34,646 - INFO - Using 1 selected station(s): ['HEF'].
2026-03-28 00:16:34,648 - INFO - Creating model actor(s)...
2026-03-28 00:16:34,650 - INFO - System RAM: Total=7870 MB, Available=5964 MB
2026-03-28 00:16:34,652 - INFO - Usable RAM budget: 7083 MB (90% of total)
2026-03-28 00:16:34,653 - INFO - ===== MEMORY-AWARE CPU ACTOR POOL =====
2026-03-28 00:16:34,655 - INFO - Requested concurrent tasks: 1
2026-03-28 00:16:34,657 - INFO - Available CPUs: 4
2026-03-28 00:16:34,658 - INFO - Available RAM: 7083 MB
2026-03-28 00:16:34,660 - INFO - RAM per model: 2060 MB
2026-03-28 00:16:34,662 - INFO - Max actors by RAM: 3
2026-03-28 00:16:34,664 - INFO - Creating 1 SeisBenchModelActor(s)
2026-03-28 00:16:34,665 - INFO - Let Ray handle scheduling (taskset already restricts CPU visibility)
2026-03-28 00:16:34,667 - INFO - Creating SeisBenchModelActor 1/1 (2.01GB RAM each)...
2026-03-28 00:16:37,305 - INFO - SeisBenchModelActor 1 created successfully.
2026-03-28 00:16:37,307 - INFO - Created 1 CPU actor(s). Task queue will handle concurrency.
2026-03-28 00:16:37,310 - INFO - Starting EQCCTPro parallelized waveform processing...
2026-03-28 00:16:37,312 - INFO - 
2026-03-28 00:16:37,314 - INFO - ------- Analyzing Seismic Waveforms for P and S Picks via SeisBench (EQTransformer - original_nonconservative) -------
2026-03-28 00:16:37,316 - INFO - Analyzing 0:01:00 minute timechunk from 2025-02-27 18:39:01 to 2025-02-27 18:40:01 (0 min overlap)
2026-03-28 00:16:37,318 - INFO - Processing a total of 1 stations, 1 at a time.
2026-03-28 00:16:39,205 - INFO - (1/1) HEF: Skipped (already exists - overwrite=False).
2026-03-28 00:16:39,207 - INFO - 
2026-03-28 00:16:39,210 - INFO - ------- Parallel Station Waveform Processing Complete For 2025-02-27 18:39:01 to 2025-02-27 18:40:01 Timechunk-------
2026-03-28 00:16:39,213 - INFO - Picks saved at /home/blackwinter/projects/eqcct/eqcctpro/results/csv/eqt_earthquakes_th0_1/20250227T183901Z_20250227T184001ZProcess Runtime: 1.90 s
2026-03-28 00:16:39,218 - INFO - Successfully ran EQCCTPro, exiting...
2026-03-28 00:16:40,847 - INFO - Ray Successfully Shutdown.
2026-03-28 00:16:40,848 - INFO - ------- Successfully Picked All Waveform(s) from all Timechunk(s) -------
