2026-03-20 00:00:33,869 - INFO - 
2026-03-20 00:00:33,869 - INFO - ------- Welcome to EQCCTPro -------
2026-03-20 00:00:33,869 - INFO - 
2026-03-20 00:00:33,870 - INFO - Running EQCCT over Requested MSeed Files using CPU(s)...
2026-03-20 00:00:33,870 - INFO - GPU disabled (CPU-only).
2026-03-20 00:00:33,871 - INFO - Configured Intra-op threads = 1
2026-03-20 00:00:33,871 - INFO - Configured Inter-op threads = 1
2026-03-20 00:00:33,871 - INFO - TensorFlow: No GPUs visible; TF will proceed on CPU.
2026-03-20 00:00:33,871 - INFO - 
2026-03-20 00:00:39,528 - INFO - Ray Successfully Initialized with 4 CPU(s) ([0, 1, 2, 3] CPU Affinity Binding).
2026-03-20 00:00:39,528 - INFO - Analyzing 1 time chunk(s) from 2025-02-28 01:47:08 to 2025-02-28 01:48:08 (dt=1min, overlap=0min).
2026-03-20 00:00:39,529 - INFO - Using 2 selected station(s).
2026-03-20 00:00:39,529 - INFO - 
2026-03-20 00:00:39,529 - INFO - ------- Starting EQCCTPro... -------
2026-03-20 00:00:39,529 - INFO - Detailed subprocess information can be found in the log file.
2026-03-20 00:00:39,529 - INFO - 
2026-03-20 00:00:39,904 - INFO - GPU disabled (CPU-only).
2026-03-20 00:00:41,446 - INFO - Configured Intra-op threads = 1
2026-03-20 00:00:41,448 - INFO - Configured Inter-op threads = 1
2026-03-20 00:00:41,489 - INFO - TensorFlow: No GPUs visible; TF will proceed on CPU.
2026-03-20 00:00:41,491 - INFO - 
2026-03-20 00:00:41,493 - INFO - ------- Hardware Configuration -------
2026-03-20 00:00:41,496 - INFO - CPU affinity set to cores: [0, 1, 2, 3]
2026-03-20 00:00:41,499 - INFO - 
2026-03-20 00:00:41,501 - INFO - ------- Data Preprocessing for EQCCTPro -------
2026-03-20 00:00:41,502 - INFO - 2 station(s) in /home/blackwinter/projects/eqcct/eqcctpro/data/waveforms_earthquakes_nonoise/20250228T014708Z_20250228T014808Z
2026-03-20 00:00:41,504 - INFO - Using 2 selected station(s): ['OLKF', 'SGF'].
2026-03-20 00:00:41,506 - INFO - Creating model actor(s)...
2026-03-20 00:00:41,508 - INFO - System RAM: Total=7870 MB, Available=2586 MB
2026-03-20 00:00:41,510 - INFO - Usable RAM budget: 7083 MB (90% of total)
2026-03-20 00:00:41,512 - INFO - ===== MEMORY-AWARE CPU ACTOR POOL (EQCCT) =====
2026-03-20 00:00:41,513 - INFO - Requested concurrent tasks: 1
2026-03-20 00:00:41,515 - INFO - Available CPUs: 4
2026-03-20 00:00:41,518 - INFO - Available RAM: 7083 MB
2026-03-20 00:00:41,520 - INFO - RAM per model: 2264 MB
2026-03-20 00:00:41,523 - INFO - Max actors by RAM: 3
2026-03-20 00:00:41,525 - INFO - Creating 1 ModelActor(s)
2026-03-20 00:00:41,527 - INFO - Let Ray handle scheduling (taskset already restricts CPU visibility)
2026-03-20 00:00:41,530 - INFO - Creating ModelActor 1/1 (2.21GB RAM each)...
2026-03-20 00:00:45,409 - INFO - ModelActor 1 created successfully.
2026-03-20 00:00:45,411 - INFO - Created 1 CPU actor(s). Task queue will handle concurrency.
2026-03-20 00:00:45,413 - INFO - Starting EQCCTPro parallelized waveform processing...
2026-03-20 00:00:45,415 - INFO - 
2026-03-20 00:00:45,416 - INFO - ------- Analyzing Seismic Waveforms for P and S Picks via EQCCT -------
2026-03-20 00:00:45,419 - INFO - Analyzing 0:01:00 minute timechunk from 2025-02-28 01:47:08 to 2025-02-28 01:48:08 (0 min overlap)
2026-03-20 00:00:45,420 - INFO - Processing a total of 2 stations, 1 at a time.
2026-03-20 00:00:49,641 - INFO - (1/2) OLKF: Finished the prediction in 2.13s. (HP=1.0, LP=45.0)
2026-03-20 00:00:49,751 - INFO - (2/2) SGF: Finished the prediction in 0.1s. (HP=1.0, LP=45.0)
2026-03-20 00:00:49,753 - INFO - 
2026-03-20 00:00:49,755 - INFO - ------- Parallel Station Waveform Processing Complete For 2025-02-28 01:47:08 to 2025-02-28 01:48:08 Timechunk-------
2026-03-20 00:00:49,758 - INFO - Picks saved at /home/blackwinter/projects/eqcct/eqcctpro/results/csv/eqcct_earthquakes_th0_1/20250228T014708Z_20250228T014808ZProcess Runtime: 4.34 s
2026-03-20 00:00:49,763 - INFO - Successfully ran EQCCTPro, exiting...
2026-03-20 00:00:51,363 - INFO - Ray Successfully Shutdown.
2026-03-20 00:00:51,363 - INFO - ------- Successfully Picked All Waveform(s) from all Timechunk(s) -------
