2026-03-20 01:17:02,749 - INFO - 
2026-03-20 01:17:02,749 - INFO - ------- Welcome to EQCCTPro -------
2026-03-20 01:17:02,750 - INFO - 
2026-03-20 01:17:02,750 - INFO - Running EQCCT over Requested MSeed Files using CPU(s)...
2026-03-20 01:17:02,750 - INFO - GPU disabled (CPU-only).
2026-03-20 01:17:02,751 - INFO - Configured Intra-op threads = 1
2026-03-20 01:17:02,751 - INFO - Configured Inter-op threads = 1
2026-03-20 01:17:02,751 - INFO - TensorFlow: No GPUs visible; TF will proceed on CPU.
2026-03-20 01:17:02,751 - INFO - 
2026-03-20 01:17:07,623 - INFO - Ray Successfully Initialized with 4 CPU(s) ([0, 1, 2, 3] CPU Affinity Binding).
2026-03-20 01:17:07,623 - INFO - Analyzing 1 time chunk(s) from 2025-04-30 16:11:59 to 2025-04-30 16:12:59 (dt=1min, overlap=0min).
2026-03-20 01:17:07,624 - INFO - Using 1 selected station(s).
2026-03-20 01:17:07,624 - INFO - 
2026-03-20 01:17:07,624 - INFO - ------- Starting EQCCTPro... -------
2026-03-20 01:17:07,624 - INFO - Detailed subprocess information can be found in the log file.
2026-03-20 01:17:07,624 - INFO - 
2026-03-20 01:17:08,000 - INFO - GPU disabled (CPU-only).
2026-03-20 01:17:09,497 - INFO - Configured Intra-op threads = 1
2026-03-20 01:17:09,499 - INFO - Configured Inter-op threads = 1
2026-03-20 01:17:09,544 - INFO - TensorFlow: No GPUs visible; TF will proceed on CPU.
2026-03-20 01:17:09,546 - INFO - 
2026-03-20 01:17:09,549 - INFO - ------- Hardware Configuration -------
2026-03-20 01:17:09,551 - INFO - CPU affinity set to cores: [0, 1, 2, 3]
2026-03-20 01:17:09,553 - INFO - 
2026-03-20 01:17:09,555 - INFO - ------- Data Preprocessing for EQCCTPro -------
2026-03-20 01:17:09,557 - INFO - 1 station(s) in /home/blackwinter/projects/eqcct/eqcctpro/data/waveforms_earthquakes_nonoise/20250430T161159Z_20250430T161259Z
2026-03-20 01:17:09,559 - INFO - Using 1 selected station(s): ['RUF'].
2026-03-20 01:17:09,560 - INFO - Creating model actor(s)...
2026-03-20 01:17:09,562 - INFO - System RAM: Total=7870 MB, Available=2211 MB
2026-03-20 01:17:09,564 - INFO - Usable RAM budget: 7083 MB (90% of total)
2026-03-20 01:17:09,566 - INFO - ===== MEMORY-AWARE CPU ACTOR POOL (EQCCT) =====
2026-03-20 01:17:09,568 - INFO - Requested concurrent tasks: 1
2026-03-20 01:17:09,570 - INFO - Available CPUs: 4
2026-03-20 01:17:09,573 - INFO - Available RAM: 7083 MB
2026-03-20 01:17:09,575 - INFO - RAM per model: 2264 MB
2026-03-20 01:17:09,577 - INFO - Max actors by RAM: 3
2026-03-20 01:17:09,580 - INFO - Creating 1 ModelActor(s)
2026-03-20 01:17:09,582 - INFO - Let Ray handle scheduling (taskset already restricts CPU visibility)
2026-03-20 01:17:09,584 - INFO - Creating ModelActor 1/1 (2.21GB RAM each)...
2026-03-20 01:17:13,580 - INFO - ModelActor 1 created successfully.
2026-03-20 01:17:13,582 - INFO - Created 1 CPU actor(s). Task queue will handle concurrency.
2026-03-20 01:17:13,584 - INFO - Starting EQCCTPro parallelized waveform processing...
2026-03-20 01:17:13,587 - INFO - 
2026-03-20 01:17:13,589 - INFO - ------- Analyzing Seismic Waveforms for P and S Picks via EQCCT -------
2026-03-20 01:17:13,592 - INFO - Analyzing 0:01:00 minute timechunk from 2025-04-30 16:11:59 to 2025-04-30 16:12:59 (0 min overlap)
2026-03-20 01:17:13,594 - INFO - Processing a total of 1 stations, 1 at a time.
2026-03-20 01:17:17,778 - INFO - (1/1) RUF: Finished the prediction in 2.17s. (HP=1.0, LP=45.0)
2026-03-20 01:17:17,780 - INFO - 
2026-03-20 01:17:17,782 - INFO - ------- Parallel Station Waveform Processing Complete For 2025-04-30 16:11:59 to 2025-04-30 16:12:59 Timechunk-------
2026-03-20 01:17:17,784 - INFO - Picks saved at /home/blackwinter/projects/eqcct/eqcctpro/results/csv/eqcct_earthquakes_th0_1/20250430T161159Z_20250430T161259ZProcess Runtime: 4.20 s
2026-03-20 01:17:17,788 - INFO - Successfully ran EQCCTPro, exiting...
2026-03-20 01:17:19,376 - INFO - Ray Successfully Shutdown.
2026-03-20 01:17:19,376 - INFO - ------- Successfully Picked All Waveform(s) from all Timechunk(s) -------
