2026-03-28 21:38:00,577 - INFO - 
2026-03-28 21:38:00,577 - INFO - ------- Welcome to EQCCTPro -------
2026-03-28 21:38:00,577 - INFO - 
2026-03-28 21:38:00,578 - INFO - Running EQCCT over Requested MSeed Files using CPU(s)...
2026-03-28 21:38:00,578 - INFO - GPU disabled (CPU-only).
2026-03-29 05:56:07,161 - INFO - 
2026-03-29 05:56:07,161 - INFO - ------- Welcome to EQCCTPro -------
2026-03-29 05:56:07,161 - INFO - 
2026-03-29 05:56:07,162 - INFO - Running EQCCT over Requested MSeed Files using CPU(s)...
2026-03-29 05:56:07,162 - INFO - GPU disabled (CPU-only).
2026-03-29 05:56:07,163 - INFO - Configured Intra-op threads = 1
2026-03-29 05:56:07,163 - INFO - Configured Inter-op threads = 1
2026-03-29 05:56:07,163 - INFO - TensorFlow: No GPUs visible; TF will proceed on CPU.
2026-03-29 05:56:07,163 - INFO - 
2026-03-29 05:56:12,339 - INFO - Ray Successfully Initialized with 4 CPU(s) ([0, 1, 2, 3] CPU Affinity Binding).
2026-03-29 05:56:12,340 - INFO - Analyzing 1 time chunk(s) from 2025-01-21 12:19:23 to 2025-01-21 12:20:23 (dt=1min, overlap=0min).
2026-03-29 05:56:12,340 - INFO - Using 1 selected station(s).
2026-03-29 05:56:12,340 - INFO - 
2026-03-29 05:56:12,341 - INFO - ------- Starting EQCCTPro... -------
2026-03-29 05:56:12,341 - INFO - Detailed subprocess information can be found in the log file.
2026-03-29 05:56:12,341 - INFO - 
2026-03-29 05:56:12,789 - INFO - GPU disabled (CPU-only).
2026-03-29 05:56:14,433 - INFO - Configured Intra-op threads = 1
2026-03-29 05:56:14,436 - INFO - Configured Inter-op threads = 1
2026-03-29 05:56:14,489 - INFO - TensorFlow: No GPUs visible; TF will proceed on CPU.
2026-03-29 05:56:14,492 - INFO - 
2026-03-29 05:56:14,494 - INFO - ------- Hardware Configuration -------
2026-03-29 05:56:14,497 - INFO - CPU affinity set to cores: [0, 1, 2, 3]
2026-03-29 05:56:14,500 - INFO - 
2026-03-29 05:56:14,503 - INFO - ------- Data Preprocessing for EQCCTPro -------
2026-03-29 05:56:14,505 - INFO - 1 station(s) in /home/blackwinter/projects/eqcct/eqcctpro/data/waveforms_explosions_nonoise/20250121T121923Z_20250121T122023Z
2026-03-29 05:56:14,508 - INFO - Using 1 selected station(s): ['RNF'].
2026-03-29 05:56:14,511 - INFO - Creating model actor(s)...
2026-03-29 05:56:14,514 - INFO - System RAM: Total=7870 MB, Available=2957 MB
2026-03-29 05:56:14,517 - INFO - Usable RAM budget: 7083 MB (90% of total)
2026-03-29 05:56:14,520 - INFO - ===== MEMORY-AWARE CPU ACTOR POOL (EQCCT) =====
2026-03-29 05:56:14,523 - INFO - Requested concurrent tasks: 1
2026-03-29 05:56:14,525 - INFO - Available CPUs: 4
2026-03-29 05:56:14,527 - INFO - Available RAM: 7083 MB
2026-03-29 05:56:14,529 - INFO - RAM per model: 2264 MB
2026-03-29 05:56:14,531 - INFO - Max actors by RAM: 3
2026-03-29 05:56:14,533 - INFO - Creating 1 ModelActor(s)
2026-03-29 05:56:14,535 - INFO - Let Ray handle scheduling (taskset already restricts CPU visibility)
2026-03-29 05:56:14,538 - INFO - Creating ModelActor 1/1 (2.21GB RAM each)...
2026-03-29 05:56:18,909 - INFO - ModelActor 1 created successfully.
2026-03-29 05:56:18,912 - INFO - Created 1 CPU actor(s). Task queue will handle concurrency.
2026-03-29 05:56:18,915 - INFO - Starting EQCCTPro parallelized waveform processing...
2026-03-29 05:56:18,918 - INFO - 
2026-03-29 05:56:18,921 - INFO - ------- Analyzing Seismic Waveforms for P and S Picks via EQCCT -------
2026-03-29 05:56:18,924 - INFO - Analyzing 0:01:00 minute timechunk from 2025-01-21 12:19:23 to 2025-01-21 12:20:23 (0 min overlap)
2026-03-29 05:56:18,927 - INFO - Processing a total of 1 stations, 1 at a time.
2026-03-29 05:56:21,616 - INFO - (1/1) RNF: FAILED reading mSEED.
2026-03-29 05:56:21,623 - INFO - 
2026-03-29 05:56:21,626 - INFO - ------- Parallel Station Waveform Processing Complete For 2025-01-21 12:19:23 to 2025-01-21 12:20:23 Timechunk-------
2026-03-29 05:56:21,629 - INFO - Picks saved at /home/blackwinter/projects/eqcct/eqcctpro/results/csv/eqcct_explosions_th0_1/20250121T121923Z_20250121T122023ZProcess Runtime: 2.71 s
2026-03-29 05:56:21,640 - INFO - Successfully ran EQCCTPro, exiting...
2026-03-29 05:56:23,478 - INFO - Ray Successfully Shutdown.
2026-03-29 05:56:23,478 - INFO - ------- Successfully Picked All Waveform(s) from all Timechunk(s) -------
