2026-02-22 20:15:17,455 - INFO - 
2026-02-22 20:15:17,455 - INFO - ------- Welcome to EQCCTPro -------
2026-02-22 20:15:17,455 - INFO - 
2026-02-22 20:15:17,455 - INFO - Running EQCCT over Requested MSeed Files using CPU(s)...
2026-02-22 20:15:17,456 - INFO - GPU disabled (CPU-only).
2026-02-22 20:15:17,456 - INFO - Configured Intra-op threads = 1
2026-02-22 20:15:17,456 - INFO - Configured Inter-op threads = 1
2026-02-22 20:15:17,456 - INFO - TensorFlow: No GPUs visible; TF will proceed on CPU.
2026-02-22 20:15:17,456 - INFO - 
2026-02-22 20:15:23,212 - INFO - Ray Successfully Initialized with 4 CPU(s) ([0, 1, 2, 3] CPU Affinity Binding).
2026-02-22 20:15:23,213 - INFO - Analyzing 1 time chunk(s) from 2025-09-19 03:21:36 to 2025-09-19 03:22:36 (dt=1min, overlap=0min).
2026-02-22 20:15:23,213 - INFO - Using 1 selected station(s).
2026-02-22 20:15:23,213 - INFO - 
2026-02-22 20:15:23,213 - INFO - ------- Starting EQCCTPro... -------
2026-02-22 20:15:23,214 - INFO - Detailed subprocess information can be found in the log file.
2026-02-22 20:15:23,214 - INFO - 
2026-02-22 20:15:23,603 - INFO - GPU disabled (CPU-only).
2026-02-22 20:15:25,054 - INFO - Configured Intra-op threads = 1
2026-02-22 20:15:25,056 - INFO - Configured Inter-op threads = 1
2026-02-22 20:15:25,092 - INFO - TensorFlow: No GPUs visible; TF will proceed on CPU.
2026-02-22 20:15:25,095 - INFO - 
2026-02-22 20:15:25,097 - INFO - ------- Hardware Configuration -------
2026-02-22 20:15:25,099 - INFO - CPU affinity set to cores: [0, 1, 2, 3]
2026-02-22 20:15:25,101 - INFO - 
2026-02-22 20:15:25,103 - INFO - ------- Data Preprocessing for EQCCTPro -------
2026-02-22 20:15:25,105 - INFO - 1 station(s) in /home/blackwinter/projects/eqcct/eqcctpro/data/waveforms_earthquakes_nonoise/20250919T032136Z_20250919T032236Z
2026-02-22 20:15:25,107 - INFO - Using 1 selected station(s): ['RAF'].
2026-02-22 20:15:25,110 - INFO - Creating model actor(s)...
2026-02-22 20:15:25,112 - INFO - System RAM: Total=7870 MB, Available=1584 MB
2026-02-22 20:15:25,114 - INFO - Usable RAM budget: 7083 MB (90% of total)
2026-02-22 20:15:25,117 - INFO - ===== MEMORY-AWARE CPU ACTOR POOL (EQCCT) =====
2026-02-22 20:15:25,119 - INFO - Requested concurrent tasks: 1
2026-02-22 20:15:25,121 - INFO - Available CPUs: 4
2026-02-22 20:15:25,123 - INFO - Available RAM: 7083 MB
2026-02-22 20:15:25,125 - INFO - RAM per model: 2264 MB
2026-02-22 20:15:25,127 - INFO - Max actors by RAM: 3
2026-02-22 20:15:25,129 - INFO - Creating 1 ModelActor(s)
2026-02-22 20:15:25,131 - INFO - Let Ray handle scheduling (taskset already restricts CPU visibility)
2026-02-22 20:15:25,132 - INFO - Creating ModelActor 1/1 (2.21GB RAM each)...
2026-02-22 20:15:28,971 - INFO - ModelActor 1 created successfully.
2026-02-22 20:15:28,974 - INFO - Created 1 CPU actor(s). Task queue will handle concurrency.
2026-02-22 20:15:28,976 - INFO - Starting EQCCTPro parallelized waveform processing...
2026-02-22 20:15:28,979 - INFO - 
2026-02-22 20:15:28,981 - INFO - ------- Analyzing Seismic Waveforms for P and S Picks via EQCCT -------
2026-02-22 20:15:28,984 - INFO - Analyzing 0:01:00 minute timechunk from 2025-09-19 03:21:36 to 2025-09-19 03:22:36 (0 min overlap)
2026-02-22 20:15:28,986 - INFO - Processing a total of 1 stations, 1 at a time.
2026-02-22 20:15:33,204 - INFO - (1/1) RAF: Finished the prediction in 2.26s. (HP=1.0, LP=45.0)
2026-02-22 20:15:33,208 - INFO - 
2026-02-22 20:15:33,210 - INFO - ------- Parallel Station Waveform Processing Complete For 2025-09-19 03:21:36 to 2025-09-19 03:22:36 Timechunk-------
2026-02-22 20:15:33,212 - INFO - Picks saved at /home/blackwinter/projects/eqcct/eqcctpro/results/csv/bm_eq_nonoise/20250919T032136Z_20250919T032236ZProcess Runtime: 4.23 s
2026-02-22 20:15:33,218 - INFO - Successfully ran EQCCTPro, exiting...
2026-02-22 20:15:35,098 - INFO - Ray Successfully Shutdown.
2026-02-22 20:15:35,098 - INFO - ------- Successfully Picked All Waveform(s) from all Timechunk(s) -------
