2026-03-28 18:55:04,276 - INFO - 
2026-03-28 18:55:04,276 - INFO - ------- Welcome to EQCCTPro -------
2026-03-28 18:55:04,276 - INFO - 
2026-03-28 18:55:04,277 - INFO - Running EQCCT over Requested MSeed Files using CPU(s)...
2026-03-28 18:55:04,277 - INFO - GPU disabled (CPU-only).
2026-03-28 18:55:04,277 - INFO - Skipping framework-specific initialization in the driver process.
2026-03-28 18:55:06,856 - INFO - Ray Successfully Initialized with 4 CPU(s) ([0, 1, 2, 3] CPU Affinity Binding).
2026-03-28 18:55:06,856 - INFO - Analyzing 1 time chunk(s) from 2025-01-16 11:51:24 to 2025-01-16 11:52:24 (dt=1min, overlap=0min).
2026-03-28 18:55:06,857 - INFO - Using 1 selected station(s).
2026-03-28 18:55:06,857 - INFO - 
2026-03-28 18:55:06,857 - INFO - ------- Starting EQCCTPro... -------
2026-03-28 18:55:06,857 - INFO - Detailed subprocess information can be found in the log file.
2026-03-28 18:55:06,857 - INFO - 
2026-03-28 18:55:07,167 - INFO - GPU disabled (CPU-only).
2026-03-28 18:55:07,173 - INFO - Skipping framework-specific initialization in the driver process.
2026-03-28 18:55:07,176 - INFO - ------- Hardware Configuration -------
2026-03-28 18:55:07,180 - INFO - CPU affinity set to cores: [0, 1, 2, 3]
2026-03-28 18:55:07,184 - INFO - 
2026-03-28 18:55:07,187 - INFO - ------- Data Preprocessing for EQCCTPro -------
2026-03-28 18:55:07,191 - INFO - 1 station(s) in /home/blackwinter/projects/eqcct/eqcctpro/data/waveforms_explosions_nonoise/20250116T115124Z_20250116T115224Z
2026-03-28 18:55:07,193 - INFO - Using 1 selected station(s): ['NIF'].
2026-03-28 18:55:07,197 - INFO - Creating model actor(s)...
2026-03-28 18:55:07,199 - INFO - System RAM: Total=7870 MB, Available=4132 MB
2026-03-28 18:55:07,201 - INFO - Usable RAM budget: 7083 MB (90% of total)
2026-03-28 18:55:07,203 - INFO - ===== MEMORY-AWARE CPU ACTOR POOL =====
2026-03-28 18:55:07,206 - INFO - Requested concurrent tasks: 1
2026-03-28 18:55:07,208 - INFO - Available CPUs: 4
2026-03-28 18:55:07,210 - INFO - Available RAM: 7083 MB
2026-03-28 18:55:07,213 - INFO - RAM per model: 2060 MB
2026-03-28 18:55:07,216 - INFO - Max actors by RAM: 3
2026-03-28 18:55:07,219 - INFO - Creating 1 SeisBenchModelActor(s)
2026-03-28 18:55:07,222 - INFO - Let Ray handle scheduling (taskset already restricts CPU visibility)
2026-03-28 18:55:07,225 - INFO - Creating SeisBenchModelActor 1/1 (2.01GB RAM each)...
2026-03-28 18:55:10,478 - INFO - SeisBenchModelActor 1 created successfully.
2026-03-28 18:55:10,482 - INFO - Created 1 CPU actor(s). Task queue will handle concurrency.
2026-03-28 18:55:10,486 - INFO - Starting EQCCTPro parallelized waveform processing...
2026-03-28 18:55:10,489 - INFO - 
2026-03-28 18:55:10,493 - INFO - ------- Analyzing Seismic Waveforms for P and S Picks via SeisBench (EQTransformer - original_nonconservative) -------
2026-03-28 18:55:10,496 - INFO - Analyzing 0:01:00 minute timechunk from 2025-01-16 11:51:24 to 2025-01-16 11:52:24 (0 min overlap)
2026-03-28 18:55:10,499 - INFO - Processing a total of 1 stations, 1 at a time.
2026-03-28 18:55:12,845 - INFO - (1/1) NIF: Finished the prediction in 0.15s. (HP=1.0, LP=45.0, picks=0)
2026-03-28 18:55:12,849 - INFO - 
2026-03-28 18:55:12,853 - INFO - ------- Parallel Station Waveform Processing Complete For 2025-01-16 11:51:24 to 2025-01-16 11:52:24 Timechunk-------
2026-03-28 18:55:12,858 - INFO - Picks saved at /home/blackwinter/projects/eqcct/eqcctpro/results/csv/eqt_explosions_th0_1/20250116T115124Z_20250116T115224ZProcess Runtime: 2.37 s
2026-03-28 18:55:12,872 - INFO - Successfully ran EQCCTPro, exiting...
2026-03-28 18:55:14,617 - INFO - Ray Successfully Shutdown.
2026-03-28 18:55:14,617 - INFO - ------- Successfully Picked All Waveform(s) from all Timechunk(s) -------
