2026-02-23 19:52:29,811 - INFO - 
2026-02-23 19:52:29,811 - INFO - ------- Welcome to EQCCTPro -------
2026-02-23 19:52:29,811 - INFO - 
2026-02-23 19:52:29,812 - INFO - Running EQCCT over Requested MSeed Files using CPU(s)...
2026-02-23 19:52:29,812 - INFO - GPU disabled (CPU-only).
2026-02-23 19:52:29,812 - INFO - Configured Intra-op threads = 1
2026-02-23 19:52:29,813 - INFO - Configured Inter-op threads = 1
2026-02-23 19:52:29,813 - INFO - TensorFlow: No GPUs visible; TF will proceed on CPU.
2026-02-23 19:52:29,813 - INFO - 
2026-02-23 19:52:35,213 - INFO - Ray Successfully Initialized with 4 CPU(s) ([0, 1, 2, 3] CPU Affinity Binding).
2026-02-23 19:52:35,214 - INFO - Analyzing 1 time chunk(s) from 2025-03-01 17:06:02 to 2025-03-01 17:07:02 (dt=1min, overlap=0min).
2026-02-23 19:52:35,214 - INFO - Using 1 selected station(s).
2026-02-23 19:52:35,214 - INFO - 
2026-02-23 19:52:35,214 - INFO - ------- Starting EQCCTPro... -------
2026-02-23 19:52:35,214 - INFO - Detailed subprocess information can be found in the log file.
2026-02-23 19:52:35,214 - INFO - 
2026-02-23 19:52:35,610 - INFO - GPU disabled (CPU-only).
2026-02-23 19:52:37,137 - INFO - Configured Intra-op threads = 1
2026-02-23 19:52:37,140 - INFO - Configured Inter-op threads = 1
2026-02-23 19:52:37,179 - INFO - TensorFlow: No GPUs visible; TF will proceed on CPU.
2026-02-23 19:52:37,183 - INFO - 
2026-02-23 19:52:37,185 - INFO - ------- Hardware Configuration -------
2026-02-23 19:52:37,187 - INFO - CPU affinity set to cores: [0, 1, 2, 3]
2026-02-23 19:52:37,189 - INFO - 
2026-02-23 19:52:37,191 - INFO - ------- Data Preprocessing for EQCCTPro -------
2026-02-23 19:52:37,193 - INFO - 1 station(s) in /home/blackwinter/projects/eqcct/eqcctpro/data/waveforms_earthquakes_noise_only/20250301T170602Z_20250301T170702Z
2026-02-23 19:52:37,196 - INFO - Using 1 selected station(s): ['FIA0'].
2026-02-23 19:52:37,198 - INFO - Creating model actor(s)...
2026-02-23 19:52:37,200 - INFO - System RAM: Total=7870 MB, Available=3476 MB
2026-02-23 19:52:37,203 - INFO - Usable RAM budget: 7083 MB (90% of total)
2026-02-23 19:52:37,205 - INFO - ===== MEMORY-AWARE CPU ACTOR POOL (EQCCT) =====
2026-02-23 19:52:37,207 - INFO - Requested concurrent tasks: 1
2026-02-23 19:52:37,209 - INFO - Available CPUs: 4
2026-02-23 19:52:37,211 - INFO - Available RAM: 7083 MB
2026-02-23 19:52:37,213 - INFO - RAM per model: 2264 MB
2026-02-23 19:52:37,215 - INFO - Max actors by RAM: 3
2026-02-23 19:52:37,217 - INFO - Creating 1 ModelActor(s)
2026-02-23 19:52:37,219 - INFO - Let Ray handle scheduling (taskset already restricts CPU visibility)
2026-02-23 19:52:37,221 - INFO - Creating ModelActor 1/1 (2.21GB RAM each)...
2026-02-23 19:52:41,035 - INFO - ModelActor 1 created successfully.
2026-02-23 19:52:41,037 - INFO - Created 1 CPU actor(s). Task queue will handle concurrency.
2026-02-23 19:52:41,039 - INFO - Starting EQCCTPro parallelized waveform processing...
2026-02-23 19:52:41,041 - INFO - 
2026-02-23 19:52:41,043 - INFO - ------- Analyzing Seismic Waveforms for P and S Picks via EQCCT -------
2026-02-23 19:52:41,045 - INFO - Analyzing 0:01:00 minute timechunk from 2025-03-01 17:06:02 to 2025-03-01 17:07:02 (0 min overlap)
2026-02-23 19:52:41,047 - INFO - Processing a total of 1 stations, 1 at a time.
2026-02-23 19:52:45,096 - INFO - (1/1) FIA0: Finished the prediction in 2.11s. (HP=1.0, LP=45.0)
2026-02-23 19:52:45,099 - INFO - 
2026-02-23 19:52:45,101 - INFO - ------- Parallel Station Waveform Processing Complete For 2025-03-01 17:06:02 to 2025-03-01 17:07:02 Timechunk-------
2026-02-23 19:52:45,104 - INFO - Picks saved at /home/blackwinter/projects/eqcct/eqcctpro/results/csv/bm_eq_noise_only/20250301T170602Z_20250301T170702ZProcess Runtime: 4.06 s
2026-02-23 19:52:45,118 - INFO - Successfully ran EQCCTPro, exiting...
2026-02-23 19:52:46,615 - INFO - Ray Successfully Shutdown.
2026-02-23 19:52:46,616 - INFO - ------- Successfully Picked All Waveform(s) from all Timechunk(s) -------
