2026-03-20 00:19:23,595 - INFO - 
2026-03-20 00:19:23,595 - INFO - ------- Welcome to EQCCTPro -------
2026-03-20 00:19:23,595 - INFO - 
2026-03-20 00:19:23,596 - INFO - Running EQCCT over Requested MSeed Files using CPU(s)...
2026-03-20 00:19:23,596 - INFO - GPU disabled (CPU-only).
2026-03-20 00:19:23,596 - INFO - Configured Intra-op threads = 1
2026-03-20 00:19:23,596 - INFO - Configured Inter-op threads = 1
2026-03-20 00:19:23,596 - INFO - TensorFlow: No GPUs visible; TF will proceed on CPU.
2026-03-20 00:19:23,597 - INFO - 
2026-03-20 00:19:29,142 - INFO - Ray Successfully Initialized with 4 CPU(s) ([0, 1, 2, 3] CPU Affinity Binding).
2026-03-20 00:19:29,143 - INFO - Analyzing 1 time chunk(s) from 2025-03-15 02:40:03 to 2025-03-15 02:41:03 (dt=1min, overlap=0min).
2026-03-20 00:19:29,143 - INFO - Using 2 selected station(s).
2026-03-20 00:19:29,143 - INFO - 
2026-03-20 00:19:29,143 - INFO - ------- Starting EQCCTPro... -------
2026-03-20 00:19:29,143 - INFO - Detailed subprocess information can be found in the log file.
2026-03-20 00:19:29,143 - INFO - 
2026-03-20 00:19:29,522 - INFO - GPU disabled (CPU-only).
2026-03-20 00:19:31,023 - INFO - Configured Intra-op threads = 1
2026-03-20 00:19:31,026 - INFO - Configured Inter-op threads = 1
2026-03-20 00:19:31,067 - INFO - TensorFlow: No GPUs visible; TF will proceed on CPU.
2026-03-20 00:19:31,070 - INFO - 
2026-03-20 00:19:31,072 - INFO - ------- Hardware Configuration -------
2026-03-20 00:19:31,074 - INFO - CPU affinity set to cores: [0, 1, 2, 3]
2026-03-20 00:19:31,075 - INFO - 
2026-03-20 00:19:31,077 - INFO - ------- Data Preprocessing for EQCCTPro -------
2026-03-20 00:19:31,079 - INFO - 2 station(s) in /home/blackwinter/projects/eqcct/eqcctpro/data/waveforms_earthquakes_nonoise/20250315T024003Z_20250315T024103Z
2026-03-20 00:19:31,081 - INFO - Using 2 selected station(s): ['OUL', 'RNF'].
2026-03-20 00:19:31,083 - INFO - Creating model actor(s)...
2026-03-20 00:19:31,084 - INFO - System RAM: Total=7870 MB, Available=2483 MB
2026-03-20 00:19:31,086 - INFO - Usable RAM budget: 7083 MB (90% of total)
2026-03-20 00:19:31,088 - INFO - ===== MEMORY-AWARE CPU ACTOR POOL (EQCCT) =====
2026-03-20 00:19:31,090 - INFO - Requested concurrent tasks: 1
2026-03-20 00:19:31,092 - INFO - Available CPUs: 4
2026-03-20 00:19:31,094 - INFO - Available RAM: 7083 MB
2026-03-20 00:19:31,096 - INFO - RAM per model: 2264 MB
2026-03-20 00:19:31,098 - INFO - Max actors by RAM: 3
2026-03-20 00:19:31,100 - INFO - Creating 1 ModelActor(s)
2026-03-20 00:19:31,103 - INFO - Let Ray handle scheduling (taskset already restricts CPU visibility)
2026-03-20 00:19:31,105 - INFO - Creating ModelActor 1/1 (2.21GB RAM each)...
2026-03-20 00:19:35,052 - INFO - ModelActor 1 created successfully.
2026-03-20 00:19:35,054 - INFO - Created 1 CPU actor(s). Task queue will handle concurrency.
2026-03-20 00:19:35,057 - INFO - Starting EQCCTPro parallelized waveform processing...
2026-03-20 00:19:35,060 - INFO - 
2026-03-20 00:19:35,062 - INFO - ------- Analyzing Seismic Waveforms for P and S Picks via EQCCT -------
2026-03-20 00:19:35,064 - INFO - Analyzing 0:01:00 minute timechunk from 2025-03-15 02:40:03 to 2025-03-15 02:41:03 (0 min overlap)
2026-03-20 00:19:35,066 - INFO - Processing a total of 2 stations, 1 at a time.
2026-03-20 00:19:39,218 - INFO - (1/2) OUL: Finished the prediction in 2.18s. (HP=1.0, LP=45.0)
2026-03-20 00:19:39,329 - INFO - (2/2) RNF: Finished the prediction in 0.1s. (HP=1.0, LP=45.0)
2026-03-20 00:19:39,332 - INFO - 
2026-03-20 00:19:39,334 - INFO - ------- Parallel Station Waveform Processing Complete For 2025-03-15 02:40:03 to 2025-03-15 02:41:03 Timechunk-------
2026-03-20 00:19:39,336 - INFO - Picks saved at /home/blackwinter/projects/eqcct/eqcctpro/results/csv/eqcct_earthquakes_th0_1/20250315T024003Z_20250315T024103ZProcess Runtime: 4.27 s
2026-03-20 00:19:39,339 - INFO - Successfully ran EQCCTPro, exiting...
2026-03-20 00:19:40,826 - INFO - Ray Successfully Shutdown.
2026-03-20 00:19:40,826 - INFO - ------- Successfully Picked All Waveform(s) from all Timechunk(s) -------
