2026-03-19 23:57:59,803 - INFO - 
2026-03-19 23:57:59,803 - INFO - ------- Welcome to EQCCTPro -------
2026-03-19 23:57:59,803 - INFO - 
2026-03-19 23:57:59,804 - INFO - Running EQCCT over Requested MSeed Files using CPU(s)...
2026-03-19 23:57:59,804 - INFO - GPU disabled (CPU-only).
2026-03-19 23:57:59,804 - INFO - Configured Intra-op threads = 1
2026-03-19 23:57:59,805 - INFO - Configured Inter-op threads = 1
2026-03-19 23:57:59,805 - INFO - TensorFlow: No GPUs visible; TF will proceed on CPU.
2026-03-19 23:57:59,805 - INFO - 
2026-03-19 23:58:05,273 - INFO - Ray Successfully Initialized with 4 CPU(s) ([0, 1, 2, 3] CPU Affinity Binding).
2026-03-19 23:58:05,273 - INFO - Analyzing 1 time chunk(s) from 2025-02-28 01:46:41 to 2025-02-28 01:47:41 (dt=1min, overlap=0min).
2026-03-19 23:58:05,273 - INFO - Using 1 selected station(s).
2026-03-19 23:58:05,273 - INFO - 
2026-03-19 23:58:05,274 - INFO - ------- Starting EQCCTPro... -------
2026-03-19 23:58:05,274 - INFO - Detailed subprocess information can be found in the log file.
2026-03-19 23:58:05,274 - INFO - 
2026-03-19 23:58:05,632 - INFO - GPU disabled (CPU-only).
2026-03-19 23:58:07,105 - INFO - Configured Intra-op threads = 1
2026-03-19 23:58:07,108 - INFO - Configured Inter-op threads = 1
2026-03-19 23:58:07,150 - INFO - TensorFlow: No GPUs visible; TF will proceed on CPU.
2026-03-19 23:58:07,153 - INFO - 
2026-03-19 23:58:07,155 - INFO - ------- Hardware Configuration -------
2026-03-19 23:58:07,157 - INFO - CPU affinity set to cores: [0, 1, 2, 3]
2026-03-19 23:58:07,158 - INFO - 
2026-03-19 23:58:07,160 - INFO - ------- Data Preprocessing for EQCCTPro -------
2026-03-19 23:58:07,162 - INFO - 1 station(s) in /home/blackwinter/projects/eqcct/eqcctpro/data/waveforms_earthquakes_nonoise/20250228T014641Z_20250228T014741Z
2026-03-19 23:58:07,164 - INFO - Using 1 selected station(s): ['TOF'].
2026-03-19 23:58:07,166 - INFO - Creating model actor(s)...
2026-03-19 23:58:07,167 - INFO - System RAM: Total=7870 MB, Available=2608 MB
2026-03-19 23:58:07,169 - INFO - Usable RAM budget: 7083 MB (90% of total)
2026-03-19 23:58:07,171 - INFO - ===== MEMORY-AWARE CPU ACTOR POOL (EQCCT) =====
2026-03-19 23:58:07,173 - INFO - Requested concurrent tasks: 1
2026-03-19 23:58:07,175 - INFO - Available CPUs: 4
2026-03-19 23:58:07,177 - INFO - Available RAM: 7083 MB
2026-03-19 23:58:07,179 - INFO - RAM per model: 2264 MB
2026-03-19 23:58:07,181 - INFO - Max actors by RAM: 3
2026-03-19 23:58:07,183 - INFO - Creating 1 ModelActor(s)
2026-03-19 23:58:07,186 - INFO - Let Ray handle scheduling (taskset already restricts CPU visibility)
2026-03-19 23:58:07,187 - INFO - Creating ModelActor 1/1 (2.21GB RAM each)...
2026-03-19 23:58:11,314 - INFO - ModelActor 1 created successfully.
2026-03-19 23:58:11,319 - INFO - Created 1 CPU actor(s). Task queue will handle concurrency.
2026-03-19 23:58:11,321 - INFO - Starting EQCCTPro parallelized waveform processing...
2026-03-19 23:58:11,323 - INFO - 
2026-03-19 23:58:11,325 - INFO - ------- Analyzing Seismic Waveforms for P and S Picks via EQCCT -------
2026-03-19 23:58:11,328 - INFO - Analyzing 0:01:00 minute timechunk from 2025-02-28 01:46:41 to 2025-02-28 01:47:41 (0 min overlap)
2026-03-19 23:58:11,330 - INFO - Processing a total of 1 stations, 1 at a time.
2026-03-19 23:58:15,361 - INFO - (1/1) TOF: Finished the prediction in 2.12s. (HP=1.0, LP=45.0)
2026-03-19 23:58:15,363 - INFO - 
2026-03-19 23:58:15,365 - INFO - ------- Parallel Station Waveform Processing Complete For 2025-02-28 01:46:41 to 2025-02-28 01:47:41 Timechunk-------
2026-03-19 23:58:15,371 - INFO - Successfully ran EQCCTPro, exiting...
2026-03-19 23:58:15,367 - INFO - Picks saved at /home/blackwinter/projects/eqcct/eqcctpro/results/csv/eqcct_earthquakes_th0_1/20250228T014641Z_20250228T014741ZProcess Runtime: 4.04 s
2026-03-19 23:58:16,926 - INFO - Ray Successfully Shutdown.
2026-03-19 23:58:16,926 - INFO - ------- Successfully Picked All Waveform(s) from all Timechunk(s) -------
