2026-03-27 19:24:03,263 - INFO - 
2026-03-27 19:24:03,263 - INFO - ------- Welcome to EQCCTPro -------
2026-03-27 19:24:03,263 - INFO - 
2026-03-27 19:24:03,264 - INFO - Running EQCCT over Requested MSeed Files using CPU(s)...
2026-03-27 19:24:03,264 - INFO - GPU disabled (CPU-only).
2026-03-27 19:24:03,264 - INFO - Skipping framework-specific initialization in the driver process.
2026-03-27 19:24:05,788 - INFO - Ray Successfully Initialized with 4 CPU(s) ([0, 1, 2, 3] CPU Affinity Binding).
2026-03-27 19:24:05,788 - INFO - Analyzing 1 time chunk(s) from 2025-06-29 20:16:30 to 2025-06-29 20:17:30 (dt=1min, overlap=0min).
2026-03-27 19:24:05,788 - INFO - Using 1 selected station(s).
2026-03-27 19:24:05,788 - INFO - 
2026-03-27 19:24:05,789 - INFO - ------- Starting EQCCTPro... -------
2026-03-27 19:24:05,789 - INFO - Detailed subprocess information can be found in the log file.
2026-03-27 19:24:05,790 - INFO - 
2026-03-27 19:24:06,063 - INFO - GPU disabled (CPU-only).
2026-03-27 19:24:06,068 - INFO - Skipping framework-specific initialization in the driver process.
2026-03-27 19:24:06,071 - INFO - ------- Hardware Configuration -------
2026-03-27 19:24:06,074 - INFO - CPU affinity set to cores: [0, 1, 2, 3]
2026-03-27 19:24:06,076 - INFO - 
2026-03-27 19:24:06,078 - INFO - ------- Data Preprocessing for EQCCTPro -------
2026-03-27 19:24:06,080 - INFO - 1 station(s) in /home/blackwinter/projects/eqcct/eqcctpro/data/waveforms_earthquakes_nonoise/20250629T201630Z_20250629T201730Z
2026-03-27 19:24:06,082 - INFO - Using 1 selected station(s): ['ALAJF'].
2026-03-27 19:24:06,084 - INFO - Creating model actor(s)...
2026-03-27 19:24:06,086 - INFO - System RAM: Total=7870 MB, Available=6013 MB
2026-03-27 19:24:06,088 - INFO - Usable RAM budget: 7083 MB (90% of total)
2026-03-27 19:24:06,090 - INFO - ===== MEMORY-AWARE CPU ACTOR POOL =====
2026-03-27 19:24:06,092 - INFO - Requested concurrent tasks: 1
2026-03-27 19:24:06,094 - INFO - Available CPUs: 4
2026-03-27 19:24:06,095 - INFO - Available RAM: 7083 MB
2026-03-27 19:24:06,098 - INFO - RAM per model: 2060 MB
2026-03-27 19:24:06,100 - INFO - Max actors by RAM: 3
2026-03-27 19:24:06,101 - INFO - Creating 1 SeisBenchModelActor(s)
2026-03-27 19:24:06,103 - INFO - Let Ray handle scheduling (taskset already restricts CPU visibility)
2026-03-27 19:24:06,105 - INFO - Creating SeisBenchModelActor 1/1 (2.01GB RAM each)...
2026-03-27 19:24:08,982 - INFO - SeisBenchModelActor 1 created successfully.
2026-03-27 19:24:08,984 - INFO - Created 1 CPU actor(s). Task queue will handle concurrency.
2026-03-27 19:24:08,987 - INFO - Starting EQCCTPro parallelized waveform processing...
2026-03-27 19:24:08,990 - INFO - 
2026-03-27 19:24:08,992 - INFO - ------- Analyzing Seismic Waveforms for P and S Picks via SeisBench (EQTransformer - original_nonconservative) -------
2026-03-27 19:24:08,995 - INFO - Analyzing 0:01:00 minute timechunk from 2025-06-29 20:16:30 to 2025-06-29 20:17:30 (0 min overlap)
2026-03-27 19:24:08,998 - INFO - Processing a total of 1 stations, 1 at a time.
2026-03-27 19:24:11,172 - INFO - (1/1) ALAJF: Finished the prediction in 0.13s. (HP=1.0, LP=45.0, picks=0)
2026-03-27 19:24:11,175 - INFO - 
2026-03-27 19:24:11,178 - INFO - ------- Parallel Station Waveform Processing Complete For 2025-06-29 20:16:30 to 2025-06-29 20:17:30 Timechunk-------
2026-03-27 19:24:11,180 - INFO - Picks saved at /home/blackwinter/projects/eqcct/eqcctpro/results/csv/eqt_earthquakes_th0_1/20250629T201630Z_20250629T201730ZProcess Runtime: 2.19 s
2026-03-27 19:24:11,184 - INFO - Successfully ran EQCCTPro, exiting...
2026-03-27 19:24:12,846 - INFO - Ray Successfully Shutdown.
2026-03-27 19:24:12,846 - INFO - ------- Successfully Picked All Waveform(s) from all Timechunk(s) -------
2026-03-28 01:51:10,553 - INFO - 
2026-03-28 01:51:10,554 - INFO - ------- Welcome to EQCCTPro -------
2026-03-28 01:51:10,554 - INFO - 
2026-03-28 01:51:10,555 - INFO - Running EQCCT over Requested MSeed Files using CPU(s)...
2026-03-28 01:51:10,555 - INFO - GPU disabled (CPU-only).
2026-03-28 01:51:10,555 - INFO - Skipping framework-specific initialization in the driver process.
2026-03-28 01:51:12,972 - INFO - Ray Successfully Initialized with 4 CPU(s) ([0, 1, 2, 3] CPU Affinity Binding).
2026-03-28 01:51:12,972 - INFO - Analyzing 1 time chunk(s) from 2025-06-29 20:16:30 to 2025-06-29 20:17:30 (dt=1min, overlap=0min).
2026-03-28 01:51:12,973 - INFO - Using 1 selected station(s).
2026-03-28 01:51:12,973 - INFO - 
2026-03-28 01:51:12,973 - INFO - ------- Starting EQCCTPro... -------
2026-03-28 01:51:12,973 - INFO - Detailed subprocess information can be found in the log file.
2026-03-28 01:51:12,973 - INFO - 
2026-03-28 01:51:13,257 - INFO - GPU disabled (CPU-only).
2026-03-28 01:51:13,262 - INFO - Skipping framework-specific initialization in the driver process.
2026-03-28 01:51:13,265 - INFO - ------- Hardware Configuration -------
2026-03-28 01:51:13,268 - INFO - CPU affinity set to cores: [0, 1, 2, 3]
2026-03-28 01:51:13,271 - INFO - 
2026-03-28 01:51:13,274 - INFO - ------- Data Preprocessing for EQCCTPro -------
2026-03-28 01:51:13,276 - INFO - 1 station(s) in /home/blackwinter/projects/eqcct/eqcctpro/data/waveforms_earthquakes_nonoise/20250629T201630Z_20250629T201730Z
2026-03-28 01:51:13,279 - INFO - Using 1 selected station(s): ['ALAJF'].
2026-03-28 01:51:13,282 - INFO - Creating model actor(s)...
2026-03-28 01:51:13,285 - INFO - System RAM: Total=7870 MB, Available=5851 MB
2026-03-28 01:51:13,288 - INFO - Usable RAM budget: 7083 MB (90% of total)
2026-03-28 01:51:13,301 - INFO - ===== MEMORY-AWARE CPU ACTOR POOL =====
2026-03-28 01:51:13,304 - INFO - Requested concurrent tasks: 1
2026-03-28 01:51:13,307 - INFO - Available CPUs: 4
2026-03-28 01:51:13,309 - INFO - Available RAM: 7083 MB
2026-03-28 01:51:13,312 - INFO - RAM per model: 2060 MB
2026-03-28 01:51:13,315 - INFO - Max actors by RAM: 3
2026-03-28 01:51:13,317 - INFO - Creating 1 SeisBenchModelActor(s)
2026-03-28 01:51:13,320 - INFO - Let Ray handle scheduling (taskset already restricts CPU visibility)
2026-03-28 01:51:13,322 - INFO - Creating SeisBenchModelActor 1/1 (2.01GB RAM each)...
2026-03-28 01:51:16,194 - INFO - SeisBenchModelActor 1 created successfully.
2026-03-28 01:51:16,197 - INFO - Created 1 CPU actor(s). Task queue will handle concurrency.
2026-03-28 01:51:16,199 - INFO - Starting EQCCTPro parallelized waveform processing...
2026-03-28 01:51:16,202 - INFO - 
2026-03-28 01:51:16,205 - INFO - ------- Analyzing Seismic Waveforms for P and S Picks via SeisBench (EQTransformer - original_nonconservative) -------
2026-03-28 01:51:16,208 - INFO - Analyzing 0:01:00 minute timechunk from 2025-06-29 20:16:30 to 2025-06-29 20:17:30 (0 min overlap)
2026-03-28 01:51:16,210 - INFO - Processing a total of 1 stations, 1 at a time.
2026-03-28 01:51:18,237 - INFO - (1/1) ALAJF: Skipped (already exists - overwrite=False).
2026-03-28 01:51:18,239 - INFO - 
2026-03-28 01:51:18,242 - INFO - ------- Parallel Station Waveform Processing Complete For 2025-06-29 20:16:30 to 2025-06-29 20:17:30 Timechunk-------
2026-03-28 01:51:18,244 - INFO - Picks saved at /home/blackwinter/projects/eqcct/eqcctpro/results/csv/eqt_earthquakes_th0_1/20250629T201630Z_20250629T201730ZProcess Runtime: 2.04 s
2026-03-28 01:51:18,251 - INFO - Successfully ran EQCCTPro, exiting...
2026-03-28 01:51:19,773 - INFO - Ray Successfully Shutdown.
2026-03-28 01:51:19,774 - INFO - ------- Successfully Picked All Waveform(s) from all Timechunk(s) -------
