2026-03-28 11:39:39,669 - INFO - 
2026-03-28 11:39:39,669 - INFO - ------- Welcome to EQCCTPro -------
2026-03-28 11:39:39,669 - INFO - 
2026-03-28 11:39:39,670 - INFO - Running EQCCT over Requested MSeed Files using CPU(s)...
2026-03-28 11:39:39,670 - INFO - GPU disabled (CPU-only).
2026-03-28 11:39:39,670 - INFO - Skipping framework-specific initialization in the driver process.
2026-03-28 11:39:41,097 - INFO - Ray Successfully Initialized with 4 CPU(s) ([0, 1, 2, 3] CPU Affinity Binding).
2026-03-28 11:39:41,098 - INFO - Analyzing 1 time chunk(s) from 2025-01-08 03:00:50 to 2025-01-08 03:01:50 (dt=1min, overlap=0min).
2026-03-28 11:39:41,098 - INFO - Using 1 selected station(s).
2026-03-28 11:39:41,098 - INFO - 
2026-03-28 11:39:41,099 - INFO - ------- Starting EQCCTPro... -------
2026-03-28 11:39:41,099 - INFO - Detailed subprocess information can be found in the log file.
2026-03-28 11:39:41,099 - INFO - 
2026-03-28 11:39:41,397 - INFO - GPU disabled (CPU-only).
2026-03-28 11:39:41,402 - INFO - Skipping framework-specific initialization in the driver process.
2026-03-28 11:39:41,405 - INFO - ------- Hardware Configuration -------
2026-03-28 11:39:41,408 - INFO - CPU affinity set to cores: [0, 1, 2, 3]
2026-03-28 11:39:41,411 - INFO - 
2026-03-28 11:39:41,413 - INFO - ------- Data Preprocessing for EQCCTPro -------
2026-03-28 11:39:41,416 - INFO - 1 station(s) in /home/blackwinter/projects/eqcct/eqcctpro/data/waveforms_noise_only/20250108T030050Z_20250108T030150Z
2026-03-28 11:39:41,418 - INFO - Using 1 selected station(s): ['VAF'].
2026-03-28 11:39:41,421 - INFO - Creating model actor(s)...
2026-03-28 11:39:41,424 - INFO - System RAM: Total=7870 MB, Available=4605 MB
2026-03-28 11:39:41,426 - INFO - Usable RAM budget: 7083 MB (90% of total)
2026-03-28 11:39:41,429 - INFO - ===== MEMORY-AWARE CPU ACTOR POOL =====
2026-03-28 11:39:41,431 - INFO - Requested concurrent tasks: 1
2026-03-28 11:39:41,434 - INFO - Available CPUs: 4
2026-03-28 11:39:41,437 - INFO - Available RAM: 7083 MB
2026-03-28 11:39:41,439 - INFO - RAM per model: 2060 MB
2026-03-28 11:39:41,442 - INFO - Max actors by RAM: 3
2026-03-28 11:39:41,444 - INFO - Creating 1 SeisBenchModelActor(s)
2026-03-28 11:39:41,446 - INFO - Let Ray handle scheduling (taskset already restricts CPU visibility)
2026-03-28 11:39:41,449 - INFO - Creating SeisBenchModelActor 1/1 (2.01GB RAM each)...
2026-03-28 11:39:44,321 - INFO - SeisBenchModelActor 1 created successfully.
2026-03-28 11:39:44,323 - INFO - Created 1 CPU actor(s). Task queue will handle concurrency.
2026-03-28 11:39:44,326 - INFO - Starting EQCCTPro parallelized waveform processing...
2026-03-28 11:39:44,329 - INFO - 
2026-03-28 11:39:44,331 - INFO - ------- Analyzing Seismic Waveforms for P and S Picks via SeisBench (EQTransformer - original_nonconservative) -------
2026-03-28 11:39:44,334 - INFO - Analyzing 0:01:00 minute timechunk from 2025-01-08 03:00:50 to 2025-01-08 03:01:50 (0 min overlap)
2026-03-28 11:39:44,336 - INFO - Processing a total of 1 stations, 1 at a time.
2026-03-28 11:39:46,586 - INFO - (1/1) VAF: Finished the prediction in 0.12s. (HP=1.0, LP=45.0, picks=0)
2026-03-28 11:39:46,588 - INFO - 
2026-03-28 11:39:46,591 - INFO - ------- Parallel Station Waveform Processing Complete For 2025-01-08 03:00:50 to 2025-01-08 03:01:50 Timechunk-------
2026-03-28 11:39:46,593 - INFO - Picks saved at /home/blackwinter/projects/eqcct/eqcctpro/results/csv/eqt_noise_th0_1/20250108T030050Z_20250108T030150ZProcess Runtime: 2.26 s
2026-03-28 11:39:46,597 - INFO - Successfully ran EQCCTPro, exiting...
2026-03-28 11:39:48,300 - INFO - Ray Successfully Shutdown.
2026-03-28 11:39:48,300 - INFO - ------- Successfully Picked All Waveform(s) from all Timechunk(s) -------
