2026-03-27 20:50:42,776 - INFO - 
2026-03-27 20:50:42,776 - INFO - ------- Welcome to EQCCTPro -------
2026-03-27 20:50:42,777 - INFO - 
2026-03-27 20:50:42,777 - INFO - Running EQCCT over Requested MSeed Files using CPU(s)...
2026-03-27 20:50:42,777 - INFO - GPU disabled (CPU-only).
2026-03-27 20:50:42,777 - INFO - Skipping framework-specific initialization in the driver process.
2026-03-27 20:50:45,179 - INFO - Ray Successfully Initialized with 4 CPU(s) ([0, 1, 2, 3] CPU Affinity Binding).
2026-03-27 20:50:45,179 - INFO - Analyzing 1 time chunk(s) from 2025-09-09 16:31:25 to 2025-09-09 16:32:25 (dt=1min, overlap=0min).
2026-03-27 20:50:45,179 - INFO - Using 1 selected station(s).
2026-03-27 20:50:45,179 - INFO - 
2026-03-27 20:50:45,180 - INFO - ------- Starting EQCCTPro... -------
2026-03-27 20:50:45,180 - INFO - Detailed subprocess information can be found in the log file.
2026-03-27 20:50:45,180 - INFO - 
2026-03-27 20:50:45,449 - INFO - GPU disabled (CPU-only).
2026-03-27 20:50:45,454 - INFO - Skipping framework-specific initialization in the driver process.
2026-03-27 20:50:45,458 - INFO - ------- Hardware Configuration -------
2026-03-27 20:50:45,461 - INFO - CPU affinity set to cores: [0, 1, 2, 3]
2026-03-27 20:50:45,463 - INFO - 
2026-03-27 20:50:45,466 - INFO - ------- Data Preprocessing for EQCCTPro -------
2026-03-27 20:50:45,468 - INFO - 1 station(s) in /home/blackwinter/projects/eqcct/eqcctpro/data/waveforms_earthquakes_nonoise/20250909T163125Z_20250909T163225Z
2026-03-27 20:50:45,471 - INFO - Using 1 selected station(s): ['RSUO'].
2026-03-27 20:50:45,473 - INFO - Creating model actor(s)...
2026-03-27 20:50:45,475 - INFO - System RAM: Total=7870 MB, Available=5135 MB
2026-03-27 20:50:45,477 - INFO - Usable RAM budget: 7083 MB (90% of total)
2026-03-27 20:50:45,479 - INFO - ===== MEMORY-AWARE CPU ACTOR POOL =====
2026-03-27 20:50:45,481 - INFO - Requested concurrent tasks: 1
2026-03-27 20:50:45,483 - INFO - Available CPUs: 4
2026-03-27 20:50:45,485 - INFO - Available RAM: 7083 MB
2026-03-27 20:50:45,487 - INFO - RAM per model: 2060 MB
2026-03-27 20:50:45,491 - INFO - Max actors by RAM: 3
2026-03-27 20:50:45,493 - INFO - Creating 1 SeisBenchModelActor(s)
2026-03-27 20:50:45,495 - INFO - Let Ray handle scheduling (taskset already restricts CPU visibility)
2026-03-27 20:50:45,497 - INFO - Creating SeisBenchModelActor 1/1 (2.01GB RAM each)...
2026-03-27 20:50:49,027 - INFO - SeisBenchModelActor 1 created successfully.
2026-03-27 20:50:49,032 - INFO - Created 1 CPU actor(s). Task queue will handle concurrency.
2026-03-27 20:50:49,035 - INFO - Starting EQCCTPro parallelized waveform processing...
2026-03-27 20:50:49,037 - INFO - 
2026-03-27 20:50:49,040 - INFO - ------- Analyzing Seismic Waveforms for P and S Picks via SeisBench (EQTransformer - original_nonconservative) -------
2026-03-27 20:50:49,043 - INFO - Analyzing 0:01:00 minute timechunk from 2025-09-09 16:31:25 to 2025-09-09 16:32:25 (0 min overlap)
2026-03-27 20:50:49,045 - INFO - Processing a total of 1 stations, 1 at a time.
2026-03-27 20:50:51,217 - INFO - (1/1) RSUO: Finished the prediction in 0.14s. (HP=1.0, LP=45.0, picks=0)
2026-03-27 20:50:51,219 - INFO - 
2026-03-27 20:50:51,222 - INFO - ------- Parallel Station Waveform Processing Complete For 2025-09-09 16:31:25 to 2025-09-09 16:32:25 Timechunk-------
2026-03-27 20:50:51,224 - INFO - Picks saved at /home/blackwinter/projects/eqcct/eqcctpro/results/csv/eqt_earthquakes_th0_1/20250909T163125Z_20250909T163225ZProcess Runtime: 2.18 s
2026-03-27 20:50:51,229 - INFO - Successfully ran EQCCTPro, exiting...
2026-03-27 20:50:52,975 - INFO - Ray Successfully Shutdown.
2026-03-27 20:50:52,975 - INFO - ------- Successfully Picked All Waveform(s) from all Timechunk(s) -------
2026-03-28 03:06:22,136 - INFO - 
2026-03-28 03:06:22,137 - INFO - ------- Welcome to EQCCTPro -------
2026-03-28 03:06:22,137 - INFO - 
2026-03-28 03:06:22,138 - INFO - Running EQCCT over Requested MSeed Files using CPU(s)...
2026-03-28 03:06:22,138 - INFO - GPU disabled (CPU-only).
2026-03-28 03:06:22,138 - INFO - Skipping framework-specific initialization in the driver process.
2026-03-28 03:06:24,550 - INFO - Ray Successfully Initialized with 4 CPU(s) ([0, 1, 2, 3] CPU Affinity Binding).
2026-03-28 03:06:24,551 - INFO - Analyzing 1 time chunk(s) from 2025-09-09 16:31:25 to 2025-09-09 16:32:25 (dt=1min, overlap=0min).
2026-03-28 03:06:24,551 - INFO - Using 1 selected station(s).
2026-03-28 03:06:24,551 - INFO - 
2026-03-28 03:06:24,551 - INFO - ------- Starting EQCCTPro... -------
2026-03-28 03:06:24,551 - INFO - Detailed subprocess information can be found in the log file.
2026-03-28 03:06:24,551 - INFO - 
2026-03-28 03:06:24,839 - INFO - GPU disabled (CPU-only).
2026-03-28 03:06:24,844 - INFO - Skipping framework-specific initialization in the driver process.
2026-03-28 03:06:24,847 - INFO - ------- Hardware Configuration -------
2026-03-28 03:06:24,850 - INFO - CPU affinity set to cores: [0, 1, 2, 3]
2026-03-28 03:06:24,853 - INFO - 
2026-03-28 03:06:24,856 - INFO - ------- Data Preprocessing for EQCCTPro -------
2026-03-28 03:06:24,859 - INFO - 1 station(s) in /home/blackwinter/projects/eqcct/eqcctpro/data/waveforms_earthquakes_nonoise/20250909T163125Z_20250909T163225Z
2026-03-28 03:06:24,861 - INFO - Using 1 selected station(s): ['RSUO'].
2026-03-28 03:06:24,865 - INFO - Creating model actor(s)...
2026-03-28 03:06:24,867 - INFO - System RAM: Total=7870 MB, Available=5686 MB
2026-03-28 03:06:24,870 - INFO - Usable RAM budget: 7083 MB (90% of total)
2026-03-28 03:06:24,873 - INFO - ===== MEMORY-AWARE CPU ACTOR POOL =====
2026-03-28 03:06:24,876 - INFO - Requested concurrent tasks: 1
2026-03-28 03:06:24,879 - INFO - Available CPUs: 4
2026-03-28 03:06:24,882 - INFO - Available RAM: 7083 MB
2026-03-28 03:06:24,884 - INFO - RAM per model: 2060 MB
2026-03-28 03:06:24,887 - INFO - Max actors by RAM: 3
2026-03-28 03:06:24,890 - INFO - Creating 1 SeisBenchModelActor(s)
2026-03-28 03:06:24,893 - INFO - Let Ray handle scheduling (taskset already restricts CPU visibility)
2026-03-28 03:06:24,896 - INFO - Creating SeisBenchModelActor 1/1 (2.01GB RAM each)...
2026-03-28 03:06:27,880 - INFO - SeisBenchModelActor 1 created successfully.
2026-03-28 03:06:27,882 - INFO - Created 1 CPU actor(s). Task queue will handle concurrency.
2026-03-28 03:06:27,886 - INFO - Starting EQCCTPro parallelized waveform processing...
2026-03-28 03:06:27,889 - INFO - 
2026-03-28 03:06:27,892 - INFO - ------- Analyzing Seismic Waveforms for P and S Picks via SeisBench (EQTransformer - original_nonconservative) -------
2026-03-28 03:06:27,895 - INFO - Analyzing 0:01:00 minute timechunk from 2025-09-09 16:31:25 to 2025-09-09 16:32:25 (0 min overlap)
2026-03-28 03:06:27,897 - INFO - Processing a total of 1 stations, 1 at a time.
2026-03-28 03:06:29,935 - INFO - (1/1) RSUO: Skipped (already exists - overwrite=False).
2026-03-28 03:06:29,937 - INFO - 
2026-03-28 03:06:29,940 - INFO - ------- Parallel Station Waveform Processing Complete For 2025-09-09 16:31:25 to 2025-09-09 16:32:25 Timechunk-------
2026-03-28 03:06:29,942 - INFO - Picks saved at /home/blackwinter/projects/eqcct/eqcctpro/results/csv/eqt_earthquakes_th0_1/20250909T163125Z_20250909T163225ZProcess Runtime: 2.05 s
2026-03-28 03:06:29,947 - INFO - Successfully ran EQCCTPro, exiting...
2026-03-28 03:06:31,636 - INFO - Ray Successfully Shutdown.
2026-03-28 03:06:31,637 - INFO - ------- Successfully Picked All Waveform(s) from all Timechunk(s) -------
