2026-03-19 23:54:17,800 - INFO - 
2026-03-19 23:54:17,801 - INFO - ------- Welcome to EQCCTPro -------
2026-03-19 23:54:17,801 - INFO - 
2026-03-19 23:54:17,801 - INFO - Running EQCCT over Requested MSeed Files using CPU(s)...
2026-03-19 23:54:17,801 - INFO - GPU disabled (CPU-only).
2026-03-19 23:54:17,802 - INFO - Configured Intra-op threads = 1
2026-03-19 23:54:17,802 - INFO - Configured Inter-op threads = 1
2026-03-19 23:54:17,802 - INFO - TensorFlow: No GPUs visible; TF will proceed on CPU.
2026-03-19 23:54:17,802 - INFO - 
2026-03-19 23:54:23,297 - INFO - Ray Successfully Initialized with 4 CPU(s) ([0, 1, 2, 3] CPU Affinity Binding).
2026-03-19 23:54:23,297 - INFO - Analyzing 1 time chunk(s) from 2025-02-25 23:12:24 to 2025-02-25 23:13:24 (dt=1min, overlap=0min).
2026-03-19 23:54:23,298 - INFO - Using 1 selected station(s).
2026-03-19 23:54:23,298 - INFO - 
2026-03-19 23:54:23,299 - INFO - ------- Starting EQCCTPro... -------
2026-03-19 23:54:23,299 - INFO - Detailed subprocess information can be found in the log file.
2026-03-19 23:54:23,299 - INFO - 
2026-03-19 23:54:23,671 - INFO - GPU disabled (CPU-only).
2026-03-19 23:54:25,192 - INFO - Configured Intra-op threads = 1
2026-03-19 23:54:25,194 - INFO - Configured Inter-op threads = 1
2026-03-19 23:54:25,235 - INFO - TensorFlow: No GPUs visible; TF will proceed on CPU.
2026-03-19 23:54:25,238 - INFO - 
2026-03-19 23:54:25,240 - INFO - ------- Hardware Configuration -------
2026-03-19 23:54:25,243 - INFO - CPU affinity set to cores: [0, 1, 2, 3]
2026-03-19 23:54:25,245 - INFO - 
2026-03-19 23:54:25,247 - INFO - ------- Data Preprocessing for EQCCTPro -------
2026-03-19 23:54:25,249 - INFO - 1 station(s) in /home/blackwinter/projects/eqcct/eqcctpro/data/waveforms_earthquakes_nonoise/20250225T231224Z_20250225T231324Z
2026-03-19 23:54:25,251 - INFO - Using 1 selected station(s): ['KLF'].
2026-03-19 23:54:25,253 - INFO - Creating model actor(s)...
2026-03-19 23:54:25,255 - INFO - System RAM: Total=7870 MB, Available=2618 MB
2026-03-19 23:54:25,257 - INFO - Usable RAM budget: 7083 MB (90% of total)
2026-03-19 23:54:25,259 - INFO - ===== MEMORY-AWARE CPU ACTOR POOL (EQCCT) =====
2026-03-19 23:54:25,261 - INFO - Requested concurrent tasks: 1
2026-03-19 23:54:25,264 - INFO - Available CPUs: 4
2026-03-19 23:54:25,266 - INFO - Available RAM: 7083 MB
2026-03-19 23:54:25,268 - INFO - RAM per model: 2264 MB
2026-03-19 23:54:25,270 - INFO - Max actors by RAM: 3
2026-03-19 23:54:25,272 - INFO - Creating 1 ModelActor(s)
2026-03-19 23:54:25,274 - INFO - Let Ray handle scheduling (taskset already restricts CPU visibility)
2026-03-19 23:54:25,276 - INFO - Creating ModelActor 1/1 (2.21GB RAM each)...
2026-03-19 23:54:29,139 - INFO - ModelActor 1 created successfully.
2026-03-19 23:54:29,142 - INFO - Created 1 CPU actor(s). Task queue will handle concurrency.
2026-03-19 23:54:29,144 - INFO - Starting EQCCTPro parallelized waveform processing...
2026-03-19 23:54:29,146 - INFO - 
2026-03-19 23:54:29,148 - INFO - ------- Analyzing Seismic Waveforms for P and S Picks via EQCCT -------
2026-03-19 23:54:29,151 - INFO - Analyzing 0:01:00 minute timechunk from 2025-02-25 23:12:24 to 2025-02-25 23:13:24 (0 min overlap)
2026-03-19 23:54:29,153 - INFO - Processing a total of 1 stations, 1 at a time.
2026-03-19 23:54:33,344 - INFO - (1/1) KLF: Finished the prediction in 2.1s. (HP=1.0, LP=45.0)
2026-03-19 23:54:33,350 - INFO - 
2026-03-19 23:54:33,352 - INFO - ------- Parallel Station Waveform Processing Complete For 2025-02-25 23:12:24 to 2025-02-25 23:13:24 Timechunk-------
2026-03-19 23:54:33,354 - INFO - Picks saved at /home/blackwinter/projects/eqcct/eqcctpro/results/csv/eqcct_earthquakes_th0_1/20250225T231224Z_20250225T231324ZProcess Runtime: 4.21 s
2026-03-19 23:54:33,359 - INFO - Successfully ran EQCCTPro, exiting...
2026-03-19 23:54:35,004 - INFO - Ray Successfully Shutdown.
2026-03-19 23:54:35,004 - INFO - ------- Successfully Picked All Waveform(s) from all Timechunk(s) -------
