2026-03-27 18:18:42,461 - INFO - 
2026-03-27 18:18:42,461 - INFO - ------- Welcome to EQCCTPro -------
2026-03-27 18:18:42,461 - INFO - 
2026-03-27 18:18:42,462 - INFO - Running EQCCT over Requested MSeed Files using CPU(s)...
2026-03-27 18:18:42,462 - INFO - GPU disabled (CPU-only).
2026-03-27 18:18:42,462 - INFO - Skipping framework-specific initialization in the driver process.
2026-03-27 18:18:44,826 - INFO - Ray Successfully Initialized with 4 CPU(s) ([0, 1, 2, 3] CPU Affinity Binding).
2026-03-27 18:18:44,826 - INFO - Analyzing 1 time chunk(s) from 2025-04-16 00:28:27 to 2025-04-16 00:29:27 (dt=1min, overlap=0min).
2026-03-27 18:18:44,826 - INFO - Using 1 selected station(s).
2026-03-27 18:18:44,826 - INFO - 
2026-03-27 18:18:44,827 - INFO - ------- Starting EQCCTPro... -------
2026-03-27 18:18:44,827 - INFO - Detailed subprocess information can be found in the log file.
2026-03-27 18:18:44,827 - INFO - 
2026-03-27 18:18:45,088 - INFO - GPU disabled (CPU-only).
2026-03-27 18:18:45,093 - INFO - Skipping framework-specific initialization in the driver process.
2026-03-27 18:18:45,096 - INFO - ------- Hardware Configuration -------
2026-03-27 18:18:45,099 - INFO - CPU affinity set to cores: [0, 1, 2, 3]
2026-03-27 18:18:45,101 - INFO - 
2026-03-27 18:18:45,104 - INFO - ------- Data Preprocessing for EQCCTPro -------
2026-03-27 18:18:45,106 - INFO - 1 station(s) in /home/blackwinter/projects/eqcct/eqcctpro/data/waveforms_earthquakes_nonoise/20250416T002827Z_20250416T002927Z
2026-03-27 18:18:45,109 - INFO - Using 1 selected station(s): ['HEF'].
2026-03-27 18:18:45,111 - INFO - Creating model actor(s)...
2026-03-27 18:18:45,114 - INFO - System RAM: Total=7870 MB, Available=6105 MB
2026-03-27 18:18:45,117 - INFO - Usable RAM budget: 7083 MB (90% of total)
2026-03-27 18:18:45,119 - INFO - ===== MEMORY-AWARE CPU ACTOR POOL =====
2026-03-27 18:18:45,121 - INFO - Requested concurrent tasks: 1
2026-03-27 18:18:45,124 - INFO - Available CPUs: 4
2026-03-27 18:18:45,126 - INFO - Available RAM: 7083 MB
2026-03-27 18:18:45,128 - INFO - RAM per model: 2060 MB
2026-03-27 18:18:45,131 - INFO - Max actors by RAM: 3
2026-03-27 18:18:45,133 - INFO - Creating 1 SeisBenchModelActor(s)
2026-03-27 18:18:45,136 - INFO - Let Ray handle scheduling (taskset already restricts CPU visibility)
2026-03-27 18:18:45,138 - INFO - Creating SeisBenchModelActor 1/1 (2.01GB RAM each)...
2026-03-27 18:18:48,381 - INFO - SeisBenchModelActor 1 created successfully.
2026-03-27 18:18:48,383 - INFO - Created 1 CPU actor(s). Task queue will handle concurrency.
2026-03-27 18:18:48,385 - INFO - Starting EQCCTPro parallelized waveform processing...
2026-03-27 18:18:48,388 - INFO - 
2026-03-27 18:18:48,390 - INFO - ------- Analyzing Seismic Waveforms for P and S Picks via SeisBench (EQTransformer - original_nonconservative) -------
2026-03-27 18:18:48,394 - INFO - Analyzing 0:01:00 minute timechunk from 2025-04-16 00:28:27 to 2025-04-16 00:29:27 (0 min overlap)
2026-03-27 18:18:48,396 - INFO - Processing a total of 1 stations, 1 at a time.
2026-03-27 18:18:50,588 - INFO - (1/1) HEF: Finished the prediction in 0.13s. (HP=1.0, LP=45.0, picks=2)
2026-03-27 18:18:50,591 - INFO - 
2026-03-27 18:18:50,593 - INFO - ------- Parallel Station Waveform Processing Complete For 2025-04-16 00:28:27 to 2025-04-16 00:29:27 Timechunk-------
2026-03-27 18:18:50,596 - INFO - Picks saved at /home/blackwinter/projects/eqcct/eqcctpro/results/csv/eqt_earthquakes_th0_1/20250416T002827Z_20250416T002927ZProcess Runtime: 2.21 s
2026-03-27 18:18:50,600 - INFO - Successfully ran EQCCTPro, exiting...
2026-03-27 18:18:52,246 - INFO - Ray Successfully Shutdown.
2026-03-27 18:18:52,247 - INFO - ------- Successfully Picked All Waveform(s) from all Timechunk(s) -------
2026-03-28 00:46:31,918 - INFO - 
2026-03-28 00:46:31,919 - INFO - ------- Welcome to EQCCTPro -------
2026-03-28 00:46:31,919 - INFO - 
2026-03-28 00:46:31,919 - INFO - Running EQCCT over Requested MSeed Files using CPU(s)...
2026-03-28 00:46:31,920 - INFO - GPU disabled (CPU-only).
2026-03-28 00:46:31,920 - INFO - Skipping framework-specific initialization in the driver process.
2026-03-28 00:46:34,383 - INFO - Ray Successfully Initialized with 4 CPU(s) ([0, 1, 2, 3] CPU Affinity Binding).
2026-03-28 00:46:34,384 - INFO - Analyzing 1 time chunk(s) from 2025-04-16 00:28:27 to 2025-04-16 00:29:27 (dt=1min, overlap=0min).
2026-03-28 00:46:34,384 - INFO - Using 1 selected station(s).
2026-03-28 00:46:34,384 - INFO - 
2026-03-28 00:46:34,384 - INFO - ------- Starting EQCCTPro... -------
2026-03-28 00:46:34,384 - INFO - Detailed subprocess information can be found in the log file.
2026-03-28 00:46:34,384 - INFO - 
2026-03-28 00:46:34,658 - INFO - GPU disabled (CPU-only).
2026-03-28 00:46:34,663 - INFO - Skipping framework-specific initialization in the driver process.
2026-03-28 00:46:34,666 - INFO - ------- Hardware Configuration -------
2026-03-28 00:46:34,669 - INFO - CPU affinity set to cores: [0, 1, 2, 3]
2026-03-28 00:46:34,672 - INFO - 
2026-03-28 00:46:34,674 - INFO - ------- Data Preprocessing for EQCCTPro -------
2026-03-28 00:46:34,676 - INFO - 1 station(s) in /home/blackwinter/projects/eqcct/eqcctpro/data/waveforms_earthquakes_nonoise/20250416T002827Z_20250416T002927Z
2026-03-28 00:46:34,679 - INFO - Using 1 selected station(s): ['HEF'].
2026-03-28 00:46:34,681 - INFO - Creating model actor(s)...
2026-03-28 00:46:34,684 - INFO - System RAM: Total=7870 MB, Available=5911 MB
2026-03-28 00:46:34,686 - INFO - Usable RAM budget: 7083 MB (90% of total)
2026-03-28 00:46:34,688 - INFO - ===== MEMORY-AWARE CPU ACTOR POOL =====
2026-03-28 00:46:34,691 - INFO - Requested concurrent tasks: 1
2026-03-28 00:46:34,694 - INFO - Available CPUs: 4
2026-03-28 00:46:34,697 - INFO - Available RAM: 7083 MB
2026-03-28 00:46:34,699 - INFO - RAM per model: 2060 MB
2026-03-28 00:46:34,702 - INFO - Max actors by RAM: 3
2026-03-28 00:46:34,704 - INFO - Creating 1 SeisBenchModelActor(s)
2026-03-28 00:46:34,707 - INFO - Let Ray handle scheduling (taskset already restricts CPU visibility)
2026-03-28 00:46:34,709 - INFO - Creating SeisBenchModelActor 1/1 (2.01GB RAM each)...
2026-03-28 00:46:37,762 - INFO - SeisBenchModelActor 1 created successfully.
2026-03-28 00:46:37,764 - INFO - Created 1 CPU actor(s). Task queue will handle concurrency.
2026-03-28 00:46:37,767 - INFO - Starting EQCCTPro parallelized waveform processing...
2026-03-28 00:46:37,769 - INFO - 
2026-03-28 00:46:37,772 - INFO - ------- Analyzing Seismic Waveforms for P and S Picks via SeisBench (EQTransformer - original_nonconservative) -------
2026-03-28 00:46:37,774 - INFO - Analyzing 0:01:00 minute timechunk from 2025-04-16 00:28:27 to 2025-04-16 00:29:27 (0 min overlap)
2026-03-28 00:46:37,777 - INFO - Processing a total of 1 stations, 1 at a time.
2026-03-28 00:46:39,952 - INFO - (1/1) HEF: Skipped (already exists - overwrite=False).
2026-03-28 00:46:39,956 - INFO - 
2026-03-28 00:46:39,960 - INFO - ------- Parallel Station Waveform Processing Complete For 2025-04-16 00:28:27 to 2025-04-16 00:29:27 Timechunk-------
2026-03-28 00:46:39,963 - INFO - Picks saved at /home/blackwinter/projects/eqcct/eqcctpro/results/csv/eqt_earthquakes_th0_1/20250416T002827Z_20250416T002927ZProcess Runtime: 2.19 s
2026-03-28 00:46:39,968 - INFO - Successfully ran EQCCTPro, exiting...
2026-03-28 00:46:41,626 - INFO - Ray Successfully Shutdown.
2026-03-28 00:46:41,626 - INFO - ------- Successfully Picked All Waveform(s) from all Timechunk(s) -------
