2026-03-10 22:30:34,169 - INFO - 
2026-03-10 22:30:34,169 - INFO - ------- Welcome to EQCCTPro -------
2026-03-10 22:30:34,169 - INFO - 
2026-03-10 22:30:34,170 - INFO - Running EQCCT over Requested MSeed Files using CPU(s)...
2026-03-10 22:30:34,170 - INFO - GPU disabled (CPU-only).
2026-03-10 22:30:34,170 - INFO - Configured Intra-op threads = 1
2026-03-10 22:30:34,170 - INFO - Configured Inter-op threads = 1
2026-03-10 22:30:34,170 - INFO - TensorFlow: No GPUs visible; TF will proceed on CPU.
2026-03-10 22:30:34,171 - INFO - 
2026-03-10 22:30:39,407 - INFO - Ray Successfully Initialized with 4 CPU(s) ([0, 1, 2, 3] CPU Affinity Binding).
2026-03-10 22:30:39,407 - INFO - Analyzing 1 time chunk(s) from 2025-01-08 00:42:31 to 2025-01-08 00:43:31 (dt=1min, overlap=0min).
2026-03-10 22:30:39,407 - INFO - Using 1 selected station(s).
2026-03-10 22:30:39,407 - INFO - 
2026-03-10 22:30:39,407 - INFO - ------- Starting EQCCTPro... -------
2026-03-10 22:30:39,408 - INFO - Detailed subprocess information can be found in the log file.
2026-03-10 22:30:39,408 - INFO - 
2026-03-10 22:30:39,774 - INFO - GPU disabled (CPU-only).
2026-03-10 22:30:41,228 - INFO - Configured Intra-op threads = 1
2026-03-10 22:30:41,231 - INFO - Configured Inter-op threads = 1
2026-03-10 22:30:41,269 - INFO - TensorFlow: No GPUs visible; TF will proceed on CPU.
2026-03-10 22:30:41,272 - INFO - 
2026-03-10 22:30:41,274 - INFO - ------- Hardware Configuration -------
2026-03-10 22:30:41,277 - INFO - CPU affinity set to cores: [0, 1, 2, 3]
2026-03-10 22:30:41,279 - INFO - 
2026-03-10 22:30:41,281 - INFO - ------- Data Preprocessing for EQCCTPro -------
2026-03-10 22:30:41,283 - INFO - 1 station(s) in /home/blackwinter/projects/eqcct/eqcctpro/data/waveforms_noise_only/20250108T004231Z_20250108T004331Z
2026-03-10 22:30:41,285 - INFO - Using 1 selected station(s): ['KLF'].
2026-03-10 22:30:41,288 - INFO - Creating model actor(s)...
2026-03-10 22:30:41,290 - INFO - System RAM: Total=7870 MB, Available=2977 MB
2026-03-10 22:30:41,292 - INFO - Usable RAM budget: 7083 MB (90% of total)
2026-03-10 22:30:41,295 - INFO - ===== MEMORY-AWARE CPU ACTOR POOL (EQCCT) =====
2026-03-10 22:30:41,296 - INFO - Requested concurrent tasks: 1
2026-03-10 22:30:41,299 - INFO - Available CPUs: 4
2026-03-10 22:30:41,301 - INFO - Available RAM: 7083 MB
2026-03-10 22:30:41,303 - INFO - RAM per model: 2264 MB
2026-03-10 22:30:41,305 - INFO - Max actors by RAM: 3
2026-03-10 22:30:41,307 - INFO - Creating 1 ModelActor(s)
2026-03-10 22:30:41,308 - INFO - Let Ray handle scheduling (taskset already restricts CPU visibility)
2026-03-10 22:30:41,310 - INFO - Creating ModelActor 1/1 (2.21GB RAM each)...
2026-03-10 22:30:45,183 - INFO - ModelActor 1 created successfully.
2026-03-10 22:30:45,185 - INFO - Created 1 CPU actor(s). Task queue will handle concurrency.
2026-03-10 22:30:45,188 - INFO - Starting EQCCTPro parallelized waveform processing...
2026-03-10 22:30:45,190 - INFO - 
2026-03-10 22:30:45,192 - INFO - ------- Analyzing Seismic Waveforms for P and S Picks via EQCCT -------
2026-03-10 22:30:45,194 - INFO - Analyzing 0:01:00 minute timechunk from 2025-01-08 00:42:31 to 2025-01-08 00:43:31 (0 min overlap)
2026-03-10 22:30:45,197 - INFO - Processing a total of 1 stations, 1 at a time.
2026-03-10 22:30:49,222 - INFO - (1/1) KLF: Finished the prediction in 2.14s. (HP=1.0, LP=45.0)
2026-03-10 22:30:49,224 - INFO - 
2026-03-10 22:30:49,227 - INFO - ------- Parallel Station Waveform Processing Complete For 2025-01-08 00:42:31 to 2025-01-08 00:43:31 Timechunk-------
2026-03-10 22:30:49,230 - INFO - Picks saved at /home/blackwinter/projects/eqcct/eqcctpro/results/csv/bm_noise_only/20250108T004231Z_20250108T004331ZProcess Runtime: 4.04 s
2026-03-10 22:30:49,244 - INFO - Successfully ran EQCCTPro, exiting...
2026-03-10 22:30:50,680 - INFO - Ray Successfully Shutdown.
2026-03-10 22:30:50,680 - INFO - ------- Successfully Picked All Waveform(s) from all Timechunk(s) -------
2026-03-11 13:20:19,313 - INFO - 
2026-03-11 13:20:19,319 - INFO - ------- Welcome to EQCCTPro -------
2026-03-11 13:20:19,319 - INFO - 
2026-03-11 13:20:19,320 - INFO - Running EQCCT over Requested MSeed Files using CPU(s)...
2026-03-11 13:20:19,320 - INFO - GPU disabled (CPU-only).
2026-03-11 13:20:19,321 - INFO - Configured Intra-op threads = 1
2026-03-11 13:20:19,321 - INFO - Configured Inter-op threads = 1
2026-03-11 13:20:19,321 - INFO - TensorFlow: No GPUs visible; TF will proceed on CPU.
2026-03-11 13:20:19,321 - INFO - 
2026-03-11 13:20:24,792 - INFO - Ray Successfully Initialized with 4 CPU(s) ([0, 1, 2, 3] CPU Affinity Binding).
2026-03-11 13:20:24,792 - INFO - Analyzing 1 time chunk(s) from 2025-01-08 00:42:31 to 2025-01-08 00:43:31 (dt=1min, overlap=0min).
2026-03-11 13:20:24,792 - INFO - Using 1 selected station(s).
2026-03-11 13:20:24,792 - INFO - 
2026-03-11 13:20:24,793 - INFO - ------- Starting EQCCTPro... -------
2026-03-11 13:20:24,793 - INFO - Detailed subprocess information can be found in the log file.
2026-03-11 13:20:24,793 - INFO - 
2026-03-11 13:20:25,159 - INFO - GPU disabled (CPU-only).
2026-03-11 13:20:26,701 - INFO - Configured Intra-op threads = 1
2026-03-11 13:20:26,703 - INFO - Configured Inter-op threads = 1
2026-03-11 13:20:26,742 - INFO - TensorFlow: No GPUs visible; TF will proceed on CPU.
2026-03-11 13:20:26,745 - INFO - 
2026-03-11 13:20:26,747 - INFO - ------- Hardware Configuration -------
2026-03-11 13:20:26,749 - INFO - CPU affinity set to cores: [0, 1, 2, 3]
2026-03-11 13:20:26,751 - INFO - 
2026-03-11 13:20:26,753 - INFO - ------- Data Preprocessing for EQCCTPro -------
2026-03-11 13:20:26,756 - INFO - 1 station(s) in /home/blackwinter/projects/eqcct/eqcctpro/data/waveforms_noise_only/20250108T004231Z_20250108T004331Z
2026-03-11 13:20:26,758 - INFO - Using 1 selected station(s): ['KLF'].
2026-03-11 13:20:26,760 - INFO - Creating model actor(s)...
2026-03-11 13:20:26,763 - INFO - System RAM: Total=7870 MB, Available=3714 MB
2026-03-11 13:20:26,764 - INFO - Usable RAM budget: 7083 MB (90% of total)
2026-03-11 13:20:26,767 - INFO - ===== MEMORY-AWARE CPU ACTOR POOL (EQCCT) =====
2026-03-11 13:20:26,769 - INFO - Requested concurrent tasks: 1
2026-03-11 13:20:26,771 - INFO - Available CPUs: 4
2026-03-11 13:20:26,773 - INFO - Available RAM: 7083 MB
2026-03-11 13:20:26,775 - INFO - RAM per model: 2264 MB
2026-03-11 13:20:26,777 - INFO - Max actors by RAM: 3
2026-03-11 13:20:26,779 - INFO - Creating 1 ModelActor(s)
2026-03-11 13:20:26,781 - INFO - Let Ray handle scheduling (taskset already restricts CPU visibility)
2026-03-11 13:20:26,782 - INFO - Creating ModelActor 1/1 (2.21GB RAM each)...
2026-03-11 13:20:30,739 - INFO - ModelActor 1 created successfully.
2026-03-11 13:20:30,741 - INFO - Created 1 CPU actor(s). Task queue will handle concurrency.
2026-03-11 13:20:30,743 - INFO - Starting EQCCTPro parallelized waveform processing...
2026-03-11 13:20:30,746 - INFO - 
2026-03-11 13:20:30,748 - INFO - ------- Analyzing Seismic Waveforms for P and S Picks via EQCCT -------
2026-03-11 13:20:30,750 - INFO - Analyzing 0:01:00 minute timechunk from 2025-01-08 00:42:31 to 2025-01-08 00:43:31 (0 min overlap)
2026-03-11 13:20:30,752 - INFO - Processing a total of 1 stations, 1 at a time.
2026-03-11 13:20:32,710 - INFO - (1/1) KLF: Skipped (already exists - overwrite=False).
2026-03-11 13:20:32,712 - INFO - 
2026-03-11 13:20:32,714 - INFO - ------- Parallel Station Waveform Processing Complete For 2025-01-08 00:42:31 to 2025-01-08 00:43:31 Timechunk-------
2026-03-11 13:20:32,717 - INFO - Picks saved at /home/blackwinter/projects/eqcct/eqcctpro/results/csv/bm_noise_only/20250108T004231Z_20250108T004331ZProcess Runtime: 1.97 s
2026-03-11 13:20:32,721 - INFO - Successfully ran EQCCTPro, exiting...
2026-03-11 13:20:34,245 - INFO - Ray Successfully Shutdown.
2026-03-11 13:20:34,245 - INFO - ------- Successfully Picked All Waveform(s) from all Timechunk(s) -------
