2026-03-28 21:38:01,894 - INFO - 
2026-03-28 21:38:01,894 - INFO - ------- Welcome to EQCCTPro -------
2026-03-28 21:38:01,894 - INFO - 
2026-03-28 21:38:01,895 - INFO - Running EQCCT over Requested MSeed Files using CPU(s)...
2026-03-28 21:38:01,895 - INFO - GPU disabled (CPU-only).
2026-03-29 08:11:48,075 - INFO - 
2026-03-29 08:11:48,076 - INFO - ------- Welcome to EQCCTPro -------
2026-03-29 08:11:48,076 - INFO - 
2026-03-29 08:11:48,077 - INFO - Running EQCCT over Requested MSeed Files using CPU(s)...
2026-03-29 08:11:48,077 - INFO - GPU disabled (CPU-only).
2026-03-29 08:11:48,077 - INFO - Configured Intra-op threads = 1
2026-03-29 08:11:48,077 - INFO - Configured Inter-op threads = 1
2026-03-29 08:11:48,077 - INFO - TensorFlow: No GPUs visible; TF will proceed on CPU.
2026-03-29 08:11:48,078 - INFO - 
2026-03-29 08:11:53,377 - INFO - Ray Successfully Initialized with 4 CPU(s) ([0, 1, 2, 3] CPU Affinity Binding).
2026-03-29 08:11:53,377 - INFO - Analyzing 1 time chunk(s) from 2025-01-24 11:54:09 to 2025-01-24 11:55:09 (dt=1min, overlap=0min).
2026-03-29 08:11:53,377 - INFO - Using 1 selected station(s).
2026-03-29 08:11:53,377 - INFO - 
2026-03-29 08:11:53,377 - INFO - ------- Starting EQCCTPro... -------
2026-03-29 08:11:53,377 - INFO - Detailed subprocess information can be found in the log file.
2026-03-29 08:11:53,378 - INFO - 
2026-03-29 08:11:53,842 - INFO - GPU disabled (CPU-only).
2026-03-29 08:11:55,495 - INFO - Configured Intra-op threads = 1
2026-03-29 08:11:55,498 - INFO - Configured Inter-op threads = 1
2026-03-29 08:11:55,541 - INFO - TensorFlow: No GPUs visible; TF will proceed on CPU.
2026-03-29 08:11:55,543 - INFO - 
2026-03-29 08:11:55,546 - INFO - ------- Hardware Configuration -------
2026-03-29 08:11:55,549 - INFO - CPU affinity set to cores: [0, 1, 2, 3]
2026-03-29 08:11:55,552 - INFO - 
2026-03-29 08:11:55,555 - INFO - ------- Data Preprocessing for EQCCTPro -------
2026-03-29 08:11:55,557 - INFO - 1 station(s) in /home/blackwinter/projects/eqcct/eqcctpro/data/waveforms_explosions_nonoise/20250124T115409Z_20250124T115509Z
2026-03-29 08:11:55,560 - INFO - Using 1 selected station(s): ['VJF'].
2026-03-29 08:11:55,562 - INFO - Creating model actor(s)...
2026-03-29 08:11:55,565 - INFO - System RAM: Total=7870 MB, Available=2878 MB
2026-03-29 08:11:55,568 - INFO - Usable RAM budget: 7083 MB (90% of total)
2026-03-29 08:11:55,570 - INFO - ===== MEMORY-AWARE CPU ACTOR POOL (EQCCT) =====
2026-03-29 08:11:55,573 - INFO - Requested concurrent tasks: 1
2026-03-29 08:11:55,575 - INFO - Available CPUs: 4
2026-03-29 08:11:55,578 - INFO - Available RAM: 7083 MB
2026-03-29 08:11:55,580 - INFO - RAM per model: 2264 MB
2026-03-29 08:11:55,583 - INFO - Max actors by RAM: 3
2026-03-29 08:11:55,586 - INFO - Creating 1 ModelActor(s)
2026-03-29 08:11:55,588 - INFO - Let Ray handle scheduling (taskset already restricts CPU visibility)
2026-03-29 08:11:55,591 - INFO - Creating ModelActor 1/1 (2.21GB RAM each)...
2026-03-29 08:11:59,960 - INFO - ModelActor 1 created successfully.
2026-03-29 08:11:59,962 - INFO - Created 1 CPU actor(s). Task queue will handle concurrency.
2026-03-29 08:11:59,965 - INFO - Starting EQCCTPro parallelized waveform processing...
2026-03-29 08:11:59,968 - INFO - 
2026-03-29 08:11:59,971 - INFO - ------- Analyzing Seismic Waveforms for P and S Picks via EQCCT -------
2026-03-29 08:11:59,974 - INFO - Analyzing 0:01:00 minute timechunk from 2025-01-24 11:54:09 to 2025-01-24 11:55:09 (0 min overlap)
2026-03-29 08:11:59,976 - INFO - Processing a total of 1 stations, 1 at a time.
2026-03-29 08:12:04,513 - INFO - (1/1) VJF: Finished the prediction in 2.45s. (HP=1.0, LP=45.0)
2026-03-29 08:12:04,515 - INFO - 
2026-03-29 08:12:04,518 - INFO - ------- Parallel Station Waveform Processing Complete For 2025-01-24 11:54:09 to 2025-01-24 11:55:09 Timechunk-------
2026-03-29 08:12:04,521 - INFO - Picks saved at /home/blackwinter/projects/eqcct/eqcctpro/results/csv/eqcct_explosions_th0_1/20250124T115409Z_20250124T115509ZProcess Runtime: 4.55 s
2026-03-29 08:12:04,530 - INFO - Successfully ran EQCCTPro, exiting...
2026-03-29 08:12:06,237 - INFO - Ray Successfully Shutdown.
2026-03-29 08:12:06,237 - INFO - ------- Successfully Picked All Waveform(s) from all Timechunk(s) -------
