2026-03-28 12:56:16,699 - INFO - 
2026-03-28 12:56:16,700 - INFO - ------- Welcome to EQCCTPro -------
2026-03-28 12:56:16,700 - INFO - 
2026-03-28 12:56:16,700 - INFO - Running EQCCT over Requested MSeed Files using CPU(s)...
2026-03-28 12:56:16,701 - INFO - GPU disabled (CPU-only).
2026-03-28 12:56:16,701 - INFO - Skipping framework-specific initialization in the driver process.
2026-03-28 12:56:18,333 - INFO - Ray Successfully Initialized with 4 CPU(s) ([0, 1, 2, 3] CPU Affinity Binding).
2026-03-28 12:56:18,333 - INFO - Analyzing 1 time chunk(s) from 2025-01-11 01:57:13 to 2025-01-11 01:58:13 (dt=1min, overlap=0min).
2026-03-28 12:56:18,334 - INFO - Using 1 selected station(s).
2026-03-28 12:56:18,334 - INFO - 
2026-03-28 12:56:18,334 - INFO - ------- Starting EQCCTPro... -------
2026-03-28 12:56:18,334 - INFO - Detailed subprocess information can be found in the log file.
2026-03-28 12:56:18,334 - INFO - 
2026-03-28 12:56:18,656 - INFO - GPU disabled (CPU-only).
2026-03-28 12:56:18,662 - INFO - Skipping framework-specific initialization in the driver process.
2026-03-28 12:56:18,666 - INFO - ------- Hardware Configuration -------
2026-03-28 12:56:18,668 - INFO - CPU affinity set to cores: [0, 1, 2, 3]
2026-03-28 12:56:18,672 - INFO - 
2026-03-28 12:56:18,674 - INFO - ------- Data Preprocessing for EQCCTPro -------
2026-03-28 12:56:18,678 - INFO - 1 station(s) in /home/blackwinter/projects/eqcct/eqcctpro/data/waveforms_noise_only/20250111T015713Z_20250111T015813Z
2026-03-28 12:56:18,680 - INFO - Using 1 selected station(s): ['FIC6'].
2026-03-28 12:56:18,683 - INFO - Creating model actor(s)...
2026-03-28 12:56:18,686 - INFO - System RAM: Total=7870 MB, Available=4378 MB
2026-03-28 12:56:18,688 - INFO - Usable RAM budget: 7083 MB (90% of total)
2026-03-28 12:56:18,691 - INFO - ===== MEMORY-AWARE CPU ACTOR POOL =====
2026-03-28 12:56:18,693 - INFO - Requested concurrent tasks: 1
2026-03-28 12:56:18,696 - INFO - Available CPUs: 4
2026-03-28 12:56:18,698 - INFO - Available RAM: 7083 MB
2026-03-28 12:56:18,701 - INFO - RAM per model: 2060 MB
2026-03-28 12:56:18,703 - INFO - Max actors by RAM: 3
2026-03-28 12:56:18,705 - INFO - Creating 1 SeisBenchModelActor(s)
2026-03-28 12:56:18,707 - INFO - Let Ray handle scheduling (taskset already restricts CPU visibility)
2026-03-28 12:56:18,709 - INFO - Creating SeisBenchModelActor 1/1 (2.01GB RAM each)...
2026-03-28 12:56:21,685 - INFO - SeisBenchModelActor 1 created successfully.
2026-03-28 12:56:21,688 - INFO - Created 1 CPU actor(s). Task queue will handle concurrency.
2026-03-28 12:56:21,690 - INFO - Starting EQCCTPro parallelized waveform processing...
2026-03-28 12:56:21,693 - INFO - 
2026-03-28 12:56:21,695 - INFO - ------- Analyzing Seismic Waveforms for P and S Picks via SeisBench (EQTransformer - original_nonconservative) -------
2026-03-28 12:56:21,698 - INFO - Analyzing 0:01:00 minute timechunk from 2025-01-11 01:57:13 to 2025-01-11 01:58:13 (0 min overlap)
2026-03-28 12:56:21,701 - INFO - Processing a total of 1 stations, 1 at a time.
2026-03-28 12:56:24,031 - INFO - (1/1) FIC6: Finished the prediction in 0.15s. (HP=1.0, LP=45.0, picks=0)
2026-03-28 12:56:24,033 - INFO - 
2026-03-28 12:56:24,036 - INFO - ------- Parallel Station Waveform Processing Complete For 2025-01-11 01:57:13 to 2025-01-11 01:58:13 Timechunk-------
2026-03-28 12:56:24,039 - INFO - Picks saved at /home/blackwinter/projects/eqcct/eqcctpro/results/csv/eqt_noise_th0_1/20250111T015713Z_20250111T015813ZProcess Runtime: 2.34 s
2026-03-28 12:56:24,044 - INFO - Successfully ran EQCCTPro, exiting...
2026-03-28 12:56:25,910 - INFO - Ray Successfully Shutdown.
2026-03-28 12:56:25,910 - INFO - ------- Successfully Picked All Waveform(s) from all Timechunk(s) -------
