2026-02-24 00:48:08,328 - INFO - 
2026-02-24 00:48:08,328 - INFO - ------- Welcome to EQCCTPro -------
2026-02-24 00:48:08,328 - INFO - 
2026-02-24 00:48:08,328 - INFO - Running EQCCT over Requested MSeed Files using CPU(s)...
2026-02-24 00:48:08,328 - INFO - GPU disabled (CPU-only).
2026-02-24 00:48:08,329 - INFO - Configured Intra-op threads = 1
2026-02-24 00:48:08,329 - INFO - Configured Inter-op threads = 1
2026-02-24 00:48:08,329 - INFO - TensorFlow: No GPUs visible; TF will proceed on CPU.
2026-02-24 00:48:08,329 - INFO - 
2026-02-24 00:48:13,813 - INFO - Ray Successfully Initialized with 4 CPU(s) ([0, 1, 2, 3] CPU Affinity Binding).
2026-02-24 00:48:13,813 - INFO - Analyzing 1 time chunk(s) from 2025-05-26 02:32:10 to 2025-05-26 02:33:10 (dt=1min, overlap=0min).
2026-02-24 00:48:13,813 - INFO - Using 1 selected station(s).
2026-02-24 00:48:13,814 - INFO - 
2026-02-24 00:48:13,814 - INFO - ------- Starting EQCCTPro... -------
2026-02-24 00:48:13,814 - INFO - Detailed subprocess information can be found in the log file.
2026-02-24 00:48:13,814 - INFO - 
2026-02-24 00:48:14,179 - INFO - GPU disabled (CPU-only).
2026-02-24 00:48:15,744 - INFO - Configured Intra-op threads = 1
2026-02-24 00:48:15,747 - INFO - Configured Inter-op threads = 1
2026-02-24 00:48:15,787 - INFO - TensorFlow: No GPUs visible; TF will proceed on CPU.
2026-02-24 00:48:15,789 - INFO - 
2026-02-24 00:48:15,791 - INFO - ------- Hardware Configuration -------
2026-02-24 00:48:15,793 - INFO - CPU affinity set to cores: [0, 1, 2, 3]
2026-02-24 00:48:15,795 - INFO - 
2026-02-24 00:48:15,797 - INFO - ------- Data Preprocessing for EQCCTPro -------
2026-02-24 00:48:15,799 - INFO - 1 station(s) in /home/blackwinter/projects/eqcct/eqcctpro/data/waveforms_earthquakes_noise_only/20250526T023210Z_20250526T023310Z
2026-02-24 00:48:15,801 - INFO - Using 1 selected station(s): ['RSUO'].
2026-02-24 00:48:15,803 - INFO - Creating model actor(s)...
2026-02-24 00:48:15,805 - INFO - System RAM: Total=7870 MB, Available=2622 MB
2026-02-24 00:48:15,807 - INFO - Usable RAM budget: 7083 MB (90% of total)
2026-02-24 00:48:15,810 - INFO - ===== MEMORY-AWARE CPU ACTOR POOL (EQCCT) =====
2026-02-24 00:48:15,812 - INFO - Requested concurrent tasks: 1
2026-02-24 00:48:15,814 - INFO - Available CPUs: 4
2026-02-24 00:48:15,816 - INFO - Available RAM: 7083 MB
2026-02-24 00:48:15,818 - INFO - RAM per model: 2264 MB
2026-02-24 00:48:15,820 - INFO - Max actors by RAM: 3
2026-02-24 00:48:15,822 - INFO - Creating 1 ModelActor(s)
2026-02-24 00:48:15,824 - INFO - Let Ray handle scheduling (taskset already restricts CPU visibility)
2026-02-24 00:48:15,826 - INFO - Creating ModelActor 1/1 (2.21GB RAM each)...
2026-02-24 00:48:19,756 - INFO - ModelActor 1 created successfully.
2026-02-24 00:48:19,759 - INFO - Created 1 CPU actor(s). Task queue will handle concurrency.
2026-02-24 00:48:19,761 - INFO - Starting EQCCTPro parallelized waveform processing...
2026-02-24 00:48:19,763 - INFO - 
2026-02-24 00:48:19,765 - INFO - ------- Analyzing Seismic Waveforms for P and S Picks via EQCCT -------
2026-02-24 00:48:19,767 - INFO - Analyzing 0:01:00 minute timechunk from 2025-05-26 02:32:10 to 2025-05-26 02:33:10 (0 min overlap)
2026-02-24 00:48:19,769 - INFO - Processing a total of 1 stations, 1 at a time.
2026-02-24 00:48:23,923 - INFO - (1/1) RSUO: Finished the prediction in 2.11s. (HP=1.0, LP=45.0)
2026-02-24 00:48:23,926 - INFO - 
2026-02-24 00:48:23,928 - INFO - ------- Parallel Station Waveform Processing Complete For 2025-05-26 02:32:10 to 2025-05-26 02:33:10 Timechunk-------
2026-02-24 00:48:23,930 - INFO - Picks saved at /home/blackwinter/projects/eqcct/eqcctpro/results/csv/bm_eq_noise_only/20250526T023210Z_20250526T023310ZProcess Runtime: 4.16 s
2026-02-24 00:48:23,933 - INFO - Successfully ran EQCCTPro, exiting...
2026-02-24 00:48:25,644 - INFO - Ray Successfully Shutdown.
2026-02-24 00:48:25,645 - INFO - ------- Successfully Picked All Waveform(s) from all Timechunk(s) -------
