2026-03-27 20:17:40,497 - INFO - 
2026-03-27 20:17:40,497 - INFO - ------- Welcome to EQCCTPro -------
2026-03-27 20:17:40,497 - INFO - 
2026-03-27 20:17:40,498 - INFO - Running EQCCT over Requested MSeed Files using CPU(s)...
2026-03-27 20:17:40,498 - INFO - GPU disabled (CPU-only).
2026-03-27 20:17:40,498 - INFO - Skipping framework-specific initialization in the driver process.
2026-03-27 20:17:43,002 - INFO - Ray Successfully Initialized with 4 CPU(s) ([0, 1, 2, 3] CPU Affinity Binding).
2026-03-27 20:17:43,003 - INFO - Analyzing 1 time chunk(s) from 2025-08-20 13:05:56 to 2025-08-20 13:06:56 (dt=1min, overlap=0min).
2026-03-27 20:17:43,003 - INFO - Using 1 selected station(s).
2026-03-27 20:17:43,003 - INFO - 
2026-03-27 20:17:43,003 - INFO - ------- Starting EQCCTPro... -------
2026-03-27 20:17:43,003 - INFO - Detailed subprocess information can be found in the log file.
2026-03-27 20:17:43,003 - INFO - 
2026-03-27 20:17:43,292 - INFO - GPU disabled (CPU-only).
2026-03-27 20:17:43,297 - INFO - Skipping framework-specific initialization in the driver process.
2026-03-27 20:17:43,299 - INFO - ------- Hardware Configuration -------
2026-03-27 20:17:43,302 - INFO - CPU affinity set to cores: [0, 1, 2, 3]
2026-03-27 20:17:43,304 - INFO - 
2026-03-27 20:17:43,307 - INFO - ------- Data Preprocessing for EQCCTPro -------
2026-03-27 20:17:43,309 - INFO - 1 station(s) in /home/blackwinter/projects/eqcct/eqcctpro/data/waveforms_earthquakes_nonoise/20250820T130556Z_20250820T130656Z
2026-03-27 20:17:43,311 - INFO - Using 1 selected station(s): ['AAL'].
2026-03-27 20:17:43,313 - INFO - Creating model actor(s)...
2026-03-27 20:17:43,316 - INFO - System RAM: Total=7870 MB, Available=5915 MB
2026-03-27 20:17:43,318 - INFO - Usable RAM budget: 7083 MB (90% of total)
2026-03-27 20:17:43,321 - INFO - ===== MEMORY-AWARE CPU ACTOR POOL =====
2026-03-27 20:17:43,323 - INFO - Requested concurrent tasks: 1
2026-03-27 20:17:43,324 - INFO - Available CPUs: 4
2026-03-27 20:17:43,327 - INFO - Available RAM: 7083 MB
2026-03-27 20:17:43,328 - INFO - RAM per model: 2060 MB
2026-03-27 20:17:43,330 - INFO - Max actors by RAM: 3
2026-03-27 20:17:43,332 - INFO - Creating 1 SeisBenchModelActor(s)
2026-03-27 20:17:43,334 - INFO - Let Ray handle scheduling (taskset already restricts CPU visibility)
2026-03-27 20:17:43,336 - INFO - Creating SeisBenchModelActor 1/1 (2.01GB RAM each)...
2026-03-27 20:17:46,326 - INFO - SeisBenchModelActor 1 created successfully.
2026-03-27 20:17:46,328 - INFO - Created 1 CPU actor(s). Task queue will handle concurrency.
2026-03-27 20:17:46,331 - INFO - Starting EQCCTPro parallelized waveform processing...
2026-03-27 20:17:46,334 - INFO - 
2026-03-27 20:17:46,336 - INFO - ------- Analyzing Seismic Waveforms for P and S Picks via SeisBench (EQTransformer - original_nonconservative) -------
2026-03-27 20:17:46,339 - INFO - Analyzing 0:01:00 minute timechunk from 2025-08-20 13:05:56 to 2025-08-20 13:06:56 (0 min overlap)
2026-03-27 20:17:46,341 - INFO - Processing a total of 1 stations, 1 at a time.
2026-03-27 20:17:48,579 - INFO - (1/1) AAL: Finished the prediction in 0.17s. (HP=1.0, LP=45.0, picks=2)
2026-03-27 20:17:48,584 - INFO - 
2026-03-27 20:17:48,588 - INFO - ------- Parallel Station Waveform Processing Complete For 2025-08-20 13:05:56 to 2025-08-20 13:06:56 Timechunk-------
2026-03-27 20:17:48,591 - INFO - Picks saved at /home/blackwinter/projects/eqcct/eqcctpro/results/csv/eqt_earthquakes_th0_1/20250820T130556Z_20250820T130656ZProcess Runtime: 2.25 s
2026-03-27 20:17:48,597 - INFO - Successfully ran EQCCTPro, exiting...
2026-03-27 20:17:50,388 - INFO - Ray Successfully Shutdown.
2026-03-27 20:17:50,389 - INFO - ------- Successfully Picked All Waveform(s) from all Timechunk(s) -------
2026-03-28 02:43:54,369 - INFO - 
2026-03-28 02:43:54,370 - INFO - ------- Welcome to EQCCTPro -------
2026-03-28 02:43:54,370 - INFO - 
2026-03-28 02:43:54,371 - INFO - Running EQCCT over Requested MSeed Files using CPU(s)...
2026-03-28 02:43:54,371 - INFO - GPU disabled (CPU-only).
2026-03-28 02:43:54,371 - INFO - Skipping framework-specific initialization in the driver process.
2026-03-28 02:43:56,735 - INFO - Ray Successfully Initialized with 4 CPU(s) ([0, 1, 2, 3] CPU Affinity Binding).
2026-03-28 02:43:56,736 - INFO - Analyzing 1 time chunk(s) from 2025-08-20 13:05:56 to 2025-08-20 13:06:56 (dt=1min, overlap=0min).
2026-03-28 02:43:56,736 - INFO - Using 1 selected station(s).
2026-03-28 02:43:56,736 - INFO - 
2026-03-28 02:43:56,736 - INFO - ------- Starting EQCCTPro... -------
2026-03-28 02:43:56,736 - INFO - Detailed subprocess information can be found in the log file.
2026-03-28 02:43:56,736 - INFO - 
2026-03-28 02:43:57,015 - INFO - GPU disabled (CPU-only).
2026-03-28 02:43:57,020 - INFO - Skipping framework-specific initialization in the driver process.
2026-03-28 02:43:57,023 - INFO - ------- Hardware Configuration -------
2026-03-28 02:43:57,026 - INFO - CPU affinity set to cores: [0, 1, 2, 3]
2026-03-28 02:43:57,028 - INFO - 
2026-03-28 02:43:57,031 - INFO - ------- Data Preprocessing for EQCCTPro -------
2026-03-28 02:43:57,034 - INFO - 1 station(s) in /home/blackwinter/projects/eqcct/eqcctpro/data/waveforms_earthquakes_nonoise/20250820T130556Z_20250820T130656Z
2026-03-28 02:43:57,036 - INFO - Using 1 selected station(s): ['AAL'].
2026-03-28 02:43:57,038 - INFO - Creating model actor(s)...
2026-03-28 02:43:57,040 - INFO - System RAM: Total=7870 MB, Available=5739 MB
2026-03-28 02:43:57,042 - INFO - Usable RAM budget: 7083 MB (90% of total)
2026-03-28 02:43:57,044 - INFO - ===== MEMORY-AWARE CPU ACTOR POOL =====
2026-03-28 02:43:57,046 - INFO - Requested concurrent tasks: 1
2026-03-28 02:43:57,048 - INFO - Available CPUs: 4
2026-03-28 02:43:57,050 - INFO - Available RAM: 7083 MB
2026-03-28 02:43:57,052 - INFO - RAM per model: 2060 MB
2026-03-28 02:43:57,054 - INFO - Max actors by RAM: 3
2026-03-28 02:43:57,056 - INFO - Creating 1 SeisBenchModelActor(s)
2026-03-28 02:43:57,057 - INFO - Let Ray handle scheduling (taskset already restricts CPU visibility)
2026-03-28 02:43:57,060 - INFO - Creating SeisBenchModelActor 1/1 (2.01GB RAM each)...
2026-03-28 02:44:00,275 - INFO - SeisBenchModelActor 1 created successfully.
2026-03-28 02:44:00,280 - INFO - Created 1 CPU actor(s). Task queue will handle concurrency.
2026-03-28 02:44:00,283 - INFO - Starting EQCCTPro parallelized waveform processing...
2026-03-28 02:44:00,286 - INFO - 
2026-03-28 02:44:00,289 - INFO - ------- Analyzing Seismic Waveforms for P and S Picks via SeisBench (EQTransformer - original_nonconservative) -------
2026-03-28 02:44:00,292 - INFO - Analyzing 0:01:00 minute timechunk from 2025-08-20 13:05:56 to 2025-08-20 13:06:56 (0 min overlap)
2026-03-28 02:44:00,294 - INFO - Processing a total of 1 stations, 1 at a time.
2026-03-28 02:44:02,346 - INFO - (1/1) AAL: Skipped (already exists - overwrite=False).
2026-03-28 02:44:02,349 - INFO - 
2026-03-28 02:44:02,351 - INFO - ------- Parallel Station Waveform Processing Complete For 2025-08-20 13:05:56 to 2025-08-20 13:06:56 Timechunk-------
2026-03-28 02:44:02,353 - INFO - Picks saved at /home/blackwinter/projects/eqcct/eqcctpro/results/csv/eqt_earthquakes_th0_1/20250820T130556Z_20250820T130656ZProcess Runtime: 2.06 s
2026-03-28 02:44:02,359 - INFO - Successfully ran EQCCTPro, exiting...
2026-03-28 02:44:04,173 - INFO - Ray Successfully Shutdown.
2026-03-28 02:44:04,173 - INFO - ------- Successfully Picked All Waveform(s) from all Timechunk(s) -------
