2026-02-22 20:51:13,522 - INFO - 
2026-02-22 20:51:13,522 - INFO - ------- Welcome to EQCCTPro -------
2026-02-22 20:51:13,523 - INFO - 
2026-02-22 20:51:13,523 - INFO - Running EQCCT over Requested MSeed Files using CPU(s)...
2026-02-22 20:51:13,523 - INFO - GPU disabled (CPU-only).
2026-02-22 20:51:13,524 - INFO - Configured Intra-op threads = 1
2026-02-22 20:51:13,524 - INFO - Configured Inter-op threads = 1
2026-02-22 20:51:13,524 - INFO - TensorFlow: No GPUs visible; TF will proceed on CPU.
2026-02-22 20:51:13,524 - INFO - 
2026-02-22 20:51:19,245 - INFO - Ray Successfully Initialized with 4 CPU(s) ([0, 1, 2, 3] CPU Affinity Binding).
2026-02-22 20:51:19,246 - INFO - Analyzing 1 time chunk(s) from 2025-10-07 22:51:01 to 2025-10-07 22:52:01 (dt=1min, overlap=0min).
2026-02-22 20:51:19,246 - INFO - Using 1 selected station(s).
2026-02-22 20:51:19,246 - INFO - 
2026-02-22 20:51:19,246 - INFO - ------- Starting EQCCTPro... -------
2026-02-22 20:51:19,246 - INFO - Detailed subprocess information can be found in the log file.
2026-02-22 20:51:19,246 - INFO - 
2026-02-22 20:51:19,629 - INFO - GPU disabled (CPU-only).
2026-02-22 20:51:21,097 - INFO - Configured Intra-op threads = 1
2026-02-22 20:51:21,100 - INFO - Configured Inter-op threads = 1
2026-02-22 20:51:21,136 - INFO - TensorFlow: No GPUs visible; TF will proceed on CPU.
2026-02-22 20:51:21,139 - INFO - 
2026-02-22 20:51:21,141 - INFO - ------- Hardware Configuration -------
2026-02-22 20:51:21,143 - INFO - CPU affinity set to cores: [0, 1, 2, 3]
2026-02-22 20:51:21,146 - INFO - 
2026-02-22 20:51:21,148 - INFO - ------- Data Preprocessing for EQCCTPro -------
2026-02-22 20:51:21,150 - INFO - 1 station(s) in /home/blackwinter/projects/eqcct/eqcctpro/data/waveforms_earthquakes_nonoise/20251007T225101Z_20251007T225201Z
2026-02-22 20:51:21,152 - INFO - Using 1 selected station(s): ['OBF3'].
2026-02-22 20:51:21,154 - INFO - Creating model actor(s)...
2026-02-22 20:51:21,156 - INFO - System RAM: Total=7870 MB, Available=1786 MB
2026-02-22 20:51:21,158 - INFO - Usable RAM budget: 7083 MB (90% of total)
2026-02-22 20:51:21,160 - INFO - ===== MEMORY-AWARE CPU ACTOR POOL (EQCCT) =====
2026-02-22 20:51:21,162 - INFO - Requested concurrent tasks: 1
2026-02-22 20:51:21,164 - INFO - Available CPUs: 4
2026-02-22 20:51:21,166 - INFO - Available RAM: 7083 MB
2026-02-22 20:51:21,167 - INFO - RAM per model: 2264 MB
2026-02-22 20:51:21,169 - INFO - Max actors by RAM: 3
2026-02-22 20:51:21,171 - INFO - Creating 1 ModelActor(s)
2026-02-22 20:51:21,173 - INFO - Let Ray handle scheduling (taskset already restricts CPU visibility)
2026-02-22 20:51:21,175 - INFO - Creating ModelActor 1/1 (2.21GB RAM each)...
2026-02-22 20:51:25,002 - INFO - ModelActor 1 created successfully.
2026-02-22 20:51:25,004 - INFO - Created 1 CPU actor(s). Task queue will handle concurrency.
2026-02-22 20:51:25,006 - INFO - Starting EQCCTPro parallelized waveform processing...
2026-02-22 20:51:25,008 - INFO - 
2026-02-22 20:51:25,010 - INFO - ------- Analyzing Seismic Waveforms for P and S Picks via EQCCT -------
2026-02-22 20:51:25,013 - INFO - Analyzing 0:01:00 minute timechunk from 2025-10-07 22:51:01 to 2025-10-07 22:52:01 (0 min overlap)
2026-02-22 20:51:25,014 - INFO - Processing a total of 1 stations, 1 at a time.
2026-02-22 20:51:29,101 - INFO - (1/1) OBF3: Finished the prediction in 2.15s. (HP=1.0, LP=45.0)
2026-02-22 20:51:29,103 - INFO - 
2026-02-22 20:51:29,106 - INFO - ------- Parallel Station Waveform Processing Complete For 2025-10-07 22:51:01 to 2025-10-07 22:52:01 Timechunk-------
2026-02-22 20:51:29,108 - INFO - Picks saved at /home/blackwinter/projects/eqcct/eqcctpro/results/csv/bm_eq_nonoise/20251007T225101Z_20251007T225201ZProcess Runtime: 4.10 s
2026-02-22 20:51:29,112 - INFO - Successfully ran EQCCTPro, exiting...
2026-02-22 20:51:30,816 - INFO - Ray Successfully Shutdown.
2026-02-22 20:51:30,816 - INFO - ------- Successfully Picked All Waveform(s) from all Timechunk(s) -------
