2026-03-29 09:37:52,648 - INFO - 
2026-03-29 09:37:52,648 - INFO - ------- Welcome to EQCCTPro -------
2026-03-29 09:37:52,648 - INFO - 
2026-03-29 09:37:52,649 - INFO - Running EQCCT over Requested MSeed Files using CPU(s)...
2026-03-29 09:37:52,649 - INFO - GPU disabled (CPU-only).
2026-03-29 09:37:52,649 - INFO - Configured Intra-op threads = 1
2026-03-29 09:37:52,649 - INFO - Configured Inter-op threads = 1
2026-03-29 09:37:52,649 - INFO - TensorFlow: No GPUs visible; TF will proceed on CPU.
2026-03-29 09:37:52,649 - INFO - 
2026-03-29 09:37:58,382 - INFO - Ray Successfully Initialized with 4 CPU(s) ([0, 1, 2, 3] CPU Affinity Binding).
2026-03-29 09:37:58,383 - INFO - Analyzing 1 time chunk(s) from 2025-01-02 20:18:24 to 2025-01-02 20:19:24 (dt=1min, overlap=0min).
2026-03-29 09:37:58,383 - INFO - Using 1 selected station(s).
2026-03-29 09:37:58,383 - INFO - 
2026-03-29 09:37:58,383 - INFO - ------- Starting EQCCTPro... -------
2026-03-29 09:37:58,384 - INFO - Detailed subprocess information can be found in the log file.
2026-03-29 09:37:58,384 - INFO - 
2026-03-29 09:37:58,794 - INFO - GPU disabled (CPU-only).
2026-03-29 09:38:00,390 - INFO - Configured Intra-op threads = 1
2026-03-29 09:38:00,393 - INFO - Configured Inter-op threads = 1
2026-03-29 09:38:00,438 - INFO - TensorFlow: No GPUs visible; TF will proceed on CPU.
2026-03-29 09:38:00,440 - INFO - 
2026-03-29 09:38:00,443 - INFO - ------- Hardware Configuration -------
2026-03-29 09:38:00,446 - INFO - CPU affinity set to cores: [0, 1, 2, 3]
2026-03-29 09:38:00,449 - INFO - 
2026-03-29 09:38:00,453 - INFO - ------- Data Preprocessing for EQCCTPro -------
2026-03-29 09:38:00,456 - INFO - 1 station(s) in /home/blackwinter/projects/eqcct/eqcctpro/data/waveforms_noise_only/20250102T201824Z_20250102T201924Z
2026-03-29 09:38:00,460 - INFO - Using 1 selected station(s): ['KLF'].
2026-03-29 09:38:00,463 - INFO - Creating model actor(s)...
2026-03-29 09:38:00,466 - INFO - System RAM: Total=7870 MB, Available=5579 MB
2026-03-29 09:38:00,469 - INFO - Usable RAM budget: 7083 MB (90% of total)
2026-03-29 09:38:00,472 - INFO - ===== MEMORY-AWARE CPU ACTOR POOL (EQCCT) =====
2026-03-29 09:38:00,475 - INFO - Requested concurrent tasks: 1
2026-03-29 09:38:00,478 - INFO - Available CPUs: 4
2026-03-29 09:38:00,481 - INFO - Available RAM: 7083 MB
2026-03-29 09:38:00,484 - INFO - RAM per model: 2264 MB
2026-03-29 09:38:00,487 - INFO - Max actors by RAM: 3
2026-03-29 09:38:00,489 - INFO - Creating 1 ModelActor(s)
2026-03-29 09:38:00,492 - INFO - Let Ray handle scheduling (taskset already restricts CPU visibility)
2026-03-29 09:38:00,495 - INFO - Creating ModelActor 1/1 (2.21GB RAM each)...
2026-03-29 09:38:04,953 - INFO - ModelActor 1 created successfully.
2026-03-29 09:38:04,957 - INFO - Created 1 CPU actor(s). Task queue will handle concurrency.
2026-03-29 09:38:04,960 - INFO - Starting EQCCTPro parallelized waveform processing...
2026-03-29 09:38:04,962 - INFO - 
2026-03-29 09:38:04,964 - INFO - ------- Analyzing Seismic Waveforms for P and S Picks via EQCCT -------
2026-03-29 09:38:04,967 - INFO - Analyzing 0:01:00 minute timechunk from 2025-01-02 20:18:24 to 2025-01-02 20:19:24 (0 min overlap)
2026-03-29 09:38:04,970 - INFO - Processing a total of 1 stations, 1 at a time.
2026-03-29 09:38:09,353 - INFO - (1/1) KLF: Finished the prediction in 2.37s. (HP=1.0, LP=45.0)
2026-03-29 09:38:09,356 - INFO - 
2026-03-29 09:38:09,358 - INFO - ------- Parallel Station Waveform Processing Complete For 2025-01-02 20:18:24 to 2025-01-02 20:19:24 Timechunk-------
2026-03-29 09:38:09,361 - INFO - Picks saved at /home/blackwinter/projects/eqcct/eqcctpro/results/csv/eqcct_noise_th0_1/20250102T201824Z_20250102T201924ZProcess Runtime: 4.40 s
2026-03-29 09:38:09,366 - INFO - Successfully ran EQCCTPro, exiting...
2026-03-29 09:38:10,737 - INFO - Ray Successfully Shutdown.
2026-03-29 09:38:10,737 - INFO - ------- Successfully Picked All Waveform(s) from all Timechunk(s) -------
