2026-03-28 17:08:44,376 - INFO - 
2026-03-28 17:08:44,377 - INFO - ------- Welcome to EQCCTPro -------
2026-03-28 17:08:44,377 - INFO - 
2026-03-28 17:08:44,378 - INFO - Running EQCCT over Requested MSeed Files using CPU(s)...
2026-03-28 17:08:44,378 - INFO - GPU disabled (CPU-only).
2026-03-28 17:08:44,378 - INFO - Skipping framework-specific initialization in the driver process.
2026-03-28 17:08:46,993 - INFO - Ray Successfully Initialized with 4 CPU(s) ([0, 1, 2, 3] CPU Affinity Binding).
2026-03-28 17:08:46,993 - INFO - Analyzing 1 time chunk(s) from 2025-01-10 11:01:15 to 2025-01-10 11:02:15 (dt=1min, overlap=0min).
2026-03-28 17:08:46,993 - INFO - Using 3 selected station(s).
2026-03-28 17:08:46,994 - INFO - 
2026-03-28 17:08:46,994 - INFO - ------- Starting EQCCTPro... -------
2026-03-28 17:08:46,995 - INFO - Detailed subprocess information can be found in the log file.
2026-03-28 17:08:46,995 - INFO - 
2026-03-28 17:08:47,351 - INFO - GPU disabled (CPU-only).
2026-03-28 17:08:47,357 - INFO - Skipping framework-specific initialization in the driver process.
2026-03-28 17:08:47,361 - INFO - ------- Hardware Configuration -------
2026-03-28 17:08:47,364 - INFO - CPU affinity set to cores: [0, 1, 2, 3]
2026-03-28 17:08:47,367 - INFO - 
2026-03-28 17:08:47,370 - INFO - ------- Data Preprocessing for EQCCTPro -------
2026-03-28 17:08:47,373 - INFO - 3 station(s) in /home/blackwinter/projects/eqcct/eqcctpro/data/waveforms_explosions_nonoise/20250110T110115Z_20250110T110215Z
2026-03-28 17:08:47,375 - INFO - Using 3 selected station(s): ['HEL1', 'KUNI', 'LAUT'].
2026-03-28 17:08:47,378 - INFO - Creating model actor(s)...
2026-03-28 17:08:47,381 - INFO - System RAM: Total=7870 MB, Available=4313 MB
2026-03-28 17:08:47,384 - INFO - Usable RAM budget: 7083 MB (90% of total)
2026-03-28 17:08:47,386 - INFO - ===== MEMORY-AWARE CPU ACTOR POOL =====
2026-03-28 17:08:47,389 - INFO - Requested concurrent tasks: 1
2026-03-28 17:08:47,392 - INFO - Available CPUs: 4
2026-03-28 17:08:47,394 - INFO - Available RAM: 7083 MB
2026-03-28 17:08:47,397 - INFO - RAM per model: 2060 MB
2026-03-28 17:08:47,400 - INFO - Max actors by RAM: 3
2026-03-28 17:08:47,403 - INFO - Creating 1 SeisBenchModelActor(s)
2026-03-28 17:08:47,406 - INFO - Let Ray handle scheduling (taskset already restricts CPU visibility)
2026-03-28 17:08:47,409 - INFO - Creating SeisBenchModelActor 1/1 (2.01GB RAM each)...
2026-03-28 17:08:50,442 - INFO - SeisBenchModelActor 1 created successfully.
2026-03-28 17:08:50,445 - INFO - Created 1 CPU actor(s). Task queue will handle concurrency.
2026-03-28 17:08:50,448 - INFO - Starting EQCCTPro parallelized waveform processing...
2026-03-28 17:08:50,451 - INFO - 
2026-03-28 17:08:50,454 - INFO - ------- Analyzing Seismic Waveforms for P and S Picks via SeisBench (EQTransformer - original_nonconservative) -------
2026-03-28 17:08:50,457 - INFO - Analyzing 0:01:00 minute timechunk from 2025-01-10 11:01:15 to 2025-01-10 11:02:15 (0 min overlap)
2026-03-28 17:08:50,459 - INFO - Processing a total of 3 stations, 1 at a time.
2026-03-28 17:08:52,962 - INFO - (1/3) HEL1: Finished the prediction in 0.14s. (HP=1.0, LP=45.0, picks=2)
2026-03-28 17:08:53,045 - INFO - (2/3) KUNI: Finished the prediction in 0.08s. (HP=1.0, LP=45.0, picks=2)
2026-03-28 17:08:53,122 - INFO - (3/3) LAUT: Finished the prediction in 0.07s. (HP=1.0, LP=45.0, picks=2)
2026-03-28 17:08:53,124 - INFO - 
2026-03-28 17:08:53,127 - INFO - ------- Parallel Station Waveform Processing Complete For 2025-01-10 11:01:15 to 2025-01-10 11:02:15 Timechunk-------
2026-03-28 17:08:53,131 - INFO - Picks saved at /home/blackwinter/projects/eqcct/eqcctpro/results/csv/eqt_explosions_th0_1/20250110T110115Z_20250110T110215ZProcess Runtime: 2.68 s
2026-03-28 17:08:53,135 - INFO - Successfully ran EQCCTPro, exiting...
2026-03-28 17:08:54,487 - INFO - Ray Successfully Shutdown.
2026-03-28 17:08:54,487 - INFO - ------- Successfully Picked All Waveform(s) from all Timechunk(s) -------
