2026-03-29 14:51:43,365 - INFO - 
2026-03-29 14:51:43,365 - INFO - ------- Welcome to EQCCTPro -------
2026-03-29 14:51:43,365 - INFO - 
2026-03-29 14:51:43,366 - INFO - Running EQCCT over Requested MSeed Files using CPU(s)...
2026-03-29 14:51:43,366 - INFO - GPU disabled (CPU-only).
2026-03-29 14:51:43,366 - INFO - Configured Intra-op threads = 1
2026-03-29 14:51:43,366 - INFO - Configured Inter-op threads = 1
2026-03-29 14:51:43,366 - INFO - TensorFlow: No GPUs visible; TF will proceed on CPU.
2026-03-29 14:51:43,366 - INFO - 
2026-03-29 14:51:49,097 - INFO - Ray Successfully Initialized with 4 CPU(s) ([0, 1, 2, 3] CPU Affinity Binding).
2026-03-29 14:51:49,097 - INFO - Analyzing 1 time chunk(s) from 2025-01-08 12:25:00 to 2025-01-08 12:26:00 (dt=1min, overlap=0min).
2026-03-29 14:51:49,097 - INFO - Using 1 selected station(s).
2026-03-29 14:51:49,097 - INFO - 
2026-03-29 14:51:49,097 - INFO - ------- Starting EQCCTPro... -------
2026-03-29 14:51:49,098 - INFO - Detailed subprocess information can be found in the log file.
2026-03-29 14:51:49,098 - INFO - 
2026-03-29 14:51:49,502 - INFO - GPU disabled (CPU-only).
2026-03-29 14:51:51,072 - INFO - Configured Intra-op threads = 1
2026-03-29 14:51:51,074 - INFO - Configured Inter-op threads = 1
2026-03-29 14:51:51,117 - INFO - TensorFlow: No GPUs visible; TF will proceed on CPU.
2026-03-29 14:51:51,120 - INFO - 
2026-03-29 14:51:51,123 - INFO - ------- Hardware Configuration -------
2026-03-29 14:51:51,126 - INFO - CPU affinity set to cores: [0, 1, 2, 3]
2026-03-29 14:51:51,129 - INFO - 
2026-03-29 14:51:51,132 - INFO - ------- Data Preprocessing for EQCCTPro -------
2026-03-29 14:51:51,134 - INFO - 1 station(s) in /home/blackwinter/projects/eqcct/eqcctpro/data/waveforms_noise_only/20250108T122500Z_20250108T122600Z
2026-03-29 14:51:51,137 - INFO - Using 1 selected station(s): ['FIC2'].
2026-03-29 14:51:51,140 - INFO - Creating model actor(s)...
2026-03-29 14:51:51,142 - INFO - System RAM: Total=7870 MB, Available=4348 MB
2026-03-29 14:51:51,145 - INFO - Usable RAM budget: 7083 MB (90% of total)
2026-03-29 14:51:51,148 - INFO - ===== MEMORY-AWARE CPU ACTOR POOL (EQCCT) =====
2026-03-29 14:51:51,150 - INFO - Requested concurrent tasks: 1
2026-03-29 14:51:51,153 - INFO - Available CPUs: 4
2026-03-29 14:51:51,155 - INFO - Available RAM: 7083 MB
2026-03-29 14:51:51,157 - INFO - RAM per model: 2264 MB
2026-03-29 14:51:51,160 - INFO - Max actors by RAM: 3
2026-03-29 14:51:51,162 - INFO - Creating 1 ModelActor(s)
2026-03-29 14:51:51,165 - INFO - Let Ray handle scheduling (taskset already restricts CPU visibility)
2026-03-29 14:51:51,168 - INFO - Creating ModelActor 1/1 (2.21GB RAM each)...
2026-03-29 14:51:55,351 - INFO - ModelActor 1 created successfully.
2026-03-29 14:51:55,353 - INFO - Created 1 CPU actor(s). Task queue will handle concurrency.
2026-03-29 14:51:55,355 - INFO - Starting EQCCTPro parallelized waveform processing...
2026-03-29 14:51:55,358 - INFO - 
2026-03-29 14:51:55,361 - INFO - ------- Analyzing Seismic Waveforms for P and S Picks via EQCCT -------
2026-03-29 14:51:55,364 - INFO - Analyzing 0:01:00 minute timechunk from 2025-01-08 12:25:00 to 2025-01-08 12:26:00 (0 min overlap)
2026-03-29 14:51:55,366 - INFO - Processing a total of 1 stations, 1 at a time.
2026-03-29 14:51:59,808 - INFO - (1/1) FIC2: Finished the prediction in 2.41s. (HP=1.0, LP=45.0)
2026-03-29 14:51:59,810 - INFO - 
2026-03-29 14:51:59,813 - INFO - ------- Parallel Station Waveform Processing Complete For 2025-01-08 12:25:00 to 2025-01-08 12:26:00 Timechunk-------
2026-03-29 14:51:59,816 - INFO - Picks saved at /home/blackwinter/projects/eqcct/eqcctpro/results/csv/eqcct_noise_th0_1/20250108T122500Z_20250108T122600ZProcess Runtime: 4.46 s
2026-03-29 14:51:59,820 - INFO - Successfully ran EQCCTPro, exiting...
2026-03-29 14:52:01,581 - INFO - Ray Successfully Shutdown.
2026-03-29 14:52:01,581 - INFO - ------- Successfully Picked All Waveform(s) from all Timechunk(s) -------
