2026-02-22 20:16:24,312 - INFO - 
2026-02-22 20:16:24,312 - INFO - ------- Welcome to EQCCTPro -------
2026-02-22 20:16:24,312 - INFO - 
2026-02-22 20:16:24,313 - INFO - Running EQCCT over Requested MSeed Files using CPU(s)...
2026-02-22 20:16:24,313 - INFO - GPU disabled (CPU-only).
2026-02-22 20:16:24,313 - INFO - Configured Intra-op threads = 1
2026-02-22 20:16:24,314 - INFO - Configured Inter-op threads = 1
2026-02-22 20:16:24,314 - INFO - TensorFlow: No GPUs visible; TF will proceed on CPU.
2026-02-22 20:16:24,314 - INFO - 
2026-02-22 20:16:29,788 - INFO - Ray Successfully Initialized with 4 CPU(s) ([0, 1, 2, 3] CPU Affinity Binding).
2026-02-22 20:16:29,788 - INFO - Analyzing 1 time chunk(s) from 2025-09-19 03:22:14 to 2025-09-19 03:23:14 (dt=1min, overlap=0min).
2026-02-22 20:16:29,788 - INFO - Using 1 selected station(s).
2026-02-22 20:16:29,788 - INFO - 
2026-02-22 20:16:29,789 - INFO - ------- Starting EQCCTPro... -------
2026-02-22 20:16:29,789 - INFO - Detailed subprocess information can be found in the log file.
2026-02-22 20:16:29,789 - INFO - 
2026-02-22 20:16:30,176 - INFO - GPU disabled (CPU-only).
2026-02-22 20:16:31,664 - INFO - Configured Intra-op threads = 1
2026-02-22 20:16:31,666 - INFO - Configured Inter-op threads = 1
2026-02-22 20:16:31,708 - INFO - TensorFlow: No GPUs visible; TF will proceed on CPU.
2026-02-22 20:16:31,711 - INFO - 
2026-02-22 20:16:31,713 - INFO - ------- Hardware Configuration -------
2026-02-22 20:16:31,716 - INFO - CPU affinity set to cores: [0, 1, 2, 3]
2026-02-22 20:16:31,718 - INFO - 
2026-02-22 20:16:31,720 - INFO - ------- Data Preprocessing for EQCCTPro -------
2026-02-22 20:16:31,722 - INFO - 1 station(s) in /home/blackwinter/projects/eqcct/eqcctpro/data/waveforms_earthquakes_nonoise/20250919T032214Z_20250919T032314Z
2026-02-22 20:16:31,724 - INFO - Using 1 selected station(s): ['KORF'].
2026-02-22 20:16:31,726 - INFO - Creating model actor(s)...
2026-02-22 20:16:31,728 - INFO - System RAM: Total=7870 MB, Available=1636 MB
2026-02-22 20:16:31,730 - INFO - Usable RAM budget: 7083 MB (90% of total)
2026-02-22 20:16:31,732 - INFO - ===== MEMORY-AWARE CPU ACTOR POOL (EQCCT) =====
2026-02-22 20:16:31,733 - INFO - Requested concurrent tasks: 1
2026-02-22 20:16:31,735 - INFO - Available CPUs: 4
2026-02-22 20:16:31,737 - INFO - Available RAM: 7083 MB
2026-02-22 20:16:31,738 - INFO - RAM per model: 2264 MB
2026-02-22 20:16:31,740 - INFO - Max actors by RAM: 3
2026-02-22 20:16:31,742 - INFO - Creating 1 ModelActor(s)
2026-02-22 20:16:31,744 - INFO - Let Ray handle scheduling (taskset already restricts CPU visibility)
2026-02-22 20:16:31,746 - INFO - Creating ModelActor 1/1 (2.21GB RAM each)...
2026-02-22 20:16:35,693 - INFO - ModelActor 1 created successfully.
2026-02-22 20:16:35,695 - INFO - Created 1 CPU actor(s). Task queue will handle concurrency.
2026-02-22 20:16:35,697 - INFO - Starting EQCCTPro parallelized waveform processing...
2026-02-22 20:16:35,699 - INFO - 
2026-02-22 20:16:35,701 - INFO - ------- Analyzing Seismic Waveforms for P and S Picks via EQCCT -------
2026-02-22 20:16:35,704 - INFO - Analyzing 0:01:00 minute timechunk from 2025-09-19 03:22:14 to 2025-09-19 03:23:14 (0 min overlap)
2026-02-22 20:16:35,706 - INFO - Processing a total of 1 stations, 1 at a time.
2026-02-22 20:16:37,724 - INFO - (1/1) KORF: FAILED reading mSEED.
2026-02-22 20:16:37,727 - INFO - 
2026-02-22 20:16:37,730 - INFO - ------- Parallel Station Waveform Processing Complete For 2025-09-19 03:22:14 to 2025-09-19 03:23:14 Timechunk-------
2026-02-22 20:16:37,733 - INFO - Picks saved at /home/blackwinter/projects/eqcct/eqcctpro/results/csv/bm_eq_nonoise/20250919T032214Z_20250919T032314ZProcess Runtime: 2.03 s
2026-02-22 20:16:37,738 - INFO - Successfully ran EQCCTPro, exiting...
2026-02-22 20:16:39,371 - INFO - Ray Successfully Shutdown.
2026-02-22 20:16:39,371 - INFO - ------- Successfully Picked All Waveform(s) from all Timechunk(s) -------
