2026-02-27 03:13:50,634 - INFO - 
2026-02-27 03:13:50,634 - INFO - ------- Welcome to EQCCTPro -------
2026-02-27 03:13:50,634 - INFO - 
2026-02-27 03:13:50,635 - INFO - Running EQCCT over Requested MSeed Files using CPU(s)...
2026-02-27 03:13:50,635 - INFO - GPU disabled (CPU-only).
2026-02-27 03:13:50,636 - INFO - Configured Intra-op threads = 1
2026-02-27 03:13:50,636 - INFO - Configured Inter-op threads = 1
2026-02-27 03:13:50,636 - INFO - TensorFlow: No GPUs visible; TF will proceed on CPU.
2026-02-27 03:13:50,636 - INFO - 
2026-02-27 03:13:56,316 - INFO - Ray Successfully Initialized with 4 CPU(s) ([0, 1, 2, 3] CPU Affinity Binding).
2026-02-27 03:13:56,317 - INFO - Analyzing 1 time chunk(s) from 2025-01-17 12:40:11 to 2025-01-17 12:41:11 (dt=1min, overlap=0min).
2026-02-27 03:13:56,317 - INFO - Using 1 selected station(s).
2026-02-27 03:13:56,317 - INFO - 
2026-02-27 03:13:56,317 - INFO - ------- Starting EQCCTPro... -------
2026-02-27 03:13:56,317 - INFO - Detailed subprocess information can be found in the log file.
2026-02-27 03:13:56,317 - INFO - 
2026-02-27 03:13:56,704 - INFO - GPU disabled (CPU-only).
2026-02-27 03:13:58,224 - INFO - Configured Intra-op threads = 1
2026-02-27 03:13:58,226 - INFO - Configured Inter-op threads = 1
2026-02-27 03:13:58,268 - INFO - TensorFlow: No GPUs visible; TF will proceed on CPU.
2026-02-27 03:13:58,271 - INFO - 
2026-02-27 03:13:58,273 - INFO - ------- Hardware Configuration -------
2026-02-27 03:13:58,275 - INFO - CPU affinity set to cores: [0, 1, 2, 3]
2026-02-27 03:13:58,277 - INFO - 
2026-02-27 03:13:58,279 - INFO - ------- Data Preprocessing for EQCCTPro -------
2026-02-27 03:13:58,280 - INFO - 1 station(s) in /home/blackwinter/projects/eqcct/eqcctpro/data/waveforms_explosions_nonoise/20250117T124011Z_20250117T124111Z
2026-02-27 03:13:58,282 - INFO - Using 1 selected station(s): ['OUL'].
2026-02-27 03:13:58,284 - INFO - Creating model actor(s)...
2026-02-27 03:13:58,286 - INFO - System RAM: Total=7870 MB, Available=2717 MB
2026-02-27 03:13:58,287 - INFO - Usable RAM budget: 7083 MB (90% of total)
2026-02-27 03:13:58,289 - INFO - ===== MEMORY-AWARE CPU ACTOR POOL (EQCCT) =====
2026-02-27 03:13:58,291 - INFO - Requested concurrent tasks: 1
2026-02-27 03:13:58,293 - INFO - Available CPUs: 4
2026-02-27 03:13:58,295 - INFO - Available RAM: 7083 MB
2026-02-27 03:13:58,297 - INFO - RAM per model: 2264 MB
2026-02-27 03:13:58,298 - INFO - Max actors by RAM: 3
2026-02-27 03:13:58,300 - INFO - Creating 1 ModelActor(s)
2026-02-27 03:13:58,302 - INFO - Let Ray handle scheduling (taskset already restricts CPU visibility)
2026-02-27 03:13:58,305 - INFO - Creating ModelActor 1/1 (2.21GB RAM each)...
2026-02-27 03:14:02,285 - INFO - ModelActor 1 created successfully.
2026-02-27 03:14:02,287 - INFO - Created 1 CPU actor(s). Task queue will handle concurrency.
2026-02-27 03:14:02,289 - INFO - Starting EQCCTPro parallelized waveform processing...
2026-02-27 03:14:02,292 - INFO - 
2026-02-27 03:14:02,294 - INFO - ------- Analyzing Seismic Waveforms for P and S Picks via EQCCT -------
2026-02-27 03:14:02,297 - INFO - Analyzing 0:01:00 minute timechunk from 2025-01-17 12:40:11 to 2025-01-17 12:41:11 (0 min overlap)
2026-02-27 03:14:02,299 - INFO - Processing a total of 1 stations, 1 at a time.
2026-02-27 03:14:04,748 - INFO - (1/1) OUL: FAILED reading mSEED.
2026-02-27 03:14:04,750 - INFO - 
2026-02-27 03:14:04,752 - INFO - ------- Parallel Station Waveform Processing Complete For 2025-01-17 12:40:11 to 2025-01-17 12:41:11 Timechunk-------
2026-02-27 03:14:04,754 - INFO - Picks saved at /home/blackwinter/projects/eqcct/eqcctpro/results/csv/bm_explosions/20250117T124011Z_20250117T124111ZProcess Runtime: 2.46 s
2026-02-27 03:14:04,757 - INFO - Successfully ran EQCCTPro, exiting...
2026-02-27 03:14:06,369 - INFO - Ray Successfully Shutdown.
2026-02-27 03:14:06,369 - INFO - ------- Successfully Picked All Waveform(s) from all Timechunk(s) -------
2026-02-27 10:06:24,402 - INFO - 
2026-02-27 10:06:24,403 - INFO - ------- Welcome to EQCCTPro -------
2026-02-27 10:06:24,403 - INFO - 
2026-02-27 10:06:24,404 - INFO - Running EQCCT over Requested MSeed Files using CPU(s)...
2026-02-27 10:06:24,404 - INFO - GPU disabled (CPU-only).
2026-02-27 10:06:24,405 - INFO - Configured Intra-op threads = 1
2026-02-27 10:06:24,405 - INFO - Configured Inter-op threads = 1
2026-02-27 10:06:24,405 - INFO - TensorFlow: No GPUs visible; TF will proceed on CPU.
2026-02-27 10:06:24,405 - INFO - 
2026-02-27 10:06:28,957 - INFO - Ray Successfully Initialized with 4 CPU(s) ([0, 1, 2, 3] CPU Affinity Binding).
2026-02-27 10:06:28,958 - INFO - Analyzing 1 time chunk(s) from 2025-01-17 12:40:11 to 2025-01-17 12:41:11 (dt=1min, overlap=0min).
2026-02-27 10:06:28,958 - INFO - Using 1 selected station(s).
2026-02-27 10:06:28,958 - INFO - 
2026-02-27 10:06:28,958 - INFO - ------- Starting EQCCTPro... -------
2026-02-27 10:06:28,958 - INFO - Detailed subprocess information can be found in the log file.
2026-02-27 10:06:28,959 - INFO - 
2026-02-27 10:06:29,312 - INFO - GPU disabled (CPU-only).
2026-02-27 10:06:30,770 - INFO - Configured Intra-op threads = 1
2026-02-27 10:06:30,772 - INFO - Configured Inter-op threads = 1
2026-02-27 10:06:30,812 - INFO - TensorFlow: No GPUs visible; TF will proceed on CPU.
2026-02-27 10:06:30,814 - INFO - 
2026-02-27 10:06:30,816 - INFO - ------- Hardware Configuration -------
2026-02-27 10:06:30,818 - INFO - CPU affinity set to cores: [0, 1, 2, 3]
2026-02-27 10:06:30,820 - INFO - 
2026-02-27 10:06:30,821 - INFO - ------- Data Preprocessing for EQCCTPro -------
2026-02-27 10:06:30,823 - INFO - 1 station(s) in /home/blackwinter/projects/eqcct/eqcctpro/data/waveforms_explosions_nonoise/20250117T124011Z_20250117T124111Z
2026-02-27 10:06:30,825 - INFO - Using 1 selected station(s): ['OUL'].
2026-02-27 10:06:30,827 - INFO - Creating model actor(s)...
2026-02-27 10:06:30,829 - INFO - System RAM: Total=7870 MB, Available=2673 MB
2026-02-27 10:06:30,831 - INFO - Usable RAM budget: 7083 MB (90% of total)
2026-02-27 10:06:30,833 - INFO - ===== MEMORY-AWARE CPU ACTOR POOL (EQCCT) =====
2026-02-27 10:06:30,835 - INFO - Requested concurrent tasks: 1
2026-02-27 10:06:30,837 - INFO - Available CPUs: 4
2026-02-27 10:06:30,839 - INFO - Available RAM: 7083 MB
2026-02-27 10:06:30,841 - INFO - RAM per model: 2264 MB
2026-02-27 10:06:30,842 - INFO - Max actors by RAM: 3
2026-02-27 10:06:30,844 - INFO - Creating 1 ModelActor(s)
2026-02-27 10:06:30,846 - INFO - Let Ray handle scheduling (taskset already restricts CPU visibility)
2026-02-27 10:06:30,848 - INFO - Creating ModelActor 1/1 (2.21GB RAM each)...
2026-02-27 10:06:34,885 - INFO - ModelActor 1 created successfully.
2026-02-27 10:06:34,889 - INFO - Created 1 CPU actor(s). Task queue will handle concurrency.
2026-02-27 10:06:34,891 - INFO - Starting EQCCTPro parallelized waveform processing...
2026-02-27 10:06:34,893 - INFO - 
2026-02-27 10:06:34,895 - INFO - ------- Analyzing Seismic Waveforms for P and S Picks via EQCCT -------
2026-02-27 10:06:34,897 - INFO - Analyzing 0:01:00 minute timechunk from 2025-01-17 12:40:11 to 2025-01-17 12:41:11 (0 min overlap)
2026-02-27 10:06:34,900 - INFO - Processing a total of 1 stations, 1 at a time.
2026-02-27 10:06:36,776 - INFO - (1/1) OUL: Skipped (already exists - overwrite=False).
2026-02-27 10:06:36,778 - INFO - 
2026-02-27 10:06:36,781 - INFO - ------- Parallel Station Waveform Processing Complete For 2025-01-17 12:40:11 to 2025-01-17 12:41:11 Timechunk-------
2026-02-27 10:06:36,783 - INFO - Picks saved at /home/blackwinter/projects/eqcct/eqcctpro/results/csv/bm_explosions/20250117T124011Z_20250117T124111ZProcess Runtime: 1.89 s
2026-02-27 10:06:36,787 - INFO - Successfully ran EQCCTPro, exiting...
2026-02-27 10:06:38,319 - INFO - Ray Successfully Shutdown.
2026-02-27 10:06:38,319 - INFO - ------- Successfully Picked All Waveform(s) from all Timechunk(s) -------
