2026-02-26 22:47:30,291 - INFO - 
2026-02-26 22:47:30,291 - INFO - ------- Welcome to EQCCTPro -------
2026-02-26 22:47:30,291 - INFO - 
2026-02-26 22:47:30,291 - INFO - Running EQCCT over Requested MSeed Files using CPU(s)...
2026-02-26 22:47:30,292 - INFO - GPU disabled (CPU-only).
2026-02-26 22:47:30,292 - INFO - Configured Intra-op threads = 1
2026-02-26 22:47:30,292 - INFO - Configured Inter-op threads = 1
2026-02-26 22:47:30,292 - INFO - TensorFlow: No GPUs visible; TF will proceed on CPU.
2026-02-26 22:47:30,292 - INFO - 
2026-02-26 22:47:35,976 - INFO - Ray Successfully Initialized with 4 CPU(s) ([0, 1, 2, 3] CPU Affinity Binding).
2026-02-26 22:47:35,977 - INFO - Analyzing 1 time chunk(s) from 2025-01-07 16:07:14 to 2025-01-07 16:08:14 (dt=1min, overlap=0min).
2026-02-26 22:47:35,977 - INFO - Using 1 selected station(s).
2026-02-26 22:47:35,977 - INFO - 
2026-02-26 22:47:35,977 - INFO - ------- Starting EQCCTPro... -------
2026-02-26 22:47:35,977 - INFO - Detailed subprocess information can be found in the log file.
2026-02-26 22:47:35,977 - INFO - 
2026-02-26 22:47:36,381 - INFO - GPU disabled (CPU-only).
2026-02-26 22:47:38,013 - INFO - Configured Intra-op threads = 1
2026-02-26 22:47:38,016 - INFO - Configured Inter-op threads = 1
2026-02-26 22:47:38,059 - INFO - TensorFlow: No GPUs visible; TF will proceed on CPU.
2026-02-26 22:47:38,061 - INFO - 
2026-02-26 22:47:38,063 - INFO - ------- Hardware Configuration -------
2026-02-26 22:47:38,065 - INFO - CPU affinity set to cores: [0, 1, 2, 3]
2026-02-26 22:47:38,068 - INFO - 
2026-02-26 22:47:38,070 - INFO - ------- Data Preprocessing for EQCCTPro -------
2026-02-26 22:47:38,073 - INFO - 1 station(s) in /home/blackwinter/projects/eqcct/eqcctpro/data/waveforms_explosions_nonoise/20250107T160714Z_20250107T160814Z
2026-02-26 22:47:38,075 - INFO - Using 1 selected station(s): ['HEF'].
2026-02-26 22:47:38,076 - INFO - Creating model actor(s)...
2026-02-26 22:47:38,078 - INFO - System RAM: Total=7870 MB, Available=3887 MB
2026-02-26 22:47:38,080 - INFO - Usable RAM budget: 7083 MB (90% of total)
2026-02-26 22:47:38,082 - INFO - ===== MEMORY-AWARE CPU ACTOR POOL (EQCCT) =====
2026-02-26 22:47:38,084 - INFO - Requested concurrent tasks: 1
2026-02-26 22:47:38,087 - INFO - Available CPUs: 4
2026-02-26 22:47:38,088 - INFO - Available RAM: 7083 MB
2026-02-26 22:47:38,091 - INFO - RAM per model: 2264 MB
2026-02-26 22:47:38,093 - INFO - Max actors by RAM: 3
2026-02-26 22:47:38,094 - INFO - Creating 1 ModelActor(s)
2026-02-26 22:47:38,097 - INFO - Let Ray handle scheduling (taskset already restricts CPU visibility)
2026-02-26 22:47:38,098 - INFO - Creating ModelActor 1/1 (2.21GB RAM each)...
2026-02-26 22:47:42,020 - INFO - ModelActor 1 created successfully.
2026-02-26 22:47:42,022 - INFO - Created 1 CPU actor(s). Task queue will handle concurrency.
2026-02-26 22:47:42,024 - INFO - Starting EQCCTPro parallelized waveform processing...
2026-02-26 22:47:42,027 - INFO - 
2026-02-26 22:47:42,029 - INFO - ------- Analyzing Seismic Waveforms for P and S Picks via EQCCT -------
2026-02-26 22:47:42,031 - INFO - Analyzing 0:01:00 minute timechunk from 2025-01-07 16:07:14 to 2025-01-07 16:08:14 (0 min overlap)
2026-02-26 22:47:42,033 - INFO - Processing a total of 1 stations, 1 at a time.
2026-02-26 22:47:46,056 - INFO - (1/1) HEF: Finished the prediction in 2.11s. (HP=1.0, LP=45.0)
2026-02-26 22:47:46,059 - INFO - 
2026-02-26 22:47:46,061 - INFO - ------- Parallel Station Waveform Processing Complete For 2025-01-07 16:07:14 to 2025-01-07 16:08:14 Timechunk-------
2026-02-26 22:47:46,063 - INFO - Picks saved at /home/blackwinter/projects/eqcct/eqcctpro/results/csv/bm_explosions/20250107T160714Z_20250107T160814ZProcess Runtime: 4.03 s
2026-02-26 22:47:46,067 - INFO - Successfully ran EQCCTPro, exiting...
2026-02-26 22:47:47,605 - INFO - Ray Successfully Shutdown.
2026-02-26 22:47:47,605 - INFO - ------- Successfully Picked All Waveform(s) from all Timechunk(s) -------
2026-02-27 06:15:24,750 - INFO - 
2026-02-27 06:15:24,750 - INFO - ------- Welcome to EQCCTPro -------
2026-02-27 06:15:24,750 - INFO - 
2026-02-27 06:15:24,751 - INFO - Running EQCCT over Requested MSeed Files using CPU(s)...
2026-02-27 06:15:24,751 - INFO - GPU disabled (CPU-only).
2026-02-27 06:15:24,752 - INFO - Configured Intra-op threads = 1
2026-02-27 06:15:24,752 - INFO - Configured Inter-op threads = 1
2026-02-27 06:15:24,752 - INFO - TensorFlow: No GPUs visible; TF will proceed on CPU.
2026-02-27 06:15:24,752 - INFO - 
2026-02-27 06:15:30,197 - INFO - Ray Successfully Initialized with 4 CPU(s) ([0, 1, 2, 3] CPU Affinity Binding).
2026-02-27 06:15:30,198 - INFO - Analyzing 1 time chunk(s) from 2025-01-07 16:07:14 to 2025-01-07 16:08:14 (dt=1min, overlap=0min).
2026-02-27 06:15:30,198 - INFO - Using 1 selected station(s).
2026-02-27 06:15:30,198 - INFO - 
2026-02-27 06:15:30,198 - INFO - ------- Starting EQCCTPro... -------
2026-02-27 06:15:30,198 - INFO - Detailed subprocess information can be found in the log file.
2026-02-27 06:15:30,198 - INFO - 
2026-02-27 06:15:30,577 - INFO - GPU disabled (CPU-only).
2026-02-27 06:15:32,117 - INFO - Configured Intra-op threads = 1
2026-02-27 06:15:32,119 - INFO - Configured Inter-op threads = 1
2026-02-27 06:15:32,160 - INFO - TensorFlow: No GPUs visible; TF will proceed on CPU.
2026-02-27 06:15:32,163 - INFO - 
2026-02-27 06:15:32,165 - INFO - ------- Hardware Configuration -------
2026-02-27 06:15:32,167 - INFO - CPU affinity set to cores: [0, 1, 2, 3]
2026-02-27 06:15:32,169 - INFO - 
2026-02-27 06:15:32,170 - INFO - ------- Data Preprocessing for EQCCTPro -------
2026-02-27 06:15:32,172 - INFO - 1 station(s) in /home/blackwinter/projects/eqcct/eqcctpro/data/waveforms_explosions_nonoise/20250107T160714Z_20250107T160814Z
2026-02-27 06:15:32,174 - INFO - Using 1 selected station(s): ['HEF'].
2026-02-27 06:15:32,175 - INFO - Creating model actor(s)...
2026-02-27 06:15:32,177 - INFO - System RAM: Total=7870 MB, Available=3898 MB
2026-02-27 06:15:32,179 - INFO - Usable RAM budget: 7083 MB (90% of total)
2026-02-27 06:15:32,181 - INFO - ===== MEMORY-AWARE CPU ACTOR POOL (EQCCT) =====
2026-02-27 06:15:32,183 - INFO - Requested concurrent tasks: 1
2026-02-27 06:15:32,185 - INFO - Available CPUs: 4
2026-02-27 06:15:32,187 - INFO - Available RAM: 7083 MB
2026-02-27 06:15:32,189 - INFO - RAM per model: 2264 MB
2026-02-27 06:15:32,190 - INFO - Max actors by RAM: 3
2026-02-27 06:15:32,192 - INFO - Creating 1 ModelActor(s)
2026-02-27 06:15:32,195 - INFO - Let Ray handle scheduling (taskset already restricts CPU visibility)
2026-02-27 06:15:32,197 - INFO - Creating ModelActor 1/1 (2.21GB RAM each)...
2026-02-27 06:15:36,116 - INFO - ModelActor 1 created successfully.
2026-02-27 06:15:36,118 - INFO - Created 1 CPU actor(s). Task queue will handle concurrency.
2026-02-27 06:15:36,121 - INFO - Starting EQCCTPro parallelized waveform processing...
2026-02-27 06:15:36,122 - INFO - 
2026-02-27 06:15:36,124 - INFO - ------- Analyzing Seismic Waveforms for P and S Picks via EQCCT -------
2026-02-27 06:15:36,127 - INFO - Analyzing 0:01:00 minute timechunk from 2025-01-07 16:07:14 to 2025-01-07 16:08:14 (0 min overlap)
2026-02-27 06:15:36,129 - INFO - Processing a total of 1 stations, 1 at a time.
2026-02-27 06:15:37,974 - INFO - (1/1) HEF: Skipped (already exists - overwrite=False).
2026-02-27 06:15:37,977 - INFO - 
2026-02-27 06:15:37,979 - INFO - ------- Parallel Station Waveform Processing Complete For 2025-01-07 16:07:14 to 2025-01-07 16:08:14 Timechunk-------
2026-02-27 06:15:37,981 - INFO - Picks saved at /home/blackwinter/projects/eqcct/eqcctpro/results/csv/bm_explosions/20250107T160714Z_20250107T160814ZProcess Runtime: 1.86 s
2026-02-27 06:15:37,985 - INFO - Successfully ran EQCCTPro, exiting...
2026-02-27 06:15:39,437 - INFO - Ray Successfully Shutdown.
2026-02-27 06:15:39,438 - INFO - ------- Successfully Picked All Waveform(s) from all Timechunk(s) -------
