2026-03-28 12:28:06,643 - INFO - 
2026-03-28 12:28:06,643 - INFO - ------- Welcome to EQCCTPro -------
2026-03-28 12:28:06,643 - INFO - 
2026-03-28 12:28:06,644 - INFO - Running EQCCT over Requested MSeed Files using CPU(s)...
2026-03-28 12:28:06,644 - INFO - GPU disabled (CPU-only).
2026-03-28 12:28:06,644 - INFO - Skipping framework-specific initialization in the driver process.
2026-03-28 12:28:08,080 - INFO - Ray Successfully Initialized with 4 CPU(s) ([0, 1, 2, 3] CPU Affinity Binding).
2026-03-28 12:28:08,081 - INFO - Analyzing 1 time chunk(s) from 2025-01-10 01:24:01 to 2025-01-10 01:25:01 (dt=1min, overlap=0min).
2026-03-28 12:28:08,081 - INFO - Using 1 selected station(s).
2026-03-28 12:28:08,081 - INFO - 
2026-03-28 12:28:08,081 - INFO - ------- Starting EQCCTPro... -------
2026-03-28 12:28:08,081 - INFO - Detailed subprocess information can be found in the log file.
2026-03-28 12:28:08,082 - INFO - 
2026-03-28 12:28:08,374 - INFO - GPU disabled (CPU-only).
2026-03-28 12:28:08,379 - INFO - Skipping framework-specific initialization in the driver process.
2026-03-28 12:28:08,385 - INFO - ------- Hardware Configuration -------
2026-03-28 12:28:08,388 - INFO - CPU affinity set to cores: [0, 1, 2, 3]
2026-03-28 12:28:08,390 - INFO - 
2026-03-28 12:28:08,393 - INFO - ------- Data Preprocessing for EQCCTPro -------
2026-03-28 12:28:08,395 - INFO - 1 station(s) in /home/blackwinter/projects/eqcct/eqcctpro/data/waveforms_noise_only/20250110T012401Z_20250110T012501Z
2026-03-28 12:28:08,398 - INFO - Using 1 selected station(s): ['OBF8'].
2026-03-28 12:28:08,401 - INFO - Creating model actor(s)...
2026-03-28 12:28:08,404 - INFO - System RAM: Total=7870 MB, Available=4426 MB
2026-03-28 12:28:08,406 - INFO - Usable RAM budget: 7083 MB (90% of total)
2026-03-28 12:28:08,408 - INFO - ===== MEMORY-AWARE CPU ACTOR POOL =====
2026-03-28 12:28:08,411 - INFO - Requested concurrent tasks: 1
2026-03-28 12:28:08,413 - INFO - Available CPUs: 4
2026-03-28 12:28:08,415 - INFO - Available RAM: 7083 MB
2026-03-28 12:28:08,418 - INFO - RAM per model: 2060 MB
2026-03-28 12:28:08,421 - INFO - Max actors by RAM: 3
2026-03-28 12:28:08,423 - INFO - Creating 1 SeisBenchModelActor(s)
2026-03-28 12:28:08,426 - INFO - Let Ray handle scheduling (taskset already restricts CPU visibility)
2026-03-28 12:28:08,428 - INFO - Creating SeisBenchModelActor 1/1 (2.01GB RAM each)...
2026-03-28 12:28:11,168 - INFO - SeisBenchModelActor 1 created successfully.
2026-03-28 12:28:11,171 - INFO - Created 1 CPU actor(s). Task queue will handle concurrency.
2026-03-28 12:28:11,174 - INFO - Starting EQCCTPro parallelized waveform processing...
2026-03-28 12:28:11,176 - INFO - 
2026-03-28 12:28:11,179 - INFO - ------- Analyzing Seismic Waveforms for P and S Picks via SeisBench (EQTransformer - original_nonconservative) -------
2026-03-28 12:28:11,183 - INFO - Analyzing 0:01:00 minute timechunk from 2025-01-10 01:24:01 to 2025-01-10 01:25:01 (0 min overlap)
2026-03-28 12:28:11,186 - INFO - Processing a total of 1 stations, 1 at a time.
2026-03-28 12:28:13,402 - INFO - (1/1) OBF8: Finished the prediction in 0.14s. (HP=1.0, LP=45.0, picks=0)
2026-03-28 12:28:13,405 - INFO - 
2026-03-28 12:28:13,407 - INFO - ------- Parallel Station Waveform Processing Complete For 2025-01-10 01:24:01 to 2025-01-10 01:25:01 Timechunk-------
2026-03-28 12:28:13,410 - INFO - Picks saved at /home/blackwinter/projects/eqcct/eqcctpro/results/csv/eqt_noise_th0_1/20250110T012401Z_20250110T012501ZProcess Runtime: 2.23 s
2026-03-28 12:28:13,415 - INFO - Successfully ran EQCCTPro, exiting...
2026-03-28 12:28:15,153 - INFO - Ray Successfully Shutdown.
2026-03-28 12:28:15,153 - INFO - ------- Successfully Picked All Waveform(s) from all Timechunk(s) -------
