2026-03-28 10:03:04,349 - INFO - 
2026-03-28 10:03:04,349 - INFO - ------- Welcome to EQCCTPro -------
2026-03-28 10:03:04,349 - INFO - 
2026-03-28 10:03:04,350 - INFO - Running EQCCT over Requested MSeed Files using CPU(s)...
2026-03-28 10:03:04,350 - INFO - GPU disabled (CPU-only).
2026-03-28 10:03:04,350 - INFO - Skipping framework-specific initialization in the driver process.
2026-03-28 10:03:05,766 - INFO - Ray Successfully Initialized with 4 CPU(s) ([0, 1, 2, 3] CPU Affinity Binding).
2026-03-28 10:03:05,766 - INFO - Analyzing 1 time chunk(s) from 2025-01-04 10:57:48 to 2025-01-04 10:58:48 (dt=1min, overlap=0min).
2026-03-28 10:03:05,766 - INFO - Using 1 selected station(s).
2026-03-28 10:03:05,766 - INFO - 
2026-03-28 10:03:05,767 - INFO - ------- Starting EQCCTPro... -------
2026-03-28 10:03:05,767 - INFO - Detailed subprocess information can be found in the log file.
2026-03-28 10:03:05,767 - INFO - 
2026-03-28 10:03:06,055 - INFO - GPU disabled (CPU-only).
2026-03-28 10:03:06,060 - INFO - Skipping framework-specific initialization in the driver process.
2026-03-28 10:03:06,063 - INFO - ------- Hardware Configuration -------
2026-03-28 10:03:06,066 - INFO - CPU affinity set to cores: [0, 1, 2, 3]
2026-03-28 10:03:06,068 - INFO - 
2026-03-28 10:03:06,072 - INFO - ------- Data Preprocessing for EQCCTPro -------
2026-03-28 10:03:06,074 - INFO - 1 station(s) in /home/blackwinter/projects/eqcct/eqcctpro/data/waveforms_noise_only/20250104T105748Z_20250104T105848Z
2026-03-28 10:03:06,077 - INFO - Using 1 selected station(s): ['FIA2'].
2026-03-28 10:03:06,080 - INFO - Creating model actor(s)...
2026-03-28 10:03:06,082 - INFO - System RAM: Total=7870 MB, Available=4751 MB
2026-03-28 10:03:06,085 - INFO - Usable RAM budget: 7083 MB (90% of total)
2026-03-28 10:03:06,089 - INFO - ===== MEMORY-AWARE CPU ACTOR POOL =====
2026-03-28 10:03:06,091 - INFO - Requested concurrent tasks: 1
2026-03-28 10:03:06,094 - INFO - Available CPUs: 4
2026-03-28 10:03:06,096 - INFO - Available RAM: 7083 MB
2026-03-28 10:03:06,098 - INFO - RAM per model: 2060 MB
2026-03-28 10:03:06,100 - INFO - Max actors by RAM: 3
2026-03-28 10:03:06,102 - INFO - Creating 1 SeisBenchModelActor(s)
2026-03-28 10:03:06,105 - INFO - Let Ray handle scheduling (taskset already restricts CPU visibility)
2026-03-28 10:03:06,107 - INFO - Creating SeisBenchModelActor 1/1 (2.01GB RAM each)...
2026-03-28 10:03:08,849 - INFO - SeisBenchModelActor 1 created successfully.
2026-03-28 10:03:08,852 - INFO - Created 1 CPU actor(s). Task queue will handle concurrency.
2026-03-28 10:03:08,854 - INFO - Starting EQCCTPro parallelized waveform processing...
2026-03-28 10:03:08,857 - INFO - 
2026-03-28 10:03:08,860 - INFO - ------- Analyzing Seismic Waveforms for P and S Picks via SeisBench (EQTransformer - original_nonconservative) -------
2026-03-28 10:03:08,863 - INFO - Analyzing 0:01:00 minute timechunk from 2025-01-04 10:57:48 to 2025-01-04 10:58:48 (0 min overlap)
2026-03-28 10:03:08,865 - INFO - Processing a total of 1 stations, 1 at a time.
2026-03-28 10:03:11,025 - INFO - (1/1) FIA2: Finished the prediction in 0.13s. (HP=1.0, LP=45.0, picks=0)
2026-03-28 10:03:11,028 - INFO - 
2026-03-28 10:03:11,031 - INFO - ------- Parallel Station Waveform Processing Complete For 2025-01-04 10:57:48 to 2025-01-04 10:58:48 Timechunk-------
2026-03-28 10:03:11,034 - INFO - Picks saved at /home/blackwinter/projects/eqcct/eqcctpro/results/csv/eqt_noise_th0_1/20250104T105748Z_20250104T105848ZProcess Runtime: 2.17 s
2026-03-28 10:03:11,038 - INFO - Successfully ran EQCCTPro, exiting...
2026-03-28 10:03:12,426 - INFO - Ray Successfully Shutdown.
2026-03-28 10:03:12,426 - INFO - ------- Successfully Picked All Waveform(s) from all Timechunk(s) -------
