2026-03-28 21:38:00,706 - INFO - 
2026-03-28 21:38:00,706 - INFO - ------- Welcome to EQCCTPro -------
2026-03-28 21:38:00,706 - INFO - 
2026-03-28 21:38:00,706 - INFO - Running EQCCT over Requested MSeed Files using CPU(s)...
2026-03-28 21:38:00,707 - INFO - GPU disabled (CPU-only).
2026-03-29 06:08:43,723 - INFO - 
2026-03-29 06:08:43,724 - INFO - ------- Welcome to EQCCTPro -------
2026-03-29 06:08:43,724 - INFO - 
2026-03-29 06:08:43,724 - INFO - Running EQCCT over Requested MSeed Files using CPU(s)...
2026-03-29 06:08:43,725 - INFO - GPU disabled (CPU-only).
2026-03-29 06:08:43,725 - INFO - Configured Intra-op threads = 1
2026-03-29 06:08:43,725 - INFO - Configured Inter-op threads = 1
2026-03-29 06:08:43,725 - INFO - TensorFlow: No GPUs visible; TF will proceed on CPU.
2026-03-29 06:08:43,725 - INFO - 
2026-03-29 06:08:48,836 - INFO - Ray Successfully Initialized with 4 CPU(s) ([0, 1, 2, 3] CPU Affinity Binding).
2026-03-29 06:08:48,837 - INFO - Analyzing 1 time chunk(s) from 2025-01-21 22:55:45 to 2025-01-21 22:56:45 (dt=1min, overlap=0min).
2026-03-29 06:08:48,837 - INFO - Using 1 selected station(s).
2026-03-29 06:08:48,837 - INFO - 
2026-03-29 06:08:48,838 - INFO - ------- Starting EQCCTPro... -------
2026-03-29 06:08:48,839 - INFO - Detailed subprocess information can be found in the log file.
2026-03-29 06:08:48,839 - INFO - 
2026-03-29 06:08:49,227 - INFO - GPU disabled (CPU-only).
2026-03-29 06:08:50,870 - INFO - Configured Intra-op threads = 1
2026-03-29 06:08:50,872 - INFO - Configured Inter-op threads = 1
2026-03-29 06:08:50,940 - INFO - TensorFlow: No GPUs visible; TF will proceed on CPU.
2026-03-29 06:08:50,943 - INFO - 
2026-03-29 06:08:50,948 - INFO - ------- Hardware Configuration -------
2026-03-29 06:08:50,951 - INFO - CPU affinity set to cores: [0, 1, 2, 3]
2026-03-29 06:08:50,954 - INFO - 
2026-03-29 06:08:50,956 - INFO - ------- Data Preprocessing for EQCCTPro -------
2026-03-29 06:08:50,959 - INFO - 1 station(s) in /home/blackwinter/projects/eqcct/eqcctpro/data/waveforms_explosions_nonoise/20250121T225545Z_20250121T225645Z
2026-03-29 06:08:50,962 - INFO - Using 1 selected station(s): ['RAJF'].
2026-03-29 06:08:50,964 - INFO - Creating model actor(s)...
2026-03-29 06:08:50,967 - INFO - System RAM: Total=7870 MB, Available=2943 MB
2026-03-29 06:08:50,970 - INFO - Usable RAM budget: 7083 MB (90% of total)
2026-03-29 06:08:50,973 - INFO - ===== MEMORY-AWARE CPU ACTOR POOL (EQCCT) =====
2026-03-29 06:08:50,975 - INFO - Requested concurrent tasks: 1
2026-03-29 06:08:50,978 - INFO - Available CPUs: 4
2026-03-29 06:08:50,981 - INFO - Available RAM: 7083 MB
2026-03-29 06:08:50,984 - INFO - RAM per model: 2264 MB
2026-03-29 06:08:50,986 - INFO - Max actors by RAM: 3
2026-03-29 06:08:50,988 - INFO - Creating 1 ModelActor(s)
2026-03-29 06:08:50,990 - INFO - Let Ray handle scheduling (taskset already restricts CPU visibility)
2026-03-29 06:08:50,992 - INFO - Creating ModelActor 1/1 (2.21GB RAM each)...
2026-03-29 06:08:55,399 - INFO - ModelActor 1 created successfully.
2026-03-29 06:08:55,402 - INFO - Created 1 CPU actor(s). Task queue will handle concurrency.
2026-03-29 06:08:55,405 - INFO - Starting EQCCTPro parallelized waveform processing...
2026-03-29 06:08:55,408 - INFO - 
2026-03-29 06:08:55,410 - INFO - ------- Analyzing Seismic Waveforms for P and S Picks via EQCCT -------
2026-03-29 06:08:55,413 - INFO - Analyzing 0:01:00 minute timechunk from 2025-01-21 22:55:45 to 2025-01-21 22:56:45 (0 min overlap)
2026-03-29 06:08:55,416 - INFO - Processing a total of 1 stations, 1 at a time.
2026-03-29 06:09:00,033 - INFO - (1/1) RAJF: Finished the prediction in 2.49s. (HP=1.0, LP=45.0)
2026-03-29 06:09:00,036 - INFO - 
2026-03-29 06:09:00,039 - INFO - ------- Parallel Station Waveform Processing Complete For 2025-01-21 22:55:45 to 2025-01-21 22:56:45 Timechunk-------
2026-03-29 06:09:00,042 - INFO - Picks saved at /home/blackwinter/projects/eqcct/eqcctpro/results/csv/eqcct_explosions_th0_1/20250121T225545Z_20250121T225645ZProcess Runtime: 4.63 s
2026-03-29 06:09:00,046 - INFO - Successfully ran EQCCTPro, exiting...
2026-03-29 06:09:01,864 - INFO - Ray Successfully Shutdown.
2026-03-29 06:09:01,864 - INFO - ------- Successfully Picked All Waveform(s) from all Timechunk(s) -------
