2026-03-27 20:04:26,898 - INFO - 
2026-03-27 20:04:26,898 - INFO - ------- Welcome to EQCCTPro -------
2026-03-27 20:04:26,898 - INFO - 
2026-03-27 20:04:26,899 - INFO - Running EQCCT over Requested MSeed Files using CPU(s)...
2026-03-27 20:04:26,899 - INFO - GPU disabled (CPU-only).
2026-03-27 20:04:26,899 - INFO - Skipping framework-specific initialization in the driver process.
2026-03-27 20:04:29,306 - INFO - Ray Successfully Initialized with 4 CPU(s) ([0, 1, 2, 3] CPU Affinity Binding).
2026-03-27 20:04:29,306 - INFO - Analyzing 1 time chunk(s) from 2025-08-13 06:08:06 to 2025-08-13 06:09:06 (dt=1min, overlap=0min).
2026-03-27 20:04:29,306 - INFO - Using 1 selected station(s).
2026-03-27 20:04:29,306 - INFO - 
2026-03-27 20:04:29,307 - INFO - ------- Starting EQCCTPro... -------
2026-03-27 20:04:29,307 - INFO - Detailed subprocess information can be found in the log file.
2026-03-27 20:04:29,307 - INFO - 
2026-03-27 20:04:29,595 - INFO - GPU disabled (CPU-only).
2026-03-27 20:04:29,599 - INFO - Skipping framework-specific initialization in the driver process.
2026-03-27 20:04:29,601 - INFO - ------- Hardware Configuration -------
2026-03-27 20:04:29,604 - INFO - CPU affinity set to cores: [0, 1, 2, 3]
2026-03-27 20:04:29,606 - INFO - 
2026-03-27 20:04:29,609 - INFO - ------- Data Preprocessing for EQCCTPro -------
2026-03-27 20:04:29,611 - INFO - 1 station(s) in /home/blackwinter/projects/eqcct/eqcctpro/data/waveforms_earthquakes_nonoise/20250813T060806Z_20250813T060906Z
2026-03-27 20:04:29,614 - INFO - Using 1 selected station(s): ['MSF'].
2026-03-27 20:04:29,616 - INFO - Creating model actor(s)...
2026-03-27 20:04:29,618 - INFO - System RAM: Total=7870 MB, Available=5932 MB
2026-03-27 20:04:29,621 - INFO - Usable RAM budget: 7083 MB (90% of total)
2026-03-27 20:04:29,623 - INFO - ===== MEMORY-AWARE CPU ACTOR POOL =====
2026-03-27 20:04:29,625 - INFO - Requested concurrent tasks: 1
2026-03-27 20:04:29,627 - INFO - Available CPUs: 4
2026-03-27 20:04:29,630 - INFO - Available RAM: 7083 MB
2026-03-27 20:04:29,632 - INFO - RAM per model: 2060 MB
2026-03-27 20:04:29,634 - INFO - Max actors by RAM: 3
2026-03-27 20:04:29,636 - INFO - Creating 1 SeisBenchModelActor(s)
2026-03-27 20:04:29,638 - INFO - Let Ray handle scheduling (taskset already restricts CPU visibility)
2026-03-27 20:04:29,640 - INFO - Creating SeisBenchModelActor 1/1 (2.01GB RAM each)...
2026-03-27 20:04:32,728 - INFO - SeisBenchModelActor 1 created successfully.
2026-03-27 20:04:32,730 - INFO - Created 1 CPU actor(s). Task queue will handle concurrency.
2026-03-27 20:04:32,732 - INFO - Starting EQCCTPro parallelized waveform processing...
2026-03-27 20:04:32,734 - INFO - 
2026-03-27 20:04:32,736 - INFO - ------- Analyzing Seismic Waveforms for P and S Picks via SeisBench (EQTransformer - original_nonconservative) -------
2026-03-27 20:04:32,739 - INFO - Analyzing 0:01:00 minute timechunk from 2025-08-13 06:08:06 to 2025-08-13 06:09:06 (0 min overlap)
2026-03-27 20:04:32,741 - INFO - Processing a total of 1 stations, 1 at a time.
2026-03-27 20:04:35,116 - INFO - (1/1) MSF: Finished the prediction in 0.15s. (HP=1.0, LP=45.0, picks=0)
2026-03-27 20:04:35,121 - INFO - 
2026-03-27 20:04:35,123 - INFO - ------- Parallel Station Waveform Processing Complete For 2025-08-13 06:08:06 to 2025-08-13 06:09:06 Timechunk-------
2026-03-27 20:04:35,130 - INFO - Successfully ran EQCCTPro, exiting...
2026-03-27 20:04:35,125 - INFO - Picks saved at /home/blackwinter/projects/eqcct/eqcctpro/results/csv/eqt_earthquakes_th0_1/20250813T060806Z_20250813T060906ZProcess Runtime: 2.39 s
2026-03-27 20:04:36,875 - INFO - Ray Successfully Shutdown.
2026-03-27 20:04:36,875 - INFO - ------- Successfully Picked All Waveform(s) from all Timechunk(s) -------
2026-03-28 02:31:00,257 - INFO - 
2026-03-28 02:31:00,257 - INFO - ------- Welcome to EQCCTPro -------
2026-03-28 02:31:00,257 - INFO - 
2026-03-28 02:31:00,258 - INFO - Running EQCCT over Requested MSeed Files using CPU(s)...
2026-03-28 02:31:00,258 - INFO - GPU disabled (CPU-only).
2026-03-28 02:31:00,258 - INFO - Skipping framework-specific initialization in the driver process.
2026-03-28 02:31:02,692 - INFO - Ray Successfully Initialized with 4 CPU(s) ([0, 1, 2, 3] CPU Affinity Binding).
2026-03-28 02:31:02,692 - INFO - Analyzing 1 time chunk(s) from 2025-08-13 06:08:06 to 2025-08-13 06:09:06 (dt=1min, overlap=0min).
2026-03-28 02:31:02,692 - INFO - Using 1 selected station(s).
2026-03-28 02:31:02,693 - INFO - 
2026-03-28 02:31:02,693 - INFO - ------- Starting EQCCTPro... -------
2026-03-28 02:31:02,693 - INFO - Detailed subprocess information can be found in the log file.
2026-03-28 02:31:02,693 - INFO - 
2026-03-28 02:31:03,025 - INFO - GPU disabled (CPU-only).
2026-03-28 02:31:03,032 - INFO - Skipping framework-specific initialization in the driver process.
2026-03-28 02:31:03,036 - INFO - ------- Hardware Configuration -------
2026-03-28 02:31:03,038 - INFO - CPU affinity set to cores: [0, 1, 2, 3]
2026-03-28 02:31:03,041 - INFO - 
2026-03-28 02:31:03,044 - INFO - ------- Data Preprocessing for EQCCTPro -------
2026-03-28 02:31:03,046 - INFO - 1 station(s) in /home/blackwinter/projects/eqcct/eqcctpro/data/waveforms_earthquakes_nonoise/20250813T060806Z_20250813T060906Z
2026-03-28 02:31:03,048 - INFO - Using 1 selected station(s): ['MSF'].
2026-03-28 02:31:03,050 - INFO - Creating model actor(s)...
2026-03-28 02:31:03,052 - INFO - System RAM: Total=7870 MB, Available=5743 MB
2026-03-28 02:31:03,054 - INFO - Usable RAM budget: 7083 MB (90% of total)
2026-03-28 02:31:03,056 - INFO - ===== MEMORY-AWARE CPU ACTOR POOL =====
2026-03-28 02:31:03,059 - INFO - Requested concurrent tasks: 1
2026-03-28 02:31:03,061 - INFO - Available CPUs: 4
2026-03-28 02:31:03,063 - INFO - Available RAM: 7083 MB
2026-03-28 02:31:03,066 - INFO - RAM per model: 2060 MB
2026-03-28 02:31:03,069 - INFO - Max actors by RAM: 3
2026-03-28 02:31:03,072 - INFO - Creating 1 SeisBenchModelActor(s)
2026-03-28 02:31:03,074 - INFO - Let Ray handle scheduling (taskset already restricts CPU visibility)
2026-03-28 02:31:03,077 - INFO - Creating SeisBenchModelActor 1/1 (2.01GB RAM each)...
2026-03-28 02:31:05,715 - INFO - SeisBenchModelActor 1 created successfully.
2026-03-28 02:31:05,718 - INFO - Created 1 CPU actor(s). Task queue will handle concurrency.
2026-03-28 02:31:05,721 - INFO - Starting EQCCTPro parallelized waveform processing...
2026-03-28 02:31:05,723 - INFO - 
2026-03-28 02:31:05,726 - INFO - ------- Analyzing Seismic Waveforms for P and S Picks via SeisBench (EQTransformer - original_nonconservative) -------
2026-03-28 02:31:05,729 - INFO - Analyzing 0:01:00 minute timechunk from 2025-08-13 06:08:06 to 2025-08-13 06:09:06 (0 min overlap)
2026-03-28 02:31:05,731 - INFO - Processing a total of 1 stations, 1 at a time.
2026-03-28 02:31:07,808 - INFO - (1/1) MSF: Skipped (already exists - overwrite=False).
2026-03-28 02:31:07,812 - INFO - 
2026-03-28 02:31:07,815 - INFO - ------- Parallel Station Waveform Processing Complete For 2025-08-13 06:08:06 to 2025-08-13 06:09:06 Timechunk-------
2026-03-28 02:31:07,818 - INFO - Picks saved at /home/blackwinter/projects/eqcct/eqcctpro/results/csv/eqt_earthquakes_th0_1/20250813T060806Z_20250813T060906ZProcess Runtime: 2.09 s
2026-03-28 02:31:07,824 - INFO - Successfully ran EQCCTPro, exiting...
2026-03-28 02:31:09,669 - INFO - Ray Successfully Shutdown.
2026-03-28 02:31:09,669 - INFO - ------- Successfully Picked All Waveform(s) from all Timechunk(s) -------
