2026-03-19 22:47:12,352 - INFO - 
2026-03-19 22:47:12,352 - INFO - ------- Welcome to EQCCTPro -------
2026-03-19 22:47:12,352 - INFO - 
2026-03-19 22:47:12,352 - INFO - Running EQCCT over Requested MSeed Files using CPU(s)...
2026-03-19 22:47:12,353 - INFO - GPU disabled (CPU-only).
2026-03-19 22:47:12,353 - INFO - Configured Intra-op threads = 1
2026-03-19 22:47:12,353 - INFO - Configured Inter-op threads = 1
2026-03-19 22:47:12,353 - INFO - TensorFlow: No GPUs visible; TF will proceed on CPU.
2026-03-19 22:47:12,353 - INFO - 
2026-03-19 22:47:17,735 - INFO - Ray Successfully Initialized with 4 CPU(s) ([0, 1, 2, 3] CPU Affinity Binding).
2026-03-19 22:47:17,736 - INFO - Analyzing 1 time chunk(s) from 2025-01-15 10:55:30 to 2025-01-15 10:56:30 (dt=1min, overlap=0min).
2026-03-19 22:47:17,736 - INFO - Using 1 selected station(s).
2026-03-19 22:47:17,736 - INFO - 
2026-03-19 22:47:17,736 - INFO - ------- Starting EQCCTPro... -------
2026-03-19 22:47:17,737 - INFO - Detailed subprocess information can be found in the log file.
2026-03-19 22:47:17,737 - INFO - 
2026-03-19 22:47:18,117 - INFO - GPU disabled (CPU-only).
2026-03-19 22:47:19,714 - INFO - Configured Intra-op threads = 1
2026-03-19 22:47:19,717 - INFO - Configured Inter-op threads = 1
2026-03-19 22:47:19,760 - INFO - TensorFlow: No GPUs visible; TF will proceed on CPU.
2026-03-19 22:47:19,762 - INFO - 
2026-03-19 22:47:19,764 - INFO - ------- Hardware Configuration -------
2026-03-19 22:47:19,766 - INFO - CPU affinity set to cores: [0, 1, 2, 3]
2026-03-19 22:47:19,769 - INFO - 
2026-03-19 22:47:19,771 - INFO - ------- Data Preprocessing for EQCCTPro -------
2026-03-19 22:47:19,773 - INFO - 1 station(s) in /home/blackwinter/projects/eqcct/eqcctpro/data/waveforms_earthquakes_nonoise/20250115T105530Z_20250115T105630Z
2026-03-19 22:47:19,775 - INFO - Using 1 selected station(s): ['OUF'].
2026-03-19 22:47:19,778 - INFO - Creating model actor(s)...
2026-03-19 22:47:19,780 - INFO - System RAM: Total=7870 MB, Available=2967 MB
2026-03-19 22:47:19,782 - INFO - Usable RAM budget: 7083 MB (90% of total)
2026-03-19 22:47:19,784 - INFO - ===== MEMORY-AWARE CPU ACTOR POOL (EQCCT) =====
2026-03-19 22:47:19,786 - INFO - Requested concurrent tasks: 1
2026-03-19 22:47:19,787 - INFO - Available CPUs: 4
2026-03-19 22:47:19,789 - INFO - Available RAM: 7083 MB
2026-03-19 22:47:19,791 - INFO - RAM per model: 2264 MB
2026-03-19 22:47:19,793 - INFO - Max actors by RAM: 3
2026-03-19 22:47:19,795 - INFO - Creating 1 ModelActor(s)
2026-03-19 22:47:19,796 - INFO - Let Ray handle scheduling (taskset already restricts CPU visibility)
2026-03-19 22:47:19,798 - INFO - Creating ModelActor 1/1 (2.21GB RAM each)...
2026-03-19 22:47:23,794 - INFO - ModelActor 1 created successfully.
2026-03-19 22:47:23,797 - INFO - Created 1 CPU actor(s). Task queue will handle concurrency.
2026-03-19 22:47:23,799 - INFO - Starting EQCCTPro parallelized waveform processing...
2026-03-19 22:47:23,801 - INFO - 
2026-03-19 22:47:23,802 - INFO - ------- Analyzing Seismic Waveforms for P and S Picks via EQCCT -------
2026-03-19 22:47:23,805 - INFO - Analyzing 0:01:00 minute timechunk from 2025-01-15 10:55:30 to 2025-01-15 10:56:30 (0 min overlap)
2026-03-19 22:47:23,807 - INFO - Processing a total of 1 stations, 1 at a time.
2026-03-19 22:47:27,843 - INFO - (1/1) OUF: Finished the prediction in 2.14s. (HP=1.0, LP=45.0)
2026-03-19 22:47:27,845 - INFO - 
2026-03-19 22:47:27,848 - INFO - ------- Parallel Station Waveform Processing Complete For 2025-01-15 10:55:30 to 2025-01-15 10:56:30 Timechunk-------
2026-03-19 22:47:27,850 - INFO - Picks saved at /home/blackwinter/projects/eqcct/eqcctpro/results/csv/eqcct_earthquakes_th0_1/20250115T105530Z_20250115T105630ZProcess Runtime: 4.05 s
2026-03-19 22:47:27,855 - INFO - Successfully ran EQCCTPro, exiting...
2026-03-19 22:47:29,254 - INFO - Ray Successfully Shutdown.
2026-03-19 22:47:29,254 - INFO - ------- Successfully Picked All Waveform(s) from all Timechunk(s) -------
