2026-03-28 11:13:36,465 - INFO - 
2026-03-28 11:13:36,465 - INFO - ------- Welcome to EQCCTPro -------
2026-03-28 11:13:36,465 - INFO - 
2026-03-28 11:13:36,466 - INFO - Running EQCCT over Requested MSeed Files using CPU(s)...
2026-03-28 11:13:36,466 - INFO - GPU disabled (CPU-only).
2026-03-28 11:13:36,466 - INFO - Skipping framework-specific initialization in the driver process.
2026-03-28 11:13:37,920 - INFO - Ray Successfully Initialized with 4 CPU(s) ([0, 1, 2, 3] CPU Affinity Binding).
2026-03-28 11:13:37,920 - INFO - Analyzing 1 time chunk(s) from 2025-01-07 05:56:21 to 2025-01-07 05:57:21 (dt=1min, overlap=0min).
2026-03-28 11:13:37,920 - INFO - Using 1 selected station(s).
2026-03-28 11:13:37,920 - INFO - 
2026-03-28 11:13:37,921 - INFO - ------- Starting EQCCTPro... -------
2026-03-28 11:13:37,921 - INFO - Detailed subprocess information can be found in the log file.
2026-03-28 11:13:37,921 - INFO - 
2026-03-28 11:13:38,228 - INFO - GPU disabled (CPU-only).
2026-03-28 11:13:38,232 - INFO - Skipping framework-specific initialization in the driver process.
2026-03-28 11:13:38,236 - INFO - ------- Hardware Configuration -------
2026-03-28 11:13:38,239 - INFO - CPU affinity set to cores: [0, 1, 2, 3]
2026-03-28 11:13:38,241 - INFO - 
2026-03-28 11:13:38,244 - INFO - ------- Data Preprocessing for EQCCTPro -------
2026-03-28 11:13:38,247 - INFO - 1 station(s) in /home/blackwinter/projects/eqcct/eqcctpro/data/waveforms_noise_only/20250107T055621Z_20250107T055721Z
2026-03-28 11:13:38,250 - INFO - Using 1 selected station(s): ['FIC3'].
2026-03-28 11:13:38,252 - INFO - Creating model actor(s)...
2026-03-28 11:13:38,255 - INFO - System RAM: Total=7870 MB, Available=4658 MB
2026-03-28 11:13:38,257 - INFO - Usable RAM budget: 7083 MB (90% of total)
2026-03-28 11:13:38,259 - INFO - ===== MEMORY-AWARE CPU ACTOR POOL =====
2026-03-28 11:13:38,261 - INFO - Requested concurrent tasks: 1
2026-03-28 11:13:38,263 - INFO - Available CPUs: 4
2026-03-28 11:13:38,265 - INFO - Available RAM: 7083 MB
2026-03-28 11:13:38,267 - INFO - RAM per model: 2060 MB
2026-03-28 11:13:38,270 - INFO - Max actors by RAM: 3
2026-03-28 11:13:38,272 - INFO - Creating 1 SeisBenchModelActor(s)
2026-03-28 11:13:38,275 - INFO - Let Ray handle scheduling (taskset already restricts CPU visibility)
2026-03-28 11:13:38,277 - INFO - Creating SeisBenchModelActor 1/1 (2.01GB RAM each)...
2026-03-28 11:13:41,062 - INFO - SeisBenchModelActor 1 created successfully.
2026-03-28 11:13:41,065 - INFO - Created 1 CPU actor(s). Task queue will handle concurrency.
2026-03-28 11:13:41,067 - INFO - Starting EQCCTPro parallelized waveform processing...
2026-03-28 11:13:41,070 - INFO - 
2026-03-28 11:13:41,072 - INFO - ------- Analyzing Seismic Waveforms for P and S Picks via SeisBench (EQTransformer - original_nonconservative) -------
2026-03-28 11:13:41,075 - INFO - Analyzing 0:01:00 minute timechunk from 2025-01-07 05:56:21 to 2025-01-07 05:57:21 (0 min overlap)
2026-03-28 11:13:41,078 - INFO - Processing a total of 1 stations, 1 at a time.
2026-03-28 11:13:43,368 - INFO - (1/1) FIC3: Finished the prediction in 0.14s. (HP=1.0, LP=45.0, picks=0)
2026-03-28 11:13:43,372 - INFO - 
2026-03-28 11:13:43,375 - INFO - ------- Parallel Station Waveform Processing Complete For 2025-01-07 05:56:21 to 2025-01-07 05:57:21 Timechunk-------
2026-03-28 11:13:43,377 - INFO - Picks saved at /home/blackwinter/projects/eqcct/eqcctpro/results/csv/eqt_noise_th0_1/20250107T055621Z_20250107T055721ZProcess Runtime: 2.30 s
2026-03-28 11:13:43,382 - INFO - Successfully ran EQCCTPro, exiting...
2026-03-28 11:13:44,955 - INFO - Ray Successfully Shutdown.
2026-03-28 11:13:44,956 - INFO - ------- Successfully Picked All Waveform(s) from all Timechunk(s) -------
