2026-03-10 17:51:04,044 - INFO - 
2026-03-10 17:51:04,045 - INFO - ------- Welcome to EQCCTPro -------
2026-03-10 17:51:04,045 - INFO - 
2026-03-10 17:51:04,045 - INFO - Running EQCCT over Requested MSeed Files using CPU(s)...
2026-03-10 17:51:04,046 - INFO - GPU disabled (CPU-only).
2026-03-10 17:51:04,046 - INFO - Configured Intra-op threads = 1
2026-03-10 17:51:04,046 - INFO - Configured Inter-op threads = 1
2026-03-10 17:51:04,046 - INFO - TensorFlow: No GPUs visible; TF will proceed on CPU.
2026-03-10 17:51:04,046 - INFO - 
2026-03-10 17:51:09,406 - INFO - Ray Successfully Initialized with 4 CPU(s) ([0, 1, 2, 3] CPU Affinity Binding).
2026-03-10 17:51:09,407 - INFO - Analyzing 1 time chunk(s) from 2025-01-02 16:38:14 to 2025-01-02 16:39:14 (dt=1min, overlap=0min).
2026-03-10 17:51:09,407 - INFO - Using 1 selected station(s).
2026-03-10 17:51:09,407 - INFO - 
2026-03-10 17:51:09,407 - INFO - ------- Starting EQCCTPro... -------
2026-03-10 17:51:09,408 - INFO - Detailed subprocess information can be found in the log file.
2026-03-10 17:51:09,408 - INFO - 
2026-03-10 17:51:09,810 - INFO - GPU disabled (CPU-only).
2026-03-10 17:51:11,351 - INFO - Configured Intra-op threads = 1
2026-03-10 17:51:11,353 - INFO - Configured Inter-op threads = 1
2026-03-10 17:51:11,398 - INFO - TensorFlow: No GPUs visible; TF will proceed on CPU.
2026-03-10 17:51:11,400 - INFO - 
2026-03-10 17:51:11,403 - INFO - ------- Hardware Configuration -------
2026-03-10 17:51:11,405 - INFO - CPU affinity set to cores: [0, 1, 2, 3]
2026-03-10 17:51:11,408 - INFO - 
2026-03-10 17:51:11,410 - INFO - ------- Data Preprocessing for EQCCTPro -------
2026-03-10 17:51:11,412 - INFO - 1 station(s) in /home/blackwinter/projects/eqcct/eqcctpro/data/waveforms_noise_only/20250102T163814Z_20250102T163914Z
2026-03-10 17:51:11,414 - INFO - Using 1 selected station(s): ['KU6'].
2026-03-10 17:51:11,416 - INFO - Creating model actor(s)...
2026-03-10 17:51:11,418 - INFO - System RAM: Total=7870 MB, Available=4242 MB
2026-03-10 17:51:11,420 - INFO - Usable RAM budget: 7083 MB (90% of total)
2026-03-10 17:51:11,422 - INFO - ===== MEMORY-AWARE CPU ACTOR POOL (EQCCT) =====
2026-03-10 17:51:11,424 - INFO - Requested concurrent tasks: 1
2026-03-10 17:51:11,426 - INFO - Available CPUs: 4
2026-03-10 17:51:11,428 - INFO - Available RAM: 7083 MB
2026-03-10 17:51:11,430 - INFO - RAM per model: 2264 MB
2026-03-10 17:51:11,433 - INFO - Max actors by RAM: 3
2026-03-10 17:51:11,435 - INFO - Creating 1 ModelActor(s)
2026-03-10 17:51:11,438 - INFO - Let Ray handle scheduling (taskset already restricts CPU visibility)
2026-03-10 17:51:11,440 - INFO - Creating ModelActor 1/1 (2.21GB RAM each)...
2026-03-10 17:51:15,402 - INFO - ModelActor 1 created successfully.
2026-03-10 17:51:15,405 - INFO - Created 1 CPU actor(s). Task queue will handle concurrency.
2026-03-10 17:51:15,407 - INFO - Starting EQCCTPro parallelized waveform processing...
2026-03-10 17:51:15,409 - INFO - 
2026-03-10 17:51:15,411 - INFO - ------- Analyzing Seismic Waveforms for P and S Picks via EQCCT -------
2026-03-10 17:51:15,414 - INFO - Analyzing 0:01:00 minute timechunk from 2025-01-02 16:38:14 to 2025-01-02 16:39:14 (0 min overlap)
2026-03-10 17:51:15,416 - INFO - Processing a total of 1 stations, 1 at a time.
2026-03-10 17:51:19,533 - INFO - (1/1) KU6: Finished the prediction in 2.21s. (HP=1.0, LP=45.0)
2026-03-10 17:51:19,536 - INFO - 
2026-03-10 17:51:19,538 - INFO - ------- Parallel Station Waveform Processing Complete For 2025-01-02 16:38:14 to 2025-01-02 16:39:14 Timechunk-------
2026-03-10 17:51:19,540 - INFO - Picks saved at /home/blackwinter/projects/eqcct/eqcctpro/results/csv/bm_noise_only/20250102T163814Z_20250102T163914ZProcess Runtime: 4.13 s
2026-03-10 17:51:19,544 - INFO - Successfully ran EQCCTPro, exiting...
2026-03-10 17:51:21,137 - INFO - Ray Successfully Shutdown.
2026-03-10 17:51:21,137 - INFO - ------- Successfully Picked All Waveform(s) from all Timechunk(s) -------
2026-03-11 09:19:34,496 - INFO - 
2026-03-11 09:19:34,497 - INFO - ------- Welcome to EQCCTPro -------
2026-03-11 09:19:34,497 - INFO - 
2026-03-11 09:19:34,497 - INFO - Running EQCCT over Requested MSeed Files using CPU(s)...
2026-03-11 09:19:34,497 - INFO - GPU disabled (CPU-only).
2026-03-11 09:19:34,498 - INFO - Configured Intra-op threads = 1
2026-03-11 09:19:34,498 - INFO - Configured Inter-op threads = 1
2026-03-11 09:19:34,498 - INFO - TensorFlow: No GPUs visible; TF will proceed on CPU.
2026-03-11 09:19:34,498 - INFO - 
2026-03-11 09:19:39,986 - INFO - Ray Successfully Initialized with 4 CPU(s) ([0, 1, 2, 3] CPU Affinity Binding).
2026-03-11 09:19:39,986 - INFO - Analyzing 1 time chunk(s) from 2025-01-02 16:38:14 to 2025-01-02 16:39:14 (dt=1min, overlap=0min).
2026-03-11 09:19:39,986 - INFO - Using 1 selected station(s).
2026-03-11 09:19:39,986 - INFO - 
2026-03-11 09:19:39,987 - INFO - ------- Starting EQCCTPro... -------
2026-03-11 09:19:39,987 - INFO - Detailed subprocess information can be found in the log file.
2026-03-11 09:19:39,987 - INFO - 
2026-03-11 09:19:40,390 - INFO - GPU disabled (CPU-only).
2026-03-11 09:19:41,951 - INFO - Configured Intra-op threads = 1
2026-03-11 09:19:41,953 - INFO - Configured Inter-op threads = 1
2026-03-11 09:19:41,997 - INFO - TensorFlow: No GPUs visible; TF will proceed on CPU.
2026-03-11 09:19:41,999 - INFO - 
2026-03-11 09:19:42,001 - INFO - ------- Hardware Configuration -------
2026-03-11 09:19:42,003 - INFO - CPU affinity set to cores: [0, 1, 2, 3]
2026-03-11 09:19:42,005 - INFO - 
2026-03-11 09:19:42,008 - INFO - ------- Data Preprocessing for EQCCTPro -------
2026-03-11 09:19:42,010 - INFO - 1 station(s) in /home/blackwinter/projects/eqcct/eqcctpro/data/waveforms_noise_only/20250102T163814Z_20250102T163914Z
2026-03-11 09:19:42,012 - INFO - Using 1 selected station(s): ['KU6'].
2026-03-11 09:19:42,014 - INFO - Creating model actor(s)...
2026-03-11 09:19:42,016 - INFO - System RAM: Total=7870 MB, Available=4892 MB
2026-03-11 09:19:42,019 - INFO - Usable RAM budget: 7083 MB (90% of total)
2026-03-11 09:19:42,021 - INFO - ===== MEMORY-AWARE CPU ACTOR POOL (EQCCT) =====
2026-03-11 09:19:42,023 - INFO - Requested concurrent tasks: 1
2026-03-11 09:19:42,025 - INFO - Available CPUs: 4
2026-03-11 09:19:42,026 - INFO - Available RAM: 7083 MB
2026-03-11 09:19:42,028 - INFO - RAM per model: 2264 MB
2026-03-11 09:19:42,030 - INFO - Max actors by RAM: 3
2026-03-11 09:19:42,032 - INFO - Creating 1 ModelActor(s)
2026-03-11 09:19:42,034 - INFO - Let Ray handle scheduling (taskset already restricts CPU visibility)
2026-03-11 09:19:42,035 - INFO - Creating ModelActor 1/1 (2.21GB RAM each)...
2026-03-11 09:19:46,018 - INFO - ModelActor 1 created successfully.
2026-03-11 09:19:46,020 - INFO - Created 1 CPU actor(s). Task queue will handle concurrency.
2026-03-11 09:19:46,022 - INFO - Starting EQCCTPro parallelized waveform processing...
2026-03-11 09:19:46,024 - INFO - 
2026-03-11 09:19:46,026 - INFO - ------- Analyzing Seismic Waveforms for P and S Picks via EQCCT -------
2026-03-11 09:19:46,029 - INFO - Analyzing 0:01:00 minute timechunk from 2025-01-02 16:38:14 to 2025-01-02 16:39:14 (0 min overlap)
2026-03-11 09:19:46,031 - INFO - Processing a total of 1 stations, 1 at a time.
2026-03-11 09:19:47,930 - INFO - (1/1) KU6: Skipped (already exists - overwrite=False).
2026-03-11 09:19:47,933 - INFO - 
2026-03-11 09:19:47,935 - INFO - ------- Parallel Station Waveform Processing Complete For 2025-01-02 16:38:14 to 2025-01-02 16:39:14 Timechunk-------
2026-03-11 09:19:47,937 - INFO - Picks saved at /home/blackwinter/projects/eqcct/eqcctpro/results/csv/bm_noise_only/20250102T163814Z_20250102T163914ZProcess Runtime: 1.91 s
2026-03-11 09:19:47,942 - INFO - Successfully ran EQCCTPro, exiting...
2026-03-11 09:19:49,491 - INFO - Ray Successfully Shutdown.
2026-03-11 09:19:49,491 - INFO - ------- Successfully Picked All Waveform(s) from all Timechunk(s) -------
