2026-03-27 18:18:14,421 - INFO - 
2026-03-27 18:18:14,421 - INFO - ------- Welcome to EQCCTPro -------
2026-03-27 18:18:14,421 - INFO - 
2026-03-27 18:18:14,422 - INFO - Running EQCCT over Requested MSeed Files using CPU(s)...
2026-03-27 18:18:14,422 - INFO - GPU disabled (CPU-only).
2026-03-27 18:18:14,422 - INFO - Skipping framework-specific initialization in the driver process.
2026-03-27 18:18:16,785 - INFO - Ray Successfully Initialized with 4 CPU(s) ([0, 1, 2, 3] CPU Affinity Binding).
2026-03-27 18:18:16,785 - INFO - Analyzing 1 time chunk(s) from 2025-04-14 00:12:22 to 2025-04-14 00:13:22 (dt=1min, overlap=0min).
2026-03-27 18:18:16,785 - INFO - Using 1 selected station(s).
2026-03-27 18:18:16,785 - INFO - 
2026-03-27 18:18:16,785 - INFO - ------- Starting EQCCTPro... -------
2026-03-27 18:18:16,786 - INFO - Detailed subprocess information can be found in the log file.
2026-03-27 18:18:16,786 - INFO - 
2026-03-27 18:18:17,056 - INFO - GPU disabled (CPU-only).
2026-03-27 18:18:17,061 - INFO - Skipping framework-specific initialization in the driver process.
2026-03-27 18:18:17,064 - INFO - ------- Hardware Configuration -------
2026-03-27 18:18:17,066 - INFO - CPU affinity set to cores: [0, 1, 2, 3]
2026-03-27 18:18:17,069 - INFO - 
2026-03-27 18:18:17,071 - INFO - ------- Data Preprocessing for EQCCTPro -------
2026-03-27 18:18:17,074 - INFO - 1 station(s) in /home/blackwinter/projects/eqcct/eqcctpro/data/waveforms_earthquakes_nonoise/20250414T001222Z_20250414T001322Z
2026-03-27 18:18:17,076 - INFO - Using 1 selected station(s): ['HEF'].
2026-03-27 18:18:17,079 - INFO - Creating model actor(s)...
2026-03-27 18:18:17,082 - INFO - System RAM: Total=7870 MB, Available=6098 MB
2026-03-27 18:18:17,084 - INFO - Usable RAM budget: 7083 MB (90% of total)
2026-03-27 18:18:17,087 - INFO - ===== MEMORY-AWARE CPU ACTOR POOL =====
2026-03-27 18:18:17,090 - INFO - Requested concurrent tasks: 1
2026-03-27 18:18:17,092 - INFO - Available CPUs: 4
2026-03-27 18:18:17,095 - INFO - Available RAM: 7083 MB
2026-03-27 18:18:17,097 - INFO - RAM per model: 2060 MB
2026-03-27 18:18:17,100 - INFO - Max actors by RAM: 3
2026-03-27 18:18:17,102 - INFO - Creating 1 SeisBenchModelActor(s)
2026-03-27 18:18:17,104 - INFO - Let Ray handle scheduling (taskset already restricts CPU visibility)
2026-03-27 18:18:17,106 - INFO - Creating SeisBenchModelActor 1/1 (2.01GB RAM each)...
2026-03-27 18:18:20,038 - INFO - SeisBenchModelActor 1 created successfully.
2026-03-27 18:18:20,040 - INFO - Created 1 CPU actor(s). Task queue will handle concurrency.
2026-03-27 18:18:20,043 - INFO - Starting EQCCTPro parallelized waveform processing...
2026-03-27 18:18:20,045 - INFO - 
2026-03-27 18:18:20,047 - INFO - ------- Analyzing Seismic Waveforms for P and S Picks via SeisBench (EQTransformer - original_nonconservative) -------
2026-03-27 18:18:20,050 - INFO - Analyzing 0:01:00 minute timechunk from 2025-04-14 00:12:22 to 2025-04-14 00:13:22 (0 min overlap)
2026-03-27 18:18:20,053 - INFO - Processing a total of 1 stations, 1 at a time.
2026-03-27 18:18:22,215 - INFO - (1/1) HEF: Finished the prediction in 0.13s. (HP=1.0, LP=45.0, picks=0)
2026-03-27 18:18:22,217 - INFO - 
2026-03-27 18:18:22,219 - INFO - ------- Parallel Station Waveform Processing Complete For 2025-04-14 00:12:22 to 2025-04-14 00:13:22 Timechunk-------
2026-03-27 18:18:22,228 - INFO - Successfully ran EQCCTPro, exiting...
2026-03-27 18:18:22,221 - INFO - Picks saved at /home/blackwinter/projects/eqcct/eqcctpro/results/csv/eqt_earthquakes_th0_1/20250414T001222Z_20250414T001322ZProcess Runtime: 2.17 s
2026-03-27 18:18:23,813 - INFO - Ray Successfully Shutdown.
2026-03-27 18:18:23,813 - INFO - ------- Successfully Picked All Waveform(s) from all Timechunk(s) -------
2026-03-28 00:46:04,008 - INFO - 
2026-03-28 00:46:04,009 - INFO - ------- Welcome to EQCCTPro -------
2026-03-28 00:46:04,009 - INFO - 
2026-03-28 00:46:04,009 - INFO - Running EQCCT over Requested MSeed Files using CPU(s)...
2026-03-28 00:46:04,010 - INFO - GPU disabled (CPU-only).
2026-03-28 00:46:04,010 - INFO - Skipping framework-specific initialization in the driver process.
2026-03-28 00:46:06,376 - INFO - Ray Successfully Initialized with 4 CPU(s) ([0, 1, 2, 3] CPU Affinity Binding).
2026-03-28 00:46:06,376 - INFO - Analyzing 1 time chunk(s) from 2025-04-14 00:12:22 to 2025-04-14 00:13:22 (dt=1min, overlap=0min).
2026-03-28 00:46:06,377 - INFO - Using 1 selected station(s).
2026-03-28 00:46:06,377 - INFO - 
2026-03-28 00:46:06,377 - INFO - ------- Starting EQCCTPro... -------
2026-03-28 00:46:06,377 - INFO - Detailed subprocess information can be found in the log file.
2026-03-28 00:46:06,377 - INFO - 
2026-03-28 00:46:06,681 - INFO - GPU disabled (CPU-only).
2026-03-28 00:46:06,686 - INFO - Skipping framework-specific initialization in the driver process.
2026-03-28 00:46:06,689 - INFO - ------- Hardware Configuration -------
2026-03-28 00:46:06,692 - INFO - CPU affinity set to cores: [0, 1, 2, 3]
2026-03-28 00:46:06,694 - INFO - 
2026-03-28 00:46:06,697 - INFO - ------- Data Preprocessing for EQCCTPro -------
2026-03-28 00:46:06,699 - INFO - 1 station(s) in /home/blackwinter/projects/eqcct/eqcctpro/data/waveforms_earthquakes_nonoise/20250414T001222Z_20250414T001322Z
2026-03-28 00:46:06,702 - INFO - Using 1 selected station(s): ['HEF'].
2026-03-28 00:46:06,705 - INFO - Creating model actor(s)...
2026-03-28 00:46:06,707 - INFO - System RAM: Total=7870 MB, Available=5951 MB
2026-03-28 00:46:06,710 - INFO - Usable RAM budget: 7083 MB (90% of total)
2026-03-28 00:46:06,712 - INFO - ===== MEMORY-AWARE CPU ACTOR POOL =====
2026-03-28 00:46:06,716 - INFO - Requested concurrent tasks: 1
2026-03-28 00:46:06,718 - INFO - Available CPUs: 4
2026-03-28 00:46:06,720 - INFO - Available RAM: 7083 MB
2026-03-28 00:46:06,723 - INFO - RAM per model: 2060 MB
2026-03-28 00:46:06,725 - INFO - Max actors by RAM: 3
2026-03-28 00:46:06,728 - INFO - Creating 1 SeisBenchModelActor(s)
2026-03-28 00:46:06,730 - INFO - Let Ray handle scheduling (taskset already restricts CPU visibility)
2026-03-28 00:46:06,732 - INFO - Creating SeisBenchModelActor 1/1 (2.01GB RAM each)...
2026-03-28 00:46:09,944 - INFO - SeisBenchModelActor 1 created successfully.
2026-03-28 00:46:09,947 - INFO - Created 1 CPU actor(s). Task queue will handle concurrency.
2026-03-28 00:46:09,950 - INFO - Starting EQCCTPro parallelized waveform processing...
2026-03-28 00:46:09,953 - INFO - 
2026-03-28 00:46:09,956 - INFO - ------- Analyzing Seismic Waveforms for P and S Picks via SeisBench (EQTransformer - original_nonconservative) -------
2026-03-28 00:46:09,959 - INFO - Analyzing 0:01:00 minute timechunk from 2025-04-14 00:12:22 to 2025-04-14 00:13:22 (0 min overlap)
2026-03-28 00:46:09,962 - INFO - Processing a total of 1 stations, 1 at a time.
2026-03-28 00:46:11,975 - INFO - (1/1) HEF: Skipped (already exists - overwrite=False).
2026-03-28 00:46:11,977 - INFO - 
2026-03-28 00:46:11,980 - INFO - ------- Parallel Station Waveform Processing Complete For 2025-04-14 00:12:22 to 2025-04-14 00:13:22 Timechunk-------
2026-03-28 00:46:11,983 - INFO - Picks saved at /home/blackwinter/projects/eqcct/eqcctpro/results/csv/eqt_earthquakes_th0_1/20250414T001222Z_20250414T001322ZProcess Runtime: 2.03 s
2026-03-28 00:46:11,988 - INFO - Successfully ran EQCCTPro, exiting...
2026-03-28 00:46:13,579 - INFO - Ray Successfully Shutdown.
2026-03-28 00:46:13,580 - INFO - ------- Successfully Picked All Waveform(s) from all Timechunk(s) -------
