2026-03-28 11:34:36,440 - INFO - 
2026-03-28 11:34:36,440 - INFO - ------- Welcome to EQCCTPro -------
2026-03-28 11:34:36,440 - INFO - 
2026-03-28 11:34:36,441 - INFO - Running EQCCT over Requested MSeed Files using CPU(s)...
2026-03-28 11:34:36,441 - INFO - GPU disabled (CPU-only).
2026-03-28 11:34:36,441 - INFO - Skipping framework-specific initialization in the driver process.
2026-03-28 11:34:37,852 - INFO - Ray Successfully Initialized with 4 CPU(s) ([0, 1, 2, 3] CPU Affinity Binding).
2026-03-28 11:34:37,852 - INFO - Analyzing 1 time chunk(s) from 2025-01-07 22:45:58 to 2025-01-07 22:46:58 (dt=1min, overlap=0min).
2026-03-28 11:34:37,852 - INFO - Using 1 selected station(s).
2026-03-28 11:34:37,852 - INFO - 
2026-03-28 11:34:37,853 - INFO - ------- Starting EQCCTPro... -------
2026-03-28 11:34:37,853 - INFO - Detailed subprocess information can be found in the log file.
2026-03-28 11:34:37,853 - INFO - 
2026-03-28 11:34:38,159 - INFO - GPU disabled (CPU-only).
2026-03-28 11:34:38,163 - INFO - Skipping framework-specific initialization in the driver process.
2026-03-28 11:34:38,166 - INFO - ------- Hardware Configuration -------
2026-03-28 11:34:38,169 - INFO - CPU affinity set to cores: [0, 1, 2, 3]
2026-03-28 11:34:38,171 - INFO - 
2026-03-28 11:34:38,174 - INFO - ------- Data Preprocessing for EQCCTPro -------
2026-03-28 11:34:38,176 - INFO - 1 station(s) in /home/blackwinter/projects/eqcct/eqcctpro/data/waveforms_noise_only/20250107T224558Z_20250107T224658Z
2026-03-28 11:34:38,179 - INFO - Using 1 selected station(s): ['HEL5'].
2026-03-28 11:34:38,181 - INFO - Creating model actor(s)...
2026-03-28 11:34:38,184 - INFO - System RAM: Total=7870 MB, Available=4604 MB
2026-03-28 11:34:38,187 - INFO - Usable RAM budget: 7083 MB (90% of total)
2026-03-28 11:34:38,189 - INFO - ===== MEMORY-AWARE CPU ACTOR POOL =====
2026-03-28 11:34:38,192 - INFO - Requested concurrent tasks: 1
2026-03-28 11:34:38,195 - INFO - Available CPUs: 4
2026-03-28 11:34:38,197 - INFO - Available RAM: 7083 MB
2026-03-28 11:34:38,200 - INFO - RAM per model: 2060 MB
2026-03-28 11:34:38,202 - INFO - Max actors by RAM: 3
2026-03-28 11:34:38,205 - INFO - Creating 1 SeisBenchModelActor(s)
2026-03-28 11:34:38,208 - INFO - Let Ray handle scheduling (taskset already restricts CPU visibility)
2026-03-28 11:34:38,211 - INFO - Creating SeisBenchModelActor 1/1 (2.01GB RAM each)...
2026-03-28 11:34:40,863 - INFO - SeisBenchModelActor 1 created successfully.
2026-03-28 11:34:40,866 - INFO - Created 1 CPU actor(s). Task queue will handle concurrency.
2026-03-28 11:34:40,869 - INFO - Starting EQCCTPro parallelized waveform processing...
2026-03-28 11:34:40,872 - INFO - 
2026-03-28 11:34:40,874 - INFO - ------- Analyzing Seismic Waveforms for P and S Picks via SeisBench (EQTransformer - original_nonconservative) -------
2026-03-28 11:34:40,877 - INFO - Analyzing 0:01:00 minute timechunk from 2025-01-07 22:45:58 to 2025-01-07 22:46:58 (0 min overlap)
2026-03-28 11:34:40,879 - INFO - Processing a total of 1 stations, 1 at a time.
2026-03-28 11:34:43,102 - INFO - (1/1) HEL5: Finished the prediction in 0.13s. (HP=1.0, LP=45.0, picks=0)
2026-03-28 11:34:43,104 - INFO - 
2026-03-28 11:34:43,107 - INFO - ------- Parallel Station Waveform Processing Complete For 2025-01-07 22:45:58 to 2025-01-07 22:46:58 Timechunk-------
2026-03-28 11:34:43,109 - INFO - Picks saved at /home/blackwinter/projects/eqcct/eqcctpro/results/csv/eqt_noise_th0_1/20250107T224558Z_20250107T224658ZProcess Runtime: 2.24 s
2026-03-28 11:34:43,115 - INFO - Successfully ran EQCCTPro, exiting...
2026-03-28 11:34:44,725 - INFO - Ray Successfully Shutdown.
2026-03-28 11:34:44,725 - INFO - ------- Successfully Picked All Waveform(s) from all Timechunk(s) -------
