2026-03-10 22:21:22,154 - INFO - 
2026-03-10 22:21:22,154 - INFO - ------- Welcome to EQCCTPro -------
2026-03-10 22:21:22,154 - INFO - 
2026-03-10 22:21:22,155 - INFO - Running EQCCT over Requested MSeed Files using CPU(s)...
2026-03-10 22:21:22,155 - INFO - GPU disabled (CPU-only).
2026-03-10 22:21:22,155 - INFO - Configured Intra-op threads = 1
2026-03-10 22:21:22,155 - INFO - Configured Inter-op threads = 1
2026-03-10 22:21:22,156 - INFO - TensorFlow: No GPUs visible; TF will proceed on CPU.
2026-03-10 22:21:22,156 - INFO - 
2026-03-10 22:21:27,627 - INFO - Ray Successfully Initialized with 4 CPU(s) ([0, 1, 2, 3] CPU Affinity Binding).
2026-03-10 22:21:27,628 - INFO - Analyzing 1 time chunk(s) from 2025-01-07 20:17:11 to 2025-01-07 20:18:11 (dt=1min, overlap=0min).
2026-03-10 22:21:27,628 - INFO - Using 1 selected station(s).
2026-03-10 22:21:27,628 - INFO - 
2026-03-10 22:21:27,628 - INFO - ------- Starting EQCCTPro... -------
2026-03-10 22:21:27,628 - INFO - Detailed subprocess information can be found in the log file.
2026-03-10 22:21:27,628 - INFO - 
2026-03-10 22:21:27,991 - INFO - GPU disabled (CPU-only).
2026-03-10 22:21:29,451 - INFO - Configured Intra-op threads = 1
2026-03-10 22:21:29,454 - INFO - Configured Inter-op threads = 1
2026-03-10 22:21:29,495 - INFO - TensorFlow: No GPUs visible; TF will proceed on CPU.
2026-03-10 22:21:29,497 - INFO - 
2026-03-10 22:21:29,499 - INFO - ------- Hardware Configuration -------
2026-03-10 22:21:29,501 - INFO - CPU affinity set to cores: [0, 1, 2, 3]
2026-03-10 22:21:29,503 - INFO - 
2026-03-10 22:21:29,506 - INFO - ------- Data Preprocessing for EQCCTPro -------
2026-03-10 22:21:29,508 - INFO - 1 station(s) in /home/blackwinter/projects/eqcct/eqcctpro/data/waveforms_noise_only/20250107T201711Z_20250107T201811Z
2026-03-10 22:21:29,510 - INFO - Using 1 selected station(s): ['TRE03'].
2026-03-10 22:21:29,512 - INFO - Creating model actor(s)...
2026-03-10 22:21:29,515 - INFO - System RAM: Total=7870 MB, Available=3485 MB
2026-03-10 22:21:29,517 - INFO - Usable RAM budget: 7083 MB (90% of total)
2026-03-10 22:21:29,519 - INFO - ===== MEMORY-AWARE CPU ACTOR POOL (EQCCT) =====
2026-03-10 22:21:29,521 - INFO - Requested concurrent tasks: 1
2026-03-10 22:21:29,522 - INFO - Available CPUs: 4
2026-03-10 22:21:29,524 - INFO - Available RAM: 7083 MB
2026-03-10 22:21:29,526 - INFO - RAM per model: 2264 MB
2026-03-10 22:21:29,528 - INFO - Max actors by RAM: 3
2026-03-10 22:21:29,530 - INFO - Creating 1 ModelActor(s)
2026-03-10 22:21:29,532 - INFO - Let Ray handle scheduling (taskset already restricts CPU visibility)
2026-03-10 22:21:29,534 - INFO - Creating ModelActor 1/1 (2.21GB RAM each)...
2026-03-10 22:21:33,392 - INFO - ModelActor 1 created successfully.
2026-03-10 22:21:33,394 - INFO - Created 1 CPU actor(s). Task queue will handle concurrency.
2026-03-10 22:21:33,396 - INFO - Starting EQCCTPro parallelized waveform processing...
2026-03-10 22:21:33,397 - INFO - 
2026-03-10 22:21:33,399 - INFO - ------- Analyzing Seismic Waveforms for P and S Picks via EQCCT -------
2026-03-10 22:21:33,402 - INFO - Analyzing 0:01:00 minute timechunk from 2025-01-07 20:17:11 to 2025-01-07 20:18:11 (0 min overlap)
2026-03-10 22:21:33,404 - INFO - Processing a total of 1 stations, 1 at a time.
2026-03-10 22:21:37,379 - INFO - (1/1) TRE03: Finished the prediction in 2.16s. (HP=1.0, LP=45.0)
2026-03-10 22:21:37,381 - INFO - 
2026-03-10 22:21:37,383 - INFO - ------- Parallel Station Waveform Processing Complete For 2025-01-07 20:17:11 to 2025-01-07 20:18:11 Timechunk-------
2026-03-10 22:21:37,385 - INFO - Picks saved at /home/blackwinter/projects/eqcct/eqcctpro/results/csv/bm_noise_only/20250107T201711Z_20250107T201811ZProcess Runtime: 3.99 s
2026-03-10 22:21:37,389 - INFO - Successfully ran EQCCTPro, exiting...
2026-03-10 22:21:38,959 - INFO - Ray Successfully Shutdown.
2026-03-10 22:21:38,960 - INFO - ------- Successfully Picked All Waveform(s) from all Timechunk(s) -------
2026-03-11 13:12:19,950 - INFO - 
2026-03-11 13:12:19,950 - INFO - ------- Welcome to EQCCTPro -------
2026-03-11 13:12:19,951 - INFO - 
2026-03-11 13:12:19,951 - INFO - Running EQCCT over Requested MSeed Files using CPU(s)...
2026-03-11 13:12:19,951 - INFO - GPU disabled (CPU-only).
2026-03-11 13:12:19,952 - INFO - Configured Intra-op threads = 1
2026-03-11 13:12:19,952 - INFO - Configured Inter-op threads = 1
2026-03-11 13:12:19,952 - INFO - TensorFlow: No GPUs visible; TF will proceed on CPU.
2026-03-11 13:12:19,952 - INFO - 
2026-03-11 13:12:25,369 - INFO - Ray Successfully Initialized with 4 CPU(s) ([0, 1, 2, 3] CPU Affinity Binding).
2026-03-11 13:12:25,369 - INFO - Analyzing 1 time chunk(s) from 2025-01-07 20:17:11 to 2025-01-07 20:18:11 (dt=1min, overlap=0min).
2026-03-11 13:12:25,369 - INFO - Using 1 selected station(s).
2026-03-11 13:12:25,370 - INFO - 
2026-03-11 13:12:25,370 - INFO - ------- Starting EQCCTPro... -------
2026-03-11 13:12:25,370 - INFO - Detailed subprocess information can be found in the log file.
2026-03-11 13:12:25,370 - INFO - 
2026-03-11 13:12:25,726 - INFO - GPU disabled (CPU-only).
2026-03-11 13:12:27,195 - INFO - Configured Intra-op threads = 1
2026-03-11 13:12:27,198 - INFO - Configured Inter-op threads = 1
2026-03-11 13:12:27,238 - INFO - TensorFlow: No GPUs visible; TF will proceed on CPU.
2026-03-11 13:12:27,240 - INFO - 
2026-03-11 13:12:27,242 - INFO - ------- Hardware Configuration -------
2026-03-11 13:12:27,245 - INFO - CPU affinity set to cores: [0, 1, 2, 3]
2026-03-11 13:12:27,247 - INFO - 
2026-03-11 13:12:27,249 - INFO - ------- Data Preprocessing for EQCCTPro -------
2026-03-11 13:12:27,251 - INFO - 1 station(s) in /home/blackwinter/projects/eqcct/eqcctpro/data/waveforms_noise_only/20250107T201711Z_20250107T201811Z
2026-03-11 13:12:27,253 - INFO - Using 1 selected station(s): ['TRE03'].
2026-03-11 13:12:27,255 - INFO - Creating model actor(s)...
2026-03-11 13:12:27,257 - INFO - System RAM: Total=7870 MB, Available=4353 MB
2026-03-11 13:12:27,259 - INFO - Usable RAM budget: 7083 MB (90% of total)
2026-03-11 13:12:27,261 - INFO - ===== MEMORY-AWARE CPU ACTOR POOL (EQCCT) =====
2026-03-11 13:12:27,262 - INFO - Requested concurrent tasks: 1
2026-03-11 13:12:27,264 - INFO - Available CPUs: 4
2026-03-11 13:12:27,266 - INFO - Available RAM: 7083 MB
2026-03-11 13:12:27,267 - INFO - RAM per model: 2264 MB
2026-03-11 13:12:27,269 - INFO - Max actors by RAM: 3
2026-03-11 13:12:27,272 - INFO - Creating 1 ModelActor(s)
2026-03-11 13:12:27,274 - INFO - Let Ray handle scheduling (taskset already restricts CPU visibility)
2026-03-11 13:12:27,276 - INFO - Creating ModelActor 1/1 (2.21GB RAM each)...
2026-03-11 13:12:31,149 - INFO - ModelActor 1 created successfully.
2026-03-11 13:12:31,152 - INFO - Created 1 CPU actor(s). Task queue will handle concurrency.
2026-03-11 13:12:31,154 - INFO - Starting EQCCTPro parallelized waveform processing...
2026-03-11 13:12:31,156 - INFO - 
2026-03-11 13:12:31,159 - INFO - ------- Analyzing Seismic Waveforms for P and S Picks via EQCCT -------
2026-03-11 13:12:31,161 - INFO - Analyzing 0:01:00 minute timechunk from 2025-01-07 20:17:11 to 2025-01-07 20:18:11 (0 min overlap)
2026-03-11 13:12:31,163 - INFO - Processing a total of 1 stations, 1 at a time.
2026-03-11 13:12:32,967 - INFO - (1/1) TRE03: Skipped (already exists - overwrite=False).
2026-03-11 13:12:32,970 - INFO - 
2026-03-11 13:12:32,972 - INFO - ------- Parallel Station Waveform Processing Complete For 2025-01-07 20:17:11 to 2025-01-07 20:18:11 Timechunk-------
2026-03-11 13:12:32,974 - INFO - Picks saved at /home/blackwinter/projects/eqcct/eqcctpro/results/csv/bm_noise_only/20250107T201711Z_20250107T201811ZProcess Runtime: 1.82 s
2026-03-11 13:12:32,978 - INFO - Successfully ran EQCCTPro, exiting...
2026-03-11 13:12:34,545 - INFO - Ray Successfully Shutdown.
2026-03-11 13:12:34,545 - INFO - ------- Successfully Picked All Waveform(s) from all Timechunk(s) -------
