2026-03-28 21:37:58,980 - INFO - 
2026-03-28 21:37:58,980 - INFO - ------- Welcome to EQCCTPro -------
2026-03-28 21:37:58,980 - INFO - 
2026-03-28 21:37:58,981 - INFO - Running EQCCT over Requested MSeed Files using CPU(s)...
2026-03-28 21:37:58,981 - INFO - GPU disabled (CPU-only).
2026-03-29 02:03:36,137 - INFO - 
2026-03-29 02:03:36,138 - INFO - ------- Welcome to EQCCTPro -------
2026-03-29 02:03:36,138 - INFO - 
2026-03-29 02:03:36,138 - INFO - Running EQCCT over Requested MSeed Files using CPU(s)...
2026-03-29 02:03:36,139 - INFO - GPU disabled (CPU-only).
2026-03-29 02:03:36,139 - INFO - Configured Intra-op threads = 1
2026-03-29 02:03:36,139 - INFO - Configured Inter-op threads = 1
2026-03-29 02:03:36,139 - INFO - TensorFlow: No GPUs visible; TF will proceed on CPU.
2026-03-29 02:03:36,139 - INFO - 
2026-03-29 02:03:41,258 - INFO - Ray Successfully Initialized with 4 CPU(s) ([0, 1, 2, 3] CPU Affinity Binding).
2026-03-29 02:03:41,258 - INFO - Analyzing 1 time chunk(s) from 2025-01-14 11:37:39 to 2025-01-14 11:38:39 (dt=1min, overlap=0min).
2026-03-29 02:03:41,258 - INFO - Using 2 selected station(s).
2026-03-29 02:03:41,258 - INFO - 
2026-03-29 02:03:41,259 - INFO - ------- Starting EQCCTPro... -------
2026-03-29 02:03:41,259 - INFO - Detailed subprocess information can be found in the log file.
2026-03-29 02:03:41,259 - INFO - 
2026-03-29 02:03:41,706 - INFO - GPU disabled (CPU-only).
2026-03-29 02:03:43,392 - INFO - Configured Intra-op threads = 1
2026-03-29 02:03:43,395 - INFO - Configured Inter-op threads = 1
2026-03-29 02:03:43,437 - INFO - TensorFlow: No GPUs visible; TF will proceed on CPU.
2026-03-29 02:03:43,440 - INFO - 
2026-03-29 02:03:43,442 - INFO - ------- Hardware Configuration -------
2026-03-29 02:03:43,444 - INFO - CPU affinity set to cores: [0, 1, 2, 3]
2026-03-29 02:03:43,446 - INFO - 
2026-03-29 02:03:43,449 - INFO - ------- Data Preprocessing for EQCCTPro -------
2026-03-29 02:03:43,451 - INFO - 2 station(s) in /home/blackwinter/projects/eqcct/eqcctpro/data/waveforms_explosions_nonoise/20250114T113739Z_20250114T113839Z
2026-03-29 02:03:43,453 - INFO - Using 2 selected station(s): ['KAF', 'OBF3'].
2026-03-29 02:03:43,455 - INFO - Creating model actor(s)...
2026-03-29 02:03:43,458 - INFO - System RAM: Total=7870 MB, Available=3171 MB
2026-03-29 02:03:43,460 - INFO - Usable RAM budget: 7083 MB (90% of total)
2026-03-29 02:03:43,462 - INFO - ===== MEMORY-AWARE CPU ACTOR POOL (EQCCT) =====
2026-03-29 02:03:43,464 - INFO - Requested concurrent tasks: 1
2026-03-29 02:03:43,466 - INFO - Available CPUs: 4
2026-03-29 02:03:43,467 - INFO - Available RAM: 7083 MB
2026-03-29 02:03:43,469 - INFO - RAM per model: 2264 MB
2026-03-29 02:03:43,471 - INFO - Max actors by RAM: 3
2026-03-29 02:03:43,473 - INFO - Creating 1 ModelActor(s)
2026-03-29 02:03:43,475 - INFO - Let Ray handle scheduling (taskset already restricts CPU visibility)
2026-03-29 02:03:43,477 - INFO - Creating ModelActor 1/1 (2.21GB RAM each)...
2026-03-29 02:03:47,780 - INFO - ModelActor 1 created successfully.
2026-03-29 02:03:47,782 - INFO - Created 1 CPU actor(s). Task queue will handle concurrency.
2026-03-29 02:03:47,785 - INFO - Starting EQCCTPro parallelized waveform processing...
2026-03-29 02:03:47,787 - INFO - 
2026-03-29 02:03:47,789 - INFO - ------- Analyzing Seismic Waveforms for P and S Picks via EQCCT -------
2026-03-29 02:03:47,791 - INFO - Analyzing 0:01:00 minute timechunk from 2025-01-14 11:37:39 to 2025-01-14 11:38:39 (0 min overlap)
2026-03-29 02:03:47,794 - INFO - Processing a total of 2 stations, 1 at a time.
2026-03-29 02:03:52,413 - INFO - (1/2) KAF: Finished the prediction in 2.46s. (HP=1.0, LP=45.0)
2026-03-29 02:03:52,541 - INFO - (2/2) OBF3: Finished the prediction in 0.12s. (HP=1.0, LP=45.0)
2026-03-29 02:03:52,543 - INFO - 
2026-03-29 02:03:52,546 - INFO - ------- Parallel Station Waveform Processing Complete For 2025-01-14 11:37:39 to 2025-01-14 11:38:39 Timechunk-------
2026-03-29 02:03:52,548 - INFO - Picks saved at /home/blackwinter/projects/eqcct/eqcctpro/results/csv/eqcct_explosions_th0_1/20250114T113739Z_20250114T113839ZProcess Runtime: 4.76 s
2026-03-29 02:03:52,554 - INFO - Successfully ran EQCCTPro, exiting...
2026-03-29 02:03:54,155 - INFO - Ray Successfully Shutdown.
2026-03-29 02:03:54,155 - INFO - ------- Successfully Picked All Waveform(s) from all Timechunk(s) -------
