2026-02-22 12:08:17,425 - INFO - 
2026-02-22 12:08:17,425 - INFO - ------- Welcome to EQCCTPro -------
2026-02-22 12:08:17,425 - INFO - 
2026-02-22 12:08:17,425 - INFO - Running EQCCT over Requested MSeed Files using CPU(s)...
2026-02-22 12:08:17,425 - INFO - GPU disabled (CPU-only).
2026-02-22 12:08:17,426 - INFO - Configured Intra-op threads = 1
2026-02-22 12:08:17,426 - INFO - Configured Inter-op threads = 1
2026-02-22 12:08:17,426 - INFO - TensorFlow: No GPUs visible; TF will proceed on CPU.
2026-02-22 12:08:17,426 - INFO - 
2026-02-22 12:08:22,768 - INFO - Ray Successfully Initialized with 4 CPU(s) ([0, 1, 2, 3] CPU Affinity Binding).
2026-02-22 12:08:22,768 - INFO - Analyzing 1 time chunk(s) from 2025-01-15 07:58:37 to 2025-01-15 07:59:37 (dt=1min, overlap=0min).
2026-02-22 12:08:22,768 - INFO - Using 1 selected station(s).
2026-02-22 12:08:22,768 - INFO - 
2026-02-22 12:08:22,769 - INFO - ------- Starting EQCCTPro... -------
2026-02-22 12:08:22,769 - INFO - Detailed subprocess information can be found in the log file.
2026-02-22 12:08:22,769 - INFO - 
2026-02-22 12:08:23,138 - INFO - GPU disabled (CPU-only).
2026-02-22 12:08:24,684 - INFO - Configured Intra-op threads = 1
2026-02-22 12:08:24,687 - INFO - Configured Inter-op threads = 1
2026-02-22 12:08:24,729 - INFO - TensorFlow: No GPUs visible; TF will proceed on CPU.
2026-02-22 12:08:24,731 - INFO - 
2026-02-22 12:08:24,734 - INFO - ------- Hardware Configuration -------
2026-02-22 12:08:24,736 - INFO - CPU affinity set to cores: [0, 1, 2, 3]
2026-02-22 12:08:24,738 - INFO - 
2026-02-22 12:08:24,740 - INFO - ------- Data Preprocessing for EQCCTPro -------
2026-02-22 12:08:24,742 - INFO - 1 station(s) in /home/blackwinter/projects/eqcct/eqcctpro/data/waveforms_earthquakes_nonoise/20250115T075837Z_20250115T075937Z
2026-02-22 12:08:24,744 - INFO - Using 1 selected station(s): ['SGF'].
2026-02-22 12:08:24,746 - INFO - Creating model actor(s)...
2026-02-22 12:08:24,748 - INFO - System RAM: Total=7870 MB, Available=3377 MB
2026-02-22 12:08:24,749 - INFO - Usable RAM budget: 7083 MB (90% of total)
2026-02-22 12:08:24,751 - INFO - ===== MEMORY-AWARE CPU ACTOR POOL (EQCCT) =====
2026-02-22 12:08:24,753 - INFO - Requested concurrent tasks: 1
2026-02-22 12:08:24,756 - INFO - Available CPUs: 4
2026-02-22 12:08:24,758 - INFO - Available RAM: 7083 MB
2026-02-22 12:08:24,760 - INFO - RAM per model: 2264 MB
2026-02-22 12:08:24,762 - INFO - Max actors by RAM: 3
2026-02-22 12:08:24,764 - INFO - Creating 1 ModelActor(s)
2026-02-22 12:08:24,766 - INFO - Let Ray handle scheduling (taskset already restricts CPU visibility)
2026-02-22 12:08:24,768 - INFO - Creating ModelActor 1/1 (2.21GB RAM each)...
2026-02-22 12:08:28,672 - INFO - ModelActor 1 created successfully.
2026-02-22 12:08:28,674 - INFO - Created 1 CPU actor(s). Task queue will handle concurrency.
2026-02-22 12:08:28,676 - INFO - Starting EQCCTPro parallelized waveform processing...
2026-02-22 12:08:28,678 - INFO - 
2026-02-22 12:08:28,681 - INFO - ------- Analyzing Seismic Waveforms for P and S Picks via EQCCT -------
2026-02-22 12:08:28,683 - INFO - Analyzing 0:01:00 minute timechunk from 2025-01-15 07:58:37 to 2025-01-15 07:59:37 (0 min overlap)
2026-02-22 12:08:28,685 - INFO - Processing a total of 1 stations, 1 at a time.
2026-02-22 12:08:32,673 - INFO - (1/1) SGF: Finished the prediction in 2.11s. (HP=1.0, LP=45.0)
2026-02-22 12:08:32,675 - INFO - 
2026-02-22 12:08:32,677 - INFO - ------- Parallel Station Waveform Processing Complete For 2025-01-15 07:58:37 to 2025-01-15 07:59:37 Timechunk-------
2026-02-22 12:08:32,679 - INFO - Picks saved at /home/blackwinter/projects/eqcct/eqcctpro/results/csv/bm_eq_nonoise/20250115T075837Z_20250115T075937ZProcess Runtime: 4.00 s
2026-02-22 12:08:32,683 - INFO - Successfully ran EQCCTPro, exiting...
2026-02-22 12:08:34,228 - INFO - Ray Successfully Shutdown.
2026-02-22 12:08:34,229 - INFO - ------- Successfully Picked All Waveform(s) from all Timechunk(s) -------
