2026-03-11 00:20:49,847 - INFO - 
2026-03-11 00:20:49,847 - INFO - ------- Welcome to EQCCTPro -------
2026-03-11 00:20:49,847 - INFO - 
2026-03-11 00:20:49,848 - INFO - Running EQCCT over Requested MSeed Files using CPU(s)...
2026-03-11 00:20:49,848 - INFO - GPU disabled (CPU-only).
2026-03-11 00:20:49,848 - INFO - Configured Intra-op threads = 1
2026-03-11 00:20:49,849 - INFO - Configured Inter-op threads = 1
2026-03-11 00:20:49,849 - INFO - TensorFlow: No GPUs visible; TF will proceed on CPU.
2026-03-11 00:20:49,849 - INFO - 
2026-03-11 00:20:55,523 - INFO - Ray Successfully Initialized with 4 CPU(s) ([0, 1, 2, 3] CPU Affinity Binding).
2026-03-11 00:20:55,523 - INFO - Analyzing 1 time chunk(s) from 2025-01-10 06:55:11 to 2025-01-10 06:56:11 (dt=1min, overlap=0min).
2026-03-11 00:20:55,524 - INFO - Using 1 selected station(s).
2026-03-11 00:20:55,524 - INFO - 
2026-03-11 00:20:55,524 - INFO - ------- Starting EQCCTPro... -------
2026-03-11 00:20:55,524 - INFO - Detailed subprocess information can be found in the log file.
2026-03-11 00:20:55,524 - INFO - 
2026-03-11 00:20:55,905 - INFO - GPU disabled (CPU-only).
2026-03-11 00:20:57,437 - INFO - Configured Intra-op threads = 1
2026-03-11 00:20:57,439 - INFO - Configured Inter-op threads = 1
2026-03-11 00:20:57,484 - INFO - TensorFlow: No GPUs visible; TF will proceed on CPU.
2026-03-11 00:20:57,486 - INFO - 
2026-03-11 00:20:57,488 - INFO - ------- Hardware Configuration -------
2026-03-11 00:20:57,491 - INFO - CPU affinity set to cores: [0, 1, 2, 3]
2026-03-11 00:20:57,493 - INFO - 
2026-03-11 00:20:57,494 - INFO - ------- Data Preprocessing for EQCCTPro -------
2026-03-11 00:20:57,496 - INFO - 1 station(s) in /home/blackwinter/projects/eqcct/eqcctpro/data/waveforms_noise_only/20250110T065511Z_20250110T065611Z
2026-03-11 00:20:57,498 - INFO - Using 1 selected station(s): ['FIC6'].
2026-03-11 00:20:57,500 - INFO - Creating model actor(s)...
2026-03-11 00:20:57,502 - INFO - System RAM: Total=7870 MB, Available=2606 MB
2026-03-11 00:20:57,504 - INFO - Usable RAM budget: 7083 MB (90% of total)
2026-03-11 00:20:57,506 - INFO - ===== MEMORY-AWARE CPU ACTOR POOL (EQCCT) =====
2026-03-11 00:20:57,508 - INFO - Requested concurrent tasks: 1
2026-03-11 00:20:57,510 - INFO - Available CPUs: 4
2026-03-11 00:20:57,512 - INFO - Available RAM: 7083 MB
2026-03-11 00:20:57,514 - INFO - RAM per model: 2264 MB
2026-03-11 00:20:57,517 - INFO - Max actors by RAM: 3
2026-03-11 00:20:57,519 - INFO - Creating 1 ModelActor(s)
2026-03-11 00:20:57,522 - INFO - Let Ray handle scheduling (taskset already restricts CPU visibility)
2026-03-11 00:20:57,524 - INFO - Creating ModelActor 1/1 (2.21GB RAM each)...
2026-03-11 00:21:01,430 - INFO - ModelActor 1 created successfully.
2026-03-11 00:21:01,433 - INFO - Created 1 CPU actor(s). Task queue will handle concurrency.
2026-03-11 00:21:01,435 - INFO - Starting EQCCTPro parallelized waveform processing...
2026-03-11 00:21:01,437 - INFO - 
2026-03-11 00:21:01,439 - INFO - ------- Analyzing Seismic Waveforms for P and S Picks via EQCCT -------
2026-03-11 00:21:01,442 - INFO - Analyzing 0:01:00 minute timechunk from 2025-01-10 06:55:11 to 2025-01-10 06:56:11 (0 min overlap)
2026-03-11 00:21:01,444 - INFO - Processing a total of 1 stations, 1 at a time.
2026-03-11 00:21:05,489 - INFO - (1/1) FIC6: Finished the prediction in 2.13s. (HP=1.0, LP=45.0)
2026-03-11 00:21:05,492 - INFO - 
2026-03-11 00:21:05,494 - INFO - ------- Parallel Station Waveform Processing Complete For 2025-01-10 06:55:11 to 2025-01-10 06:56:11 Timechunk-------
2026-03-11 00:21:05,496 - INFO - Picks saved at /home/blackwinter/projects/eqcct/eqcctpro/results/csv/bm_noise_only/20250110T065511Z_20250110T065611ZProcess Runtime: 4.06 s
2026-03-11 00:21:05,500 - INFO - Successfully ran EQCCTPro, exiting...
2026-03-11 00:21:07,074 - INFO - Ray Successfully Shutdown.
2026-03-11 00:21:07,074 - INFO - ------- Successfully Picked All Waveform(s) from all Timechunk(s) -------
2026-03-11 14:56:29,665 - INFO - 
2026-03-11 14:56:29,672 - INFO - ------- Welcome to EQCCTPro -------
2026-03-11 14:56:29,672 - INFO - 
2026-03-11 14:56:29,673 - INFO - Running EQCCT over Requested MSeed Files using CPU(s)...
2026-03-11 14:56:29,673 - INFO - GPU disabled (CPU-only).
2026-03-11 14:56:29,673 - INFO - Configured Intra-op threads = 1
2026-03-11 14:56:29,674 - INFO - Configured Inter-op threads = 1
2026-03-11 14:56:29,674 - INFO - TensorFlow: No GPUs visible; TF will proceed on CPU.
2026-03-11 14:56:29,674 - INFO - 
2026-03-11 14:56:34,984 - INFO - Ray Successfully Initialized with 4 CPU(s) ([0, 1, 2, 3] CPU Affinity Binding).
2026-03-11 14:56:34,984 - INFO - Analyzing 1 time chunk(s) from 2025-01-10 06:55:11 to 2025-01-10 06:56:11 (dt=1min, overlap=0min).
2026-03-11 14:56:34,984 - INFO - Using 1 selected station(s).
2026-03-11 14:56:34,984 - INFO - 
2026-03-11 14:56:34,984 - INFO - ------- Starting EQCCTPro... -------
2026-03-11 14:56:34,984 - INFO - Detailed subprocess information can be found in the log file.
2026-03-11 14:56:34,985 - INFO - 
2026-03-11 14:56:35,352 - INFO - GPU disabled (CPU-only).
2026-03-11 14:56:36,842 - INFO - Configured Intra-op threads = 1
2026-03-11 14:56:36,845 - INFO - Configured Inter-op threads = 1
2026-03-11 14:56:36,888 - INFO - TensorFlow: No GPUs visible; TF will proceed on CPU.
2026-03-11 14:56:36,891 - INFO - 
2026-03-11 14:56:36,893 - INFO - ------- Hardware Configuration -------
2026-03-11 14:56:36,895 - INFO - CPU affinity set to cores: [0, 1, 2, 3]
2026-03-11 14:56:36,896 - INFO - 
2026-03-11 14:56:36,898 - INFO - ------- Data Preprocessing for EQCCTPro -------
2026-03-11 14:56:36,900 - INFO - 1 station(s) in /home/blackwinter/projects/eqcct/eqcctpro/data/waveforms_noise_only/20250110T065511Z_20250110T065611Z
2026-03-11 14:56:36,902 - INFO - Using 1 selected station(s): ['FIC6'].
2026-03-11 14:56:36,904 - INFO - Creating model actor(s)...
2026-03-11 14:56:36,906 - INFO - System RAM: Total=7870 MB, Available=3478 MB
2026-03-11 14:56:36,908 - INFO - Usable RAM budget: 7083 MB (90% of total)
2026-03-11 14:56:36,910 - INFO - ===== MEMORY-AWARE CPU ACTOR POOL (EQCCT) =====
2026-03-11 14:56:36,912 - INFO - Requested concurrent tasks: 1
2026-03-11 14:56:36,914 - INFO - Available CPUs: 4
2026-03-11 14:56:36,917 - INFO - Available RAM: 7083 MB
2026-03-11 14:56:36,919 - INFO - RAM per model: 2264 MB
2026-03-11 14:56:36,921 - INFO - Max actors by RAM: 3
2026-03-11 14:56:36,923 - INFO - Creating 1 ModelActor(s)
2026-03-11 14:56:36,925 - INFO - Let Ray handle scheduling (taskset already restricts CPU visibility)
2026-03-11 14:56:36,928 - INFO - Creating ModelActor 1/1 (2.21GB RAM each)...
2026-03-11 14:56:40,765 - INFO - ModelActor 1 created successfully.
2026-03-11 14:56:40,767 - INFO - Created 1 CPU actor(s). Task queue will handle concurrency.
2026-03-11 14:56:40,770 - INFO - Starting EQCCTPro parallelized waveform processing...
2026-03-11 14:56:40,771 - INFO - 
2026-03-11 14:56:40,773 - INFO - ------- Analyzing Seismic Waveforms for P and S Picks via EQCCT -------
2026-03-11 14:56:40,775 - INFO - Analyzing 0:01:00 minute timechunk from 2025-01-10 06:55:11 to 2025-01-10 06:56:11 (0 min overlap)
2026-03-11 14:56:40,778 - INFO - Processing a total of 1 stations, 1 at a time.
2026-03-11 14:56:42,795 - INFO - (1/1) FIC6: Skipped (already exists - overwrite=False).
2026-03-11 14:56:42,800 - INFO - 
2026-03-11 14:56:42,803 - INFO - ------- Parallel Station Waveform Processing Complete For 2025-01-10 06:55:11 to 2025-01-10 06:56:11 Timechunk-------
2026-03-11 14:56:42,805 - INFO - Picks saved at /home/blackwinter/projects/eqcct/eqcctpro/results/csv/bm_noise_only/20250110T065511Z_20250110T065611ZProcess Runtime: 2.03 s
2026-03-11 14:56:42,810 - INFO - Successfully ran EQCCTPro, exiting...
2026-03-11 14:56:44,374 - INFO - Ray Successfully Shutdown.
2026-03-11 14:56:44,374 - INFO - ------- Successfully Picked All Waveform(s) from all Timechunk(s) -------
