2026-03-28 21:37:57,405 - INFO - 
2026-03-28 21:37:57,405 - INFO - ------- Welcome to EQCCTPro -------
2026-03-28 21:37:57,405 - INFO - 
2026-03-28 21:37:57,406 - INFO - Running EQCCT over Requested MSeed Files using CPU(s)...
2026-03-28 21:37:57,406 - INFO - GPU disabled (CPU-only).
2026-03-28 23:20:03,263 - INFO - 
2026-03-28 23:20:03,263 - INFO - ------- Welcome to EQCCTPro -------
2026-03-28 23:20:03,263 - INFO - 
2026-03-28 23:20:03,264 - INFO - Running EQCCT over Requested MSeed Files using CPU(s)...
2026-03-28 23:20:03,264 - INFO - GPU disabled (CPU-only).
2026-03-28 23:20:03,265 - INFO - Configured Intra-op threads = 1
2026-03-28 23:20:03,265 - INFO - Configured Inter-op threads = 1
2026-03-28 23:20:03,265 - INFO - TensorFlow: No GPUs visible; TF will proceed on CPU.
2026-03-28 23:20:03,265 - INFO - 
2026-03-28 23:20:08,261 - INFO - Ray Successfully Initialized with 4 CPU(s) ([0, 1, 2, 3] CPU Affinity Binding).
2026-03-28 23:20:08,261 - INFO - Analyzing 1 time chunk(s) from 2025-01-08 10:02:22 to 2025-01-08 10:03:22 (dt=1min, overlap=0min).
2026-03-28 23:20:08,261 - INFO - Using 1 selected station(s).
2026-03-28 23:20:08,262 - INFO - 
2026-03-28 23:20:08,262 - INFO - ------- Starting EQCCTPro... -------
2026-03-28 23:20:08,262 - INFO - Detailed subprocess information can be found in the log file.
2026-03-28 23:20:08,262 - INFO - 
2026-03-28 23:20:08,704 - INFO - GPU disabled (CPU-only).
2026-03-28 23:20:10,305 - INFO - Configured Intra-op threads = 1
2026-03-28 23:20:10,308 - INFO - Configured Inter-op threads = 1
2026-03-28 23:20:10,353 - INFO - TensorFlow: No GPUs visible; TF will proceed on CPU.
2026-03-28 23:20:10,356 - INFO - 
2026-03-28 23:20:10,358 - INFO - ------- Hardware Configuration -------
2026-03-28 23:20:10,362 - INFO - CPU affinity set to cores: [0, 1, 2, 3]
2026-03-28 23:20:10,365 - INFO - 
2026-03-28 23:20:10,367 - INFO - ------- Data Preprocessing for EQCCTPro -------
2026-03-28 23:20:10,370 - INFO - 1 station(s) in /home/blackwinter/projects/eqcct/eqcctpro/data/waveforms_explosions_nonoise/20250108T100222Z_20250108T100322Z
2026-03-28 23:20:10,374 - INFO - Using 1 selected station(s): ['MEF'].
2026-03-28 23:20:10,376 - INFO - Creating model actor(s)...
2026-03-28 23:20:10,379 - INFO - System RAM: Total=7870 MB, Available=3750 MB
2026-03-28 23:20:10,382 - INFO - Usable RAM budget: 7083 MB (90% of total)
2026-03-28 23:20:10,385 - INFO - ===== MEMORY-AWARE CPU ACTOR POOL (EQCCT) =====
2026-03-28 23:20:10,387 - INFO - Requested concurrent tasks: 1
2026-03-28 23:20:10,390 - INFO - Available CPUs: 4
2026-03-28 23:20:10,393 - INFO - Available RAM: 7083 MB
2026-03-28 23:20:10,396 - INFO - RAM per model: 2264 MB
2026-03-28 23:20:10,398 - INFO - Max actors by RAM: 3
2026-03-28 23:20:10,400 - INFO - Creating 1 ModelActor(s)
2026-03-28 23:20:10,403 - INFO - Let Ray handle scheduling (taskset already restricts CPU visibility)
2026-03-28 23:20:10,405 - INFO - Creating ModelActor 1/1 (2.21GB RAM each)...
2026-03-28 23:20:14,758 - INFO - ModelActor 1 created successfully.
2026-03-28 23:20:14,760 - INFO - Created 1 CPU actor(s). Task queue will handle concurrency.
2026-03-28 23:20:14,763 - INFO - Starting EQCCTPro parallelized waveform processing...
2026-03-28 23:20:14,766 - INFO - 
2026-03-28 23:20:14,769 - INFO - ------- Analyzing Seismic Waveforms for P and S Picks via EQCCT -------
2026-03-28 23:20:14,772 - INFO - Analyzing 0:01:00 minute timechunk from 2025-01-08 10:02:22 to 2025-01-08 10:03:22 (0 min overlap)
2026-03-28 23:20:14,775 - INFO - Processing a total of 1 stations, 1 at a time.
2026-03-28 23:20:19,209 - INFO - (1/1) MEF: Finished the prediction in 2.44s. (HP=1.0, LP=45.0)
2026-03-28 23:20:19,212 - INFO - 
2026-03-28 23:20:19,215 - INFO - ------- Parallel Station Waveform Processing Complete For 2025-01-08 10:02:22 to 2025-01-08 10:03:22 Timechunk-------
2026-03-28 23:20:19,218 - INFO - Picks saved at /home/blackwinter/projects/eqcct/eqcctpro/results/csv/eqcct_explosions_th0_1/20250108T100222Z_20250108T100322ZProcess Runtime: 4.45 s
2026-03-28 23:20:19,223 - INFO - Successfully ran EQCCTPro, exiting...
2026-03-28 23:20:20,793 - INFO - Ray Successfully Shutdown.
2026-03-28 23:20:20,794 - INFO - ------- Successfully Picked All Waveform(s) from all Timechunk(s) -------
