2026-03-19 22:17:04,539 - INFO - 
2026-03-19 22:17:04,539 - INFO - ------- Welcome to EQCCTPro -------
2026-03-19 22:17:04,539 - INFO - 
2026-03-19 22:17:04,540 - INFO - Running EQCCT over Requested MSeed Files using CPU(s)...
2026-03-19 22:17:04,540 - INFO - GPU disabled (CPU-only).
2026-03-19 22:17:04,541 - INFO - Configured Intra-op threads = 1
2026-03-19 22:17:04,541 - INFO - Configured Inter-op threads = 1
2026-03-19 22:17:04,541 - INFO - TensorFlow: No GPUs visible; TF will proceed on CPU.
2026-03-19 22:17:04,541 - INFO - 
2026-03-19 22:17:10,025 - INFO - Ray Successfully Initialized with 4 CPU(s) ([0, 1, 2, 3] CPU Affinity Binding).
2026-03-19 22:17:10,025 - INFO - Analyzing 1 time chunk(s) from 2025-01-02 04:42:30 to 2025-01-02 04:43:30 (dt=1min, overlap=0min).
2026-03-19 22:17:10,025 - INFO - Using 1 selected station(s).
2026-03-19 22:17:10,026 - INFO - 
2026-03-19 22:17:10,026 - INFO - ------- Starting EQCCTPro... -------
2026-03-19 22:17:10,026 - INFO - Detailed subprocess information can be found in the log file.
2026-03-19 22:17:10,026 - INFO - 
2026-03-19 22:17:10,413 - INFO - GPU disabled (CPU-only).
2026-03-19 22:17:12,023 - INFO - Configured Intra-op threads = 1
2026-03-19 22:17:12,025 - INFO - Configured Inter-op threads = 1
2026-03-19 22:17:12,071 - INFO - TensorFlow: No GPUs visible; TF will proceed on CPU.
2026-03-19 22:17:12,073 - INFO - 
2026-03-19 22:17:12,075 - INFO - ------- Hardware Configuration -------
2026-03-19 22:17:12,077 - INFO - CPU affinity set to cores: [0, 1, 2, 3]
2026-03-19 22:17:12,080 - INFO - 
2026-03-19 22:17:12,082 - INFO - ------- Data Preprocessing for EQCCTPro -------
2026-03-19 22:17:12,084 - INFO - 1 station(s) in /home/blackwinter/projects/eqcct/eqcctpro/data/waveforms_earthquakes_nonoise/20250102T044230Z_20250102T044330Z
2026-03-19 22:17:12,086 - INFO - Using 1 selected station(s): ['RANF'].
2026-03-19 22:17:12,089 - INFO - Creating model actor(s)...
2026-03-19 22:17:12,091 - INFO - System RAM: Total=7870 MB, Available=3118 MB
2026-03-19 22:17:12,093 - INFO - Usable RAM budget: 7083 MB (90% of total)
2026-03-19 22:17:12,095 - INFO - ===== MEMORY-AWARE CPU ACTOR POOL (EQCCT) =====
2026-03-19 22:17:12,097 - INFO - Requested concurrent tasks: 1
2026-03-19 22:17:12,099 - INFO - Available CPUs: 4
2026-03-19 22:17:12,101 - INFO - Available RAM: 7083 MB
2026-03-19 22:17:12,103 - INFO - RAM per model: 2264 MB
2026-03-19 22:17:12,105 - INFO - Max actors by RAM: 3
2026-03-19 22:17:12,106 - INFO - Creating 1 ModelActor(s)
2026-03-19 22:17:12,108 - INFO - Let Ray handle scheduling (taskset already restricts CPU visibility)
2026-03-19 22:17:12,110 - INFO - Creating ModelActor 1/1 (2.21GB RAM each)...
2026-03-19 22:17:16,049 - INFO - ModelActor 1 created successfully.
2026-03-19 22:17:16,051 - INFO - Created 1 CPU actor(s). Task queue will handle concurrency.
2026-03-19 22:17:16,054 - INFO - Starting EQCCTPro parallelized waveform processing...
2026-03-19 22:17:16,056 - INFO - 
2026-03-19 22:17:16,058 - INFO - ------- Analyzing Seismic Waveforms for P and S Picks via EQCCT -------
2026-03-19 22:17:16,060 - INFO - Analyzing 0:01:00 minute timechunk from 2025-01-02 04:42:30 to 2025-01-02 04:43:30 (0 min overlap)
2026-03-19 22:17:16,063 - INFO - Processing a total of 1 stations, 1 at a time.
2026-03-19 22:17:20,119 - INFO - (1/1) RANF: Finished the prediction in 2.14s. (HP=1.0, LP=45.0)
2026-03-19 22:17:20,121 - INFO - 
2026-03-19 22:17:20,124 - INFO - ------- Parallel Station Waveform Processing Complete For 2025-01-02 04:42:30 to 2025-01-02 04:43:30 Timechunk-------
2026-03-19 22:17:20,126 - INFO - Picks saved at /home/blackwinter/projects/eqcct/eqcctpro/results/csv/eqcct_earthquakes_th0_1/20250102T044230Z_20250102T044330ZProcess Runtime: 4.07 s
2026-03-19 22:17:20,130 - INFO - Successfully ran EQCCTPro, exiting...
2026-03-19 22:17:21,634 - INFO - Ray Successfully Shutdown.
2026-03-19 22:17:21,635 - INFO - ------- Successfully Picked All Waveform(s) from all Timechunk(s) -------
