2026-03-10 23:30:44,639 - INFO - 
2026-03-10 23:30:44,639 - INFO - ------- Welcome to EQCCTPro -------
2026-03-10 23:30:44,639 - INFO - 
2026-03-10 23:30:44,640 - INFO - Running EQCCT over Requested MSeed Files using CPU(s)...
2026-03-10 23:30:44,640 - INFO - GPU disabled (CPU-only).
2026-03-10 23:30:44,641 - INFO - Configured Intra-op threads = 1
2026-03-10 23:30:44,641 - INFO - Configured Inter-op threads = 1
2026-03-10 23:30:44,641 - INFO - TensorFlow: No GPUs visible; TF will proceed on CPU.
2026-03-10 23:30:44,641 - INFO - 
2026-03-10 23:30:50,139 - INFO - Ray Successfully Initialized with 4 CPU(s) ([0, 1, 2, 3] CPU Affinity Binding).
2026-03-10 23:30:50,140 - INFO - Analyzing 1 time chunk(s) from 2025-01-09 06:33:35 to 2025-01-09 06:34:35 (dt=1min, overlap=0min).
2026-03-10 23:30:50,140 - INFO - Using 1 selected station(s).
2026-03-10 23:30:50,140 - INFO - 
2026-03-10 23:30:50,140 - INFO - ------- Starting EQCCTPro... -------
2026-03-10 23:30:50,140 - INFO - Detailed subprocess information can be found in the log file.
2026-03-10 23:30:50,140 - INFO - 
2026-03-10 23:30:50,524 - INFO - GPU disabled (CPU-only).
2026-03-10 23:30:52,025 - INFO - Configured Intra-op threads = 1
2026-03-10 23:30:52,027 - INFO - Configured Inter-op threads = 1
2026-03-10 23:30:52,074 - INFO - TensorFlow: No GPUs visible; TF will proceed on CPU.
2026-03-10 23:30:52,077 - INFO - 
2026-03-10 23:30:52,078 - INFO - ------- Hardware Configuration -------
2026-03-10 23:30:52,080 - INFO - CPU affinity set to cores: [0, 1, 2, 3]
2026-03-10 23:30:52,082 - INFO - 
2026-03-10 23:30:52,085 - INFO - ------- Data Preprocessing for EQCCTPro -------
2026-03-10 23:30:52,087 - INFO - 1 station(s) in /home/blackwinter/projects/eqcct/eqcctpro/data/waveforms_noise_only/20250109T063335Z_20250109T063435Z
2026-03-10 23:30:52,089 - INFO - Using 1 selected station(s): ['LOVF'].
2026-03-10 23:30:52,091 - INFO - Creating model actor(s)...
2026-03-10 23:30:52,093 - INFO - System RAM: Total=7870 MB, Available=2705 MB
2026-03-10 23:30:52,095 - INFO - Usable RAM budget: 7083 MB (90% of total)
2026-03-10 23:30:52,097 - INFO - ===== MEMORY-AWARE CPU ACTOR POOL (EQCCT) =====
2026-03-10 23:30:52,099 - INFO - Requested concurrent tasks: 1
2026-03-10 23:30:52,100 - INFO - Available CPUs: 4
2026-03-10 23:30:52,103 - INFO - Available RAM: 7083 MB
2026-03-10 23:30:52,105 - INFO - RAM per model: 2264 MB
2026-03-10 23:30:52,107 - INFO - Max actors by RAM: 3
2026-03-10 23:30:52,110 - INFO - Creating 1 ModelActor(s)
2026-03-10 23:30:52,112 - INFO - Let Ray handle scheduling (taskset already restricts CPU visibility)
2026-03-10 23:30:52,114 - INFO - Creating ModelActor 1/1 (2.21GB RAM each)...
2026-03-10 23:30:56,194 - INFO - ModelActor 1 created successfully.
2026-03-10 23:30:56,196 - INFO - Created 1 CPU actor(s). Task queue will handle concurrency.
2026-03-10 23:30:56,198 - INFO - Starting EQCCTPro parallelized waveform processing...
2026-03-10 23:30:56,200 - INFO - 
2026-03-10 23:30:56,202 - INFO - ------- Analyzing Seismic Waveforms for P and S Picks via EQCCT -------
2026-03-10 23:30:56,205 - INFO - Analyzing 0:01:00 minute timechunk from 2025-01-09 06:33:35 to 2025-01-09 06:34:35 (0 min overlap)
2026-03-10 23:30:56,206 - INFO - Processing a total of 1 stations, 1 at a time.
2026-03-10 23:31:00,360 - INFO - (1/1) LOVF: Finished the prediction in 2.17s. (HP=1.0, LP=45.0)
2026-03-10 23:31:00,362 - INFO - 
2026-03-10 23:31:00,364 - INFO - ------- Parallel Station Waveform Processing Complete For 2025-01-09 06:33:35 to 2025-01-09 06:34:35 Timechunk-------
2026-03-10 23:31:00,366 - INFO - Picks saved at /home/blackwinter/projects/eqcct/eqcctpro/results/csv/bm_noise_only/20250109T063335Z_20250109T063435ZProcess Runtime: 4.16 s
2026-03-10 23:31:00,370 - INFO - Successfully ran EQCCTPro, exiting...
2026-03-10 23:31:01,972 - INFO - Ray Successfully Shutdown.
2026-03-10 23:31:01,972 - INFO - ------- Successfully Picked All Waveform(s) from all Timechunk(s) -------
2026-03-11 14:12:47,439 - INFO - 
2026-03-11 14:12:47,439 - INFO - ------- Welcome to EQCCTPro -------
2026-03-11 14:12:47,439 - INFO - 
2026-03-11 14:12:47,440 - INFO - Running EQCCT over Requested MSeed Files using CPU(s)...
2026-03-11 14:12:47,440 - INFO - GPU disabled (CPU-only).
2026-03-11 14:12:47,440 - INFO - Configured Intra-op threads = 1
2026-03-11 14:12:47,441 - INFO - Configured Inter-op threads = 1
2026-03-11 14:12:47,441 - INFO - TensorFlow: No GPUs visible; TF will proceed on CPU.
2026-03-11 14:12:47,441 - INFO - 
2026-03-11 14:12:52,973 - INFO - Ray Successfully Initialized with 4 CPU(s) ([0, 1, 2, 3] CPU Affinity Binding).
2026-03-11 14:12:52,974 - INFO - Analyzing 1 time chunk(s) from 2025-01-09 06:33:35 to 2025-01-09 06:34:35 (dt=1min, overlap=0min).
2026-03-11 14:12:52,974 - INFO - Using 1 selected station(s).
2026-03-11 14:12:52,974 - INFO - 
2026-03-11 14:12:52,974 - INFO - ------- Starting EQCCTPro... -------
2026-03-11 14:12:52,974 - INFO - Detailed subprocess information can be found in the log file.
2026-03-11 14:12:52,974 - INFO - 
2026-03-11 14:12:53,353 - INFO - GPU disabled (CPU-only).
2026-03-11 14:12:54,907 - INFO - Configured Intra-op threads = 1
2026-03-11 14:12:54,910 - INFO - Configured Inter-op threads = 1
2026-03-11 14:12:54,949 - INFO - TensorFlow: No GPUs visible; TF will proceed on CPU.
2026-03-11 14:12:54,952 - INFO - 
2026-03-11 14:12:54,954 - INFO - ------- Hardware Configuration -------
2026-03-11 14:12:54,957 - INFO - CPU affinity set to cores: [0, 1, 2, 3]
2026-03-11 14:12:54,959 - INFO - 
2026-03-11 14:12:54,961 - INFO - ------- Data Preprocessing for EQCCTPro -------
2026-03-11 14:12:54,963 - INFO - 1 station(s) in /home/blackwinter/projects/eqcct/eqcctpro/data/waveforms_noise_only/20250109T063335Z_20250109T063435Z
2026-03-11 14:12:54,965 - INFO - Using 1 selected station(s): ['LOVF'].
2026-03-11 14:12:54,967 - INFO - Creating model actor(s)...
2026-03-11 14:12:54,969 - INFO - System RAM: Total=7870 MB, Available=3472 MB
2026-03-11 14:12:54,972 - INFO - Usable RAM budget: 7083 MB (90% of total)
2026-03-11 14:12:54,973 - INFO - ===== MEMORY-AWARE CPU ACTOR POOL (EQCCT) =====
2026-03-11 14:12:54,975 - INFO - Requested concurrent tasks: 1
2026-03-11 14:12:54,977 - INFO - Available CPUs: 4
2026-03-11 14:12:54,978 - INFO - Available RAM: 7083 MB
2026-03-11 14:12:54,980 - INFO - RAM per model: 2264 MB
2026-03-11 14:12:54,982 - INFO - Max actors by RAM: 3
2026-03-11 14:12:54,985 - INFO - Creating 1 ModelActor(s)
2026-03-11 14:12:54,987 - INFO - Let Ray handle scheduling (taskset already restricts CPU visibility)
2026-03-11 14:12:54,989 - INFO - Creating ModelActor 1/1 (2.21GB RAM each)...
2026-03-11 14:12:58,935 - INFO - ModelActor 1 created successfully.
2026-03-11 14:12:58,937 - INFO - Created 1 CPU actor(s). Task queue will handle concurrency.
2026-03-11 14:12:58,940 - INFO - Starting EQCCTPro parallelized waveform processing...
2026-03-11 14:12:58,942 - INFO - 
2026-03-11 14:12:58,944 - INFO - ------- Analyzing Seismic Waveforms for P and S Picks via EQCCT -------
2026-03-11 14:12:58,946 - INFO - Analyzing 0:01:00 minute timechunk from 2025-01-09 06:33:35 to 2025-01-09 06:34:35 (0 min overlap)
2026-03-11 14:12:58,948 - INFO - Processing a total of 1 stations, 1 at a time.
2026-03-11 14:13:00,871 - INFO - (1/1) LOVF: Skipped (already exists - overwrite=False).
2026-03-11 14:13:00,873 - INFO - 
2026-03-11 14:13:00,875 - INFO - ------- Parallel Station Waveform Processing Complete For 2025-01-09 06:33:35 to 2025-01-09 06:34:35 Timechunk-------
2026-03-11 14:13:00,880 - INFO - Successfully ran EQCCTPro, exiting...
2026-03-11 14:13:00,876 - INFO - Picks saved at /home/blackwinter/projects/eqcct/eqcctpro/results/csv/bm_noise_only/20250109T063335Z_20250109T063435ZProcess Runtime: 1.93 s
2026-03-11 14:13:02,355 - INFO - Ray Successfully Shutdown.
2026-03-11 14:13:02,355 - INFO - ------- Successfully Picked All Waveform(s) from all Timechunk(s) -------
