2026-03-10 21:02:11,930 - INFO - 
2026-03-10 21:02:11,930 - INFO - ------- Welcome to EQCCTPro -------
2026-03-10 21:02:11,930 - INFO - 
2026-03-10 21:02:11,931 - INFO - Running EQCCT over Requested MSeed Files using CPU(s)...
2026-03-10 21:02:11,931 - INFO - GPU disabled (CPU-only).
2026-03-10 21:02:11,931 - INFO - Configured Intra-op threads = 1
2026-03-10 21:02:11,931 - INFO - Configured Inter-op threads = 1
2026-03-10 21:02:11,932 - INFO - TensorFlow: No GPUs visible; TF will proceed on CPU.
2026-03-10 21:02:11,932 - INFO - 
2026-03-10 21:02:17,386 - INFO - Ray Successfully Initialized with 4 CPU(s) ([0, 1, 2, 3] CPU Affinity Binding).
2026-03-10 21:02:17,386 - INFO - Analyzing 1 time chunk(s) from 2025-01-06 10:11:37 to 2025-01-06 10:12:37 (dt=1min, overlap=0min).
2026-03-10 21:02:17,386 - INFO - Using 1 selected station(s).
2026-03-10 21:02:17,387 - INFO - 
2026-03-10 21:02:17,387 - INFO - ------- Starting EQCCTPro... -------
2026-03-10 21:02:17,387 - INFO - Detailed subprocess information can be found in the log file.
2026-03-10 21:02:17,387 - INFO - 
2026-03-10 21:02:17,768 - INFO - GPU disabled (CPU-only).
2026-03-10 21:02:19,295 - INFO - Configured Intra-op threads = 1
2026-03-10 21:02:19,298 - INFO - Configured Inter-op threads = 1
2026-03-10 21:02:19,341 - INFO - TensorFlow: No GPUs visible; TF will proceed on CPU.
2026-03-10 21:02:19,344 - INFO - 
2026-03-10 21:02:19,346 - INFO - ------- Hardware Configuration -------
2026-03-10 21:02:19,348 - INFO - CPU affinity set to cores: [0, 1, 2, 3]
2026-03-10 21:02:19,350 - INFO - 
2026-03-10 21:02:19,352 - INFO - ------- Data Preprocessing for EQCCTPro -------
2026-03-10 21:02:19,353 - INFO - 1 station(s) in /home/blackwinter/projects/eqcct/eqcctpro/data/waveforms_noise_only/20250106T101137Z_20250106T101237Z
2026-03-10 21:02:19,355 - INFO - Using 1 selected station(s): ['KU6'].
2026-03-10 21:02:19,357 - INFO - Creating model actor(s)...
2026-03-10 21:02:19,359 - INFO - System RAM: Total=7870 MB, Available=3111 MB
2026-03-10 21:02:19,361 - INFO - Usable RAM budget: 7083 MB (90% of total)
2026-03-10 21:02:19,363 - INFO - ===== MEMORY-AWARE CPU ACTOR POOL (EQCCT) =====
2026-03-10 21:02:19,365 - INFO - Requested concurrent tasks: 1
2026-03-10 21:02:19,366 - INFO - Available CPUs: 4
2026-03-10 21:02:19,368 - INFO - Available RAM: 7083 MB
2026-03-10 21:02:19,370 - INFO - RAM per model: 2264 MB
2026-03-10 21:02:19,372 - INFO - Max actors by RAM: 3
2026-03-10 21:02:19,374 - INFO - Creating 1 ModelActor(s)
2026-03-10 21:02:19,376 - INFO - Let Ray handle scheduling (taskset already restricts CPU visibility)
2026-03-10 21:02:19,379 - INFO - Creating ModelActor 1/1 (2.21GB RAM each)...
2026-03-10 21:02:23,316 - INFO - ModelActor 1 created successfully.
2026-03-10 21:02:23,318 - INFO - Created 1 CPU actor(s). Task queue will handle concurrency.
2026-03-10 21:02:23,321 - INFO - Starting EQCCTPro parallelized waveform processing...
2026-03-10 21:02:23,324 - INFO - 
2026-03-10 21:02:23,326 - INFO - ------- Analyzing Seismic Waveforms for P and S Picks via EQCCT -------
2026-03-10 21:02:23,329 - INFO - Analyzing 0:01:00 minute timechunk from 2025-01-06 10:11:37 to 2025-01-06 10:12:37 (0 min overlap)
2026-03-10 21:02:23,331 - INFO - Processing a total of 1 stations, 1 at a time.
2026-03-10 21:02:27,708 - INFO - (1/1) KU6: Finished the prediction in 2.33s. (HP=1.0, LP=45.0)
2026-03-10 21:02:27,716 - INFO - 
2026-03-10 21:02:27,717 - INFO - ------- Parallel Station Waveform Processing Complete For 2025-01-06 10:11:37 to 2025-01-06 10:12:37 Timechunk-------
2026-03-10 21:02:27,720 - INFO - Picks saved at /home/blackwinter/projects/eqcct/eqcctpro/results/csv/bm_noise_only/20250106T101137Z_20250106T101237ZProcess Runtime: 4.39 s
2026-03-10 21:02:27,727 - INFO - Successfully ran EQCCTPro, exiting...
2026-03-10 21:02:29,343 - INFO - Ray Successfully Shutdown.
2026-03-10 21:02:29,343 - INFO - ------- Successfully Picked All Waveform(s) from all Timechunk(s) -------
2026-03-11 12:02:48,143 - INFO - 
2026-03-11 12:02:48,150 - INFO - ------- Welcome to EQCCTPro -------
2026-03-11 12:02:48,150 - INFO - 
2026-03-11 12:02:48,151 - INFO - Running EQCCT over Requested MSeed Files using CPU(s)...
2026-03-11 12:02:48,151 - INFO - GPU disabled (CPU-only).
2026-03-11 12:02:48,151 - INFO - Configured Intra-op threads = 1
2026-03-11 12:02:48,151 - INFO - Configured Inter-op threads = 1
2026-03-11 12:02:48,151 - INFO - TensorFlow: No GPUs visible; TF will proceed on CPU.
2026-03-11 12:02:48,152 - INFO - 
2026-03-11 12:02:53,269 - INFO - Ray Successfully Initialized with 4 CPU(s) ([0, 1, 2, 3] CPU Affinity Binding).
2026-03-11 12:02:53,269 - INFO - Analyzing 1 time chunk(s) from 2025-01-06 10:11:37 to 2025-01-06 10:12:37 (dt=1min, overlap=0min).
2026-03-11 12:02:53,270 - INFO - Using 1 selected station(s).
2026-03-11 12:02:53,270 - INFO - 
2026-03-11 12:02:53,270 - INFO - ------- Starting EQCCTPro... -------
2026-03-11 12:02:53,270 - INFO - Detailed subprocess information can be found in the log file.
2026-03-11 12:02:53,270 - INFO - 
2026-03-11 12:02:53,807 - INFO - GPU disabled (CPU-only).
2026-03-11 12:02:55,458 - INFO - Configured Intra-op threads = 1
2026-03-11 12:02:55,461 - INFO - Configured Inter-op threads = 1
2026-03-11 12:02:55,502 - INFO - TensorFlow: No GPUs visible; TF will proceed on CPU.
2026-03-11 12:02:55,505 - INFO - 
2026-03-11 12:02:55,507 - INFO - ------- Hardware Configuration -------
2026-03-11 12:02:55,509 - INFO - CPU affinity set to cores: [0, 1, 2, 3]
2026-03-11 12:02:55,510 - INFO - 
2026-03-11 12:02:55,512 - INFO - ------- Data Preprocessing for EQCCTPro -------
2026-03-11 12:02:55,514 - INFO - 1 station(s) in /home/blackwinter/projects/eqcct/eqcctpro/data/waveforms_noise_only/20250106T101137Z_20250106T101237Z
2026-03-11 12:02:55,516 - INFO - Using 1 selected station(s): ['KU6'].
2026-03-11 12:02:55,517 - INFO - Creating model actor(s)...
2026-03-11 12:02:55,519 - INFO - System RAM: Total=7870 MB, Available=3968 MB
2026-03-11 12:02:55,521 - INFO - Usable RAM budget: 7083 MB (90% of total)
2026-03-11 12:02:55,523 - INFO - ===== MEMORY-AWARE CPU ACTOR POOL (EQCCT) =====
2026-03-11 12:02:55,525 - INFO - Requested concurrent tasks: 1
2026-03-11 12:02:55,526 - INFO - Available CPUs: 4
2026-03-11 12:02:55,528 - INFO - Available RAM: 7083 MB
2026-03-11 12:02:55,530 - INFO - RAM per model: 2264 MB
2026-03-11 12:02:55,531 - INFO - Max actors by RAM: 3
2026-03-11 12:02:55,533 - INFO - Creating 1 ModelActor(s)
2026-03-11 12:02:55,535 - INFO - Let Ray handle scheduling (taskset already restricts CPU visibility)
2026-03-11 12:02:55,537 - INFO - Creating ModelActor 1/1 (2.21GB RAM each)...
2026-03-11 12:02:59,430 - INFO - ModelActor 1 created successfully.
2026-03-11 12:02:59,432 - INFO - Created 1 CPU actor(s). Task queue will handle concurrency.
2026-03-11 12:02:59,434 - INFO - Starting EQCCTPro parallelized waveform processing...
2026-03-11 12:02:59,436 - INFO - 
2026-03-11 12:02:59,438 - INFO - ------- Analyzing Seismic Waveforms for P and S Picks via EQCCT -------
2026-03-11 12:02:59,441 - INFO - Analyzing 0:01:00 minute timechunk from 2025-01-06 10:11:37 to 2025-01-06 10:12:37 (0 min overlap)
2026-03-11 12:02:59,443 - INFO - Processing a total of 1 stations, 1 at a time.
2026-03-11 12:03:01,322 - INFO - (1/1) KU6: Skipped (already exists - overwrite=False).
2026-03-11 12:03:01,324 - INFO - 
2026-03-11 12:03:01,326 - INFO - ------- Parallel Station Waveform Processing Complete For 2025-01-06 10:11:37 to 2025-01-06 10:12:37 Timechunk-------
2026-03-11 12:03:01,329 - INFO - Picks saved at /home/blackwinter/projects/eqcct/eqcctpro/results/csv/bm_noise_only/20250106T101137Z_20250106T101237ZProcess Runtime: 1.89 s
2026-03-11 12:03:01,332 - INFO - Successfully ran EQCCTPro, exiting...
2026-03-11 12:03:02,977 - INFO - Ray Successfully Shutdown.
2026-03-11 12:03:02,978 - INFO - ------- Successfully Picked All Waveform(s) from all Timechunk(s) -------
