2026-03-20 02:29:10,584 - INFO - 
2026-03-20 02:29:10,584 - INFO - ------- Welcome to EQCCTPro -------
2026-03-20 02:29:10,584 - INFO - 
2026-03-20 02:29:10,585 - INFO - Running EQCCT over Requested MSeed Files using CPU(s)...
2026-03-20 02:29:10,585 - INFO - GPU disabled (CPU-only).
2026-03-20 02:29:10,585 - INFO - Configured Intra-op threads = 1
2026-03-20 02:29:10,586 - INFO - Configured Inter-op threads = 1
2026-03-20 02:29:10,586 - INFO - TensorFlow: No GPUs visible; TF will proceed on CPU.
2026-03-20 02:29:10,586 - INFO - 
2026-03-20 02:29:15,911 - INFO - Ray Successfully Initialized with 4 CPU(s) ([0, 1, 2, 3] CPU Affinity Binding).
2026-03-20 02:29:15,911 - INFO - Analyzing 1 time chunk(s) from 2025-06-21 16:41:59 to 2025-06-21 16:42:59 (dt=1min, overlap=0min).
2026-03-20 02:29:15,911 - INFO - Using 1 selected station(s).
2026-03-20 02:29:15,911 - INFO - 
2026-03-20 02:29:15,911 - INFO - ------- Starting EQCCTPro... -------
2026-03-20 02:29:15,912 - INFO - Detailed subprocess information can be found in the log file.
2026-03-20 02:29:15,912 - INFO - 
2026-03-20 02:29:16,290 - INFO - GPU disabled (CPU-only).
2026-03-20 02:29:17,813 - INFO - Configured Intra-op threads = 1
2026-03-20 02:29:17,815 - INFO - Configured Inter-op threads = 1
2026-03-20 02:29:17,851 - INFO - TensorFlow: No GPUs visible; TF will proceed on CPU.
2026-03-20 02:29:17,853 - INFO - 
2026-03-20 02:29:17,855 - INFO - ------- Hardware Configuration -------
2026-03-20 02:29:17,857 - INFO - CPU affinity set to cores: [0, 1, 2, 3]
2026-03-20 02:29:17,859 - INFO - 
2026-03-20 02:29:17,861 - INFO - ------- Data Preprocessing for EQCCTPro -------
2026-03-20 02:29:17,862 - INFO - 1 station(s) in /home/blackwinter/projects/eqcct/eqcctpro/data/waveforms_earthquakes_nonoise/20250621T164159Z_20250621T164259Z
2026-03-20 02:29:17,864 - INFO - Using 1 selected station(s): ['KU6'].
2026-03-20 02:29:17,865 - INFO - Creating model actor(s)...
2026-03-20 02:29:17,867 - INFO - System RAM: Total=7870 MB, Available=2024 MB
2026-03-20 02:29:17,869 - INFO - Usable RAM budget: 7083 MB (90% of total)
2026-03-20 02:29:17,871 - INFO - ===== MEMORY-AWARE CPU ACTOR POOL (EQCCT) =====
2026-03-20 02:29:17,873 - INFO - Requested concurrent tasks: 1
2026-03-20 02:29:17,875 - INFO - Available CPUs: 4
2026-03-20 02:29:17,876 - INFO - Available RAM: 7083 MB
2026-03-20 02:29:17,878 - INFO - RAM per model: 2264 MB
2026-03-20 02:29:17,881 - INFO - Max actors by RAM: 3
2026-03-20 02:29:17,883 - INFO - Creating 1 ModelActor(s)
2026-03-20 02:29:17,885 - INFO - Let Ray handle scheduling (taskset already restricts CPU visibility)
2026-03-20 02:29:17,888 - INFO - Creating ModelActor 1/1 (2.21GB RAM each)...
2026-03-20 02:29:21,752 - INFO - ModelActor 1 created successfully.
2026-03-20 02:29:21,754 - INFO - Created 1 CPU actor(s). Task queue will handle concurrency.
2026-03-20 02:29:21,756 - INFO - Starting EQCCTPro parallelized waveform processing...
2026-03-20 02:29:21,758 - INFO - 
2026-03-20 02:29:21,761 - INFO - ------- Analyzing Seismic Waveforms for P and S Picks via EQCCT -------
2026-03-20 02:29:21,763 - INFO - Analyzing 0:01:00 minute timechunk from 2025-06-21 16:41:59 to 2025-06-21 16:42:59 (0 min overlap)
2026-03-20 02:29:21,765 - INFO - Processing a total of 1 stations, 1 at a time.
2026-03-20 02:29:25,955 - INFO - (1/1) KU6: Finished the prediction in 2.31s. (HP=1.0, LP=45.0)
2026-03-20 02:29:25,961 - INFO - 
2026-03-20 02:29:25,963 - INFO - ------- Parallel Station Waveform Processing Complete For 2025-06-21 16:41:59 to 2025-06-21 16:42:59 Timechunk-------
2026-03-20 02:29:25,965 - INFO - Picks saved at /home/blackwinter/projects/eqcct/eqcctpro/results/csv/eqcct_earthquakes_th0_1/20250621T164159Z_20250621T164259ZProcess Runtime: 4.20 s
2026-03-20 02:29:25,970 - INFO - Successfully ran EQCCTPro, exiting...
2026-03-20 02:29:27,591 - INFO - Ray Successfully Shutdown.
2026-03-20 02:29:27,591 - INFO - ------- Successfully Picked All Waveform(s) from all Timechunk(s) -------
