2026-03-28 21:37:59,217 - INFO - 
2026-03-28 21:37:59,217 - INFO - ------- Welcome to EQCCTPro -------
2026-03-28 21:37:59,217 - INFO - 
2026-03-28 21:37:59,218 - INFO - Running EQCCT over Requested MSeed Files using CPU(s)...
2026-03-28 21:37:59,218 - INFO - GPU disabled (CPU-only).
2026-03-29 02:28:53,961 - INFO - 
2026-03-29 02:28:53,962 - INFO - ------- Welcome to EQCCTPro -------
2026-03-29 02:28:53,962 - INFO - 
2026-03-29 02:28:53,962 - INFO - Running EQCCT over Requested MSeed Files using CPU(s)...
2026-03-29 02:28:53,963 - INFO - GPU disabled (CPU-only).
2026-03-29 02:28:53,963 - INFO - Configured Intra-op threads = 1
2026-03-29 02:28:53,963 - INFO - Configured Inter-op threads = 1
2026-03-29 02:28:53,963 - INFO - TensorFlow: No GPUs visible; TF will proceed on CPU.
2026-03-29 02:28:53,963 - INFO - 
2026-03-29 02:28:58,940 - INFO - Ray Successfully Initialized with 4 CPU(s) ([0, 1, 2, 3] CPU Affinity Binding).
2026-03-29 02:28:58,941 - INFO - Analyzing 1 time chunk(s) from 2025-01-15 12:30:21 to 2025-01-15 12:31:21 (dt=1min, overlap=0min).
2026-03-29 02:28:58,941 - INFO - Using 5 selected station(s).
2026-03-29 02:28:58,941 - INFO - 
2026-03-29 02:28:58,941 - INFO - ------- Starting EQCCTPro... -------
2026-03-29 02:28:58,941 - INFO - Detailed subprocess information can be found in the log file.
2026-03-29 02:28:58,942 - INFO - 
2026-03-29 02:28:59,372 - INFO - GPU disabled (CPU-only).
2026-03-29 02:29:01,118 - INFO - Configured Intra-op threads = 1
2026-03-29 02:29:01,122 - INFO - Configured Inter-op threads = 1
2026-03-29 02:29:01,166 - INFO - TensorFlow: No GPUs visible; TF will proceed on CPU.
2026-03-29 02:29:01,169 - INFO - 
2026-03-29 02:29:01,172 - INFO - ------- Hardware Configuration -------
2026-03-29 02:29:01,176 - INFO - CPU affinity set to cores: [0, 1, 2, 3]
2026-03-29 02:29:01,179 - INFO - 
2026-03-29 02:29:01,182 - INFO - ------- Data Preprocessing for EQCCTPro -------
2026-03-29 02:29:01,184 - INFO - 5 station(s) in /home/blackwinter/projects/eqcct/eqcctpro/data/waveforms_explosions_nonoise/20250115T123021Z_20250115T123121Z
2026-03-29 02:29:01,187 - INFO - Using 5 selected station(s): ['HEL1', 'HEL5', 'KUNI', 'LAUT', 'RSUO'].
2026-03-29 02:29:01,190 - INFO - Creating model actor(s)...
2026-03-29 02:29:01,193 - INFO - System RAM: Total=7870 MB, Available=3221 MB
2026-03-29 02:29:01,195 - INFO - Usable RAM budget: 7083 MB (90% of total)
2026-03-29 02:29:01,198 - INFO - ===== MEMORY-AWARE CPU ACTOR POOL (EQCCT) =====
2026-03-29 02:29:01,200 - INFO - Requested concurrent tasks: 1
2026-03-29 02:29:01,202 - INFO - Available CPUs: 4
2026-03-29 02:29:01,205 - INFO - Available RAM: 7083 MB
2026-03-29 02:29:01,207 - INFO - RAM per model: 2264 MB
2026-03-29 02:29:01,209 - INFO - Max actors by RAM: 3
2026-03-29 02:29:01,212 - INFO - Creating 1 ModelActor(s)
2026-03-29 02:29:01,215 - INFO - Let Ray handle scheduling (taskset already restricts CPU visibility)
2026-03-29 02:29:01,217 - INFO - Creating ModelActor 1/1 (2.21GB RAM each)...
2026-03-29 02:29:05,623 - INFO - ModelActor 1 created successfully.
2026-03-29 02:29:05,625 - INFO - Created 1 CPU actor(s). Task queue will handle concurrency.
2026-03-29 02:29:05,628 - INFO - Starting EQCCTPro parallelized waveform processing...
2026-03-29 02:29:05,630 - INFO - 
2026-03-29 02:29:05,633 - INFO - ------- Analyzing Seismic Waveforms for P and S Picks via EQCCT -------
2026-03-29 02:29:05,637 - INFO - Analyzing 0:01:00 minute timechunk from 2025-01-15 12:30:21 to 2025-01-15 12:31:21 (0 min overlap)
2026-03-29 02:29:05,639 - INFO - Processing a total of 5 stations, 1 at a time.
2026-03-29 02:29:10,144 - INFO - (1/5) HEL1: Finished the prediction in 2.4s. (HP=1.0, LP=45.0)
2026-03-29 02:29:10,258 - INFO - (2/5) HEL5: Finished the prediction in 0.11s. (HP=1.0, LP=45.0)
2026-03-29 02:29:10,369 - INFO - (3/5) KUNI: Finished the prediction in 0.1s. (HP=1.0, LP=45.0)
2026-03-29 02:29:10,491 - INFO - (4/5) LAUT: Finished the prediction in 0.12s. (HP=1.0, LP=45.0)
2026-03-29 02:29:10,596 - INFO - (5/5) RSUO: Finished the prediction in 0.1s. (HP=1.0, LP=45.0)
2026-03-29 02:29:10,598 - INFO - 
2026-03-29 02:29:10,600 - INFO - ------- Parallel Station Waveform Processing Complete For 2025-01-15 12:30:21 to 2025-01-15 12:31:21 Timechunk-------
2026-03-29 02:29:10,603 - INFO - Picks saved at /home/blackwinter/projects/eqcct/eqcctpro/results/csv/eqcct_explosions_th0_1/20250115T123021Z_20250115T123121ZProcess Runtime: 4.97 s
2026-03-29 02:29:10,610 - INFO - Successfully ran EQCCTPro, exiting...
2026-03-29 02:29:12,198 - INFO - Ray Successfully Shutdown.
2026-03-29 02:29:12,198 - INFO - ------- Successfully Picked All Waveform(s) from all Timechunk(s) -------
