2026-03-20 04:39:47,569 - INFO - 
2026-03-20 04:39:47,570 - INFO - ------- Welcome to EQCCTPro -------
2026-03-20 04:39:47,570 - INFO - 
2026-03-20 04:39:47,570 - INFO - Running EQCCT over Requested MSeed Files using CPU(s)...
2026-03-20 04:39:47,570 - INFO - GPU disabled (CPU-only).
2026-03-20 04:39:47,571 - INFO - Configured Intra-op threads = 1
2026-03-20 04:39:47,571 - INFO - Configured Inter-op threads = 1
2026-03-20 04:39:47,571 - INFO - TensorFlow: No GPUs visible; TF will proceed on CPU.
2026-03-20 04:39:47,571 - INFO - 
2026-03-20 04:39:53,071 - INFO - Ray Successfully Initialized with 4 CPU(s) ([0, 1, 2, 3] CPU Affinity Binding).
2026-03-20 04:39:53,074 - INFO - Analyzing 1 time chunk(s) from 2025-08-26 17:49:32 to 2025-08-26 17:50:32 (dt=1min, overlap=0min).
2026-03-20 04:39:53,074 - INFO - Using 1 selected station(s).
2026-03-20 04:39:53,074 - INFO - 
2026-03-20 04:39:53,074 - INFO - ------- Starting EQCCTPro... -------
2026-03-20 04:39:53,074 - INFO - Detailed subprocess information can be found in the log file.
2026-03-20 04:39:53,074 - INFO - 
2026-03-20 04:39:53,464 - INFO - GPU disabled (CPU-only).
2026-03-20 04:39:55,033 - INFO - Configured Intra-op threads = 1
2026-03-20 04:39:55,036 - INFO - Configured Inter-op threads = 1
2026-03-20 04:39:55,075 - INFO - TensorFlow: No GPUs visible; TF will proceed on CPU.
2026-03-20 04:39:55,077 - INFO - 
2026-03-20 04:39:55,079 - INFO - ------- Hardware Configuration -------
2026-03-20 04:39:55,082 - INFO - CPU affinity set to cores: [0, 1, 2, 3]
2026-03-20 04:39:55,084 - INFO - 
2026-03-20 04:39:55,086 - INFO - ------- Data Preprocessing for EQCCTPro -------
2026-03-20 04:39:55,088 - INFO - 1 station(s) in /home/blackwinter/projects/eqcct/eqcctpro/data/waveforms_earthquakes_nonoise/20250826T174932Z_20250826T175032Z
2026-03-20 04:39:55,090 - INFO - Using 1 selected station(s): ['KLF'].
2026-03-20 04:39:55,092 - INFO - Creating model actor(s)...
2026-03-20 04:39:55,094 - INFO - System RAM: Total=7870 MB, Available=1729 MB
2026-03-20 04:39:55,097 - INFO - Usable RAM budget: 7083 MB (90% of total)
2026-03-20 04:39:55,099 - INFO - ===== MEMORY-AWARE CPU ACTOR POOL (EQCCT) =====
2026-03-20 04:39:55,101 - INFO - Requested concurrent tasks: 1
2026-03-20 04:39:55,103 - INFO - Available CPUs: 4
2026-03-20 04:39:55,104 - INFO - Available RAM: 7083 MB
2026-03-20 04:39:55,106 - INFO - RAM per model: 2264 MB
2026-03-20 04:39:55,108 - INFO - Max actors by RAM: 3
2026-03-20 04:39:55,109 - INFO - Creating 1 ModelActor(s)
2026-03-20 04:39:55,111 - INFO - Let Ray handle scheduling (taskset already restricts CPU visibility)
2026-03-20 04:39:55,113 - INFO - Creating ModelActor 1/1 (2.21GB RAM each)...
2026-03-20 04:39:59,037 - INFO - ModelActor 1 created successfully.
2026-03-20 04:39:59,039 - INFO - Created 1 CPU actor(s). Task queue will handle concurrency.
2026-03-20 04:39:59,041 - INFO - Starting EQCCTPro parallelized waveform processing...
2026-03-20 04:39:59,042 - INFO - 
2026-03-20 04:39:59,044 - INFO - ------- Analyzing Seismic Waveforms for P and S Picks via EQCCT -------
2026-03-20 04:39:59,046 - INFO - Analyzing 0:01:00 minute timechunk from 2025-08-26 17:49:32 to 2025-08-26 17:50:32 (0 min overlap)
2026-03-20 04:39:59,048 - INFO - Processing a total of 1 stations, 1 at a time.
2026-03-20 04:40:03,133 - INFO - (1/1) KLF: Finished the prediction in 2.15s. (HP=1.0, LP=45.0)
2026-03-20 04:40:03,136 - INFO - 
2026-03-20 04:40:03,138 - INFO - ------- Parallel Station Waveform Processing Complete For 2025-08-26 17:49:32 to 2025-08-26 17:50:32 Timechunk-------
2026-03-20 04:40:03,140 - INFO - Picks saved at /home/blackwinter/projects/eqcct/eqcctpro/results/csv/eqcct_earthquakes_th0_1/20250826T174932Z_20250826T175032ZProcess Runtime: 4.10 s
2026-03-20 04:40:03,143 - INFO - Successfully ran EQCCTPro, exiting...
2026-03-20 04:40:04,691 - INFO - Ray Successfully Shutdown.
2026-03-20 04:40:04,692 - INFO - ------- Successfully Picked All Waveform(s) from all Timechunk(s) -------
