2026-03-28 10:07:59,897 - INFO - 
2026-03-28 10:07:59,897 - INFO - ------- Welcome to EQCCTPro -------
2026-03-28 10:07:59,897 - INFO - 
2026-03-28 10:07:59,897 - INFO - Running EQCCT over Requested MSeed Files using CPU(s)...
2026-03-28 10:07:59,898 - INFO - GPU disabled (CPU-only).
2026-03-28 10:07:59,898 - INFO - Skipping framework-specific initialization in the driver process.
2026-03-28 10:08:01,300 - INFO - Ray Successfully Initialized with 4 CPU(s) ([0, 1, 2, 3] CPU Affinity Binding).
2026-03-28 10:08:01,300 - INFO - Analyzing 1 time chunk(s) from 2025-01-04 16:30:53 to 2025-01-04 16:31:53 (dt=1min, overlap=0min).
2026-03-28 10:08:01,300 - INFO - Using 1 selected station(s).
2026-03-28 10:08:01,300 - INFO - 
2026-03-28 10:08:01,300 - INFO - ------- Starting EQCCTPro... -------
2026-03-28 10:08:01,300 - INFO - Detailed subprocess information can be found in the log file.
2026-03-28 10:08:01,300 - INFO - 
2026-03-28 10:08:01,609 - INFO - GPU disabled (CPU-only).
2026-03-28 10:08:01,614 - INFO - Skipping framework-specific initialization in the driver process.
2026-03-28 10:08:01,617 - INFO - ------- Hardware Configuration -------
2026-03-28 10:08:01,620 - INFO - CPU affinity set to cores: [0, 1, 2, 3]
2026-03-28 10:08:01,623 - INFO - 
2026-03-28 10:08:01,625 - INFO - ------- Data Preprocessing for EQCCTPro -------
2026-03-28 10:08:01,627 - INFO - 1 station(s) in /home/blackwinter/projects/eqcct/eqcctpro/data/waveforms_noise_only/20250104T163053Z_20250104T163153Z
2026-03-28 10:08:01,630 - INFO - Using 1 selected station(s): ['FIA1'].
2026-03-28 10:08:01,633 - INFO - Creating model actor(s)...
2026-03-28 10:08:01,636 - INFO - System RAM: Total=7870 MB, Available=4732 MB
2026-03-28 10:08:01,638 - INFO - Usable RAM budget: 7083 MB (90% of total)
2026-03-28 10:08:01,640 - INFO - ===== MEMORY-AWARE CPU ACTOR POOL =====
2026-03-28 10:08:01,643 - INFO - Requested concurrent tasks: 1
2026-03-28 10:08:01,646 - INFO - Available CPUs: 4
2026-03-28 10:08:01,648 - INFO - Available RAM: 7083 MB
2026-03-28 10:08:01,651 - INFO - RAM per model: 2060 MB
2026-03-28 10:08:01,654 - INFO - Max actors by RAM: 3
2026-03-28 10:08:01,656 - INFO - Creating 1 SeisBenchModelActor(s)
2026-03-28 10:08:01,659 - INFO - Let Ray handle scheduling (taskset already restricts CPU visibility)
2026-03-28 10:08:01,661 - INFO - Creating SeisBenchModelActor 1/1 (2.01GB RAM each)...
2026-03-28 10:08:04,707 - INFO - SeisBenchModelActor 1 created successfully.
2026-03-28 10:08:04,710 - INFO - Created 1 CPU actor(s). Task queue will handle concurrency.
2026-03-28 10:08:04,712 - INFO - Starting EQCCTPro parallelized waveform processing...
2026-03-28 10:08:04,715 - INFO - 
2026-03-28 10:08:04,717 - INFO - ------- Analyzing Seismic Waveforms for P and S Picks via SeisBench (EQTransformer - original_nonconservative) -------
2026-03-28 10:08:04,720 - INFO - Analyzing 0:01:00 minute timechunk from 2025-01-04 16:30:53 to 2025-01-04 16:31:53 (0 min overlap)
2026-03-28 10:08:04,722 - INFO - Processing a total of 1 stations, 1 at a time.
2026-03-28 10:08:06,961 - INFO - (1/1) FIA1: Finished the prediction in 0.13s. (HP=1.0, LP=45.0, picks=0)
2026-03-28 10:08:06,964 - INFO - 
2026-03-28 10:08:06,968 - INFO - ------- Parallel Station Waveform Processing Complete For 2025-01-04 16:30:53 to 2025-01-04 16:31:53 Timechunk-------
2026-03-28 10:08:06,971 - INFO - Picks saved at /home/blackwinter/projects/eqcct/eqcctpro/results/csv/eqt_noise_th0_1/20250104T163053Z_20250104T163153ZProcess Runtime: 2.25 s
2026-03-28 10:08:06,979 - INFO - Successfully ran EQCCTPro, exiting...
2026-03-28 10:08:08,484 - INFO - Ray Successfully Shutdown.
2026-03-28 10:08:08,484 - INFO - ------- Successfully Picked All Waveform(s) from all Timechunk(s) -------
