2026-03-28 10:50:52,805 - INFO - 
2026-03-28 10:50:52,806 - INFO - ------- Welcome to EQCCTPro -------
2026-03-28 10:50:52,806 - INFO - 
2026-03-28 10:50:52,806 - INFO - Running EQCCT over Requested MSeed Files using CPU(s)...
2026-03-28 10:50:52,806 - INFO - GPU disabled (CPU-only).
2026-03-28 10:50:52,807 - INFO - Skipping framework-specific initialization in the driver process.
2026-03-28 10:50:54,227 - INFO - Ray Successfully Initialized with 4 CPU(s) ([0, 1, 2, 3] CPU Affinity Binding).
2026-03-28 10:50:54,227 - INFO - Analyzing 1 time chunk(s) from 2025-01-06 09:30:40 to 2025-01-06 09:31:40 (dt=1min, overlap=0min).
2026-03-28 10:50:54,227 - INFO - Using 1 selected station(s).
2026-03-28 10:50:54,228 - INFO - 
2026-03-28 10:50:54,228 - INFO - ------- Starting EQCCTPro... -------
2026-03-28 10:50:54,228 - INFO - Detailed subprocess information can be found in the log file.
2026-03-28 10:50:54,228 - INFO - 
2026-03-28 10:50:54,507 - INFO - GPU disabled (CPU-only).
2026-03-28 10:50:54,511 - INFO - Skipping framework-specific initialization in the driver process.
2026-03-28 10:50:54,514 - INFO - ------- Hardware Configuration -------
2026-03-28 10:50:54,517 - INFO - CPU affinity set to cores: [0, 1, 2, 3]
2026-03-28 10:50:54,520 - INFO - 
2026-03-28 10:50:54,523 - INFO - ------- Data Preprocessing for EQCCTPro -------
2026-03-28 10:50:54,525 - INFO - 1 station(s) in /home/blackwinter/projects/eqcct/eqcctpro/data/waveforms_noise_only/20250106T093040Z_20250106T093140Z
2026-03-28 10:50:54,528 - INFO - Using 1 selected station(s): ['KMNF'].
2026-03-28 10:50:54,530 - INFO - Creating model actor(s)...
2026-03-28 10:50:54,533 - INFO - System RAM: Total=7870 MB, Available=4671 MB
2026-03-28 10:50:54,535 - INFO - Usable RAM budget: 7083 MB (90% of total)
2026-03-28 10:50:54,537 - INFO - ===== MEMORY-AWARE CPU ACTOR POOL =====
2026-03-28 10:50:54,539 - INFO - Requested concurrent tasks: 1
2026-03-28 10:50:54,541 - INFO - Available CPUs: 4
2026-03-28 10:50:54,543 - INFO - Available RAM: 7083 MB
2026-03-28 10:50:54,545 - INFO - RAM per model: 2060 MB
2026-03-28 10:50:54,547 - INFO - Max actors by RAM: 3
2026-03-28 10:50:54,549 - INFO - Creating 1 SeisBenchModelActor(s)
2026-03-28 10:50:54,552 - INFO - Let Ray handle scheduling (taskset already restricts CPU visibility)
2026-03-28 10:50:54,555 - INFO - Creating SeisBenchModelActor 1/1 (2.01GB RAM each)...
2026-03-28 10:50:57,430 - INFO - SeisBenchModelActor 1 created successfully.
2026-03-28 10:50:57,432 - INFO - Created 1 CPU actor(s). Task queue will handle concurrency.
2026-03-28 10:50:57,435 - INFO - Starting EQCCTPro parallelized waveform processing...
2026-03-28 10:50:57,437 - INFO - 
2026-03-28 10:50:57,440 - INFO - ------- Analyzing Seismic Waveforms for P and S Picks via SeisBench (EQTransformer - original_nonconservative) -------
2026-03-28 10:50:57,443 - INFO - Analyzing 0:01:00 minute timechunk from 2025-01-06 09:30:40 to 2025-01-06 09:31:40 (0 min overlap)
2026-03-28 10:50:57,445 - INFO - Processing a total of 1 stations, 1 at a time.
2026-03-28 10:50:59,772 - INFO - (1/1) KMNF: Finished the prediction in 0.15s. (HP=1.0, LP=45.0, picks=2)
2026-03-28 10:50:59,776 - INFO - 
2026-03-28 10:50:59,779 - INFO - ------- Parallel Station Waveform Processing Complete For 2025-01-06 09:30:40 to 2025-01-06 09:31:40 Timechunk-------
2026-03-28 10:50:59,782 - INFO - Picks saved at /home/blackwinter/projects/eqcct/eqcctpro/results/csv/eqt_noise_th0_1/20250106T093040Z_20250106T093140ZProcess Runtime: 2.34 s
2026-03-28 10:50:59,787 - INFO - Successfully ran EQCCTPro, exiting...
2026-03-28 10:51:01,496 - INFO - Ray Successfully Shutdown.
2026-03-28 10:51:01,496 - INFO - ------- Successfully Picked All Waveform(s) from all Timechunk(s) -------
