2026-03-28 10:24:19,185 - INFO - 
2026-03-28 10:24:19,186 - INFO - ------- Welcome to EQCCTPro -------
2026-03-28 10:24:19,186 - INFO - 
2026-03-28 10:24:19,186 - INFO - Running EQCCT over Requested MSeed Files using CPU(s)...
2026-03-28 10:24:19,186 - INFO - GPU disabled (CPU-only).
2026-03-28 10:24:19,186 - INFO - Skipping framework-specific initialization in the driver process.
2026-03-28 10:24:20,654 - INFO - Ray Successfully Initialized with 4 CPU(s) ([0, 1, 2, 3] CPU Affinity Binding).
2026-03-28 10:24:20,654 - INFO - Analyzing 1 time chunk(s) from 2025-01-05 07:09:53 to 2025-01-05 07:10:53 (dt=1min, overlap=0min).
2026-03-28 10:24:20,654 - INFO - Using 1 selected station(s).
2026-03-28 10:24:20,654 - INFO - 
2026-03-28 10:24:20,654 - INFO - ------- Starting EQCCTPro... -------
2026-03-28 10:24:20,655 - INFO - Detailed subprocess information can be found in the log file.
2026-03-28 10:24:20,655 - INFO - 
2026-03-28 10:24:20,952 - INFO - GPU disabled (CPU-only).
2026-03-28 10:24:20,957 - INFO - Skipping framework-specific initialization in the driver process.
2026-03-28 10:24:20,960 - INFO - ------- Hardware Configuration -------
2026-03-28 10:24:20,963 - INFO - CPU affinity set to cores: [0, 1, 2, 3]
2026-03-28 10:24:20,966 - INFO - 
2026-03-28 10:24:20,968 - INFO - ------- Data Preprocessing for EQCCTPro -------
2026-03-28 10:24:20,971 - INFO - 1 station(s) in /home/blackwinter/projects/eqcct/eqcctpro/data/waveforms_noise_only/20250105T070953Z_20250105T071053Z
2026-03-28 10:24:20,974 - INFO - Using 1 selected station(s): ['LOVF'].
2026-03-28 10:24:20,977 - INFO - Creating model actor(s)...
2026-03-28 10:24:20,980 - INFO - System RAM: Total=7870 MB, Available=4717 MB
2026-03-28 10:24:20,982 - INFO - Usable RAM budget: 7083 MB (90% of total)
2026-03-28 10:24:20,985 - INFO - ===== MEMORY-AWARE CPU ACTOR POOL =====
2026-03-28 10:24:20,988 - INFO - Requested concurrent tasks: 1
2026-03-28 10:24:20,991 - INFO - Available CPUs: 4
2026-03-28 10:24:20,993 - INFO - Available RAM: 7083 MB
2026-03-28 10:24:20,995 - INFO - RAM per model: 2060 MB
2026-03-28 10:24:20,998 - INFO - Max actors by RAM: 3
2026-03-28 10:24:20,999 - INFO - Creating 1 SeisBenchModelActor(s)
2026-03-28 10:24:21,002 - INFO - Let Ray handle scheduling (taskset already restricts CPU visibility)
2026-03-28 10:24:21,003 - INFO - Creating SeisBenchModelActor 1/1 (2.01GB RAM each)...
2026-03-28 10:24:23,991 - INFO - SeisBenchModelActor 1 created successfully.
2026-03-28 10:24:23,994 - INFO - Created 1 CPU actor(s). Task queue will handle concurrency.
2026-03-28 10:24:23,996 - INFO - Starting EQCCTPro parallelized waveform processing...
2026-03-28 10:24:23,999 - INFO - 
2026-03-28 10:24:24,001 - INFO - ------- Analyzing Seismic Waveforms for P and S Picks via SeisBench (EQTransformer - original_nonconservative) -------
2026-03-28 10:24:24,005 - INFO - Analyzing 0:01:00 minute timechunk from 2025-01-05 07:09:53 to 2025-01-05 07:10:53 (0 min overlap)
2026-03-28 10:24:24,007 - INFO - Processing a total of 1 stations, 1 at a time.
2026-03-28 10:24:26,182 - INFO - (1/1) LOVF: Finished the prediction in 0.14s. (HP=1.0, LP=45.0, picks=0)
2026-03-28 10:24:26,184 - INFO - 
2026-03-28 10:24:26,186 - INFO - ------- Parallel Station Waveform Processing Complete For 2025-01-05 07:09:53 to 2025-01-05 07:10:53 Timechunk-------
2026-03-28 10:24:26,189 - INFO - Picks saved at /home/blackwinter/projects/eqcct/eqcctpro/results/csv/eqt_noise_th0_1/20250105T070953Z_20250105T071053ZProcess Runtime: 2.19 s
2026-03-28 10:24:26,197 - INFO - Successfully ran EQCCTPro, exiting...
2026-03-28 10:24:27,693 - INFO - Ray Successfully Shutdown.
2026-03-28 10:24:27,693 - INFO - ------- Successfully Picked All Waveform(s) from all Timechunk(s) -------
