2026-03-20 05:16:32,877 - INFO - 
2026-03-20 05:16:32,877 - INFO - ------- Welcome to EQCCTPro -------
2026-03-20 05:16:32,878 - INFO - 
2026-03-20 05:16:32,878 - INFO - Running EQCCT over Requested MSeed Files using CPU(s)...
2026-03-20 05:16:32,878 - INFO - GPU disabled (CPU-only).
2026-03-20 05:16:32,879 - INFO - Configured Intra-op threads = 1
2026-03-20 05:16:32,879 - INFO - Configured Inter-op threads = 1
2026-03-20 05:16:32,879 - INFO - TensorFlow: No GPUs visible; TF will proceed on CPU.
2026-03-20 05:16:32,879 - INFO - 
2026-03-20 05:16:38,289 - INFO - Ray Successfully Initialized with 4 CPU(s) ([0, 1, 2, 3] CPU Affinity Binding).
2026-03-20 05:16:38,290 - INFO - Analyzing 1 time chunk(s) from 2025-09-15 10:18:28 to 2025-09-15 10:19:28 (dt=1min, overlap=0min).
2026-03-20 05:16:38,290 - INFO - Using 1 selected station(s).
2026-03-20 05:16:38,290 - INFO - 
2026-03-20 05:16:38,290 - INFO - ------- Starting EQCCTPro... -------
2026-03-20 05:16:38,290 - INFO - Detailed subprocess information can be found in the log file.
2026-03-20 05:16:38,290 - INFO - 
2026-03-20 05:16:38,658 - INFO - GPU disabled (CPU-only).
2026-03-20 05:16:40,178 - INFO - Configured Intra-op threads = 1
2026-03-20 05:16:40,181 - INFO - Configured Inter-op threads = 1
2026-03-20 05:16:40,225 - INFO - TensorFlow: No GPUs visible; TF will proceed on CPU.
2026-03-20 05:16:40,227 - INFO - 
2026-03-20 05:16:40,229 - INFO - ------- Hardware Configuration -------
2026-03-20 05:16:40,231 - INFO - CPU affinity set to cores: [0, 1, 2, 3]
2026-03-20 05:16:40,233 - INFO - 
2026-03-20 05:16:40,235 - INFO - ------- Data Preprocessing for EQCCTPro -------
2026-03-20 05:16:40,237 - INFO - 1 station(s) in /home/blackwinter/projects/eqcct/eqcctpro/data/waveforms_earthquakes_nonoise/20250915T101828Z_20250915T101928Z
2026-03-20 05:16:40,238 - INFO - Using 1 selected station(s): ['VRF'].
2026-03-20 05:16:40,240 - INFO - Creating model actor(s)...
2026-03-20 05:16:40,242 - INFO - System RAM: Total=7870 MB, Available=1864 MB
2026-03-20 05:16:40,244 - INFO - Usable RAM budget: 7083 MB (90% of total)
2026-03-20 05:16:40,246 - INFO - ===== MEMORY-AWARE CPU ACTOR POOL (EQCCT) =====
2026-03-20 05:16:40,248 - INFO - Requested concurrent tasks: 1
2026-03-20 05:16:40,250 - INFO - Available CPUs: 4
2026-03-20 05:16:40,251 - INFO - Available RAM: 7083 MB
2026-03-20 05:16:40,253 - INFO - RAM per model: 2264 MB
2026-03-20 05:16:40,255 - INFO - Max actors by RAM: 3
2026-03-20 05:16:40,257 - INFO - Creating 1 ModelActor(s)
2026-03-20 05:16:40,259 - INFO - Let Ray handle scheduling (taskset already restricts CPU visibility)
2026-03-20 05:16:40,261 - INFO - Creating ModelActor 1/1 (2.21GB RAM each)...
2026-03-20 05:16:44,112 - INFO - ModelActor 1 created successfully.
2026-03-20 05:16:44,114 - INFO - Created 1 CPU actor(s). Task queue will handle concurrency.
2026-03-20 05:16:44,116 - INFO - Starting EQCCTPro parallelized waveform processing...
2026-03-20 05:16:44,118 - INFO - 
2026-03-20 05:16:44,120 - INFO - ------- Analyzing Seismic Waveforms for P and S Picks via EQCCT -------
2026-03-20 05:16:44,122 - INFO - Analyzing 0:01:00 minute timechunk from 2025-09-15 10:18:28 to 2025-09-15 10:19:28 (0 min overlap)
2026-03-20 05:16:44,124 - INFO - Processing a total of 1 stations, 1 at a time.
2026-03-20 05:16:48,201 - INFO - (1/1) VRF: Finished the prediction in 2.14s. (HP=1.0, LP=45.0)
2026-03-20 05:16:48,203 - INFO - 
2026-03-20 05:16:48,205 - INFO - ------- Parallel Station Waveform Processing Complete For 2025-09-15 10:18:28 to 2025-09-15 10:19:28 Timechunk-------
2026-03-20 05:16:48,211 - INFO - Successfully ran EQCCTPro, exiting...
2026-03-20 05:16:48,207 - INFO - Picks saved at /home/blackwinter/projects/eqcct/eqcctpro/results/csv/eqcct_earthquakes_th0_1/20250915T101828Z_20250915T101928ZProcess Runtime: 4.09 s
2026-03-20 05:16:49,773 - INFO - Ray Successfully Shutdown.
2026-03-20 05:16:49,773 - INFO - ------- Successfully Picked All Waveform(s) from all Timechunk(s) -------
