2026-03-29 10:59:34,916 - INFO - 
2026-03-29 10:59:34,916 - INFO - ------- Welcome to EQCCTPro -------
2026-03-29 10:59:34,916 - INFO - 
2026-03-29 10:59:34,917 - INFO - Running EQCCT over Requested MSeed Files using CPU(s)...
2026-03-29 10:59:34,917 - INFO - GPU disabled (CPU-only).
2026-03-29 10:59:34,917 - INFO - Configured Intra-op threads = 1
2026-03-29 10:59:34,917 - INFO - Configured Inter-op threads = 1
2026-03-29 10:59:34,917 - INFO - TensorFlow: No GPUs visible; TF will proceed on CPU.
2026-03-29 10:59:34,917 - INFO - 
2026-03-29 10:59:40,692 - INFO - Ray Successfully Initialized with 4 CPU(s) ([0, 1, 2, 3] CPU Affinity Binding).
2026-03-29 10:59:40,692 - INFO - Analyzing 1 time chunk(s) from 2025-01-04 08:34:59 to 2025-01-04 08:35:59 (dt=1min, overlap=0min).
2026-03-29 10:59:40,693 - INFO - Using 1 selected station(s).
2026-03-29 10:59:40,693 - INFO - 
2026-03-29 10:59:40,693 - INFO - ------- Starting EQCCTPro... -------
2026-03-29 10:59:40,693 - INFO - Detailed subprocess information can be found in the log file.
2026-03-29 10:59:40,693 - INFO - 
2026-03-29 10:59:41,099 - INFO - GPU disabled (CPU-only).
2026-03-29 10:59:42,753 - INFO - Configured Intra-op threads = 1
2026-03-29 10:59:42,756 - INFO - Configured Inter-op threads = 1
2026-03-29 10:59:42,805 - INFO - TensorFlow: No GPUs visible; TF will proceed on CPU.
2026-03-29 10:59:42,807 - INFO - 
2026-03-29 10:59:42,810 - INFO - ------- Hardware Configuration -------
2026-03-29 10:59:42,813 - INFO - CPU affinity set to cores: [0, 1, 2, 3]
2026-03-29 10:59:42,815 - INFO - 
2026-03-29 10:59:42,817 - INFO - ------- Data Preprocessing for EQCCTPro -------
2026-03-29 10:59:42,819 - INFO - 1 station(s) in /home/blackwinter/projects/eqcct/eqcctpro/data/waveforms_noise_only/20250104T083459Z_20250104T083559Z
2026-03-29 10:59:42,821 - INFO - Using 1 selected station(s): ['KLF'].
2026-03-29 10:59:42,823 - INFO - Creating model actor(s)...
2026-03-29 10:59:42,825 - INFO - System RAM: Total=7870 MB, Available=5107 MB
2026-03-29 10:59:42,827 - INFO - Usable RAM budget: 7083 MB (90% of total)
2026-03-29 10:59:42,830 - INFO - ===== MEMORY-AWARE CPU ACTOR POOL (EQCCT) =====
2026-03-29 10:59:42,833 - INFO - Requested concurrent tasks: 1
2026-03-29 10:59:42,835 - INFO - Available CPUs: 4
2026-03-29 10:59:42,838 - INFO - Available RAM: 7083 MB
2026-03-29 10:59:42,840 - INFO - RAM per model: 2264 MB
2026-03-29 10:59:42,843 - INFO - Max actors by RAM: 3
2026-03-29 10:59:42,845 - INFO - Creating 1 ModelActor(s)
2026-03-29 10:59:42,848 - INFO - Let Ray handle scheduling (taskset already restricts CPU visibility)
2026-03-29 10:59:42,850 - INFO - Creating ModelActor 1/1 (2.21GB RAM each)...
2026-03-29 10:59:47,121 - INFO - ModelActor 1 created successfully.
2026-03-29 10:59:47,123 - INFO - Created 1 CPU actor(s). Task queue will handle concurrency.
2026-03-29 10:59:47,125 - INFO - Starting EQCCTPro parallelized waveform processing...
2026-03-29 10:59:47,128 - INFO - 
2026-03-29 10:59:47,130 - INFO - ------- Analyzing Seismic Waveforms for P and S Picks via EQCCT -------
2026-03-29 10:59:47,133 - INFO - Analyzing 0:01:00 minute timechunk from 2025-01-04 08:34:59 to 2025-01-04 08:35:59 (0 min overlap)
2026-03-29 10:59:47,136 - INFO - Processing a total of 1 stations, 1 at a time.
2026-03-29 10:59:51,459 - INFO - (1/1) KLF: Finished the prediction in 2.35s. (HP=1.0, LP=45.0)
2026-03-29 10:59:51,461 - INFO - 
2026-03-29 10:59:51,464 - INFO - ------- Parallel Station Waveform Processing Complete For 2025-01-04 08:34:59 to 2025-01-04 08:35:59 Timechunk-------
2026-03-29 10:59:51,466 - INFO - Picks saved at /home/blackwinter/projects/eqcct/eqcctpro/results/csv/eqcct_noise_th0_1/20250104T083459Z_20250104T083559ZProcess Runtime: 4.34 s
2026-03-29 10:59:51,473 - INFO - Successfully ran EQCCTPro, exiting...
2026-03-29 10:59:52,944 - INFO - Ray Successfully Shutdown.
2026-03-29 10:59:52,945 - INFO - ------- Successfully Picked All Waveform(s) from all Timechunk(s) -------
