2026-03-28 10:45:02,508 - INFO - 
2026-03-28 10:45:02,508 - INFO - ------- Welcome to EQCCTPro -------
2026-03-28 10:45:02,508 - INFO - 
2026-03-28 10:45:02,509 - INFO - Running EQCCT over Requested MSeed Files using CPU(s)...
2026-03-28 10:45:02,510 - INFO - GPU disabled (CPU-only).
2026-03-28 10:45:02,510 - INFO - Skipping framework-specific initialization in the driver process.
2026-03-28 10:45:03,927 - INFO - Ray Successfully Initialized with 4 CPU(s) ([0, 1, 2, 3] CPU Affinity Binding).
2026-03-28 10:45:03,927 - INFO - Analyzing 1 time chunk(s) from 2025-01-06 04:46:55 to 2025-01-06 04:47:55 (dt=1min, overlap=0min).
2026-03-28 10:45:03,927 - INFO - Using 1 selected station(s).
2026-03-28 10:45:03,927 - INFO - 
2026-03-28 10:45:03,928 - INFO - ------- Starting EQCCTPro... -------
2026-03-28 10:45:03,928 - INFO - Detailed subprocess information can be found in the log file.
2026-03-28 10:45:03,928 - INFO - 
2026-03-28 10:45:04,228 - INFO - GPU disabled (CPU-only).
2026-03-28 10:45:04,232 - INFO - Skipping framework-specific initialization in the driver process.
2026-03-28 10:45:04,235 - INFO - ------- Hardware Configuration -------
2026-03-28 10:45:04,237 - INFO - CPU affinity set to cores: [0, 1, 2, 3]
2026-03-28 10:45:04,240 - INFO - 
2026-03-28 10:45:04,242 - INFO - ------- Data Preprocessing for EQCCTPro -------
2026-03-28 10:45:04,245 - INFO - 1 station(s) in /home/blackwinter/projects/eqcct/eqcctpro/data/waveforms_noise_only/20250106T044655Z_20250106T044755Z
2026-03-28 10:45:04,247 - INFO - Using 1 selected station(s): ['FIC6'].
2026-03-28 10:45:04,249 - INFO - Creating model actor(s)...
2026-03-28 10:45:04,252 - INFO - System RAM: Total=7870 MB, Available=4701 MB
2026-03-28 10:45:04,253 - INFO - Usable RAM budget: 7083 MB (90% of total)
2026-03-28 10:45:04,256 - INFO - ===== MEMORY-AWARE CPU ACTOR POOL =====
2026-03-28 10:45:04,258 - INFO - Requested concurrent tasks: 1
2026-03-28 10:45:04,260 - INFO - Available CPUs: 4
2026-03-28 10:45:04,262 - INFO - Available RAM: 7083 MB
2026-03-28 10:45:04,264 - INFO - RAM per model: 2060 MB
2026-03-28 10:45:04,266 - INFO - Max actors by RAM: 3
2026-03-28 10:45:04,268 - INFO - Creating 1 SeisBenchModelActor(s)
2026-03-28 10:45:04,270 - INFO - Let Ray handle scheduling (taskset already restricts CPU visibility)
2026-03-28 10:45:04,272 - INFO - Creating SeisBenchModelActor 1/1 (2.01GB RAM each)...
2026-03-28 10:45:07,014 - INFO - SeisBenchModelActor 1 created successfully.
2026-03-28 10:45:07,016 - INFO - Created 1 CPU actor(s). Task queue will handle concurrency.
2026-03-28 10:45:07,019 - INFO - Starting EQCCTPro parallelized waveform processing...
2026-03-28 10:45:07,021 - INFO - 
2026-03-28 10:45:07,024 - INFO - ------- Analyzing Seismic Waveforms for P and S Picks via SeisBench (EQTransformer - original_nonconservative) -------
2026-03-28 10:45:07,027 - INFO - Analyzing 0:01:00 minute timechunk from 2025-01-06 04:46:55 to 2025-01-06 04:47:55 (0 min overlap)
2026-03-28 10:45:07,029 - INFO - Processing a total of 1 stations, 1 at a time.
2026-03-28 10:45:09,239 - INFO - (1/1) FIC6: Finished the prediction in 0.13s. (HP=1.0, LP=45.0, picks=0)
2026-03-28 10:45:09,241 - INFO - 
2026-03-28 10:45:09,244 - INFO - ------- Parallel Station Waveform Processing Complete For 2025-01-06 04:46:55 to 2025-01-06 04:47:55 Timechunk-------
2026-03-28 10:45:09,246 - INFO - Picks saved at /home/blackwinter/projects/eqcct/eqcctpro/results/csv/eqt_noise_th0_1/20250106T044655Z_20250106T044755ZProcess Runtime: 2.22 s
2026-03-28 10:45:09,252 - INFO - Successfully ran EQCCTPro, exiting...
2026-03-28 10:45:10,832 - INFO - Ray Successfully Shutdown.
2026-03-28 10:45:10,832 - INFO - ------- Successfully Picked All Waveform(s) from all Timechunk(s) -------
