2026-03-29 16:00:52,151 - INFO - 
2026-03-29 16:00:52,151 - INFO - ------- Welcome to EQCCTPro -------
2026-03-29 16:00:52,151 - INFO - 
2026-03-29 16:00:52,151 - INFO - Running EQCCT over Requested MSeed Files using CPU(s)...
2026-03-29 16:00:52,152 - INFO - GPU disabled (CPU-only).
2026-03-29 16:00:52,152 - INFO - Configured Intra-op threads = 1
2026-03-29 16:00:52,152 - INFO - Configured Inter-op threads = 1
2026-03-29 16:00:52,152 - INFO - TensorFlow: No GPUs visible; TF will proceed on CPU.
2026-03-29 16:00:52,152 - INFO - 
2026-03-29 16:00:58,250 - INFO - Ray Successfully Initialized with 4 CPU(s) ([0, 1, 2, 3] CPU Affinity Binding).
2026-03-29 16:00:58,250 - INFO - Analyzing 1 time chunk(s) from 2025-01-09 21:28:08 to 2025-01-09 21:29:08 (dt=1min, overlap=0min).
2026-03-29 16:00:58,250 - INFO - Using 1 selected station(s).
2026-03-29 16:00:58,250 - INFO - 
2026-03-29 16:00:58,250 - INFO - ------- Starting EQCCTPro... -------
2026-03-29 16:00:58,251 - INFO - Detailed subprocess information can be found in the log file.
2026-03-29 16:00:58,251 - INFO - 
2026-03-29 16:00:58,642 - INFO - GPU disabled (CPU-only).
2026-03-29 16:01:00,218 - INFO - Configured Intra-op threads = 1
2026-03-29 16:01:00,220 - INFO - Configured Inter-op threads = 1
2026-03-29 16:01:00,263 - INFO - TensorFlow: No GPUs visible; TF will proceed on CPU.
2026-03-29 16:01:00,266 - INFO - 
2026-03-29 16:01:00,268 - INFO - ------- Hardware Configuration -------
2026-03-29 16:01:00,271 - INFO - CPU affinity set to cores: [0, 1, 2, 3]
2026-03-29 16:01:00,274 - INFO - 
2026-03-29 16:01:00,276 - INFO - ------- Data Preprocessing for EQCCTPro -------
2026-03-29 16:01:00,279 - INFO - 1 station(s) in /home/blackwinter/projects/eqcct/eqcctpro/data/waveforms_noise_only/20250109T212808Z_20250109T212908Z
2026-03-29 16:01:00,281 - INFO - Using 1 selected station(s): ['KY17'].
2026-03-29 16:01:00,284 - INFO - Creating model actor(s)...
2026-03-29 16:01:00,286 - INFO - System RAM: Total=7870 MB, Available=4118 MB
2026-03-29 16:01:00,289 - INFO - Usable RAM budget: 7083 MB (90% of total)
2026-03-29 16:01:00,292 - INFO - ===== MEMORY-AWARE CPU ACTOR POOL (EQCCT) =====
2026-03-29 16:01:00,294 - INFO - Requested concurrent tasks: 1
2026-03-29 16:01:00,296 - INFO - Available CPUs: 4
2026-03-29 16:01:00,298 - INFO - Available RAM: 7083 MB
2026-03-29 16:01:00,301 - INFO - RAM per model: 2264 MB
2026-03-29 16:01:00,303 - INFO - Max actors by RAM: 3
2026-03-29 16:01:00,305 - INFO - Creating 1 ModelActor(s)
2026-03-29 16:01:00,308 - INFO - Let Ray handle scheduling (taskset already restricts CPU visibility)
2026-03-29 16:01:00,311 - INFO - Creating ModelActor 1/1 (2.21GB RAM each)...
2026-03-29 16:01:04,708 - INFO - ModelActor 1 created successfully.
2026-03-29 16:01:04,710 - INFO - Created 1 CPU actor(s). Task queue will handle concurrency.
2026-03-29 16:01:04,713 - INFO - Starting EQCCTPro parallelized waveform processing...
2026-03-29 16:01:04,715 - INFO - 
2026-03-29 16:01:04,717 - INFO - ------- Analyzing Seismic Waveforms for P and S Picks via EQCCT -------
2026-03-29 16:01:04,720 - INFO - Analyzing 0:01:00 minute timechunk from 2025-01-09 21:28:08 to 2025-01-09 21:29:08 (0 min overlap)
2026-03-29 16:01:04,722 - INFO - Processing a total of 1 stations, 1 at a time.
2026-03-29 16:01:09,324 - INFO - (1/1) KY17: Finished the prediction in 2.49s. (HP=1.0, LP=45.0)
2026-03-29 16:01:09,328 - INFO - 
2026-03-29 16:01:09,331 - INFO - ------- Parallel Station Waveform Processing Complete For 2025-01-09 21:28:08 to 2025-01-09 21:29:08 Timechunk-------
2026-03-29 16:01:09,334 - INFO - Picks saved at /home/blackwinter/projects/eqcct/eqcctpro/results/csv/eqcct_noise_th0_1/20250109T212808Z_20250109T212908ZProcess Runtime: 4.62 s
2026-03-29 16:01:09,341 - INFO - Successfully ran EQCCTPro, exiting...
2026-03-29 16:01:11,075 - INFO - Ray Successfully Shutdown.
2026-03-29 16:01:11,075 - INFO - ------- Successfully Picked All Waveform(s) from all Timechunk(s) -------
