2026-02-22 19:54:58,207 - INFO - 
2026-02-22 19:54:58,207 - INFO - ------- Welcome to EQCCTPro -------
2026-02-22 19:54:58,207 - INFO - 
2026-02-22 19:54:58,208 - INFO - Running EQCCT over Requested MSeed Files using CPU(s)...
2026-02-22 19:54:58,208 - INFO - GPU disabled (CPU-only).
2026-02-22 19:54:58,209 - INFO - Configured Intra-op threads = 1
2026-02-22 19:54:58,209 - INFO - Configured Inter-op threads = 1
2026-02-22 19:54:58,209 - INFO - TensorFlow: No GPUs visible; TF will proceed on CPU.
2026-02-22 19:54:58,209 - INFO - 
2026-02-22 19:55:03,618 - INFO - Ray Successfully Initialized with 4 CPU(s) ([0, 1, 2, 3] CPU Affinity Binding).
2026-02-22 19:55:03,618 - INFO - Analyzing 1 time chunk(s) from 2025-09-11 13:17:25 to 2025-09-11 13:18:25 (dt=1min, overlap=0min).
2026-02-22 19:55:03,618 - INFO - Using 1 selected station(s).
2026-02-22 19:55:03,618 - INFO - 
2026-02-22 19:55:03,619 - INFO - ------- Starting EQCCTPro... -------
2026-02-22 19:55:03,619 - INFO - Detailed subprocess information can be found in the log file.
2026-02-22 19:55:03,619 - INFO - 
2026-02-22 19:55:03,999 - INFO - GPU disabled (CPU-only).
2026-02-22 19:55:05,456 - INFO - Configured Intra-op threads = 1
2026-02-22 19:55:05,458 - INFO - Configured Inter-op threads = 1
2026-02-22 19:55:05,500 - INFO - TensorFlow: No GPUs visible; TF will proceed on CPU.
2026-02-22 19:55:05,502 - INFO - 
2026-02-22 19:55:05,504 - INFO - ------- Hardware Configuration -------
2026-02-22 19:55:05,506 - INFO - CPU affinity set to cores: [0, 1, 2, 3]
2026-02-22 19:55:05,508 - INFO - 
2026-02-22 19:55:05,510 - INFO - ------- Data Preprocessing for EQCCTPro -------
2026-02-22 19:55:05,512 - INFO - 1 station(s) in /home/blackwinter/projects/eqcct/eqcctpro/data/waveforms_earthquakes_nonoise/20250911T131725Z_20250911T131825Z
2026-02-22 19:55:05,514 - INFO - Using 1 selected station(s): ['KLF'].
2026-02-22 19:55:05,516 - INFO - Creating model actor(s)...
2026-02-22 19:55:05,518 - INFO - System RAM: Total=7870 MB, Available=1651 MB
2026-02-22 19:55:05,520 - INFO - Usable RAM budget: 7083 MB (90% of total)
2026-02-22 19:55:05,522 - INFO - ===== MEMORY-AWARE CPU ACTOR POOL (EQCCT) =====
2026-02-22 19:55:05,524 - INFO - Requested concurrent tasks: 1
2026-02-22 19:55:05,526 - INFO - Available CPUs: 4
2026-02-22 19:55:05,528 - INFO - Available RAM: 7083 MB
2026-02-22 19:55:05,530 - INFO - RAM per model: 2264 MB
2026-02-22 19:55:05,532 - INFO - Max actors by RAM: 3
2026-02-22 19:55:05,534 - INFO - Creating 1 ModelActor(s)
2026-02-22 19:55:05,536 - INFO - Let Ray handle scheduling (taskset already restricts CPU visibility)
2026-02-22 19:55:05,538 - INFO - Creating ModelActor 1/1 (2.21GB RAM each)...
2026-02-22 19:55:09,429 - INFO - ModelActor 1 created successfully.
2026-02-22 19:55:09,431 - INFO - Created 1 CPU actor(s). Task queue will handle concurrency.
2026-02-22 19:55:09,433 - INFO - Starting EQCCTPro parallelized waveform processing...
2026-02-22 19:55:09,435 - INFO - 
2026-02-22 19:55:09,437 - INFO - ------- Analyzing Seismic Waveforms for P and S Picks via EQCCT -------
2026-02-22 19:55:09,440 - INFO - Analyzing 0:01:00 minute timechunk from 2025-09-11 13:17:25 to 2025-09-11 13:18:25 (0 min overlap)
2026-02-22 19:55:09,442 - INFO - Processing a total of 1 stations, 1 at a time.
2026-02-22 19:55:13,647 - INFO - (1/1) KLF: Finished the prediction in 2.29s. (HP=1.0, LP=45.0)
2026-02-22 19:55:13,652 - INFO - 
2026-02-22 19:55:13,656 - INFO - ------- Parallel Station Waveform Processing Complete For 2025-09-11 13:17:25 to 2025-09-11 13:18:25 Timechunk-------
2026-02-22 19:55:13,658 - INFO - Picks saved at /home/blackwinter/projects/eqcct/eqcctpro/results/csv/bm_eq_nonoise/20250911T131725Z_20250911T131825ZProcess Runtime: 4.22 s
2026-02-22 19:55:13,663 - INFO - Successfully ran EQCCTPro, exiting...
2026-02-22 19:55:15,458 - INFO - Ray Successfully Shutdown.
2026-02-22 19:55:15,458 - INFO - ------- Successfully Picked All Waveform(s) from all Timechunk(s) -------
