2026-03-11 01:07:17,264 - INFO - 
2026-03-11 01:07:17,265 - INFO - ------- Welcome to EQCCTPro -------
2026-03-11 01:07:17,265 - INFO - 
2026-03-11 01:07:17,265 - INFO - Running EQCCT over Requested MSeed Files using CPU(s)...
2026-03-11 01:07:17,265 - INFO - GPU disabled (CPU-only).
2026-03-11 01:07:17,266 - INFO - Configured Intra-op threads = 1
2026-03-11 01:07:17,266 - INFO - Configured Inter-op threads = 1
2026-03-11 01:07:17,266 - INFO - TensorFlow: No GPUs visible; TF will proceed on CPU.
2026-03-11 01:07:17,266 - INFO - 
2026-03-11 01:07:22,668 - INFO - Ray Successfully Initialized with 4 CPU(s) ([0, 1, 2, 3] CPU Affinity Binding).
2026-03-11 01:07:22,668 - INFO - Analyzing 1 time chunk(s) from 2025-01-11 06:20:04 to 2025-01-11 06:21:04 (dt=1min, overlap=0min).
2026-03-11 01:07:22,668 - INFO - Using 1 selected station(s).
2026-03-11 01:07:22,668 - INFO - 
2026-03-11 01:07:22,668 - INFO - ------- Starting EQCCTPro... -------
2026-03-11 01:07:22,668 - INFO - Detailed subprocess information can be found in the log file.
2026-03-11 01:07:22,669 - INFO - 
2026-03-11 01:07:23,061 - INFO - GPU disabled (CPU-only).
2026-03-11 01:07:24,542 - INFO - Configured Intra-op threads = 1
2026-03-11 01:07:24,545 - INFO - Configured Inter-op threads = 1
2026-03-11 01:07:24,579 - INFO - TensorFlow: No GPUs visible; TF will proceed on CPU.
2026-03-11 01:07:24,581 - INFO - 
2026-03-11 01:07:24,583 - INFO - ------- Hardware Configuration -------
2026-03-11 01:07:24,585 - INFO - CPU affinity set to cores: [0, 1, 2, 3]
2026-03-11 01:07:24,588 - INFO - 
2026-03-11 01:07:24,590 - INFO - ------- Data Preprocessing for EQCCTPro -------
2026-03-11 01:07:24,592 - INFO - 1 station(s) in /home/blackwinter/projects/eqcct/eqcctpro/data/waveforms_noise_only/20250111T062004Z_20250111T062104Z
2026-03-11 01:07:24,594 - INFO - Using 1 selected station(s): ['KY02'].
2026-03-11 01:07:24,596 - INFO - Creating model actor(s)...
2026-03-11 01:07:24,598 - INFO - System RAM: Total=7870 MB, Available=2371 MB
2026-03-11 01:07:24,600 - INFO - Usable RAM budget: 7083 MB (90% of total)
2026-03-11 01:07:24,602 - INFO - ===== MEMORY-AWARE CPU ACTOR POOL (EQCCT) =====
2026-03-11 01:07:24,604 - INFO - Requested concurrent tasks: 1
2026-03-11 01:07:24,606 - INFO - Available CPUs: 4
2026-03-11 01:07:24,608 - INFO - Available RAM: 7083 MB
2026-03-11 01:07:24,610 - INFO - RAM per model: 2264 MB
2026-03-11 01:07:24,612 - INFO - Max actors by RAM: 3
2026-03-11 01:07:24,614 - INFO - Creating 1 ModelActor(s)
2026-03-11 01:07:24,616 - INFO - Let Ray handle scheduling (taskset already restricts CPU visibility)
2026-03-11 01:07:24,618 - INFO - Creating ModelActor 1/1 (2.21GB RAM each)...
2026-03-11 01:07:28,531 - INFO - ModelActor 1 created successfully.
2026-03-11 01:07:28,533 - INFO - Created 1 CPU actor(s). Task queue will handle concurrency.
2026-03-11 01:07:28,535 - INFO - Starting EQCCTPro parallelized waveform processing...
2026-03-11 01:07:28,537 - INFO - 
2026-03-11 01:07:28,538 - INFO - ------- Analyzing Seismic Waveforms for P and S Picks via EQCCT -------
2026-03-11 01:07:28,540 - INFO - Analyzing 0:01:00 minute timechunk from 2025-01-11 06:20:04 to 2025-01-11 06:21:04 (0 min overlap)
2026-03-11 01:07:28,543 - INFO - Processing a total of 1 stations, 1 at a time.
2026-03-11 01:07:32,587 - INFO - (1/1) KY02: Finished the prediction in 2.14s. (HP=1.0, LP=45.0)
2026-03-11 01:07:32,589 - INFO - 
2026-03-11 01:07:32,591 - INFO - ------- Parallel Station Waveform Processing Complete For 2025-01-11 06:20:04 to 2025-01-11 06:21:04 Timechunk-------
2026-03-11 01:07:32,593 - INFO - Picks saved at /home/blackwinter/projects/eqcct/eqcctpro/results/csv/bm_noise_only/20250111T062004Z_20250111T062104ZProcess Runtime: 4.05 s
2026-03-11 01:07:32,606 - INFO - Successfully ran EQCCTPro, exiting...
2026-03-11 01:07:34,283 - INFO - Ray Successfully Shutdown.
2026-03-11 01:07:34,284 - INFO - ------- Successfully Picked All Waveform(s) from all Timechunk(s) -------
2026-03-11 15:36:49,842 - INFO - 
2026-03-11 15:36:49,842 - INFO - ------- Welcome to EQCCTPro -------
2026-03-11 15:36:49,842 - INFO - 
2026-03-11 15:36:49,843 - INFO - Running EQCCT over Requested MSeed Files using CPU(s)...
2026-03-11 15:36:49,843 - INFO - GPU disabled (CPU-only).
2026-03-11 15:36:49,843 - INFO - Configured Intra-op threads = 1
2026-03-11 15:36:49,844 - INFO - Configured Inter-op threads = 1
2026-03-11 15:36:49,844 - INFO - TensorFlow: No GPUs visible; TF will proceed on CPU.
2026-03-11 15:36:49,844 - INFO - 
2026-03-11 15:36:55,168 - INFO - Ray Successfully Initialized with 4 CPU(s) ([0, 1, 2, 3] CPU Affinity Binding).
2026-03-11 15:36:55,168 - INFO - Analyzing 1 time chunk(s) from 2025-01-11 06:20:04 to 2025-01-11 06:21:04 (dt=1min, overlap=0min).
2026-03-11 15:36:55,168 - INFO - Using 1 selected station(s).
2026-03-11 15:36:55,168 - INFO - 
2026-03-11 15:36:55,168 - INFO - ------- Starting EQCCTPro... -------
2026-03-11 15:36:55,168 - INFO - Detailed subprocess information can be found in the log file.
2026-03-11 15:36:55,168 - INFO - 
2026-03-11 15:36:55,577 - INFO - GPU disabled (CPU-only).
2026-03-11 15:36:57,184 - INFO - Configured Intra-op threads = 1
2026-03-11 15:36:57,187 - INFO - Configured Inter-op threads = 1
2026-03-11 15:36:57,235 - INFO - TensorFlow: No GPUs visible; TF will proceed on CPU.
2026-03-11 15:36:57,237 - INFO - 
2026-03-11 15:36:57,239 - INFO - ------- Hardware Configuration -------
2026-03-11 15:36:57,242 - INFO - CPU affinity set to cores: [0, 1, 2, 3]
2026-03-11 15:36:57,244 - INFO - 
2026-03-11 15:36:57,246 - INFO - ------- Data Preprocessing for EQCCTPro -------
2026-03-11 15:36:57,248 - INFO - 1 station(s) in /home/blackwinter/projects/eqcct/eqcctpro/data/waveforms_noise_only/20250111T062004Z_20250111T062104Z
2026-03-11 15:36:57,251 - INFO - Using 1 selected station(s): ['KY02'].
2026-03-11 15:36:57,252 - INFO - Creating model actor(s)...
2026-03-11 15:36:57,255 - INFO - System RAM: Total=7870 MB, Available=3448 MB
2026-03-11 15:36:57,257 - INFO - Usable RAM budget: 7083 MB (90% of total)
2026-03-11 15:36:57,259 - INFO - ===== MEMORY-AWARE CPU ACTOR POOL (EQCCT) =====
2026-03-11 15:36:57,261 - INFO - Requested concurrent tasks: 1
2026-03-11 15:36:57,264 - INFO - Available CPUs: 4
2026-03-11 15:36:57,266 - INFO - Available RAM: 7083 MB
2026-03-11 15:36:57,268 - INFO - RAM per model: 2264 MB
2026-03-11 15:36:57,270 - INFO - Max actors by RAM: 3
2026-03-11 15:36:57,272 - INFO - Creating 1 ModelActor(s)
2026-03-11 15:36:57,274 - INFO - Let Ray handle scheduling (taskset already restricts CPU visibility)
2026-03-11 15:36:57,276 - INFO - Creating ModelActor 1/1 (2.21GB RAM each)...
2026-03-11 15:37:01,209 - INFO - ModelActor 1 created successfully.
2026-03-11 15:37:01,211 - INFO - Created 1 CPU actor(s). Task queue will handle concurrency.
2026-03-11 15:37:01,213 - INFO - Starting EQCCTPro parallelized waveform processing...
2026-03-11 15:37:01,216 - INFO - 
2026-03-11 15:37:01,218 - INFO - ------- Analyzing Seismic Waveforms for P and S Picks via EQCCT -------
2026-03-11 15:37:01,221 - INFO - Analyzing 0:01:00 minute timechunk from 2025-01-11 06:20:04 to 2025-01-11 06:21:04 (0 min overlap)
2026-03-11 15:37:01,223 - INFO - Processing a total of 1 stations, 1 at a time.
2026-03-11 15:37:03,164 - INFO - (1/1) KY02: Skipped (already exists - overwrite=False).
2026-03-11 15:37:03,166 - INFO - 
2026-03-11 15:37:03,169 - INFO - ------- Parallel Station Waveform Processing Complete For 2025-01-11 06:20:04 to 2025-01-11 06:21:04 Timechunk-------
2026-03-11 15:37:03,171 - INFO - Picks saved at /home/blackwinter/projects/eqcct/eqcctpro/results/csv/bm_noise_only/20250111T062004Z_20250111T062104ZProcess Runtime: 1.95 s
2026-03-11 15:37:03,175 - INFO - Successfully ran EQCCTPro, exiting...
2026-03-11 15:37:04,668 - INFO - Ray Successfully Shutdown.
2026-03-11 15:37:04,668 - INFO - ------- Successfully Picked All Waveform(s) from all Timechunk(s) -------
