2026-02-26 22:37:50,733 - INFO - 
2026-02-26 22:37:50,733 - INFO - ------- Welcome to EQCCTPro -------
2026-02-26 22:37:50,733 - INFO - 
2026-02-26 22:37:50,733 - INFO - Running EQCCT over Requested MSeed Files using CPU(s)...
2026-02-26 22:37:50,734 - INFO - GPU disabled (CPU-only).
2026-02-26 22:37:50,734 - INFO - Configured Intra-op threads = 1
2026-02-26 22:37:50,734 - INFO - Configured Inter-op threads = 1
2026-02-26 22:37:50,734 - INFO - TensorFlow: No GPUs visible; TF will proceed on CPU.
2026-02-26 22:37:50,734 - INFO - 
2026-02-26 22:37:55,232 - INFO - Ray Successfully Initialized with 4 CPU(s) ([0, 1, 2, 3] CPU Affinity Binding).
2026-02-26 22:37:55,232 - INFO - Analyzing 1 time chunk(s) from 2025-01-07 12:43:23 to 2025-01-07 12:44:23 (dt=1min, overlap=0min).
2026-02-26 22:37:55,232 - INFO - Using 1 selected station(s).
2026-02-26 22:37:55,232 - INFO - 
2026-02-26 22:37:55,232 - INFO - ------- Starting EQCCTPro... -------
2026-02-26 22:37:55,233 - INFO - Detailed subprocess information can be found in the log file.
2026-02-26 22:37:55,233 - INFO - 
2026-02-26 22:37:55,583 - INFO - GPU disabled (CPU-only).
2026-02-26 22:37:57,035 - INFO - Configured Intra-op threads = 1
2026-02-26 22:37:57,038 - INFO - Configured Inter-op threads = 1
2026-02-26 22:37:57,080 - INFO - TensorFlow: No GPUs visible; TF will proceed on CPU.
2026-02-26 22:37:57,083 - INFO - 
2026-02-26 22:37:57,085 - INFO - ------- Hardware Configuration -------
2026-02-26 22:37:57,088 - INFO - CPU affinity set to cores: [0, 1, 2, 3]
2026-02-26 22:37:57,090 - INFO - 
2026-02-26 22:37:57,092 - INFO - ------- Data Preprocessing for EQCCTPro -------
2026-02-26 22:37:57,094 - INFO - 1 station(s) in /home/blackwinter/projects/eqcct/eqcctpro/data/waveforms_explosions_nonoise/20250107T124323Z_20250107T124423Z
2026-02-26 22:37:57,096 - INFO - Using 1 selected station(s): ['TRE03'].
2026-02-26 22:37:57,097 - INFO - Creating model actor(s)...
2026-02-26 22:37:57,100 - INFO - System RAM: Total=7870 MB, Available=3917 MB
2026-02-26 22:37:57,102 - INFO - Usable RAM budget: 7083 MB (90% of total)
2026-02-26 22:37:57,104 - INFO - ===== MEMORY-AWARE CPU ACTOR POOL (EQCCT) =====
2026-02-26 22:37:57,106 - INFO - Requested concurrent tasks: 1
2026-02-26 22:37:57,108 - INFO - Available CPUs: 4
2026-02-26 22:37:57,110 - INFO - Available RAM: 7083 MB
2026-02-26 22:37:57,112 - INFO - RAM per model: 2264 MB
2026-02-26 22:37:57,114 - INFO - Max actors by RAM: 3
2026-02-26 22:37:57,115 - INFO - Creating 1 ModelActor(s)
2026-02-26 22:37:57,117 - INFO - Let Ray handle scheduling (taskset already restricts CPU visibility)
2026-02-26 22:37:57,119 - INFO - Creating ModelActor 1/1 (2.21GB RAM each)...
2026-02-26 22:38:01,051 - INFO - ModelActor 1 created successfully.
2026-02-26 22:38:01,054 - INFO - Created 1 CPU actor(s). Task queue will handle concurrency.
2026-02-26 22:38:01,056 - INFO - Starting EQCCTPro parallelized waveform processing...
2026-02-26 22:38:01,058 - INFO - 
2026-02-26 22:38:01,060 - INFO - ------- Analyzing Seismic Waveforms for P and S Picks via EQCCT -------
2026-02-26 22:38:01,063 - INFO - Analyzing 0:01:00 minute timechunk from 2025-01-07 12:43:23 to 2025-01-07 12:44:23 (0 min overlap)
2026-02-26 22:38:01,065 - INFO - Processing a total of 1 stations, 1 at a time.
2026-02-26 22:38:05,367 - INFO - (1/1) TRE03: Finished the prediction in 2.23s. (HP=1.0, LP=45.0)
2026-02-26 22:38:05,371 - INFO - 
2026-02-26 22:38:05,373 - INFO - ------- Parallel Station Waveform Processing Complete For 2025-01-07 12:43:23 to 2025-01-07 12:44:23 Timechunk-------
2026-02-26 22:38:05,375 - INFO - Picks saved at /home/blackwinter/projects/eqcct/eqcctpro/results/csv/bm_explosions/20250107T124323Z_20250107T124423ZProcess Runtime: 4.31 s
2026-02-26 22:38:05,380 - INFO - Successfully ran EQCCTPro, exiting...
2026-02-26 22:38:06,716 - INFO - Ray Successfully Shutdown.
2026-02-26 22:38:06,716 - INFO - ------- Successfully Picked All Waveform(s) from all Timechunk(s) -------
2026-02-27 06:07:10,703 - INFO - 
2026-02-27 06:07:10,709 - INFO - ------- Welcome to EQCCTPro -------
2026-02-27 06:07:10,709 - INFO - 
2026-02-27 06:07:10,710 - INFO - Running EQCCT over Requested MSeed Files using CPU(s)...
2026-02-27 06:07:10,710 - INFO - GPU disabled (CPU-only).
2026-02-27 06:07:10,711 - INFO - Configured Intra-op threads = 1
2026-02-27 06:07:10,711 - INFO - Configured Inter-op threads = 1
2026-02-27 06:07:10,711 - INFO - TensorFlow: No GPUs visible; TF will proceed on CPU.
2026-02-27 06:07:10,711 - INFO - 
2026-02-27 06:07:16,055 - INFO - Ray Successfully Initialized with 4 CPU(s) ([0, 1, 2, 3] CPU Affinity Binding).
2026-02-27 06:07:16,055 - INFO - Analyzing 1 time chunk(s) from 2025-01-07 12:43:23 to 2025-01-07 12:44:23 (dt=1min, overlap=0min).
2026-02-27 06:07:16,055 - INFO - Using 1 selected station(s).
2026-02-27 06:07:16,055 - INFO - 
2026-02-27 06:07:16,056 - INFO - ------- Starting EQCCTPro... -------
2026-02-27 06:07:16,056 - INFO - Detailed subprocess information can be found in the log file.
2026-02-27 06:07:16,056 - INFO - 
2026-02-27 06:07:16,443 - INFO - GPU disabled (CPU-only).
2026-02-27 06:07:17,977 - INFO - Configured Intra-op threads = 1
2026-02-27 06:07:17,980 - INFO - Configured Inter-op threads = 1
2026-02-27 06:07:18,021 - INFO - TensorFlow: No GPUs visible; TF will proceed on CPU.
2026-02-27 06:07:18,024 - INFO - 
2026-02-27 06:07:18,026 - INFO - ------- Hardware Configuration -------
2026-02-27 06:07:18,028 - INFO - CPU affinity set to cores: [0, 1, 2, 3]
2026-02-27 06:07:18,030 - INFO - 
2026-02-27 06:07:18,032 - INFO - ------- Data Preprocessing for EQCCTPro -------
2026-02-27 06:07:18,034 - INFO - 1 station(s) in /home/blackwinter/projects/eqcct/eqcctpro/data/waveforms_explosions_nonoise/20250107T124323Z_20250107T124423Z
2026-02-27 06:07:18,037 - INFO - Using 1 selected station(s): ['TRE03'].
2026-02-27 06:07:18,039 - INFO - Creating model actor(s)...
2026-02-27 06:07:18,041 - INFO - System RAM: Total=7870 MB, Available=3938 MB
2026-02-27 06:07:18,043 - INFO - Usable RAM budget: 7083 MB (90% of total)
2026-02-27 06:07:18,045 - INFO - ===== MEMORY-AWARE CPU ACTOR POOL (EQCCT) =====
2026-02-27 06:07:18,046 - INFO - Requested concurrent tasks: 1
2026-02-27 06:07:18,048 - INFO - Available CPUs: 4
2026-02-27 06:07:18,050 - INFO - Available RAM: 7083 MB
2026-02-27 06:07:18,052 - INFO - RAM per model: 2264 MB
2026-02-27 06:07:18,054 - INFO - Max actors by RAM: 3
2026-02-27 06:07:18,055 - INFO - Creating 1 ModelActor(s)
2026-02-27 06:07:18,057 - INFO - Let Ray handle scheduling (taskset already restricts CPU visibility)
2026-02-27 06:07:18,059 - INFO - Creating ModelActor 1/1 (2.21GB RAM each)...
2026-02-27 06:07:22,020 - INFO - ModelActor 1 created successfully.
2026-02-27 06:07:22,022 - INFO - Created 1 CPU actor(s). Task queue will handle concurrency.
2026-02-27 06:07:22,025 - INFO - Starting EQCCTPro parallelized waveform processing...
2026-02-27 06:07:22,028 - INFO - 
2026-02-27 06:07:22,030 - INFO - ------- Analyzing Seismic Waveforms for P and S Picks via EQCCT -------
2026-02-27 06:07:22,033 - INFO - Analyzing 0:01:00 minute timechunk from 2025-01-07 12:43:23 to 2025-01-07 12:44:23 (0 min overlap)
2026-02-27 06:07:22,034 - INFO - Processing a total of 1 stations, 1 at a time.
2026-02-27 06:07:23,926 - INFO - (1/1) TRE03: Skipped (already exists - overwrite=False).
2026-02-27 06:07:23,928 - INFO - 
2026-02-27 06:07:23,930 - INFO - ------- Parallel Station Waveform Processing Complete For 2025-01-07 12:43:23 to 2025-01-07 12:44:23 Timechunk-------
2026-02-27 06:07:23,932 - INFO - Picks saved at /home/blackwinter/projects/eqcct/eqcctpro/results/csv/bm_explosions/20250107T124323Z_20250107T124423ZProcess Runtime: 1.90 s
2026-02-27 06:07:23,937 - INFO - Successfully ran EQCCTPro, exiting...
2026-02-27 06:07:25,531 - INFO - Ray Successfully Shutdown.
2026-02-27 06:07:25,532 - INFO - ------- Successfully Picked All Waveform(s) from all Timechunk(s) -------
