2026-02-26 21:54:23,700 - INFO - 
2026-02-26 21:54:23,700 - INFO - ------- Welcome to EQCCTPro -------
2026-02-26 21:54:23,701 - INFO - 
2026-02-26 21:54:23,701 - INFO - Running EQCCT over Requested MSeed Files using CPU(s)...
2026-02-26 21:54:23,701 - INFO - GPU disabled (CPU-only).
2026-02-26 21:54:23,702 - INFO - Configured Intra-op threads = 1
2026-02-26 21:54:23,702 - INFO - Configured Inter-op threads = 1
2026-02-26 21:54:23,702 - INFO - TensorFlow: No GPUs visible; TF will proceed on CPU.
2026-02-26 21:54:23,702 - INFO - 
2026-02-26 21:54:29,161 - INFO - Ray Successfully Initialized with 4 CPU(s) ([0, 1, 2, 3] CPU Affinity Binding).
2026-02-26 21:54:29,161 - INFO - Analyzing 1 time chunk(s) from 2025-01-03 12:04:40 to 2025-01-03 12:05:40 (dt=1min, overlap=0min).
2026-02-26 21:54:29,162 - INFO - Using 1 selected station(s).
2026-02-26 21:54:29,162 - INFO - 
2026-02-26 21:54:29,162 - INFO - ------- Starting EQCCTPro... -------
2026-02-26 21:54:29,162 - INFO - Detailed subprocess information can be found in the log file.
2026-02-26 21:54:29,162 - INFO - 
2026-02-26 21:54:29,541 - INFO - GPU disabled (CPU-only).
2026-02-26 21:54:31,013 - INFO - Configured Intra-op threads = 1
2026-02-26 21:54:31,016 - INFO - Configured Inter-op threads = 1
2026-02-26 21:54:31,053 - INFO - TensorFlow: No GPUs visible; TF will proceed on CPU.
2026-02-26 21:54:31,055 - INFO - 
2026-02-26 21:54:31,057 - INFO - ------- Hardware Configuration -------
2026-02-26 21:54:31,059 - INFO - CPU affinity set to cores: [0, 1, 2, 3]
2026-02-26 21:54:31,061 - INFO - 
2026-02-26 21:54:31,064 - INFO - ------- Data Preprocessing for EQCCTPro -------
2026-02-26 21:54:31,066 - INFO - 1 station(s) in /home/blackwinter/projects/eqcct/eqcctpro/data/waveforms_explosions_nonoise/20250103T120440Z_20250103T120540Z
2026-02-26 21:54:31,068 - INFO - Using 1 selected station(s): ['AAL'].
2026-02-26 21:54:31,070 - INFO - Creating model actor(s)...
2026-02-26 21:54:31,073 - INFO - System RAM: Total=7870 MB, Available=4184 MB
2026-02-26 21:54:31,075 - INFO - Usable RAM budget: 7083 MB (90% of total)
2026-02-26 21:54:31,077 - INFO - ===== MEMORY-AWARE CPU ACTOR POOL (EQCCT) =====
2026-02-26 21:54:31,079 - INFO - Requested concurrent tasks: 1
2026-02-26 21:54:31,081 - INFO - Available CPUs: 4
2026-02-26 21:54:31,083 - INFO - Available RAM: 7083 MB
2026-02-26 21:54:31,085 - INFO - RAM per model: 2264 MB
2026-02-26 21:54:31,087 - INFO - Max actors by RAM: 3
2026-02-26 21:54:31,090 - INFO - Creating 1 ModelActor(s)
2026-02-26 21:54:31,092 - INFO - Let Ray handle scheduling (taskset already restricts CPU visibility)
2026-02-26 21:54:31,094 - INFO - Creating ModelActor 1/1 (2.21GB RAM each)...
2026-02-26 21:54:34,927 - INFO - ModelActor 1 created successfully.
2026-02-26 21:54:34,929 - INFO - Created 1 CPU actor(s). Task queue will handle concurrency.
2026-02-26 21:54:34,932 - INFO - Starting EQCCTPro parallelized waveform processing...
2026-02-26 21:54:34,934 - INFO - 
2026-02-26 21:54:34,937 - INFO - ------- Analyzing Seismic Waveforms for P and S Picks via EQCCT -------
2026-02-26 21:54:34,939 - INFO - Analyzing 0:01:00 minute timechunk from 2025-01-03 12:04:40 to 2025-01-03 12:05:40 (0 min overlap)
2026-02-26 21:54:34,941 - INFO - Processing a total of 1 stations, 1 at a time.
2026-02-26 21:54:38,872 - INFO - (1/1) AAL: Finished the prediction in 2.06s. (HP=1.0, LP=45.0)
2026-02-26 21:54:38,875 - INFO - 
2026-02-26 21:54:38,877 - INFO - ------- Parallel Station Waveform Processing Complete For 2025-01-03 12:04:40 to 2025-01-03 12:05:40 Timechunk-------
2026-02-26 21:54:38,878 - INFO - Picks saved at /home/blackwinter/projects/eqcct/eqcctpro/results/csv/bm_explosions/20250103T120440Z_20250103T120540ZProcess Runtime: 3.94 s
2026-02-26 21:54:38,882 - INFO - Successfully ran EQCCTPro, exiting...
2026-02-26 21:54:40,092 - INFO - Ray Successfully Shutdown.
2026-02-26 21:54:40,093 - INFO - ------- Successfully Picked All Waveform(s) from all Timechunk(s) -------
2026-02-27 05:29:11,893 - INFO - 
2026-02-27 05:29:11,900 - INFO - ------- Welcome to EQCCTPro -------
2026-02-27 05:29:11,900 - INFO - 
2026-02-27 05:29:11,900 - INFO - Running EQCCT over Requested MSeed Files using CPU(s)...
2026-02-27 05:29:11,901 - INFO - GPU disabled (CPU-only).
2026-02-27 05:29:11,901 - INFO - Configured Intra-op threads = 1
2026-02-27 05:29:11,901 - INFO - Configured Inter-op threads = 1
2026-02-27 05:29:11,901 - INFO - TensorFlow: No GPUs visible; TF will proceed on CPU.
2026-02-27 05:29:11,901 - INFO - 
2026-02-27 05:29:17,523 - INFO - Ray Successfully Initialized with 4 CPU(s) ([0, 1, 2, 3] CPU Affinity Binding).
2026-02-27 05:29:17,523 - INFO - Analyzing 1 time chunk(s) from 2025-01-03 12:04:40 to 2025-01-03 12:05:40 (dt=1min, overlap=0min).
2026-02-27 05:29:17,523 - INFO - Using 1 selected station(s).
2026-02-27 05:29:17,523 - INFO - 
2026-02-27 05:29:17,523 - INFO - ------- Starting EQCCTPro... -------
2026-02-27 05:29:17,523 - INFO - Detailed subprocess information can be found in the log file.
2026-02-27 05:29:17,524 - INFO - 
2026-02-27 05:29:17,879 - INFO - GPU disabled (CPU-only).
2026-02-27 05:29:19,361 - INFO - Configured Intra-op threads = 1
2026-02-27 05:29:19,364 - INFO - Configured Inter-op threads = 1
2026-02-27 05:29:19,406 - INFO - TensorFlow: No GPUs visible; TF will proceed on CPU.
2026-02-27 05:29:19,408 - INFO - 
2026-02-27 05:29:19,410 - INFO - ------- Hardware Configuration -------
2026-02-27 05:29:19,412 - INFO - CPU affinity set to cores: [0, 1, 2, 3]
2026-02-27 05:29:19,414 - INFO - 
2026-02-27 05:29:19,416 - INFO - ------- Data Preprocessing for EQCCTPro -------
2026-02-27 05:29:19,418 - INFO - 1 station(s) in /home/blackwinter/projects/eqcct/eqcctpro/data/waveforms_explosions_nonoise/20250103T120440Z_20250103T120540Z
2026-02-27 05:29:19,419 - INFO - Using 1 selected station(s): ['AAL'].
2026-02-27 05:29:19,421 - INFO - Creating model actor(s)...
2026-02-27 05:29:19,423 - INFO - System RAM: Total=7870 MB, Available=4243 MB
2026-02-27 05:29:19,424 - INFO - Usable RAM budget: 7083 MB (90% of total)
2026-02-27 05:29:19,427 - INFO - ===== MEMORY-AWARE CPU ACTOR POOL (EQCCT) =====
2026-02-27 05:29:19,428 - INFO - Requested concurrent tasks: 1
2026-02-27 05:29:19,430 - INFO - Available CPUs: 4
2026-02-27 05:29:19,432 - INFO - Available RAM: 7083 MB
2026-02-27 05:29:19,435 - INFO - RAM per model: 2264 MB
2026-02-27 05:29:19,437 - INFO - Max actors by RAM: 3
2026-02-27 05:29:19,438 - INFO - Creating 1 ModelActor(s)
2026-02-27 05:29:19,440 - INFO - Let Ray handle scheduling (taskset already restricts CPU visibility)
2026-02-27 05:29:19,442 - INFO - Creating ModelActor 1/1 (2.21GB RAM each)...
2026-02-27 05:29:23,358 - INFO - ModelActor 1 created successfully.
2026-02-27 05:29:23,360 - INFO - Created 1 CPU actor(s). Task queue will handle concurrency.
2026-02-27 05:29:23,363 - INFO - Starting EQCCTPro parallelized waveform processing...
2026-02-27 05:29:23,365 - INFO - 
2026-02-27 05:29:23,368 - INFO - ------- Analyzing Seismic Waveforms for P and S Picks via EQCCT -------
2026-02-27 05:29:23,370 - INFO - Analyzing 0:01:00 minute timechunk from 2025-01-03 12:04:40 to 2025-01-03 12:05:40 (0 min overlap)
2026-02-27 05:29:23,372 - INFO - Processing a total of 1 stations, 1 at a time.
2026-02-27 05:29:25,238 - INFO - (1/1) AAL: Skipped (already exists - overwrite=False).
2026-02-27 05:29:25,240 - INFO - 
2026-02-27 05:29:25,241 - INFO - ------- Parallel Station Waveform Processing Complete For 2025-01-03 12:04:40 to 2025-01-03 12:05:40 Timechunk-------
2026-02-27 05:29:25,243 - INFO - Picks saved at /home/blackwinter/projects/eqcct/eqcctpro/results/csv/bm_explosions/20250103T120440Z_20250103T120540ZProcess Runtime: 1.88 s
2026-02-27 05:29:25,247 - INFO - Successfully ran EQCCTPro, exiting...
2026-02-27 05:29:26,825 - INFO - Ray Successfully Shutdown.
2026-02-27 05:29:26,825 - INFO - ------- Successfully Picked All Waveform(s) from all Timechunk(s) -------
