2026-03-20 06:38:32,046 - INFO - 
2026-03-20 06:38:32,046 - INFO - ------- Welcome to EQCCTPro -------
2026-03-20 06:38:32,047 - INFO - 
2026-03-20 06:38:32,047 - INFO - Running EQCCT over Requested MSeed Files using CPU(s)...
2026-03-20 06:38:32,047 - INFO - GPU disabled (CPU-only).
2026-03-20 06:38:32,048 - INFO - Configured Intra-op threads = 1
2026-03-20 06:38:32,048 - INFO - Configured Inter-op threads = 1
2026-03-20 06:38:32,048 - INFO - TensorFlow: No GPUs visible; TF will proceed on CPU.
2026-03-20 06:38:32,048 - INFO - 
2026-03-20 06:38:37,301 - INFO - Ray Successfully Initialized with 4 CPU(s) ([0, 1, 2, 3] CPU Affinity Binding).
2026-03-20 06:38:37,301 - INFO - Analyzing 1 time chunk(s) from 2025-11-02 22:57:01 to 2025-11-02 22:58:01 (dt=1min, overlap=0min).
2026-03-20 06:38:37,302 - INFO - Using 1 selected station(s).
2026-03-20 06:38:37,302 - INFO - 
2026-03-20 06:38:37,302 - INFO - ------- Starting EQCCTPro... -------
2026-03-20 06:38:37,302 - INFO - Detailed subprocess information can be found in the log file.
2026-03-20 06:38:37,302 - INFO - 
2026-03-20 06:38:37,662 - INFO - GPU disabled (CPU-only).
2026-03-20 06:38:39,112 - INFO - Configured Intra-op threads = 1
2026-03-20 06:38:39,115 - INFO - Configured Inter-op threads = 1
2026-03-20 06:38:39,155 - INFO - TensorFlow: No GPUs visible; TF will proceed on CPU.
2026-03-20 06:38:39,157 - INFO - 
2026-03-20 06:38:39,159 - INFO - ------- Hardware Configuration -------
2026-03-20 06:38:39,161 - INFO - CPU affinity set to cores: [0, 1, 2, 3]
2026-03-20 06:38:39,163 - INFO - 
2026-03-20 06:38:39,165 - INFO - ------- Data Preprocessing for EQCCTPro -------
2026-03-20 06:38:39,167 - INFO - 1 station(s) in /home/blackwinter/projects/eqcct/eqcctpro/data/waveforms_earthquakes_nonoise/20251102T225701Z_20251102T225801Z
2026-03-20 06:38:39,168 - INFO - Using 1 selected station(s): ['KU6'].
2026-03-20 06:38:39,170 - INFO - Creating model actor(s)...
2026-03-20 06:38:39,173 - INFO - System RAM: Total=7870 MB, Available=1869 MB
2026-03-20 06:38:39,174 - INFO - Usable RAM budget: 7083 MB (90% of total)
2026-03-20 06:38:39,177 - INFO - ===== MEMORY-AWARE CPU ACTOR POOL (EQCCT) =====
2026-03-20 06:38:39,179 - INFO - Requested concurrent tasks: 1
2026-03-20 06:38:39,181 - INFO - Available CPUs: 4
2026-03-20 06:38:39,183 - INFO - Available RAM: 7083 MB
2026-03-20 06:38:39,186 - INFO - RAM per model: 2264 MB
2026-03-20 06:38:39,187 - INFO - Max actors by RAM: 3
2026-03-20 06:38:39,190 - INFO - Creating 1 ModelActor(s)
2026-03-20 06:38:39,192 - INFO - Let Ray handle scheduling (taskset already restricts CPU visibility)
2026-03-20 06:38:39,194 - INFO - Creating ModelActor 1/1 (2.21GB RAM each)...
2026-03-20 06:38:43,139 - INFO - ModelActor 1 created successfully.
2026-03-20 06:38:43,141 - INFO - Created 1 CPU actor(s). Task queue will handle concurrency.
2026-03-20 06:38:43,144 - INFO - Starting EQCCTPro parallelized waveform processing...
2026-03-20 06:38:43,146 - INFO - 
2026-03-20 06:38:43,149 - INFO - ------- Analyzing Seismic Waveforms for P and S Picks via EQCCT -------
2026-03-20 06:38:43,151 - INFO - Analyzing 0:01:00 minute timechunk from 2025-11-02 22:57:01 to 2025-11-02 22:58:01 (0 min overlap)
2026-03-20 06:38:43,153 - INFO - Processing a total of 1 stations, 1 at a time.
2026-03-20 06:38:47,204 - INFO - (1/1) KU6: Finished the prediction in 2.15s. (HP=1.0, LP=45.0)
2026-03-20 06:38:47,206 - INFO - 
2026-03-20 06:38:47,209 - INFO - ------- Parallel Station Waveform Processing Complete For 2025-11-02 22:57:01 to 2025-11-02 22:58:01 Timechunk-------
2026-03-20 06:38:47,215 - INFO - Successfully ran EQCCTPro, exiting...
2026-03-20 06:38:47,211 - INFO - Picks saved at /home/blackwinter/projects/eqcct/eqcctpro/results/csv/eqcct_earthquakes_th0_1/20251102T225701Z_20251102T225801ZProcess Runtime: 4.06 s
2026-03-20 06:38:48,893 - INFO - Ray Successfully Shutdown.
2026-03-20 06:38:48,893 - INFO - ------- Successfully Picked All Waveform(s) from all Timechunk(s) -------
