2026-03-28 21:37:57,060 - INFO - 
2026-03-28 21:37:57,060 - INFO - ------- Welcome to EQCCTPro -------
2026-03-28 21:37:57,060 - INFO - 
2026-03-28 21:37:57,061 - INFO - Running EQCCT over Requested MSeed Files using CPU(s)...
2026-03-28 21:37:57,061 - INFO - GPU disabled (CPU-only).
2026-03-28 22:42:07,635 - INFO - 
2026-03-28 22:42:07,636 - INFO - ------- Welcome to EQCCTPro -------
2026-03-28 22:42:07,636 - INFO - 
2026-03-28 22:42:07,636 - INFO - Running EQCCT over Requested MSeed Files using CPU(s)...
2026-03-28 22:42:07,637 - INFO - GPU disabled (CPU-only).
2026-03-28 22:42:07,637 - INFO - Configured Intra-op threads = 1
2026-03-28 22:42:07,637 - INFO - Configured Inter-op threads = 1
2026-03-28 22:42:07,637 - INFO - TensorFlow: No GPUs visible; TF will proceed on CPU.
2026-03-28 22:42:07,637 - INFO - 
2026-03-28 22:42:13,596 - INFO - Ray Successfully Initialized with 4 CPU(s) ([0, 1, 2, 3] CPU Affinity Binding).
2026-03-28 22:42:13,596 - INFO - Analyzing 1 time chunk(s) from 2025-01-05 00:32:19 to 2025-01-05 00:33:19 (dt=1min, overlap=0min).
2026-03-28 22:42:13,596 - INFO - Using 1 selected station(s).
2026-03-28 22:42:13,597 - INFO - 
2026-03-28 22:42:13,597 - INFO - ------- Starting EQCCTPro... -------
2026-03-28 22:42:13,597 - INFO - Detailed subprocess information can be found in the log file.
2026-03-28 22:42:13,597 - INFO - 
2026-03-28 22:42:13,973 - INFO - GPU disabled (CPU-only).
2026-03-28 22:42:15,673 - INFO - Configured Intra-op threads = 1
2026-03-28 22:42:15,675 - INFO - Configured Inter-op threads = 1
2026-03-28 22:42:15,719 - INFO - TensorFlow: No GPUs visible; TF will proceed on CPU.
2026-03-28 22:42:15,722 - INFO - 
2026-03-28 22:42:15,724 - INFO - ------- Hardware Configuration -------
2026-03-28 22:42:15,727 - INFO - CPU affinity set to cores: [0, 1, 2, 3]
2026-03-28 22:42:15,730 - INFO - 
2026-03-28 22:42:15,732 - INFO - ------- Data Preprocessing for EQCCTPro -------
2026-03-28 22:42:15,734 - INFO - 1 station(s) in /home/blackwinter/projects/eqcct/eqcctpro/data/waveforms_explosions_nonoise/20250105T003219Z_20250105T003319Z
2026-03-28 22:42:15,736 - INFO - Using 1 selected station(s): ['MSF'].
2026-03-28 22:42:15,738 - INFO - Creating model actor(s)...
2026-03-28 22:42:15,740 - INFO - System RAM: Total=7870 MB, Available=3804 MB
2026-03-28 22:42:15,743 - INFO - Usable RAM budget: 7083 MB (90% of total)
2026-03-28 22:42:15,745 - INFO - ===== MEMORY-AWARE CPU ACTOR POOL (EQCCT) =====
2026-03-28 22:42:15,748 - INFO - Requested concurrent tasks: 1
2026-03-28 22:42:15,750 - INFO - Available CPUs: 4
2026-03-28 22:42:15,752 - INFO - Available RAM: 7083 MB
2026-03-28 22:42:15,754 - INFO - RAM per model: 2264 MB
2026-03-28 22:42:15,757 - INFO - Max actors by RAM: 3
2026-03-28 22:42:15,763 - INFO - Creating 1 ModelActor(s)
2026-03-28 22:42:15,767 - INFO - Let Ray handle scheduling (taskset already restricts CPU visibility)
2026-03-28 22:42:15,770 - INFO - Creating ModelActor 1/1 (2.21GB RAM each)...
2026-03-28 22:42:20,293 - INFO - ModelActor 1 created successfully.
2026-03-28 22:42:20,296 - INFO - Created 1 CPU actor(s). Task queue will handle concurrency.
2026-03-28 22:42:20,298 - INFO - Starting EQCCTPro parallelized waveform processing...
2026-03-28 22:42:20,301 - INFO - 
2026-03-28 22:42:20,303 - INFO - ------- Analyzing Seismic Waveforms for P and S Picks via EQCCT -------
2026-03-28 22:42:20,307 - INFO - Analyzing 0:01:00 minute timechunk from 2025-01-05 00:32:19 to 2025-01-05 00:33:19 (0 min overlap)
2026-03-28 22:42:20,310 - INFO - Processing a total of 1 stations, 1 at a time.
2026-03-28 22:42:22,861 - INFO - (1/1) MSF: FAILED reading mSEED.
2026-03-28 22:42:22,864 - INFO - 
2026-03-28 22:42:22,866 - INFO - ------- Parallel Station Waveform Processing Complete For 2025-01-05 00:32:19 to 2025-01-05 00:33:19 Timechunk-------
2026-03-28 22:42:22,869 - INFO - Picks saved at /home/blackwinter/projects/eqcct/eqcctpro/results/csv/eqcct_explosions_th0_1/20250105T003219Z_20250105T003319ZProcess Runtime: 2.57 s
2026-03-28 22:42:22,875 - INFO - Successfully ran EQCCTPro, exiting...
2026-03-28 22:42:24,256 - INFO - Ray Successfully Shutdown.
2026-03-28 22:42:24,257 - INFO - ------- Successfully Picked All Waveform(s) from all Timechunk(s) -------
