2026-03-28 13:08:29,868 - INFO - 
2026-03-28 13:08:29,868 - INFO - ------- Welcome to EQCCTPro -------
2026-03-28 13:08:29,868 - INFO - 
2026-03-28 13:08:29,869 - INFO - Running EQCCT over Requested MSeed Files using CPU(s)...
2026-03-28 13:08:29,869 - INFO - GPU disabled (CPU-only).
2026-03-28 13:08:29,869 - INFO - Skipping framework-specific initialization in the driver process.
2026-03-28 13:08:31,542 - INFO - Ray Successfully Initialized with 4 CPU(s) ([0, 1, 2, 3] CPU Affinity Binding).
2026-03-28 13:08:31,542 - INFO - Analyzing 1 time chunk(s) from 2025-01-11 13:46:53 to 2025-01-11 13:47:53 (dt=1min, overlap=0min).
2026-03-28 13:08:31,542 - INFO - Using 1 selected station(s).
2026-03-28 13:08:31,542 - INFO - 
2026-03-28 13:08:31,543 - INFO - ------- Starting EQCCTPro... -------
2026-03-28 13:08:31,543 - INFO - Detailed subprocess information can be found in the log file.
2026-03-28 13:08:31,543 - INFO - 
2026-03-28 13:08:31,860 - INFO - GPU disabled (CPU-only).
2026-03-28 13:08:31,866 - INFO - Skipping framework-specific initialization in the driver process.
2026-03-28 13:08:31,869 - INFO - ------- Hardware Configuration -------
2026-03-28 13:08:31,873 - INFO - CPU affinity set to cores: [0, 1, 2, 3]
2026-03-28 13:08:31,875 - INFO - 
2026-03-28 13:08:31,878 - INFO - ------- Data Preprocessing for EQCCTPro -------
2026-03-28 13:08:31,881 - INFO - 1 station(s) in /home/blackwinter/projects/eqcct/eqcctpro/data/waveforms_noise_only/20250111T134653Z_20250111T134753Z
2026-03-28 13:08:31,883 - INFO - Using 1 selected station(s): ['FIA2'].
2026-03-28 13:08:31,887 - INFO - Creating model actor(s)...
2026-03-28 13:08:31,890 - INFO - System RAM: Total=7870 MB, Available=4403 MB
2026-03-28 13:08:31,893 - INFO - Usable RAM budget: 7083 MB (90% of total)
2026-03-28 13:08:31,895 - INFO - ===== MEMORY-AWARE CPU ACTOR POOL =====
2026-03-28 13:08:31,898 - INFO - Requested concurrent tasks: 1
2026-03-28 13:08:31,900 - INFO - Available CPUs: 4
2026-03-28 13:08:31,904 - INFO - Available RAM: 7083 MB
2026-03-28 13:08:31,906 - INFO - RAM per model: 2060 MB
2026-03-28 13:08:31,909 - INFO - Max actors by RAM: 3
2026-03-28 13:08:31,911 - INFO - Creating 1 SeisBenchModelActor(s)
2026-03-28 13:08:31,915 - INFO - Let Ray handle scheduling (taskset already restricts CPU visibility)
2026-03-28 13:08:31,918 - INFO - Creating SeisBenchModelActor 1/1 (2.01GB RAM each)...
2026-03-28 13:08:35,089 - INFO - SeisBenchModelActor 1 created successfully.
2026-03-28 13:08:35,092 - INFO - Created 1 CPU actor(s). Task queue will handle concurrency.
2026-03-28 13:08:35,095 - INFO - Starting EQCCTPro parallelized waveform processing...
2026-03-28 13:08:35,099 - INFO - 
2026-03-28 13:08:35,102 - INFO - ------- Analyzing Seismic Waveforms for P and S Picks via SeisBench (EQTransformer - original_nonconservative) -------
2026-03-28 13:08:35,105 - INFO - Analyzing 0:01:00 minute timechunk from 2025-01-11 13:46:53 to 2025-01-11 13:47:53 (0 min overlap)
2026-03-28 13:08:35,108 - INFO - Processing a total of 1 stations, 1 at a time.
2026-03-28 13:08:37,535 - INFO - (1/1) FIA2: Finished the prediction in 0.14s. (HP=1.0, LP=45.0, picks=0)
2026-03-28 13:08:37,537 - INFO - 
2026-03-28 13:08:37,540 - INFO - ------- Parallel Station Waveform Processing Complete For 2025-01-11 13:46:53 to 2025-01-11 13:47:53 Timechunk-------
2026-03-28 13:08:37,543 - INFO - Picks saved at /home/blackwinter/projects/eqcct/eqcctpro/results/csv/eqt_noise_th0_1/20250111T134653Z_20250111T134753ZProcess Runtime: 2.44 s
2026-03-28 13:08:37,549 - INFO - Successfully ran EQCCTPro, exiting...
2026-03-28 13:08:39,686 - INFO - Ray Successfully Shutdown.
2026-03-28 13:08:39,686 - INFO - ------- Successfully Picked All Waveform(s) from all Timechunk(s) -------
