2026-02-23 17:04:53,643 - INFO - 
2026-02-23 17:04:53,643 - INFO - ------- Welcome to EQCCTPro -------
2026-02-23 17:04:53,643 - INFO - 
2026-02-23 17:04:53,644 - INFO - Running EQCCT over Requested MSeed Files using CPU(s)...
2026-02-23 17:04:53,644 - INFO - GPU disabled (CPU-only).
2026-02-23 17:04:53,644 - INFO - Configured Intra-op threads = 1
2026-02-23 17:04:53,644 - INFO - Configured Inter-op threads = 1
2026-02-23 17:04:53,645 - INFO - TensorFlow: No GPUs visible; TF will proceed on CPU.
2026-02-23 17:04:53,645 - INFO - 
2026-02-23 17:04:59,012 - INFO - Ray Successfully Initialized with 4 CPU(s) ([0, 1, 2, 3] CPU Affinity Binding).
2026-02-23 17:04:59,012 - INFO - Analyzing 1 time chunk(s) from 2025-01-11 03:42:52 to 2025-01-11 03:43:52 (dt=1min, overlap=0min).
2026-02-23 17:04:59,012 - INFO - Using 1 selected station(s).
2026-02-23 17:04:59,012 - INFO - 
2026-02-23 17:04:59,013 - INFO - ------- Starting EQCCTPro... -------
2026-02-23 17:04:59,013 - INFO - Detailed subprocess information can be found in the log file.
2026-02-23 17:04:59,013 - INFO - 
2026-02-23 17:04:59,380 - INFO - GPU disabled (CPU-only).
2026-02-23 17:05:00,904 - INFO - Configured Intra-op threads = 1
2026-02-23 17:05:00,906 - INFO - Configured Inter-op threads = 1
2026-02-23 17:05:00,950 - INFO - TensorFlow: No GPUs visible; TF will proceed on CPU.
2026-02-23 17:05:00,952 - INFO - 
2026-02-23 17:05:00,954 - INFO - ------- Hardware Configuration -------
2026-02-23 17:05:00,957 - INFO - CPU affinity set to cores: [0, 1, 2, 3]
2026-02-23 17:05:00,959 - INFO - 
2026-02-23 17:05:00,961 - INFO - ------- Data Preprocessing for EQCCTPro -------
2026-02-23 17:05:00,963 - INFO - 1 station(s) in /home/blackwinter/projects/eqcct/eqcctpro/data/waveforms_earthquakes_noise_only/20250111T034252Z_20250111T034352Z
2026-02-23 17:05:00,965 - INFO - Using 1 selected station(s): ['OBF0'].
2026-02-23 17:05:00,967 - INFO - Creating model actor(s)...
2026-02-23 17:05:00,969 - INFO - System RAM: Total=7870 MB, Available=4478 MB
2026-02-23 17:05:00,971 - INFO - Usable RAM budget: 7083 MB (90% of total)
2026-02-23 17:05:00,973 - INFO - ===== MEMORY-AWARE CPU ACTOR POOL (EQCCT) =====
2026-02-23 17:05:00,975 - INFO - Requested concurrent tasks: 1
2026-02-23 17:05:00,977 - INFO - Available CPUs: 4
2026-02-23 17:05:00,978 - INFO - Available RAM: 7083 MB
2026-02-23 17:05:00,980 - INFO - RAM per model: 2264 MB
2026-02-23 17:05:00,982 - INFO - Max actors by RAM: 3
2026-02-23 17:05:00,984 - INFO - Creating 1 ModelActor(s)
2026-02-23 17:05:00,986 - INFO - Let Ray handle scheduling (taskset already restricts CPU visibility)
2026-02-23 17:05:00,989 - INFO - Creating ModelActor 1/1 (2.21GB RAM each)...
2026-02-23 17:05:04,975 - INFO - ModelActor 1 created successfully.
2026-02-23 17:05:04,977 - INFO - Created 1 CPU actor(s). Task queue will handle concurrency.
2026-02-23 17:05:04,979 - INFO - Starting EQCCTPro parallelized waveform processing...
2026-02-23 17:05:04,981 - INFO - 
2026-02-23 17:05:04,983 - INFO - ------- Analyzing Seismic Waveforms for P and S Picks via EQCCT -------
2026-02-23 17:05:04,985 - INFO - Analyzing 0:01:00 minute timechunk from 2025-01-11 03:42:52 to 2025-01-11 03:43:52 (0 min overlap)
2026-02-23 17:05:04,987 - INFO - Processing a total of 1 stations, 1 at a time.
2026-02-23 17:05:09,014 - INFO - (1/1) OBF0: Finished the prediction in 2.25s. (HP=1.0, LP=45.0)
2026-02-23 17:05:09,020 - INFO - 
2026-02-23 17:05:09,023 - INFO - ------- Parallel Station Waveform Processing Complete For 2025-01-11 03:42:52 to 2025-01-11 03:43:52 Timechunk-------
2026-02-23 17:05:09,026 - INFO - Picks saved at /home/blackwinter/projects/eqcct/eqcctpro/results/csv/bm_eq_noise_only/20250111T034252Z_20250111T034352ZProcess Runtime: 4.04 s
2026-02-23 17:05:09,035 - INFO - Successfully ran EQCCTPro, exiting...
2026-02-23 17:05:10,519 - INFO - Ray Successfully Shutdown.
2026-02-23 17:05:10,519 - INFO - ------- Successfully Picked All Waveform(s) from all Timechunk(s) -------
