2026-03-28 18:08:05,705 - INFO - 
2026-03-28 18:08:05,705 - INFO - ------- Welcome to EQCCTPro -------
2026-03-28 18:08:05,705 - INFO - 
2026-03-28 18:08:05,706 - INFO - Running EQCCT over Requested MSeed Files using CPU(s)...
2026-03-28 18:08:05,706 - INFO - GPU disabled (CPU-only).
2026-03-28 18:08:05,706 - INFO - Skipping framework-specific initialization in the driver process.
2026-03-28 18:08:08,267 - INFO - Ray Successfully Initialized with 4 CPU(s) ([0, 1, 2, 3] CPU Affinity Binding).
2026-03-28 18:08:08,267 - INFO - Analyzing 1 time chunk(s) from 2025-01-14 12:25:11 to 2025-01-14 12:26:11 (dt=1min, overlap=0min).
2026-03-28 18:08:08,267 - INFO - Using 1 selected station(s).
2026-03-28 18:08:08,268 - INFO - 
2026-03-28 18:08:08,268 - INFO - ------- Starting EQCCTPro... -------
2026-03-28 18:08:08,268 - INFO - Detailed subprocess information can be found in the log file.
2026-03-28 18:08:08,269 - INFO - 
2026-03-28 18:08:08,616 - INFO - GPU disabled (CPU-only).
2026-03-28 18:08:08,621 - INFO - Skipping framework-specific initialization in the driver process.
2026-03-28 18:08:08,625 - INFO - ------- Hardware Configuration -------
2026-03-28 18:08:08,627 - INFO - CPU affinity set to cores: [0, 1, 2, 3]
2026-03-28 18:08:08,630 - INFO - 
2026-03-28 18:08:08,633 - INFO - ------- Data Preprocessing for EQCCTPro -------
2026-03-28 18:08:08,635 - INFO - 1 station(s) in /home/blackwinter/projects/eqcct/eqcctpro/data/waveforms_explosions_nonoise/20250114T122511Z_20250114T122611Z
2026-03-28 18:08:08,638 - INFO - Using 1 selected station(s): ['RUF'].
2026-03-28 18:08:08,641 - INFO - Creating model actor(s)...
2026-03-28 18:08:08,643 - INFO - System RAM: Total=7870 MB, Available=4200 MB
2026-03-28 18:08:08,645 - INFO - Usable RAM budget: 7083 MB (90% of total)
2026-03-28 18:08:08,648 - INFO - ===== MEMORY-AWARE CPU ACTOR POOL =====
2026-03-28 18:08:08,650 - INFO - Requested concurrent tasks: 1
2026-03-28 18:08:08,652 - INFO - Available CPUs: 4
2026-03-28 18:08:08,654 - INFO - Available RAM: 7083 MB
2026-03-28 18:08:08,656 - INFO - RAM per model: 2060 MB
2026-03-28 18:08:08,658 - INFO - Max actors by RAM: 3
2026-03-28 18:08:08,661 - INFO - Creating 1 SeisBenchModelActor(s)
2026-03-28 18:08:08,665 - INFO - Let Ray handle scheduling (taskset already restricts CPU visibility)
2026-03-28 18:08:08,669 - INFO - Creating SeisBenchModelActor 1/1 (2.01GB RAM each)...
2026-03-28 18:08:11,626 - INFO - SeisBenchModelActor 1 created successfully.
2026-03-28 18:08:11,628 - INFO - Created 1 CPU actor(s). Task queue will handle concurrency.
2026-03-28 18:08:11,631 - INFO - Starting EQCCTPro parallelized waveform processing...
2026-03-28 18:08:11,633 - INFO - 
2026-03-28 18:08:11,636 - INFO - ------- Analyzing Seismic Waveforms for P and S Picks via SeisBench (EQTransformer - original_nonconservative) -------
2026-03-28 18:08:11,640 - INFO - Analyzing 0:01:00 minute timechunk from 2025-01-14 12:25:11 to 2025-01-14 12:26:11 (0 min overlap)
2026-03-28 18:08:11,642 - INFO - Processing a total of 1 stations, 1 at a time.
2026-03-28 18:08:14,023 - INFO - (1/1) RUF: Finished the prediction in 0.14s. (HP=1.0, LP=45.0, picks=2)
2026-03-28 18:08:14,025 - INFO - 
2026-03-28 18:08:14,028 - INFO - ------- Parallel Station Waveform Processing Complete For 2025-01-14 12:25:11 to 2025-01-14 12:26:11 Timechunk-------
2026-03-28 18:08:14,032 - INFO - Picks saved at /home/blackwinter/projects/eqcct/eqcctpro/results/csv/eqt_explosions_th0_1/20250114T122511Z_20250114T122611ZProcess Runtime: 2.40 s
2026-03-28 18:08:14,040 - INFO - Successfully ran EQCCTPro, exiting...
2026-03-28 18:08:15,721 - INFO - Ray Successfully Shutdown.
2026-03-28 18:08:15,721 - INFO - ------- Successfully Picked All Waveform(s) from all Timechunk(s) -------
