2026-03-29 15:47:55,914 - INFO - 
2026-03-29 15:47:55,914 - INFO - ------- Welcome to EQCCTPro -------
2026-03-29 15:47:55,914 - INFO - 
2026-03-29 15:47:55,915 - INFO - Running EQCCT over Requested MSeed Files using CPU(s)...
2026-03-29 15:47:55,915 - INFO - GPU disabled (CPU-only).
2026-03-29 15:47:55,915 - INFO - Configured Intra-op threads = 1
2026-03-29 15:47:55,915 - INFO - Configured Inter-op threads = 1
2026-03-29 15:47:55,915 - INFO - TensorFlow: No GPUs visible; TF will proceed on CPU.
2026-03-29 15:47:55,915 - INFO - 
2026-03-29 15:48:02,023 - INFO - Ray Successfully Initialized with 4 CPU(s) ([0, 1, 2, 3] CPU Affinity Binding).
2026-03-29 15:48:02,023 - INFO - Analyzing 1 time chunk(s) from 2025-01-09 16:15:00 to 2025-01-09 16:16:00 (dt=1min, overlap=0min).
2026-03-29 15:48:02,024 - INFO - Using 1 selected station(s).
2026-03-29 15:48:02,024 - INFO - 
2026-03-29 15:48:02,024 - INFO - ------- Starting EQCCTPro... -------
2026-03-29 15:48:02,024 - INFO - Detailed subprocess information can be found in the log file.
2026-03-29 15:48:02,024 - INFO - 
2026-03-29 15:48:02,419 - INFO - GPU disabled (CPU-only).
2026-03-29 15:48:03,965 - INFO - Configured Intra-op threads = 1
2026-03-29 15:48:03,968 - INFO - Configured Inter-op threads = 1
2026-03-29 15:48:04,012 - INFO - TensorFlow: No GPUs visible; TF will proceed on CPU.
2026-03-29 15:48:04,014 - INFO - 
2026-03-29 15:48:04,017 - INFO - ------- Hardware Configuration -------
2026-03-29 15:48:04,020 - INFO - CPU affinity set to cores: [0, 1, 2, 3]
2026-03-29 15:48:04,023 - INFO - 
2026-03-29 15:48:04,025 - INFO - ------- Data Preprocessing for EQCCTPro -------
2026-03-29 15:48:04,028 - INFO - 1 station(s) in /home/blackwinter/projects/eqcct/eqcctpro/data/waveforms_noise_only/20250109T161500Z_20250109T161600Z
2026-03-29 15:48:04,030 - INFO - Using 1 selected station(s): ['FIA1'].
2026-03-29 15:48:04,032 - INFO - Creating model actor(s)...
2026-03-29 15:48:04,035 - INFO - System RAM: Total=7870 MB, Available=4174 MB
2026-03-29 15:48:04,037 - INFO - Usable RAM budget: 7083 MB (90% of total)
2026-03-29 15:48:04,039 - INFO - ===== MEMORY-AWARE CPU ACTOR POOL (EQCCT) =====
2026-03-29 15:48:04,042 - INFO - Requested concurrent tasks: 1
2026-03-29 15:48:04,044 - INFO - Available CPUs: 4
2026-03-29 15:48:04,047 - INFO - Available RAM: 7083 MB
2026-03-29 15:48:04,049 - INFO - RAM per model: 2264 MB
2026-03-29 15:48:04,052 - INFO - Max actors by RAM: 3
2026-03-29 15:48:04,055 - INFO - Creating 1 ModelActor(s)
2026-03-29 15:48:04,057 - INFO - Let Ray handle scheduling (taskset already restricts CPU visibility)
2026-03-29 15:48:04,059 - INFO - Creating ModelActor 1/1 (2.21GB RAM each)...
2026-03-29 15:48:08,456 - INFO - ModelActor 1 created successfully.
2026-03-29 15:48:08,458 - INFO - Created 1 CPU actor(s). Task queue will handle concurrency.
2026-03-29 15:48:08,462 - INFO - Starting EQCCTPro parallelized waveform processing...
2026-03-29 15:48:08,464 - INFO - 
2026-03-29 15:48:08,467 - INFO - ------- Analyzing Seismic Waveforms for P and S Picks via EQCCT -------
2026-03-29 15:48:08,470 - INFO - Analyzing 0:01:00 minute timechunk from 2025-01-09 16:15:00 to 2025-01-09 16:16:00 (0 min overlap)
2026-03-29 15:48:08,472 - INFO - Processing a total of 1 stations, 1 at a time.
2026-03-29 15:48:12,947 - INFO - (1/1) FIA1: Finished the prediction in 2.36s. (HP=1.0, LP=45.0)
2026-03-29 15:48:12,949 - INFO - 
2026-03-29 15:48:12,952 - INFO - ------- Parallel Station Waveform Processing Complete For 2025-01-09 16:15:00 to 2025-01-09 16:16:00 Timechunk-------
2026-03-29 15:48:12,955 - INFO - Picks saved at /home/blackwinter/projects/eqcct/eqcctpro/results/csv/eqcct_noise_th0_1/20250109T161500Z_20250109T161600ZProcess Runtime: 4.49 s
2026-03-29 15:48:12,959 - INFO - Successfully ran EQCCTPro, exiting...
2026-03-29 15:48:14,667 - INFO - Ray Successfully Shutdown.
2026-03-29 15:48:14,667 - INFO - ------- Successfully Picked All Waveform(s) from all Timechunk(s) -------
