2026-02-22 22:46:21,009 - INFO - 
2026-02-22 22:46:21,009 - INFO - ------- Welcome to EQCCTPro -------
2026-02-22 22:46:21,009 - INFO - 
2026-02-22 22:46:21,010 - INFO - Running EQCCT over Requested MSeed Files using CPU(s)...
2026-02-22 22:46:21,010 - INFO - GPU disabled (CPU-only).
2026-02-22 22:46:21,011 - INFO - Configured Intra-op threads = 1
2026-02-22 22:46:21,011 - INFO - Configured Inter-op threads = 1
2026-02-22 22:46:21,011 - INFO - TensorFlow: No GPUs visible; TF will proceed on CPU.
2026-02-22 22:46:21,011 - INFO - 
2026-02-22 22:46:26,411 - INFO - Ray Successfully Initialized with 4 CPU(s) ([0, 1, 2, 3] CPU Affinity Binding).
2026-02-22 22:46:26,411 - INFO - Analyzing 1 time chunk(s) from 2025-12-03 19:28:20 to 2025-12-03 19:29:20 (dt=1min, overlap=0min).
2026-02-22 22:46:26,412 - INFO - Using 1 selected station(s).
2026-02-22 22:46:26,412 - INFO - 
2026-02-22 22:46:26,412 - INFO - ------- Starting EQCCTPro... -------
2026-02-22 22:46:26,412 - INFO - Detailed subprocess information can be found in the log file.
2026-02-22 22:46:26,412 - INFO - 
2026-02-22 22:46:26,840 - INFO - GPU disabled (CPU-only).
2026-02-22 22:46:28,334 - INFO - Configured Intra-op threads = 1
2026-02-22 22:46:28,336 - INFO - Configured Inter-op threads = 1
2026-02-22 22:46:28,376 - INFO - TensorFlow: No GPUs visible; TF will proceed on CPU.
2026-02-22 22:46:28,379 - INFO - 
2026-02-22 22:46:28,381 - INFO - ------- Hardware Configuration -------
2026-02-22 22:46:28,383 - INFO - CPU affinity set to cores: [0, 1, 2, 3]
2026-02-22 22:46:28,385 - INFO - 
2026-02-22 22:46:28,388 - INFO - ------- Data Preprocessing for EQCCTPro -------
2026-02-22 22:46:28,390 - INFO - 1 station(s) in /home/blackwinter/projects/eqcct/eqcctpro/data/waveforms_earthquakes_nonoise/20251203T192820Z_20251203T192920Z
2026-02-22 22:46:28,393 - INFO - Using 1 selected station(s): ['OBF0'].
2026-02-22 22:46:28,395 - INFO - Creating model actor(s)...
2026-02-22 22:46:28,398 - INFO - System RAM: Total=7870 MB, Available=1514 MB
2026-02-22 22:46:28,400 - INFO - Usable RAM budget: 7083 MB (90% of total)
2026-02-22 22:46:28,403 - INFO - ===== MEMORY-AWARE CPU ACTOR POOL (EQCCT) =====
2026-02-22 22:46:28,405 - INFO - Requested concurrent tasks: 1
2026-02-22 22:46:28,408 - INFO - Available CPUs: 4
2026-02-22 22:46:28,410 - INFO - Available RAM: 7083 MB
2026-02-22 22:46:28,412 - INFO - RAM per model: 2264 MB
2026-02-22 22:46:28,414 - INFO - Max actors by RAM: 3
2026-02-22 22:46:28,416 - INFO - Creating 1 ModelActor(s)
2026-02-22 22:46:28,418 - INFO - Let Ray handle scheduling (taskset already restricts CPU visibility)
2026-02-22 22:46:28,420 - INFO - Creating ModelActor 1/1 (2.21GB RAM each)...
2026-02-22 22:46:32,403 - INFO - ModelActor 1 created successfully.
2026-02-22 22:46:32,405 - INFO - Created 1 CPU actor(s). Task queue will handle concurrency.
2026-02-22 22:46:32,407 - INFO - Starting EQCCTPro parallelized waveform processing...
2026-02-22 22:46:32,409 - INFO - 
2026-02-22 22:46:32,411 - INFO - ------- Analyzing Seismic Waveforms for P and S Picks via EQCCT -------
2026-02-22 22:46:32,414 - INFO - Analyzing 0:01:00 minute timechunk from 2025-12-03 19:28:20 to 2025-12-03 19:29:20 (0 min overlap)
2026-02-22 22:46:32,416 - INFO - Processing a total of 1 stations, 1 at a time.
2026-02-22 22:46:36,463 - INFO - (1/1) OBF0: Finished the prediction in 2.13s. (HP=1.0, LP=45.0)
2026-02-22 22:46:36,465 - INFO - 
2026-02-22 22:46:36,467 - INFO - ------- Parallel Station Waveform Processing Complete For 2025-12-03 19:28:20 to 2025-12-03 19:29:20 Timechunk-------
2026-02-22 22:46:36,469 - INFO - Picks saved at /home/blackwinter/projects/eqcct/eqcctpro/results/csv/bm_eq_nonoise/20251203T192820Z_20251203T192920ZProcess Runtime: 4.06 s
2026-02-22 22:46:36,473 - INFO - Successfully ran EQCCTPro, exiting...
2026-02-22 22:46:38,336 - INFO - Ray Successfully Shutdown.
2026-02-22 22:46:38,336 - INFO - ------- Successfully Picked All Waveform(s) from all Timechunk(s) -------
