2026-02-27 12:33:26,102 - INFO - 
2026-02-27 12:33:26,102 - INFO - ------- Welcome to EQCCTPro -------
2026-02-27 12:33:26,102 - INFO - 
2026-02-27 12:33:26,103 - INFO - Running EQCCT over Requested MSeed Files using CPU(s)...
2026-02-27 12:33:26,103 - INFO - GPU disabled (CPU-only).
2026-02-27 12:33:26,103 - INFO - Configured Intra-op threads = 1
2026-02-27 12:33:26,103 - INFO - Configured Inter-op threads = 1
2026-02-27 12:33:26,103 - INFO - TensorFlow: No GPUs visible; TF will proceed on CPU.
2026-02-27 12:33:26,103 - INFO - 
2026-02-27 12:33:31,686 - INFO - Ray Successfully Initialized with 4 CPU(s) ([0, 1, 2, 3] CPU Affinity Binding).
2026-02-27 12:33:31,687 - INFO - Analyzing 1 time chunk(s) from 2025-01-23 11:52:16 to 2025-01-23 11:53:16 (dt=1min, overlap=0min).
2026-02-27 12:33:31,687 - INFO - Using 1 selected station(s).
2026-02-27 12:33:31,687 - INFO - 
2026-02-27 12:33:31,687 - INFO - ------- Starting EQCCTPro... -------
2026-02-27 12:33:31,687 - INFO - Detailed subprocess information can be found in the log file.
2026-02-27 12:33:31,688 - INFO - 
2026-02-27 12:33:32,048 - INFO - GPU disabled (CPU-only).
2026-02-27 12:33:33,525 - INFO - Configured Intra-op threads = 1
2026-02-27 12:33:33,528 - INFO - Configured Inter-op threads = 1
2026-02-27 12:33:33,573 - INFO - TensorFlow: No GPUs visible; TF will proceed on CPU.
2026-02-27 12:33:33,576 - INFO - 
2026-02-27 12:33:33,578 - INFO - ------- Hardware Configuration -------
2026-02-27 12:33:33,580 - INFO - CPU affinity set to cores: [0, 1, 2, 3]
2026-02-27 12:33:33,582 - INFO - 
2026-02-27 12:33:33,584 - INFO - ------- Data Preprocessing for EQCCTPro -------
2026-02-27 12:33:33,586 - INFO - 1 station(s) in /home/blackwinter/projects/eqcct/eqcctpro/data/waveforms_explosions_nonoise/20250123T115216Z_20250123T115316Z
2026-02-27 12:33:33,588 - INFO - Using 1 selected station(s): ['PVF'].
2026-02-27 12:33:33,589 - INFO - Creating model actor(s)...
2026-02-27 12:33:33,592 - INFO - System RAM: Total=7870 MB, Available=2232 MB
2026-02-27 12:33:33,593 - INFO - Usable RAM budget: 7083 MB (90% of total)
2026-02-27 12:33:33,595 - INFO - ===== MEMORY-AWARE CPU ACTOR POOL (EQCCT) =====
2026-02-27 12:33:33,597 - INFO - Requested concurrent tasks: 1
2026-02-27 12:33:33,599 - INFO - Available CPUs: 4
2026-02-27 12:33:33,601 - INFO - Available RAM: 7083 MB
2026-02-27 12:33:33,602 - INFO - RAM per model: 2264 MB
2026-02-27 12:33:33,604 - INFO - Max actors by RAM: 3
2026-02-27 12:33:33,606 - INFO - Creating 1 ModelActor(s)
2026-02-27 12:33:33,609 - INFO - Let Ray handle scheduling (taskset already restricts CPU visibility)
2026-02-27 12:33:33,610 - INFO - Creating ModelActor 1/1 (2.21GB RAM each)...
2026-02-27 12:33:37,520 - INFO - ModelActor 1 created successfully.
2026-02-27 12:33:37,523 - INFO - Created 1 CPU actor(s). Task queue will handle concurrency.
2026-02-27 12:33:37,525 - INFO - Starting EQCCTPro parallelized waveform processing...
2026-02-27 12:33:37,527 - INFO - 
2026-02-27 12:33:37,529 - INFO - ------- Analyzing Seismic Waveforms for P and S Picks via EQCCT -------
2026-02-27 12:33:37,531 - INFO - Analyzing 0:01:00 minute timechunk from 2025-01-23 11:52:16 to 2025-01-23 11:53:16 (0 min overlap)
2026-02-27 12:33:37,533 - INFO - Processing a total of 1 stations, 1 at a time.
2026-02-27 12:33:41,683 - INFO - (1/1) PVF: Finished the prediction in 2.21s. (HP=1.0, LP=45.0)
2026-02-27 12:33:41,686 - INFO - 
2026-02-27 12:33:41,689 - INFO - ------- Parallel Station Waveform Processing Complete For 2025-01-23 11:52:16 to 2025-01-23 11:53:16 Timechunk-------
2026-02-27 12:33:41,691 - INFO - Picks saved at /home/blackwinter/projects/eqcct/eqcctpro/results/csv/bm_explosions/20250123T115216Z_20250123T115316ZProcess Runtime: 4.16 s
2026-02-27 12:33:41,696 - INFO - Successfully ran EQCCTPro, exiting...
2026-02-27 12:33:43,421 - INFO - Ray Successfully Shutdown.
2026-02-27 12:33:43,421 - INFO - ------- Successfully Picked All Waveform(s) from all Timechunk(s) -------
