2026-03-27 17:16:09,663 - INFO - 
2026-03-27 17:16:09,663 - INFO - ------- Welcome to EQCCTPro -------
2026-03-27 17:16:09,663 - INFO - 
2026-03-27 17:16:09,664 - INFO - Running EQCCT over Requested MSeed Files using CPU(s)...
2026-03-27 17:16:09,664 - INFO - GPU disabled (CPU-only).
2026-03-27 17:16:09,664 - INFO - Skipping framework-specific initialization in the driver process.
2026-03-27 17:16:12,072 - INFO - Ray Successfully Initialized with 4 CPU(s) ([0, 1, 2, 3] CPU Affinity Binding).
2026-03-27 17:16:12,073 - INFO - Analyzing 1 time chunk(s) from 2025-01-21 12:20:07 to 2025-01-21 12:21:07 (dt=1min, overlap=0min).
2026-03-27 17:16:12,073 - INFO - Using 1 selected station(s).
2026-03-27 17:16:12,073 - INFO - 
2026-03-27 17:16:12,074 - INFO - ------- Starting EQCCTPro... -------
2026-03-27 17:16:12,074 - INFO - Detailed subprocess information can be found in the log file.
2026-03-27 17:16:12,074 - INFO - 
2026-03-27 17:16:12,368 - INFO - GPU disabled (CPU-only).
2026-03-27 17:16:12,373 - INFO - Skipping framework-specific initialization in the driver process.
2026-03-27 17:16:12,376 - INFO - ------- Hardware Configuration -------
2026-03-27 17:16:12,378 - INFO - CPU affinity set to cores: [0, 1, 2, 3]
2026-03-27 17:16:12,381 - INFO - 
2026-03-27 17:16:12,383 - INFO - ------- Data Preprocessing for EQCCTPro -------
2026-03-27 17:16:12,386 - INFO - 1 station(s) in /home/blackwinter/projects/eqcct/eqcctpro/data/waveforms_earthquakes_nonoise/20250121T122007Z_20250121T122107Z
2026-03-27 17:16:12,388 - INFO - Using 1 selected station(s): ['HEF'].
2026-03-27 17:16:12,391 - INFO - Creating model actor(s)...
2026-03-27 17:16:12,393 - INFO - System RAM: Total=7870 MB, Available=6208 MB
2026-03-27 17:16:12,396 - INFO - Usable RAM budget: 7083 MB (90% of total)
2026-03-27 17:16:12,398 - INFO - ===== MEMORY-AWARE CPU ACTOR POOL =====
2026-03-27 17:16:12,400 - INFO - Requested concurrent tasks: 1
2026-03-27 17:16:12,403 - INFO - Available CPUs: 4
2026-03-27 17:16:12,406 - INFO - Available RAM: 7083 MB
2026-03-27 17:16:12,408 - INFO - RAM per model: 2060 MB
2026-03-27 17:16:12,411 - INFO - Max actors by RAM: 3
2026-03-27 17:16:12,414 - INFO - Creating 1 SeisBenchModelActor(s)
2026-03-27 17:16:12,416 - INFO - Let Ray handle scheduling (taskset already restricts CPU visibility)
2026-03-27 17:16:12,419 - INFO - Creating SeisBenchModelActor 1/1 (2.01GB RAM each)...
2026-03-27 17:16:15,324 - INFO - SeisBenchModelActor 1 created successfully.
2026-03-27 17:16:15,326 - INFO - Created 1 CPU actor(s). Task queue will handle concurrency.
2026-03-27 17:16:15,328 - INFO - Starting EQCCTPro parallelized waveform processing...
2026-03-27 17:16:15,330 - INFO - 
2026-03-27 17:16:15,333 - INFO - ------- Analyzing Seismic Waveforms for P and S Picks via SeisBench (EQTransformer - original_nonconservative) -------
2026-03-27 17:16:15,336 - INFO - Analyzing 0:01:00 minute timechunk from 2025-01-21 12:20:07 to 2025-01-21 12:21:07 (0 min overlap)
2026-03-27 17:16:15,338 - INFO - Processing a total of 1 stations, 1 at a time.
2026-03-27 17:16:17,664 - INFO - (1/1) HEF: Finished the prediction in 0.16s. (HP=1.0, LP=45.0, picks=2)
2026-03-27 17:16:17,667 - INFO - 
2026-03-27 17:16:17,670 - INFO - ------- Parallel Station Waveform Processing Complete For 2025-01-21 12:20:07 to 2025-01-21 12:21:07 Timechunk-------
2026-03-27 17:16:17,674 - INFO - Picks saved at /home/blackwinter/projects/eqcct/eqcctpro/results/csv/eqt_earthquakes_th0_1/20250121T122007Z_20250121T122107ZProcess Runtime: 2.34 s
2026-03-27 17:16:17,683 - INFO - Successfully ran EQCCTPro, exiting...
2026-03-27 17:16:19,237 - INFO - Ray Successfully Shutdown.
2026-03-27 17:16:19,237 - INFO - ------- Successfully Picked All Waveform(s) from all Timechunk(s) -------
2026-03-27 23:46:53,198 - INFO - 
2026-03-27 23:46:53,198 - INFO - ------- Welcome to EQCCTPro -------
2026-03-27 23:46:53,198 - INFO - 
2026-03-27 23:46:53,199 - INFO - Running EQCCT over Requested MSeed Files using CPU(s)...
2026-03-27 23:46:53,199 - INFO - GPU disabled (CPU-only).
2026-03-27 23:46:53,199 - INFO - Skipping framework-specific initialization in the driver process.
2026-03-27 23:46:55,493 - INFO - Ray Successfully Initialized with 4 CPU(s) ([0, 1, 2, 3] CPU Affinity Binding).
2026-03-27 23:46:55,493 - INFO - Analyzing 1 time chunk(s) from 2025-01-21 12:20:07 to 2025-01-21 12:21:07 (dt=1min, overlap=0min).
2026-03-27 23:46:55,493 - INFO - Using 1 selected station(s).
2026-03-27 23:46:55,493 - INFO - 
2026-03-27 23:46:55,494 - INFO - ------- Starting EQCCTPro... -------
2026-03-27 23:46:55,494 - INFO - Detailed subprocess information can be found in the log file.
2026-03-27 23:46:55,494 - INFO - 
2026-03-27 23:46:55,738 - INFO - GPU disabled (CPU-only).
2026-03-27 23:46:55,743 - INFO - Skipping framework-specific initialization in the driver process.
2026-03-27 23:46:55,746 - INFO - ------- Hardware Configuration -------
2026-03-27 23:46:55,748 - INFO - CPU affinity set to cores: [0, 1, 2, 3]
2026-03-27 23:46:55,750 - INFO - 
2026-03-27 23:46:55,753 - INFO - ------- Data Preprocessing for EQCCTPro -------
2026-03-27 23:46:55,755 - INFO - 1 station(s) in /home/blackwinter/projects/eqcct/eqcctpro/data/waveforms_earthquakes_nonoise/20250121T122007Z_20250121T122107Z
2026-03-27 23:46:55,757 - INFO - Using 1 selected station(s): ['HEF'].
2026-03-27 23:46:55,759 - INFO - Creating model actor(s)...
2026-03-27 23:46:55,762 - INFO - System RAM: Total=7870 MB, Available=6028 MB
2026-03-27 23:46:55,764 - INFO - Usable RAM budget: 7083 MB (90% of total)
2026-03-27 23:46:55,766 - INFO - ===== MEMORY-AWARE CPU ACTOR POOL =====
2026-03-27 23:46:55,768 - INFO - Requested concurrent tasks: 1
2026-03-27 23:46:55,770 - INFO - Available CPUs: 4
2026-03-27 23:46:55,773 - INFO - Available RAM: 7083 MB
2026-03-27 23:46:55,775 - INFO - RAM per model: 2060 MB
2026-03-27 23:46:55,777 - INFO - Max actors by RAM: 3
2026-03-27 23:46:55,779 - INFO - Creating 1 SeisBenchModelActor(s)
2026-03-27 23:46:55,781 - INFO - Let Ray handle scheduling (taskset already restricts CPU visibility)
2026-03-27 23:46:55,782 - INFO - Creating SeisBenchModelActor 1/1 (2.01GB RAM each)...
2026-03-27 23:46:58,322 - INFO - SeisBenchModelActor 1 created successfully.
2026-03-27 23:46:58,325 - INFO - Created 1 CPU actor(s). Task queue will handle concurrency.
2026-03-27 23:46:58,326 - INFO - Starting EQCCTPro parallelized waveform processing...
2026-03-27 23:46:58,328 - INFO - 
2026-03-27 23:46:58,330 - INFO - ------- Analyzing Seismic Waveforms for P and S Picks via SeisBench (EQTransformer - original_nonconservative) -------
2026-03-27 23:46:58,332 - INFO - Analyzing 0:01:00 minute timechunk from 2025-01-21 12:20:07 to 2025-01-21 12:21:07 (0 min overlap)
2026-03-27 23:46:58,334 - INFO - Processing a total of 1 stations, 1 at a time.
2026-03-27 23:47:00,218 - INFO - (1/1) HEF: Skipped (already exists - overwrite=False).
2026-03-27 23:47:00,221 - INFO - 
2026-03-27 23:47:00,223 - INFO - ------- Parallel Station Waveform Processing Complete For 2025-01-21 12:20:07 to 2025-01-21 12:21:07 Timechunk-------
2026-03-27 23:47:00,225 - INFO - Picks saved at /home/blackwinter/projects/eqcct/eqcctpro/results/csv/eqt_earthquakes_th0_1/20250121T122007Z_20250121T122107ZProcess Runtime: 1.89 s
2026-03-27 23:47:00,231 - INFO - Successfully ran EQCCTPro, exiting...
2026-03-27 23:47:01,789 - INFO - Ray Successfully Shutdown.
2026-03-27 23:47:01,789 - INFO - ------- Successfully Picked All Waveform(s) from all Timechunk(s) -------
