2026-02-23 20:32:07,436 - INFO - 
2026-02-23 20:32:07,436 - INFO - ------- Welcome to EQCCTPro -------
2026-02-23 20:32:07,436 - INFO - 
2026-02-23 20:32:07,437 - INFO - Running EQCCT over Requested MSeed Files using CPU(s)...
2026-02-23 20:32:07,437 - INFO - GPU disabled (CPU-only).
2026-02-23 20:32:07,438 - INFO - Configured Intra-op threads = 1
2026-02-23 20:32:07,438 - INFO - Configured Inter-op threads = 1
2026-02-23 20:32:07,438 - INFO - TensorFlow: No GPUs visible; TF will proceed on CPU.
2026-02-23 20:32:07,438 - INFO - 
2026-02-23 20:32:12,917 - INFO - Ray Successfully Initialized with 4 CPU(s) ([0, 1, 2, 3] CPU Affinity Binding).
2026-02-23 20:32:12,917 - INFO - Analyzing 1 time chunk(s) from 2025-03-14 07:08:22 to 2025-03-14 07:09:22 (dt=1min, overlap=0min).
2026-02-23 20:32:12,917 - INFO - Using 1 selected station(s).
2026-02-23 20:32:12,917 - INFO - 
2026-02-23 20:32:12,917 - INFO - ------- Starting EQCCTPro... -------
2026-02-23 20:32:12,917 - INFO - Detailed subprocess information can be found in the log file.
2026-02-23 20:32:12,917 - INFO - 
2026-02-23 20:32:13,269 - INFO - GPU disabled (CPU-only).
2026-02-23 20:32:14,711 - INFO - Configured Intra-op threads = 1
2026-02-23 20:32:14,713 - INFO - Configured Inter-op threads = 1
2026-02-23 20:32:14,752 - INFO - TensorFlow: No GPUs visible; TF will proceed on CPU.
2026-02-23 20:32:14,754 - INFO - 
2026-02-23 20:32:14,756 - INFO - ------- Hardware Configuration -------
2026-02-23 20:32:14,759 - INFO - CPU affinity set to cores: [0, 1, 2, 3]
2026-02-23 20:32:14,761 - INFO - 
2026-02-23 20:32:14,763 - INFO - ------- Data Preprocessing for EQCCTPro -------
2026-02-23 20:32:14,765 - INFO - 1 station(s) in /home/blackwinter/projects/eqcct/eqcctpro/data/waveforms_earthquakes_noise_only/20250314T070822Z_20250314T070922Z
2026-02-23 20:32:14,766 - INFO - Using 1 selected station(s): ['KJNF'].
2026-02-23 20:32:14,768 - INFO - Creating model actor(s)...
2026-02-23 20:32:14,770 - INFO - System RAM: Total=7870 MB, Available=3437 MB
2026-02-23 20:32:14,772 - INFO - Usable RAM budget: 7083 MB (90% of total)
2026-02-23 20:32:14,773 - INFO - ===== MEMORY-AWARE CPU ACTOR POOL (EQCCT) =====
2026-02-23 20:32:14,775 - INFO - Requested concurrent tasks: 1
2026-02-23 20:32:14,777 - INFO - Available CPUs: 4
2026-02-23 20:32:14,779 - INFO - Available RAM: 7083 MB
2026-02-23 20:32:14,781 - INFO - RAM per model: 2264 MB
2026-02-23 20:32:14,783 - INFO - Max actors by RAM: 3
2026-02-23 20:32:14,785 - INFO - Creating 1 ModelActor(s)
2026-02-23 20:32:14,788 - INFO - Let Ray handle scheduling (taskset already restricts CPU visibility)
2026-02-23 20:32:14,790 - INFO - Creating ModelActor 1/1 (2.21GB RAM each)...
2026-02-23 20:32:18,670 - INFO - ModelActor 1 created successfully.
2026-02-23 20:32:18,672 - INFO - Created 1 CPU actor(s). Task queue will handle concurrency.
2026-02-23 20:32:18,675 - INFO - Starting EQCCTPro parallelized waveform processing...
2026-02-23 20:32:18,677 - INFO - 
2026-02-23 20:32:18,679 - INFO - ------- Analyzing Seismic Waveforms for P and S Picks via EQCCT -------
2026-02-23 20:32:18,682 - INFO - Analyzing 0:01:00 minute timechunk from 2025-03-14 07:08:22 to 2025-03-14 07:09:22 (0 min overlap)
2026-02-23 20:32:18,684 - INFO - Processing a total of 1 stations, 1 at a time.
2026-02-23 20:32:22,723 - INFO - (1/1) KJNF: Finished the prediction in 2.13s. (HP=1.0, LP=45.0)
2026-02-23 20:32:22,725 - INFO - 
2026-02-23 20:32:22,727 - INFO - ------- Parallel Station Waveform Processing Complete For 2025-03-14 07:08:22 to 2025-03-14 07:09:22 Timechunk-------
2026-02-23 20:32:22,729 - INFO - Picks saved at /home/blackwinter/projects/eqcct/eqcctpro/results/csv/bm_eq_noise_only/20250314T070822Z_20250314T070922ZProcess Runtime: 4.05 s
2026-02-23 20:32:22,733 - INFO - Successfully ran EQCCTPro, exiting...
2026-02-23 20:32:24,148 - INFO - Ray Successfully Shutdown.
2026-02-23 20:32:24,148 - INFO - ------- Successfully Picked All Waveform(s) from all Timechunk(s) -------
