2026-03-28 10:54:02,748 - INFO - 
2026-03-28 10:54:02,748 - INFO - ------- Welcome to EQCCTPro -------
2026-03-28 10:54:02,748 - INFO - 
2026-03-28 10:54:02,749 - INFO - Running EQCCT over Requested MSeed Files using CPU(s)...
2026-03-28 10:54:02,749 - INFO - GPU disabled (CPU-only).
2026-03-28 10:54:02,749 - INFO - Skipping framework-specific initialization in the driver process.
2026-03-28 10:54:04,373 - INFO - Ray Successfully Initialized with 4 CPU(s) ([0, 1, 2, 3] CPU Affinity Binding).
2026-03-28 10:54:04,373 - INFO - Analyzing 1 time chunk(s) from 2025-01-06 11:31:37 to 2025-01-06 11:32:37 (dt=1min, overlap=0min).
2026-03-28 10:54:04,374 - INFO - Using 1 selected station(s).
2026-03-28 10:54:04,374 - INFO - 
2026-03-28 10:54:04,374 - INFO - ------- Starting EQCCTPro... -------
2026-03-28 10:54:04,374 - INFO - Detailed subprocess information can be found in the log file.
2026-03-28 10:54:04,375 - INFO - 
2026-03-28 10:54:04,682 - INFO - GPU disabled (CPU-only).
2026-03-28 10:54:04,687 - INFO - Skipping framework-specific initialization in the driver process.
2026-03-28 10:54:04,690 - INFO - ------- Hardware Configuration -------
2026-03-28 10:54:04,693 - INFO - CPU affinity set to cores: [0, 1, 2, 3]
2026-03-28 10:54:04,696 - INFO - 
2026-03-28 10:54:04,698 - INFO - ------- Data Preprocessing for EQCCTPro -------
2026-03-28 10:54:04,704 - INFO - 1 station(s) in /home/blackwinter/projects/eqcct/eqcctpro/data/waveforms_noise_only/20250106T113137Z_20250106T113237Z
2026-03-28 10:54:04,708 - INFO - Using 1 selected station(s): ['FIC1'].
2026-03-28 10:54:04,712 - INFO - Creating model actor(s)...
2026-03-28 10:54:04,716 - INFO - System RAM: Total=7870 MB, Available=4667 MB
2026-03-28 10:54:04,720 - INFO - Usable RAM budget: 7083 MB (90% of total)
2026-03-28 10:54:04,723 - INFO - ===== MEMORY-AWARE CPU ACTOR POOL =====
2026-03-28 10:54:04,728 - INFO - Requested concurrent tasks: 1
2026-03-28 10:54:04,731 - INFO - Available CPUs: 4
2026-03-28 10:54:04,734 - INFO - Available RAM: 7083 MB
2026-03-28 10:54:04,736 - INFO - RAM per model: 2060 MB
2026-03-28 10:54:04,739 - INFO - Max actors by RAM: 3
2026-03-28 10:54:04,743 - INFO - Creating 1 SeisBenchModelActor(s)
2026-03-28 10:54:04,747 - INFO - Let Ray handle scheduling (taskset already restricts CPU visibility)
2026-03-28 10:54:04,749 - INFO - Creating SeisBenchModelActor 1/1 (2.01GB RAM each)...
2026-03-28 10:54:07,626 - INFO - SeisBenchModelActor 1 created successfully.
2026-03-28 10:54:07,629 - INFO - Created 1 CPU actor(s). Task queue will handle concurrency.
2026-03-28 10:54:07,631 - INFO - Starting EQCCTPro parallelized waveform processing...
2026-03-28 10:54:07,634 - INFO - 
2026-03-28 10:54:07,637 - INFO - ------- Analyzing Seismic Waveforms for P and S Picks via SeisBench (EQTransformer - original_nonconservative) -------
2026-03-28 10:54:07,640 - INFO - Analyzing 0:01:00 minute timechunk from 2025-01-06 11:31:37 to 2025-01-06 11:32:37 (0 min overlap)
2026-03-28 10:54:07,643 - INFO - Processing a total of 1 stations, 1 at a time.
2026-03-28 10:54:09,804 - INFO - (1/1) FIC1: Finished the prediction in 0.13s. (HP=1.0, LP=45.0, picks=0)
2026-03-28 10:54:09,806 - INFO - 
2026-03-28 10:54:09,809 - INFO - ------- Parallel Station Waveform Processing Complete For 2025-01-06 11:31:37 to 2025-01-06 11:32:37 Timechunk-------
2026-03-28 10:54:09,811 - INFO - Picks saved at /home/blackwinter/projects/eqcct/eqcctpro/results/csv/eqt_noise_th0_1/20250106T113137Z_20250106T113237ZProcess Runtime: 2.17 s
2026-03-28 10:54:09,815 - INFO - Successfully ran EQCCTPro, exiting...
2026-03-28 10:54:11,358 - INFO - Ray Successfully Shutdown.
2026-03-28 10:54:11,359 - INFO - ------- Successfully Picked All Waveform(s) from all Timechunk(s) -------
