2026-02-23 21:06:27,507 - INFO - 
2026-02-23 21:06:27,507 - INFO - ------- Welcome to EQCCTPro -------
2026-02-23 21:06:27,507 - INFO - 
2026-02-23 21:06:27,508 - INFO - Running EQCCT over Requested MSeed Files using CPU(s)...
2026-02-23 21:06:27,508 - INFO - GPU disabled (CPU-only).
2026-02-23 21:06:27,508 - INFO - Configured Intra-op threads = 1
2026-02-23 21:06:27,508 - INFO - Configured Inter-op threads = 1
2026-02-23 21:06:27,508 - INFO - TensorFlow: No GPUs visible; TF will proceed on CPU.
2026-02-23 21:06:27,508 - INFO - 
2026-02-23 21:06:33,253 - INFO - Ray Successfully Initialized with 4 CPU(s) ([0, 1, 2, 3] CPU Affinity Binding).
2026-02-23 21:06:33,253 - INFO - Analyzing 1 time chunk(s) from 2025-03-24 21:30:02 to 2025-03-24 21:31:02 (dt=1min, overlap=0min).
2026-02-23 21:06:33,253 - INFO - Using 1 selected station(s).
2026-02-23 21:06:33,253 - INFO - 
2026-02-23 21:06:33,253 - INFO - ------- Starting EQCCTPro... -------
2026-02-23 21:06:33,253 - INFO - Detailed subprocess information can be found in the log file.
2026-02-23 21:06:33,253 - INFO - 
2026-02-23 21:06:33,652 - INFO - GPU disabled (CPU-only).
2026-02-23 21:06:35,166 - INFO - Configured Intra-op threads = 1
2026-02-23 21:06:35,169 - INFO - Configured Inter-op threads = 1
2026-02-23 21:06:35,210 - INFO - TensorFlow: No GPUs visible; TF will proceed on CPU.
2026-02-23 21:06:35,212 - INFO - 
2026-02-23 21:06:35,214 - INFO - ------- Hardware Configuration -------
2026-02-23 21:06:35,217 - INFO - CPU affinity set to cores: [0, 1, 2, 3]
2026-02-23 21:06:35,218 - INFO - 
2026-02-23 21:06:35,221 - INFO - ------- Data Preprocessing for EQCCTPro -------
2026-02-23 21:06:35,222 - INFO - 1 station(s) in /home/blackwinter/projects/eqcct/eqcctpro/data/waveforms_earthquakes_noise_only/20250324T213002Z_20250324T213102Z
2026-02-23 21:06:35,224 - INFO - Using 1 selected station(s): ['FIB2'].
2026-02-23 21:06:35,227 - INFO - Creating model actor(s)...
2026-02-23 21:06:35,229 - INFO - System RAM: Total=7870 MB, Available=3261 MB
2026-02-23 21:06:35,231 - INFO - Usable RAM budget: 7083 MB (90% of total)
2026-02-23 21:06:35,233 - INFO - ===== MEMORY-AWARE CPU ACTOR POOL (EQCCT) =====
2026-02-23 21:06:35,235 - INFO - Requested concurrent tasks: 1
2026-02-23 21:06:35,237 - INFO - Available CPUs: 4
2026-02-23 21:06:35,238 - INFO - Available RAM: 7083 MB
2026-02-23 21:06:35,240 - INFO - RAM per model: 2264 MB
2026-02-23 21:06:35,242 - INFO - Max actors by RAM: 3
2026-02-23 21:06:35,243 - INFO - Creating 1 ModelActor(s)
2026-02-23 21:06:35,245 - INFO - Let Ray handle scheduling (taskset already restricts CPU visibility)
2026-02-23 21:06:35,247 - INFO - Creating ModelActor 1/1 (2.21GB RAM each)...
2026-02-23 21:06:39,222 - INFO - ModelActor 1 created successfully.
2026-02-23 21:06:39,224 - INFO - Created 1 CPU actor(s). Task queue will handle concurrency.
2026-02-23 21:06:39,227 - INFO - Starting EQCCTPro parallelized waveform processing...
2026-02-23 21:06:39,229 - INFO - 
2026-02-23 21:06:39,231 - INFO - ------- Analyzing Seismic Waveforms for P and S Picks via EQCCT -------
2026-02-23 21:06:39,233 - INFO - Analyzing 0:01:00 minute timechunk from 2025-03-24 21:30:02 to 2025-03-24 21:31:02 (0 min overlap)
2026-02-23 21:06:39,235 - INFO - Processing a total of 1 stations, 1 at a time.
2026-02-23 21:06:43,315 - INFO - (1/1) FIB2: Finished the prediction in 2.13s. (HP=1.0, LP=45.0)
2026-02-23 21:06:43,317 - INFO - 
2026-02-23 21:06:43,319 - INFO - ------- Parallel Station Waveform Processing Complete For 2025-03-24 21:30:02 to 2025-03-24 21:31:02 Timechunk-------
2026-02-23 21:06:43,321 - INFO - Picks saved at /home/blackwinter/projects/eqcct/eqcctpro/results/csv/bm_eq_noise_only/20250324T213002Z_20250324T213102ZProcess Runtime: 4.09 s
2026-02-23 21:06:43,324 - INFO - Successfully ran EQCCTPro, exiting...
2026-02-23 21:06:44,957 - INFO - Ray Successfully Shutdown.
2026-02-23 21:06:44,958 - INFO - ------- Successfully Picked All Waveform(s) from all Timechunk(s) -------
