2026-03-28 21:37:59,276 - INFO - 
2026-03-28 21:37:59,276 - INFO - ------- Welcome to EQCCTPro -------
2026-03-28 21:37:59,277 - INFO - 
2026-03-28 21:37:59,277 - INFO - Running EQCCT over Requested MSeed Files using CPU(s)...
2026-03-28 21:37:59,277 - INFO - GPU disabled (CPU-only).
2026-03-29 02:35:28,329 - INFO - 
2026-03-29 02:35:28,330 - INFO - ------- Welcome to EQCCTPro -------
2026-03-29 02:35:28,330 - INFO - 
2026-03-29 02:35:28,331 - INFO - Running EQCCT over Requested MSeed Files using CPU(s)...
2026-03-29 02:35:28,331 - INFO - GPU disabled (CPU-only).
2026-03-29 02:35:28,331 - INFO - Configured Intra-op threads = 1
2026-03-29 02:35:28,332 - INFO - Configured Inter-op threads = 1
2026-03-29 02:35:28,332 - INFO - TensorFlow: No GPUs visible; TF will proceed on CPU.
2026-03-29 02:35:28,332 - INFO - 
2026-03-29 02:35:33,509 - INFO - Ray Successfully Initialized with 4 CPU(s) ([0, 1, 2, 3] CPU Affinity Binding).
2026-03-29 02:35:33,510 - INFO - Analyzing 1 time chunk(s) from 2025-01-15 13:46:49 to 2025-01-15 13:47:49 (dt=1min, overlap=0min).
2026-03-29 02:35:33,510 - INFO - Using 1 selected station(s).
2026-03-29 02:35:33,510 - INFO - 
2026-03-29 02:35:33,510 - INFO - ------- Starting EQCCTPro... -------
2026-03-29 02:35:33,511 - INFO - Detailed subprocess information can be found in the log file.
2026-03-29 02:35:33,511 - INFO - 
2026-03-29 02:35:33,943 - INFO - GPU disabled (CPU-only).
2026-03-29 02:35:35,601 - INFO - Configured Intra-op threads = 1
2026-03-29 02:35:35,604 - INFO - Configured Inter-op threads = 1
2026-03-29 02:35:35,648 - INFO - TensorFlow: No GPUs visible; TF will proceed on CPU.
2026-03-29 02:35:35,651 - INFO - 
2026-03-29 02:35:35,653 - INFO - ------- Hardware Configuration -------
2026-03-29 02:35:35,656 - INFO - CPU affinity set to cores: [0, 1, 2, 3]
2026-03-29 02:35:35,658 - INFO - 
2026-03-29 02:35:35,661 - INFO - ------- Data Preprocessing for EQCCTPro -------
2026-03-29 02:35:35,664 - INFO - 1 station(s) in /home/blackwinter/projects/eqcct/eqcctpro/data/waveforms_explosions_nonoise/20250115T134649Z_20250115T134749Z
2026-03-29 02:35:35,667 - INFO - Using 1 selected station(s): ['KEF'].
2026-03-29 02:35:35,669 - INFO - Creating model actor(s)...
2026-03-29 02:35:35,672 - INFO - System RAM: Total=7870 MB, Available=3186 MB
2026-03-29 02:35:35,674 - INFO - Usable RAM budget: 7083 MB (90% of total)
2026-03-29 02:35:35,677 - INFO - ===== MEMORY-AWARE CPU ACTOR POOL (EQCCT) =====
2026-03-29 02:35:35,679 - INFO - Requested concurrent tasks: 1
2026-03-29 02:35:35,682 - INFO - Available CPUs: 4
2026-03-29 02:35:35,685 - INFO - Available RAM: 7083 MB
2026-03-29 02:35:35,687 - INFO - RAM per model: 2264 MB
2026-03-29 02:35:35,689 - INFO - Max actors by RAM: 3
2026-03-29 02:35:35,691 - INFO - Creating 1 ModelActor(s)
2026-03-29 02:35:35,693 - INFO - Let Ray handle scheduling (taskset already restricts CPU visibility)
2026-03-29 02:35:35,695 - INFO - Creating ModelActor 1/1 (2.21GB RAM each)...
2026-03-29 02:35:40,085 - INFO - ModelActor 1 created successfully.
2026-03-29 02:35:40,088 - INFO - Created 1 CPU actor(s). Task queue will handle concurrency.
2026-03-29 02:35:40,092 - INFO - Starting EQCCTPro parallelized waveform processing...
2026-03-29 02:35:40,094 - INFO - 
2026-03-29 02:35:40,097 - INFO - ------- Analyzing Seismic Waveforms for P and S Picks via EQCCT -------
2026-03-29 02:35:40,100 - INFO - Analyzing 0:01:00 minute timechunk from 2025-01-15 13:46:49 to 2025-01-15 13:47:49 (0 min overlap)
2026-03-29 02:35:40,103 - INFO - Processing a total of 1 stations, 1 at a time.
2026-03-29 02:35:44,654 - INFO - (1/1) KEF: Finished the prediction in 2.46s. (HP=1.0, LP=45.0)
2026-03-29 02:35:44,657 - INFO - 
2026-03-29 02:35:44,660 - INFO - ------- Parallel Station Waveform Processing Complete For 2025-01-15 13:46:49 to 2025-01-15 13:47:49 Timechunk-------
2026-03-29 02:35:44,663 - INFO - Picks saved at /home/blackwinter/projects/eqcct/eqcctpro/results/csv/eqcct_explosions_th0_1/20250115T134649Z_20250115T134749ZProcess Runtime: 4.57 s
2026-03-29 02:35:44,669 - INFO - Successfully ran EQCCTPro, exiting...
2026-03-29 02:35:46,146 - INFO - Ray Successfully Shutdown.
2026-03-29 02:35:46,146 - INFO - ------- Successfully Picked All Waveform(s) from all Timechunk(s) -------
