2026-03-28 16:45:05,390 - INFO - 
2026-03-28 16:45:05,391 - INFO - ------- Welcome to EQCCTPro -------
2026-03-28 16:45:05,391 - INFO - 
2026-03-28 16:45:05,391 - INFO - Running EQCCT over Requested MSeed Files using CPU(s)...
2026-03-28 16:45:05,391 - INFO - GPU disabled (CPU-only).
2026-03-28 16:45:05,392 - INFO - Skipping framework-specific initialization in the driver process.
2026-03-28 16:45:07,871 - INFO - Ray Successfully Initialized with 4 CPU(s) ([0, 1, 2, 3] CPU Affinity Binding).
2026-03-28 16:45:07,871 - INFO - Analyzing 1 time chunk(s) from 2025-01-08 13:34:35 to 2025-01-08 13:35:35 (dt=1min, overlap=0min).
2026-03-28 16:45:07,871 - INFO - Using 1 selected station(s).
2026-03-28 16:45:07,872 - INFO - 
2026-03-28 16:45:07,872 - INFO - ------- Starting EQCCTPro... -------
2026-03-28 16:45:07,872 - INFO - Detailed subprocess information can be found in the log file.
2026-03-28 16:45:07,872 - INFO - 
2026-03-28 16:45:08,198 - INFO - GPU disabled (CPU-only).
2026-03-28 16:45:08,203 - INFO - Skipping framework-specific initialization in the driver process.
2026-03-28 16:45:08,207 - INFO - ------- Hardware Configuration -------
2026-03-28 16:45:08,210 - INFO - CPU affinity set to cores: [0, 1, 2, 3]
2026-03-28 16:45:08,213 - INFO - 
2026-03-28 16:45:08,216 - INFO - ------- Data Preprocessing for EQCCTPro -------
2026-03-28 16:45:08,218 - INFO - 1 station(s) in /home/blackwinter/projects/eqcct/eqcctpro/data/waveforms_explosions_nonoise/20250108T133435Z_20250108T133535Z
2026-03-28 16:45:08,221 - INFO - Using 1 selected station(s): ['ECKF'].
2026-03-28 16:45:08,224 - INFO - Creating model actor(s)...
2026-03-28 16:45:08,228 - INFO - System RAM: Total=7870 MB, Available=4345 MB
2026-03-28 16:45:08,232 - INFO - Usable RAM budget: 7083 MB (90% of total)
2026-03-28 16:45:08,235 - INFO - ===== MEMORY-AWARE CPU ACTOR POOL =====
2026-03-28 16:45:08,239 - INFO - Requested concurrent tasks: 1
2026-03-28 16:45:08,241 - INFO - Available CPUs: 4
2026-03-28 16:45:08,244 - INFO - Available RAM: 7083 MB
2026-03-28 16:45:08,247 - INFO - RAM per model: 2060 MB
2026-03-28 16:45:08,250 - INFO - Max actors by RAM: 3
2026-03-28 16:45:08,253 - INFO - Creating 1 SeisBenchModelActor(s)
2026-03-28 16:45:08,256 - INFO - Let Ray handle scheduling (taskset already restricts CPU visibility)
2026-03-28 16:45:08,260 - INFO - Creating SeisBenchModelActor 1/1 (2.01GB RAM each)...
2026-03-28 16:45:11,193 - INFO - SeisBenchModelActor 1 created successfully.
2026-03-28 16:45:11,196 - INFO - Created 1 CPU actor(s). Task queue will handle concurrency.
2026-03-28 16:45:11,199 - INFO - Starting EQCCTPro parallelized waveform processing...
2026-03-28 16:45:11,202 - INFO - 
2026-03-28 16:45:11,205 - INFO - ------- Analyzing Seismic Waveforms for P and S Picks via SeisBench (EQTransformer - original_nonconservative) -------
2026-03-28 16:45:11,208 - INFO - Analyzing 0:01:00 minute timechunk from 2025-01-08 13:34:35 to 2025-01-08 13:35:35 (0 min overlap)
2026-03-28 16:45:11,212 - INFO - Processing a total of 1 stations, 1 at a time.
2026-03-28 16:45:13,646 - INFO - (1/1) ECKF: Finished the prediction in 0.14s. (HP=1.0, LP=45.0, picks=1)
2026-03-28 16:45:13,649 - INFO - 
2026-03-28 16:45:13,652 - INFO - ------- Parallel Station Waveform Processing Complete For 2025-01-08 13:34:35 to 2025-01-08 13:35:35 Timechunk-------
2026-03-28 16:45:13,655 - INFO - Picks saved at /home/blackwinter/projects/eqcct/eqcctpro/results/csv/eqt_explosions_th0_1/20250108T133435Z_20250108T133535ZProcess Runtime: 2.45 s
2026-03-28 16:45:13,662 - INFO - Successfully ran EQCCTPro, exiting...
2026-03-28 16:45:15,077 - INFO - Ray Successfully Shutdown.
2026-03-28 16:45:15,077 - INFO - ------- Successfully Picked All Waveform(s) from all Timechunk(s) -------
