2026-02-22 17:54:54,548 - INFO - 
2026-02-22 17:54:54,548 - INFO - ------- Welcome to EQCCTPro -------
2026-02-22 17:54:54,548 - INFO - 
2026-02-22 17:54:54,549 - INFO - Running EQCCT over Requested MSeed Files using CPU(s)...
2026-02-22 17:54:54,549 - INFO - GPU disabled (CPU-only).
2026-02-22 17:54:54,549 - INFO - Configured Intra-op threads = 1
2026-02-22 17:54:54,549 - INFO - Configured Inter-op threads = 1
2026-02-22 17:54:54,549 - INFO - TensorFlow: No GPUs visible; TF will proceed on CPU.
2026-02-22 17:54:54,550 - INFO - 
2026-02-22 17:55:00,452 - INFO - Ray Successfully Initialized with 4 CPU(s) ([0, 1, 2, 3] CPU Affinity Binding).
2026-02-22 17:55:00,452 - INFO - Analyzing 1 time chunk(s) from 2025-07-18 11:06:26 to 2025-07-18 11:07:26 (dt=1min, overlap=0min).
2026-02-22 17:55:00,453 - INFO - Using 1 selected station(s).
2026-02-22 17:55:00,453 - INFO - 
2026-02-22 17:55:00,454 - INFO - ------- Starting EQCCTPro... -------
2026-02-22 17:55:00,454 - INFO - Detailed subprocess information can be found in the log file.
2026-02-22 17:55:00,454 - INFO - 
2026-02-22 17:55:00,852 - INFO - GPU disabled (CPU-only).
2026-02-22 17:55:02,390 - INFO - Configured Intra-op threads = 1
2026-02-22 17:55:02,393 - INFO - Configured Inter-op threads = 1
2026-02-22 17:55:02,434 - INFO - TensorFlow: No GPUs visible; TF will proceed on CPU.
2026-02-22 17:55:02,437 - INFO - 
2026-02-22 17:55:02,439 - INFO - ------- Hardware Configuration -------
2026-02-22 17:55:02,442 - INFO - CPU affinity set to cores: [0, 1, 2, 3]
2026-02-22 17:55:02,444 - INFO - 
2026-02-22 17:55:02,446 - INFO - ------- Data Preprocessing for EQCCTPro -------
2026-02-22 17:55:02,448 - INFO - 1 station(s) in /home/blackwinter/projects/eqcct/eqcctpro/data/waveforms_earthquakes_nonoise/20250718T110626Z_20250718T110726Z
2026-02-22 17:55:02,450 - INFO - Using 1 selected station(s): ['OBF0'].
2026-02-22 17:55:02,452 - INFO - Creating model actor(s)...
2026-02-22 17:55:02,454 - INFO - System RAM: Total=7870 MB, Available=2050 MB
2026-02-22 17:55:02,456 - INFO - Usable RAM budget: 7083 MB (90% of total)
2026-02-22 17:55:02,458 - INFO - ===== MEMORY-AWARE CPU ACTOR POOL (EQCCT) =====
2026-02-22 17:55:02,460 - INFO - Requested concurrent tasks: 1
2026-02-22 17:55:02,462 - INFO - Available CPUs: 4
2026-02-22 17:55:02,464 - INFO - Available RAM: 7083 MB
2026-02-22 17:55:02,466 - INFO - RAM per model: 2264 MB
2026-02-22 17:55:02,468 - INFO - Max actors by RAM: 3
2026-02-22 17:55:02,470 - INFO - Creating 1 ModelActor(s)
2026-02-22 17:55:02,473 - INFO - Let Ray handle scheduling (taskset already restricts CPU visibility)
2026-02-22 17:55:02,475 - INFO - Creating ModelActor 1/1 (2.21GB RAM each)...
2026-02-22 17:55:06,424 - INFO - ModelActor 1 created successfully.
2026-02-22 17:55:06,426 - INFO - Created 1 CPU actor(s). Task queue will handle concurrency.
2026-02-22 17:55:06,428 - INFO - Starting EQCCTPro parallelized waveform processing...
2026-02-22 17:55:06,430 - INFO - 
2026-02-22 17:55:06,432 - INFO - ------- Analyzing Seismic Waveforms for P and S Picks via EQCCT -------
2026-02-22 17:55:06,434 - INFO - Analyzing 0:01:00 minute timechunk from 2025-07-18 11:06:26 to 2025-07-18 11:07:26 (0 min overlap)
2026-02-22 17:55:06,437 - INFO - Processing a total of 1 stations, 1 at a time.
2026-02-22 17:55:10,486 - INFO - (1/1) OBF0: Finished the prediction in 2.15s. (HP=1.0, LP=45.0)
2026-02-22 17:55:10,488 - INFO - 
2026-02-22 17:55:10,490 - INFO - ------- Parallel Station Waveform Processing Complete For 2025-07-18 11:06:26 to 2025-07-18 11:07:26 Timechunk-------
2026-02-22 17:55:10,493 - INFO - Picks saved at /home/blackwinter/projects/eqcct/eqcctpro/results/csv/bm_eq_nonoise/20250718T110626Z_20250718T110726ZProcess Runtime: 4.06 s
2026-02-22 17:55:10,498 - INFO - Successfully ran EQCCTPro, exiting...
2026-02-22 17:55:12,192 - INFO - Ray Successfully Shutdown.
2026-02-22 17:55:12,193 - INFO - ------- Successfully Picked All Waveform(s) from all Timechunk(s) -------
