2026-03-20 03:38:13,960 - INFO - 
2026-03-20 03:38:13,960 - INFO - ------- Welcome to EQCCTPro -------
2026-03-20 03:38:13,960 - INFO - 
2026-03-20 03:38:13,961 - INFO - Running EQCCT over Requested MSeed Files using CPU(s)...
2026-03-20 03:38:13,961 - INFO - GPU disabled (CPU-only).
2026-03-20 03:38:13,961 - INFO - Configured Intra-op threads = 1
2026-03-20 03:38:13,962 - INFO - Configured Inter-op threads = 1
2026-03-20 03:38:13,962 - INFO - TensorFlow: No GPUs visible; TF will proceed on CPU.
2026-03-20 03:38:13,962 - INFO - 
2026-03-20 03:38:19,463 - INFO - Ray Successfully Initialized with 4 CPU(s) ([0, 1, 2, 3] CPU Affinity Binding).
2026-03-20 03:38:19,463 - INFO - Analyzing 1 time chunk(s) from 2025-07-25 14:03:58 to 2025-07-25 14:04:58 (dt=1min, overlap=0min).
2026-03-20 03:38:19,464 - INFO - Using 1 selected station(s).
2026-03-20 03:38:19,464 - INFO - 
2026-03-20 03:38:19,464 - INFO - ------- Starting EQCCTPro... -------
2026-03-20 03:38:19,464 - INFO - Detailed subprocess information can be found in the log file.
2026-03-20 03:38:19,464 - INFO - 
2026-03-20 03:38:19,854 - INFO - GPU disabled (CPU-only).
2026-03-20 03:38:21,470 - INFO - Configured Intra-op threads = 1
2026-03-20 03:38:21,472 - INFO - Configured Inter-op threads = 1
2026-03-20 03:38:21,514 - INFO - TensorFlow: No GPUs visible; TF will proceed on CPU.
2026-03-20 03:38:21,516 - INFO - 
2026-03-20 03:38:21,518 - INFO - ------- Hardware Configuration -------
2026-03-20 03:38:21,521 - INFO - CPU affinity set to cores: [0, 1, 2, 3]
2026-03-20 03:38:21,523 - INFO - 
2026-03-20 03:38:21,525 - INFO - ------- Data Preprocessing for EQCCTPro -------
2026-03-20 03:38:21,527 - INFO - 1 station(s) in /home/blackwinter/projects/eqcct/eqcctpro/data/waveforms_earthquakes_nonoise/20250725T140358Z_20250725T140458Z
2026-03-20 03:38:21,529 - INFO - Using 1 selected station(s): ['RAJF'].
2026-03-20 03:38:21,530 - INFO - Creating model actor(s)...
2026-03-20 03:38:21,532 - INFO - System RAM: Total=7870 MB, Available=1432 MB
2026-03-20 03:38:21,534 - INFO - Usable RAM budget: 7083 MB (90% of total)
2026-03-20 03:38:21,536 - INFO - ===== MEMORY-AWARE CPU ACTOR POOL (EQCCT) =====
2026-03-20 03:38:21,537 - INFO - Requested concurrent tasks: 1
2026-03-20 03:38:21,539 - INFO - Available CPUs: 4
2026-03-20 03:38:21,541 - INFO - Available RAM: 7083 MB
2026-03-20 03:38:21,543 - INFO - RAM per model: 2264 MB
2026-03-20 03:38:21,545 - INFO - Max actors by RAM: 3
2026-03-20 03:38:21,548 - INFO - Creating 1 ModelActor(s)
2026-03-20 03:38:21,550 - INFO - Let Ray handle scheduling (taskset already restricts CPU visibility)
2026-03-20 03:38:21,552 - INFO - Creating ModelActor 1/1 (2.21GB RAM each)...
2026-03-20 03:38:25,499 - INFO - ModelActor 1 created successfully.
2026-03-20 03:38:25,502 - INFO - Created 1 CPU actor(s). Task queue will handle concurrency.
2026-03-20 03:38:25,504 - INFO - Starting EQCCTPro parallelized waveform processing...
2026-03-20 03:38:25,506 - INFO - 
2026-03-20 03:38:25,508 - INFO - ------- Analyzing Seismic Waveforms for P and S Picks via EQCCT -------
2026-03-20 03:38:25,511 - INFO - Analyzing 0:01:00 minute timechunk from 2025-07-25 14:03:58 to 2025-07-25 14:04:58 (0 min overlap)
2026-03-20 03:38:25,513 - INFO - Processing a total of 1 stations, 1 at a time.
2026-03-20 03:38:29,615 - INFO - (1/1) RAJF: Finished the prediction in 2.17s. (HP=1.0, LP=45.0)
2026-03-20 03:38:29,617 - INFO - 
2026-03-20 03:38:29,619 - INFO - ------- Parallel Station Waveform Processing Complete For 2025-07-25 14:03:58 to 2025-07-25 14:04:58 Timechunk-------
2026-03-20 03:38:29,621 - INFO - Picks saved at /home/blackwinter/projects/eqcct/eqcctpro/results/csv/eqcct_earthquakes_th0_1/20250725T140358Z_20250725T140458ZProcess Runtime: 4.11 s
2026-03-20 03:38:29,624 - INFO - Successfully ran EQCCTPro, exiting...
2026-03-20 03:38:31,090 - INFO - Ray Successfully Shutdown.
2026-03-20 03:38:31,090 - INFO - ------- Successfully Picked All Waveform(s) from all Timechunk(s) -------
