2026-03-28 21:02:25,058 - INFO - 
2026-03-28 21:02:25,058 - INFO - ------- Welcome to EQCCTPro -------
2026-03-28 21:02:25,058 - INFO - 
2026-03-28 21:02:25,059 - INFO - Running EQCCT over Requested MSeed Files using CPU(s)...
2026-03-28 21:02:25,059 - INFO - GPU disabled (CPU-only).
2026-03-28 21:02:25,059 - INFO - Skipping framework-specific initialization in the driver process.
2026-03-28 21:02:27,673 - INFO - Ray Successfully Initialized with 4 CPU(s) ([0, 1, 2, 3] CPU Affinity Binding).
2026-03-28 21:02:27,673 - INFO - Analyzing 1 time chunk(s) from 2025-01-24 11:38:52 to 2025-01-24 11:39:52 (dt=1min, overlap=0min).
2026-03-28 21:02:27,673 - INFO - Using 2 selected station(s).
2026-03-28 21:02:27,673 - INFO - 
2026-03-28 21:02:27,674 - INFO - ------- Starting EQCCTPro... -------
2026-03-28 21:02:27,674 - INFO - Detailed subprocess information can be found in the log file.
2026-03-28 21:02:27,674 - INFO - 
2026-03-28 21:02:28,010 - INFO - GPU disabled (CPU-only).
2026-03-28 21:02:28,015 - INFO - Skipping framework-specific initialization in the driver process.
2026-03-28 21:02:28,018 - INFO - ------- Hardware Configuration -------
2026-03-28 21:02:28,021 - INFO - CPU affinity set to cores: [0, 1, 2, 3]
2026-03-28 21:02:28,024 - INFO - 
2026-03-28 21:02:28,026 - INFO - ------- Data Preprocessing for EQCCTPro -------
2026-03-28 21:02:28,029 - INFO - 2 station(s) in /home/blackwinter/projects/eqcct/eqcctpro/data/waveforms_explosions_nonoise/20250124T113852Z_20250124T113952Z
2026-03-28 21:02:28,031 - INFO - Using 2 selected station(s): ['KY17', 'TRE03'].
2026-03-28 21:02:28,034 - INFO - Creating model actor(s)...
2026-03-28 21:02:28,037 - INFO - System RAM: Total=7870 MB, Available=4106 MB
2026-03-28 21:02:28,040 - INFO - Usable RAM budget: 7083 MB (90% of total)
2026-03-28 21:02:28,043 - INFO - ===== MEMORY-AWARE CPU ACTOR POOL =====
2026-03-28 21:02:28,047 - INFO - Requested concurrent tasks: 1
2026-03-28 21:02:28,050 - INFO - Available CPUs: 4
2026-03-28 21:02:28,053 - INFO - Available RAM: 7083 MB
2026-03-28 21:02:28,056 - INFO - RAM per model: 2060 MB
2026-03-28 21:02:28,058 - INFO - Max actors by RAM: 3
2026-03-28 21:02:28,060 - INFO - Creating 1 SeisBenchModelActor(s)
2026-03-28 21:02:28,063 - INFO - Let Ray handle scheduling (taskset already restricts CPU visibility)
2026-03-28 21:02:28,067 - INFO - Creating SeisBenchModelActor 1/1 (2.01GB RAM each)...
2026-03-28 21:02:31,369 - INFO - SeisBenchModelActor 1 created successfully.
2026-03-28 21:02:31,373 - INFO - Created 1 CPU actor(s). Task queue will handle concurrency.
2026-03-28 21:02:31,375 - INFO - Starting EQCCTPro parallelized waveform processing...
2026-03-28 21:02:31,378 - INFO - 
2026-03-28 21:02:31,381 - INFO - ------- Analyzing Seismic Waveforms for P and S Picks via SeisBench (EQTransformer - original_nonconservative) -------
2026-03-28 21:02:31,386 - INFO - Analyzing 0:01:00 minute timechunk from 2025-01-24 11:38:52 to 2025-01-24 11:39:52 (0 min overlap)
2026-03-28 21:02:31,389 - INFO - Processing a total of 2 stations, 1 at a time.
2026-03-28 21:02:33,775 - INFO - (1/2) KY17: Finished the prediction in 0.17s. (HP=1.0, LP=45.0, picks=2)
2026-03-28 21:02:33,852 - INFO - (2/2) TRE03: Finished the prediction in 0.07s. (HP=1.0, LP=45.0, picks=2)
2026-03-28 21:02:33,855 - INFO - 
2026-03-28 21:02:33,858 - INFO - ------- Parallel Station Waveform Processing Complete For 2025-01-24 11:38:52 to 2025-01-24 11:39:52 Timechunk-------
2026-03-28 21:02:33,861 - INFO - Picks saved at /home/blackwinter/projects/eqcct/eqcctpro/results/csv/eqt_explosions_th0_1/20250124T113852Z_20250124T113952ZProcess Runtime: 2.48 s
2026-03-28 21:02:33,871 - INFO - Successfully ran EQCCTPro, exiting...
2026-03-28 21:02:35,561 - INFO - Ray Successfully Shutdown.
2026-03-28 21:02:35,562 - INFO - ------- Successfully Picked All Waveform(s) from all Timechunk(s) -------
