2026-02-27 11:04:23,728 - INFO - 
2026-02-27 11:04:23,728 - INFO - ------- Welcome to EQCCTPro -------
2026-02-27 11:04:23,728 - INFO - 
2026-02-27 11:04:23,729 - INFO - Running EQCCT over Requested MSeed Files using CPU(s)...
2026-02-27 11:04:23,729 - INFO - GPU disabled (CPU-only).
2026-02-27 11:04:23,729 - INFO - Configured Intra-op threads = 1
2026-02-27 11:04:23,729 - INFO - Configured Inter-op threads = 1
2026-02-27 11:04:23,730 - INFO - TensorFlow: No GPUs visible; TF will proceed on CPU.
2026-02-27 11:04:23,730 - INFO - 
2026-02-27 11:04:29,060 - INFO - Ray Successfully Initialized with 4 CPU(s) ([0, 1, 2, 3] CPU Affinity Binding).
2026-02-27 11:04:29,060 - INFO - Analyzing 1 time chunk(s) from 2025-01-21 12:14:30 to 2025-01-21 12:15:30 (dt=1min, overlap=0min).
2026-02-27 11:04:29,061 - INFO - Using 2 selected station(s).
2026-02-27 11:04:29,061 - INFO - 
2026-02-27 11:04:29,061 - INFO - ------- Starting EQCCTPro... -------
2026-02-27 11:04:29,061 - INFO - Detailed subprocess information can be found in the log file.
2026-02-27 11:04:29,061 - INFO - 
2026-02-27 11:04:29,436 - INFO - GPU disabled (CPU-only).
2026-02-27 11:04:30,933 - INFO - Configured Intra-op threads = 1
2026-02-27 11:04:30,935 - INFO - Configured Inter-op threads = 1
2026-02-27 11:04:30,973 - INFO - TensorFlow: No GPUs visible; TF will proceed on CPU.
2026-02-27 11:04:30,976 - INFO - 
2026-02-27 11:04:30,977 - INFO - ------- Hardware Configuration -------
2026-02-27 11:04:30,979 - INFO - CPU affinity set to cores: [0, 1, 2, 3]
2026-02-27 11:04:30,981 - INFO - 
2026-02-27 11:04:30,983 - INFO - ------- Data Preprocessing for EQCCTPro -------
2026-02-27 11:04:30,984 - INFO - 2 station(s) in /home/blackwinter/projects/eqcct/eqcctpro/data/waveforms_explosions_nonoise/20250121T121430Z_20250121T121530Z
2026-02-27 11:04:30,986 - INFO - Using 2 selected station(s): ['KEF', 'NUR'].
2026-02-27 11:04:30,987 - INFO - Creating model actor(s)...
2026-02-27 11:04:30,990 - INFO - System RAM: Total=7870 MB, Available=2424 MB
2026-02-27 11:04:30,991 - INFO - Usable RAM budget: 7083 MB (90% of total)
2026-02-27 11:04:30,993 - INFO - ===== MEMORY-AWARE CPU ACTOR POOL (EQCCT) =====
2026-02-27 11:04:30,995 - INFO - Requested concurrent tasks: 1
2026-02-27 11:04:30,997 - INFO - Available CPUs: 4
2026-02-27 11:04:31,000 - INFO - Available RAM: 7083 MB
2026-02-27 11:04:31,001 - INFO - RAM per model: 2264 MB
2026-02-27 11:04:31,003 - INFO - Max actors by RAM: 3
2026-02-27 11:04:31,005 - INFO - Creating 1 ModelActor(s)
2026-02-27 11:04:31,007 - INFO - Let Ray handle scheduling (taskset already restricts CPU visibility)
2026-02-27 11:04:31,008 - INFO - Creating ModelActor 1/1 (2.21GB RAM each)...
2026-02-27 11:04:34,928 - INFO - ModelActor 1 created successfully.
2026-02-27 11:04:34,930 - INFO - Created 1 CPU actor(s). Task queue will handle concurrency.
2026-02-27 11:04:34,932 - INFO - Starting EQCCTPro parallelized waveform processing...
2026-02-27 11:04:34,934 - INFO - 
2026-02-27 11:04:34,936 - INFO - ------- Analyzing Seismic Waveforms for P and S Picks via EQCCT -------
2026-02-27 11:04:34,938 - INFO - Analyzing 0:01:00 minute timechunk from 2025-01-21 12:14:30 to 2025-01-21 12:15:30 (0 min overlap)
2026-02-27 11:04:34,940 - INFO - Processing a total of 2 stations, 1 at a time.
2026-02-27 11:04:38,932 - INFO - (1/2) KEF: Finished the prediction in 2.13s. (HP=1.0, LP=45.0)
2026-02-27 11:04:39,038 - INFO - (2/2) NUR: Finished the prediction in 0.1s. (HP=1.0, LP=45.0)
2026-02-27 11:04:39,041 - INFO - 
2026-02-27 11:04:39,043 - INFO - ------- Parallel Station Waveform Processing Complete For 2025-01-21 12:14:30 to 2025-01-21 12:15:30 Timechunk-------
2026-02-27 11:04:39,045 - INFO - Picks saved at /home/blackwinter/projects/eqcct/eqcctpro/results/csv/bm_explosions/20250121T121430Z_20250121T121530ZProcess Runtime: 4.11 s
2026-02-27 11:04:39,049 - INFO - Successfully ran EQCCTPro, exiting...
2026-02-27 11:04:40,554 - INFO - Ray Successfully Shutdown.
2026-02-27 11:04:40,554 - INFO - ------- Successfully Picked All Waveform(s) from all Timechunk(s) -------
