2026-02-26 22:29:46,531 - INFO - 
2026-02-26 22:29:46,531 - INFO - ------- Welcome to EQCCTPro -------
2026-02-26 22:29:46,531 - INFO - 
2026-02-26 22:29:46,532 - INFO - Running EQCCT over Requested MSeed Files using CPU(s)...
2026-02-26 22:29:46,532 - INFO - GPU disabled (CPU-only).
2026-02-26 22:29:46,532 - INFO - Configured Intra-op threads = 1
2026-02-26 22:29:46,532 - INFO - Configured Inter-op threads = 1
2026-02-26 22:29:46,533 - INFO - TensorFlow: No GPUs visible; TF will proceed on CPU.
2026-02-26 22:29:46,533 - INFO - 
2026-02-26 22:29:52,079 - INFO - Ray Successfully Initialized with 4 CPU(s) ([0, 1, 2, 3] CPU Affinity Binding).
2026-02-26 22:29:52,079 - INFO - Analyzing 1 time chunk(s) from 2025-01-05 20:14:47 to 2025-01-05 20:15:47 (dt=1min, overlap=0min).
2026-02-26 22:29:52,079 - INFO - Using 1 selected station(s).
2026-02-26 22:29:52,080 - INFO - 
2026-02-26 22:29:52,080 - INFO - ------- Starting EQCCTPro... -------
2026-02-26 22:29:52,080 - INFO - Detailed subprocess information can be found in the log file.
2026-02-26 22:29:52,080 - INFO - 
2026-02-26 22:29:52,464 - INFO - GPU disabled (CPU-only).
2026-02-26 22:29:54,086 - INFO - Configured Intra-op threads = 1
2026-02-26 22:29:54,090 - INFO - Configured Inter-op threads = 1
2026-02-26 22:29:54,132 - INFO - TensorFlow: No GPUs visible; TF will proceed on CPU.
2026-02-26 22:29:54,135 - INFO - 
2026-02-26 22:29:54,137 - INFO - ------- Hardware Configuration -------
2026-02-26 22:29:54,140 - INFO - CPU affinity set to cores: [0, 1, 2, 3]
2026-02-26 22:29:54,142 - INFO - 
2026-02-26 22:29:54,144 - INFO - ------- Data Preprocessing for EQCCTPro -------
2026-02-26 22:29:54,146 - INFO - 1 station(s) in /home/blackwinter/projects/eqcct/eqcctpro/data/waveforms_explosions_nonoise/20250105T201447Z_20250105T201547Z
2026-02-26 22:29:54,148 - INFO - Using 1 selected station(s): ['OLKF'].
2026-02-26 22:29:54,149 - INFO - Creating model actor(s)...
2026-02-26 22:29:54,151 - INFO - System RAM: Total=7870 MB, Available=3952 MB
2026-02-26 22:29:54,153 - INFO - Usable RAM budget: 7083 MB (90% of total)
2026-02-26 22:29:54,155 - INFO - ===== MEMORY-AWARE CPU ACTOR POOL (EQCCT) =====
2026-02-26 22:29:54,157 - INFO - Requested concurrent tasks: 1
2026-02-26 22:29:54,159 - INFO - Available CPUs: 4
2026-02-26 22:29:54,160 - INFO - Available RAM: 7083 MB
2026-02-26 22:29:54,162 - INFO - RAM per model: 2264 MB
2026-02-26 22:29:54,164 - INFO - Max actors by RAM: 3
2026-02-26 22:29:54,166 - INFO - Creating 1 ModelActor(s)
2026-02-26 22:29:54,168 - INFO - Let Ray handle scheduling (taskset already restricts CPU visibility)
2026-02-26 22:29:54,169 - INFO - Creating ModelActor 1/1 (2.21GB RAM each)...
2026-02-26 22:29:58,038 - INFO - ModelActor 1 created successfully.
2026-02-26 22:29:58,040 - INFO - Created 1 CPU actor(s). Task queue will handle concurrency.
2026-02-26 22:29:58,042 - INFO - Starting EQCCTPro parallelized waveform processing...
2026-02-26 22:29:58,044 - INFO - 
2026-02-26 22:29:58,045 - INFO - ------- Analyzing Seismic Waveforms for P and S Picks via EQCCT -------
2026-02-26 22:29:58,048 - INFO - Analyzing 0:01:00 minute timechunk from 2025-01-05 20:14:47 to 2025-01-05 20:15:47 (0 min overlap)
2026-02-26 22:29:58,049 - INFO - Processing a total of 1 stations, 1 at a time.
2026-02-26 22:30:02,077 - INFO - (1/1) OLKF: Finished the prediction in 2.15s. (HP=1.0, LP=45.0)
2026-02-26 22:30:02,079 - INFO - 
2026-02-26 22:30:02,082 - INFO - ------- Parallel Station Waveform Processing Complete For 2025-01-05 20:14:47 to 2025-01-05 20:15:47 Timechunk-------
2026-02-26 22:30:02,084 - INFO - Picks saved at /home/blackwinter/projects/eqcct/eqcctpro/results/csv/bm_explosions/20250105T201447Z_20250105T201547ZProcess Runtime: 4.04 s
2026-02-26 22:30:02,089 - INFO - Successfully ran EQCCTPro, exiting...
2026-02-26 22:30:03,440 - INFO - Ray Successfully Shutdown.
2026-02-26 22:30:03,441 - INFO - ------- Successfully Picked All Waveform(s) from all Timechunk(s) -------
2026-02-27 06:00:08,670 - INFO - 
2026-02-27 06:00:08,676 - INFO - ------- Welcome to EQCCTPro -------
2026-02-27 06:00:08,676 - INFO - 
2026-02-27 06:00:08,677 - INFO - Running EQCCT over Requested MSeed Files using CPU(s)...
2026-02-27 06:00:08,677 - INFO - GPU disabled (CPU-only).
2026-02-27 06:00:08,678 - INFO - Configured Intra-op threads = 1
2026-02-27 06:00:08,678 - INFO - Configured Inter-op threads = 1
2026-02-27 06:00:08,678 - INFO - TensorFlow: No GPUs visible; TF will proceed on CPU.
2026-02-27 06:00:08,678 - INFO - 
2026-02-27 06:00:13,773 - INFO - Ray Successfully Initialized with 4 CPU(s) ([0, 1, 2, 3] CPU Affinity Binding).
2026-02-27 06:00:13,774 - INFO - Analyzing 1 time chunk(s) from 2025-01-05 20:14:47 to 2025-01-05 20:15:47 (dt=1min, overlap=0min).
2026-02-27 06:00:13,774 - INFO - Using 1 selected station(s).
2026-02-27 06:00:13,774 - INFO - 
2026-02-27 06:00:13,774 - INFO - ------- Starting EQCCTPro... -------
2026-02-27 06:00:13,774 - INFO - Detailed subprocess information can be found in the log file.
2026-02-27 06:00:13,774 - INFO - 
2026-02-27 06:00:14,156 - INFO - GPU disabled (CPU-only).
2026-02-27 06:00:15,705 - INFO - Configured Intra-op threads = 1
2026-02-27 06:00:15,708 - INFO - Configured Inter-op threads = 1
2026-02-27 06:00:15,751 - INFO - TensorFlow: No GPUs visible; TF will proceed on CPU.
2026-02-27 06:00:15,753 - INFO - 
2026-02-27 06:00:15,755 - INFO - ------- Hardware Configuration -------
2026-02-27 06:00:15,758 - INFO - CPU affinity set to cores: [0, 1, 2, 3]
2026-02-27 06:00:15,759 - INFO - 
2026-02-27 06:00:15,761 - INFO - ------- Data Preprocessing for EQCCTPro -------
2026-02-27 06:00:15,763 - INFO - 1 station(s) in /home/blackwinter/projects/eqcct/eqcctpro/data/waveforms_explosions_nonoise/20250105T201447Z_20250105T201547Z
2026-02-27 06:00:15,765 - INFO - Using 1 selected station(s): ['OLKF'].
2026-02-27 06:00:15,767 - INFO - Creating model actor(s)...
2026-02-27 06:00:15,769 - INFO - System RAM: Total=7870 MB, Available=4019 MB
2026-02-27 06:00:15,770 - INFO - Usable RAM budget: 7083 MB (90% of total)
2026-02-27 06:00:15,772 - INFO - ===== MEMORY-AWARE CPU ACTOR POOL (EQCCT) =====
2026-02-27 06:00:15,774 - INFO - Requested concurrent tasks: 1
2026-02-27 06:00:15,776 - INFO - Available CPUs: 4
2026-02-27 06:00:15,778 - INFO - Available RAM: 7083 MB
2026-02-27 06:00:15,779 - INFO - RAM per model: 2264 MB
2026-02-27 06:00:15,781 - INFO - Max actors by RAM: 3
2026-02-27 06:00:15,783 - INFO - Creating 1 ModelActor(s)
2026-02-27 06:00:15,785 - INFO - Let Ray handle scheduling (taskset already restricts CPU visibility)
2026-02-27 06:00:15,788 - INFO - Creating ModelActor 1/1 (2.21GB RAM each)...
2026-02-27 06:00:19,703 - INFO - ModelActor 1 created successfully.
2026-02-27 06:00:19,706 - INFO - Created 1 CPU actor(s). Task queue will handle concurrency.
2026-02-27 06:00:19,708 - INFO - Starting EQCCTPro parallelized waveform processing...
2026-02-27 06:00:19,711 - INFO - 
2026-02-27 06:00:19,713 - INFO - ------- Analyzing Seismic Waveforms for P and S Picks via EQCCT -------
2026-02-27 06:00:19,716 - INFO - Analyzing 0:01:00 minute timechunk from 2025-01-05 20:14:47 to 2025-01-05 20:15:47 (0 min overlap)
2026-02-27 06:00:19,717 - INFO - Processing a total of 1 stations, 1 at a time.
2026-02-27 06:00:21,658 - INFO - (1/1) OLKF: Skipped (already exists - overwrite=False).
2026-02-27 06:00:21,662 - INFO - 
2026-02-27 06:00:21,664 - INFO - ------- Parallel Station Waveform Processing Complete For 2025-01-05 20:14:47 to 2025-01-05 20:15:47 Timechunk-------
2026-02-27 06:00:21,666 - INFO - Picks saved at /home/blackwinter/projects/eqcct/eqcctpro/results/csv/bm_explosions/20250105T201447Z_20250105T201547ZProcess Runtime: 1.95 s
2026-02-27 06:00:21,670 - INFO - Successfully ran EQCCTPro, exiting...
2026-02-27 06:00:23,304 - INFO - Ray Successfully Shutdown.
2026-02-27 06:00:23,304 - INFO - ------- Successfully Picked All Waveform(s) from all Timechunk(s) -------
