2026-03-27 19:53:15,839 - INFO - 
2026-03-27 19:53:15,839 - INFO - ------- Welcome to EQCCTPro -------
2026-03-27 19:53:15,839 - INFO - 
2026-03-27 19:53:15,840 - INFO - Running EQCCT over Requested MSeed Files using CPU(s)...
2026-03-27 19:53:15,840 - INFO - GPU disabled (CPU-only).
2026-03-27 19:53:15,840 - INFO - Skipping framework-specific initialization in the driver process.
2026-03-27 19:53:18,223 - INFO - Ray Successfully Initialized with 4 CPU(s) ([0, 1, 2, 3] CPU Affinity Binding).
2026-03-27 19:53:18,223 - INFO - Analyzing 1 time chunk(s) from 2025-07-27 01:58:37 to 2025-07-27 01:59:37 (dt=1min, overlap=0min).
2026-03-27 19:53:18,223 - INFO - Using 1 selected station(s).
2026-03-27 19:53:18,223 - INFO - 
2026-03-27 19:53:18,223 - INFO - ------- Starting EQCCTPro... -------
2026-03-27 19:53:18,223 - INFO - Detailed subprocess information can be found in the log file.
2026-03-27 19:53:18,223 - INFO - 
2026-03-27 19:53:18,491 - INFO - GPU disabled (CPU-only).
2026-03-27 19:53:18,495 - INFO - Skipping framework-specific initialization in the driver process.
2026-03-27 19:53:18,498 - INFO - ------- Hardware Configuration -------
2026-03-27 19:53:18,501 - INFO - CPU affinity set to cores: [0, 1, 2, 3]
2026-03-27 19:53:18,503 - INFO - 
2026-03-27 19:53:18,506 - INFO - ------- Data Preprocessing for EQCCTPro -------
2026-03-27 19:53:18,509 - INFO - 1 station(s) in /home/blackwinter/projects/eqcct/eqcctpro/data/waveforms_earthquakes_nonoise/20250727T015837Z_20250727T015937Z
2026-03-27 19:53:18,511 - INFO - Using 1 selected station(s): ['KEF'].
2026-03-27 19:53:18,514 - INFO - Creating model actor(s)...
2026-03-27 19:53:18,516 - INFO - System RAM: Total=7870 MB, Available=5956 MB
2026-03-27 19:53:18,519 - INFO - Usable RAM budget: 7083 MB (90% of total)
2026-03-27 19:53:18,521 - INFO - ===== MEMORY-AWARE CPU ACTOR POOL =====
2026-03-27 19:53:18,524 - INFO - Requested concurrent tasks: 1
2026-03-27 19:53:18,526 - INFO - Available CPUs: 4
2026-03-27 19:53:18,529 - INFO - Available RAM: 7083 MB
2026-03-27 19:53:18,531 - INFO - RAM per model: 2060 MB
2026-03-27 19:53:18,534 - INFO - Max actors by RAM: 3
2026-03-27 19:53:18,536 - INFO - Creating 1 SeisBenchModelActor(s)
2026-03-27 19:53:18,539 - INFO - Let Ray handle scheduling (taskset already restricts CPU visibility)
2026-03-27 19:53:18,541 - INFO - Creating SeisBenchModelActor 1/1 (2.01GB RAM each)...
2026-03-27 19:53:21,644 - INFO - SeisBenchModelActor 1 created successfully.
2026-03-27 19:53:21,646 - INFO - Created 1 CPU actor(s). Task queue will handle concurrency.
2026-03-27 19:53:21,649 - INFO - Starting EQCCTPro parallelized waveform processing...
2026-03-27 19:53:21,651 - INFO - 
2026-03-27 19:53:21,653 - INFO - ------- Analyzing Seismic Waveforms for P and S Picks via SeisBench (EQTransformer - original_nonconservative) -------
2026-03-27 19:53:21,655 - INFO - Analyzing 0:01:00 minute timechunk from 2025-07-27 01:58:37 to 2025-07-27 01:59:37 (0 min overlap)
2026-03-27 19:53:21,657 - INFO - Processing a total of 1 stations, 1 at a time.
2026-03-27 19:53:23,845 - INFO - (1/1) KEF: Finished the prediction in 0.13s. (HP=1.0, LP=45.0, picks=0)
2026-03-27 19:53:23,847 - INFO - 
2026-03-27 19:53:23,850 - INFO - ------- Parallel Station Waveform Processing Complete For 2025-07-27 01:58:37 to 2025-07-27 01:59:37 Timechunk-------
2026-03-27 19:53:23,853 - INFO - Picks saved at /home/blackwinter/projects/eqcct/eqcctpro/results/csv/eqt_earthquakes_th0_1/20250727T015837Z_20250727T015937ZProcess Runtime: 2.20 s
2026-03-27 19:53:23,858 - INFO - Successfully ran EQCCTPro, exiting...
2026-03-27 19:53:25,528 - INFO - Ray Successfully Shutdown.
2026-03-27 19:53:25,528 - INFO - ------- Successfully Picked All Waveform(s) from all Timechunk(s) -------
2026-03-28 02:19:52,715 - INFO - 
2026-03-28 02:19:52,716 - INFO - ------- Welcome to EQCCTPro -------
2026-03-28 02:19:52,716 - INFO - 
2026-03-28 02:19:52,716 - INFO - Running EQCCT over Requested MSeed Files using CPU(s)...
2026-03-28 02:19:52,717 - INFO - GPU disabled (CPU-only).
2026-03-28 02:19:52,717 - INFO - Skipping framework-specific initialization in the driver process.
2026-03-28 02:19:55,118 - INFO - Ray Successfully Initialized with 4 CPU(s) ([0, 1, 2, 3] CPU Affinity Binding).
2026-03-28 02:19:55,119 - INFO - Analyzing 1 time chunk(s) from 2025-07-27 01:58:37 to 2025-07-27 01:59:37 (dt=1min, overlap=0min).
2026-03-28 02:19:55,120 - INFO - Using 1 selected station(s).
2026-03-28 02:19:55,120 - INFO - 
2026-03-28 02:19:55,120 - INFO - ------- Starting EQCCTPro... -------
2026-03-28 02:19:55,120 - INFO - Detailed subprocess information can be found in the log file.
2026-03-28 02:19:55,121 - INFO - 
2026-03-28 02:19:55,499 - INFO - GPU disabled (CPU-only).
2026-03-28 02:19:55,506 - INFO - Skipping framework-specific initialization in the driver process.
2026-03-28 02:19:55,510 - INFO - ------- Hardware Configuration -------
2026-03-28 02:19:55,513 - INFO - CPU affinity set to cores: [0, 1, 2, 3]
2026-03-28 02:19:55,517 - INFO - 
2026-03-28 02:19:55,520 - INFO - ------- Data Preprocessing for EQCCTPro -------
2026-03-28 02:19:55,524 - INFO - 1 station(s) in /home/blackwinter/projects/eqcct/eqcctpro/data/waveforms_earthquakes_nonoise/20250727T015837Z_20250727T015937Z
2026-03-28 02:19:55,527 - INFO - Using 1 selected station(s): ['KEF'].
2026-03-28 02:19:55,531 - INFO - Creating model actor(s)...
2026-03-28 02:19:55,535 - INFO - System RAM: Total=7870 MB, Available=5752 MB
2026-03-28 02:19:55,538 - INFO - Usable RAM budget: 7083 MB (90% of total)
2026-03-28 02:19:55,542 - INFO - ===== MEMORY-AWARE CPU ACTOR POOL =====
2026-03-28 02:19:55,544 - INFO - Requested concurrent tasks: 1
2026-03-28 02:19:55,548 - INFO - Available CPUs: 4
2026-03-28 02:19:55,552 - INFO - Available RAM: 7083 MB
2026-03-28 02:19:55,555 - INFO - RAM per model: 2060 MB
2026-03-28 02:19:55,557 - INFO - Max actors by RAM: 3
2026-03-28 02:19:55,560 - INFO - Creating 1 SeisBenchModelActor(s)
2026-03-28 02:19:55,563 - INFO - Let Ray handle scheduling (taskset already restricts CPU visibility)
2026-03-28 02:19:55,566 - INFO - Creating SeisBenchModelActor 1/1 (2.01GB RAM each)...
2026-03-28 02:19:58,464 - INFO - SeisBenchModelActor 1 created successfully.
2026-03-28 02:19:58,467 - INFO - Created 1 CPU actor(s). Task queue will handle concurrency.
2026-03-28 02:19:58,470 - INFO - Starting EQCCTPro parallelized waveform processing...
2026-03-28 02:19:58,472 - INFO - 
2026-03-28 02:19:58,474 - INFO - ------- Analyzing Seismic Waveforms for P and S Picks via SeisBench (EQTransformer - original_nonconservative) -------
2026-03-28 02:19:58,477 - INFO - Analyzing 0:01:00 minute timechunk from 2025-07-27 01:58:37 to 2025-07-27 01:59:37 (0 min overlap)
2026-03-28 02:19:58,481 - INFO - Processing a total of 1 stations, 1 at a time.
2026-03-28 02:20:00,568 - INFO - (1/1) KEF: Skipped (already exists - overwrite=False).
2026-03-28 02:20:00,570 - INFO - 
2026-03-28 02:20:00,573 - INFO - ------- Parallel Station Waveform Processing Complete For 2025-07-27 01:58:37 to 2025-07-27 01:59:37 Timechunk-------
2026-03-28 02:20:00,575 - INFO - Picks saved at /home/blackwinter/projects/eqcct/eqcctpro/results/csv/eqt_earthquakes_th0_1/20250727T015837Z_20250727T015937ZProcess Runtime: 2.10 s
2026-03-28 02:20:00,580 - INFO - Successfully ran EQCCTPro, exiting...
2026-03-28 02:20:02,319 - INFO - Ray Successfully Shutdown.
2026-03-28 02:20:02,319 - INFO - ------- Successfully Picked All Waveform(s) from all Timechunk(s) -------
