2026-03-27 17:56:15,160 - INFO - 
2026-03-27 17:56:15,160 - INFO - ------- Welcome to EQCCTPro -------
2026-03-27 17:56:15,160 - INFO - 
2026-03-27 17:56:15,161 - INFO - Running EQCCT over Requested MSeed Files using CPU(s)...
2026-03-27 17:56:15,161 - INFO - GPU disabled (CPU-only).
2026-03-27 17:56:15,161 - INFO - Skipping framework-specific initialization in the driver process.
2026-03-27 17:56:17,503 - INFO - Ray Successfully Initialized with 4 CPU(s) ([0, 1, 2, 3] CPU Affinity Binding).
2026-03-27 17:56:17,504 - INFO - Analyzing 1 time chunk(s) from 2025-03-08 14:36:40 to 2025-03-08 14:37:40 (dt=1min, overlap=0min).
2026-03-27 17:56:17,504 - INFO - Using 1 selected station(s).
2026-03-27 17:56:17,504 - INFO - 
2026-03-27 17:56:17,504 - INFO - ------- Starting EQCCTPro... -------
2026-03-27 17:56:17,504 - INFO - Detailed subprocess information can be found in the log file.
2026-03-27 17:56:17,504 - INFO - 
2026-03-27 17:56:17,768 - INFO - GPU disabled (CPU-only).
2026-03-27 17:56:17,772 - INFO - Skipping framework-specific initialization in the driver process.
2026-03-27 17:56:17,775 - INFO - ------- Hardware Configuration -------
2026-03-27 17:56:17,778 - INFO - CPU affinity set to cores: [0, 1, 2, 3]
2026-03-27 17:56:17,781 - INFO - 
2026-03-27 17:56:17,783 - INFO - ------- Data Preprocessing for EQCCTPro -------
2026-03-27 17:56:17,785 - INFO - 1 station(s) in /home/blackwinter/projects/eqcct/eqcctpro/data/waveforms_earthquakes_nonoise/20250308T143640Z_20250308T143740Z
2026-03-27 17:56:17,787 - INFO - Using 1 selected station(s): ['RMF'].
2026-03-27 17:56:17,790 - INFO - Creating model actor(s)...
2026-03-27 17:56:17,792 - INFO - System RAM: Total=7870 MB, Available=6133 MB
2026-03-27 17:56:17,795 - INFO - Usable RAM budget: 7083 MB (90% of total)
2026-03-27 17:56:17,796 - INFO - ===== MEMORY-AWARE CPU ACTOR POOL =====
2026-03-27 17:56:17,798 - INFO - Requested concurrent tasks: 1
2026-03-27 17:56:17,800 - INFO - Available CPUs: 4
2026-03-27 17:56:17,802 - INFO - Available RAM: 7083 MB
2026-03-27 17:56:17,805 - INFO - RAM per model: 2060 MB
2026-03-27 17:56:17,807 - INFO - Max actors by RAM: 3
2026-03-27 17:56:17,809 - INFO - Creating 1 SeisBenchModelActor(s)
2026-03-27 17:56:17,811 - INFO - Let Ray handle scheduling (taskset already restricts CPU visibility)
2026-03-27 17:56:17,814 - INFO - Creating SeisBenchModelActor 1/1 (2.01GB RAM each)...
2026-03-27 17:56:20,734 - INFO - SeisBenchModelActor 1 created successfully.
2026-03-27 17:56:20,736 - INFO - Created 1 CPU actor(s). Task queue will handle concurrency.
2026-03-27 17:56:20,739 - INFO - Starting EQCCTPro parallelized waveform processing...
2026-03-27 17:56:20,742 - INFO - 
2026-03-27 17:56:20,744 - INFO - ------- Analyzing Seismic Waveforms for P and S Picks via SeisBench (EQTransformer - original_nonconservative) -------
2026-03-27 17:56:20,747 - INFO - Analyzing 0:01:00 minute timechunk from 2025-03-08 14:36:40 to 2025-03-08 14:37:40 (0 min overlap)
2026-03-27 17:56:20,750 - INFO - Processing a total of 1 stations, 1 at a time.
2026-03-27 17:56:22,914 - INFO - (1/1) RMF: Finished the prediction in 0.13s. (HP=1.0, LP=45.0, picks=0)
2026-03-27 17:56:22,916 - INFO - 
2026-03-27 17:56:22,920 - INFO - ------- Parallel Station Waveform Processing Complete For 2025-03-08 14:36:40 to 2025-03-08 14:37:40 Timechunk-------
2026-03-27 17:56:22,922 - INFO - Picks saved at /home/blackwinter/projects/eqcct/eqcctpro/results/csv/eqt_earthquakes_th0_1/20250308T143640Z_20250308T143740ZProcess Runtime: 2.18 s
2026-03-27 17:56:22,926 - INFO - Successfully ran EQCCTPro, exiting...
2026-03-27 17:56:24,437 - INFO - Ray Successfully Shutdown.
2026-03-27 17:56:24,437 - INFO - ------- Successfully Picked All Waveform(s) from all Timechunk(s) -------
2026-03-28 00:24:11,430 - INFO - 
2026-03-28 00:24:11,430 - INFO - ------- Welcome to EQCCTPro -------
2026-03-28 00:24:11,430 - INFO - 
2026-03-28 00:24:11,431 - INFO - Running EQCCT over Requested MSeed Files using CPU(s)...
2026-03-28 00:24:11,431 - INFO - GPU disabled (CPU-only).
2026-03-28 00:24:11,431 - INFO - Skipping framework-specific initialization in the driver process.
2026-03-28 00:24:13,748 - INFO - Ray Successfully Initialized with 4 CPU(s) ([0, 1, 2, 3] CPU Affinity Binding).
2026-03-28 00:24:13,748 - INFO - Analyzing 1 time chunk(s) from 2025-03-08 14:36:40 to 2025-03-08 14:37:40 (dt=1min, overlap=0min).
2026-03-28 00:24:13,748 - INFO - Using 1 selected station(s).
2026-03-28 00:24:13,748 - INFO - 
2026-03-28 00:24:13,748 - INFO - ------- Starting EQCCTPro... -------
2026-03-28 00:24:13,748 - INFO - Detailed subprocess information can be found in the log file.
2026-03-28 00:24:13,748 - INFO - 
2026-03-28 00:24:14,016 - INFO - GPU disabled (CPU-only).
2026-03-28 00:24:14,021 - INFO - Skipping framework-specific initialization in the driver process.
2026-03-28 00:24:14,023 - INFO - ------- Hardware Configuration -------
2026-03-28 00:24:14,025 - INFO - CPU affinity set to cores: [0, 1, 2, 3]
2026-03-28 00:24:14,027 - INFO - 
2026-03-28 00:24:14,028 - INFO - ------- Data Preprocessing for EQCCTPro -------
2026-03-28 00:24:14,030 - INFO - 1 station(s) in /home/blackwinter/projects/eqcct/eqcctpro/data/waveforms_earthquakes_nonoise/20250308T143640Z_20250308T143740Z
2026-03-28 00:24:14,032 - INFO - Using 1 selected station(s): ['RMF'].
2026-03-28 00:24:14,034 - INFO - Creating model actor(s)...
2026-03-28 00:24:14,036 - INFO - System RAM: Total=7870 MB, Available=5947 MB
2026-03-28 00:24:14,039 - INFO - Usable RAM budget: 7083 MB (90% of total)
2026-03-28 00:24:14,041 - INFO - ===== MEMORY-AWARE CPU ACTOR POOL =====
2026-03-28 00:24:14,043 - INFO - Requested concurrent tasks: 1
2026-03-28 00:24:14,045 - INFO - Available CPUs: 4
2026-03-28 00:24:14,047 - INFO - Available RAM: 7083 MB
2026-03-28 00:24:14,049 - INFO - RAM per model: 2060 MB
2026-03-28 00:24:14,052 - INFO - Max actors by RAM: 3
2026-03-28 00:24:14,053 - INFO - Creating 1 SeisBenchModelActor(s)
2026-03-28 00:24:14,056 - INFO - Let Ray handle scheduling (taskset already restricts CPU visibility)
2026-03-28 00:24:14,057 - INFO - Creating SeisBenchModelActor 1/1 (2.01GB RAM each)...
2026-03-28 00:24:16,656 - INFO - SeisBenchModelActor 1 created successfully.
2026-03-28 00:24:16,658 - INFO - Created 1 CPU actor(s). Task queue will handle concurrency.
2026-03-28 00:24:16,661 - INFO - Starting EQCCTPro parallelized waveform processing...
2026-03-28 00:24:16,664 - INFO - 
2026-03-28 00:24:16,666 - INFO - ------- Analyzing Seismic Waveforms for P and S Picks via SeisBench (EQTransformer - original_nonconservative) -------
2026-03-28 00:24:16,668 - INFO - Analyzing 0:01:00 minute timechunk from 2025-03-08 14:36:40 to 2025-03-08 14:37:40 (0 min overlap)
2026-03-28 00:24:16,670 - INFO - Processing a total of 1 stations, 1 at a time.
2026-03-28 00:24:18,554 - INFO - (1/1) RMF: Skipped (already exists - overwrite=False).
2026-03-28 00:24:18,556 - INFO - 
2026-03-28 00:24:18,558 - INFO - ------- Parallel Station Waveform Processing Complete For 2025-03-08 14:36:40 to 2025-03-08 14:37:40 Timechunk-------
2026-03-28 00:24:18,560 - INFO - Picks saved at /home/blackwinter/projects/eqcct/eqcctpro/results/csv/eqt_earthquakes_th0_1/20250308T143640Z_20250308T143740ZProcess Runtime: 1.89 s
2026-03-28 00:24:18,564 - INFO - Successfully ran EQCCTPro, exiting...
2026-03-28 00:24:20,307 - INFO - Ray Successfully Shutdown.
2026-03-28 00:24:20,308 - INFO - ------- Successfully Picked All Waveform(s) from all Timechunk(s) -------
