2026-03-10 19:58:00,530 - INFO - 
2026-03-10 19:58:00,530 - INFO - ------- Welcome to EQCCTPro -------
2026-03-10 19:58:00,530 - INFO - 
2026-03-10 19:58:00,531 - INFO - Running EQCCT over Requested MSeed Files using CPU(s)...
2026-03-10 19:58:00,531 - INFO - GPU disabled (CPU-only).
2026-03-10 19:58:00,531 - INFO - Configured Intra-op threads = 1
2026-03-10 19:58:00,531 - INFO - Configured Inter-op threads = 1
2026-03-10 19:58:00,532 - INFO - TensorFlow: No GPUs visible; TF will proceed on CPU.
2026-03-10 19:58:00,532 - INFO - 
2026-03-10 19:58:06,047 - INFO - Ray Successfully Initialized with 4 CPU(s) ([0, 1, 2, 3] CPU Affinity Binding).
2026-03-10 19:58:06,047 - INFO - Analyzing 1 time chunk(s) from 2025-01-05 03:24:31 to 2025-01-05 03:25:31 (dt=1min, overlap=0min).
2026-03-10 19:58:06,047 - INFO - Using 1 selected station(s).
2026-03-10 19:58:06,047 - INFO - 
2026-03-10 19:58:06,048 - INFO - ------- Starting EQCCTPro... -------
2026-03-10 19:58:06,048 - INFO - Detailed subprocess information can be found in the log file.
2026-03-10 19:58:06,048 - INFO - 
2026-03-10 19:58:06,459 - INFO - GPU disabled (CPU-only).
2026-03-10 19:58:08,022 - INFO - Configured Intra-op threads = 1
2026-03-10 19:58:08,025 - INFO - Configured Inter-op threads = 1
2026-03-10 19:58:08,068 - INFO - TensorFlow: No GPUs visible; TF will proceed on CPU.
2026-03-10 19:58:08,070 - INFO - 
2026-03-10 19:58:08,073 - INFO - ------- Hardware Configuration -------
2026-03-10 19:58:08,075 - INFO - CPU affinity set to cores: [0, 1, 2, 3]
2026-03-10 19:58:08,077 - INFO - 
2026-03-10 19:58:08,079 - INFO - ------- Data Preprocessing for EQCCTPro -------
2026-03-10 19:58:08,081 - INFO - 1 station(s) in /home/blackwinter/projects/eqcct/eqcctpro/data/waveforms_noise_only/20250105T032431Z_20250105T032531Z
2026-03-10 19:58:08,084 - INFO - Using 1 selected station(s): ['OBF8'].
2026-03-10 19:58:08,086 - INFO - Creating model actor(s)...
2026-03-10 19:58:08,089 - INFO - System RAM: Total=7870 MB, Available=3456 MB
2026-03-10 19:58:08,091 - INFO - Usable RAM budget: 7083 MB (90% of total)
2026-03-10 19:58:08,093 - INFO - ===== MEMORY-AWARE CPU ACTOR POOL (EQCCT) =====
2026-03-10 19:58:08,095 - INFO - Requested concurrent tasks: 1
2026-03-10 19:58:08,097 - INFO - Available CPUs: 4
2026-03-10 19:58:08,099 - INFO - Available RAM: 7083 MB
2026-03-10 19:58:08,101 - INFO - RAM per model: 2264 MB
2026-03-10 19:58:08,103 - INFO - Max actors by RAM: 3
2026-03-10 19:58:08,105 - INFO - Creating 1 ModelActor(s)
2026-03-10 19:58:08,107 - INFO - Let Ray handle scheduling (taskset already restricts CPU visibility)
2026-03-10 19:58:08,109 - INFO - Creating ModelActor 1/1 (2.21GB RAM each)...
2026-03-10 19:58:12,124 - INFO - ModelActor 1 created successfully.
2026-03-10 19:58:12,126 - INFO - Created 1 CPU actor(s). Task queue will handle concurrency.
2026-03-10 19:58:12,129 - INFO - Starting EQCCTPro parallelized waveform processing...
2026-03-10 19:58:12,132 - INFO - 
2026-03-10 19:58:12,135 - INFO - ------- Analyzing Seismic Waveforms for P and S Picks via EQCCT -------
2026-03-10 19:58:12,138 - INFO - Analyzing 0:01:00 minute timechunk from 2025-01-05 03:24:31 to 2025-01-05 03:25:31 (0 min overlap)
2026-03-10 19:58:12,140 - INFO - Processing a total of 1 stations, 1 at a time.
2026-03-10 19:58:16,398 - INFO - (1/1) OBF8: Finished the prediction in 2.27s. (HP=1.0, LP=45.0)
2026-03-10 19:58:16,400 - INFO - 
2026-03-10 19:58:16,402 - INFO - ------- Parallel Station Waveform Processing Complete For 2025-01-05 03:24:31 to 2025-01-05 03:25:31 Timechunk-------
2026-03-10 19:58:16,404 - INFO - Picks saved at /home/blackwinter/projects/eqcct/eqcctpro/results/csv/bm_noise_only/20250105T032431Z_20250105T032531ZProcess Runtime: 4.27 s
2026-03-10 19:58:16,408 - INFO - Successfully ran EQCCTPro, exiting...
2026-03-10 19:58:17,834 - INFO - Ray Successfully Shutdown.
2026-03-10 19:58:17,834 - INFO - ------- Successfully Picked All Waveform(s) from all Timechunk(s) -------
2026-03-11 11:07:58,625 - INFO - 
2026-03-11 11:07:58,632 - INFO - ------- Welcome to EQCCTPro -------
2026-03-11 11:07:58,632 - INFO - 
2026-03-11 11:07:58,632 - INFO - Running EQCCT over Requested MSeed Files using CPU(s)...
2026-03-11 11:07:58,633 - INFO - GPU disabled (CPU-only).
2026-03-11 11:07:58,633 - INFO - Configured Intra-op threads = 1
2026-03-11 11:07:58,633 - INFO - Configured Inter-op threads = 1
2026-03-11 11:07:58,633 - INFO - TensorFlow: No GPUs visible; TF will proceed on CPU.
2026-03-11 11:07:58,633 - INFO - 
2026-03-11 11:08:04,087 - INFO - Ray Successfully Initialized with 4 CPU(s) ([0, 1, 2, 3] CPU Affinity Binding).
2026-03-11 11:08:04,088 - INFO - Analyzing 1 time chunk(s) from 2025-01-05 03:24:31 to 2025-01-05 03:25:31 (dt=1min, overlap=0min).
2026-03-11 11:08:04,088 - INFO - Using 1 selected station(s).
2026-03-11 11:08:04,088 - INFO - 
2026-03-11 11:08:04,088 - INFO - ------- Starting EQCCTPro... -------
2026-03-11 11:08:04,088 - INFO - Detailed subprocess information can be found in the log file.
2026-03-11 11:08:04,088 - INFO - 
2026-03-11 11:08:04,475 - INFO - GPU disabled (CPU-only).
2026-03-11 11:08:06,090 - INFO - Configured Intra-op threads = 1
2026-03-11 11:08:06,093 - INFO - Configured Inter-op threads = 1
2026-03-11 11:08:06,137 - INFO - TensorFlow: No GPUs visible; TF will proceed on CPU.
2026-03-11 11:08:06,139 - INFO - 
2026-03-11 11:08:06,141 - INFO - ------- Hardware Configuration -------
2026-03-11 11:08:06,144 - INFO - CPU affinity set to cores: [0, 1, 2, 3]
2026-03-11 11:08:06,146 - INFO - 
2026-03-11 11:08:06,148 - INFO - ------- Data Preprocessing for EQCCTPro -------
2026-03-11 11:08:06,150 - INFO - 1 station(s) in /home/blackwinter/projects/eqcct/eqcctpro/data/waveforms_noise_only/20250105T032431Z_20250105T032531Z
2026-03-11 11:08:06,152 - INFO - Using 1 selected station(s): ['OBF8'].
2026-03-11 11:08:06,153 - INFO - Creating model actor(s)...
2026-03-11 11:08:06,155 - INFO - System RAM: Total=7870 MB, Available=4126 MB
2026-03-11 11:08:06,157 - INFO - Usable RAM budget: 7083 MB (90% of total)
2026-03-11 11:08:06,159 - INFO - ===== MEMORY-AWARE CPU ACTOR POOL (EQCCT) =====
2026-03-11 11:08:06,160 - INFO - Requested concurrent tasks: 1
2026-03-11 11:08:06,162 - INFO - Available CPUs: 4
2026-03-11 11:08:06,164 - INFO - Available RAM: 7083 MB
2026-03-11 11:08:06,166 - INFO - RAM per model: 2264 MB
2026-03-11 11:08:06,167 - INFO - Max actors by RAM: 3
2026-03-11 11:08:06,169 - INFO - Creating 1 ModelActor(s)
2026-03-11 11:08:06,171 - INFO - Let Ray handle scheduling (taskset already restricts CPU visibility)
2026-03-11 11:08:06,172 - INFO - Creating ModelActor 1/1 (2.21GB RAM each)...
2026-03-11 11:08:10,153 - INFO - ModelActor 1 created successfully.
2026-03-11 11:08:10,155 - INFO - Created 1 CPU actor(s). Task queue will handle concurrency.
2026-03-11 11:08:10,157 - INFO - Starting EQCCTPro parallelized waveform processing...
2026-03-11 11:08:10,159 - INFO - 
2026-03-11 11:08:10,162 - INFO - ------- Analyzing Seismic Waveforms for P and S Picks via EQCCT -------
2026-03-11 11:08:10,164 - INFO - Analyzing 0:01:00 minute timechunk from 2025-01-05 03:24:31 to 2025-01-05 03:25:31 (0 min overlap)
2026-03-11 11:08:10,167 - INFO - Processing a total of 1 stations, 1 at a time.
2026-03-11 11:08:12,088 - INFO - (1/1) OBF8: Skipped (already exists - overwrite=False).
2026-03-11 11:08:12,090 - INFO - 
2026-03-11 11:08:12,092 - INFO - ------- Parallel Station Waveform Processing Complete For 2025-01-05 03:24:31 to 2025-01-05 03:25:31 Timechunk-------
2026-03-11 11:08:12,095 - INFO - Picks saved at /home/blackwinter/projects/eqcct/eqcctpro/results/csv/bm_noise_only/20250105T032431Z_20250105T032531ZProcess Runtime: 1.93 s
2026-03-11 11:08:12,099 - INFO - Successfully ran EQCCTPro, exiting...
2026-03-11 11:08:13,461 - INFO - Ray Successfully Shutdown.
2026-03-11 11:08:13,462 - INFO - ------- Successfully Picked All Waveform(s) from all Timechunk(s) -------
