2026-03-27 18:10:46,043 - INFO - 
2026-03-27 18:10:46,043 - INFO - ------- Welcome to EQCCTPro -------
2026-03-27 18:10:46,043 - INFO - 
2026-03-27 18:10:46,043 - INFO - Running EQCCT over Requested MSeed Files using CPU(s)...
2026-03-27 18:10:46,043 - INFO - GPU disabled (CPU-only).
2026-03-27 18:10:46,043 - INFO - Skipping framework-specific initialization in the driver process.
2026-03-27 18:10:48,354 - INFO - Ray Successfully Initialized with 4 CPU(s) ([0, 1, 2, 3] CPU Affinity Binding).
2026-03-27 18:10:48,355 - INFO - Analyzing 1 time chunk(s) from 2025-04-06 17:25:56 to 2025-04-06 17:26:56 (dt=1min, overlap=0min).
2026-03-27 18:10:48,355 - INFO - Using 1 selected station(s).
2026-03-27 18:10:48,355 - INFO - 
2026-03-27 18:10:48,355 - INFO - ------- Starting EQCCTPro... -------
2026-03-27 18:10:48,355 - INFO - Detailed subprocess information can be found in the log file.
2026-03-27 18:10:48,355 - INFO - 
2026-03-27 18:10:48,652 - INFO - GPU disabled (CPU-only).
2026-03-27 18:10:48,657 - INFO - Skipping framework-specific initialization in the driver process.
2026-03-27 18:10:48,659 - INFO - ------- Hardware Configuration -------
2026-03-27 18:10:48,662 - INFO - CPU affinity set to cores: [0, 1, 2, 3]
2026-03-27 18:10:48,665 - INFO - 
2026-03-27 18:10:48,667 - INFO - ------- Data Preprocessing for EQCCTPro -------
2026-03-27 18:10:48,669 - INFO - 1 station(s) in /home/blackwinter/projects/eqcct/eqcctpro/data/waveforms_earthquakes_nonoise/20250406T172556Z_20250406T172656Z
2026-03-27 18:10:48,672 - INFO - Using 1 selected station(s): ['HEF'].
2026-03-27 18:10:48,674 - INFO - Creating model actor(s)...
2026-03-27 18:10:48,677 - INFO - System RAM: Total=7870 MB, Available=6125 MB
2026-03-27 18:10:48,679 - INFO - Usable RAM budget: 7083 MB (90% of total)
2026-03-27 18:10:48,682 - INFO - ===== MEMORY-AWARE CPU ACTOR POOL =====
2026-03-27 18:10:48,684 - INFO - Requested concurrent tasks: 1
2026-03-27 18:10:48,686 - INFO - Available CPUs: 4
2026-03-27 18:10:48,688 - INFO - Available RAM: 7083 MB
2026-03-27 18:10:48,691 - INFO - RAM per model: 2060 MB
2026-03-27 18:10:48,693 - INFO - Max actors by RAM: 3
2026-03-27 18:10:48,695 - INFO - Creating 1 SeisBenchModelActor(s)
2026-03-27 18:10:48,697 - INFO - Let Ray handle scheduling (taskset already restricts CPU visibility)
2026-03-27 18:10:48,699 - INFO - Creating SeisBenchModelActor 1/1 (2.01GB RAM each)...
2026-03-27 18:10:51,804 - INFO - SeisBenchModelActor 1 created successfully.
2026-03-27 18:10:51,807 - INFO - Created 1 CPU actor(s). Task queue will handle concurrency.
2026-03-27 18:10:51,810 - INFO - Starting EQCCTPro parallelized waveform processing...
2026-03-27 18:10:51,812 - INFO - 
2026-03-27 18:10:51,814 - INFO - ------- Analyzing Seismic Waveforms for P and S Picks via SeisBench (EQTransformer - original_nonconservative) -------
2026-03-27 18:10:51,818 - INFO - Analyzing 0:01:00 minute timechunk from 2025-04-06 17:25:56 to 2025-04-06 17:26:56 (0 min overlap)
2026-03-27 18:10:51,820 - INFO - Processing a total of 1 stations, 1 at a time.
2026-03-27 18:10:54,049 - INFO - (1/1) HEF: Finished the prediction in 0.12s. (HP=1.0, LP=45.0, picks=2)
2026-03-27 18:10:54,052 - INFO - 
2026-03-27 18:10:54,054 - INFO - ------- Parallel Station Waveform Processing Complete For 2025-04-06 17:25:56 to 2025-04-06 17:26:56 Timechunk-------
2026-03-27 18:10:54,056 - INFO - Picks saved at /home/blackwinter/projects/eqcct/eqcctpro/results/csv/eqt_earthquakes_th0_1/20250406T172556Z_20250406T172656ZProcess Runtime: 2.24 s
2026-03-27 18:10:54,063 - INFO - Successfully ran EQCCTPro, exiting...
2026-03-27 18:10:55,530 - INFO - Ray Successfully Shutdown.
2026-03-27 18:10:55,530 - INFO - ------- Successfully Picked All Waveform(s) from all Timechunk(s) -------
2026-03-28 00:38:33,720 - INFO - 
2026-03-28 00:38:33,720 - INFO - ------- Welcome to EQCCTPro -------
2026-03-28 00:38:33,720 - INFO - 
2026-03-28 00:38:33,721 - INFO - Running EQCCT over Requested MSeed Files using CPU(s)...
2026-03-28 00:38:33,721 - INFO - GPU disabled (CPU-only).
2026-03-28 00:38:33,721 - INFO - Skipping framework-specific initialization in the driver process.
2026-03-28 00:38:36,133 - INFO - Ray Successfully Initialized with 4 CPU(s) ([0, 1, 2, 3] CPU Affinity Binding).
2026-03-28 00:38:36,133 - INFO - Analyzing 1 time chunk(s) from 2025-04-06 17:25:56 to 2025-04-06 17:26:56 (dt=1min, overlap=0min).
2026-03-28 00:38:36,133 - INFO - Using 1 selected station(s).
2026-03-28 00:38:36,134 - INFO - 
2026-03-28 00:38:36,134 - INFO - ------- Starting EQCCTPro... -------
2026-03-28 00:38:36,134 - INFO - Detailed subprocess information can be found in the log file.
2026-03-28 00:38:36,134 - INFO - 
2026-03-28 00:38:36,437 - INFO - GPU disabled (CPU-only).
2026-03-28 00:38:36,441 - INFO - Skipping framework-specific initialization in the driver process.
2026-03-28 00:38:36,444 - INFO - ------- Hardware Configuration -------
2026-03-28 00:38:36,447 - INFO - CPU affinity set to cores: [0, 1, 2, 3]
2026-03-28 00:38:36,450 - INFO - 
2026-03-28 00:38:36,452 - INFO - ------- Data Preprocessing for EQCCTPro -------
2026-03-28 00:38:36,455 - INFO - 1 station(s) in /home/blackwinter/projects/eqcct/eqcctpro/data/waveforms_earthquakes_nonoise/20250406T172556Z_20250406T172656Z
2026-03-28 00:38:36,457 - INFO - Using 1 selected station(s): ['HEF'].
2026-03-28 00:38:36,459 - INFO - Creating model actor(s)...
2026-03-28 00:38:36,462 - INFO - System RAM: Total=7870 MB, Available=5940 MB
2026-03-28 00:38:36,464 - INFO - Usable RAM budget: 7083 MB (90% of total)
2026-03-28 00:38:36,467 - INFO - ===== MEMORY-AWARE CPU ACTOR POOL =====
2026-03-28 00:38:36,470 - INFO - Requested concurrent tasks: 1
2026-03-28 00:38:36,472 - INFO - Available CPUs: 4
2026-03-28 00:38:36,475 - INFO - Available RAM: 7083 MB
2026-03-28 00:38:36,477 - INFO - RAM per model: 2060 MB
2026-03-28 00:38:36,480 - INFO - Max actors by RAM: 3
2026-03-28 00:38:36,482 - INFO - Creating 1 SeisBenchModelActor(s)
2026-03-28 00:38:36,485 - INFO - Let Ray handle scheduling (taskset already restricts CPU visibility)
2026-03-28 00:38:36,487 - INFO - Creating SeisBenchModelActor 1/1 (2.01GB RAM each)...
2026-03-28 00:38:39,864 - INFO - SeisBenchModelActor 1 created successfully.
2026-03-28 00:38:39,868 - INFO - Created 1 CPU actor(s). Task queue will handle concurrency.
2026-03-28 00:38:39,871 - INFO - Starting EQCCTPro parallelized waveform processing...
2026-03-28 00:38:39,874 - INFO - 
2026-03-28 00:38:39,877 - INFO - ------- Analyzing Seismic Waveforms for P and S Picks via SeisBench (EQTransformer - original_nonconservative) -------
2026-03-28 00:38:39,880 - INFO - Analyzing 0:01:00 minute timechunk from 2025-04-06 17:25:56 to 2025-04-06 17:26:56 (0 min overlap)
2026-03-28 00:38:39,883 - INFO - Processing a total of 1 stations, 1 at a time.
2026-03-28 00:38:41,955 - INFO - (1/1) HEF: Skipped (already exists - overwrite=False).
2026-03-28 00:38:41,957 - INFO - 
2026-03-28 00:38:41,960 - INFO - ------- Parallel Station Waveform Processing Complete For 2025-04-06 17:25:56 to 2025-04-06 17:26:56 Timechunk-------
2026-03-28 00:38:41,962 - INFO - Picks saved at /home/blackwinter/projects/eqcct/eqcctpro/results/csv/eqt_earthquakes_th0_1/20250406T172556Z_20250406T172656ZProcess Runtime: 2.09 s
2026-03-28 00:38:41,969 - INFO - Successfully ran EQCCTPro, exiting...
2026-03-28 00:38:43,434 - INFO - Ray Successfully Shutdown.
2026-03-28 00:38:43,434 - INFO - ------- Successfully Picked All Waveform(s) from all Timechunk(s) -------
