2026-03-10 20:52:47,482 - INFO - 
2026-03-10 20:52:47,482 - INFO - ------- Welcome to EQCCTPro -------
2026-03-10 20:52:47,482 - INFO - 
2026-03-10 20:52:47,483 - INFO - Running EQCCT over Requested MSeed Files using CPU(s)...
2026-03-10 20:52:47,483 - INFO - GPU disabled (CPU-only).
2026-03-10 20:52:47,483 - INFO - Configured Intra-op threads = 1
2026-03-10 20:52:47,483 - INFO - Configured Inter-op threads = 1
2026-03-10 20:52:47,483 - INFO - TensorFlow: No GPUs visible; TF will proceed on CPU.
2026-03-10 20:52:47,483 - INFO - 
2026-03-10 20:52:52,317 - INFO - Ray Successfully Initialized with 4 CPU(s) ([0, 1, 2, 3] CPU Affinity Binding).
2026-03-10 20:52:52,318 - INFO - Analyzing 1 time chunk(s) from 2025-01-06 07:21:06 to 2025-01-06 07:22:06 (dt=1min, overlap=0min).
2026-03-10 20:52:52,318 - INFO - Using 1 selected station(s).
2026-03-10 20:52:52,318 - INFO - 
2026-03-10 20:52:52,319 - INFO - ------- Starting EQCCTPro... -------
2026-03-10 20:52:52,319 - INFO - Detailed subprocess information can be found in the log file.
2026-03-10 20:52:52,319 - INFO - 
2026-03-10 20:52:52,694 - INFO - GPU disabled (CPU-only).
2026-03-10 20:52:54,170 - INFO - Configured Intra-op threads = 1
2026-03-10 20:52:54,173 - INFO - Configured Inter-op threads = 1
2026-03-10 20:52:54,214 - INFO - TensorFlow: No GPUs visible; TF will proceed on CPU.
2026-03-10 20:52:54,216 - INFO - 
2026-03-10 20:52:54,218 - INFO - ------- Hardware Configuration -------
2026-03-10 20:52:54,220 - INFO - CPU affinity set to cores: [0, 1, 2, 3]
2026-03-10 20:52:54,222 - INFO - 
2026-03-10 20:52:54,224 - INFO - ------- Data Preprocessing for EQCCTPro -------
2026-03-10 20:52:54,226 - INFO - 1 station(s) in /home/blackwinter/projects/eqcct/eqcctpro/data/waveforms_noise_only/20250106T072106Z_20250106T072206Z
2026-03-10 20:52:54,228 - INFO - Using 1 selected station(s): ['KMNF'].
2026-03-10 20:52:54,229 - INFO - Creating model actor(s)...
2026-03-10 20:52:54,231 - INFO - System RAM: Total=7870 MB, Available=3187 MB
2026-03-10 20:52:54,233 - INFO - Usable RAM budget: 7083 MB (90% of total)
2026-03-10 20:52:54,236 - INFO - ===== MEMORY-AWARE CPU ACTOR POOL (EQCCT) =====
2026-03-10 20:52:54,238 - INFO - Requested concurrent tasks: 1
2026-03-10 20:52:54,239 - INFO - Available CPUs: 4
2026-03-10 20:52:54,241 - INFO - Available RAM: 7083 MB
2026-03-10 20:52:54,243 - INFO - RAM per model: 2264 MB
2026-03-10 20:52:54,244 - INFO - Max actors by RAM: 3
2026-03-10 20:52:54,246 - INFO - Creating 1 ModelActor(s)
2026-03-10 20:52:54,248 - INFO - Let Ray handle scheduling (taskset already restricts CPU visibility)
2026-03-10 20:52:54,250 - INFO - Creating ModelActor 1/1 (2.21GB RAM each)...
2026-03-10 20:52:58,292 - INFO - ModelActor 1 created successfully.
2026-03-10 20:52:58,295 - INFO - Created 1 CPU actor(s). Task queue will handle concurrency.
2026-03-10 20:52:58,297 - INFO - Starting EQCCTPro parallelized waveform processing...
2026-03-10 20:52:58,299 - INFO - 
2026-03-10 20:52:58,301 - INFO - ------- Analyzing Seismic Waveforms for P and S Picks via EQCCT -------
2026-03-10 20:52:58,303 - INFO - Analyzing 0:01:00 minute timechunk from 2025-01-06 07:21:06 to 2025-01-06 07:22:06 (0 min overlap)
2026-03-10 20:52:58,306 - INFO - Processing a total of 1 stations, 1 at a time.
2026-03-10 20:53:02,394 - INFO - (1/1) KMNF: Finished the prediction in 2.15s. (HP=1.0, LP=45.0)
2026-03-10 20:53:02,396 - INFO - 
2026-03-10 20:53:02,398 - INFO - ------- Parallel Station Waveform Processing Complete For 2025-01-06 07:21:06 to 2025-01-06 07:22:06 Timechunk-------
2026-03-10 20:53:02,401 - INFO - Picks saved at /home/blackwinter/projects/eqcct/eqcctpro/results/csv/bm_noise_only/20250106T072106Z_20250106T072206ZProcess Runtime: 4.10 s
2026-03-10 20:53:02,405 - INFO - Successfully ran EQCCTPro, exiting...
2026-03-10 20:53:03,911 - INFO - Ray Successfully Shutdown.
2026-03-10 20:53:03,911 - INFO - ------- Successfully Picked All Waveform(s) from all Timechunk(s) -------
2026-03-11 11:54:41,914 - INFO - 
2026-03-11 11:54:41,914 - INFO - ------- Welcome to EQCCTPro -------
2026-03-11 11:54:41,914 - INFO - 
2026-03-11 11:54:41,915 - INFO - Running EQCCT over Requested MSeed Files using CPU(s)...
2026-03-11 11:54:41,915 - INFO - GPU disabled (CPU-only).
2026-03-11 11:54:41,915 - INFO - Configured Intra-op threads = 1
2026-03-11 11:54:41,916 - INFO - Configured Inter-op threads = 1
2026-03-11 11:54:41,916 - INFO - TensorFlow: No GPUs visible; TF will proceed on CPU.
2026-03-11 11:54:41,916 - INFO - 
2026-03-11 11:54:48,402 - INFO - Ray Successfully Initialized with 4 CPU(s) ([0, 1, 2, 3] CPU Affinity Binding).
2026-03-11 11:54:48,402 - INFO - Analyzing 1 time chunk(s) from 2025-01-06 07:21:06 to 2025-01-06 07:22:06 (dt=1min, overlap=0min).
2026-03-11 11:54:48,402 - INFO - Using 1 selected station(s).
2026-03-11 11:54:48,402 - INFO - 
2026-03-11 11:54:48,403 - INFO - ------- Starting EQCCTPro... -------
2026-03-11 11:54:48,403 - INFO - Detailed subprocess information can be found in the log file.
2026-03-11 11:54:48,403 - INFO - 
2026-03-11 11:54:48,786 - INFO - GPU disabled (CPU-only).
2026-03-11 11:54:50,337 - INFO - Configured Intra-op threads = 1
2026-03-11 11:54:50,340 - INFO - Configured Inter-op threads = 1
2026-03-11 11:54:50,383 - INFO - TensorFlow: No GPUs visible; TF will proceed on CPU.
2026-03-11 11:54:50,386 - INFO - 
2026-03-11 11:54:50,388 - INFO - ------- Hardware Configuration -------
2026-03-11 11:54:50,390 - INFO - CPU affinity set to cores: [0, 1, 2, 3]
2026-03-11 11:54:50,392 - INFO - 
2026-03-11 11:54:50,394 - INFO - ------- Data Preprocessing for EQCCTPro -------
2026-03-11 11:54:50,396 - INFO - 1 station(s) in /home/blackwinter/projects/eqcct/eqcctpro/data/waveforms_noise_only/20250106T072106Z_20250106T072206Z
2026-03-11 11:54:50,399 - INFO - Using 1 selected station(s): ['KMNF'].
2026-03-11 11:54:50,401 - INFO - Creating model actor(s)...
2026-03-11 11:54:50,403 - INFO - System RAM: Total=7870 MB, Available=3983 MB
2026-03-11 11:54:50,405 - INFO - Usable RAM budget: 7083 MB (90% of total)
2026-03-11 11:54:50,407 - INFO - ===== MEMORY-AWARE CPU ACTOR POOL (EQCCT) =====
2026-03-11 11:54:50,409 - INFO - Requested concurrent tasks: 1
2026-03-11 11:54:50,410 - INFO - Available CPUs: 4
2026-03-11 11:54:50,412 - INFO - Available RAM: 7083 MB
2026-03-11 11:54:50,414 - INFO - RAM per model: 2264 MB
2026-03-11 11:54:50,416 - INFO - Max actors by RAM: 3
2026-03-11 11:54:50,418 - INFO - Creating 1 ModelActor(s)
2026-03-11 11:54:50,419 - INFO - Let Ray handle scheduling (taskset already restricts CPU visibility)
2026-03-11 11:54:50,421 - INFO - Creating ModelActor 1/1 (2.21GB RAM each)...
2026-03-11 11:54:54,358 - INFO - ModelActor 1 created successfully.
2026-03-11 11:54:54,360 - INFO - Created 1 CPU actor(s). Task queue will handle concurrency.
2026-03-11 11:54:54,362 - INFO - Starting EQCCTPro parallelized waveform processing...
2026-03-11 11:54:54,364 - INFO - 
2026-03-11 11:54:54,366 - INFO - ------- Analyzing Seismic Waveforms for P and S Picks via EQCCT -------
2026-03-11 11:54:54,368 - INFO - Analyzing 0:01:00 minute timechunk from 2025-01-06 07:21:06 to 2025-01-06 07:22:06 (0 min overlap)
2026-03-11 11:54:54,370 - INFO - Processing a total of 1 stations, 1 at a time.
2026-03-11 11:54:56,263 - INFO - (1/1) KMNF: Skipped (already exists - overwrite=False).
2026-03-11 11:54:56,266 - INFO - 
2026-03-11 11:54:56,268 - INFO - ------- Parallel Station Waveform Processing Complete For 2025-01-06 07:21:06 to 2025-01-06 07:22:06 Timechunk-------
2026-03-11 11:54:56,270 - INFO - Picks saved at /home/blackwinter/projects/eqcct/eqcctpro/results/csv/bm_noise_only/20250106T072106Z_20250106T072206ZProcess Runtime: 1.90 s
2026-03-11 11:54:56,274 - INFO - Successfully ran EQCCTPro, exiting...
2026-03-11 11:54:57,972 - INFO - Ray Successfully Shutdown.
2026-03-11 11:54:57,973 - INFO - ------- Successfully Picked All Waveform(s) from all Timechunk(s) -------
