2026-02-26 23:48:15,642 - INFO - 
2026-02-26 23:48:15,642 - INFO - ------- Welcome to EQCCTPro -------
2026-02-26 23:48:15,642 - INFO - 
2026-02-26 23:48:15,643 - INFO - Running EQCCT over Requested MSeed Files using CPU(s)...
2026-02-26 23:48:15,643 - INFO - GPU disabled (CPU-only).
2026-02-26 23:48:15,643 - INFO - Configured Intra-op threads = 1
2026-02-26 23:48:15,643 - INFO - Configured Inter-op threads = 1
2026-02-26 23:48:15,643 - INFO - TensorFlow: No GPUs visible; TF will proceed on CPU.
2026-02-26 23:48:15,644 - INFO - 
2026-02-26 23:48:21,376 - INFO - Ray Successfully Initialized with 4 CPU(s) ([0, 1, 2, 3] CPU Affinity Binding).
2026-02-26 23:48:21,376 - INFO - Analyzing 1 time chunk(s) from 2025-01-10 10:25:27 to 2025-01-10 10:26:27 (dt=1min, overlap=0min).
2026-02-26 23:48:21,376 - INFO - Using 1 selected station(s).
2026-02-26 23:48:21,376 - INFO - 
2026-02-26 23:48:21,377 - INFO - ------- Starting EQCCTPro... -------
2026-02-26 23:48:21,377 - INFO - Detailed subprocess information can be found in the log file.
2026-02-26 23:48:21,377 - INFO - 
2026-02-26 23:48:21,792 - INFO - GPU disabled (CPU-only).
2026-02-26 23:48:23,434 - INFO - Configured Intra-op threads = 1
2026-02-26 23:48:23,437 - INFO - Configured Inter-op threads = 1
2026-02-26 23:48:23,479 - INFO - TensorFlow: No GPUs visible; TF will proceed on CPU.
2026-02-26 23:48:23,481 - INFO - 
2026-02-26 23:48:23,483 - INFO - ------- Hardware Configuration -------
2026-02-26 23:48:23,486 - INFO - CPU affinity set to cores: [0, 1, 2, 3]
2026-02-26 23:48:23,488 - INFO - 
2026-02-26 23:48:23,490 - INFO - ------- Data Preprocessing for EQCCTPro -------
2026-02-26 23:48:23,492 - INFO - 1 station(s) in /home/blackwinter/projects/eqcct/eqcctpro/data/waveforms_explosions_nonoise/20250110T102527Z_20250110T102627Z
2026-02-26 23:48:23,495 - INFO - Using 1 selected station(s): ['RAF'].
2026-02-26 23:48:23,497 - INFO - Creating model actor(s)...
2026-02-26 23:48:23,499 - INFO - System RAM: Total=7870 MB, Available=3454 MB
2026-02-26 23:48:23,501 - INFO - Usable RAM budget: 7083 MB (90% of total)
2026-02-26 23:48:23,503 - INFO - ===== MEMORY-AWARE CPU ACTOR POOL (EQCCT) =====
2026-02-26 23:48:23,505 - INFO - Requested concurrent tasks: 1
2026-02-26 23:48:23,508 - INFO - Available CPUs: 4
2026-02-26 23:48:23,510 - INFO - Available RAM: 7083 MB
2026-02-26 23:48:23,512 - INFO - RAM per model: 2264 MB
2026-02-26 23:48:23,513 - INFO - Max actors by RAM: 3
2026-02-26 23:48:23,515 - INFO - Creating 1 ModelActor(s)
2026-02-26 23:48:23,517 - INFO - Let Ray handle scheduling (taskset already restricts CPU visibility)
2026-02-26 23:48:23,518 - INFO - Creating ModelActor 1/1 (2.21GB RAM each)...
2026-02-26 23:48:27,516 - INFO - ModelActor 1 created successfully.
2026-02-26 23:48:27,518 - INFO - Created 1 CPU actor(s). Task queue will handle concurrency.
2026-02-26 23:48:27,520 - INFO - Starting EQCCTPro parallelized waveform processing...
2026-02-26 23:48:27,523 - INFO - 
2026-02-26 23:48:27,524 - INFO - ------- Analyzing Seismic Waveforms for P and S Picks via EQCCT -------
2026-02-26 23:48:27,527 - INFO - Analyzing 0:01:00 minute timechunk from 2025-01-10 10:25:27 to 2025-01-10 10:26:27 (0 min overlap)
2026-02-26 23:48:27,528 - INFO - Processing a total of 1 stations, 1 at a time.
2026-02-26 23:48:31,653 - INFO - (1/1) RAF: Finished the prediction in 2.17s. (HP=1.0, LP=45.0)
2026-02-26 23:48:31,655 - INFO - 
2026-02-26 23:48:31,657 - INFO - ------- Parallel Station Waveform Processing Complete For 2025-01-10 10:25:27 to 2025-01-10 10:26:27 Timechunk-------
2026-02-26 23:48:31,660 - INFO - Picks saved at /home/blackwinter/projects/eqcct/eqcctpro/results/csv/bm_explosions/20250110T102527Z_20250110T102627ZProcess Runtime: 4.14 s
2026-02-26 23:48:31,664 - INFO - Successfully ran EQCCTPro, exiting...
2026-02-26 23:48:33,181 - INFO - Ray Successfully Shutdown.
2026-02-26 23:48:33,181 - INFO - ------- Successfully Picked All Waveform(s) from all Timechunk(s) -------
2026-02-27 07:08:04,931 - INFO - 
2026-02-27 07:08:04,932 - INFO - ------- Welcome to EQCCTPro -------
2026-02-27 07:08:04,932 - INFO - 
2026-02-27 07:08:04,933 - INFO - Running EQCCT over Requested MSeed Files using CPU(s)...
2026-02-27 07:08:04,933 - INFO - GPU disabled (CPU-only).
2026-02-27 07:08:04,933 - INFO - Configured Intra-op threads = 1
2026-02-27 07:08:04,933 - INFO - Configured Inter-op threads = 1
2026-02-27 07:08:04,933 - INFO - TensorFlow: No GPUs visible; TF will proceed on CPU.
2026-02-27 07:08:04,933 - INFO - 
2026-02-27 07:08:10,007 - INFO - Ray Successfully Initialized with 4 CPU(s) ([0, 1, 2, 3] CPU Affinity Binding).
2026-02-27 07:08:10,007 - INFO - Analyzing 1 time chunk(s) from 2025-01-10 10:25:27 to 2025-01-10 10:26:27 (dt=1min, overlap=0min).
2026-02-27 07:08:10,007 - INFO - Using 1 selected station(s).
2026-02-27 07:08:10,007 - INFO - 
2026-02-27 07:08:10,007 - INFO - ------- Starting EQCCTPro... -------
2026-02-27 07:08:10,007 - INFO - Detailed subprocess information can be found in the log file.
2026-02-27 07:08:10,007 - INFO - 
2026-02-27 07:08:10,365 - INFO - GPU disabled (CPU-only).
2026-02-27 07:08:11,906 - INFO - Configured Intra-op threads = 1
2026-02-27 07:08:11,909 - INFO - Configured Inter-op threads = 1
2026-02-27 07:08:11,952 - INFO - TensorFlow: No GPUs visible; TF will proceed on CPU.
2026-02-27 07:08:11,954 - INFO - 
2026-02-27 07:08:11,956 - INFO - ------- Hardware Configuration -------
2026-02-27 07:08:11,958 - INFO - CPU affinity set to cores: [0, 1, 2, 3]
2026-02-27 07:08:11,960 - INFO - 
2026-02-27 07:08:11,962 - INFO - ------- Data Preprocessing for EQCCTPro -------
2026-02-27 07:08:11,964 - INFO - 1 station(s) in /home/blackwinter/projects/eqcct/eqcctpro/data/waveforms_explosions_nonoise/20250110T102527Z_20250110T102627Z
2026-02-27 07:08:11,966 - INFO - Using 1 selected station(s): ['RAF'].
2026-02-27 07:08:11,968 - INFO - Creating model actor(s)...
2026-02-27 07:08:11,970 - INFO - System RAM: Total=7870 MB, Available=3440 MB
2026-02-27 07:08:11,972 - INFO - Usable RAM budget: 7083 MB (90% of total)
2026-02-27 07:08:11,974 - INFO - ===== MEMORY-AWARE CPU ACTOR POOL (EQCCT) =====
2026-02-27 07:08:11,976 - INFO - Requested concurrent tasks: 1
2026-02-27 07:08:11,978 - INFO - Available CPUs: 4
2026-02-27 07:08:11,979 - INFO - Available RAM: 7083 MB
2026-02-27 07:08:11,981 - INFO - RAM per model: 2264 MB
2026-02-27 07:08:11,983 - INFO - Max actors by RAM: 3
2026-02-27 07:08:11,985 - INFO - Creating 1 ModelActor(s)
2026-02-27 07:08:11,986 - INFO - Let Ray handle scheduling (taskset already restricts CPU visibility)
2026-02-27 07:08:11,988 - INFO - Creating ModelActor 1/1 (2.21GB RAM each)...
2026-02-27 07:08:15,917 - INFO - ModelActor 1 created successfully.
2026-02-27 07:08:15,919 - INFO - Created 1 CPU actor(s). Task queue will handle concurrency.
2026-02-27 07:08:15,922 - INFO - Starting EQCCTPro parallelized waveform processing...
2026-02-27 07:08:15,924 - INFO - 
2026-02-27 07:08:15,926 - INFO - ------- Analyzing Seismic Waveforms for P and S Picks via EQCCT -------
2026-02-27 07:08:15,929 - INFO - Analyzing 0:01:00 minute timechunk from 2025-01-10 10:25:27 to 2025-01-10 10:26:27 (0 min overlap)
2026-02-27 07:08:15,931 - INFO - Processing a total of 1 stations, 1 at a time.
2026-02-27 07:08:17,826 - INFO - (1/1) RAF: Skipped (already exists - overwrite=False).
2026-02-27 07:08:17,829 - INFO - 
2026-02-27 07:08:17,832 - INFO - ------- Parallel Station Waveform Processing Complete For 2025-01-10 10:25:27 to 2025-01-10 10:26:27 Timechunk-------
2026-02-27 07:08:17,834 - INFO - Picks saved at /home/blackwinter/projects/eqcct/eqcctpro/results/csv/bm_explosions/20250110T102527Z_20250110T102627ZProcess Runtime: 1.91 s
2026-02-27 07:08:17,848 - INFO - Successfully ran EQCCTPro, exiting...
2026-02-27 07:08:19,355 - INFO - Ray Successfully Shutdown.
2026-02-27 07:08:19,356 - INFO - ------- Successfully Picked All Waveform(s) from all Timechunk(s) -------
