2026-03-28 21:37:57,491 - INFO - 
2026-03-28 21:37:57,492 - INFO - ------- Welcome to EQCCTPro -------
2026-03-28 21:37:57,492 - INFO - 
2026-03-28 21:37:57,492 - INFO - Running EQCCT over Requested MSeed Files using CPU(s)...
2026-03-28 21:37:57,492 - INFO - GPU disabled (CPU-only).
2026-03-28 23:29:37,028 - INFO - 
2026-03-28 23:29:37,029 - INFO - ------- Welcome to EQCCTPro -------
2026-03-28 23:29:37,029 - INFO - 
2026-03-28 23:29:37,029 - INFO - Running EQCCT over Requested MSeed Files using CPU(s)...
2026-03-28 23:29:37,030 - INFO - GPU disabled (CPU-only).
2026-03-28 23:29:37,030 - INFO - Configured Intra-op threads = 1
2026-03-28 23:29:37,030 - INFO - Configured Inter-op threads = 1
2026-03-28 23:29:37,030 - INFO - TensorFlow: No GPUs visible; TF will proceed on CPU.
2026-03-28 23:29:37,031 - INFO - 
2026-03-28 23:29:42,170 - INFO - Ray Successfully Initialized with 4 CPU(s) ([0, 1, 2, 3] CPU Affinity Binding).
2026-03-28 23:29:42,171 - INFO - Analyzing 1 time chunk(s) from 2025-01-08 12:02:24 to 2025-01-08 12:03:24 (dt=1min, overlap=0min).
2026-03-28 23:29:42,171 - INFO - Using 1 selected station(s).
2026-03-28 23:29:42,171 - INFO - 
2026-03-28 23:29:42,171 - INFO - ------- Starting EQCCTPro... -------
2026-03-28 23:29:42,171 - INFO - Detailed subprocess information can be found in the log file.
2026-03-28 23:29:42,171 - INFO - 
2026-03-28 23:29:42,594 - INFO - GPU disabled (CPU-only).
2026-03-28 23:29:44,282 - INFO - Configured Intra-op threads = 1
2026-03-28 23:29:44,285 - INFO - Configured Inter-op threads = 1
2026-03-28 23:29:44,328 - INFO - TensorFlow: No GPUs visible; TF will proceed on CPU.
2026-03-28 23:29:44,331 - INFO - 
2026-03-28 23:29:44,334 - INFO - ------- Hardware Configuration -------
2026-03-28 23:29:44,337 - INFO - CPU affinity set to cores: [0, 1, 2, 3]
2026-03-28 23:29:44,340 - INFO - 
2026-03-28 23:29:44,342 - INFO - ------- Data Preprocessing for EQCCTPro -------
2026-03-28 23:29:44,345 - INFO - 1 station(s) in /home/blackwinter/projects/eqcct/eqcctpro/data/waveforms_explosions_nonoise/20250108T120224Z_20250108T120324Z
2026-03-28 23:29:44,347 - INFO - Using 1 selected station(s): ['VAF'].
2026-03-28 23:29:44,349 - INFO - Creating model actor(s)...
2026-03-28 23:29:44,351 - INFO - System RAM: Total=7870 MB, Available=3706 MB
2026-03-28 23:29:44,353 - INFO - Usable RAM budget: 7083 MB (90% of total)
2026-03-28 23:29:44,356 - INFO - ===== MEMORY-AWARE CPU ACTOR POOL (EQCCT) =====
2026-03-28 23:29:44,358 - INFO - Requested concurrent tasks: 1
2026-03-28 23:29:44,359 - INFO - Available CPUs: 4
2026-03-28 23:29:44,362 - INFO - Available RAM: 7083 MB
2026-03-28 23:29:44,364 - INFO - RAM per model: 2264 MB
2026-03-28 23:29:44,367 - INFO - Max actors by RAM: 3
2026-03-28 23:29:44,370 - INFO - Creating 1 ModelActor(s)
2026-03-28 23:29:44,372 - INFO - Let Ray handle scheduling (taskset already restricts CPU visibility)
2026-03-28 23:29:44,375 - INFO - Creating ModelActor 1/1 (2.21GB RAM each)...
2026-03-28 23:29:48,845 - INFO - ModelActor 1 created successfully.
2026-03-28 23:29:48,847 - INFO - Created 1 CPU actor(s). Task queue will handle concurrency.
2026-03-28 23:29:48,850 - INFO - Starting EQCCTPro parallelized waveform processing...
2026-03-28 23:29:48,853 - INFO - 
2026-03-28 23:29:48,855 - INFO - ------- Analyzing Seismic Waveforms for P and S Picks via EQCCT -------
2026-03-28 23:29:48,858 - INFO - Analyzing 0:01:00 minute timechunk from 2025-01-08 12:02:24 to 2025-01-08 12:03:24 (0 min overlap)
2026-03-28 23:29:48,861 - INFO - Processing a total of 1 stations, 1 at a time.
2026-03-28 23:29:53,347 - INFO - (1/1) VAF: Finished the prediction in 2.45s. (HP=1.0, LP=45.0)
2026-03-28 23:29:53,349 - INFO - 
2026-03-28 23:29:53,352 - INFO - ------- Parallel Station Waveform Processing Complete For 2025-01-08 12:02:24 to 2025-01-08 12:03:24 Timechunk-------
2026-03-28 23:29:53,354 - INFO - Picks saved at /home/blackwinter/projects/eqcct/eqcctpro/results/csv/eqcct_explosions_th0_1/20250108T120224Z_20250108T120324ZProcess Runtime: 4.50 s
2026-03-28 23:29:53,359 - INFO - Successfully ran EQCCTPro, exiting...
2026-03-28 23:29:54,877 - INFO - Ray Successfully Shutdown.
2026-03-28 23:29:54,877 - INFO - ------- Successfully Picked All Waveform(s) from all Timechunk(s) -------
