2026-02-27 02:45:46,777 - INFO - 
2026-02-27 02:45:46,777 - INFO - ------- Welcome to EQCCTPro -------
2026-02-27 02:45:46,777 - INFO - 
2026-02-27 02:45:46,778 - INFO - Running EQCCT over Requested MSeed Files using CPU(s)...
2026-02-27 02:45:46,778 - INFO - GPU disabled (CPU-only).
2026-02-27 02:45:46,778 - INFO - Configured Intra-op threads = 1
2026-02-27 02:45:46,778 - INFO - Configured Inter-op threads = 1
2026-02-27 02:45:46,779 - INFO - TensorFlow: No GPUs visible; TF will proceed on CPU.
2026-02-27 02:45:46,779 - INFO - 
2026-02-27 02:45:52,405 - INFO - Ray Successfully Initialized with 4 CPU(s) ([0, 1, 2, 3] CPU Affinity Binding).
2026-02-27 02:45:52,405 - INFO - Analyzing 1 time chunk(s) from 2025-01-16 11:43:39 to 2025-01-16 11:44:39 (dt=1min, overlap=0min).
2026-02-27 02:45:52,405 - INFO - Using 1 selected station(s).
2026-02-27 02:45:52,405 - INFO - 
2026-02-27 02:45:52,406 - INFO - ------- Starting EQCCTPro... -------
2026-02-27 02:45:52,406 - INFO - Detailed subprocess information can be found in the log file.
2026-02-27 02:45:52,406 - INFO - 
2026-02-27 02:45:52,757 - INFO - GPU disabled (CPU-only).
2026-02-27 02:45:54,204 - INFO - Configured Intra-op threads = 1
2026-02-27 02:45:54,206 - INFO - Configured Inter-op threads = 1
2026-02-27 02:45:54,246 - INFO - TensorFlow: No GPUs visible; TF will proceed on CPU.
2026-02-27 02:45:54,248 - INFO - 
2026-02-27 02:45:54,250 - INFO - ------- Hardware Configuration -------
2026-02-27 02:45:54,253 - INFO - CPU affinity set to cores: [0, 1, 2, 3]
2026-02-27 02:45:54,255 - INFO - 
2026-02-27 02:45:54,256 - INFO - ------- Data Preprocessing for EQCCTPro -------
2026-02-27 02:45:54,258 - INFO - 1 station(s) in /home/blackwinter/projects/eqcct/eqcctpro/data/waveforms_explosions_nonoise/20250116T114339Z_20250116T114439Z
2026-02-27 02:45:54,260 - INFO - Using 1 selected station(s): ['TVF'].
2026-02-27 02:45:54,262 - INFO - Creating model actor(s)...
2026-02-27 02:45:54,263 - INFO - System RAM: Total=7870 MB, Available=2678 MB
2026-02-27 02:45:54,265 - INFO - Usable RAM budget: 7083 MB (90% of total)
2026-02-27 02:45:54,267 - INFO - ===== MEMORY-AWARE CPU ACTOR POOL (EQCCT) =====
2026-02-27 02:45:54,269 - INFO - Requested concurrent tasks: 1
2026-02-27 02:45:54,271 - INFO - Available CPUs: 4
2026-02-27 02:45:54,273 - INFO - Available RAM: 7083 MB
2026-02-27 02:45:54,275 - INFO - RAM per model: 2264 MB
2026-02-27 02:45:54,277 - INFO - Max actors by RAM: 3
2026-02-27 02:45:54,279 - INFO - Creating 1 ModelActor(s)
2026-02-27 02:45:54,281 - INFO - Let Ray handle scheduling (taskset already restricts CPU visibility)
2026-02-27 02:45:54,282 - INFO - Creating ModelActor 1/1 (2.21GB RAM each)...
2026-02-27 02:45:58,188 - INFO - ModelActor 1 created successfully.
2026-02-27 02:45:58,190 - INFO - Created 1 CPU actor(s). Task queue will handle concurrency.
2026-02-27 02:45:58,193 - INFO - Starting EQCCTPro parallelized waveform processing...
2026-02-27 02:45:58,195 - INFO - 
2026-02-27 02:45:58,197 - INFO - ------- Analyzing Seismic Waveforms for P and S Picks via EQCCT -------
2026-02-27 02:45:58,200 - INFO - Analyzing 0:01:00 minute timechunk from 2025-01-16 11:43:39 to 2025-01-16 11:44:39 (0 min overlap)
2026-02-27 02:45:58,202 - INFO - Processing a total of 1 stations, 1 at a time.
2026-02-27 02:46:02,255 - INFO - (1/1) TVF: Finished the prediction in 2.11s. (HP=1.0, LP=45.0)
2026-02-27 02:46:02,257 - INFO - 
2026-02-27 02:46:02,259 - INFO - ------- Parallel Station Waveform Processing Complete For 2025-01-16 11:43:39 to 2025-01-16 11:44:39 Timechunk-------
2026-02-27 02:46:02,261 - INFO - Picks saved at /home/blackwinter/projects/eqcct/eqcctpro/results/csv/bm_explosions/20250116T114339Z_20250116T114439ZProcess Runtime: 4.06 s
2026-02-27 02:46:02,266 - INFO - Successfully ran EQCCTPro, exiting...
2026-02-27 02:46:03,685 - INFO - Ray Successfully Shutdown.
2026-02-27 02:46:03,686 - INFO - ------- Successfully Picked All Waveform(s) from all Timechunk(s) -------
2026-02-27 09:41:56,313 - INFO - 
2026-02-27 09:41:56,314 - INFO - ------- Welcome to EQCCTPro -------
2026-02-27 09:41:56,314 - INFO - 
2026-02-27 09:41:56,314 - INFO - Running EQCCT over Requested MSeed Files using CPU(s)...
2026-02-27 09:41:56,315 - INFO - GPU disabled (CPU-only).
2026-02-27 09:41:56,315 - INFO - Configured Intra-op threads = 1
2026-02-27 09:41:56,315 - INFO - Configured Inter-op threads = 1
2026-02-27 09:41:56,315 - INFO - TensorFlow: No GPUs visible; TF will proceed on CPU.
2026-02-27 09:41:56,315 - INFO - 
2026-02-27 09:42:02,276 - INFO - Ray Successfully Initialized with 4 CPU(s) ([0, 1, 2, 3] CPU Affinity Binding).
2026-02-27 09:42:02,278 - INFO - Analyzing 1 time chunk(s) from 2025-01-16 11:43:39 to 2025-01-16 11:44:39 (dt=1min, overlap=0min).
2026-02-27 09:42:02,278 - INFO - Using 1 selected station(s).
2026-02-27 09:42:02,278 - INFO - 
2026-02-27 09:42:02,279 - INFO - ------- Starting EQCCTPro... -------
2026-02-27 09:42:02,279 - INFO - Detailed subprocess information can be found in the log file.
2026-02-27 09:42:02,279 - INFO - 
2026-02-27 09:42:02,663 - INFO - GPU disabled (CPU-only).
2026-02-27 09:42:04,200 - INFO - Configured Intra-op threads = 1
2026-02-27 09:42:04,203 - INFO - Configured Inter-op threads = 1
2026-02-27 09:42:04,244 - INFO - TensorFlow: No GPUs visible; TF will proceed on CPU.
2026-02-27 09:42:04,247 - INFO - 
2026-02-27 09:42:04,249 - INFO - ------- Hardware Configuration -------
2026-02-27 09:42:04,251 - INFO - CPU affinity set to cores: [0, 1, 2, 3]
2026-02-27 09:42:04,254 - INFO - 
2026-02-27 09:42:04,256 - INFO - ------- Data Preprocessing for EQCCTPro -------
2026-02-27 09:42:04,258 - INFO - 1 station(s) in /home/blackwinter/projects/eqcct/eqcctpro/data/waveforms_explosions_nonoise/20250116T114339Z_20250116T114439Z
2026-02-27 09:42:04,261 - INFO - Using 1 selected station(s): ['TVF'].
2026-02-27 09:42:04,262 - INFO - Creating model actor(s)...
2026-02-27 09:42:04,265 - INFO - System RAM: Total=7870 MB, Available=2730 MB
2026-02-27 09:42:04,267 - INFO - Usable RAM budget: 7083 MB (90% of total)
2026-02-27 09:42:04,268 - INFO - ===== MEMORY-AWARE CPU ACTOR POOL (EQCCT) =====
2026-02-27 09:42:04,270 - INFO - Requested concurrent tasks: 1
2026-02-27 09:42:04,272 - INFO - Available CPUs: 4
2026-02-27 09:42:04,274 - INFO - Available RAM: 7083 MB
2026-02-27 09:42:04,275 - INFO - RAM per model: 2264 MB
2026-02-27 09:42:04,277 - INFO - Max actors by RAM: 3
2026-02-27 09:42:04,279 - INFO - Creating 1 ModelActor(s)
2026-02-27 09:42:04,281 - INFO - Let Ray handle scheduling (taskset already restricts CPU visibility)
2026-02-27 09:42:04,283 - INFO - Creating ModelActor 1/1 (2.21GB RAM each)...
2026-02-27 09:42:08,172 - INFO - ModelActor 1 created successfully.
2026-02-27 09:42:08,175 - INFO - Created 1 CPU actor(s). Task queue will handle concurrency.
2026-02-27 09:42:08,177 - INFO - Starting EQCCTPro parallelized waveform processing...
2026-02-27 09:42:08,180 - INFO - 
2026-02-27 09:42:08,182 - INFO - ------- Analyzing Seismic Waveforms for P and S Picks via EQCCT -------
2026-02-27 09:42:08,185 - INFO - Analyzing 0:01:00 minute timechunk from 2025-01-16 11:43:39 to 2025-01-16 11:44:39 (0 min overlap)
2026-02-27 09:42:08,187 - INFO - Processing a total of 1 stations, 1 at a time.
2026-02-27 09:42:10,102 - INFO - (1/1) TVF: Skipped (already exists - overwrite=False).
2026-02-27 09:42:10,104 - INFO - 
2026-02-27 09:42:10,106 - INFO - ------- Parallel Station Waveform Processing Complete For 2025-01-16 11:43:39 to 2025-01-16 11:44:39 Timechunk-------
2026-02-27 09:42:10,112 - INFO - Successfully ran EQCCTPro, exiting...
2026-02-27 09:42:10,108 - INFO - Picks saved at /home/blackwinter/projects/eqcct/eqcctpro/results/csv/bm_explosions/20250116T114339Z_20250116T114439ZProcess Runtime: 1.93 s
2026-02-27 09:42:11,680 - INFO - Ray Successfully Shutdown.
2026-02-27 09:42:11,680 - INFO - ------- Successfully Picked All Waveform(s) from all Timechunk(s) -------
