2026-02-23 22:20:58,394 - INFO - 
2026-02-23 22:20:58,394 - INFO - ------- Welcome to EQCCTPro -------
2026-02-23 22:20:58,394 - INFO - 
2026-02-23 22:20:58,395 - INFO - Running EQCCT over Requested MSeed Files using CPU(s)...
2026-02-23 22:20:58,395 - INFO - GPU disabled (CPU-only).
2026-02-23 22:20:58,395 - INFO - Configured Intra-op threads = 1
2026-02-23 22:20:58,395 - INFO - Configured Inter-op threads = 1
2026-02-23 22:20:58,396 - INFO - TensorFlow: No GPUs visible; TF will proceed on CPU.
2026-02-23 22:20:58,396 - INFO - 
2026-02-23 22:21:03,902 - INFO - Ray Successfully Initialized with 4 CPU(s) ([0, 1, 2, 3] CPU Affinity Binding).
2026-02-23 22:21:03,902 - INFO - Analyzing 1 time chunk(s) from 2025-04-12 21:41:07 to 2025-04-12 21:42:07 (dt=1min, overlap=0min).
2026-02-23 22:21:03,902 - INFO - Using 1 selected station(s).
2026-02-23 22:21:03,902 - INFO - 
2026-02-23 22:21:03,903 - INFO - ------- Starting EQCCTPro... -------
2026-02-23 22:21:03,903 - INFO - Detailed subprocess information can be found in the log file.
2026-02-23 22:21:03,903 - INFO - 
2026-02-23 22:21:04,252 - INFO - GPU disabled (CPU-only).
2026-02-23 22:21:05,790 - INFO - Configured Intra-op threads = 1
2026-02-23 22:21:05,793 - INFO - Configured Inter-op threads = 1
2026-02-23 22:21:05,839 - INFO - TensorFlow: No GPUs visible; TF will proceed on CPU.
2026-02-23 22:21:05,841 - INFO - 
2026-02-23 22:21:05,844 - INFO - ------- Hardware Configuration -------
2026-02-23 22:21:05,846 - INFO - CPU affinity set to cores: [0, 1, 2, 3]
2026-02-23 22:21:05,848 - INFO - 
2026-02-23 22:21:05,850 - INFO - ------- Data Preprocessing for EQCCTPro -------
2026-02-23 22:21:05,852 - INFO - 1 station(s) in /home/blackwinter/projects/eqcct/eqcctpro/data/waveforms_earthquakes_noise_only/20250412T214107Z_20250412T214207Z
2026-02-23 22:21:05,853 - INFO - Using 1 selected station(s): ['NIF'].
2026-02-23 22:21:05,855 - INFO - Creating model actor(s)...
2026-02-23 22:21:05,857 - INFO - System RAM: Total=7870 MB, Available=2850 MB
2026-02-23 22:21:05,860 - INFO - Usable RAM budget: 7083 MB (90% of total)
2026-02-23 22:21:05,862 - INFO - ===== MEMORY-AWARE CPU ACTOR POOL (EQCCT) =====
2026-02-23 22:21:05,865 - INFO - Requested concurrent tasks: 1
2026-02-23 22:21:05,867 - INFO - Available CPUs: 4
2026-02-23 22:21:05,869 - INFO - Available RAM: 7083 MB
2026-02-23 22:21:05,872 - INFO - RAM per model: 2264 MB
2026-02-23 22:21:05,874 - INFO - Max actors by RAM: 3
2026-02-23 22:21:05,877 - INFO - Creating 1 ModelActor(s)
2026-02-23 22:21:05,879 - INFO - Let Ray handle scheduling (taskset already restricts CPU visibility)
2026-02-23 22:21:05,881 - INFO - Creating ModelActor 1/1 (2.21GB RAM each)...
2026-02-23 22:21:09,804 - INFO - ModelActor 1 created successfully.
2026-02-23 22:21:09,806 - INFO - Created 1 CPU actor(s). Task queue will handle concurrency.
2026-02-23 22:21:09,808 - INFO - Starting EQCCTPro parallelized waveform processing...
2026-02-23 22:21:09,810 - INFO - 
2026-02-23 22:21:09,812 - INFO - ------- Analyzing Seismic Waveforms for P and S Picks via EQCCT -------
2026-02-23 22:21:09,814 - INFO - Analyzing 0:01:00 minute timechunk from 2025-04-12 21:41:07 to 2025-04-12 21:42:07 (0 min overlap)
2026-02-23 22:21:09,816 - INFO - Processing a total of 1 stations, 1 at a time.
2026-02-23 22:21:14,004 - INFO - (1/1) NIF: Finished the prediction in 2.17s. (HP=1.0, LP=45.0)
2026-02-23 22:21:14,007 - INFO - 
2026-02-23 22:21:14,010 - INFO - ------- Parallel Station Waveform Processing Complete For 2025-04-12 21:41:07 to 2025-04-12 21:42:07 Timechunk-------
2026-02-23 22:21:14,013 - INFO - Picks saved at /home/blackwinter/projects/eqcct/eqcctpro/results/csv/bm_eq_noise_only/20250412T214107Z_20250412T214207ZProcess Runtime: 4.20 s
2026-02-23 22:21:14,020 - INFO - Successfully ran EQCCTPro, exiting...
2026-02-23 22:21:15,652 - INFO - Ray Successfully Shutdown.
2026-02-23 22:21:15,652 - INFO - ------- Successfully Picked All Waveform(s) from all Timechunk(s) -------
