2026-02-23 19:29:54,585 - INFO - 
2026-02-23 19:29:54,585 - INFO - ------- Welcome to EQCCTPro -------
2026-02-23 19:29:54,585 - INFO - 
2026-02-23 19:29:54,586 - INFO - Running EQCCT over Requested MSeed Files using CPU(s)...
2026-02-23 19:29:54,586 - INFO - GPU disabled (CPU-only).
2026-02-23 19:29:54,586 - INFO - Configured Intra-op threads = 1
2026-02-23 19:29:54,587 - INFO - Configured Inter-op threads = 1
2026-02-23 19:29:54,587 - INFO - TensorFlow: No GPUs visible; TF will proceed on CPU.
2026-02-23 19:29:54,587 - INFO - 
2026-02-23 19:30:00,068 - INFO - Ray Successfully Initialized with 4 CPU(s) ([0, 1, 2, 3] CPU Affinity Binding).
2026-02-23 19:30:00,068 - INFO - Analyzing 1 time chunk(s) from 2025-02-22 21:31:10 to 2025-02-22 21:32:10 (dt=1min, overlap=0min).
2026-02-23 19:30:00,068 - INFO - Using 1 selected station(s).
2026-02-23 19:30:00,068 - INFO - 
2026-02-23 19:30:00,068 - INFO - ------- Starting EQCCTPro... -------
2026-02-23 19:30:00,069 - INFO - Detailed subprocess information can be found in the log file.
2026-02-23 19:30:00,069 - INFO - 
2026-02-23 19:30:00,441 - INFO - GPU disabled (CPU-only).
2026-02-23 19:30:01,936 - INFO - Configured Intra-op threads = 1
2026-02-23 19:30:01,938 - INFO - Configured Inter-op threads = 1
2026-02-23 19:30:01,978 - INFO - TensorFlow: No GPUs visible; TF will proceed on CPU.
2026-02-23 19:30:01,981 - INFO - 
2026-02-23 19:30:01,983 - INFO - ------- Hardware Configuration -------
2026-02-23 19:30:01,985 - INFO - CPU affinity set to cores: [0, 1, 2, 3]
2026-02-23 19:30:01,988 - INFO - 
2026-02-23 19:30:01,990 - INFO - ------- Data Preprocessing for EQCCTPro -------
2026-02-23 19:30:01,992 - INFO - 1 station(s) in /home/blackwinter/projects/eqcct/eqcctpro/data/waveforms_earthquakes_noise_only/20250222T213110Z_20250222T213210Z
2026-02-23 19:30:01,994 - INFO - Using 1 selected station(s): ['RAF'].
2026-02-23 19:30:01,997 - INFO - Creating model actor(s)...
2026-02-23 19:30:01,999 - INFO - System RAM: Total=7870 MB, Available=3602 MB
2026-02-23 19:30:02,001 - INFO - Usable RAM budget: 7083 MB (90% of total)
2026-02-23 19:30:02,004 - INFO - ===== MEMORY-AWARE CPU ACTOR POOL (EQCCT) =====
2026-02-23 19:30:02,006 - INFO - Requested concurrent tasks: 1
2026-02-23 19:30:02,008 - INFO - Available CPUs: 4
2026-02-23 19:30:02,011 - INFO - Available RAM: 7083 MB
2026-02-23 19:30:02,013 - INFO - RAM per model: 2264 MB
2026-02-23 19:30:02,016 - INFO - Max actors by RAM: 3
2026-02-23 19:30:02,019 - INFO - Creating 1 ModelActor(s)
2026-02-23 19:30:02,021 - INFO - Let Ray handle scheduling (taskset already restricts CPU visibility)
2026-02-23 19:30:02,024 - INFO - Creating ModelActor 1/1 (2.21GB RAM each)...
2026-02-23 19:30:05,875 - INFO - ModelActor 1 created successfully.
2026-02-23 19:30:05,878 - INFO - Created 1 CPU actor(s). Task queue will handle concurrency.
2026-02-23 19:30:05,880 - INFO - Starting EQCCTPro parallelized waveform processing...
2026-02-23 19:30:05,882 - INFO - 
2026-02-23 19:30:05,884 - INFO - ------- Analyzing Seismic Waveforms for P and S Picks via EQCCT -------
2026-02-23 19:30:05,886 - INFO - Analyzing 0:01:00 minute timechunk from 2025-02-22 21:31:10 to 2025-02-22 21:32:10 (0 min overlap)
2026-02-23 19:30:05,889 - INFO - Processing a total of 1 stations, 1 at a time.
2026-02-23 19:30:09,962 - INFO - (1/1) RAF: Finished the prediction in 2.17s. (HP=1.0, LP=45.0)
2026-02-23 19:30:09,964 - INFO - 
2026-02-23 19:30:09,967 - INFO - ------- Parallel Station Waveform Processing Complete For 2025-02-22 21:31:10 to 2025-02-22 21:32:10 Timechunk-------
2026-02-23 19:30:09,969 - INFO - Picks saved at /home/blackwinter/projects/eqcct/eqcctpro/results/csv/bm_eq_noise_only/20250222T213110Z_20250222T213210ZProcess Runtime: 4.09 s
2026-02-23 19:30:09,976 - INFO - Successfully ran EQCCTPro, exiting...
2026-02-23 19:30:11,621 - INFO - Ray Successfully Shutdown.
2026-02-23 19:30:11,621 - INFO - ------- Successfully Picked All Waveform(s) from all Timechunk(s) -------
