2026-03-27 20:10:58,423 - INFO - 
2026-03-27 20:10:58,424 - INFO - ------- Welcome to EQCCTPro -------
2026-03-27 20:10:58,424 - INFO - 
2026-03-27 20:10:58,424 - INFO - Running EQCCT over Requested MSeed Files using CPU(s)...
2026-03-27 20:10:58,424 - INFO - GPU disabled (CPU-only).
2026-03-27 20:10:58,424 - INFO - Skipping framework-specific initialization in the driver process.
2026-03-27 20:11:00,831 - INFO - Ray Successfully Initialized with 4 CPU(s) ([0, 1, 2, 3] CPU Affinity Binding).
2026-03-27 20:11:00,832 - INFO - Analyzing 1 time chunk(s) from 2025-08-17 03:15:20 to 2025-08-17 03:16:20 (dt=1min, overlap=0min).
2026-03-27 20:11:00,832 - INFO - Using 1 selected station(s).
2026-03-27 20:11:00,832 - INFO - 
2026-03-27 20:11:00,832 - INFO - ------- Starting EQCCTPro... -------
2026-03-27 20:11:00,833 - INFO - Detailed subprocess information can be found in the log file.
2026-03-27 20:11:00,833 - INFO - 
2026-03-27 20:11:01,099 - INFO - GPU disabled (CPU-only).
2026-03-27 20:11:01,104 - INFO - Skipping framework-specific initialization in the driver process.
2026-03-27 20:11:01,106 - INFO - ------- Hardware Configuration -------
2026-03-27 20:11:01,109 - INFO - CPU affinity set to cores: [0, 1, 2, 3]
2026-03-27 20:11:01,112 - INFO - 
2026-03-27 20:11:01,114 - INFO - ------- Data Preprocessing for EQCCTPro -------
2026-03-27 20:11:01,117 - INFO - 1 station(s) in /home/blackwinter/projects/eqcct/eqcctpro/data/waveforms_earthquakes_nonoise/20250817T031520Z_20250817T031620Z
2026-03-27 20:11:01,120 - INFO - Using 1 selected station(s): ['OBF3'].
2026-03-27 20:11:01,122 - INFO - Creating model actor(s)...
2026-03-27 20:11:01,124 - INFO - System RAM: Total=7870 MB, Available=5917 MB
2026-03-27 20:11:01,126 - INFO - Usable RAM budget: 7083 MB (90% of total)
2026-03-27 20:11:01,127 - INFO - ===== MEMORY-AWARE CPU ACTOR POOL =====
2026-03-27 20:11:01,129 - INFO - Requested concurrent tasks: 1
2026-03-27 20:11:01,131 - INFO - Available CPUs: 4
2026-03-27 20:11:01,133 - INFO - Available RAM: 7083 MB
2026-03-27 20:11:01,135 - INFO - RAM per model: 2060 MB
2026-03-27 20:11:01,137 - INFO - Max actors by RAM: 3
2026-03-27 20:11:01,139 - INFO - Creating 1 SeisBenchModelActor(s)
2026-03-27 20:11:01,142 - INFO - Let Ray handle scheduling (taskset already restricts CPU visibility)
2026-03-27 20:11:01,144 - INFO - Creating SeisBenchModelActor 1/1 (2.01GB RAM each)...
2026-03-27 20:11:04,131 - INFO - SeisBenchModelActor 1 created successfully.
2026-03-27 20:11:04,133 - INFO - Created 1 CPU actor(s). Task queue will handle concurrency.
2026-03-27 20:11:04,135 - INFO - Starting EQCCTPro parallelized waveform processing...
2026-03-27 20:11:04,137 - INFO - 
2026-03-27 20:11:04,139 - INFO - ------- Analyzing Seismic Waveforms for P and S Picks via SeisBench (EQTransformer - original_nonconservative) -------
2026-03-27 20:11:04,141 - INFO - Analyzing 0:01:00 minute timechunk from 2025-08-17 03:15:20 to 2025-08-17 03:16:20 (0 min overlap)
2026-03-27 20:11:04,143 - INFO - Processing a total of 1 stations, 1 at a time.
2026-03-27 20:11:06,334 - INFO - (1/1) OBF3: Finished the prediction in 0.14s. (HP=1.0, LP=45.0, picks=2)
2026-03-27 20:11:06,336 - INFO - 
2026-03-27 20:11:06,339 - INFO - ------- Parallel Station Waveform Processing Complete For 2025-08-17 03:15:20 to 2025-08-17 03:16:20 Timechunk-------
2026-03-27 20:11:06,341 - INFO - Picks saved at /home/blackwinter/projects/eqcct/eqcctpro/results/csv/eqt_earthquakes_th0_1/20250817T031520Z_20250817T031620ZProcess Runtime: 2.20 s
2026-03-27 20:11:06,346 - INFO - Successfully ran EQCCTPro, exiting...
2026-03-27 20:11:08,033 - INFO - Ray Successfully Shutdown.
2026-03-27 20:11:08,034 - INFO - ------- Successfully Picked All Waveform(s) from all Timechunk(s) -------
2026-03-28 02:37:21,048 - INFO - 
2026-03-28 02:37:21,048 - INFO - ------- Welcome to EQCCTPro -------
2026-03-28 02:37:21,048 - INFO - 
2026-03-28 02:37:21,049 - INFO - Running EQCCT over Requested MSeed Files using CPU(s)...
2026-03-28 02:37:21,049 - INFO - GPU disabled (CPU-only).
2026-03-28 02:37:21,049 - INFO - Skipping framework-specific initialization in the driver process.
2026-03-28 02:37:23,538 - INFO - Ray Successfully Initialized with 4 CPU(s) ([0, 1, 2, 3] CPU Affinity Binding).
2026-03-28 02:37:23,538 - INFO - Analyzing 1 time chunk(s) from 2025-08-17 03:15:20 to 2025-08-17 03:16:20 (dt=1min, overlap=0min).
2026-03-28 02:37:23,538 - INFO - Using 1 selected station(s).
2026-03-28 02:37:23,539 - INFO - 
2026-03-28 02:37:23,539 - INFO - ------- Starting EQCCTPro... -------
2026-03-28 02:37:23,539 - INFO - Detailed subprocess information can be found in the log file.
2026-03-28 02:37:23,539 - INFO - 
2026-03-28 02:37:23,835 - INFO - GPU disabled (CPU-only).
2026-03-28 02:37:23,840 - INFO - Skipping framework-specific initialization in the driver process.
2026-03-28 02:37:23,843 - INFO - ------- Hardware Configuration -------
2026-03-28 02:37:23,847 - INFO - CPU affinity set to cores: [0, 1, 2, 3]
2026-03-28 02:37:23,850 - INFO - 
2026-03-28 02:37:23,852 - INFO - ------- Data Preprocessing for EQCCTPro -------
2026-03-28 02:37:23,855 - INFO - 1 station(s) in /home/blackwinter/projects/eqcct/eqcctpro/data/waveforms_earthquakes_nonoise/20250817T031520Z_20250817T031620Z
2026-03-28 02:37:23,857 - INFO - Using 1 selected station(s): ['OBF3'].
2026-03-28 02:37:23,859 - INFO - Creating model actor(s)...
2026-03-28 02:37:23,862 - INFO - System RAM: Total=7870 MB, Available=5728 MB
2026-03-28 02:37:23,864 - INFO - Usable RAM budget: 7083 MB (90% of total)
2026-03-28 02:37:23,867 - INFO - ===== MEMORY-AWARE CPU ACTOR POOL =====
2026-03-28 02:37:23,870 - INFO - Requested concurrent tasks: 1
2026-03-28 02:37:23,874 - INFO - Available CPUs: 4
2026-03-28 02:37:23,876 - INFO - Available RAM: 7083 MB
2026-03-28 02:37:23,879 - INFO - RAM per model: 2060 MB
2026-03-28 02:37:23,882 - INFO - Max actors by RAM: 3
2026-03-28 02:37:23,885 - INFO - Creating 1 SeisBenchModelActor(s)
2026-03-28 02:37:23,888 - INFO - Let Ray handle scheduling (taskset already restricts CPU visibility)
2026-03-28 02:37:23,891 - INFO - Creating SeisBenchModelActor 1/1 (2.01GB RAM each)...
2026-03-28 02:37:27,288 - INFO - SeisBenchModelActor 1 created successfully.
2026-03-28 02:37:27,290 - INFO - Created 1 CPU actor(s). Task queue will handle concurrency.
2026-03-28 02:37:27,293 - INFO - Starting EQCCTPro parallelized waveform processing...
2026-03-28 02:37:27,295 - INFO - 
2026-03-28 02:37:27,298 - INFO - ------- Analyzing Seismic Waveforms for P and S Picks via SeisBench (EQTransformer - original_nonconservative) -------
2026-03-28 02:37:27,301 - INFO - Analyzing 0:01:00 minute timechunk from 2025-08-17 03:15:20 to 2025-08-17 03:16:20 (0 min overlap)
2026-03-28 02:37:27,304 - INFO - Processing a total of 1 stations, 1 at a time.
2026-03-28 02:37:29,355 - INFO - (1/1) OBF3: Skipped (already exists - overwrite=False).
2026-03-28 02:37:29,357 - INFO - 
2026-03-28 02:37:29,360 - INFO - ------- Parallel Station Waveform Processing Complete For 2025-08-17 03:15:20 to 2025-08-17 03:16:20 Timechunk-------
2026-03-28 02:37:29,363 - INFO - Picks saved at /home/blackwinter/projects/eqcct/eqcctpro/results/csv/eqt_earthquakes_th0_1/20250817T031520Z_20250817T031620ZProcess Runtime: 2.06 s
2026-03-28 02:37:29,372 - INFO - Successfully ran EQCCTPro, exiting...
2026-03-28 02:37:31,078 - INFO - Ray Successfully Shutdown.
2026-03-28 02:37:31,078 - INFO - ------- Successfully Picked All Waveform(s) from all Timechunk(s) -------
