2026-03-28 11:26:42,377 - INFO - 
2026-03-28 11:26:42,377 - INFO - ------- Welcome to EQCCTPro -------
2026-03-28 11:26:42,377 - INFO - 
2026-03-28 11:26:42,377 - INFO - Running EQCCT over Requested MSeed Files using CPU(s)...
2026-03-28 11:26:42,378 - INFO - GPU disabled (CPU-only).
2026-03-28 11:26:42,378 - INFO - Skipping framework-specific initialization in the driver process.
2026-03-28 11:26:43,818 - INFO - Ray Successfully Initialized with 4 CPU(s) ([0, 1, 2, 3] CPU Affinity Binding).
2026-03-28 11:26:43,819 - INFO - Analyzing 1 time chunk(s) from 2025-01-07 16:55:40 to 2025-01-07 16:56:40 (dt=1min, overlap=0min).
2026-03-28 11:26:43,819 - INFO - Using 1 selected station(s).
2026-03-28 11:26:43,819 - INFO - 
2026-03-28 11:26:43,820 - INFO - ------- Starting EQCCTPro... -------
2026-03-28 11:26:43,820 - INFO - Detailed subprocess information can be found in the log file.
2026-03-28 11:26:43,820 - INFO - 
2026-03-28 11:26:44,103 - INFO - GPU disabled (CPU-only).
2026-03-28 11:26:44,108 - INFO - Skipping framework-specific initialization in the driver process.
2026-03-28 11:26:44,111 - INFO - ------- Hardware Configuration -------
2026-03-28 11:26:44,114 - INFO - CPU affinity set to cores: [0, 1, 2, 3]
2026-03-28 11:26:44,117 - INFO - 
2026-03-28 11:26:44,120 - INFO - ------- Data Preprocessing for EQCCTPro -------
2026-03-28 11:26:44,122 - INFO - 1 station(s) in /home/blackwinter/projects/eqcct/eqcctpro/data/waveforms_noise_only/20250107T165540Z_20250107T165640Z
2026-03-28 11:26:44,125 - INFO - Using 1 selected station(s): ['OUF'].
2026-03-28 11:26:44,127 - INFO - Creating model actor(s)...
2026-03-28 11:26:44,130 - INFO - System RAM: Total=7870 MB, Available=4654 MB
2026-03-28 11:26:44,133 - INFO - Usable RAM budget: 7083 MB (90% of total)
2026-03-28 11:26:44,135 - INFO - ===== MEMORY-AWARE CPU ACTOR POOL =====
2026-03-28 11:26:44,138 - INFO - Requested concurrent tasks: 1
2026-03-28 11:26:44,140 - INFO - Available CPUs: 4
2026-03-28 11:26:44,143 - INFO - Available RAM: 7083 MB
2026-03-28 11:26:44,146 - INFO - RAM per model: 2060 MB
2026-03-28 11:26:44,148 - INFO - Max actors by RAM: 3
2026-03-28 11:26:44,151 - INFO - Creating 1 SeisBenchModelActor(s)
2026-03-28 11:26:44,153 - INFO - Let Ray handle scheduling (taskset already restricts CPU visibility)
2026-03-28 11:26:44,156 - INFO - Creating SeisBenchModelActor 1/1 (2.01GB RAM each)...
2026-03-28 11:26:46,984 - INFO - SeisBenchModelActor 1 created successfully.
2026-03-28 11:26:46,986 - INFO - Created 1 CPU actor(s). Task queue will handle concurrency.
2026-03-28 11:26:46,989 - INFO - Starting EQCCTPro parallelized waveform processing...
2026-03-28 11:26:46,991 - INFO - 
2026-03-28 11:26:46,994 - INFO - ------- Analyzing Seismic Waveforms for P and S Picks via SeisBench (EQTransformer - original_nonconservative) -------
2026-03-28 11:26:46,996 - INFO - Analyzing 0:01:00 minute timechunk from 2025-01-07 16:55:40 to 2025-01-07 16:56:40 (0 min overlap)
2026-03-28 11:26:46,999 - INFO - Processing a total of 1 stations, 1 at a time.
2026-03-28 11:26:49,211 - INFO - (1/1) OUF: Finished the prediction in 0.13s. (HP=1.0, LP=45.0, picks=0)
2026-03-28 11:26:49,214 - INFO - 
2026-03-28 11:26:49,216 - INFO - ------- Parallel Station Waveform Processing Complete For 2025-01-07 16:55:40 to 2025-01-07 16:56:40 Timechunk-------
2026-03-28 11:26:49,219 - INFO - Picks saved at /home/blackwinter/projects/eqcct/eqcctpro/results/csv/eqt_noise_th0_1/20250107T165540Z_20250107T165640ZProcess Runtime: 2.23 s
2026-03-28 11:26:49,225 - INFO - Successfully ran EQCCTPro, exiting...
2026-03-28 11:26:50,963 - INFO - Ray Successfully Shutdown.
2026-03-28 11:26:50,963 - INFO - ------- Successfully Picked All Waveform(s) from all Timechunk(s) -------
