2026-03-29 12:25:06,895 - INFO - 
2026-03-29 12:25:06,895 - INFO - ------- Welcome to EQCCTPro -------
2026-03-29 12:25:06,895 - INFO - 
2026-03-29 12:25:06,895 - INFO - Running EQCCT over Requested MSeed Files using CPU(s)...
2026-03-29 12:25:06,896 - INFO - GPU disabled (CPU-only).
2026-03-29 12:25:06,896 - INFO - Configured Intra-op threads = 1
2026-03-29 12:25:06,896 - INFO - Configured Inter-op threads = 1
2026-03-29 12:25:06,896 - INFO - TensorFlow: No GPUs visible; TF will proceed on CPU.
2026-03-29 12:25:06,896 - INFO - 
2026-03-29 12:25:12,722 - INFO - Ray Successfully Initialized with 4 CPU(s) ([0, 1, 2, 3] CPU Affinity Binding).
2026-03-29 12:25:12,723 - INFO - Analyzing 1 time chunk(s) from 2025-01-05 23:52:35 to 2025-01-05 23:53:35 (dt=1min, overlap=0min).
2026-03-29 12:25:12,724 - INFO - Using 1 selected station(s).
2026-03-29 12:25:12,724 - INFO - 
2026-03-29 12:25:12,724 - INFO - ------- Starting EQCCTPro... -------
2026-03-29 12:25:12,724 - INFO - Detailed subprocess information can be found in the log file.
2026-03-29 12:25:12,724 - INFO - 
2026-03-29 12:25:13,144 - INFO - GPU disabled (CPU-only).
2026-03-29 12:25:14,752 - INFO - Configured Intra-op threads = 1
2026-03-29 12:25:14,755 - INFO - Configured Inter-op threads = 1
2026-03-29 12:25:14,797 - INFO - TensorFlow: No GPUs visible; TF will proceed on CPU.
2026-03-29 12:25:14,800 - INFO - 
2026-03-29 12:25:14,802 - INFO - ------- Hardware Configuration -------
2026-03-29 12:25:14,804 - INFO - CPU affinity set to cores: [0, 1, 2, 3]
2026-03-29 12:25:14,807 - INFO - 
2026-03-29 12:25:14,809 - INFO - ------- Data Preprocessing for EQCCTPro -------
2026-03-29 12:25:14,811 - INFO - 1 station(s) in /home/blackwinter/projects/eqcct/eqcctpro/data/waveforms_noise_only/20250105T235235Z_20250105T235335Z
2026-03-29 12:25:14,813 - INFO - Using 1 selected station(s): ['KMNF'].
2026-03-29 12:25:14,815 - INFO - Creating model actor(s)...
2026-03-29 12:25:14,817 - INFO - System RAM: Total=7870 MB, Available=4674 MB
2026-03-29 12:25:14,819 - INFO - Usable RAM budget: 7083 MB (90% of total)
2026-03-29 12:25:14,821 - INFO - ===== MEMORY-AWARE CPU ACTOR POOL (EQCCT) =====
2026-03-29 12:25:14,823 - INFO - Requested concurrent tasks: 1
2026-03-29 12:25:14,825 - INFO - Available CPUs: 4
2026-03-29 12:25:14,826 - INFO - Available RAM: 7083 MB
2026-03-29 12:25:14,828 - INFO - RAM per model: 2264 MB
2026-03-29 12:25:14,830 - INFO - Max actors by RAM: 3
2026-03-29 12:25:14,832 - INFO - Creating 1 ModelActor(s)
2026-03-29 12:25:14,834 - INFO - Let Ray handle scheduling (taskset already restricts CPU visibility)
2026-03-29 12:25:14,836 - INFO - Creating ModelActor 1/1 (2.21GB RAM each)...
2026-03-29 12:25:19,033 - INFO - ModelActor 1 created successfully.
2026-03-29 12:25:19,035 - INFO - Created 1 CPU actor(s). Task queue will handle concurrency.
2026-03-29 12:25:19,038 - INFO - Starting EQCCTPro parallelized waveform processing...
2026-03-29 12:25:19,041 - INFO - 
2026-03-29 12:25:19,044 - INFO - ------- Analyzing Seismic Waveforms for P and S Picks via EQCCT -------
2026-03-29 12:25:19,047 - INFO - Analyzing 0:01:00 minute timechunk from 2025-01-05 23:52:35 to 2025-01-05 23:53:35 (0 min overlap)
2026-03-29 12:25:19,049 - INFO - Processing a total of 1 stations, 1 at a time.
2026-03-29 12:25:23,598 - INFO - (1/1) KMNF: Finished the prediction in 2.51s. (HP=1.0, LP=45.0)
2026-03-29 12:25:23,602 - INFO - 
2026-03-29 12:25:23,604 - INFO - ------- Parallel Station Waveform Processing Complete For 2025-01-05 23:52:35 to 2025-01-05 23:53:35 Timechunk-------
2026-03-29 12:25:23,606 - INFO - Picks saved at /home/blackwinter/projects/eqcct/eqcctpro/results/csv/eqcct_noise_th0_1/20250105T235235Z_20250105T235335ZProcess Runtime: 4.56 s
2026-03-29 12:25:23,611 - INFO - Successfully ran EQCCTPro, exiting...
2026-03-29 12:25:25,238 - INFO - Ray Successfully Shutdown.
2026-03-29 12:25:25,238 - INFO - ------- Successfully Picked All Waveform(s) from all Timechunk(s) -------
