2026-03-27 18:49:35,984 - INFO - 
2026-03-27 18:49:35,984 - INFO - ------- Welcome to EQCCTPro -------
2026-03-27 18:49:35,984 - INFO - 
2026-03-27 18:49:35,985 - INFO - Running EQCCT over Requested MSeed Files using CPU(s)...
2026-03-27 18:49:35,985 - INFO - GPU disabled (CPU-only).
2026-03-27 18:49:35,985 - INFO - Skipping framework-specific initialization in the driver process.
2026-03-27 18:49:37,379 - INFO - Ray Successfully Initialized with 4 CPU(s) ([0, 1, 2, 3] CPU Affinity Binding).
2026-03-27 18:49:37,380 - INFO - Analyzing 1 time chunk(s) from 2025-05-15 13:20:31 to 2025-05-15 13:21:31 (dt=1min, overlap=0min).
2026-03-27 18:49:37,380 - INFO - Using 1 selected station(s).
2026-03-27 18:49:37,380 - INFO - 
2026-03-27 18:49:37,380 - INFO - ------- Starting EQCCTPro... -------
2026-03-27 18:49:37,380 - INFO - Detailed subprocess information can be found in the log file.
2026-03-27 18:49:37,380 - INFO - 
2026-03-27 18:49:37,658 - INFO - GPU disabled (CPU-only).
2026-03-27 18:49:37,662 - INFO - Skipping framework-specific initialization in the driver process.
2026-03-27 18:49:37,665 - INFO - ------- Hardware Configuration -------
2026-03-27 18:49:37,668 - INFO - CPU affinity set to cores: [0, 1, 2, 3]
2026-03-27 18:49:37,670 - INFO - 
2026-03-27 18:49:37,673 - INFO - ------- Data Preprocessing for EQCCTPro -------
2026-03-27 18:49:37,675 - INFO - 1 station(s) in /home/blackwinter/projects/eqcct/eqcctpro/data/waveforms_earthquakes_nonoise/20250515T132031Z_20250515T132131Z
2026-03-27 18:49:37,678 - INFO - Using 1 selected station(s): ['SGF'].
2026-03-27 18:49:37,680 - INFO - Creating model actor(s)...
2026-03-27 18:49:37,683 - INFO - System RAM: Total=7870 MB, Available=6068 MB
2026-03-27 18:49:37,686 - INFO - Usable RAM budget: 7083 MB (90% of total)
2026-03-27 18:49:37,689 - INFO - ===== MEMORY-AWARE CPU ACTOR POOL =====
2026-03-27 18:49:37,692 - INFO - Requested concurrent tasks: 1
2026-03-27 18:49:37,694 - INFO - Available CPUs: 4
2026-03-27 18:49:37,696 - INFO - Available RAM: 7083 MB
2026-03-27 18:49:37,699 - INFO - RAM per model: 2060 MB
2026-03-27 18:49:37,701 - INFO - Max actors by RAM: 3
2026-03-27 18:49:37,704 - INFO - Creating 1 SeisBenchModelActor(s)
2026-03-27 18:49:37,706 - INFO - Let Ray handle scheduling (taskset already restricts CPU visibility)
2026-03-27 18:49:37,708 - INFO - Creating SeisBenchModelActor 1/1 (2.01GB RAM each)...
2026-03-27 18:49:40,538 - INFO - SeisBenchModelActor 1 created successfully.
2026-03-27 18:49:40,540 - INFO - Created 1 CPU actor(s). Task queue will handle concurrency.
2026-03-27 18:49:40,542 - INFO - Starting EQCCTPro parallelized waveform processing...
2026-03-27 18:49:40,545 - INFO - 
2026-03-27 18:49:40,547 - INFO - ------- Analyzing Seismic Waveforms for P and S Picks via SeisBench (EQTransformer - original_nonconservative) -------
2026-03-27 18:49:40,550 - INFO - Analyzing 0:01:00 minute timechunk from 2025-05-15 13:20:31 to 2025-05-15 13:21:31 (0 min overlap)
2026-03-27 18:49:40,552 - INFO - Processing a total of 1 stations, 1 at a time.
2026-03-27 18:49:42,728 - INFO - (1/1) SGF: Finished the prediction in 0.13s. (HP=1.0, LP=45.0, picks=2)
2026-03-27 18:49:42,731 - INFO - 
2026-03-27 18:49:42,734 - INFO - ------- Parallel Station Waveform Processing Complete For 2025-05-15 13:20:31 to 2025-05-15 13:21:31 Timechunk-------
2026-03-27 18:49:42,736 - INFO - Picks saved at /home/blackwinter/projects/eqcct/eqcctpro/results/csv/eqt_earthquakes_th0_1/20250515T132031Z_20250515T132131ZProcess Runtime: 2.19 s
2026-03-27 18:49:42,742 - INFO - Successfully ran EQCCTPro, exiting...
2026-03-27 18:49:44,173 - INFO - Ray Successfully Shutdown.
2026-03-27 18:49:44,174 - INFO - ------- Successfully Picked All Waveform(s) from all Timechunk(s) -------
2026-03-28 01:17:08,562 - INFO - 
2026-03-28 01:17:08,562 - INFO - ------- Welcome to EQCCTPro -------
2026-03-28 01:17:08,563 - INFO - 
2026-03-28 01:17:08,563 - INFO - Running EQCCT over Requested MSeed Files using CPU(s)...
2026-03-28 01:17:08,563 - INFO - GPU disabled (CPU-only).
2026-03-28 01:17:08,563 - INFO - Skipping framework-specific initialization in the driver process.
2026-03-28 01:17:10,991 - INFO - Ray Successfully Initialized with 4 CPU(s) ([0, 1, 2, 3] CPU Affinity Binding).
2026-03-28 01:17:10,992 - INFO - Analyzing 1 time chunk(s) from 2025-05-15 13:20:31 to 2025-05-15 13:21:31 (dt=1min, overlap=0min).
2026-03-28 01:17:10,992 - INFO - Using 1 selected station(s).
2026-03-28 01:17:10,992 - INFO - 
2026-03-28 01:17:10,992 - INFO - ------- Starting EQCCTPro... -------
2026-03-28 01:17:10,992 - INFO - Detailed subprocess information can be found in the log file.
2026-03-28 01:17:10,992 - INFO - 
2026-03-28 01:17:11,272 - INFO - GPU disabled (CPU-only).
2026-03-28 01:17:11,277 - INFO - Skipping framework-specific initialization in the driver process.
2026-03-28 01:17:11,280 - INFO - ------- Hardware Configuration -------
2026-03-28 01:17:11,283 - INFO - CPU affinity set to cores: [0, 1, 2, 3]
2026-03-28 01:17:11,285 - INFO - 
2026-03-28 01:17:11,288 - INFO - ------- Data Preprocessing for EQCCTPro -------
2026-03-28 01:17:11,291 - INFO - 1 station(s) in /home/blackwinter/projects/eqcct/eqcctpro/data/waveforms_earthquakes_nonoise/20250515T132031Z_20250515T132131Z
2026-03-28 01:17:11,293 - INFO - Using 1 selected station(s): ['SGF'].
2026-03-28 01:17:11,296 - INFO - Creating model actor(s)...
2026-03-28 01:17:11,299 - INFO - System RAM: Total=7870 MB, Available=5896 MB
2026-03-28 01:17:11,301 - INFO - Usable RAM budget: 7083 MB (90% of total)
2026-03-28 01:17:11,304 - INFO - ===== MEMORY-AWARE CPU ACTOR POOL =====
2026-03-28 01:17:11,307 - INFO - Requested concurrent tasks: 1
2026-03-28 01:17:11,309 - INFO - Available CPUs: 4
2026-03-28 01:17:11,312 - INFO - Available RAM: 7083 MB
2026-03-28 01:17:11,314 - INFO - RAM per model: 2060 MB
2026-03-28 01:17:11,317 - INFO - Max actors by RAM: 3
2026-03-28 01:17:11,319 - INFO - Creating 1 SeisBenchModelActor(s)
2026-03-28 01:17:11,322 - INFO - Let Ray handle scheduling (taskset already restricts CPU visibility)
2026-03-28 01:17:11,324 - INFO - Creating SeisBenchModelActor 1/1 (2.01GB RAM each)...
2026-03-28 01:17:14,800 - INFO - SeisBenchModelActor 1 created successfully.
2026-03-28 01:17:14,802 - INFO - Created 1 CPU actor(s). Task queue will handle concurrency.
2026-03-28 01:17:14,806 - INFO - Starting EQCCTPro parallelized waveform processing...
2026-03-28 01:17:14,808 - INFO - 
2026-03-28 01:17:14,811 - INFO - ------- Analyzing Seismic Waveforms for P and S Picks via SeisBench (EQTransformer - original_nonconservative) -------
2026-03-28 01:17:14,814 - INFO - Analyzing 0:01:00 minute timechunk from 2025-05-15 13:20:31 to 2025-05-15 13:21:31 (0 min overlap)
2026-03-28 01:17:14,816 - INFO - Processing a total of 1 stations, 1 at a time.
2026-03-28 01:17:16,911 - INFO - (1/1) SGF: Skipped (already exists - overwrite=False).
2026-03-28 01:17:16,914 - INFO - 
2026-03-28 01:17:16,916 - INFO - ------- Parallel Station Waveform Processing Complete For 2025-05-15 13:20:31 to 2025-05-15 13:21:31 Timechunk-------
2026-03-28 01:17:16,919 - INFO - Picks saved at /home/blackwinter/projects/eqcct/eqcctpro/results/csv/eqt_earthquakes_th0_1/20250515T132031Z_20250515T132131ZProcess Runtime: 2.11 s
2026-03-28 01:17:16,924 - INFO - Successfully ran EQCCTPro, exiting...
2026-03-28 01:17:18,356 - INFO - Ray Successfully Shutdown.
2026-03-28 01:17:18,356 - INFO - ------- Successfully Picked All Waveform(s) from all Timechunk(s) -------
