2026-03-10 21:20:13,752 - INFO - 
2026-03-10 21:20:13,752 - INFO - ------- Welcome to EQCCTPro -------
2026-03-10 21:20:13,752 - INFO - 
2026-03-10 21:20:13,753 - INFO - Running EQCCT over Requested MSeed Files using CPU(s)...
2026-03-10 21:20:13,753 - INFO - GPU disabled (CPU-only).
2026-03-10 21:20:13,753 - INFO - Configured Intra-op threads = 1
2026-03-10 21:20:13,754 - INFO - Configured Inter-op threads = 1
2026-03-10 21:20:13,754 - INFO - TensorFlow: No GPUs visible; TF will proceed on CPU.
2026-03-10 21:20:13,754 - INFO - 
2026-03-10 21:20:19,393 - INFO - Ray Successfully Initialized with 4 CPU(s) ([0, 1, 2, 3] CPU Affinity Binding).
2026-03-10 21:20:19,394 - INFO - Analyzing 1 time chunk(s) from 2025-01-06 17:02:31 to 2025-01-06 17:03:31 (dt=1min, overlap=0min).
2026-03-10 21:20:19,394 - INFO - Using 1 selected station(s).
2026-03-10 21:20:19,394 - INFO - 
2026-03-10 21:20:19,395 - INFO - ------- Starting EQCCTPro... -------
2026-03-10 21:20:19,395 - INFO - Detailed subprocess information can be found in the log file.
2026-03-10 21:20:19,395 - INFO - 
2026-03-10 21:20:19,766 - INFO - GPU disabled (CPU-only).
2026-03-10 21:20:21,261 - INFO - Configured Intra-op threads = 1
2026-03-10 21:20:21,263 - INFO - Configured Inter-op threads = 1
2026-03-10 21:20:21,307 - INFO - TensorFlow: No GPUs visible; TF will proceed on CPU.
2026-03-10 21:20:21,310 - INFO - 
2026-03-10 21:20:21,312 - INFO - ------- Hardware Configuration -------
2026-03-10 21:20:21,315 - INFO - CPU affinity set to cores: [0, 1, 2, 3]
2026-03-10 21:20:21,317 - INFO - 
2026-03-10 21:20:21,319 - INFO - ------- Data Preprocessing for EQCCTPro -------
2026-03-10 21:20:21,321 - INFO - 1 station(s) in /home/blackwinter/projects/eqcct/eqcctpro/data/waveforms_noise_only/20250106T170231Z_20250106T170331Z
2026-03-10 21:20:21,323 - INFO - Using 1 selected station(s): ['KY02'].
2026-03-10 21:20:21,326 - INFO - Creating model actor(s)...
2026-03-10 21:20:21,328 - INFO - System RAM: Total=7870 MB, Available=2983 MB
2026-03-10 21:20:21,330 - INFO - Usable RAM budget: 7083 MB (90% of total)
2026-03-10 21:20:21,332 - INFO - ===== MEMORY-AWARE CPU ACTOR POOL (EQCCT) =====
2026-03-10 21:20:21,334 - INFO - Requested concurrent tasks: 1
2026-03-10 21:20:21,336 - INFO - Available CPUs: 4
2026-03-10 21:20:21,338 - INFO - Available RAM: 7083 MB
2026-03-10 21:20:21,341 - INFO - RAM per model: 2264 MB
2026-03-10 21:20:21,343 - INFO - Max actors by RAM: 3
2026-03-10 21:20:21,345 - INFO - Creating 1 ModelActor(s)
2026-03-10 21:20:21,347 - INFO - Let Ray handle scheduling (taskset already restricts CPU visibility)
2026-03-10 21:20:21,350 - INFO - Creating ModelActor 1/1 (2.21GB RAM each)...
2026-03-10 21:20:25,282 - INFO - ModelActor 1 created successfully.
2026-03-10 21:20:25,284 - INFO - Created 1 CPU actor(s). Task queue will handle concurrency.
2026-03-10 21:20:25,286 - INFO - Starting EQCCTPro parallelized waveform processing...
2026-03-10 21:20:25,288 - INFO - 
2026-03-10 21:20:25,290 - INFO - ------- Analyzing Seismic Waveforms for P and S Picks via EQCCT -------
2026-03-10 21:20:25,292 - INFO - Analyzing 0:01:00 minute timechunk from 2025-01-06 17:02:31 to 2025-01-06 17:03:31 (0 min overlap)
2026-03-10 21:20:25,295 - INFO - Processing a total of 1 stations, 1 at a time.
2026-03-10 21:20:29,336 - INFO - (1/1) KY02: Finished the prediction in 2.12s. (HP=1.0, LP=45.0)
2026-03-10 21:20:29,338 - INFO - 
2026-03-10 21:20:29,339 - INFO - ------- Parallel Station Waveform Processing Complete For 2025-01-06 17:02:31 to 2025-01-06 17:03:31 Timechunk-------
2026-03-10 21:20:29,341 - INFO - Picks saved at /home/blackwinter/projects/eqcct/eqcctpro/results/csv/bm_noise_only/20250106T170231Z_20250106T170331ZProcess Runtime: 4.05 s
2026-03-10 21:20:29,345 - INFO - Successfully ran EQCCTPro, exiting...
2026-03-10 21:20:30,855 - INFO - Ray Successfully Shutdown.
2026-03-10 21:20:30,855 - INFO - ------- Successfully Picked All Waveform(s) from all Timechunk(s) -------
2026-03-11 12:18:33,347 - INFO - 
2026-03-11 12:18:33,348 - INFO - ------- Welcome to EQCCTPro -------
2026-03-11 12:18:33,348 - INFO - 
2026-03-11 12:18:33,348 - INFO - Running EQCCT over Requested MSeed Files using CPU(s)...
2026-03-11 12:18:33,349 - INFO - GPU disabled (CPU-only).
2026-03-11 12:18:33,349 - INFO - Configured Intra-op threads = 1
2026-03-11 12:18:33,349 - INFO - Configured Inter-op threads = 1
2026-03-11 12:18:33,349 - INFO - TensorFlow: No GPUs visible; TF will proceed on CPU.
2026-03-11 12:18:33,349 - INFO - 
2026-03-11 12:18:38,823 - INFO - Ray Successfully Initialized with 4 CPU(s) ([0, 1, 2, 3] CPU Affinity Binding).
2026-03-11 12:18:38,823 - INFO - Analyzing 1 time chunk(s) from 2025-01-06 17:02:31 to 2025-01-06 17:03:31 (dt=1min, overlap=0min).
2026-03-11 12:18:38,824 - INFO - Using 1 selected station(s).
2026-03-11 12:18:38,824 - INFO - 
2026-03-11 12:18:38,824 - INFO - ------- Starting EQCCTPro... -------
2026-03-11 12:18:38,825 - INFO - Detailed subprocess information can be found in the log file.
2026-03-11 12:18:38,825 - INFO - 
2026-03-11 12:18:39,213 - INFO - GPU disabled (CPU-only).
2026-03-11 12:18:40,857 - INFO - Configured Intra-op threads = 1
2026-03-11 12:18:40,859 - INFO - Configured Inter-op threads = 1
2026-03-11 12:18:40,901 - INFO - TensorFlow: No GPUs visible; TF will proceed on CPU.
2026-03-11 12:18:40,903 - INFO - 
2026-03-11 12:18:40,906 - INFO - ------- Hardware Configuration -------
2026-03-11 12:18:40,908 - INFO - CPU affinity set to cores: [0, 1, 2, 3]
2026-03-11 12:18:40,911 - INFO - 
2026-03-11 12:18:40,913 - INFO - ------- Data Preprocessing for EQCCTPro -------
2026-03-11 12:18:40,915 - INFO - 1 station(s) in /home/blackwinter/projects/eqcct/eqcctpro/data/waveforms_noise_only/20250106T170231Z_20250106T170331Z
2026-03-11 12:18:40,917 - INFO - Using 1 selected station(s): ['KY02'].
2026-03-11 12:18:40,919 - INFO - Creating model actor(s)...
2026-03-11 12:18:40,921 - INFO - System RAM: Total=7870 MB, Available=3924 MB
2026-03-11 12:18:40,923 - INFO - Usable RAM budget: 7083 MB (90% of total)
2026-03-11 12:18:40,925 - INFO - ===== MEMORY-AWARE CPU ACTOR POOL (EQCCT) =====
2026-03-11 12:18:40,926 - INFO - Requested concurrent tasks: 1
2026-03-11 12:18:40,928 - INFO - Available CPUs: 4
2026-03-11 12:18:40,930 - INFO - Available RAM: 7083 MB
2026-03-11 12:18:40,932 - INFO - RAM per model: 2264 MB
2026-03-11 12:18:40,933 - INFO - Max actors by RAM: 3
2026-03-11 12:18:40,935 - INFO - Creating 1 ModelActor(s)
2026-03-11 12:18:40,937 - INFO - Let Ray handle scheduling (taskset already restricts CPU visibility)
2026-03-11 12:18:40,939 - INFO - Creating ModelActor 1/1 (2.21GB RAM each)...
2026-03-11 12:18:44,795 - INFO - ModelActor 1 created successfully.
2026-03-11 12:18:44,797 - INFO - Created 1 CPU actor(s). Task queue will handle concurrency.
2026-03-11 12:18:44,800 - INFO - Starting EQCCTPro parallelized waveform processing...
2026-03-11 12:18:44,802 - INFO - 
2026-03-11 12:18:44,803 - INFO - ------- Analyzing Seismic Waveforms for P and S Picks via EQCCT -------
2026-03-11 12:18:44,805 - INFO - Analyzing 0:01:00 minute timechunk from 2025-01-06 17:02:31 to 2025-01-06 17:03:31 (0 min overlap)
2026-03-11 12:18:44,808 - INFO - Processing a total of 1 stations, 1 at a time.
2026-03-11 12:18:46,693 - INFO - (1/1) KY02: Skipped (already exists - overwrite=False).
2026-03-11 12:18:46,696 - INFO - 
2026-03-11 12:18:46,698 - INFO - ------- Parallel Station Waveform Processing Complete For 2025-01-06 17:02:31 to 2025-01-06 17:03:31 Timechunk-------
2026-03-11 12:18:46,701 - INFO - Picks saved at /home/blackwinter/projects/eqcct/eqcctpro/results/csv/bm_noise_only/20250106T170231Z_20250106T170331ZProcess Runtime: 1.90 s
2026-03-11 12:18:46,704 - INFO - Successfully ran EQCCTPro, exiting...
2026-03-11 12:18:48,272 - INFO - Ray Successfully Shutdown.
2026-03-11 12:18:48,273 - INFO - ------- Successfully Picked All Waveform(s) from all Timechunk(s) -------
