2026-02-22 14:20:10,153 - INFO - 
2026-02-22 14:20:10,153 - INFO - ------- Welcome to EQCCTPro -------
2026-02-22 14:20:10,153 - INFO - 
2026-02-22 14:20:10,154 - INFO - Running EQCCT over Requested MSeed Files using CPU(s)...
2026-02-22 14:20:10,154 - INFO - GPU disabled (CPU-only).
2026-02-22 14:20:10,154 - INFO - Configured Intra-op threads = 1
2026-02-22 14:20:10,154 - INFO - Configured Inter-op threads = 1
2026-02-22 14:20:10,154 - INFO - TensorFlow: No GPUs visible; TF will proceed on CPU.
2026-02-22 14:20:10,155 - INFO - 
2026-02-22 14:20:15,797 - INFO - Ray Successfully Initialized with 4 CPU(s) ([0, 1, 2, 3] CPU Affinity Binding).
2026-02-22 14:20:15,798 - INFO - Analyzing 1 time chunk(s) from 2025-04-09 17:59:05 to 2025-04-09 18:00:05 (dt=1min, overlap=0min).
2026-02-22 14:20:15,798 - INFO - Using 1 selected station(s).
2026-02-22 14:20:15,798 - INFO - 
2026-02-22 14:20:15,798 - INFO - ------- Starting EQCCTPro... -------
2026-02-22 14:20:15,798 - INFO - Detailed subprocess information can be found in the log file.
2026-02-22 14:20:15,798 - INFO - 
2026-02-22 14:20:16,166 - INFO - GPU disabled (CPU-only).
2026-02-22 14:20:17,742 - INFO - Configured Intra-op threads = 1
2026-02-22 14:20:17,745 - INFO - Configured Inter-op threads = 1
2026-02-22 14:20:17,786 - INFO - TensorFlow: No GPUs visible; TF will proceed on CPU.
2026-02-22 14:20:17,789 - INFO - 
2026-02-22 14:20:17,791 - INFO - ------- Hardware Configuration -------
2026-02-22 14:20:17,793 - INFO - CPU affinity set to cores: [0, 1, 2, 3]
2026-02-22 14:20:17,795 - INFO - 
2026-02-22 14:20:17,797 - INFO - ------- Data Preprocessing for EQCCTPro -------
2026-02-22 14:20:17,799 - INFO - 1 station(s) in /home/blackwinter/projects/eqcct/eqcctpro/data/waveforms_earthquakes_nonoise/20250409T175905Z_20250409T180005Z
2026-02-22 14:20:17,801 - INFO - Using 1 selected station(s): ['OBF0'].
2026-02-22 14:20:17,804 - INFO - Creating model actor(s)...
2026-02-22 14:20:17,806 - INFO - System RAM: Total=7870 MB, Available=2614 MB
2026-02-22 14:20:17,808 - INFO - Usable RAM budget: 7083 MB (90% of total)
2026-02-22 14:20:17,810 - INFO - ===== MEMORY-AWARE CPU ACTOR POOL (EQCCT) =====
2026-02-22 14:20:17,812 - INFO - Requested concurrent tasks: 1
2026-02-22 14:20:17,815 - INFO - Available CPUs: 4
2026-02-22 14:20:17,817 - INFO - Available RAM: 7083 MB
2026-02-22 14:20:17,818 - INFO - RAM per model: 2264 MB
2026-02-22 14:20:17,821 - INFO - Max actors by RAM: 3
2026-02-22 14:20:17,823 - INFO - Creating 1 ModelActor(s)
2026-02-22 14:20:17,825 - INFO - Let Ray handle scheduling (taskset already restricts CPU visibility)
2026-02-22 14:20:17,827 - INFO - Creating ModelActor 1/1 (2.21GB RAM each)...
2026-02-22 14:20:21,786 - INFO - ModelActor 1 created successfully.
2026-02-22 14:20:21,789 - INFO - Created 1 CPU actor(s). Task queue will handle concurrency.
2026-02-22 14:20:21,791 - INFO - Starting EQCCTPro parallelized waveform processing...
2026-02-22 14:20:21,793 - INFO - 
2026-02-22 14:20:21,796 - INFO - ------- Analyzing Seismic Waveforms for P and S Picks via EQCCT -------
2026-02-22 14:20:21,798 - INFO - Analyzing 0:01:00 minute timechunk from 2025-04-09 17:59:05 to 2025-04-09 18:00:05 (0 min overlap)
2026-02-22 14:20:21,801 - INFO - Processing a total of 1 stations, 1 at a time.
2026-02-22 14:20:26,193 - INFO - (1/1) OBF0: Finished the prediction in 2.21s. (HP=1.0, LP=45.0)
2026-02-22 14:20:26,200 - INFO - 
2026-02-22 14:20:26,202 - INFO - ------- Parallel Station Waveform Processing Complete For 2025-04-09 17:59:05 to 2025-04-09 18:00:05 Timechunk-------
2026-02-22 14:20:26,204 - INFO - Picks saved at /home/blackwinter/projects/eqcct/eqcctpro/results/csv/bm_eq_nonoise/20250409T175905Z_20250409T180005ZProcess Runtime: 4.41 s
2026-02-22 14:20:26,210 - INFO - Successfully ran EQCCTPro, exiting...
2026-02-22 14:20:27,862 - INFO - Ray Successfully Shutdown.
2026-02-22 14:20:27,863 - INFO - ------- Successfully Picked All Waveform(s) from all Timechunk(s) -------
