2026-03-10 17:57:46,686 - INFO - 
2026-03-10 17:57:46,686 - INFO - ------- Welcome to EQCCTPro -------
2026-03-10 17:57:46,686 - INFO - 
2026-03-10 17:57:46,687 - INFO - Running EQCCT over Requested MSeed Files using CPU(s)...
2026-03-10 17:57:46,687 - INFO - GPU disabled (CPU-only).
2026-03-10 17:57:46,687 - INFO - Configured Intra-op threads = 1
2026-03-10 17:57:46,687 - INFO - Configured Inter-op threads = 1
2026-03-10 17:57:46,687 - INFO - TensorFlow: No GPUs visible; TF will proceed on CPU.
2026-03-10 17:57:46,687 - INFO - 
2026-03-10 17:57:52,781 - INFO - Ray Successfully Initialized with 4 CPU(s) ([0, 1, 2, 3] CPU Affinity Binding).
2026-03-10 17:57:52,781 - INFO - Analyzing 1 time chunk(s) from 2025-01-02 19:59:14 to 2025-01-02 20:00:14 (dt=1min, overlap=0min).
2026-03-10 17:57:52,781 - INFO - Using 1 selected station(s).
2026-03-10 17:57:52,781 - INFO - 
2026-03-10 17:57:52,782 - INFO - ------- Starting EQCCTPro... -------
2026-03-10 17:57:52,782 - INFO - Detailed subprocess information can be found in the log file.
2026-03-10 17:57:52,782 - INFO - 
2026-03-10 17:57:53,164 - INFO - GPU disabled (CPU-only).
2026-03-10 17:57:54,739 - INFO - Configured Intra-op threads = 1
2026-03-10 17:57:54,741 - INFO - Configured Inter-op threads = 1
2026-03-10 17:57:54,783 - INFO - TensorFlow: No GPUs visible; TF will proceed on CPU.
2026-03-10 17:57:54,786 - INFO - 
2026-03-10 17:57:54,788 - INFO - ------- Hardware Configuration -------
2026-03-10 17:57:54,791 - INFO - CPU affinity set to cores: [0, 1, 2, 3]
2026-03-10 17:57:54,793 - INFO - 
2026-03-10 17:57:54,795 - INFO - ------- Data Preprocessing for EQCCTPro -------
2026-03-10 17:57:54,797 - INFO - 1 station(s) in /home/blackwinter/projects/eqcct/eqcctpro/data/waveforms_noise_only/20250102T195914Z_20250102T200014Z
2026-03-10 17:57:54,799 - INFO - Using 1 selected station(s): ['OBF3'].
2026-03-10 17:57:54,802 - INFO - Creating model actor(s)...
2026-03-10 17:57:54,804 - INFO - System RAM: Total=7870 MB, Available=4214 MB
2026-03-10 17:57:54,806 - INFO - Usable RAM budget: 7083 MB (90% of total)
2026-03-10 17:57:54,808 - INFO - ===== MEMORY-AWARE CPU ACTOR POOL (EQCCT) =====
2026-03-10 17:57:54,810 - INFO - Requested concurrent tasks: 1
2026-03-10 17:57:54,812 - INFO - Available CPUs: 4
2026-03-10 17:57:54,814 - INFO - Available RAM: 7083 MB
2026-03-10 17:57:54,817 - INFO - RAM per model: 2264 MB
2026-03-10 17:57:54,819 - INFO - Max actors by RAM: 3
2026-03-10 17:57:54,821 - INFO - Creating 1 ModelActor(s)
2026-03-10 17:57:54,824 - INFO - Let Ray handle scheduling (taskset already restricts CPU visibility)
2026-03-10 17:57:54,826 - INFO - Creating ModelActor 1/1 (2.21GB RAM each)...
2026-03-10 17:57:58,773 - INFO - ModelActor 1 created successfully.
2026-03-10 17:57:58,775 - INFO - Created 1 CPU actor(s). Task queue will handle concurrency.
2026-03-10 17:57:58,777 - INFO - Starting EQCCTPro parallelized waveform processing...
2026-03-10 17:57:58,779 - INFO - 
2026-03-10 17:57:58,781 - INFO - ------- Analyzing Seismic Waveforms for P and S Picks via EQCCT -------
2026-03-10 17:57:58,783 - INFO - Analyzing 0:01:00 minute timechunk from 2025-01-02 19:59:14 to 2025-01-02 20:00:14 (0 min overlap)
2026-03-10 17:57:58,784 - INFO - Processing a total of 1 stations, 1 at a time.
2026-03-10 17:58:02,808 - INFO - (1/1) OBF3: Finished the prediction in 2.14s. (HP=1.0, LP=45.0)
2026-03-10 17:58:02,810 - INFO - 
2026-03-10 17:58:02,812 - INFO - ------- Parallel Station Waveform Processing Complete For 2025-01-02 19:59:14 to 2025-01-02 20:00:14 Timechunk-------
2026-03-10 17:58:02,815 - INFO - Picks saved at /home/blackwinter/projects/eqcct/eqcctpro/results/csv/bm_noise_only/20250102T195914Z_20250102T200014ZProcess Runtime: 4.03 s
2026-03-10 17:58:02,819 - INFO - Successfully ran EQCCTPro, exiting...
2026-03-10 17:58:04,305 - INFO - Ray Successfully Shutdown.
2026-03-10 17:58:04,306 - INFO - ------- Successfully Picked All Waveform(s) from all Timechunk(s) -------
2026-03-11 09:25:24,329 - INFO - 
2026-03-11 09:25:24,335 - INFO - ------- Welcome to EQCCTPro -------
2026-03-11 09:25:24,335 - INFO - 
2026-03-11 09:25:24,336 - INFO - Running EQCCT over Requested MSeed Files using CPU(s)...
2026-03-11 09:25:24,336 - INFO - GPU disabled (CPU-only).
2026-03-11 09:25:24,337 - INFO - Configured Intra-op threads = 1
2026-03-11 09:25:24,337 - INFO - Configured Inter-op threads = 1
2026-03-11 09:25:24,337 - INFO - TensorFlow: No GPUs visible; TF will proceed on CPU.
2026-03-11 09:25:24,337 - INFO - 
2026-03-11 09:25:29,545 - INFO - Ray Successfully Initialized with 4 CPU(s) ([0, 1, 2, 3] CPU Affinity Binding).
2026-03-11 09:25:29,546 - INFO - Analyzing 1 time chunk(s) from 2025-01-02 19:59:14 to 2025-01-02 20:00:14 (dt=1min, overlap=0min).
2026-03-11 09:25:29,546 - INFO - Using 1 selected station(s).
2026-03-11 09:25:29,546 - INFO - 
2026-03-11 09:25:29,546 - INFO - ------- Starting EQCCTPro... -------
2026-03-11 09:25:29,546 - INFO - Detailed subprocess information can be found in the log file.
2026-03-11 09:25:29,546 - INFO - 
2026-03-11 09:25:29,907 - INFO - GPU disabled (CPU-only).
2026-03-11 09:25:31,409 - INFO - Configured Intra-op threads = 1
2026-03-11 09:25:31,412 - INFO - Configured Inter-op threads = 1
2026-03-11 09:25:31,455 - INFO - TensorFlow: No GPUs visible; TF will proceed on CPU.
2026-03-11 09:25:31,457 - INFO - 
2026-03-11 09:25:31,460 - INFO - ------- Hardware Configuration -------
2026-03-11 09:25:31,462 - INFO - CPU affinity set to cores: [0, 1, 2, 3]
2026-03-11 09:25:31,464 - INFO - 
2026-03-11 09:25:31,466 - INFO - ------- Data Preprocessing for EQCCTPro -------
2026-03-11 09:25:31,468 - INFO - 1 station(s) in /home/blackwinter/projects/eqcct/eqcctpro/data/waveforms_noise_only/20250102T195914Z_20250102T200014Z
2026-03-11 09:25:31,470 - INFO - Using 1 selected station(s): ['OBF3'].
2026-03-11 09:25:31,472 - INFO - Creating model actor(s)...
2026-03-11 09:25:31,474 - INFO - System RAM: Total=7870 MB, Available=4840 MB
2026-03-11 09:25:31,476 - INFO - Usable RAM budget: 7083 MB (90% of total)
2026-03-11 09:25:31,477 - INFO - ===== MEMORY-AWARE CPU ACTOR POOL (EQCCT) =====
2026-03-11 09:25:31,479 - INFO - Requested concurrent tasks: 1
2026-03-11 09:25:31,481 - INFO - Available CPUs: 4
2026-03-11 09:25:31,482 - INFO - Available RAM: 7083 MB
2026-03-11 09:25:31,484 - INFO - RAM per model: 2264 MB
2026-03-11 09:25:31,486 - INFO - Max actors by RAM: 3
2026-03-11 09:25:31,487 - INFO - Creating 1 ModelActor(s)
2026-03-11 09:25:31,489 - INFO - Let Ray handle scheduling (taskset already restricts CPU visibility)
2026-03-11 09:25:31,492 - INFO - Creating ModelActor 1/1 (2.21GB RAM each)...
2026-03-11 09:25:35,491 - INFO - ModelActor 1 created successfully.
2026-03-11 09:25:35,496 - INFO - Created 1 CPU actor(s). Task queue will handle concurrency.
2026-03-11 09:25:35,498 - INFO - Starting EQCCTPro parallelized waveform processing...
2026-03-11 09:25:35,500 - INFO - 
2026-03-11 09:25:35,502 - INFO - ------- Analyzing Seismic Waveforms for P and S Picks via EQCCT -------
2026-03-11 09:25:35,505 - INFO - Analyzing 0:01:00 minute timechunk from 2025-01-02 19:59:14 to 2025-01-02 20:00:14 (0 min overlap)
2026-03-11 09:25:35,507 - INFO - Processing a total of 1 stations, 1 at a time.
2026-03-11 09:25:37,371 - INFO - (1/1) OBF3: Skipped (already exists - overwrite=False).
2026-03-11 09:25:37,373 - INFO - 
2026-03-11 09:25:37,376 - INFO - ------- Parallel Station Waveform Processing Complete For 2025-01-02 19:59:14 to 2025-01-02 20:00:14 Timechunk-------
2026-03-11 09:25:37,378 - INFO - Picks saved at /home/blackwinter/projects/eqcct/eqcctpro/results/csv/bm_noise_only/20250102T195914Z_20250102T200014ZProcess Runtime: 1.88 s
2026-03-11 09:25:37,384 - INFO - Successfully ran EQCCTPro, exiting...
2026-03-11 09:25:38,852 - INFO - Ray Successfully Shutdown.
2026-03-11 09:25:38,852 - INFO - ------- Successfully Picked All Waveform(s) from all Timechunk(s) -------
