2026-03-11 01:03:35,565 - INFO - 
2026-03-11 01:03:35,566 - INFO - ------- Welcome to EQCCTPro -------
2026-03-11 01:03:35,566 - INFO - 
2026-03-11 01:03:35,566 - INFO - Running EQCCT over Requested MSeed Files using CPU(s)...
2026-03-11 01:03:35,567 - INFO - GPU disabled (CPU-only).
2026-03-11 01:03:35,567 - INFO - Configured Intra-op threads = 1
2026-03-11 01:03:35,567 - INFO - Configured Inter-op threads = 1
2026-03-11 01:03:35,567 - INFO - TensorFlow: No GPUs visible; TF will proceed on CPU.
2026-03-11 01:03:35,567 - INFO - 
2026-03-11 01:03:41,697 - INFO - Ray Successfully Initialized with 4 CPU(s) ([0, 1, 2, 3] CPU Affinity Binding).
2026-03-11 01:03:41,697 - INFO - Analyzing 1 time chunk(s) from 2025-01-11 04:02:25 to 2025-01-11 04:03:25 (dt=1min, overlap=0min).
2026-03-11 01:03:41,697 - INFO - Using 1 selected station(s).
2026-03-11 01:03:41,697 - INFO - 
2026-03-11 01:03:41,697 - INFO - ------- Starting EQCCTPro... -------
2026-03-11 01:03:41,697 - INFO - Detailed subprocess information can be found in the log file.
2026-03-11 01:03:41,698 - INFO - 
2026-03-11 01:03:42,079 - INFO - GPU disabled (CPU-only).
2026-03-11 01:03:43,634 - INFO - Configured Intra-op threads = 1
2026-03-11 01:03:43,637 - INFO - Configured Inter-op threads = 1
2026-03-11 01:03:43,683 - INFO - TensorFlow: No GPUs visible; TF will proceed on CPU.
2026-03-11 01:03:43,686 - INFO - 
2026-03-11 01:03:43,688 - INFO - ------- Hardware Configuration -------
2026-03-11 01:03:43,691 - INFO - CPU affinity set to cores: [0, 1, 2, 3]
2026-03-11 01:03:43,693 - INFO - 
2026-03-11 01:03:43,696 - INFO - ------- Data Preprocessing for EQCCTPro -------
2026-03-11 01:03:43,698 - INFO - 1 station(s) in /home/blackwinter/projects/eqcct/eqcctpro/data/waveforms_noise_only/20250111T040225Z_20250111T040325Z
2026-03-11 01:03:43,701 - INFO - Using 1 selected station(s): ['SUF'].
2026-03-11 01:03:43,703 - INFO - Creating model actor(s)...
2026-03-11 01:03:43,706 - INFO - System RAM: Total=7870 MB, Available=2382 MB
2026-03-11 01:03:43,708 - INFO - Usable RAM budget: 7083 MB (90% of total)
2026-03-11 01:03:43,711 - INFO - ===== MEMORY-AWARE CPU ACTOR POOL (EQCCT) =====
2026-03-11 01:03:43,713 - INFO - Requested concurrent tasks: 1
2026-03-11 01:03:43,716 - INFO - Available CPUs: 4
2026-03-11 01:03:43,718 - INFO - Available RAM: 7083 MB
2026-03-11 01:03:43,720 - INFO - RAM per model: 2264 MB
2026-03-11 01:03:43,722 - INFO - Max actors by RAM: 3
2026-03-11 01:03:43,724 - INFO - Creating 1 ModelActor(s)
2026-03-11 01:03:43,726 - INFO - Let Ray handle scheduling (taskset already restricts CPU visibility)
2026-03-11 01:03:43,729 - INFO - Creating ModelActor 1/1 (2.21GB RAM each)...
2026-03-11 01:03:47,729 - INFO - ModelActor 1 created successfully.
2026-03-11 01:03:47,731 - INFO - Created 1 CPU actor(s). Task queue will handle concurrency.
2026-03-11 01:03:47,733 - INFO - Starting EQCCTPro parallelized waveform processing...
2026-03-11 01:03:47,735 - INFO - 
2026-03-11 01:03:47,737 - INFO - ------- Analyzing Seismic Waveforms for P and S Picks via EQCCT -------
2026-03-11 01:03:47,740 - INFO - Analyzing 0:01:00 minute timechunk from 2025-01-11 04:02:25 to 2025-01-11 04:03:25 (0 min overlap)
2026-03-11 01:03:47,742 - INFO - Processing a total of 1 stations, 1 at a time.
2026-03-11 01:03:51,837 - INFO - (1/1) SUF: Finished the prediction in 2.15s. (HP=1.0, LP=45.0)
2026-03-11 01:03:51,839 - INFO - 
2026-03-11 01:03:51,842 - INFO - ------- Parallel Station Waveform Processing Complete For 2025-01-11 04:02:25 to 2025-01-11 04:03:25 Timechunk-------
2026-03-11 01:03:51,844 - INFO - Picks saved at /home/blackwinter/projects/eqcct/eqcctpro/results/csv/bm_noise_only/20250111T040225Z_20250111T040325ZProcess Runtime: 4.11 s
2026-03-11 01:03:51,848 - INFO - Successfully ran EQCCTPro, exiting...
2026-03-11 01:03:53,436 - INFO - Ray Successfully Shutdown.
2026-03-11 01:03:53,436 - INFO - ------- Successfully Picked All Waveform(s) from all Timechunk(s) -------
2026-03-11 15:33:35,743 - INFO - 
2026-03-11 15:33:35,743 - INFO - ------- Welcome to EQCCTPro -------
2026-03-11 15:33:35,744 - INFO - 
2026-03-11 15:33:35,744 - INFO - Running EQCCT over Requested MSeed Files using CPU(s)...
2026-03-11 15:33:35,745 - INFO - GPU disabled (CPU-only).
2026-03-11 15:33:35,745 - INFO - Configured Intra-op threads = 1
2026-03-11 15:33:35,745 - INFO - Configured Inter-op threads = 1
2026-03-11 15:33:35,745 - INFO - TensorFlow: No GPUs visible; TF will proceed on CPU.
2026-03-11 15:33:35,745 - INFO - 
2026-03-11 15:33:41,089 - INFO - Ray Successfully Initialized with 4 CPU(s) ([0, 1, 2, 3] CPU Affinity Binding).
2026-03-11 15:33:41,089 - INFO - Analyzing 1 time chunk(s) from 2025-01-11 04:02:25 to 2025-01-11 04:03:25 (dt=1min, overlap=0min).
2026-03-11 15:33:41,090 - INFO - Using 1 selected station(s).
2026-03-11 15:33:41,090 - INFO - 
2026-03-11 15:33:41,090 - INFO - ------- Starting EQCCTPro... -------
2026-03-11 15:33:41,090 - INFO - Detailed subprocess information can be found in the log file.
2026-03-11 15:33:41,090 - INFO - 
2026-03-11 15:33:41,437 - INFO - GPU disabled (CPU-only).
2026-03-11 15:33:42,903 - INFO - Configured Intra-op threads = 1
2026-03-11 15:33:42,905 - INFO - Configured Inter-op threads = 1
2026-03-11 15:33:42,948 - INFO - TensorFlow: No GPUs visible; TF will proceed on CPU.
2026-03-11 15:33:42,950 - INFO - 
2026-03-11 15:33:42,952 - INFO - ------- Hardware Configuration -------
2026-03-11 15:33:42,954 - INFO - CPU affinity set to cores: [0, 1, 2, 3]
2026-03-11 15:33:42,957 - INFO - 
2026-03-11 15:33:42,959 - INFO - ------- Data Preprocessing for EQCCTPro -------
2026-03-11 15:33:42,961 - INFO - 1 station(s) in /home/blackwinter/projects/eqcct/eqcctpro/data/waveforms_noise_only/20250111T040225Z_20250111T040325Z
2026-03-11 15:33:42,964 - INFO - Using 1 selected station(s): ['SUF'].
2026-03-11 15:33:42,965 - INFO - Creating model actor(s)...
2026-03-11 15:33:42,968 - INFO - System RAM: Total=7870 MB, Available=3530 MB
2026-03-11 15:33:42,970 - INFO - Usable RAM budget: 7083 MB (90% of total)
2026-03-11 15:33:42,972 - INFO - ===== MEMORY-AWARE CPU ACTOR POOL (EQCCT) =====
2026-03-11 15:33:42,974 - INFO - Requested concurrent tasks: 1
2026-03-11 15:33:42,976 - INFO - Available CPUs: 4
2026-03-11 15:33:42,977 - INFO - Available RAM: 7083 MB
2026-03-11 15:33:42,979 - INFO - RAM per model: 2264 MB
2026-03-11 15:33:42,981 - INFO - Max actors by RAM: 3
2026-03-11 15:33:42,983 - INFO - Creating 1 ModelActor(s)
2026-03-11 15:33:42,985 - INFO - Let Ray handle scheduling (taskset already restricts CPU visibility)
2026-03-11 15:33:42,988 - INFO - Creating ModelActor 1/1 (2.21GB RAM each)...
2026-03-11 15:33:46,810 - INFO - ModelActor 1 created successfully.
2026-03-11 15:33:46,813 - INFO - Created 1 CPU actor(s). Task queue will handle concurrency.
2026-03-11 15:33:46,815 - INFO - Starting EQCCTPro parallelized waveform processing...
2026-03-11 15:33:46,818 - INFO - 
2026-03-11 15:33:46,820 - INFO - ------- Analyzing Seismic Waveforms for P and S Picks via EQCCT -------
2026-03-11 15:33:46,822 - INFO - Analyzing 0:01:00 minute timechunk from 2025-01-11 04:02:25 to 2025-01-11 04:03:25 (0 min overlap)
2026-03-11 15:33:46,824 - INFO - Processing a total of 1 stations, 1 at a time.
2026-03-11 15:33:48,845 - INFO - (1/1) SUF: Skipped (already exists - overwrite=False).
2026-03-11 15:33:48,851 - INFO - 
2026-03-11 15:33:48,853 - INFO - ------- Parallel Station Waveform Processing Complete For 2025-01-11 04:02:25 to 2025-01-11 04:03:25 Timechunk-------
2026-03-11 15:33:48,855 - INFO - Picks saved at /home/blackwinter/projects/eqcct/eqcctpro/results/csv/bm_noise_only/20250111T040225Z_20250111T040325ZProcess Runtime: 2.04 s
2026-03-11 15:33:48,864 - INFO - Successfully ran EQCCTPro, exiting...
2026-03-11 15:33:50,555 - INFO - Ray Successfully Shutdown.
2026-03-11 15:33:50,555 - INFO - ------- Successfully Picked All Waveform(s) from all Timechunk(s) -------
