2026-03-28 20:38:41,868 - INFO - 
2026-03-28 20:38:41,869 - INFO - ------- Welcome to EQCCTPro -------
2026-03-28 20:38:41,869 - INFO - 
2026-03-28 20:38:41,869 - INFO - Running EQCCT over Requested MSeed Files using CPU(s)...
2026-03-28 20:38:41,869 - INFO - GPU disabled (CPU-only).
2026-03-28 20:38:41,870 - INFO - Skipping framework-specific initialization in the driver process.
2026-03-28 20:38:44,654 - INFO - Ray Successfully Initialized with 4 CPU(s) ([0, 1, 2, 3] CPU Affinity Binding).
2026-03-28 20:38:44,655 - INFO - Analyzing 1 time chunk(s) from 2025-01-23 11:34:04 to 2025-01-23 11:35:04 (dt=1min, overlap=0min).
2026-03-28 20:38:44,655 - INFO - Using 1 selected station(s).
2026-03-28 20:38:44,655 - INFO - 
2026-03-28 20:38:44,655 - INFO - ------- Starting EQCCTPro... -------
2026-03-28 20:38:44,656 - INFO - Detailed subprocess information can be found in the log file.
2026-03-28 20:38:44,656 - INFO - 
2026-03-28 20:38:45,007 - INFO - GPU disabled (CPU-only).
2026-03-28 20:38:45,012 - INFO - Skipping framework-specific initialization in the driver process.
2026-03-28 20:38:45,015 - INFO - ------- Hardware Configuration -------
2026-03-28 20:38:45,018 - INFO - CPU affinity set to cores: [0, 1, 2, 3]
2026-03-28 20:38:45,021 - INFO - 
2026-03-28 20:38:45,024 - INFO - ------- Data Preprocessing for EQCCTPro -------
2026-03-28 20:38:45,027 - INFO - 1 station(s) in /home/blackwinter/projects/eqcct/eqcctpro/data/waveforms_explosions_nonoise/20250123T113404Z_20250123T113504Z
2026-03-28 20:38:45,029 - INFO - Using 1 selected station(s): ['OLKF'].
2026-03-28 20:38:45,032 - INFO - Creating model actor(s)...
2026-03-28 20:38:45,035 - INFO - System RAM: Total=7870 MB, Available=4089 MB
2026-03-28 20:38:45,038 - INFO - Usable RAM budget: 7083 MB (90% of total)
2026-03-28 20:38:45,040 - INFO - ===== MEMORY-AWARE CPU ACTOR POOL =====
2026-03-28 20:38:45,043 - INFO - Requested concurrent tasks: 1
2026-03-28 20:38:45,045 - INFO - Available CPUs: 4
2026-03-28 20:38:45,048 - INFO - Available RAM: 7083 MB
2026-03-28 20:38:45,050 - INFO - RAM per model: 2060 MB
2026-03-28 20:38:45,054 - INFO - Max actors by RAM: 3
2026-03-28 20:38:45,056 - INFO - Creating 1 SeisBenchModelActor(s)
2026-03-28 20:38:45,059 - INFO - Let Ray handle scheduling (taskset already restricts CPU visibility)
2026-03-28 20:38:45,063 - INFO - Creating SeisBenchModelActor 1/1 (2.01GB RAM each)...
2026-03-28 20:38:48,176 - INFO - SeisBenchModelActor 1 created successfully.
2026-03-28 20:38:48,179 - INFO - Created 1 CPU actor(s). Task queue will handle concurrency.
2026-03-28 20:38:48,181 - INFO - Starting EQCCTPro parallelized waveform processing...
2026-03-28 20:38:48,184 - INFO - 
2026-03-28 20:38:48,187 - INFO - ------- Analyzing Seismic Waveforms for P and S Picks via SeisBench (EQTransformer - original_nonconservative) -------
2026-03-28 20:38:48,190 - INFO - Analyzing 0:01:00 minute timechunk from 2025-01-23 11:34:04 to 2025-01-23 11:35:04 (0 min overlap)
2026-03-28 20:38:48,192 - INFO - Processing a total of 1 stations, 1 at a time.
2026-03-28 20:38:50,605 - INFO - (1/1) OLKF: Finished the prediction in 0.15s. (HP=1.0, LP=45.0, picks=1)
2026-03-28 20:38:50,607 - INFO - 
2026-03-28 20:38:50,611 - INFO - ------- Parallel Station Waveform Processing Complete For 2025-01-23 11:34:04 to 2025-01-23 11:35:04 Timechunk-------
2026-03-28 20:38:50,614 - INFO - Picks saved at /home/blackwinter/projects/eqcct/eqcctpro/results/csv/eqt_explosions_th0_1/20250123T113404Z_20250123T113504ZProcess Runtime: 2.43 s
2026-03-28 20:38:50,623 - INFO - Successfully ran EQCCTPro, exiting...
2026-03-28 20:38:52,488 - INFO - Ray Successfully Shutdown.
2026-03-28 20:38:52,489 - INFO - ------- Successfully Picked All Waveform(s) from all Timechunk(s) -------
