2026-02-26 21:35:12,733 - INFO - 
2026-02-26 21:35:12,733 - INFO - ------- Welcome to EQCCTPro -------
2026-02-26 21:35:12,733 - INFO - 
2026-02-26 21:35:12,734 - INFO - Running EQCCT over Requested MSeed Files using CPU(s)...
2026-02-26 21:35:12,734 - INFO - GPU disabled (CPU-only).
2026-02-26 21:35:12,734 - INFO - Configured Intra-op threads = 1
2026-02-26 21:35:12,734 - INFO - Configured Inter-op threads = 1
2026-02-26 21:35:12,734 - INFO - TensorFlow: No GPUs visible; TF will proceed on CPU.
2026-02-26 21:35:12,734 - INFO - 
2026-02-26 21:35:18,188 - INFO - Ray Successfully Initialized with 4 CPU(s) ([0, 1, 2, 3] CPU Affinity Binding).
2026-02-26 21:35:18,188 - INFO - Analyzing 1 time chunk(s) from 2025-01-02 11:52:19 to 2025-01-02 11:53:19 (dt=1min, overlap=0min).
2026-02-26 21:35:18,189 - INFO - Using 1 selected station(s).
2026-02-26 21:35:18,189 - INFO - 
2026-02-26 21:35:18,189 - INFO - ------- Starting EQCCTPro... -------
2026-02-26 21:35:18,189 - INFO - Detailed subprocess information can be found in the log file.
2026-02-26 21:35:18,189 - INFO - 
2026-02-26 21:35:18,572 - INFO - GPU disabled (CPU-only).
2026-02-26 21:35:20,131 - INFO - Configured Intra-op threads = 1
2026-02-26 21:35:20,133 - INFO - Configured Inter-op threads = 1
2026-02-26 21:35:20,179 - INFO - TensorFlow: No GPUs visible; TF will proceed on CPU.
2026-02-26 21:35:20,181 - INFO - 
2026-02-26 21:35:20,183 - INFO - ------- Hardware Configuration -------
2026-02-26 21:35:20,186 - INFO - CPU affinity set to cores: [0, 1, 2, 3]
2026-02-26 21:35:20,188 - INFO - 
2026-02-26 21:35:20,190 - INFO - ------- Data Preprocessing for EQCCTPro -------
2026-02-26 21:35:20,192 - INFO - 1 station(s) in /home/blackwinter/projects/eqcct/eqcctpro/data/waveforms_explosions_nonoise/20250102T115219Z_20250102T115319Z
2026-02-26 21:35:20,193 - INFO - Using 1 selected station(s): ['KPF'].
2026-02-26 21:35:20,195 - INFO - Creating model actor(s)...
2026-02-26 21:35:20,197 - INFO - System RAM: Total=7870 MB, Available=4286 MB
2026-02-26 21:35:20,199 - INFO - Usable RAM budget: 7083 MB (90% of total)
2026-02-26 21:35:20,201 - INFO - ===== MEMORY-AWARE CPU ACTOR POOL (EQCCT) =====
2026-02-26 21:35:20,203 - INFO - Requested concurrent tasks: 1
2026-02-26 21:35:20,205 - INFO - Available CPUs: 4
2026-02-26 21:35:20,206 - INFO - Available RAM: 7083 MB
2026-02-26 21:35:20,209 - INFO - RAM per model: 2264 MB
2026-02-26 21:35:20,210 - INFO - Max actors by RAM: 3
2026-02-26 21:35:20,212 - INFO - Creating 1 ModelActor(s)
2026-02-26 21:35:20,214 - INFO - Let Ray handle scheduling (taskset already restricts CPU visibility)
2026-02-26 21:35:20,216 - INFO - Creating ModelActor 1/1 (2.21GB RAM each)...
2026-02-26 21:35:24,127 - INFO - ModelActor 1 created successfully.
2026-02-26 21:35:24,129 - INFO - Created 1 CPU actor(s). Task queue will handle concurrency.
2026-02-26 21:35:24,131 - INFO - Starting EQCCTPro parallelized waveform processing...
2026-02-26 21:35:24,133 - INFO - 
2026-02-26 21:35:24,135 - INFO - ------- Analyzing Seismic Waveforms for P and S Picks via EQCCT -------
2026-02-26 21:35:24,138 - INFO - Analyzing 0:01:00 minute timechunk from 2025-01-02 11:52:19 to 2025-01-02 11:53:19 (0 min overlap)
2026-02-26 21:35:24,140 - INFO - Processing a total of 1 stations, 1 at a time.
2026-02-26 21:35:28,109 - INFO - (1/1) KPF: Finished the prediction in 2.11s. (HP=1.0, LP=45.0)
2026-02-26 21:35:28,112 - INFO - 
2026-02-26 21:35:28,114 - INFO - ------- Parallel Station Waveform Processing Complete For 2025-01-02 11:52:19 to 2025-01-02 11:53:19 Timechunk-------
2026-02-26 21:35:28,117 - INFO - Picks saved at /home/blackwinter/projects/eqcct/eqcctpro/results/csv/bm_explosions/20250102T115219Z_20250102T115319ZProcess Runtime: 3.98 s
2026-02-26 21:35:28,121 - INFO - Successfully ran EQCCTPro, exiting...
2026-02-26 21:35:29,657 - INFO - Ray Successfully Shutdown.
2026-02-26 21:35:29,657 - INFO - ------- Successfully Picked All Waveform(s) from all Timechunk(s) -------
2026-02-27 05:12:40,580 - INFO - 
2026-02-27 05:12:40,587 - INFO - ------- Welcome to EQCCTPro -------
2026-02-27 05:12:40,587 - INFO - 
2026-02-27 05:12:40,588 - INFO - Running EQCCT over Requested MSeed Files using CPU(s)...
2026-02-27 05:12:40,588 - INFO - GPU disabled (CPU-only).
2026-02-27 05:12:40,588 - INFO - Configured Intra-op threads = 1
2026-02-27 05:12:40,588 - INFO - Configured Inter-op threads = 1
2026-02-27 05:12:40,588 - INFO - TensorFlow: No GPUs visible; TF will proceed on CPU.
2026-02-27 05:12:40,589 - INFO - 
2026-02-27 05:12:45,847 - INFO - Ray Successfully Initialized with 4 CPU(s) ([0, 1, 2, 3] CPU Affinity Binding).
2026-02-27 05:12:45,847 - INFO - Analyzing 1 time chunk(s) from 2025-01-02 11:52:19 to 2025-01-02 11:53:19 (dt=1min, overlap=0min).
2026-02-27 05:12:45,848 - INFO - Using 1 selected station(s).
2026-02-27 05:12:45,848 - INFO - 
2026-02-27 05:12:45,848 - INFO - ------- Starting EQCCTPro... -------
2026-02-27 05:12:45,848 - INFO - Detailed subprocess information can be found in the log file.
2026-02-27 05:12:45,848 - INFO - 
2026-02-27 05:12:46,208 - INFO - GPU disabled (CPU-only).
2026-02-27 05:12:47,700 - INFO - Configured Intra-op threads = 1
2026-02-27 05:12:47,702 - INFO - Configured Inter-op threads = 1
2026-02-27 05:12:47,744 - INFO - TensorFlow: No GPUs visible; TF will proceed on CPU.
2026-02-27 05:12:47,746 - INFO - 
2026-02-27 05:12:47,749 - INFO - ------- Hardware Configuration -------
2026-02-27 05:12:47,751 - INFO - CPU affinity set to cores: [0, 1, 2, 3]
2026-02-27 05:12:47,753 - INFO - 
2026-02-27 05:12:47,756 - INFO - ------- Data Preprocessing for EQCCTPro -------
2026-02-27 05:12:47,758 - INFO - 1 station(s) in /home/blackwinter/projects/eqcct/eqcctpro/data/waveforms_explosions_nonoise/20250102T115219Z_20250102T115319Z
2026-02-27 05:12:47,760 - INFO - Using 1 selected station(s): ['KPF'].
2026-02-27 05:12:47,762 - INFO - Creating model actor(s)...
2026-02-27 05:12:47,764 - INFO - System RAM: Total=7870 MB, Available=4379 MB
2026-02-27 05:12:47,766 - INFO - Usable RAM budget: 7083 MB (90% of total)
2026-02-27 05:12:47,768 - INFO - ===== MEMORY-AWARE CPU ACTOR POOL (EQCCT) =====
2026-02-27 05:12:47,770 - INFO - Requested concurrent tasks: 1
2026-02-27 05:12:47,771 - INFO - Available CPUs: 4
2026-02-27 05:12:47,773 - INFO - Available RAM: 7083 MB
2026-02-27 05:12:47,775 - INFO - RAM per model: 2264 MB
2026-02-27 05:12:47,777 - INFO - Max actors by RAM: 3
2026-02-27 05:12:47,778 - INFO - Creating 1 ModelActor(s)
2026-02-27 05:12:47,780 - INFO - Let Ray handle scheduling (taskset already restricts CPU visibility)
2026-02-27 05:12:47,782 - INFO - Creating ModelActor 1/1 (2.21GB RAM each)...
2026-02-27 05:12:51,647 - INFO - ModelActor 1 created successfully.
2026-02-27 05:12:51,649 - INFO - Created 1 CPU actor(s). Task queue will handle concurrency.
2026-02-27 05:12:51,650 - INFO - Starting EQCCTPro parallelized waveform processing...
2026-02-27 05:12:51,652 - INFO - 
2026-02-27 05:12:51,654 - INFO - ------- Analyzing Seismic Waveforms for P and S Picks via EQCCT -------
2026-02-27 05:12:51,656 - INFO - Analyzing 0:01:00 minute timechunk from 2025-01-02 11:52:19 to 2025-01-02 11:53:19 (0 min overlap)
2026-02-27 05:12:51,658 - INFO - Processing a total of 1 stations, 1 at a time.
2026-02-27 05:12:53,518 - INFO - (1/1) KPF: Skipped (already exists - overwrite=False).
2026-02-27 05:12:53,520 - INFO - 
2026-02-27 05:12:53,522 - INFO - ------- Parallel Station Waveform Processing Complete For 2025-01-02 11:52:19 to 2025-01-02 11:53:19 Timechunk-------
2026-02-27 05:12:53,524 - INFO - Picks saved at /home/blackwinter/projects/eqcct/eqcctpro/results/csv/bm_explosions/20250102T115219Z_20250102T115319ZProcess Runtime: 1.87 s
2026-02-27 05:12:53,528 - INFO - Successfully ran EQCCTPro, exiting...
2026-02-27 05:12:54,987 - INFO - Ray Successfully Shutdown.
2026-02-27 05:12:54,987 - INFO - ------- Successfully Picked All Waveform(s) from all Timechunk(s) -------
