2026-02-26 23:51:24,829 - INFO - 
2026-02-26 23:51:24,829 - INFO - ------- Welcome to EQCCTPro -------
2026-02-26 23:51:24,829 - INFO - 
2026-02-26 23:51:24,830 - INFO - Running EQCCT over Requested MSeed Files using CPU(s)...
2026-02-26 23:51:24,830 - INFO - GPU disabled (CPU-only).
2026-02-26 23:51:24,831 - INFO - Configured Intra-op threads = 1
2026-02-26 23:51:24,831 - INFO - Configured Inter-op threads = 1
2026-02-26 23:51:24,831 - INFO - TensorFlow: No GPUs visible; TF will proceed on CPU.
2026-02-26 23:51:24,831 - INFO - 
2026-02-26 23:51:30,507 - INFO - Ray Successfully Initialized with 4 CPU(s) ([0, 1, 2, 3] CPU Affinity Binding).
2026-02-26 23:51:30,508 - INFO - Analyzing 1 time chunk(s) from 2025-01-10 10:28:13 to 2025-01-10 10:29:13 (dt=1min, overlap=0min).
2026-02-26 23:51:30,508 - INFO - Using 1 selected station(s).
2026-02-26 23:51:30,508 - INFO - 
2026-02-26 23:51:30,508 - INFO - ------- Starting EQCCTPro... -------
2026-02-26 23:51:30,508 - INFO - Detailed subprocess information can be found in the log file.
2026-02-26 23:51:30,508 - INFO - 
2026-02-26 23:51:30,907 - INFO - GPU disabled (CPU-only).
2026-02-26 23:51:32,612 - INFO - Configured Intra-op threads = 1
2026-02-26 23:51:32,614 - INFO - Configured Inter-op threads = 1
2026-02-26 23:51:32,657 - INFO - TensorFlow: No GPUs visible; TF will proceed on CPU.
2026-02-26 23:51:32,659 - INFO - 
2026-02-26 23:51:32,661 - INFO - ------- Hardware Configuration -------
2026-02-26 23:51:32,663 - INFO - CPU affinity set to cores: [0, 1, 2, 3]
2026-02-26 23:51:32,665 - INFO - 
2026-02-26 23:51:32,667 - INFO - ------- Data Preprocessing for EQCCTPro -------
2026-02-26 23:51:32,669 - INFO - 1 station(s) in /home/blackwinter/projects/eqcct/eqcctpro/data/waveforms_explosions_nonoise/20250110T102813Z_20250110T102913Z
2026-02-26 23:51:32,670 - INFO - Using 1 selected station(s): ['RAF'].
2026-02-26 23:51:32,672 - INFO - Creating model actor(s)...
2026-02-26 23:51:32,674 - INFO - System RAM: Total=7870 MB, Available=3480 MB
2026-02-26 23:51:32,676 - INFO - Usable RAM budget: 7083 MB (90% of total)
2026-02-26 23:51:32,677 - INFO - ===== MEMORY-AWARE CPU ACTOR POOL (EQCCT) =====
2026-02-26 23:51:32,679 - INFO - Requested concurrent tasks: 1
2026-02-26 23:51:32,681 - INFO - Available CPUs: 4
2026-02-26 23:51:32,683 - INFO - Available RAM: 7083 MB
2026-02-26 23:51:32,685 - INFO - RAM per model: 2264 MB
2026-02-26 23:51:32,687 - INFO - Max actors by RAM: 3
2026-02-26 23:51:32,689 - INFO - Creating 1 ModelActor(s)
2026-02-26 23:51:32,692 - INFO - Let Ray handle scheduling (taskset already restricts CPU visibility)
2026-02-26 23:51:32,694 - INFO - Creating ModelActor 1/1 (2.21GB RAM each)...
2026-02-26 23:51:36,701 - INFO - ModelActor 1 created successfully.
2026-02-26 23:51:36,703 - INFO - Created 1 CPU actor(s). Task queue will handle concurrency.
2026-02-26 23:51:36,705 - INFO - Starting EQCCTPro parallelized waveform processing...
2026-02-26 23:51:36,707 - INFO - 
2026-02-26 23:51:36,709 - INFO - ------- Analyzing Seismic Waveforms for P and S Picks via EQCCT -------
2026-02-26 23:51:36,712 - INFO - Analyzing 0:01:00 minute timechunk from 2025-01-10 10:28:13 to 2025-01-10 10:29:13 (0 min overlap)
2026-02-26 23:51:36,714 - INFO - Processing a total of 1 stations, 1 at a time.
2026-02-26 23:51:40,721 - INFO - (1/1) RAF: Finished the prediction in 2.12s. (HP=1.0, LP=45.0)
2026-02-26 23:51:40,723 - INFO - 
2026-02-26 23:51:40,725 - INFO - ------- Parallel Station Waveform Processing Complete For 2025-01-10 10:28:13 to 2025-01-10 10:29:13 Timechunk-------
2026-02-26 23:51:40,727 - INFO - Picks saved at /home/blackwinter/projects/eqcct/eqcctpro/results/csv/bm_explosions/20250110T102813Z_20250110T102913ZProcess Runtime: 4.02 s
2026-02-26 23:51:40,731 - INFO - Successfully ran EQCCTPro, exiting...
2026-02-26 23:51:42,274 - INFO - Ray Successfully Shutdown.
2026-02-26 23:51:42,274 - INFO - ------- Successfully Picked All Waveform(s) from all Timechunk(s) -------
2026-02-27 07:10:47,006 - INFO - 
2026-02-27 07:10:47,012 - INFO - ------- Welcome to EQCCTPro -------
2026-02-27 07:10:47,012 - INFO - 
2026-02-27 07:10:47,013 - INFO - Running EQCCT over Requested MSeed Files using CPU(s)...
2026-02-27 07:10:47,013 - INFO - GPU disabled (CPU-only).
2026-02-27 07:10:47,014 - INFO - Configured Intra-op threads = 1
2026-02-27 07:10:47,014 - INFO - Configured Inter-op threads = 1
2026-02-27 07:10:47,014 - INFO - TensorFlow: No GPUs visible; TF will proceed on CPU.
2026-02-27 07:10:47,014 - INFO - 
2026-02-27 07:10:52,158 - INFO - Ray Successfully Initialized with 4 CPU(s) ([0, 1, 2, 3] CPU Affinity Binding).
2026-02-27 07:10:52,158 - INFO - Analyzing 1 time chunk(s) from 2025-01-10 10:28:13 to 2025-01-10 10:29:13 (dt=1min, overlap=0min).
2026-02-27 07:10:52,158 - INFO - Using 1 selected station(s).
2026-02-27 07:10:52,158 - INFO - 
2026-02-27 07:10:52,158 - INFO - ------- Starting EQCCTPro... -------
2026-02-27 07:10:52,159 - INFO - Detailed subprocess information can be found in the log file.
2026-02-27 07:10:52,159 - INFO - 
2026-02-27 07:10:52,511 - INFO - GPU disabled (CPU-only).
2026-02-27 07:10:53,980 - INFO - Configured Intra-op threads = 1
2026-02-27 07:10:53,983 - INFO - Configured Inter-op threads = 1
2026-02-27 07:10:54,024 - INFO - TensorFlow: No GPUs visible; TF will proceed on CPU.
2026-02-27 07:10:54,026 - INFO - 
2026-02-27 07:10:54,028 - INFO - ------- Hardware Configuration -------
2026-02-27 07:10:54,030 - INFO - CPU affinity set to cores: [0, 1, 2, 3]
2026-02-27 07:10:54,031 - INFO - 
2026-02-27 07:10:54,033 - INFO - ------- Data Preprocessing for EQCCTPro -------
2026-02-27 07:10:54,035 - INFO - 1 station(s) in /home/blackwinter/projects/eqcct/eqcctpro/data/waveforms_explosions_nonoise/20250110T102813Z_20250110T102913Z
2026-02-27 07:10:54,037 - INFO - Using 1 selected station(s): ['RAF'].
2026-02-27 07:10:54,038 - INFO - Creating model actor(s)...
2026-02-27 07:10:54,040 - INFO - System RAM: Total=7870 MB, Available=3469 MB
2026-02-27 07:10:54,042 - INFO - Usable RAM budget: 7083 MB (90% of total)
2026-02-27 07:10:54,044 - INFO - ===== MEMORY-AWARE CPU ACTOR POOL (EQCCT) =====
2026-02-27 07:10:54,046 - INFO - Requested concurrent tasks: 1
2026-02-27 07:10:54,048 - INFO - Available CPUs: 4
2026-02-27 07:10:54,049 - INFO - Available RAM: 7083 MB
2026-02-27 07:10:54,051 - INFO - RAM per model: 2264 MB
2026-02-27 07:10:54,053 - INFO - Max actors by RAM: 3
2026-02-27 07:10:54,055 - INFO - Creating 1 ModelActor(s)
2026-02-27 07:10:54,057 - INFO - Let Ray handle scheduling (taskset already restricts CPU visibility)
2026-02-27 07:10:54,058 - INFO - Creating ModelActor 1/1 (2.21GB RAM each)...
2026-02-27 07:10:58,074 - INFO - ModelActor 1 created successfully.
2026-02-27 07:10:58,078 - INFO - Created 1 CPU actor(s). Task queue will handle concurrency.
2026-02-27 07:10:58,080 - INFO - Starting EQCCTPro parallelized waveform processing...
2026-02-27 07:10:58,082 - INFO - 
2026-02-27 07:10:58,084 - INFO - ------- Analyzing Seismic Waveforms for P and S Picks via EQCCT -------
2026-02-27 07:10:58,086 - INFO - Analyzing 0:01:00 minute timechunk from 2025-01-10 10:28:13 to 2025-01-10 10:29:13 (0 min overlap)
2026-02-27 07:10:58,088 - INFO - Processing a total of 1 stations, 1 at a time.
2026-02-27 07:10:59,972 - INFO - (1/1) RAF: Skipped (already exists - overwrite=False).
2026-02-27 07:10:59,974 - INFO - 
2026-02-27 07:10:59,976 - INFO - ------- Parallel Station Waveform Processing Complete For 2025-01-10 10:28:13 to 2025-01-10 10:29:13 Timechunk-------
2026-02-27 07:10:59,978 - INFO - Picks saved at /home/blackwinter/projects/eqcct/eqcctpro/results/csv/bm_explosions/20250110T102813Z_20250110T102913ZProcess Runtime: 1.89 s
2026-02-27 07:10:59,982 - INFO - Successfully ran EQCCTPro, exiting...
2026-02-27 07:11:01,519 - INFO - Ray Successfully Shutdown.
2026-02-27 07:11:01,520 - INFO - ------- Successfully Picked All Waveform(s) from all Timechunk(s) -------
