2026-03-27 17:34:41,736 - INFO - 
2026-03-27 17:34:41,736 - INFO - ------- Welcome to EQCCTPro -------
2026-03-27 17:34:41,736 - INFO - 
2026-03-27 17:34:41,737 - INFO - Running EQCCT over Requested MSeed Files using CPU(s)...
2026-03-27 17:34:41,737 - INFO - GPU disabled (CPU-only).
2026-03-27 17:34:41,737 - INFO - Skipping framework-specific initialization in the driver process.
2026-03-27 17:34:44,129 - INFO - Ray Successfully Initialized with 4 CPU(s) ([0, 1, 2, 3] CPU Affinity Binding).
2026-03-27 17:34:44,130 - INFO - Analyzing 1 time chunk(s) from 2025-02-01 19:36:17 to 2025-02-01 19:37:17 (dt=1min, overlap=0min).
2026-03-27 17:34:44,131 - INFO - Using 1 selected station(s).
2026-03-27 17:34:44,131 - INFO - 
2026-03-27 17:34:44,131 - INFO - ------- Starting EQCCTPro... -------
2026-03-27 17:34:44,131 - INFO - Detailed subprocess information can be found in the log file.
2026-03-27 17:34:44,131 - INFO - 
2026-03-27 17:34:44,412 - INFO - GPU disabled (CPU-only).
2026-03-27 17:34:44,418 - INFO - Skipping framework-specific initialization in the driver process.
2026-03-27 17:34:44,421 - INFO - ------- Hardware Configuration -------
2026-03-27 17:34:44,424 - INFO - CPU affinity set to cores: [0, 1, 2, 3]
2026-03-27 17:34:44,427 - INFO - 
2026-03-27 17:34:44,430 - INFO - ------- Data Preprocessing for EQCCTPro -------
2026-03-27 17:34:44,432 - INFO - 1 station(s) in /home/blackwinter/projects/eqcct/eqcctpro/data/waveforms_earthquakes_nonoise/20250201T193617Z_20250201T193717Z
2026-03-27 17:34:44,436 - INFO - Using 1 selected station(s): ['OLKF'].
2026-03-27 17:34:44,439 - INFO - Creating model actor(s)...
2026-03-27 17:34:44,442 - INFO - System RAM: Total=7870 MB, Available=6167 MB
2026-03-27 17:34:44,445 - INFO - Usable RAM budget: 7083 MB (90% of total)
2026-03-27 17:34:44,448 - INFO - ===== MEMORY-AWARE CPU ACTOR POOL =====
2026-03-27 17:34:44,451 - INFO - Requested concurrent tasks: 1
2026-03-27 17:34:44,454 - INFO - Available CPUs: 4
2026-03-27 17:34:44,457 - INFO - Available RAM: 7083 MB
2026-03-27 17:34:44,460 - INFO - RAM per model: 2060 MB
2026-03-27 17:34:44,463 - INFO - Max actors by RAM: 3
2026-03-27 17:34:44,466 - INFO - Creating 1 SeisBenchModelActor(s)
2026-03-27 17:34:44,469 - INFO - Let Ray handle scheduling (taskset already restricts CPU visibility)
2026-03-27 17:34:44,472 - INFO - Creating SeisBenchModelActor 1/1 (2.01GB RAM each)...
2026-03-27 17:34:47,603 - INFO - SeisBenchModelActor 1 created successfully.
2026-03-27 17:34:47,606 - INFO - Created 1 CPU actor(s). Task queue will handle concurrency.
2026-03-27 17:34:47,607 - INFO - Starting EQCCTPro parallelized waveform processing...
2026-03-27 17:34:47,610 - INFO - 
2026-03-27 17:34:47,612 - INFO - ------- Analyzing Seismic Waveforms for P and S Picks via SeisBench (EQTransformer - original_nonconservative) -------
2026-03-27 17:34:47,614 - INFO - Analyzing 0:01:00 minute timechunk from 2025-02-01 19:36:17 to 2025-02-01 19:37:17 (0 min overlap)
2026-03-27 17:34:47,616 - INFO - Processing a total of 1 stations, 1 at a time.
2026-03-27 17:34:49,923 - INFO - (1/1) OLKF: Finished the prediction in 0.14s. (HP=1.0, LP=45.0, picks=2)
2026-03-27 17:34:49,925 - INFO - 
2026-03-27 17:34:49,927 - INFO - ------- Parallel Station Waveform Processing Complete For 2025-02-01 19:36:17 to 2025-02-01 19:37:17 Timechunk-------
2026-03-27 17:34:49,935 - INFO - Successfully ran EQCCTPro, exiting...
2026-03-27 17:34:49,929 - INFO - Picks saved at /home/blackwinter/projects/eqcct/eqcctpro/results/csv/eqt_earthquakes_th0_1/20250201T193617Z_20250201T193717ZProcess Runtime: 2.32 s
2026-03-27 17:34:51,433 - INFO - Ray Successfully Shutdown.
2026-03-27 17:34:51,433 - INFO - ------- Successfully Picked All Waveform(s) from all Timechunk(s) -------
2026-03-28 00:03:57,714 - INFO - 
2026-03-28 00:03:57,714 - INFO - ------- Welcome to EQCCTPro -------
2026-03-28 00:03:57,714 - INFO - 
2026-03-28 00:03:57,715 - INFO - Running EQCCT over Requested MSeed Files using CPU(s)...
2026-03-28 00:03:57,715 - INFO - GPU disabled (CPU-only).
2026-03-28 00:03:57,715 - INFO - Skipping framework-specific initialization in the driver process.
2026-03-28 00:04:00,032 - INFO - Ray Successfully Initialized with 4 CPU(s) ([0, 1, 2, 3] CPU Affinity Binding).
2026-03-28 00:04:00,033 - INFO - Analyzing 1 time chunk(s) from 2025-02-01 19:36:17 to 2025-02-01 19:37:17 (dt=1min, overlap=0min).
2026-03-28 00:04:00,033 - INFO - Using 1 selected station(s).
2026-03-28 00:04:00,033 - INFO - 
2026-03-28 00:04:00,033 - INFO - ------- Starting EQCCTPro... -------
2026-03-28 00:04:00,033 - INFO - Detailed subprocess information can be found in the log file.
2026-03-28 00:04:00,033 - INFO - 
2026-03-28 00:04:00,292 - INFO - GPU disabled (CPU-only).
2026-03-28 00:04:00,296 - INFO - Skipping framework-specific initialization in the driver process.
2026-03-28 00:04:00,299 - INFO - ------- Hardware Configuration -------
2026-03-28 00:04:00,302 - INFO - CPU affinity set to cores: [0, 1, 2, 3]
2026-03-28 00:04:00,304 - INFO - 
2026-03-28 00:04:00,306 - INFO - ------- Data Preprocessing for EQCCTPro -------
2026-03-28 00:04:00,308 - INFO - 1 station(s) in /home/blackwinter/projects/eqcct/eqcctpro/data/waveforms_earthquakes_nonoise/20250201T193617Z_20250201T193717Z
2026-03-28 00:04:00,310 - INFO - Using 1 selected station(s): ['OLKF'].
2026-03-28 00:04:00,312 - INFO - Creating model actor(s)...
2026-03-28 00:04:00,314 - INFO - System RAM: Total=7870 MB, Available=5999 MB
2026-03-28 00:04:00,316 - INFO - Usable RAM budget: 7083 MB (90% of total)
2026-03-28 00:04:00,319 - INFO - ===== MEMORY-AWARE CPU ACTOR POOL =====
2026-03-28 00:04:00,321 - INFO - Requested concurrent tasks: 1
2026-03-28 00:04:00,323 - INFO - Available CPUs: 4
2026-03-28 00:04:00,325 - INFO - Available RAM: 7083 MB
2026-03-28 00:04:00,327 - INFO - RAM per model: 2060 MB
2026-03-28 00:04:00,328 - INFO - Max actors by RAM: 3
2026-03-28 00:04:00,330 - INFO - Creating 1 SeisBenchModelActor(s)
2026-03-28 00:04:00,332 - INFO - Let Ray handle scheduling (taskset already restricts CPU visibility)
2026-03-28 00:04:00,333 - INFO - Creating SeisBenchModelActor 1/1 (2.01GB RAM each)...
2026-03-28 00:04:03,469 - INFO - SeisBenchModelActor 1 created successfully.
2026-03-28 00:04:03,471 - INFO - Created 1 CPU actor(s). Task queue will handle concurrency.
2026-03-28 00:04:03,473 - INFO - Starting EQCCTPro parallelized waveform processing...
2026-03-28 00:04:03,476 - INFO - 
2026-03-28 00:04:03,477 - INFO - ------- Analyzing Seismic Waveforms for P and S Picks via SeisBench (EQTransformer - original_nonconservative) -------
2026-03-28 00:04:03,480 - INFO - Analyzing 0:01:00 minute timechunk from 2025-02-01 19:36:17 to 2025-02-01 19:37:17 (0 min overlap)
2026-03-28 00:04:03,482 - INFO - Processing a total of 1 stations, 1 at a time.
2026-03-28 00:04:05,371 - INFO - (1/1) OLKF: Skipped (already exists - overwrite=False).
2026-03-28 00:04:05,373 - INFO - 
2026-03-28 00:04:05,375 - INFO - ------- Parallel Station Waveform Processing Complete For 2025-02-01 19:36:17 to 2025-02-01 19:37:17 Timechunk-------
2026-03-28 00:04:05,377 - INFO - Picks saved at /home/blackwinter/projects/eqcct/eqcctpro/results/csv/eqt_earthquakes_th0_1/20250201T193617Z_20250201T193717ZProcess Runtime: 1.90 s
2026-03-28 00:04:05,381 - INFO - Successfully ran EQCCTPro, exiting...
2026-03-28 00:04:06,778 - INFO - Ray Successfully Shutdown.
2026-03-28 00:04:06,778 - INFO - ------- Successfully Picked All Waveform(s) from all Timechunk(s) -------
