2026-03-20 00:18:32,086 - INFO - 
2026-03-20 00:18:32,086 - INFO - ------- Welcome to EQCCTPro -------
2026-03-20 00:18:32,086 - INFO - 
2026-03-20 00:18:32,087 - INFO - Running EQCCT over Requested MSeed Files using CPU(s)...
2026-03-20 00:18:32,087 - INFO - GPU disabled (CPU-only).
2026-03-20 00:18:32,088 - INFO - Configured Intra-op threads = 1
2026-03-20 00:18:32,088 - INFO - Configured Inter-op threads = 1
2026-03-20 00:18:32,088 - INFO - TensorFlow: No GPUs visible; TF will proceed on CPU.
2026-03-20 00:18:32,088 - INFO - 
2026-03-20 00:18:37,578 - INFO - Ray Successfully Initialized with 4 CPU(s) ([0, 1, 2, 3] CPU Affinity Binding).
2026-03-20 00:18:37,578 - INFO - Analyzing 1 time chunk(s) from 2025-03-15 02:39:27 to 2025-03-15 02:40:27 (dt=1min, overlap=0min).
2026-03-20 00:18:37,578 - INFO - Using 1 selected station(s).
2026-03-20 00:18:37,578 - INFO - 
2026-03-20 00:18:37,579 - INFO - ------- Starting EQCCTPro... -------
2026-03-20 00:18:37,579 - INFO - Detailed subprocess information can be found in the log file.
2026-03-20 00:18:37,579 - INFO - 
2026-03-20 00:18:37,957 - INFO - GPU disabled (CPU-only).
2026-03-20 00:18:39,498 - INFO - Configured Intra-op threads = 1
2026-03-20 00:18:39,500 - INFO - Configured Inter-op threads = 1
2026-03-20 00:18:39,542 - INFO - TensorFlow: No GPUs visible; TF will proceed on CPU.
2026-03-20 00:18:39,545 - INFO - 
2026-03-20 00:18:39,547 - INFO - ------- Hardware Configuration -------
2026-03-20 00:18:39,549 - INFO - CPU affinity set to cores: [0, 1, 2, 3]
2026-03-20 00:18:39,550 - INFO - 
2026-03-20 00:18:39,552 - INFO - ------- Data Preprocessing for EQCCTPro -------
2026-03-20 00:18:39,554 - INFO - 1 station(s) in /home/blackwinter/projects/eqcct/eqcctpro/data/waveforms_earthquakes_nonoise/20250315T023927Z_20250315T024027Z
2026-03-20 00:18:39,556 - INFO - Using 1 selected station(s): ['OLKF'].
2026-03-20 00:18:39,558 - INFO - Creating model actor(s)...
2026-03-20 00:18:39,560 - INFO - System RAM: Total=7870 MB, Available=2489 MB
2026-03-20 00:18:39,562 - INFO - Usable RAM budget: 7083 MB (90% of total)
2026-03-20 00:18:39,564 - INFO - ===== MEMORY-AWARE CPU ACTOR POOL (EQCCT) =====
2026-03-20 00:18:39,566 - INFO - Requested concurrent tasks: 1
2026-03-20 00:18:39,567 - INFO - Available CPUs: 4
2026-03-20 00:18:39,569 - INFO - Available RAM: 7083 MB
2026-03-20 00:18:39,571 - INFO - RAM per model: 2264 MB
2026-03-20 00:18:39,573 - INFO - Max actors by RAM: 3
2026-03-20 00:18:39,575 - INFO - Creating 1 ModelActor(s)
2026-03-20 00:18:39,577 - INFO - Let Ray handle scheduling (taskset already restricts CPU visibility)
2026-03-20 00:18:39,579 - INFO - Creating ModelActor 1/1 (2.21GB RAM each)...
2026-03-20 00:18:43,551 - INFO - ModelActor 1 created successfully.
2026-03-20 00:18:43,553 - INFO - Created 1 CPU actor(s). Task queue will handle concurrency.
2026-03-20 00:18:43,555 - INFO - Starting EQCCTPro parallelized waveform processing...
2026-03-20 00:18:43,558 - INFO - 
2026-03-20 00:18:43,560 - INFO - ------- Analyzing Seismic Waveforms for P and S Picks via EQCCT -------
2026-03-20 00:18:43,563 - INFO - Analyzing 0:01:00 minute timechunk from 2025-03-15 02:39:27 to 2025-03-15 02:40:27 (0 min overlap)
2026-03-20 00:18:43,565 - INFO - Processing a total of 1 stations, 1 at a time.
2026-03-20 00:18:47,726 - INFO - (1/1) OLKF: Finished the prediction in 2.18s. (HP=1.0, LP=45.0)
2026-03-20 00:18:47,728 - INFO - 
2026-03-20 00:18:47,730 - INFO - ------- Parallel Station Waveform Processing Complete For 2025-03-15 02:39:27 to 2025-03-15 02:40:27 Timechunk-------
2026-03-20 00:18:47,736 - INFO - Successfully ran EQCCTPro, exiting...
2026-03-20 00:18:47,732 - INFO - Picks saved at /home/blackwinter/projects/eqcct/eqcctpro/results/csv/eqcct_earthquakes_th0_1/20250315T023927Z_20250315T024027ZProcess Runtime: 4.17 s
2026-03-20 00:18:49,339 - INFO - Ray Successfully Shutdown.
2026-03-20 00:18:49,339 - INFO - ------- Successfully Picked All Waveform(s) from all Timechunk(s) -------
