2026-02-26 21:44:22,588 - INFO - 
2026-02-26 21:44:22,588 - INFO - ------- Welcome to EQCCTPro -------
2026-02-26 21:44:22,588 - INFO - 
2026-02-26 21:44:22,589 - INFO - Running EQCCT over Requested MSeed Files using CPU(s)...
2026-02-26 21:44:22,589 - INFO - GPU disabled (CPU-only).
2026-02-26 21:44:22,589 - INFO - Configured Intra-op threads = 1
2026-02-26 21:44:22,589 - INFO - Configured Inter-op threads = 1
2026-02-26 21:44:22,590 - INFO - TensorFlow: No GPUs visible; TF will proceed on CPU.
2026-02-26 21:44:22,590 - INFO - 
2026-02-26 21:44:28,116 - INFO - Ray Successfully Initialized with 4 CPU(s) ([0, 1, 2, 3] CPU Affinity Binding).
2026-02-26 21:44:28,116 - INFO - Analyzing 1 time chunk(s) from 2025-01-03 11:41:38 to 2025-01-03 11:42:38 (dt=1min, overlap=0min).
2026-02-26 21:44:28,116 - INFO - Using 1 selected station(s).
2026-02-26 21:44:28,117 - INFO - 
2026-02-26 21:44:28,117 - INFO - ------- Starting EQCCTPro... -------
2026-02-26 21:44:28,117 - INFO - Detailed subprocess information can be found in the log file.
2026-02-26 21:44:28,117 - INFO - 
2026-02-26 21:44:28,504 - INFO - GPU disabled (CPU-only).
2026-02-26 21:44:30,113 - INFO - Configured Intra-op threads = 1
2026-02-26 21:44:30,115 - INFO - Configured Inter-op threads = 1
2026-02-26 21:44:30,158 - INFO - TensorFlow: No GPUs visible; TF will proceed on CPU.
2026-02-26 21:44:30,161 - INFO - 
2026-02-26 21:44:30,163 - INFO - ------- Hardware Configuration -------
2026-02-26 21:44:30,165 - INFO - CPU affinity set to cores: [0, 1, 2, 3]
2026-02-26 21:44:30,167 - INFO - 
2026-02-26 21:44:30,168 - INFO - ------- Data Preprocessing for EQCCTPro -------
2026-02-26 21:44:30,170 - INFO - 1 station(s) in /home/blackwinter/projects/eqcct/eqcctpro/data/waveforms_explosions_nonoise/20250103T114138Z_20250103T114238Z
2026-02-26 21:44:30,172 - INFO - Using 1 selected station(s): ['SUF'].
2026-02-26 21:44:30,174 - INFO - Creating model actor(s)...
2026-02-26 21:44:30,177 - INFO - System RAM: Total=7870 MB, Available=4244 MB
2026-02-26 21:44:30,179 - INFO - Usable RAM budget: 7083 MB (90% of total)
2026-02-26 21:44:30,181 - INFO - ===== MEMORY-AWARE CPU ACTOR POOL (EQCCT) =====
2026-02-26 21:44:30,183 - INFO - Requested concurrent tasks: 1
2026-02-26 21:44:30,185 - INFO - Available CPUs: 4
2026-02-26 21:44:30,187 - INFO - Available RAM: 7083 MB
2026-02-26 21:44:30,189 - INFO - RAM per model: 2264 MB
2026-02-26 21:44:30,191 - INFO - Max actors by RAM: 3
2026-02-26 21:44:30,193 - INFO - Creating 1 ModelActor(s)
2026-02-26 21:44:30,195 - INFO - Let Ray handle scheduling (taskset already restricts CPU visibility)
2026-02-26 21:44:30,197 - INFO - Creating ModelActor 1/1 (2.21GB RAM each)...
2026-02-26 21:44:34,035 - INFO - ModelActor 1 created successfully.
2026-02-26 21:44:34,038 - INFO - Created 1 CPU actor(s). Task queue will handle concurrency.
2026-02-26 21:44:34,040 - INFO - Starting EQCCTPro parallelized waveform processing...
2026-02-26 21:44:34,042 - INFO - 
2026-02-26 21:44:34,044 - INFO - ------- Analyzing Seismic Waveforms for P and S Picks via EQCCT -------
2026-02-26 21:44:34,047 - INFO - Analyzing 0:01:00 minute timechunk from 2025-01-03 11:41:38 to 2025-01-03 11:42:38 (0 min overlap)
2026-02-26 21:44:34,049 - INFO - Processing a total of 1 stations, 1 at a time.
2026-02-26 21:44:38,028 - INFO - (1/1) SUF: Finished the prediction in 2.12s. (HP=1.0, LP=45.0)
2026-02-26 21:44:38,031 - INFO - 
2026-02-26 21:44:38,034 - INFO - ------- Parallel Station Waveform Processing Complete For 2025-01-03 11:41:38 to 2025-01-03 11:42:38 Timechunk-------
2026-02-26 21:44:38,036 - INFO - Picks saved at /home/blackwinter/projects/eqcct/eqcctpro/results/csv/bm_explosions/20250103T114138Z_20250103T114238ZProcess Runtime: 3.99 s
2026-02-26 21:44:38,040 - INFO - Successfully ran EQCCTPro, exiting...
2026-02-26 21:44:39,601 - INFO - Ray Successfully Shutdown.
2026-02-26 21:44:39,601 - INFO - ------- Successfully Picked All Waveform(s) from all Timechunk(s) -------
2026-02-27 05:20:35,754 - INFO - 
2026-02-27 05:20:35,761 - INFO - ------- Welcome to EQCCTPro -------
2026-02-27 05:20:35,761 - INFO - 
2026-02-27 05:20:35,761 - INFO - Running EQCCT over Requested MSeed Files using CPU(s)...
2026-02-27 05:20:35,762 - INFO - GPU disabled (CPU-only).
2026-02-27 05:20:35,762 - INFO - Configured Intra-op threads = 1
2026-02-27 05:20:35,762 - INFO - Configured Inter-op threads = 1
2026-02-27 05:20:35,762 - INFO - TensorFlow: No GPUs visible; TF will proceed on CPU.
2026-02-27 05:20:35,762 - INFO - 
2026-02-27 05:20:40,969 - INFO - Ray Successfully Initialized with 4 CPU(s) ([0, 1, 2, 3] CPU Affinity Binding).
2026-02-27 05:20:40,969 - INFO - Analyzing 1 time chunk(s) from 2025-01-03 11:41:38 to 2025-01-03 11:42:38 (dt=1min, overlap=0min).
2026-02-27 05:20:40,969 - INFO - Using 1 selected station(s).
2026-02-27 05:20:40,970 - INFO - 
2026-02-27 05:20:40,970 - INFO - ------- Starting EQCCTPro... -------
2026-02-27 05:20:40,970 - INFO - Detailed subprocess information can be found in the log file.
2026-02-27 05:20:40,970 - INFO - 
2026-02-27 05:20:41,350 - INFO - GPU disabled (CPU-only).
2026-02-27 05:20:42,855 - INFO - Configured Intra-op threads = 1
2026-02-27 05:20:42,857 - INFO - Configured Inter-op threads = 1
2026-02-27 05:20:42,902 - INFO - TensorFlow: No GPUs visible; TF will proceed on CPU.
2026-02-27 05:20:42,904 - INFO - 
2026-02-27 05:20:42,906 - INFO - ------- Hardware Configuration -------
2026-02-27 05:20:42,909 - INFO - CPU affinity set to cores: [0, 1, 2, 3]
2026-02-27 05:20:42,911 - INFO - 
2026-02-27 05:20:42,913 - INFO - ------- Data Preprocessing for EQCCTPro -------
2026-02-27 05:20:42,914 - INFO - 1 station(s) in /home/blackwinter/projects/eqcct/eqcctpro/data/waveforms_explosions_nonoise/20250103T114138Z_20250103T114238Z
2026-02-27 05:20:42,916 - INFO - Using 1 selected station(s): ['SUF'].
2026-02-27 05:20:42,918 - INFO - Creating model actor(s)...
2026-02-27 05:20:42,920 - INFO - System RAM: Total=7870 MB, Available=4289 MB
2026-02-27 05:20:42,922 - INFO - Usable RAM budget: 7083 MB (90% of total)
2026-02-27 05:20:42,924 - INFO - ===== MEMORY-AWARE CPU ACTOR POOL (EQCCT) =====
2026-02-27 05:20:42,926 - INFO - Requested concurrent tasks: 1
2026-02-27 05:20:42,928 - INFO - Available CPUs: 4
2026-02-27 05:20:42,929 - INFO - Available RAM: 7083 MB
2026-02-27 05:20:42,931 - INFO - RAM per model: 2264 MB
2026-02-27 05:20:42,933 - INFO - Max actors by RAM: 3
2026-02-27 05:20:42,935 - INFO - Creating 1 ModelActor(s)
2026-02-27 05:20:42,937 - INFO - Let Ray handle scheduling (taskset already restricts CPU visibility)
2026-02-27 05:20:42,939 - INFO - Creating ModelActor 1/1 (2.21GB RAM each)...
2026-02-27 05:20:46,801 - INFO - ModelActor 1 created successfully.
2026-02-27 05:20:46,803 - INFO - Created 1 CPU actor(s). Task queue will handle concurrency.
2026-02-27 05:20:46,805 - INFO - Starting EQCCTPro parallelized waveform processing...
2026-02-27 05:20:46,808 - INFO - 
2026-02-27 05:20:46,810 - INFO - ------- Analyzing Seismic Waveforms for P and S Picks via EQCCT -------
2026-02-27 05:20:46,812 - INFO - Analyzing 0:01:00 minute timechunk from 2025-01-03 11:41:38 to 2025-01-03 11:42:38 (0 min overlap)
2026-02-27 05:20:46,814 - INFO - Processing a total of 1 stations, 1 at a time.
2026-02-27 05:20:48,673 - INFO - (1/1) SUF: Skipped (already exists - overwrite=False).
2026-02-27 05:20:48,676 - INFO - 
2026-02-27 05:20:48,679 - INFO - ------- Parallel Station Waveform Processing Complete For 2025-01-03 11:41:38 to 2025-01-03 11:42:38 Timechunk-------
2026-02-27 05:20:48,681 - INFO - Picks saved at /home/blackwinter/projects/eqcct/eqcctpro/results/csv/bm_explosions/20250103T114138Z_20250103T114238ZProcess Runtime: 1.87 s
2026-02-27 05:20:48,686 - INFO - Successfully ran EQCCTPro, exiting...
2026-02-27 05:20:50,154 - INFO - Ray Successfully Shutdown.
2026-02-27 05:20:50,154 - INFO - ------- Successfully Picked All Waveform(s) from all Timechunk(s) -------
