2026-02-27 13:38:33,006 - INFO - 
2026-02-27 13:38:33,006 - INFO - ------- Welcome to EQCCTPro -------
2026-02-27 13:38:33,006 - INFO - 
2026-02-27 13:38:33,007 - INFO - Running EQCCT over Requested MSeed Files using CPU(s)...
2026-02-27 13:38:33,007 - INFO - GPU disabled (CPU-only).
2026-02-27 13:38:33,008 - INFO - Configured Intra-op threads = 1
2026-02-27 13:38:33,008 - INFO - Configured Inter-op threads = 1
2026-02-27 13:38:33,008 - INFO - TensorFlow: No GPUs visible; TF will proceed on CPU.
2026-02-27 13:38:33,008 - INFO - 
2026-02-27 13:38:38,281 - INFO - Ray Successfully Initialized with 4 CPU(s) ([0, 1, 2, 3] CPU Affinity Binding).
2026-02-27 13:38:38,281 - INFO - Analyzing 1 time chunk(s) from 2025-01-25 16:44:33 to 2025-01-25 16:45:33 (dt=1min, overlap=0min).
2026-02-27 13:38:38,281 - INFO - Using 1 selected station(s).
2026-02-27 13:38:38,281 - INFO - 
2026-02-27 13:38:38,281 - INFO - ------- Starting EQCCTPro... -------
2026-02-27 13:38:38,281 - INFO - Detailed subprocess information can be found in the log file.
2026-02-27 13:38:38,282 - INFO - 
2026-02-27 13:38:38,657 - INFO - GPU disabled (CPU-only).
2026-02-27 13:38:40,078 - INFO - Configured Intra-op threads = 1
2026-02-27 13:38:40,080 - INFO - Configured Inter-op threads = 1
2026-02-27 13:38:40,121 - INFO - TensorFlow: No GPUs visible; TF will proceed on CPU.
2026-02-27 13:38:40,124 - INFO - 
2026-02-27 13:38:40,126 - INFO - ------- Hardware Configuration -------
2026-02-27 13:38:40,128 - INFO - CPU affinity set to cores: [0, 1, 2, 3]
2026-02-27 13:38:40,129 - INFO - 
2026-02-27 13:38:40,131 - INFO - ------- Data Preprocessing for EQCCTPro -------
2026-02-27 13:38:40,133 - INFO - 1 station(s) in /home/blackwinter/projects/eqcct/eqcctpro/data/waveforms_explosions_nonoise/20250125T164433Z_20250125T164533Z
2026-02-27 13:38:40,134 - INFO - Using 1 selected station(s): ['KEV'].
2026-02-27 13:38:40,137 - INFO - Creating model actor(s)...
2026-02-27 13:38:40,139 - INFO - System RAM: Total=7870 MB, Available=2223 MB
2026-02-27 13:38:40,141 - INFO - Usable RAM budget: 7083 MB (90% of total)
2026-02-27 13:38:40,144 - INFO - ===== MEMORY-AWARE CPU ACTOR POOL (EQCCT) =====
2026-02-27 13:38:40,146 - INFO - Requested concurrent tasks: 1
2026-02-27 13:38:40,148 - INFO - Available CPUs: 4
2026-02-27 13:38:40,150 - INFO - Available RAM: 7083 MB
2026-02-27 13:38:40,152 - INFO - RAM per model: 2264 MB
2026-02-27 13:38:40,154 - INFO - Max actors by RAM: 3
2026-02-27 13:38:40,157 - INFO - Creating 1 ModelActor(s)
2026-02-27 13:38:40,159 - INFO - Let Ray handle scheduling (taskset already restricts CPU visibility)
2026-02-27 13:38:40,161 - INFO - Creating ModelActor 1/1 (2.21GB RAM each)...
2026-02-27 13:38:44,108 - INFO - ModelActor 1 created successfully.
2026-02-27 13:38:44,114 - INFO - Created 1 CPU actor(s). Task queue will handle concurrency.
2026-02-27 13:38:44,117 - INFO - Starting EQCCTPro parallelized waveform processing...
2026-02-27 13:38:44,119 - INFO - 
2026-02-27 13:38:44,121 - INFO - ------- Analyzing Seismic Waveforms for P and S Picks via EQCCT -------
2026-02-27 13:38:44,125 - INFO - Analyzing 0:01:00 minute timechunk from 2025-01-25 16:44:33 to 2025-01-25 16:45:33 (0 min overlap)
2026-02-27 13:38:44,129 - INFO - Processing a total of 1 stations, 1 at a time.
2026-02-27 13:38:48,185 - INFO - (1/1) KEV: Finished the prediction in 2.17s. (HP=1.0, LP=45.0)
2026-02-27 13:38:48,187 - INFO - 
2026-02-27 13:38:48,189 - INFO - ------- Parallel Station Waveform Processing Complete For 2025-01-25 16:44:33 to 2025-01-25 16:45:33 Timechunk-------
2026-02-27 13:38:48,192 - INFO - Picks saved at /home/blackwinter/projects/eqcct/eqcctpro/results/csv/bm_explosions/20250125T164433Z_20250125T164533ZProcess Runtime: 4.07 s
2026-02-27 13:38:48,196 - INFO - Successfully ran EQCCTPro, exiting...
2026-02-27 13:38:49,727 - INFO - Ray Successfully Shutdown.
2026-02-27 13:38:49,728 - INFO - ------- Successfully Picked All Waveform(s) from all Timechunk(s) -------
