2026-03-29 17:23:49,049 - INFO - 
2026-03-29 17:23:49,049 - INFO - ------- Welcome to EQCCTPro -------
2026-03-29 17:23:49,049 - INFO - 
2026-03-29 17:23:49,050 - INFO - Running EQCCT over Requested MSeed Files using CPU(s)...
2026-03-29 17:23:49,050 - INFO - GPU disabled (CPU-only).
2026-03-29 17:23:49,050 - INFO - Configured Intra-op threads = 1
2026-03-29 17:23:49,050 - INFO - Configured Inter-op threads = 1
2026-03-29 17:23:49,051 - INFO - TensorFlow: No GPUs visible; TF will proceed on CPU.
2026-03-29 17:23:49,051 - INFO - 
2026-03-29 17:23:55,004 - INFO - Ray Successfully Initialized with 4 CPU(s) ([0, 1, 2, 3] CPU Affinity Binding).
2026-03-29 17:23:55,004 - INFO - Analyzing 1 time chunk(s) from 2025-01-11 11:00:28 to 2025-01-11 11:01:28 (dt=1min, overlap=0min).
2026-03-29 17:23:55,004 - INFO - Using 1 selected station(s).
2026-03-29 17:23:55,004 - INFO - 
2026-03-29 17:23:55,004 - INFO - ------- Starting EQCCTPro... -------
2026-03-29 17:23:55,004 - INFO - Detailed subprocess information can be found in the log file.
2026-03-29 17:23:55,004 - INFO - 
2026-03-29 17:23:55,396 - INFO - GPU disabled (CPU-only).
2026-03-29 17:23:56,989 - INFO - Configured Intra-op threads = 1
2026-03-29 17:23:56,992 - INFO - Configured Inter-op threads = 1
2026-03-29 17:23:57,037 - INFO - TensorFlow: No GPUs visible; TF will proceed on CPU.
2026-03-29 17:23:57,040 - INFO - 
2026-03-29 17:23:57,042 - INFO - ------- Hardware Configuration -------
2026-03-29 17:23:57,045 - INFO - CPU affinity set to cores: [0, 1, 2, 3]
2026-03-29 17:23:57,048 - INFO - 
2026-03-29 17:23:57,051 - INFO - ------- Data Preprocessing for EQCCTPro -------
2026-03-29 17:23:57,053 - INFO - 1 station(s) in /home/blackwinter/projects/eqcct/eqcctpro/data/waveforms_noise_only/20250111T110028Z_20250111T110128Z
2026-03-29 17:23:57,056 - INFO - Using 1 selected station(s): ['KY02'].
2026-03-29 17:23:57,058 - INFO - Creating model actor(s)...
2026-03-29 17:23:57,060 - INFO - System RAM: Total=7870 MB, Available=3915 MB
2026-03-29 17:23:57,063 - INFO - Usable RAM budget: 7083 MB (90% of total)
2026-03-29 17:23:57,066 - INFO - ===== MEMORY-AWARE CPU ACTOR POOL (EQCCT) =====
2026-03-29 17:23:57,068 - INFO - Requested concurrent tasks: 1
2026-03-29 17:23:57,071 - INFO - Available CPUs: 4
2026-03-29 17:23:57,073 - INFO - Available RAM: 7083 MB
2026-03-29 17:23:57,074 - INFO - RAM per model: 2264 MB
2026-03-29 17:23:57,077 - INFO - Max actors by RAM: 3
2026-03-29 17:23:57,080 - INFO - Creating 1 ModelActor(s)
2026-03-29 17:23:57,083 - INFO - Let Ray handle scheduling (taskset already restricts CPU visibility)
2026-03-29 17:23:57,086 - INFO - Creating ModelActor 1/1 (2.21GB RAM each)...
2026-03-29 17:24:01,489 - INFO - ModelActor 1 created successfully.
2026-03-29 17:24:01,492 - INFO - Created 1 CPU actor(s). Task queue will handle concurrency.
2026-03-29 17:24:01,496 - INFO - Starting EQCCTPro parallelized waveform processing...
2026-03-29 17:24:01,499 - INFO - 
2026-03-29 17:24:01,503 - INFO - ------- Analyzing Seismic Waveforms for P and S Picks via EQCCT -------
2026-03-29 17:24:01,507 - INFO - Analyzing 0:01:00 minute timechunk from 2025-01-11 11:00:28 to 2025-01-11 11:01:28 (0 min overlap)
2026-03-29 17:24:01,510 - INFO - Processing a total of 1 stations, 1 at a time.
2026-03-29 17:24:05,948 - INFO - (1/1) KY02: Finished the prediction in 2.38s. (HP=1.0, LP=45.0)
2026-03-29 17:24:05,951 - INFO - 
2026-03-29 17:24:05,953 - INFO - ------- Parallel Station Waveform Processing Complete For 2025-01-11 11:00:28 to 2025-01-11 11:01:28 Timechunk-------
2026-03-29 17:24:05,956 - INFO - Picks saved at /home/blackwinter/projects/eqcct/eqcctpro/results/csv/eqcct_noise_th0_1/20250111T110028Z_20250111T110128ZProcess Runtime: 4.45 s
2026-03-29 17:24:05,961 - INFO - Successfully ran EQCCTPro, exiting...
2026-03-29 17:24:07,794 - INFO - Ray Successfully Shutdown.
2026-03-29 17:24:07,794 - INFO - ------- Successfully Picked All Waveform(s) from all Timechunk(s) -------
