2026-03-27 19:00:07,547 - INFO - 
2026-03-27 19:00:07,547 - INFO - ------- Welcome to EQCCTPro -------
2026-03-27 19:00:07,547 - INFO - 
2026-03-27 19:00:07,548 - INFO - Running EQCCT over Requested MSeed Files using CPU(s)...
2026-03-27 19:00:07,548 - INFO - GPU disabled (CPU-only).
2026-03-27 19:00:07,548 - INFO - Skipping framework-specific initialization in the driver process.
2026-03-27 19:00:09,945 - INFO - Ray Successfully Initialized with 4 CPU(s) ([0, 1, 2, 3] CPU Affinity Binding).
2026-03-27 19:00:09,946 - INFO - Analyzing 1 time chunk(s) from 2025-06-05 03:03:06 to 2025-06-05 03:04:06 (dt=1min, overlap=0min).
2026-03-27 19:00:09,946 - INFO - Using 1 selected station(s).
2026-03-27 19:00:09,946 - INFO - 
2026-03-27 19:00:09,946 - INFO - ------- Starting EQCCTPro... -------
2026-03-27 19:00:09,946 - INFO - Detailed subprocess information can be found in the log file.
2026-03-27 19:00:09,946 - INFO - 
2026-03-27 19:00:10,225 - INFO - GPU disabled (CPU-only).
2026-03-27 19:00:10,230 - INFO - Skipping framework-specific initialization in the driver process.
2026-03-27 19:00:10,233 - INFO - ------- Hardware Configuration -------
2026-03-27 19:00:10,235 - INFO - CPU affinity set to cores: [0, 1, 2, 3]
2026-03-27 19:00:10,237 - INFO - 
2026-03-27 19:00:10,238 - INFO - ------- Data Preprocessing for EQCCTPro -------
2026-03-27 19:00:10,240 - INFO - 1 station(s) in /home/blackwinter/projects/eqcct/eqcctpro/data/waveforms_earthquakes_nonoise/20250605T030306Z_20250605T030406Z
2026-03-27 19:00:10,242 - INFO - Using 1 selected station(s): ['TOF'].
2026-03-27 19:00:10,244 - INFO - Creating model actor(s)...
2026-03-27 19:00:10,246 - INFO - System RAM: Total=7870 MB, Available=6047 MB
2026-03-27 19:00:10,248 - INFO - Usable RAM budget: 7083 MB (90% of total)
2026-03-27 19:00:10,250 - INFO - ===== MEMORY-AWARE CPU ACTOR POOL =====
2026-03-27 19:00:10,252 - INFO - Requested concurrent tasks: 1
2026-03-27 19:00:10,253 - INFO - Available CPUs: 4
2026-03-27 19:00:10,255 - INFO - Available RAM: 7083 MB
2026-03-27 19:00:10,257 - INFO - RAM per model: 2060 MB
2026-03-27 19:00:10,259 - INFO - Max actors by RAM: 3
2026-03-27 19:00:10,261 - INFO - Creating 1 SeisBenchModelActor(s)
2026-03-27 19:00:10,262 - INFO - Let Ray handle scheduling (taskset already restricts CPU visibility)
2026-03-27 19:00:10,265 - INFO - Creating SeisBenchModelActor 1/1 (2.01GB RAM each)...
2026-03-27 19:00:13,061 - INFO - SeisBenchModelActor 1 created successfully.
2026-03-27 19:00:13,063 - INFO - Created 1 CPU actor(s). Task queue will handle concurrency.
2026-03-27 19:00:13,066 - INFO - Starting EQCCTPro parallelized waveform processing...
2026-03-27 19:00:13,068 - INFO - 
2026-03-27 19:00:13,071 - INFO - ------- Analyzing Seismic Waveforms for P and S Picks via SeisBench (EQTransformer - original_nonconservative) -------
2026-03-27 19:00:13,074 - INFO - Analyzing 0:01:00 minute timechunk from 2025-06-05 03:03:06 to 2025-06-05 03:04:06 (0 min overlap)
2026-03-27 19:00:13,076 - INFO - Processing a total of 1 stations, 1 at a time.
2026-03-27 19:00:15,281 - INFO - (1/1) TOF: Finished the prediction in 0.13s. (HP=1.0, LP=45.0, picks=0)
2026-03-27 19:00:15,283 - INFO - 
2026-03-27 19:00:15,285 - INFO - ------- Parallel Station Waveform Processing Complete For 2025-06-05 03:03:06 to 2025-06-05 03:04:06 Timechunk-------
2026-03-27 19:00:15,288 - INFO - Picks saved at /home/blackwinter/projects/eqcct/eqcctpro/results/csv/eqt_earthquakes_th0_1/20250605T030306Z_20250605T030406ZProcess Runtime: 2.22 s
2026-03-27 19:00:15,301 - INFO - Successfully ran EQCCTPro, exiting...
2026-03-27 19:00:16,951 - INFO - Ray Successfully Shutdown.
2026-03-27 19:00:16,951 - INFO - ------- Successfully Picked All Waveform(s) from all Timechunk(s) -------
2026-03-28 01:27:31,699 - INFO - 
2026-03-28 01:27:31,699 - INFO - ------- Welcome to EQCCTPro -------
2026-03-28 01:27:31,699 - INFO - 
2026-03-28 01:27:31,700 - INFO - Running EQCCT over Requested MSeed Files using CPU(s)...
2026-03-28 01:27:31,700 - INFO - GPU disabled (CPU-only).
2026-03-28 01:27:31,700 - INFO - Skipping framework-specific initialization in the driver process.
2026-03-28 01:27:34,026 - INFO - Ray Successfully Initialized with 4 CPU(s) ([0, 1, 2, 3] CPU Affinity Binding).
2026-03-28 01:27:34,026 - INFO - Analyzing 1 time chunk(s) from 2025-06-05 03:03:06 to 2025-06-05 03:04:06 (dt=1min, overlap=0min).
2026-03-28 01:27:34,027 - INFO - Using 1 selected station(s).
2026-03-28 01:27:34,027 - INFO - 
2026-03-28 01:27:34,027 - INFO - ------- Starting EQCCTPro... -------
2026-03-28 01:27:34,027 - INFO - Detailed subprocess information can be found in the log file.
2026-03-28 01:27:34,027 - INFO - 
2026-03-28 01:27:34,305 - INFO - GPU disabled (CPU-only).
2026-03-28 01:27:34,309 - INFO - Skipping framework-specific initialization in the driver process.
2026-03-28 01:27:34,312 - INFO - ------- Hardware Configuration -------
2026-03-28 01:27:34,314 - INFO - CPU affinity set to cores: [0, 1, 2, 3]
2026-03-28 01:27:34,316 - INFO - 
2026-03-28 01:27:34,319 - INFO - ------- Data Preprocessing for EQCCTPro -------
2026-03-28 01:27:34,321 - INFO - 1 station(s) in /home/blackwinter/projects/eqcct/eqcctpro/data/waveforms_earthquakes_nonoise/20250605T030306Z_20250605T030406Z
2026-03-28 01:27:34,324 - INFO - Using 1 selected station(s): ['TOF'].
2026-03-28 01:27:34,326 - INFO - Creating model actor(s)...
2026-03-28 01:27:34,330 - INFO - System RAM: Total=7870 MB, Available=5864 MB
2026-03-28 01:27:34,332 - INFO - Usable RAM budget: 7083 MB (90% of total)
2026-03-28 01:27:34,334 - INFO - ===== MEMORY-AWARE CPU ACTOR POOL =====
2026-03-28 01:27:34,337 - INFO - Requested concurrent tasks: 1
2026-03-28 01:27:34,339 - INFO - Available CPUs: 4
2026-03-28 01:27:34,342 - INFO - Available RAM: 7083 MB
2026-03-28 01:27:34,344 - INFO - RAM per model: 2060 MB
2026-03-28 01:27:34,347 - INFO - Max actors by RAM: 3
2026-03-28 01:27:34,349 - INFO - Creating 1 SeisBenchModelActor(s)
2026-03-28 01:27:34,352 - INFO - Let Ray handle scheduling (taskset already restricts CPU visibility)
2026-03-28 01:27:34,354 - INFO - Creating SeisBenchModelActor 1/1 (2.01GB RAM each)...
2026-03-28 01:27:37,176 - INFO - SeisBenchModelActor 1 created successfully.
2026-03-28 01:27:37,179 - INFO - Created 1 CPU actor(s). Task queue will handle concurrency.
2026-03-28 01:27:37,181 - INFO - Starting EQCCTPro parallelized waveform processing...
2026-03-28 01:27:37,184 - INFO - 
2026-03-28 01:27:37,186 - INFO - ------- Analyzing Seismic Waveforms for P and S Picks via SeisBench (EQTransformer - original_nonconservative) -------
2026-03-28 01:27:37,189 - INFO - Analyzing 0:01:00 minute timechunk from 2025-06-05 03:03:06 to 2025-06-05 03:04:06 (0 min overlap)
2026-03-28 01:27:37,192 - INFO - Processing a total of 1 stations, 1 at a time.
2026-03-28 01:27:39,212 - INFO - (1/1) TOF: Skipped (already exists - overwrite=False).
2026-03-28 01:27:39,214 - INFO - 
2026-03-28 01:27:39,217 - INFO - ------- Parallel Station Waveform Processing Complete For 2025-06-05 03:03:06 to 2025-06-05 03:04:06 Timechunk-------
2026-03-28 01:27:39,219 - INFO - Picks saved at /home/blackwinter/projects/eqcct/eqcctpro/results/csv/eqt_earthquakes_th0_1/20250605T030306Z_20250605T030406ZProcess Runtime: 2.03 s
2026-03-28 01:27:39,224 - INFO - Successfully ran EQCCTPro, exiting...
2026-03-28 01:27:40,694 - INFO - Ray Successfully Shutdown.
2026-03-28 01:27:40,694 - INFO - ------- Successfully Picked All Waveform(s) from all Timechunk(s) -------
