2026-03-27 21:16:13,734 - INFO - 
2026-03-27 21:16:13,734 - INFO - ------- Welcome to EQCCTPro -------
2026-03-27 21:16:13,734 - INFO - 
2026-03-27 21:16:13,735 - INFO - Running EQCCT over Requested MSeed Files using CPU(s)...
2026-03-27 21:16:13,735 - INFO - GPU disabled (CPU-only).
2026-03-27 21:16:13,735 - INFO - Skipping framework-specific initialization in the driver process.
2026-03-27 21:16:16,207 - INFO - Ray Successfully Initialized with 4 CPU(s) ([0, 1, 2, 3] CPU Affinity Binding).
2026-03-27 21:16:16,208 - INFO - Analyzing 1 time chunk(s) from 2025-10-03 00:59:34 to 2025-10-03 01:00:34 (dt=1min, overlap=0min).
2026-03-27 21:16:16,208 - INFO - Using 1 selected station(s).
2026-03-27 21:16:16,208 - INFO - 
2026-03-27 21:16:16,209 - INFO - ------- Starting EQCCTPro... -------
2026-03-27 21:16:16,209 - INFO - Detailed subprocess information can be found in the log file.
2026-03-27 21:16:16,209 - INFO - 
2026-03-27 21:16:16,513 - INFO - GPU disabled (CPU-only).
2026-03-27 21:16:16,518 - INFO - Skipping framework-specific initialization in the driver process.
2026-03-27 21:16:16,521 - INFO - ------- Hardware Configuration -------
2026-03-27 21:16:16,523 - INFO - CPU affinity set to cores: [0, 1, 2, 3]
2026-03-27 21:16:16,526 - INFO - 
2026-03-27 21:16:16,528 - INFO - ------- Data Preprocessing for EQCCTPro -------
2026-03-27 21:16:16,531 - INFO - 1 station(s) in /home/blackwinter/projects/eqcct/eqcctpro/data/waveforms_earthquakes_nonoise/20251003T005934Z_20251003T010034Z
2026-03-27 21:16:16,533 - INFO - Using 1 selected station(s): ['KPF'].
2026-03-27 21:16:16,535 - INFO - Creating model actor(s)...
2026-03-27 21:16:16,538 - INFO - System RAM: Total=7870 MB, Available=5094 MB
2026-03-27 21:16:16,541 - INFO - Usable RAM budget: 7083 MB (90% of total)
2026-03-27 21:16:16,543 - INFO - ===== MEMORY-AWARE CPU ACTOR POOL =====
2026-03-27 21:16:16,546 - INFO - Requested concurrent tasks: 1
2026-03-27 21:16:16,549 - INFO - Available CPUs: 4
2026-03-27 21:16:16,552 - INFO - Available RAM: 7083 MB
2026-03-27 21:16:16,554 - INFO - RAM per model: 2060 MB
2026-03-27 21:16:16,557 - INFO - Max actors by RAM: 3
2026-03-27 21:16:16,560 - INFO - Creating 1 SeisBenchModelActor(s)
2026-03-27 21:16:16,562 - INFO - Let Ray handle scheduling (taskset already restricts CPU visibility)
2026-03-27 21:16:16,565 - INFO - Creating SeisBenchModelActor 1/1 (2.01GB RAM each)...
2026-03-27 21:16:20,866 - INFO - SeisBenchModelActor 1 created successfully.
2026-03-27 21:16:20,868 - INFO - Created 1 CPU actor(s). Task queue will handle concurrency.
2026-03-27 21:16:20,871 - INFO - Starting EQCCTPro parallelized waveform processing...
2026-03-27 21:16:20,873 - INFO - 
2026-03-27 21:16:20,876 - INFO - ------- Analyzing Seismic Waveforms for P and S Picks via SeisBench (EQTransformer - original_nonconservative) -------
2026-03-27 21:16:20,878 - INFO - Analyzing 0:01:00 minute timechunk from 2025-10-03 00:59:34 to 2025-10-03 01:00:34 (0 min overlap)
2026-03-27 21:16:20,880 - INFO - Processing a total of 1 stations, 1 at a time.
2026-03-27 21:16:23,039 - INFO - (1/1) KPF: Finished the prediction in 0.14s. (HP=1.0, LP=45.0, picks=0)
2026-03-27 21:16:23,042 - INFO - 
2026-03-27 21:16:23,044 - INFO - ------- Parallel Station Waveform Processing Complete For 2025-10-03 00:59:34 to 2025-10-03 01:00:34 Timechunk-------
2026-03-27 21:16:23,046 - INFO - Picks saved at /home/blackwinter/projects/eqcct/eqcctpro/results/csv/eqt_earthquakes_th0_1/20251003T005934Z_20251003T010034ZProcess Runtime: 2.17 s
2026-03-27 21:16:23,051 - INFO - Successfully ran EQCCTPro, exiting...
2026-03-27 21:16:24,635 - INFO - Ray Successfully Shutdown.
2026-03-27 21:16:24,636 - INFO - ------- Successfully Picked All Waveform(s) from all Timechunk(s) -------
2026-03-28 03:28:22,714 - INFO - 
2026-03-28 03:28:22,715 - INFO - ------- Welcome to EQCCTPro -------
2026-03-28 03:28:22,715 - INFO - 
2026-03-28 03:28:22,715 - INFO - Running EQCCT over Requested MSeed Files using CPU(s)...
2026-03-28 03:28:22,716 - INFO - GPU disabled (CPU-only).
2026-03-28 03:28:22,716 - INFO - Skipping framework-specific initialization in the driver process.
2026-03-28 03:28:25,101 - INFO - Ray Successfully Initialized with 4 CPU(s) ([0, 1, 2, 3] CPU Affinity Binding).
2026-03-28 03:28:25,101 - INFO - Analyzing 1 time chunk(s) from 2025-10-03 00:59:34 to 2025-10-03 01:00:34 (dt=1min, overlap=0min).
2026-03-28 03:28:25,101 - INFO - Using 1 selected station(s).
2026-03-28 03:28:25,101 - INFO - 
2026-03-28 03:28:25,101 - INFO - ------- Starting EQCCTPro... -------
2026-03-28 03:28:25,102 - INFO - Detailed subprocess information can be found in the log file.
2026-03-28 03:28:25,102 - INFO - 
2026-03-28 03:28:25,400 - INFO - GPU disabled (CPU-only).
2026-03-28 03:28:25,405 - INFO - Skipping framework-specific initialization in the driver process.
2026-03-28 03:28:25,408 - INFO - ------- Hardware Configuration -------
2026-03-28 03:28:25,410 - INFO - CPU affinity set to cores: [0, 1, 2, 3]
2026-03-28 03:28:25,413 - INFO - 
2026-03-28 03:28:25,416 - INFO - ------- Data Preprocessing for EQCCTPro -------
2026-03-28 03:28:25,418 - INFO - 1 station(s) in /home/blackwinter/projects/eqcct/eqcctpro/data/waveforms_earthquakes_nonoise/20251003T005934Z_20251003T010034Z
2026-03-28 03:28:25,420 - INFO - Using 1 selected station(s): ['KPF'].
2026-03-28 03:28:25,423 - INFO - Creating model actor(s)...
2026-03-28 03:28:25,426 - INFO - System RAM: Total=7870 MB, Available=5676 MB
2026-03-28 03:28:25,429 - INFO - Usable RAM budget: 7083 MB (90% of total)
2026-03-28 03:28:25,431 - INFO - ===== MEMORY-AWARE CPU ACTOR POOL =====
2026-03-28 03:28:25,434 - INFO - Requested concurrent tasks: 1
2026-03-28 03:28:25,436 - INFO - Available CPUs: 4
2026-03-28 03:28:25,439 - INFO - Available RAM: 7083 MB
2026-03-28 03:28:25,441 - INFO - RAM per model: 2060 MB
2026-03-28 03:28:25,443 - INFO - Max actors by RAM: 3
2026-03-28 03:28:25,445 - INFO - Creating 1 SeisBenchModelActor(s)
2026-03-28 03:28:25,447 - INFO - Let Ray handle scheduling (taskset already restricts CPU visibility)
2026-03-28 03:28:25,449 - INFO - Creating SeisBenchModelActor 1/1 (2.01GB RAM each)...
2026-03-28 03:28:28,526 - INFO - SeisBenchModelActor 1 created successfully.
2026-03-28 03:28:28,528 - INFO - Created 1 CPU actor(s). Task queue will handle concurrency.
2026-03-28 03:28:28,530 - INFO - Starting EQCCTPro parallelized waveform processing...
2026-03-28 03:28:28,532 - INFO - 
2026-03-28 03:28:28,535 - INFO - ------- Analyzing Seismic Waveforms for P and S Picks via SeisBench (EQTransformer - original_nonconservative) -------
2026-03-28 03:28:28,537 - INFO - Analyzing 0:01:00 minute timechunk from 2025-10-03 00:59:34 to 2025-10-03 01:00:34 (0 min overlap)
2026-03-28 03:28:28,539 - INFO - Processing a total of 1 stations, 1 at a time.
2026-03-28 03:28:30,559 - INFO - (1/1) KPF: Skipped (already exists - overwrite=False).
2026-03-28 03:28:30,562 - INFO - 
2026-03-28 03:28:30,565 - INFO - ------- Parallel Station Waveform Processing Complete For 2025-10-03 00:59:34 to 2025-10-03 01:00:34 Timechunk-------
2026-03-28 03:28:30,568 - INFO - Picks saved at /home/blackwinter/projects/eqcct/eqcctpro/results/csv/eqt_earthquakes_th0_1/20251003T005934Z_20251003T010034ZProcess Runtime: 2.03 s
2026-03-28 03:28:30,573 - INFO - Successfully ran EQCCTPro, exiting...
2026-03-28 03:28:32,229 - INFO - Ray Successfully Shutdown.
2026-03-28 03:28:32,230 - INFO - ------- Successfully Picked All Waveform(s) from all Timechunk(s) -------
