2026-03-27 21:19:28,418 - INFO - 
2026-03-27 21:19:28,418 - INFO - ------- Welcome to EQCCTPro -------
2026-03-27 21:19:28,418 - INFO - 
2026-03-27 21:19:28,419 - INFO - Running EQCCT over Requested MSeed Files using CPU(s)...
2026-03-27 21:19:28,419 - INFO - GPU disabled (CPU-only).
2026-03-27 21:19:28,419 - INFO - Skipping framework-specific initialization in the driver process.
2026-03-27 21:19:30,799 - INFO - Ray Successfully Initialized with 4 CPU(s) ([0, 1, 2, 3] CPU Affinity Binding).
2026-03-27 21:19:30,799 - INFO - Analyzing 1 time chunk(s) from 2025-10-07 10:37:58 to 2025-10-07 10:38:58 (dt=1min, overlap=0min).
2026-03-27 21:19:30,799 - INFO - Using 1 selected station(s).
2026-03-27 21:19:30,799 - INFO - 
2026-03-27 21:19:30,799 - INFO - ------- Starting EQCCTPro... -------
2026-03-27 21:19:30,799 - INFO - Detailed subprocess information can be found in the log file.
2026-03-27 21:19:30,800 - INFO - 
2026-03-27 21:19:31,087 - INFO - GPU disabled (CPU-only).
2026-03-27 21:19:31,092 - INFO - Skipping framework-specific initialization in the driver process.
2026-03-27 21:19:31,094 - INFO - ------- Hardware Configuration -------
2026-03-27 21:19:31,096 - INFO - CPU affinity set to cores: [0, 1, 2, 3]
2026-03-27 21:19:31,098 - INFO - 
2026-03-27 21:19:31,100 - INFO - ------- Data Preprocessing for EQCCTPro -------
2026-03-27 21:19:31,102 - INFO - 1 station(s) in /home/blackwinter/projects/eqcct/eqcctpro/data/waveforms_earthquakes_nonoise/20251007T103758Z_20251007T103858Z
2026-03-27 21:19:31,104 - INFO - Using 1 selected station(s): ['MSF'].
2026-03-27 21:19:31,106 - INFO - Creating model actor(s)...
2026-03-27 21:19:31,108 - INFO - System RAM: Total=7870 MB, Available=5079 MB
2026-03-27 21:19:31,110 - INFO - Usable RAM budget: 7083 MB (90% of total)
2026-03-27 21:19:31,111 - INFO - ===== MEMORY-AWARE CPU ACTOR POOL =====
2026-03-27 21:19:31,113 - INFO - Requested concurrent tasks: 1
2026-03-27 21:19:31,115 - INFO - Available CPUs: 4
2026-03-27 21:19:31,117 - INFO - Available RAM: 7083 MB
2026-03-27 21:19:31,119 - INFO - RAM per model: 2060 MB
2026-03-27 21:19:31,121 - INFO - Max actors by RAM: 3
2026-03-27 21:19:31,123 - INFO - Creating 1 SeisBenchModelActor(s)
2026-03-27 21:19:31,125 - INFO - Let Ray handle scheduling (taskset already restricts CPU visibility)
2026-03-27 21:19:31,127 - INFO - Creating SeisBenchModelActor 1/1 (2.01GB RAM each)...
2026-03-27 21:19:34,951 - INFO - SeisBenchModelActor 1 created successfully.
2026-03-27 21:19:34,953 - INFO - Created 1 CPU actor(s). Task queue will handle concurrency.
2026-03-27 21:19:34,956 - INFO - Starting EQCCTPro parallelized waveform processing...
2026-03-27 21:19:34,958 - INFO - 
2026-03-27 21:19:34,960 - INFO - ------- Analyzing Seismic Waveforms for P and S Picks via SeisBench (EQTransformer - original_nonconservative) -------
2026-03-27 21:19:34,963 - INFO - Analyzing 0:01:00 minute timechunk from 2025-10-07 10:37:58 to 2025-10-07 10:38:58 (0 min overlap)
2026-03-27 21:19:34,965 - INFO - Processing a total of 1 stations, 1 at a time.
2026-03-27 21:19:37,087 - INFO - (1/1) MSF: Finished the prediction in 0.12s. (HP=1.0, LP=45.0, picks=2)
2026-03-27 21:19:37,089 - INFO - 
2026-03-27 21:19:37,092 - INFO - ------- Parallel Station Waveform Processing Complete For 2025-10-07 10:37:58 to 2025-10-07 10:38:58 Timechunk-------
2026-03-27 21:19:37,094 - INFO - Picks saved at /home/blackwinter/projects/eqcct/eqcctpro/results/csv/eqt_earthquakes_th0_1/20251007T103758Z_20251007T103858ZProcess Runtime: 2.13 s
2026-03-27 21:19:37,099 - INFO - Successfully ran EQCCTPro, exiting...
2026-03-27 21:19:38,648 - INFO - Ray Successfully Shutdown.
2026-03-27 21:19:38,649 - INFO - ------- Successfully Picked All Waveform(s) from all Timechunk(s) -------
2026-03-28 03:31:26,304 - INFO - 
2026-03-28 03:31:26,305 - INFO - ------- Welcome to EQCCTPro -------
2026-03-28 03:31:26,305 - INFO - 
2026-03-28 03:31:26,306 - INFO - Running EQCCT over Requested MSeed Files using CPU(s)...
2026-03-28 03:31:26,306 - INFO - GPU disabled (CPU-only).
2026-03-28 03:31:26,306 - INFO - Skipping framework-specific initialization in the driver process.
2026-03-28 03:31:28,754 - INFO - Ray Successfully Initialized with 4 CPU(s) ([0, 1, 2, 3] CPU Affinity Binding).
2026-03-28 03:31:28,754 - INFO - Analyzing 1 time chunk(s) from 2025-10-07 10:37:58 to 2025-10-07 10:38:58 (dt=1min, overlap=0min).
2026-03-28 03:31:28,754 - INFO - Using 1 selected station(s).
2026-03-28 03:31:28,754 - INFO - 
2026-03-28 03:31:28,755 - INFO - ------- Starting EQCCTPro... -------
2026-03-28 03:31:28,755 - INFO - Detailed subprocess information can be found in the log file.
2026-03-28 03:31:28,755 - INFO - 
2026-03-28 03:31:29,054 - INFO - GPU disabled (CPU-only).
2026-03-28 03:31:29,058 - INFO - Skipping framework-specific initialization in the driver process.
2026-03-28 03:31:29,062 - INFO - ------- Hardware Configuration -------
2026-03-28 03:31:29,064 - INFO - CPU affinity set to cores: [0, 1, 2, 3]
2026-03-28 03:31:29,067 - INFO - 
2026-03-28 03:31:29,070 - INFO - ------- Data Preprocessing for EQCCTPro -------
2026-03-28 03:31:29,072 - INFO - 1 station(s) in /home/blackwinter/projects/eqcct/eqcctpro/data/waveforms_earthquakes_nonoise/20251007T103758Z_20251007T103858Z
2026-03-28 03:31:29,075 - INFO - Using 1 selected station(s): ['MSF'].
2026-03-28 03:31:29,077 - INFO - Creating model actor(s)...
2026-03-28 03:31:29,080 - INFO - System RAM: Total=7870 MB, Available=5646 MB
2026-03-28 03:31:29,083 - INFO - Usable RAM budget: 7083 MB (90% of total)
2026-03-28 03:31:29,085 - INFO - ===== MEMORY-AWARE CPU ACTOR POOL =====
2026-03-28 03:31:29,088 - INFO - Requested concurrent tasks: 1
2026-03-28 03:31:29,091 - INFO - Available CPUs: 4
2026-03-28 03:31:29,093 - INFO - Available RAM: 7083 MB
2026-03-28 03:31:29,096 - INFO - RAM per model: 2060 MB
2026-03-28 03:31:29,099 - INFO - Max actors by RAM: 3
2026-03-28 03:31:29,101 - INFO - Creating 1 SeisBenchModelActor(s)
2026-03-28 03:31:29,103 - INFO - Let Ray handle scheduling (taskset already restricts CPU visibility)
2026-03-28 03:31:29,106 - INFO - Creating SeisBenchModelActor 1/1 (2.01GB RAM each)...
2026-03-28 03:31:32,538 - INFO - SeisBenchModelActor 1 created successfully.
2026-03-28 03:31:32,541 - INFO - Created 1 CPU actor(s). Task queue will handle concurrency.
2026-03-28 03:31:32,543 - INFO - Starting EQCCTPro parallelized waveform processing...
2026-03-28 03:31:32,546 - INFO - 
2026-03-28 03:31:32,549 - INFO - ------- Analyzing Seismic Waveforms for P and S Picks via SeisBench (EQTransformer - original_nonconservative) -------
2026-03-28 03:31:32,552 - INFO - Analyzing 0:01:00 minute timechunk from 2025-10-07 10:37:58 to 2025-10-07 10:38:58 (0 min overlap)
2026-03-28 03:31:32,554 - INFO - Processing a total of 1 stations, 1 at a time.
2026-03-28 03:31:34,724 - INFO - (1/1) MSF: Skipped (already exists - overwrite=False).
2026-03-28 03:31:34,730 - INFO - 
2026-03-28 03:31:34,734 - INFO - ------- Parallel Station Waveform Processing Complete For 2025-10-07 10:37:58 to 2025-10-07 10:38:58 Timechunk-------
2026-03-28 03:31:34,741 - INFO - Successfully ran EQCCTPro, exiting...
2026-03-28 03:31:34,736 - INFO - Picks saved at /home/blackwinter/projects/eqcct/eqcctpro/results/csv/eqt_earthquakes_th0_1/20251007T103758Z_20251007T103858ZProcess Runtime: 2.19 s
2026-03-28 03:31:36,507 - INFO - Ray Successfully Shutdown.
2026-03-28 03:31:36,507 - INFO - ------- Successfully Picked All Waveform(s) from all Timechunk(s) -------
