2026-03-29 19:01:47,122 - INFO - 
2026-03-29 19:01:47,122 - INFO - ------- Welcome to EQCCTPro -------
2026-03-29 19:01:47,122 - INFO - 
2026-03-29 19:01:47,123 - INFO - Running EQCCT over Requested MSeed Files using CPU(s)...
2026-03-29 19:01:47,123 - INFO - GPU disabled (CPU-only).
2026-03-29 19:01:47,124 - INFO - Configured Intra-op threads = 1
2026-03-29 19:01:47,124 - INFO - Configured Inter-op threads = 1
2026-03-29 19:01:47,124 - INFO - TensorFlow: No GPUs visible; TF will proceed on CPU.
2026-03-29 19:01:47,124 - INFO - 
2026-03-29 19:01:52,961 - INFO - Ray Successfully Initialized with 4 CPU(s) ([0, 1, 2, 3] CPU Affinity Binding).
2026-03-29 19:01:52,961 - INFO - Analyzing 1 time chunk(s) from 2025-01-13 10:34:46 to 2025-01-13 10:35:46 (dt=1min, overlap=0min).
2026-03-29 19:01:52,961 - INFO - Using 1 selected station(s).
2026-03-29 19:01:52,961 - INFO - 
2026-03-29 19:01:52,962 - INFO - ------- Starting EQCCTPro... -------
2026-03-29 19:01:52,962 - INFO - Detailed subprocess information can be found in the log file.
2026-03-29 19:01:52,962 - INFO - 
2026-03-29 19:01:53,335 - INFO - GPU disabled (CPU-only).
2026-03-29 19:01:54,927 - INFO - Configured Intra-op threads = 1
2026-03-29 19:01:54,929 - INFO - Configured Inter-op threads = 1
2026-03-29 19:01:54,974 - INFO - TensorFlow: No GPUs visible; TF will proceed on CPU.
2026-03-29 19:01:54,977 - INFO - 
2026-03-29 19:01:54,979 - INFO - ------- Hardware Configuration -------
2026-03-29 19:01:54,983 - INFO - CPU affinity set to cores: [0, 1, 2, 3]
2026-03-29 19:01:54,986 - INFO - 
2026-03-29 19:01:54,988 - INFO - ------- Data Preprocessing for EQCCTPro -------
2026-03-29 19:01:54,990 - INFO - 1 station(s) in /home/blackwinter/projects/eqcct/eqcctpro/data/waveforms_noise_only/20250113T103446Z_20250113T103546Z
2026-03-29 19:01:54,993 - INFO - Using 1 selected station(s): ['RUF'].
2026-03-29 19:01:54,996 - INFO - Creating model actor(s)...
2026-03-29 19:01:54,999 - INFO - System RAM: Total=7870 MB, Available=3908 MB
2026-03-29 19:01:55,001 - INFO - Usable RAM budget: 7083 MB (90% of total)
2026-03-29 19:01:55,005 - INFO - ===== MEMORY-AWARE CPU ACTOR POOL (EQCCT) =====
2026-03-29 19:01:55,007 - INFO - Requested concurrent tasks: 1
2026-03-29 19:01:55,010 - INFO - Available CPUs: 4
2026-03-29 19:01:55,012 - INFO - Available RAM: 7083 MB
2026-03-29 19:01:55,014 - INFO - RAM per model: 2264 MB
2026-03-29 19:01:55,016 - INFO - Max actors by RAM: 3
2026-03-29 19:01:55,018 - INFO - Creating 1 ModelActor(s)
2026-03-29 19:01:55,020 - INFO - Let Ray handle scheduling (taskset already restricts CPU visibility)
2026-03-29 19:01:55,022 - INFO - Creating ModelActor 1/1 (2.21GB RAM each)...
2026-03-29 19:01:59,394 - INFO - ModelActor 1 created successfully.
2026-03-29 19:01:59,396 - INFO - Created 1 CPU actor(s). Task queue will handle concurrency.
2026-03-29 19:01:59,400 - INFO - Starting EQCCTPro parallelized waveform processing...
2026-03-29 19:01:59,402 - INFO - 
2026-03-29 19:01:59,405 - INFO - ------- Analyzing Seismic Waveforms for P and S Picks via EQCCT -------
2026-03-29 19:01:59,408 - INFO - Analyzing 0:01:00 minute timechunk from 2025-01-13 10:34:46 to 2025-01-13 10:35:46 (0 min overlap)
2026-03-29 19:01:59,411 - INFO - Processing a total of 1 stations, 1 at a time.
2026-03-29 19:02:03,873 - INFO - (1/1) RUF: Finished the prediction in 2.35s. (HP=1.0, LP=45.0)
2026-03-29 19:02:03,875 - INFO - 
2026-03-29 19:02:03,878 - INFO - ------- Parallel Station Waveform Processing Complete For 2025-01-13 10:34:46 to 2025-01-13 10:35:46 Timechunk-------
2026-03-29 19:02:03,881 - INFO - Picks saved at /home/blackwinter/projects/eqcct/eqcctpro/results/csv/eqcct_noise_th0_1/20250113T103446Z_20250113T103546ZProcess Runtime: 4.48 s
2026-03-29 19:02:03,885 - INFO - Successfully ran EQCCTPro, exiting...
2026-03-29 19:02:05,539 - INFO - Ray Successfully Shutdown.
2026-03-29 19:02:05,539 - INFO - ------- Successfully Picked All Waveform(s) from all Timechunk(s) -------
