2026-02-23 21:23:16,130 - INFO - 
2026-02-23 21:23:16,130 - INFO - ------- Welcome to EQCCTPro -------
2026-02-23 21:23:16,130 - INFO - 
2026-02-23 21:23:16,131 - INFO - Running EQCCT over Requested MSeed Files using CPU(s)...
2026-02-23 21:23:16,131 - INFO - GPU disabled (CPU-only).
2026-02-23 21:23:16,131 - INFO - Configured Intra-op threads = 1
2026-02-23 21:23:16,131 - INFO - Configured Inter-op threads = 1
2026-02-23 21:23:16,132 - INFO - TensorFlow: No GPUs visible; TF will proceed on CPU.
2026-02-23 21:23:16,132 - INFO - 
2026-02-23 21:23:21,608 - INFO - Ray Successfully Initialized with 4 CPU(s) ([0, 1, 2, 3] CPU Affinity Binding).
2026-02-23 21:23:21,608 - INFO - Analyzing 1 time chunk(s) from 2025-03-29 16:37:18 to 2025-03-29 16:38:18 (dt=1min, overlap=0min).
2026-02-23 21:23:21,608 - INFO - Using 1 selected station(s).
2026-02-23 21:23:21,608 - INFO - 
2026-02-23 21:23:21,609 - INFO - ------- Starting EQCCTPro... -------
2026-02-23 21:23:21,609 - INFO - Detailed subprocess information can be found in the log file.
2026-02-23 21:23:21,609 - INFO - 
2026-02-23 21:23:21,985 - INFO - GPU disabled (CPU-only).
2026-02-23 21:23:23,419 - INFO - Configured Intra-op threads = 1
2026-02-23 21:23:23,421 - INFO - Configured Inter-op threads = 1
2026-02-23 21:23:23,455 - INFO - TensorFlow: No GPUs visible; TF will proceed on CPU.
2026-02-23 21:23:23,458 - INFO - 
2026-02-23 21:23:23,460 - INFO - ------- Hardware Configuration -------
2026-02-23 21:23:23,462 - INFO - CPU affinity set to cores: [0, 1, 2, 3]
2026-02-23 21:23:23,464 - INFO - 
2026-02-23 21:23:23,465 - INFO - ------- Data Preprocessing for EQCCTPro -------
2026-02-23 21:23:23,467 - INFO - 1 station(s) in /home/blackwinter/projects/eqcct/eqcctpro/data/waveforms_earthquakes_noise_only/20250329T163718Z_20250329T163818Z
2026-02-23 21:23:23,469 - INFO - Using 1 selected station(s): ['AAL'].
2026-02-23 21:23:23,471 - INFO - Creating model actor(s)...
2026-02-23 21:23:23,473 - INFO - System RAM: Total=7870 MB, Available=3253 MB
2026-02-23 21:23:23,474 - INFO - Usable RAM budget: 7083 MB (90% of total)
2026-02-23 21:23:23,476 - INFO - ===== MEMORY-AWARE CPU ACTOR POOL (EQCCT) =====
2026-02-23 21:23:23,478 - INFO - Requested concurrent tasks: 1
2026-02-23 21:23:23,480 - INFO - Available CPUs: 4
2026-02-23 21:23:23,481 - INFO - Available RAM: 7083 MB
2026-02-23 21:23:23,483 - INFO - RAM per model: 2264 MB
2026-02-23 21:23:23,485 - INFO - Max actors by RAM: 3
2026-02-23 21:23:23,487 - INFO - Creating 1 ModelActor(s)
2026-02-23 21:23:23,489 - INFO - Let Ray handle scheduling (taskset already restricts CPU visibility)
2026-02-23 21:23:23,491 - INFO - Creating ModelActor 1/1 (2.21GB RAM each)...
2026-02-23 21:23:27,273 - INFO - ModelActor 1 created successfully.
2026-02-23 21:23:27,276 - INFO - Created 1 CPU actor(s). Task queue will handle concurrency.
2026-02-23 21:23:27,278 - INFO - Starting EQCCTPro parallelized waveform processing...
2026-02-23 21:23:27,280 - INFO - 
2026-02-23 21:23:27,282 - INFO - ------- Analyzing Seismic Waveforms for P and S Picks via EQCCT -------
2026-02-23 21:23:27,284 - INFO - Analyzing 0:01:00 minute timechunk from 2025-03-29 16:37:18 to 2025-03-29 16:38:18 (0 min overlap)
2026-02-23 21:23:27,286 - INFO - Processing a total of 1 stations, 1 at a time.
2026-02-23 21:23:31,252 - INFO - (1/1) AAL: Finished the prediction in 2.17s. (HP=1.0, LP=45.0)
2026-02-23 21:23:31,255 - INFO - 
2026-02-23 21:23:31,257 - INFO - ------- Parallel Station Waveform Processing Complete For 2025-03-29 16:37:18 to 2025-03-29 16:38:18 Timechunk-------
2026-02-23 21:23:31,259 - INFO - Picks saved at /home/blackwinter/projects/eqcct/eqcctpro/results/csv/bm_eq_noise_only/20250329T163718Z_20250329T163818ZProcess Runtime: 3.98 s
2026-02-23 21:23:31,263 - INFO - Successfully ran EQCCTPro, exiting...
2026-02-23 21:23:32,859 - INFO - Ray Successfully Shutdown.
2026-02-23 21:23:32,860 - INFO - ------- Successfully Picked All Waveform(s) from all Timechunk(s) -------
