2026-03-27 18:33:56,457 - INFO - 
2026-03-27 18:33:56,457 - INFO - ------- Welcome to EQCCTPro -------
2026-03-27 18:33:56,457 - INFO - 
2026-03-27 18:33:56,457 - INFO - Running EQCCT over Requested MSeed Files using CPU(s)...
2026-03-27 18:33:56,458 - INFO - GPU disabled (CPU-only).
2026-03-27 18:33:56,458 - INFO - Skipping framework-specific initialization in the driver process.
2026-03-27 18:33:58,808 - INFO - Ray Successfully Initialized with 4 CPU(s) ([0, 1, 2, 3] CPU Affinity Binding).
2026-03-27 18:33:58,810 - INFO - Analyzing 1 time chunk(s) from 2025-04-30 21:39:07 to 2025-04-30 21:40:07 (dt=1min, overlap=0min).
2026-03-27 18:33:58,810 - INFO - Using 3 selected station(s).
2026-03-27 18:33:58,810 - INFO - 
2026-03-27 18:33:58,810 - INFO - ------- Starting EQCCTPro... -------
2026-03-27 18:33:58,810 - INFO - Detailed subprocess information can be found in the log file.
2026-03-27 18:33:58,810 - INFO - 
2026-03-27 18:33:59,076 - INFO - GPU disabled (CPU-only).
2026-03-27 18:33:59,081 - INFO - Skipping framework-specific initialization in the driver process.
2026-03-27 18:33:59,083 - INFO - ------- Hardware Configuration -------
2026-03-27 18:33:59,086 - INFO - CPU affinity set to cores: [0, 1, 2, 3]
2026-03-27 18:33:59,088 - INFO - 
2026-03-27 18:33:59,091 - INFO - ------- Data Preprocessing for EQCCTPro -------
2026-03-27 18:33:59,093 - INFO - 3 station(s) in /home/blackwinter/projects/eqcct/eqcctpro/data/waveforms_earthquakes_nonoise/20250430T213907Z_20250430T214007Z
2026-03-27 18:33:59,095 - INFO - Using 3 selected station(s): ['FIA0', 'FIA1', 'RUF'].
2026-03-27 18:33:59,097 - INFO - Creating model actor(s)...
2026-03-27 18:33:59,099 - INFO - System RAM: Total=7870 MB, Available=6068 MB
2026-03-27 18:33:59,101 - INFO - Usable RAM budget: 7083 MB (90% of total)
2026-03-27 18:33:59,103 - INFO - ===== MEMORY-AWARE CPU ACTOR POOL =====
2026-03-27 18:33:59,105 - INFO - Requested concurrent tasks: 1
2026-03-27 18:33:59,107 - INFO - Available CPUs: 4
2026-03-27 18:33:59,110 - INFO - Available RAM: 7083 MB
2026-03-27 18:33:59,113 - INFO - RAM per model: 2060 MB
2026-03-27 18:33:59,115 - INFO - Max actors by RAM: 3
2026-03-27 18:33:59,117 - INFO - Creating 1 SeisBenchModelActor(s)
2026-03-27 18:33:59,120 - INFO - Let Ray handle scheduling (taskset already restricts CPU visibility)
2026-03-27 18:33:59,122 - INFO - Creating SeisBenchModelActor 1/1 (2.01GB RAM each)...
2026-03-27 18:34:02,284 - INFO - SeisBenchModelActor 1 created successfully.
2026-03-27 18:34:02,287 - INFO - Created 1 CPU actor(s). Task queue will handle concurrency.
2026-03-27 18:34:02,289 - INFO - Starting EQCCTPro parallelized waveform processing...
2026-03-27 18:34:02,292 - INFO - 
2026-03-27 18:34:02,295 - INFO - ------- Analyzing Seismic Waveforms for P and S Picks via SeisBench (EQTransformer - original_nonconservative) -------
2026-03-27 18:34:02,297 - INFO - Analyzing 0:01:00 minute timechunk from 2025-04-30 21:39:07 to 2025-04-30 21:40:07 (0 min overlap)
2026-03-27 18:34:02,300 - INFO - Processing a total of 3 stations, 1 at a time.
2026-03-27 18:34:04,475 - INFO - (1/3) FIA0: Finished the prediction in 0.12s. (HP=1.0, LP=45.0, picks=2)
2026-03-27 18:34:04,542 - INFO - (2/3) FIA1: Finished the prediction in 0.06s. (HP=1.0, LP=45.0, picks=2)
2026-03-27 18:34:04,618 - INFO - (3/3) RUF: Finished the prediction in 0.07s. (HP=1.0, LP=45.0, picks=2)
2026-03-27 18:34:04,620 - INFO - 
2026-03-27 18:34:04,622 - INFO - ------- Parallel Station Waveform Processing Complete For 2025-04-30 21:39:07 to 2025-04-30 21:40:07 Timechunk-------
2026-03-27 18:34:04,625 - INFO - Picks saved at /home/blackwinter/projects/eqcct/eqcctpro/results/csv/eqt_earthquakes_th0_1/20250430T213907Z_20250430T214007ZProcess Runtime: 2.33 s
2026-03-27 18:34:04,630 - INFO - Successfully ran EQCCTPro, exiting...
2026-03-27 18:34:06,034 - INFO - Ray Successfully Shutdown.
2026-03-27 18:34:06,035 - INFO - ------- Successfully Picked All Waveform(s) from all Timechunk(s) -------
2026-03-28 01:01:38,980 - INFO - 
2026-03-28 01:01:38,980 - INFO - ------- Welcome to EQCCTPro -------
2026-03-28 01:01:38,981 - INFO - 
2026-03-28 01:01:38,981 - INFO - Running EQCCT over Requested MSeed Files using CPU(s)...
2026-03-28 01:01:38,981 - INFO - GPU disabled (CPU-only).
2026-03-28 01:01:38,981 - INFO - Skipping framework-specific initialization in the driver process.
2026-03-28 01:01:41,388 - INFO - Ray Successfully Initialized with 4 CPU(s) ([0, 1, 2, 3] CPU Affinity Binding).
2026-03-28 01:01:41,388 - INFO - Analyzing 1 time chunk(s) from 2025-04-30 21:39:07 to 2025-04-30 21:40:07 (dt=1min, overlap=0min).
2026-03-28 01:01:41,388 - INFO - Using 3 selected station(s).
2026-03-28 01:01:41,388 - INFO - 
2026-03-28 01:01:41,388 - INFO - ------- Starting EQCCTPro... -------
2026-03-28 01:01:41,389 - INFO - Detailed subprocess information can be found in the log file.
2026-03-28 01:01:41,389 - INFO - 
2026-03-28 01:01:41,665 - INFO - GPU disabled (CPU-only).
2026-03-28 01:01:41,670 - INFO - Skipping framework-specific initialization in the driver process.
2026-03-28 01:01:41,673 - INFO - ------- Hardware Configuration -------
2026-03-28 01:01:41,676 - INFO - CPU affinity set to cores: [0, 1, 2, 3]
2026-03-28 01:01:41,678 - INFO - 
2026-03-28 01:01:41,681 - INFO - ------- Data Preprocessing for EQCCTPro -------
2026-03-28 01:01:41,684 - INFO - 3 station(s) in /home/blackwinter/projects/eqcct/eqcctpro/data/waveforms_earthquakes_nonoise/20250430T213907Z_20250430T214007Z
2026-03-28 01:01:41,686 - INFO - Using 3 selected station(s): ['FIA0', 'FIA1', 'RUF'].
2026-03-28 01:01:41,689 - INFO - Creating model actor(s)...
2026-03-28 01:01:41,692 - INFO - System RAM: Total=7870 MB, Available=5921 MB
2026-03-28 01:01:41,694 - INFO - Usable RAM budget: 7083 MB (90% of total)
2026-03-28 01:01:41,697 - INFO - ===== MEMORY-AWARE CPU ACTOR POOL =====
2026-03-28 01:01:41,700 - INFO - Requested concurrent tasks: 1
2026-03-28 01:01:41,702 - INFO - Available CPUs: 4
2026-03-28 01:01:41,704 - INFO - Available RAM: 7083 MB
2026-03-28 01:01:41,707 - INFO - RAM per model: 2060 MB
2026-03-28 01:01:41,709 - INFO - Max actors by RAM: 3
2026-03-28 01:01:41,712 - INFO - Creating 1 SeisBenchModelActor(s)
2026-03-28 01:01:41,715 - INFO - Let Ray handle scheduling (taskset already restricts CPU visibility)
2026-03-28 01:01:41,717 - INFO - Creating SeisBenchModelActor 1/1 (2.01GB RAM each)...
2026-03-28 01:01:45,093 - INFO - SeisBenchModelActor 1 created successfully.
2026-03-28 01:01:45,096 - INFO - Created 1 CPU actor(s). Task queue will handle concurrency.
2026-03-28 01:01:45,098 - INFO - Starting EQCCTPro parallelized waveform processing...
2026-03-28 01:01:45,101 - INFO - 
2026-03-28 01:01:45,104 - INFO - ------- Analyzing Seismic Waveforms for P and S Picks via SeisBench (EQTransformer - original_nonconservative) -------
2026-03-28 01:01:45,107 - INFO - Analyzing 0:01:00 minute timechunk from 2025-04-30 21:39:07 to 2025-04-30 21:40:07 (0 min overlap)
2026-03-28 01:01:45,109 - INFO - Processing a total of 3 stations, 1 at a time.
2026-03-28 01:01:47,165 - INFO - (1/3) FIA0: Skipped (already exists - overwrite=False).
2026-03-28 01:01:47,171 - INFO - (2/3) FIA1: Skipped (already exists - overwrite=False).
2026-03-28 01:01:47,176 - INFO - (3/3) RUF: Skipped (already exists - overwrite=False).
2026-03-28 01:01:47,179 - INFO - 
2026-03-28 01:01:47,182 - INFO - ------- Parallel Station Waveform Processing Complete For 2025-04-30 21:39:07 to 2025-04-30 21:40:07 Timechunk-------
2026-03-28 01:01:47,184 - INFO - Picks saved at /home/blackwinter/projects/eqcct/eqcctpro/results/csv/eqt_earthquakes_th0_1/20250430T213907Z_20250430T214007ZProcess Runtime: 2.08 s
2026-03-28 01:01:47,190 - INFO - Successfully ran EQCCTPro, exiting...
2026-03-28 01:01:48,563 - INFO - Ray Successfully Shutdown.
2026-03-28 01:01:48,563 - INFO - ------- Successfully Picked All Waveform(s) from all Timechunk(s) -------
