2026-03-27 20:47:53,575 - INFO - 
2026-03-27 20:47:53,575 - INFO - ------- Welcome to EQCCTPro -------
2026-03-27 20:47:53,575 - INFO - 
2026-03-27 20:47:53,576 - INFO - Running EQCCT over Requested MSeed Files using CPU(s)...
2026-03-27 20:47:53,576 - INFO - GPU disabled (CPU-only).
2026-03-27 20:47:53,576 - INFO - Skipping framework-specific initialization in the driver process.
2026-03-27 20:47:56,117 - INFO - Ray Successfully Initialized with 4 CPU(s) ([0, 1, 2, 3] CPU Affinity Binding).
2026-03-27 20:47:56,117 - INFO - Analyzing 1 time chunk(s) from 2025-09-06 18:10:35 to 2025-09-06 18:11:35 (dt=1min, overlap=0min).
2026-03-27 20:47:56,117 - INFO - Using 1 selected station(s).
2026-03-27 20:47:56,117 - INFO - 
2026-03-27 20:47:56,117 - INFO - ------- Starting EQCCTPro... -------
2026-03-27 20:47:56,117 - INFO - Detailed subprocess information can be found in the log file.
2026-03-27 20:47:56,118 - INFO - 
2026-03-27 20:47:56,415 - INFO - GPU disabled (CPU-only).
2026-03-27 20:47:56,420 - INFO - Skipping framework-specific initialization in the driver process.
2026-03-27 20:47:56,423 - INFO - ------- Hardware Configuration -------
2026-03-27 20:47:56,425 - INFO - CPU affinity set to cores: [0, 1, 2, 3]
2026-03-27 20:47:56,427 - INFO - 
2026-03-27 20:47:56,430 - INFO - ------- Data Preprocessing for EQCCTPro -------
2026-03-27 20:47:56,432 - INFO - 1 station(s) in /home/blackwinter/projects/eqcct/eqcctpro/data/waveforms_earthquakes_nonoise/20250906T181035Z_20250906T181135Z
2026-03-27 20:47:56,434 - INFO - Using 1 selected station(s): ['SUF'].
2026-03-27 20:47:56,436 - INFO - Creating model actor(s)...
2026-03-27 20:47:56,438 - INFO - System RAM: Total=7870 MB, Available=5078 MB
2026-03-27 20:47:56,441 - INFO - Usable RAM budget: 7083 MB (90% of total)
2026-03-27 20:47:56,442 - INFO - ===== MEMORY-AWARE CPU ACTOR POOL =====
2026-03-27 20:47:56,444 - INFO - Requested concurrent tasks: 1
2026-03-27 20:47:56,446 - INFO - Available CPUs: 4
2026-03-27 20:47:56,449 - INFO - Available RAM: 7083 MB
2026-03-27 20:47:56,450 - INFO - RAM per model: 2060 MB
2026-03-27 20:47:56,453 - INFO - Max actors by RAM: 3
2026-03-27 20:47:56,455 - INFO - Creating 1 SeisBenchModelActor(s)
2026-03-27 20:47:56,457 - INFO - Let Ray handle scheduling (taskset already restricts CPU visibility)
2026-03-27 20:47:56,459 - INFO - Creating SeisBenchModelActor 1/1 (2.01GB RAM each)...
2026-03-27 20:48:02,395 - INFO - SeisBenchModelActor 1 created successfully.
2026-03-27 20:48:02,397 - INFO - Created 1 CPU actor(s). Task queue will handle concurrency.
2026-03-27 20:48:02,400 - INFO - Starting EQCCTPro parallelized waveform processing...
2026-03-27 20:48:02,402 - INFO - 
2026-03-27 20:48:02,404 - INFO - ------- Analyzing Seismic Waveforms for P and S Picks via SeisBench (EQTransformer - original_nonconservative) -------
2026-03-27 20:48:02,407 - INFO - Analyzing 0:01:00 minute timechunk from 2025-09-06 18:10:35 to 2025-09-06 18:11:35 (0 min overlap)
2026-03-27 20:48:02,410 - INFO - Processing a total of 1 stations, 1 at a time.
2026-03-27 20:48:04,620 - INFO - (1/1) SUF: Finished the prediction in 0.13s. (HP=1.0, LP=45.0, picks=0)
2026-03-27 20:48:04,622 - INFO - 
2026-03-27 20:48:04,624 - INFO - ------- Parallel Station Waveform Processing Complete For 2025-09-06 18:10:35 to 2025-09-06 18:11:35 Timechunk-------
2026-03-27 20:48:04,626 - INFO - Picks saved at /home/blackwinter/projects/eqcct/eqcctpro/results/csv/eqt_earthquakes_th0_1/20250906T181035Z_20250906T181135ZProcess Runtime: 2.22 s
2026-03-27 20:48:04,631 - INFO - Successfully ran EQCCTPro, exiting...
2026-03-27 20:48:06,302 - INFO - Ray Successfully Shutdown.
2026-03-27 20:48:06,302 - INFO - ------- Successfully Picked All Waveform(s) from all Timechunk(s) -------
2026-03-28 03:04:35,534 - INFO - 
2026-03-28 03:04:35,534 - INFO - ------- Welcome to EQCCTPro -------
2026-03-28 03:04:35,534 - INFO - 
2026-03-28 03:04:35,535 - INFO - Running EQCCT over Requested MSeed Files using CPU(s)...
2026-03-28 03:04:35,535 - INFO - GPU disabled (CPU-only).
2026-03-28 03:04:35,535 - INFO - Skipping framework-specific initialization in the driver process.
2026-03-28 03:04:37,947 - INFO - Ray Successfully Initialized with 4 CPU(s) ([0, 1, 2, 3] CPU Affinity Binding).
2026-03-28 03:04:37,947 - INFO - Analyzing 1 time chunk(s) from 2025-09-06 18:10:35 to 2025-09-06 18:11:35 (dt=1min, overlap=0min).
2026-03-28 03:04:37,947 - INFO - Using 1 selected station(s).
2026-03-28 03:04:37,947 - INFO - 
2026-03-28 03:04:37,948 - INFO - ------- Starting EQCCTPro... -------
2026-03-28 03:04:37,948 - INFO - Detailed subprocess information can be found in the log file.
2026-03-28 03:04:37,948 - INFO - 
2026-03-28 03:04:38,252 - INFO - GPU disabled (CPU-only).
2026-03-28 03:04:38,257 - INFO - Skipping framework-specific initialization in the driver process.
2026-03-28 03:04:38,259 - INFO - ------- Hardware Configuration -------
2026-03-28 03:04:38,262 - INFO - CPU affinity set to cores: [0, 1, 2, 3]
2026-03-28 03:04:38,265 - INFO - 
2026-03-28 03:04:38,268 - INFO - ------- Data Preprocessing for EQCCTPro -------
2026-03-28 03:04:38,270 - INFO - 1 station(s) in /home/blackwinter/projects/eqcct/eqcctpro/data/waveforms_earthquakes_nonoise/20250906T181035Z_20250906T181135Z
2026-03-28 03:04:38,273 - INFO - Using 1 selected station(s): ['SUF'].
2026-03-28 03:04:38,275 - INFO - Creating model actor(s)...
2026-03-28 03:04:38,278 - INFO - System RAM: Total=7870 MB, Available=5701 MB
2026-03-28 03:04:38,281 - INFO - Usable RAM budget: 7083 MB (90% of total)
2026-03-28 03:04:38,283 - INFO - ===== MEMORY-AWARE CPU ACTOR POOL =====
2026-03-28 03:04:38,286 - INFO - Requested concurrent tasks: 1
2026-03-28 03:04:38,288 - INFO - Available CPUs: 4
2026-03-28 03:04:38,291 - INFO - Available RAM: 7083 MB
2026-03-28 03:04:38,293 - INFO - RAM per model: 2060 MB
2026-03-28 03:04:38,296 - INFO - Max actors by RAM: 3
2026-03-28 03:04:38,298 - INFO - Creating 1 SeisBenchModelActor(s)
2026-03-28 03:04:38,301 - INFO - Let Ray handle scheduling (taskset already restricts CPU visibility)
2026-03-28 03:04:38,304 - INFO - Creating SeisBenchModelActor 1/1 (2.01GB RAM each)...
2026-03-28 03:04:41,554 - INFO - SeisBenchModelActor 1 created successfully.
2026-03-28 03:04:41,557 - INFO - Created 1 CPU actor(s). Task queue will handle concurrency.
2026-03-28 03:04:41,559 - INFO - Starting EQCCTPro parallelized waveform processing...
2026-03-28 03:04:41,562 - INFO - 
2026-03-28 03:04:41,565 - INFO - ------- Analyzing Seismic Waveforms for P and S Picks via SeisBench (EQTransformer - original_nonconservative) -------
2026-03-28 03:04:41,569 - INFO - Analyzing 0:01:00 minute timechunk from 2025-09-06 18:10:35 to 2025-09-06 18:11:35 (0 min overlap)
2026-03-28 03:04:41,571 - INFO - Processing a total of 1 stations, 1 at a time.
2026-03-28 03:04:43,659 - INFO - (1/1) SUF: Skipped (already exists - overwrite=False).
2026-03-28 03:04:43,662 - INFO - 
2026-03-28 03:04:43,664 - INFO - ------- Parallel Station Waveform Processing Complete For 2025-09-06 18:10:35 to 2025-09-06 18:11:35 Timechunk-------
2026-03-28 03:04:43,666 - INFO - Picks saved at /home/blackwinter/projects/eqcct/eqcctpro/results/csv/eqt_earthquakes_th0_1/20250906T181035Z_20250906T181135ZProcess Runtime: 2.10 s
2026-03-28 03:04:43,670 - INFO - Successfully ran EQCCTPro, exiting...
2026-03-28 03:04:45,566 - INFO - Ray Successfully Shutdown.
2026-03-28 03:04:45,566 - INFO - ------- Successfully Picked All Waveform(s) from all Timechunk(s) -------
