2026-03-20 02:09:32,326 - INFO - 
2026-03-20 02:09:32,326 - INFO - ------- Welcome to EQCCTPro -------
2026-03-20 02:09:32,326 - INFO - 
2026-03-20 02:09:32,327 - INFO - Running EQCCT over Requested MSeed Files using CPU(s)...
2026-03-20 02:09:32,327 - INFO - GPU disabled (CPU-only).
2026-03-20 02:09:32,327 - INFO - Configured Intra-op threads = 1
2026-03-20 02:09:32,327 - INFO - Configured Inter-op threads = 1
2026-03-20 02:09:32,327 - INFO - TensorFlow: No GPUs visible; TF will proceed on CPU.
2026-03-20 02:09:32,327 - INFO - 
2026-03-20 02:09:37,612 - INFO - Ray Successfully Initialized with 4 CPU(s) ([0, 1, 2, 3] CPU Affinity Binding).
2026-03-20 02:09:37,612 - INFO - Analyzing 1 time chunk(s) from 2025-06-07 19:16:28 to 2025-06-07 19:17:28 (dt=1min, overlap=0min).
2026-03-20 02:09:37,612 - INFO - Using 1 selected station(s).
2026-03-20 02:09:37,612 - INFO - 
2026-03-20 02:09:37,613 - INFO - ------- Starting EQCCTPro... -------
2026-03-20 02:09:37,613 - INFO - Detailed subprocess information can be found in the log file.
2026-03-20 02:09:37,613 - INFO - 
2026-03-20 02:09:38,007 - INFO - GPU disabled (CPU-only).
2026-03-20 02:09:39,532 - INFO - Configured Intra-op threads = 1
2026-03-20 02:09:39,535 - INFO - Configured Inter-op threads = 1
2026-03-20 02:09:39,576 - INFO - TensorFlow: No GPUs visible; TF will proceed on CPU.
2026-03-20 02:09:39,578 - INFO - 
2026-03-20 02:09:39,580 - INFO - ------- Hardware Configuration -------
2026-03-20 02:09:39,582 - INFO - CPU affinity set to cores: [0, 1, 2, 3]
2026-03-20 02:09:39,585 - INFO - 
2026-03-20 02:09:39,587 - INFO - ------- Data Preprocessing for EQCCTPro -------
2026-03-20 02:09:39,589 - INFO - 1 station(s) in /home/blackwinter/projects/eqcct/eqcctpro/data/waveforms_earthquakes_nonoise/20250607T191628Z_20250607T191728Z
2026-03-20 02:09:39,591 - INFO - Using 1 selected station(s): ['NUR'].
2026-03-20 02:09:39,593 - INFO - Creating model actor(s)...
2026-03-20 02:09:39,595 - INFO - System RAM: Total=7870 MB, Available=2149 MB
2026-03-20 02:09:39,597 - INFO - Usable RAM budget: 7083 MB (90% of total)
2026-03-20 02:09:39,598 - INFO - ===== MEMORY-AWARE CPU ACTOR POOL (EQCCT) =====
2026-03-20 02:09:39,600 - INFO - Requested concurrent tasks: 1
2026-03-20 02:09:39,602 - INFO - Available CPUs: 4
2026-03-20 02:09:39,604 - INFO - Available RAM: 7083 MB
2026-03-20 02:09:39,605 - INFO - RAM per model: 2264 MB
2026-03-20 02:09:39,607 - INFO - Max actors by RAM: 3
2026-03-20 02:09:39,609 - INFO - Creating 1 ModelActor(s)
2026-03-20 02:09:39,611 - INFO - Let Ray handle scheduling (taskset already restricts CPU visibility)
2026-03-20 02:09:39,612 - INFO - Creating ModelActor 1/1 (2.21GB RAM each)...
2026-03-20 02:09:43,498 - INFO - ModelActor 1 created successfully.
2026-03-20 02:09:43,501 - INFO - Created 1 CPU actor(s). Task queue will handle concurrency.
2026-03-20 02:09:43,502 - INFO - Starting EQCCTPro parallelized waveform processing...
2026-03-20 02:09:43,504 - INFO - 
2026-03-20 02:09:43,506 - INFO - ------- Analyzing Seismic Waveforms for P and S Picks via EQCCT -------
2026-03-20 02:09:43,508 - INFO - Analyzing 0:01:00 minute timechunk from 2025-06-07 19:16:28 to 2025-06-07 19:17:28 (0 min overlap)
2026-03-20 02:09:43,510 - INFO - Processing a total of 1 stations, 1 at a time.
2026-03-20 02:09:47,491 - INFO - (1/1) NUR: Finished the prediction in 2.09s. (HP=1.0, LP=45.0)
2026-03-20 02:09:47,493 - INFO - 
2026-03-20 02:09:47,496 - INFO - ------- Parallel Station Waveform Processing Complete For 2025-06-07 19:16:28 to 2025-06-07 19:17:28 Timechunk-------
2026-03-20 02:09:47,499 - INFO - Picks saved at /home/blackwinter/projects/eqcct/eqcctpro/results/csv/eqcct_earthquakes_th0_1/20250607T191628Z_20250607T191728ZProcess Runtime: 3.99 s
2026-03-20 02:09:47,502 - INFO - Successfully ran EQCCTPro, exiting...
2026-03-20 02:09:48,968 - INFO - Ray Successfully Shutdown.
2026-03-20 02:09:48,968 - INFO - ------- Successfully Picked All Waveform(s) from all Timechunk(s) -------
