2026-03-28 21:37:59,411 - INFO - 
2026-03-28 21:37:59,411 - INFO - ------- Welcome to EQCCTPro -------
2026-03-28 21:37:59,412 - INFO - 
2026-03-28 21:37:59,412 - INFO - Running EQCCT over Requested MSeed Files using CPU(s)...
2026-03-28 21:37:59,412 - INFO - GPU disabled (CPU-only).
2026-03-29 02:50:34,947 - INFO - 
2026-03-29 02:50:34,948 - INFO - ------- Welcome to EQCCTPro -------
2026-03-29 02:50:34,948 - INFO - 
2026-03-29 02:50:34,949 - INFO - Running EQCCT over Requested MSeed Files using CPU(s)...
2026-03-29 02:50:34,949 - INFO - GPU disabled (CPU-only).
2026-03-29 02:50:34,949 - INFO - Configured Intra-op threads = 1
2026-03-29 02:50:34,949 - INFO - Configured Inter-op threads = 1
2026-03-29 02:50:34,949 - INFO - TensorFlow: No GPUs visible; TF will proceed on CPU.
2026-03-29 02:50:34,949 - INFO - 
2026-03-29 02:50:40,043 - INFO - Ray Successfully Initialized with 4 CPU(s) ([0, 1, 2, 3] CPU Affinity Binding).
2026-03-29 02:50:40,043 - INFO - Analyzing 1 time chunk(s) from 2025-01-16 10:45:03 to 2025-01-16 10:46:03 (dt=1min, overlap=0min).
2026-03-29 02:50:40,043 - INFO - Using 1 selected station(s).
2026-03-29 02:50:40,043 - INFO - 
2026-03-29 02:50:40,043 - INFO - ------- Starting EQCCTPro... -------
2026-03-29 02:50:40,043 - INFO - Detailed subprocess information can be found in the log file.
2026-03-29 02:50:40,043 - INFO - 
2026-03-29 02:50:40,467 - INFO - GPU disabled (CPU-only).
2026-03-29 02:50:42,111 - INFO - Configured Intra-op threads = 1
2026-03-29 02:50:42,114 - INFO - Configured Inter-op threads = 1
2026-03-29 02:50:42,159 - INFO - TensorFlow: No GPUs visible; TF will proceed on CPU.
2026-03-29 02:50:42,162 - INFO - 
2026-03-29 02:50:42,164 - INFO - ------- Hardware Configuration -------
2026-03-29 02:50:42,167 - INFO - CPU affinity set to cores: [0, 1, 2, 3]
2026-03-29 02:50:42,170 - INFO - 
2026-03-29 02:50:42,172 - INFO - ------- Data Preprocessing for EQCCTPro -------
2026-03-29 02:50:42,174 - INFO - 1 station(s) in /home/blackwinter/projects/eqcct/eqcctpro/data/waveforms_explosions_nonoise/20250116T104503Z_20250116T104603Z
2026-03-29 02:50:42,177 - INFO - Using 1 selected station(s): ['AAL'].
2026-03-29 02:50:42,179 - INFO - Creating model actor(s)...
2026-03-29 02:50:42,182 - INFO - System RAM: Total=7870 MB, Available=3349 MB
2026-03-29 02:50:42,185 - INFO - Usable RAM budget: 7083 MB (90% of total)
2026-03-29 02:50:42,187 - INFO - ===== MEMORY-AWARE CPU ACTOR POOL (EQCCT) =====
2026-03-29 02:50:42,190 - INFO - Requested concurrent tasks: 1
2026-03-29 02:50:42,192 - INFO - Available CPUs: 4
2026-03-29 02:50:42,195 - INFO - Available RAM: 7083 MB
2026-03-29 02:50:42,198 - INFO - RAM per model: 2264 MB
2026-03-29 02:50:42,200 - INFO - Max actors by RAM: 3
2026-03-29 02:50:42,202 - INFO - Creating 1 ModelActor(s)
2026-03-29 02:50:42,205 - INFO - Let Ray handle scheduling (taskset already restricts CPU visibility)
2026-03-29 02:50:42,207 - INFO - Creating ModelActor 1/1 (2.21GB RAM each)...
2026-03-29 02:50:46,593 - INFO - ModelActor 1 created successfully.
2026-03-29 02:50:46,596 - INFO - Created 1 CPU actor(s). Task queue will handle concurrency.
2026-03-29 02:50:46,598 - INFO - Starting EQCCTPro parallelized waveform processing...
2026-03-29 02:50:46,601 - INFO - 
2026-03-29 02:50:46,603 - INFO - ------- Analyzing Seismic Waveforms for P and S Picks via EQCCT -------
2026-03-29 02:50:46,607 - INFO - Analyzing 0:01:00 minute timechunk from 2025-01-16 10:45:03 to 2025-01-16 10:46:03 (0 min overlap)
2026-03-29 02:50:46,610 - INFO - Processing a total of 1 stations, 1 at a time.
2026-03-29 02:50:51,102 - INFO - (1/1) AAL: Finished the prediction in 2.42s. (HP=1.0, LP=45.0)
2026-03-29 02:50:51,105 - INFO - 
2026-03-29 02:50:51,107 - INFO - ------- Parallel Station Waveform Processing Complete For 2025-01-16 10:45:03 to 2025-01-16 10:46:03 Timechunk-------
2026-03-29 02:50:51,110 - INFO - Picks saved at /home/blackwinter/projects/eqcct/eqcctpro/results/csv/eqcct_explosions_th0_1/20250116T104503Z_20250116T104603ZProcess Runtime: 4.51 s
2026-03-29 02:50:51,115 - INFO - Successfully ran EQCCTPro, exiting...
2026-03-29 02:50:52,588 - INFO - Ray Successfully Shutdown.
2026-03-29 02:50:52,589 - INFO - ------- Successfully Picked All Waveform(s) from all Timechunk(s) -------
