2026-03-27 21:18:27,241 - INFO - 
2026-03-27 21:18:27,241 - INFO - ------- Welcome to EQCCTPro -------
2026-03-27 21:18:27,241 - INFO - 
2026-03-27 21:18:27,242 - INFO - Running EQCCT over Requested MSeed Files using CPU(s)...
2026-03-27 21:18:27,242 - INFO - GPU disabled (CPU-only).
2026-03-27 21:18:27,242 - INFO - Skipping framework-specific initialization in the driver process.
2026-03-27 21:18:29,602 - INFO - Ray Successfully Initialized with 4 CPU(s) ([0, 1, 2, 3] CPU Affinity Binding).
2026-03-27 21:18:29,602 - INFO - Analyzing 1 time chunk(s) from 2025-10-03 23:33:13 to 2025-10-03 23:34:13 (dt=1min, overlap=0min).
2026-03-27 21:18:29,603 - INFO - Using 1 selected station(s).
2026-03-27 21:18:29,603 - INFO - 
2026-03-27 21:18:29,603 - INFO - ------- Starting EQCCTPro... -------
2026-03-27 21:18:29,603 - INFO - Detailed subprocess information can be found in the log file.
2026-03-27 21:18:29,603 - INFO - 
2026-03-27 21:18:29,930 - INFO - GPU disabled (CPU-only).
2026-03-27 21:18:29,936 - INFO - Skipping framework-specific initialization in the driver process.
2026-03-27 21:18:29,938 - INFO - ------- Hardware Configuration -------
2026-03-27 21:18:29,941 - INFO - CPU affinity set to cores: [0, 1, 2, 3]
2026-03-27 21:18:29,943 - INFO - 
2026-03-27 21:18:29,946 - INFO - ------- Data Preprocessing for EQCCTPro -------
2026-03-27 21:18:29,948 - INFO - 1 station(s) in /home/blackwinter/projects/eqcct/eqcctpro/data/waveforms_earthquakes_nonoise/20251003T233313Z_20251003T233413Z
2026-03-27 21:18:29,952 - INFO - Using 1 selected station(s): ['HEF'].
2026-03-27 21:18:29,954 - INFO - Creating model actor(s)...
2026-03-27 21:18:29,956 - INFO - System RAM: Total=7870 MB, Available=5082 MB
2026-03-27 21:18:29,958 - INFO - Usable RAM budget: 7083 MB (90% of total)
2026-03-27 21:18:29,960 - INFO - ===== MEMORY-AWARE CPU ACTOR POOL =====
2026-03-27 21:18:29,963 - INFO - Requested concurrent tasks: 1
2026-03-27 21:18:29,965 - INFO - Available CPUs: 4
2026-03-27 21:18:29,967 - INFO - Available RAM: 7083 MB
2026-03-27 21:18:29,969 - INFO - RAM per model: 2060 MB
2026-03-27 21:18:29,971 - INFO - Max actors by RAM: 3
2026-03-27 21:18:29,974 - INFO - Creating 1 SeisBenchModelActor(s)
2026-03-27 21:18:29,976 - INFO - Let Ray handle scheduling (taskset already restricts CPU visibility)
2026-03-27 21:18:29,978 - INFO - Creating SeisBenchModelActor 1/1 (2.01GB RAM each)...
2026-03-27 21:18:33,815 - INFO - SeisBenchModelActor 1 created successfully.
2026-03-27 21:18:33,818 - INFO - Created 1 CPU actor(s). Task queue will handle concurrency.
2026-03-27 21:18:33,820 - INFO - Starting EQCCTPro parallelized waveform processing...
2026-03-27 21:18:33,822 - INFO - 
2026-03-27 21:18:33,824 - INFO - ------- Analyzing Seismic Waveforms for P and S Picks via SeisBench (EQTransformer - original_nonconservative) -------
2026-03-27 21:18:33,826 - INFO - Analyzing 0:01:00 minute timechunk from 2025-10-03 23:33:13 to 2025-10-03 23:34:13 (0 min overlap)
2026-03-27 21:18:33,828 - INFO - Processing a total of 1 stations, 1 at a time.
2026-03-27 21:18:35,962 - INFO - (1/1) HEF: Finished the prediction in 0.13s. (HP=1.0, LP=45.0, picks=1)
2026-03-27 21:18:35,964 - INFO - 
2026-03-27 21:18:35,966 - INFO - ------- Parallel Station Waveform Processing Complete For 2025-10-03 23:33:13 to 2025-10-03 23:34:13 Timechunk-------
2026-03-27 21:18:35,969 - INFO - Picks saved at /home/blackwinter/projects/eqcct/eqcctpro/results/csv/eqt_earthquakes_th0_1/20251003T233313Z_20251003T233413ZProcess Runtime: 2.14 s
2026-03-27 21:18:35,973 - INFO - Successfully ran EQCCTPro, exiting...
2026-03-27 21:18:37,768 - INFO - Ray Successfully Shutdown.
2026-03-27 21:18:37,768 - INFO - ------- Successfully Picked All Waveform(s) from all Timechunk(s) -------
2026-03-28 03:30:27,477 - INFO - 
2026-03-28 03:30:27,478 - INFO - ------- Welcome to EQCCTPro -------
2026-03-28 03:30:27,478 - INFO - 
2026-03-28 03:30:27,479 - INFO - Running EQCCT over Requested MSeed Files using CPU(s)...
2026-03-28 03:30:27,479 - INFO - GPU disabled (CPU-only).
2026-03-28 03:30:27,479 - INFO - Skipping framework-specific initialization in the driver process.
2026-03-28 03:30:29,934 - INFO - Ray Successfully Initialized with 4 CPU(s) ([0, 1, 2, 3] CPU Affinity Binding).
2026-03-28 03:30:29,934 - INFO - Analyzing 1 time chunk(s) from 2025-10-03 23:33:13 to 2025-10-03 23:34:13 (dt=1min, overlap=0min).
2026-03-28 03:30:29,934 - INFO - Using 1 selected station(s).
2026-03-28 03:30:29,934 - INFO - 
2026-03-28 03:30:29,934 - INFO - ------- Starting EQCCTPro... -------
2026-03-28 03:30:29,934 - INFO - Detailed subprocess information can be found in the log file.
2026-03-28 03:30:29,935 - INFO - 
2026-03-28 03:30:30,216 - INFO - GPU disabled (CPU-only).
2026-03-28 03:30:30,223 - INFO - Skipping framework-specific initialization in the driver process.
2026-03-28 03:30:30,227 - INFO - ------- Hardware Configuration -------
2026-03-28 03:30:30,230 - INFO - CPU affinity set to cores: [0, 1, 2, 3]
2026-03-28 03:30:30,233 - INFO - 
2026-03-28 03:30:30,236 - INFO - ------- Data Preprocessing for EQCCTPro -------
2026-03-28 03:30:30,240 - INFO - 1 station(s) in /home/blackwinter/projects/eqcct/eqcctpro/data/waveforms_earthquakes_nonoise/20251003T233313Z_20251003T233413Z
2026-03-28 03:30:30,244 - INFO - Using 1 selected station(s): ['HEF'].
2026-03-28 03:30:30,247 - INFO - Creating model actor(s)...
2026-03-28 03:30:30,250 - INFO - System RAM: Total=7870 MB, Available=5652 MB
2026-03-28 03:30:30,254 - INFO - Usable RAM budget: 7083 MB (90% of total)
2026-03-28 03:30:30,257 - INFO - ===== MEMORY-AWARE CPU ACTOR POOL =====
2026-03-28 03:30:30,259 - INFO - Requested concurrent tasks: 1
2026-03-28 03:30:30,262 - INFO - Available CPUs: 4
2026-03-28 03:30:30,264 - INFO - Available RAM: 7083 MB
2026-03-28 03:30:30,267 - INFO - RAM per model: 2060 MB
2026-03-28 03:30:30,271 - INFO - Max actors by RAM: 3
2026-03-28 03:30:30,274 - INFO - Creating 1 SeisBenchModelActor(s)
2026-03-28 03:30:30,276 - INFO - Let Ray handle scheduling (taskset already restricts CPU visibility)
2026-03-28 03:30:30,279 - INFO - Creating SeisBenchModelActor 1/1 (2.01GB RAM each)...
2026-03-28 03:30:33,457 - INFO - SeisBenchModelActor 1 created successfully.
2026-03-28 03:30:33,464 - INFO - Created 1 CPU actor(s). Task queue will handle concurrency.
2026-03-28 03:30:33,467 - INFO - Starting EQCCTPro parallelized waveform processing...
2026-03-28 03:30:33,469 - INFO - 
2026-03-28 03:30:33,471 - INFO - ------- Analyzing Seismic Waveforms for P and S Picks via SeisBench (EQTransformer - original_nonconservative) -------
2026-03-28 03:30:33,474 - INFO - Analyzing 0:01:00 minute timechunk from 2025-10-03 23:33:13 to 2025-10-03 23:34:13 (0 min overlap)
2026-03-28 03:30:33,477 - INFO - Processing a total of 1 stations, 1 at a time.
2026-03-28 03:30:35,556 - INFO - (1/1) HEF: Skipped (already exists - overwrite=False).
2026-03-28 03:30:35,559 - INFO - 
2026-03-28 03:30:35,561 - INFO - ------- Parallel Station Waveform Processing Complete For 2025-10-03 23:33:13 to 2025-10-03 23:34:13 Timechunk-------
2026-03-28 03:30:35,564 - INFO - Picks saved at /home/blackwinter/projects/eqcct/eqcctpro/results/csv/eqt_earthquakes_th0_1/20251003T233313Z_20251003T233413ZProcess Runtime: 2.09 s
2026-03-28 03:30:35,569 - INFO - Successfully ran EQCCTPro, exiting...
2026-03-28 03:30:37,497 - INFO - Ray Successfully Shutdown.
2026-03-28 03:30:37,497 - INFO - ------- Successfully Picked All Waveform(s) from all Timechunk(s) -------
