2026-03-28 21:37:56,609 - INFO - 
2026-03-28 21:37:56,609 - INFO - ------- Welcome to EQCCTPro -------
2026-03-28 21:37:56,609 - INFO - 
2026-03-28 21:37:56,609 - INFO - Running EQCCT over Requested MSeed Files using CPU(s)...
2026-03-28 21:37:56,610 - INFO - GPU disabled (CPU-only).
2026-03-28 21:46:55,278 - INFO - 
2026-03-28 21:46:55,279 - INFO - ------- Welcome to EQCCTPro -------
2026-03-28 21:46:55,279 - INFO - 
2026-03-28 21:46:55,280 - INFO - Running EQCCT over Requested MSeed Files using CPU(s)...
2026-03-28 21:46:55,280 - INFO - GPU disabled (CPU-only).
2026-03-28 21:46:55,281 - INFO - Configured Intra-op threads = 1
2026-03-28 21:46:55,281 - INFO - Configured Inter-op threads = 1
2026-03-28 21:46:55,281 - INFO - TensorFlow: No GPUs visible; TF will proceed on CPU.
2026-03-28 21:46:55,281 - INFO - 
2026-03-28 21:47:01,873 - INFO - Ray Successfully Initialized with 4 CPU(s) ([0, 1, 2, 3] CPU Affinity Binding).
2026-03-28 21:47:01,874 - INFO - Analyzing 1 time chunk(s) from 2025-01-02 11:52:04 to 2025-01-02 11:53:04 (dt=1min, overlap=0min).
2026-03-28 21:47:01,874 - INFO - Using 1 selected station(s).
2026-03-28 21:47:01,874 - INFO - 
2026-03-28 21:47:01,874 - INFO - ------- Starting EQCCTPro... -------
2026-03-28 21:47:01,874 - INFO - Detailed subprocess information can be found in the log file.
2026-03-28 21:47:01,875 - INFO - 
2026-03-28 21:47:02,304 - INFO - GPU disabled (CPU-only).
2026-03-28 21:47:04,198 - INFO - Configured Intra-op threads = 1
2026-03-28 21:47:04,200 - INFO - Configured Inter-op threads = 1
2026-03-28 21:47:04,257 - INFO - TensorFlow: No GPUs visible; TF will proceed on CPU.
2026-03-28 21:47:04,260 - INFO - 
2026-03-28 21:47:04,263 - INFO - ------- Hardware Configuration -------
2026-03-28 21:47:04,266 - INFO - CPU affinity set to cores: [0, 1, 2, 3]
2026-03-28 21:47:04,268 - INFO - 
2026-03-28 21:47:04,271 - INFO - ------- Data Preprocessing for EQCCTPro -------
2026-03-28 21:47:04,273 - INFO - 1 station(s) in /home/blackwinter/projects/eqcct/eqcctpro/data/waveforms_explosions_nonoise/20250102T115204Z_20250102T115304Z
2026-03-28 21:47:04,276 - INFO - Using 1 selected station(s): ['SUF'].
2026-03-28 21:47:04,278 - INFO - Creating model actor(s)...
2026-03-28 21:47:04,280 - INFO - System RAM: Total=7870 MB, Available=3986 MB
2026-03-28 21:47:04,283 - INFO - Usable RAM budget: 7083 MB (90% of total)
2026-03-28 21:47:04,285 - INFO - ===== MEMORY-AWARE CPU ACTOR POOL (EQCCT) =====
2026-03-28 21:47:04,288 - INFO - Requested concurrent tasks: 1
2026-03-28 21:47:04,291 - INFO - Available CPUs: 4
2026-03-28 21:47:04,294 - INFO - Available RAM: 7083 MB
2026-03-28 21:47:04,296 - INFO - RAM per model: 2264 MB
2026-03-28 21:47:04,299 - INFO - Max actors by RAM: 3
2026-03-28 21:47:04,302 - INFO - Creating 1 ModelActor(s)
2026-03-28 21:47:04,304 - INFO - Let Ray handle scheduling (taskset already restricts CPU visibility)
2026-03-28 21:47:04,308 - INFO - Creating ModelActor 1/1 (2.21GB RAM each)...
2026-03-28 21:47:09,342 - INFO - ModelActor 1 created successfully.
2026-03-28 21:47:09,345 - INFO - Created 1 CPU actor(s). Task queue will handle concurrency.
2026-03-28 21:47:09,348 - INFO - Starting EQCCTPro parallelized waveform processing...
2026-03-28 21:47:09,350 - INFO - 
2026-03-28 21:47:09,354 - INFO - ------- Analyzing Seismic Waveforms for P and S Picks via EQCCT -------
2026-03-28 21:47:09,357 - INFO - Analyzing 0:01:00 minute timechunk from 2025-01-02 11:52:04 to 2025-01-02 11:53:04 (0 min overlap)
2026-03-28 21:47:09,360 - INFO - Processing a total of 1 stations, 1 at a time.
2026-03-28 21:47:14,307 - INFO - (1/1) SUF: Finished the prediction in 2.77s. (HP=1.0, LP=45.0)
2026-03-28 21:47:14,310 - INFO - 
2026-03-28 21:47:14,312 - INFO - ------- Parallel Station Waveform Processing Complete For 2025-01-02 11:52:04 to 2025-01-02 11:53:04 Timechunk-------
2026-03-28 21:47:14,314 - INFO - Picks saved at /home/blackwinter/projects/eqcct/eqcctpro/results/csv/eqcct_explosions_th0_1/20250102T115204Z_20250102T115304ZProcess Runtime: 4.96 s
2026-03-28 21:47:14,319 - INFO - Successfully ran EQCCTPro, exiting...
2026-03-28 21:47:15,696 - INFO - Ray Successfully Shutdown.
2026-03-28 21:47:15,696 - INFO - ------- Successfully Picked All Waveform(s) from all Timechunk(s) -------
