2026-03-28 17:43:03,142 - INFO - 
2026-03-28 17:43:03,143 - INFO - ------- Welcome to EQCCTPro -------
2026-03-28 17:43:03,143 - INFO - 
2026-03-28 17:43:03,143 - INFO - Running EQCCT over Requested MSeed Files using CPU(s)...
2026-03-28 17:43:03,143 - INFO - GPU disabled (CPU-only).
2026-03-28 17:43:03,144 - INFO - Skipping framework-specific initialization in the driver process.
2026-03-28 17:43:05,685 - INFO - Ray Successfully Initialized with 4 CPU(s) ([0, 1, 2, 3] CPU Affinity Binding).
2026-03-28 17:43:05,685 - INFO - Analyzing 1 time chunk(s) from 2025-01-13 12:58:52 to 2025-01-13 12:59:52 (dt=1min, overlap=0min).
2026-03-28 17:43:05,685 - INFO - Using 1 selected station(s).
2026-03-28 17:43:05,686 - INFO - 
2026-03-28 17:43:05,686 - INFO - ------- Starting EQCCTPro... -------
2026-03-28 17:43:05,686 - INFO - Detailed subprocess information can be found in the log file.
2026-03-28 17:43:05,686 - INFO - 
2026-03-28 17:43:05,962 - INFO - GPU disabled (CPU-only).
2026-03-28 17:43:05,967 - INFO - Skipping framework-specific initialization in the driver process.
2026-03-28 17:43:05,969 - INFO - ------- Hardware Configuration -------
2026-03-28 17:43:05,972 - INFO - CPU affinity set to cores: [0, 1, 2, 3]
2026-03-28 17:43:05,975 - INFO - 
2026-03-28 17:43:05,977 - INFO - ------- Data Preprocessing for EQCCTPro -------
2026-03-28 17:43:05,979 - INFO - 1 station(s) in /home/blackwinter/projects/eqcct/eqcctpro/data/waveforms_explosions_nonoise/20250113T125852Z_20250113T125952Z
2026-03-28 17:43:05,982 - INFO - Using 1 selected station(s): ['RAF'].
2026-03-28 17:43:05,984 - INFO - Creating model actor(s)...
2026-03-28 17:43:05,986 - INFO - System RAM: Total=7870 MB, Available=4247 MB
2026-03-28 17:43:05,989 - INFO - Usable RAM budget: 7083 MB (90% of total)
2026-03-28 17:43:05,992 - INFO - ===== MEMORY-AWARE CPU ACTOR POOL =====
2026-03-28 17:43:05,995 - INFO - Requested concurrent tasks: 1
2026-03-28 17:43:05,997 - INFO - Available CPUs: 4
2026-03-28 17:43:06,000 - INFO - Available RAM: 7083 MB
2026-03-28 17:43:06,002 - INFO - RAM per model: 2060 MB
2026-03-28 17:43:06,005 - INFO - Max actors by RAM: 3
2026-03-28 17:43:06,008 - INFO - Creating 1 SeisBenchModelActor(s)
2026-03-28 17:43:06,010 - INFO - Let Ray handle scheduling (taskset already restricts CPU visibility)
2026-03-28 17:43:06,012 - INFO - Creating SeisBenchModelActor 1/1 (2.01GB RAM each)...
2026-03-28 17:43:08,964 - INFO - SeisBenchModelActor 1 created successfully.
2026-03-28 17:43:08,966 - INFO - Created 1 CPU actor(s). Task queue will handle concurrency.
2026-03-28 17:43:08,968 - INFO - Starting EQCCTPro parallelized waveform processing...
2026-03-28 17:43:08,970 - INFO - 
2026-03-28 17:43:08,972 - INFO - ------- Analyzing Seismic Waveforms for P and S Picks via SeisBench (EQTransformer - original_nonconservative) -------
2026-03-28 17:43:08,975 - INFO - Analyzing 0:01:00 minute timechunk from 2025-01-13 12:58:52 to 2025-01-13 12:59:52 (0 min overlap)
2026-03-28 17:43:08,977 - INFO - Processing a total of 1 stations, 1 at a time.
2026-03-28 17:43:11,124 - INFO - (1/1) RAF: Finished the prediction in 0.12s. (HP=1.0, LP=45.0, picks=2)
2026-03-28 17:43:11,127 - INFO - 
2026-03-28 17:43:11,129 - INFO - ------- Parallel Station Waveform Processing Complete For 2025-01-13 12:58:52 to 2025-01-13 12:59:52 Timechunk-------
2026-03-28 17:43:11,132 - INFO - Picks saved at /home/blackwinter/projects/eqcct/eqcctpro/results/csv/eqt_explosions_th0_1/20250113T125852Z_20250113T125952ZProcess Runtime: 2.16 s
2026-03-28 17:43:11,137 - INFO - Successfully ran EQCCTPro, exiting...
2026-03-28 17:43:12,728 - INFO - Ray Successfully Shutdown.
2026-03-28 17:43:12,728 - INFO - ------- Successfully Picked All Waveform(s) from all Timechunk(s) -------
