2026-03-10 20:57:54,194 - INFO - 
2026-03-10 20:57:54,194 - INFO - ------- Welcome to EQCCTPro -------
2026-03-10 20:57:54,194 - INFO - 
2026-03-10 20:57:54,195 - INFO - Running EQCCT over Requested MSeed Files using CPU(s)...
2026-03-10 20:57:54,195 - INFO - GPU disabled (CPU-only).
2026-03-10 20:57:54,195 - INFO - Configured Intra-op threads = 1
2026-03-10 20:57:54,195 - INFO - Configured Inter-op threads = 1
2026-03-10 20:57:54,195 - INFO - TensorFlow: No GPUs visible; TF will proceed on CPU.
2026-03-10 20:57:54,196 - INFO - 
2026-03-10 20:57:59,633 - INFO - Ray Successfully Initialized with 4 CPU(s) ([0, 1, 2, 3] CPU Affinity Binding).
2026-03-10 20:57:59,634 - INFO - Analyzing 1 time chunk(s) from 2025-01-06 08:32:36 to 2025-01-06 08:33:36 (dt=1min, overlap=0min).
2026-03-10 20:57:59,634 - INFO - Using 1 selected station(s).
2026-03-10 20:57:59,634 - INFO - 
2026-03-10 20:57:59,634 - INFO - ------- Starting EQCCTPro... -------
2026-03-10 20:57:59,634 - INFO - Detailed subprocess information can be found in the log file.
2026-03-10 20:57:59,634 - INFO - 
2026-03-10 20:58:00,007 - INFO - GPU disabled (CPU-only).
2026-03-10 20:58:01,551 - INFO - Configured Intra-op threads = 1
2026-03-10 20:58:01,553 - INFO - Configured Inter-op threads = 1
2026-03-10 20:58:01,595 - INFO - TensorFlow: No GPUs visible; TF will proceed on CPU.
2026-03-10 20:58:01,597 - INFO - 
2026-03-10 20:58:01,599 - INFO - ------- Hardware Configuration -------
2026-03-10 20:58:01,601 - INFO - CPU affinity set to cores: [0, 1, 2, 3]
2026-03-10 20:58:01,603 - INFO - 
2026-03-10 20:58:01,606 - INFO - ------- Data Preprocessing for EQCCTPro -------
2026-03-10 20:58:01,608 - INFO - 1 station(s) in /home/blackwinter/projects/eqcct/eqcctpro/data/waveforms_noise_only/20250106T083236Z_20250106T083336Z
2026-03-10 20:58:01,610 - INFO - Using 1 selected station(s): ['VAF'].
2026-03-10 20:58:01,613 - INFO - Creating model actor(s)...
2026-03-10 20:58:01,615 - INFO - System RAM: Total=7870 MB, Available=3139 MB
2026-03-10 20:58:01,617 - INFO - Usable RAM budget: 7083 MB (90% of total)
2026-03-10 20:58:01,619 - INFO - ===== MEMORY-AWARE CPU ACTOR POOL (EQCCT) =====
2026-03-10 20:58:01,622 - INFO - Requested concurrent tasks: 1
2026-03-10 20:58:01,624 - INFO - Available CPUs: 4
2026-03-10 20:58:01,626 - INFO - Available RAM: 7083 MB
2026-03-10 20:58:01,628 - INFO - RAM per model: 2264 MB
2026-03-10 20:58:01,629 - INFO - Max actors by RAM: 3
2026-03-10 20:58:01,631 - INFO - Creating 1 ModelActor(s)
2026-03-10 20:58:01,633 - INFO - Let Ray handle scheduling (taskset already restricts CPU visibility)
2026-03-10 20:58:01,636 - INFO - Creating ModelActor 1/1 (2.21GB RAM each)...
2026-03-10 20:58:05,580 - INFO - ModelActor 1 created successfully.
2026-03-10 20:58:05,583 - INFO - Created 1 CPU actor(s). Task queue will handle concurrency.
2026-03-10 20:58:05,586 - INFO - Starting EQCCTPro parallelized waveform processing...
2026-03-10 20:58:05,589 - INFO - 
2026-03-10 20:58:05,591 - INFO - ------- Analyzing Seismic Waveforms for P and S Picks via EQCCT -------
2026-03-10 20:58:05,594 - INFO - Analyzing 0:01:00 minute timechunk from 2025-01-06 08:32:36 to 2025-01-06 08:33:36 (0 min overlap)
2026-03-10 20:58:05,597 - INFO - Processing a total of 1 stations, 1 at a time.
2026-03-10 20:58:09,849 - INFO - (1/1) VAF: Finished the prediction in 2.14s. (HP=1.0, LP=45.0)
2026-03-10 20:58:09,855 - INFO - 
2026-03-10 20:58:09,857 - INFO - ------- Parallel Station Waveform Processing Complete For 2025-01-06 08:32:36 to 2025-01-06 08:33:36 Timechunk-------
2026-03-10 20:58:09,859 - INFO - Picks saved at /home/blackwinter/projects/eqcct/eqcctpro/results/csv/bm_noise_only/20250106T083236Z_20250106T083336ZProcess Runtime: 4.27 s
2026-03-10 20:58:09,863 - INFO - Successfully ran EQCCTPro, exiting...
2026-03-10 20:58:11,423 - INFO - Ray Successfully Shutdown.
2026-03-10 20:58:11,423 - INFO - ------- Successfully Picked All Waveform(s) from all Timechunk(s) -------
2026-03-11 11:59:07,773 - INFO - 
2026-03-11 11:59:07,779 - INFO - ------- Welcome to EQCCTPro -------
2026-03-11 11:59:07,779 - INFO - 
2026-03-11 11:59:07,780 - INFO - Running EQCCT over Requested MSeed Files using CPU(s)...
2026-03-11 11:59:07,780 - INFO - GPU disabled (CPU-only).
2026-03-11 11:59:07,781 - INFO - Configured Intra-op threads = 1
2026-03-11 11:59:07,781 - INFO - Configured Inter-op threads = 1
2026-03-11 11:59:07,781 - INFO - TensorFlow: No GPUs visible; TF will proceed on CPU.
2026-03-11 11:59:07,781 - INFO - 
2026-03-11 11:59:12,138 - INFO - Ray Successfully Initialized with 4 CPU(s) ([0, 1, 2, 3] CPU Affinity Binding).
2026-03-11 11:59:12,138 - INFO - Analyzing 1 time chunk(s) from 2025-01-06 08:32:36 to 2025-01-06 08:33:36 (dt=1min, overlap=0min).
2026-03-11 11:59:12,138 - INFO - Using 1 selected station(s).
2026-03-11 11:59:12,138 - INFO - 
2026-03-11 11:59:12,138 - INFO - ------- Starting EQCCTPro... -------
2026-03-11 11:59:12,139 - INFO - Detailed subprocess information can be found in the log file.
2026-03-11 11:59:12,139 - INFO - 
2026-03-11 11:59:12,495 - INFO - GPU disabled (CPU-only).
2026-03-11 11:59:13,958 - INFO - Configured Intra-op threads = 1
2026-03-11 11:59:13,961 - INFO - Configured Inter-op threads = 1
2026-03-11 11:59:13,999 - INFO - TensorFlow: No GPUs visible; TF will proceed on CPU.
2026-03-11 11:59:14,001 - INFO - 
2026-03-11 11:59:14,003 - INFO - ------- Hardware Configuration -------
2026-03-11 11:59:14,005 - INFO - CPU affinity set to cores: [0, 1, 2, 3]
2026-03-11 11:59:14,007 - INFO - 
2026-03-11 11:59:14,009 - INFO - ------- Data Preprocessing for EQCCTPro -------
2026-03-11 11:59:14,011 - INFO - 1 station(s) in /home/blackwinter/projects/eqcct/eqcctpro/data/waveforms_noise_only/20250106T083236Z_20250106T083336Z
2026-03-11 11:59:14,014 - INFO - Using 1 selected station(s): ['VAF'].
2026-03-11 11:59:14,015 - INFO - Creating model actor(s)...
2026-03-11 11:59:14,018 - INFO - System RAM: Total=7870 MB, Available=4011 MB
2026-03-11 11:59:14,020 - INFO - Usable RAM budget: 7083 MB (90% of total)
2026-03-11 11:59:14,022 - INFO - ===== MEMORY-AWARE CPU ACTOR POOL (EQCCT) =====
2026-03-11 11:59:14,024 - INFO - Requested concurrent tasks: 1
2026-03-11 11:59:14,026 - INFO - Available CPUs: 4
2026-03-11 11:59:14,028 - INFO - Available RAM: 7083 MB
2026-03-11 11:59:14,030 - INFO - RAM per model: 2264 MB
2026-03-11 11:59:14,032 - INFO - Max actors by RAM: 3
2026-03-11 11:59:14,034 - INFO - Creating 1 ModelActor(s)
2026-03-11 11:59:14,037 - INFO - Let Ray handle scheduling (taskset already restricts CPU visibility)
2026-03-11 11:59:14,039 - INFO - Creating ModelActor 1/1 (2.21GB RAM each)...
2026-03-11 11:59:17,985 - INFO - ModelActor 1 created successfully.
2026-03-11 11:59:17,987 - INFO - Created 1 CPU actor(s). Task queue will handle concurrency.
2026-03-11 11:59:17,989 - INFO - Starting EQCCTPro parallelized waveform processing...
2026-03-11 11:59:17,990 - INFO - 
2026-03-11 11:59:17,992 - INFO - ------- Analyzing Seismic Waveforms for P and S Picks via EQCCT -------
2026-03-11 11:59:17,995 - INFO - Analyzing 0:01:00 minute timechunk from 2025-01-06 08:32:36 to 2025-01-06 08:33:36 (0 min overlap)
2026-03-11 11:59:17,997 - INFO - Processing a total of 1 stations, 1 at a time.
2026-03-11 11:59:20,000 - INFO - (1/1) VAF: Skipped (already exists - overwrite=False).
2026-03-11 11:59:20,004 - INFO - 
2026-03-11 11:59:20,007 - INFO - ------- Parallel Station Waveform Processing Complete For 2025-01-06 08:32:36 to 2025-01-06 08:33:36 Timechunk-------
2026-03-11 11:59:20,009 - INFO - Picks saved at /home/blackwinter/projects/eqcct/eqcctpro/results/csv/bm_noise_only/20250106T083236Z_20250106T083336ZProcess Runtime: 2.02 s
2026-03-11 11:59:20,013 - INFO - Successfully ran EQCCTPro, exiting...
2026-03-11 11:59:21,575 - INFO - Ray Successfully Shutdown.
2026-03-11 11:59:21,575 - INFO - ------- Successfully Picked All Waveform(s) from all Timechunk(s) -------
