2026-02-27 11:19:56,511 - INFO - 
2026-02-27 11:19:56,511 - INFO - ------- Welcome to EQCCTPro -------
2026-02-27 11:19:56,511 - INFO - 
2026-02-27 11:19:56,511 - INFO - Running EQCCT over Requested MSeed Files using CPU(s)...
2026-02-27 11:19:56,512 - INFO - GPU disabled (CPU-only).
2026-02-27 11:19:56,512 - INFO - Configured Intra-op threads = 1
2026-02-27 11:19:56,512 - INFO - Configured Inter-op threads = 1
2026-02-27 11:19:56,512 - INFO - TensorFlow: No GPUs visible; TF will proceed on CPU.
2026-02-27 11:19:56,512 - INFO - 
2026-02-27 11:20:01,860 - INFO - Ray Successfully Initialized with 4 CPU(s) ([0, 1, 2, 3] CPU Affinity Binding).
2026-02-27 11:20:01,860 - INFO - Analyzing 1 time chunk(s) from 2025-01-21 22:55:45 to 2025-01-21 22:56:45 (dt=1min, overlap=0min).
2026-02-27 11:20:01,860 - INFO - Using 1 selected station(s).
2026-02-27 11:20:01,860 - INFO - 
2026-02-27 11:20:01,861 - INFO - ------- Starting EQCCTPro... -------
2026-02-27 11:20:01,861 - INFO - Detailed subprocess information can be found in the log file.
2026-02-27 11:20:01,861 - INFO - 
2026-02-27 11:20:02,222 - INFO - GPU disabled (CPU-only).
2026-02-27 11:20:03,703 - INFO - Configured Intra-op threads = 1
2026-02-27 11:20:03,705 - INFO - Configured Inter-op threads = 1
2026-02-27 11:20:03,747 - INFO - TensorFlow: No GPUs visible; TF will proceed on CPU.
2026-02-27 11:20:03,749 - INFO - 
2026-02-27 11:20:03,751 - INFO - ------- Hardware Configuration -------
2026-02-27 11:20:03,753 - INFO - CPU affinity set to cores: [0, 1, 2, 3]
2026-02-27 11:20:03,755 - INFO - 
2026-02-27 11:20:03,757 - INFO - ------- Data Preprocessing for EQCCTPro -------
2026-02-27 11:20:03,759 - INFO - 1 station(s) in /home/blackwinter/projects/eqcct/eqcctpro/data/waveforms_explosions_nonoise/20250121T225545Z_20250121T225645Z
2026-02-27 11:20:03,761 - INFO - Using 1 selected station(s): ['RAJF'].
2026-02-27 11:20:03,763 - INFO - Creating model actor(s)...
2026-02-27 11:20:03,765 - INFO - System RAM: Total=7870 MB, Available=2523 MB
2026-02-27 11:20:03,767 - INFO - Usable RAM budget: 7083 MB (90% of total)
2026-02-27 11:20:03,769 - INFO - ===== MEMORY-AWARE CPU ACTOR POOL (EQCCT) =====
2026-02-27 11:20:03,771 - INFO - Requested concurrent tasks: 1
2026-02-27 11:20:03,773 - INFO - Available CPUs: 4
2026-02-27 11:20:03,775 - INFO - Available RAM: 7083 MB
2026-02-27 11:20:03,777 - INFO - RAM per model: 2264 MB
2026-02-27 11:20:03,779 - INFO - Max actors by RAM: 3
2026-02-27 11:20:03,781 - INFO - Creating 1 ModelActor(s)
2026-02-27 11:20:03,783 - INFO - Let Ray handle scheduling (taskset already restricts CPU visibility)
2026-02-27 11:20:03,785 - INFO - Creating ModelActor 1/1 (2.21GB RAM each)...
2026-02-27 11:20:07,718 - INFO - ModelActor 1 created successfully.
2026-02-27 11:20:07,720 - INFO - Created 1 CPU actor(s). Task queue will handle concurrency.
2026-02-27 11:20:07,722 - INFO - Starting EQCCTPro parallelized waveform processing...
2026-02-27 11:20:07,725 - INFO - 
2026-02-27 11:20:07,727 - INFO - ------- Analyzing Seismic Waveforms for P and S Picks via EQCCT -------
2026-02-27 11:20:07,729 - INFO - Analyzing 0:01:00 minute timechunk from 2025-01-21 22:55:45 to 2025-01-21 22:56:45 (0 min overlap)
2026-02-27 11:20:07,732 - INFO - Processing a total of 1 stations, 1 at a time.
2026-02-27 11:20:11,803 - INFO - (1/1) RAJF: Finished the prediction in 2.18s. (HP=1.0, LP=45.0)
2026-02-27 11:20:11,805 - INFO - 
2026-02-27 11:20:11,807 - INFO - ------- Parallel Station Waveform Processing Complete For 2025-01-21 22:55:45 to 2025-01-21 22:56:45 Timechunk-------
2026-02-27 11:20:11,808 - INFO - Picks saved at /home/blackwinter/projects/eqcct/eqcctpro/results/csv/bm_explosions/20250121T225545Z_20250121T225645ZProcess Runtime: 4.08 s
2026-02-27 11:20:11,812 - INFO - Successfully ran EQCCTPro, exiting...
2026-02-27 11:20:13,518 - INFO - Ray Successfully Shutdown.
2026-02-27 11:20:13,518 - INFO - ------- Successfully Picked All Waveform(s) from all Timechunk(s) -------
