2026-02-22 17:27:24,259 - INFO - 
2026-02-22 17:27:24,259 - INFO - ------- Welcome to EQCCTPro -------
2026-02-22 17:27:24,259 - INFO - 
2026-02-22 17:27:24,260 - INFO - Running EQCCT over Requested MSeed Files using CPU(s)...
2026-02-22 17:27:24,260 - INFO - GPU disabled (CPU-only).
2026-02-22 17:27:24,260 - INFO - Configured Intra-op threads = 1
2026-02-22 17:27:24,260 - INFO - Configured Inter-op threads = 1
2026-02-22 17:27:24,260 - INFO - TensorFlow: No GPUs visible; TF will proceed on CPU.
2026-02-22 17:27:24,260 - INFO - 
2026-02-22 17:27:29,786 - INFO - Ray Successfully Initialized with 4 CPU(s) ([0, 1, 2, 3] CPU Affinity Binding).
2026-02-22 17:27:29,787 - INFO - Analyzing 1 time chunk(s) from 2025-07-05 04:51:36 to 2025-07-05 04:52:36 (dt=1min, overlap=0min).
2026-02-22 17:27:29,787 - INFO - Using 1 selected station(s).
2026-02-22 17:27:29,787 - INFO - 
2026-02-22 17:27:29,787 - INFO - ------- Starting EQCCTPro... -------
2026-02-22 17:27:29,787 - INFO - Detailed subprocess information can be found in the log file.
2026-02-22 17:27:29,787 - INFO - 
2026-02-22 17:27:30,186 - INFO - GPU disabled (CPU-only).
2026-02-22 17:27:31,896 - INFO - Configured Intra-op threads = 1
2026-02-22 17:27:31,899 - INFO - Configured Inter-op threads = 1
2026-02-22 17:27:31,947 - INFO - TensorFlow: No GPUs visible; TF will proceed on CPU.
2026-02-22 17:27:31,950 - INFO - 
2026-02-22 17:27:31,952 - INFO - ------- Hardware Configuration -------
2026-02-22 17:27:31,954 - INFO - CPU affinity set to cores: [0, 1, 2, 3]
2026-02-22 17:27:31,955 - INFO - 
2026-02-22 17:27:31,957 - INFO - ------- Data Preprocessing for EQCCTPro -------
2026-02-22 17:27:31,959 - INFO - 1 station(s) in /home/blackwinter/projects/eqcct/eqcctpro/data/waveforms_earthquakes_nonoise/20250705T045136Z_20250705T045236Z
2026-02-22 17:27:31,961 - INFO - Using 1 selected station(s): ['OUL'].
2026-02-22 17:27:31,963 - INFO - Creating model actor(s)...
2026-02-22 17:27:31,965 - INFO - System RAM: Total=7870 MB, Available=1900 MB
2026-02-22 17:27:31,967 - INFO - Usable RAM budget: 7083 MB (90% of total)
2026-02-22 17:27:31,969 - INFO - ===== MEMORY-AWARE CPU ACTOR POOL (EQCCT) =====
2026-02-22 17:27:31,972 - INFO - Requested concurrent tasks: 1
2026-02-22 17:27:31,974 - INFO - Available CPUs: 4
2026-02-22 17:27:31,976 - INFO - Available RAM: 7083 MB
2026-02-22 17:27:31,978 - INFO - RAM per model: 2264 MB
2026-02-22 17:27:31,981 - INFO - Max actors by RAM: 3
2026-02-22 17:27:31,983 - INFO - Creating 1 ModelActor(s)
2026-02-22 17:27:31,986 - INFO - Let Ray handle scheduling (taskset already restricts CPU visibility)
2026-02-22 17:27:31,988 - INFO - Creating ModelActor 1/1 (2.21GB RAM each)...
2026-02-22 17:27:36,065 - INFO - ModelActor 1 created successfully.
2026-02-22 17:27:36,067 - INFO - Created 1 CPU actor(s). Task queue will handle concurrency.
2026-02-22 17:27:36,069 - INFO - Starting EQCCTPro parallelized waveform processing...
2026-02-22 17:27:36,072 - INFO - 
2026-02-22 17:27:36,074 - INFO - ------- Analyzing Seismic Waveforms for P and S Picks via EQCCT -------
2026-02-22 17:27:36,076 - INFO - Analyzing 0:01:00 minute timechunk from 2025-07-05 04:51:36 to 2025-07-05 04:52:36 (0 min overlap)
2026-02-22 17:27:36,079 - INFO - Processing a total of 1 stations, 1 at a time.
2026-02-22 17:27:40,317 - INFO - (1/1) OUL: Finished the prediction in 2.15s. (HP=1.0, LP=45.0)
2026-02-22 17:27:40,320 - INFO - 
2026-02-22 17:27:40,322 - INFO - ------- Parallel Station Waveform Processing Complete For 2025-07-05 04:51:36 to 2025-07-05 04:52:36 Timechunk-------
2026-02-22 17:27:40,324 - INFO - Picks saved at /home/blackwinter/projects/eqcct/eqcctpro/results/csv/bm_eq_nonoise/20250705T045136Z_20250705T045236ZProcess Runtime: 4.25 s
2026-02-22 17:27:40,328 - INFO - Successfully ran EQCCTPro, exiting...
2026-02-22 17:27:41,775 - INFO - Ray Successfully Shutdown.
2026-02-22 17:27:41,775 - INFO - ------- Successfully Picked All Waveform(s) from all Timechunk(s) -------
