2026-02-23 19:05:45,228 - INFO - 
2026-02-23 19:05:45,228 - INFO - ------- Welcome to EQCCTPro -------
2026-02-23 19:05:45,228 - INFO - 
2026-02-23 19:05:45,228 - INFO - Running EQCCT over Requested MSeed Files using CPU(s)...
2026-02-23 19:05:45,229 - INFO - GPU disabled (CPU-only).
2026-02-23 19:05:45,229 - INFO - Configured Intra-op threads = 1
2026-02-23 19:05:45,229 - INFO - Configured Inter-op threads = 1
2026-02-23 19:05:45,229 - INFO - TensorFlow: No GPUs visible; TF will proceed on CPU.
2026-02-23 19:05:45,229 - INFO - 
2026-02-23 19:05:50,830 - INFO - Ray Successfully Initialized with 4 CPU(s) ([0, 1, 2, 3] CPU Affinity Binding).
2026-02-23 19:05:50,830 - INFO - Analyzing 1 time chunk(s) from 2025-02-15 01:56:43 to 2025-02-15 01:57:43 (dt=1min, overlap=0min).
2026-02-23 19:05:50,831 - INFO - Using 1 selected station(s).
2026-02-23 19:05:50,831 - INFO - 
2026-02-23 19:05:50,831 - INFO - ------- Starting EQCCTPro... -------
2026-02-23 19:05:50,831 - INFO - Detailed subprocess information can be found in the log file.
2026-02-23 19:05:50,831 - INFO - 
2026-02-23 19:05:51,210 - INFO - GPU disabled (CPU-only).
2026-02-23 19:05:52,759 - INFO - Configured Intra-op threads = 1
2026-02-23 19:05:52,761 - INFO - Configured Inter-op threads = 1
2026-02-23 19:05:52,804 - INFO - TensorFlow: No GPUs visible; TF will proceed on CPU.
2026-02-23 19:05:52,806 - INFO - 
2026-02-23 19:05:52,808 - INFO - ------- Hardware Configuration -------
2026-02-23 19:05:52,811 - INFO - CPU affinity set to cores: [0, 1, 2, 3]
2026-02-23 19:05:52,813 - INFO - 
2026-02-23 19:05:52,815 - INFO - ------- Data Preprocessing for EQCCTPro -------
2026-02-23 19:05:52,817 - INFO - 1 station(s) in /home/blackwinter/projects/eqcct/eqcctpro/data/waveforms_earthquakes_noise_only/20250215T015643Z_20250215T015743Z
2026-02-23 19:05:52,819 - INFO - Using 1 selected station(s): ['RAF'].
2026-02-23 19:05:52,821 - INFO - Creating model actor(s)...
2026-02-23 19:05:52,823 - INFO - System RAM: Total=7870 MB, Available=3714 MB
2026-02-23 19:05:52,825 - INFO - Usable RAM budget: 7083 MB (90% of total)
2026-02-23 19:05:52,826 - INFO - ===== MEMORY-AWARE CPU ACTOR POOL (EQCCT) =====
2026-02-23 19:05:52,828 - INFO - Requested concurrent tasks: 1
2026-02-23 19:05:52,830 - INFO - Available CPUs: 4
2026-02-23 19:05:52,832 - INFO - Available RAM: 7083 MB
2026-02-23 19:05:52,833 - INFO - RAM per model: 2264 MB
2026-02-23 19:05:52,835 - INFO - Max actors by RAM: 3
2026-02-23 19:05:52,837 - INFO - Creating 1 ModelActor(s)
2026-02-23 19:05:52,839 - INFO - Let Ray handle scheduling (taskset already restricts CPU visibility)
2026-02-23 19:05:52,841 - INFO - Creating ModelActor 1/1 (2.21GB RAM each)...
2026-02-23 19:05:56,874 - INFO - ModelActor 1 created successfully.
2026-02-23 19:05:56,876 - INFO - Created 1 CPU actor(s). Task queue will handle concurrency.
2026-02-23 19:05:56,878 - INFO - Starting EQCCTPro parallelized waveform processing...
2026-02-23 19:05:56,879 - INFO - 
2026-02-23 19:05:56,881 - INFO - ------- Analyzing Seismic Waveforms for P and S Picks via EQCCT -------
2026-02-23 19:05:56,884 - INFO - Analyzing 0:01:00 minute timechunk from 2025-02-15 01:56:43 to 2025-02-15 01:57:43 (0 min overlap)
2026-02-23 19:05:56,887 - INFO - Processing a total of 1 stations, 1 at a time.
2026-02-23 19:06:00,923 - INFO - (1/1) RAF: Finished the prediction in 2.1s. (HP=1.0, LP=45.0)
2026-02-23 19:06:00,925 - INFO - 
2026-02-23 19:06:00,928 - INFO - ------- Parallel Station Waveform Processing Complete For 2025-02-15 01:56:43 to 2025-02-15 01:57:43 Timechunk-------
2026-02-23 19:06:00,930 - INFO - Picks saved at /home/blackwinter/projects/eqcct/eqcctpro/results/csv/bm_eq_noise_only/20250215T015643Z_20250215T015743ZProcess Runtime: 4.05 s
2026-02-23 19:06:00,936 - INFO - Successfully ran EQCCTPro, exiting...
2026-02-23 19:06:02,457 - INFO - Ray Successfully Shutdown.
2026-02-23 19:06:02,457 - INFO - ------- Successfully Picked All Waveform(s) from all Timechunk(s) -------
