2026-02-27 11:52:26,002 - INFO - 
2026-02-27 11:52:26,002 - INFO - ------- Welcome to EQCCTPro -------
2026-02-27 11:52:26,002 - INFO - 
2026-02-27 11:52:26,003 - INFO - Running EQCCT over Requested MSeed Files using CPU(s)...
2026-02-27 11:52:26,003 - INFO - GPU disabled (CPU-only).
2026-02-27 11:52:26,003 - INFO - Configured Intra-op threads = 1
2026-02-27 11:52:26,003 - INFO - Configured Inter-op threads = 1
2026-02-27 11:52:26,003 - INFO - TensorFlow: No GPUs visible; TF will proceed on CPU.
2026-02-27 11:52:26,003 - INFO - 
2026-02-27 11:52:31,607 - INFO - Ray Successfully Initialized with 4 CPU(s) ([0, 1, 2, 3] CPU Affinity Binding).
2026-02-27 11:52:31,607 - INFO - Analyzing 1 time chunk(s) from 2025-01-22 12:28:50 to 2025-01-22 12:29:50 (dt=1min, overlap=0min).
2026-02-27 11:52:31,608 - INFO - Using 1 selected station(s).
2026-02-27 11:52:31,608 - INFO - 
2026-02-27 11:52:31,609 - INFO - ------- Starting EQCCTPro... -------
2026-02-27 11:52:31,609 - INFO - Detailed subprocess information can be found in the log file.
2026-02-27 11:52:31,609 - INFO - 
2026-02-27 11:52:31,983 - INFO - GPU disabled (CPU-only).
2026-02-27 11:52:33,430 - INFO - Configured Intra-op threads = 1
2026-02-27 11:52:33,432 - INFO - Configured Inter-op threads = 1
2026-02-27 11:52:33,477 - INFO - TensorFlow: No GPUs visible; TF will proceed on CPU.
2026-02-27 11:52:33,479 - INFO - 
2026-02-27 11:52:33,481 - INFO - ------- Hardware Configuration -------
2026-02-27 11:52:33,484 - INFO - CPU affinity set to cores: [0, 1, 2, 3]
2026-02-27 11:52:33,485 - INFO - 
2026-02-27 11:52:33,487 - INFO - ------- Data Preprocessing for EQCCTPro -------
2026-02-27 11:52:33,489 - INFO - 1 station(s) in /home/blackwinter/projects/eqcct/eqcctpro/data/waveforms_explosions_nonoise/20250122T122850Z_20250122T122950Z
2026-02-27 11:52:33,491 - INFO - Using 1 selected station(s): ['AAL'].
2026-02-27 11:52:33,493 - INFO - Creating model actor(s)...
2026-02-27 11:52:33,494 - INFO - System RAM: Total=7870 MB, Available=2401 MB
2026-02-27 11:52:33,496 - INFO - Usable RAM budget: 7083 MB (90% of total)
2026-02-27 11:52:33,498 - INFO - ===== MEMORY-AWARE CPU ACTOR POOL (EQCCT) =====
2026-02-27 11:52:33,500 - INFO - Requested concurrent tasks: 1
2026-02-27 11:52:33,502 - INFO - Available CPUs: 4
2026-02-27 11:52:33,504 - INFO - Available RAM: 7083 MB
2026-02-27 11:52:33,506 - INFO - RAM per model: 2264 MB
2026-02-27 11:52:33,508 - INFO - Max actors by RAM: 3
2026-02-27 11:52:33,510 - INFO - Creating 1 ModelActor(s)
2026-02-27 11:52:33,512 - INFO - Let Ray handle scheduling (taskset already restricts CPU visibility)
2026-02-27 11:52:33,514 - INFO - Creating ModelActor 1/1 (2.21GB RAM each)...
2026-02-27 11:52:37,384 - INFO - ModelActor 1 created successfully.
2026-02-27 11:52:37,386 - INFO - Created 1 CPU actor(s). Task queue will handle concurrency.
2026-02-27 11:52:37,388 - INFO - Starting EQCCTPro parallelized waveform processing...
2026-02-27 11:52:37,390 - INFO - 
2026-02-27 11:52:37,392 - INFO - ------- Analyzing Seismic Waveforms for P and S Picks via EQCCT -------
2026-02-27 11:52:37,394 - INFO - Analyzing 0:01:00 minute timechunk from 2025-01-22 12:28:50 to 2025-01-22 12:29:50 (0 min overlap)
2026-02-27 11:52:37,396 - INFO - Processing a total of 1 stations, 1 at a time.
2026-02-27 11:52:41,376 - INFO - (1/1) AAL: Finished the prediction in 2.11s. (HP=1.0, LP=45.0)
2026-02-27 11:52:41,378 - INFO - 
2026-02-27 11:52:41,380 - INFO - ------- Parallel Station Waveform Processing Complete For 2025-01-22 12:28:50 to 2025-01-22 12:29:50 Timechunk-------
2026-02-27 11:52:41,383 - INFO - Picks saved at /home/blackwinter/projects/eqcct/eqcctpro/results/csv/bm_explosions/20250122T122850Z_20250122T122950ZProcess Runtime: 3.99 s
2026-02-27 11:52:41,387 - INFO - Successfully ran EQCCTPro, exiting...
2026-02-27 11:52:42,918 - INFO - Ray Successfully Shutdown.
2026-02-27 11:52:42,918 - INFO - ------- Successfully Picked All Waveform(s) from all Timechunk(s) -------
