2026-03-20 00:52:25,410 - INFO - 
2026-03-20 00:52:25,411 - INFO - ------- Welcome to EQCCTPro -------
2026-03-20 00:52:25,411 - INFO - 
2026-03-20 00:52:25,411 - INFO - Running EQCCT over Requested MSeed Files using CPU(s)...
2026-03-20 00:52:25,412 - INFO - GPU disabled (CPU-only).
2026-03-20 00:52:25,412 - INFO - Configured Intra-op threads = 1
2026-03-20 00:52:25,412 - INFO - Configured Inter-op threads = 1
2026-03-20 00:52:25,412 - INFO - TensorFlow: No GPUs visible; TF will proceed on CPU.
2026-03-20 00:52:25,412 - INFO - 
2026-03-20 00:52:30,823 - INFO - Ray Successfully Initialized with 4 CPU(s) ([0, 1, 2, 3] CPU Affinity Binding).
2026-03-20 00:52:30,823 - INFO - Analyzing 1 time chunk(s) from 2025-04-20 19:05:51 to 2025-04-20 19:06:51 (dt=1min, overlap=0min).
2026-03-20 00:52:30,823 - INFO - Using 1 selected station(s).
2026-03-20 00:52:30,824 - INFO - 
2026-03-20 00:52:30,824 - INFO - ------- Starting EQCCTPro... -------
2026-03-20 00:52:30,824 - INFO - Detailed subprocess information can be found in the log file.
2026-03-20 00:52:30,824 - INFO - 
2026-03-20 00:52:31,190 - INFO - GPU disabled (CPU-only).
2026-03-20 00:52:32,690 - INFO - Configured Intra-op threads = 1
2026-03-20 00:52:32,692 - INFO - Configured Inter-op threads = 1
2026-03-20 00:52:32,735 - INFO - TensorFlow: No GPUs visible; TF will proceed on CPU.
2026-03-20 00:52:32,738 - INFO - 
2026-03-20 00:52:32,739 - INFO - ------- Hardware Configuration -------
2026-03-20 00:52:32,741 - INFO - CPU affinity set to cores: [0, 1, 2, 3]
2026-03-20 00:52:32,743 - INFO - 
2026-03-20 00:52:32,745 - INFO - ------- Data Preprocessing for EQCCTPro -------
2026-03-20 00:52:32,746 - INFO - 1 station(s) in /home/blackwinter/projects/eqcct/eqcctpro/data/waveforms_earthquakes_nonoise/20250420T190551Z_20250420T190651Z
2026-03-20 00:52:32,748 - INFO - Using 1 selected station(s): ['RNF'].
2026-03-20 00:52:32,750 - INFO - Creating model actor(s)...
2026-03-20 00:52:32,752 - INFO - System RAM: Total=7870 MB, Available=2266 MB
2026-03-20 00:52:32,754 - INFO - Usable RAM budget: 7083 MB (90% of total)
2026-03-20 00:52:32,757 - INFO - ===== MEMORY-AWARE CPU ACTOR POOL (EQCCT) =====
2026-03-20 00:52:32,759 - INFO - Requested concurrent tasks: 1
2026-03-20 00:52:32,762 - INFO - Available CPUs: 4
2026-03-20 00:52:32,764 - INFO - Available RAM: 7083 MB
2026-03-20 00:52:32,766 - INFO - RAM per model: 2264 MB
2026-03-20 00:52:32,768 - INFO - Max actors by RAM: 3
2026-03-20 00:52:32,770 - INFO - Creating 1 ModelActor(s)
2026-03-20 00:52:32,772 - INFO - Let Ray handle scheduling (taskset already restricts CPU visibility)
2026-03-20 00:52:32,774 - INFO - Creating ModelActor 1/1 (2.21GB RAM each)...
2026-03-20 00:52:36,679 - INFO - ModelActor 1 created successfully.
2026-03-20 00:52:36,681 - INFO - Created 1 CPU actor(s). Task queue will handle concurrency.
2026-03-20 00:52:36,684 - INFO - Starting EQCCTPro parallelized waveform processing...
2026-03-20 00:52:36,686 - INFO - 
2026-03-20 00:52:36,688 - INFO - ------- Analyzing Seismic Waveforms for P and S Picks via EQCCT -------
2026-03-20 00:52:36,691 - INFO - Analyzing 0:01:00 minute timechunk from 2025-04-20 19:05:51 to 2025-04-20 19:06:51 (0 min overlap)
2026-03-20 00:52:36,693 - INFO - Processing a total of 1 stations, 1 at a time.
2026-03-20 00:52:40,715 - INFO - (1/1) RNF: Finished the prediction in 2.12s. (HP=1.0, LP=45.0)
2026-03-20 00:52:40,718 - INFO - 
2026-03-20 00:52:40,720 - INFO - ------- Parallel Station Waveform Processing Complete For 2025-04-20 19:05:51 to 2025-04-20 19:06:51 Timechunk-------
2026-03-20 00:52:40,722 - INFO - Picks saved at /home/blackwinter/projects/eqcct/eqcctpro/results/csv/eqcct_earthquakes_th0_1/20250420T190551Z_20250420T190651ZProcess Runtime: 4.03 s
2026-03-20 00:52:40,726 - INFO - Successfully ran EQCCTPro, exiting...
2026-03-20 00:52:42,227 - INFO - Ray Successfully Shutdown.
2026-03-20 00:52:42,228 - INFO - ------- Successfully Picked All Waveform(s) from all Timechunk(s) -------
