2026-03-29 17:04:17,186 - INFO - 
2026-03-29 17:04:17,186 - INFO - ------- Welcome to EQCCTPro -------
2026-03-29 17:04:17,186 - INFO - 
2026-03-29 17:04:17,187 - INFO - Running EQCCT over Requested MSeed Files using CPU(s)...
2026-03-29 17:04:17,188 - INFO - GPU disabled (CPU-only).
2026-03-29 17:04:17,188 - INFO - Configured Intra-op threads = 1
2026-03-29 17:04:17,188 - INFO - Configured Inter-op threads = 1
2026-03-29 17:04:17,188 - INFO - TensorFlow: No GPUs visible; TF will proceed on CPU.
2026-03-29 17:04:17,188 - INFO - 
2026-03-29 17:04:23,281 - INFO - Ray Successfully Initialized with 4 CPU(s) ([0, 1, 2, 3] CPU Affinity Binding).
2026-03-29 17:04:23,282 - INFO - Analyzing 1 time chunk(s) from 2025-01-11 01:21:43 to 2025-01-11 01:22:43 (dt=1min, overlap=0min).
2026-03-29 17:04:23,282 - INFO - Using 1 selected station(s).
2026-03-29 17:04:23,282 - INFO - 
2026-03-29 17:04:23,282 - INFO - ------- Starting EQCCTPro... -------
2026-03-29 17:04:23,282 - INFO - Detailed subprocess information can be found in the log file.
2026-03-29 17:04:23,282 - INFO - 
2026-03-29 17:04:23,664 - INFO - GPU disabled (CPU-only).
2026-03-29 17:04:25,252 - INFO - Configured Intra-op threads = 1
2026-03-29 17:04:25,255 - INFO - Configured Inter-op threads = 1
2026-03-29 17:04:25,303 - INFO - TensorFlow: No GPUs visible; TF will proceed on CPU.
2026-03-29 17:04:25,306 - INFO - 
2026-03-29 17:04:25,308 - INFO - ------- Hardware Configuration -------
2026-03-29 17:04:25,311 - INFO - CPU affinity set to cores: [0, 1, 2, 3]
2026-03-29 17:04:25,314 - INFO - 
2026-03-29 17:04:25,316 - INFO - ------- Data Preprocessing for EQCCTPro -------
2026-03-29 17:04:25,319 - INFO - 1 station(s) in /home/blackwinter/projects/eqcct/eqcctpro/data/waveforms_noise_only/20250111T012143Z_20250111T012243Z
2026-03-29 17:04:25,321 - INFO - Using 1 selected station(s): ['MSF'].
2026-03-29 17:04:25,324 - INFO - Creating model actor(s)...
2026-03-29 17:04:25,326 - INFO - System RAM: Total=7870 MB, Available=3952 MB
2026-03-29 17:04:25,329 - INFO - Usable RAM budget: 7083 MB (90% of total)
2026-03-29 17:04:25,332 - INFO - ===== MEMORY-AWARE CPU ACTOR POOL (EQCCT) =====
2026-03-29 17:04:25,334 - INFO - Requested concurrent tasks: 1
2026-03-29 17:04:25,337 - INFO - Available CPUs: 4
2026-03-29 17:04:25,339 - INFO - Available RAM: 7083 MB
2026-03-29 17:04:25,341 - INFO - RAM per model: 2264 MB
2026-03-29 17:04:25,344 - INFO - Max actors by RAM: 3
2026-03-29 17:04:25,346 - INFO - Creating 1 ModelActor(s)
2026-03-29 17:04:25,348 - INFO - Let Ray handle scheduling (taskset already restricts CPU visibility)
2026-03-29 17:04:25,350 - INFO - Creating ModelActor 1/1 (2.21GB RAM each)...
2026-03-29 17:04:29,787 - INFO - ModelActor 1 created successfully.
2026-03-29 17:04:29,789 - INFO - Created 1 CPU actor(s). Task queue will handle concurrency.
2026-03-29 17:04:29,791 - INFO - Starting EQCCTPro parallelized waveform processing...
2026-03-29 17:04:29,793 - INFO - 
2026-03-29 17:04:29,795 - INFO - ------- Analyzing Seismic Waveforms for P and S Picks via EQCCT -------
2026-03-29 17:04:29,797 - INFO - Analyzing 0:01:00 minute timechunk from 2025-01-11 01:21:43 to 2025-01-11 01:22:43 (0 min overlap)
2026-03-29 17:04:29,799 - INFO - Processing a total of 1 stations, 1 at a time.
2026-03-29 17:04:32,527 - INFO - (1/1) MSF: FAILED reading mSEED.
2026-03-29 17:04:32,529 - INFO - 
2026-03-29 17:04:32,532 - INFO - ------- Parallel Station Waveform Processing Complete For 2025-01-11 01:21:43 to 2025-01-11 01:22:43 Timechunk-------
2026-03-29 17:04:32,534 - INFO - Picks saved at /home/blackwinter/projects/eqcct/eqcctpro/results/csv/eqcct_noise_th0_1/20250111T012143Z_20250111T012243ZProcess Runtime: 2.74 s
2026-03-29 17:04:32,539 - INFO - Successfully ran EQCCTPro, exiting...
2026-03-29 17:04:34,309 - INFO - Ray Successfully Shutdown.
2026-03-29 17:04:34,310 - INFO - ------- Successfully Picked All Waveform(s) from all Timechunk(s) -------
