2026-02-26 23:34:25,106 - INFO - 
2026-02-26 23:34:25,106 - INFO - ------- Welcome to EQCCTPro -------
2026-02-26 23:34:25,106 - INFO - 
2026-02-26 23:34:25,107 - INFO - Running EQCCT over Requested MSeed Files using CPU(s)...
2026-02-26 23:34:25,107 - INFO - GPU disabled (CPU-only).
2026-02-26 23:34:25,107 - INFO - Configured Intra-op threads = 1
2026-02-26 23:34:25,107 - INFO - Configured Inter-op threads = 1
2026-02-26 23:34:25,107 - INFO - TensorFlow: No GPUs visible; TF will proceed on CPU.
2026-02-26 23:34:25,108 - INFO - 
2026-02-26 23:34:30,724 - INFO - Ray Successfully Initialized with 4 CPU(s) ([0, 1, 2, 3] CPU Affinity Binding).
2026-02-26 23:34:30,724 - INFO - Analyzing 1 time chunk(s) from 2025-01-10 06:26:24 to 2025-01-10 06:27:24 (dt=1min, overlap=0min).
2026-02-26 23:34:30,724 - INFO - Using 1 selected station(s).
2026-02-26 23:34:30,725 - INFO - 
2026-02-26 23:34:30,725 - INFO - ------- Starting EQCCTPro... -------
2026-02-26 23:34:30,725 - INFO - Detailed subprocess information can be found in the log file.
2026-02-26 23:34:30,725 - INFO - 
2026-02-26 23:34:31,116 - INFO - GPU disabled (CPU-only).
2026-02-26 23:34:32,614 - INFO - Configured Intra-op threads = 1
2026-02-26 23:34:32,617 - INFO - Configured Inter-op threads = 1
2026-02-26 23:34:32,658 - INFO - TensorFlow: No GPUs visible; TF will proceed on CPU.
2026-02-26 23:34:32,661 - INFO - 
2026-02-26 23:34:32,663 - INFO - ------- Hardware Configuration -------
2026-02-26 23:34:32,665 - INFO - CPU affinity set to cores: [0, 1, 2, 3]
2026-02-26 23:34:32,667 - INFO - 
2026-02-26 23:34:32,669 - INFO - ------- Data Preprocessing for EQCCTPro -------
2026-02-26 23:34:32,672 - INFO - 1 station(s) in /home/blackwinter/projects/eqcct/eqcctpro/data/waveforms_explosions_nonoise/20250110T062624Z_20250110T062724Z
2026-02-26 23:34:32,674 - INFO - Using 1 selected station(s): ['VRF'].
2026-02-26 23:34:32,675 - INFO - Creating model actor(s)...
2026-02-26 23:34:32,678 - INFO - System RAM: Total=7870 MB, Available=3562 MB
2026-02-26 23:34:32,679 - INFO - Usable RAM budget: 7083 MB (90% of total)
2026-02-26 23:34:32,681 - INFO - ===== MEMORY-AWARE CPU ACTOR POOL (EQCCT) =====
2026-02-26 23:34:32,683 - INFO - Requested concurrent tasks: 1
2026-02-26 23:34:32,685 - INFO - Available CPUs: 4
2026-02-26 23:34:32,687 - INFO - Available RAM: 7083 MB
2026-02-26 23:34:32,689 - INFO - RAM per model: 2264 MB
2026-02-26 23:34:32,691 - INFO - Max actors by RAM: 3
2026-02-26 23:34:32,692 - INFO - Creating 1 ModelActor(s)
2026-02-26 23:34:32,694 - INFO - Let Ray handle scheduling (taskset already restricts CPU visibility)
2026-02-26 23:34:32,696 - INFO - Creating ModelActor 1/1 (2.21GB RAM each)...
2026-02-26 23:34:36,629 - INFO - ModelActor 1 created successfully.
2026-02-26 23:34:36,631 - INFO - Created 1 CPU actor(s). Task queue will handle concurrency.
2026-02-26 23:34:36,633 - INFO - Starting EQCCTPro parallelized waveform processing...
2026-02-26 23:34:36,635 - INFO - 
2026-02-26 23:34:36,637 - INFO - ------- Analyzing Seismic Waveforms for P and S Picks via EQCCT -------
2026-02-26 23:34:36,639 - INFO - Analyzing 0:01:00 minute timechunk from 2025-01-10 06:26:24 to 2025-01-10 06:27:24 (0 min overlap)
2026-02-26 23:34:36,640 - INFO - Processing a total of 1 stations, 1 at a time.
2026-02-26 23:34:40,643 - INFO - (1/1) VRF: Finished the prediction in 2.12s. (HP=1.0, LP=45.0)
2026-02-26 23:34:40,645 - INFO - 
2026-02-26 23:34:40,647 - INFO - ------- Parallel Station Waveform Processing Complete For 2025-01-10 06:26:24 to 2025-01-10 06:27:24 Timechunk-------
2026-02-26 23:34:40,649 - INFO - Picks saved at /home/blackwinter/projects/eqcct/eqcctpro/results/csv/bm_explosions/20250110T062624Z_20250110T062724ZProcess Runtime: 4.01 s
2026-02-26 23:34:40,653 - INFO - Successfully ran EQCCTPro, exiting...
2026-02-26 23:34:42,319 - INFO - Ray Successfully Shutdown.
2026-02-26 23:34:42,319 - INFO - ------- Successfully Picked All Waveform(s) from all Timechunk(s) -------
2026-02-27 06:56:06,733 - INFO - 
2026-02-27 06:56:06,734 - INFO - ------- Welcome to EQCCTPro -------
2026-02-27 06:56:06,734 - INFO - 
2026-02-27 06:56:06,734 - INFO - Running EQCCT over Requested MSeed Files using CPU(s)...
2026-02-27 06:56:06,734 - INFO - GPU disabled (CPU-only).
2026-02-27 06:56:06,735 - INFO - Configured Intra-op threads = 1
2026-02-27 06:56:06,735 - INFO - Configured Inter-op threads = 1
2026-02-27 06:56:06,735 - INFO - TensorFlow: No GPUs visible; TF will proceed on CPU.
2026-02-27 06:56:06,735 - INFO - 
2026-02-27 06:56:12,937 - INFO - Ray Successfully Initialized with 4 CPU(s) ([0, 1, 2, 3] CPU Affinity Binding).
2026-02-27 06:56:12,937 - INFO - Analyzing 1 time chunk(s) from 2025-01-10 06:26:24 to 2025-01-10 06:27:24 (dt=1min, overlap=0min).
2026-02-27 06:56:12,937 - INFO - Using 1 selected station(s).
2026-02-27 06:56:12,937 - INFO - 
2026-02-27 06:56:12,937 - INFO - ------- Starting EQCCTPro... -------
2026-02-27 06:56:12,937 - INFO - Detailed subprocess information can be found in the log file.
2026-02-27 06:56:12,938 - INFO - 
2026-02-27 06:56:13,347 - INFO - GPU disabled (CPU-only).
2026-02-27 06:56:14,900 - INFO - Configured Intra-op threads = 1
2026-02-27 06:56:14,902 - INFO - Configured Inter-op threads = 1
2026-02-27 06:56:14,945 - INFO - TensorFlow: No GPUs visible; TF will proceed on CPU.
2026-02-27 06:56:14,947 - INFO - 
2026-02-27 06:56:14,949 - INFO - ------- Hardware Configuration -------
2026-02-27 06:56:14,952 - INFO - CPU affinity set to cores: [0, 1, 2, 3]
2026-02-27 06:56:14,954 - INFO - 
2026-02-27 06:56:14,956 - INFO - ------- Data Preprocessing for EQCCTPro -------
2026-02-27 06:56:14,957 - INFO - 1 station(s) in /home/blackwinter/projects/eqcct/eqcctpro/data/waveforms_explosions_nonoise/20250110T062624Z_20250110T062724Z
2026-02-27 06:56:14,959 - INFO - Using 1 selected station(s): ['VRF'].
2026-02-27 06:56:14,961 - INFO - Creating model actor(s)...
2026-02-27 06:56:14,963 - INFO - System RAM: Total=7870 MB, Available=3567 MB
2026-02-27 06:56:14,964 - INFO - Usable RAM budget: 7083 MB (90% of total)
2026-02-27 06:56:14,966 - INFO - ===== MEMORY-AWARE CPU ACTOR POOL (EQCCT) =====
2026-02-27 06:56:14,969 - INFO - Requested concurrent tasks: 1
2026-02-27 06:56:14,971 - INFO - Available CPUs: 4
2026-02-27 06:56:14,973 - INFO - Available RAM: 7083 MB
2026-02-27 06:56:14,975 - INFO - RAM per model: 2264 MB
2026-02-27 06:56:14,977 - INFO - Max actors by RAM: 3
2026-02-27 06:56:14,979 - INFO - Creating 1 ModelActor(s)
2026-02-27 06:56:14,981 - INFO - Let Ray handle scheduling (taskset already restricts CPU visibility)
2026-02-27 06:56:14,983 - INFO - Creating ModelActor 1/1 (2.21GB RAM each)...
2026-02-27 06:56:18,873 - INFO - ModelActor 1 created successfully.
2026-02-27 06:56:18,876 - INFO - Created 1 CPU actor(s). Task queue will handle concurrency.
2026-02-27 06:56:18,878 - INFO - Starting EQCCTPro parallelized waveform processing...
2026-02-27 06:56:18,880 - INFO - 
2026-02-27 06:56:18,882 - INFO - ------- Analyzing Seismic Waveforms for P and S Picks via EQCCT -------
2026-02-27 06:56:18,884 - INFO - Analyzing 0:01:00 minute timechunk from 2025-01-10 06:26:24 to 2025-01-10 06:27:24 (0 min overlap)
2026-02-27 06:56:18,886 - INFO - Processing a total of 1 stations, 1 at a time.
2026-02-27 06:56:20,771 - INFO - (1/1) VRF: Skipped (already exists - overwrite=False).
2026-02-27 06:56:20,773 - INFO - 
2026-02-27 06:56:20,776 - INFO - ------- Parallel Station Waveform Processing Complete For 2025-01-10 06:26:24 to 2025-01-10 06:27:24 Timechunk-------
2026-02-27 06:56:20,778 - INFO - Picks saved at /home/blackwinter/projects/eqcct/eqcctpro/results/csv/bm_explosions/20250110T062624Z_20250110T062724ZProcess Runtime: 1.90 s
2026-02-27 06:56:20,783 - INFO - Successfully ran EQCCTPro, exiting...
2026-02-27 06:56:22,407 - INFO - Ray Successfully Shutdown.
2026-02-27 06:56:22,407 - INFO - ------- Successfully Picked All Waveform(s) from all Timechunk(s) -------
