2026-03-28 13:04:25,617 - INFO - 
2026-03-28 13:04:25,617 - INFO - ------- Welcome to EQCCTPro -------
2026-03-28 13:04:25,617 - INFO - 
2026-03-28 13:04:25,618 - INFO - Running EQCCT over Requested MSeed Files using CPU(s)...
2026-03-28 13:04:25,618 - INFO - GPU disabled (CPU-only).
2026-03-28 13:04:25,618 - INFO - Skipping framework-specific initialization in the driver process.
2026-03-28 13:04:27,288 - INFO - Ray Successfully Initialized with 4 CPU(s) ([0, 1, 2, 3] CPU Affinity Binding).
2026-03-28 13:04:27,289 - INFO - Analyzing 1 time chunk(s) from 2025-01-11 10:24:12 to 2025-01-11 10:25:12 (dt=1min, overlap=0min).
2026-03-28 13:04:27,289 - INFO - Using 1 selected station(s).
2026-03-28 13:04:27,289 - INFO - 
2026-03-28 13:04:27,290 - INFO - ------- Starting EQCCTPro... -------
2026-03-28 13:04:27,290 - INFO - Detailed subprocess information can be found in the log file.
2026-03-28 13:04:27,290 - INFO - 
2026-03-28 13:04:27,647 - INFO - GPU disabled (CPU-only).
2026-03-28 13:04:27,652 - INFO - Skipping framework-specific initialization in the driver process.
2026-03-28 13:04:27,656 - INFO - ------- Hardware Configuration -------
2026-03-28 13:04:27,659 - INFO - CPU affinity set to cores: [0, 1, 2, 3]
2026-03-28 13:04:27,662 - INFO - 
2026-03-28 13:04:27,665 - INFO - ------- Data Preprocessing for EQCCTPro -------
2026-03-28 13:04:27,667 - INFO - 1 station(s) in /home/blackwinter/projects/eqcct/eqcctpro/data/waveforms_noise_only/20250111T102412Z_20250111T102512Z
2026-03-28 13:04:27,670 - INFO - Using 1 selected station(s): ['LAUT'].
2026-03-28 13:04:27,673 - INFO - Creating model actor(s)...
2026-03-28 13:04:27,676 - INFO - System RAM: Total=7870 MB, Available=4403 MB
2026-03-28 13:04:27,679 - INFO - Usable RAM budget: 7083 MB (90% of total)
2026-03-28 13:04:27,681 - INFO - ===== MEMORY-AWARE CPU ACTOR POOL =====
2026-03-28 13:04:27,684 - INFO - Requested concurrent tasks: 1
2026-03-28 13:04:27,686 - INFO - Available CPUs: 4
2026-03-28 13:04:27,690 - INFO - Available RAM: 7083 MB
2026-03-28 13:04:27,693 - INFO - RAM per model: 2060 MB
2026-03-28 13:04:27,695 - INFO - Max actors by RAM: 3
2026-03-28 13:04:27,698 - INFO - Creating 1 SeisBenchModelActor(s)
2026-03-28 13:04:27,701 - INFO - Let Ray handle scheduling (taskset already restricts CPU visibility)
2026-03-28 13:04:27,704 - INFO - Creating SeisBenchModelActor 1/1 (2.01GB RAM each)...
2026-03-28 13:04:30,773 - INFO - SeisBenchModelActor 1 created successfully.
2026-03-28 13:04:30,776 - INFO - Created 1 CPU actor(s). Task queue will handle concurrency.
2026-03-28 13:04:30,781 - INFO - Starting EQCCTPro parallelized waveform processing...
2026-03-28 13:04:30,785 - INFO - 
2026-03-28 13:04:30,788 - INFO - ------- Analyzing Seismic Waveforms for P and S Picks via SeisBench (EQTransformer - original_nonconservative) -------
2026-03-28 13:04:30,791 - INFO - Analyzing 0:01:00 minute timechunk from 2025-01-11 10:24:12 to 2025-01-11 10:25:12 (0 min overlap)
2026-03-28 13:04:30,794 - INFO - Processing a total of 1 stations, 1 at a time.
2026-03-28 13:04:33,194 - INFO - (1/1) LAUT: Finished the prediction in 0.17s. (HP=1.0, LP=45.0, picks=0)
2026-03-28 13:04:33,198 - INFO - 
2026-03-28 13:04:33,202 - INFO - ------- Parallel Station Waveform Processing Complete For 2025-01-11 10:24:12 to 2025-01-11 10:25:12 Timechunk-------
2026-03-28 13:04:33,206 - INFO - Picks saved at /home/blackwinter/projects/eqcct/eqcctpro/results/csv/eqt_noise_th0_1/20250111T102412Z_20250111T102512ZProcess Runtime: 2.42 s
2026-03-28 13:04:33,212 - INFO - Successfully ran EQCCTPro, exiting...
2026-03-28 13:04:35,142 - INFO - Ray Successfully Shutdown.
2026-03-28 13:04:35,143 - INFO - ------- Successfully Picked All Waveform(s) from all Timechunk(s) -------
