2026-03-28 21:37:58,434 - INFO - 
2026-03-28 21:37:58,435 - INFO - ------- Welcome to EQCCTPro -------
2026-03-28 21:37:58,435 - INFO - 
2026-03-28 21:37:58,435 - INFO - Running EQCCT over Requested MSeed Files using CPU(s)...
2026-03-28 21:37:58,436 - INFO - GPU disabled (CPU-only).
2026-03-29 01:06:10,099 - INFO - 
2026-03-29 01:06:10,099 - INFO - ------- Welcome to EQCCTPro -------
2026-03-29 01:06:10,100 - INFO - 
2026-03-29 01:06:10,100 - INFO - Running EQCCT over Requested MSeed Files using CPU(s)...
2026-03-29 01:06:10,100 - INFO - GPU disabled (CPU-only).
2026-03-29 01:06:10,101 - INFO - Configured Intra-op threads = 1
2026-03-29 01:06:10,101 - INFO - Configured Inter-op threads = 1
2026-03-29 01:06:10,101 - INFO - TensorFlow: No GPUs visible; TF will proceed on CPU.
2026-03-29 01:06:10,101 - INFO - 
2026-03-29 01:06:15,227 - INFO - Ray Successfully Initialized with 4 CPU(s) ([0, 1, 2, 3] CPU Affinity Binding).
2026-03-29 01:06:15,228 - INFO - Analyzing 1 time chunk(s) from 2025-01-13 08:03:19 to 2025-01-13 08:04:19 (dt=1min, overlap=0min).
2026-03-29 01:06:15,228 - INFO - Using 2 selected station(s).
2026-03-29 01:06:15,229 - INFO - 
2026-03-29 01:06:15,229 - INFO - ------- Starting EQCCTPro... -------
2026-03-29 01:06:15,229 - INFO - Detailed subprocess information can be found in the log file.
2026-03-29 01:06:15,229 - INFO - 
2026-03-29 01:06:15,673 - INFO - GPU disabled (CPU-only).
2026-03-29 01:06:17,364 - INFO - Configured Intra-op threads = 1
2026-03-29 01:06:17,367 - INFO - Configured Inter-op threads = 1
2026-03-29 01:06:17,416 - INFO - TensorFlow: No GPUs visible; TF will proceed on CPU.
2026-03-29 01:06:17,418 - INFO - 
2026-03-29 01:06:17,421 - INFO - ------- Hardware Configuration -------
2026-03-29 01:06:17,424 - INFO - CPU affinity set to cores: [0, 1, 2, 3]
2026-03-29 01:06:17,427 - INFO - 
2026-03-29 01:06:17,430 - INFO - ------- Data Preprocessing for EQCCTPro -------
2026-03-29 01:06:17,432 - INFO - 2 station(s) in /home/blackwinter/projects/eqcct/eqcctpro/data/waveforms_explosions_nonoise/20250113T080319Z_20250113T080419Z
2026-03-29 01:06:17,434 - INFO - Using 2 selected station(s): ['FIA0', 'TOF'].
2026-03-29 01:06:17,437 - INFO - Creating model actor(s)...
2026-03-29 01:06:17,439 - INFO - System RAM: Total=7870 MB, Available=3448 MB
2026-03-29 01:06:17,442 - INFO - Usable RAM budget: 7083 MB (90% of total)
2026-03-29 01:06:17,444 - INFO - ===== MEMORY-AWARE CPU ACTOR POOL (EQCCT) =====
2026-03-29 01:06:17,446 - INFO - Requested concurrent tasks: 1
2026-03-29 01:06:17,447 - INFO - Available CPUs: 4
2026-03-29 01:06:17,450 - INFO - Available RAM: 7083 MB
2026-03-29 01:06:17,452 - INFO - RAM per model: 2264 MB
2026-03-29 01:06:17,454 - INFO - Max actors by RAM: 3
2026-03-29 01:06:17,456 - INFO - Creating 1 ModelActor(s)
2026-03-29 01:06:17,458 - INFO - Let Ray handle scheduling (taskset already restricts CPU visibility)
2026-03-29 01:06:17,461 - INFO - Creating ModelActor 1/1 (2.21GB RAM each)...
2026-03-29 01:06:21,891 - INFO - ModelActor 1 created successfully.
2026-03-29 01:06:21,893 - INFO - Created 1 CPU actor(s). Task queue will handle concurrency.
2026-03-29 01:06:21,896 - INFO - Starting EQCCTPro parallelized waveform processing...
2026-03-29 01:06:21,899 - INFO - 
2026-03-29 01:06:21,902 - INFO - ------- Analyzing Seismic Waveforms for P and S Picks via EQCCT -------
2026-03-29 01:06:21,905 - INFO - Analyzing 0:01:00 minute timechunk from 2025-01-13 08:03:19 to 2025-01-13 08:04:19 (0 min overlap)
2026-03-29 01:06:21,908 - INFO - Processing a total of 2 stations, 1 at a time.
2026-03-29 01:06:26,459 - INFO - (1/2) FIA0: Finished the prediction in 2.52s. (HP=1.0, LP=45.0)
2026-03-29 01:06:26,586 - INFO - (2/2) TOF: Finished the prediction in 0.11s. (HP=1.0, LP=45.0)
2026-03-29 01:06:26,589 - INFO - 
2026-03-29 01:06:26,591 - INFO - ------- Parallel Station Waveform Processing Complete For 2025-01-13 08:03:19 to 2025-01-13 08:04:19 Timechunk-------
2026-03-29 01:06:26,594 - INFO - Picks saved at /home/blackwinter/projects/eqcct/eqcctpro/results/csv/eqcct_explosions_th0_1/20250113T080319Z_20250113T080419ZProcess Runtime: 4.69 s
2026-03-29 01:06:26,601 - INFO - Successfully ran EQCCTPro, exiting...
2026-03-29 01:06:28,124 - INFO - Ray Successfully Shutdown.
2026-03-29 01:06:28,124 - INFO - ------- Successfully Picked All Waveform(s) from all Timechunk(s) -------
