2026-03-28 21:38:01,556 - INFO - 
2026-03-28 21:38:01,556 - INFO - ------- Welcome to EQCCTPro -------
2026-03-28 21:38:01,556 - INFO - 
2026-03-28 21:38:01,557 - INFO - Running EQCCT over Requested MSeed Files using CPU(s)...
2026-03-28 21:38:01,557 - INFO - GPU disabled (CPU-only).
2026-03-29 07:36:58,948 - INFO - 
2026-03-29 07:36:58,949 - INFO - ------- Welcome to EQCCTPro -------
2026-03-29 07:36:58,949 - INFO - 
2026-03-29 07:36:58,950 - INFO - Running EQCCT over Requested MSeed Files using CPU(s)...
2026-03-29 07:36:58,950 - INFO - GPU disabled (CPU-only).
2026-03-29 07:36:58,950 - INFO - Configured Intra-op threads = 1
2026-03-29 07:36:58,950 - INFO - Configured Inter-op threads = 1
2026-03-29 07:36:58,950 - INFO - TensorFlow: No GPUs visible; TF will proceed on CPU.
2026-03-29 07:36:58,950 - INFO - 
2026-03-29 07:37:04,116 - INFO - Ray Successfully Initialized with 4 CPU(s) ([0, 1, 2, 3] CPU Affinity Binding).
2026-03-29 07:37:04,116 - INFO - Analyzing 1 time chunk(s) from 2025-01-23 12:08:22 to 2025-01-23 12:09:22 (dt=1min, overlap=0min).
2026-03-29 07:37:04,117 - INFO - Using 1 selected station(s).
2026-03-29 07:37:04,117 - INFO - 
2026-03-29 07:37:04,117 - INFO - ------- Starting EQCCTPro... -------
2026-03-29 07:37:04,117 - INFO - Detailed subprocess information can be found in the log file.
2026-03-29 07:37:04,117 - INFO - 
2026-03-29 07:37:04,545 - INFO - GPU disabled (CPU-only).
2026-03-29 07:37:06,166 - INFO - Configured Intra-op threads = 1
2026-03-29 07:37:06,169 - INFO - Configured Inter-op threads = 1
2026-03-29 07:37:06,216 - INFO - TensorFlow: No GPUs visible; TF will proceed on CPU.
2026-03-29 07:37:06,218 - INFO - 
2026-03-29 07:37:06,221 - INFO - ------- Hardware Configuration -------
2026-03-29 07:37:06,224 - INFO - CPU affinity set to cores: [0, 1, 2, 3]
2026-03-29 07:37:06,227 - INFO - 
2026-03-29 07:37:06,229 - INFO - ------- Data Preprocessing for EQCCTPro -------
2026-03-29 07:37:06,232 - INFO - 1 station(s) in /home/blackwinter/projects/eqcct/eqcctpro/data/waveforms_explosions_nonoise/20250123T120822Z_20250123T120922Z
2026-03-29 07:37:06,234 - INFO - Using 1 selected station(s): ['KU6'].
2026-03-29 07:37:06,236 - INFO - Creating model actor(s)...
2026-03-29 07:37:06,239 - INFO - System RAM: Total=7870 MB, Available=2918 MB
2026-03-29 07:37:06,240 - INFO - Usable RAM budget: 7083 MB (90% of total)
2026-03-29 07:37:06,242 - INFO - ===== MEMORY-AWARE CPU ACTOR POOL (EQCCT) =====
2026-03-29 07:37:06,244 - INFO - Requested concurrent tasks: 1
2026-03-29 07:37:06,246 - INFO - Available CPUs: 4
2026-03-29 07:37:06,248 - INFO - Available RAM: 7083 MB
2026-03-29 07:37:06,251 - INFO - RAM per model: 2264 MB
2026-03-29 07:37:06,254 - INFO - Max actors by RAM: 3
2026-03-29 07:37:06,257 - INFO - Creating 1 ModelActor(s)
2026-03-29 07:37:06,260 - INFO - Let Ray handle scheduling (taskset already restricts CPU visibility)
2026-03-29 07:37:06,263 - INFO - Creating ModelActor 1/1 (2.21GB RAM each)...
2026-03-29 07:37:10,658 - INFO - ModelActor 1 created successfully.
2026-03-29 07:37:10,660 - INFO - Created 1 CPU actor(s). Task queue will handle concurrency.
2026-03-29 07:37:10,663 - INFO - Starting EQCCTPro parallelized waveform processing...
2026-03-29 07:37:10,666 - INFO - 
2026-03-29 07:37:10,669 - INFO - ------- Analyzing Seismic Waveforms for P and S Picks via EQCCT -------
2026-03-29 07:37:10,672 - INFO - Analyzing 0:01:00 minute timechunk from 2025-01-23 12:08:22 to 2025-01-23 12:09:22 (0 min overlap)
2026-03-29 07:37:10,675 - INFO - Processing a total of 1 stations, 1 at a time.
2026-03-29 07:37:15,143 - INFO - (1/1) KU6: Finished the prediction in 2.41s. (HP=1.0, LP=45.0)
2026-03-29 07:37:15,145 - INFO - 
2026-03-29 07:37:15,149 - INFO - ------- Parallel Station Waveform Processing Complete For 2025-01-23 12:08:22 to 2025-01-23 12:09:22 Timechunk-------
2026-03-29 07:37:15,153 - INFO - Picks saved at /home/blackwinter/projects/eqcct/eqcctpro/results/csv/eqcct_explosions_th0_1/20250123T120822Z_20250123T120922ZProcess Runtime: 4.48 s
2026-03-29 07:37:15,160 - INFO - Successfully ran EQCCTPro, exiting...
2026-03-29 07:37:17,084 - INFO - Ray Successfully Shutdown.
2026-03-29 07:37:17,085 - INFO - ------- Successfully Picked All Waveform(s) from all Timechunk(s) -------
