2026-03-28 21:05:15,857 - INFO - 
2026-03-28 21:05:15,858 - INFO - ------- Welcome to EQCCTPro -------
2026-03-28 21:05:15,858 - INFO - 
2026-03-28 21:05:15,859 - INFO - Running EQCCT over Requested MSeed Files using CPU(s)...
2026-03-28 21:05:15,859 - INFO - GPU disabled (CPU-only).
2026-03-28 21:05:15,859 - INFO - Skipping framework-specific initialization in the driver process.
2026-03-28 21:05:18,504 - INFO - Ray Successfully Initialized with 4 CPU(s) ([0, 1, 2, 3] CPU Affinity Binding).
2026-03-28 21:05:18,505 - INFO - Analyzing 1 time chunk(s) from 2025-01-24 11:41:18 to 2025-01-24 11:42:18 (dt=1min, overlap=0min).
2026-03-28 21:05:18,505 - INFO - Using 1 selected station(s).
2026-03-28 21:05:18,505 - INFO - 
2026-03-28 21:05:18,505 - INFO - ------- Starting EQCCTPro... -------
2026-03-28 21:05:18,505 - INFO - Detailed subprocess information can be found in the log file.
2026-03-28 21:05:18,505 - INFO - 
2026-03-28 21:05:18,849 - INFO - GPU disabled (CPU-only).
2026-03-28 21:05:18,854 - INFO - Skipping framework-specific initialization in the driver process.
2026-03-28 21:05:18,857 - INFO - ------- Hardware Configuration -------
2026-03-28 21:05:18,860 - INFO - CPU affinity set to cores: [0, 1, 2, 3]
2026-03-28 21:05:18,863 - INFO - 
2026-03-28 21:05:18,866 - INFO - ------- Data Preprocessing for EQCCTPro -------
2026-03-28 21:05:18,869 - INFO - 1 station(s) in /home/blackwinter/projects/eqcct/eqcctpro/data/waveforms_explosions_nonoise/20250124T114118Z_20250124T114218Z
2026-03-28 21:05:18,873 - INFO - Using 1 selected station(s): ['PVF'].
2026-03-28 21:05:18,875 - INFO - Creating model actor(s)...
2026-03-28 21:05:18,878 - INFO - System RAM: Total=7870 MB, Available=4107 MB
2026-03-28 21:05:18,881 - INFO - Usable RAM budget: 7083 MB (90% of total)
2026-03-28 21:05:18,884 - INFO - ===== MEMORY-AWARE CPU ACTOR POOL =====
2026-03-28 21:05:18,887 - INFO - Requested concurrent tasks: 1
2026-03-28 21:05:18,891 - INFO - Available CPUs: 4
2026-03-28 21:05:18,895 - INFO - Available RAM: 7083 MB
2026-03-28 21:05:18,898 - INFO - RAM per model: 2060 MB
2026-03-28 21:05:18,901 - INFO - Max actors by RAM: 3
2026-03-28 21:05:18,904 - INFO - Creating 1 SeisBenchModelActor(s)
2026-03-28 21:05:18,907 - INFO - Let Ray handle scheduling (taskset already restricts CPU visibility)
2026-03-28 21:05:18,910 - INFO - Creating SeisBenchModelActor 1/1 (2.01GB RAM each)...
2026-03-28 21:05:21,807 - INFO - SeisBenchModelActor 1 created successfully.
2026-03-28 21:05:21,810 - INFO - Created 1 CPU actor(s). Task queue will handle concurrency.
2026-03-28 21:05:21,813 - INFO - Starting EQCCTPro parallelized waveform processing...
2026-03-28 21:05:21,815 - INFO - 
2026-03-28 21:05:21,819 - INFO - ------- Analyzing Seismic Waveforms for P and S Picks via SeisBench (EQTransformer - original_nonconservative) -------
2026-03-28 21:05:21,822 - INFO - Analyzing 0:01:00 minute timechunk from 2025-01-24 11:41:18 to 2025-01-24 11:42:18 (0 min overlap)
2026-03-28 21:05:21,825 - INFO - Processing a total of 1 stations, 1 at a time.
2026-03-28 21:05:24,177 - INFO - (1/1) PVF: Finished the prediction in 0.15s. (HP=1.0, LP=45.0, picks=2)
2026-03-28 21:05:24,179 - INFO - 
2026-03-28 21:05:24,183 - INFO - ------- Parallel Station Waveform Processing Complete For 2025-01-24 11:41:18 to 2025-01-24 11:42:18 Timechunk-------
2026-03-28 21:05:24,186 - INFO - Picks saved at /home/blackwinter/projects/eqcct/eqcctpro/results/csv/eqt_explosions_th0_1/20250124T114118Z_20250124T114218ZProcess Runtime: 2.37 s
2026-03-28 21:05:24,201 - INFO - Successfully ran EQCCTPro, exiting...
2026-03-28 21:05:25,979 - INFO - Ray Successfully Shutdown.
2026-03-28 21:05:25,979 - INFO - ------- Successfully Picked All Waveform(s) from all Timechunk(s) -------
