2026-03-28 17:27:22,296 - INFO - 
2026-03-28 17:27:22,296 - INFO - ------- Welcome to EQCCTPro -------
2026-03-28 17:27:22,296 - INFO - 
2026-03-28 17:27:22,297 - INFO - Running EQCCT over Requested MSeed Files using CPU(s)...
2026-03-28 17:27:22,298 - INFO - GPU disabled (CPU-only).
2026-03-28 17:27:22,298 - INFO - Skipping framework-specific initialization in the driver process.
2026-03-28 17:27:24,940 - INFO - Ray Successfully Initialized with 4 CPU(s) ([0, 1, 2, 3] CPU Affinity Binding).
2026-03-28 17:27:24,941 - INFO - Analyzing 1 time chunk(s) from 2025-01-12 00:50:14 to 2025-01-12 00:51:14 (dt=1min, overlap=0min).
2026-03-28 17:27:24,941 - INFO - Using 1 selected station(s).
2026-03-28 17:27:24,941 - INFO - 
2026-03-28 17:27:24,941 - INFO - ------- Starting EQCCTPro... -------
2026-03-28 17:27:24,942 - INFO - Detailed subprocess information can be found in the log file.
2026-03-28 17:27:24,942 - INFO - 
2026-03-28 17:27:25,255 - INFO - GPU disabled (CPU-only).
2026-03-28 17:27:25,261 - INFO - Skipping framework-specific initialization in the driver process.
2026-03-28 17:27:25,265 - INFO - ------- Hardware Configuration -------
2026-03-28 17:27:25,268 - INFO - CPU affinity set to cores: [0, 1, 2, 3]
2026-03-28 17:27:25,271 - INFO - 
2026-03-28 17:27:25,275 - INFO - ------- Data Preprocessing for EQCCTPro -------
2026-03-28 17:27:25,278 - INFO - 1 station(s) in /home/blackwinter/projects/eqcct/eqcctpro/data/waveforms_explosions_nonoise/20250112T005014Z_20250112T005114Z
2026-03-28 17:27:25,281 - INFO - Using 1 selected station(s): ['OBF8'].
2026-03-28 17:27:25,284 - INFO - Creating model actor(s)...
2026-03-28 17:27:25,287 - INFO - System RAM: Total=7870 MB, Available=4262 MB
2026-03-28 17:27:25,290 - INFO - Usable RAM budget: 7083 MB (90% of total)
2026-03-28 17:27:25,293 - INFO - ===== MEMORY-AWARE CPU ACTOR POOL =====
2026-03-28 17:27:25,296 - INFO - Requested concurrent tasks: 1
2026-03-28 17:27:25,299 - INFO - Available CPUs: 4
2026-03-28 17:27:25,302 - INFO - Available RAM: 7083 MB
2026-03-28 17:27:25,305 - INFO - RAM per model: 2060 MB
2026-03-28 17:27:25,308 - INFO - Max actors by RAM: 3
2026-03-28 17:27:25,311 - INFO - Creating 1 SeisBenchModelActor(s)
2026-03-28 17:27:25,313 - INFO - Let Ray handle scheduling (taskset already restricts CPU visibility)
2026-03-28 17:27:25,316 - INFO - Creating SeisBenchModelActor 1/1 (2.01GB RAM each)...
2026-03-28 17:27:28,766 - INFO - SeisBenchModelActor 1 created successfully.
2026-03-28 17:27:28,769 - INFO - Created 1 CPU actor(s). Task queue will handle concurrency.
2026-03-28 17:27:28,771 - INFO - Starting EQCCTPro parallelized waveform processing...
2026-03-28 17:27:28,774 - INFO - 
2026-03-28 17:27:28,777 - INFO - ------- Analyzing Seismic Waveforms for P and S Picks via SeisBench (EQTransformer - original_nonconservative) -------
2026-03-28 17:27:28,780 - INFO - Analyzing 0:01:00 minute timechunk from 2025-01-12 00:50:14 to 2025-01-12 00:51:14 (0 min overlap)
2026-03-28 17:27:28,783 - INFO - Processing a total of 1 stations, 1 at a time.
2026-03-28 17:27:31,353 - INFO - (1/1) OBF8: Finished the prediction in 0.14s. (HP=1.0, LP=45.0, picks=0)
2026-03-28 17:27:31,356 - INFO - 
2026-03-28 17:27:31,359 - INFO - ------- Parallel Station Waveform Processing Complete For 2025-01-12 00:50:14 to 2025-01-12 00:51:14 Timechunk-------
2026-03-28 17:27:31,362 - INFO - Picks saved at /home/blackwinter/projects/eqcct/eqcctpro/results/csv/eqt_explosions_th0_1/20250112T005014Z_20250112T005114ZProcess Runtime: 2.58 s
2026-03-28 17:27:31,366 - INFO - Successfully ran EQCCTPro, exiting...
2026-03-28 17:27:32,809 - INFO - Ray Successfully Shutdown.
2026-03-28 17:27:32,809 - INFO - ------- Successfully Picked All Waveform(s) from all Timechunk(s) -------
