2026-03-28 20:48:05,749 - INFO - 
2026-03-28 20:48:05,749 - INFO - ------- Welcome to EQCCTPro -------
2026-03-28 20:48:05,749 - INFO - 
2026-03-28 20:48:05,750 - INFO - Running EQCCT over Requested MSeed Files using CPU(s)...
2026-03-28 20:48:05,750 - INFO - GPU disabled (CPU-only).
2026-03-28 20:48:05,750 - INFO - Skipping framework-specific initialization in the driver process.
2026-03-28 20:48:08,464 - INFO - Ray Successfully Initialized with 4 CPU(s) ([0, 1, 2, 3] CPU Affinity Binding).
2026-03-28 20:48:08,464 - INFO - Analyzing 1 time chunk(s) from 2025-01-23 12:32:15 to 2025-01-23 12:33:15 (dt=1min, overlap=0min).
2026-03-28 20:48:08,464 - INFO - Using 1 selected station(s).
2026-03-28 20:48:08,465 - INFO - 
2026-03-28 20:48:08,465 - INFO - ------- Starting EQCCTPro... -------
2026-03-28 20:48:08,465 - INFO - Detailed subprocess information can be found in the log file.
2026-03-28 20:48:08,465 - INFO - 
2026-03-28 20:48:08,798 - INFO - GPU disabled (CPU-only).
2026-03-28 20:48:08,806 - INFO - Skipping framework-specific initialization in the driver process.
2026-03-28 20:48:08,810 - INFO - ------- Hardware Configuration -------
2026-03-28 20:48:08,814 - INFO - CPU affinity set to cores: [0, 1, 2, 3]
2026-03-28 20:48:08,818 - INFO - 
2026-03-28 20:48:08,822 - INFO - ------- Data Preprocessing for EQCCTPro -------
2026-03-28 20:48:08,825 - INFO - 1 station(s) in /home/blackwinter/projects/eqcct/eqcctpro/data/waveforms_explosions_nonoise/20250123T123215Z_20250123T123315Z
2026-03-28 20:48:08,828 - INFO - Using 1 selected station(s): ['KLF'].
2026-03-28 20:48:08,831 - INFO - Creating model actor(s)...
2026-03-28 20:48:08,836 - INFO - System RAM: Total=7870 MB, Available=4147 MB
2026-03-28 20:48:08,842 - INFO - Usable RAM budget: 7083 MB (90% of total)
2026-03-28 20:48:08,846 - INFO - ===== MEMORY-AWARE CPU ACTOR POOL =====
2026-03-28 20:48:08,849 - INFO - Requested concurrent tasks: 1
2026-03-28 20:48:08,853 - INFO - Available CPUs: 4
2026-03-28 20:48:08,855 - INFO - Available RAM: 7083 MB
2026-03-28 20:48:08,858 - INFO - RAM per model: 2060 MB
2026-03-28 20:48:08,861 - INFO - Max actors by RAM: 3
2026-03-28 20:48:08,864 - INFO - Creating 1 SeisBenchModelActor(s)
2026-03-28 20:48:08,867 - INFO - Let Ray handle scheduling (taskset already restricts CPU visibility)
2026-03-28 20:48:08,871 - INFO - Creating SeisBenchModelActor 1/1 (2.01GB RAM each)...
2026-03-28 20:48:12,413 - INFO - SeisBenchModelActor 1 created successfully.
2026-03-28 20:48:12,416 - INFO - Created 1 CPU actor(s). Task queue will handle concurrency.
2026-03-28 20:48:12,419 - INFO - Starting EQCCTPro parallelized waveform processing...
2026-03-28 20:48:12,423 - INFO - 
2026-03-28 20:48:12,426 - INFO - ------- Analyzing Seismic Waveforms for P and S Picks via SeisBench (EQTransformer - original_nonconservative) -------
2026-03-28 20:48:12,429 - INFO - Analyzing 0:01:00 minute timechunk from 2025-01-23 12:32:15 to 2025-01-23 12:33:15 (0 min overlap)
2026-03-28 20:48:12,432 - INFO - Processing a total of 1 stations, 1 at a time.
2026-03-28 20:48:14,866 - INFO - (1/1) KLF: Finished the prediction in 0.16s. (HP=1.0, LP=45.0, picks=2)
2026-03-28 20:48:14,870 - INFO - 
2026-03-28 20:48:14,873 - INFO - ------- Parallel Station Waveform Processing Complete For 2025-01-23 12:32:15 to 2025-01-23 12:33:15 Timechunk-------
2026-03-28 20:48:14,878 - INFO - Picks saved at /home/blackwinter/projects/eqcct/eqcctpro/results/csv/eqt_explosions_th0_1/20250123T123215Z_20250123T123315ZProcess Runtime: 2.45 s
2026-03-28 20:48:14,884 - INFO - Successfully ran EQCCTPro, exiting...
2026-03-28 20:48:16,847 - INFO - Ray Successfully Shutdown.
2026-03-28 20:48:16,847 - INFO - ------- Successfully Picked All Waveform(s) from all Timechunk(s) -------
