2026-03-28 21:37:58,870 - INFO - 
2026-03-28 21:37:58,870 - INFO - ------- Welcome to EQCCTPro -------
2026-03-28 21:37:58,870 - INFO - 
2026-03-28 21:37:58,871 - INFO - Running EQCCT over Requested MSeed Files using CPU(s)...
2026-03-28 21:37:58,871 - INFO - GPU disabled (CPU-only).
2026-03-29 01:51:46,616 - INFO - 
2026-03-29 01:51:46,617 - INFO - ------- Welcome to EQCCTPro -------
2026-03-29 01:51:46,617 - INFO - 
2026-03-29 01:51:46,617 - INFO - Running EQCCT over Requested MSeed Files using CPU(s)...
2026-03-29 01:51:46,618 - INFO - GPU disabled (CPU-only).
2026-03-29 01:51:46,618 - INFO - Configured Intra-op threads = 1
2026-03-29 01:51:46,618 - INFO - Configured Inter-op threads = 1
2026-03-29 01:51:46,618 - INFO - TensorFlow: No GPUs visible; TF will proceed on CPU.
2026-03-29 01:51:46,618 - INFO - 
2026-03-29 01:51:51,664 - INFO - Ray Successfully Initialized with 4 CPU(s) ([0, 1, 2, 3] CPU Affinity Binding).
2026-03-29 01:51:51,665 - INFO - Analyzing 1 time chunk(s) from 2025-01-14 10:52:45 to 2025-01-14 10:53:45 (dt=1min, overlap=0min).
2026-03-29 01:51:51,665 - INFO - Using 1 selected station(s).
2026-03-29 01:51:51,665 - INFO - 
2026-03-29 01:51:51,665 - INFO - ------- Starting EQCCTPro... -------
2026-03-29 01:51:51,666 - INFO - Detailed subprocess information can be found in the log file.
2026-03-29 01:51:51,666 - INFO - 
2026-03-29 01:51:52,087 - INFO - GPU disabled (CPU-only).
2026-03-29 01:51:53,738 - INFO - Configured Intra-op threads = 1
2026-03-29 01:51:53,740 - INFO - Configured Inter-op threads = 1
2026-03-29 01:51:53,782 - INFO - TensorFlow: No GPUs visible; TF will proceed on CPU.
2026-03-29 01:51:53,785 - INFO - 
2026-03-29 01:51:53,788 - INFO - ------- Hardware Configuration -------
2026-03-29 01:51:53,791 - INFO - CPU affinity set to cores: [0, 1, 2, 3]
2026-03-29 01:51:53,793 - INFO - 
2026-03-29 01:51:53,796 - INFO - ------- Data Preprocessing for EQCCTPro -------
2026-03-29 01:51:53,798 - INFO - 1 station(s) in /home/blackwinter/projects/eqcct/eqcctpro/data/waveforms_explosions_nonoise/20250114T105245Z_20250114T105345Z
2026-03-29 01:51:53,801 - INFO - Using 1 selected station(s): ['RAF'].
2026-03-29 01:51:53,803 - INFO - Creating model actor(s)...
2026-03-29 01:51:53,806 - INFO - System RAM: Total=7870 MB, Available=3297 MB
2026-03-29 01:51:53,808 - INFO - Usable RAM budget: 7083 MB (90% of total)
2026-03-29 01:51:53,810 - INFO - ===== MEMORY-AWARE CPU ACTOR POOL (EQCCT) =====
2026-03-29 01:51:53,813 - INFO - Requested concurrent tasks: 1
2026-03-29 01:51:53,814 - INFO - Available CPUs: 4
2026-03-29 01:51:53,816 - INFO - Available RAM: 7083 MB
2026-03-29 01:51:53,818 - INFO - RAM per model: 2264 MB
2026-03-29 01:51:53,820 - INFO - Max actors by RAM: 3
2026-03-29 01:51:53,823 - INFO - Creating 1 ModelActor(s)
2026-03-29 01:51:53,826 - INFO - Let Ray handle scheduling (taskset already restricts CPU visibility)
2026-03-29 01:51:53,828 - INFO - Creating ModelActor 1/1 (2.21GB RAM each)...
2026-03-29 01:51:58,181 - INFO - ModelActor 1 created successfully.
2026-03-29 01:51:58,183 - INFO - Created 1 CPU actor(s). Task queue will handle concurrency.
2026-03-29 01:51:58,185 - INFO - Starting EQCCTPro parallelized waveform processing...
2026-03-29 01:51:58,188 - INFO - 
2026-03-29 01:51:58,190 - INFO - ------- Analyzing Seismic Waveforms for P and S Picks via EQCCT -------
2026-03-29 01:51:58,193 - INFO - Analyzing 0:01:00 minute timechunk from 2025-01-14 10:52:45 to 2025-01-14 10:53:45 (0 min overlap)
2026-03-29 01:51:58,196 - INFO - Processing a total of 1 stations, 1 at a time.
2026-03-29 01:52:02,706 - INFO - (1/1) RAF: Finished the prediction in 2.4s. (HP=1.0, LP=45.0)
2026-03-29 01:52:02,708 - INFO - 
2026-03-29 01:52:02,711 - INFO - ------- Parallel Station Waveform Processing Complete For 2025-01-14 10:52:45 to 2025-01-14 10:53:45 Timechunk-------
2026-03-29 01:52:02,715 - INFO - Picks saved at /home/blackwinter/projects/eqcct/eqcctpro/results/csv/eqcct_explosions_th0_1/20250114T105245Z_20250114T105345ZProcess Runtime: 4.52 s
2026-03-29 01:52:02,720 - INFO - Successfully ran EQCCTPro, exiting...
2026-03-29 01:52:04,253 - INFO - Ray Successfully Shutdown.
2026-03-29 01:52:04,253 - INFO - ------- Successfully Picked All Waveform(s) from all Timechunk(s) -------
