2026-03-29 18:48:36,644 - INFO - 
2026-03-29 18:48:36,644 - INFO - ------- Welcome to EQCCTPro -------
2026-03-29 18:48:36,644 - INFO - 
2026-03-29 18:48:36,644 - INFO - Running EQCCT over Requested MSeed Files using CPU(s)...
2026-03-29 18:48:36,645 - INFO - GPU disabled (CPU-only).
2026-03-29 18:48:36,645 - INFO - Configured Intra-op threads = 1
2026-03-29 18:48:36,645 - INFO - Configured Inter-op threads = 1
2026-03-29 18:48:36,645 - INFO - TensorFlow: No GPUs visible; TF will proceed on CPU.
2026-03-29 18:48:36,645 - INFO - 
2026-03-29 18:48:42,500 - INFO - Ray Successfully Initialized with 4 CPU(s) ([0, 1, 2, 3] CPU Affinity Binding).
2026-03-29 18:48:42,500 - INFO - Analyzing 1 time chunk(s) from 2025-01-13 04:05:00 to 2025-01-13 04:06:00 (dt=1min, overlap=0min).
2026-03-29 18:48:42,500 - INFO - Using 1 selected station(s).
2026-03-29 18:48:42,501 - INFO - 
2026-03-29 18:48:42,501 - INFO - ------- Starting EQCCTPro... -------
2026-03-29 18:48:42,501 - INFO - Detailed subprocess information can be found in the log file.
2026-03-29 18:48:42,501 - INFO - 
2026-03-29 18:48:42,880 - INFO - GPU disabled (CPU-only).
2026-03-29 18:48:44,448 - INFO - Configured Intra-op threads = 1
2026-03-29 18:48:44,451 - INFO - Configured Inter-op threads = 1
2026-03-29 18:48:44,496 - INFO - TensorFlow: No GPUs visible; TF will proceed on CPU.
2026-03-29 18:48:44,498 - INFO - 
2026-03-29 18:48:44,501 - INFO - ------- Hardware Configuration -------
2026-03-29 18:48:44,504 - INFO - CPU affinity set to cores: [0, 1, 2, 3]
2026-03-29 18:48:44,506 - INFO - 
2026-03-29 18:48:44,509 - INFO - ------- Data Preprocessing for EQCCTPro -------
2026-03-29 18:48:44,511 - INFO - 1 station(s) in /home/blackwinter/projects/eqcct/eqcctpro/data/waveforms_noise_only/20250113T040500Z_20250113T040600Z
2026-03-29 18:48:44,514 - INFO - Using 1 selected station(s): ['VAF'].
2026-03-29 18:48:44,516 - INFO - Creating model actor(s)...
2026-03-29 18:48:44,518 - INFO - System RAM: Total=7870 MB, Available=3969 MB
2026-03-29 18:48:44,521 - INFO - Usable RAM budget: 7083 MB (90% of total)
2026-03-29 18:48:44,524 - INFO - ===== MEMORY-AWARE CPU ACTOR POOL (EQCCT) =====
2026-03-29 18:48:44,526 - INFO - Requested concurrent tasks: 1
2026-03-29 18:48:44,529 - INFO - Available CPUs: 4
2026-03-29 18:48:44,531 - INFO - Available RAM: 7083 MB
2026-03-29 18:48:44,534 - INFO - RAM per model: 2264 MB
2026-03-29 18:48:44,536 - INFO - Max actors by RAM: 3
2026-03-29 18:48:44,538 - INFO - Creating 1 ModelActor(s)
2026-03-29 18:48:44,540 - INFO - Let Ray handle scheduling (taskset already restricts CPU visibility)
2026-03-29 18:48:44,542 - INFO - Creating ModelActor 1/1 (2.21GB RAM each)...
2026-03-29 18:48:49,142 - INFO - ModelActor 1 created successfully.
2026-03-29 18:48:49,146 - INFO - Created 1 CPU actor(s). Task queue will handle concurrency.
2026-03-29 18:48:49,149 - INFO - Starting EQCCTPro parallelized waveform processing...
2026-03-29 18:48:49,152 - INFO - 
2026-03-29 18:48:49,154 - INFO - ------- Analyzing Seismic Waveforms for P and S Picks via EQCCT -------
2026-03-29 18:48:49,157 - INFO - Analyzing 0:01:00 minute timechunk from 2025-01-13 04:05:00 to 2025-01-13 04:06:00 (0 min overlap)
2026-03-29 18:48:49,159 - INFO - Processing a total of 1 stations, 1 at a time.
2026-03-29 18:48:53,588 - INFO - (1/1) VAF: Finished the prediction in 2.42s. (HP=1.0, LP=45.0)
2026-03-29 18:48:53,591 - INFO - 
2026-03-29 18:48:53,593 - INFO - ------- Parallel Station Waveform Processing Complete For 2025-01-13 04:05:00 to 2025-01-13 04:06:00 Timechunk-------
2026-03-29 18:48:53,596 - INFO - Picks saved at /home/blackwinter/projects/eqcct/eqcctpro/results/csv/eqcct_noise_th0_1/20250113T040500Z_20250113T040600ZProcess Runtime: 4.44 s
2026-03-29 18:48:53,600 - INFO - Successfully ran EQCCTPro, exiting...
2026-03-29 18:48:55,360 - INFO - Ray Successfully Shutdown.
2026-03-29 18:48:55,361 - INFO - ------- Successfully Picked All Waveform(s) from all Timechunk(s) -------
