2026-03-27 18:34:06,036 - INFO - 
2026-03-27 18:34:06,036 - INFO - ------- Welcome to EQCCTPro -------
2026-03-27 18:34:06,036 - INFO - 
2026-03-27 18:34:06,037 - INFO - Running EQCCT over Requested MSeed Files using CPU(s)...
2026-03-27 18:34:06,037 - INFO - GPU disabled (CPU-only).
2026-03-27 18:34:06,037 - INFO - Skipping framework-specific initialization in the driver process.
2026-03-27 18:34:08,629 - INFO - Ray Successfully Initialized with 4 CPU(s) ([0, 1, 2, 3] CPU Affinity Binding).
2026-03-27 18:34:08,630 - INFO - Analyzing 1 time chunk(s) from 2025-04-30 21:39:08 to 2025-04-30 21:40:08 (dt=1min, overlap=0min).
2026-03-27 18:34:08,630 - INFO - Using 2 selected station(s).
2026-03-27 18:34:08,630 - INFO - 
2026-03-27 18:34:08,630 - INFO - ------- Starting EQCCTPro... -------
2026-03-27 18:34:08,631 - INFO - Detailed subprocess information can be found in the log file.
2026-03-27 18:34:08,631 - INFO - 
2026-03-27 18:34:08,919 - INFO - GPU disabled (CPU-only).
2026-03-27 18:34:08,923 - INFO - Skipping framework-specific initialization in the driver process.
2026-03-27 18:34:08,926 - INFO - ------- Hardware Configuration -------
2026-03-27 18:34:08,928 - INFO - CPU affinity set to cores: [0, 1, 2, 3]
2026-03-27 18:34:08,930 - INFO - 
2026-03-27 18:34:08,933 - INFO - ------- Data Preprocessing for EQCCTPro -------
2026-03-27 18:34:08,935 - INFO - 2 station(s) in /home/blackwinter/projects/eqcct/eqcctpro/data/waveforms_earthquakes_nonoise/20250430T213908Z_20250430T214008Z
2026-03-27 18:34:08,937 - INFO - Using 2 selected station(s): ['HEL1', 'KUNI'].
2026-03-27 18:34:08,940 - INFO - Creating model actor(s)...
2026-03-27 18:34:08,942 - INFO - System RAM: Total=7870 MB, Available=6076 MB
2026-03-27 18:34:08,944 - INFO - Usable RAM budget: 7083 MB (90% of total)
2026-03-27 18:34:08,946 - INFO - ===== MEMORY-AWARE CPU ACTOR POOL =====
2026-03-27 18:34:08,948 - INFO - Requested concurrent tasks: 1
2026-03-27 18:34:08,951 - INFO - Available CPUs: 4
2026-03-27 18:34:08,953 - INFO - Available RAM: 7083 MB
2026-03-27 18:34:08,955 - INFO - RAM per model: 2060 MB
2026-03-27 18:34:08,957 - INFO - Max actors by RAM: 3
2026-03-27 18:34:08,959 - INFO - Creating 1 SeisBenchModelActor(s)
2026-03-27 18:34:08,960 - INFO - Let Ray handle scheduling (taskset already restricts CPU visibility)
2026-03-27 18:34:08,963 - INFO - Creating SeisBenchModelActor 1/1 (2.01GB RAM each)...
2026-03-27 18:34:12,046 - INFO - SeisBenchModelActor 1 created successfully.
2026-03-27 18:34:12,048 - INFO - Created 1 CPU actor(s). Task queue will handle concurrency.
2026-03-27 18:34:12,050 - INFO - Starting EQCCTPro parallelized waveform processing...
2026-03-27 18:34:12,053 - INFO - 
2026-03-27 18:34:12,056 - INFO - ------- Analyzing Seismic Waveforms for P and S Picks via SeisBench (EQTransformer - original_nonconservative) -------
2026-03-27 18:34:12,059 - INFO - Analyzing 0:01:00 minute timechunk from 2025-04-30 21:39:08 to 2025-04-30 21:40:08 (0 min overlap)
2026-03-27 18:34:12,062 - INFO - Processing a total of 2 stations, 1 at a time.
2026-03-27 18:34:14,252 - INFO - (1/2) HEL1: Finished the prediction in 0.14s. (HP=1.0, LP=45.0, picks=2)
2026-03-27 18:34:14,321 - INFO - (2/2) KUNI: Finished the prediction in 0.06s. (HP=1.0, LP=45.0, picks=2)
2026-03-27 18:34:14,324 - INFO - 
2026-03-27 18:34:14,326 - INFO - ------- Parallel Station Waveform Processing Complete For 2025-04-30 21:39:08 to 2025-04-30 21:40:08 Timechunk-------
2026-03-27 18:34:14,328 - INFO - Picks saved at /home/blackwinter/projects/eqcct/eqcctpro/results/csv/eqt_earthquakes_th0_1/20250430T213908Z_20250430T214008ZProcess Runtime: 2.27 s
2026-03-27 18:34:14,336 - INFO - Successfully ran EQCCTPro, exiting...
2026-03-27 18:34:15,805 - INFO - Ray Successfully Shutdown.
2026-03-27 18:34:15,806 - INFO - ------- Successfully Picked All Waveform(s) from all Timechunk(s) -------
2026-03-28 01:01:48,571 - INFO - 
2026-03-28 01:01:48,573 - INFO - ------- Welcome to EQCCTPro -------
2026-03-28 01:01:48,573 - INFO - 
2026-03-28 01:01:48,574 - INFO - Running EQCCT over Requested MSeed Files using CPU(s)...
2026-03-28 01:01:48,574 - INFO - GPU disabled (CPU-only).
2026-03-28 01:01:48,574 - INFO - Skipping framework-specific initialization in the driver process.
2026-03-28 01:01:50,987 - INFO - Ray Successfully Initialized with 4 CPU(s) ([0, 1, 2, 3] CPU Affinity Binding).
2026-03-28 01:01:50,987 - INFO - Analyzing 1 time chunk(s) from 2025-04-30 21:39:08 to 2025-04-30 21:40:08 (dt=1min, overlap=0min).
2026-03-28 01:01:50,988 - INFO - Using 2 selected station(s).
2026-03-28 01:01:50,988 - INFO - 
2026-03-28 01:01:50,988 - INFO - ------- Starting EQCCTPro... -------
2026-03-28 01:01:50,988 - INFO - Detailed subprocess information can be found in the log file.
2026-03-28 01:01:50,988 - INFO - 
2026-03-28 01:01:51,265 - INFO - GPU disabled (CPU-only).
2026-03-28 01:01:51,270 - INFO - Skipping framework-specific initialization in the driver process.
2026-03-28 01:01:51,273 - INFO - ------- Hardware Configuration -------
2026-03-28 01:01:51,275 - INFO - CPU affinity set to cores: [0, 1, 2, 3]
2026-03-28 01:01:51,278 - INFO - 
2026-03-28 01:01:51,281 - INFO - ------- Data Preprocessing for EQCCTPro -------
2026-03-28 01:01:51,283 - INFO - 2 station(s) in /home/blackwinter/projects/eqcct/eqcctpro/data/waveforms_earthquakes_nonoise/20250430T213908Z_20250430T214008Z
2026-03-28 01:01:51,286 - INFO - Using 2 selected station(s): ['HEL1', 'KUNI'].
2026-03-28 01:01:51,288 - INFO - Creating model actor(s)...
2026-03-28 01:01:51,291 - INFO - System RAM: Total=7870 MB, Available=5917 MB
2026-03-28 01:01:51,293 - INFO - Usable RAM budget: 7083 MB (90% of total)
2026-03-28 01:01:51,296 - INFO - ===== MEMORY-AWARE CPU ACTOR POOL =====
2026-03-28 01:01:51,298 - INFO - Requested concurrent tasks: 1
2026-03-28 01:01:51,300 - INFO - Available CPUs: 4
2026-03-28 01:01:51,310 - INFO - Available RAM: 7083 MB
2026-03-28 01:01:51,313 - INFO - RAM per model: 2060 MB
2026-03-28 01:01:51,315 - INFO - Max actors by RAM: 3
2026-03-28 01:01:51,317 - INFO - Creating 1 SeisBenchModelActor(s)
2026-03-28 01:01:51,320 - INFO - Let Ray handle scheduling (taskset already restricts CPU visibility)
2026-03-28 01:01:51,322 - INFO - Creating SeisBenchModelActor 1/1 (2.01GB RAM each)...
2026-03-28 01:01:54,020 - INFO - SeisBenchModelActor 1 created successfully.
2026-03-28 01:01:54,022 - INFO - Created 1 CPU actor(s). Task queue will handle concurrency.
2026-03-28 01:01:54,024 - INFO - Starting EQCCTPro parallelized waveform processing...
2026-03-28 01:01:54,027 - INFO - 
2026-03-28 01:01:54,029 - INFO - ------- Analyzing Seismic Waveforms for P and S Picks via SeisBench (EQTransformer - original_nonconservative) -------
2026-03-28 01:01:54,032 - INFO - Analyzing 0:01:00 minute timechunk from 2025-04-30 21:39:08 to 2025-04-30 21:40:08 (0 min overlap)
2026-03-28 01:01:54,034 - INFO - Processing a total of 2 stations, 1 at a time.
2026-03-28 01:01:56,051 - INFO - (1/2) HEL1: Skipped (already exists - overwrite=False).
2026-03-28 01:01:56,058 - INFO - (2/2) KUNI: Skipped (already exists - overwrite=False).
2026-03-28 01:01:56,060 - INFO - 
2026-03-28 01:01:56,064 - INFO - ------- Parallel Station Waveform Processing Complete For 2025-04-30 21:39:08 to 2025-04-30 21:40:08 Timechunk-------
2026-03-28 01:01:56,068 - INFO - Picks saved at /home/blackwinter/projects/eqcct/eqcctpro/results/csv/eqt_earthquakes_th0_1/20250430T213908Z_20250430T214008ZProcess Runtime: 2.04 s
2026-03-28 01:01:56,074 - INFO - Successfully ran EQCCTPro, exiting...
2026-03-28 01:01:57,686 - INFO - Ray Successfully Shutdown.
2026-03-28 01:01:57,687 - INFO - ------- Successfully Picked All Waveform(s) from all Timechunk(s) -------
