2026-02-27 02:46:20,431 - INFO - 
2026-02-27 02:46:20,431 - INFO - ------- Welcome to EQCCTPro -------
2026-02-27 02:46:20,431 - INFO - 
2026-02-27 02:46:20,431 - INFO - Running EQCCT over Requested MSeed Files using CPU(s)...
2026-02-27 02:46:20,431 - INFO - GPU disabled (CPU-only).
2026-02-27 02:46:20,432 - INFO - Configured Intra-op threads = 1
2026-02-27 02:46:20,432 - INFO - Configured Inter-op threads = 1
2026-02-27 02:46:20,432 - INFO - TensorFlow: No GPUs visible; TF will proceed on CPU.
2026-02-27 02:46:20,432 - INFO - 
2026-02-27 02:46:25,741 - INFO - Ray Successfully Initialized with 4 CPU(s) ([0, 1, 2, 3] CPU Affinity Binding).
2026-02-27 02:46:25,741 - INFO - Analyzing 1 time chunk(s) from 2025-01-16 11:50:19 to 2025-01-16 11:51:19 (dt=1min, overlap=0min).
2026-02-27 02:46:25,741 - INFO - Using 1 selected station(s).
2026-02-27 02:46:25,742 - INFO - 
2026-02-27 02:46:25,742 - INFO - ------- Starting EQCCTPro... -------
2026-02-27 02:46:25,742 - INFO - Detailed subprocess information can be found in the log file.
2026-02-27 02:46:25,742 - INFO - 
2026-02-27 02:46:26,110 - INFO - GPU disabled (CPU-only).
2026-02-27 02:46:27,561 - INFO - Configured Intra-op threads = 1
2026-02-27 02:46:27,564 - INFO - Configured Inter-op threads = 1
2026-02-27 02:46:27,603 - INFO - TensorFlow: No GPUs visible; TF will proceed on CPU.
2026-02-27 02:46:27,606 - INFO - 
2026-02-27 02:46:27,608 - INFO - ------- Hardware Configuration -------
2026-02-27 02:46:27,610 - INFO - CPU affinity set to cores: [0, 1, 2, 3]
2026-02-27 02:46:27,612 - INFO - 
2026-02-27 02:46:27,613 - INFO - ------- Data Preprocessing for EQCCTPro -------
2026-02-27 02:46:27,615 - INFO - 1 station(s) in /home/blackwinter/projects/eqcct/eqcctpro/data/waveforms_explosions_nonoise/20250116T115019Z_20250116T115119Z
2026-02-27 02:46:27,617 - INFO - Using 1 selected station(s): ['KEF'].
2026-02-27 02:46:27,619 - INFO - Creating model actor(s)...
2026-02-27 02:46:27,621 - INFO - System RAM: Total=7870 MB, Available=2694 MB
2026-02-27 02:46:27,622 - INFO - Usable RAM budget: 7083 MB (90% of total)
2026-02-27 02:46:27,624 - INFO - ===== MEMORY-AWARE CPU ACTOR POOL (EQCCT) =====
2026-02-27 02:46:27,626 - INFO - Requested concurrent tasks: 1
2026-02-27 02:46:27,628 - INFO - Available CPUs: 4
2026-02-27 02:46:27,630 - INFO - Available RAM: 7083 MB
2026-02-27 02:46:27,631 - INFO - RAM per model: 2264 MB
2026-02-27 02:46:27,633 - INFO - Max actors by RAM: 3
2026-02-27 02:46:27,635 - INFO - Creating 1 ModelActor(s)
2026-02-27 02:46:27,637 - INFO - Let Ray handle scheduling (taskset already restricts CPU visibility)
2026-02-27 02:46:27,638 - INFO - Creating ModelActor 1/1 (2.21GB RAM each)...
2026-02-27 02:46:31,557 - INFO - ModelActor 1 created successfully.
2026-02-27 02:46:31,560 - INFO - Created 1 CPU actor(s). Task queue will handle concurrency.
2026-02-27 02:46:31,562 - INFO - Starting EQCCTPro parallelized waveform processing...
2026-02-27 02:46:31,564 - INFO - 
2026-02-27 02:46:31,566 - INFO - ------- Analyzing Seismic Waveforms for P and S Picks via EQCCT -------
2026-02-27 02:46:31,568 - INFO - Analyzing 0:01:00 minute timechunk from 2025-01-16 11:50:19 to 2025-01-16 11:51:19 (0 min overlap)
2026-02-27 02:46:31,571 - INFO - Processing a total of 1 stations, 1 at a time.
2026-02-27 02:46:35,741 - INFO - (1/1) KEF: Finished the prediction in 2.31s. (HP=1.0, LP=45.0)
2026-02-27 02:46:35,748 - INFO - 
2026-02-27 02:46:35,750 - INFO - ------- Parallel Station Waveform Processing Complete For 2025-01-16 11:50:19 to 2025-01-16 11:51:19 Timechunk-------
2026-02-27 02:46:35,753 - INFO - Picks saved at /home/blackwinter/projects/eqcct/eqcctpro/results/csv/bm_explosions/20250116T115019Z_20250116T115119ZProcess Runtime: 4.19 s
2026-02-27 02:46:35,761 - INFO - Successfully ran EQCCTPro, exiting...
2026-02-27 02:46:37,666 - INFO - Ray Successfully Shutdown.
2026-02-27 02:46:37,666 - INFO - ------- Successfully Picked All Waveform(s) from all Timechunk(s) -------
2026-02-27 09:42:26,285 - INFO - 
2026-02-27 09:42:26,291 - INFO - ------- Welcome to EQCCTPro -------
2026-02-27 09:42:26,292 - INFO - 
2026-02-27 09:42:26,292 - INFO - Running EQCCT over Requested MSeed Files using CPU(s)...
2026-02-27 09:42:26,292 - INFO - GPU disabled (CPU-only).
2026-02-27 09:42:26,293 - INFO - Configured Intra-op threads = 1
2026-02-27 09:42:26,293 - INFO - Configured Inter-op threads = 1
2026-02-27 09:42:26,293 - INFO - TensorFlow: No GPUs visible; TF will proceed on CPU.
2026-02-27 09:42:26,293 - INFO - 
2026-02-27 09:42:31,707 - INFO - Ray Successfully Initialized with 4 CPU(s) ([0, 1, 2, 3] CPU Affinity Binding).
2026-02-27 09:42:31,707 - INFO - Analyzing 1 time chunk(s) from 2025-01-16 11:50:19 to 2025-01-16 11:51:19 (dt=1min, overlap=0min).
2026-02-27 09:42:31,707 - INFO - Using 1 selected station(s).
2026-02-27 09:42:31,708 - INFO - 
2026-02-27 09:42:31,708 - INFO - ------- Starting EQCCTPro... -------
2026-02-27 09:42:31,708 - INFO - Detailed subprocess information can be found in the log file.
2026-02-27 09:42:31,708 - INFO - 
2026-02-27 09:42:32,072 - INFO - GPU disabled (CPU-only).
2026-02-27 09:42:33,559 - INFO - Configured Intra-op threads = 1
2026-02-27 09:42:33,561 - INFO - Configured Inter-op threads = 1
2026-02-27 09:42:33,602 - INFO - TensorFlow: No GPUs visible; TF will proceed on CPU.
2026-02-27 09:42:33,605 - INFO - 
2026-02-27 09:42:33,607 - INFO - ------- Hardware Configuration -------
2026-02-27 09:42:33,609 - INFO - CPU affinity set to cores: [0, 1, 2, 3]
2026-02-27 09:42:33,611 - INFO - 
2026-02-27 09:42:33,614 - INFO - ------- Data Preprocessing for EQCCTPro -------
2026-02-27 09:42:33,616 - INFO - 1 station(s) in /home/blackwinter/projects/eqcct/eqcctpro/data/waveforms_explosions_nonoise/20250116T115019Z_20250116T115119Z
2026-02-27 09:42:33,618 - INFO - Using 1 selected station(s): ['KEF'].
2026-02-27 09:42:33,621 - INFO - Creating model actor(s)...
2026-02-27 09:42:33,623 - INFO - System RAM: Total=7870 MB, Available=2718 MB
2026-02-27 09:42:33,625 - INFO - Usable RAM budget: 7083 MB (90% of total)
2026-02-27 09:42:33,628 - INFO - ===== MEMORY-AWARE CPU ACTOR POOL (EQCCT) =====
2026-02-27 09:42:33,630 - INFO - Requested concurrent tasks: 1
2026-02-27 09:42:33,632 - INFO - Available CPUs: 4
2026-02-27 09:42:33,635 - INFO - Available RAM: 7083 MB
2026-02-27 09:42:33,637 - INFO - RAM per model: 2264 MB
2026-02-27 09:42:33,640 - INFO - Max actors by RAM: 3
2026-02-27 09:42:33,642 - INFO - Creating 1 ModelActor(s)
2026-02-27 09:42:33,645 - INFO - Let Ray handle scheduling (taskset already restricts CPU visibility)
2026-02-27 09:42:33,647 - INFO - Creating ModelActor 1/1 (2.21GB RAM each)...
2026-02-27 09:42:37,551 - INFO - ModelActor 1 created successfully.
2026-02-27 09:42:37,553 - INFO - Created 1 CPU actor(s). Task queue will handle concurrency.
2026-02-27 09:42:37,555 - INFO - Starting EQCCTPro parallelized waveform processing...
2026-02-27 09:42:37,556 - INFO - 
2026-02-27 09:42:37,559 - INFO - ------- Analyzing Seismic Waveforms for P and S Picks via EQCCT -------
2026-02-27 09:42:37,561 - INFO - Analyzing 0:01:00 minute timechunk from 2025-01-16 11:50:19 to 2025-01-16 11:51:19 (0 min overlap)
2026-02-27 09:42:37,563 - INFO - Processing a total of 1 stations, 1 at a time.
2026-02-27 09:42:39,497 - INFO - (1/1) KEF: Skipped (already exists - overwrite=False).
2026-02-27 09:42:39,499 - INFO - 
2026-02-27 09:42:39,502 - INFO - ------- Parallel Station Waveform Processing Complete For 2025-01-16 11:50:19 to 2025-01-16 11:51:19 Timechunk-------
2026-02-27 09:42:39,508 - INFO - Successfully ran EQCCTPro, exiting...
2026-02-27 09:42:39,504 - INFO - Picks saved at /home/blackwinter/projects/eqcct/eqcctpro/results/csv/bm_explosions/20250116T115019Z_20250116T115119ZProcess Runtime: 1.95 s
2026-02-27 09:42:41,026 - INFO - Ray Successfully Shutdown.
2026-02-27 09:42:41,026 - INFO - ------- Successfully Picked All Waveform(s) from all Timechunk(s) -------
