2026-03-28 21:37:59,180 - INFO - 
2026-03-28 21:37:59,180 - INFO - ------- Welcome to EQCCTPro -------
2026-03-28 21:37:59,180 - INFO - 
2026-03-28 21:37:59,181 - INFO - Running EQCCT over Requested MSeed Files using CPU(s)...
2026-03-28 21:37:59,181 - INFO - GPU disabled (CPU-only).
2026-03-29 02:24:24,369 - INFO - 
2026-03-29 02:24:24,369 - INFO - ------- Welcome to EQCCTPro -------
2026-03-29 02:24:24,370 - INFO - 
2026-03-29 02:24:24,370 - INFO - Running EQCCT over Requested MSeed Files using CPU(s)...
2026-03-29 02:24:24,371 - INFO - GPU disabled (CPU-only).
2026-03-29 02:24:24,371 - INFO - Configured Intra-op threads = 1
2026-03-29 02:24:24,371 - INFO - Configured Inter-op threads = 1
2026-03-29 02:24:24,371 - INFO - TensorFlow: No GPUs visible; TF will proceed on CPU.
2026-03-29 02:24:24,371 - INFO - 
2026-03-29 02:24:29,445 - INFO - Ray Successfully Initialized with 4 CPU(s) ([0, 1, 2, 3] CPU Affinity Binding).
2026-03-29 02:24:29,447 - INFO - Analyzing 1 time chunk(s) from 2025-01-15 11:55:41 to 2025-01-15 11:56:41 (dt=1min, overlap=0min).
2026-03-29 02:24:29,447 - INFO - Using 1 selected station(s).
2026-03-29 02:24:29,447 - INFO - 
2026-03-29 02:24:29,448 - INFO - ------- Starting EQCCTPro... -------
2026-03-29 02:24:29,448 - INFO - Detailed subprocess information can be found in the log file.
2026-03-29 02:24:29,449 - INFO - 
2026-03-29 02:24:29,849 - INFO - GPU disabled (CPU-only).
2026-03-29 02:24:31,503 - INFO - Configured Intra-op threads = 1
2026-03-29 02:24:31,505 - INFO - Configured Inter-op threads = 1
2026-03-29 02:24:31,550 - INFO - TensorFlow: No GPUs visible; TF will proceed on CPU.
2026-03-29 02:24:31,553 - INFO - 
2026-03-29 02:24:31,556 - INFO - ------- Hardware Configuration -------
2026-03-29 02:24:31,558 - INFO - CPU affinity set to cores: [0, 1, 2, 3]
2026-03-29 02:24:31,561 - INFO - 
2026-03-29 02:24:31,564 - INFO - ------- Data Preprocessing for EQCCTPro -------
2026-03-29 02:24:31,567 - INFO - 1 station(s) in /home/blackwinter/projects/eqcct/eqcctpro/data/waveforms_explosions_nonoise/20250115T115541Z_20250115T115641Z
2026-03-29 02:24:31,569 - INFO - Using 1 selected station(s): ['OBF8'].
2026-03-29 02:24:31,572 - INFO - Creating model actor(s)...
2026-03-29 02:24:31,576 - INFO - System RAM: Total=7870 MB, Available=3153 MB
2026-03-29 02:24:31,578 - INFO - Usable RAM budget: 7083 MB (90% of total)
2026-03-29 02:24:31,581 - INFO - ===== MEMORY-AWARE CPU ACTOR POOL (EQCCT) =====
2026-03-29 02:24:31,583 - INFO - Requested concurrent tasks: 1
2026-03-29 02:24:31,586 - INFO - Available CPUs: 4
2026-03-29 02:24:31,589 - INFO - Available RAM: 7083 MB
2026-03-29 02:24:31,591 - INFO - RAM per model: 2264 MB
2026-03-29 02:24:31,594 - INFO - Max actors by RAM: 3
2026-03-29 02:24:31,596 - INFO - Creating 1 ModelActor(s)
2026-03-29 02:24:31,599 - INFO - Let Ray handle scheduling (taskset already restricts CPU visibility)
2026-03-29 02:24:31,602 - INFO - Creating ModelActor 1/1 (2.21GB RAM each)...
2026-03-29 02:24:35,954 - INFO - ModelActor 1 created successfully.
2026-03-29 02:24:35,956 - INFO - Created 1 CPU actor(s). Task queue will handle concurrency.
2026-03-29 02:24:35,959 - INFO - Starting EQCCTPro parallelized waveform processing...
2026-03-29 02:24:35,961 - INFO - 
2026-03-29 02:24:35,964 - INFO - ------- Analyzing Seismic Waveforms for P and S Picks via EQCCT -------
2026-03-29 02:24:35,966 - INFO - Analyzing 0:01:00 minute timechunk from 2025-01-15 11:55:41 to 2025-01-15 11:56:41 (0 min overlap)
2026-03-29 02:24:35,969 - INFO - Processing a total of 1 stations, 1 at a time.
2026-03-29 02:24:40,809 - INFO - (1/1) OBF8: Finished the prediction in 2.67s. (HP=1.0, LP=45.0)
2026-03-29 02:24:40,812 - INFO - 
2026-03-29 02:24:40,814 - INFO - ------- Parallel Station Waveform Processing Complete For 2025-01-15 11:55:41 to 2025-01-15 11:56:41 Timechunk-------
2026-03-29 02:24:40,817 - INFO - Picks saved at /home/blackwinter/projects/eqcct/eqcctpro/results/csv/eqcct_explosions_th0_1/20250115T115541Z_20250115T115641ZProcess Runtime: 4.85 s
2026-03-29 02:24:40,821 - INFO - Successfully ran EQCCTPro, exiting...
2026-03-29 02:24:42,479 - INFO - Ray Successfully Shutdown.
2026-03-29 02:24:42,479 - INFO - ------- Successfully Picked All Waveform(s) from all Timechunk(s) -------
