2026-03-27 21:41:44,072 - INFO - 
2026-03-27 21:41:44,072 - INFO - ------- Welcome to EQCCTPro -------
2026-03-27 21:41:44,073 - INFO - 
2026-03-27 21:41:44,073 - INFO - Running EQCCT over Requested MSeed Files using CPU(s)...
2026-03-27 21:41:44,073 - INFO - GPU disabled (CPU-only).
2026-03-27 21:41:44,073 - INFO - Skipping framework-specific initialization in the driver process.
2026-03-27 21:41:46,474 - INFO - Ray Successfully Initialized with 4 CPU(s) ([0, 1, 2, 3] CPU Affinity Binding).
2026-03-27 21:41:46,474 - INFO - Analyzing 1 time chunk(s) from 2025-10-24 16:39:54 to 2025-10-24 16:40:54 (dt=1min, overlap=0min).
2026-03-27 21:41:46,474 - INFO - Using 1 selected station(s).
2026-03-27 21:41:46,474 - INFO - 
2026-03-27 21:41:46,475 - INFO - ------- Starting EQCCTPro... -------
2026-03-27 21:41:46,475 - INFO - Detailed subprocess information can be found in the log file.
2026-03-27 21:41:46,475 - INFO - 
2026-03-27 21:41:46,767 - INFO - GPU disabled (CPU-only).
2026-03-27 21:41:46,772 - INFO - Skipping framework-specific initialization in the driver process.
2026-03-27 21:41:46,774 - INFO - ------- Hardware Configuration -------
2026-03-27 21:41:46,777 - INFO - CPU affinity set to cores: [0, 1, 2, 3]
2026-03-27 21:41:46,780 - INFO - 
2026-03-27 21:41:46,782 - INFO - ------- Data Preprocessing for EQCCTPro -------
2026-03-27 21:41:46,784 - INFO - 1 station(s) in /home/blackwinter/projects/eqcct/eqcctpro/data/waveforms_earthquakes_nonoise/20251024T163954Z_20251024T164054Z
2026-03-27 21:41:46,786 - INFO - Using 1 selected station(s): ['OBF3'].
2026-03-27 21:41:46,788 - INFO - Creating model actor(s)...
2026-03-27 21:41:46,790 - INFO - System RAM: Total=7870 MB, Available=5067 MB
2026-03-27 21:41:46,792 - INFO - Usable RAM budget: 7083 MB (90% of total)
2026-03-27 21:41:46,794 - INFO - ===== MEMORY-AWARE CPU ACTOR POOL =====
2026-03-27 21:41:46,796 - INFO - Requested concurrent tasks: 1
2026-03-27 21:41:46,798 - INFO - Available CPUs: 4
2026-03-27 21:41:46,800 - INFO - Available RAM: 7083 MB
2026-03-27 21:41:46,802 - INFO - RAM per model: 2060 MB
2026-03-27 21:41:46,803 - INFO - Max actors by RAM: 3
2026-03-27 21:41:46,805 - INFO - Creating 1 SeisBenchModelActor(s)
2026-03-27 21:41:46,807 - INFO - Let Ray handle scheduling (taskset already restricts CPU visibility)
2026-03-27 21:41:46,809 - INFO - Creating SeisBenchModelActor 1/1 (2.01GB RAM each)...
2026-03-27 21:41:49,507 - INFO - SeisBenchModelActor 1 created successfully.
2026-03-27 21:41:49,509 - INFO - Created 1 CPU actor(s). Task queue will handle concurrency.
2026-03-27 21:41:49,511 - INFO - Starting EQCCTPro parallelized waveform processing...
2026-03-27 21:41:49,513 - INFO - 
2026-03-27 21:41:49,516 - INFO - ------- Analyzing Seismic Waveforms for P and S Picks via SeisBench (EQTransformer - original_nonconservative) -------
2026-03-27 21:41:49,519 - INFO - Analyzing 0:01:00 minute timechunk from 2025-10-24 16:39:54 to 2025-10-24 16:40:54 (0 min overlap)
2026-03-27 21:41:49,521 - INFO - Processing a total of 1 stations, 1 at a time.
2026-03-27 21:41:51,649 - INFO - (1/1) OBF3: Finished the prediction in 0.13s. (HP=1.0, LP=45.0, picks=1)
2026-03-27 21:41:51,652 - INFO - 
2026-03-27 21:41:51,654 - INFO - ------- Parallel Station Waveform Processing Complete For 2025-10-24 16:39:54 to 2025-10-24 16:40:54 Timechunk-------
2026-03-27 21:41:51,657 - INFO - Picks saved at /home/blackwinter/projects/eqcct/eqcctpro/results/csv/eqt_earthquakes_th0_1/20251024T163954Z_20251024T164054ZProcess Runtime: 2.14 s
2026-03-27 21:41:51,663 - INFO - Successfully ran EQCCTPro, exiting...
2026-03-27 21:41:53,361 - INFO - Ray Successfully Shutdown.
2026-03-27 21:41:53,361 - INFO - ------- Successfully Picked All Waveform(s) from all Timechunk(s) -------
2026-03-28 03:52:57,913 - INFO - 
2026-03-28 03:52:57,913 - INFO - ------- Welcome to EQCCTPro -------
2026-03-28 03:52:57,913 - INFO - 
2026-03-28 03:52:57,914 - INFO - Running EQCCT over Requested MSeed Files using CPU(s)...
2026-03-28 03:52:57,914 - INFO - GPU disabled (CPU-only).
2026-03-28 03:52:57,914 - INFO - Skipping framework-specific initialization in the driver process.
2026-03-28 03:53:00,379 - INFO - Ray Successfully Initialized with 4 CPU(s) ([0, 1, 2, 3] CPU Affinity Binding).
2026-03-28 03:53:00,379 - INFO - Analyzing 1 time chunk(s) from 2025-10-24 16:39:54 to 2025-10-24 16:40:54 (dt=1min, overlap=0min).
2026-03-28 03:53:00,380 - INFO - Using 1 selected station(s).
2026-03-28 03:53:00,380 - INFO - 
2026-03-28 03:53:00,380 - INFO - ------- Starting EQCCTPro... -------
2026-03-28 03:53:00,380 - INFO - Detailed subprocess information can be found in the log file.
2026-03-28 03:53:00,380 - INFO - 
2026-03-28 03:53:00,666 - INFO - GPU disabled (CPU-only).
2026-03-28 03:53:00,670 - INFO - Skipping framework-specific initialization in the driver process.
2026-03-28 03:53:00,673 - INFO - ------- Hardware Configuration -------
2026-03-28 03:53:00,676 - INFO - CPU affinity set to cores: [0, 1, 2, 3]
2026-03-28 03:53:00,679 - INFO - 
2026-03-28 03:53:00,682 - INFO - ------- Data Preprocessing for EQCCTPro -------
2026-03-28 03:53:00,684 - INFO - 1 station(s) in /home/blackwinter/projects/eqcct/eqcctpro/data/waveforms_earthquakes_nonoise/20251024T163954Z_20251024T164054Z
2026-03-28 03:53:00,687 - INFO - Using 1 selected station(s): ['OBF3'].
2026-03-28 03:53:00,689 - INFO - Creating model actor(s)...
2026-03-28 03:53:00,692 - INFO - System RAM: Total=7870 MB, Available=5666 MB
2026-03-28 03:53:00,695 - INFO - Usable RAM budget: 7083 MB (90% of total)
2026-03-28 03:53:00,697 - INFO - ===== MEMORY-AWARE CPU ACTOR POOL =====
2026-03-28 03:53:00,699 - INFO - Requested concurrent tasks: 1
2026-03-28 03:53:00,702 - INFO - Available CPUs: 4
2026-03-28 03:53:00,704 - INFO - Available RAM: 7083 MB
2026-03-28 03:53:00,707 - INFO - RAM per model: 2060 MB
2026-03-28 03:53:00,710 - INFO - Max actors by RAM: 3
2026-03-28 03:53:00,713 - INFO - Creating 1 SeisBenchModelActor(s)
2026-03-28 03:53:00,715 - INFO - Let Ray handle scheduling (taskset already restricts CPU visibility)
2026-03-28 03:53:00,718 - INFO - Creating SeisBenchModelActor 1/1 (2.01GB RAM each)...
2026-03-28 03:53:03,616 - INFO - SeisBenchModelActor 1 created successfully.
2026-03-28 03:53:03,618 - INFO - Created 1 CPU actor(s). Task queue will handle concurrency.
2026-03-28 03:53:03,621 - INFO - Starting EQCCTPro parallelized waveform processing...
2026-03-28 03:53:03,623 - INFO - 
2026-03-28 03:53:03,626 - INFO - ------- Analyzing Seismic Waveforms for P and S Picks via SeisBench (EQTransformer - original_nonconservative) -------
2026-03-28 03:53:03,629 - INFO - Analyzing 0:01:00 minute timechunk from 2025-10-24 16:39:54 to 2025-10-24 16:40:54 (0 min overlap)
2026-03-28 03:53:03,631 - INFO - Processing a total of 1 stations, 1 at a time.
2026-03-28 03:53:05,670 - INFO - (1/1) OBF3: Skipped (already exists - overwrite=False).
2026-03-28 03:53:05,673 - INFO - 
2026-03-28 03:53:05,675 - INFO - ------- Parallel Station Waveform Processing Complete For 2025-10-24 16:39:54 to 2025-10-24 16:40:54 Timechunk-------
2026-03-28 03:53:05,677 - INFO - Picks saved at /home/blackwinter/projects/eqcct/eqcctpro/results/csv/eqt_earthquakes_th0_1/20251024T163954Z_20251024T164054ZProcess Runtime: 2.05 s
2026-03-28 03:53:05,683 - INFO - Successfully ran EQCCTPro, exiting...
2026-03-28 03:53:07,399 - INFO - Ray Successfully Shutdown.
2026-03-28 03:53:07,399 - INFO - ------- Successfully Picked All Waveform(s) from all Timechunk(s) -------
