2026-03-28 20:50:53,900 - INFO - 
2026-03-28 20:50:53,901 - INFO - ------- Welcome to EQCCTPro -------
2026-03-28 20:50:53,901 - INFO - 
2026-03-28 20:50:53,902 - INFO - Running EQCCT over Requested MSeed Files using CPU(s)...
2026-03-28 20:50:53,902 - INFO - GPU disabled (CPU-only).
2026-03-28 20:50:53,903 - INFO - Skipping framework-specific initialization in the driver process.
2026-03-28 20:50:55,664 - INFO - Ray Successfully Initialized with 4 CPU(s) ([0, 1, 2, 3] CPU Affinity Binding).
2026-03-28 20:50:55,664 - INFO - Analyzing 1 time chunk(s) from 2025-01-23 13:21:03 to 2025-01-23 13:22:03 (dt=1min, overlap=0min).
2026-03-28 20:50:55,664 - INFO - Using 1 selected station(s).
2026-03-28 20:50:55,664 - INFO - 
2026-03-28 20:50:55,665 - INFO - ------- Starting EQCCTPro... -------
2026-03-28 20:50:55,666 - INFO - Detailed subprocess information can be found in the log file.
2026-03-28 20:50:55,666 - INFO - 
2026-03-28 20:50:55,997 - INFO - GPU disabled (CPU-only).
2026-03-28 20:50:56,005 - INFO - Skipping framework-specific initialization in the driver process.
2026-03-28 20:50:56,009 - INFO - ------- Hardware Configuration -------
2026-03-28 20:50:56,013 - INFO - CPU affinity set to cores: [0, 1, 2, 3]
2026-03-28 20:50:56,017 - INFO - 
2026-03-28 20:50:56,022 - INFO - ------- Data Preprocessing for EQCCTPro -------
2026-03-28 20:50:56,026 - INFO - 1 station(s) in /home/blackwinter/projects/eqcct/eqcctpro/data/waveforms_explosions_nonoise/20250123T132103Z_20250123T132203Z
2026-03-28 20:50:56,030 - INFO - Using 1 selected station(s): ['SUF'].
2026-03-28 20:50:56,034 - INFO - Creating model actor(s)...
2026-03-28 20:50:56,038 - INFO - System RAM: Total=7870 MB, Available=4114 MB
2026-03-28 20:50:56,042 - INFO - Usable RAM budget: 7083 MB (90% of total)
2026-03-28 20:50:56,046 - INFO - ===== MEMORY-AWARE CPU ACTOR POOL =====
2026-03-28 20:50:56,049 - INFO - Requested concurrent tasks: 1
2026-03-28 20:50:56,051 - INFO - Available CPUs: 4
2026-03-28 20:50:56,054 - INFO - Available RAM: 7083 MB
2026-03-28 20:50:56,056 - INFO - RAM per model: 2060 MB
2026-03-28 20:50:56,060 - INFO - Max actors by RAM: 3
2026-03-28 20:50:56,064 - INFO - Creating 1 SeisBenchModelActor(s)
2026-03-28 20:50:56,069 - INFO - Let Ray handle scheduling (taskset already restricts CPU visibility)
2026-03-28 20:50:56,073 - INFO - Creating SeisBenchModelActor 1/1 (2.01GB RAM each)...
2026-03-28 20:50:59,251 - INFO - SeisBenchModelActor 1 created successfully.
2026-03-28 20:50:59,253 - INFO - Created 1 CPU actor(s). Task queue will handle concurrency.
2026-03-28 20:50:59,256 - INFO - Starting EQCCTPro parallelized waveform processing...
2026-03-28 20:50:59,259 - INFO - 
2026-03-28 20:50:59,262 - INFO - ------- Analyzing Seismic Waveforms for P and S Picks via SeisBench (EQTransformer - original_nonconservative) -------
2026-03-28 20:50:59,265 - INFO - Analyzing 0:01:00 minute timechunk from 2025-01-23 13:21:03 to 2025-01-23 13:22:03 (0 min overlap)
2026-03-28 20:50:59,268 - INFO - Processing a total of 1 stations, 1 at a time.
2026-03-28 20:51:01,613 - INFO - (1/1) SUF: Finished the prediction in 0.13s. (HP=1.0, LP=45.0, picks=3)
2026-03-28 20:51:01,616 - INFO - 
2026-03-28 20:51:01,619 - INFO - ------- Parallel Station Waveform Processing Complete For 2025-01-23 13:21:03 to 2025-01-23 13:22:03 Timechunk-------
2026-03-28 20:51:01,622 - INFO - Picks saved at /home/blackwinter/projects/eqcct/eqcctpro/results/csv/eqt_explosions_th0_1/20250123T132103Z_20250123T132203ZProcess Runtime: 2.36 s
2026-03-28 20:51:01,628 - INFO - Successfully ran EQCCTPro, exiting...
2026-03-28 20:51:03,558 - INFO - Ray Successfully Shutdown.
2026-03-28 20:51:03,558 - INFO - ------- Successfully Picked All Waveform(s) from all Timechunk(s) -------
