2026-03-29 16:54:06,828 - INFO - 
2026-03-29 16:54:06,828 - INFO - ------- Welcome to EQCCTPro -------
2026-03-29 16:54:06,828 - INFO - 
2026-03-29 16:54:06,829 - INFO - Running EQCCT over Requested MSeed Files using CPU(s)...
2026-03-29 16:54:06,829 - INFO - GPU disabled (CPU-only).
2026-03-29 16:54:06,829 - INFO - Configured Intra-op threads = 1
2026-03-29 16:54:06,829 - INFO - Configured Inter-op threads = 1
2026-03-29 16:54:06,829 - INFO - TensorFlow: No GPUs visible; TF will proceed on CPU.
2026-03-29 16:54:06,829 - INFO - 
2026-03-29 16:54:12,688 - INFO - Ray Successfully Initialized with 4 CPU(s) ([0, 1, 2, 3] CPU Affinity Binding).
2026-03-29 16:54:12,688 - INFO - Analyzing 1 time chunk(s) from 2025-01-10 22:05:12 to 2025-01-10 22:06:12 (dt=1min, overlap=0min).
2026-03-29 16:54:12,688 - INFO - Using 1 selected station(s).
2026-03-29 16:54:12,689 - INFO - 
2026-03-29 16:54:12,689 - INFO - ------- Starting EQCCTPro... -------
2026-03-29 16:54:12,689 - INFO - Detailed subprocess information can be found in the log file.
2026-03-29 16:54:12,689 - INFO - 
2026-03-29 16:54:13,069 - INFO - GPU disabled (CPU-only).
2026-03-29 16:54:14,613 - INFO - Configured Intra-op threads = 1
2026-03-29 16:54:14,616 - INFO - Configured Inter-op threads = 1
2026-03-29 16:54:14,668 - INFO - TensorFlow: No GPUs visible; TF will proceed on CPU.
2026-03-29 16:54:14,671 - INFO - 
2026-03-29 16:54:14,673 - INFO - ------- Hardware Configuration -------
2026-03-29 16:54:14,676 - INFO - CPU affinity set to cores: [0, 1, 2, 3]
2026-03-29 16:54:14,679 - INFO - 
2026-03-29 16:54:14,682 - INFO - ------- Data Preprocessing for EQCCTPro -------
2026-03-29 16:54:14,684 - INFO - 1 station(s) in /home/blackwinter/projects/eqcct/eqcctpro/data/waveforms_noise_only/20250110T220512Z_20250110T220612Z
2026-03-29 16:54:14,687 - INFO - Using 1 selected station(s): ['MSF'].
2026-03-29 16:54:14,689 - INFO - Creating model actor(s)...
2026-03-29 16:54:14,692 - INFO - System RAM: Total=7870 MB, Available=3985 MB
2026-03-29 16:54:14,694 - INFO - Usable RAM budget: 7083 MB (90% of total)
2026-03-29 16:54:14,697 - INFO - ===== MEMORY-AWARE CPU ACTOR POOL (EQCCT) =====
2026-03-29 16:54:14,700 - INFO - Requested concurrent tasks: 1
2026-03-29 16:54:14,702 - INFO - Available CPUs: 4
2026-03-29 16:54:14,704 - INFO - Available RAM: 7083 MB
2026-03-29 16:54:14,707 - INFO - RAM per model: 2264 MB
2026-03-29 16:54:14,709 - INFO - Max actors by RAM: 3
2026-03-29 16:54:14,712 - INFO - Creating 1 ModelActor(s)
2026-03-29 16:54:14,714 - INFO - Let Ray handle scheduling (taskset already restricts CPU visibility)
2026-03-29 16:54:14,717 - INFO - Creating ModelActor 1/1 (2.21GB RAM each)...
2026-03-29 16:54:19,149 - INFO - ModelActor 1 created successfully.
2026-03-29 16:54:19,151 - INFO - Created 1 CPU actor(s). Task queue will handle concurrency.
2026-03-29 16:54:19,154 - INFO - Starting EQCCTPro parallelized waveform processing...
2026-03-29 16:54:19,157 - INFO - 
2026-03-29 16:54:19,159 - INFO - ------- Analyzing Seismic Waveforms for P and S Picks via EQCCT -------
2026-03-29 16:54:19,162 - INFO - Analyzing 0:01:00 minute timechunk from 2025-01-10 22:05:12 to 2025-01-10 22:06:12 (0 min overlap)
2026-03-29 16:54:19,164 - INFO - Processing a total of 1 stations, 1 at a time.
2026-03-29 16:54:21,906 - INFO - (1/1) MSF: FAILED reading mSEED.
2026-03-29 16:54:21,910 - INFO - 
2026-03-29 16:54:21,912 - INFO - ------- Parallel Station Waveform Processing Complete For 2025-01-10 22:05:12 to 2025-01-10 22:06:12 Timechunk-------
2026-03-29 16:54:21,915 - INFO - Picks saved at /home/blackwinter/projects/eqcct/eqcctpro/results/csv/eqcct_noise_th0_1/20250110T220512Z_20250110T220612ZProcess Runtime: 2.76 s
2026-03-29 16:54:21,920 - INFO - Successfully ran EQCCTPro, exiting...
2026-03-29 16:54:23,637 - INFO - Ray Successfully Shutdown.
2026-03-29 16:54:23,638 - INFO - ------- Successfully Picked All Waveform(s) from all Timechunk(s) -------
