2026-03-28 21:38:02,093 - INFO - 
2026-03-28 21:38:02,093 - INFO - ------- Welcome to EQCCTPro -------
2026-03-28 21:38:02,093 - INFO - 
2026-03-28 21:38:02,094 - INFO - Running EQCCT over Requested MSeed Files using CPU(s)...
2026-03-28 21:38:02,094 - INFO - GPU disabled (CPU-only).
2026-03-29 08:32:36,914 - INFO - 
2026-03-29 08:32:36,915 - INFO - ------- Welcome to EQCCTPro -------
2026-03-29 08:32:36,915 - INFO - 
2026-03-29 08:32:36,915 - INFO - Running EQCCT over Requested MSeed Files using CPU(s)...
2026-03-29 08:32:36,916 - INFO - GPU disabled (CPU-only).
2026-03-29 08:32:36,916 - INFO - Configured Intra-op threads = 1
2026-03-29 08:32:36,916 - INFO - Configured Inter-op threads = 1
2026-03-29 08:32:36,916 - INFO - TensorFlow: No GPUs visible; TF will proceed on CPU.
2026-03-29 08:32:36,916 - INFO - 
2026-03-29 08:32:42,154 - INFO - Ray Successfully Initialized with 4 CPU(s) ([0, 1, 2, 3] CPU Affinity Binding).
2026-03-29 08:32:42,154 - INFO - Analyzing 1 time chunk(s) from 2025-01-25 16:43:58 to 2025-01-25 16:44:58 (dt=1min, overlap=0min).
2026-03-29 08:32:42,155 - INFO - Using 1 selected station(s).
2026-03-29 08:32:42,155 - INFO - 
2026-03-29 08:32:42,155 - INFO - ------- Starting EQCCTPro... -------
2026-03-29 08:32:42,155 - INFO - Detailed subprocess information can be found in the log file.
2026-03-29 08:32:42,155 - INFO - 
2026-03-29 08:32:42,564 - INFO - GPU disabled (CPU-only).
2026-03-29 08:32:44,210 - INFO - Configured Intra-op threads = 1
2026-03-29 08:32:44,212 - INFO - Configured Inter-op threads = 1
2026-03-29 08:32:44,254 - INFO - TensorFlow: No GPUs visible; TF will proceed on CPU.
2026-03-29 08:32:44,256 - INFO - 
2026-03-29 08:32:44,259 - INFO - ------- Hardware Configuration -------
2026-03-29 08:32:44,262 - INFO - CPU affinity set to cores: [0, 1, 2, 3]
2026-03-29 08:32:44,264 - INFO - 
2026-03-29 08:32:44,267 - INFO - ------- Data Preprocessing for EQCCTPro -------
2026-03-29 08:32:44,270 - INFO - 1 station(s) in /home/blackwinter/projects/eqcct/eqcctpro/data/waveforms_explosions_nonoise/20250125T164358Z_20250125T164458Z
2026-03-29 08:32:44,273 - INFO - Using 1 selected station(s): ['RNF'].
2026-03-29 08:32:44,276 - INFO - Creating model actor(s)...
2026-03-29 08:32:44,278 - INFO - System RAM: Total=7870 MB, Available=2901 MB
2026-03-29 08:32:44,281 - INFO - Usable RAM budget: 7083 MB (90% of total)
2026-03-29 08:32:44,284 - INFO - ===== MEMORY-AWARE CPU ACTOR POOL (EQCCT) =====
2026-03-29 08:32:44,287 - INFO - Requested concurrent tasks: 1
2026-03-29 08:32:44,289 - INFO - Available CPUs: 4
2026-03-29 08:32:44,292 - INFO - Available RAM: 7083 MB
2026-03-29 08:32:44,295 - INFO - RAM per model: 2264 MB
2026-03-29 08:32:44,297 - INFO - Max actors by RAM: 3
2026-03-29 08:32:44,300 - INFO - Creating 1 ModelActor(s)
2026-03-29 08:32:44,302 - INFO - Let Ray handle scheduling (taskset already restricts CPU visibility)
2026-03-29 08:32:44,305 - INFO - Creating ModelActor 1/1 (2.21GB RAM each)...
2026-03-29 08:32:48,753 - INFO - ModelActor 1 created successfully.
2026-03-29 08:32:48,757 - INFO - Created 1 CPU actor(s). Task queue will handle concurrency.
2026-03-29 08:32:48,760 - INFO - Starting EQCCTPro parallelized waveform processing...
2026-03-29 08:32:48,762 - INFO - 
2026-03-29 08:32:48,764 - INFO - ------- Analyzing Seismic Waveforms for P and S Picks via EQCCT -------
2026-03-29 08:32:48,767 - INFO - Analyzing 0:01:00 minute timechunk from 2025-01-25 16:43:58 to 2025-01-25 16:44:58 (0 min overlap)
2026-03-29 08:32:48,769 - INFO - Processing a total of 1 stations, 1 at a time.
2026-03-29 08:32:51,438 - INFO - (1/1) RNF: FAILED reading mSEED.
2026-03-29 08:32:51,440 - INFO - 
2026-03-29 08:32:51,443 - INFO - ------- Parallel Station Waveform Processing Complete For 2025-01-25 16:43:58 to 2025-01-25 16:44:58 Timechunk-------
2026-03-29 08:32:51,446 - INFO - Picks saved at /home/blackwinter/projects/eqcct/eqcctpro/results/csv/eqcct_explosions_th0_1/20250125T164358Z_20250125T164458ZProcess Runtime: 2.68 s
2026-03-29 08:32:51,451 - INFO - Successfully ran EQCCTPro, exiting...
2026-03-29 08:32:53,136 - INFO - Ray Successfully Shutdown.
2026-03-29 08:32:53,137 - INFO - ------- Successfully Picked All Waveform(s) from all Timechunk(s) -------
