2026-03-20 07:55:25,513 - INFO - 
2026-03-20 07:55:25,513 - INFO - ------- Welcome to EQCCTPro -------
2026-03-20 07:55:25,513 - INFO - 
2026-03-20 07:55:25,514 - INFO - Running EQCCT over Requested MSeed Files using CPU(s)...
2026-03-20 07:55:25,514 - INFO - GPU disabled (CPU-only).
2026-03-20 07:55:25,514 - INFO - Configured Intra-op threads = 1
2026-03-20 07:55:25,514 - INFO - Configured Inter-op threads = 1
2026-03-20 07:55:25,514 - INFO - TensorFlow: No GPUs visible; TF will proceed on CPU.
2026-03-20 07:55:25,514 - INFO - 
2026-03-20 07:55:30,896 - INFO - Ray Successfully Initialized with 4 CPU(s) ([0, 1, 2, 3] CPU Affinity Binding).
2026-03-20 07:55:30,897 - INFO - Analyzing 1 time chunk(s) from 2025-12-19 08:37:21 to 2025-12-19 08:38:21 (dt=1min, overlap=0min).
2026-03-20 07:55:30,897 - INFO - Using 1 selected station(s).
2026-03-20 07:55:30,897 - INFO - 
2026-03-20 07:55:30,898 - INFO - ------- Starting EQCCTPro... -------
2026-03-20 07:55:30,898 - INFO - Detailed subprocess information can be found in the log file.
2026-03-20 07:55:30,898 - INFO - 
2026-03-20 07:55:31,277 - INFO - GPU disabled (CPU-only).
2026-03-20 07:55:32,770 - INFO - Configured Intra-op threads = 1
2026-03-20 07:55:32,772 - INFO - Configured Inter-op threads = 1
2026-03-20 07:55:32,815 - INFO - TensorFlow: No GPUs visible; TF will proceed on CPU.
2026-03-20 07:55:32,817 - INFO - 
2026-03-20 07:55:32,820 - INFO - ------- Hardware Configuration -------
2026-03-20 07:55:32,822 - INFO - CPU affinity set to cores: [0, 1, 2, 3]
2026-03-20 07:55:32,824 - INFO - 
2026-03-20 07:55:32,827 - INFO - ------- Data Preprocessing for EQCCTPro -------
2026-03-20 07:55:32,829 - INFO - 1 station(s) in /home/blackwinter/projects/eqcct/eqcctpro/data/waveforms_earthquakes_nonoise/20251219T083721Z_20251219T083821Z
2026-03-20 07:55:32,831 - INFO - Using 1 selected station(s): ['SGF'].
2026-03-20 07:55:32,832 - INFO - Creating model actor(s)...
2026-03-20 07:55:32,834 - INFO - System RAM: Total=7870 MB, Available=1685 MB
2026-03-20 07:55:32,836 - INFO - Usable RAM budget: 7083 MB (90% of total)
2026-03-20 07:55:32,838 - INFO - ===== MEMORY-AWARE CPU ACTOR POOL (EQCCT) =====
2026-03-20 07:55:32,840 - INFO - Requested concurrent tasks: 1
2026-03-20 07:55:32,843 - INFO - Available CPUs: 4
2026-03-20 07:55:32,844 - INFO - Available RAM: 7083 MB
2026-03-20 07:55:32,846 - INFO - RAM per model: 2264 MB
2026-03-20 07:55:32,848 - INFO - Max actors by RAM: 3
2026-03-20 07:55:32,849 - INFO - Creating 1 ModelActor(s)
2026-03-20 07:55:32,851 - INFO - Let Ray handle scheduling (taskset already restricts CPU visibility)
2026-03-20 07:55:32,853 - INFO - Creating ModelActor 1/1 (2.21GB RAM each)...
2026-03-20 07:55:36,790 - INFO - ModelActor 1 created successfully.
2026-03-20 07:55:36,792 - INFO - Created 1 CPU actor(s). Task queue will handle concurrency.
2026-03-20 07:55:36,794 - INFO - Starting EQCCTPro parallelized waveform processing...
2026-03-20 07:55:36,796 - INFO - 
2026-03-20 07:55:36,798 - INFO - ------- Analyzing Seismic Waveforms for P and S Picks via EQCCT -------
2026-03-20 07:55:36,800 - INFO - Analyzing 0:01:00 minute timechunk from 2025-12-19 08:37:21 to 2025-12-19 08:38:21 (0 min overlap)
2026-03-20 07:55:36,802 - INFO - Processing a total of 1 stations, 1 at a time.
2026-03-20 07:55:40,994 - INFO - (1/1) SGF: Finished the prediction in 2.16s. (HP=1.0, LP=45.0)
2026-03-20 07:55:40,997 - INFO - 
2026-03-20 07:55:40,999 - INFO - ------- Parallel Station Waveform Processing Complete For 2025-12-19 08:37:21 to 2025-12-19 08:38:21 Timechunk-------
2026-03-20 07:55:41,001 - INFO - Picks saved at /home/blackwinter/projects/eqcct/eqcctpro/results/csv/eqcct_earthquakes_th0_1/20251219T083721Z_20251219T083821ZProcess Runtime: 4.20 s
2026-03-20 07:55:41,005 - INFO - Successfully ran EQCCTPro, exiting...
2026-03-20 07:55:42,837 - INFO - Ray Successfully Shutdown.
2026-03-20 07:55:42,837 - INFO - ------- Successfully Picked All Waveform(s) from all Timechunk(s) -------
