2026-03-19 23:33:43,023 - INFO - 
2026-03-19 23:33:43,024 - INFO - ------- Welcome to EQCCTPro -------
2026-03-19 23:33:43,024 - INFO - 
2026-03-19 23:33:43,024 - INFO - Running EQCCT over Requested MSeed Files using CPU(s)...
2026-03-19 23:33:43,025 - INFO - GPU disabled (CPU-only).
2026-03-19 23:33:43,025 - INFO - Configured Intra-op threads = 1
2026-03-19 23:33:43,025 - INFO - Configured Inter-op threads = 1
2026-03-19 23:33:43,025 - INFO - TensorFlow: No GPUs visible; TF will proceed on CPU.
2026-03-19 23:33:43,025 - INFO - 
2026-03-19 23:33:48,333 - INFO - Ray Successfully Initialized with 4 CPU(s) ([0, 1, 2, 3] CPU Affinity Binding).
2026-03-19 23:33:48,333 - INFO - Analyzing 1 time chunk(s) from 2025-02-02 00:33:28 to 2025-02-02 00:34:28 (dt=1min, overlap=0min).
2026-03-19 23:33:48,334 - INFO - Using 1 selected station(s).
2026-03-19 23:33:48,334 - INFO - 
2026-03-19 23:33:48,334 - INFO - ------- Starting EQCCTPro... -------
2026-03-19 23:33:48,334 - INFO - Detailed subprocess information can be found in the log file.
2026-03-19 23:33:48,334 - INFO - 
2026-03-19 23:33:48,710 - INFO - GPU disabled (CPU-only).
2026-03-19 23:33:50,266 - INFO - Configured Intra-op threads = 1
2026-03-19 23:33:50,268 - INFO - Configured Inter-op threads = 1
2026-03-19 23:33:50,316 - INFO - TensorFlow: No GPUs visible; TF will proceed on CPU.
2026-03-19 23:33:50,318 - INFO - 
2026-03-19 23:33:50,320 - INFO - ------- Hardware Configuration -------
2026-03-19 23:33:50,323 - INFO - CPU affinity set to cores: [0, 1, 2, 3]
2026-03-19 23:33:50,324 - INFO - 
2026-03-19 23:33:50,326 - INFO - ------- Data Preprocessing for EQCCTPro -------
2026-03-19 23:33:50,328 - INFO - 1 station(s) in /home/blackwinter/projects/eqcct/eqcctpro/data/waveforms_earthquakes_nonoise/20250202T003328Z_20250202T003428Z
2026-03-19 23:33:50,329 - INFO - Using 1 selected station(s): ['RAJF'].
2026-03-19 23:33:50,331 - INFO - Creating model actor(s)...
2026-03-19 23:33:50,333 - INFO - System RAM: Total=7870 MB, Available=2734 MB
2026-03-19 23:33:50,335 - INFO - Usable RAM budget: 7083 MB (90% of total)
2026-03-19 23:33:50,337 - INFO - ===== MEMORY-AWARE CPU ACTOR POOL (EQCCT) =====
2026-03-19 23:33:50,340 - INFO - Requested concurrent tasks: 1
2026-03-19 23:33:50,342 - INFO - Available CPUs: 4
2026-03-19 23:33:50,344 - INFO - Available RAM: 7083 MB
2026-03-19 23:33:50,347 - INFO - RAM per model: 2264 MB
2026-03-19 23:33:50,349 - INFO - Max actors by RAM: 3
2026-03-19 23:33:50,351 - INFO - Creating 1 ModelActor(s)
2026-03-19 23:33:50,353 - INFO - Let Ray handle scheduling (taskset already restricts CPU visibility)
2026-03-19 23:33:50,355 - INFO - Creating ModelActor 1/1 (2.21GB RAM each)...
2026-03-19 23:33:54,313 - INFO - ModelActor 1 created successfully.
2026-03-19 23:33:54,315 - INFO - Created 1 CPU actor(s). Task queue will handle concurrency.
2026-03-19 23:33:54,316 - INFO - Starting EQCCTPro parallelized waveform processing...
2026-03-19 23:33:54,318 - INFO - 
2026-03-19 23:33:54,320 - INFO - ------- Analyzing Seismic Waveforms for P and S Picks via EQCCT -------
2026-03-19 23:33:54,323 - INFO - Analyzing 0:01:00 minute timechunk from 2025-02-02 00:33:28 to 2025-02-02 00:34:28 (0 min overlap)
2026-03-19 23:33:54,325 - INFO - Processing a total of 1 stations, 1 at a time.
2026-03-19 23:33:58,379 - INFO - (1/1) RAJF: Finished the prediction in 2.15s. (HP=1.0, LP=45.0)
2026-03-19 23:33:58,381 - INFO - 
2026-03-19 23:33:58,384 - INFO - ------- Parallel Station Waveform Processing Complete For 2025-02-02 00:33:28 to 2025-02-02 00:34:28 Timechunk-------
2026-03-19 23:33:58,386 - INFO - Picks saved at /home/blackwinter/projects/eqcct/eqcctpro/results/csv/eqcct_earthquakes_th0_1/20250202T003328Z_20250202T003428ZProcess Runtime: 4.07 s
2026-03-19 23:33:58,391 - INFO - Successfully ran EQCCTPro, exiting...
2026-03-19 23:33:59,716 - INFO - Ray Successfully Shutdown.
2026-03-19 23:33:59,716 - INFO - ------- Successfully Picked All Waveform(s) from all Timechunk(s) -------
