2026-02-24 01:13:11,906 - INFO - 
2026-02-24 01:13:11,907 - INFO - ------- Welcome to EQCCTPro -------
2026-02-24 01:13:11,907 - INFO - 
2026-02-24 01:13:11,907 - INFO - Running EQCCT over Requested MSeed Files using CPU(s)...
2026-02-24 01:13:11,907 - INFO - GPU disabled (CPU-only).
2026-02-24 01:13:11,908 - INFO - Configured Intra-op threads = 1
2026-02-24 01:13:11,908 - INFO - Configured Inter-op threads = 1
2026-02-24 01:13:11,908 - INFO - TensorFlow: No GPUs visible; TF will proceed on CPU.
2026-02-24 01:13:11,908 - INFO - 
2026-02-24 01:13:17,521 - INFO - Ray Successfully Initialized with 4 CPU(s) ([0, 1, 2, 3] CPU Affinity Binding).
2026-02-24 01:13:17,521 - INFO - Analyzing 1 time chunk(s) from 2025-05-31 21:20:29 to 2025-05-31 21:21:29 (dt=1min, overlap=0min).
2026-02-24 01:13:17,522 - INFO - Using 1 selected station(s).
2026-02-24 01:13:17,522 - INFO - 
2026-02-24 01:13:17,522 - INFO - ------- Starting EQCCTPro... -------
2026-02-24 01:13:17,522 - INFO - Detailed subprocess information can be found in the log file.
2026-02-24 01:13:17,522 - INFO - 
2026-02-24 01:13:17,888 - INFO - GPU disabled (CPU-only).
2026-02-24 01:13:19,353 - INFO - Configured Intra-op threads = 1
2026-02-24 01:13:19,356 - INFO - Configured Inter-op threads = 1
2026-02-24 01:13:19,390 - INFO - TensorFlow: No GPUs visible; TF will proceed on CPU.
2026-02-24 01:13:19,392 - INFO - 
2026-02-24 01:13:19,394 - INFO - ------- Hardware Configuration -------
2026-02-24 01:13:19,396 - INFO - CPU affinity set to cores: [0, 1, 2, 3]
2026-02-24 01:13:19,398 - INFO - 
2026-02-24 01:13:19,400 - INFO - ------- Data Preprocessing for EQCCTPro -------
2026-02-24 01:13:19,402 - INFO - 1 station(s) in /home/blackwinter/projects/eqcct/eqcctpro/data/waveforms_earthquakes_noise_only/20250531T212029Z_20250531T212129Z
2026-02-24 01:13:19,403 - INFO - Using 1 selected station(s): ['KEV'].
2026-02-24 01:13:19,405 - INFO - Creating model actor(s)...
2026-02-24 01:13:19,407 - INFO - System RAM: Total=7870 MB, Available=2611 MB
2026-02-24 01:13:19,409 - INFO - Usable RAM budget: 7083 MB (90% of total)
2026-02-24 01:13:19,411 - INFO - ===== MEMORY-AWARE CPU ACTOR POOL (EQCCT) =====
2026-02-24 01:13:19,413 - INFO - Requested concurrent tasks: 1
2026-02-24 01:13:19,414 - INFO - Available CPUs: 4
2026-02-24 01:13:19,416 - INFO - Available RAM: 7083 MB
2026-02-24 01:13:19,418 - INFO - RAM per model: 2264 MB
2026-02-24 01:13:19,420 - INFO - Max actors by RAM: 3
2026-02-24 01:13:19,422 - INFO - Creating 1 ModelActor(s)
2026-02-24 01:13:19,424 - INFO - Let Ray handle scheduling (taskset already restricts CPU visibility)
2026-02-24 01:13:19,425 - INFO - Creating ModelActor 1/1 (2.21GB RAM each)...
2026-02-24 01:13:23,300 - INFO - ModelActor 1 created successfully.
2026-02-24 01:13:23,302 - INFO - Created 1 CPU actor(s). Task queue will handle concurrency.
2026-02-24 01:13:23,305 - INFO - Starting EQCCTPro parallelized waveform processing...
2026-02-24 01:13:23,307 - INFO - 
2026-02-24 01:13:23,309 - INFO - ------- Analyzing Seismic Waveforms for P and S Picks via EQCCT -------
2026-02-24 01:13:23,311 - INFO - Analyzing 0:01:00 minute timechunk from 2025-05-31 21:20:29 to 2025-05-31 21:21:29 (0 min overlap)
2026-02-24 01:13:23,313 - INFO - Processing a total of 1 stations, 1 at a time.
2026-02-24 01:13:27,721 - INFO - (1/1) KEV: Finished the prediction in 2.27s. (HP=1.0, LP=45.0)
2026-02-24 01:13:27,728 - INFO - 
2026-02-24 01:13:27,730 - INFO - ------- Parallel Station Waveform Processing Complete For 2025-05-31 21:20:29 to 2025-05-31 21:21:29 Timechunk-------
2026-02-24 01:13:27,732 - INFO - Picks saved at /home/blackwinter/projects/eqcct/eqcctpro/results/csv/bm_eq_noise_only/20250531T212029Z_20250531T212129ZProcess Runtime: 4.42 s
2026-02-24 01:13:27,737 - INFO - Successfully ran EQCCTPro, exiting...
2026-02-24 01:13:29,449 - INFO - Ray Successfully Shutdown.
2026-02-24 01:13:29,449 - INFO - ------- Successfully Picked All Waveform(s) from all Timechunk(s) -------
