2026-03-28 21:37:56,583 - INFO - 
2026-03-28 21:37:56,583 - INFO - ------- Welcome to EQCCTPro -------
2026-03-28 21:37:56,583 - INFO - 
2026-03-28 21:37:56,584 - INFO - Running EQCCT over Requested MSeed Files using CPU(s)...
2026-03-28 21:37:56,584 - INFO - GPU disabled (CPU-only).
2026-03-28 21:43:32,369 - INFO - 
2026-03-28 21:43:32,370 - INFO - ------- Welcome to EQCCTPro -------
2026-03-28 21:43:32,370 - INFO - 
2026-03-28 21:43:32,371 - INFO - Running EQCCT over Requested MSeed Files using CPU(s)...
2026-03-28 21:43:32,371 - INFO - GPU disabled (CPU-only).
2026-03-28 21:43:32,371 - INFO - Configured Intra-op threads = 1
2026-03-28 21:43:32,371 - INFO - Configured Inter-op threads = 1
2026-03-28 21:43:32,372 - INFO - TensorFlow: No GPUs visible; TF will proceed on CPU.
2026-03-28 21:43:32,372 - INFO - 
2026-03-28 21:43:39,104 - INFO - Ray Successfully Initialized with 4 CPU(s) ([0, 1, 2, 3] CPU Affinity Binding).
2026-03-28 21:43:39,105 - INFO - Analyzing 1 time chunk(s) from 2025-01-02 11:51:29 to 2025-01-02 11:52:29 (dt=1min, overlap=0min).
2026-03-28 21:43:39,105 - INFO - Using 1 selected station(s).
2026-03-28 21:43:39,105 - INFO - 
2026-03-28 21:43:39,106 - INFO - ------- Starting EQCCTPro... -------
2026-03-28 21:43:39,106 - INFO - Detailed subprocess information can be found in the log file.
2026-03-28 21:43:39,106 - INFO - 
2026-03-28 21:43:39,541 - INFO - GPU disabled (CPU-only).
2026-03-28 21:43:41,442 - INFO - Configured Intra-op threads = 1
2026-03-28 21:43:41,444 - INFO - Configured Inter-op threads = 1
2026-03-28 21:43:41,493 - INFO - TensorFlow: No GPUs visible; TF will proceed on CPU.
2026-03-28 21:43:41,496 - INFO - 
2026-03-28 21:43:41,500 - INFO - ------- Hardware Configuration -------
2026-03-28 21:43:41,504 - INFO - CPU affinity set to cores: [0, 1, 2, 3]
2026-03-28 21:43:41,508 - INFO - 
2026-03-28 21:43:41,512 - INFO - ------- Data Preprocessing for EQCCTPro -------
2026-03-28 21:43:41,516 - INFO - 1 station(s) in /home/blackwinter/projects/eqcct/eqcctpro/data/waveforms_explosions_nonoise/20250102T115129Z_20250102T115229Z
2026-03-28 21:43:41,520 - INFO - Using 1 selected station(s): ['OBF3'].
2026-03-28 21:43:41,524 - INFO - Creating model actor(s)...
2026-03-28 21:43:41,529 - INFO - System RAM: Total=7870 MB, Available=3993 MB
2026-03-28 21:43:41,533 - INFO - Usable RAM budget: 7083 MB (90% of total)
2026-03-28 21:43:41,536 - INFO - ===== MEMORY-AWARE CPU ACTOR POOL (EQCCT) =====
2026-03-28 21:43:41,539 - INFO - Requested concurrent tasks: 1
2026-03-28 21:43:41,542 - INFO - Available CPUs: 4
2026-03-28 21:43:41,545 - INFO - Available RAM: 7083 MB
2026-03-28 21:43:41,548 - INFO - RAM per model: 2264 MB
2026-03-28 21:43:41,551 - INFO - Max actors by RAM: 3
2026-03-28 21:43:41,553 - INFO - Creating 1 ModelActor(s)
2026-03-28 21:43:41,556 - INFO - Let Ray handle scheduling (taskset already restricts CPU visibility)
2026-03-28 21:43:41,558 - INFO - Creating ModelActor 1/1 (2.21GB RAM each)...
2026-03-28 21:43:46,789 - INFO - ModelActor 1 created successfully.
2026-03-28 21:43:46,791 - INFO - Created 1 CPU actor(s). Task queue will handle concurrency.
2026-03-28 21:43:46,794 - INFO - Starting EQCCTPro parallelized waveform processing...
2026-03-28 21:43:46,797 - INFO - 
2026-03-28 21:43:46,800 - INFO - ------- Analyzing Seismic Waveforms for P and S Picks via EQCCT -------
2026-03-28 21:43:46,804 - INFO - Analyzing 0:01:00 minute timechunk from 2025-01-02 11:51:29 to 2025-01-02 11:52:29 (0 min overlap)
2026-03-28 21:43:46,806 - INFO - Processing a total of 1 stations, 1 at a time.
2026-03-28 21:43:51,844 - INFO - (1/1) OBF3: Finished the prediction in 2.85s. (HP=1.0, LP=45.0)
2026-03-28 21:43:51,847 - INFO - 
2026-03-28 21:43:51,850 - INFO - ------- Parallel Station Waveform Processing Complete For 2025-01-02 11:51:29 to 2025-01-02 11:52:29 Timechunk-------
2026-03-28 21:43:51,853 - INFO - Picks saved at /home/blackwinter/projects/eqcct/eqcctpro/results/csv/eqcct_explosions_th0_1/20250102T115129Z_20250102T115229ZProcess Runtime: 5.05 s
2026-03-28 21:43:51,858 - INFO - Successfully ran EQCCTPro, exiting...
2026-03-28 21:43:53,359 - INFO - Ray Successfully Shutdown.
2026-03-28 21:43:53,359 - INFO - ------- Successfully Picked All Waveform(s) from all Timechunk(s) -------
