2026-03-28 19:34:22,815 - INFO - 
2026-03-28 19:34:22,815 - INFO - ------- Welcome to EQCCTPro -------
2026-03-28 19:34:22,815 - INFO - 
2026-03-28 19:34:22,815 - INFO - Running EQCCT over Requested MSeed Files using CPU(s)...
2026-03-28 19:34:22,816 - INFO - GPU disabled (CPU-only).
2026-03-28 19:34:22,816 - INFO - Skipping framework-specific initialization in the driver process.
2026-03-28 19:34:25,496 - INFO - Ray Successfully Initialized with 4 CPU(s) ([0, 1, 2, 3] CPU Affinity Binding).
2026-03-28 19:34:25,497 - INFO - Analyzing 1 time chunk(s) from 2025-01-20 12:36:11 to 2025-01-20 12:37:11 (dt=1min, overlap=0min).
2026-03-28 19:34:25,497 - INFO - Using 1 selected station(s).
2026-03-28 19:34:25,497 - INFO - 
2026-03-28 19:34:25,497 - INFO - ------- Starting EQCCTPro... -------
2026-03-28 19:34:25,498 - INFO - Detailed subprocess information can be found in the log file.
2026-03-28 19:34:25,498 - INFO - 
2026-03-28 19:34:25,868 - INFO - GPU disabled (CPU-only).
2026-03-28 19:34:25,873 - INFO - Skipping framework-specific initialization in the driver process.
2026-03-28 19:34:25,875 - INFO - ------- Hardware Configuration -------
2026-03-28 19:34:25,878 - INFO - CPU affinity set to cores: [0, 1, 2, 3]
2026-03-28 19:34:25,881 - INFO - 
2026-03-28 19:34:25,884 - INFO - ------- Data Preprocessing for EQCCTPro -------
2026-03-28 19:34:25,887 - INFO - 1 station(s) in /home/blackwinter/projects/eqcct/eqcctpro/data/waveforms_explosions_nonoise/20250120T123611Z_20250120T123711Z
2026-03-28 19:34:25,889 - INFO - Using 1 selected station(s): ['NUR'].
2026-03-28 19:34:25,892 - INFO - Creating model actor(s)...
2026-03-28 19:34:25,894 - INFO - System RAM: Total=7870 MB, Available=4066 MB
2026-03-28 19:34:25,897 - INFO - Usable RAM budget: 7083 MB (90% of total)
2026-03-28 19:34:25,900 - INFO - ===== MEMORY-AWARE CPU ACTOR POOL =====
2026-03-28 19:34:25,902 - INFO - Requested concurrent tasks: 1
2026-03-28 19:34:25,904 - INFO - Available CPUs: 4
2026-03-28 19:34:25,907 - INFO - Available RAM: 7083 MB
2026-03-28 19:34:25,910 - INFO - RAM per model: 2060 MB
2026-03-28 19:34:25,912 - INFO - Max actors by RAM: 3
2026-03-28 19:34:25,915 - INFO - Creating 1 SeisBenchModelActor(s)
2026-03-28 19:34:25,918 - INFO - Let Ray handle scheduling (taskset already restricts CPU visibility)
2026-03-28 19:34:25,921 - INFO - Creating SeisBenchModelActor 1/1 (2.01GB RAM each)...
2026-03-28 19:34:29,327 - INFO - SeisBenchModelActor 1 created successfully.
2026-03-28 19:34:29,330 - INFO - Created 1 CPU actor(s). Task queue will handle concurrency.
2026-03-28 19:34:29,332 - INFO - Starting EQCCTPro parallelized waveform processing...
2026-03-28 19:34:29,334 - INFO - 
2026-03-28 19:34:29,337 - INFO - ------- Analyzing Seismic Waveforms for P and S Picks via SeisBench (EQTransformer - original_nonconservative) -------
2026-03-28 19:34:29,339 - INFO - Analyzing 0:01:00 minute timechunk from 2025-01-20 12:36:11 to 2025-01-20 12:37:11 (0 min overlap)
2026-03-28 19:34:29,342 - INFO - Processing a total of 1 stations, 1 at a time.
2026-03-28 19:34:31,688 - INFO - (1/1) NUR: Finished the prediction in 0.14s. (HP=1.0, LP=45.0, picks=0)
2026-03-28 19:34:31,692 - INFO - 
2026-03-28 19:34:31,695 - INFO - ------- Parallel Station Waveform Processing Complete For 2025-01-20 12:36:11 to 2025-01-20 12:37:11 Timechunk-------
2026-03-28 19:34:31,698 - INFO - Picks saved at /home/blackwinter/projects/eqcct/eqcctpro/results/csv/eqt_explosions_th0_1/20250120T123611Z_20250120T123711ZProcess Runtime: 2.36 s
2026-03-28 19:34:31,706 - INFO - Successfully ran EQCCTPro, exiting...
2026-03-28 19:34:33,575 - INFO - Ray Successfully Shutdown.
2026-03-28 19:34:33,575 - INFO - ------- Successfully Picked All Waveform(s) from all Timechunk(s) -------
