2026-03-20 05:25:35,870 - INFO - 
2026-03-20 05:25:35,870 - INFO - ------- Welcome to EQCCTPro -------
2026-03-20 05:25:35,870 - INFO - 
2026-03-20 05:25:35,870 - INFO - Running EQCCT over Requested MSeed Files using CPU(s)...
2026-03-20 05:25:35,871 - INFO - GPU disabled (CPU-only).
2026-03-20 05:25:35,871 - INFO - Configured Intra-op threads = 1
2026-03-20 05:25:35,871 - INFO - Configured Inter-op threads = 1
2026-03-20 05:25:35,871 - INFO - TensorFlow: No GPUs visible; TF will proceed on CPU.
2026-03-20 05:25:35,871 - INFO - 
2026-03-20 05:25:41,359 - INFO - Ray Successfully Initialized with 4 CPU(s) ([0, 1, 2, 3] CPU Affinity Binding).
2026-03-20 05:25:41,360 - INFO - Analyzing 1 time chunk(s) from 2025-09-20 16:18:42 to 2025-09-20 16:19:42 (dt=1min, overlap=0min).
2026-03-20 05:25:41,360 - INFO - Using 1 selected station(s).
2026-03-20 05:25:41,360 - INFO - 
2026-03-20 05:25:41,360 - INFO - ------- Starting EQCCTPro... -------
2026-03-20 05:25:41,360 - INFO - Detailed subprocess information can be found in the log file.
2026-03-20 05:25:41,360 - INFO - 
2026-03-20 05:25:41,745 - INFO - GPU disabled (CPU-only).
2026-03-20 05:25:43,225 - INFO - Configured Intra-op threads = 1
2026-03-20 05:25:43,228 - INFO - Configured Inter-op threads = 1
2026-03-20 05:25:43,267 - INFO - TensorFlow: No GPUs visible; TF will proceed on CPU.
2026-03-20 05:25:43,270 - INFO - 
2026-03-20 05:25:43,272 - INFO - ------- Hardware Configuration -------
2026-03-20 05:25:43,274 - INFO - CPU affinity set to cores: [0, 1, 2, 3]
2026-03-20 05:25:43,276 - INFO - 
2026-03-20 05:25:43,277 - INFO - ------- Data Preprocessing for EQCCTPro -------
2026-03-20 05:25:43,279 - INFO - 1 station(s) in /home/blackwinter/projects/eqcct/eqcctpro/data/waveforms_earthquakes_nonoise/20250920T161842Z_20250920T161942Z
2026-03-20 05:25:43,281 - INFO - Using 1 selected station(s): ['KU6'].
2026-03-20 05:25:43,283 - INFO - Creating model actor(s)...
2026-03-20 05:25:43,285 - INFO - System RAM: Total=7870 MB, Available=1779 MB
2026-03-20 05:25:43,287 - INFO - Usable RAM budget: 7083 MB (90% of total)
2026-03-20 05:25:43,288 - INFO - ===== MEMORY-AWARE CPU ACTOR POOL (EQCCT) =====
2026-03-20 05:25:43,290 - INFO - Requested concurrent tasks: 1
2026-03-20 05:25:43,292 - INFO - Available CPUs: 4
2026-03-20 05:25:43,294 - INFO - Available RAM: 7083 MB
2026-03-20 05:25:43,296 - INFO - RAM per model: 2264 MB
2026-03-20 05:25:43,298 - INFO - Max actors by RAM: 3
2026-03-20 05:25:43,300 - INFO - Creating 1 ModelActor(s)
2026-03-20 05:25:43,302 - INFO - Let Ray handle scheduling (taskset already restricts CPU visibility)
2026-03-20 05:25:43,304 - INFO - Creating ModelActor 1/1 (2.21GB RAM each)...
2026-03-20 05:25:47,246 - INFO - ModelActor 1 created successfully.
2026-03-20 05:25:47,248 - INFO - Created 1 CPU actor(s). Task queue will handle concurrency.
2026-03-20 05:25:47,251 - INFO - Starting EQCCTPro parallelized waveform processing...
2026-03-20 05:25:47,253 - INFO - 
2026-03-20 05:25:47,255 - INFO - ------- Analyzing Seismic Waveforms for P and S Picks via EQCCT -------
2026-03-20 05:25:47,258 - INFO - Analyzing 0:01:00 minute timechunk from 2025-09-20 16:18:42 to 2025-09-20 16:19:42 (0 min overlap)
2026-03-20 05:25:47,260 - INFO - Processing a total of 1 stations, 1 at a time.
2026-03-20 05:25:51,314 - INFO - (1/1) KU6: Finished the prediction in 2.13s. (HP=1.0, LP=45.0)
2026-03-20 05:25:51,317 - INFO - 
2026-03-20 05:25:51,319 - INFO - ------- Parallel Station Waveform Processing Complete For 2025-09-20 16:18:42 to 2025-09-20 16:19:42 Timechunk-------
2026-03-20 05:25:51,321 - INFO - Picks saved at /home/blackwinter/projects/eqcct/eqcctpro/results/csv/eqcct_earthquakes_th0_1/20250920T161842Z_20250920T161942ZProcess Runtime: 4.07 s
2026-03-20 05:25:51,326 - INFO - Successfully ran EQCCTPro, exiting...
2026-03-20 05:25:52,822 - INFO - Ray Successfully Shutdown.
2026-03-20 05:25:52,822 - INFO - ------- Successfully Picked All Waveform(s) from all Timechunk(s) -------
