2026-03-20 04:12:41,214 - INFO - 
2026-03-20 04:12:41,215 - INFO - ------- Welcome to EQCCTPro -------
2026-03-20 04:12:41,215 - INFO - 
2026-03-20 04:12:41,215 - INFO - Running EQCCT over Requested MSeed Files using CPU(s)...
2026-03-20 04:12:41,216 - INFO - GPU disabled (CPU-only).
2026-03-20 04:12:41,216 - INFO - Configured Intra-op threads = 1
2026-03-20 04:12:41,216 - INFO - Configured Inter-op threads = 1
2026-03-20 04:12:41,216 - INFO - TensorFlow: No GPUs visible; TF will proceed on CPU.
2026-03-20 04:12:41,216 - INFO - 
2026-03-20 04:12:46,657 - INFO - Ray Successfully Initialized with 4 CPU(s) ([0, 1, 2, 3] CPU Affinity Binding).
2026-03-20 04:12:46,657 - INFO - Analyzing 1 time chunk(s) from 2025-08-17 03:15:30 to 2025-08-17 03:16:30 (dt=1min, overlap=0min).
2026-03-20 04:12:46,657 - INFO - Using 1 selected station(s).
2026-03-20 04:12:46,657 - INFO - 
2026-03-20 04:12:46,658 - INFO - ------- Starting EQCCTPro... -------
2026-03-20 04:12:46,658 - INFO - Detailed subprocess information can be found in the log file.
2026-03-20 04:12:46,658 - INFO - 
2026-03-20 04:12:47,042 - INFO - GPU disabled (CPU-only).
2026-03-20 04:12:48,539 - INFO - Configured Intra-op threads = 1
2026-03-20 04:12:48,542 - INFO - Configured Inter-op threads = 1
2026-03-20 04:12:48,587 - INFO - TensorFlow: No GPUs visible; TF will proceed on CPU.
2026-03-20 04:12:48,590 - INFO - 
2026-03-20 04:12:48,592 - INFO - ------- Hardware Configuration -------
2026-03-20 04:12:48,595 - INFO - CPU affinity set to cores: [0, 1, 2, 3]
2026-03-20 04:12:48,597 - INFO - 
2026-03-20 04:12:48,599 - INFO - ------- Data Preprocessing for EQCCTPro -------
2026-03-20 04:12:48,601 - INFO - 1 station(s) in /home/blackwinter/projects/eqcct/eqcctpro/data/waveforms_earthquakes_nonoise/20250817T031530Z_20250817T031630Z
2026-03-20 04:12:48,604 - INFO - Using 1 selected station(s): ['VAF'].
2026-03-20 04:12:48,606 - INFO - Creating model actor(s)...
2026-03-20 04:12:48,608 - INFO - System RAM: Total=7870 MB, Available=1719 MB
2026-03-20 04:12:48,611 - INFO - Usable RAM budget: 7083 MB (90% of total)
2026-03-20 04:12:48,613 - INFO - ===== MEMORY-AWARE CPU ACTOR POOL (EQCCT) =====
2026-03-20 04:12:48,615 - INFO - Requested concurrent tasks: 1
2026-03-20 04:12:48,616 - INFO - Available CPUs: 4
2026-03-20 04:12:48,618 - INFO - Available RAM: 7083 MB
2026-03-20 04:12:48,620 - INFO - RAM per model: 2264 MB
2026-03-20 04:12:48,622 - INFO - Max actors by RAM: 3
2026-03-20 04:12:48,624 - INFO - Creating 1 ModelActor(s)
2026-03-20 04:12:48,626 - INFO - Let Ray handle scheduling (taskset already restricts CPU visibility)
2026-03-20 04:12:48,628 - INFO - Creating ModelActor 1/1 (2.21GB RAM each)...
2026-03-20 04:12:52,479 - INFO - ModelActor 1 created successfully.
2026-03-20 04:12:52,481 - INFO - Created 1 CPU actor(s). Task queue will handle concurrency.
2026-03-20 04:12:52,483 - INFO - Starting EQCCTPro parallelized waveform processing...
2026-03-20 04:12:52,485 - INFO - 
2026-03-20 04:12:52,488 - INFO - ------- Analyzing Seismic Waveforms for P and S Picks via EQCCT -------
2026-03-20 04:12:52,490 - INFO - Analyzing 0:01:00 minute timechunk from 2025-08-17 03:15:30 to 2025-08-17 03:16:30 (0 min overlap)
2026-03-20 04:12:52,492 - INFO - Processing a total of 1 stations, 1 at a time.
2026-03-20 04:12:56,753 - INFO - (1/1) VAF: Finished the prediction in 2.37s. (HP=1.0, LP=45.0)
2026-03-20 04:12:56,760 - INFO - 
2026-03-20 04:12:56,763 - INFO - ------- Parallel Station Waveform Processing Complete For 2025-08-17 03:15:30 to 2025-08-17 03:16:30 Timechunk-------
2026-03-20 04:12:56,770 - INFO - Successfully ran EQCCTPro, exiting...
2026-03-20 04:12:56,765 - INFO - Picks saved at /home/blackwinter/projects/eqcct/eqcctpro/results/csv/eqcct_earthquakes_th0_1/20250817T031530Z_20250817T031630ZProcess Runtime: 4.28 s
2026-03-20 04:12:58,729 - INFO - Ray Successfully Shutdown.
2026-03-20 04:12:58,729 - INFO - ------- Successfully Picked All Waveform(s) from all Timechunk(s) -------
