2026-02-22 15:35:40,384 - INFO - 
2026-02-22 15:35:40,384 - INFO - ------- Welcome to EQCCTPro -------
2026-02-22 15:35:40,385 - INFO - 
2026-02-22 15:35:40,385 - INFO - Running EQCCT over Requested MSeed Files using CPU(s)...
2026-02-22 15:35:40,385 - INFO - GPU disabled (CPU-only).
2026-02-22 15:35:40,386 - INFO - Configured Intra-op threads = 1
2026-02-22 15:35:40,386 - INFO - Configured Inter-op threads = 1
2026-02-22 15:35:40,386 - INFO - TensorFlow: No GPUs visible; TF will proceed on CPU.
2026-02-22 15:35:40,386 - INFO - 
2026-02-22 15:35:45,716 - INFO - Ray Successfully Initialized with 4 CPU(s) ([0, 1, 2, 3] CPU Affinity Binding).
2026-02-22 15:35:45,717 - INFO - Analyzing 1 time chunk(s) from 2025-05-14 21:25:07 to 2025-05-14 21:26:07 (dt=1min, overlap=0min).
2026-02-22 15:35:45,717 - INFO - Using 1 selected station(s).
2026-02-22 15:35:45,717 - INFO - 
2026-02-22 15:35:45,717 - INFO - ------- Starting EQCCTPro... -------
2026-02-22 15:35:45,717 - INFO - Detailed subprocess information can be found in the log file.
2026-02-22 15:35:45,717 - INFO - 
2026-02-22 15:35:46,093 - INFO - GPU disabled (CPU-only).
2026-02-22 15:35:47,665 - INFO - Configured Intra-op threads = 1
2026-02-22 15:35:47,668 - INFO - Configured Inter-op threads = 1
2026-02-22 15:35:47,712 - INFO - TensorFlow: No GPUs visible; TF will proceed on CPU.
2026-02-22 15:35:47,714 - INFO - 
2026-02-22 15:35:47,717 - INFO - ------- Hardware Configuration -------
2026-02-22 15:35:47,718 - INFO - CPU affinity set to cores: [0, 1, 2, 3]
2026-02-22 15:35:47,720 - INFO - 
2026-02-22 15:35:47,722 - INFO - ------- Data Preprocessing for EQCCTPro -------
2026-02-22 15:35:47,724 - INFO - 1 station(s) in /home/blackwinter/projects/eqcct/eqcctpro/data/waveforms_earthquakes_nonoise/20250514T212507Z_20250514T212607Z
2026-02-22 15:35:47,726 - INFO - Using 1 selected station(s): ['TVF'].
2026-02-22 15:35:47,728 - INFO - Creating model actor(s)...
2026-02-22 15:35:47,730 - INFO - System RAM: Total=7870 MB, Available=2307 MB
2026-02-22 15:35:47,732 - INFO - Usable RAM budget: 7083 MB (90% of total)
2026-02-22 15:35:47,733 - INFO - ===== MEMORY-AWARE CPU ACTOR POOL (EQCCT) =====
2026-02-22 15:35:47,735 - INFO - Requested concurrent tasks: 1
2026-02-22 15:35:47,737 - INFO - Available CPUs: 4
2026-02-22 15:35:47,739 - INFO - Available RAM: 7083 MB
2026-02-22 15:35:47,740 - INFO - RAM per model: 2264 MB
2026-02-22 15:35:47,742 - INFO - Max actors by RAM: 3
2026-02-22 15:35:47,744 - INFO - Creating 1 ModelActor(s)
2026-02-22 15:35:47,746 - INFO - Let Ray handle scheduling (taskset already restricts CPU visibility)
2026-02-22 15:35:47,748 - INFO - Creating ModelActor 1/1 (2.21GB RAM each)...
2026-02-22 15:35:51,760 - INFO - ModelActor 1 created successfully.
2026-02-22 15:35:51,762 - INFO - Created 1 CPU actor(s). Task queue will handle concurrency.
2026-02-22 15:35:51,765 - INFO - Starting EQCCTPro parallelized waveform processing...
2026-02-22 15:35:51,767 - INFO - 
2026-02-22 15:35:51,769 - INFO - ------- Analyzing Seismic Waveforms for P and S Picks via EQCCT -------
2026-02-22 15:35:51,772 - INFO - Analyzing 0:01:00 minute timechunk from 2025-05-14 21:25:07 to 2025-05-14 21:26:07 (0 min overlap)
2026-02-22 15:35:51,774 - INFO - Processing a total of 1 stations, 1 at a time.
2026-02-22 15:35:55,976 - INFO - (1/1) TVF: Finished the prediction in 2.18s. (HP=1.0, LP=45.0)
2026-02-22 15:35:55,978 - INFO - 
2026-02-22 15:35:55,981 - INFO - ------- Parallel Station Waveform Processing Complete For 2025-05-14 21:25:07 to 2025-05-14 21:26:07 Timechunk-------
2026-02-22 15:35:55,983 - INFO - Picks saved at /home/blackwinter/projects/eqcct/eqcctpro/results/csv/bm_eq_nonoise/20250514T212507Z_20250514T212607ZProcess Runtime: 4.21 s
2026-02-22 15:35:55,987 - INFO - Successfully ran EQCCTPro, exiting...
2026-02-22 15:35:57,506 - INFO - Ray Successfully Shutdown.
2026-02-22 15:35:57,507 - INFO - ------- Successfully Picked All Waveform(s) from all Timechunk(s) -------
