2026-03-11 00:05:15,311 - INFO - 
2026-03-11 00:05:15,311 - INFO - ------- Welcome to EQCCTPro -------
2026-03-11 00:05:15,311 - INFO - 
2026-03-11 00:05:15,312 - INFO - Running EQCCT over Requested MSeed Files using CPU(s)...
2026-03-11 00:05:15,312 - INFO - GPU disabled (CPU-only).
2026-03-11 00:05:15,312 - INFO - Configured Intra-op threads = 1
2026-03-11 00:05:15,312 - INFO - Configured Inter-op threads = 1
2026-03-11 00:05:15,312 - INFO - TensorFlow: No GPUs visible; TF will proceed on CPU.
2026-03-11 00:05:15,312 - INFO - 
2026-03-11 00:05:20,041 - INFO - Ray Successfully Initialized with 4 CPU(s) ([0, 1, 2, 3] CPU Affinity Binding).
2026-03-11 00:05:20,042 - INFO - Analyzing 1 time chunk(s) from 2025-01-09 23:29:18 to 2025-01-09 23:30:18 (dt=1min, overlap=0min).
2026-03-11 00:05:20,042 - INFO - Using 1 selected station(s).
2026-03-11 00:05:20,042 - INFO - 
2026-03-11 00:05:20,042 - INFO - ------- Starting EQCCTPro... -------
2026-03-11 00:05:20,042 - INFO - Detailed subprocess information can be found in the log file.
2026-03-11 00:05:20,043 - INFO - 
2026-03-11 00:05:20,421 - INFO - GPU disabled (CPU-only).
2026-03-11 00:05:21,862 - INFO - Configured Intra-op threads = 1
2026-03-11 00:05:21,865 - INFO - Configured Inter-op threads = 1
2026-03-11 00:05:21,908 - INFO - TensorFlow: No GPUs visible; TF will proceed on CPU.
2026-03-11 00:05:21,910 - INFO - 
2026-03-11 00:05:21,912 - INFO - ------- Hardware Configuration -------
2026-03-11 00:05:21,914 - INFO - CPU affinity set to cores: [0, 1, 2, 3]
2026-03-11 00:05:21,916 - INFO - 
2026-03-11 00:05:21,918 - INFO - ------- Data Preprocessing for EQCCTPro -------
2026-03-11 00:05:21,921 - INFO - 1 station(s) in /home/blackwinter/projects/eqcct/eqcctpro/data/waveforms_noise_only/20250109T232918Z_20250109T233018Z
2026-03-11 00:05:21,922 - INFO - Using 1 selected station(s): ['KORF'].
2026-03-11 00:05:21,924 - INFO - Creating model actor(s)...
2026-03-11 00:05:21,926 - INFO - System RAM: Total=7870 MB, Available=2706 MB
2026-03-11 00:05:21,928 - INFO - Usable RAM budget: 7083 MB (90% of total)
2026-03-11 00:05:21,930 - INFO - ===== MEMORY-AWARE CPU ACTOR POOL (EQCCT) =====
2026-03-11 00:05:21,931 - INFO - Requested concurrent tasks: 1
2026-03-11 00:05:21,933 - INFO - Available CPUs: 4
2026-03-11 00:05:21,935 - INFO - Available RAM: 7083 MB
2026-03-11 00:05:21,937 - INFO - RAM per model: 2264 MB
2026-03-11 00:05:21,939 - INFO - Max actors by RAM: 3
2026-03-11 00:05:21,941 - INFO - Creating 1 ModelActor(s)
2026-03-11 00:05:21,942 - INFO - Let Ray handle scheduling (taskset already restricts CPU visibility)
2026-03-11 00:05:21,944 - INFO - Creating ModelActor 1/1 (2.21GB RAM each)...
2026-03-11 00:05:25,877 - INFO - ModelActor 1 created successfully.
2026-03-11 00:05:25,879 - INFO - Created 1 CPU actor(s). Task queue will handle concurrency.
2026-03-11 00:05:25,881 - INFO - Starting EQCCTPro parallelized waveform processing...
2026-03-11 00:05:25,883 - INFO - 
2026-03-11 00:05:25,885 - INFO - ------- Analyzing Seismic Waveforms for P and S Picks via EQCCT -------
2026-03-11 00:05:25,887 - INFO - Analyzing 0:01:00 minute timechunk from 2025-01-09 23:29:18 to 2025-01-09 23:30:18 (0 min overlap)
2026-03-11 00:05:25,888 - INFO - Processing a total of 1 stations, 1 at a time.
2026-03-11 00:05:29,946 - INFO - (1/1) KORF: Finished the prediction in 2.14s. (HP=1.0, LP=45.0)
2026-03-11 00:05:29,948 - INFO - 
2026-03-11 00:05:29,949 - INFO - ------- Parallel Station Waveform Processing Complete For 2025-01-09 23:29:18 to 2025-01-09 23:30:18 Timechunk-------
2026-03-11 00:05:29,951 - INFO - Picks saved at /home/blackwinter/projects/eqcct/eqcctpro/results/csv/bm_noise_only/20250109T232918Z_20250109T233018ZProcess Runtime: 4.07 s
2026-03-11 00:05:29,955 - INFO - Successfully ran EQCCTPro, exiting...
2026-03-11 00:05:31,570 - INFO - Ray Successfully Shutdown.
2026-03-11 00:05:31,571 - INFO - ------- Successfully Picked All Waveform(s) from all Timechunk(s) -------
2026-03-11 14:43:01,807 - INFO - 
2026-03-11 14:43:01,807 - INFO - ------- Welcome to EQCCTPro -------
2026-03-11 14:43:01,807 - INFO - 
2026-03-11 14:43:01,808 - INFO - Running EQCCT over Requested MSeed Files using CPU(s)...
2026-03-11 14:43:01,809 - INFO - GPU disabled (CPU-only).
2026-03-11 14:43:01,809 - INFO - Configured Intra-op threads = 1
2026-03-11 14:43:01,809 - INFO - Configured Inter-op threads = 1
2026-03-11 14:43:01,809 - INFO - TensorFlow: No GPUs visible; TF will proceed on CPU.
2026-03-11 14:43:01,809 - INFO - 
2026-03-11 14:43:07,207 - INFO - Ray Successfully Initialized with 4 CPU(s) ([0, 1, 2, 3] CPU Affinity Binding).
2026-03-11 14:43:07,208 - INFO - Analyzing 1 time chunk(s) from 2025-01-09 23:29:18 to 2025-01-09 23:30:18 (dt=1min, overlap=0min).
2026-03-11 14:43:07,208 - INFO - Using 1 selected station(s).
2026-03-11 14:43:07,208 - INFO - 
2026-03-11 14:43:07,208 - INFO - ------- Starting EQCCTPro... -------
2026-03-11 14:43:07,208 - INFO - Detailed subprocess information can be found in the log file.
2026-03-11 14:43:07,208 - INFO - 
2026-03-11 14:43:07,581 - INFO - GPU disabled (CPU-only).
2026-03-11 14:43:09,084 - INFO - Configured Intra-op threads = 1
2026-03-11 14:43:09,087 - INFO - Configured Inter-op threads = 1
2026-03-11 14:43:09,129 - INFO - TensorFlow: No GPUs visible; TF will proceed on CPU.
2026-03-11 14:43:09,132 - INFO - 
2026-03-11 14:43:09,134 - INFO - ------- Hardware Configuration -------
2026-03-11 14:43:09,137 - INFO - CPU affinity set to cores: [0, 1, 2, 3]
2026-03-11 14:43:09,139 - INFO - 
2026-03-11 14:43:09,141 - INFO - ------- Data Preprocessing for EQCCTPro -------
2026-03-11 14:43:09,144 - INFO - 1 station(s) in /home/blackwinter/projects/eqcct/eqcctpro/data/waveforms_noise_only/20250109T232918Z_20250109T233018Z
2026-03-11 14:43:09,145 - INFO - Using 1 selected station(s): ['KORF'].
2026-03-11 14:43:09,147 - INFO - Creating model actor(s)...
2026-03-11 14:43:09,149 - INFO - System RAM: Total=7870 MB, Available=3583 MB
2026-03-11 14:43:09,151 - INFO - Usable RAM budget: 7083 MB (90% of total)
2026-03-11 14:43:09,152 - INFO - ===== MEMORY-AWARE CPU ACTOR POOL (EQCCT) =====
2026-03-11 14:43:09,154 - INFO - Requested concurrent tasks: 1
2026-03-11 14:43:09,156 - INFO - Available CPUs: 4
2026-03-11 14:43:09,158 - INFO - Available RAM: 7083 MB
2026-03-11 14:43:09,160 - INFO - RAM per model: 2264 MB
2026-03-11 14:43:09,161 - INFO - Max actors by RAM: 3
2026-03-11 14:43:09,163 - INFO - Creating 1 ModelActor(s)
2026-03-11 14:43:09,165 - INFO - Let Ray handle scheduling (taskset already restricts CPU visibility)
2026-03-11 14:43:09,167 - INFO - Creating ModelActor 1/1 (2.21GB RAM each)...
2026-03-11 14:43:13,058 - INFO - ModelActor 1 created successfully.
2026-03-11 14:43:13,060 - INFO - Created 1 CPU actor(s). Task queue will handle concurrency.
2026-03-11 14:43:13,062 - INFO - Starting EQCCTPro parallelized waveform processing...
2026-03-11 14:43:13,064 - INFO - 
2026-03-11 14:43:13,065 - INFO - ------- Analyzing Seismic Waveforms for P and S Picks via EQCCT -------
2026-03-11 14:43:13,068 - INFO - Analyzing 0:01:00 minute timechunk from 2025-01-09 23:29:18 to 2025-01-09 23:30:18 (0 min overlap)
2026-03-11 14:43:13,070 - INFO - Processing a total of 1 stations, 1 at a time.
2026-03-11 14:43:14,988 - INFO - (1/1) KORF: Skipped (already exists - overwrite=False).
2026-03-11 14:43:14,990 - INFO - 
2026-03-11 14:43:14,992 - INFO - ------- Parallel Station Waveform Processing Complete For 2025-01-09 23:29:18 to 2025-01-09 23:30:18 Timechunk-------
2026-03-11 14:43:14,997 - INFO - Successfully ran EQCCTPro, exiting...
2026-03-11 14:43:14,994 - INFO - Picks saved at /home/blackwinter/projects/eqcct/eqcctpro/results/csv/bm_noise_only/20250109T232918Z_20250109T233018ZProcess Runtime: 1.93 s
2026-03-11 14:43:16,644 - INFO - Ray Successfully Shutdown.
2026-03-11 14:43:16,644 - INFO - ------- Successfully Picked All Waveform(s) from all Timechunk(s) -------
