2026-03-27 20:23:53,519 - INFO - 
2026-03-27 20:23:53,519 - INFO - ------- Welcome to EQCCTPro -------
2026-03-27 20:23:53,519 - INFO - 
2026-03-27 20:23:53,520 - INFO - Running EQCCT over Requested MSeed Files using CPU(s)...
2026-03-27 20:23:53,520 - INFO - GPU disabled (CPU-only).
2026-03-27 20:23:53,520 - INFO - Skipping framework-specific initialization in the driver process.
2026-03-27 20:23:55,901 - INFO - Ray Successfully Initialized with 4 CPU(s) ([0, 1, 2, 3] CPU Affinity Binding).
2026-03-27 20:23:55,902 - INFO - Analyzing 1 time chunk(s) from 2025-08-24 01:20:03 to 2025-08-24 01:21:03 (dt=1min, overlap=0min).
2026-03-27 20:23:55,902 - INFO - Using 1 selected station(s).
2026-03-27 20:23:55,902 - INFO - 
2026-03-27 20:23:55,902 - INFO - ------- Starting EQCCTPro... -------
2026-03-27 20:23:55,902 - INFO - Detailed subprocess information can be found in the log file.
2026-03-27 20:23:55,902 - INFO - 
2026-03-27 20:23:56,198 - INFO - GPU disabled (CPU-only).
2026-03-27 20:23:56,202 - INFO - Skipping framework-specific initialization in the driver process.
2026-03-27 20:23:56,205 - INFO - ------- Hardware Configuration -------
2026-03-27 20:23:56,207 - INFO - CPU affinity set to cores: [0, 1, 2, 3]
2026-03-27 20:23:56,210 - INFO - 
2026-03-27 20:23:56,212 - INFO - ------- Data Preprocessing for EQCCTPro -------
2026-03-27 20:23:56,215 - INFO - 1 station(s) in /home/blackwinter/projects/eqcct/eqcctpro/data/waveforms_earthquakes_nonoise/20250824T012003Z_20250824T012103Z
2026-03-27 20:23:56,218 - INFO - Using 1 selected station(s): ['NUR'].
2026-03-27 20:23:56,220 - INFO - Creating model actor(s)...
2026-03-27 20:23:56,223 - INFO - System RAM: Total=7870 MB, Available=5814 MB
2026-03-27 20:23:56,225 - INFO - Usable RAM budget: 7083 MB (90% of total)
2026-03-27 20:23:56,228 - INFO - ===== MEMORY-AWARE CPU ACTOR POOL =====
2026-03-27 20:23:56,230 - INFO - Requested concurrent tasks: 1
2026-03-27 20:23:56,232 - INFO - Available CPUs: 4
2026-03-27 20:23:56,234 - INFO - Available RAM: 7083 MB
2026-03-27 20:23:56,236 - INFO - RAM per model: 2060 MB
2026-03-27 20:23:56,238 - INFO - Max actors by RAM: 3
2026-03-27 20:23:56,240 - INFO - Creating 1 SeisBenchModelActor(s)
2026-03-27 20:23:56,242 - INFO - Let Ray handle scheduling (taskset already restricts CPU visibility)
2026-03-27 20:23:56,244 - INFO - Creating SeisBenchModelActor 1/1 (2.01GB RAM each)...
2026-03-27 20:24:02,760 - INFO - SeisBenchModelActor 1 created successfully.
2026-03-27 20:24:02,762 - INFO - Created 1 CPU actor(s). Task queue will handle concurrency.
2026-03-27 20:24:02,765 - INFO - Starting EQCCTPro parallelized waveform processing...
2026-03-27 20:24:02,767 - INFO - 
2026-03-27 20:24:02,770 - INFO - ------- Analyzing Seismic Waveforms for P and S Picks via SeisBench (EQTransformer - original_nonconservative) -------
2026-03-27 20:24:02,772 - INFO - Analyzing 0:01:00 minute timechunk from 2025-08-24 01:20:03 to 2025-08-24 01:21:03 (0 min overlap)
2026-03-27 20:24:02,775 - INFO - Processing a total of 1 stations, 1 at a time.
2026-03-27 20:24:04,952 - INFO - (1/1) NUR: Finished the prediction in 0.13s. (HP=1.0, LP=45.0, picks=2)
2026-03-27 20:24:04,954 - INFO - 
2026-03-27 20:24:04,956 - INFO - ------- Parallel Station Waveform Processing Complete For 2025-08-24 01:20:03 to 2025-08-24 01:21:03 Timechunk-------
2026-03-27 20:24:04,958 - INFO - Picks saved at /home/blackwinter/projects/eqcct/eqcctpro/results/csv/eqt_earthquakes_th0_1/20250824T012003Z_20250824T012103ZProcess Runtime: 2.19 s
2026-03-27 20:24:04,971 - INFO - Successfully ran EQCCTPro, exiting...
2026-03-27 20:24:06,514 - INFO - Ray Successfully Shutdown.
2026-03-27 20:24:06,514 - INFO - ------- Successfully Picked All Waveform(s) from all Timechunk(s) -------
2026-03-28 02:49:12,137 - INFO - 
2026-03-28 02:49:12,137 - INFO - ------- Welcome to EQCCTPro -------
2026-03-28 02:49:12,137 - INFO - 
2026-03-28 02:49:12,138 - INFO - Running EQCCT over Requested MSeed Files using CPU(s)...
2026-03-28 02:49:12,138 - INFO - GPU disabled (CPU-only).
2026-03-28 02:49:12,138 - INFO - Skipping framework-specific initialization in the driver process.
2026-03-28 02:49:14,458 - INFO - Ray Successfully Initialized with 4 CPU(s) ([0, 1, 2, 3] CPU Affinity Binding).
2026-03-28 02:49:14,460 - INFO - Analyzing 1 time chunk(s) from 2025-08-24 01:20:03 to 2025-08-24 01:21:03 (dt=1min, overlap=0min).
2026-03-28 02:49:14,460 - INFO - Using 1 selected station(s).
2026-03-28 02:49:14,460 - INFO - 
2026-03-28 02:49:14,460 - INFO - ------- Starting EQCCTPro... -------
2026-03-28 02:49:14,460 - INFO - Detailed subprocess information can be found in the log file.
2026-03-28 02:49:14,460 - INFO - 
2026-03-28 02:49:14,731 - INFO - GPU disabled (CPU-only).
2026-03-28 02:49:14,735 - INFO - Skipping framework-specific initialization in the driver process.
2026-03-28 02:49:14,737 - INFO - ------- Hardware Configuration -------
2026-03-28 02:49:14,740 - INFO - CPU affinity set to cores: [0, 1, 2, 3]
2026-03-28 02:49:14,742 - INFO - 
2026-03-28 02:49:14,744 - INFO - ------- Data Preprocessing for EQCCTPro -------
2026-03-28 02:49:14,746 - INFO - 1 station(s) in /home/blackwinter/projects/eqcct/eqcctpro/data/waveforms_earthquakes_nonoise/20250824T012003Z_20250824T012103Z
2026-03-28 02:49:14,749 - INFO - Using 1 selected station(s): ['NUR'].
2026-03-28 02:49:14,751 - INFO - Creating model actor(s)...
2026-03-28 02:49:14,754 - INFO - System RAM: Total=7870 MB, Available=5762 MB
2026-03-28 02:49:14,756 - INFO - Usable RAM budget: 7083 MB (90% of total)
2026-03-28 02:49:14,759 - INFO - ===== MEMORY-AWARE CPU ACTOR POOL =====
2026-03-28 02:49:14,761 - INFO - Requested concurrent tasks: 1
2026-03-28 02:49:14,764 - INFO - Available CPUs: 4
2026-03-28 02:49:14,766 - INFO - Available RAM: 7083 MB
2026-03-28 02:49:14,769 - INFO - RAM per model: 2060 MB
2026-03-28 02:49:14,772 - INFO - Max actors by RAM: 3
2026-03-28 02:49:14,775 - INFO - Creating 1 SeisBenchModelActor(s)
2026-03-28 02:49:14,778 - INFO - Let Ray handle scheduling (taskset already restricts CPU visibility)
2026-03-28 02:49:14,780 - INFO - Creating SeisBenchModelActor 1/1 (2.01GB RAM each)...
2026-03-28 02:49:17,418 - INFO - SeisBenchModelActor 1 created successfully.
2026-03-28 02:49:17,420 - INFO - Created 1 CPU actor(s). Task queue will handle concurrency.
2026-03-28 02:49:17,423 - INFO - Starting EQCCTPro parallelized waveform processing...
2026-03-28 02:49:17,426 - INFO - 
2026-03-28 02:49:17,429 - INFO - ------- Analyzing Seismic Waveforms for P and S Picks via SeisBench (EQTransformer - original_nonconservative) -------
2026-03-28 02:49:17,432 - INFO - Analyzing 0:01:00 minute timechunk from 2025-08-24 01:20:03 to 2025-08-24 01:21:03 (0 min overlap)
2026-03-28 02:49:17,435 - INFO - Processing a total of 1 stations, 1 at a time.
2026-03-28 02:49:19,434 - INFO - (1/1) NUR: Skipped (already exists - overwrite=False).
2026-03-28 02:49:19,437 - INFO - 
2026-03-28 02:49:19,440 - INFO - ------- Parallel Station Waveform Processing Complete For 2025-08-24 01:20:03 to 2025-08-24 01:21:03 Timechunk-------
2026-03-28 02:49:19,443 - INFO - Picks saved at /home/blackwinter/projects/eqcct/eqcctpro/results/csv/eqt_earthquakes_th0_1/20250824T012003Z_20250824T012103ZProcess Runtime: 2.01 s
2026-03-28 02:49:19,449 - INFO - Successfully ran EQCCTPro, exiting...
2026-03-28 02:49:21,156 - INFO - Ray Successfully Shutdown.
2026-03-28 02:49:21,156 - INFO - ------- Successfully Picked All Waveform(s) from all Timechunk(s) -------
