2026-03-29 16:12:46,873 - INFO - 
2026-03-29 16:12:46,873 - INFO - ------- Welcome to EQCCTPro -------
2026-03-29 16:12:46,873 - INFO - 
2026-03-29 16:12:46,874 - INFO - Running EQCCT over Requested MSeed Files using CPU(s)...
2026-03-29 16:12:46,874 - INFO - GPU disabled (CPU-only).
2026-03-29 16:12:46,874 - INFO - Configured Intra-op threads = 1
2026-03-29 16:12:46,874 - INFO - Configured Inter-op threads = 1
2026-03-29 16:12:46,874 - INFO - TensorFlow: No GPUs visible; TF will proceed on CPU.
2026-03-29 16:12:46,874 - INFO - 
2026-03-29 16:12:52,689 - INFO - Ray Successfully Initialized with 4 CPU(s) ([0, 1, 2, 3] CPU Affinity Binding).
2026-03-29 16:12:52,689 - INFO - Analyzing 1 time chunk(s) from 2025-01-10 01:18:45 to 2025-01-10 01:19:45 (dt=1min, overlap=0min).
2026-03-29 16:12:52,689 - INFO - Using 1 selected station(s).
2026-03-29 16:12:52,689 - INFO - 
2026-03-29 16:12:52,690 - INFO - ------- Starting EQCCTPro... -------
2026-03-29 16:12:52,690 - INFO - Detailed subprocess information can be found in the log file.
2026-03-29 16:12:52,690 - INFO - 
2026-03-29 16:12:53,092 - INFO - GPU disabled (CPU-only).
2026-03-29 16:12:54,638 - INFO - Configured Intra-op threads = 1
2026-03-29 16:12:54,640 - INFO - Configured Inter-op threads = 1
2026-03-29 16:12:54,684 - INFO - TensorFlow: No GPUs visible; TF will proceed on CPU.
2026-03-29 16:12:54,686 - INFO - 
2026-03-29 16:12:54,689 - INFO - ------- Hardware Configuration -------
2026-03-29 16:12:54,692 - INFO - CPU affinity set to cores: [0, 1, 2, 3]
2026-03-29 16:12:54,694 - INFO - 
2026-03-29 16:12:54,697 - INFO - ------- Data Preprocessing for EQCCTPro -------
2026-03-29 16:12:54,700 - INFO - 1 station(s) in /home/blackwinter/projects/eqcct/eqcctpro/data/waveforms_noise_only/20250110T011845Z_20250110T011945Z
2026-03-29 16:12:54,702 - INFO - Using 1 selected station(s): ['VRF'].
2026-03-29 16:12:54,705 - INFO - Creating model actor(s)...
2026-03-29 16:12:54,707 - INFO - System RAM: Total=7870 MB, Available=4108 MB
2026-03-29 16:12:54,710 - INFO - Usable RAM budget: 7083 MB (90% of total)
2026-03-29 16:12:54,712 - INFO - ===== MEMORY-AWARE CPU ACTOR POOL (EQCCT) =====
2026-03-29 16:12:54,715 - INFO - Requested concurrent tasks: 1
2026-03-29 16:12:54,717 - INFO - Available CPUs: 4
2026-03-29 16:12:54,719 - INFO - Available RAM: 7083 MB
2026-03-29 16:12:54,722 - INFO - RAM per model: 2264 MB
2026-03-29 16:12:54,724 - INFO - Max actors by RAM: 3
2026-03-29 16:12:54,727 - INFO - Creating 1 ModelActor(s)
2026-03-29 16:12:54,729 - INFO - Let Ray handle scheduling (taskset already restricts CPU visibility)
2026-03-29 16:12:54,732 - INFO - Creating ModelActor 1/1 (2.21GB RAM each)...
2026-03-29 16:12:59,010 - INFO - ModelActor 1 created successfully.
2026-03-29 16:12:59,012 - INFO - Created 1 CPU actor(s). Task queue will handle concurrency.
2026-03-29 16:12:59,015 - INFO - Starting EQCCTPro parallelized waveform processing...
2026-03-29 16:12:59,018 - INFO - 
2026-03-29 16:12:59,020 - INFO - ------- Analyzing Seismic Waveforms for P and S Picks via EQCCT -------
2026-03-29 16:12:59,023 - INFO - Analyzing 0:01:00 minute timechunk from 2025-01-10 01:18:45 to 2025-01-10 01:19:45 (0 min overlap)
2026-03-29 16:12:59,025 - INFO - Processing a total of 1 stations, 1 at a time.
2026-03-29 16:13:03,606 - INFO - (1/1) VRF: Finished the prediction in 2.38s. (HP=1.0, LP=45.0)
2026-03-29 16:13:03,609 - INFO - 
2026-03-29 16:13:03,611 - INFO - ------- Parallel Station Waveform Processing Complete For 2025-01-10 01:18:45 to 2025-01-10 01:19:45 Timechunk-------
2026-03-29 16:13:03,614 - INFO - Picks saved at /home/blackwinter/projects/eqcct/eqcctpro/results/csv/eqcct_noise_th0_1/20250110T011845Z_20250110T011945ZProcess Runtime: 4.59 s
2026-03-29 16:13:03,618 - INFO - Successfully ran EQCCTPro, exiting...
2026-03-29 16:13:05,194 - INFO - Ray Successfully Shutdown.
2026-03-29 16:13:05,194 - INFO - ------- Successfully Picked All Waveform(s) from all Timechunk(s) -------
