2026-03-20 02:48:37,684 - INFO - 
2026-03-20 02:48:37,684 - INFO - ------- Welcome to EQCCTPro -------
2026-03-20 02:48:37,685 - INFO - 
2026-03-20 02:48:37,685 - INFO - Running EQCCT over Requested MSeed Files using CPU(s)...
2026-03-20 02:48:37,685 - INFO - GPU disabled (CPU-only).
2026-03-20 02:48:37,686 - INFO - Configured Intra-op threads = 1
2026-03-20 02:48:37,686 - INFO - Configured Inter-op threads = 1
2026-03-20 02:48:37,686 - INFO - TensorFlow: No GPUs visible; TF will proceed on CPU.
2026-03-20 02:48:37,686 - INFO - 
2026-03-20 02:48:43,220 - INFO - Ray Successfully Initialized with 4 CPU(s) ([0, 1, 2, 3] CPU Affinity Binding).
2026-03-20 02:48:43,220 - INFO - Analyzing 1 time chunk(s) from 2025-06-29 20:16:30 to 2025-06-29 20:17:30 (dt=1min, overlap=0min).
2026-03-20 02:48:43,220 - INFO - Using 1 selected station(s).
2026-03-20 02:48:43,220 - INFO - 
2026-03-20 02:48:43,221 - INFO - ------- Starting EQCCTPro... -------
2026-03-20 02:48:43,221 - INFO - Detailed subprocess information can be found in the log file.
2026-03-20 02:48:43,221 - INFO - 
2026-03-20 02:48:43,601 - INFO - GPU disabled (CPU-only).
2026-03-20 02:48:45,109 - INFO - Configured Intra-op threads = 1
2026-03-20 02:48:45,112 - INFO - Configured Inter-op threads = 1
2026-03-20 02:48:45,155 - INFO - TensorFlow: No GPUs visible; TF will proceed on CPU.
2026-03-20 02:48:45,157 - INFO - 
2026-03-20 02:48:45,159 - INFO - ------- Hardware Configuration -------
2026-03-20 02:48:45,161 - INFO - CPU affinity set to cores: [0, 1, 2, 3]
2026-03-20 02:48:45,163 - INFO - 
2026-03-20 02:48:45,164 - INFO - ------- Data Preprocessing for EQCCTPro -------
2026-03-20 02:48:45,166 - INFO - 1 station(s) in /home/blackwinter/projects/eqcct/eqcctpro/data/waveforms_earthquakes_nonoise/20250629T201630Z_20250629T201730Z
2026-03-20 02:48:45,169 - INFO - Using 1 selected station(s): ['ALAJF'].
2026-03-20 02:48:45,171 - INFO - Creating model actor(s)...
2026-03-20 02:48:45,173 - INFO - System RAM: Total=7870 MB, Available=1839 MB
2026-03-20 02:48:45,175 - INFO - Usable RAM budget: 7083 MB (90% of total)
2026-03-20 02:48:45,176 - INFO - ===== MEMORY-AWARE CPU ACTOR POOL (EQCCT) =====
2026-03-20 02:48:45,178 - INFO - Requested concurrent tasks: 1
2026-03-20 02:48:45,180 - INFO - Available CPUs: 4
2026-03-20 02:48:45,182 - INFO - Available RAM: 7083 MB
2026-03-20 02:48:45,184 - INFO - RAM per model: 2264 MB
2026-03-20 02:48:45,186 - INFO - Max actors by RAM: 3
2026-03-20 02:48:45,189 - INFO - Creating 1 ModelActor(s)
2026-03-20 02:48:45,191 - INFO - Let Ray handle scheduling (taskset already restricts CPU visibility)
2026-03-20 02:48:45,193 - INFO - Creating ModelActor 1/1 (2.21GB RAM each)...
2026-03-20 02:48:49,129 - INFO - ModelActor 1 created successfully.
2026-03-20 02:48:49,131 - INFO - Created 1 CPU actor(s). Task queue will handle concurrency.
2026-03-20 02:48:49,133 - INFO - Starting EQCCTPro parallelized waveform processing...
2026-03-20 02:48:49,136 - INFO - 
2026-03-20 02:48:49,138 - INFO - ------- Analyzing Seismic Waveforms for P and S Picks via EQCCT -------
2026-03-20 02:48:49,141 - INFO - Analyzing 0:01:00 minute timechunk from 2025-06-29 20:16:30 to 2025-06-29 20:17:30 (0 min overlap)
2026-03-20 02:48:49,143 - INFO - Processing a total of 1 stations, 1 at a time.
2026-03-20 02:48:53,237 - INFO - (1/1) ALAJF: Finished the prediction in 2.12s. (HP=1.0, LP=45.0)
2026-03-20 02:48:53,240 - INFO - 
2026-03-20 02:48:53,242 - INFO - ------- Parallel Station Waveform Processing Complete For 2025-06-29 20:16:30 to 2025-06-29 20:17:30 Timechunk-------
2026-03-20 02:48:53,244 - INFO - Picks saved at /home/blackwinter/projects/eqcct/eqcctpro/results/csv/eqcct_earthquakes_th0_1/20250629T201630Z_20250629T201730ZProcess Runtime: 4.11 s
2026-03-20 02:48:53,248 - INFO - Successfully ran EQCCTPro, exiting...
2026-03-20 02:48:54,693 - INFO - Ray Successfully Shutdown.
2026-03-20 02:48:54,693 - INFO - ------- Successfully Picked All Waveform(s) from all Timechunk(s) -------
