2026-03-28 12:11:00,857 - INFO - 
2026-03-28 12:11:00,858 - INFO - ------- Welcome to EQCCTPro -------
2026-03-28 12:11:00,858 - INFO - 
2026-03-28 12:11:00,858 - INFO - Running EQCCT over Requested MSeed Files using CPU(s)...
2026-03-28 12:11:00,858 - INFO - GPU disabled (CPU-only).
2026-03-28 12:11:00,859 - INFO - Skipping framework-specific initialization in the driver process.
2026-03-28 12:11:02,386 - INFO - Ray Successfully Initialized with 4 CPU(s) ([0, 1, 2, 3] CPU Affinity Binding).
2026-03-28 12:11:02,386 - INFO - Analyzing 1 time chunk(s) from 2025-01-09 10:02:48 to 2025-01-09 10:03:48 (dt=1min, overlap=0min).
2026-03-28 12:11:02,387 - INFO - Using 1 selected station(s).
2026-03-28 12:11:02,387 - INFO - 
2026-03-28 12:11:02,387 - INFO - ------- Starting EQCCTPro... -------
2026-03-28 12:11:02,387 - INFO - Detailed subprocess information can be found in the log file.
2026-03-28 12:11:02,387 - INFO - 
2026-03-28 12:11:02,666 - INFO - GPU disabled (CPU-only).
2026-03-28 12:11:02,670 - INFO - Skipping framework-specific initialization in the driver process.
2026-03-28 12:11:02,673 - INFO - ------- Hardware Configuration -------
2026-03-28 12:11:02,676 - INFO - CPU affinity set to cores: [0, 1, 2, 3]
2026-03-28 12:11:02,679 - INFO - 
2026-03-28 12:11:02,681 - INFO - ------- Data Preprocessing for EQCCTPro -------
2026-03-28 12:11:02,684 - INFO - 1 station(s) in /home/blackwinter/projects/eqcct/eqcctpro/data/waveforms_noise_only/20250109T100248Z_20250109T100348Z
2026-03-28 12:11:02,686 - INFO - Using 1 selected station(s): ['FIB1'].
2026-03-28 12:11:02,689 - INFO - Creating model actor(s)...
2026-03-28 12:11:02,692 - INFO - System RAM: Total=7870 MB, Available=4498 MB
2026-03-28 12:11:02,695 - INFO - Usable RAM budget: 7083 MB (90% of total)
2026-03-28 12:11:02,697 - INFO - ===== MEMORY-AWARE CPU ACTOR POOL =====
2026-03-28 12:11:02,700 - INFO - Requested concurrent tasks: 1
2026-03-28 12:11:02,703 - INFO - Available CPUs: 4
2026-03-28 12:11:02,706 - INFO - Available RAM: 7083 MB
2026-03-28 12:11:02,708 - INFO - RAM per model: 2060 MB
2026-03-28 12:11:02,711 - INFO - Max actors by RAM: 3
2026-03-28 12:11:02,713 - INFO - Creating 1 SeisBenchModelActor(s)
2026-03-28 12:11:02,715 - INFO - Let Ray handle scheduling (taskset already restricts CPU visibility)
2026-03-28 12:11:02,721 - INFO - Creating SeisBenchModelActor 1/1 (2.01GB RAM each)...
2026-03-28 12:11:05,391 - INFO - SeisBenchModelActor 1 created successfully.
2026-03-28 12:11:05,393 - INFO - Created 1 CPU actor(s). Task queue will handle concurrency.
2026-03-28 12:11:05,396 - INFO - Starting EQCCTPro parallelized waveform processing...
2026-03-28 12:11:05,398 - INFO - 
2026-03-28 12:11:05,401 - INFO - ------- Analyzing Seismic Waveforms for P and S Picks via SeisBench (EQTransformer - original_nonconservative) -------
2026-03-28 12:11:05,403 - INFO - Analyzing 0:01:00 minute timechunk from 2025-01-09 10:02:48 to 2025-01-09 10:03:48 (0 min overlap)
2026-03-28 12:11:05,406 - INFO - Processing a total of 1 stations, 1 at a time.
2026-03-28 12:11:07,732 - INFO - (1/1) FIB1: Finished the prediction in 0.14s. (HP=1.0, LP=45.0, picks=0)
2026-03-28 12:11:07,736 - INFO - 
2026-03-28 12:11:07,740 - INFO - ------- Parallel Station Waveform Processing Complete For 2025-01-09 10:02:48 to 2025-01-09 10:03:48 Timechunk-------
2026-03-28 12:11:07,743 - INFO - Picks saved at /home/blackwinter/projects/eqcct/eqcctpro/results/csv/eqt_noise_th0_1/20250109T100248Z_20250109T100348ZProcess Runtime: 2.34 s
2026-03-28 12:11:07,749 - INFO - Successfully ran EQCCTPro, exiting...
2026-03-28 12:11:09,654 - INFO - Ray Successfully Shutdown.
2026-03-28 12:11:09,654 - INFO - ------- Successfully Picked All Waveform(s) from all Timechunk(s) -------
