2026-03-28 21:37:59,186 - INFO - 
2026-03-28 21:37:59,187 - INFO - ------- Welcome to EQCCTPro -------
2026-03-28 21:37:59,187 - INFO - 
2026-03-28 21:37:59,187 - INFO - Running EQCCT over Requested MSeed Files using CPU(s)...
2026-03-28 21:37:59,187 - INFO - GPU disabled (CPU-only).
2026-03-29 02:25:00,433 - INFO - 
2026-03-29 02:25:00,434 - INFO - ------- Welcome to EQCCTPro -------
2026-03-29 02:25:00,434 - INFO - 
2026-03-29 02:25:00,435 - INFO - Running EQCCT over Requested MSeed Files using CPU(s)...
2026-03-29 02:25:00,435 - INFO - GPU disabled (CPU-only).
2026-03-29 02:25:00,436 - INFO - Configured Intra-op threads = 1
2026-03-29 02:25:00,436 - INFO - Configured Inter-op threads = 1
2026-03-29 02:25:00,436 - INFO - TensorFlow: No GPUs visible; TF will proceed on CPU.
2026-03-29 02:25:00,436 - INFO - 
2026-03-29 02:25:05,510 - INFO - Ray Successfully Initialized with 4 CPU(s) ([0, 1, 2, 3] CPU Affinity Binding).
2026-03-29 02:25:05,511 - INFO - Analyzing 1 time chunk(s) from 2025-01-15 12:15:28 to 2025-01-15 12:16:28 (dt=1min, overlap=0min).
2026-03-29 02:25:05,511 - INFO - Using 1 selected station(s).
2026-03-29 02:25:05,511 - INFO - 
2026-03-29 02:25:05,512 - INFO - ------- Starting EQCCTPro... -------
2026-03-29 02:25:05,512 - INFO - Detailed subprocess information can be found in the log file.
2026-03-29 02:25:05,512 - INFO - 
2026-03-29 02:25:05,934 - INFO - GPU disabled (CPU-only).
2026-03-29 02:25:07,580 - INFO - Configured Intra-op threads = 1
2026-03-29 02:25:07,582 - INFO - Configured Inter-op threads = 1
2026-03-29 02:25:07,629 - INFO - TensorFlow: No GPUs visible; TF will proceed on CPU.
2026-03-29 02:25:07,631 - INFO - 
2026-03-29 02:25:07,633 - INFO - ------- Hardware Configuration -------
2026-03-29 02:25:07,636 - INFO - CPU affinity set to cores: [0, 1, 2, 3]
2026-03-29 02:25:07,638 - INFO - 
2026-03-29 02:25:07,640 - INFO - ------- Data Preprocessing for EQCCTPro -------
2026-03-29 02:25:07,643 - INFO - 1 station(s) in /home/blackwinter/projects/eqcct/eqcctpro/data/waveforms_explosions_nonoise/20250115T121528Z_20250115T121628Z
2026-03-29 02:25:07,646 - INFO - Using 1 selected station(s): ['KY02'].
2026-03-29 02:25:07,648 - INFO - Creating model actor(s)...
2026-03-29 02:25:07,651 - INFO - System RAM: Total=7870 MB, Available=3139 MB
2026-03-29 02:25:07,654 - INFO - Usable RAM budget: 7083 MB (90% of total)
2026-03-29 02:25:07,657 - INFO - ===== MEMORY-AWARE CPU ACTOR POOL (EQCCT) =====
2026-03-29 02:25:07,659 - INFO - Requested concurrent tasks: 1
2026-03-29 02:25:07,662 - INFO - Available CPUs: 4
2026-03-29 02:25:07,666 - INFO - Available RAM: 7083 MB
2026-03-29 02:25:07,670 - INFO - RAM per model: 2264 MB
2026-03-29 02:25:07,673 - INFO - Max actors by RAM: 3
2026-03-29 02:25:07,676 - INFO - Creating 1 ModelActor(s)
2026-03-29 02:25:07,680 - INFO - Let Ray handle scheduling (taskset already restricts CPU visibility)
2026-03-29 02:25:07,683 - INFO - Creating ModelActor 1/1 (2.21GB RAM each)...
2026-03-29 02:25:12,040 - INFO - ModelActor 1 created successfully.
2026-03-29 02:25:12,042 - INFO - Created 1 CPU actor(s). Task queue will handle concurrency.
2026-03-29 02:25:12,045 - INFO - Starting EQCCTPro parallelized waveform processing...
2026-03-29 02:25:12,048 - INFO - 
2026-03-29 02:25:12,051 - INFO - ------- Analyzing Seismic Waveforms for P and S Picks via EQCCT -------
2026-03-29 02:25:12,054 - INFO - Analyzing 0:01:00 minute timechunk from 2025-01-15 12:15:28 to 2025-01-15 12:16:28 (0 min overlap)
2026-03-29 02:25:12,057 - INFO - Processing a total of 1 stations, 1 at a time.
2026-03-29 02:25:16,684 - INFO - (1/1) KY02: Finished the prediction in 2.48s. (HP=1.0, LP=45.0)
2026-03-29 02:25:16,686 - INFO - 
2026-03-29 02:25:16,690 - INFO - ------- Parallel Station Waveform Processing Complete For 2025-01-15 12:15:28 to 2025-01-15 12:16:28 Timechunk-------
2026-03-29 02:25:16,694 - INFO - Picks saved at /home/blackwinter/projects/eqcct/eqcctpro/results/csv/eqcct_explosions_th0_1/20250115T121528Z_20250115T121628ZProcess Runtime: 4.64 s
2026-03-29 02:25:16,707 - INFO - Successfully ran EQCCTPro, exiting...
2026-03-29 02:25:18,368 - INFO - Ray Successfully Shutdown.
2026-03-29 02:25:18,369 - INFO - ------- Successfully Picked All Waveform(s) from all Timechunk(s) -------
