2026-03-28 18:44:27,825 - INFO - 
2026-03-28 18:44:27,825 - INFO - ------- Welcome to EQCCTPro -------
2026-03-28 18:44:27,825 - INFO - 
2026-03-28 18:44:27,826 - INFO - Running EQCCT over Requested MSeed Files using CPU(s)...
2026-03-28 18:44:27,826 - INFO - GPU disabled (CPU-only).
2026-03-28 18:44:27,826 - INFO - Skipping framework-specific initialization in the driver process.
2026-03-28 18:44:30,438 - INFO - Ray Successfully Initialized with 4 CPU(s) ([0, 1, 2, 3] CPU Affinity Binding).
2026-03-28 18:44:30,438 - INFO - Analyzing 1 time chunk(s) from 2025-01-16 11:37:14 to 2025-01-16 11:38:14 (dt=1min, overlap=0min).
2026-03-28 18:44:30,439 - INFO - Using 1 selected station(s).
2026-03-28 18:44:30,439 - INFO - 
2026-03-28 18:44:30,439 - INFO - ------- Starting EQCCTPro... -------
2026-03-28 18:44:30,439 - INFO - Detailed subprocess information can be found in the log file.
2026-03-28 18:44:30,439 - INFO - 
2026-03-28 18:44:30,772 - INFO - GPU disabled (CPU-only).
2026-03-28 18:44:30,777 - INFO - Skipping framework-specific initialization in the driver process.
2026-03-28 18:44:30,780 - INFO - ------- Hardware Configuration -------
2026-03-28 18:44:30,783 - INFO - CPU affinity set to cores: [0, 1, 2, 3]
2026-03-28 18:44:30,786 - INFO - 
2026-03-28 18:44:30,789 - INFO - ------- Data Preprocessing for EQCCTPro -------
2026-03-28 18:44:30,792 - INFO - 1 station(s) in /home/blackwinter/projects/eqcct/eqcctpro/data/waveforms_explosions_nonoise/20250116T113714Z_20250116T113814Z
2026-03-28 18:44:30,794 - INFO - Using 1 selected station(s): ['KUNI'].
2026-03-28 18:44:30,797 - INFO - Creating model actor(s)...
2026-03-28 18:44:30,800 - INFO - System RAM: Total=7870 MB, Available=4129 MB
2026-03-28 18:44:30,803 - INFO - Usable RAM budget: 7083 MB (90% of total)
2026-03-28 18:44:30,806 - INFO - ===== MEMORY-AWARE CPU ACTOR POOL =====
2026-03-28 18:44:30,809 - INFO - Requested concurrent tasks: 1
2026-03-28 18:44:30,812 - INFO - Available CPUs: 4
2026-03-28 18:44:30,814 - INFO - Available RAM: 7083 MB
2026-03-28 18:44:30,818 - INFO - RAM per model: 2060 MB
2026-03-28 18:44:30,821 - INFO - Max actors by RAM: 3
2026-03-28 18:44:30,824 - INFO - Creating 1 SeisBenchModelActor(s)
2026-03-28 18:44:30,827 - INFO - Let Ray handle scheduling (taskset already restricts CPU visibility)
2026-03-28 18:44:30,830 - INFO - Creating SeisBenchModelActor 1/1 (2.01GB RAM each)...
2026-03-28 18:44:34,365 - INFO - SeisBenchModelActor 1 created successfully.
2026-03-28 18:44:34,368 - INFO - Created 1 CPU actor(s). Task queue will handle concurrency.
2026-03-28 18:44:34,371 - INFO - Starting EQCCTPro parallelized waveform processing...
2026-03-28 18:44:34,374 - INFO - 
2026-03-28 18:44:34,376 - INFO - ------- Analyzing Seismic Waveforms for P and S Picks via SeisBench (EQTransformer - original_nonconservative) -------
2026-03-28 18:44:34,380 - INFO - Analyzing 0:01:00 minute timechunk from 2025-01-16 11:37:14 to 2025-01-16 11:38:14 (0 min overlap)
2026-03-28 18:44:34,382 - INFO - Processing a total of 1 stations, 1 at a time.
2026-03-28 18:44:36,768 - INFO - (1/1) KUNI: Finished the prediction in 0.17s. (HP=1.0, LP=45.0, picks=2)
2026-03-28 18:44:36,771 - INFO - 
2026-03-28 18:44:36,774 - INFO - ------- Parallel Station Waveform Processing Complete For 2025-01-16 11:37:14 to 2025-01-16 11:38:14 Timechunk-------
2026-03-28 18:44:36,776 - INFO - Picks saved at /home/blackwinter/projects/eqcct/eqcctpro/results/csv/eqt_explosions_th0_1/20250116T113714Z_20250116T113814ZProcess Runtime: 2.40 s
2026-03-28 18:44:36,782 - INFO - Successfully ran EQCCTPro, exiting...
2026-03-28 18:44:38,358 - INFO - Ray Successfully Shutdown.
2026-03-28 18:44:38,359 - INFO - ------- Successfully Picked All Waveform(s) from all Timechunk(s) -------
