2026-02-26 22:08:10,804 - INFO - 
2026-02-26 22:08:10,804 - INFO - ------- Welcome to EQCCTPro -------
2026-02-26 22:08:10,804 - INFO - 
2026-02-26 22:08:10,804 - INFO - Running EQCCT over Requested MSeed Files using CPU(s)...
2026-02-26 22:08:10,805 - INFO - GPU disabled (CPU-only).
2026-02-26 22:08:10,805 - INFO - Configured Intra-op threads = 1
2026-02-26 22:08:10,805 - INFO - Configured Inter-op threads = 1
2026-02-26 22:08:10,805 - INFO - TensorFlow: No GPUs visible; TF will proceed on CPU.
2026-02-26 22:08:10,805 - INFO - 
2026-02-26 22:08:16,274 - INFO - Ray Successfully Initialized with 4 CPU(s) ([0, 1, 2, 3] CPU Affinity Binding).
2026-02-26 22:08:16,275 - INFO - Analyzing 1 time chunk(s) from 2025-01-04 11:07:03 to 2025-01-04 11:08:03 (dt=1min, overlap=0min).
2026-02-26 22:08:16,276 - INFO - Using 1 selected station(s).
2026-02-26 22:08:16,276 - INFO - 
2026-02-26 22:08:16,276 - INFO - ------- Starting EQCCTPro... -------
2026-02-26 22:08:16,276 - INFO - Detailed subprocess information can be found in the log file.
2026-02-26 22:08:16,276 - INFO - 
2026-02-26 22:08:16,663 - INFO - GPU disabled (CPU-only).
2026-02-26 22:08:18,197 - INFO - Configured Intra-op threads = 1
2026-02-26 22:08:18,200 - INFO - Configured Inter-op threads = 1
2026-02-26 22:08:18,243 - INFO - TensorFlow: No GPUs visible; TF will proceed on CPU.
2026-02-26 22:08:18,246 - INFO - 
2026-02-26 22:08:18,248 - INFO - ------- Hardware Configuration -------
2026-02-26 22:08:18,250 - INFO - CPU affinity set to cores: [0, 1, 2, 3]
2026-02-26 22:08:18,252 - INFO - 
2026-02-26 22:08:18,254 - INFO - ------- Data Preprocessing for EQCCTPro -------
2026-02-26 22:08:18,257 - INFO - 1 station(s) in /home/blackwinter/projects/eqcct/eqcctpro/data/waveforms_explosions_nonoise/20250104T110703Z_20250104T110803Z
2026-02-26 22:08:18,259 - INFO - Using 1 selected station(s): ['MSF'].
2026-02-26 22:08:18,261 - INFO - Creating model actor(s)...
2026-02-26 22:08:18,262 - INFO - System RAM: Total=7870 MB, Available=4101 MB
2026-02-26 22:08:18,264 - INFO - Usable RAM budget: 7083 MB (90% of total)
2026-02-26 22:08:18,265 - INFO - ===== MEMORY-AWARE CPU ACTOR POOL (EQCCT) =====
2026-02-26 22:08:18,267 - INFO - Requested concurrent tasks: 1
2026-02-26 22:08:18,269 - INFO - Available CPUs: 4
2026-02-26 22:08:18,271 - INFO - Available RAM: 7083 MB
2026-02-26 22:08:18,272 - INFO - RAM per model: 2264 MB
2026-02-26 22:08:18,274 - INFO - Max actors by RAM: 3
2026-02-26 22:08:18,276 - INFO - Creating 1 ModelActor(s)
2026-02-26 22:08:18,278 - INFO - Let Ray handle scheduling (taskset already restricts CPU visibility)
2026-02-26 22:08:18,280 - INFO - Creating ModelActor 1/1 (2.21GB RAM each)...
2026-02-26 22:08:22,167 - INFO - ModelActor 1 created successfully.
2026-02-26 22:08:22,169 - INFO - Created 1 CPU actor(s). Task queue will handle concurrency.
2026-02-26 22:08:22,172 - INFO - Starting EQCCTPro parallelized waveform processing...
2026-02-26 22:08:22,174 - INFO - 
2026-02-26 22:08:22,176 - INFO - ------- Analyzing Seismic Waveforms for P and S Picks via EQCCT -------
2026-02-26 22:08:22,179 - INFO - Analyzing 0:01:00 minute timechunk from 2025-01-04 11:07:03 to 2025-01-04 11:08:03 (0 min overlap)
2026-02-26 22:08:22,181 - INFO - Processing a total of 1 stations, 1 at a time.
2026-02-26 22:08:24,580 - INFO - (1/1) MSF: FAILED reading mSEED.
2026-02-26 22:08:24,582 - INFO - 
2026-02-26 22:08:24,584 - INFO - ------- Parallel Station Waveform Processing Complete For 2025-01-04 11:07:03 to 2025-01-04 11:08:03 Timechunk-------
2026-02-26 22:08:24,587 - INFO - Picks saved at /home/blackwinter/projects/eqcct/eqcctpro/results/csv/bm_explosions/20250104T110703Z_20250104T110803ZProcess Runtime: 2.41 s
2026-02-26 22:08:24,590 - INFO - Successfully ran EQCCTPro, exiting...
2026-02-26 22:08:26,026 - INFO - Ray Successfully Shutdown.
2026-02-26 22:08:26,026 - INFO - ------- Successfully Picked All Waveform(s) from all Timechunk(s) -------
2026-02-27 05:41:06,947 - INFO - 
2026-02-27 05:41:06,947 - INFO - ------- Welcome to EQCCTPro -------
2026-02-27 05:41:06,948 - INFO - 
2026-02-27 05:41:06,948 - INFO - Running EQCCT over Requested MSeed Files using CPU(s)...
2026-02-27 05:41:06,948 - INFO - GPU disabled (CPU-only).
2026-02-27 05:41:06,949 - INFO - Configured Intra-op threads = 1
2026-02-27 05:41:06,949 - INFO - Configured Inter-op threads = 1
2026-02-27 05:41:06,949 - INFO - TensorFlow: No GPUs visible; TF will proceed on CPU.
2026-02-27 05:41:06,949 - INFO - 
2026-02-27 05:41:12,162 - INFO - Ray Successfully Initialized with 4 CPU(s) ([0, 1, 2, 3] CPU Affinity Binding).
2026-02-27 05:41:12,162 - INFO - Analyzing 1 time chunk(s) from 2025-01-04 11:07:03 to 2025-01-04 11:08:03 (dt=1min, overlap=0min).
2026-02-27 05:41:12,162 - INFO - Using 1 selected station(s).
2026-02-27 05:41:12,162 - INFO - 
2026-02-27 05:41:12,162 - INFO - ------- Starting EQCCTPro... -------
2026-02-27 05:41:12,163 - INFO - Detailed subprocess information can be found in the log file.
2026-02-27 05:41:12,163 - INFO - 
2026-02-27 05:41:12,516 - INFO - GPU disabled (CPU-only).
2026-02-27 05:41:13,929 - INFO - Configured Intra-op threads = 1
2026-02-27 05:41:13,932 - INFO - Configured Inter-op threads = 1
2026-02-27 05:41:13,971 - INFO - TensorFlow: No GPUs visible; TF will proceed on CPU.
2026-02-27 05:41:13,974 - INFO - 
2026-02-27 05:41:13,976 - INFO - ------- Hardware Configuration -------
2026-02-27 05:41:13,978 - INFO - CPU affinity set to cores: [0, 1, 2, 3]
2026-02-27 05:41:13,980 - INFO - 
2026-02-27 05:41:13,983 - INFO - ------- Data Preprocessing for EQCCTPro -------
2026-02-27 05:41:13,984 - INFO - 1 station(s) in /home/blackwinter/projects/eqcct/eqcctpro/data/waveforms_explosions_nonoise/20250104T110703Z_20250104T110803Z
2026-02-27 05:41:13,987 - INFO - Using 1 selected station(s): ['MSF'].
2026-02-27 05:41:13,989 - INFO - Creating model actor(s)...
2026-02-27 05:41:13,991 - INFO - System RAM: Total=7870 MB, Available=4141 MB
2026-02-27 05:41:13,993 - INFO - Usable RAM budget: 7083 MB (90% of total)
2026-02-27 05:41:13,995 - INFO - ===== MEMORY-AWARE CPU ACTOR POOL (EQCCT) =====
2026-02-27 05:41:13,997 - INFO - Requested concurrent tasks: 1
2026-02-27 05:41:13,999 - INFO - Available CPUs: 4
2026-02-27 05:41:14,001 - INFO - Available RAM: 7083 MB
2026-02-27 05:41:14,003 - INFO - RAM per model: 2264 MB
2026-02-27 05:41:14,005 - INFO - Max actors by RAM: 3
2026-02-27 05:41:14,007 - INFO - Creating 1 ModelActor(s)
2026-02-27 05:41:14,009 - INFO - Let Ray handle scheduling (taskset already restricts CPU visibility)
2026-02-27 05:41:14,011 - INFO - Creating ModelActor 1/1 (2.21GB RAM each)...
2026-02-27 05:41:18,006 - INFO - ModelActor 1 created successfully.
2026-02-27 05:41:18,009 - INFO - Created 1 CPU actor(s). Task queue will handle concurrency.
2026-02-27 05:41:18,011 - INFO - Starting EQCCTPro parallelized waveform processing...
2026-02-27 05:41:18,013 - INFO - 
2026-02-27 05:41:18,015 - INFO - ------- Analyzing Seismic Waveforms for P and S Picks via EQCCT -------
2026-02-27 05:41:18,018 - INFO - Analyzing 0:01:00 minute timechunk from 2025-01-04 11:07:03 to 2025-01-04 11:08:03 (0 min overlap)
2026-02-27 05:41:18,020 - INFO - Processing a total of 1 stations, 1 at a time.
2026-02-27 05:41:19,926 - INFO - (1/1) MSF: Skipped (already exists - overwrite=False).
2026-02-27 05:41:19,928 - INFO - 
2026-02-27 05:41:19,931 - INFO - ------- Parallel Station Waveform Processing Complete For 2025-01-04 11:07:03 to 2025-01-04 11:08:03 Timechunk-------
2026-02-27 05:41:19,933 - INFO - Picks saved at /home/blackwinter/projects/eqcct/eqcctpro/results/csv/bm_explosions/20250104T110703Z_20250104T110803ZProcess Runtime: 1.92 s
2026-02-27 05:41:19,937 - INFO - Successfully ran EQCCTPro, exiting...
2026-02-27 05:41:21,318 - INFO - Ray Successfully Shutdown.
2026-02-27 05:41:21,319 - INFO - ------- Successfully Picked All Waveform(s) from all Timechunk(s) -------
