2026-03-28 21:37:57,020 - INFO - 
2026-03-28 21:37:57,020 - INFO - ------- Welcome to EQCCTPro -------
2026-03-28 21:37:57,020 - INFO - 
2026-03-28 21:37:57,021 - INFO - Running EQCCT over Requested MSeed Files using CPU(s)...
2026-03-28 21:37:57,021 - INFO - GPU disabled (CPU-only).
2026-03-28 22:37:14,646 - INFO - 
2026-03-28 22:37:14,647 - INFO - ------- Welcome to EQCCTPro -------
2026-03-28 22:37:14,647 - INFO - 
2026-03-28 22:37:14,648 - INFO - Running EQCCT over Requested MSeed Files using CPU(s)...
2026-03-28 22:37:14,648 - INFO - GPU disabled (CPU-only).
2026-03-28 22:37:14,649 - INFO - Configured Intra-op threads = 1
2026-03-28 22:37:14,649 - INFO - Configured Inter-op threads = 1
2026-03-28 22:37:14,649 - INFO - TensorFlow: No GPUs visible; TF will proceed on CPU.
2026-03-28 22:37:14,649 - INFO - 
2026-03-28 22:37:20,503 - INFO - Ray Successfully Initialized with 4 CPU(s) ([0, 1, 2, 3] CPU Affinity Binding).
2026-03-28 22:37:20,503 - INFO - Analyzing 1 time chunk(s) from 2025-01-04 13:15:58 to 2025-01-04 13:16:58 (dt=1min, overlap=0min).
2026-03-28 22:37:20,504 - INFO - Using 1 selected station(s).
2026-03-28 22:37:20,504 - INFO - 
2026-03-28 22:37:20,504 - INFO - ------- Starting EQCCTPro... -------
2026-03-28 22:37:20,504 - INFO - Detailed subprocess information can be found in the log file.
2026-03-28 22:37:20,505 - INFO - 
2026-03-28 22:37:20,946 - INFO - GPU disabled (CPU-only).
2026-03-28 22:37:22,640 - INFO - Configured Intra-op threads = 1
2026-03-28 22:37:22,643 - INFO - Configured Inter-op threads = 1
2026-03-28 22:37:22,687 - INFO - TensorFlow: No GPUs visible; TF will proceed on CPU.
2026-03-28 22:37:22,689 - INFO - 
2026-03-28 22:37:22,692 - INFO - ------- Hardware Configuration -------
2026-03-28 22:37:22,695 - INFO - CPU affinity set to cores: [0, 1, 2, 3]
2026-03-28 22:37:22,697 - INFO - 
2026-03-28 22:37:22,701 - INFO - ------- Data Preprocessing for EQCCTPro -------
2026-03-28 22:37:22,704 - INFO - 1 station(s) in /home/blackwinter/projects/eqcct/eqcctpro/data/waveforms_explosions_nonoise/20250104T131558Z_20250104T131658Z
2026-03-28 22:37:22,706 - INFO - Using 1 selected station(s): ['OUF'].
2026-03-28 22:37:22,709 - INFO - Creating model actor(s)...
2026-03-28 22:37:22,711 - INFO - System RAM: Total=7870 MB, Available=3798 MB
2026-03-28 22:37:22,714 - INFO - Usable RAM budget: 7083 MB (90% of total)
2026-03-28 22:37:22,716 - INFO - ===== MEMORY-AWARE CPU ACTOR POOL (EQCCT) =====
2026-03-28 22:37:22,719 - INFO - Requested concurrent tasks: 1
2026-03-28 22:37:22,722 - INFO - Available CPUs: 4
2026-03-28 22:37:22,725 - INFO - Available RAM: 7083 MB
2026-03-28 22:37:22,728 - INFO - RAM per model: 2264 MB
2026-03-28 22:37:22,730 - INFO - Max actors by RAM: 3
2026-03-28 22:37:22,733 - INFO - Creating 1 ModelActor(s)
2026-03-28 22:37:22,735 - INFO - Let Ray handle scheduling (taskset already restricts CPU visibility)
2026-03-28 22:37:22,737 - INFO - Creating ModelActor 1/1 (2.21GB RAM each)...
2026-03-28 22:37:27,254 - INFO - ModelActor 1 created successfully.
2026-03-28 22:37:27,256 - INFO - Created 1 CPU actor(s). Task queue will handle concurrency.
2026-03-28 22:37:27,258 - INFO - Starting EQCCTPro parallelized waveform processing...
2026-03-28 22:37:27,261 - INFO - 
2026-03-28 22:37:27,262 - INFO - ------- Analyzing Seismic Waveforms for P and S Picks via EQCCT -------
2026-03-28 22:37:27,264 - INFO - Analyzing 0:01:00 minute timechunk from 2025-01-04 13:15:58 to 2025-01-04 13:16:58 (0 min overlap)
2026-03-28 22:37:27,266 - INFO - Processing a total of 1 stations, 1 at a time.
2026-03-28 22:37:31,788 - INFO - (1/1) OUF: Finished the prediction in 2.46s. (HP=1.0, LP=45.0)
2026-03-28 22:37:31,791 - INFO - 
2026-03-28 22:37:31,795 - INFO - ------- Parallel Station Waveform Processing Complete For 2025-01-04 13:15:58 to 2025-01-04 13:16:58 Timechunk-------
2026-03-28 22:37:31,802 - INFO - Successfully ran EQCCTPro, exiting...
2026-03-28 22:37:31,798 - INFO - Picks saved at /home/blackwinter/projects/eqcct/eqcctpro/results/csv/eqcct_explosions_th0_1/20250104T131558Z_20250104T131658ZProcess Runtime: 4.54 s
2026-03-28 22:37:33,225 - INFO - Ray Successfully Shutdown.
2026-03-28 22:37:33,225 - INFO - ------- Successfully Picked All Waveform(s) from all Timechunk(s) -------
