2026-03-28 21:38:01,367 - INFO - 
2026-03-28 21:38:01,368 - INFO - ------- Welcome to EQCCTPro -------
2026-03-28 21:38:01,368 - INFO - 
2026-03-28 21:38:01,368 - INFO - Running EQCCT over Requested MSeed Files using CPU(s)...
2026-03-28 21:38:01,369 - INFO - GPU disabled (CPU-only).
2026-03-29 07:18:38,788 - INFO - 
2026-03-29 07:18:38,789 - INFO - ------- Welcome to EQCCTPro -------
2026-03-29 07:18:38,789 - INFO - 
2026-03-29 07:18:38,789 - INFO - Running EQCCT over Requested MSeed Files using CPU(s)...
2026-03-29 07:18:38,790 - INFO - GPU disabled (CPU-only).
2026-03-29 07:18:38,790 - INFO - Configured Intra-op threads = 1
2026-03-29 07:18:38,790 - INFO - Configured Inter-op threads = 1
2026-03-29 07:18:38,790 - INFO - TensorFlow: No GPUs visible; TF will proceed on CPU.
2026-03-29 07:18:38,790 - INFO - 
2026-03-29 07:18:43,779 - INFO - Ray Successfully Initialized with 4 CPU(s) ([0, 1, 2, 3] CPU Affinity Binding).
2026-03-29 07:18:43,779 - INFO - Analyzing 1 time chunk(s) from 2025-01-23 11:33:43 to 2025-01-23 11:34:43 (dt=1min, overlap=0min).
2026-03-29 07:18:43,779 - INFO - Using 1 selected station(s).
2026-03-29 07:18:43,779 - INFO - 
2026-03-29 07:18:43,780 - INFO - ------- Starting EQCCTPro... -------
2026-03-29 07:18:43,780 - INFO - Detailed subprocess information can be found in the log file.
2026-03-29 07:18:43,780 - INFO - 
2026-03-29 07:18:44,196 - INFO - GPU disabled (CPU-only).
2026-03-29 07:18:45,831 - INFO - Configured Intra-op threads = 1
2026-03-29 07:18:45,834 - INFO - Configured Inter-op threads = 1
2026-03-29 07:18:45,877 - INFO - TensorFlow: No GPUs visible; TF will proceed on CPU.
2026-03-29 07:18:45,880 - INFO - 
2026-03-29 07:18:45,883 - INFO - ------- Hardware Configuration -------
2026-03-29 07:18:45,886 - INFO - CPU affinity set to cores: [0, 1, 2, 3]
2026-03-29 07:18:45,888 - INFO - 
2026-03-29 07:18:45,890 - INFO - ------- Data Preprocessing for EQCCTPro -------
2026-03-29 07:18:45,893 - INFO - 1 station(s) in /home/blackwinter/projects/eqcct/eqcctpro/data/waveforms_explosions_nonoise/20250123T113343Z_20250123T113443Z
2026-03-29 07:18:45,895 - INFO - Using 1 selected station(s): ['FIA0'].
2026-03-29 07:18:45,898 - INFO - Creating model actor(s)...
2026-03-29 07:18:45,900 - INFO - System RAM: Total=7870 MB, Available=2870 MB
2026-03-29 07:18:45,902 - INFO - Usable RAM budget: 7083 MB (90% of total)
2026-03-29 07:18:45,904 - INFO - ===== MEMORY-AWARE CPU ACTOR POOL (EQCCT) =====
2026-03-29 07:18:45,906 - INFO - Requested concurrent tasks: 1
2026-03-29 07:18:45,908 - INFO - Available CPUs: 4
2026-03-29 07:18:45,910 - INFO - Available RAM: 7083 MB
2026-03-29 07:18:45,913 - INFO - RAM per model: 2264 MB
2026-03-29 07:18:45,916 - INFO - Max actors by RAM: 3
2026-03-29 07:18:45,918 - INFO - Creating 1 ModelActor(s)
2026-03-29 07:18:45,921 - INFO - Let Ray handle scheduling (taskset already restricts CPU visibility)
2026-03-29 07:18:45,924 - INFO - Creating ModelActor 1/1 (2.21GB RAM each)...
2026-03-29 07:18:50,299 - INFO - ModelActor 1 created successfully.
2026-03-29 07:18:50,301 - INFO - Created 1 CPU actor(s). Task queue will handle concurrency.
2026-03-29 07:18:50,304 - INFO - Starting EQCCTPro parallelized waveform processing...
2026-03-29 07:18:50,306 - INFO - 
2026-03-29 07:18:50,309 - INFO - ------- Analyzing Seismic Waveforms for P and S Picks via EQCCT -------
2026-03-29 07:18:50,311 - INFO - Analyzing 0:01:00 minute timechunk from 2025-01-23 11:33:43 to 2025-01-23 11:34:43 (0 min overlap)
2026-03-29 07:18:50,314 - INFO - Processing a total of 1 stations, 1 at a time.
2026-03-29 07:18:54,911 - INFO - (1/1) FIA0: Finished the prediction in 2.51s. (HP=1.0, LP=45.0)
2026-03-29 07:18:54,914 - INFO - 
2026-03-29 07:18:54,916 - INFO - ------- Parallel Station Waveform Processing Complete For 2025-01-23 11:33:43 to 2025-01-23 11:34:43 Timechunk-------
2026-03-29 07:18:54,919 - INFO - Picks saved at /home/blackwinter/projects/eqcct/eqcctpro/results/csv/eqcct_explosions_th0_1/20250123T113343Z_20250123T113443ZProcess Runtime: 4.61 s
2026-03-29 07:18:54,924 - INFO - Successfully ran EQCCTPro, exiting...
2026-03-29 07:18:56,615 - INFO - Ray Successfully Shutdown.
2026-03-29 07:18:56,616 - INFO - ------- Successfully Picked All Waveform(s) from all Timechunk(s) -------
