2026-03-28 12:19:47,040 - INFO - 
2026-03-28 12:19:47,040 - INFO - ------- Welcome to EQCCTPro -------
2026-03-28 12:19:47,040 - INFO - 
2026-03-28 12:19:47,041 - INFO - Running EQCCT over Requested MSeed Files using CPU(s)...
2026-03-28 12:19:47,041 - INFO - GPU disabled (CPU-only).
2026-03-28 12:19:47,041 - INFO - Skipping framework-specific initialization in the driver process.
2026-03-28 12:19:48,549 - INFO - Ray Successfully Initialized with 4 CPU(s) ([0, 1, 2, 3] CPU Affinity Binding).
2026-03-28 12:19:48,549 - INFO - Analyzing 1 time chunk(s) from 2025-01-09 19:31:35 to 2025-01-09 19:32:35 (dt=1min, overlap=0min).
2026-03-28 12:19:48,549 - INFO - Using 1 selected station(s).
2026-03-28 12:19:48,550 - INFO - 
2026-03-28 12:19:48,550 - INFO - ------- Starting EQCCTPro... -------
2026-03-28 12:19:48,550 - INFO - Detailed subprocess information can be found in the log file.
2026-03-28 12:19:48,550 - INFO - 
2026-03-28 12:19:48,839 - INFO - GPU disabled (CPU-only).
2026-03-28 12:19:48,844 - INFO - Skipping framework-specific initialization in the driver process.
2026-03-28 12:19:48,847 - INFO - ------- Hardware Configuration -------
2026-03-28 12:19:48,850 - INFO - CPU affinity set to cores: [0, 1, 2, 3]
2026-03-28 12:19:48,852 - INFO - 
2026-03-28 12:19:48,855 - INFO - ------- Data Preprocessing for EQCCTPro -------
2026-03-28 12:19:48,858 - INFO - 1 station(s) in /home/blackwinter/projects/eqcct/eqcctpro/data/waveforms_noise_only/20250109T193135Z_20250109T193235Z
2026-03-28 12:19:48,860 - INFO - Using 1 selected station(s): ['KJNF'].
2026-03-28 12:19:48,863 - INFO - Creating model actor(s)...
2026-03-28 12:19:48,865 - INFO - System RAM: Total=7870 MB, Available=4472 MB
2026-03-28 12:19:48,868 - INFO - Usable RAM budget: 7083 MB (90% of total)
2026-03-28 12:19:48,870 - INFO - ===== MEMORY-AWARE CPU ACTOR POOL =====
2026-03-28 12:19:48,872 - INFO - Requested concurrent tasks: 1
2026-03-28 12:19:48,875 - INFO - Available CPUs: 4
2026-03-28 12:19:48,877 - INFO - Available RAM: 7083 MB
2026-03-28 12:19:48,880 - INFO - RAM per model: 2060 MB
2026-03-28 12:19:48,883 - INFO - Max actors by RAM: 3
2026-03-28 12:19:48,886 - INFO - Creating 1 SeisBenchModelActor(s)
2026-03-28 12:19:48,889 - INFO - Let Ray handle scheduling (taskset already restricts CPU visibility)
2026-03-28 12:19:48,892 - INFO - Creating SeisBenchModelActor 1/1 (2.01GB RAM each)...
2026-03-28 12:19:51,756 - INFO - SeisBenchModelActor 1 created successfully.
2026-03-28 12:19:51,759 - INFO - Created 1 CPU actor(s). Task queue will handle concurrency.
2026-03-28 12:19:51,761 - INFO - Starting EQCCTPro parallelized waveform processing...
2026-03-28 12:19:51,764 - INFO - 
2026-03-28 12:19:51,766 - INFO - ------- Analyzing Seismic Waveforms for P and S Picks via SeisBench (EQTransformer - original_nonconservative) -------
2026-03-28 12:19:51,769 - INFO - Analyzing 0:01:00 minute timechunk from 2025-01-09 19:31:35 to 2025-01-09 19:32:35 (0 min overlap)
2026-03-28 12:19:51,772 - INFO - Processing a total of 1 stations, 1 at a time.
2026-03-28 12:19:54,019 - INFO - (1/1) KJNF: Finished the prediction in 0.15s. (HP=1.0, LP=45.0, picks=0)
2026-03-28 12:19:54,021 - INFO - 
2026-03-28 12:19:54,024 - INFO - ------- Parallel Station Waveform Processing Complete For 2025-01-09 19:31:35 to 2025-01-09 19:32:35 Timechunk-------
2026-03-28 12:19:54,027 - INFO - Picks saved at /home/blackwinter/projects/eqcct/eqcctpro/results/csv/eqt_noise_th0_1/20250109T193135Z_20250109T193235ZProcess Runtime: 2.26 s
2026-03-28 12:19:54,032 - INFO - Successfully ran EQCCTPro, exiting...
2026-03-28 12:19:55,759 - INFO - Ray Successfully Shutdown.
2026-03-28 12:19:55,759 - INFO - ------- Successfully Picked All Waveform(s) from all Timechunk(s) -------
