2026-03-28 21:37:57,738 - INFO - 
2026-03-28 21:37:57,738 - INFO - ------- Welcome to EQCCTPro -------
2026-03-28 21:37:57,739 - INFO - 
2026-03-28 21:37:57,739 - INFO - Running EQCCT over Requested MSeed Files using CPU(s)...
2026-03-28 21:37:57,739 - INFO - GPU disabled (CPU-only).
2026-03-28 23:54:18,589 - INFO - 
2026-03-28 23:54:18,590 - INFO - ------- Welcome to EQCCTPro -------
2026-03-28 23:54:18,590 - INFO - 
2026-03-28 23:54:18,591 - INFO - Running EQCCT over Requested MSeed Files using CPU(s)...
2026-03-28 23:54:18,591 - INFO - GPU disabled (CPU-only).
2026-03-28 23:54:18,591 - INFO - Configured Intra-op threads = 1
2026-03-28 23:54:18,591 - INFO - Configured Inter-op threads = 1
2026-03-28 23:54:18,591 - INFO - TensorFlow: No GPUs visible; TF will proceed on CPU.
2026-03-28 23:54:18,591 - INFO - 
2026-03-28 23:54:23,847 - INFO - Ray Successfully Initialized with 4 CPU(s) ([0, 1, 2, 3] CPU Affinity Binding).
2026-03-28 23:54:23,847 - INFO - Analyzing 1 time chunk(s) from 2025-01-09 10:56:32 to 2025-01-09 10:57:32 (dt=1min, overlap=0min).
2026-03-28 23:54:23,847 - INFO - Using 1 selected station(s).
2026-03-28 23:54:23,847 - INFO - 
2026-03-28 23:54:23,847 - INFO - ------- Starting EQCCTPro... -------
2026-03-28 23:54:23,847 - INFO - Detailed subprocess information can be found in the log file.
2026-03-28 23:54:23,848 - INFO - 
2026-03-28 23:54:24,240 - INFO - GPU disabled (CPU-only).
2026-03-28 23:54:26,097 - INFO - Configured Intra-op threads = 1
2026-03-28 23:54:26,100 - INFO - Configured Inter-op threads = 1
2026-03-28 23:54:26,153 - INFO - TensorFlow: No GPUs visible; TF will proceed on CPU.
2026-03-28 23:54:26,156 - INFO - 
2026-03-28 23:54:26,159 - INFO - ------- Hardware Configuration -------
2026-03-28 23:54:26,163 - INFO - CPU affinity set to cores: [0, 1, 2, 3]
2026-03-28 23:54:26,166 - INFO - 
2026-03-28 23:54:26,169 - INFO - ------- Data Preprocessing for EQCCTPro -------
2026-03-28 23:54:26,172 - INFO - 1 station(s) in /home/blackwinter/projects/eqcct/eqcctpro/data/waveforms_explosions_nonoise/20250109T105632Z_20250109T105732Z
2026-03-28 23:54:26,175 - INFO - Using 1 selected station(s): ['OBF3'].
2026-03-28 23:54:26,178 - INFO - Creating model actor(s)...
2026-03-28 23:54:26,181 - INFO - System RAM: Total=7870 MB, Available=3583 MB
2026-03-28 23:54:26,185 - INFO - Usable RAM budget: 7083 MB (90% of total)
2026-03-28 23:54:26,187 - INFO - ===== MEMORY-AWARE CPU ACTOR POOL (EQCCT) =====
2026-03-28 23:54:26,190 - INFO - Requested concurrent tasks: 1
2026-03-28 23:54:26,193 - INFO - Available CPUs: 4
2026-03-28 23:54:26,197 - INFO - Available RAM: 7083 MB
2026-03-28 23:54:26,199 - INFO - RAM per model: 2264 MB
2026-03-28 23:54:26,202 - INFO - Max actors by RAM: 3
2026-03-28 23:54:26,205 - INFO - Creating 1 ModelActor(s)
2026-03-28 23:54:26,208 - INFO - Let Ray handle scheduling (taskset already restricts CPU visibility)
2026-03-28 23:54:26,211 - INFO - Creating ModelActor 1/1 (2.21GB RAM each)...
2026-03-28 23:54:30,826 - INFO - ModelActor 1 created successfully.
2026-03-28 23:54:30,829 - INFO - Created 1 CPU actor(s). Task queue will handle concurrency.
2026-03-28 23:54:30,831 - INFO - Starting EQCCTPro parallelized waveform processing...
2026-03-28 23:54:30,833 - INFO - 
2026-03-28 23:54:30,836 - INFO - ------- Analyzing Seismic Waveforms for P and S Picks via EQCCT -------
2026-03-28 23:54:30,838 - INFO - Analyzing 0:01:00 minute timechunk from 2025-01-09 10:56:32 to 2025-01-09 10:57:32 (0 min overlap)
2026-03-28 23:54:30,841 - INFO - Processing a total of 1 stations, 1 at a time.
2026-03-28 23:54:35,394 - INFO - (1/1) OBF3: Finished the prediction in 2.52s. (HP=1.0, LP=45.0)
2026-03-28 23:54:35,396 - INFO - 
2026-03-28 23:54:35,398 - INFO - ------- Parallel Station Waveform Processing Complete For 2025-01-09 10:56:32 to 2025-01-09 10:57:32 Timechunk-------
2026-03-28 23:54:35,401 - INFO - Picks saved at /home/blackwinter/projects/eqcct/eqcctpro/results/csv/eqcct_explosions_th0_1/20250109T105632Z_20250109T105732ZProcess Runtime: 4.57 s
2026-03-28 23:54:35,408 - INFO - Successfully ran EQCCTPro, exiting...
2026-03-28 23:54:36,798 - INFO - Ray Successfully Shutdown.
2026-03-28 23:54:36,798 - INFO - ------- Successfully Picked All Waveform(s) from all Timechunk(s) -------
