2026-03-11 00:07:28,862 - INFO - 
2026-03-11 00:07:28,862 - INFO - ------- Welcome to EQCCTPro -------
2026-03-11 00:07:28,862 - INFO - 
2026-03-11 00:07:28,863 - INFO - Running EQCCT over Requested MSeed Files using CPU(s)...
2026-03-11 00:07:28,863 - INFO - GPU disabled (CPU-only).
2026-03-11 00:07:28,863 - INFO - Configured Intra-op threads = 1
2026-03-11 00:07:28,863 - INFO - Configured Inter-op threads = 1
2026-03-11 00:07:28,864 - INFO - TensorFlow: No GPUs visible; TF will proceed on CPU.
2026-03-11 00:07:28,864 - INFO - 
2026-03-11 00:07:34,260 - INFO - Ray Successfully Initialized with 4 CPU(s) ([0, 1, 2, 3] CPU Affinity Binding).
2026-03-11 00:07:34,261 - INFO - Analyzing 1 time chunk(s) from 2025-01-10 00:02:17 to 2025-01-10 00:03:17 (dt=1min, overlap=0min).
2026-03-11 00:07:34,261 - INFO - Using 1 selected station(s).
2026-03-11 00:07:34,261 - INFO - 
2026-03-11 00:07:34,261 - INFO - ------- Starting EQCCTPro... -------
2026-03-11 00:07:34,261 - INFO - Detailed subprocess information can be found in the log file.
2026-03-11 00:07:34,261 - INFO - 
2026-03-11 00:07:34,630 - INFO - GPU disabled (CPU-only).
2026-03-11 00:07:36,108 - INFO - Configured Intra-op threads = 1
2026-03-11 00:07:36,110 - INFO - Configured Inter-op threads = 1
2026-03-11 00:07:36,152 - INFO - TensorFlow: No GPUs visible; TF will proceed on CPU.
2026-03-11 00:07:36,155 - INFO - 
2026-03-11 00:07:36,157 - INFO - ------- Hardware Configuration -------
2026-03-11 00:07:36,159 - INFO - CPU affinity set to cores: [0, 1, 2, 3]
2026-03-11 00:07:36,161 - INFO - 
2026-03-11 00:07:36,163 - INFO - ------- Data Preprocessing for EQCCTPro -------
2026-03-11 00:07:36,165 - INFO - 1 station(s) in /home/blackwinter/projects/eqcct/eqcctpro/data/waveforms_noise_only/20250110T000217Z_20250110T000317Z
2026-03-11 00:07:36,167 - INFO - Using 1 selected station(s): ['KUNI'].
2026-03-11 00:07:36,169 - INFO - Creating model actor(s)...
2026-03-11 00:07:36,171 - INFO - System RAM: Total=7870 MB, Available=2710 MB
2026-03-11 00:07:36,172 - INFO - Usable RAM budget: 7083 MB (90% of total)
2026-03-11 00:07:36,174 - INFO - ===== MEMORY-AWARE CPU ACTOR POOL (EQCCT) =====
2026-03-11 00:07:36,176 - INFO - Requested concurrent tasks: 1
2026-03-11 00:07:36,178 - INFO - Available CPUs: 4
2026-03-11 00:07:36,180 - INFO - Available RAM: 7083 MB
2026-03-11 00:07:36,182 - INFO - RAM per model: 2264 MB
2026-03-11 00:07:36,183 - INFO - Max actors by RAM: 3
2026-03-11 00:07:36,185 - INFO - Creating 1 ModelActor(s)
2026-03-11 00:07:36,187 - INFO - Let Ray handle scheduling (taskset already restricts CPU visibility)
2026-03-11 00:07:36,190 - INFO - Creating ModelActor 1/1 (2.21GB RAM each)...
2026-03-11 00:07:40,138 - INFO - ModelActor 1 created successfully.
2026-03-11 00:07:40,140 - INFO - Created 1 CPU actor(s). Task queue will handle concurrency.
2026-03-11 00:07:40,142 - INFO - Starting EQCCTPro parallelized waveform processing...
2026-03-11 00:07:40,144 - INFO - 
2026-03-11 00:07:40,146 - INFO - ------- Analyzing Seismic Waveforms for P and S Picks via EQCCT -------
2026-03-11 00:07:40,148 - INFO - Analyzing 0:01:00 minute timechunk from 2025-01-10 00:02:17 to 2025-01-10 00:03:17 (0 min overlap)
2026-03-11 00:07:40,150 - INFO - Processing a total of 1 stations, 1 at a time.
2026-03-11 00:07:44,335 - INFO - (1/1) KUNI: Finished the prediction in 2.28s. (HP=1.0, LP=45.0)
2026-03-11 00:07:44,341 - INFO - 
2026-03-11 00:07:44,343 - INFO - ------- Parallel Station Waveform Processing Complete For 2025-01-10 00:02:17 to 2025-01-10 00:03:17 Timechunk-------
2026-03-11 00:07:44,351 - INFO - Successfully ran EQCCTPro, exiting...
2026-03-11 00:07:44,346 - INFO - Picks saved at /home/blackwinter/projects/eqcct/eqcctpro/results/csv/bm_noise_only/20250110T000217Z_20250110T000317ZProcess Runtime: 4.20 s
2026-03-11 00:07:45,973 - INFO - Ray Successfully Shutdown.
2026-03-11 00:07:45,973 - INFO - ------- Successfully Picked All Waveform(s) from all Timechunk(s) -------
2026-03-11 14:44:58,810 - INFO - 
2026-03-11 14:44:58,811 - INFO - ------- Welcome to EQCCTPro -------
2026-03-11 14:44:58,811 - INFO - 
2026-03-11 14:44:58,811 - INFO - Running EQCCT over Requested MSeed Files using CPU(s)...
2026-03-11 14:44:58,811 - INFO - GPU disabled (CPU-only).
2026-03-11 14:44:58,812 - INFO - Configured Intra-op threads = 1
2026-03-11 14:44:58,812 - INFO - Configured Inter-op threads = 1
2026-03-11 14:44:58,812 - INFO - TensorFlow: No GPUs visible; TF will proceed on CPU.
2026-03-11 14:44:58,812 - INFO - 
2026-03-11 14:45:03,972 - INFO - Ray Successfully Initialized with 4 CPU(s) ([0, 1, 2, 3] CPU Affinity Binding).
2026-03-11 14:45:03,972 - INFO - Analyzing 1 time chunk(s) from 2025-01-10 00:02:17 to 2025-01-10 00:03:17 (dt=1min, overlap=0min).
2026-03-11 14:45:03,972 - INFO - Using 1 selected station(s).
2026-03-11 14:45:03,972 - INFO - 
2026-03-11 14:45:03,973 - INFO - ------- Starting EQCCTPro... -------
2026-03-11 14:45:03,973 - INFO - Detailed subprocess information can be found in the log file.
2026-03-11 14:45:03,973 - INFO - 
2026-03-11 14:45:04,331 - INFO - GPU disabled (CPU-only).
2026-03-11 14:45:05,776 - INFO - Configured Intra-op threads = 1
2026-03-11 14:45:05,778 - INFO - Configured Inter-op threads = 1
2026-03-11 14:45:05,819 - INFO - TensorFlow: No GPUs visible; TF will proceed on CPU.
2026-03-11 14:45:05,822 - INFO - 
2026-03-11 14:45:05,824 - INFO - ------- Hardware Configuration -------
2026-03-11 14:45:05,826 - INFO - CPU affinity set to cores: [0, 1, 2, 3]
2026-03-11 14:45:05,828 - INFO - 
2026-03-11 14:45:05,830 - INFO - ------- Data Preprocessing for EQCCTPro -------
2026-03-11 14:45:05,832 - INFO - 1 station(s) in /home/blackwinter/projects/eqcct/eqcctpro/data/waveforms_noise_only/20250110T000217Z_20250110T000317Z
2026-03-11 14:45:05,834 - INFO - Using 1 selected station(s): ['KUNI'].
2026-03-11 14:45:05,836 - INFO - Creating model actor(s)...
2026-03-11 14:45:05,838 - INFO - System RAM: Total=7870 MB, Available=3583 MB
2026-03-11 14:45:05,840 - INFO - Usable RAM budget: 7083 MB (90% of total)
2026-03-11 14:45:05,842 - INFO - ===== MEMORY-AWARE CPU ACTOR POOL (EQCCT) =====
2026-03-11 14:45:05,844 - INFO - Requested concurrent tasks: 1
2026-03-11 14:45:05,847 - INFO - Available CPUs: 4
2026-03-11 14:45:05,849 - INFO - Available RAM: 7083 MB
2026-03-11 14:45:05,852 - INFO - RAM per model: 2264 MB
2026-03-11 14:45:05,854 - INFO - Max actors by RAM: 3
2026-03-11 14:45:05,856 - INFO - Creating 1 ModelActor(s)
2026-03-11 14:45:05,857 - INFO - Let Ray handle scheduling (taskset already restricts CPU visibility)
2026-03-11 14:45:05,860 - INFO - Creating ModelActor 1/1 (2.21GB RAM each)...
2026-03-11 14:45:09,727 - INFO - ModelActor 1 created successfully.
2026-03-11 14:45:09,729 - INFO - Created 1 CPU actor(s). Task queue will handle concurrency.
2026-03-11 14:45:09,731 - INFO - Starting EQCCTPro parallelized waveform processing...
2026-03-11 14:45:09,733 - INFO - 
2026-03-11 14:45:09,735 - INFO - ------- Analyzing Seismic Waveforms for P and S Picks via EQCCT -------
2026-03-11 14:45:09,737 - INFO - Analyzing 0:01:00 minute timechunk from 2025-01-10 00:02:17 to 2025-01-10 00:03:17 (0 min overlap)
2026-03-11 14:45:09,740 - INFO - Processing a total of 1 stations, 1 at a time.
2026-03-11 14:45:11,624 - INFO - (1/1) KUNI: Skipped (already exists - overwrite=False).
2026-03-11 14:45:11,626 - INFO - 
2026-03-11 14:45:11,628 - INFO - ------- Parallel Station Waveform Processing Complete For 2025-01-10 00:02:17 to 2025-01-10 00:03:17 Timechunk-------
2026-03-11 14:45:11,630 - INFO - Picks saved at /home/blackwinter/projects/eqcct/eqcctpro/results/csv/bm_noise_only/20250110T000217Z_20250110T000317ZProcess Runtime: 1.90 s
2026-03-11 14:45:11,647 - INFO - Successfully ran EQCCTPro, exiting...
2026-03-11 14:45:13,318 - INFO - Ray Successfully Shutdown.
2026-03-11 14:45:13,318 - INFO - ------- Successfully Picked All Waveform(s) from all Timechunk(s) -------
