2026-03-20 05:07:28,768 - INFO - 
2026-03-20 05:07:28,768 - INFO - ------- Welcome to EQCCTPro -------
2026-03-20 05:07:28,769 - INFO - 
2026-03-20 05:07:28,769 - INFO - Running EQCCT over Requested MSeed Files using CPU(s)...
2026-03-20 05:07:28,769 - INFO - GPU disabled (CPU-only).
2026-03-20 05:07:28,770 - INFO - Configured Intra-op threads = 1
2026-03-20 05:07:28,770 - INFO - Configured Inter-op threads = 1
2026-03-20 05:07:28,770 - INFO - TensorFlow: No GPUs visible; TF will proceed on CPU.
2026-03-20 05:07:28,770 - INFO - 
2026-03-20 05:07:34,142 - INFO - Ray Successfully Initialized with 4 CPU(s) ([0, 1, 2, 3] CPU Affinity Binding).
2026-03-20 05:07:34,142 - INFO - Analyzing 1 time chunk(s) from 2025-09-11 13:18:28 to 2025-09-11 13:19:28 (dt=1min, overlap=0min).
2026-03-20 05:07:34,143 - INFO - Using 1 selected station(s).
2026-03-20 05:07:34,143 - INFO - 
2026-03-20 05:07:34,143 - INFO - ------- Starting EQCCTPro... -------
2026-03-20 05:07:34,143 - INFO - Detailed subprocess information can be found in the log file.
2026-03-20 05:07:34,143 - INFO - 
2026-03-20 05:07:34,505 - INFO - GPU disabled (CPU-only).
2026-03-20 05:07:36,005 - INFO - Configured Intra-op threads = 1
2026-03-20 05:07:36,008 - INFO - Configured Inter-op threads = 1
2026-03-20 05:07:36,050 - INFO - TensorFlow: No GPUs visible; TF will proceed on CPU.
2026-03-20 05:07:36,053 - INFO - 
2026-03-20 05:07:36,055 - INFO - ------- Hardware Configuration -------
2026-03-20 05:07:36,057 - INFO - CPU affinity set to cores: [0, 1, 2, 3]
2026-03-20 05:07:36,059 - INFO - 
2026-03-20 05:07:36,062 - INFO - ------- Data Preprocessing for EQCCTPro -------
2026-03-20 05:07:36,064 - INFO - 1 station(s) in /home/blackwinter/projects/eqcct/eqcctpro/data/waveforms_earthquakes_nonoise/20250911T131828Z_20250911T131928Z
2026-03-20 05:07:36,066 - INFO - Using 1 selected station(s): ['OUL'].
2026-03-20 05:07:36,069 - INFO - Creating model actor(s)...
2026-03-20 05:07:36,070 - INFO - System RAM: Total=7870 MB, Available=1741 MB
2026-03-20 05:07:36,072 - INFO - Usable RAM budget: 7083 MB (90% of total)
2026-03-20 05:07:36,074 - INFO - ===== MEMORY-AWARE CPU ACTOR POOL (EQCCT) =====
2026-03-20 05:07:36,076 - INFO - Requested concurrent tasks: 1
2026-03-20 05:07:36,077 - INFO - Available CPUs: 4
2026-03-20 05:07:36,079 - INFO - Available RAM: 7083 MB
2026-03-20 05:07:36,081 - INFO - RAM per model: 2264 MB
2026-03-20 05:07:36,083 - INFO - Max actors by RAM: 3
2026-03-20 05:07:36,085 - INFO - Creating 1 ModelActor(s)
2026-03-20 05:07:36,087 - INFO - Let Ray handle scheduling (taskset already restricts CPU visibility)
2026-03-20 05:07:36,088 - INFO - Creating ModelActor 1/1 (2.21GB RAM each)...
2026-03-20 05:07:40,019 - INFO - ModelActor 1 created successfully.
2026-03-20 05:07:40,021 - INFO - Created 1 CPU actor(s). Task queue will handle concurrency.
2026-03-20 05:07:40,023 - INFO - Starting EQCCTPro parallelized waveform processing...
2026-03-20 05:07:40,025 - INFO - 
2026-03-20 05:07:40,027 - INFO - ------- Analyzing Seismic Waveforms for P and S Picks via EQCCT -------
2026-03-20 05:07:40,030 - INFO - Analyzing 0:01:00 minute timechunk from 2025-09-11 13:18:28 to 2025-09-11 13:19:28 (0 min overlap)
2026-03-20 05:07:40,032 - INFO - Processing a total of 1 stations, 1 at a time.
2026-03-20 05:07:44,305 - INFO - (1/1) OUL: Finished the prediction in 2.38s. (HP=1.0, LP=45.0)
2026-03-20 05:07:44,309 - INFO - 
2026-03-20 05:07:44,312 - INFO - ------- Parallel Station Waveform Processing Complete For 2025-09-11 13:18:28 to 2025-09-11 13:19:28 Timechunk-------
2026-03-20 05:07:44,314 - INFO - Picks saved at /home/blackwinter/projects/eqcct/eqcctpro/results/csv/eqcct_earthquakes_th0_1/20250911T131828Z_20250911T131928ZProcess Runtime: 4.29 s
2026-03-20 05:07:44,319 - INFO - Successfully ran EQCCTPro, exiting...
2026-03-20 05:07:45,979 - INFO - Ray Successfully Shutdown.
2026-03-20 05:07:45,979 - INFO - ------- Successfully Picked All Waveform(s) from all Timechunk(s) -------
