2026-03-10 18:19:19,543 - INFO - 
2026-03-10 18:19:19,543 - INFO - ------- Welcome to EQCCTPro -------
2026-03-10 18:19:19,543 - INFO - 
2026-03-10 18:19:19,544 - INFO - Running EQCCT over Requested MSeed Files using CPU(s)...
2026-03-10 18:19:19,544 - INFO - GPU disabled (CPU-only).
2026-03-10 18:19:19,544 - INFO - Configured Intra-op threads = 1
2026-03-10 18:19:19,544 - INFO - Configured Inter-op threads = 1
2026-03-10 18:19:19,544 - INFO - TensorFlow: No GPUs visible; TF will proceed on CPU.
2026-03-10 18:19:19,544 - INFO - 
2026-03-10 18:19:25,003 - INFO - Ray Successfully Initialized with 4 CPU(s) ([0, 1, 2, 3] CPU Affinity Binding).
2026-03-10 18:19:25,003 - INFO - Analyzing 1 time chunk(s) from 2025-01-03 07:52:24 to 2025-01-03 07:53:24 (dt=1min, overlap=0min).
2026-03-10 18:19:25,004 - INFO - Using 1 selected station(s).
2026-03-10 18:19:25,004 - INFO - 
2026-03-10 18:19:25,004 - INFO - ------- Starting EQCCTPro... -------
2026-03-10 18:19:25,004 - INFO - Detailed subprocess information can be found in the log file.
2026-03-10 18:19:25,004 - INFO - 
2026-03-10 18:19:25,391 - INFO - GPU disabled (CPU-only).
2026-03-10 18:19:27,009 - INFO - Configured Intra-op threads = 1
2026-03-10 18:19:27,011 - INFO - Configured Inter-op threads = 1
2026-03-10 18:19:27,053 - INFO - TensorFlow: No GPUs visible; TF will proceed on CPU.
2026-03-10 18:19:27,056 - INFO - 
2026-03-10 18:19:27,058 - INFO - ------- Hardware Configuration -------
2026-03-10 18:19:27,060 - INFO - CPU affinity set to cores: [0, 1, 2, 3]
2026-03-10 18:19:27,063 - INFO - 
2026-03-10 18:19:27,065 - INFO - ------- Data Preprocessing for EQCCTPro -------
2026-03-10 18:19:27,067 - INFO - 1 station(s) in /home/blackwinter/projects/eqcct/eqcctpro/data/waveforms_noise_only/20250103T075224Z_20250103T075324Z
2026-03-10 18:19:27,069 - INFO - Using 1 selected station(s): ['KPF'].
2026-03-10 18:19:27,071 - INFO - Creating model actor(s)...
2026-03-10 18:19:27,073 - INFO - System RAM: Total=7870 MB, Available=4088 MB
2026-03-10 18:19:27,076 - INFO - Usable RAM budget: 7083 MB (90% of total)
2026-03-10 18:19:27,078 - INFO - ===== MEMORY-AWARE CPU ACTOR POOL (EQCCT) =====
2026-03-10 18:19:27,080 - INFO - Requested concurrent tasks: 1
2026-03-10 18:19:27,082 - INFO - Available CPUs: 4
2026-03-10 18:19:27,085 - INFO - Available RAM: 7083 MB
2026-03-10 18:19:27,087 - INFO - RAM per model: 2264 MB
2026-03-10 18:19:27,089 - INFO - Max actors by RAM: 3
2026-03-10 18:19:27,091 - INFO - Creating 1 ModelActor(s)
2026-03-10 18:19:27,093 - INFO - Let Ray handle scheduling (taskset already restricts CPU visibility)
2026-03-10 18:19:27,095 - INFO - Creating ModelActor 1/1 (2.21GB RAM each)...
2026-03-10 18:19:30,988 - INFO - ModelActor 1 created successfully.
2026-03-10 18:19:30,990 - INFO - Created 1 CPU actor(s). Task queue will handle concurrency.
2026-03-10 18:19:30,992 - INFO - Starting EQCCTPro parallelized waveform processing...
2026-03-10 18:19:30,994 - INFO - 
2026-03-10 18:19:30,996 - INFO - ------- Analyzing Seismic Waveforms for P and S Picks via EQCCT -------
2026-03-10 18:19:30,999 - INFO - Analyzing 0:01:00 minute timechunk from 2025-01-03 07:52:24 to 2025-01-03 07:53:24 (0 min overlap)
2026-03-10 18:19:31,001 - INFO - Processing a total of 1 stations, 1 at a time.
2026-03-10 18:19:35,214 - INFO - (1/1) KPF: Finished the prediction in 2.19s. (HP=1.0, LP=45.0)
2026-03-10 18:19:35,216 - INFO - 
2026-03-10 18:19:35,219 - INFO - ------- Parallel Station Waveform Processing Complete For 2025-01-03 07:52:24 to 2025-01-03 07:53:24 Timechunk-------
2026-03-10 18:19:35,221 - INFO - Picks saved at /home/blackwinter/projects/eqcct/eqcctpro/results/csv/bm_noise_only/20250103T075224Z_20250103T075324ZProcess Runtime: 4.22 s
2026-03-10 18:19:35,224 - INFO - Successfully ran EQCCTPro, exiting...
2026-03-10 18:19:36,674 - INFO - Ray Successfully Shutdown.
2026-03-10 18:19:36,674 - INFO - ------- Successfully Picked All Waveform(s) from all Timechunk(s) -------
2026-03-11 09:43:46,997 - INFO - 
2026-03-11 09:43:47,004 - INFO - ------- Welcome to EQCCTPro -------
2026-03-11 09:43:47,004 - INFO - 
2026-03-11 09:43:47,005 - INFO - Running EQCCT over Requested MSeed Files using CPU(s)...
2026-03-11 09:43:47,005 - INFO - GPU disabled (CPU-only).
2026-03-11 09:43:47,005 - INFO - Configured Intra-op threads = 1
2026-03-11 09:43:47,005 - INFO - Configured Inter-op threads = 1
2026-03-11 09:43:47,005 - INFO - TensorFlow: No GPUs visible; TF will proceed on CPU.
2026-03-11 09:43:47,005 - INFO - 
2026-03-11 09:43:52,359 - INFO - Ray Successfully Initialized with 4 CPU(s) ([0, 1, 2, 3] CPU Affinity Binding).
2026-03-11 09:43:52,360 - INFO - Analyzing 1 time chunk(s) from 2025-01-03 07:52:24 to 2025-01-03 07:53:24 (dt=1min, overlap=0min).
2026-03-11 09:43:52,360 - INFO - Using 1 selected station(s).
2026-03-11 09:43:52,360 - INFO - 
2026-03-11 09:43:52,360 - INFO - ------- Starting EQCCTPro... -------
2026-03-11 09:43:52,360 - INFO - Detailed subprocess information can be found in the log file.
2026-03-11 09:43:52,361 - INFO - 
2026-03-11 09:43:52,737 - INFO - GPU disabled (CPU-only).
2026-03-11 09:43:54,235 - INFO - Configured Intra-op threads = 1
2026-03-11 09:43:54,237 - INFO - Configured Inter-op threads = 1
2026-03-11 09:43:54,278 - INFO - TensorFlow: No GPUs visible; TF will proceed on CPU.
2026-03-11 09:43:54,280 - INFO - 
2026-03-11 09:43:54,282 - INFO - ------- Hardware Configuration -------
2026-03-11 09:43:54,285 - INFO - CPU affinity set to cores: [0, 1, 2, 3]
2026-03-11 09:43:54,287 - INFO - 
2026-03-11 09:43:54,289 - INFO - ------- Data Preprocessing for EQCCTPro -------
2026-03-11 09:43:54,292 - INFO - 1 station(s) in /home/blackwinter/projects/eqcct/eqcctpro/data/waveforms_noise_only/20250103T075224Z_20250103T075324Z
2026-03-11 09:43:54,294 - INFO - Using 1 selected station(s): ['KPF'].
2026-03-11 09:43:54,296 - INFO - Creating model actor(s)...
2026-03-11 09:43:54,298 - INFO - System RAM: Total=7870 MB, Available=4753 MB
2026-03-11 09:43:54,300 - INFO - Usable RAM budget: 7083 MB (90% of total)
2026-03-11 09:43:54,302 - INFO - ===== MEMORY-AWARE CPU ACTOR POOL (EQCCT) =====
2026-03-11 09:43:54,303 - INFO - Requested concurrent tasks: 1
2026-03-11 09:43:54,305 - INFO - Available CPUs: 4
2026-03-11 09:43:54,307 - INFO - Available RAM: 7083 MB
2026-03-11 09:43:54,309 - INFO - RAM per model: 2264 MB
2026-03-11 09:43:54,311 - INFO - Max actors by RAM: 3
2026-03-11 09:43:54,314 - INFO - Creating 1 ModelActor(s)
2026-03-11 09:43:54,316 - INFO - Let Ray handle scheduling (taskset already restricts CPU visibility)
2026-03-11 09:43:54,318 - INFO - Creating ModelActor 1/1 (2.21GB RAM each)...
2026-03-11 09:43:58,220 - INFO - ModelActor 1 created successfully.
2026-03-11 09:43:58,223 - INFO - Created 1 CPU actor(s). Task queue will handle concurrency.
2026-03-11 09:43:58,225 - INFO - Starting EQCCTPro parallelized waveform processing...
2026-03-11 09:43:58,227 - INFO - 
2026-03-11 09:43:58,229 - INFO - ------- Analyzing Seismic Waveforms for P and S Picks via EQCCT -------
2026-03-11 09:43:58,231 - INFO - Analyzing 0:01:00 minute timechunk from 2025-01-03 07:52:24 to 2025-01-03 07:53:24 (0 min overlap)
2026-03-11 09:43:58,233 - INFO - Processing a total of 1 stations, 1 at a time.
2026-03-11 09:44:00,117 - INFO - (1/1) KPF: Skipped (already exists - overwrite=False).
2026-03-11 09:44:00,120 - INFO - 
2026-03-11 09:44:00,122 - INFO - ------- Parallel Station Waveform Processing Complete For 2025-01-03 07:52:24 to 2025-01-03 07:53:24 Timechunk-------
2026-03-11 09:44:00,124 - INFO - Picks saved at /home/blackwinter/projects/eqcct/eqcctpro/results/csv/bm_noise_only/20250103T075224Z_20250103T075324ZProcess Runtime: 1.90 s
2026-03-11 09:44:00,132 - INFO - Successfully ran EQCCTPro, exiting...
2026-03-11 09:44:01,616 - INFO - Ray Successfully Shutdown.
2026-03-11 09:44:01,617 - INFO - ------- Successfully Picked All Waveform(s) from all Timechunk(s) -------
