2026-03-28 11:49:49,313 - INFO - 
2026-03-28 11:49:49,313 - INFO - ------- Welcome to EQCCTPro -------
2026-03-28 11:49:49,313 - INFO - 
2026-03-28 11:49:49,314 - INFO - Running EQCCT over Requested MSeed Files using CPU(s)...
2026-03-28 11:49:49,314 - INFO - GPU disabled (CPU-only).
2026-03-28 11:49:49,314 - INFO - Skipping framework-specific initialization in the driver process.
2026-03-28 11:49:50,715 - INFO - Ray Successfully Initialized with 4 CPU(s) ([0, 1, 2, 3] CPU Affinity Binding).
2026-03-28 11:49:50,715 - INFO - Analyzing 1 time chunk(s) from 2025-01-08 13:01:26 to 2025-01-08 13:02:26 (dt=1min, overlap=0min).
2026-03-28 11:49:50,715 - INFO - Using 1 selected station(s).
2026-03-28 11:49:50,715 - INFO - 
2026-03-28 11:49:50,716 - INFO - ------- Starting EQCCTPro... -------
2026-03-28 11:49:50,716 - INFO - Detailed subprocess information can be found in the log file.
2026-03-28 11:49:50,716 - INFO - 
2026-03-28 11:49:51,018 - INFO - GPU disabled (CPU-only).
2026-03-28 11:49:51,024 - INFO - Skipping framework-specific initialization in the driver process.
2026-03-28 11:49:51,027 - INFO - ------- Hardware Configuration -------
2026-03-28 11:49:51,030 - INFO - CPU affinity set to cores: [0, 1, 2, 3]
2026-03-28 11:49:51,033 - INFO - 
2026-03-28 11:49:51,037 - INFO - ------- Data Preprocessing for EQCCTPro -------
2026-03-28 11:49:51,039 - INFO - 1 station(s) in /home/blackwinter/projects/eqcct/eqcctpro/data/waveforms_noise_only/20250108T130126Z_20250108T130226Z
2026-03-28 11:49:51,042 - INFO - Using 1 selected station(s): ['KU2'].
2026-03-28 11:49:51,044 - INFO - Creating model actor(s)...
2026-03-28 11:49:51,047 - INFO - System RAM: Total=7870 MB, Available=4544 MB
2026-03-28 11:49:51,050 - INFO - Usable RAM budget: 7083 MB (90% of total)
2026-03-28 11:49:51,053 - INFO - ===== MEMORY-AWARE CPU ACTOR POOL =====
2026-03-28 11:49:51,055 - INFO - Requested concurrent tasks: 1
2026-03-28 11:49:51,058 - INFO - Available CPUs: 4
2026-03-28 11:49:51,060 - INFO - Available RAM: 7083 MB
2026-03-28 11:49:51,063 - INFO - RAM per model: 2060 MB
2026-03-28 11:49:51,066 - INFO - Max actors by RAM: 3
2026-03-28 11:49:51,068 - INFO - Creating 1 SeisBenchModelActor(s)
2026-03-28 11:49:51,071 - INFO - Let Ray handle scheduling (taskset already restricts CPU visibility)
2026-03-28 11:49:51,073 - INFO - Creating SeisBenchModelActor 1/1 (2.01GB RAM each)...
2026-03-28 11:49:54,100 - INFO - SeisBenchModelActor 1 created successfully.
2026-03-28 11:49:54,102 - INFO - Created 1 CPU actor(s). Task queue will handle concurrency.
2026-03-28 11:49:54,105 - INFO - Starting EQCCTPro parallelized waveform processing...
2026-03-28 11:49:54,107 - INFO - 
2026-03-28 11:49:54,110 - INFO - ------- Analyzing Seismic Waveforms for P and S Picks via SeisBench (EQTransformer - original_nonconservative) -------
2026-03-28 11:49:54,112 - INFO - Analyzing 0:01:00 minute timechunk from 2025-01-08 13:01:26 to 2025-01-08 13:02:26 (0 min overlap)
2026-03-28 11:49:54,115 - INFO - Processing a total of 1 stations, 1 at a time.
2026-03-28 11:49:56,398 - INFO - (1/1) KU2: Finished the prediction in 0.14s. (HP=1.0, LP=45.0, picks=0)
2026-03-28 11:49:56,402 - INFO - 
2026-03-28 11:49:56,405 - INFO - ------- Parallel Station Waveform Processing Complete For 2025-01-08 13:01:26 to 2025-01-08 13:02:26 Timechunk-------
2026-03-28 11:49:56,412 - INFO - Successfully ran EQCCTPro, exiting...
2026-03-28 11:49:56,407 - INFO - Picks saved at /home/blackwinter/projects/eqcct/eqcctpro/results/csv/eqt_noise_th0_1/20250108T130126Z_20250108T130226ZProcess Runtime: 2.30 s
2026-03-28 11:49:58,198 - INFO - Ray Successfully Shutdown.
2026-03-28 11:49:58,198 - INFO - ------- Successfully Picked All Waveform(s) from all Timechunk(s) -------
