2026-03-28 10:12:14,015 - INFO - 
2026-03-28 10:12:14,016 - INFO - ------- Welcome to EQCCTPro -------
2026-03-28 10:12:14,016 - INFO - 
2026-03-28 10:12:14,016 - INFO - Running EQCCT over Requested MSeed Files using CPU(s)...
2026-03-28 10:12:14,017 - INFO - GPU disabled (CPU-only).
2026-03-28 10:12:14,017 - INFO - Skipping framework-specific initialization in the driver process.
2026-03-28 10:12:15,628 - INFO - Ray Successfully Initialized with 4 CPU(s) ([0, 1, 2, 3] CPU Affinity Binding).
2026-03-28 10:12:15,629 - INFO - Analyzing 1 time chunk(s) from 2025-01-04 20:43:05 to 2025-01-04 20:44:05 (dt=1min, overlap=0min).
2026-03-28 10:12:15,629 - INFO - Using 1 selected station(s).
2026-03-28 10:12:15,629 - INFO - 
2026-03-28 10:12:15,629 - INFO - ------- Starting EQCCTPro... -------
2026-03-28 10:12:15,629 - INFO - Detailed subprocess information can be found in the log file.
2026-03-28 10:12:15,630 - INFO - 
2026-03-28 10:12:15,924 - INFO - GPU disabled (CPU-only).
2026-03-28 10:12:15,929 - INFO - Skipping framework-specific initialization in the driver process.
2026-03-28 10:12:15,931 - INFO - ------- Hardware Configuration -------
2026-03-28 10:12:15,934 - INFO - CPU affinity set to cores: [0, 1, 2, 3]
2026-03-28 10:12:15,937 - INFO - 
2026-03-28 10:12:15,940 - INFO - ------- Data Preprocessing for EQCCTPro -------
2026-03-28 10:12:15,942 - INFO - 1 station(s) in /home/blackwinter/projects/eqcct/eqcctpro/data/waveforms_noise_only/20250104T204305Z_20250104T204405Z
2026-03-28 10:12:15,945 - INFO - Using 1 selected station(s): ['AAL'].
2026-03-28 10:12:15,948 - INFO - Creating model actor(s)...
2026-03-28 10:12:15,950 - INFO - System RAM: Total=7870 MB, Available=4733 MB
2026-03-28 10:12:15,953 - INFO - Usable RAM budget: 7083 MB (90% of total)
2026-03-28 10:12:15,955 - INFO - ===== MEMORY-AWARE CPU ACTOR POOL =====
2026-03-28 10:12:15,958 - INFO - Requested concurrent tasks: 1
2026-03-28 10:12:15,961 - INFO - Available CPUs: 4
2026-03-28 10:12:15,964 - INFO - Available RAM: 7083 MB
2026-03-28 10:12:15,967 - INFO - RAM per model: 2060 MB
2026-03-28 10:12:15,969 - INFO - Max actors by RAM: 3
2026-03-28 10:12:15,972 - INFO - Creating 1 SeisBenchModelActor(s)
2026-03-28 10:12:15,974 - INFO - Let Ray handle scheduling (taskset already restricts CPU visibility)
2026-03-28 10:12:15,975 - INFO - Creating SeisBenchModelActor 1/1 (2.01GB RAM each)...
2026-03-28 10:12:18,834 - INFO - SeisBenchModelActor 1 created successfully.
2026-03-28 10:12:18,837 - INFO - Created 1 CPU actor(s). Task queue will handle concurrency.
2026-03-28 10:12:18,839 - INFO - Starting EQCCTPro parallelized waveform processing...
2026-03-28 10:12:18,842 - INFO - 
2026-03-28 10:12:18,844 - INFO - ------- Analyzing Seismic Waveforms for P and S Picks via SeisBench (EQTransformer - original_nonconservative) -------
2026-03-28 10:12:18,846 - INFO - Analyzing 0:01:00 minute timechunk from 2025-01-04 20:43:05 to 2025-01-04 20:44:05 (0 min overlap)
2026-03-28 10:12:18,848 - INFO - Processing a total of 1 stations, 1 at a time.
2026-03-28 10:12:21,056 - INFO - (1/1) AAL: Finished the prediction in 0.12s. (HP=1.0, LP=45.0, picks=0)
2026-03-28 10:12:21,058 - INFO - 
2026-03-28 10:12:21,061 - INFO - ------- Parallel Station Waveform Processing Complete For 2025-01-04 20:43:05 to 2025-01-04 20:44:05 Timechunk-------
2026-03-28 10:12:21,064 - INFO - Picks saved at /home/blackwinter/projects/eqcct/eqcctpro/results/csv/eqt_noise_th0_1/20250104T204305Z_20250104T204405ZProcess Runtime: 2.22 s
2026-03-28 10:12:21,068 - INFO - Successfully ran EQCCTPro, exiting...
2026-03-28 10:12:22,821 - INFO - Ray Successfully Shutdown.
2026-03-28 10:12:22,821 - INFO - ------- Successfully Picked All Waveform(s) from all Timechunk(s) -------
