2026-03-29 09:48:40,679 - INFO - 
2026-03-29 09:48:40,680 - INFO - ------- Welcome to EQCCTPro -------
2026-03-29 09:48:40,680 - INFO - 
2026-03-29 09:48:40,680 - INFO - Running EQCCT over Requested MSeed Files using CPU(s)...
2026-03-29 09:48:40,680 - INFO - GPU disabled (CPU-only).
2026-03-29 09:48:40,681 - INFO - Configured Intra-op threads = 1
2026-03-29 09:48:40,681 - INFO - Configured Inter-op threads = 1
2026-03-29 09:48:40,681 - INFO - TensorFlow: No GPUs visible; TF will proceed on CPU.
2026-03-29 09:48:40,681 - INFO - 
2026-03-29 09:48:46,363 - INFO - Ray Successfully Initialized with 4 CPU(s) ([0, 1, 2, 3] CPU Affinity Binding).
2026-03-29 09:48:46,363 - INFO - Analyzing 1 time chunk(s) from 2025-01-03 01:06:11 to 2025-01-03 01:07:11 (dt=1min, overlap=0min).
2026-03-29 09:48:46,363 - INFO - Using 1 selected station(s).
2026-03-29 09:48:46,364 - INFO - 
2026-03-29 09:48:46,364 - INFO - ------- Starting EQCCTPro... -------
2026-03-29 09:48:46,364 - INFO - Detailed subprocess information can be found in the log file.
2026-03-29 09:48:46,364 - INFO - 
2026-03-29 09:48:46,775 - INFO - GPU disabled (CPU-only).
2026-03-29 09:48:48,450 - INFO - Configured Intra-op threads = 1
2026-03-29 09:48:48,452 - INFO - Configured Inter-op threads = 1
2026-03-29 09:48:48,501 - INFO - TensorFlow: No GPUs visible; TF will proceed on CPU.
2026-03-29 09:48:48,503 - INFO - 
2026-03-29 09:48:48,506 - INFO - ------- Hardware Configuration -------
2026-03-29 09:48:48,509 - INFO - CPU affinity set to cores: [0, 1, 2, 3]
2026-03-29 09:48:48,511 - INFO - 
2026-03-29 09:48:48,514 - INFO - ------- Data Preprocessing for EQCCTPro -------
2026-03-29 09:48:48,516 - INFO - 1 station(s) in /home/blackwinter/projects/eqcct/eqcctpro/data/waveforms_noise_only/20250103T010611Z_20250103T010711Z
2026-03-29 09:48:48,519 - INFO - Using 1 selected station(s): ['KUNI'].
2026-03-29 09:48:48,522 - INFO - Creating model actor(s)...
2026-03-29 09:48:48,524 - INFO - System RAM: Total=7870 MB, Available=5547 MB
2026-03-29 09:48:48,527 - INFO - Usable RAM budget: 7083 MB (90% of total)
2026-03-29 09:48:48,529 - INFO - ===== MEMORY-AWARE CPU ACTOR POOL (EQCCT) =====
2026-03-29 09:48:48,532 - INFO - Requested concurrent tasks: 1
2026-03-29 09:48:48,535 - INFO - Available CPUs: 4
2026-03-29 09:48:48,537 - INFO - Available RAM: 7083 MB
2026-03-29 09:48:48,539 - INFO - RAM per model: 2264 MB
2026-03-29 09:48:48,542 - INFO - Max actors by RAM: 3
2026-03-29 09:48:48,545 - INFO - Creating 1 ModelActor(s)
2026-03-29 09:48:48,547 - INFO - Let Ray handle scheduling (taskset already restricts CPU visibility)
2026-03-29 09:48:48,549 - INFO - Creating ModelActor 1/1 (2.21GB RAM each)...
2026-03-29 09:48:52,784 - INFO - ModelActor 1 created successfully.
2026-03-29 09:48:52,786 - INFO - Created 1 CPU actor(s). Task queue will handle concurrency.
2026-03-29 09:48:52,789 - INFO - Starting EQCCTPro parallelized waveform processing...
2026-03-29 09:48:52,792 - INFO - 
2026-03-29 09:48:52,795 - INFO - ------- Analyzing Seismic Waveforms for P and S Picks via EQCCT -------
2026-03-29 09:48:52,798 - INFO - Analyzing 0:01:00 minute timechunk from 2025-01-03 01:06:11 to 2025-01-03 01:07:11 (0 min overlap)
2026-03-29 09:48:52,800 - INFO - Processing a total of 1 stations, 1 at a time.
2026-03-29 09:48:57,138 - INFO - (1/1) KUNI: Finished the prediction in 2.38s. (HP=1.0, LP=45.0)
2026-03-29 09:48:57,140 - INFO - 
2026-03-29 09:48:57,143 - INFO - ------- Parallel Station Waveform Processing Complete For 2025-01-03 01:06:11 to 2025-01-03 01:07:11 Timechunk-------
2026-03-29 09:48:57,145 - INFO - Picks saved at /home/blackwinter/projects/eqcct/eqcctpro/results/csv/eqcct_noise_th0_1/20250103T010611Z_20250103T010711ZProcess Runtime: 4.35 s
2026-03-29 09:48:57,150 - INFO - Successfully ran EQCCTPro, exiting...
2026-03-29 09:48:58,585 - INFO - Ray Successfully Shutdown.
2026-03-29 09:48:58,585 - INFO - ------- Successfully Picked All Waveform(s) from all Timechunk(s) -------
