2026-02-23 22:54:38,624 - INFO - 
2026-02-23 22:54:38,624 - INFO - ------- Welcome to EQCCTPro -------
2026-02-23 22:54:38,624 - INFO - 
2026-02-23 22:54:38,624 - INFO - Running EQCCT over Requested MSeed Files using CPU(s)...
2026-02-23 22:54:38,625 - INFO - GPU disabled (CPU-only).
2026-02-23 22:54:38,625 - INFO - Configured Intra-op threads = 1
2026-02-23 22:54:38,625 - INFO - Configured Inter-op threads = 1
2026-02-23 22:54:38,625 - INFO - TensorFlow: No GPUs visible; TF will proceed on CPU.
2026-02-23 22:54:38,625 - INFO - 
2026-02-23 22:54:44,070 - INFO - Ray Successfully Initialized with 4 CPU(s) ([0, 1, 2, 3] CPU Affinity Binding).
2026-02-23 22:54:44,071 - INFO - Analyzing 1 time chunk(s) from 2025-04-23 09:42:06 to 2025-04-23 09:43:06 (dt=1min, overlap=0min).
2026-02-23 22:54:44,071 - INFO - Using 1 selected station(s).
2026-02-23 22:54:44,071 - INFO - 
2026-02-23 22:54:44,071 - INFO - ------- Starting EQCCTPro... -------
2026-02-23 22:54:44,071 - INFO - Detailed subprocess information can be found in the log file.
2026-02-23 22:54:44,072 - INFO - 
2026-02-23 22:54:44,439 - INFO - GPU disabled (CPU-only).
2026-02-23 22:54:45,976 - INFO - Configured Intra-op threads = 1
2026-02-23 22:54:45,978 - INFO - Configured Inter-op threads = 1
2026-02-23 22:54:46,016 - INFO - TensorFlow: No GPUs visible; TF will proceed on CPU.
2026-02-23 22:54:46,018 - INFO - 
2026-02-23 22:54:46,020 - INFO - ------- Hardware Configuration -------
2026-02-23 22:54:46,023 - INFO - CPU affinity set to cores: [0, 1, 2, 3]
2026-02-23 22:54:46,025 - INFO - 
2026-02-23 22:54:46,027 - INFO - ------- Data Preprocessing for EQCCTPro -------
2026-02-23 22:54:46,029 - INFO - 1 station(s) in /home/blackwinter/projects/eqcct/eqcctpro/data/waveforms_earthquakes_noise_only/20250423T094206Z_20250423T094306Z
2026-02-23 22:54:46,031 - INFO - Using 1 selected station(s): ['SGF'].
2026-02-23 22:54:46,033 - INFO - Creating model actor(s)...
2026-02-23 22:54:46,035 - INFO - System RAM: Total=7870 MB, Available=2811 MB
2026-02-23 22:54:46,037 - INFO - Usable RAM budget: 7083 MB (90% of total)
2026-02-23 22:54:46,039 - INFO - ===== MEMORY-AWARE CPU ACTOR POOL (EQCCT) =====
2026-02-23 22:54:46,040 - INFO - Requested concurrent tasks: 1
2026-02-23 22:54:46,042 - INFO - Available CPUs: 4
2026-02-23 22:54:46,044 - INFO - Available RAM: 7083 MB
2026-02-23 22:54:46,046 - INFO - RAM per model: 2264 MB
2026-02-23 22:54:46,048 - INFO - Max actors by RAM: 3
2026-02-23 22:54:46,050 - INFO - Creating 1 ModelActor(s)
2026-02-23 22:54:46,053 - INFO - Let Ray handle scheduling (taskset already restricts CPU visibility)
2026-02-23 22:54:46,055 - INFO - Creating ModelActor 1/1 (2.21GB RAM each)...
2026-02-23 22:54:50,001 - INFO - ModelActor 1 created successfully.
2026-02-23 22:54:50,003 - INFO - Created 1 CPU actor(s). Task queue will handle concurrency.
2026-02-23 22:54:50,005 - INFO - Starting EQCCTPro parallelized waveform processing...
2026-02-23 22:54:50,008 - INFO - 
2026-02-23 22:54:50,010 - INFO - ------- Analyzing Seismic Waveforms for P and S Picks via EQCCT -------
2026-02-23 22:54:50,012 - INFO - Analyzing 0:01:00 minute timechunk from 2025-04-23 09:42:06 to 2025-04-23 09:43:06 (0 min overlap)
2026-02-23 22:54:50,015 - INFO - Processing a total of 1 stations, 1 at a time.
2026-02-23 22:54:52,499 - INFO - (1/1) SGF: FAILED reading mSEED.
2026-02-23 22:54:52,502 - INFO - 
2026-02-23 22:54:52,504 - INFO - ------- Parallel Station Waveform Processing Complete For 2025-04-23 09:42:06 to 2025-04-23 09:43:06 Timechunk-------
2026-02-23 22:54:52,506 - INFO - Picks saved at /home/blackwinter/projects/eqcct/eqcctpro/results/csv/bm_eq_noise_only/20250423T094206Z_20250423T094306ZProcess Runtime: 2.50 s
2026-02-23 22:54:52,510 - INFO - Successfully ran EQCCTPro, exiting...
2026-02-23 22:54:53,942 - INFO - Ray Successfully Shutdown.
2026-02-23 22:54:53,943 - INFO - ------- Successfully Picked All Waveform(s) from all Timechunk(s) -------
