2026-03-29 18:22:23,154 - INFO - 
2026-03-29 18:22:23,154 - INFO - ------- Welcome to EQCCTPro -------
2026-03-29 18:22:23,155 - INFO - 
2026-03-29 18:22:23,155 - INFO - Running EQCCT over Requested MSeed Files using CPU(s)...
2026-03-29 18:22:23,155 - INFO - GPU disabled (CPU-only).
2026-03-29 18:22:23,156 - INFO - Configured Intra-op threads = 1
2026-03-29 18:22:23,156 - INFO - Configured Inter-op threads = 1
2026-03-29 18:22:23,156 - INFO - TensorFlow: No GPUs visible; TF will proceed on CPU.
2026-03-29 18:22:23,156 - INFO - 
2026-03-29 18:22:29,084 - INFO - Ray Successfully Initialized with 4 CPU(s) ([0, 1, 2, 3] CPU Affinity Binding).
2026-03-29 18:22:29,084 - INFO - Analyzing 1 time chunk(s) from 2025-01-12 16:22:49 to 2025-01-12 16:23:49 (dt=1min, overlap=0min).
2026-03-29 18:22:29,084 - INFO - Using 1 selected station(s).
2026-03-29 18:22:29,084 - INFO - 
2026-03-29 18:22:29,085 - INFO - ------- Starting EQCCTPro... -------
2026-03-29 18:22:29,085 - INFO - Detailed subprocess information can be found in the log file.
2026-03-29 18:22:29,085 - INFO - 
2026-03-29 18:22:29,468 - INFO - GPU disabled (CPU-only).
2026-03-29 18:22:31,036 - INFO - Configured Intra-op threads = 1
2026-03-29 18:22:31,038 - INFO - Configured Inter-op threads = 1
2026-03-29 18:22:31,083 - INFO - TensorFlow: No GPUs visible; TF will proceed on CPU.
2026-03-29 18:22:31,085 - INFO - 
2026-03-29 18:22:31,088 - INFO - ------- Hardware Configuration -------
2026-03-29 18:22:31,090 - INFO - CPU affinity set to cores: [0, 1, 2, 3]
2026-03-29 18:22:31,093 - INFO - 
2026-03-29 18:22:31,095 - INFO - ------- Data Preprocessing for EQCCTPro -------
2026-03-29 18:22:31,098 - INFO - 1 station(s) in /home/blackwinter/projects/eqcct/eqcctpro/data/waveforms_noise_only/20250112T162249Z_20250112T162349Z
2026-03-29 18:22:31,101 - INFO - Using 1 selected station(s): ['KJNF'].
2026-03-29 18:22:31,105 - INFO - Creating model actor(s)...
2026-03-29 18:22:31,109 - INFO - System RAM: Total=7870 MB, Available=3995 MB
2026-03-29 18:22:31,112 - INFO - Usable RAM budget: 7083 MB (90% of total)
2026-03-29 18:22:31,116 - INFO - ===== MEMORY-AWARE CPU ACTOR POOL (EQCCT) =====
2026-03-29 18:22:31,119 - INFO - Requested concurrent tasks: 1
2026-03-29 18:22:31,122 - INFO - Available CPUs: 4
2026-03-29 18:22:31,125 - INFO - Available RAM: 7083 MB
2026-03-29 18:22:31,128 - INFO - RAM per model: 2264 MB
2026-03-29 18:22:31,131 - INFO - Max actors by RAM: 3
2026-03-29 18:22:31,134 - INFO - Creating 1 ModelActor(s)
2026-03-29 18:22:31,136 - INFO - Let Ray handle scheduling (taskset already restricts CPU visibility)
2026-03-29 18:22:31,138 - INFO - Creating ModelActor 1/1 (2.21GB RAM each)...
2026-03-29 18:22:35,568 - INFO - ModelActor 1 created successfully.
2026-03-29 18:22:35,570 - INFO - Created 1 CPU actor(s). Task queue will handle concurrency.
2026-03-29 18:22:35,573 - INFO - Starting EQCCTPro parallelized waveform processing...
2026-03-29 18:22:35,575 - INFO - 
2026-03-29 18:22:35,578 - INFO - ------- Analyzing Seismic Waveforms for P and S Picks via EQCCT -------
2026-03-29 18:22:35,581 - INFO - Analyzing 0:01:00 minute timechunk from 2025-01-12 16:22:49 to 2025-01-12 16:23:49 (0 min overlap)
2026-03-29 18:22:35,584 - INFO - Processing a total of 1 stations, 1 at a time.
2026-03-29 18:22:39,956 - INFO - (1/1) KJNF: Finished the prediction in 2.38s. (HP=1.0, LP=45.0)
2026-03-29 18:22:39,958 - INFO - 
2026-03-29 18:22:39,960 - INFO - ------- Parallel Station Waveform Processing Complete For 2025-01-12 16:22:49 to 2025-01-12 16:23:49 Timechunk-------
2026-03-29 18:22:39,963 - INFO - Picks saved at /home/blackwinter/projects/eqcct/eqcctpro/results/csv/eqcct_noise_th0_1/20250112T162249Z_20250112T162349ZProcess Runtime: 4.39 s
2026-03-29 18:22:39,968 - INFO - Successfully ran EQCCTPro, exiting...
2026-03-29 18:22:41,664 - INFO - Ray Successfully Shutdown.
2026-03-29 18:22:41,664 - INFO - ------- Successfully Picked All Waveform(s) from all Timechunk(s) -------
