2026-03-28 20:24:07,733 - INFO - 
2026-03-28 20:24:07,733 - INFO - ------- Welcome to EQCCTPro -------
2026-03-28 20:24:07,733 - INFO - 
2026-03-28 20:24:07,734 - INFO - Running EQCCT over Requested MSeed Files using CPU(s)...
2026-03-28 20:24:07,734 - INFO - GPU disabled (CPU-only).
2026-03-28 20:24:07,734 - INFO - Skipping framework-specific initialization in the driver process.
2026-03-28 20:24:10,435 - INFO - Ray Successfully Initialized with 4 CPU(s) ([0, 1, 2, 3] CPU Affinity Binding).
2026-03-28 20:24:10,436 - INFO - Analyzing 1 time chunk(s) from 2025-01-23 02:39:59 to 2025-01-23 02:40:59 (dt=1min, overlap=0min).
2026-03-28 20:24:10,436 - INFO - Using 3 selected station(s).
2026-03-28 20:24:10,436 - INFO - 
2026-03-28 20:24:10,436 - INFO - ------- Starting EQCCTPro... -------
2026-03-28 20:24:10,436 - INFO - Detailed subprocess information can be found in the log file.
2026-03-28 20:24:10,436 - INFO - 
2026-03-28 20:24:10,800 - INFO - GPU disabled (CPU-only).
2026-03-28 20:24:10,806 - INFO - Skipping framework-specific initialization in the driver process.
2026-03-28 20:24:10,811 - INFO - ------- Hardware Configuration -------
2026-03-28 20:24:10,814 - INFO - CPU affinity set to cores: [0, 1, 2, 3]
2026-03-28 20:24:10,817 - INFO - 
2026-03-28 20:24:10,820 - INFO - ------- Data Preprocessing for EQCCTPro -------
2026-03-28 20:24:10,822 - INFO - 3 station(s) in /home/blackwinter/projects/eqcct/eqcctpro/data/waveforms_explosions_nonoise/20250123T023959Z_20250123T024059Z
2026-03-28 20:24:10,825 - INFO - Using 3 selected station(s): ['ECKF', 'FIA0', 'FIA1'].
2026-03-28 20:24:10,828 - INFO - Creating model actor(s)...
2026-03-28 20:24:10,831 - INFO - System RAM: Total=7870 MB, Available=4070 MB
2026-03-28 20:24:10,834 - INFO - Usable RAM budget: 7083 MB (90% of total)
2026-03-28 20:24:10,837 - INFO - ===== MEMORY-AWARE CPU ACTOR POOL =====
2026-03-28 20:24:10,840 - INFO - Requested concurrent tasks: 1
2026-03-28 20:24:10,843 - INFO - Available CPUs: 4
2026-03-28 20:24:10,846 - INFO - Available RAM: 7083 MB
2026-03-28 20:24:10,849 - INFO - RAM per model: 2060 MB
2026-03-28 20:24:10,852 - INFO - Max actors by RAM: 3
2026-03-28 20:24:10,855 - INFO - Creating 1 SeisBenchModelActor(s)
2026-03-28 20:24:10,858 - INFO - Let Ray handle scheduling (taskset already restricts CPU visibility)
2026-03-28 20:24:10,862 - INFO - Creating SeisBenchModelActor 1/1 (2.01GB RAM each)...
2026-03-28 20:24:14,346 - INFO - SeisBenchModelActor 1 created successfully.
2026-03-28 20:24:14,348 - INFO - Created 1 CPU actor(s). Task queue will handle concurrency.
2026-03-28 20:24:14,351 - INFO - Starting EQCCTPro parallelized waveform processing...
2026-03-28 20:24:14,354 - INFO - 
2026-03-28 20:24:14,357 - INFO - ------- Analyzing Seismic Waveforms for P and S Picks via SeisBench (EQTransformer - original_nonconservative) -------
2026-03-28 20:24:14,360 - INFO - Analyzing 0:01:00 minute timechunk from 2025-01-23 02:39:59 to 2025-01-23 02:40:59 (0 min overlap)
2026-03-28 20:24:14,364 - INFO - Processing a total of 3 stations, 1 at a time.
2026-03-28 20:24:16,746 - INFO - (1/3) ECKF: Finished the prediction in 0.14s. (HP=1.0, LP=45.0, picks=0)
2026-03-28 20:24:16,818 - INFO - (2/3) FIA0: Finished the prediction in 0.07s. (HP=1.0, LP=45.0, picks=0)
2026-03-28 20:24:16,927 - INFO - (3/3) FIA1: Finished the prediction in 0.1s. (HP=1.0, LP=45.0, picks=0)
2026-03-28 20:24:16,929 - INFO - 
2026-03-28 20:24:16,933 - INFO - ------- Parallel Station Waveform Processing Complete For 2025-01-23 02:39:59 to 2025-01-23 02:40:59 Timechunk-------
2026-03-28 20:24:16,936 - INFO - Picks saved at /home/blackwinter/projects/eqcct/eqcctpro/results/csv/eqt_explosions_th0_1/20250123T023959Z_20250123T024059ZProcess Runtime: 2.58 s
2026-03-28 20:24:16,942 - INFO - Successfully ran EQCCTPro, exiting...
2026-03-28 20:24:18,677 - INFO - Ray Successfully Shutdown.
2026-03-28 20:24:18,677 - INFO - ------- Successfully Picked All Waveform(s) from all Timechunk(s) -------
