2026-03-11 00:18:00,597 - INFO - 
2026-03-11 00:18:00,597 - INFO - ------- Welcome to EQCCTPro -------
2026-03-11 00:18:00,597 - INFO - 
2026-03-11 00:18:00,598 - INFO - Running EQCCT over Requested MSeed Files using CPU(s)...
2026-03-11 00:18:00,598 - INFO - GPU disabled (CPU-only).
2026-03-11 00:18:00,598 - INFO - Configured Intra-op threads = 1
2026-03-11 00:18:00,598 - INFO - Configured Inter-op threads = 1
2026-03-11 00:18:00,598 - INFO - TensorFlow: No GPUs visible; TF will proceed on CPU.
2026-03-11 00:18:00,599 - INFO - 
2026-03-11 00:18:06,151 - INFO - Ray Successfully Initialized with 4 CPU(s) ([0, 1, 2, 3] CPU Affinity Binding).
2026-03-11 00:18:06,151 - INFO - Analyzing 1 time chunk(s) from 2025-01-10 05:56:11 to 2025-01-10 05:57:11 (dt=1min, overlap=0min).
2026-03-11 00:18:06,151 - INFO - Using 1 selected station(s).
2026-03-11 00:18:06,152 - INFO - 
2026-03-11 00:18:06,152 - INFO - ------- Starting EQCCTPro... -------
2026-03-11 00:18:06,152 - INFO - Detailed subprocess information can be found in the log file.
2026-03-11 00:18:06,152 - INFO - 
2026-03-11 00:18:06,535 - INFO - GPU disabled (CPU-only).
2026-03-11 00:18:08,050 - INFO - Configured Intra-op threads = 1
2026-03-11 00:18:08,052 - INFO - Configured Inter-op threads = 1
2026-03-11 00:18:08,096 - INFO - TensorFlow: No GPUs visible; TF will proceed on CPU.
2026-03-11 00:18:08,099 - INFO - 
2026-03-11 00:18:08,101 - INFO - ------- Hardware Configuration -------
2026-03-11 00:18:08,104 - INFO - CPU affinity set to cores: [0, 1, 2, 3]
2026-03-11 00:18:08,106 - INFO - 
2026-03-11 00:18:08,108 - INFO - ------- Data Preprocessing for EQCCTPro -------
2026-03-11 00:18:08,110 - INFO - 1 station(s) in /home/blackwinter/projects/eqcct/eqcctpro/data/waveforms_noise_only/20250110T055611Z_20250110T055711Z
2026-03-11 00:18:08,112 - INFO - Using 1 selected station(s): ['SGF'].
2026-03-11 00:18:08,115 - INFO - Creating model actor(s)...
2026-03-11 00:18:08,118 - INFO - System RAM: Total=7870 MB, Available=2571 MB
2026-03-11 00:18:08,120 - INFO - Usable RAM budget: 7083 MB (90% of total)
2026-03-11 00:18:08,122 - INFO - ===== MEMORY-AWARE CPU ACTOR POOL (EQCCT) =====
2026-03-11 00:18:08,124 - INFO - Requested concurrent tasks: 1
2026-03-11 00:18:08,126 - INFO - Available CPUs: 4
2026-03-11 00:18:08,128 - INFO - Available RAM: 7083 MB
2026-03-11 00:18:08,130 - INFO - RAM per model: 2264 MB
2026-03-11 00:18:08,132 - INFO - Max actors by RAM: 3
2026-03-11 00:18:08,134 - INFO - Creating 1 ModelActor(s)
2026-03-11 00:18:08,136 - INFO - Let Ray handle scheduling (taskset already restricts CPU visibility)
2026-03-11 00:18:08,138 - INFO - Creating ModelActor 1/1 (2.21GB RAM each)...
2026-03-11 00:18:12,082 - INFO - ModelActor 1 created successfully.
2026-03-11 00:18:12,084 - INFO - Created 1 CPU actor(s). Task queue will handle concurrency.
2026-03-11 00:18:12,086 - INFO - Starting EQCCTPro parallelized waveform processing...
2026-03-11 00:18:12,089 - INFO - 
2026-03-11 00:18:12,091 - INFO - ------- Analyzing Seismic Waveforms for P and S Picks via EQCCT -------
2026-03-11 00:18:12,093 - INFO - Analyzing 0:01:00 minute timechunk from 2025-01-10 05:56:11 to 2025-01-10 05:57:11 (0 min overlap)
2026-03-11 00:18:12,095 - INFO - Processing a total of 1 stations, 1 at a time.
2026-03-11 00:18:14,622 - INFO - (1/1) SGF: FAILED reading mSEED.
2026-03-11 00:18:14,625 - INFO - 
2026-03-11 00:18:14,627 - INFO - ------- Parallel Station Waveform Processing Complete For 2025-01-10 05:56:11 to 2025-01-10 05:57:11 Timechunk-------
2026-03-11 00:18:14,628 - INFO - Picks saved at /home/blackwinter/projects/eqcct/eqcctpro/results/csv/bm_noise_only/20250110T055611Z_20250110T055711ZProcess Runtime: 2.54 s
2026-03-11 00:18:14,632 - INFO - Successfully ran EQCCTPro, exiting...
2026-03-11 00:18:16,299 - INFO - Ray Successfully Shutdown.
2026-03-11 00:18:16,299 - INFO - ------- Successfully Picked All Waveform(s) from all Timechunk(s) -------
2026-03-11 14:54:01,045 - INFO - 
2026-03-11 14:54:01,045 - INFO - ------- Welcome to EQCCTPro -------
2026-03-11 14:54:01,045 - INFO - 
2026-03-11 14:54:01,046 - INFO - Running EQCCT over Requested MSeed Files using CPU(s)...
2026-03-11 14:54:01,046 - INFO - GPU disabled (CPU-only).
2026-03-11 14:54:01,046 - INFO - Configured Intra-op threads = 1
2026-03-11 14:54:01,047 - INFO - Configured Inter-op threads = 1
2026-03-11 14:54:01,047 - INFO - TensorFlow: No GPUs visible; TF will proceed on CPU.
2026-03-11 14:54:01,047 - INFO - 
2026-03-11 14:54:06,391 - INFO - Ray Successfully Initialized with 4 CPU(s) ([0, 1, 2, 3] CPU Affinity Binding).
2026-03-11 14:54:06,391 - INFO - Analyzing 1 time chunk(s) from 2025-01-10 05:56:11 to 2025-01-10 05:57:11 (dt=1min, overlap=0min).
2026-03-11 14:54:06,391 - INFO - Using 1 selected station(s).
2026-03-11 14:54:06,392 - INFO - 
2026-03-11 14:54:06,392 - INFO - ------- Starting EQCCTPro... -------
2026-03-11 14:54:06,392 - INFO - Detailed subprocess information can be found in the log file.
2026-03-11 14:54:06,392 - INFO - 
2026-03-11 14:54:06,760 - INFO - GPU disabled (CPU-only).
2026-03-11 14:54:08,319 - INFO - Configured Intra-op threads = 1
2026-03-11 14:54:08,322 - INFO - Configured Inter-op threads = 1
2026-03-11 14:54:08,365 - INFO - TensorFlow: No GPUs visible; TF will proceed on CPU.
2026-03-11 14:54:08,368 - INFO - 
2026-03-11 14:54:08,370 - INFO - ------- Hardware Configuration -------
2026-03-11 14:54:08,372 - INFO - CPU affinity set to cores: [0, 1, 2, 3]
2026-03-11 14:54:08,374 - INFO - 
2026-03-11 14:54:08,375 - INFO - ------- Data Preprocessing for EQCCTPro -------
2026-03-11 14:54:08,377 - INFO - 1 station(s) in /home/blackwinter/projects/eqcct/eqcctpro/data/waveforms_noise_only/20250110T055611Z_20250110T055711Z
2026-03-11 14:54:08,379 - INFO - Using 1 selected station(s): ['SGF'].
2026-03-11 14:54:08,380 - INFO - Creating model actor(s)...
2026-03-11 14:54:08,382 - INFO - System RAM: Total=7870 MB, Available=3479 MB
2026-03-11 14:54:08,384 - INFO - Usable RAM budget: 7083 MB (90% of total)
2026-03-11 14:54:08,386 - INFO - ===== MEMORY-AWARE CPU ACTOR POOL (EQCCT) =====
2026-03-11 14:54:08,387 - INFO - Requested concurrent tasks: 1
2026-03-11 14:54:08,389 - INFO - Available CPUs: 4
2026-03-11 14:54:08,391 - INFO - Available RAM: 7083 MB
2026-03-11 14:54:08,393 - INFO - RAM per model: 2264 MB
2026-03-11 14:54:08,395 - INFO - Max actors by RAM: 3
2026-03-11 14:54:08,396 - INFO - Creating 1 ModelActor(s)
2026-03-11 14:54:08,398 - INFO - Let Ray handle scheduling (taskset already restricts CPU visibility)
2026-03-11 14:54:08,400 - INFO - Creating ModelActor 1/1 (2.21GB RAM each)...
2026-03-11 14:54:12,318 - INFO - ModelActor 1 created successfully.
2026-03-11 14:54:12,321 - INFO - Created 1 CPU actor(s). Task queue will handle concurrency.
2026-03-11 14:54:12,323 - INFO - Starting EQCCTPro parallelized waveform processing...
2026-03-11 14:54:12,324 - INFO - 
2026-03-11 14:54:12,326 - INFO - ------- Analyzing Seismic Waveforms for P and S Picks via EQCCT -------
2026-03-11 14:54:12,328 - INFO - Analyzing 0:01:00 minute timechunk from 2025-01-10 05:56:11 to 2025-01-10 05:57:11 (0 min overlap)
2026-03-11 14:54:12,330 - INFO - Processing a total of 1 stations, 1 at a time.
2026-03-11 14:54:14,258 - INFO - (1/1) SGF: Skipped (already exists - overwrite=False).
2026-03-11 14:54:14,260 - INFO - 
2026-03-11 14:54:14,263 - INFO - ------- Parallel Station Waveform Processing Complete For 2025-01-10 05:56:11 to 2025-01-10 05:57:11 Timechunk-------
2026-03-11 14:54:14,264 - INFO - Picks saved at /home/blackwinter/projects/eqcct/eqcctpro/results/csv/bm_noise_only/20250110T055611Z_20250110T055711ZProcess Runtime: 1.94 s
2026-03-11 14:54:14,269 - INFO - Successfully ran EQCCTPro, exiting...
2026-03-11 14:54:15,870 - INFO - Ray Successfully Shutdown.
2026-03-11 14:54:15,870 - INFO - ------- Successfully Picked All Waveform(s) from all Timechunk(s) -------
