2026-03-29 10:21:55,768 - INFO - 
2026-03-29 10:21:55,768 - INFO - ------- Welcome to EQCCTPro -------
2026-03-29 10:21:55,768 - INFO - 
2026-03-29 10:21:55,769 - INFO - Running EQCCT over Requested MSeed Files using CPU(s)...
2026-03-29 10:21:55,769 - INFO - GPU disabled (CPU-only).
2026-03-29 10:21:55,769 - INFO - Configured Intra-op threads = 1
2026-03-29 10:21:55,769 - INFO - Configured Inter-op threads = 1
2026-03-29 10:21:55,770 - INFO - TensorFlow: No GPUs visible; TF will proceed on CPU.
2026-03-29 10:21:55,770 - INFO - 
2026-03-29 10:22:01,460 - INFO - Ray Successfully Initialized with 4 CPU(s) ([0, 1, 2, 3] CPU Affinity Binding).
2026-03-29 10:22:01,460 - INFO - Analyzing 1 time chunk(s) from 2025-01-03 17:55:37 to 2025-01-03 17:56:37 (dt=1min, overlap=0min).
2026-03-29 10:22:01,460 - INFO - Using 1 selected station(s).
2026-03-29 10:22:01,461 - INFO - 
2026-03-29 10:22:01,461 - INFO - ------- Starting EQCCTPro... -------
2026-03-29 10:22:01,461 - INFO - Detailed subprocess information can be found in the log file.
2026-03-29 10:22:01,461 - INFO - 
2026-03-29 10:22:01,848 - INFO - GPU disabled (CPU-only).
2026-03-29 10:22:03,433 - INFO - Configured Intra-op threads = 1
2026-03-29 10:22:03,436 - INFO - Configured Inter-op threads = 1
2026-03-29 10:22:03,482 - INFO - TensorFlow: No GPUs visible; TF will proceed on CPU.
2026-03-29 10:22:03,485 - INFO - 
2026-03-29 10:22:03,488 - INFO - ------- Hardware Configuration -------
2026-03-29 10:22:03,492 - INFO - CPU affinity set to cores: [0, 1, 2, 3]
2026-03-29 10:22:03,495 - INFO - 
2026-03-29 10:22:03,499 - INFO - ------- Data Preprocessing for EQCCTPro -------
2026-03-29 10:22:03,502 - INFO - 1 station(s) in /home/blackwinter/projects/eqcct/eqcctpro/data/waveforms_noise_only/20250103T175537Z_20250103T175637Z
2026-03-29 10:22:03,505 - INFO - Using 1 selected station(s): ['RNF'].
2026-03-29 10:22:03,508 - INFO - Creating model actor(s)...
2026-03-29 10:22:03,511 - INFO - System RAM: Total=7870 MB, Available=5317 MB
2026-03-29 10:22:03,513 - INFO - Usable RAM budget: 7083 MB (90% of total)
2026-03-29 10:22:03,516 - INFO - ===== MEMORY-AWARE CPU ACTOR POOL (EQCCT) =====
2026-03-29 10:22:03,520 - INFO - Requested concurrent tasks: 1
2026-03-29 10:22:03,524 - INFO - Available CPUs: 4
2026-03-29 10:22:03,527 - INFO - Available RAM: 7083 MB
2026-03-29 10:22:03,529 - INFO - RAM per model: 2264 MB
2026-03-29 10:22:03,532 - INFO - Max actors by RAM: 3
2026-03-29 10:22:03,534 - INFO - Creating 1 ModelActor(s)
2026-03-29 10:22:03,537 - INFO - Let Ray handle scheduling (taskset already restricts CPU visibility)
2026-03-29 10:22:03,540 - INFO - Creating ModelActor 1/1 (2.21GB RAM each)...
2026-03-29 10:22:07,938 - INFO - ModelActor 1 created successfully.
2026-03-29 10:22:07,943 - INFO - Created 1 CPU actor(s). Task queue will handle concurrency.
2026-03-29 10:22:07,948 - INFO - Starting EQCCTPro parallelized waveform processing...
2026-03-29 10:22:07,952 - INFO - 
2026-03-29 10:22:07,956 - INFO - ------- Analyzing Seismic Waveforms for P and S Picks via EQCCT -------
2026-03-29 10:22:07,960 - INFO - Analyzing 0:01:00 minute timechunk from 2025-01-03 17:55:37 to 2025-01-03 17:56:37 (0 min overlap)
2026-03-29 10:22:07,962 - INFO - Processing a total of 1 stations, 1 at a time.
2026-03-29 10:22:10,581 - INFO - (1/1) RNF: FAILED reading mSEED.
2026-03-29 10:22:10,583 - INFO - 
2026-03-29 10:22:10,585 - INFO - ------- Parallel Station Waveform Processing Complete For 2025-01-03 17:55:37 to 2025-01-03 17:56:37 Timechunk-------
2026-03-29 10:22:10,588 - INFO - Picks saved at /home/blackwinter/projects/eqcct/eqcctpro/results/csv/eqcct_noise_th0_1/20250103T175537Z_20250103T175637ZProcess Runtime: 2.63 s
2026-03-29 10:22:10,600 - INFO - Successfully ran EQCCTPro, exiting...
2026-03-29 10:22:11,994 - INFO - Ray Successfully Shutdown.
2026-03-29 10:22:11,994 - INFO - ------- Successfully Picked All Waveform(s) from all Timechunk(s) -------
