2026-03-27 20:11:47,534 - INFO - 
2026-03-27 20:11:47,534 - INFO - ------- Welcome to EQCCTPro -------
2026-03-27 20:11:47,534 - INFO - 
2026-03-27 20:11:47,534 - INFO - Running EQCCT over Requested MSeed Files using CPU(s)...
2026-03-27 20:11:47,534 - INFO - GPU disabled (CPU-only).
2026-03-27 20:11:47,534 - INFO - Skipping framework-specific initialization in the driver process.
2026-03-27 20:11:50,124 - INFO - Ray Successfully Initialized with 4 CPU(s) ([0, 1, 2, 3] CPU Affinity Binding).
2026-03-27 20:11:50,124 - INFO - Analyzing 1 time chunk(s) from 2025-08-17 03:15:33 to 2025-08-17 03:16:33 (dt=1min, overlap=0min).
2026-03-27 20:11:50,124 - INFO - Using 2 selected station(s).
2026-03-27 20:11:50,125 - INFO - 
2026-03-27 20:11:50,125 - INFO - ------- Starting EQCCTPro... -------
2026-03-27 20:11:50,125 - INFO - Detailed subprocess information can be found in the log file.
2026-03-27 20:11:50,125 - INFO - 
2026-03-27 20:11:50,461 - INFO - GPU disabled (CPU-only).
2026-03-27 20:11:50,466 - INFO - Skipping framework-specific initialization in the driver process.
2026-03-27 20:11:50,469 - INFO - ------- Hardware Configuration -------
2026-03-27 20:11:50,472 - INFO - CPU affinity set to cores: [0, 1, 2, 3]
2026-03-27 20:11:50,475 - INFO - 
2026-03-27 20:11:50,478 - INFO - ------- Data Preprocessing for EQCCTPro -------
2026-03-27 20:11:50,481 - INFO - 2 station(s) in /home/blackwinter/projects/eqcct/eqcctpro/data/waveforms_earthquakes_nonoise/20250817T031533Z_20250817T031633Z
2026-03-27 20:11:50,483 - INFO - Using 2 selected station(s): ['KLF', 'RANF'].
2026-03-27 20:11:50,486 - INFO - Creating model actor(s)...
2026-03-27 20:11:50,488 - INFO - System RAM: Total=7870 MB, Available=5866 MB
2026-03-27 20:11:50,492 - INFO - Usable RAM budget: 7083 MB (90% of total)
2026-03-27 20:11:50,495 - INFO - ===== MEMORY-AWARE CPU ACTOR POOL =====
2026-03-27 20:11:50,499 - INFO - Requested concurrent tasks: 1
2026-03-27 20:11:50,502 - INFO - Available CPUs: 4
2026-03-27 20:11:50,505 - INFO - Available RAM: 7083 MB
2026-03-27 20:11:50,509 - INFO - RAM per model: 2060 MB
2026-03-27 20:11:50,511 - INFO - Max actors by RAM: 3
2026-03-27 20:11:50,514 - INFO - Creating 1 SeisBenchModelActor(s)
2026-03-27 20:11:50,517 - INFO - Let Ray handle scheduling (taskset already restricts CPU visibility)
2026-03-27 20:11:50,521 - INFO - Creating SeisBenchModelActor 1/1 (2.01GB RAM each)...
2026-03-27 20:11:53,960 - INFO - SeisBenchModelActor 1 created successfully.
2026-03-27 20:11:53,963 - INFO - Created 1 CPU actor(s). Task queue will handle concurrency.
2026-03-27 20:11:53,965 - INFO - Starting EQCCTPro parallelized waveform processing...
2026-03-27 20:11:53,968 - INFO - 
2026-03-27 20:11:53,970 - INFO - ------- Analyzing Seismic Waveforms for P and S Picks via SeisBench (EQTransformer - original_nonconservative) -------
2026-03-27 20:11:53,973 - INFO - Analyzing 0:01:00 minute timechunk from 2025-08-17 03:15:33 to 2025-08-17 03:16:33 (0 min overlap)
2026-03-27 20:11:53,976 - INFO - Processing a total of 2 stations, 1 at a time.
2026-03-27 20:11:56,282 - INFO - (1/2) KLF: Finished the prediction in 0.13s. (HP=1.0, LP=45.0, picks=2)
2026-03-27 20:11:56,355 - INFO - (2/2) RANF: Finished the prediction in 0.07s. (HP=1.0, LP=45.0, picks=2)
2026-03-27 20:11:56,357 - INFO - 
2026-03-27 20:11:56,359 - INFO - ------- Parallel Station Waveform Processing Complete For 2025-08-17 03:15:33 to 2025-08-17 03:16:33 Timechunk-------
2026-03-27 20:11:56,362 - INFO - Picks saved at /home/blackwinter/projects/eqcct/eqcctpro/results/csv/eqt_earthquakes_th0_1/20250817T031533Z_20250817T031633ZProcess Runtime: 2.39 s
2026-03-27 20:11:56,368 - INFO - Successfully ran EQCCTPro, exiting...
2026-03-27 20:11:57,926 - INFO - Ray Successfully Shutdown.
2026-03-27 20:11:57,926 - INFO - ------- Successfully Picked All Waveform(s) from all Timechunk(s) -------
2026-03-28 02:38:09,422 - INFO - 
2026-03-28 02:38:09,423 - INFO - ------- Welcome to EQCCTPro -------
2026-03-28 02:38:09,423 - INFO - 
2026-03-28 02:38:09,424 - INFO - Running EQCCT over Requested MSeed Files using CPU(s)...
2026-03-28 02:38:09,424 - INFO - GPU disabled (CPU-only).
2026-03-28 02:38:09,424 - INFO - Skipping framework-specific initialization in the driver process.
2026-03-28 02:38:11,838 - INFO - Ray Successfully Initialized with 4 CPU(s) ([0, 1, 2, 3] CPU Affinity Binding).
2026-03-28 02:38:11,838 - INFO - Analyzing 1 time chunk(s) from 2025-08-17 03:15:33 to 2025-08-17 03:16:33 (dt=1min, overlap=0min).
2026-03-28 02:38:11,839 - INFO - Using 2 selected station(s).
2026-03-28 02:38:11,839 - INFO - 
2026-03-28 02:38:11,839 - INFO - ------- Starting EQCCTPro... -------
2026-03-28 02:38:11,839 - INFO - Detailed subprocess information can be found in the log file.
2026-03-28 02:38:11,839 - INFO - 
2026-03-28 02:38:12,192 - INFO - GPU disabled (CPU-only).
2026-03-28 02:38:12,198 - INFO - Skipping framework-specific initialization in the driver process.
2026-03-28 02:38:12,200 - INFO - ------- Hardware Configuration -------
2026-03-28 02:38:12,203 - INFO - CPU affinity set to cores: [0, 1, 2, 3]
2026-03-28 02:38:12,205 - INFO - 
2026-03-28 02:38:12,208 - INFO - ------- Data Preprocessing for EQCCTPro -------
2026-03-28 02:38:12,210 - INFO - 2 station(s) in /home/blackwinter/projects/eqcct/eqcctpro/data/waveforms_earthquakes_nonoise/20250817T031533Z_20250817T031633Z
2026-03-28 02:38:12,212 - INFO - Using 2 selected station(s): ['KLF', 'RANF'].
2026-03-28 02:38:12,214 - INFO - Creating model actor(s)...
2026-03-28 02:38:12,216 - INFO - System RAM: Total=7870 MB, Available=5746 MB
2026-03-28 02:38:12,218 - INFO - Usable RAM budget: 7083 MB (90% of total)
2026-03-28 02:38:12,221 - INFO - ===== MEMORY-AWARE CPU ACTOR POOL =====
2026-03-28 02:38:12,223 - INFO - Requested concurrent tasks: 1
2026-03-28 02:38:12,225 - INFO - Available CPUs: 4
2026-03-28 02:38:12,227 - INFO - Available RAM: 7083 MB
2026-03-28 02:38:12,229 - INFO - RAM per model: 2060 MB
2026-03-28 02:38:12,231 - INFO - Max actors by RAM: 3
2026-03-28 02:38:12,233 - INFO - Creating 1 SeisBenchModelActor(s)
2026-03-28 02:38:12,234 - INFO - Let Ray handle scheduling (taskset already restricts CPU visibility)
2026-03-28 02:38:12,236 - INFO - Creating SeisBenchModelActor 1/1 (2.01GB RAM each)...
2026-03-28 02:38:15,386 - INFO - SeisBenchModelActor 1 created successfully.
2026-03-28 02:38:15,388 - INFO - Created 1 CPU actor(s). Task queue will handle concurrency.
2026-03-28 02:38:15,390 - INFO - Starting EQCCTPro parallelized waveform processing...
2026-03-28 02:38:15,393 - INFO - 
2026-03-28 02:38:15,395 - INFO - ------- Analyzing Seismic Waveforms for P and S Picks via SeisBench (EQTransformer - original_nonconservative) -------
2026-03-28 02:38:15,398 - INFO - Analyzing 0:01:00 minute timechunk from 2025-08-17 03:15:33 to 2025-08-17 03:16:33 (0 min overlap)
2026-03-28 02:38:15,400 - INFO - Processing a total of 2 stations, 1 at a time.
2026-03-28 02:38:17,542 - INFO - (1/2) KLF: Skipped (already exists - overwrite=False).
2026-03-28 02:38:17,548 - INFO - (2/2) RANF: Skipped (already exists - overwrite=False).
2026-03-28 02:38:17,550 - INFO - 
2026-03-28 02:38:17,553 - INFO - ------- Parallel Station Waveform Processing Complete For 2025-08-17 03:15:33 to 2025-08-17 03:16:33 Timechunk-------
2026-03-28 02:38:17,556 - INFO - Picks saved at /home/blackwinter/projects/eqcct/eqcctpro/results/csv/eqt_earthquakes_th0_1/20250817T031533Z_20250817T031633ZProcess Runtime: 2.16 s
2026-03-28 02:38:17,561 - INFO - Successfully ran EQCCTPro, exiting...
2026-03-28 02:38:19,438 - INFO - Ray Successfully Shutdown.
2026-03-28 02:38:19,439 - INFO - ------- Successfully Picked All Waveform(s) from all Timechunk(s) -------
