2026-02-27 03:05:57,873 - INFO - 
2026-02-27 03:05:57,874 - INFO - ------- Welcome to EQCCTPro -------
2026-02-27 03:05:57,874 - INFO - 
2026-02-27 03:05:57,874 - INFO - Running EQCCT over Requested MSeed Files using CPU(s)...
2026-02-27 03:05:57,875 - INFO - GPU disabled (CPU-only).
2026-02-27 03:05:57,875 - INFO - Configured Intra-op threads = 1
2026-02-27 03:05:57,875 - INFO - Configured Inter-op threads = 1
2026-02-27 03:05:57,875 - INFO - TensorFlow: No GPUs visible; TF will proceed on CPU.
2026-02-27 03:05:57,875 - INFO - 
2026-02-27 03:06:03,363 - INFO - Ray Successfully Initialized with 4 CPU(s) ([0, 1, 2, 3] CPU Affinity Binding).
2026-02-27 03:06:03,364 - INFO - Analyzing 1 time chunk(s) from 2025-01-17 09:44:09 to 2025-01-17 09:45:09 (dt=1min, overlap=0min).
2026-02-27 03:06:03,364 - INFO - Using 2 selected station(s).
2026-02-27 03:06:03,365 - INFO - 
2026-02-27 03:06:03,365 - INFO - ------- Starting EQCCTPro... -------
2026-02-27 03:06:03,365 - INFO - Detailed subprocess information can be found in the log file.
2026-02-27 03:06:03,365 - INFO - 
2026-02-27 03:06:03,748 - INFO - GPU disabled (CPU-only).
2026-02-27 03:06:05,309 - INFO - Configured Intra-op threads = 1
2026-02-27 03:06:05,311 - INFO - Configured Inter-op threads = 1
2026-02-27 03:06:05,360 - INFO - TensorFlow: No GPUs visible; TF will proceed on CPU.
2026-02-27 03:06:05,362 - INFO - 
2026-02-27 03:06:05,364 - INFO - ------- Hardware Configuration -------
2026-02-27 03:06:05,367 - INFO - CPU affinity set to cores: [0, 1, 2, 3]
2026-02-27 03:06:05,368 - INFO - 
2026-02-27 03:06:05,371 - INFO - ------- Data Preprocessing for EQCCTPro -------
2026-02-27 03:06:05,373 - INFO - 2 station(s) in /home/blackwinter/projects/eqcct/eqcctpro/data/waveforms_explosions_nonoise/20250117T094409Z_20250117T094509Z
2026-02-27 03:06:05,375 - INFO - Using 2 selected station(s): ['FIA0', 'FIA1'].
2026-02-27 03:06:05,376 - INFO - Creating model actor(s)...
2026-02-27 03:06:05,378 - INFO - System RAM: Total=7870 MB, Available=2681 MB
2026-02-27 03:06:05,380 - INFO - Usable RAM budget: 7083 MB (90% of total)
2026-02-27 03:06:05,382 - INFO - ===== MEMORY-AWARE CPU ACTOR POOL (EQCCT) =====
2026-02-27 03:06:05,384 - INFO - Requested concurrent tasks: 1
2026-02-27 03:06:05,386 - INFO - Available CPUs: 4
2026-02-27 03:06:05,388 - INFO - Available RAM: 7083 MB
2026-02-27 03:06:05,389 - INFO - RAM per model: 2264 MB
2026-02-27 03:06:05,391 - INFO - Max actors by RAM: 3
2026-02-27 03:06:05,393 - INFO - Creating 1 ModelActor(s)
2026-02-27 03:06:05,395 - INFO - Let Ray handle scheduling (taskset already restricts CPU visibility)
2026-02-27 03:06:05,396 - INFO - Creating ModelActor 1/1 (2.21GB RAM each)...
2026-02-27 03:06:09,321 - INFO - ModelActor 1 created successfully.
2026-02-27 03:06:09,323 - INFO - Created 1 CPU actor(s). Task queue will handle concurrency.
2026-02-27 03:06:09,326 - INFO - Starting EQCCTPro parallelized waveform processing...
2026-02-27 03:06:09,328 - INFO - 
2026-02-27 03:06:09,331 - INFO - ------- Analyzing Seismic Waveforms for P and S Picks via EQCCT -------
2026-02-27 03:06:09,333 - INFO - Analyzing 0:01:00 minute timechunk from 2025-01-17 09:44:09 to 2025-01-17 09:45:09 (0 min overlap)
2026-02-27 03:06:09,335 - INFO - Processing a total of 2 stations, 1 at a time.
2026-02-27 03:06:13,350 - INFO - (1/2) FIA0: Finished the prediction in 2.11s. (HP=1.0, LP=45.0)
2026-02-27 03:06:13,460 - INFO - (2/2) FIA1: Finished the prediction in 0.1s. (HP=1.0, LP=45.0)
2026-02-27 03:06:13,462 - INFO - 
2026-02-27 03:06:13,464 - INFO - ------- Parallel Station Waveform Processing Complete For 2025-01-17 09:44:09 to 2025-01-17 09:45:09 Timechunk-------
2026-02-27 03:06:13,466 - INFO - Picks saved at /home/blackwinter/projects/eqcct/eqcctpro/results/csv/bm_explosions/20250117T094409Z_20250117T094509ZProcess Runtime: 4.14 s
2026-02-27 03:06:13,470 - INFO - Successfully ran EQCCTPro, exiting...
2026-02-27 03:06:14,993 - INFO - Ray Successfully Shutdown.
2026-02-27 03:06:14,993 - INFO - ------- Successfully Picked All Waveform(s) from all Timechunk(s) -------
2026-02-27 09:59:27,649 - INFO - 
2026-02-27 09:59:27,649 - INFO - ------- Welcome to EQCCTPro -------
2026-02-27 09:59:27,649 - INFO - 
2026-02-27 09:59:27,650 - INFO - Running EQCCT over Requested MSeed Files using CPU(s)...
2026-02-27 09:59:27,650 - INFO - GPU disabled (CPU-only).
2026-02-27 09:59:27,650 - INFO - Configured Intra-op threads = 1
2026-02-27 09:59:27,650 - INFO - Configured Inter-op threads = 1
2026-02-27 09:59:27,651 - INFO - TensorFlow: No GPUs visible; TF will proceed on CPU.
2026-02-27 09:59:27,651 - INFO - 
2026-02-27 09:59:32,988 - INFO - Ray Successfully Initialized with 4 CPU(s) ([0, 1, 2, 3] CPU Affinity Binding).
2026-02-27 09:59:32,988 - INFO - Analyzing 1 time chunk(s) from 2025-01-17 09:44:09 to 2025-01-17 09:45:09 (dt=1min, overlap=0min).
2026-02-27 09:59:32,988 - INFO - Using 2 selected station(s).
2026-02-27 09:59:32,989 - INFO - 
2026-02-27 09:59:32,989 - INFO - ------- Starting EQCCTPro... -------
2026-02-27 09:59:32,989 - INFO - Detailed subprocess information can be found in the log file.
2026-02-27 09:59:32,989 - INFO - 
2026-02-27 09:59:33,364 - INFO - GPU disabled (CPU-only).
2026-02-27 09:59:34,893 - INFO - Configured Intra-op threads = 1
2026-02-27 09:59:34,895 - INFO - Configured Inter-op threads = 1
2026-02-27 09:59:34,936 - INFO - TensorFlow: No GPUs visible; TF will proceed on CPU.
2026-02-27 09:59:34,939 - INFO - 
2026-02-27 09:59:34,941 - INFO - ------- Hardware Configuration -------
2026-02-27 09:59:34,943 - INFO - CPU affinity set to cores: [0, 1, 2, 3]
2026-02-27 09:59:34,945 - INFO - 
2026-02-27 09:59:34,947 - INFO - ------- Data Preprocessing for EQCCTPro -------
2026-02-27 09:59:34,948 - INFO - 2 station(s) in /home/blackwinter/projects/eqcct/eqcctpro/data/waveforms_explosions_nonoise/20250117T094409Z_20250117T094509Z
2026-02-27 09:59:34,950 - INFO - Using 2 selected station(s): ['FIA0', 'FIA1'].
2026-02-27 09:59:34,952 - INFO - Creating model actor(s)...
2026-02-27 09:59:34,954 - INFO - System RAM: Total=7870 MB, Available=2696 MB
2026-02-27 09:59:34,956 - INFO - Usable RAM budget: 7083 MB (90% of total)
2026-02-27 09:59:34,957 - INFO - ===== MEMORY-AWARE CPU ACTOR POOL (EQCCT) =====
2026-02-27 09:59:34,959 - INFO - Requested concurrent tasks: 1
2026-02-27 09:59:34,961 - INFO - Available CPUs: 4
2026-02-27 09:59:34,963 - INFO - Available RAM: 7083 MB
2026-02-27 09:59:34,965 - INFO - RAM per model: 2264 MB
2026-02-27 09:59:34,967 - INFO - Max actors by RAM: 3
2026-02-27 09:59:34,969 - INFO - Creating 1 ModelActor(s)
2026-02-27 09:59:34,971 - INFO - Let Ray handle scheduling (taskset already restricts CPU visibility)
2026-02-27 09:59:34,973 - INFO - Creating ModelActor 1/1 (2.21GB RAM each)...
2026-02-27 09:59:38,873 - INFO - ModelActor 1 created successfully.
2026-02-27 09:59:38,875 - INFO - Created 1 CPU actor(s). Task queue will handle concurrency.
2026-02-27 09:59:38,877 - INFO - Starting EQCCTPro parallelized waveform processing...
2026-02-27 09:59:38,879 - INFO - 
2026-02-27 09:59:38,881 - INFO - ------- Analyzing Seismic Waveforms for P and S Picks via EQCCT -------
2026-02-27 09:59:38,884 - INFO - Analyzing 0:01:00 minute timechunk from 2025-01-17 09:44:09 to 2025-01-17 09:45:09 (0 min overlap)
2026-02-27 09:59:38,886 - INFO - Processing a total of 2 stations, 1 at a time.
2026-02-27 09:59:40,830 - INFO - (1/2) FIA0: Skipped (already exists - overwrite=False).
2026-02-27 09:59:40,837 - INFO - (2/2) FIA1: Skipped (already exists - overwrite=False).
2026-02-27 09:59:40,839 - INFO - 
2026-02-27 09:59:40,841 - INFO - ------- Parallel Station Waveform Processing Complete For 2025-01-17 09:44:09 to 2025-01-17 09:45:09 Timechunk-------
2026-02-27 09:59:40,843 - INFO - Picks saved at /home/blackwinter/projects/eqcct/eqcctpro/results/csv/bm_explosions/20250117T094409Z_20250117T094509ZProcess Runtime: 1.96 s
2026-02-27 09:59:40,848 - INFO - Successfully ran EQCCTPro, exiting...
2026-02-27 09:59:42,679 - INFO - Ray Successfully Shutdown.
2026-02-27 09:59:42,680 - INFO - ------- Successfully Picked All Waveform(s) from all Timechunk(s) -------
