2026-03-20 03:28:45,046 - INFO - 
2026-03-20 03:28:45,046 - INFO - ------- Welcome to EQCCTPro -------
2026-03-20 03:28:45,046 - INFO - 
2026-03-20 03:28:45,047 - INFO - Running EQCCT over Requested MSeed Files using CPU(s)...
2026-03-20 03:28:45,047 - INFO - GPU disabled (CPU-only).
2026-03-20 03:28:45,047 - INFO - Configured Intra-op threads = 1
2026-03-20 03:28:45,048 - INFO - Configured Inter-op threads = 1
2026-03-20 03:28:45,048 - INFO - TensorFlow: No GPUs visible; TF will proceed on CPU.
2026-03-20 03:28:45,048 - INFO - 
2026-03-20 03:28:50,530 - INFO - Ray Successfully Initialized with 4 CPU(s) ([0, 1, 2, 3] CPU Affinity Binding).
2026-03-20 03:28:50,530 - INFO - Analyzing 1 time chunk(s) from 2025-07-14 04:59:37 to 2025-07-14 05:00:37 (dt=1min, overlap=0min).
2026-03-20 03:28:50,531 - INFO - Using 1 selected station(s).
2026-03-20 03:28:50,531 - INFO - 
2026-03-20 03:28:50,531 - INFO - ------- Starting EQCCTPro... -------
2026-03-20 03:28:50,531 - INFO - Detailed subprocess information can be found in the log file.
2026-03-20 03:28:50,531 - INFO - 
2026-03-20 03:28:50,912 - INFO - GPU disabled (CPU-only).
2026-03-20 03:28:52,445 - INFO - Configured Intra-op threads = 1
2026-03-20 03:28:52,447 - INFO - Configured Inter-op threads = 1
2026-03-20 03:28:52,490 - INFO - TensorFlow: No GPUs visible; TF will proceed on CPU.
2026-03-20 03:28:52,492 - INFO - 
2026-03-20 03:28:52,494 - INFO - ------- Hardware Configuration -------
2026-03-20 03:28:52,497 - INFO - CPU affinity set to cores: [0, 1, 2, 3]
2026-03-20 03:28:52,499 - INFO - 
2026-03-20 03:28:52,501 - INFO - ------- Data Preprocessing for EQCCTPro -------
2026-03-20 03:28:52,503 - INFO - 1 station(s) in /home/blackwinter/projects/eqcct/eqcctpro/data/waveforms_earthquakes_nonoise/20250714T045937Z_20250714T050037Z
2026-03-20 03:28:52,506 - INFO - Using 1 selected station(s): ['KLF'].
2026-03-20 03:28:52,508 - INFO - Creating model actor(s)...
2026-03-20 03:28:52,511 - INFO - System RAM: Total=7870 MB, Available=1717 MB
2026-03-20 03:28:52,513 - INFO - Usable RAM budget: 7083 MB (90% of total)
2026-03-20 03:28:52,515 - INFO - ===== MEMORY-AWARE CPU ACTOR POOL (EQCCT) =====
2026-03-20 03:28:52,517 - INFO - Requested concurrent tasks: 1
2026-03-20 03:28:52,519 - INFO - Available CPUs: 4
2026-03-20 03:28:52,521 - INFO - Available RAM: 7083 MB
2026-03-20 03:28:52,523 - INFO - RAM per model: 2264 MB
2026-03-20 03:28:52,525 - INFO - Max actors by RAM: 3
2026-03-20 03:28:52,527 - INFO - Creating 1 ModelActor(s)
2026-03-20 03:28:52,529 - INFO - Let Ray handle scheduling (taskset already restricts CPU visibility)
2026-03-20 03:28:52,531 - INFO - Creating ModelActor 1/1 (2.21GB RAM each)...
2026-03-20 03:28:56,481 - INFO - ModelActor 1 created successfully.
2026-03-20 03:28:56,483 - INFO - Created 1 CPU actor(s). Task queue will handle concurrency.
2026-03-20 03:28:56,486 - INFO - Starting EQCCTPro parallelized waveform processing...
2026-03-20 03:28:56,488 - INFO - 
2026-03-20 03:28:56,490 - INFO - ------- Analyzing Seismic Waveforms for P and S Picks via EQCCT -------
2026-03-20 03:28:56,493 - INFO - Analyzing 0:01:00 minute timechunk from 2025-07-14 04:59:37 to 2025-07-14 05:00:37 (0 min overlap)
2026-03-20 03:28:56,494 - INFO - Processing a total of 1 stations, 1 at a time.
2026-03-20 03:29:00,600 - INFO - (1/1) KLF: Finished the prediction in 2.15s. (HP=1.0, LP=45.0)
2026-03-20 03:29:00,603 - INFO - 
2026-03-20 03:29:00,605 - INFO - ------- Parallel Station Waveform Processing Complete For 2025-07-14 04:59:37 to 2025-07-14 05:00:37 Timechunk-------
2026-03-20 03:29:00,607 - INFO - Picks saved at /home/blackwinter/projects/eqcct/eqcctpro/results/csv/eqcct_earthquakes_th0_1/20250714T045937Z_20250714T050037ZProcess Runtime: 4.12 s
2026-03-20 03:29:00,612 - INFO - Successfully ran EQCCTPro, exiting...
2026-03-20 03:29:02,217 - INFO - Ray Successfully Shutdown.
2026-03-20 03:29:02,217 - INFO - ------- Successfully Picked All Waveform(s) from all Timechunk(s) -------
