2026-02-27 02:13:34,345 - INFO - 
2026-02-27 02:13:34,345 - INFO - ------- Welcome to EQCCTPro -------
2026-02-27 02:13:34,346 - INFO - 
2026-02-27 02:13:34,346 - INFO - Running EQCCT over Requested MSeed Files using CPU(s)...
2026-02-27 02:13:34,346 - INFO - GPU disabled (CPU-only).
2026-02-27 02:13:34,347 - INFO - Configured Intra-op threads = 1
2026-02-27 02:13:34,347 - INFO - Configured Inter-op threads = 1
2026-02-27 02:13:34,347 - INFO - TensorFlow: No GPUs visible; TF will proceed on CPU.
2026-02-27 02:13:34,347 - INFO - 
2026-02-27 02:13:39,621 - INFO - Ray Successfully Initialized with 4 CPU(s) ([0, 1, 2, 3] CPU Affinity Binding).
2026-02-27 02:13:39,622 - INFO - Analyzing 1 time chunk(s) from 2025-01-16 09:53:01 to 2025-01-16 09:54:01 (dt=1min, overlap=0min).
2026-02-27 02:13:39,622 - INFO - Using 1 selected station(s).
2026-02-27 02:13:39,622 - INFO - 
2026-02-27 02:13:39,622 - INFO - ------- Starting EQCCTPro... -------
2026-02-27 02:13:39,622 - INFO - Detailed subprocess information can be found in the log file.
2026-02-27 02:13:39,622 - INFO - 
2026-02-27 02:13:40,007 - INFO - GPU disabled (CPU-only).
2026-02-27 02:13:41,545 - INFO - Configured Intra-op threads = 1
2026-02-27 02:13:41,548 - INFO - Configured Inter-op threads = 1
2026-02-27 02:13:41,591 - INFO - TensorFlow: No GPUs visible; TF will proceed on CPU.
2026-02-27 02:13:41,593 - INFO - 
2026-02-27 02:13:41,595 - INFO - ------- Hardware Configuration -------
2026-02-27 02:13:41,597 - INFO - CPU affinity set to cores: [0, 1, 2, 3]
2026-02-27 02:13:41,598 - INFO - 
2026-02-27 02:13:41,600 - INFO - ------- Data Preprocessing for EQCCTPro -------
2026-02-27 02:13:41,602 - INFO - 1 station(s) in /home/blackwinter/projects/eqcct/eqcctpro/data/waveforms_explosions_nonoise/20250116T095301Z_20250116T095401Z
2026-02-27 02:13:41,604 - INFO - Using 1 selected station(s): ['KY02'].
2026-02-27 02:13:41,605 - INFO - Creating model actor(s)...
2026-02-27 02:13:41,607 - INFO - System RAM: Total=7870 MB, Available=3047 MB
2026-02-27 02:13:41,609 - INFO - Usable RAM budget: 7083 MB (90% of total)
2026-02-27 02:13:41,611 - INFO - ===== MEMORY-AWARE CPU ACTOR POOL (EQCCT) =====
2026-02-27 02:13:41,613 - INFO - Requested concurrent tasks: 1
2026-02-27 02:13:41,615 - INFO - Available CPUs: 4
2026-02-27 02:13:41,618 - INFO - Available RAM: 7083 MB
2026-02-27 02:13:41,620 - INFO - RAM per model: 2264 MB
2026-02-27 02:13:41,622 - INFO - Max actors by RAM: 3
2026-02-27 02:13:41,624 - INFO - Creating 1 ModelActor(s)
2026-02-27 02:13:41,626 - INFO - Let Ray handle scheduling (taskset already restricts CPU visibility)
2026-02-27 02:13:41,629 - INFO - Creating ModelActor 1/1 (2.21GB RAM each)...
2026-02-27 02:13:45,523 - INFO - ModelActor 1 created successfully.
2026-02-27 02:13:45,525 - INFO - Created 1 CPU actor(s). Task queue will handle concurrency.
2026-02-27 02:13:45,527 - INFO - Starting EQCCTPro parallelized waveform processing...
2026-02-27 02:13:45,529 - INFO - 
2026-02-27 02:13:45,531 - INFO - ------- Analyzing Seismic Waveforms for P and S Picks via EQCCT -------
2026-02-27 02:13:45,534 - INFO - Analyzing 0:01:00 minute timechunk from 2025-01-16 09:53:01 to 2025-01-16 09:54:01 (0 min overlap)
2026-02-27 02:13:45,536 - INFO - Processing a total of 1 stations, 1 at a time.
2026-02-27 02:13:49,559 - INFO - (1/1) KY02: Finished the prediction in 2.12s. (HP=1.0, LP=45.0)
2026-02-27 02:13:49,561 - INFO - 
2026-02-27 02:13:49,563 - INFO - ------- Parallel Station Waveform Processing Complete For 2025-01-16 09:53:01 to 2025-01-16 09:54:01 Timechunk-------
2026-02-27 02:13:49,565 - INFO - Picks saved at /home/blackwinter/projects/eqcct/eqcctpro/results/csv/bm_explosions/20250116T095301Z_20250116T095401ZProcess Runtime: 4.03 s
2026-02-27 02:13:49,568 - INFO - Successfully ran EQCCTPro, exiting...
2026-02-27 02:13:51,062 - INFO - Ray Successfully Shutdown.
2026-02-27 02:13:51,062 - INFO - ------- Successfully Picked All Waveform(s) from all Timechunk(s) -------
2026-02-27 09:13:45,375 - INFO - 
2026-02-27 09:13:45,376 - INFO - ------- Welcome to EQCCTPro -------
2026-02-27 09:13:45,376 - INFO - 
2026-02-27 09:13:45,376 - INFO - Running EQCCT over Requested MSeed Files using CPU(s)...
2026-02-27 09:13:45,376 - INFO - GPU disabled (CPU-only).
2026-02-27 09:13:45,377 - INFO - Configured Intra-op threads = 1
2026-02-27 09:13:45,377 - INFO - Configured Inter-op threads = 1
2026-02-27 09:13:45,377 - INFO - TensorFlow: No GPUs visible; TF will proceed on CPU.
2026-02-27 09:13:45,377 - INFO - 
2026-02-27 09:13:50,820 - INFO - Ray Successfully Initialized with 4 CPU(s) ([0, 1, 2, 3] CPU Affinity Binding).
2026-02-27 09:13:50,821 - INFO - Analyzing 1 time chunk(s) from 2025-01-16 09:53:01 to 2025-01-16 09:54:01 (dt=1min, overlap=0min).
2026-02-27 09:13:50,821 - INFO - Using 1 selected station(s).
2026-02-27 09:13:50,821 - INFO - 
2026-02-27 09:13:50,821 - INFO - ------- Starting EQCCTPro... -------
2026-02-27 09:13:50,821 - INFO - Detailed subprocess information can be found in the log file.
2026-02-27 09:13:50,821 - INFO - 
2026-02-27 09:13:51,196 - INFO - GPU disabled (CPU-only).
2026-02-27 09:13:52,719 - INFO - Configured Intra-op threads = 1
2026-02-27 09:13:52,721 - INFO - Configured Inter-op threads = 1
2026-02-27 09:13:52,762 - INFO - TensorFlow: No GPUs visible; TF will proceed on CPU.
2026-02-27 09:13:52,765 - INFO - 
2026-02-27 09:13:52,766 - INFO - ------- Hardware Configuration -------
2026-02-27 09:13:52,768 - INFO - CPU affinity set to cores: [0, 1, 2, 3]
2026-02-27 09:13:52,770 - INFO - 
2026-02-27 09:13:52,772 - INFO - ------- Data Preprocessing for EQCCTPro -------
2026-02-27 09:13:52,775 - INFO - 1 station(s) in /home/blackwinter/projects/eqcct/eqcctpro/data/waveforms_explosions_nonoise/20250116T095301Z_20250116T095401Z
2026-02-27 09:13:52,777 - INFO - Using 1 selected station(s): ['KY02'].
2026-02-27 09:13:52,779 - INFO - Creating model actor(s)...
2026-02-27 09:13:52,781 - INFO - System RAM: Total=7870 MB, Available=3001 MB
2026-02-27 09:13:52,783 - INFO - Usable RAM budget: 7083 MB (90% of total)
2026-02-27 09:13:52,785 - INFO - ===== MEMORY-AWARE CPU ACTOR POOL (EQCCT) =====
2026-02-27 09:13:52,787 - INFO - Requested concurrent tasks: 1
2026-02-27 09:13:52,789 - INFO - Available CPUs: 4
2026-02-27 09:13:52,791 - INFO - Available RAM: 7083 MB
2026-02-27 09:13:52,793 - INFO - RAM per model: 2264 MB
2026-02-27 09:13:52,795 - INFO - Max actors by RAM: 3
2026-02-27 09:13:52,797 - INFO - Creating 1 ModelActor(s)
2026-02-27 09:13:52,800 - INFO - Let Ray handle scheduling (taskset already restricts CPU visibility)
2026-02-27 09:13:52,802 - INFO - Creating ModelActor 1/1 (2.21GB RAM each)...
2026-02-27 09:13:56,670 - INFO - ModelActor 1 created successfully.
2026-02-27 09:13:56,672 - INFO - Created 1 CPU actor(s). Task queue will handle concurrency.
2026-02-27 09:13:56,675 - INFO - Starting EQCCTPro parallelized waveform processing...
2026-02-27 09:13:56,677 - INFO - 
2026-02-27 09:13:56,679 - INFO - ------- Analyzing Seismic Waveforms for P and S Picks via EQCCT -------
2026-02-27 09:13:56,682 - INFO - Analyzing 0:01:00 minute timechunk from 2025-01-16 09:53:01 to 2025-01-16 09:54:01 (0 min overlap)
2026-02-27 09:13:56,684 - INFO - Processing a total of 1 stations, 1 at a time.
2026-02-27 09:13:58,575 - INFO - (1/1) KY02: Skipped (already exists - overwrite=False).
2026-02-27 09:13:58,577 - INFO - 
2026-02-27 09:13:58,579 - INFO - ------- Parallel Station Waveform Processing Complete For 2025-01-16 09:53:01 to 2025-01-16 09:54:01 Timechunk-------
2026-02-27 09:13:58,582 - INFO - Picks saved at /home/blackwinter/projects/eqcct/eqcctpro/results/csv/bm_explosions/20250116T095301Z_20250116T095401ZProcess Runtime: 1.90 s
2026-02-27 09:13:58,586 - INFO - Successfully ran EQCCTPro, exiting...
2026-02-27 09:14:00,168 - INFO - Ray Successfully Shutdown.
2026-02-27 09:14:00,168 - INFO - ------- Successfully Picked All Waveform(s) from all Timechunk(s) -------
