2026-02-23 21:19:42,565 - INFO - 
2026-02-23 21:19:42,565 - INFO - ------- Welcome to EQCCTPro -------
2026-02-23 21:19:42,565 - INFO - 
2026-02-23 21:19:42,566 - INFO - Running EQCCT over Requested MSeed Files using CPU(s)...
2026-02-23 21:19:42,566 - INFO - GPU disabled (CPU-only).
2026-02-23 21:19:42,567 - INFO - Configured Intra-op threads = 1
2026-02-23 21:19:42,567 - INFO - Configured Inter-op threads = 1
2026-02-23 21:19:42,567 - INFO - TensorFlow: No GPUs visible; TF will proceed on CPU.
2026-02-23 21:19:42,567 - INFO - 
2026-02-23 21:19:48,135 - INFO - Ray Successfully Initialized with 4 CPU(s) ([0, 1, 2, 3] CPU Affinity Binding).
2026-02-23 21:19:48,135 - INFO - Analyzing 1 time chunk(s) from 2025-03-28 16:45:21 to 2025-03-28 16:46:21 (dt=1min, overlap=0min).
2026-02-23 21:19:48,136 - INFO - Using 1 selected station(s).
2026-02-23 21:19:48,136 - INFO - 
2026-02-23 21:19:48,136 - INFO - ------- Starting EQCCTPro... -------
2026-02-23 21:19:48,136 - INFO - Detailed subprocess information can be found in the log file.
2026-02-23 21:19:48,136 - INFO - 
2026-02-23 21:19:48,524 - INFO - GPU disabled (CPU-only).
2026-02-23 21:19:50,053 - INFO - Configured Intra-op threads = 1
2026-02-23 21:19:50,055 - INFO - Configured Inter-op threads = 1
2026-02-23 21:19:50,093 - INFO - TensorFlow: No GPUs visible; TF will proceed on CPU.
2026-02-23 21:19:50,096 - INFO - 
2026-02-23 21:19:50,098 - INFO - ------- Hardware Configuration -------
2026-02-23 21:19:50,101 - INFO - CPU affinity set to cores: [0, 1, 2, 3]
2026-02-23 21:19:50,103 - INFO - 
2026-02-23 21:19:50,105 - INFO - ------- Data Preprocessing for EQCCTPro -------
2026-02-23 21:19:50,107 - INFO - 1 station(s) in /home/blackwinter/projects/eqcct/eqcctpro/data/waveforms_earthquakes_noise_only/20250328T164521Z_20250328T164621Z
2026-02-23 21:19:50,109 - INFO - Using 1 selected station(s): ['KPF'].
2026-02-23 21:19:50,112 - INFO - Creating model actor(s)...
2026-02-23 21:19:50,114 - INFO - System RAM: Total=7870 MB, Available=3462 MB
2026-02-23 21:19:50,116 - INFO - Usable RAM budget: 7083 MB (90% of total)
2026-02-23 21:19:50,118 - INFO - ===== MEMORY-AWARE CPU ACTOR POOL (EQCCT) =====
2026-02-23 21:19:50,120 - INFO - Requested concurrent tasks: 1
2026-02-23 21:19:50,121 - INFO - Available CPUs: 4
2026-02-23 21:19:50,123 - INFO - Available RAM: 7083 MB
2026-02-23 21:19:50,126 - INFO - RAM per model: 2264 MB
2026-02-23 21:19:50,128 - INFO - Max actors by RAM: 3
2026-02-23 21:19:50,130 - INFO - Creating 1 ModelActor(s)
2026-02-23 21:19:50,133 - INFO - Let Ray handle scheduling (taskset already restricts CPU visibility)
2026-02-23 21:19:50,135 - INFO - Creating ModelActor 1/1 (2.21GB RAM each)...
2026-02-23 21:19:54,002 - INFO - ModelActor 1 created successfully.
2026-02-23 21:19:54,004 - INFO - Created 1 CPU actor(s). Task queue will handle concurrency.
2026-02-23 21:19:54,005 - INFO - Starting EQCCTPro parallelized waveform processing...
2026-02-23 21:19:54,007 - INFO - 
2026-02-23 21:19:54,009 - INFO - ------- Analyzing Seismic Waveforms for P and S Picks via EQCCT -------
2026-02-23 21:19:54,012 - INFO - Analyzing 0:01:00 minute timechunk from 2025-03-28 16:45:21 to 2025-03-28 16:46:21 (0 min overlap)
2026-02-23 21:19:54,013 - INFO - Processing a total of 1 stations, 1 at a time.
2026-02-23 21:19:58,045 - INFO - (1/1) KPF: Finished the prediction in 2.2s. (HP=1.0, LP=45.0)
2026-02-23 21:19:58,047 - INFO - 
2026-02-23 21:19:58,050 - INFO - ------- Parallel Station Waveform Processing Complete For 2025-03-28 16:45:21 to 2025-03-28 16:46:21 Timechunk-------
2026-02-23 21:19:58,052 - INFO - Picks saved at /home/blackwinter/projects/eqcct/eqcctpro/results/csv/bm_eq_noise_only/20250328T164521Z_20250328T164621ZProcess Runtime: 4.04 s
2026-02-23 21:19:58,056 - INFO - Successfully ran EQCCTPro, exiting...
2026-02-23 21:19:59,593 - INFO - Ray Successfully Shutdown.
2026-02-23 21:19:59,594 - INFO - ------- Successfully Picked All Waveform(s) from all Timechunk(s) -------
