2026-03-28 21:37:59,918 - INFO - 
2026-03-28 21:37:59,918 - INFO - ------- Welcome to EQCCTPro -------
2026-03-28 21:37:59,918 - INFO - 
2026-03-28 21:37:59,919 - INFO - Running EQCCT over Requested MSeed Files using CPU(s)...
2026-03-28 21:37:59,919 - INFO - GPU disabled (CPU-only).
2026-03-29 04:44:06,219 - INFO - 
2026-03-29 04:44:06,219 - INFO - ------- Welcome to EQCCTPro -------
2026-03-29 04:44:06,219 - INFO - 
2026-03-29 04:44:06,220 - INFO - Running EQCCT over Requested MSeed Files using CPU(s)...
2026-03-29 04:44:06,220 - INFO - GPU disabled (CPU-only).
2026-03-29 04:44:06,220 - INFO - Configured Intra-op threads = 1
2026-03-29 04:44:06,220 - INFO - Configured Inter-op threads = 1
2026-03-29 04:44:06,220 - INFO - TensorFlow: No GPUs visible; TF will proceed on CPU.
2026-03-29 04:44:06,221 - INFO - 
2026-03-29 04:44:11,254 - INFO - Ray Successfully Initialized with 4 CPU(s) ([0, 1, 2, 3] CPU Affinity Binding).
2026-03-29 04:44:11,255 - INFO - Analyzing 1 time chunk(s) from 2025-01-17 11:36:54 to 2025-01-17 11:37:54 (dt=1min, overlap=0min).
2026-03-29 04:44:11,255 - INFO - Using 2 selected station(s).
2026-03-29 04:44:11,255 - INFO - 
2026-03-29 04:44:11,255 - INFO - ------- Starting EQCCTPro... -------
2026-03-29 04:44:11,255 - INFO - Detailed subprocess information can be found in the log file.
2026-03-29 04:44:11,255 - INFO - 
2026-03-29 04:44:11,691 - INFO - GPU disabled (CPU-only).
2026-03-29 04:44:13,369 - INFO - Configured Intra-op threads = 1
2026-03-29 04:44:13,371 - INFO - Configured Inter-op threads = 1
2026-03-29 04:44:13,420 - INFO - TensorFlow: No GPUs visible; TF will proceed on CPU.
2026-03-29 04:44:13,422 - INFO - 
2026-03-29 04:44:13,425 - INFO - ------- Hardware Configuration -------
2026-03-29 04:44:13,428 - INFO - CPU affinity set to cores: [0, 1, 2, 3]
2026-03-29 04:44:13,431 - INFO - 
2026-03-29 04:44:13,433 - INFO - ------- Data Preprocessing for EQCCTPro -------
2026-03-29 04:44:13,435 - INFO - 2 station(s) in /home/blackwinter/projects/eqcct/eqcctpro/data/waveforms_explosions_nonoise/20250117T113654Z_20250117T113754Z
2026-03-29 04:44:13,438 - INFO - Using 2 selected station(s): ['NUR', 'VUOS'].
2026-03-29 04:44:13,440 - INFO - Creating model actor(s)...
2026-03-29 04:44:13,444 - INFO - System RAM: Total=7870 MB, Available=3021 MB
2026-03-29 04:44:13,446 - INFO - Usable RAM budget: 7083 MB (90% of total)
2026-03-29 04:44:13,449 - INFO - ===== MEMORY-AWARE CPU ACTOR POOL (EQCCT) =====
2026-03-29 04:44:13,451 - INFO - Requested concurrent tasks: 1
2026-03-29 04:44:13,454 - INFO - Available CPUs: 4
2026-03-29 04:44:13,456 - INFO - Available RAM: 7083 MB
2026-03-29 04:44:13,459 - INFO - RAM per model: 2264 MB
2026-03-29 04:44:13,462 - INFO - Max actors by RAM: 3
2026-03-29 04:44:13,464 - INFO - Creating 1 ModelActor(s)
2026-03-29 04:44:13,466 - INFO - Let Ray handle scheduling (taskset already restricts CPU visibility)
2026-03-29 04:44:13,468 - INFO - Creating ModelActor 1/1 (2.21GB RAM each)...
2026-03-29 04:44:17,870 - INFO - ModelActor 1 created successfully.
2026-03-29 04:44:17,872 - INFO - Created 1 CPU actor(s). Task queue will handle concurrency.
2026-03-29 04:44:17,874 - INFO - Starting EQCCTPro parallelized waveform processing...
2026-03-29 04:44:17,877 - INFO - 
2026-03-29 04:44:17,879 - INFO - ------- Analyzing Seismic Waveforms for P and S Picks via EQCCT -------
2026-03-29 04:44:17,882 - INFO - Analyzing 0:01:00 minute timechunk from 2025-01-17 11:36:54 to 2025-01-17 11:37:54 (0 min overlap)
2026-03-29 04:44:17,884 - INFO - Processing a total of 2 stations, 1 at a time.
2026-03-29 04:44:22,441 - INFO - (1/2) NUR: Finished the prediction in 2.53s. (HP=1.0, LP=45.0)
2026-03-29 04:44:22,565 - INFO - (2/2) VUOS: Finished the prediction in 0.12s. (HP=1.0, LP=45.0)
2026-03-29 04:44:22,567 - INFO - 
2026-03-29 04:44:22,570 - INFO - ------- Parallel Station Waveform Processing Complete For 2025-01-17 11:36:54 to 2025-01-17 11:37:54 Timechunk-------
2026-03-29 04:44:22,572 - INFO - Picks saved at /home/blackwinter/projects/eqcct/eqcctpro/results/csv/eqcct_explosions_th0_1/20250117T113654Z_20250117T113754ZProcess Runtime: 4.69 s
2026-03-29 04:44:22,578 - INFO - Successfully ran EQCCTPro, exiting...
2026-03-29 04:44:24,165 - INFO - Ray Successfully Shutdown.
2026-03-29 04:44:24,165 - INFO - ------- Successfully Picked All Waveform(s) from all Timechunk(s) -------
