2026-03-27 21:52:18,476 - INFO - 
2026-03-27 21:52:18,476 - INFO - ------- Welcome to EQCCTPro -------
2026-03-27 21:52:18,476 - INFO - 
2026-03-27 21:52:18,477 - INFO - Running EQCCT over Requested MSeed Files using CPU(s)...
2026-03-27 21:52:18,477 - INFO - GPU disabled (CPU-only).
2026-03-27 21:52:18,477 - INFO - Skipping framework-specific initialization in the driver process.
2026-03-27 21:52:20,954 - INFO - Ray Successfully Initialized with 4 CPU(s) ([0, 1, 2, 3] CPU Affinity Binding).
2026-03-27 21:52:20,954 - INFO - Analyzing 1 time chunk(s) from 2025-11-07 20:57:16 to 2025-11-07 20:58:16 (dt=1min, overlap=0min).
2026-03-27 21:52:20,955 - INFO - Using 1 selected station(s).
2026-03-27 21:52:20,955 - INFO - 
2026-03-27 21:52:20,955 - INFO - ------- Starting EQCCTPro... -------
2026-03-27 21:52:20,955 - INFO - Detailed subprocess information can be found in the log file.
2026-03-27 21:52:20,955 - INFO - 
2026-03-27 21:52:21,252 - INFO - GPU disabled (CPU-only).
2026-03-27 21:52:21,257 - INFO - Skipping framework-specific initialization in the driver process.
2026-03-27 21:52:21,260 - INFO - ------- Hardware Configuration -------
2026-03-27 21:52:21,262 - INFO - CPU affinity set to cores: [0, 1, 2, 3]
2026-03-27 21:52:21,265 - INFO - 
2026-03-27 21:52:21,268 - INFO - ------- Data Preprocessing for EQCCTPro -------
2026-03-27 21:52:21,270 - INFO - 1 station(s) in /home/blackwinter/projects/eqcct/eqcctpro/data/waveforms_earthquakes_nonoise/20251107T205716Z_20251107T205816Z
2026-03-27 21:52:21,272 - INFO - Using 1 selected station(s): ['KAF'].
2026-03-27 21:52:21,275 - INFO - Creating model actor(s)...
2026-03-27 21:52:21,277 - INFO - System RAM: Total=7870 MB, Available=5047 MB
2026-03-27 21:52:21,279 - INFO - Usable RAM budget: 7083 MB (90% of total)
2026-03-27 21:52:21,281 - INFO - ===== MEMORY-AWARE CPU ACTOR POOL =====
2026-03-27 21:52:21,284 - INFO - Requested concurrent tasks: 1
2026-03-27 21:52:21,286 - INFO - Available CPUs: 4
2026-03-27 21:52:21,288 - INFO - Available RAM: 7083 MB
2026-03-27 21:52:21,291 - INFO - RAM per model: 2060 MB
2026-03-27 21:52:21,293 - INFO - Max actors by RAM: 3
2026-03-27 21:52:21,295 - INFO - Creating 1 SeisBenchModelActor(s)
2026-03-27 21:52:21,296 - INFO - Let Ray handle scheduling (taskset already restricts CPU visibility)
2026-03-27 21:52:21,298 - INFO - Creating SeisBenchModelActor 1/1 (2.01GB RAM each)...
2026-03-27 21:52:24,245 - INFO - SeisBenchModelActor 1 created successfully.
2026-03-27 21:52:24,248 - INFO - Created 1 CPU actor(s). Task queue will handle concurrency.
2026-03-27 21:52:24,250 - INFO - Starting EQCCTPro parallelized waveform processing...
2026-03-27 21:52:24,253 - INFO - 
2026-03-27 21:52:24,255 - INFO - ------- Analyzing Seismic Waveforms for P and S Picks via SeisBench (EQTransformer - original_nonconservative) -------
2026-03-27 21:52:24,258 - INFO - Analyzing 0:01:00 minute timechunk from 2025-11-07 20:57:16 to 2025-11-07 20:58:16 (0 min overlap)
2026-03-27 21:52:24,260 - INFO - Processing a total of 1 stations, 1 at a time.
2026-03-27 21:52:26,423 - INFO - (1/1) KAF: Finished the prediction in 0.13s. (HP=1.0, LP=45.0, picks=2)
2026-03-27 21:52:26,425 - INFO - 
2026-03-27 21:52:26,427 - INFO - ------- Parallel Station Waveform Processing Complete For 2025-11-07 20:57:16 to 2025-11-07 20:58:16 Timechunk-------
2026-03-27 21:52:26,430 - INFO - Picks saved at /home/blackwinter/projects/eqcct/eqcctpro/results/csv/eqt_earthquakes_th0_1/20251107T205716Z_20251107T205816ZProcess Runtime: 2.17 s
2026-03-27 21:52:26,436 - INFO - Successfully ran EQCCTPro, exiting...
2026-03-27 21:52:28,190 - INFO - Ray Successfully Shutdown.
2026-03-27 21:52:28,190 - INFO - ------- Successfully Picked All Waveform(s) from all Timechunk(s) -------
2026-03-28 04:03:49,483 - INFO - 
2026-03-28 04:03:49,485 - INFO - ------- Welcome to EQCCTPro -------
2026-03-28 04:03:49,485 - INFO - 
2026-03-28 04:03:49,485 - INFO - Running EQCCT over Requested MSeed Files using CPU(s)...
2026-03-28 04:03:49,485 - INFO - GPU disabled (CPU-only).
2026-03-28 04:03:49,485 - INFO - Skipping framework-specific initialization in the driver process.
2026-03-28 04:03:51,146 - INFO - Ray Successfully Initialized with 4 CPU(s) ([0, 1, 2, 3] CPU Affinity Binding).
2026-03-28 04:03:51,147 - INFO - Analyzing 1 time chunk(s) from 2025-11-07 20:57:16 to 2025-11-07 20:58:16 (dt=1min, overlap=0min).
2026-03-28 04:03:51,147 - INFO - Using 1 selected station(s).
2026-03-28 04:03:51,147 - INFO - 
2026-03-28 04:03:51,147 - INFO - ------- Starting EQCCTPro... -------
2026-03-28 04:03:51,147 - INFO - Detailed subprocess information can be found in the log file.
2026-03-28 04:03:51,148 - INFO - 
2026-03-28 04:03:51,565 - INFO - GPU disabled (CPU-only).
2026-03-28 04:03:51,574 - INFO - Skipping framework-specific initialization in the driver process.
2026-03-28 04:03:51,578 - INFO - ------- Hardware Configuration -------
2026-03-28 04:03:51,582 - INFO - CPU affinity set to cores: [0, 1, 2, 3]
2026-03-28 04:03:51,585 - INFO - 
2026-03-28 04:03:51,588 - INFO - ------- Data Preprocessing for EQCCTPro -------
2026-03-28 04:03:51,591 - INFO - 1 station(s) in /home/blackwinter/projects/eqcct/eqcctpro/data/waveforms_earthquakes_nonoise/20251107T205716Z_20251107T205816Z
2026-03-28 04:03:51,595 - INFO - Using 1 selected station(s): ['KAF'].
2026-03-28 04:03:51,599 - INFO - Creating model actor(s)...
2026-03-28 04:03:51,602 - INFO - System RAM: Total=7870 MB, Available=5623 MB
2026-03-28 04:03:51,605 - INFO - Usable RAM budget: 7083 MB (90% of total)
2026-03-28 04:03:51,608 - INFO - ===== MEMORY-AWARE CPU ACTOR POOL =====
2026-03-28 04:03:51,612 - INFO - Requested concurrent tasks: 1
2026-03-28 04:03:51,615 - INFO - Available CPUs: 4
2026-03-28 04:03:51,618 - INFO - Available RAM: 7083 MB
2026-03-28 04:03:51,621 - INFO - RAM per model: 2060 MB
2026-03-28 04:03:51,624 - INFO - Max actors by RAM: 3
2026-03-28 04:03:51,627 - INFO - Creating 1 SeisBenchModelActor(s)
2026-03-28 04:03:51,630 - INFO - Let Ray handle scheduling (taskset already restricts CPU visibility)
2026-03-28 04:03:51,633 - INFO - Creating SeisBenchModelActor 1/1 (2.01GB RAM each)...
2026-03-28 04:03:54,979 - INFO - SeisBenchModelActor 1 created successfully.
2026-03-28 04:03:54,982 - INFO - Created 1 CPU actor(s). Task queue will handle concurrency.
2026-03-28 04:03:54,986 - INFO - Starting EQCCTPro parallelized waveform processing...
2026-03-28 04:03:54,990 - INFO - 
2026-03-28 04:03:54,993 - INFO - ------- Analyzing Seismic Waveforms for P and S Picks via SeisBench (EQTransformer - original_nonconservative) -------
2026-03-28 04:03:54,996 - INFO - Analyzing 0:01:00 minute timechunk from 2025-11-07 20:57:16 to 2025-11-07 20:58:16 (0 min overlap)
2026-03-28 04:03:54,998 - INFO - Processing a total of 1 stations, 1 at a time.
2026-03-28 04:03:57,140 - INFO - (1/1) KAF: Skipped (already exists - overwrite=False).
2026-03-28 04:03:57,142 - INFO - 
2026-03-28 04:03:57,145 - INFO - ------- Parallel Station Waveform Processing Complete For 2025-11-07 20:57:16 to 2025-11-07 20:58:16 Timechunk-------
2026-03-28 04:03:57,148 - INFO - Picks saved at /home/blackwinter/projects/eqcct/eqcctpro/results/csv/eqt_earthquakes_th0_1/20251107T205716Z_20251107T205816ZProcess Runtime: 2.15 s
2026-03-28 04:03:57,154 - INFO - Successfully ran EQCCTPro, exiting...
2026-03-28 04:03:58,889 - INFO - Ray Successfully Shutdown.
2026-03-28 04:03:58,889 - INFO - ------- Successfully Picked All Waveform(s) from all Timechunk(s) -------
