2026-02-27 12:17:34,884 - INFO - 
2026-02-27 12:17:34,884 - INFO - ------- Welcome to EQCCTPro -------
2026-02-27 12:17:34,884 - INFO - 
2026-02-27 12:17:34,885 - INFO - Running EQCCT over Requested MSeed Files using CPU(s)...
2026-02-27 12:17:34,885 - INFO - GPU disabled (CPU-only).
2026-02-27 12:17:34,885 - INFO - Configured Intra-op threads = 1
2026-02-27 12:17:34,886 - INFO - Configured Inter-op threads = 1
2026-02-27 12:17:34,886 - INFO - TensorFlow: No GPUs visible; TF will proceed on CPU.
2026-02-27 12:17:34,886 - INFO - 
2026-02-27 12:17:40,126 - INFO - Ray Successfully Initialized with 4 CPU(s) ([0, 1, 2, 3] CPU Affinity Binding).
2026-02-27 12:17:40,126 - INFO - Analyzing 1 time chunk(s) from 2025-01-23 11:11:17 to 2025-01-23 11:12:17 (dt=1min, overlap=0min).
2026-02-27 12:17:40,126 - INFO - Using 1 selected station(s).
2026-02-27 12:17:40,127 - INFO - 
2026-02-27 12:17:40,127 - INFO - ------- Starting EQCCTPro... -------
2026-02-27 12:17:40,127 - INFO - Detailed subprocess information can be found in the log file.
2026-02-27 12:17:40,127 - INFO - 
2026-02-27 12:17:40,516 - INFO - GPU disabled (CPU-only).
2026-02-27 12:17:41,940 - INFO - Configured Intra-op threads = 1
2026-02-27 12:17:41,943 - INFO - Configured Inter-op threads = 1
2026-02-27 12:17:41,981 - INFO - TensorFlow: No GPUs visible; TF will proceed on CPU.
2026-02-27 12:17:41,983 - INFO - 
2026-02-27 12:17:41,985 - INFO - ------- Hardware Configuration -------
2026-02-27 12:17:41,987 - INFO - CPU affinity set to cores: [0, 1, 2, 3]
2026-02-27 12:17:41,989 - INFO - 
2026-02-27 12:17:41,992 - INFO - ------- Data Preprocessing for EQCCTPro -------
2026-02-27 12:17:41,994 - INFO - 1 station(s) in /home/blackwinter/projects/eqcct/eqcctpro/data/waveforms_explosions_nonoise/20250123T111117Z_20250123T111217Z
2026-02-27 12:17:41,996 - INFO - Using 1 selected station(s): ['OBF0'].
2026-02-27 12:17:41,998 - INFO - Creating model actor(s)...
2026-02-27 12:17:42,000 - INFO - System RAM: Total=7870 MB, Available=2318 MB
2026-02-27 12:17:42,002 - INFO - Usable RAM budget: 7083 MB (90% of total)
2026-02-27 12:17:42,004 - INFO - ===== MEMORY-AWARE CPU ACTOR POOL (EQCCT) =====
2026-02-27 12:17:42,006 - INFO - Requested concurrent tasks: 1
2026-02-27 12:17:42,008 - INFO - Available CPUs: 4
2026-02-27 12:17:42,010 - INFO - Available RAM: 7083 MB
2026-02-27 12:17:42,012 - INFO - RAM per model: 2264 MB
2026-02-27 12:17:42,014 - INFO - Max actors by RAM: 3
2026-02-27 12:17:42,015 - INFO - Creating 1 ModelActor(s)
2026-02-27 12:17:42,017 - INFO - Let Ray handle scheduling (taskset already restricts CPU visibility)
2026-02-27 12:17:42,019 - INFO - Creating ModelActor 1/1 (2.21GB RAM each)...
2026-02-27 12:17:45,909 - INFO - ModelActor 1 created successfully.
2026-02-27 12:17:45,911 - INFO - Created 1 CPU actor(s). Task queue will handle concurrency.
2026-02-27 12:17:45,913 - INFO - Starting EQCCTPro parallelized waveform processing...
2026-02-27 12:17:45,915 - INFO - 
2026-02-27 12:17:45,917 - INFO - ------- Analyzing Seismic Waveforms for P and S Picks via EQCCT -------
2026-02-27 12:17:45,919 - INFO - Analyzing 0:01:00 minute timechunk from 2025-01-23 11:11:17 to 2025-01-23 11:12:17 (0 min overlap)
2026-02-27 12:17:45,921 - INFO - Processing a total of 1 stations, 1 at a time.
2026-02-27 12:17:49,936 - INFO - (1/1) OBF0: Finished the prediction in 2.14s. (HP=1.0, LP=45.0)
2026-02-27 12:17:49,938 - INFO - 
2026-02-27 12:17:49,940 - INFO - ------- Parallel Station Waveform Processing Complete For 2025-01-23 11:11:17 to 2025-01-23 11:12:17 Timechunk-------
2026-02-27 12:17:49,942 - INFO - Picks saved at /home/blackwinter/projects/eqcct/eqcctpro/results/csv/bm_explosions/20250123T111117Z_20250123T111217ZProcess Runtime: 4.03 s
2026-02-27 12:17:49,946 - INFO - Successfully ran EQCCTPro, exiting...
2026-02-27 12:17:51,612 - INFO - Ray Successfully Shutdown.
2026-02-27 12:17:51,612 - INFO - ------- Successfully Picked All Waveform(s) from all Timechunk(s) -------
