2026-02-22 20:08:49,497 - INFO - 
2026-02-22 20:08:49,497 - INFO - ------- Welcome to EQCCTPro -------
2026-02-22 20:08:49,497 - INFO - 
2026-02-22 20:08:49,498 - INFO - Running EQCCT over Requested MSeed Files using CPU(s)...
2026-02-22 20:08:49,498 - INFO - GPU disabled (CPU-only).
2026-02-22 20:08:49,498 - INFO - Configured Intra-op threads = 1
2026-02-22 20:08:49,498 - INFO - Configured Inter-op threads = 1
2026-02-22 20:08:49,498 - INFO - TensorFlow: No GPUs visible; TF will proceed on CPU.
2026-02-22 20:08:49,499 - INFO - 
2026-02-22 20:08:54,882 - INFO - Ray Successfully Initialized with 4 CPU(s) ([0, 1, 2, 3] CPU Affinity Binding).
2026-02-22 20:08:54,882 - INFO - Analyzing 1 time chunk(s) from 2025-09-15 10:17:48 to 2025-09-15 10:18:48 (dt=1min, overlap=0min).
2026-02-22 20:08:54,882 - INFO - Using 1 selected station(s).
2026-02-22 20:08:54,882 - INFO - 
2026-02-22 20:08:54,883 - INFO - ------- Starting EQCCTPro... -------
2026-02-22 20:08:54,883 - INFO - Detailed subprocess information can be found in the log file.
2026-02-22 20:08:54,883 - INFO - 
2026-02-22 20:08:55,258 - INFO - GPU disabled (CPU-only).
2026-02-22 20:08:56,819 - INFO - Configured Intra-op threads = 1
2026-02-22 20:08:56,822 - INFO - Configured Inter-op threads = 1
2026-02-22 20:08:56,866 - INFO - TensorFlow: No GPUs visible; TF will proceed on CPU.
2026-02-22 20:08:56,869 - INFO - 
2026-02-22 20:08:56,871 - INFO - ------- Hardware Configuration -------
2026-02-22 20:08:56,873 - INFO - CPU affinity set to cores: [0, 1, 2, 3]
2026-02-22 20:08:56,875 - INFO - 
2026-02-22 20:08:56,876 - INFO - ------- Data Preprocessing for EQCCTPro -------
2026-02-22 20:08:56,878 - INFO - 1 station(s) in /home/blackwinter/projects/eqcct/eqcctpro/data/waveforms_earthquakes_nonoise/20250915T101748Z_20250915T101848Z
2026-02-22 20:08:56,880 - INFO - Using 1 selected station(s): ['RANF'].
2026-02-22 20:08:56,882 - INFO - Creating model actor(s)...
2026-02-22 20:08:56,883 - INFO - System RAM: Total=7870 MB, Available=1666 MB
2026-02-22 20:08:56,885 - INFO - Usable RAM budget: 7083 MB (90% of total)
2026-02-22 20:08:56,887 - INFO - ===== MEMORY-AWARE CPU ACTOR POOL (EQCCT) =====
2026-02-22 20:08:56,889 - INFO - Requested concurrent tasks: 1
2026-02-22 20:08:56,891 - INFO - Available CPUs: 4
2026-02-22 20:08:56,892 - INFO - Available RAM: 7083 MB
2026-02-22 20:08:56,894 - INFO - RAM per model: 2264 MB
2026-02-22 20:08:56,896 - INFO - Max actors by RAM: 3
2026-02-22 20:08:56,898 - INFO - Creating 1 ModelActor(s)
2026-02-22 20:08:56,899 - INFO - Let Ray handle scheduling (taskset already restricts CPU visibility)
2026-02-22 20:08:56,902 - INFO - Creating ModelActor 1/1 (2.21GB RAM each)...
2026-02-22 20:09:00,853 - INFO - ModelActor 1 created successfully.
2026-02-22 20:09:00,856 - INFO - Created 1 CPU actor(s). Task queue will handle concurrency.
2026-02-22 20:09:00,857 - INFO - Starting EQCCTPro parallelized waveform processing...
2026-02-22 20:09:00,859 - INFO - 
2026-02-22 20:09:00,861 - INFO - ------- Analyzing Seismic Waveforms for P and S Picks via EQCCT -------
2026-02-22 20:09:00,864 - INFO - Analyzing 0:01:00 minute timechunk from 2025-09-15 10:17:48 to 2025-09-15 10:18:48 (0 min overlap)
2026-02-22 20:09:00,865 - INFO - Processing a total of 1 stations, 1 at a time.
2026-02-22 20:09:04,942 - INFO - (1/1) RANF: Finished the prediction in 2.12s. (HP=1.0, LP=45.0)
2026-02-22 20:09:04,944 - INFO - 
2026-02-22 20:09:04,946 - INFO - ------- Parallel Station Waveform Processing Complete For 2025-09-15 10:17:48 to 2025-09-15 10:18:48 Timechunk-------
2026-02-22 20:09:04,948 - INFO - Picks saved at /home/blackwinter/projects/eqcct/eqcctpro/results/csv/bm_eq_nonoise/20250915T101748Z_20250915T101848ZProcess Runtime: 4.09 s
2026-02-22 20:09:04,952 - INFO - Successfully ran EQCCTPro, exiting...
2026-02-22 20:09:06,738 - INFO - Ray Successfully Shutdown.
2026-02-22 20:09:06,738 - INFO - ------- Successfully Picked All Waveform(s) from all Timechunk(s) -------
