2026-02-22 20:05:46,700 - INFO - 
2026-02-22 20:05:46,700 - INFO - ------- Welcome to EQCCTPro -------
2026-02-22 20:05:46,700 - INFO - 
2026-02-22 20:05:46,701 - INFO - Running EQCCT over Requested MSeed Files using CPU(s)...
2026-02-22 20:05:46,701 - INFO - GPU disabled (CPU-only).
2026-02-22 20:05:46,701 - INFO - Configured Intra-op threads = 1
2026-02-22 20:05:46,701 - INFO - Configured Inter-op threads = 1
2026-02-22 20:05:46,702 - INFO - TensorFlow: No GPUs visible; TF will proceed on CPU.
2026-02-22 20:05:46,702 - INFO - 
2026-02-22 20:05:52,817 - INFO - Ray Successfully Initialized with 4 CPU(s) ([0, 1, 2, 3] CPU Affinity Binding).
2026-02-22 20:05:52,817 - INFO - Analyzing 1 time chunk(s) from 2025-09-14 19:07:38 to 2025-09-14 19:08:38 (dt=1min, overlap=0min).
2026-02-22 20:05:52,817 - INFO - Using 1 selected station(s).
2026-02-22 20:05:52,818 - INFO - 
2026-02-22 20:05:52,818 - INFO - ------- Starting EQCCTPro... -------
2026-02-22 20:05:52,818 - INFO - Detailed subprocess information can be found in the log file.
2026-02-22 20:05:52,818 - INFO - 
2026-02-22 20:05:53,201 - INFO - GPU disabled (CPU-only).
2026-02-22 20:05:54,795 - INFO - Configured Intra-op threads = 1
2026-02-22 20:05:54,797 - INFO - Configured Inter-op threads = 1
2026-02-22 20:05:54,844 - INFO - TensorFlow: No GPUs visible; TF will proceed on CPU.
2026-02-22 20:05:54,847 - INFO - 
2026-02-22 20:05:54,849 - INFO - ------- Hardware Configuration -------
2026-02-22 20:05:54,851 - INFO - CPU affinity set to cores: [0, 1, 2, 3]
2026-02-22 20:05:54,854 - INFO - 
2026-02-22 20:05:54,855 - INFO - ------- Data Preprocessing for EQCCTPro -------
2026-02-22 20:05:54,857 - INFO - 1 station(s) in /home/blackwinter/projects/eqcct/eqcctpro/data/waveforms_earthquakes_nonoise/20250914T190738Z_20250914T190838Z
2026-02-22 20:05:54,859 - INFO - Using 1 selected station(s): ['KY02'].
2026-02-22 20:05:54,861 - INFO - Creating model actor(s)...
2026-02-22 20:05:54,862 - INFO - System RAM: Total=7870 MB, Available=1646 MB
2026-02-22 20:05:54,864 - INFO - Usable RAM budget: 7083 MB (90% of total)
2026-02-22 20:05:54,866 - INFO - ===== MEMORY-AWARE CPU ACTOR POOL (EQCCT) =====
2026-02-22 20:05:54,868 - INFO - Requested concurrent tasks: 1
2026-02-22 20:05:54,869 - INFO - Available CPUs: 4
2026-02-22 20:05:54,872 - INFO - Available RAM: 7083 MB
2026-02-22 20:05:54,874 - INFO - RAM per model: 2264 MB
2026-02-22 20:05:54,876 - INFO - Max actors by RAM: 3
2026-02-22 20:05:54,879 - INFO - Creating 1 ModelActor(s)
2026-02-22 20:05:54,881 - INFO - Let Ray handle scheduling (taskset already restricts CPU visibility)
2026-02-22 20:05:54,884 - INFO - Creating ModelActor 1/1 (2.21GB RAM each)...
2026-02-22 20:05:58,791 - INFO - ModelActor 1 created successfully.
2026-02-22 20:05:58,794 - INFO - Created 1 CPU actor(s). Task queue will handle concurrency.
2026-02-22 20:05:58,796 - INFO - Starting EQCCTPro parallelized waveform processing...
2026-02-22 20:05:58,798 - INFO - 
2026-02-22 20:05:58,800 - INFO - ------- Analyzing Seismic Waveforms for P and S Picks via EQCCT -------
2026-02-22 20:05:58,803 - INFO - Analyzing 0:01:00 minute timechunk from 2025-09-14 19:07:38 to 2025-09-14 19:08:38 (0 min overlap)
2026-02-22 20:05:58,805 - INFO - Processing a total of 1 stations, 1 at a time.
2026-02-22 20:06:00,738 - INFO - (1/1) KY02: FAILED reading mSEED.
2026-02-22 20:06:00,740 - INFO - 
2026-02-22 20:06:00,742 - INFO - ------- Parallel Station Waveform Processing Complete For 2025-09-14 19:07:38 to 2025-09-14 19:08:38 Timechunk-------
2026-02-22 20:06:00,744 - INFO - Picks saved at /home/blackwinter/projects/eqcct/eqcctpro/results/csv/bm_eq_nonoise/20250914T190738Z_20250914T190838ZProcess Runtime: 1.94 s
2026-02-22 20:06:00,748 - INFO - Successfully ran EQCCTPro, exiting...
2026-02-22 20:06:02,383 - INFO - Ray Successfully Shutdown.
2026-02-22 20:06:02,384 - INFO - ------- Successfully Picked All Waveform(s) from all Timechunk(s) -------
