2026-03-28 18:57:09,158 - INFO - 
2026-03-28 18:57:09,159 - INFO - ------- Welcome to EQCCTPro -------
2026-03-28 18:57:09,159 - INFO - 
2026-03-28 18:57:09,159 - INFO - Running EQCCT over Requested MSeed Files using CPU(s)...
2026-03-28 18:57:09,160 - INFO - GPU disabled (CPU-only).
2026-03-28 18:57:09,160 - INFO - Skipping framework-specific initialization in the driver process.
2026-03-28 18:57:11,788 - INFO - Ray Successfully Initialized with 4 CPU(s) ([0, 1, 2, 3] CPU Affinity Binding).
2026-03-28 18:57:11,791 - INFO - Analyzing 1 time chunk(s) from 2025-01-16 12:06:23 to 2025-01-16 12:07:23 (dt=1min, overlap=0min).
2026-03-28 18:57:11,791 - INFO - Using 1 selected station(s).
2026-03-28 18:57:11,791 - INFO - 
2026-03-28 18:57:11,792 - INFO - ------- Starting EQCCTPro... -------
2026-03-28 18:57:11,792 - INFO - Detailed subprocess information can be found in the log file.
2026-03-28 18:57:11,792 - INFO - 
2026-03-28 18:57:12,154 - INFO - GPU disabled (CPU-only).
2026-03-28 18:57:12,160 - INFO - Skipping framework-specific initialization in the driver process.
2026-03-28 18:57:12,165 - INFO - ------- Hardware Configuration -------
2026-03-28 18:57:12,168 - INFO - CPU affinity set to cores: [0, 1, 2, 3]
2026-03-28 18:57:12,172 - INFO - 
2026-03-28 18:57:12,175 - INFO - ------- Data Preprocessing for EQCCTPro -------
2026-03-28 18:57:12,179 - INFO - 1 station(s) in /home/blackwinter/projects/eqcct/eqcctpro/data/waveforms_explosions_nonoise/20250116T120623Z_20250116T120723Z
2026-03-28 18:57:12,182 - INFO - Using 1 selected station(s): ['KLF'].
2026-03-28 18:57:12,185 - INFO - Creating model actor(s)...
2026-03-28 18:57:12,189 - INFO - System RAM: Total=7870 MB, Available=4112 MB
2026-03-28 18:57:12,193 - INFO - Usable RAM budget: 7083 MB (90% of total)
2026-03-28 18:57:12,196 - INFO - ===== MEMORY-AWARE CPU ACTOR POOL =====
2026-03-28 18:57:12,199 - INFO - Requested concurrent tasks: 1
2026-03-28 18:57:12,203 - INFO - Available CPUs: 4
2026-03-28 18:57:12,208 - INFO - Available RAM: 7083 MB
2026-03-28 18:57:12,211 - INFO - RAM per model: 2060 MB
2026-03-28 18:57:12,214 - INFO - Max actors by RAM: 3
2026-03-28 18:57:12,218 - INFO - Creating 1 SeisBenchModelActor(s)
2026-03-28 18:57:12,221 - INFO - Let Ray handle scheduling (taskset already restricts CPU visibility)
2026-03-28 18:57:12,224 - INFO - Creating SeisBenchModelActor 1/1 (2.01GB RAM each)...
2026-03-28 18:57:15,250 - INFO - SeisBenchModelActor 1 created successfully.
2026-03-28 18:57:15,252 - INFO - Created 1 CPU actor(s). Task queue will handle concurrency.
2026-03-28 18:57:15,256 - INFO - Starting EQCCTPro parallelized waveform processing...
2026-03-28 18:57:15,258 - INFO - 
2026-03-28 18:57:15,261 - INFO - ------- Analyzing Seismic Waveforms for P and S Picks via SeisBench (EQTransformer - original_nonconservative) -------
2026-03-28 18:57:15,265 - INFO - Analyzing 0:01:00 minute timechunk from 2025-01-16 12:06:23 to 2025-01-16 12:07:23 (0 min overlap)
2026-03-28 18:57:15,268 - INFO - Processing a total of 1 stations, 1 at a time.
2026-03-28 18:57:17,663 - INFO - (1/1) KLF: Finished the prediction in 0.16s. (HP=1.0, LP=45.0, picks=2)
2026-03-28 18:57:17,666 - INFO - 
2026-03-28 18:57:17,669 - INFO - ------- Parallel Station Waveform Processing Complete For 2025-01-16 12:06:23 to 2025-01-16 12:07:23 Timechunk-------
2026-03-28 18:57:17,672 - INFO - Picks saved at /home/blackwinter/projects/eqcct/eqcctpro/results/csv/eqt_explosions_th0_1/20250116T120623Z_20250116T120723ZProcess Runtime: 2.41 s
2026-03-28 18:57:17,680 - INFO - Successfully ran EQCCTPro, exiting...
2026-03-28 18:57:19,281 - INFO - Ray Successfully Shutdown.
2026-03-28 18:57:19,282 - INFO - ------- Successfully Picked All Waveform(s) from all Timechunk(s) -------
