2026-03-28 09:11:10,255 - INFO - 
2026-03-28 09:11:10,255 - INFO - ------- Welcome to EQCCTPro -------
2026-03-28 09:11:10,255 - INFO - 
2026-03-28 09:11:10,256 - INFO - Running EQCCT over Requested MSeed Files using CPU(s)...
2026-03-28 09:11:10,256 - INFO - GPU disabled (CPU-only).
2026-03-28 09:11:10,256 - INFO - Skipping framework-specific initialization in the driver process.
2026-03-28 09:11:12,784 - INFO - Ray Successfully Initialized with 4 CPU(s) ([0, 1, 2, 3] CPU Affinity Binding).
2026-03-28 09:11:12,784 - INFO - Analyzing 1 time chunk(s) from 2025-01-02 11:40:36 to 2025-01-02 11:41:36 (dt=1min, overlap=0min).
2026-03-28 09:11:12,784 - INFO - Using 1 selected station(s).
2026-03-28 09:11:12,784 - INFO - 
2026-03-28 09:11:12,785 - INFO - ------- Starting EQCCTPro... -------
2026-03-28 09:11:12,785 - INFO - Detailed subprocess information can be found in the log file.
2026-03-28 09:11:12,785 - INFO - 
2026-03-28 09:11:13,078 - INFO - GPU disabled (CPU-only).
2026-03-28 09:11:13,082 - INFO - Skipping framework-specific initialization in the driver process.
2026-03-28 09:11:13,086 - INFO - ------- Hardware Configuration -------
2026-03-28 09:11:13,090 - INFO - CPU affinity set to cores: [0, 1, 2, 3]
2026-03-28 09:11:13,093 - INFO - 
2026-03-28 09:11:13,096 - INFO - ------- Data Preprocessing for EQCCTPro -------
2026-03-28 09:11:13,099 - INFO - 1 station(s) in /home/blackwinter/projects/eqcct/eqcctpro/data/waveforms_noise_only/20250102T114036Z_20250102T114136Z
2026-03-28 09:11:13,102 - INFO - Using 1 selected station(s): ['KY17'].
2026-03-28 09:11:13,105 - INFO - Creating model actor(s)...
2026-03-28 09:11:13,108 - INFO - System RAM: Total=7870 MB, Available=4625 MB
2026-03-28 09:11:13,111 - INFO - Usable RAM budget: 7083 MB (90% of total)
2026-03-28 09:11:13,114 - INFO - ===== MEMORY-AWARE CPU ACTOR POOL =====
2026-03-28 09:11:13,117 - INFO - Requested concurrent tasks: 1
2026-03-28 09:11:13,120 - INFO - Available CPUs: 4
2026-03-28 09:11:13,123 - INFO - Available RAM: 7083 MB
2026-03-28 09:11:13,126 - INFO - RAM per model: 2060 MB
2026-03-28 09:11:13,129 - INFO - Max actors by RAM: 3
2026-03-28 09:11:13,132 - INFO - Creating 1 SeisBenchModelActor(s)
2026-03-28 09:11:13,135 - INFO - Let Ray handle scheduling (taskset already restricts CPU visibility)
2026-03-28 09:11:13,138 - INFO - Creating SeisBenchModelActor 1/1 (2.01GB RAM each)...
2026-03-28 09:11:15,941 - INFO - SeisBenchModelActor 1 created successfully.
2026-03-28 09:11:15,943 - INFO - Created 1 CPU actor(s). Task queue will handle concurrency.
2026-03-28 09:11:15,946 - INFO - Starting EQCCTPro parallelized waveform processing...
2026-03-28 09:11:15,949 - INFO - 
2026-03-28 09:11:15,952 - INFO - ------- Analyzing Seismic Waveforms for P and S Picks via SeisBench (EQTransformer - original_nonconservative) -------
2026-03-28 09:11:15,955 - INFO - Analyzing 0:01:00 minute timechunk from 2025-01-02 11:40:36 to 2025-01-02 11:41:36 (0 min overlap)
2026-03-28 09:11:15,957 - INFO - Processing a total of 1 stations, 1 at a time.
2026-03-28 09:11:18,149 - INFO - (1/1) KY17: Finished the prediction in 0.15s. (HP=1.0, LP=45.0, picks=0)
2026-03-28 09:11:18,152 - INFO - 
2026-03-28 09:11:18,155 - INFO - ------- Parallel Station Waveform Processing Complete For 2025-01-02 11:40:36 to 2025-01-02 11:41:36 Timechunk-------
2026-03-28 09:11:18,158 - INFO - Picks saved at /home/blackwinter/projects/eqcct/eqcctpro/results/csv/eqt_noise_th0_1/20250102T114036Z_20250102T114136ZProcess Runtime: 2.21 s
2026-03-28 09:11:18,164 - INFO - Successfully ran EQCCTPro, exiting...
2026-03-28 09:11:19,768 - INFO - Ray Successfully Shutdown.
2026-03-28 09:11:19,768 - INFO - ------- Successfully Picked All Waveform(s) from all Timechunk(s) -------
