2026-03-10 19:45:05,699 - INFO - 
2026-03-10 19:45:05,699 - INFO - ------- Welcome to EQCCTPro -------
2026-03-10 19:45:05,699 - INFO - 
2026-03-10 19:45:05,700 - INFO - Running EQCCT over Requested MSeed Files using CPU(s)...
2026-03-10 19:45:05,700 - INFO - GPU disabled (CPU-only).
2026-03-10 19:45:05,701 - INFO - Configured Intra-op threads = 1
2026-03-10 19:45:05,701 - INFO - Configured Inter-op threads = 1
2026-03-10 19:45:05,701 - INFO - TensorFlow: No GPUs visible; TF will proceed on CPU.
2026-03-10 19:45:05,701 - INFO - 
2026-03-10 19:45:11,146 - INFO - Ray Successfully Initialized with 4 CPU(s) ([0, 1, 2, 3] CPU Affinity Binding).
2026-03-10 19:45:11,147 - INFO - Analyzing 1 time chunk(s) from 2025-01-04 21:58:37 to 2025-01-04 21:59:37 (dt=1min, overlap=0min).
2026-03-10 19:45:11,147 - INFO - Using 1 selected station(s).
2026-03-10 19:45:11,147 - INFO - 
2026-03-10 19:45:11,147 - INFO - ------- Starting EQCCTPro... -------
2026-03-10 19:45:11,147 - INFO - Detailed subprocess information can be found in the log file.
2026-03-10 19:45:11,148 - INFO - 
2026-03-10 19:45:11,509 - INFO - GPU disabled (CPU-only).
2026-03-10 19:45:13,055 - INFO - Configured Intra-op threads = 1
2026-03-10 19:45:13,057 - INFO - Configured Inter-op threads = 1
2026-03-10 19:45:13,096 - INFO - TensorFlow: No GPUs visible; TF will proceed on CPU.
2026-03-10 19:45:13,099 - INFO - 
2026-03-10 19:45:13,101 - INFO - ------- Hardware Configuration -------
2026-03-10 19:45:13,103 - INFO - CPU affinity set to cores: [0, 1, 2, 3]
2026-03-10 19:45:13,105 - INFO - 
2026-03-10 19:45:13,107 - INFO - ------- Data Preprocessing for EQCCTPro -------
2026-03-10 19:45:13,109 - INFO - 1 station(s) in /home/blackwinter/projects/eqcct/eqcctpro/data/waveforms_noise_only/20250104T215837Z_20250104T215937Z
2026-03-10 19:45:13,111 - INFO - Using 1 selected station(s): ['KY17'].
2026-03-10 19:45:13,113 - INFO - Creating model actor(s)...
2026-03-10 19:45:13,115 - INFO - System RAM: Total=7870 MB, Available=3520 MB
2026-03-10 19:45:13,117 - INFO - Usable RAM budget: 7083 MB (90% of total)
2026-03-10 19:45:13,119 - INFO - ===== MEMORY-AWARE CPU ACTOR POOL (EQCCT) =====
2026-03-10 19:45:13,120 - INFO - Requested concurrent tasks: 1
2026-03-10 19:45:13,122 - INFO - Available CPUs: 4
2026-03-10 19:45:13,124 - INFO - Available RAM: 7083 MB
2026-03-10 19:45:13,126 - INFO - RAM per model: 2264 MB
2026-03-10 19:45:13,129 - INFO - Max actors by RAM: 3
2026-03-10 19:45:13,131 - INFO - Creating 1 ModelActor(s)
2026-03-10 19:45:13,133 - INFO - Let Ray handle scheduling (taskset already restricts CPU visibility)
2026-03-10 19:45:13,135 - INFO - Creating ModelActor 1/1 (2.21GB RAM each)...
2026-03-10 19:45:17,121 - INFO - ModelActor 1 created successfully.
2026-03-10 19:45:17,123 - INFO - Created 1 CPU actor(s). Task queue will handle concurrency.
2026-03-10 19:45:17,126 - INFO - Starting EQCCTPro parallelized waveform processing...
2026-03-10 19:45:17,128 - INFO - 
2026-03-10 19:45:17,131 - INFO - ------- Analyzing Seismic Waveforms for P and S Picks via EQCCT -------
2026-03-10 19:45:17,133 - INFO - Analyzing 0:01:00 minute timechunk from 2025-01-04 21:58:37 to 2025-01-04 21:59:37 (0 min overlap)
2026-03-10 19:45:17,136 - INFO - Processing a total of 1 stations, 1 at a time.
2026-03-10 19:45:21,338 - INFO - (1/1) KY17: Finished the prediction in 2.2s. (HP=1.0, LP=45.0)
2026-03-10 19:45:21,340 - INFO - 
2026-03-10 19:45:21,342 - INFO - ------- Parallel Station Waveform Processing Complete For 2025-01-04 21:58:37 to 2025-01-04 21:59:37 Timechunk-------
2026-03-10 19:45:21,344 - INFO - Picks saved at /home/blackwinter/projects/eqcct/eqcctpro/results/csv/bm_noise_only/20250104T215837Z_20250104T215937ZProcess Runtime: 4.21 s
2026-03-10 19:45:21,349 - INFO - Successfully ran EQCCTPro, exiting...
2026-03-10 19:45:22,935 - INFO - Ray Successfully Shutdown.
2026-03-10 19:45:22,935 - INFO - ------- Successfully Picked All Waveform(s) from all Timechunk(s) -------
2026-03-11 10:57:04,842 - INFO - 
2026-03-11 10:57:04,849 - INFO - ------- Welcome to EQCCTPro -------
2026-03-11 10:57:04,849 - INFO - 
2026-03-11 10:57:04,850 - INFO - Running EQCCT over Requested MSeed Files using CPU(s)...
2026-03-11 10:57:04,850 - INFO - GPU disabled (CPU-only).
2026-03-11 10:57:04,850 - INFO - Configured Intra-op threads = 1
2026-03-11 10:57:04,850 - INFO - Configured Inter-op threads = 1
2026-03-11 10:57:04,850 - INFO - TensorFlow: No GPUs visible; TF will proceed on CPU.
2026-03-11 10:57:04,851 - INFO - 
2026-03-11 10:57:10,117 - INFO - Ray Successfully Initialized with 4 CPU(s) ([0, 1, 2, 3] CPU Affinity Binding).
2026-03-11 10:57:10,118 - INFO - Analyzing 1 time chunk(s) from 2025-01-04 21:58:37 to 2025-01-04 21:59:37 (dt=1min, overlap=0min).
2026-03-11 10:57:10,118 - INFO - Using 1 selected station(s).
2026-03-11 10:57:10,118 - INFO - 
2026-03-11 10:57:10,118 - INFO - ------- Starting EQCCTPro... -------
2026-03-11 10:57:10,118 - INFO - Detailed subprocess information can be found in the log file.
2026-03-11 10:57:10,118 - INFO - 
2026-03-11 10:57:10,473 - INFO - GPU disabled (CPU-only).
2026-03-11 10:57:11,893 - INFO - Configured Intra-op threads = 1
2026-03-11 10:57:11,896 - INFO - Configured Inter-op threads = 1
2026-03-11 10:57:11,937 - INFO - TensorFlow: No GPUs visible; TF will proceed on CPU.
2026-03-11 10:57:11,939 - INFO - 
2026-03-11 10:57:11,942 - INFO - ------- Hardware Configuration -------
2026-03-11 10:57:11,943 - INFO - CPU affinity set to cores: [0, 1, 2, 3]
2026-03-11 10:57:11,945 - INFO - 
2026-03-11 10:57:11,947 - INFO - ------- Data Preprocessing for EQCCTPro -------
2026-03-11 10:57:11,949 - INFO - 1 station(s) in /home/blackwinter/projects/eqcct/eqcctpro/data/waveforms_noise_only/20250104T215837Z_20250104T215937Z
2026-03-11 10:57:11,951 - INFO - Using 1 selected station(s): ['KY17'].
2026-03-11 10:57:11,952 - INFO - Creating model actor(s)...
2026-03-11 10:57:11,954 - INFO - System RAM: Total=7870 MB, Available=4238 MB
2026-03-11 10:57:11,956 - INFO - Usable RAM budget: 7083 MB (90% of total)
2026-03-11 10:57:11,958 - INFO - ===== MEMORY-AWARE CPU ACTOR POOL (EQCCT) =====
2026-03-11 10:57:11,960 - INFO - Requested concurrent tasks: 1
2026-03-11 10:57:11,961 - INFO - Available CPUs: 4
2026-03-11 10:57:11,963 - INFO - Available RAM: 7083 MB
2026-03-11 10:57:11,965 - INFO - RAM per model: 2264 MB
2026-03-11 10:57:11,966 - INFO - Max actors by RAM: 3
2026-03-11 10:57:11,968 - INFO - Creating 1 ModelActor(s)
2026-03-11 10:57:11,970 - INFO - Let Ray handle scheduling (taskset already restricts CPU visibility)
2026-03-11 10:57:11,972 - INFO - Creating ModelActor 1/1 (2.21GB RAM each)...
2026-03-11 10:57:15,729 - INFO - ModelActor 1 created successfully.
2026-03-11 10:57:15,731 - INFO - Created 1 CPU actor(s). Task queue will handle concurrency.
2026-03-11 10:57:15,733 - INFO - Starting EQCCTPro parallelized waveform processing...
2026-03-11 10:57:15,734 - INFO - 
2026-03-11 10:57:15,736 - INFO - ------- Analyzing Seismic Waveforms for P and S Picks via EQCCT -------
2026-03-11 10:57:15,739 - INFO - Analyzing 0:01:00 minute timechunk from 2025-01-04 21:58:37 to 2025-01-04 21:59:37 (0 min overlap)
2026-03-11 10:57:15,742 - INFO - Processing a total of 1 stations, 1 at a time.
2026-03-11 10:57:17,835 - INFO - (1/1) KY17: Skipped (already exists - overwrite=False).
2026-03-11 10:57:17,838 - INFO - 
2026-03-11 10:57:17,840 - INFO - ------- Parallel Station Waveform Processing Complete For 2025-01-04 21:58:37 to 2025-01-04 21:59:37 Timechunk-------
2026-03-11 10:57:17,843 - INFO - Picks saved at /home/blackwinter/projects/eqcct/eqcctpro/results/csv/bm_noise_only/20250104T215837Z_20250104T215937ZProcess Runtime: 2.11 s
2026-03-11 10:57:17,848 - INFO - Successfully ran EQCCTPro, exiting...
2026-03-11 10:57:19,556 - INFO - Ray Successfully Shutdown.
2026-03-11 10:57:19,556 - INFO - ------- Successfully Picked All Waveform(s) from all Timechunk(s) -------
