2026-02-27 02:07:04,978 - INFO - 
2026-02-27 02:07:04,979 - INFO - ------- Welcome to EQCCTPro -------
2026-02-27 02:07:04,979 - INFO - 
2026-02-27 02:07:04,979 - INFO - Running EQCCT over Requested MSeed Files using CPU(s)...
2026-02-27 02:07:04,979 - INFO - GPU disabled (CPU-only).
2026-02-27 02:07:04,980 - INFO - Configured Intra-op threads = 1
2026-02-27 02:07:04,980 - INFO - Configured Inter-op threads = 1
2026-02-27 02:07:04,980 - INFO - TensorFlow: No GPUs visible; TF will proceed on CPU.
2026-02-27 02:07:04,980 - INFO - 
2026-02-27 02:07:10,491 - INFO - Ray Successfully Initialized with 4 CPU(s) ([0, 1, 2, 3] CPU Affinity Binding).
2026-02-27 02:07:10,492 - INFO - Analyzing 1 time chunk(s) from 2025-01-15 15:21:34 to 2025-01-15 15:22:34 (dt=1min, overlap=0min).
2026-02-27 02:07:10,492 - INFO - Using 1 selected station(s).
2026-02-27 02:07:10,492 - INFO - 
2026-02-27 02:07:10,492 - INFO - ------- Starting EQCCTPro... -------
2026-02-27 02:07:10,492 - INFO - Detailed subprocess information can be found in the log file.
2026-02-27 02:07:10,492 - INFO - 
2026-02-27 02:07:10,875 - INFO - GPU disabled (CPU-only).
2026-02-27 02:07:12,398 - INFO - Configured Intra-op threads = 1
2026-02-27 02:07:12,401 - INFO - Configured Inter-op threads = 1
2026-02-27 02:07:12,444 - INFO - TensorFlow: No GPUs visible; TF will proceed on CPU.
2026-02-27 02:07:12,446 - INFO - 
2026-02-27 02:07:12,448 - INFO - ------- Hardware Configuration -------
2026-02-27 02:07:12,451 - INFO - CPU affinity set to cores: [0, 1, 2, 3]
2026-02-27 02:07:12,452 - INFO - 
2026-02-27 02:07:12,454 - INFO - ------- Data Preprocessing for EQCCTPro -------
2026-02-27 02:07:12,455 - INFO - 1 station(s) in /home/blackwinter/projects/eqcct/eqcctpro/data/waveforms_explosions_nonoise/20250115T152134Z_20250115T152234Z
2026-02-27 02:07:12,457 - INFO - Using 1 selected station(s): ['TRE03'].
2026-02-27 02:07:12,459 - INFO - Creating model actor(s)...
2026-02-27 02:07:12,461 - INFO - System RAM: Total=7870 MB, Available=2861 MB
2026-02-27 02:07:12,463 - INFO - Usable RAM budget: 7083 MB (90% of total)
2026-02-27 02:07:12,464 - INFO - ===== MEMORY-AWARE CPU ACTOR POOL (EQCCT) =====
2026-02-27 02:07:12,466 - INFO - Requested concurrent tasks: 1
2026-02-27 02:07:12,468 - INFO - Available CPUs: 4
2026-02-27 02:07:12,469 - INFO - Available RAM: 7083 MB
2026-02-27 02:07:12,471 - INFO - RAM per model: 2264 MB
2026-02-27 02:07:12,473 - INFO - Max actors by RAM: 3
2026-02-27 02:07:12,475 - INFO - Creating 1 ModelActor(s)
2026-02-27 02:07:12,476 - INFO - Let Ray handle scheduling (taskset already restricts CPU visibility)
2026-02-27 02:07:12,479 - INFO - Creating ModelActor 1/1 (2.21GB RAM each)...
2026-02-27 02:07:16,406 - INFO - ModelActor 1 created successfully.
2026-02-27 02:07:16,408 - INFO - Created 1 CPU actor(s). Task queue will handle concurrency.
2026-02-27 02:07:16,411 - INFO - Starting EQCCTPro parallelized waveform processing...
2026-02-27 02:07:16,412 - INFO - 
2026-02-27 02:07:16,414 - INFO - ------- Analyzing Seismic Waveforms for P and S Picks via EQCCT -------
2026-02-27 02:07:16,417 - INFO - Analyzing 0:01:00 minute timechunk from 2025-01-15 15:21:34 to 2025-01-15 15:22:34 (0 min overlap)
2026-02-27 02:07:16,419 - INFO - Processing a total of 1 stations, 1 at a time.
2026-02-27 02:07:20,701 - INFO - (1/1) TRE03: Finished the prediction in 2.39s. (HP=1.0, LP=45.0)
2026-02-27 02:07:20,707 - INFO - 
2026-02-27 02:07:20,710 - INFO - ------- Parallel Station Waveform Processing Complete For 2025-01-15 15:21:34 to 2025-01-15 15:22:34 Timechunk-------
2026-02-27 02:07:20,712 - INFO - Picks saved at /home/blackwinter/projects/eqcct/eqcctpro/results/csv/bm_explosions/20250115T152134Z_20250115T152234ZProcess Runtime: 4.30 s
2026-02-27 02:07:20,718 - INFO - Successfully ran EQCCTPro, exiting...
2026-02-27 02:07:22,301 - INFO - Ray Successfully Shutdown.
2026-02-27 02:07:22,302 - INFO - ------- Successfully Picked All Waveform(s) from all Timechunk(s) -------
2026-02-27 09:08:08,737 - INFO - 
2026-02-27 09:08:08,738 - INFO - ------- Welcome to EQCCTPro -------
2026-02-27 09:08:08,738 - INFO - 
2026-02-27 09:08:08,739 - INFO - Running EQCCT over Requested MSeed Files using CPU(s)...
2026-02-27 09:08:08,739 - INFO - GPU disabled (CPU-only).
2026-02-27 09:08:08,739 - INFO - Configured Intra-op threads = 1
2026-02-27 09:08:08,739 - INFO - Configured Inter-op threads = 1
2026-02-27 09:08:08,739 - INFO - TensorFlow: No GPUs visible; TF will proceed on CPU.
2026-02-27 09:08:08,740 - INFO - 
2026-02-27 09:08:14,170 - INFO - Ray Successfully Initialized with 4 CPU(s) ([0, 1, 2, 3] CPU Affinity Binding).
2026-02-27 09:08:14,171 - INFO - Analyzing 1 time chunk(s) from 2025-01-15 15:21:34 to 2025-01-15 15:22:34 (dt=1min, overlap=0min).
2026-02-27 09:08:14,171 - INFO - Using 1 selected station(s).
2026-02-27 09:08:14,171 - INFO - 
2026-02-27 09:08:14,171 - INFO - ------- Starting EQCCTPro... -------
2026-02-27 09:08:14,171 - INFO - Detailed subprocess information can be found in the log file.
2026-02-27 09:08:14,171 - INFO - 
2026-02-27 09:08:14,551 - INFO - GPU disabled (CPU-only).
2026-02-27 09:08:16,065 - INFO - Configured Intra-op threads = 1
2026-02-27 09:08:16,068 - INFO - Configured Inter-op threads = 1
2026-02-27 09:08:16,113 - INFO - TensorFlow: No GPUs visible; TF will proceed on CPU.
2026-02-27 09:08:16,116 - INFO - 
2026-02-27 09:08:16,117 - INFO - ------- Hardware Configuration -------
2026-02-27 09:08:16,119 - INFO - CPU affinity set to cores: [0, 1, 2, 3]
2026-02-27 09:08:16,121 - INFO - 
2026-02-27 09:08:16,123 - INFO - ------- Data Preprocessing for EQCCTPro -------
2026-02-27 09:08:16,125 - INFO - 1 station(s) in /home/blackwinter/projects/eqcct/eqcctpro/data/waveforms_explosions_nonoise/20250115T152134Z_20250115T152234Z
2026-02-27 09:08:16,127 - INFO - Using 1 selected station(s): ['TRE03'].
2026-02-27 09:08:16,129 - INFO - Creating model actor(s)...
2026-02-27 09:08:16,131 - INFO - System RAM: Total=7870 MB, Available=2906 MB
2026-02-27 09:08:16,133 - INFO - Usable RAM budget: 7083 MB (90% of total)
2026-02-27 09:08:16,135 - INFO - ===== MEMORY-AWARE CPU ACTOR POOL (EQCCT) =====
2026-02-27 09:08:16,137 - INFO - Requested concurrent tasks: 1
2026-02-27 09:08:16,139 - INFO - Available CPUs: 4
2026-02-27 09:08:16,142 - INFO - Available RAM: 7083 MB
2026-02-27 09:08:16,144 - INFO - RAM per model: 2264 MB
2026-02-27 09:08:16,146 - INFO - Max actors by RAM: 3
2026-02-27 09:08:16,149 - INFO - Creating 1 ModelActor(s)
2026-02-27 09:08:16,151 - INFO - Let Ray handle scheduling (taskset already restricts CPU visibility)
2026-02-27 09:08:16,153 - INFO - Creating ModelActor 1/1 (2.21GB RAM each)...
2026-02-27 09:08:20,085 - INFO - ModelActor 1 created successfully.
2026-02-27 09:08:20,087 - INFO - Created 1 CPU actor(s). Task queue will handle concurrency.
2026-02-27 09:08:20,089 - INFO - Starting EQCCTPro parallelized waveform processing...
2026-02-27 09:08:20,092 - INFO - 
2026-02-27 09:08:20,094 - INFO - ------- Analyzing Seismic Waveforms for P and S Picks via EQCCT -------
2026-02-27 09:08:20,096 - INFO - Analyzing 0:01:00 minute timechunk from 2025-01-15 15:21:34 to 2025-01-15 15:22:34 (0 min overlap)
2026-02-27 09:08:20,099 - INFO - Processing a total of 1 stations, 1 at a time.
2026-02-27 09:08:21,977 - INFO - (1/1) TRE03: Skipped (already exists - overwrite=False).
2026-02-27 09:08:21,980 - INFO - 
2026-02-27 09:08:21,982 - INFO - ------- Parallel Station Waveform Processing Complete For 2025-01-15 15:21:34 to 2025-01-15 15:22:34 Timechunk-------
2026-02-27 09:08:21,984 - INFO - Picks saved at /home/blackwinter/projects/eqcct/eqcctpro/results/csv/bm_explosions/20250115T152134Z_20250115T152234ZProcess Runtime: 1.89 s
2026-02-27 09:08:21,989 - INFO - Successfully ran EQCCTPro, exiting...
2026-02-27 09:08:23,579 - INFO - Ray Successfully Shutdown.
2026-02-27 09:08:23,579 - INFO - ------- Successfully Picked All Waveform(s) from all Timechunk(s) -------
