2026-03-28 12:32:11,279 - INFO - 
2026-03-28 12:32:11,279 - INFO - ------- Welcome to EQCCTPro -------
2026-03-28 12:32:11,279 - INFO - 
2026-03-28 12:32:11,280 - INFO - Running EQCCT over Requested MSeed Files using CPU(s)...
2026-03-28 12:32:11,280 - INFO - GPU disabled (CPU-only).
2026-03-28 12:32:11,280 - INFO - Skipping framework-specific initialization in the driver process.
2026-03-28 12:32:12,732 - INFO - Ray Successfully Initialized with 4 CPU(s) ([0, 1, 2, 3] CPU Affinity Binding).
2026-03-28 12:32:12,733 - INFO - Analyzing 1 time chunk(s) from 2025-01-10 05:59:57 to 2025-01-10 06:00:57 (dt=1min, overlap=0min).
2026-03-28 12:32:12,733 - INFO - Using 1 selected station(s).
2026-03-28 12:32:12,733 - INFO - 
2026-03-28 12:32:12,734 - INFO - ------- Starting EQCCTPro... -------
2026-03-28 12:32:12,734 - INFO - Detailed subprocess information can be found in the log file.
2026-03-28 12:32:12,734 - INFO - 
2026-03-28 12:32:13,022 - INFO - GPU disabled (CPU-only).
2026-03-28 12:32:13,027 - INFO - Skipping framework-specific initialization in the driver process.
2026-03-28 12:32:13,031 - INFO - ------- Hardware Configuration -------
2026-03-28 12:32:13,034 - INFO - CPU affinity set to cores: [0, 1, 2, 3]
2026-03-28 12:32:13,036 - INFO - 
2026-03-28 12:32:13,038 - INFO - ------- Data Preprocessing for EQCCTPro -------
2026-03-28 12:32:13,040 - INFO - 1 station(s) in /home/blackwinter/projects/eqcct/eqcctpro/data/waveforms_noise_only/20250110T055957Z_20250110T060057Z
2026-03-28 12:32:13,042 - INFO - Using 1 selected station(s): ['NIF'].
2026-03-28 12:32:13,045 - INFO - Creating model actor(s)...
2026-03-28 12:32:13,047 - INFO - System RAM: Total=7870 MB, Available=4427 MB
2026-03-28 12:32:13,050 - INFO - Usable RAM budget: 7083 MB (90% of total)
2026-03-28 12:32:13,053 - INFO - ===== MEMORY-AWARE CPU ACTOR POOL =====
2026-03-28 12:32:13,056 - INFO - Requested concurrent tasks: 1
2026-03-28 12:32:13,058 - INFO - Available CPUs: 4
2026-03-28 12:32:13,061 - INFO - Available RAM: 7083 MB
2026-03-28 12:32:13,063 - INFO - RAM per model: 2060 MB
2026-03-28 12:32:13,065 - INFO - Max actors by RAM: 3
2026-03-28 12:32:13,067 - INFO - Creating 1 SeisBenchModelActor(s)
2026-03-28 12:32:13,069 - INFO - Let Ray handle scheduling (taskset already restricts CPU visibility)
2026-03-28 12:32:13,072 - INFO - Creating SeisBenchModelActor 1/1 (2.01GB RAM each)...
2026-03-28 12:32:15,950 - INFO - SeisBenchModelActor 1 created successfully.
2026-03-28 12:32:15,952 - INFO - Created 1 CPU actor(s). Task queue will handle concurrency.
2026-03-28 12:32:15,954 - INFO - Starting EQCCTPro parallelized waveform processing...
2026-03-28 12:32:15,957 - INFO - 
2026-03-28 12:32:15,959 - INFO - ------- Analyzing Seismic Waveforms for P and S Picks via SeisBench (EQTransformer - original_nonconservative) -------
2026-03-28 12:32:15,962 - INFO - Analyzing 0:01:00 minute timechunk from 2025-01-10 05:59:57 to 2025-01-10 06:00:57 (0 min overlap)
2026-03-28 12:32:15,965 - INFO - Processing a total of 1 stations, 1 at a time.
2026-03-28 12:32:18,174 - INFO - (1/1) NIF: Finished the prediction in 0.13s. (HP=1.0, LP=45.0, picks=0)
2026-03-28 12:32:18,176 - INFO - 
2026-03-28 12:32:18,179 - INFO - ------- Parallel Station Waveform Processing Complete For 2025-01-10 05:59:57 to 2025-01-10 06:00:57 Timechunk-------
2026-03-28 12:32:18,182 - INFO - Picks saved at /home/blackwinter/projects/eqcct/eqcctpro/results/csv/eqt_noise_th0_1/20250110T055957Z_20250110T060057ZProcess Runtime: 2.22 s
2026-03-28 12:32:18,187 - INFO - Successfully ran EQCCTPro, exiting...
2026-03-28 12:32:20,010 - INFO - Ray Successfully Shutdown.
2026-03-28 12:32:20,011 - INFO - ------- Successfully Picked All Waveform(s) from all Timechunk(s) -------
