2026-02-22 23:26:11,801 - INFO - 
2026-02-22 23:26:11,801 - INFO - ------- Welcome to EQCCTPro -------
2026-02-22 23:26:11,801 - INFO - 
2026-02-22 23:26:11,802 - INFO - Running EQCCT over Requested MSeed Files using CPU(s)...
2026-02-22 23:26:11,802 - INFO - GPU disabled (CPU-only).
2026-02-22 23:26:11,802 - INFO - Configured Intra-op threads = 1
2026-02-22 23:26:11,802 - INFO - Configured Inter-op threads = 1
2026-02-22 23:26:11,802 - INFO - TensorFlow: No GPUs visible; TF will proceed on CPU.
2026-02-22 23:26:11,802 - INFO - 
2026-02-22 23:26:17,406 - INFO - Ray Successfully Initialized with 4 CPU(s) ([0, 1, 2, 3] CPU Affinity Binding).
2026-02-22 23:26:17,407 - INFO - Analyzing 1 time chunk(s) from 2025-12-20 02:35:50 to 2025-12-20 02:36:50 (dt=1min, overlap=0min).
2026-02-22 23:26:17,407 - INFO - Using 1 selected station(s).
2026-02-22 23:26:17,407 - INFO - 
2026-02-22 23:26:17,408 - INFO - ------- Starting EQCCTPro... -------
2026-02-22 23:26:17,408 - INFO - Detailed subprocess information can be found in the log file.
2026-02-22 23:26:17,408 - INFO - 
2026-02-22 23:26:17,782 - INFO - GPU disabled (CPU-only).
2026-02-22 23:26:19,361 - INFO - Configured Intra-op threads = 1
2026-02-22 23:26:19,364 - INFO - Configured Inter-op threads = 1
2026-02-22 23:26:19,406 - INFO - TensorFlow: No GPUs visible; TF will proceed on CPU.
2026-02-22 23:26:19,408 - INFO - 
2026-02-22 23:26:19,410 - INFO - ------- Hardware Configuration -------
2026-02-22 23:26:19,412 - INFO - CPU affinity set to cores: [0, 1, 2, 3]
2026-02-22 23:26:19,414 - INFO - 
2026-02-22 23:26:19,417 - INFO - ------- Data Preprocessing for EQCCTPro -------
2026-02-22 23:26:19,419 - INFO - 1 station(s) in /home/blackwinter/projects/eqcct/eqcctpro/data/waveforms_earthquakes_nonoise/20251220T023550Z_20251220T023650Z
2026-02-22 23:26:19,421 - INFO - Using 1 selected station(s): ['ALAJF'].
2026-02-22 23:26:19,423 - INFO - Creating model actor(s)...
2026-02-22 23:26:19,425 - INFO - System RAM: Total=7870 MB, Available=1493 MB
2026-02-22 23:26:19,428 - INFO - Usable RAM budget: 7083 MB (90% of total)
2026-02-22 23:26:19,430 - INFO - ===== MEMORY-AWARE CPU ACTOR POOL (EQCCT) =====
2026-02-22 23:26:19,433 - INFO - Requested concurrent tasks: 1
2026-02-22 23:26:19,435 - INFO - Available CPUs: 4
2026-02-22 23:26:19,437 - INFO - Available RAM: 7083 MB
2026-02-22 23:26:19,439 - INFO - RAM per model: 2264 MB
2026-02-22 23:26:19,442 - INFO - Max actors by RAM: 3
2026-02-22 23:26:19,444 - INFO - Creating 1 ModelActor(s)
2026-02-22 23:26:19,446 - INFO - Let Ray handle scheduling (taskset already restricts CPU visibility)
2026-02-22 23:26:19,448 - INFO - Creating ModelActor 1/1 (2.21GB RAM each)...
2026-02-22 23:26:23,433 - INFO - ModelActor 1 created successfully.
2026-02-22 23:26:23,435 - INFO - Created 1 CPU actor(s). Task queue will handle concurrency.
2026-02-22 23:26:23,437 - INFO - Starting EQCCTPro parallelized waveform processing...
2026-02-22 23:26:23,439 - INFO - 
2026-02-22 23:26:23,440 - INFO - ------- Analyzing Seismic Waveforms for P and S Picks via EQCCT -------
2026-02-22 23:26:23,443 - INFO - Analyzing 0:01:00 minute timechunk from 2025-12-20 02:35:50 to 2025-12-20 02:36:50 (0 min overlap)
2026-02-22 23:26:23,444 - INFO - Processing a total of 1 stations, 1 at a time.
2026-02-22 23:26:27,537 - INFO - (1/1) ALAJF: Finished the prediction in 2.14s. (HP=1.0, LP=45.0)
2026-02-22 23:26:27,539 - INFO - 
2026-02-22 23:26:27,541 - INFO - ------- Parallel Station Waveform Processing Complete For 2025-12-20 02:35:50 to 2025-12-20 02:36:50 Timechunk-------
2026-02-22 23:26:27,543 - INFO - Picks saved at /home/blackwinter/projects/eqcct/eqcctpro/results/csv/bm_eq_nonoise/20251220T023550Z_20251220T023650ZProcess Runtime: 4.10 s
2026-02-22 23:26:27,547 - INFO - Successfully ran EQCCTPro, exiting...
2026-02-22 23:26:29,222 - INFO - Ray Successfully Shutdown.
2026-02-22 23:26:29,222 - INFO - ------- Successfully Picked All Waveform(s) from all Timechunk(s) -------
