2026-03-28 21:38:01,064 - INFO - 
2026-03-28 21:38:01,064 - INFO - ------- Welcome to EQCCTPro -------
2026-03-28 21:38:01,064 - INFO - 
2026-03-28 21:38:01,064 - INFO - Running EQCCT over Requested MSeed Files using CPU(s)...
2026-03-28 21:38:01,065 - INFO - GPU disabled (CPU-only).
2026-03-29 06:45:30,781 - INFO - 
2026-03-29 06:45:30,781 - INFO - ------- Welcome to EQCCTPro -------
2026-03-29 06:45:30,781 - INFO - 
2026-03-29 06:45:30,782 - INFO - Running EQCCT over Requested MSeed Files using CPU(s)...
2026-03-29 06:45:30,782 - INFO - GPU disabled (CPU-only).
2026-03-29 06:45:30,782 - INFO - Configured Intra-op threads = 1
2026-03-29 06:45:30,782 - INFO - Configured Inter-op threads = 1
2026-03-29 06:45:30,783 - INFO - TensorFlow: No GPUs visible; TF will proceed on CPU.
2026-03-29 06:45:30,783 - INFO - 
2026-03-29 06:45:36,037 - INFO - Ray Successfully Initialized with 4 CPU(s) ([0, 1, 2, 3] CPU Affinity Binding).
2026-03-29 06:45:36,038 - INFO - Analyzing 1 time chunk(s) from 2025-01-22 13:11:10 to 2025-01-22 13:12:10 (dt=1min, overlap=0min).
2026-03-29 06:45:36,038 - INFO - Using 1 selected station(s).
2026-03-29 06:45:36,038 - INFO - 
2026-03-29 06:45:36,038 - INFO - ------- Starting EQCCTPro... -------
2026-03-29 06:45:36,038 - INFO - Detailed subprocess information can be found in the log file.
2026-03-29 06:45:36,039 - INFO - 
2026-03-29 06:45:36,433 - INFO - GPU disabled (CPU-only).
2026-03-29 06:45:38,148 - INFO - Configured Intra-op threads = 1
2026-03-29 06:45:38,151 - INFO - Configured Inter-op threads = 1
2026-03-29 06:45:38,200 - INFO - TensorFlow: No GPUs visible; TF will proceed on CPU.
2026-03-29 06:45:38,203 - INFO - 
2026-03-29 06:45:38,206 - INFO - ------- Hardware Configuration -------
2026-03-29 06:45:38,209 - INFO - CPU affinity set to cores: [0, 1, 2, 3]
2026-03-29 06:45:38,212 - INFO - 
2026-03-29 06:45:38,216 - INFO - ------- Data Preprocessing for EQCCTPro -------
2026-03-29 06:45:38,218 - INFO - 1 station(s) in /home/blackwinter/projects/eqcct/eqcctpro/data/waveforms_explosions_nonoise/20250122T131110Z_20250122T131210Z
2026-03-29 06:45:38,221 - INFO - Using 1 selected station(s): ['KORF'].
2026-03-29 06:45:38,223 - INFO - Creating model actor(s)...
2026-03-29 06:45:38,226 - INFO - System RAM: Total=7870 MB, Available=2961 MB
2026-03-29 06:45:38,229 - INFO - Usable RAM budget: 7083 MB (90% of total)
2026-03-29 06:45:38,231 - INFO - ===== MEMORY-AWARE CPU ACTOR POOL (EQCCT) =====
2026-03-29 06:45:38,234 - INFO - Requested concurrent tasks: 1
2026-03-29 06:45:38,236 - INFO - Available CPUs: 4
2026-03-29 06:45:38,239 - INFO - Available RAM: 7083 MB
2026-03-29 06:45:38,242 - INFO - RAM per model: 2264 MB
2026-03-29 06:45:38,245 - INFO - Max actors by RAM: 3
2026-03-29 06:45:38,247 - INFO - Creating 1 ModelActor(s)
2026-03-29 06:45:38,250 - INFO - Let Ray handle scheduling (taskset already restricts CPU visibility)
2026-03-29 06:45:38,252 - INFO - Creating ModelActor 1/1 (2.21GB RAM each)...
2026-03-29 06:45:42,667 - INFO - ModelActor 1 created successfully.
2026-03-29 06:45:42,669 - INFO - Created 1 CPU actor(s). Task queue will handle concurrency.
2026-03-29 06:45:42,672 - INFO - Starting EQCCTPro parallelized waveform processing...
2026-03-29 06:45:42,674 - INFO - 
2026-03-29 06:45:42,677 - INFO - ------- Analyzing Seismic Waveforms for P and S Picks via EQCCT -------
2026-03-29 06:45:42,679 - INFO - Analyzing 0:01:00 minute timechunk from 2025-01-22 13:11:10 to 2025-01-22 13:12:10 (0 min overlap)
2026-03-29 06:45:42,682 - INFO - Processing a total of 1 stations, 1 at a time.
2026-03-29 06:45:47,340 - INFO - (1/1) KORF: Finished the prediction in 2.48s. (HP=1.0, LP=45.0)
2026-03-29 06:45:47,344 - INFO - 
2026-03-29 06:45:47,347 - INFO - ------- Parallel Station Waveform Processing Complete For 2025-01-22 13:11:10 to 2025-01-22 13:12:10 Timechunk-------
2026-03-29 06:45:47,350 - INFO - Picks saved at /home/blackwinter/projects/eqcct/eqcctpro/results/csv/eqcct_explosions_th0_1/20250122T131110Z_20250122T131210ZProcess Runtime: 4.67 s
2026-03-29 06:45:47,356 - INFO - Successfully ran EQCCTPro, exiting...
2026-03-29 06:45:49,115 - INFO - Ray Successfully Shutdown.
2026-03-29 06:45:49,116 - INFO - ------- Successfully Picked All Waveform(s) from all Timechunk(s) -------
