2026-03-20 00:22:47,438 - INFO - 
2026-03-20 00:22:47,438 - INFO - ------- Welcome to EQCCTPro -------
2026-03-20 00:22:47,438 - INFO - 
2026-03-20 00:22:47,438 - INFO - Running EQCCT over Requested MSeed Files using CPU(s)...
2026-03-20 00:22:47,439 - INFO - GPU disabled (CPU-only).
2026-03-20 00:22:47,439 - INFO - Configured Intra-op threads = 1
2026-03-20 00:22:47,439 - INFO - Configured Inter-op threads = 1
2026-03-20 00:22:47,439 - INFO - TensorFlow: No GPUs visible; TF will proceed on CPU.
2026-03-20 00:22:47,439 - INFO - 
2026-03-20 00:22:52,839 - INFO - Ray Successfully Initialized with 4 CPU(s) ([0, 1, 2, 3] CPU Affinity Binding).
2026-03-20 00:22:52,839 - INFO - Analyzing 1 time chunk(s) from 2025-03-20 01:33:53 to 2025-03-20 01:34:53 (dt=1min, overlap=0min).
2026-03-20 00:22:52,839 - INFO - Using 1 selected station(s).
2026-03-20 00:22:52,839 - INFO - 
2026-03-20 00:22:52,839 - INFO - ------- Starting EQCCTPro... -------
2026-03-20 00:22:52,840 - INFO - Detailed subprocess information can be found in the log file.
2026-03-20 00:22:52,840 - INFO - 
2026-03-20 00:22:53,206 - INFO - GPU disabled (CPU-only).
2026-03-20 00:22:54,669 - INFO - Configured Intra-op threads = 1
2026-03-20 00:22:54,671 - INFO - Configured Inter-op threads = 1
2026-03-20 00:22:54,712 - INFO - TensorFlow: No GPUs visible; TF will proceed on CPU.
2026-03-20 00:22:54,715 - INFO - 
2026-03-20 00:22:54,717 - INFO - ------- Hardware Configuration -------
2026-03-20 00:22:54,720 - INFO - CPU affinity set to cores: [0, 1, 2, 3]
2026-03-20 00:22:54,722 - INFO - 
2026-03-20 00:22:54,724 - INFO - ------- Data Preprocessing for EQCCTPro -------
2026-03-20 00:22:54,726 - INFO - 1 station(s) in /home/blackwinter/projects/eqcct/eqcctpro/data/waveforms_earthquakes_nonoise/20250320T013353Z_20250320T013453Z
2026-03-20 00:22:54,728 - INFO - Using 1 selected station(s): ['RAF'].
2026-03-20 00:22:54,730 - INFO - Creating model actor(s)...
2026-03-20 00:22:54,732 - INFO - System RAM: Total=7870 MB, Available=2488 MB
2026-03-20 00:22:54,733 - INFO - Usable RAM budget: 7083 MB (90% of total)
2026-03-20 00:22:54,735 - INFO - ===== MEMORY-AWARE CPU ACTOR POOL (EQCCT) =====
2026-03-20 00:22:54,737 - INFO - Requested concurrent tasks: 1
2026-03-20 00:22:54,739 - INFO - Available CPUs: 4
2026-03-20 00:22:54,741 - INFO - Available RAM: 7083 MB
2026-03-20 00:22:54,743 - INFO - RAM per model: 2264 MB
2026-03-20 00:22:54,746 - INFO - Max actors by RAM: 3
2026-03-20 00:22:54,748 - INFO - Creating 1 ModelActor(s)
2026-03-20 00:22:54,750 - INFO - Let Ray handle scheduling (taskset already restricts CPU visibility)
2026-03-20 00:22:54,752 - INFO - Creating ModelActor 1/1 (2.21GB RAM each)...
2026-03-20 00:22:58,608 - INFO - ModelActor 1 created successfully.
2026-03-20 00:22:58,611 - INFO - Created 1 CPU actor(s). Task queue will handle concurrency.
2026-03-20 00:22:58,614 - INFO - Starting EQCCTPro parallelized waveform processing...
2026-03-20 00:22:58,616 - INFO - 
2026-03-20 00:22:58,617 - INFO - ------- Analyzing Seismic Waveforms for P and S Picks via EQCCT -------
2026-03-20 00:22:58,620 - INFO - Analyzing 0:01:00 minute timechunk from 2025-03-20 01:33:53 to 2025-03-20 01:34:53 (0 min overlap)
2026-03-20 00:22:58,621 - INFO - Processing a total of 1 stations, 1 at a time.
2026-03-20 00:23:02,809 - INFO - (1/1) RAF: Finished the prediction in 2.32s. (HP=1.0, LP=45.0)
2026-03-20 00:23:02,815 - INFO - 
2026-03-20 00:23:02,817 - INFO - ------- Parallel Station Waveform Processing Complete For 2025-03-20 01:33:53 to 2025-03-20 01:34:53 Timechunk-------
2026-03-20 00:23:02,827 - INFO - Successfully ran EQCCTPro, exiting...
2026-03-20 00:23:02,819 - INFO - Picks saved at /home/blackwinter/projects/eqcct/eqcctpro/results/csv/eqcct_earthquakes_th0_1/20250320T013353Z_20250320T013453ZProcess Runtime: 4.20 s
2026-03-20 00:23:04,245 - INFO - Ray Successfully Shutdown.
2026-03-20 00:23:04,245 - INFO - ------- Successfully Picked All Waveform(s) from all Timechunk(s) -------
