2026-02-27 02:44:54,990 - INFO - 
2026-02-27 02:44:54,991 - INFO - ------- Welcome to EQCCTPro -------
2026-02-27 02:44:54,991 - INFO - 
2026-02-27 02:44:54,991 - INFO - Running EQCCT over Requested MSeed Files using CPU(s)...
2026-02-27 02:44:54,991 - INFO - GPU disabled (CPU-only).
2026-02-27 02:44:54,992 - INFO - Configured Intra-op threads = 1
2026-02-27 02:44:54,992 - INFO - Configured Inter-op threads = 1
2026-02-27 02:44:54,992 - INFO - TensorFlow: No GPUs visible; TF will proceed on CPU.
2026-02-27 02:44:54,992 - INFO - 
2026-02-27 02:45:00,577 - INFO - Ray Successfully Initialized with 4 CPU(s) ([0, 1, 2, 3] CPU Affinity Binding).
2026-02-27 02:45:00,577 - INFO - Analyzing 1 time chunk(s) from 2025-01-16 11:42:38 to 2025-01-16 11:43:38 (dt=1min, overlap=0min).
2026-02-27 02:45:00,577 - INFO - Using 1 selected station(s).
2026-02-27 02:45:00,577 - INFO - 
2026-02-27 02:45:00,577 - INFO - ------- Starting EQCCTPro... -------
2026-02-27 02:45:00,577 - INFO - Detailed subprocess information can be found in the log file.
2026-02-27 02:45:00,578 - INFO - 
2026-02-27 02:45:00,943 - INFO - GPU disabled (CPU-only).
2026-02-27 02:45:02,457 - INFO - Configured Intra-op threads = 1
2026-02-27 02:45:02,460 - INFO - Configured Inter-op threads = 1
2026-02-27 02:45:02,499 - INFO - TensorFlow: No GPUs visible; TF will proceed on CPU.
2026-02-27 02:45:02,501 - INFO - 
2026-02-27 02:45:02,503 - INFO - ------- Hardware Configuration -------
2026-02-27 02:45:02,505 - INFO - CPU affinity set to cores: [0, 1, 2, 3]
2026-02-27 02:45:02,506 - INFO - 
2026-02-27 02:45:02,509 - INFO - ------- Data Preprocessing for EQCCTPro -------
2026-02-27 02:45:02,510 - INFO - 1 station(s) in /home/blackwinter/projects/eqcct/eqcctpro/data/waveforms_explosions_nonoise/20250116T114238Z_20250116T114338Z
2026-02-27 02:45:02,512 - INFO - Using 1 selected station(s): ['RAF'].
2026-02-27 02:45:02,515 - INFO - Creating model actor(s)...
2026-02-27 02:45:02,517 - INFO - System RAM: Total=7870 MB, Available=2700 MB
2026-02-27 02:45:02,519 - INFO - Usable RAM budget: 7083 MB (90% of total)
2026-02-27 02:45:02,521 - INFO - ===== MEMORY-AWARE CPU ACTOR POOL (EQCCT) =====
2026-02-27 02:45:02,523 - INFO - Requested concurrent tasks: 1
2026-02-27 02:45:02,525 - INFO - Available CPUs: 4
2026-02-27 02:45:02,526 - INFO - Available RAM: 7083 MB
2026-02-27 02:45:02,528 - INFO - RAM per model: 2264 MB
2026-02-27 02:45:02,530 - INFO - Max actors by RAM: 3
2026-02-27 02:45:02,532 - INFO - Creating 1 ModelActor(s)
2026-02-27 02:45:02,534 - INFO - Let Ray handle scheduling (taskset already restricts CPU visibility)
2026-02-27 02:45:02,536 - INFO - Creating ModelActor 1/1 (2.21GB RAM each)...
2026-02-27 02:45:06,358 - INFO - ModelActor 1 created successfully.
2026-02-27 02:45:06,360 - INFO - Created 1 CPU actor(s). Task queue will handle concurrency.
2026-02-27 02:45:06,362 - INFO - Starting EQCCTPro parallelized waveform processing...
2026-02-27 02:45:06,364 - INFO - 
2026-02-27 02:45:06,366 - INFO - ------- Analyzing Seismic Waveforms for P and S Picks via EQCCT -------
2026-02-27 02:45:06,368 - INFO - Analyzing 0:01:00 minute timechunk from 2025-01-16 11:42:38 to 2025-01-16 11:43:38 (0 min overlap)
2026-02-27 02:45:06,370 - INFO - Processing a total of 1 stations, 1 at a time.
2026-02-27 02:45:10,597 - INFO - (1/1) RAF: Finished the prediction in 2.35s. (HP=1.0, LP=45.0)
2026-02-27 02:45:10,605 - INFO - 
2026-02-27 02:45:10,607 - INFO - ------- Parallel Station Waveform Processing Complete For 2025-01-16 11:42:38 to 2025-01-16 11:43:38 Timechunk-------
2026-02-27 02:45:10,615 - INFO - Successfully ran EQCCTPro, exiting...
2026-02-27 02:45:10,610 - INFO - Picks saved at /home/blackwinter/projects/eqcct/eqcctpro/results/csv/bm_explosions/20250116T114238Z_20250116T114338ZProcess Runtime: 4.24 s
2026-02-27 02:45:12,510 - INFO - Ray Successfully Shutdown.
2026-02-27 02:45:12,511 - INFO - ------- Successfully Picked All Waveform(s) from all Timechunk(s) -------
2026-02-27 09:41:11,273 - INFO - 
2026-02-27 09:41:11,279 - INFO - ------- Welcome to EQCCTPro -------
2026-02-27 09:41:11,279 - INFO - 
2026-02-27 09:41:11,280 - INFO - Running EQCCT over Requested MSeed Files using CPU(s)...
2026-02-27 09:41:11,280 - INFO - GPU disabled (CPU-only).
2026-02-27 09:41:11,281 - INFO - Configured Intra-op threads = 1
2026-02-27 09:41:11,281 - INFO - Configured Inter-op threads = 1
2026-02-27 09:41:11,281 - INFO - TensorFlow: No GPUs visible; TF will proceed on CPU.
2026-02-27 09:41:11,281 - INFO - 
2026-02-27 09:41:16,498 - INFO - Ray Successfully Initialized with 4 CPU(s) ([0, 1, 2, 3] CPU Affinity Binding).
2026-02-27 09:41:16,499 - INFO - Analyzing 1 time chunk(s) from 2025-01-16 11:42:38 to 2025-01-16 11:43:38 (dt=1min, overlap=0min).
2026-02-27 09:41:16,499 - INFO - Using 1 selected station(s).
2026-02-27 09:41:16,499 - INFO - 
2026-02-27 09:41:16,499 - INFO - ------- Starting EQCCTPro... -------
2026-02-27 09:41:16,499 - INFO - Detailed subprocess information can be found in the log file.
2026-02-27 09:41:16,499 - INFO - 
2026-02-27 09:41:16,878 - INFO - GPU disabled (CPU-only).
2026-02-27 09:41:18,413 - INFO - Configured Intra-op threads = 1
2026-02-27 09:41:18,415 - INFO - Configured Inter-op threads = 1
2026-02-27 09:41:18,459 - INFO - TensorFlow: No GPUs visible; TF will proceed on CPU.
2026-02-27 09:41:18,461 - INFO - 
2026-02-27 09:41:18,464 - INFO - ------- Hardware Configuration -------
2026-02-27 09:41:18,466 - INFO - CPU affinity set to cores: [0, 1, 2, 3]
2026-02-27 09:41:18,469 - INFO - 
2026-02-27 09:41:18,471 - INFO - ------- Data Preprocessing for EQCCTPro -------
2026-02-27 09:41:18,473 - INFO - 1 station(s) in /home/blackwinter/projects/eqcct/eqcctpro/data/waveforms_explosions_nonoise/20250116T114238Z_20250116T114338Z
2026-02-27 09:41:18,475 - INFO - Using 1 selected station(s): ['RAF'].
2026-02-27 09:41:18,477 - INFO - Creating model actor(s)...
2026-02-27 09:41:18,479 - INFO - System RAM: Total=7870 MB, Available=2706 MB
2026-02-27 09:41:18,482 - INFO - Usable RAM budget: 7083 MB (90% of total)
2026-02-27 09:41:18,484 - INFO - ===== MEMORY-AWARE CPU ACTOR POOL (EQCCT) =====
2026-02-27 09:41:18,486 - INFO - Requested concurrent tasks: 1
2026-02-27 09:41:18,488 - INFO - Available CPUs: 4
2026-02-27 09:41:18,490 - INFO - Available RAM: 7083 MB
2026-02-27 09:41:18,492 - INFO - RAM per model: 2264 MB
2026-02-27 09:41:18,494 - INFO - Max actors by RAM: 3
2026-02-27 09:41:18,495 - INFO - Creating 1 ModelActor(s)
2026-02-27 09:41:18,497 - INFO - Let Ray handle scheduling (taskset already restricts CPU visibility)
2026-02-27 09:41:18,499 - INFO - Creating ModelActor 1/1 (2.21GB RAM each)...
2026-02-27 09:41:22,423 - INFO - ModelActor 1 created successfully.
2026-02-27 09:41:22,426 - INFO - Created 1 CPU actor(s). Task queue will handle concurrency.
2026-02-27 09:41:22,428 - INFO - Starting EQCCTPro parallelized waveform processing...
2026-02-27 09:41:22,430 - INFO - 
2026-02-27 09:41:22,432 - INFO - ------- Analyzing Seismic Waveforms for P and S Picks via EQCCT -------
2026-02-27 09:41:22,435 - INFO - Analyzing 0:01:00 minute timechunk from 2025-01-16 11:42:38 to 2025-01-16 11:43:38 (0 min overlap)
2026-02-27 09:41:22,437 - INFO - Processing a total of 1 stations, 1 at a time.
2026-02-27 09:41:24,328 - INFO - (1/1) RAF: Skipped (already exists - overwrite=False).
2026-02-27 09:41:24,330 - INFO - 
2026-02-27 09:41:24,332 - INFO - ------- Parallel Station Waveform Processing Complete For 2025-01-16 11:42:38 to 2025-01-16 11:43:38 Timechunk-------
2026-02-27 09:41:24,337 - INFO - Successfully ran EQCCTPro, exiting...
2026-02-27 09:41:24,334 - INFO - Picks saved at /home/blackwinter/projects/eqcct/eqcctpro/results/csv/bm_explosions/20250116T114238Z_20250116T114338ZProcess Runtime: 1.90 s
2026-02-27 09:41:26,124 - INFO - Ray Successfully Shutdown.
2026-02-27 09:41:26,124 - INFO - ------- Successfully Picked All Waveform(s) from all Timechunk(s) -------
