2026-02-27 02:52:19,291 - INFO - 
2026-02-27 02:52:19,292 - INFO - ------- Welcome to EQCCTPro -------
2026-02-27 02:52:19,292 - INFO - 
2026-02-27 02:52:19,292 - INFO - Running EQCCT over Requested MSeed Files using CPU(s)...
2026-02-27 02:52:19,292 - INFO - GPU disabled (CPU-only).
2026-02-27 02:52:19,293 - INFO - Configured Intra-op threads = 1
2026-02-27 02:52:19,293 - INFO - Configured Inter-op threads = 1
2026-02-27 02:52:19,293 - INFO - TensorFlow: No GPUs visible; TF will proceed on CPU.
2026-02-27 02:52:19,293 - INFO - 
2026-02-27 02:52:24,779 - INFO - Ray Successfully Initialized with 4 CPU(s) ([0, 1, 2, 3] CPU Affinity Binding).
2026-02-27 02:52:24,780 - INFO - Analyzing 1 time chunk(s) from 2025-01-16 12:04:28 to 2025-01-16 12:05:28 (dt=1min, overlap=0min).
2026-02-27 02:52:24,780 - INFO - Using 1 selected station(s).
2026-02-27 02:52:24,780 - INFO - 
2026-02-27 02:52:24,780 - INFO - ------- Starting EQCCTPro... -------
2026-02-27 02:52:24,780 - INFO - Detailed subprocess information can be found in the log file.
2026-02-27 02:52:24,781 - INFO - 
2026-02-27 02:52:25,225 - INFO - GPU disabled (CPU-only).
2026-02-27 02:52:26,852 - INFO - Configured Intra-op threads = 1
2026-02-27 02:52:26,855 - INFO - Configured Inter-op threads = 1
2026-02-27 02:52:26,901 - INFO - TensorFlow: No GPUs visible; TF will proceed on CPU.
2026-02-27 02:52:26,904 - INFO - 
2026-02-27 02:52:26,906 - INFO - ------- Hardware Configuration -------
2026-02-27 02:52:26,909 - INFO - CPU affinity set to cores: [0, 1, 2, 3]
2026-02-27 02:52:26,910 - INFO - 
2026-02-27 02:52:26,913 - INFO - ------- Data Preprocessing for EQCCTPro -------
2026-02-27 02:52:26,915 - INFO - 1 station(s) in /home/blackwinter/projects/eqcct/eqcctpro/data/waveforms_explosions_nonoise/20250116T120428Z_20250116T120528Z
2026-02-27 02:52:26,917 - INFO - Using 1 selected station(s): ['KPF'].
2026-02-27 02:52:26,919 - INFO - Creating model actor(s)...
2026-02-27 02:52:26,921 - INFO - System RAM: Total=7870 MB, Available=2720 MB
2026-02-27 02:52:26,923 - INFO - Usable RAM budget: 7083 MB (90% of total)
2026-02-27 02:52:26,925 - INFO - ===== MEMORY-AWARE CPU ACTOR POOL (EQCCT) =====
2026-02-27 02:52:26,927 - INFO - Requested concurrent tasks: 1
2026-02-27 02:52:26,930 - INFO - Available CPUs: 4
2026-02-27 02:52:26,932 - INFO - Available RAM: 7083 MB
2026-02-27 02:52:26,934 - INFO - RAM per model: 2264 MB
2026-02-27 02:52:26,936 - INFO - Max actors by RAM: 3
2026-02-27 02:52:26,939 - INFO - Creating 1 ModelActor(s)
2026-02-27 02:52:26,941 - INFO - Let Ray handle scheduling (taskset already restricts CPU visibility)
2026-02-27 02:52:26,943 - INFO - Creating ModelActor 1/1 (2.21GB RAM each)...
2026-02-27 02:52:30,851 - INFO - ModelActor 1 created successfully.
2026-02-27 02:52:30,853 - INFO - Created 1 CPU actor(s). Task queue will handle concurrency.
2026-02-27 02:52:30,855 - INFO - Starting EQCCTPro parallelized waveform processing...
2026-02-27 02:52:30,857 - INFO - 
2026-02-27 02:52:30,860 - INFO - ------- Analyzing Seismic Waveforms for P and S Picks via EQCCT -------
2026-02-27 02:52:30,863 - INFO - Analyzing 0:01:00 minute timechunk from 2025-01-16 12:04:28 to 2025-01-16 12:05:28 (0 min overlap)
2026-02-27 02:52:30,865 - INFO - Processing a total of 1 stations, 1 at a time.
2026-02-27 02:52:34,850 - INFO - (1/1) KPF: Finished the prediction in 2.12s. (HP=1.0, LP=45.0)
2026-02-27 02:52:34,852 - INFO - 
2026-02-27 02:52:34,853 - INFO - ------- Parallel Station Waveform Processing Complete For 2025-01-16 12:04:28 to 2025-01-16 12:05:28 Timechunk-------
2026-02-27 02:52:34,855 - INFO - Picks saved at /home/blackwinter/projects/eqcct/eqcctpro/results/csv/bm_explosions/20250116T120428Z_20250116T120528ZProcess Runtime: 4.00 s
2026-02-27 02:52:34,859 - INFO - Successfully ran EQCCTPro, exiting...
2026-02-27 02:52:36,543 - INFO - Ray Successfully Shutdown.
2026-02-27 02:52:36,543 - INFO - ------- Successfully Picked All Waveform(s) from all Timechunk(s) -------
2026-02-27 09:47:35,761 - INFO - 
2026-02-27 09:47:35,762 - INFO - ------- Welcome to EQCCTPro -------
2026-02-27 09:47:35,762 - INFO - 
2026-02-27 09:47:35,763 - INFO - Running EQCCT over Requested MSeed Files using CPU(s)...
2026-02-27 09:47:35,763 - INFO - GPU disabled (CPU-only).
2026-02-27 09:47:35,763 - INFO - Configured Intra-op threads = 1
2026-02-27 09:47:35,763 - INFO - Configured Inter-op threads = 1
2026-02-27 09:47:35,763 - INFO - TensorFlow: No GPUs visible; TF will proceed on CPU.
2026-02-27 09:47:35,763 - INFO - 
2026-02-27 09:47:41,054 - INFO - Ray Successfully Initialized with 4 CPU(s) ([0, 1, 2, 3] CPU Affinity Binding).
2026-02-27 09:47:41,054 - INFO - Analyzing 1 time chunk(s) from 2025-01-16 12:04:28 to 2025-01-16 12:05:28 (dt=1min, overlap=0min).
2026-02-27 09:47:41,054 - INFO - Using 1 selected station(s).
2026-02-27 09:47:41,054 - INFO - 
2026-02-27 09:47:41,055 - INFO - ------- Starting EQCCTPro... -------
2026-02-27 09:47:41,055 - INFO - Detailed subprocess information can be found in the log file.
2026-02-27 09:47:41,055 - INFO - 
2026-02-27 09:47:41,406 - INFO - GPU disabled (CPU-only).
2026-02-27 09:47:42,914 - INFO - Configured Intra-op threads = 1
2026-02-27 09:47:42,917 - INFO - Configured Inter-op threads = 1
2026-02-27 09:47:42,954 - INFO - TensorFlow: No GPUs visible; TF will proceed on CPU.
2026-02-27 09:47:42,956 - INFO - 
2026-02-27 09:47:42,958 - INFO - ------- Hardware Configuration -------
2026-02-27 09:47:42,960 - INFO - CPU affinity set to cores: [0, 1, 2, 3]
2026-02-27 09:47:42,962 - INFO - 
2026-02-27 09:47:42,963 - INFO - ------- Data Preprocessing for EQCCTPro -------
2026-02-27 09:47:42,965 - INFO - 1 station(s) in /home/blackwinter/projects/eqcct/eqcctpro/data/waveforms_explosions_nonoise/20250116T120428Z_20250116T120528Z
2026-02-27 09:47:42,967 - INFO - Using 1 selected station(s): ['KPF'].
2026-02-27 09:47:42,969 - INFO - Creating model actor(s)...
2026-02-27 09:47:42,971 - INFO - System RAM: Total=7870 MB, Available=2786 MB
2026-02-27 09:47:42,972 - INFO - Usable RAM budget: 7083 MB (90% of total)
2026-02-27 09:47:42,974 - INFO - ===== MEMORY-AWARE CPU ACTOR POOL (EQCCT) =====
2026-02-27 09:47:42,976 - INFO - Requested concurrent tasks: 1
2026-02-27 09:47:42,978 - INFO - Available CPUs: 4
2026-02-27 09:47:42,980 - INFO - Available RAM: 7083 MB
2026-02-27 09:47:42,981 - INFO - RAM per model: 2264 MB
2026-02-27 09:47:42,983 - INFO - Max actors by RAM: 3
2026-02-27 09:47:42,985 - INFO - Creating 1 ModelActor(s)
2026-02-27 09:47:42,987 - INFO - Let Ray handle scheduling (taskset already restricts CPU visibility)
2026-02-27 09:47:42,988 - INFO - Creating ModelActor 1/1 (2.21GB RAM each)...
2026-02-27 09:47:46,865 - INFO - ModelActor 1 created successfully.
2026-02-27 09:47:46,867 - INFO - Created 1 CPU actor(s). Task queue will handle concurrency.
2026-02-27 09:47:46,870 - INFO - Starting EQCCTPro parallelized waveform processing...
2026-02-27 09:47:46,873 - INFO - 
2026-02-27 09:47:46,875 - INFO - ------- Analyzing Seismic Waveforms for P and S Picks via EQCCT -------
2026-02-27 09:47:46,877 - INFO - Analyzing 0:01:00 minute timechunk from 2025-01-16 12:04:28 to 2025-01-16 12:05:28 (0 min overlap)
2026-02-27 09:47:46,879 - INFO - Processing a total of 1 stations, 1 at a time.
2026-02-27 09:47:48,788 - INFO - (1/1) KPF: Skipped (already exists - overwrite=False).
2026-02-27 09:47:48,791 - INFO - 
2026-02-27 09:47:48,793 - INFO - ------- Parallel Station Waveform Processing Complete For 2025-01-16 12:04:28 to 2025-01-16 12:05:28 Timechunk-------
2026-02-27 09:47:48,795 - INFO - Picks saved at /home/blackwinter/projects/eqcct/eqcctpro/results/csv/bm_explosions/20250116T120428Z_20250116T120528ZProcess Runtime: 1.92 s
2026-02-27 09:47:48,800 - INFO - Successfully ran EQCCTPro, exiting...
2026-02-27 09:47:50,308 - INFO - Ray Successfully Shutdown.
2026-02-27 09:47:50,308 - INFO - ------- Successfully Picked All Waveform(s) from all Timechunk(s) -------
