2026-03-10 19:33:20,047 - INFO - 
2026-03-10 19:33:20,047 - INFO - ------- Welcome to EQCCTPro -------
2026-03-10 19:33:20,047 - INFO - 
2026-03-10 19:33:20,048 - INFO - Running EQCCT over Requested MSeed Files using CPU(s)...
2026-03-10 19:33:20,048 - INFO - GPU disabled (CPU-only).
2026-03-10 19:33:20,048 - INFO - Configured Intra-op threads = 1
2026-03-10 19:33:20,049 - INFO - Configured Inter-op threads = 1
2026-03-10 19:33:20,049 - INFO - TensorFlow: No GPUs visible; TF will proceed on CPU.
2026-03-10 19:33:20,049 - INFO - 
2026-03-10 19:33:25,413 - INFO - Ray Successfully Initialized with 4 CPU(s) ([0, 1, 2, 3] CPU Affinity Binding).
2026-03-10 19:33:25,413 - INFO - Analyzing 1 time chunk(s) from 2025-01-04 16:27:09 to 2025-01-04 16:28:09 (dt=1min, overlap=0min).
2026-03-10 19:33:25,414 - INFO - Using 1 selected station(s).
2026-03-10 19:33:25,414 - INFO - 
2026-03-10 19:33:25,414 - INFO - ------- Starting EQCCTPro... -------
2026-03-10 19:33:25,414 - INFO - Detailed subprocess information can be found in the log file.
2026-03-10 19:33:25,414 - INFO - 
2026-03-10 19:33:25,813 - INFO - GPU disabled (CPU-only).
2026-03-10 19:33:27,336 - INFO - Configured Intra-op threads = 1
2026-03-10 19:33:27,339 - INFO - Configured Inter-op threads = 1
2026-03-10 19:33:27,378 - INFO - TensorFlow: No GPUs visible; TF will proceed on CPU.
2026-03-10 19:33:27,380 - INFO - 
2026-03-10 19:33:27,382 - INFO - ------- Hardware Configuration -------
2026-03-10 19:33:27,384 - INFO - CPU affinity set to cores: [0, 1, 2, 3]
2026-03-10 19:33:27,386 - INFO - 
2026-03-10 19:33:27,389 - INFO - ------- Data Preprocessing for EQCCTPro -------
2026-03-10 19:33:27,391 - INFO - 1 station(s) in /home/blackwinter/projects/eqcct/eqcctpro/data/waveforms_noise_only/20250104T162709Z_20250104T162809Z
2026-03-10 19:33:27,394 - INFO - Using 1 selected station(s): ['RAF'].
2026-03-10 19:33:27,396 - INFO - Creating model actor(s)...
2026-03-10 19:33:27,398 - INFO - System RAM: Total=7870 MB, Available=3609 MB
2026-03-10 19:33:27,400 - INFO - Usable RAM budget: 7083 MB (90% of total)
2026-03-10 19:33:27,403 - INFO - ===== MEMORY-AWARE CPU ACTOR POOL (EQCCT) =====
2026-03-10 19:33:27,405 - INFO - Requested concurrent tasks: 1
2026-03-10 19:33:27,407 - INFO - Available CPUs: 4
2026-03-10 19:33:27,410 - INFO - Available RAM: 7083 MB
2026-03-10 19:33:27,412 - INFO - RAM per model: 2264 MB
2026-03-10 19:33:27,414 - INFO - Max actors by RAM: 3
2026-03-10 19:33:27,416 - INFO - Creating 1 ModelActor(s)
2026-03-10 19:33:27,419 - INFO - Let Ray handle scheduling (taskset already restricts CPU visibility)
2026-03-10 19:33:27,421 - INFO - Creating ModelActor 1/1 (2.21GB RAM each)...
2026-03-10 19:33:31,413 - INFO - ModelActor 1 created successfully.
2026-03-10 19:33:31,415 - INFO - Created 1 CPU actor(s). Task queue will handle concurrency.
2026-03-10 19:33:31,418 - INFO - Starting EQCCTPro parallelized waveform processing...
2026-03-10 19:33:31,420 - INFO - 
2026-03-10 19:33:31,423 - INFO - ------- Analyzing Seismic Waveforms for P and S Picks via EQCCT -------
2026-03-10 19:33:31,426 - INFO - Analyzing 0:01:00 minute timechunk from 2025-01-04 16:27:09 to 2025-01-04 16:28:09 (0 min overlap)
2026-03-10 19:33:31,427 - INFO - Processing a total of 1 stations, 1 at a time.
2026-03-10 19:33:35,604 - INFO - (1/1) RAF: Finished the prediction in 2.27s. (HP=1.0, LP=45.0)
2026-03-10 19:33:35,609 - INFO - 
2026-03-10 19:33:35,611 - INFO - ------- Parallel Station Waveform Processing Complete For 2025-01-04 16:27:09 to 2025-01-04 16:28:09 Timechunk-------
2026-03-10 19:33:35,618 - INFO - Successfully ran EQCCTPro, exiting...
2026-03-10 19:33:35,614 - INFO - Picks saved at /home/blackwinter/projects/eqcct/eqcctpro/results/csv/bm_noise_only/20250104T162709Z_20250104T162809ZProcess Runtime: 4.19 s
2026-03-10 19:33:37,048 - INFO - Ray Successfully Shutdown.
2026-03-10 19:33:37,049 - INFO - ------- Successfully Picked All Waveform(s) from all Timechunk(s) -------
2026-03-11 10:47:03,598 - INFO - 
2026-03-11 10:47:03,604 - INFO - ------- Welcome to EQCCTPro -------
2026-03-11 10:47:03,604 - INFO - 
2026-03-11 10:47:03,605 - INFO - Running EQCCT over Requested MSeed Files using CPU(s)...
2026-03-11 10:47:03,605 - INFO - GPU disabled (CPU-only).
2026-03-11 10:47:03,606 - INFO - Configured Intra-op threads = 1
2026-03-11 10:47:03,606 - INFO - Configured Inter-op threads = 1
2026-03-11 10:47:03,606 - INFO - TensorFlow: No GPUs visible; TF will proceed on CPU.
2026-03-11 10:47:03,606 - INFO - 
2026-03-11 10:47:09,028 - INFO - Ray Successfully Initialized with 4 CPU(s) ([0, 1, 2, 3] CPU Affinity Binding).
2026-03-11 10:47:09,029 - INFO - Analyzing 1 time chunk(s) from 2025-01-04 16:27:09 to 2025-01-04 16:28:09 (dt=1min, overlap=0min).
2026-03-11 10:47:09,029 - INFO - Using 1 selected station(s).
2026-03-11 10:47:09,029 - INFO - 
2026-03-11 10:47:09,029 - INFO - ------- Starting EQCCTPro... -------
2026-03-11 10:47:09,029 - INFO - Detailed subprocess information can be found in the log file.
2026-03-11 10:47:09,029 - INFO - 
2026-03-11 10:47:09,392 - INFO - GPU disabled (CPU-only).
2026-03-11 10:47:10,922 - INFO - Configured Intra-op threads = 1
2026-03-11 10:47:10,925 - INFO - Configured Inter-op threads = 1
2026-03-11 10:47:10,967 - INFO - TensorFlow: No GPUs visible; TF will proceed on CPU.
2026-03-11 10:47:10,969 - INFO - 
2026-03-11 10:47:10,971 - INFO - ------- Hardware Configuration -------
2026-03-11 10:47:10,973 - INFO - CPU affinity set to cores: [0, 1, 2, 3]
2026-03-11 10:47:10,975 - INFO - 
2026-03-11 10:47:10,977 - INFO - ------- Data Preprocessing for EQCCTPro -------
2026-03-11 10:47:10,979 - INFO - 1 station(s) in /home/blackwinter/projects/eqcct/eqcctpro/data/waveforms_noise_only/20250104T162709Z_20250104T162809Z
2026-03-11 10:47:10,980 - INFO - Using 1 selected station(s): ['RAF'].
2026-03-11 10:47:10,982 - INFO - Creating model actor(s)...
2026-03-11 10:47:10,984 - INFO - System RAM: Total=7870 MB, Available=4404 MB
2026-03-11 10:47:10,986 - INFO - Usable RAM budget: 7083 MB (90% of total)
2026-03-11 10:47:10,988 - INFO - ===== MEMORY-AWARE CPU ACTOR POOL (EQCCT) =====
2026-03-11 10:47:10,990 - INFO - Requested concurrent tasks: 1
2026-03-11 10:47:10,992 - INFO - Available CPUs: 4
2026-03-11 10:47:10,994 - INFO - Available RAM: 7083 MB
2026-03-11 10:47:10,996 - INFO - RAM per model: 2264 MB
2026-03-11 10:47:10,997 - INFO - Max actors by RAM: 3
2026-03-11 10:47:10,999 - INFO - Creating 1 ModelActor(s)
2026-03-11 10:47:11,002 - INFO - Let Ray handle scheduling (taskset already restricts CPU visibility)
2026-03-11 10:47:11,004 - INFO - Creating ModelActor 1/1 (2.21GB RAM each)...
2026-03-11 10:47:14,958 - INFO - ModelActor 1 created successfully.
2026-03-11 10:47:14,960 - INFO - Created 1 CPU actor(s). Task queue will handle concurrency.
2026-03-11 10:47:14,962 - INFO - Starting EQCCTPro parallelized waveform processing...
2026-03-11 10:47:14,964 - INFO - 
2026-03-11 10:47:14,965 - INFO - ------- Analyzing Seismic Waveforms for P and S Picks via EQCCT -------
2026-03-11 10:47:14,968 - INFO - Analyzing 0:01:00 minute timechunk from 2025-01-04 16:27:09 to 2025-01-04 16:28:09 (0 min overlap)
2026-03-11 10:47:14,970 - INFO - Processing a total of 1 stations, 1 at a time.
2026-03-11 10:47:16,917 - INFO - (1/1) RAF: Skipped (already exists - overwrite=False).
2026-03-11 10:47:16,919 - INFO - 
2026-03-11 10:47:16,922 - INFO - ------- Parallel Station Waveform Processing Complete For 2025-01-04 16:27:09 to 2025-01-04 16:28:09 Timechunk-------
2026-03-11 10:47:16,924 - INFO - Picks saved at /home/blackwinter/projects/eqcct/eqcctpro/results/csv/bm_noise_only/20250104T162709Z_20250104T162809ZProcess Runtime: 1.96 s
2026-03-11 10:47:16,930 - INFO - Successfully ran EQCCTPro, exiting...
2026-03-11 10:47:18,428 - INFO - Ray Successfully Shutdown.
2026-03-11 10:47:18,429 - INFO - ------- Successfully Picked All Waveform(s) from all Timechunk(s) -------
