2026-03-27 20:59:15,081 - INFO - 
2026-03-27 20:59:15,081 - INFO - ------- Welcome to EQCCTPro -------
2026-03-27 20:59:15,081 - INFO - 
2026-03-27 20:59:15,082 - INFO - Running EQCCT over Requested MSeed Files using CPU(s)...
2026-03-27 20:59:15,082 - INFO - GPU disabled (CPU-only).
2026-03-27 20:59:15,082 - INFO - Skipping framework-specific initialization in the driver process.
2026-03-27 20:59:17,447 - INFO - Ray Successfully Initialized with 4 CPU(s) ([0, 1, 2, 3] CPU Affinity Binding).
2026-03-27 20:59:17,448 - INFO - Analyzing 1 time chunk(s) from 2025-09-15 10:17:23 to 2025-09-15 10:18:23 (dt=1min, overlap=0min).
2026-03-27 20:59:17,448 - INFO - Using 1 selected station(s).
2026-03-27 20:59:17,448 - INFO - 
2026-03-27 20:59:17,448 - INFO - ------- Starting EQCCTPro... -------
2026-03-27 20:59:17,449 - INFO - Detailed subprocess information can be found in the log file.
2026-03-27 20:59:17,449 - INFO - 
2026-03-27 20:59:17,720 - INFO - GPU disabled (CPU-only).
2026-03-27 20:59:17,724 - INFO - Skipping framework-specific initialization in the driver process.
2026-03-27 20:59:17,727 - INFO - ------- Hardware Configuration -------
2026-03-27 20:59:17,730 - INFO - CPU affinity set to cores: [0, 1, 2, 3]
2026-03-27 20:59:17,733 - INFO - 
2026-03-27 20:59:17,735 - INFO - ------- Data Preprocessing for EQCCTPro -------
2026-03-27 20:59:17,738 - INFO - 1 station(s) in /home/blackwinter/projects/eqcct/eqcctpro/data/waveforms_earthquakes_nonoise/20250915T101723Z_20250915T101823Z
2026-03-27 20:59:17,740 - INFO - Using 1 selected station(s): ['KLF'].
2026-03-27 20:59:17,742 - INFO - Creating model actor(s)...
2026-03-27 20:59:17,745 - INFO - System RAM: Total=7870 MB, Available=5089 MB
2026-03-27 20:59:17,747 - INFO - Usable RAM budget: 7083 MB (90% of total)
2026-03-27 20:59:17,749 - INFO - ===== MEMORY-AWARE CPU ACTOR POOL =====
2026-03-27 20:59:17,752 - INFO - Requested concurrent tasks: 1
2026-03-27 20:59:17,754 - INFO - Available CPUs: 4
2026-03-27 20:59:17,757 - INFO - Available RAM: 7083 MB
2026-03-27 20:59:17,759 - INFO - RAM per model: 2060 MB
2026-03-27 20:59:17,762 - INFO - Max actors by RAM: 3
2026-03-27 20:59:17,764 - INFO - Creating 1 SeisBenchModelActor(s)
2026-03-27 20:59:17,767 - INFO - Let Ray handle scheduling (taskset already restricts CPU visibility)
2026-03-27 20:59:17,769 - INFO - Creating SeisBenchModelActor 1/1 (2.01GB RAM each)...
2026-03-27 20:59:21,348 - INFO - SeisBenchModelActor 1 created successfully.
2026-03-27 20:59:21,352 - INFO - Created 1 CPU actor(s). Task queue will handle concurrency.
2026-03-27 20:59:21,355 - INFO - Starting EQCCTPro parallelized waveform processing...
2026-03-27 20:59:21,358 - INFO - 
2026-03-27 20:59:21,360 - INFO - ------- Analyzing Seismic Waveforms for P and S Picks via SeisBench (EQTransformer - original_nonconservative) -------
2026-03-27 20:59:21,363 - INFO - Analyzing 0:01:00 minute timechunk from 2025-09-15 10:17:23 to 2025-09-15 10:18:23 (0 min overlap)
2026-03-27 20:59:21,365 - INFO - Processing a total of 1 stations, 1 at a time.
2026-03-27 20:59:23,582 - INFO - (1/1) KLF: Finished the prediction in 0.14s. (HP=1.0, LP=45.0, picks=2)
2026-03-27 20:59:23,584 - INFO - 
2026-03-27 20:59:23,586 - INFO - ------- Parallel Station Waveform Processing Complete For 2025-09-15 10:17:23 to 2025-09-15 10:18:23 Timechunk-------
2026-03-27 20:59:23,589 - INFO - Picks saved at /home/blackwinter/projects/eqcct/eqcctpro/results/csv/eqt_earthquakes_th0_1/20250915T101723Z_20250915T101823ZProcess Runtime: 2.23 s
2026-03-27 20:59:23,594 - INFO - Successfully ran EQCCTPro, exiting...
2026-03-27 20:59:25,619 - INFO - Ray Successfully Shutdown.
2026-03-27 20:59:25,619 - INFO - ------- Successfully Picked All Waveform(s) from all Timechunk(s) -------
2026-03-28 03:12:42,957 - INFO - 
2026-03-28 03:12:42,958 - INFO - ------- Welcome to EQCCTPro -------
2026-03-28 03:12:42,958 - INFO - 
2026-03-28 03:12:42,958 - INFO - Running EQCCT over Requested MSeed Files using CPU(s)...
2026-03-28 03:12:42,959 - INFO - GPU disabled (CPU-only).
2026-03-28 03:12:42,959 - INFO - Skipping framework-specific initialization in the driver process.
2026-03-28 03:12:45,391 - INFO - Ray Successfully Initialized with 4 CPU(s) ([0, 1, 2, 3] CPU Affinity Binding).
2026-03-28 03:12:45,391 - INFO - Analyzing 1 time chunk(s) from 2025-09-15 10:17:23 to 2025-09-15 10:18:23 (dt=1min, overlap=0min).
2026-03-28 03:12:45,391 - INFO - Using 1 selected station(s).
2026-03-28 03:12:45,392 - INFO - 
2026-03-28 03:12:45,392 - INFO - ------- Starting EQCCTPro... -------
2026-03-28 03:12:45,392 - INFO - Detailed subprocess information can be found in the log file.
2026-03-28 03:12:45,392 - INFO - 
2026-03-28 03:12:45,704 - INFO - GPU disabled (CPU-only).
2026-03-28 03:12:45,710 - INFO - Skipping framework-specific initialization in the driver process.
2026-03-28 03:12:45,713 - INFO - ------- Hardware Configuration -------
2026-03-28 03:12:45,716 - INFO - CPU affinity set to cores: [0, 1, 2, 3]
2026-03-28 03:12:45,718 - INFO - 
2026-03-28 03:12:45,721 - INFO - ------- Data Preprocessing for EQCCTPro -------
2026-03-28 03:12:45,723 - INFO - 1 station(s) in /home/blackwinter/projects/eqcct/eqcctpro/data/waveforms_earthquakes_nonoise/20250915T101723Z_20250915T101823Z
2026-03-28 03:12:45,726 - INFO - Using 1 selected station(s): ['KLF'].
2026-03-28 03:12:45,728 - INFO - Creating model actor(s)...
2026-03-28 03:12:45,731 - INFO - System RAM: Total=7870 MB, Available=5688 MB
2026-03-28 03:12:45,734 - INFO - Usable RAM budget: 7083 MB (90% of total)
2026-03-28 03:12:45,736 - INFO - ===== MEMORY-AWARE CPU ACTOR POOL =====
2026-03-28 03:12:45,739 - INFO - Requested concurrent tasks: 1
2026-03-28 03:12:45,742 - INFO - Available CPUs: 4
2026-03-28 03:12:45,744 - INFO - Available RAM: 7083 MB
2026-03-28 03:12:45,746 - INFO - RAM per model: 2060 MB
2026-03-28 03:12:45,749 - INFO - Max actors by RAM: 3
2026-03-28 03:12:45,751 - INFO - Creating 1 SeisBenchModelActor(s)
2026-03-28 03:12:45,753 - INFO - Let Ray handle scheduling (taskset already restricts CPU visibility)
2026-03-28 03:12:45,757 - INFO - Creating SeisBenchModelActor 1/1 (2.01GB RAM each)...
2026-03-28 03:12:49,174 - INFO - SeisBenchModelActor 1 created successfully.
2026-03-28 03:12:49,176 - INFO - Created 1 CPU actor(s). Task queue will handle concurrency.
2026-03-28 03:12:49,178 - INFO - Starting EQCCTPro parallelized waveform processing...
2026-03-28 03:12:49,180 - INFO - 
2026-03-28 03:12:49,181 - INFO - ------- Analyzing Seismic Waveforms for P and S Picks via SeisBench (EQTransformer - original_nonconservative) -------
2026-03-28 03:12:49,184 - INFO - Analyzing 0:01:00 minute timechunk from 2025-09-15 10:17:23 to 2025-09-15 10:18:23 (0 min overlap)
2026-03-28 03:12:49,186 - INFO - Processing a total of 1 stations, 1 at a time.
2026-03-28 03:12:51,256 - INFO - (1/1) KLF: Skipped (already exists - overwrite=False).
2026-03-28 03:12:51,258 - INFO - 
2026-03-28 03:12:51,260 - INFO - ------- Parallel Station Waveform Processing Complete For 2025-09-15 10:17:23 to 2025-09-15 10:18:23 Timechunk-------
2026-03-28 03:12:51,263 - INFO - Picks saved at /home/blackwinter/projects/eqcct/eqcctpro/results/csv/eqt_earthquakes_th0_1/20250915T101723Z_20250915T101823ZProcess Runtime: 2.08 s
2026-03-28 03:12:51,267 - INFO - Successfully ran EQCCTPro, exiting...
2026-03-28 03:12:52,946 - INFO - Ray Successfully Shutdown.
2026-03-28 03:12:52,946 - INFO - ------- Successfully Picked All Waveform(s) from all Timechunk(s) -------
