2026-03-28 12:55:01,374 - INFO - 
2026-03-28 12:55:01,375 - INFO - ------- Welcome to EQCCTPro -------
2026-03-28 12:55:01,375 - INFO - 
2026-03-28 12:55:01,376 - INFO - Running EQCCT over Requested MSeed Files using CPU(s)...
2026-03-28 12:55:01,376 - INFO - GPU disabled (CPU-only).
2026-03-28 12:55:01,376 - INFO - Skipping framework-specific initialization in the driver process.
2026-03-28 12:55:03,098 - INFO - Ray Successfully Initialized with 4 CPU(s) ([0, 1, 2, 3] CPU Affinity Binding).
2026-03-28 12:55:03,098 - INFO - Analyzing 1 time chunk(s) from 2025-01-11 01:09:34 to 2025-01-11 01:10:34 (dt=1min, overlap=0min).
2026-03-28 12:55:03,098 - INFO - Using 1 selected station(s).
2026-03-28 12:55:03,098 - INFO - 
2026-03-28 12:55:03,099 - INFO - ------- Starting EQCCTPro... -------
2026-03-28 12:55:03,099 - INFO - Detailed subprocess information can be found in the log file.
2026-03-28 12:55:03,099 - INFO - 
2026-03-28 12:55:03,439 - INFO - GPU disabled (CPU-only).
2026-03-28 12:55:03,444 - INFO - Skipping framework-specific initialization in the driver process.
2026-03-28 12:55:03,447 - INFO - ------- Hardware Configuration -------
2026-03-28 12:55:03,450 - INFO - CPU affinity set to cores: [0, 1, 2, 3]
2026-03-28 12:55:03,453 - INFO - 
2026-03-28 12:55:03,456 - INFO - ------- Data Preprocessing for EQCCTPro -------
2026-03-28 12:55:03,458 - INFO - 1 station(s) in /home/blackwinter/projects/eqcct/eqcctpro/data/waveforms_noise_only/20250111T010934Z_20250111T011034Z
2026-03-28 12:55:03,461 - INFO - Using 1 selected station(s): ['OBF0'].
2026-03-28 12:55:03,464 - INFO - Creating model actor(s)...
2026-03-28 12:55:03,467 - INFO - System RAM: Total=7870 MB, Available=4387 MB
2026-03-28 12:55:03,469 - INFO - Usable RAM budget: 7083 MB (90% of total)
2026-03-28 12:55:03,472 - INFO - ===== MEMORY-AWARE CPU ACTOR POOL =====
2026-03-28 12:55:03,474 - INFO - Requested concurrent tasks: 1
2026-03-28 12:55:03,477 - INFO - Available CPUs: 4
2026-03-28 12:55:03,480 - INFO - Available RAM: 7083 MB
2026-03-28 12:55:03,482 - INFO - RAM per model: 2060 MB
2026-03-28 12:55:03,485 - INFO - Max actors by RAM: 3
2026-03-28 12:55:03,488 - INFO - Creating 1 SeisBenchModelActor(s)
2026-03-28 12:55:03,490 - INFO - Let Ray handle scheduling (taskset already restricts CPU visibility)
2026-03-28 12:55:03,492 - INFO - Creating SeisBenchModelActor 1/1 (2.01GB RAM each)...
2026-03-28 12:55:06,510 - INFO - SeisBenchModelActor 1 created successfully.
2026-03-28 12:55:06,512 - INFO - Created 1 CPU actor(s). Task queue will handle concurrency.
2026-03-28 12:55:06,515 - INFO - Starting EQCCTPro parallelized waveform processing...
2026-03-28 12:55:06,518 - INFO - 
2026-03-28 12:55:06,522 - INFO - ------- Analyzing Seismic Waveforms for P and S Picks via SeisBench (EQTransformer - original_nonconservative) -------
2026-03-28 12:55:06,525 - INFO - Analyzing 0:01:00 minute timechunk from 2025-01-11 01:09:34 to 2025-01-11 01:10:34 (0 min overlap)
2026-03-28 12:55:06,528 - INFO - Processing a total of 1 stations, 1 at a time.
2026-03-28 12:55:08,967 - INFO - (1/1) OBF0: Finished the prediction in 0.17s. (HP=1.0, LP=45.0, picks=0)
2026-03-28 12:55:08,970 - INFO - 
2026-03-28 12:55:08,972 - INFO - ------- Parallel Station Waveform Processing Complete For 2025-01-11 01:09:34 to 2025-01-11 01:10:34 Timechunk-------
2026-03-28 12:55:08,975 - INFO - Picks saved at /home/blackwinter/projects/eqcct/eqcctpro/results/csv/eqt_noise_th0_1/20250111T010934Z_20250111T011034ZProcess Runtime: 2.45 s
2026-03-28 12:55:08,980 - INFO - Successfully ran EQCCTPro, exiting...
2026-03-28 12:55:10,908 - INFO - Ray Successfully Shutdown.
2026-03-28 12:55:10,908 - INFO - ------- Successfully Picked All Waveform(s) from all Timechunk(s) -------
