2026-03-27 19:34:01,313 - INFO - 
2026-03-27 19:34:01,313 - INFO - ------- Welcome to EQCCTPro -------
2026-03-27 19:34:01,313 - INFO - 
2026-03-27 19:34:01,313 - INFO - Running EQCCT over Requested MSeed Files using CPU(s)...
2026-03-27 19:34:01,313 - INFO - GPU disabled (CPU-only).
2026-03-27 19:34:01,313 - INFO - Skipping framework-specific initialization in the driver process.
2026-03-27 19:34:03,684 - INFO - Ray Successfully Initialized with 4 CPU(s) ([0, 1, 2, 3] CPU Affinity Binding).
2026-03-27 19:34:03,684 - INFO - Analyzing 1 time chunk(s) from 2025-07-03 17:19:04 to 2025-07-03 17:20:04 (dt=1min, overlap=0min).
2026-03-27 19:34:03,684 - INFO - Using 3 selected station(s).
2026-03-27 19:34:03,684 - INFO - 
2026-03-27 19:34:03,685 - INFO - ------- Starting EQCCTPro... -------
2026-03-27 19:34:03,685 - INFO - Detailed subprocess information can be found in the log file.
2026-03-27 19:34:03,685 - INFO - 
2026-03-27 19:34:03,953 - INFO - GPU disabled (CPU-only).
2026-03-27 19:34:03,957 - INFO - Skipping framework-specific initialization in the driver process.
2026-03-27 19:34:03,960 - INFO - ------- Hardware Configuration -------
2026-03-27 19:34:03,962 - INFO - CPU affinity set to cores: [0, 1, 2, 3]
2026-03-27 19:34:03,964 - INFO - 
2026-03-27 19:34:03,967 - INFO - ------- Data Preprocessing for EQCCTPro -------
2026-03-27 19:34:03,969 - INFO - 3 station(s) in /home/blackwinter/projects/eqcct/eqcctpro/data/waveforms_earthquakes_nonoise/20250703T171904Z_20250703T172004Z
2026-03-27 19:34:03,972 - INFO - Using 3 selected station(s): ['ALAJF', 'OBF3', 'OUF'].
2026-03-27 19:34:03,974 - INFO - Creating model actor(s)...
2026-03-27 19:34:03,976 - INFO - System RAM: Total=7870 MB, Available=5953 MB
2026-03-27 19:34:03,979 - INFO - Usable RAM budget: 7083 MB (90% of total)
2026-03-27 19:34:03,981 - INFO - ===== MEMORY-AWARE CPU ACTOR POOL =====
2026-03-27 19:34:03,983 - INFO - Requested concurrent tasks: 1
2026-03-27 19:34:03,985 - INFO - Available CPUs: 4
2026-03-27 19:34:03,988 - INFO - Available RAM: 7083 MB
2026-03-27 19:34:03,990 - INFO - RAM per model: 2060 MB
2026-03-27 19:34:03,993 - INFO - Max actors by RAM: 3
2026-03-27 19:34:03,995 - INFO - Creating 1 SeisBenchModelActor(s)
2026-03-27 19:34:03,997 - INFO - Let Ray handle scheduling (taskset already restricts CPU visibility)
2026-03-27 19:34:04,000 - INFO - Creating SeisBenchModelActor 1/1 (2.01GB RAM each)...
2026-03-27 19:34:06,903 - INFO - SeisBenchModelActor 1 created successfully.
2026-03-27 19:34:06,905 - INFO - Created 1 CPU actor(s). Task queue will handle concurrency.
2026-03-27 19:34:06,908 - INFO - Starting EQCCTPro parallelized waveform processing...
2026-03-27 19:34:06,910 - INFO - 
2026-03-27 19:34:06,913 - INFO - ------- Analyzing Seismic Waveforms for P and S Picks via SeisBench (EQTransformer - original_nonconservative) -------
2026-03-27 19:34:06,916 - INFO - Analyzing 0:01:00 minute timechunk from 2025-07-03 17:19:04 to 2025-07-03 17:20:04 (0 min overlap)
2026-03-27 19:34:06,918 - INFO - Processing a total of 3 stations, 1 at a time.
2026-03-27 19:34:09,199 - INFO - (1/3) ALAJF: Finished the prediction in 0.14s. (HP=1.0, LP=45.0, picks=2)
2026-03-27 19:34:09,269 - INFO - (2/3) OBF3: Finished the prediction in 0.06s. (HP=1.0, LP=45.0, picks=2)
2026-03-27 19:34:09,335 - INFO - (3/3) OUF: Finished the prediction in 0.06s. (HP=1.0, LP=45.0, picks=2)
2026-03-27 19:34:09,338 - INFO - 
2026-03-27 19:34:09,341 - INFO - ------- Parallel Station Waveform Processing Complete For 2025-07-03 17:19:04 to 2025-07-03 17:20:04 Timechunk-------
2026-03-27 19:34:09,343 - INFO - Picks saved at /home/blackwinter/projects/eqcct/eqcctpro/results/csv/eqt_earthquakes_th0_1/20250703T171904Z_20250703T172004ZProcess Runtime: 2.43 s
2026-03-27 19:34:09,347 - INFO - Successfully ran EQCCTPro, exiting...
2026-03-27 19:34:10,917 - INFO - Ray Successfully Shutdown.
2026-03-27 19:34:10,917 - INFO - ------- Successfully Picked All Waveform(s) from all Timechunk(s) -------
2026-03-28 02:01:00,062 - INFO - 
2026-03-28 02:01:00,062 - INFO - ------- Welcome to EQCCTPro -------
2026-03-28 02:01:00,062 - INFO - 
2026-03-28 02:01:00,063 - INFO - Running EQCCT over Requested MSeed Files using CPU(s)...
2026-03-28 02:01:00,063 - INFO - GPU disabled (CPU-only).
2026-03-28 02:01:00,063 - INFO - Skipping framework-specific initialization in the driver process.
2026-03-28 02:01:02,514 - INFO - Ray Successfully Initialized with 4 CPU(s) ([0, 1, 2, 3] CPU Affinity Binding).
2026-03-28 02:01:02,514 - INFO - Analyzing 1 time chunk(s) from 2025-07-03 17:19:04 to 2025-07-03 17:20:04 (dt=1min, overlap=0min).
2026-03-28 02:01:02,514 - INFO - Using 3 selected station(s).
2026-03-28 02:01:02,514 - INFO - 
2026-03-28 02:01:02,514 - INFO - ------- Starting EQCCTPro... -------
2026-03-28 02:01:02,514 - INFO - Detailed subprocess information can be found in the log file.
2026-03-28 02:01:02,515 - INFO - 
2026-03-28 02:01:02,825 - INFO - GPU disabled (CPU-only).
2026-03-28 02:01:02,830 - INFO - Skipping framework-specific initialization in the driver process.
2026-03-28 02:01:02,833 - INFO - ------- Hardware Configuration -------
2026-03-28 02:01:02,835 - INFO - CPU affinity set to cores: [0, 1, 2, 3]
2026-03-28 02:01:02,838 - INFO - 
2026-03-28 02:01:02,840 - INFO - ------- Data Preprocessing for EQCCTPro -------
2026-03-28 02:01:02,842 - INFO - 3 station(s) in /home/blackwinter/projects/eqcct/eqcctpro/data/waveforms_earthquakes_nonoise/20250703T171904Z_20250703T172004Z
2026-03-28 02:01:02,845 - INFO - Using 3 selected station(s): ['ALAJF', 'OBF3', 'OUF'].
2026-03-28 02:01:02,848 - INFO - Creating model actor(s)...
2026-03-28 02:01:02,850 - INFO - System RAM: Total=7870 MB, Available=5856 MB
2026-03-28 02:01:02,853 - INFO - Usable RAM budget: 7083 MB (90% of total)
2026-03-28 02:01:02,855 - INFO - ===== MEMORY-AWARE CPU ACTOR POOL =====
2026-03-28 02:01:02,858 - INFO - Requested concurrent tasks: 1
2026-03-28 02:01:02,860 - INFO - Available CPUs: 4
2026-03-28 02:01:02,863 - INFO - Available RAM: 7083 MB
2026-03-28 02:01:02,866 - INFO - RAM per model: 2060 MB
2026-03-28 02:01:02,868 - INFO - Max actors by RAM: 3
2026-03-28 02:01:02,871 - INFO - Creating 1 SeisBenchModelActor(s)
2026-03-28 02:01:02,873 - INFO - Let Ray handle scheduling (taskset already restricts CPU visibility)
2026-03-28 02:01:02,876 - INFO - Creating SeisBenchModelActor 1/1 (2.01GB RAM each)...
2026-03-28 02:01:05,964 - INFO - SeisBenchModelActor 1 created successfully.
2026-03-28 02:01:05,966 - INFO - Created 1 CPU actor(s). Task queue will handle concurrency.
2026-03-28 02:01:05,969 - INFO - Starting EQCCTPro parallelized waveform processing...
2026-03-28 02:01:05,972 - INFO - 
2026-03-28 02:01:05,974 - INFO - ------- Analyzing Seismic Waveforms for P and S Picks via SeisBench (EQTransformer - original_nonconservative) -------
2026-03-28 02:01:05,977 - INFO - Analyzing 0:01:00 minute timechunk from 2025-07-03 17:19:04 to 2025-07-03 17:20:04 (0 min overlap)
2026-03-28 02:01:05,980 - INFO - Processing a total of 3 stations, 1 at a time.
2026-03-28 02:01:08,182 - INFO - (1/3) ALAJF: Skipped (already exists - overwrite=False).
2026-03-28 02:01:08,192 - INFO - (2/3) OBF3: Skipped (already exists - overwrite=False).
2026-03-28 02:01:08,200 - INFO - (3/3) OUF: Skipped (already exists - overwrite=False).
2026-03-28 02:01:08,203 - INFO - 
2026-03-28 02:01:08,207 - INFO - ------- Parallel Station Waveform Processing Complete For 2025-07-03 17:19:04 to 2025-07-03 17:20:04 Timechunk-------
2026-03-28 02:01:08,210 - INFO - Picks saved at /home/blackwinter/projects/eqcct/eqcctpro/results/csv/eqt_earthquakes_th0_1/20250703T171904Z_20250703T172004ZProcess Runtime: 2.24 s
2026-03-28 02:01:08,218 - INFO - Successfully ran EQCCTPro, exiting...
2026-03-28 02:01:09,851 - INFO - Ray Successfully Shutdown.
2026-03-28 02:01:09,851 - INFO - ------- Successfully Picked All Waveform(s) from all Timechunk(s) -------
