2026-03-28 21:38:01,487 - INFO - 
2026-03-28 21:38:01,487 - INFO - ------- Welcome to EQCCTPro -------
2026-03-28 21:38:01,487 - INFO - 
2026-03-28 21:38:01,488 - INFO - Running EQCCT over Requested MSeed Files using CPU(s)...
2026-03-28 21:38:01,488 - INFO - GPU disabled (CPU-only).
2026-03-29 07:30:04,654 - INFO - 
2026-03-29 07:30:04,655 - INFO - ------- Welcome to EQCCTPro -------
2026-03-29 07:30:04,655 - INFO - 
2026-03-29 07:30:04,656 - INFO - Running EQCCT over Requested MSeed Files using CPU(s)...
2026-03-29 07:30:04,656 - INFO - GPU disabled (CPU-only).
2026-03-29 07:30:04,656 - INFO - Configured Intra-op threads = 1
2026-03-29 07:30:04,656 - INFO - Configured Inter-op threads = 1
2026-03-29 07:30:04,656 - INFO - TensorFlow: No GPUs visible; TF will proceed on CPU.
2026-03-29 07:30:04,656 - INFO - 
2026-03-29 07:30:09,804 - INFO - Ray Successfully Initialized with 4 CPU(s) ([0, 1, 2, 3] CPU Affinity Binding).
2026-03-29 07:30:09,804 - INFO - Analyzing 1 time chunk(s) from 2025-01-23 11:58:43 to 2025-01-23 11:59:43 (dt=1min, overlap=0min).
2026-03-29 07:30:09,804 - INFO - Using 2 selected station(s).
2026-03-29 07:30:09,805 - INFO - 
2026-03-29 07:30:09,805 - INFO - ------- Starting EQCCTPro... -------
2026-03-29 07:30:09,805 - INFO - Detailed subprocess information can be found in the log file.
2026-03-29 07:30:09,805 - INFO - 
2026-03-29 07:30:10,218 - INFO - GPU disabled (CPU-only).
2026-03-29 07:30:11,938 - INFO - Configured Intra-op threads = 1
2026-03-29 07:30:11,940 - INFO - Configured Inter-op threads = 1
2026-03-29 07:30:11,985 - INFO - TensorFlow: No GPUs visible; TF will proceed on CPU.
2026-03-29 07:30:11,987 - INFO - 
2026-03-29 07:30:11,990 - INFO - ------- Hardware Configuration -------
2026-03-29 07:30:11,993 - INFO - CPU affinity set to cores: [0, 1, 2, 3]
2026-03-29 07:30:11,995 - INFO - 
2026-03-29 07:30:11,998 - INFO - ------- Data Preprocessing for EQCCTPro -------
2026-03-29 07:30:12,001 - INFO - 2 station(s) in /home/blackwinter/projects/eqcct/eqcctpro/data/waveforms_explosions_nonoise/20250123T115843Z_20250123T115943Z
2026-03-29 07:30:12,003 - INFO - Using 2 selected station(s): ['AAL', 'SUF'].
2026-03-29 07:30:12,006 - INFO - Creating model actor(s)...
2026-03-29 07:30:12,008 - INFO - System RAM: Total=7870 MB, Available=2863 MB
2026-03-29 07:30:12,010 - INFO - Usable RAM budget: 7083 MB (90% of total)
2026-03-29 07:30:12,012 - INFO - ===== MEMORY-AWARE CPU ACTOR POOL (EQCCT) =====
2026-03-29 07:30:12,014 - INFO - Requested concurrent tasks: 1
2026-03-29 07:30:12,016 - INFO - Available CPUs: 4
2026-03-29 07:30:12,018 - INFO - Available RAM: 7083 MB
2026-03-29 07:30:12,021 - INFO - RAM per model: 2264 MB
2026-03-29 07:30:12,023 - INFO - Max actors by RAM: 3
2026-03-29 07:30:12,026 - INFO - Creating 1 ModelActor(s)
2026-03-29 07:30:12,028 - INFO - Let Ray handle scheduling (taskset already restricts CPU visibility)
2026-03-29 07:30:12,031 - INFO - Creating ModelActor 1/1 (2.21GB RAM each)...
2026-03-29 07:30:16,378 - INFO - ModelActor 1 created successfully.
2026-03-29 07:30:16,380 - INFO - Created 1 CPU actor(s). Task queue will handle concurrency.
2026-03-29 07:30:16,383 - INFO - Starting EQCCTPro parallelized waveform processing...
2026-03-29 07:30:16,386 - INFO - 
2026-03-29 07:30:16,388 - INFO - ------- Analyzing Seismic Waveforms for P and S Picks via EQCCT -------
2026-03-29 07:30:16,392 - INFO - Analyzing 0:01:00 minute timechunk from 2025-01-23 11:58:43 to 2025-01-23 11:59:43 (0 min overlap)
2026-03-29 07:30:16,395 - INFO - Processing a total of 2 stations, 1 at a time.
2026-03-29 07:30:20,943 - INFO - (1/2) AAL: Finished the prediction in 2.46s. (HP=1.0, LP=45.0)
2026-03-29 07:30:21,062 - INFO - (2/2) SUF: Finished the prediction in 0.11s. (HP=1.0, LP=45.0)
2026-03-29 07:30:21,064 - INFO - 
2026-03-29 07:30:21,066 - INFO - ------- Parallel Station Waveform Processing Complete For 2025-01-23 11:58:43 to 2025-01-23 11:59:43 Timechunk-------
2026-03-29 07:30:21,069 - INFO - Picks saved at /home/blackwinter/projects/eqcct/eqcctpro/results/csv/eqcct_explosions_th0_1/20250123T115843Z_20250123T115943ZProcess Runtime: 4.68 s
2026-03-29 07:30:21,073 - INFO - Successfully ran EQCCTPro, exiting...
2026-03-29 07:30:22,920 - INFO - Ray Successfully Shutdown.
2026-03-29 07:30:22,921 - INFO - ------- Successfully Picked All Waveform(s) from all Timechunk(s) -------
