2026-03-29 11:57:56,806 - INFO - 
2026-03-29 11:57:56,806 - INFO - ------- Welcome to EQCCTPro -------
2026-03-29 11:57:56,806 - INFO - 
2026-03-29 11:57:56,807 - INFO - Running EQCCT over Requested MSeed Files using CPU(s)...
2026-03-29 11:57:56,807 - INFO - GPU disabled (CPU-only).
2026-03-29 11:57:56,807 - INFO - Configured Intra-op threads = 1
2026-03-29 11:57:56,807 - INFO - Configured Inter-op threads = 1
2026-03-29 11:57:56,807 - INFO - TensorFlow: No GPUs visible; TF will proceed on CPU.
2026-03-29 11:57:56,808 - INFO - 
2026-03-29 11:58:02,541 - INFO - Ray Successfully Initialized with 4 CPU(s) ([0, 1, 2, 3] CPU Affinity Binding).
2026-03-29 11:58:02,542 - INFO - Analyzing 1 time chunk(s) from 2025-01-05 09:42:11 to 2025-01-05 09:43:11 (dt=1min, overlap=0min).
2026-03-29 11:58:02,542 - INFO - Using 1 selected station(s).
2026-03-29 11:58:02,542 - INFO - 
2026-03-29 11:58:02,542 - INFO - ------- Starting EQCCTPro... -------
2026-03-29 11:58:02,542 - INFO - Detailed subprocess information can be found in the log file.
2026-03-29 11:58:02,543 - INFO - 
2026-03-29 11:58:02,943 - INFO - GPU disabled (CPU-only).
2026-03-29 11:58:04,522 - INFO - Configured Intra-op threads = 1
2026-03-29 11:58:04,525 - INFO - Configured Inter-op threads = 1
2026-03-29 11:58:04,571 - INFO - TensorFlow: No GPUs visible; TF will proceed on CPU.
2026-03-29 11:58:04,574 - INFO - 
2026-03-29 11:58:04,577 - INFO - ------- Hardware Configuration -------
2026-03-29 11:58:04,581 - INFO - CPU affinity set to cores: [0, 1, 2, 3]
2026-03-29 11:58:04,584 - INFO - 
2026-03-29 11:58:04,587 - INFO - ------- Data Preprocessing for EQCCTPro -------
2026-03-29 11:58:04,590 - INFO - 1 station(s) in /home/blackwinter/projects/eqcct/eqcctpro/data/waveforms_noise_only/20250105T094211Z_20250105T094311Z
2026-03-29 11:58:04,592 - INFO - Using 1 selected station(s): ['ECKF'].
2026-03-29 11:58:04,595 - INFO - Creating model actor(s)...
2026-03-29 11:58:04,597 - INFO - System RAM: Total=7870 MB, Available=4736 MB
2026-03-29 11:58:04,600 - INFO - Usable RAM budget: 7083 MB (90% of total)
2026-03-29 11:58:04,603 - INFO - ===== MEMORY-AWARE CPU ACTOR POOL (EQCCT) =====
2026-03-29 11:58:04,605 - INFO - Requested concurrent tasks: 1
2026-03-29 11:58:04,607 - INFO - Available CPUs: 4
2026-03-29 11:58:04,610 - INFO - Available RAM: 7083 MB
2026-03-29 11:58:04,613 - INFO - RAM per model: 2264 MB
2026-03-29 11:58:04,615 - INFO - Max actors by RAM: 3
2026-03-29 11:58:04,618 - INFO - Creating 1 ModelActor(s)
2026-03-29 11:58:04,620 - INFO - Let Ray handle scheduling (taskset already restricts CPU visibility)
2026-03-29 11:58:04,622 - INFO - Creating ModelActor 1/1 (2.21GB RAM each)...
2026-03-29 11:58:08,902 - INFO - ModelActor 1 created successfully.
2026-03-29 11:58:08,904 - INFO - Created 1 CPU actor(s). Task queue will handle concurrency.
2026-03-29 11:58:08,907 - INFO - Starting EQCCTPro parallelized waveform processing...
2026-03-29 11:58:08,909 - INFO - 
2026-03-29 11:58:08,912 - INFO - ------- Analyzing Seismic Waveforms for P and S Picks via EQCCT -------
2026-03-29 11:58:08,916 - INFO - Analyzing 0:01:00 minute timechunk from 2025-01-05 09:42:11 to 2025-01-05 09:43:11 (0 min overlap)
2026-03-29 11:58:08,918 - INFO - Processing a total of 1 stations, 1 at a time.
2026-03-29 11:58:13,613 - INFO - (1/1) ECKF: Finished the prediction in 2.48s. (HP=1.0, LP=45.0)
2026-03-29 11:58:13,617 - INFO - 
2026-03-29 11:58:13,620 - INFO - ------- Parallel Station Waveform Processing Complete For 2025-01-05 09:42:11 to 2025-01-05 09:43:11 Timechunk-------
2026-03-29 11:58:13,623 - INFO - Picks saved at /home/blackwinter/projects/eqcct/eqcctpro/results/csv/eqcct_noise_th0_1/20250105T094211Z_20250105T094311ZProcess Runtime: 4.71 s
2026-03-29 11:58:13,628 - INFO - Successfully ran EQCCTPro, exiting...
2026-03-29 11:58:15,214 - INFO - Ray Successfully Shutdown.
2026-03-29 11:58:15,215 - INFO - ------- Successfully Picked All Waveform(s) from all Timechunk(s) -------
