2026-02-27 00:19:25,461 - INFO - 
2026-02-27 00:19:25,461 - INFO - ------- Welcome to EQCCTPro -------
2026-02-27 00:19:25,461 - INFO - 
2026-02-27 00:19:25,461 - INFO - Running EQCCT over Requested MSeed Files using CPU(s)...
2026-02-27 00:19:25,462 - INFO - GPU disabled (CPU-only).
2026-02-27 00:19:25,462 - INFO - Configured Intra-op threads = 1
2026-02-27 00:19:25,462 - INFO - Configured Inter-op threads = 1
2026-02-27 00:19:25,462 - INFO - TensorFlow: No GPUs visible; TF will proceed on CPU.
2026-02-27 00:19:25,462 - INFO - 
2026-02-27 00:19:30,899 - INFO - Ray Successfully Initialized with 4 CPU(s) ([0, 1, 2, 3] CPU Affinity Binding).
2026-02-27 00:19:30,899 - INFO - Analyzing 1 time chunk(s) from 2025-01-10 20:06:05 to 2025-01-10 20:07:05 (dt=1min, overlap=0min).
2026-02-27 00:19:30,900 - INFO - Using 1 selected station(s).
2026-02-27 00:19:30,900 - INFO - 
2026-02-27 00:19:30,900 - INFO - ------- Starting EQCCTPro... -------
2026-02-27 00:19:30,901 - INFO - Detailed subprocess information can be found in the log file.
2026-02-27 00:19:30,901 - INFO - 
2026-02-27 00:19:31,293 - INFO - GPU disabled (CPU-only).
2026-02-27 00:19:32,874 - INFO - Configured Intra-op threads = 1
2026-02-27 00:19:32,876 - INFO - Configured Inter-op threads = 1
2026-02-27 00:19:32,919 - INFO - TensorFlow: No GPUs visible; TF will proceed on CPU.
2026-02-27 00:19:32,922 - INFO - 
2026-02-27 00:19:32,924 - INFO - ------- Hardware Configuration -------
2026-02-27 00:19:32,927 - INFO - CPU affinity set to cores: [0, 1, 2, 3]
2026-02-27 00:19:32,929 - INFO - 
2026-02-27 00:19:32,931 - INFO - ------- Data Preprocessing for EQCCTPro -------
2026-02-27 00:19:32,933 - INFO - 1 station(s) in /home/blackwinter/projects/eqcct/eqcctpro/data/waveforms_explosions_nonoise/20250110T200605Z_20250110T200705Z
2026-02-27 00:19:32,936 - INFO - Using 1 selected station(s): ['KEV'].
2026-02-27 00:19:32,937 - INFO - Creating model actor(s)...
2026-02-27 00:19:32,939 - INFO - System RAM: Total=7870 MB, Available=3209 MB
2026-02-27 00:19:32,941 - INFO - Usable RAM budget: 7083 MB (90% of total)
2026-02-27 00:19:32,943 - INFO - ===== MEMORY-AWARE CPU ACTOR POOL (EQCCT) =====
2026-02-27 00:19:32,945 - INFO - Requested concurrent tasks: 1
2026-02-27 00:19:32,946 - INFO - Available CPUs: 4
2026-02-27 00:19:32,948 - INFO - Available RAM: 7083 MB
2026-02-27 00:19:32,950 - INFO - RAM per model: 2264 MB
2026-02-27 00:19:32,951 - INFO - Max actors by RAM: 3
2026-02-27 00:19:32,953 - INFO - Creating 1 ModelActor(s)
2026-02-27 00:19:32,955 - INFO - Let Ray handle scheduling (taskset already restricts CPU visibility)
2026-02-27 00:19:32,958 - INFO - Creating ModelActor 1/1 (2.21GB RAM each)...
2026-02-27 00:19:36,912 - INFO - ModelActor 1 created successfully.
2026-02-27 00:19:36,914 - INFO - Created 1 CPU actor(s). Task queue will handle concurrency.
2026-02-27 00:19:36,917 - INFO - Starting EQCCTPro parallelized waveform processing...
2026-02-27 00:19:36,919 - INFO - 
2026-02-27 00:19:36,921 - INFO - ------- Analyzing Seismic Waveforms for P and S Picks via EQCCT -------
2026-02-27 00:19:36,923 - INFO - Analyzing 0:01:00 minute timechunk from 2025-01-10 20:06:05 to 2025-01-10 20:07:05 (0 min overlap)
2026-02-27 00:19:36,925 - INFO - Processing a total of 1 stations, 1 at a time.
2026-02-27 00:19:40,977 - INFO - (1/1) KEV: Finished the prediction in 2.15s. (HP=1.0, LP=45.0)
2026-02-27 00:19:40,979 - INFO - 
2026-02-27 00:19:40,981 - INFO - ------- Parallel Station Waveform Processing Complete For 2025-01-10 20:06:05 to 2025-01-10 20:07:05 Timechunk-------
2026-02-27 00:19:40,984 - INFO - Picks saved at /home/blackwinter/projects/eqcct/eqcctpro/results/csv/bm_explosions/20250110T200605Z_20250110T200705ZProcess Runtime: 4.06 s
2026-02-27 00:19:40,988 - INFO - Successfully ran EQCCTPro, exiting...
2026-02-27 00:19:42,579 - INFO - Ray Successfully Shutdown.
2026-02-27 00:19:42,579 - INFO - ------- Successfully Picked All Waveform(s) from all Timechunk(s) -------
2026-02-27 07:34:47,317 - INFO - 
2026-02-27 07:34:47,323 - INFO - ------- Welcome to EQCCTPro -------
2026-02-27 07:34:47,323 - INFO - 
2026-02-27 07:34:47,324 - INFO - Running EQCCT over Requested MSeed Files using CPU(s)...
2026-02-27 07:34:47,324 - INFO - GPU disabled (CPU-only).
2026-02-27 07:34:47,325 - INFO - Configured Intra-op threads = 1
2026-02-27 07:34:47,325 - INFO - Configured Inter-op threads = 1
2026-02-27 07:34:47,325 - INFO - TensorFlow: No GPUs visible; TF will proceed on CPU.
2026-02-27 07:34:47,325 - INFO - 
2026-02-27 07:34:52,095 - INFO - Ray Successfully Initialized with 4 CPU(s) ([0, 1, 2, 3] CPU Affinity Binding).
2026-02-27 07:34:52,095 - INFO - Analyzing 1 time chunk(s) from 2025-01-10 20:06:05 to 2025-01-10 20:07:05 (dt=1min, overlap=0min).
2026-02-27 07:34:52,095 - INFO - Using 1 selected station(s).
2026-02-27 07:34:52,095 - INFO - 
2026-02-27 07:34:52,096 - INFO - ------- Starting EQCCTPro... -------
2026-02-27 07:34:52,096 - INFO - Detailed subprocess information can be found in the log file.
2026-02-27 07:34:52,096 - INFO - 
2026-02-27 07:34:52,465 - INFO - GPU disabled (CPU-only).
2026-02-27 07:34:54,011 - INFO - Configured Intra-op threads = 1
2026-02-27 07:34:54,014 - INFO - Configured Inter-op threads = 1
2026-02-27 07:34:54,055 - INFO - TensorFlow: No GPUs visible; TF will proceed on CPU.
2026-02-27 07:34:54,057 - INFO - 
2026-02-27 07:34:54,059 - INFO - ------- Hardware Configuration -------
2026-02-27 07:34:54,064 - INFO - CPU affinity set to cores: [0, 1, 2, 3]
2026-02-27 07:34:54,065 - INFO - 
2026-02-27 07:34:54,068 - INFO - ------- Data Preprocessing for EQCCTPro -------
2026-02-27 07:34:54,070 - INFO - 1 station(s) in /home/blackwinter/projects/eqcct/eqcctpro/data/waveforms_explosions_nonoise/20250110T200605Z_20250110T200705Z
2026-02-27 07:34:54,072 - INFO - Using 1 selected station(s): ['KEV'].
2026-02-27 07:34:54,074 - INFO - Creating model actor(s)...
2026-02-27 07:34:54,076 - INFO - System RAM: Total=7870 MB, Available=3280 MB
2026-02-27 07:34:54,078 - INFO - Usable RAM budget: 7083 MB (90% of total)
2026-02-27 07:34:54,080 - INFO - ===== MEMORY-AWARE CPU ACTOR POOL (EQCCT) =====
2026-02-27 07:34:54,081 - INFO - Requested concurrent tasks: 1
2026-02-27 07:34:54,083 - INFO - Available CPUs: 4
2026-02-27 07:34:54,085 - INFO - Available RAM: 7083 MB
2026-02-27 07:34:54,087 - INFO - RAM per model: 2264 MB
2026-02-27 07:34:54,089 - INFO - Max actors by RAM: 3
2026-02-27 07:34:54,091 - INFO - Creating 1 ModelActor(s)
2026-02-27 07:34:54,093 - INFO - Let Ray handle scheduling (taskset already restricts CPU visibility)
2026-02-27 07:34:54,096 - INFO - Creating ModelActor 1/1 (2.21GB RAM each)...
2026-02-27 07:34:58,096 - INFO - ModelActor 1 created successfully.
2026-02-27 07:34:58,099 - INFO - Created 1 CPU actor(s). Task queue will handle concurrency.
2026-02-27 07:34:58,101 - INFO - Starting EQCCTPro parallelized waveform processing...
2026-02-27 07:34:58,104 - INFO - 
2026-02-27 07:34:58,106 - INFO - ------- Analyzing Seismic Waveforms for P and S Picks via EQCCT -------
2026-02-27 07:34:58,108 - INFO - Analyzing 0:01:00 minute timechunk from 2025-01-10 20:06:05 to 2025-01-10 20:07:05 (0 min overlap)
2026-02-27 07:34:58,110 - INFO - Processing a total of 1 stations, 1 at a time.
2026-02-27 07:35:00,016 - INFO - (1/1) KEV: Skipped (already exists - overwrite=False).
2026-02-27 07:35:00,018 - INFO - 
2026-02-27 07:35:00,021 - INFO - ------- Parallel Station Waveform Processing Complete For 2025-01-10 20:06:05 to 2025-01-10 20:07:05 Timechunk-------
2026-02-27 07:35:00,023 - INFO - Picks saved at /home/blackwinter/projects/eqcct/eqcctpro/results/csv/bm_explosions/20250110T200605Z_20250110T200705ZProcess Runtime: 1.92 s
2026-02-27 07:35:00,027 - INFO - Successfully ran EQCCTPro, exiting...
2026-02-27 07:35:01,462 - INFO - Ray Successfully Shutdown.
2026-02-27 07:35:01,462 - INFO - ------- Successfully Picked All Waveform(s) from all Timechunk(s) -------
