2026-02-27 12:27:30,390 - INFO - 
2026-02-27 12:27:30,390 - INFO - ------- Welcome to EQCCTPro -------
2026-02-27 12:27:30,391 - INFO - 
2026-02-27 12:27:30,391 - INFO - Running EQCCT over Requested MSeed Files using CPU(s)...
2026-02-27 12:27:30,391 - INFO - GPU disabled (CPU-only).
2026-02-27 12:27:30,392 - INFO - Configured Intra-op threads = 1
2026-02-27 12:27:30,392 - INFO - Configured Inter-op threads = 1
2026-02-27 12:27:30,392 - INFO - TensorFlow: No GPUs visible; TF will proceed on CPU.
2026-02-27 12:27:30,392 - INFO - 
2026-02-27 12:27:35,734 - INFO - Ray Successfully Initialized with 4 CPU(s) ([0, 1, 2, 3] CPU Affinity Binding).
2026-02-27 12:27:35,735 - INFO - Analyzing 1 time chunk(s) from 2025-01-23 11:33:43 to 2025-01-23 11:34:43 (dt=1min, overlap=0min).
2026-02-27 12:27:35,735 - INFO - Using 1 selected station(s).
2026-02-27 12:27:35,735 - INFO - 
2026-02-27 12:27:35,735 - INFO - ------- Starting EQCCTPro... -------
2026-02-27 12:27:35,736 - INFO - Detailed subprocess information can be found in the log file.
2026-02-27 12:27:35,736 - INFO - 
2026-02-27 12:27:36,104 - INFO - GPU disabled (CPU-only).
2026-02-27 12:27:37,678 - INFO - Configured Intra-op threads = 1
2026-02-27 12:27:37,681 - INFO - Configured Inter-op threads = 1
2026-02-27 12:27:37,727 - INFO - TensorFlow: No GPUs visible; TF will proceed on CPU.
2026-02-27 12:27:37,729 - INFO - 
2026-02-27 12:27:37,731 - INFO - ------- Hardware Configuration -------
2026-02-27 12:27:37,734 - INFO - CPU affinity set to cores: [0, 1, 2, 3]
2026-02-27 12:27:37,736 - INFO - 
2026-02-27 12:27:37,738 - INFO - ------- Data Preprocessing for EQCCTPro -------
2026-02-27 12:27:37,740 - INFO - 1 station(s) in /home/blackwinter/projects/eqcct/eqcctpro/data/waveforms_explosions_nonoise/20250123T113343Z_20250123T113443Z
2026-02-27 12:27:37,742 - INFO - Using 1 selected station(s): ['FIA0'].
2026-02-27 12:27:37,744 - INFO - Creating model actor(s)...
2026-02-27 12:27:37,746 - INFO - System RAM: Total=7870 MB, Available=2249 MB
2026-02-27 12:27:37,749 - INFO - Usable RAM budget: 7083 MB (90% of total)
2026-02-27 12:27:37,751 - INFO - ===== MEMORY-AWARE CPU ACTOR POOL (EQCCT) =====
2026-02-27 12:27:37,752 - INFO - Requested concurrent tasks: 1
2026-02-27 12:27:37,754 - INFO - Available CPUs: 4
2026-02-27 12:27:37,756 - INFO - Available RAM: 7083 MB
2026-02-27 12:27:37,757 - INFO - RAM per model: 2264 MB
2026-02-27 12:27:37,759 - INFO - Max actors by RAM: 3
2026-02-27 12:27:37,761 - INFO - Creating 1 ModelActor(s)
2026-02-27 12:27:37,763 - INFO - Let Ray handle scheduling (taskset already restricts CPU visibility)
2026-02-27 12:27:37,765 - INFO - Creating ModelActor 1/1 (2.21GB RAM each)...
2026-02-27 12:27:41,771 - INFO - ModelActor 1 created successfully.
2026-02-27 12:27:41,773 - INFO - Created 1 CPU actor(s). Task queue will handle concurrency.
2026-02-27 12:27:41,775 - INFO - Starting EQCCTPro parallelized waveform processing...
2026-02-27 12:27:41,776 - INFO - 
2026-02-27 12:27:41,778 - INFO - ------- Analyzing Seismic Waveforms for P and S Picks via EQCCT -------
2026-02-27 12:27:41,781 - INFO - Analyzing 0:01:00 minute timechunk from 2025-01-23 11:33:43 to 2025-01-23 11:34:43 (0 min overlap)
2026-02-27 12:27:41,782 - INFO - Processing a total of 1 stations, 1 at a time.
2026-02-27 12:27:45,856 - INFO - (1/1) FIA0: Finished the prediction in 2.09s. (HP=1.0, LP=45.0)
2026-02-27 12:27:45,858 - INFO - 
2026-02-27 12:27:45,861 - INFO - ------- Parallel Station Waveform Processing Complete For 2025-01-23 11:33:43 to 2025-01-23 11:34:43 Timechunk-------
2026-02-27 12:27:45,863 - INFO - Picks saved at /home/blackwinter/projects/eqcct/eqcctpro/results/csv/bm_explosions/20250123T113343Z_20250123T113443ZProcess Runtime: 4.08 s
2026-02-27 12:27:45,868 - INFO - Successfully ran EQCCTPro, exiting...
2026-02-27 12:27:47,423 - INFO - Ray Successfully Shutdown.
2026-02-27 12:27:47,423 - INFO - ------- Successfully Picked All Waveform(s) from all Timechunk(s) -------
