2026-02-22 17:23:46,925 - INFO - 
2026-02-22 17:23:46,925 - INFO - ------- Welcome to EQCCTPro -------
2026-02-22 17:23:46,925 - INFO - 
2026-02-22 17:23:46,925 - INFO - Running EQCCT over Requested MSeed Files using CPU(s)...
2026-02-22 17:23:46,926 - INFO - GPU disabled (CPU-only).
2026-02-22 17:23:46,926 - INFO - Configured Intra-op threads = 1
2026-02-22 17:23:46,926 - INFO - Configured Inter-op threads = 1
2026-02-22 17:23:46,926 - INFO - TensorFlow: No GPUs visible; TF will proceed on CPU.
2026-02-22 17:23:46,926 - INFO - 
2026-02-22 17:23:52,313 - INFO - Ray Successfully Initialized with 4 CPU(s) ([0, 1, 2, 3] CPU Affinity Binding).
2026-02-22 17:23:52,314 - INFO - Analyzing 1 time chunk(s) from 2025-07-04 15:31:16 to 2025-07-04 15:32:16 (dt=1min, overlap=0min).
2026-02-22 17:23:52,314 - INFO - Using 1 selected station(s).
2026-02-22 17:23:52,314 - INFO - 
2026-02-22 17:23:52,315 - INFO - ------- Starting EQCCTPro... -------
2026-02-22 17:23:52,315 - INFO - Detailed subprocess information can be found in the log file.
2026-02-22 17:23:52,315 - INFO - 
2026-02-22 17:23:52,752 - INFO - GPU disabled (CPU-only).
2026-02-22 17:23:54,368 - INFO - Configured Intra-op threads = 1
2026-02-22 17:23:54,371 - INFO - Configured Inter-op threads = 1
2026-02-22 17:23:54,411 - INFO - TensorFlow: No GPUs visible; TF will proceed on CPU.
2026-02-22 17:23:54,413 - INFO - 
2026-02-22 17:23:54,415 - INFO - ------- Hardware Configuration -------
2026-02-22 17:23:54,417 - INFO - CPU affinity set to cores: [0, 1, 2, 3]
2026-02-22 17:23:54,419 - INFO - 
2026-02-22 17:23:54,421 - INFO - ------- Data Preprocessing for EQCCTPro -------
2026-02-22 17:23:54,423 - INFO - 1 station(s) in /home/blackwinter/projects/eqcct/eqcctpro/data/waveforms_earthquakes_nonoise/20250704T153116Z_20250704T153216Z
2026-02-22 17:23:54,425 - INFO - Using 1 selected station(s): ['KY02'].
2026-02-22 17:23:54,426 - INFO - Creating model actor(s)...
2026-02-22 17:23:54,428 - INFO - System RAM: Total=7870 MB, Available=1914 MB
2026-02-22 17:23:54,430 - INFO - Usable RAM budget: 7083 MB (90% of total)
2026-02-22 17:23:54,432 - INFO - ===== MEMORY-AWARE CPU ACTOR POOL (EQCCT) =====
2026-02-22 17:23:54,433 - INFO - Requested concurrent tasks: 1
2026-02-22 17:23:54,435 - INFO - Available CPUs: 4
2026-02-22 17:23:54,437 - INFO - Available RAM: 7083 MB
2026-02-22 17:23:54,439 - INFO - RAM per model: 2264 MB
2026-02-22 17:23:54,441 - INFO - Max actors by RAM: 3
2026-02-22 17:23:54,442 - INFO - Creating 1 ModelActor(s)
2026-02-22 17:23:54,444 - INFO - Let Ray handle scheduling (taskset already restricts CPU visibility)
2026-02-22 17:23:54,446 - INFO - Creating ModelActor 1/1 (2.21GB RAM each)...
2026-02-22 17:23:58,441 - INFO - ModelActor 1 created successfully.
2026-02-22 17:23:58,443 - INFO - Created 1 CPU actor(s). Task queue will handle concurrency.
2026-02-22 17:23:58,445 - INFO - Starting EQCCTPro parallelized waveform processing...
2026-02-22 17:23:58,447 - INFO - 
2026-02-22 17:23:58,449 - INFO - ------- Analyzing Seismic Waveforms for P and S Picks via EQCCT -------
2026-02-22 17:23:58,451 - INFO - Analyzing 0:01:00 minute timechunk from 2025-07-04 15:31:16 to 2025-07-04 15:32:16 (0 min overlap)
2026-02-22 17:23:58,453 - INFO - Processing a total of 1 stations, 1 at a time.
2026-02-22 17:24:00,467 - INFO - (1/1) KY02: FAILED reading mSEED.
2026-02-22 17:24:00,469 - INFO - 
2026-02-22 17:24:00,471 - INFO - ------- Parallel Station Waveform Processing Complete For 2025-07-04 15:31:16 to 2025-07-04 15:32:16 Timechunk-------
2026-02-22 17:24:00,473 - INFO - Picks saved at /home/blackwinter/projects/eqcct/eqcctpro/results/csv/bm_eq_nonoise/20250704T153116Z_20250704T153216ZProcess Runtime: 2.02 s
2026-02-22 17:24:00,476 - INFO - Successfully ran EQCCTPro, exiting...
2026-02-22 17:24:01,966 - INFO - Ray Successfully Shutdown.
2026-02-22 17:24:01,966 - INFO - ------- Successfully Picked All Waveform(s) from all Timechunk(s) -------
