2026-02-23 23:54:01,270 - INFO - 
2026-02-23 23:54:01,270 - INFO - ------- Welcome to EQCCTPro -------
2026-02-23 23:54:01,270 - INFO - 
2026-02-23 23:54:01,271 - INFO - Running EQCCT over Requested MSeed Files using CPU(s)...
2026-02-23 23:54:01,271 - INFO - GPU disabled (CPU-only).
2026-02-23 23:54:01,272 - INFO - Configured Intra-op threads = 1
2026-02-23 23:54:01,272 - INFO - Configured Inter-op threads = 1
2026-02-23 23:54:01,272 - INFO - TensorFlow: No GPUs visible; TF will proceed on CPU.
2026-02-23 23:54:01,272 - INFO - 
2026-02-23 23:54:06,905 - INFO - Ray Successfully Initialized with 4 CPU(s) ([0, 1, 2, 3] CPU Affinity Binding).
2026-02-23 23:54:06,905 - INFO - Analyzing 1 time chunk(s) from 2025-05-08 22:49:21 to 2025-05-08 22:50:21 (dt=1min, overlap=0min).
2026-02-23 23:54:06,905 - INFO - Using 1 selected station(s).
2026-02-23 23:54:06,906 - INFO - 
2026-02-23 23:54:06,906 - INFO - ------- Starting EQCCTPro... -------
2026-02-23 23:54:06,906 - INFO - Detailed subprocess information can be found in the log file.
2026-02-23 23:54:06,906 - INFO - 
2026-02-23 23:54:07,267 - INFO - GPU disabled (CPU-only).
2026-02-23 23:54:08,793 - INFO - Configured Intra-op threads = 1
2026-02-23 23:54:08,796 - INFO - Configured Inter-op threads = 1
2026-02-23 23:54:08,835 - INFO - TensorFlow: No GPUs visible; TF will proceed on CPU.
2026-02-23 23:54:08,838 - INFO - 
2026-02-23 23:54:08,840 - INFO - ------- Hardware Configuration -------
2026-02-23 23:54:08,843 - INFO - CPU affinity set to cores: [0, 1, 2, 3]
2026-02-23 23:54:08,845 - INFO - 
2026-02-23 23:54:08,847 - INFO - ------- Data Preprocessing for EQCCTPro -------
2026-02-23 23:54:08,850 - INFO - 1 station(s) in /home/blackwinter/projects/eqcct/eqcctpro/data/waveforms_earthquakes_noise_only/20250508T224921Z_20250508T225021Z
2026-02-23 23:54:08,852 - INFO - Using 1 selected station(s): ['AAL'].
2026-02-23 23:54:08,854 - INFO - Creating model actor(s)...
2026-02-23 23:54:08,856 - INFO - System RAM: Total=7870 MB, Available=2684 MB
2026-02-23 23:54:08,858 - INFO - Usable RAM budget: 7083 MB (90% of total)
2026-02-23 23:54:08,860 - INFO - ===== MEMORY-AWARE CPU ACTOR POOL (EQCCT) =====
2026-02-23 23:54:08,862 - INFO - Requested concurrent tasks: 1
2026-02-23 23:54:08,864 - INFO - Available CPUs: 4
2026-02-23 23:54:08,867 - INFO - Available RAM: 7083 MB
2026-02-23 23:54:08,869 - INFO - RAM per model: 2264 MB
2026-02-23 23:54:08,871 - INFO - Max actors by RAM: 3
2026-02-23 23:54:08,872 - INFO - Creating 1 ModelActor(s)
2026-02-23 23:54:08,874 - INFO - Let Ray handle scheduling (taskset already restricts CPU visibility)
2026-02-23 23:54:08,876 - INFO - Creating ModelActor 1/1 (2.21GB RAM each)...
2026-02-23 23:54:12,749 - INFO - ModelActor 1 created successfully.
2026-02-23 23:54:12,751 - INFO - Created 1 CPU actor(s). Task queue will handle concurrency.
2026-02-23 23:54:12,753 - INFO - Starting EQCCTPro parallelized waveform processing...
2026-02-23 23:54:12,755 - INFO - 
2026-02-23 23:54:12,756 - INFO - ------- Analyzing Seismic Waveforms for P and S Picks via EQCCT -------
2026-02-23 23:54:12,759 - INFO - Analyzing 0:01:00 minute timechunk from 2025-05-08 22:49:21 to 2025-05-08 22:50:21 (0 min overlap)
2026-02-23 23:54:12,761 - INFO - Processing a total of 1 stations, 1 at a time.
2026-02-23 23:54:16,814 - INFO - (1/1) AAL: Finished the prediction in 2.09s. (HP=1.0, LP=45.0)
2026-02-23 23:54:16,816 - INFO - 
2026-02-23 23:54:16,818 - INFO - ------- Parallel Station Waveform Processing Complete For 2025-05-08 22:49:21 to 2025-05-08 22:50:21 Timechunk-------
2026-02-23 23:54:16,820 - INFO - Picks saved at /home/blackwinter/projects/eqcct/eqcctpro/results/csv/bm_eq_noise_only/20250508T224921Z_20250508T225021ZProcess Runtime: 4.06 s
2026-02-23 23:54:16,825 - INFO - Successfully ran EQCCTPro, exiting...
2026-02-23 23:54:18,493 - INFO - Ray Successfully Shutdown.
2026-02-23 23:54:18,493 - INFO - ------- Successfully Picked All Waveform(s) from all Timechunk(s) -------
