2026-02-26 22:20:57,208 - INFO - 
2026-02-26 22:20:57,208 - INFO - ------- Welcome to EQCCTPro -------
2026-02-26 22:20:57,208 - INFO - 
2026-02-26 22:20:57,209 - INFO - Running EQCCT over Requested MSeed Files using CPU(s)...
2026-02-26 22:20:57,209 - INFO - GPU disabled (CPU-only).
2026-02-26 22:20:57,209 - INFO - Configured Intra-op threads = 1
2026-02-26 22:20:57,209 - INFO - Configured Inter-op threads = 1
2026-02-26 22:20:57,210 - INFO - TensorFlow: No GPUs visible; TF will proceed on CPU.
2026-02-26 22:20:57,210 - INFO - 
2026-02-26 22:21:02,406 - INFO - Ray Successfully Initialized with 4 CPU(s) ([0, 1, 2, 3] CPU Affinity Binding).
2026-02-26 22:21:02,406 - INFO - Analyzing 1 time chunk(s) from 2025-01-05 00:33:21 to 2025-01-05 00:34:21 (dt=1min, overlap=0min).
2026-02-26 22:21:02,406 - INFO - Using 1 selected station(s).
2026-02-26 22:21:02,406 - INFO - 
2026-02-26 22:21:02,407 - INFO - ------- Starting EQCCTPro... -------
2026-02-26 22:21:02,407 - INFO - Detailed subprocess information can be found in the log file.
2026-02-26 22:21:02,407 - INFO - 
2026-02-26 22:21:02,762 - INFO - GPU disabled (CPU-only).
2026-02-26 22:21:04,201 - INFO - Configured Intra-op threads = 1
2026-02-26 22:21:04,204 - INFO - Configured Inter-op threads = 1
2026-02-26 22:21:04,245 - INFO - TensorFlow: No GPUs visible; TF will proceed on CPU.
2026-02-26 22:21:04,247 - INFO - 
2026-02-26 22:21:04,250 - INFO - ------- Hardware Configuration -------
2026-02-26 22:21:04,252 - INFO - CPU affinity set to cores: [0, 1, 2, 3]
2026-02-26 22:21:04,254 - INFO - 
2026-02-26 22:21:04,256 - INFO - ------- Data Preprocessing for EQCCTPro -------
2026-02-26 22:21:04,259 - INFO - 1 station(s) in /home/blackwinter/projects/eqcct/eqcctpro/data/waveforms_explosions_nonoise/20250105T003321Z_20250105T003421Z
2026-02-26 22:21:04,261 - INFO - Using 1 selected station(s): ['HEF'].
2026-02-26 22:21:04,262 - INFO - Creating model actor(s)...
2026-02-26 22:21:04,265 - INFO - System RAM: Total=7870 MB, Available=4004 MB
2026-02-26 22:21:04,266 - INFO - Usable RAM budget: 7083 MB (90% of total)
2026-02-26 22:21:04,268 - INFO - ===== MEMORY-AWARE CPU ACTOR POOL (EQCCT) =====
2026-02-26 22:21:04,270 - INFO - Requested concurrent tasks: 1
2026-02-26 22:21:04,272 - INFO - Available CPUs: 4
2026-02-26 22:21:04,273 - INFO - Available RAM: 7083 MB
2026-02-26 22:21:04,275 - INFO - RAM per model: 2264 MB
2026-02-26 22:21:04,277 - INFO - Max actors by RAM: 3
2026-02-26 22:21:04,279 - INFO - Creating 1 ModelActor(s)
2026-02-26 22:21:04,281 - INFO - Let Ray handle scheduling (taskset already restricts CPU visibility)
2026-02-26 22:21:04,283 - INFO - Creating ModelActor 1/1 (2.21GB RAM each)...
2026-02-26 22:21:08,147 - INFO - ModelActor 1 created successfully.
2026-02-26 22:21:08,149 - INFO - Created 1 CPU actor(s). Task queue will handle concurrency.
2026-02-26 22:21:08,152 - INFO - Starting EQCCTPro parallelized waveform processing...
2026-02-26 22:21:08,154 - INFO - 
2026-02-26 22:21:08,157 - INFO - ------- Analyzing Seismic Waveforms for P and S Picks via EQCCT -------
2026-02-26 22:21:08,160 - INFO - Analyzing 0:01:00 minute timechunk from 2025-01-05 00:33:21 to 2025-01-05 00:34:21 (0 min overlap)
2026-02-26 22:21:08,162 - INFO - Processing a total of 1 stations, 1 at a time.
2026-02-26 22:21:12,287 - INFO - (1/1) HEF: Finished the prediction in 2.25s. (HP=1.0, LP=45.0)
2026-02-26 22:21:12,292 - INFO - 
2026-02-26 22:21:12,295 - INFO - ------- Parallel Station Waveform Processing Complete For 2025-01-05 00:33:21 to 2025-01-05 00:34:21 Timechunk-------
2026-02-26 22:21:12,297 - INFO - Picks saved at /home/blackwinter/projects/eqcct/eqcctpro/results/csv/bm_explosions/20250105T003321Z_20250105T003421ZProcess Runtime: 4.14 s
2026-02-26 22:21:12,305 - INFO - Successfully ran EQCCTPro, exiting...
2026-02-26 22:21:13,839 - INFO - Ray Successfully Shutdown.
2026-02-26 22:21:13,839 - INFO - ------- Successfully Picked All Waveform(s) from all Timechunk(s) -------
2026-02-27 05:52:25,120 - INFO - 
2026-02-27 05:52:25,120 - INFO - ------- Welcome to EQCCTPro -------
2026-02-27 05:52:25,120 - INFO - 
2026-02-27 05:52:25,121 - INFO - Running EQCCT over Requested MSeed Files using CPU(s)...
2026-02-27 05:52:25,121 - INFO - GPU disabled (CPU-only).
2026-02-27 05:52:25,121 - INFO - Configured Intra-op threads = 1
2026-02-27 05:52:25,122 - INFO - Configured Inter-op threads = 1
2026-02-27 05:52:25,122 - INFO - TensorFlow: No GPUs visible; TF will proceed on CPU.
2026-02-27 05:52:25,122 - INFO - 
2026-02-27 05:52:30,463 - INFO - Ray Successfully Initialized with 4 CPU(s) ([0, 1, 2, 3] CPU Affinity Binding).
2026-02-27 05:52:30,463 - INFO - Analyzing 1 time chunk(s) from 2025-01-05 00:33:21 to 2025-01-05 00:34:21 (dt=1min, overlap=0min).
2026-02-27 05:52:30,463 - INFO - Using 1 selected station(s).
2026-02-27 05:52:30,464 - INFO - 
2026-02-27 05:52:30,464 - INFO - ------- Starting EQCCTPro... -------
2026-02-27 05:52:30,464 - INFO - Detailed subprocess information can be found in the log file.
2026-02-27 05:52:30,464 - INFO - 
2026-02-27 05:52:30,824 - INFO - GPU disabled (CPU-only).
2026-02-27 05:52:32,320 - INFO - Configured Intra-op threads = 1
2026-02-27 05:52:32,323 - INFO - Configured Inter-op threads = 1
2026-02-27 05:52:32,368 - INFO - TensorFlow: No GPUs visible; TF will proceed on CPU.
2026-02-27 05:52:32,371 - INFO - 
2026-02-27 05:52:32,373 - INFO - ------- Hardware Configuration -------
2026-02-27 05:52:32,375 - INFO - CPU affinity set to cores: [0, 1, 2, 3]
2026-02-27 05:52:32,377 - INFO - 
2026-02-27 05:52:32,379 - INFO - ------- Data Preprocessing for EQCCTPro -------
2026-02-27 05:52:32,381 - INFO - 1 station(s) in /home/blackwinter/projects/eqcct/eqcctpro/data/waveforms_explosions_nonoise/20250105T003321Z_20250105T003421Z
2026-02-27 05:52:32,383 - INFO - Using 1 selected station(s): ['HEF'].
2026-02-27 05:52:32,385 - INFO - Creating model actor(s)...
2026-02-27 05:52:32,388 - INFO - System RAM: Total=7870 MB, Available=4054 MB
2026-02-27 05:52:32,390 - INFO - Usable RAM budget: 7083 MB (90% of total)
2026-02-27 05:52:32,392 - INFO - ===== MEMORY-AWARE CPU ACTOR POOL (EQCCT) =====
2026-02-27 05:52:32,393 - INFO - Requested concurrent tasks: 1
2026-02-27 05:52:32,395 - INFO - Available CPUs: 4
2026-02-27 05:52:32,397 - INFO - Available RAM: 7083 MB
2026-02-27 05:52:32,398 - INFO - RAM per model: 2264 MB
2026-02-27 05:52:32,400 - INFO - Max actors by RAM: 3
2026-02-27 05:52:32,402 - INFO - Creating 1 ModelActor(s)
2026-02-27 05:52:32,404 - INFO - Let Ray handle scheduling (taskset already restricts CPU visibility)
2026-02-27 05:52:32,406 - INFO - Creating ModelActor 1/1 (2.21GB RAM each)...
2026-02-27 05:52:36,327 - INFO - ModelActor 1 created successfully.
2026-02-27 05:52:36,329 - INFO - Created 1 CPU actor(s). Task queue will handle concurrency.
2026-02-27 05:52:36,331 - INFO - Starting EQCCTPro parallelized waveform processing...
2026-02-27 05:52:36,332 - INFO - 
2026-02-27 05:52:36,334 - INFO - ------- Analyzing Seismic Waveforms for P and S Picks via EQCCT -------
2026-02-27 05:52:36,336 - INFO - Analyzing 0:01:00 minute timechunk from 2025-01-05 00:33:21 to 2025-01-05 00:34:21 (0 min overlap)
2026-02-27 05:52:36,339 - INFO - Processing a total of 1 stations, 1 at a time.
2026-02-27 05:52:38,209 - INFO - (1/1) HEF: Skipped (already exists - overwrite=False).
2026-02-27 05:52:38,211 - INFO - 
2026-02-27 05:52:38,214 - INFO - ------- Parallel Station Waveform Processing Complete For 2025-01-05 00:33:21 to 2025-01-05 00:34:21 Timechunk-------
2026-02-27 05:52:38,216 - INFO - Picks saved at /home/blackwinter/projects/eqcct/eqcctpro/results/csv/bm_explosions/20250105T003321Z_20250105T003421ZProcess Runtime: 1.88 s
2026-02-27 05:52:38,229 - INFO - Successfully ran EQCCTPro, exiting...
2026-02-27 05:52:39,742 - INFO - Ray Successfully Shutdown.
2026-02-27 05:52:39,742 - INFO - ------- Successfully Picked All Waveform(s) from all Timechunk(s) -------
