2026-03-28 21:37:58,972 - INFO - 
2026-03-28 21:37:58,972 - INFO - ------- Welcome to EQCCTPro -------
2026-03-28 21:37:58,972 - INFO - 
2026-03-28 21:37:58,973 - INFO - Running EQCCT over Requested MSeed Files using CPU(s)...
2026-03-28 21:37:58,973 - INFO - GPU disabled (CPU-only).
2026-03-29 02:02:42,245 - INFO - 
2026-03-29 02:02:42,246 - INFO - ------- Welcome to EQCCTPro -------
2026-03-29 02:02:42,246 - INFO - 
2026-03-29 02:02:42,246 - INFO - Running EQCCT over Requested MSeed Files using CPU(s)...
2026-03-29 02:02:42,246 - INFO - GPU disabled (CPU-only).
2026-03-29 02:02:42,247 - INFO - Configured Intra-op threads = 1
2026-03-29 02:02:42,247 - INFO - Configured Inter-op threads = 1
2026-03-29 02:02:42,247 - INFO - TensorFlow: No GPUs visible; TF will proceed on CPU.
2026-03-29 02:02:42,247 - INFO - 
2026-03-29 02:02:47,539 - INFO - Ray Successfully Initialized with 4 CPU(s) ([0, 1, 2, 3] CPU Affinity Binding).
2026-03-29 02:02:47,539 - INFO - Analyzing 1 time chunk(s) from 2025-01-14 11:37:33 to 2025-01-14 11:38:33 (dt=1min, overlap=0min).
2026-03-29 02:02:47,540 - INFO - Using 1 selected station(s).
2026-03-29 02:02:47,540 - INFO - 
2026-03-29 02:02:47,540 - INFO - ------- Starting EQCCTPro... -------
2026-03-29 02:02:47,540 - INFO - Detailed subprocess information can be found in the log file.
2026-03-29 02:02:47,540 - INFO - 
2026-03-29 02:02:47,978 - INFO - GPU disabled (CPU-only).
2026-03-29 02:02:49,677 - INFO - Configured Intra-op threads = 1
2026-03-29 02:02:49,679 - INFO - Configured Inter-op threads = 1
2026-03-29 02:02:49,722 - INFO - TensorFlow: No GPUs visible; TF will proceed on CPU.
2026-03-29 02:02:49,724 - INFO - 
2026-03-29 02:02:49,727 - INFO - ------- Hardware Configuration -------
2026-03-29 02:02:49,729 - INFO - CPU affinity set to cores: [0, 1, 2, 3]
2026-03-29 02:02:49,732 - INFO - 
2026-03-29 02:02:49,735 - INFO - ------- Data Preprocessing for EQCCTPro -------
2026-03-29 02:02:49,737 - INFO - 1 station(s) in /home/blackwinter/projects/eqcct/eqcctpro/data/waveforms_explosions_nonoise/20250114T113733Z_20250114T113833Z
2026-03-29 02:02:49,740 - INFO - Using 1 selected station(s): ['OUF'].
2026-03-29 02:02:49,743 - INFO - Creating model actor(s)...
2026-03-29 02:02:49,745 - INFO - System RAM: Total=7870 MB, Available=3165 MB
2026-03-29 02:02:49,748 - INFO - Usable RAM budget: 7083 MB (90% of total)
2026-03-29 02:02:49,750 - INFO - ===== MEMORY-AWARE CPU ACTOR POOL (EQCCT) =====
2026-03-29 02:02:49,753 - INFO - Requested concurrent tasks: 1
2026-03-29 02:02:49,756 - INFO - Available CPUs: 4
2026-03-29 02:02:49,759 - INFO - Available RAM: 7083 MB
2026-03-29 02:02:49,761 - INFO - RAM per model: 2264 MB
2026-03-29 02:02:49,764 - INFO - Max actors by RAM: 3
2026-03-29 02:02:49,767 - INFO - Creating 1 ModelActor(s)
2026-03-29 02:02:49,769 - INFO - Let Ray handle scheduling (taskset already restricts CPU visibility)
2026-03-29 02:02:49,772 - INFO - Creating ModelActor 1/1 (2.21GB RAM each)...
2026-03-29 02:02:54,115 - INFO - ModelActor 1 created successfully.
2026-03-29 02:02:54,117 - INFO - Created 1 CPU actor(s). Task queue will handle concurrency.
2026-03-29 02:02:54,121 - INFO - Starting EQCCTPro parallelized waveform processing...
2026-03-29 02:02:54,124 - INFO - 
2026-03-29 02:02:54,127 - INFO - ------- Analyzing Seismic Waveforms for P and S Picks via EQCCT -------
2026-03-29 02:02:54,130 - INFO - Analyzing 0:01:00 minute timechunk from 2025-01-14 11:37:33 to 2025-01-14 11:38:33 (0 min overlap)
2026-03-29 02:02:54,133 - INFO - Processing a total of 1 stations, 1 at a time.
2026-03-29 02:02:58,663 - INFO - (1/1) OUF: Finished the prediction in 2.44s. (HP=1.0, LP=45.0)
2026-03-29 02:02:58,665 - INFO - 
2026-03-29 02:02:58,668 - INFO - ------- Parallel Station Waveform Processing Complete For 2025-01-14 11:37:33 to 2025-01-14 11:38:33 Timechunk-------
2026-03-29 02:02:58,672 - INFO - Picks saved at /home/blackwinter/projects/eqcct/eqcctpro/results/csv/eqcct_explosions_th0_1/20250114T113733Z_20250114T113833ZProcess Runtime: 4.54 s
2026-03-29 02:02:58,676 - INFO - Successfully ran EQCCTPro, exiting...
2026-03-29 02:03:00,299 - INFO - Ray Successfully Shutdown.
2026-03-29 02:03:00,299 - INFO - ------- Successfully Picked All Waveform(s) from all Timechunk(s) -------
