2026-03-28 20:57:33,097 - INFO - 
2026-03-28 20:57:33,097 - INFO - ------- Welcome to EQCCTPro -------
2026-03-28 20:57:33,098 - INFO - 
2026-03-28 20:57:33,099 - INFO - Running EQCCT over Requested MSeed Files using CPU(s)...
2026-03-28 20:57:33,099 - INFO - GPU disabled (CPU-only).
2026-03-28 20:57:33,099 - INFO - Skipping framework-specific initialization in the driver process.
2026-03-28 20:57:35,845 - INFO - Ray Successfully Initialized with 4 CPU(s) ([0, 1, 2, 3] CPU Affinity Binding).
2026-03-28 20:57:35,845 - INFO - Analyzing 1 time chunk(s) from 2025-01-24 10:03:19 to 2025-01-24 10:04:19 (dt=1min, overlap=0min).
2026-03-28 20:57:35,845 - INFO - Using 1 selected station(s).
2026-03-28 20:57:35,845 - INFO - 
2026-03-28 20:57:35,846 - INFO - ------- Starting EQCCTPro... -------
2026-03-28 20:57:35,846 - INFO - Detailed subprocess information can be found in the log file.
2026-03-28 20:57:35,846 - INFO - 
2026-03-28 20:57:36,174 - INFO - GPU disabled (CPU-only).
2026-03-28 20:57:36,180 - INFO - Skipping framework-specific initialization in the driver process.
2026-03-28 20:57:36,184 - INFO - ------- Hardware Configuration -------
2026-03-28 20:57:36,187 - INFO - CPU affinity set to cores: [0, 1, 2, 3]
2026-03-28 20:57:36,189 - INFO - 
2026-03-28 20:57:36,192 - INFO - ------- Data Preprocessing for EQCCTPro -------
2026-03-28 20:57:36,195 - INFO - 1 station(s) in /home/blackwinter/projects/eqcct/eqcctpro/data/waveforms_explosions_nonoise/20250124T100319Z_20250124T100419Z
2026-03-28 20:57:36,198 - INFO - Using 1 selected station(s): ['RAF'].
2026-03-28 20:57:36,200 - INFO - Creating model actor(s)...
2026-03-28 20:57:36,203 - INFO - System RAM: Total=7870 MB, Available=4100 MB
2026-03-28 20:57:36,205 - INFO - Usable RAM budget: 7083 MB (90% of total)
2026-03-28 20:57:36,208 - INFO - ===== MEMORY-AWARE CPU ACTOR POOL =====
2026-03-28 20:57:36,210 - INFO - Requested concurrent tasks: 1
2026-03-28 20:57:36,213 - INFO - Available CPUs: 4
2026-03-28 20:57:36,215 - INFO - Available RAM: 7083 MB
2026-03-28 20:57:36,218 - INFO - RAM per model: 2060 MB
2026-03-28 20:57:36,221 - INFO - Max actors by RAM: 3
2026-03-28 20:57:36,224 - INFO - Creating 1 SeisBenchModelActor(s)
2026-03-28 20:57:36,228 - INFO - Let Ray handle scheduling (taskset already restricts CPU visibility)
2026-03-28 20:57:36,230 - INFO - Creating SeisBenchModelActor 1/1 (2.01GB RAM each)...
2026-03-28 20:57:39,531 - INFO - SeisBenchModelActor 1 created successfully.
2026-03-28 20:57:39,534 - INFO - Created 1 CPU actor(s). Task queue will handle concurrency.
2026-03-28 20:57:39,537 - INFO - Starting EQCCTPro parallelized waveform processing...
2026-03-28 20:57:39,539 - INFO - 
2026-03-28 20:57:39,542 - INFO - ------- Analyzing Seismic Waveforms for P and S Picks via SeisBench (EQTransformer - original_nonconservative) -------
2026-03-28 20:57:39,545 - INFO - Analyzing 0:01:00 minute timechunk from 2025-01-24 10:03:19 to 2025-01-24 10:04:19 (0 min overlap)
2026-03-28 20:57:39,549 - INFO - Processing a total of 1 stations, 1 at a time.
2026-03-28 20:57:41,913 - INFO - (1/1) RAF: Finished the prediction in 0.15s. (HP=1.0, LP=45.0, picks=2)
2026-03-28 20:57:41,916 - INFO - 
2026-03-28 20:57:41,920 - INFO - ------- Parallel Station Waveform Processing Complete For 2025-01-24 10:03:19 to 2025-01-24 10:04:19 Timechunk-------
2026-03-28 20:57:41,923 - INFO - Picks saved at /home/blackwinter/projects/eqcct/eqcctpro/results/csv/eqt_explosions_th0_1/20250124T100319Z_20250124T100419ZProcess Runtime: 2.38 s
2026-03-28 20:57:41,928 - INFO - Successfully ran EQCCTPro, exiting...
2026-03-28 20:57:43,739 - INFO - Ray Successfully Shutdown.
2026-03-28 20:57:43,739 - INFO - ------- Successfully Picked All Waveform(s) from all Timechunk(s) -------
