2026-02-27 01:42:47,165 - INFO - 
2026-02-27 01:42:47,165 - INFO - ------- Welcome to EQCCTPro -------
2026-02-27 01:42:47,165 - INFO - 
2026-02-27 01:42:47,166 - INFO - Running EQCCT over Requested MSeed Files using CPU(s)...
2026-02-27 01:42:47,166 - INFO - GPU disabled (CPU-only).
2026-02-27 01:42:47,166 - INFO - Configured Intra-op threads = 1
2026-02-27 01:42:47,167 - INFO - Configured Inter-op threads = 1
2026-02-27 01:42:47,167 - INFO - TensorFlow: No GPUs visible; TF will proceed on CPU.
2026-02-27 01:42:47,167 - INFO - 
2026-02-27 01:42:52,718 - INFO - Ray Successfully Initialized with 4 CPU(s) ([0, 1, 2, 3] CPU Affinity Binding).
2026-02-27 01:42:52,718 - INFO - Analyzing 1 time chunk(s) from 2025-01-14 14:01:12 to 2025-01-14 14:02:12 (dt=1min, overlap=0min).
2026-02-27 01:42:52,718 - INFO - Using 1 selected station(s).
2026-02-27 01:42:52,718 - INFO - 
2026-02-27 01:42:52,718 - INFO - ------- Starting EQCCTPro... -------
2026-02-27 01:42:52,719 - INFO - Detailed subprocess information can be found in the log file.
2026-02-27 01:42:52,719 - INFO - 
2026-02-27 01:42:53,101 - INFO - GPU disabled (CPU-only).
2026-02-27 01:42:54,678 - INFO - Configured Intra-op threads = 1
2026-02-27 01:42:54,680 - INFO - Configured Inter-op threads = 1
2026-02-27 01:42:54,726 - INFO - TensorFlow: No GPUs visible; TF will proceed on CPU.
2026-02-27 01:42:54,728 - INFO - 
2026-02-27 01:42:54,730 - INFO - ------- Hardware Configuration -------
2026-02-27 01:42:54,733 - INFO - CPU affinity set to cores: [0, 1, 2, 3]
2026-02-27 01:42:54,735 - INFO - 
2026-02-27 01:42:54,737 - INFO - ------- Data Preprocessing for EQCCTPro -------
2026-02-27 01:42:54,739 - INFO - 1 station(s) in /home/blackwinter/projects/eqcct/eqcctpro/data/waveforms_explosions_nonoise/20250114T140112Z_20250114T140212Z
2026-02-27 01:42:54,741 - INFO - Using 1 selected station(s): ['KAF'].
2026-02-27 01:42:54,743 - INFO - Creating model actor(s)...
2026-02-27 01:42:54,745 - INFO - System RAM: Total=7870 MB, Available=2914 MB
2026-02-27 01:42:54,746 - INFO - Usable RAM budget: 7083 MB (90% of total)
2026-02-27 01:42:54,748 - INFO - ===== MEMORY-AWARE CPU ACTOR POOL (EQCCT) =====
2026-02-27 01:42:54,750 - INFO - Requested concurrent tasks: 1
2026-02-27 01:42:54,752 - INFO - Available CPUs: 4
2026-02-27 01:42:54,754 - INFO - Available RAM: 7083 MB
2026-02-27 01:42:54,757 - INFO - RAM per model: 2264 MB
2026-02-27 01:42:54,759 - INFO - Max actors by RAM: 3
2026-02-27 01:42:54,761 - INFO - Creating 1 ModelActor(s)
2026-02-27 01:42:54,763 - INFO - Let Ray handle scheduling (taskset already restricts CPU visibility)
2026-02-27 01:42:54,766 - INFO - Creating ModelActor 1/1 (2.21GB RAM each)...
2026-02-27 01:42:58,658 - INFO - ModelActor 1 created successfully.
2026-02-27 01:42:58,660 - INFO - Created 1 CPU actor(s). Task queue will handle concurrency.
2026-02-27 01:42:58,662 - INFO - Starting EQCCTPro parallelized waveform processing...
2026-02-27 01:42:58,663 - INFO - 
2026-02-27 01:42:58,665 - INFO - ------- Analyzing Seismic Waveforms for P and S Picks via EQCCT -------
2026-02-27 01:42:58,667 - INFO - Analyzing 0:01:00 minute timechunk from 2025-01-14 14:01:12 to 2025-01-14 14:02:12 (0 min overlap)
2026-02-27 01:42:58,670 - INFO - Processing a total of 1 stations, 1 at a time.
2026-02-27 01:43:02,656 - INFO - (1/1) KAF: Finished the prediction in 2.09s. (HP=1.0, LP=45.0)
2026-02-27 01:43:02,658 - INFO - 
2026-02-27 01:43:02,660 - INFO - ------- Parallel Station Waveform Processing Complete For 2025-01-14 14:01:12 to 2025-01-14 14:02:12 Timechunk-------
2026-02-27 01:43:02,662 - INFO - Picks saved at /home/blackwinter/projects/eqcct/eqcctpro/results/csv/bm_explosions/20250114T140112Z_20250114T140212ZProcess Runtime: 4.00 s
2026-02-27 01:43:02,667 - INFO - Successfully ran EQCCTPro, exiting...
2026-02-27 01:43:04,293 - INFO - Ray Successfully Shutdown.
2026-02-27 01:43:04,293 - INFO - ------- Successfully Picked All Waveform(s) from all Timechunk(s) -------
2026-02-27 08:47:04,759 - INFO - 
2026-02-27 08:47:04,765 - INFO - ------- Welcome to EQCCTPro -------
2026-02-27 08:47:04,765 - INFO - 
2026-02-27 08:47:04,766 - INFO - Running EQCCT over Requested MSeed Files using CPU(s)...
2026-02-27 08:47:04,767 - INFO - GPU disabled (CPU-only).
2026-02-27 08:47:04,767 - INFO - Configured Intra-op threads = 1
2026-02-27 08:47:04,767 - INFO - Configured Inter-op threads = 1
2026-02-27 08:47:04,767 - INFO - TensorFlow: No GPUs visible; TF will proceed on CPU.
2026-02-27 08:47:04,767 - INFO - 
2026-02-27 08:47:09,922 - INFO - Ray Successfully Initialized with 4 CPU(s) ([0, 1, 2, 3] CPU Affinity Binding).
2026-02-27 08:47:09,923 - INFO - Analyzing 1 time chunk(s) from 2025-01-14 14:01:12 to 2025-01-14 14:02:12 (dt=1min, overlap=0min).
2026-02-27 08:47:09,923 - INFO - Using 1 selected station(s).
2026-02-27 08:47:09,923 - INFO - 
2026-02-27 08:47:09,923 - INFO - ------- Starting EQCCTPro... -------
2026-02-27 08:47:09,923 - INFO - Detailed subprocess information can be found in the log file.
2026-02-27 08:47:09,923 - INFO - 
2026-02-27 08:47:10,299 - INFO - GPU disabled (CPU-only).
2026-02-27 08:47:11,805 - INFO - Configured Intra-op threads = 1
2026-02-27 08:47:11,807 - INFO - Configured Inter-op threads = 1
2026-02-27 08:47:11,848 - INFO - TensorFlow: No GPUs visible; TF will proceed on CPU.
2026-02-27 08:47:11,851 - INFO - 
2026-02-27 08:47:11,853 - INFO - ------- Hardware Configuration -------
2026-02-27 08:47:11,856 - INFO - CPU affinity set to cores: [0, 1, 2, 3]
2026-02-27 08:47:11,858 - INFO - 
2026-02-27 08:47:11,861 - INFO - ------- Data Preprocessing for EQCCTPro -------
2026-02-27 08:47:11,863 - INFO - 1 station(s) in /home/blackwinter/projects/eqcct/eqcctpro/data/waveforms_explosions_nonoise/20250114T140112Z_20250114T140212Z
2026-02-27 08:47:11,865 - INFO - Using 1 selected station(s): ['KAF'].
2026-02-27 08:47:11,867 - INFO - Creating model actor(s)...
2026-02-27 08:47:11,869 - INFO - System RAM: Total=7870 MB, Available=3110 MB
2026-02-27 08:47:11,870 - INFO - Usable RAM budget: 7083 MB (90% of total)
2026-02-27 08:47:11,872 - INFO - ===== MEMORY-AWARE CPU ACTOR POOL (EQCCT) =====
2026-02-27 08:47:11,874 - INFO - Requested concurrent tasks: 1
2026-02-27 08:47:11,876 - INFO - Available CPUs: 4
2026-02-27 08:47:11,877 - INFO - Available RAM: 7083 MB
2026-02-27 08:47:11,879 - INFO - RAM per model: 2264 MB
2026-02-27 08:47:11,881 - INFO - Max actors by RAM: 3
2026-02-27 08:47:11,883 - INFO - Creating 1 ModelActor(s)
2026-02-27 08:47:11,884 - INFO - Let Ray handle scheduling (taskset already restricts CPU visibility)
2026-02-27 08:47:11,886 - INFO - Creating ModelActor 1/1 (2.21GB RAM each)...
2026-02-27 08:47:15,859 - INFO - ModelActor 1 created successfully.
2026-02-27 08:47:15,864 - INFO - Created 1 CPU actor(s). Task queue will handle concurrency.
2026-02-27 08:47:15,866 - INFO - Starting EQCCTPro parallelized waveform processing...
2026-02-27 08:47:15,868 - INFO - 
2026-02-27 08:47:15,870 - INFO - ------- Analyzing Seismic Waveforms for P and S Picks via EQCCT -------
2026-02-27 08:47:15,872 - INFO - Analyzing 0:01:00 minute timechunk from 2025-01-14 14:01:12 to 2025-01-14 14:02:12 (0 min overlap)
2026-02-27 08:47:15,874 - INFO - Processing a total of 1 stations, 1 at a time.
2026-02-27 08:47:17,783 - INFO - (1/1) KAF: Skipped (already exists - overwrite=False).
2026-02-27 08:47:17,786 - INFO - 
2026-02-27 08:47:17,788 - INFO - ------- Parallel Station Waveform Processing Complete For 2025-01-14 14:01:12 to 2025-01-14 14:02:12 Timechunk-------
2026-02-27 08:47:17,790 - INFO - Picks saved at /home/blackwinter/projects/eqcct/eqcctpro/results/csv/bm_explosions/20250114T140112Z_20250114T140212ZProcess Runtime: 1.92 s
2026-02-27 08:47:17,794 - INFO - Successfully ran EQCCTPro, exiting...
2026-02-27 08:47:19,282 - INFO - Ray Successfully Shutdown.
2026-02-27 08:47:19,283 - INFO - ------- Successfully Picked All Waveform(s) from all Timechunk(s) -------
