2026-03-28 09:48:56,906 - INFO - 
2026-03-28 09:48:56,906 - INFO - ------- Welcome to EQCCTPro -------
2026-03-28 09:48:56,906 - INFO - 
2026-03-28 09:48:56,906 - INFO - Running EQCCT over Requested MSeed Files using CPU(s)...
2026-03-28 09:48:56,907 - INFO - GPU disabled (CPU-only).
2026-03-28 09:48:56,907 - INFO - Skipping framework-specific initialization in the driver process.
2026-03-28 09:48:58,360 - INFO - Ray Successfully Initialized with 4 CPU(s) ([0, 1, 2, 3] CPU Affinity Binding).
2026-03-28 09:48:58,361 - INFO - Analyzing 1 time chunk(s) from 2025-01-03 23:30:05 to 2025-01-03 23:31:05 (dt=1min, overlap=0min).
2026-03-28 09:48:58,361 - INFO - Using 1 selected station(s).
2026-03-28 09:48:58,361 - INFO - 
2026-03-28 09:48:58,361 - INFO - ------- Starting EQCCTPro... -------
2026-03-28 09:48:58,361 - INFO - Detailed subprocess information can be found in the log file.
2026-03-28 09:48:58,362 - INFO - 
2026-03-28 09:48:58,834 - INFO - GPU disabled (CPU-only).
2026-03-28 09:48:58,839 - INFO - Skipping framework-specific initialization in the driver process.
2026-03-28 09:48:58,842 - INFO - ------- Hardware Configuration -------
2026-03-28 09:48:58,846 - INFO - CPU affinity set to cores: [0, 1, 2, 3]
2026-03-28 09:48:58,849 - INFO - 
2026-03-28 09:48:58,851 - INFO - ------- Data Preprocessing for EQCCTPro -------
2026-03-28 09:48:58,853 - INFO - 1 station(s) in /home/blackwinter/projects/eqcct/eqcctpro/data/waveforms_noise_only/20250103T233005Z_20250103T233105Z
2026-03-28 09:48:58,855 - INFO - Using 1 selected station(s): ['KMNF'].
2026-03-28 09:48:58,857 - INFO - Creating model actor(s)...
2026-03-28 09:48:58,859 - INFO - System RAM: Total=7870 MB, Available=4739 MB
2026-03-28 09:48:58,862 - INFO - Usable RAM budget: 7083 MB (90% of total)
2026-03-28 09:48:58,864 - INFO - ===== MEMORY-AWARE CPU ACTOR POOL =====
2026-03-28 09:48:58,867 - INFO - Requested concurrent tasks: 1
2026-03-28 09:48:58,869 - INFO - Available CPUs: 4
2026-03-28 09:48:58,871 - INFO - Available RAM: 7083 MB
2026-03-28 09:48:58,874 - INFO - RAM per model: 2060 MB
2026-03-28 09:48:58,876 - INFO - Max actors by RAM: 3
2026-03-28 09:48:58,879 - INFO - Creating 1 SeisBenchModelActor(s)
2026-03-28 09:48:58,881 - INFO - Let Ray handle scheduling (taskset already restricts CPU visibility)
2026-03-28 09:48:58,884 - INFO - Creating SeisBenchModelActor 1/1 (2.01GB RAM each)...
2026-03-28 09:49:01,884 - INFO - SeisBenchModelActor 1 created successfully.
2026-03-28 09:49:01,886 - INFO - Created 1 CPU actor(s). Task queue will handle concurrency.
2026-03-28 09:49:01,889 - INFO - Starting EQCCTPro parallelized waveform processing...
2026-03-28 09:49:01,893 - INFO - 
2026-03-28 09:49:01,896 - INFO - ------- Analyzing Seismic Waveforms for P and S Picks via SeisBench (EQTransformer - original_nonconservative) -------
2026-03-28 09:49:01,901 - INFO - Analyzing 0:01:00 minute timechunk from 2025-01-03 23:30:05 to 2025-01-03 23:31:05 (0 min overlap)
2026-03-28 09:49:01,905 - INFO - Processing a total of 1 stations, 1 at a time.
2026-03-28 09:49:04,061 - INFO - (1/1) KMNF: Finished the prediction in 0.15s. (HP=1.0, LP=45.0, picks=0)
2026-03-28 09:49:04,064 - INFO - 
2026-03-28 09:49:04,066 - INFO - ------- Parallel Station Waveform Processing Complete For 2025-01-03 23:30:05 to 2025-01-03 23:31:05 Timechunk-------
2026-03-28 09:49:04,069 - INFO - Picks saved at /home/blackwinter/projects/eqcct/eqcctpro/results/csv/eqt_noise_th0_1/20250103T233005Z_20250103T233105ZProcess Runtime: 2.17 s
2026-03-28 09:49:04,073 - INFO - Successfully ran EQCCTPro, exiting...
2026-03-28 09:49:05,499 - INFO - Ray Successfully Shutdown.
2026-03-28 09:49:05,499 - INFO - ------- Successfully Picked All Waveform(s) from all Timechunk(s) -------
