2026-03-28 21:37:57,884 - INFO - 
2026-03-28 21:37:57,885 - INFO - ------- Welcome to EQCCTPro -------
2026-03-28 21:37:57,885 - INFO - 
2026-03-28 21:37:57,885 - INFO - Running EQCCT over Requested MSeed Files using CPU(s)...
2026-03-28 21:37:57,886 - INFO - GPU disabled (CPU-only).
2026-03-29 00:10:05,366 - INFO - 
2026-03-29 00:10:05,367 - INFO - ------- Welcome to EQCCTPro -------
2026-03-29 00:10:05,367 - INFO - 
2026-03-29 00:10:05,368 - INFO - Running EQCCT over Requested MSeed Files using CPU(s)...
2026-03-29 00:10:05,368 - INFO - GPU disabled (CPU-only).
2026-03-29 00:10:05,368 - INFO - Configured Intra-op threads = 1
2026-03-29 00:10:05,368 - INFO - Configured Inter-op threads = 1
2026-03-29 00:10:05,369 - INFO - TensorFlow: No GPUs visible; TF will proceed on CPU.
2026-03-29 00:10:05,369 - INFO - 
2026-03-29 00:10:10,540 - INFO - Ray Successfully Initialized with 4 CPU(s) ([0, 1, 2, 3] CPU Affinity Binding).
2026-03-29 00:10:10,541 - INFO - Analyzing 1 time chunk(s) from 2025-01-10 10:05:18 to 2025-01-10 10:06:18 (dt=1min, overlap=0min).
2026-03-29 00:10:10,541 - INFO - Using 1 selected station(s).
2026-03-29 00:10:10,541 - INFO - 
2026-03-29 00:10:10,541 - INFO - ------- Starting EQCCTPro... -------
2026-03-29 00:10:10,541 - INFO - Detailed subprocess information can be found in the log file.
2026-03-29 00:10:10,541 - INFO - 
2026-03-29 00:10:10,940 - INFO - GPU disabled (CPU-only).
2026-03-29 00:10:12,621 - INFO - Configured Intra-op threads = 1
2026-03-29 00:10:12,623 - INFO - Configured Inter-op threads = 1
2026-03-29 00:10:12,667 - INFO - TensorFlow: No GPUs visible; TF will proceed on CPU.
2026-03-29 00:10:12,670 - INFO - 
2026-03-29 00:10:12,672 - INFO - ------- Hardware Configuration -------
2026-03-29 00:10:12,675 - INFO - CPU affinity set to cores: [0, 1, 2, 3]
2026-03-29 00:10:12,678 - INFO - 
2026-03-29 00:10:12,680 - INFO - ------- Data Preprocessing for EQCCTPro -------
2026-03-29 00:10:12,683 - INFO - 1 station(s) in /home/blackwinter/projects/eqcct/eqcctpro/data/waveforms_explosions_nonoise/20250110T100518Z_20250110T100618Z
2026-03-29 00:10:12,685 - INFO - Using 1 selected station(s): ['VAF'].
2026-03-29 00:10:12,688 - INFO - Creating model actor(s)...
2026-03-29 00:10:12,690 - INFO - System RAM: Total=7870 MB, Available=3512 MB
2026-03-29 00:10:12,693 - INFO - Usable RAM budget: 7083 MB (90% of total)
2026-03-29 00:10:12,696 - INFO - ===== MEMORY-AWARE CPU ACTOR POOL (EQCCT) =====
2026-03-29 00:10:12,698 - INFO - Requested concurrent tasks: 1
2026-03-29 00:10:12,701 - INFO - Available CPUs: 4
2026-03-29 00:10:12,703 - INFO - Available RAM: 7083 MB
2026-03-29 00:10:12,705 - INFO - RAM per model: 2264 MB
2026-03-29 00:10:12,708 - INFO - Max actors by RAM: 3
2026-03-29 00:10:12,710 - INFO - Creating 1 ModelActor(s)
2026-03-29 00:10:12,713 - INFO - Let Ray handle scheduling (taskset already restricts CPU visibility)
2026-03-29 00:10:12,715 - INFO - Creating ModelActor 1/1 (2.21GB RAM each)...
2026-03-29 00:10:17,122 - INFO - ModelActor 1 created successfully.
2026-03-29 00:10:17,124 - INFO - Created 1 CPU actor(s). Task queue will handle concurrency.
2026-03-29 00:10:17,127 - INFO - Starting EQCCTPro parallelized waveform processing...
2026-03-29 00:10:17,130 - INFO - 
2026-03-29 00:10:17,133 - INFO - ------- Analyzing Seismic Waveforms for P and S Picks via EQCCT -------
2026-03-29 00:10:17,136 - INFO - Analyzing 0:01:00 minute timechunk from 2025-01-10 10:05:18 to 2025-01-10 10:06:18 (0 min overlap)
2026-03-29 00:10:17,138 - INFO - Processing a total of 1 stations, 1 at a time.
2026-03-29 00:10:21,541 - INFO - (1/1) VAF: Finished the prediction in 2.4s. (HP=1.0, LP=45.0)
2026-03-29 00:10:21,543 - INFO - 
2026-03-29 00:10:21,546 - INFO - ------- Parallel Station Waveform Processing Complete For 2025-01-10 10:05:18 to 2025-01-10 10:06:18 Timechunk-------
2026-03-29 00:10:21,549 - INFO - Picks saved at /home/blackwinter/projects/eqcct/eqcctpro/results/csv/eqcct_explosions_th0_1/20250110T100518Z_20250110T100618ZProcess Runtime: 4.42 s
2026-03-29 00:10:21,553 - INFO - Successfully ran EQCCTPro, exiting...
2026-03-29 00:10:22,977 - INFO - Ray Successfully Shutdown.
2026-03-29 00:10:22,978 - INFO - ------- Successfully Picked All Waveform(s) from all Timechunk(s) -------
