2026-03-28 19:51:07,453 - INFO - 
2026-03-28 19:51:07,453 - INFO - ------- Welcome to EQCCTPro -------
2026-03-28 19:51:07,453 - INFO - 
2026-03-28 19:51:07,453 - INFO - Running EQCCT over Requested MSeed Files using CPU(s)...
2026-03-28 19:51:07,454 - INFO - GPU disabled (CPU-only).
2026-03-28 19:51:07,454 - INFO - Skipping framework-specific initialization in the driver process.
2026-03-28 19:51:10,121 - INFO - Ray Successfully Initialized with 4 CPU(s) ([0, 1, 2, 3] CPU Affinity Binding).
2026-03-28 19:51:10,121 - INFO - Analyzing 1 time chunk(s) from 2025-01-21 17:38:25 to 2025-01-21 17:39:25 (dt=1min, overlap=0min).
2026-03-28 19:51:10,121 - INFO - Using 1 selected station(s).
2026-03-28 19:51:10,122 - INFO - 
2026-03-28 19:51:10,122 - INFO - ------- Starting EQCCTPro... -------
2026-03-28 19:51:10,122 - INFO - Detailed subprocess information can be found in the log file.
2026-03-28 19:51:10,123 - INFO - 
2026-03-28 19:51:10,475 - INFO - GPU disabled (CPU-only).
2026-03-28 19:51:10,481 - INFO - Skipping framework-specific initialization in the driver process.
2026-03-28 19:51:10,483 - INFO - ------- Hardware Configuration -------
2026-03-28 19:51:10,489 - INFO - CPU affinity set to cores: [0, 1, 2, 3]
2026-03-28 19:51:10,492 - INFO - 
2026-03-28 19:51:10,496 - INFO - ------- Data Preprocessing for EQCCTPro -------
2026-03-28 19:51:10,499 - INFO - 1 station(s) in /home/blackwinter/projects/eqcct/eqcctpro/data/waveforms_explosions_nonoise/20250121T173825Z_20250121T173925Z
2026-03-28 19:51:10,502 - INFO - Using 1 selected station(s): ['KU1'].
2026-03-28 19:51:10,505 - INFO - Creating model actor(s)...
2026-03-28 19:51:10,507 - INFO - System RAM: Total=7870 MB, Available=4019 MB
2026-03-28 19:51:10,510 - INFO - Usable RAM budget: 7083 MB (90% of total)
2026-03-28 19:51:10,513 - INFO - ===== MEMORY-AWARE CPU ACTOR POOL =====
2026-03-28 19:51:10,515 - INFO - Requested concurrent tasks: 1
2026-03-28 19:51:10,518 - INFO - Available CPUs: 4
2026-03-28 19:51:10,521 - INFO - Available RAM: 7083 MB
2026-03-28 19:51:10,524 - INFO - RAM per model: 2060 MB
2026-03-28 19:51:10,526 - INFO - Max actors by RAM: 3
2026-03-28 19:51:10,528 - INFO - Creating 1 SeisBenchModelActor(s)
2026-03-28 19:51:10,530 - INFO - Let Ray handle scheduling (taskset already restricts CPU visibility)
2026-03-28 19:51:10,532 - INFO - Creating SeisBenchModelActor 1/1 (2.01GB RAM each)...
2026-03-28 19:51:13,870 - INFO - SeisBenchModelActor 1 created successfully.
2026-03-28 19:51:13,872 - INFO - Created 1 CPU actor(s). Task queue will handle concurrency.
2026-03-28 19:51:13,875 - INFO - Starting EQCCTPro parallelized waveform processing...
2026-03-28 19:51:13,878 - INFO - 
2026-03-28 19:51:13,880 - INFO - ------- Analyzing Seismic Waveforms for P and S Picks via SeisBench (EQTransformer - original_nonconservative) -------
2026-03-28 19:51:13,883 - INFO - Analyzing 0:01:00 minute timechunk from 2025-01-21 17:38:25 to 2025-01-21 17:39:25 (0 min overlap)
2026-03-28 19:51:13,885 - INFO - Processing a total of 1 stations, 1 at a time.
2026-03-28 19:51:16,202 - INFO - (1/1) KU1: Finished the prediction in 0.13s. (HP=1.0, LP=45.0, picks=2)
2026-03-28 19:51:16,204 - INFO - 
2026-03-28 19:51:16,207 - INFO - ------- Parallel Station Waveform Processing Complete For 2025-01-21 17:38:25 to 2025-01-21 17:39:25 Timechunk-------
2026-03-28 19:51:16,211 - INFO - Picks saved at /home/blackwinter/projects/eqcct/eqcctpro/results/csv/eqt_explosions_th0_1/20250121T173825Z_20250121T173925ZProcess Runtime: 2.33 s
2026-03-28 19:51:16,216 - INFO - Successfully ran EQCCTPro, exiting...
2026-03-28 19:51:17,970 - INFO - Ray Successfully Shutdown.
2026-03-28 19:51:17,970 - INFO - ------- Successfully Picked All Waveform(s) from all Timechunk(s) -------
