2026-02-23 18:36:34,272 - INFO - 
2026-02-23 18:36:34,272 - INFO - ------- Welcome to EQCCTPro -------
2026-02-23 18:36:34,272 - INFO - 
2026-02-23 18:36:34,273 - INFO - Running EQCCT over Requested MSeed Files using CPU(s)...
2026-02-23 18:36:34,273 - INFO - GPU disabled (CPU-only).
2026-02-23 18:36:34,273 - INFO - Configured Intra-op threads = 1
2026-02-23 18:36:34,273 - INFO - Configured Inter-op threads = 1
2026-02-23 18:36:34,273 - INFO - TensorFlow: No GPUs visible; TF will proceed on CPU.
2026-02-23 18:36:34,273 - INFO - 
2026-02-23 18:36:39,735 - INFO - Ray Successfully Initialized with 4 CPU(s) ([0, 1, 2, 3] CPU Affinity Binding).
2026-02-23 18:36:39,736 - INFO - Analyzing 1 time chunk(s) from 2025-02-07 00:24:26 to 2025-02-07 00:25:26 (dt=1min, overlap=0min).
2026-02-23 18:36:39,736 - INFO - Using 1 selected station(s).
2026-02-23 18:36:39,736 - INFO - 
2026-02-23 18:36:39,737 - INFO - ------- Starting EQCCTPro... -------
2026-02-23 18:36:39,737 - INFO - Detailed subprocess information can be found in the log file.
2026-02-23 18:36:39,737 - INFO - 
2026-02-23 18:36:40,220 - INFO - GPU disabled (CPU-only).
2026-02-23 18:36:41,848 - INFO - Configured Intra-op threads = 1
2026-02-23 18:36:41,851 - INFO - Configured Inter-op threads = 1
2026-02-23 18:36:41,898 - INFO - TensorFlow: No GPUs visible; TF will proceed on CPU.
2026-02-23 18:36:41,900 - INFO - 
2026-02-23 18:36:41,902 - INFO - ------- Hardware Configuration -------
2026-02-23 18:36:41,904 - INFO - CPU affinity set to cores: [0, 1, 2, 3]
2026-02-23 18:36:41,906 - INFO - 
2026-02-23 18:36:41,908 - INFO - ------- Data Preprocessing for EQCCTPro -------
2026-02-23 18:36:41,909 - INFO - 1 station(s) in /home/blackwinter/projects/eqcct/eqcctpro/data/waveforms_earthquakes_noise_only/20250207T002426Z_20250207T002526Z
2026-02-23 18:36:41,911 - INFO - Using 1 selected station(s): ['FIB5'].
2026-02-23 18:36:41,913 - INFO - Creating model actor(s)...
2026-02-23 18:36:41,915 - INFO - System RAM: Total=7870 MB, Available=3886 MB
2026-02-23 18:36:41,916 - INFO - Usable RAM budget: 7083 MB (90% of total)
2026-02-23 18:36:41,918 - INFO - ===== MEMORY-AWARE CPU ACTOR POOL (EQCCT) =====
2026-02-23 18:36:41,920 - INFO - Requested concurrent tasks: 1
2026-02-23 18:36:41,922 - INFO - Available CPUs: 4
2026-02-23 18:36:41,924 - INFO - Available RAM: 7083 MB
2026-02-23 18:36:41,926 - INFO - RAM per model: 2264 MB
2026-02-23 18:36:41,927 - INFO - Max actors by RAM: 3
2026-02-23 18:36:41,929 - INFO - Creating 1 ModelActor(s)
2026-02-23 18:36:41,931 - INFO - Let Ray handle scheduling (taskset already restricts CPU visibility)
2026-02-23 18:36:41,933 - INFO - Creating ModelActor 1/1 (2.21GB RAM each)...
2026-02-23 18:36:45,999 - INFO - ModelActor 1 created successfully.
2026-02-23 18:36:46,001 - INFO - Created 1 CPU actor(s). Task queue will handle concurrency.
2026-02-23 18:36:46,003 - INFO - Starting EQCCTPro parallelized waveform processing...
2026-02-23 18:36:46,005 - INFO - 
2026-02-23 18:36:46,007 - INFO - ------- Analyzing Seismic Waveforms for P and S Picks via EQCCT -------
2026-02-23 18:36:46,009 - INFO - Analyzing 0:01:00 minute timechunk from 2025-02-07 00:24:26 to 2025-02-07 00:25:26 (0 min overlap)
2026-02-23 18:36:46,011 - INFO - Processing a total of 1 stations, 1 at a time.
2026-02-23 18:36:50,090 - INFO - (1/1) FIB5: Finished the prediction in 2.11s. (HP=1.0, LP=45.0)
2026-02-23 18:36:50,092 - INFO - 
2026-02-23 18:36:50,094 - INFO - ------- Parallel Station Waveform Processing Complete For 2025-02-07 00:24:26 to 2025-02-07 00:25:26 Timechunk-------
2026-02-23 18:36:50,095 - INFO - Picks saved at /home/blackwinter/projects/eqcct/eqcctpro/results/csv/bm_eq_noise_only/20250207T002426Z_20250207T002526ZProcess Runtime: 4.09 s
2026-02-23 18:36:50,100 - INFO - Successfully ran EQCCTPro, exiting...
2026-02-23 18:36:51,563 - INFO - Ray Successfully Shutdown.
2026-02-23 18:36:51,564 - INFO - ------- Successfully Picked All Waveform(s) from all Timechunk(s) -------
