2026-03-10 23:29:21,246 - INFO - 
2026-03-10 23:29:21,247 - INFO - ------- Welcome to EQCCTPro -------
2026-03-10 23:29:21,247 - INFO - 
2026-03-10 23:29:21,247 - INFO - Running EQCCT over Requested MSeed Files using CPU(s)...
2026-03-10 23:29:21,248 - INFO - GPU disabled (CPU-only).
2026-03-10 23:29:21,248 - INFO - Configured Intra-op threads = 1
2026-03-10 23:29:21,248 - INFO - Configured Inter-op threads = 1
2026-03-10 23:29:21,248 - INFO - TensorFlow: No GPUs visible; TF will proceed on CPU.
2026-03-10 23:29:21,248 - INFO - 
2026-03-10 23:29:26,568 - INFO - Ray Successfully Initialized with 4 CPU(s) ([0, 1, 2, 3] CPU Affinity Binding).
2026-03-10 23:29:26,568 - INFO - Analyzing 1 time chunk(s) from 2025-01-09 05:30:17 to 2025-01-09 05:31:17 (dt=1min, overlap=0min).
2026-03-10 23:29:26,568 - INFO - Using 1 selected station(s).
2026-03-10 23:29:26,568 - INFO - 
2026-03-10 23:29:26,568 - INFO - ------- Starting EQCCTPro... -------
2026-03-10 23:29:26,569 - INFO - Detailed subprocess information can be found in the log file.
2026-03-10 23:29:26,569 - INFO - 
2026-03-10 23:29:26,924 - INFO - GPU disabled (CPU-only).
2026-03-10 23:29:28,396 - INFO - Configured Intra-op threads = 1
2026-03-10 23:29:28,399 - INFO - Configured Inter-op threads = 1
2026-03-10 23:29:28,434 - INFO - TensorFlow: No GPUs visible; TF will proceed on CPU.
2026-03-10 23:29:28,436 - INFO - 
2026-03-10 23:29:28,438 - INFO - ------- Hardware Configuration -------
2026-03-10 23:29:28,440 - INFO - CPU affinity set to cores: [0, 1, 2, 3]
2026-03-10 23:29:28,443 - INFO - 
2026-03-10 23:29:28,445 - INFO - ------- Data Preprocessing for EQCCTPro -------
2026-03-10 23:29:28,447 - INFO - 1 station(s) in /home/blackwinter/projects/eqcct/eqcctpro/data/waveforms_noise_only/20250109T053017Z_20250109T053117Z
2026-03-10 23:29:28,449 - INFO - Using 1 selected station(s): ['SGF'].
2026-03-10 23:29:28,451 - INFO - Creating model actor(s)...
2026-03-10 23:29:28,453 - INFO - System RAM: Total=7870 MB, Available=2710 MB
2026-03-10 23:29:28,455 - INFO - Usable RAM budget: 7083 MB (90% of total)
2026-03-10 23:29:28,458 - INFO - ===== MEMORY-AWARE CPU ACTOR POOL (EQCCT) =====
2026-03-10 23:29:28,460 - INFO - Requested concurrent tasks: 1
2026-03-10 23:29:28,462 - INFO - Available CPUs: 4
2026-03-10 23:29:28,464 - INFO - Available RAM: 7083 MB
2026-03-10 23:29:28,466 - INFO - RAM per model: 2264 MB
2026-03-10 23:29:28,468 - INFO - Max actors by RAM: 3
2026-03-10 23:29:28,470 - INFO - Creating 1 ModelActor(s)
2026-03-10 23:29:28,471 - INFO - Let Ray handle scheduling (taskset already restricts CPU visibility)
2026-03-10 23:29:28,473 - INFO - Creating ModelActor 1/1 (2.21GB RAM each)...
2026-03-10 23:29:32,423 - INFO - ModelActor 1 created successfully.
2026-03-10 23:29:32,425 - INFO - Created 1 CPU actor(s). Task queue will handle concurrency.
2026-03-10 23:29:32,427 - INFO - Starting EQCCTPro parallelized waveform processing...
2026-03-10 23:29:32,429 - INFO - 
2026-03-10 23:29:32,430 - INFO - ------- Analyzing Seismic Waveforms for P and S Picks via EQCCT -------
2026-03-10 23:29:32,433 - INFO - Analyzing 0:01:00 minute timechunk from 2025-01-09 05:30:17 to 2025-01-09 05:31:17 (0 min overlap)
2026-03-10 23:29:32,435 - INFO - Processing a total of 1 stations, 1 at a time.
2026-03-10 23:29:34,997 - INFO - (1/1) SGF: FAILED reading mSEED.
2026-03-10 23:29:34,999 - INFO - 
2026-03-10 23:29:35,001 - INFO - ------- Parallel Station Waveform Processing Complete For 2025-01-09 05:30:17 to 2025-01-09 05:31:17 Timechunk-------
2026-03-10 23:29:35,002 - INFO - Picks saved at /home/blackwinter/projects/eqcct/eqcctpro/results/csv/bm_noise_only/20250109T053017Z_20250109T053117ZProcess Runtime: 2.57 s
2026-03-10 23:29:35,006 - INFO - Successfully ran EQCCTPro, exiting...
2026-03-10 23:29:36,463 - INFO - Ray Successfully Shutdown.
2026-03-10 23:29:36,463 - INFO - ------- Successfully Picked All Waveform(s) from all Timechunk(s) -------
2026-03-11 14:11:33,567 - INFO - 
2026-03-11 14:11:33,573 - INFO - ------- Welcome to EQCCTPro -------
2026-03-11 14:11:33,573 - INFO - 
2026-03-11 14:11:33,573 - INFO - Running EQCCT over Requested MSeed Files using CPU(s)...
2026-03-11 14:11:33,574 - INFO - GPU disabled (CPU-only).
2026-03-11 14:11:33,574 - INFO - Configured Intra-op threads = 1
2026-03-11 14:11:33,574 - INFO - Configured Inter-op threads = 1
2026-03-11 14:11:33,574 - INFO - TensorFlow: No GPUs visible; TF will proceed on CPU.
2026-03-11 14:11:33,574 - INFO - 
2026-03-11 14:11:38,864 - INFO - Ray Successfully Initialized with 4 CPU(s) ([0, 1, 2, 3] CPU Affinity Binding).
2026-03-11 14:11:38,865 - INFO - Analyzing 1 time chunk(s) from 2025-01-09 05:30:17 to 2025-01-09 05:31:17 (dt=1min, overlap=0min).
2026-03-11 14:11:38,865 - INFO - Using 1 selected station(s).
2026-03-11 14:11:38,865 - INFO - 
2026-03-11 14:11:38,865 - INFO - ------- Starting EQCCTPro... -------
2026-03-11 14:11:38,865 - INFO - Detailed subprocess information can be found in the log file.
2026-03-11 14:11:38,866 - INFO - 
2026-03-11 14:11:39,232 - INFO - GPU disabled (CPU-only).
2026-03-11 14:11:40,730 - INFO - Configured Intra-op threads = 1
2026-03-11 14:11:40,733 - INFO - Configured Inter-op threads = 1
2026-03-11 14:11:40,775 - INFO - TensorFlow: No GPUs visible; TF will proceed on CPU.
2026-03-11 14:11:40,777 - INFO - 
2026-03-11 14:11:40,779 - INFO - ------- Hardware Configuration -------
2026-03-11 14:11:40,781 - INFO - CPU affinity set to cores: [0, 1, 2, 3]
2026-03-11 14:11:40,783 - INFO - 
2026-03-11 14:11:40,784 - INFO - ------- Data Preprocessing for EQCCTPro -------
2026-03-11 14:11:40,786 - INFO - 1 station(s) in /home/blackwinter/projects/eqcct/eqcctpro/data/waveforms_noise_only/20250109T053017Z_20250109T053117Z
2026-03-11 14:11:40,788 - INFO - Using 1 selected station(s): ['SGF'].
2026-03-11 14:11:40,789 - INFO - Creating model actor(s)...
2026-03-11 14:11:40,791 - INFO - System RAM: Total=7870 MB, Available=3481 MB
2026-03-11 14:11:40,793 - INFO - Usable RAM budget: 7083 MB (90% of total)
2026-03-11 14:11:40,795 - INFO - ===== MEMORY-AWARE CPU ACTOR POOL (EQCCT) =====
2026-03-11 14:11:40,797 - INFO - Requested concurrent tasks: 1
2026-03-11 14:11:40,799 - INFO - Available CPUs: 4
2026-03-11 14:11:40,801 - INFO - Available RAM: 7083 MB
2026-03-11 14:11:40,803 - INFO - RAM per model: 2264 MB
2026-03-11 14:11:40,805 - INFO - Max actors by RAM: 3
2026-03-11 14:11:40,807 - INFO - Creating 1 ModelActor(s)
2026-03-11 14:11:40,809 - INFO - Let Ray handle scheduling (taskset already restricts CPU visibility)
2026-03-11 14:11:40,811 - INFO - Creating ModelActor 1/1 (2.21GB RAM each)...
2026-03-11 14:11:44,802 - INFO - ModelActor 1 created successfully.
2026-03-11 14:11:44,805 - INFO - Created 1 CPU actor(s). Task queue will handle concurrency.
2026-03-11 14:11:44,807 - INFO - Starting EQCCTPro parallelized waveform processing...
2026-03-11 14:11:44,809 - INFO - 
2026-03-11 14:11:44,811 - INFO - ------- Analyzing Seismic Waveforms for P and S Picks via EQCCT -------
2026-03-11 14:11:44,814 - INFO - Analyzing 0:01:00 minute timechunk from 2025-01-09 05:30:17 to 2025-01-09 05:31:17 (0 min overlap)
2026-03-11 14:11:44,816 - INFO - Processing a total of 1 stations, 1 at a time.
2026-03-11 14:11:46,774 - INFO - (1/1) SGF: Skipped (already exists - overwrite=False).
2026-03-11 14:11:46,777 - INFO - 
2026-03-11 14:11:46,779 - INFO - ------- Parallel Station Waveform Processing Complete For 2025-01-09 05:30:17 to 2025-01-09 05:31:17 Timechunk-------
2026-03-11 14:11:46,785 - INFO - Successfully ran EQCCTPro, exiting...
2026-03-11 14:11:46,781 - INFO - Picks saved at /home/blackwinter/projects/eqcct/eqcctpro/results/csv/bm_noise_only/20250109T053017Z_20250109T053117ZProcess Runtime: 1.97 s
2026-03-11 14:11:48,377 - INFO - Ray Successfully Shutdown.
2026-03-11 14:11:48,377 - INFO - ------- Successfully Picked All Waveform(s) from all Timechunk(s) -------
