2026-03-28 10:39:53,802 - INFO - 
2026-03-28 10:39:53,802 - INFO - ------- Welcome to EQCCTPro -------
2026-03-28 10:39:53,802 - INFO - 
2026-03-28 10:39:53,803 - INFO - Running EQCCT over Requested MSeed Files using CPU(s)...
2026-03-28 10:39:53,803 - INFO - GPU disabled (CPU-only).
2026-03-28 10:39:53,803 - INFO - Skipping framework-specific initialization in the driver process.
2026-03-28 10:39:55,190 - INFO - Ray Successfully Initialized with 4 CPU(s) ([0, 1, 2, 3] CPU Affinity Binding).
2026-03-28 10:39:55,190 - INFO - Analyzing 1 time chunk(s) from 2025-01-06 00:01:55 to 2025-01-06 00:02:55 (dt=1min, overlap=0min).
2026-03-28 10:39:55,190 - INFO - Using 1 selected station(s).
2026-03-28 10:39:55,191 - INFO - 
2026-03-28 10:39:55,191 - INFO - ------- Starting EQCCTPro... -------
2026-03-28 10:39:55,191 - INFO - Detailed subprocess information can be found in the log file.
2026-03-28 10:39:55,191 - INFO - 
2026-03-28 10:39:55,475 - INFO - GPU disabled (CPU-only).
2026-03-28 10:39:55,480 - INFO - Skipping framework-specific initialization in the driver process.
2026-03-28 10:39:55,482 - INFO - ------- Hardware Configuration -------
2026-03-28 10:39:55,486 - INFO - CPU affinity set to cores: [0, 1, 2, 3]
2026-03-28 10:39:55,488 - INFO - 
2026-03-28 10:39:55,491 - INFO - ------- Data Preprocessing for EQCCTPro -------
2026-03-28 10:39:55,494 - INFO - 1 station(s) in /home/blackwinter/projects/eqcct/eqcctpro/data/waveforms_noise_only/20250106T000155Z_20250106T000255Z
2026-03-28 10:39:55,498 - INFO - Using 1 selected station(s): ['VAF'].
2026-03-28 10:39:55,500 - INFO - Creating model actor(s)...
2026-03-28 10:39:55,502 - INFO - System RAM: Total=7870 MB, Available=4688 MB
2026-03-28 10:39:55,505 - INFO - Usable RAM budget: 7083 MB (90% of total)
2026-03-28 10:39:55,508 - INFO - ===== MEMORY-AWARE CPU ACTOR POOL =====
2026-03-28 10:39:55,511 - INFO - Requested concurrent tasks: 1
2026-03-28 10:39:55,513 - INFO - Available CPUs: 4
2026-03-28 10:39:55,516 - INFO - Available RAM: 7083 MB
2026-03-28 10:39:55,519 - INFO - RAM per model: 2060 MB
2026-03-28 10:39:55,521 - INFO - Max actors by RAM: 3
2026-03-28 10:39:55,524 - INFO - Creating 1 SeisBenchModelActor(s)
2026-03-28 10:39:55,526 - INFO - Let Ray handle scheduling (taskset already restricts CPU visibility)
2026-03-28 10:39:55,531 - INFO - Creating SeisBenchModelActor 1/1 (2.01GB RAM each)...
2026-03-28 10:39:58,271 - INFO - SeisBenchModelActor 1 created successfully.
2026-03-28 10:39:58,273 - INFO - Created 1 CPU actor(s). Task queue will handle concurrency.
2026-03-28 10:39:58,276 - INFO - Starting EQCCTPro parallelized waveform processing...
2026-03-28 10:39:58,278 - INFO - 
2026-03-28 10:39:58,281 - INFO - ------- Analyzing Seismic Waveforms for P and S Picks via SeisBench (EQTransformer - original_nonconservative) -------
2026-03-28 10:39:58,284 - INFO - Analyzing 0:01:00 minute timechunk from 2025-01-06 00:01:55 to 2025-01-06 00:02:55 (0 min overlap)
2026-03-28 10:39:58,286 - INFO - Processing a total of 1 stations, 1 at a time.
2026-03-28 10:40:00,474 - INFO - (1/1) VAF: Finished the prediction in 0.12s. (HP=1.0, LP=45.0, picks=0)
2026-03-28 10:40:00,477 - INFO - 
2026-03-28 10:40:00,479 - INFO - ------- Parallel Station Waveform Processing Complete For 2025-01-06 00:01:55 to 2025-01-06 00:02:55 Timechunk-------
2026-03-28 10:40:00,482 - INFO - Picks saved at /home/blackwinter/projects/eqcct/eqcctpro/results/csv/eqt_noise_th0_1/20250106T000155Z_20250106T000255ZProcess Runtime: 2.20 s
2026-03-28 10:40:00,487 - INFO - Successfully ran EQCCTPro, exiting...
2026-03-28 10:40:02,127 - INFO - Ray Successfully Shutdown.
2026-03-28 10:40:02,127 - INFO - ------- Successfully Picked All Waveform(s) from all Timechunk(s) -------
