2026-03-10 17:48:15,445 - INFO - 
2026-03-10 17:48:15,446 - INFO - ------- Welcome to EQCCTPro -------
2026-03-10 17:48:15,446 - INFO - 
2026-03-10 17:48:15,446 - INFO - Running EQCCT over Requested MSeed Files using CPU(s)...
2026-03-10 17:48:15,447 - INFO - GPU disabled (CPU-only).
2026-03-10 17:48:15,447 - INFO - Configured Intra-op threads = 1
2026-03-10 17:48:15,447 - INFO - Configured Inter-op threads = 1
2026-03-10 17:48:15,447 - INFO - TensorFlow: No GPUs visible; TF will proceed on CPU.
2026-03-10 17:48:15,447 - INFO - 
2026-03-10 17:48:20,658 - INFO - Ray Successfully Initialized with 4 CPU(s) ([0, 1, 2, 3] CPU Affinity Binding).
2026-03-10 17:48:20,659 - INFO - Analyzing 1 time chunk(s) from 2025-01-02 14:33:48 to 2025-01-02 14:34:48 (dt=1min, overlap=0min).
2026-03-10 17:48:20,660 - INFO - Using 1 selected station(s).
2026-03-10 17:48:20,660 - INFO - 
2026-03-10 17:48:20,660 - INFO - ------- Starting EQCCTPro... -------
2026-03-10 17:48:20,661 - INFO - Detailed subprocess information can be found in the log file.
2026-03-10 17:48:20,661 - INFO - 
2026-03-10 17:48:21,038 - INFO - GPU disabled (CPU-only).
2026-03-10 17:48:22,564 - INFO - Configured Intra-op threads = 1
2026-03-10 17:48:22,567 - INFO - Configured Inter-op threads = 1
2026-03-10 17:48:22,607 - INFO - TensorFlow: No GPUs visible; TF will proceed on CPU.
2026-03-10 17:48:22,609 - INFO - 
2026-03-10 17:48:22,611 - INFO - ------- Hardware Configuration -------
2026-03-10 17:48:22,613 - INFO - CPU affinity set to cores: [0, 1, 2, 3]
2026-03-10 17:48:22,615 - INFO - 
2026-03-10 17:48:22,618 - INFO - ------- Data Preprocessing for EQCCTPro -------
2026-03-10 17:48:22,620 - INFO - 1 station(s) in /home/blackwinter/projects/eqcct/eqcctpro/data/waveforms_noise_only/20250102T143348Z_20250102T143448Z
2026-03-10 17:48:22,622 - INFO - Using 1 selected station(s): ['HEL5'].
2026-03-10 17:48:22,625 - INFO - Creating model actor(s)...
2026-03-10 17:48:22,627 - INFO - System RAM: Total=7870 MB, Available=4255 MB
2026-03-10 17:48:22,629 - INFO - Usable RAM budget: 7083 MB (90% of total)
2026-03-10 17:48:22,631 - INFO - ===== MEMORY-AWARE CPU ACTOR POOL (EQCCT) =====
2026-03-10 17:48:22,633 - INFO - Requested concurrent tasks: 1
2026-03-10 17:48:22,635 - INFO - Available CPUs: 4
2026-03-10 17:48:22,637 - INFO - Available RAM: 7083 MB
2026-03-10 17:48:22,639 - INFO - RAM per model: 2264 MB
2026-03-10 17:48:22,641 - INFO - Max actors by RAM: 3
2026-03-10 17:48:22,643 - INFO - Creating 1 ModelActor(s)
2026-03-10 17:48:22,645 - INFO - Let Ray handle scheduling (taskset already restricts CPU visibility)
2026-03-10 17:48:22,647 - INFO - Creating ModelActor 1/1 (2.21GB RAM each)...
2026-03-10 17:48:26,597 - INFO - ModelActor 1 created successfully.
2026-03-10 17:48:26,599 - INFO - Created 1 CPU actor(s). Task queue will handle concurrency.
2026-03-10 17:48:26,602 - INFO - Starting EQCCTPro parallelized waveform processing...
2026-03-10 17:48:26,604 - INFO - 
2026-03-10 17:48:26,606 - INFO - ------- Analyzing Seismic Waveforms for P and S Picks via EQCCT -------
2026-03-10 17:48:26,608 - INFO - Analyzing 0:01:00 minute timechunk from 2025-01-02 14:33:48 to 2025-01-02 14:34:48 (0 min overlap)
2026-03-10 17:48:26,610 - INFO - Processing a total of 1 stations, 1 at a time.
2026-03-10 17:48:30,788 - INFO - (1/1) HEL5: Finished the prediction in 2.17s. (HP=1.0, LP=45.0)
2026-03-10 17:48:30,793 - INFO - 
2026-03-10 17:48:30,796 - INFO - ------- Parallel Station Waveform Processing Complete For 2025-01-02 14:33:48 to 2025-01-02 14:34:48 Timechunk-------
2026-03-10 17:48:30,798 - INFO - Picks saved at /home/blackwinter/projects/eqcct/eqcctpro/results/csv/bm_noise_only/20250102T143348Z_20250102T143448ZProcess Runtime: 4.19 s
2026-03-10 17:48:30,803 - INFO - Successfully ran EQCCTPro, exiting...
2026-03-10 17:48:32,375 - INFO - Ray Successfully Shutdown.
2026-03-10 17:48:32,376 - INFO - ------- Successfully Picked All Waveform(s) from all Timechunk(s) -------
2026-03-11 09:17:10,952 - INFO - 
2026-03-11 09:17:10,959 - INFO - ------- Welcome to EQCCTPro -------
2026-03-11 09:17:10,959 - INFO - 
2026-03-11 09:17:10,960 - INFO - Running EQCCT over Requested MSeed Files using CPU(s)...
2026-03-11 09:17:10,960 - INFO - GPU disabled (CPU-only).
2026-03-11 09:17:10,960 - INFO - Configured Intra-op threads = 1
2026-03-11 09:17:10,960 - INFO - Configured Inter-op threads = 1
2026-03-11 09:17:10,961 - INFO - TensorFlow: No GPUs visible; TF will proceed on CPU.
2026-03-11 09:17:10,961 - INFO - 
2026-03-11 09:17:16,490 - INFO - Ray Successfully Initialized with 4 CPU(s) ([0, 1, 2, 3] CPU Affinity Binding).
2026-03-11 09:17:16,490 - INFO - Analyzing 1 time chunk(s) from 2025-01-02 14:33:48 to 2025-01-02 14:34:48 (dt=1min, overlap=0min).
2026-03-11 09:17:16,490 - INFO - Using 1 selected station(s).
2026-03-11 09:17:16,490 - INFO - 
2026-03-11 09:17:16,491 - INFO - ------- Starting EQCCTPro... -------
2026-03-11 09:17:16,491 - INFO - Detailed subprocess information can be found in the log file.
2026-03-11 09:17:16,491 - INFO - 
2026-03-11 09:17:16,860 - INFO - GPU disabled (CPU-only).
2026-03-11 09:17:18,340 - INFO - Configured Intra-op threads = 1
2026-03-11 09:17:18,342 - INFO - Configured Inter-op threads = 1
2026-03-11 09:17:18,384 - INFO - TensorFlow: No GPUs visible; TF will proceed on CPU.
2026-03-11 09:17:18,386 - INFO - 
2026-03-11 09:17:18,388 - INFO - ------- Hardware Configuration -------
2026-03-11 09:17:18,391 - INFO - CPU affinity set to cores: [0, 1, 2, 3]
2026-03-11 09:17:18,393 - INFO - 
2026-03-11 09:17:18,395 - INFO - ------- Data Preprocessing for EQCCTPro -------
2026-03-11 09:17:18,397 - INFO - 1 station(s) in /home/blackwinter/projects/eqcct/eqcctpro/data/waveforms_noise_only/20250102T143348Z_20250102T143448Z
2026-03-11 09:17:18,399 - INFO - Using 1 selected station(s): ['HEL5'].
2026-03-11 09:17:18,401 - INFO - Creating model actor(s)...
2026-03-11 09:17:18,404 - INFO - System RAM: Total=7870 MB, Available=4910 MB
2026-03-11 09:17:18,406 - INFO - Usable RAM budget: 7083 MB (90% of total)
2026-03-11 09:17:18,408 - INFO - ===== MEMORY-AWARE CPU ACTOR POOL (EQCCT) =====
2026-03-11 09:17:18,411 - INFO - Requested concurrent tasks: 1
2026-03-11 09:17:18,413 - INFO - Available CPUs: 4
2026-03-11 09:17:18,415 - INFO - Available RAM: 7083 MB
2026-03-11 09:17:18,416 - INFO - RAM per model: 2264 MB
2026-03-11 09:17:18,418 - INFO - Max actors by RAM: 3
2026-03-11 09:17:18,420 - INFO - Creating 1 ModelActor(s)
2026-03-11 09:17:18,422 - INFO - Let Ray handle scheduling (taskset already restricts CPU visibility)
2026-03-11 09:17:18,425 - INFO - Creating ModelActor 1/1 (2.21GB RAM each)...
2026-03-11 09:17:22,306 - INFO - ModelActor 1 created successfully.
2026-03-11 09:17:22,308 - INFO - Created 1 CPU actor(s). Task queue will handle concurrency.
2026-03-11 09:17:22,310 - INFO - Starting EQCCTPro parallelized waveform processing...
2026-03-11 09:17:22,312 - INFO - 
2026-03-11 09:17:22,314 - INFO - ------- Analyzing Seismic Waveforms for P and S Picks via EQCCT -------
2026-03-11 09:17:22,317 - INFO - Analyzing 0:01:00 minute timechunk from 2025-01-02 14:33:48 to 2025-01-02 14:34:48 (0 min overlap)
2026-03-11 09:17:22,319 - INFO - Processing a total of 1 stations, 1 at a time.
2026-03-11 09:17:24,238 - INFO - (1/1) HEL5: Skipped (already exists - overwrite=False).
2026-03-11 09:17:24,240 - INFO - 
2026-03-11 09:17:24,243 - INFO - ------- Parallel Station Waveform Processing Complete For 2025-01-02 14:33:48 to 2025-01-02 14:34:48 Timechunk-------
2026-03-11 09:17:24,246 - INFO - Picks saved at /home/blackwinter/projects/eqcct/eqcctpro/results/csv/bm_noise_only/20250102T143348Z_20250102T143448ZProcess Runtime: 1.93 s
2026-03-11 09:17:24,252 - INFO - Successfully ran EQCCTPro, exiting...
2026-03-11 09:17:25,754 - INFO - Ray Successfully Shutdown.
2026-03-11 09:17:25,754 - INFO - ------- Successfully Picked All Waveform(s) from all Timechunk(s) -------
