2026-03-27 20:54:02,365 - INFO - 
2026-03-27 20:54:02,365 - INFO - ------- Welcome to EQCCTPro -------
2026-03-27 20:54:02,365 - INFO - 
2026-03-27 20:54:02,366 - INFO - Running EQCCT over Requested MSeed Files using CPU(s)...
2026-03-27 20:54:02,366 - INFO - GPU disabled (CPU-only).
2026-03-27 20:54:02,366 - INFO - Skipping framework-specific initialization in the driver process.
2026-03-27 20:54:04,934 - INFO - Ray Successfully Initialized with 4 CPU(s) ([0, 1, 2, 3] CPU Affinity Binding).
2026-03-27 20:54:04,934 - INFO - Analyzing 1 time chunk(s) from 2025-09-11 13:18:28 to 2025-09-11 13:19:28 (dt=1min, overlap=0min).
2026-03-27 20:54:04,934 - INFO - Using 1 selected station(s).
2026-03-27 20:54:04,934 - INFO - 
2026-03-27 20:54:04,934 - INFO - ------- Starting EQCCTPro... -------
2026-03-27 20:54:04,935 - INFO - Detailed subprocess information can be found in the log file.
2026-03-27 20:54:04,935 - INFO - 
2026-03-27 20:54:05,207 - INFO - GPU disabled (CPU-only).
2026-03-27 20:54:05,211 - INFO - Skipping framework-specific initialization in the driver process.
2026-03-27 20:54:05,214 - INFO - ------- Hardware Configuration -------
2026-03-27 20:54:05,217 - INFO - CPU affinity set to cores: [0, 1, 2, 3]
2026-03-27 20:54:05,219 - INFO - 
2026-03-27 20:54:05,221 - INFO - ------- Data Preprocessing for EQCCTPro -------
2026-03-27 20:54:05,223 - INFO - 1 station(s) in /home/blackwinter/projects/eqcct/eqcctpro/data/waveforms_earthquakes_nonoise/20250911T131828Z_20250911T131928Z
2026-03-27 20:54:05,225 - INFO - Using 1 selected station(s): ['OUL'].
2026-03-27 20:54:05,228 - INFO - Creating model actor(s)...
2026-03-27 20:54:05,231 - INFO - System RAM: Total=7870 MB, Available=5099 MB
2026-03-27 20:54:05,234 - INFO - Usable RAM budget: 7083 MB (90% of total)
2026-03-27 20:54:05,236 - INFO - ===== MEMORY-AWARE CPU ACTOR POOL =====
2026-03-27 20:54:05,238 - INFO - Requested concurrent tasks: 1
2026-03-27 20:54:05,241 - INFO - Available CPUs: 4
2026-03-27 20:54:05,243 - INFO - Available RAM: 7083 MB
2026-03-27 20:54:05,246 - INFO - RAM per model: 2060 MB
2026-03-27 20:54:05,249 - INFO - Max actors by RAM: 3
2026-03-27 20:54:05,251 - INFO - Creating 1 SeisBenchModelActor(s)
2026-03-27 20:54:05,254 - INFO - Let Ray handle scheduling (taskset already restricts CPU visibility)
2026-03-27 20:54:05,256 - INFO - Creating SeisBenchModelActor 1/1 (2.01GB RAM each)...
2026-03-27 20:54:09,940 - INFO - SeisBenchModelActor 1 created successfully.
2026-03-27 20:54:09,942 - INFO - Created 1 CPU actor(s). Task queue will handle concurrency.
2026-03-27 20:54:09,944 - INFO - Starting EQCCTPro parallelized waveform processing...
2026-03-27 20:54:09,946 - INFO - 
2026-03-27 20:54:09,949 - INFO - ------- Analyzing Seismic Waveforms for P and S Picks via SeisBench (EQTransformer - original_nonconservative) -------
2026-03-27 20:54:09,952 - INFO - Analyzing 0:01:00 minute timechunk from 2025-09-11 13:18:28 to 2025-09-11 13:19:28 (0 min overlap)
2026-03-27 20:54:09,954 - INFO - Processing a total of 1 stations, 1 at a time.
2026-03-27 20:54:12,119 - INFO - (1/1) OUL: Finished the prediction in 0.13s. (HP=1.0, LP=45.0, picks=1)
2026-03-27 20:54:12,121 - INFO - 
2026-03-27 20:54:12,123 - INFO - ------- Parallel Station Waveform Processing Complete For 2025-09-11 13:18:28 to 2025-09-11 13:19:28 Timechunk-------
2026-03-27 20:54:12,126 - INFO - Picks saved at /home/blackwinter/projects/eqcct/eqcctpro/results/csv/eqt_earthquakes_th0_1/20250911T131828Z_20250911T131928ZProcess Runtime: 2.18 s
2026-03-27 20:54:12,133 - INFO - Successfully ran EQCCTPro, exiting...
2026-03-27 20:54:13,697 - INFO - Ray Successfully Shutdown.
2026-03-27 20:54:13,697 - INFO - ------- Successfully Picked All Waveform(s) from all Timechunk(s) -------
2026-03-28 03:08:46,026 - INFO - 
2026-03-28 03:08:46,027 - INFO - ------- Welcome to EQCCTPro -------
2026-03-28 03:08:46,027 - INFO - 
2026-03-28 03:08:46,028 - INFO - Running EQCCT over Requested MSeed Files using CPU(s)...
2026-03-28 03:08:46,028 - INFO - GPU disabled (CPU-only).
2026-03-28 03:08:46,028 - INFO - Skipping framework-specific initialization in the driver process.
2026-03-28 03:08:48,421 - INFO - Ray Successfully Initialized with 4 CPU(s) ([0, 1, 2, 3] CPU Affinity Binding).
2026-03-28 03:08:48,422 - INFO - Analyzing 1 time chunk(s) from 2025-09-11 13:18:28 to 2025-09-11 13:19:28 (dt=1min, overlap=0min).
2026-03-28 03:08:48,422 - INFO - Using 1 selected station(s).
2026-03-28 03:08:48,422 - INFO - 
2026-03-28 03:08:48,422 - INFO - ------- Starting EQCCTPro... -------
2026-03-28 03:08:48,422 - INFO - Detailed subprocess information can be found in the log file.
2026-03-28 03:08:48,422 - INFO - 
2026-03-28 03:08:48,699 - INFO - GPU disabled (CPU-only).
2026-03-28 03:08:48,705 - INFO - Skipping framework-specific initialization in the driver process.
2026-03-28 03:08:48,707 - INFO - ------- Hardware Configuration -------
2026-03-28 03:08:48,711 - INFO - CPU affinity set to cores: [0, 1, 2, 3]
2026-03-28 03:08:48,713 - INFO - 
2026-03-28 03:08:48,716 - INFO - ------- Data Preprocessing for EQCCTPro -------
2026-03-28 03:08:48,719 - INFO - 1 station(s) in /home/blackwinter/projects/eqcct/eqcctpro/data/waveforms_earthquakes_nonoise/20250911T131828Z_20250911T131928Z
2026-03-28 03:08:48,721 - INFO - Using 1 selected station(s): ['OUL'].
2026-03-28 03:08:48,724 - INFO - Creating model actor(s)...
2026-03-28 03:08:48,726 - INFO - System RAM: Total=7870 MB, Available=5681 MB
2026-03-28 03:08:48,729 - INFO - Usable RAM budget: 7083 MB (90% of total)
2026-03-28 03:08:48,731 - INFO - ===== MEMORY-AWARE CPU ACTOR POOL =====
2026-03-28 03:08:48,734 - INFO - Requested concurrent tasks: 1
2026-03-28 03:08:48,736 - INFO - Available CPUs: 4
2026-03-28 03:08:48,739 - INFO - Available RAM: 7083 MB
2026-03-28 03:08:48,741 - INFO - RAM per model: 2060 MB
2026-03-28 03:08:48,743 - INFO - Max actors by RAM: 3
2026-03-28 03:08:48,746 - INFO - Creating 1 SeisBenchModelActor(s)
2026-03-28 03:08:48,749 - INFO - Let Ray handle scheduling (taskset already restricts CPU visibility)
2026-03-28 03:08:48,751 - INFO - Creating SeisBenchModelActor 1/1 (2.01GB RAM each)...
2026-03-28 03:08:51,799 - INFO - SeisBenchModelActor 1 created successfully.
2026-03-28 03:08:51,801 - INFO - Created 1 CPU actor(s). Task queue will handle concurrency.
2026-03-28 03:08:51,804 - INFO - Starting EQCCTPro parallelized waveform processing...
2026-03-28 03:08:51,806 - INFO - 
2026-03-28 03:08:51,809 - INFO - ------- Analyzing Seismic Waveforms for P and S Picks via SeisBench (EQTransformer - original_nonconservative) -------
2026-03-28 03:08:51,812 - INFO - Analyzing 0:01:00 minute timechunk from 2025-09-11 13:18:28 to 2025-09-11 13:19:28 (0 min overlap)
2026-03-28 03:08:51,814 - INFO - Processing a total of 1 stations, 1 at a time.
2026-03-28 03:08:53,886 - INFO - (1/1) OUL: Skipped (already exists - overwrite=False).
2026-03-28 03:08:53,888 - INFO - 
2026-03-28 03:08:53,890 - INFO - ------- Parallel Station Waveform Processing Complete For 2025-09-11 13:18:28 to 2025-09-11 13:19:28 Timechunk-------
2026-03-28 03:08:53,892 - INFO - Picks saved at /home/blackwinter/projects/eqcct/eqcctpro/results/csv/eqt_earthquakes_th0_1/20250911T131828Z_20250911T131928ZProcess Runtime: 2.08 s
2026-03-28 03:08:53,897 - INFO - Successfully ran EQCCTPro, exiting...
2026-03-28 03:08:55,533 - INFO - Ray Successfully Shutdown.
2026-03-28 03:08:55,533 - INFO - ------- Successfully Picked All Waveform(s) from all Timechunk(s) -------
