2026-03-29 19:16:58,355 - INFO - 
2026-03-29 19:16:58,356 - INFO - ------- Welcome to EQCCTPro -------
2026-03-29 19:16:58,356 - INFO - 
2026-03-29 19:16:58,356 - INFO - Running EQCCT over Requested MSeed Files using CPU(s)...
2026-03-29 19:16:58,356 - INFO - GPU disabled (CPU-only).
2026-03-29 19:16:58,357 - INFO - Configured Intra-op threads = 1
2026-03-29 19:16:58,357 - INFO - Configured Inter-op threads = 1
2026-03-29 19:16:58,357 - INFO - TensorFlow: No GPUs visible; TF will proceed on CPU.
2026-03-29 19:16:58,357 - INFO - 
2026-03-29 19:17:04,211 - INFO - Ray Successfully Initialized with 4 CPU(s) ([0, 1, 2, 3] CPU Affinity Binding).
2026-03-29 19:17:04,211 - INFO - Analyzing 1 time chunk(s) from 2025-01-13 16:54:55 to 2025-01-13 16:55:55 (dt=1min, overlap=0min).
2026-03-29 19:17:04,211 - INFO - Using 1 selected station(s).
2026-03-29 19:17:04,211 - INFO - 
2026-03-29 19:17:04,212 - INFO - ------- Starting EQCCTPro... -------
2026-03-29 19:17:04,212 - INFO - Detailed subprocess information can be found in the log file.
2026-03-29 19:17:04,212 - INFO - 
2026-03-29 19:17:04,596 - INFO - GPU disabled (CPU-only).
2026-03-29 19:17:06,134 - INFO - Configured Intra-op threads = 1
2026-03-29 19:17:06,137 - INFO - Configured Inter-op threads = 1
2026-03-29 19:17:06,191 - INFO - TensorFlow: No GPUs visible; TF will proceed on CPU.
2026-03-29 19:17:06,193 - INFO - 
2026-03-29 19:17:06,196 - INFO - ------- Hardware Configuration -------
2026-03-29 19:17:06,198 - INFO - CPU affinity set to cores: [0, 1, 2, 3]
2026-03-29 19:17:06,201 - INFO - 
2026-03-29 19:17:06,204 - INFO - ------- Data Preprocessing for EQCCTPro -------
2026-03-29 19:17:06,206 - INFO - 1 station(s) in /home/blackwinter/projects/eqcct/eqcctpro/data/waveforms_noise_only/20250113T165455Z_20250113T165555Z
2026-03-29 19:17:06,208 - INFO - Using 1 selected station(s): ['KU1'].
2026-03-29 19:17:06,210 - INFO - Creating model actor(s)...
2026-03-29 19:17:06,212 - INFO - System RAM: Total=7870 MB, Available=3976 MB
2026-03-29 19:17:06,214 - INFO - Usable RAM budget: 7083 MB (90% of total)
2026-03-29 19:17:06,216 - INFO - ===== MEMORY-AWARE CPU ACTOR POOL (EQCCT) =====
2026-03-29 19:17:06,218 - INFO - Requested concurrent tasks: 1
2026-03-29 19:17:06,221 - INFO - Available CPUs: 4
2026-03-29 19:17:06,223 - INFO - Available RAM: 7083 MB
2026-03-29 19:17:06,225 - INFO - RAM per model: 2264 MB
2026-03-29 19:17:06,228 - INFO - Max actors by RAM: 3
2026-03-29 19:17:06,230 - INFO - Creating 1 ModelActor(s)
2026-03-29 19:17:06,232 - INFO - Let Ray handle scheduling (taskset already restricts CPU visibility)
2026-03-29 19:17:06,234 - INFO - Creating ModelActor 1/1 (2.21GB RAM each)...
2026-03-29 19:17:10,690 - INFO - ModelActor 1 created successfully.
2026-03-29 19:17:10,692 - INFO - Created 1 CPU actor(s). Task queue will handle concurrency.
2026-03-29 19:17:10,695 - INFO - Starting EQCCTPro parallelized waveform processing...
2026-03-29 19:17:10,698 - INFO - 
2026-03-29 19:17:10,700 - INFO - ------- Analyzing Seismic Waveforms for P and S Picks via EQCCT -------
2026-03-29 19:17:10,703 - INFO - Analyzing 0:01:00 minute timechunk from 2025-01-13 16:54:55 to 2025-01-13 16:55:55 (0 min overlap)
2026-03-29 19:17:10,705 - INFO - Processing a total of 1 stations, 1 at a time.
2026-03-29 19:17:15,282 - INFO - (1/1) KU1: Finished the prediction in 2.48s. (HP=1.0, LP=45.0)
2026-03-29 19:17:15,290 - INFO - 
2026-03-29 19:17:15,294 - INFO - ------- Parallel Station Waveform Processing Complete For 2025-01-13 16:54:55 to 2025-01-13 16:55:55 Timechunk-------
2026-03-29 19:17:15,297 - INFO - Picks saved at /home/blackwinter/projects/eqcct/eqcctpro/results/csv/eqcct_noise_th0_1/20250113T165455Z_20250113T165555ZProcess Runtime: 4.60 s
2026-03-29 19:17:15,304 - INFO - Successfully ran EQCCTPro, exiting...
2026-03-29 19:17:17,291 - INFO - Ray Successfully Shutdown.
2026-03-29 19:17:17,291 - INFO - ------- Successfully Picked All Waveform(s) from all Timechunk(s) -------
