2026-02-22 15:41:30,023 - INFO - 
2026-02-22 15:41:30,023 - INFO - ------- Welcome to EQCCTPro -------
2026-02-22 15:41:30,023 - INFO - 
2026-02-22 15:41:30,023 - INFO - Running EQCCT over Requested MSeed Files using CPU(s)...
2026-02-22 15:41:30,024 - INFO - GPU disabled (CPU-only).
2026-02-22 15:41:30,024 - INFO - Configured Intra-op threads = 1
2026-02-22 15:41:30,024 - INFO - Configured Inter-op threads = 1
2026-02-22 15:41:30,024 - INFO - TensorFlow: No GPUs visible; TF will proceed on CPU.
2026-02-22 15:41:30,024 - INFO - 
2026-02-22 15:41:35,655 - INFO - Ray Successfully Initialized with 4 CPU(s) ([0, 1, 2, 3] CPU Affinity Binding).
2026-02-22 15:41:35,655 - INFO - Analyzing 1 time chunk(s) from 2025-05-14 21:45:41 to 2025-05-14 21:46:41 (dt=1min, overlap=0min).
2026-02-22 15:41:35,656 - INFO - Using 1 selected station(s).
2026-02-22 15:41:35,656 - INFO - 
2026-02-22 15:41:35,656 - INFO - ------- Starting EQCCTPro... -------
2026-02-22 15:41:35,656 - INFO - Detailed subprocess information can be found in the log file.
2026-02-22 15:41:35,657 - INFO - 
2026-02-22 15:41:36,104 - INFO - GPU disabled (CPU-only).
2026-02-22 15:41:37,662 - INFO - Configured Intra-op threads = 1
2026-02-22 15:41:37,665 - INFO - Configured Inter-op threads = 1
2026-02-22 15:41:37,704 - INFO - TensorFlow: No GPUs visible; TF will proceed on CPU.
2026-02-22 15:41:37,707 - INFO - 
2026-02-22 15:41:37,709 - INFO - ------- Hardware Configuration -------
2026-02-22 15:41:37,711 - INFO - CPU affinity set to cores: [0, 1, 2, 3]
2026-02-22 15:41:37,713 - INFO - 
2026-02-22 15:41:37,715 - INFO - ------- Data Preprocessing for EQCCTPro -------
2026-02-22 15:41:37,717 - INFO - 1 station(s) in /home/blackwinter/projects/eqcct/eqcctpro/data/waveforms_earthquakes_nonoise/20250514T214541Z_20250514T214641Z
2026-02-22 15:41:37,719 - INFO - Using 1 selected station(s): ['PVF'].
2026-02-22 15:41:37,721 - INFO - Creating model actor(s)...
2026-02-22 15:41:37,723 - INFO - System RAM: Total=7870 MB, Available=2336 MB
2026-02-22 15:41:37,725 - INFO - Usable RAM budget: 7083 MB (90% of total)
2026-02-22 15:41:37,727 - INFO - ===== MEMORY-AWARE CPU ACTOR POOL (EQCCT) =====
2026-02-22 15:41:37,729 - INFO - Requested concurrent tasks: 1
2026-02-22 15:41:37,731 - INFO - Available CPUs: 4
2026-02-22 15:41:37,733 - INFO - Available RAM: 7083 MB
2026-02-22 15:41:37,735 - INFO - RAM per model: 2264 MB
2026-02-22 15:41:37,737 - INFO - Max actors by RAM: 3
2026-02-22 15:41:37,739 - INFO - Creating 1 ModelActor(s)
2026-02-22 15:41:37,740 - INFO - Let Ray handle scheduling (taskset already restricts CPU visibility)
2026-02-22 15:41:37,742 - INFO - Creating ModelActor 1/1 (2.21GB RAM each)...
2026-02-22 15:41:41,716 - INFO - ModelActor 1 created successfully.
2026-02-22 15:41:41,718 - INFO - Created 1 CPU actor(s). Task queue will handle concurrency.
2026-02-22 15:41:41,721 - INFO - Starting EQCCTPro parallelized waveform processing...
2026-02-22 15:41:41,723 - INFO - 
2026-02-22 15:41:41,726 - INFO - ------- Analyzing Seismic Waveforms for P and S Picks via EQCCT -------
2026-02-22 15:41:41,728 - INFO - Analyzing 0:01:00 minute timechunk from 2025-05-14 21:45:41 to 2025-05-14 21:46:41 (0 min overlap)
2026-02-22 15:41:41,730 - INFO - Processing a total of 1 stations, 1 at a time.
2026-02-22 15:41:43,661 - INFO - (1/1) PVF: FAILED reading mSEED.
2026-02-22 15:41:43,663 - INFO - 
2026-02-22 15:41:43,666 - INFO - ------- Parallel Station Waveform Processing Complete For 2025-05-14 21:45:41 to 2025-05-14 21:46:41 Timechunk-------
2026-02-22 15:41:43,672 - INFO - Successfully ran EQCCTPro, exiting...
2026-02-22 15:41:43,668 - INFO - Picks saved at /home/blackwinter/projects/eqcct/eqcctpro/results/csv/bm_eq_nonoise/20250514T214541Z_20250514T214641ZProcess Runtime: 1.94 s
2026-02-22 15:41:45,247 - INFO - Ray Successfully Shutdown.
2026-02-22 15:41:45,247 - INFO - ------- Successfully Picked All Waveform(s) from all Timechunk(s) -------
