2026-02-23 20:27:34,585 - INFO - 
2026-02-23 20:27:34,585 - INFO - ------- Welcome to EQCCTPro -------
2026-02-23 20:27:34,585 - INFO - 
2026-02-23 20:27:34,586 - INFO - Running EQCCT over Requested MSeed Files using CPU(s)...
2026-02-23 20:27:34,586 - INFO - GPU disabled (CPU-only).
2026-02-23 20:27:34,587 - INFO - Configured Intra-op threads = 1
2026-02-23 20:27:34,587 - INFO - Configured Inter-op threads = 1
2026-02-23 20:27:34,587 - INFO - TensorFlow: No GPUs visible; TF will proceed on CPU.
2026-02-23 20:27:34,587 - INFO - 
2026-02-23 20:27:40,263 - INFO - Ray Successfully Initialized with 4 CPU(s) ([0, 1, 2, 3] CPU Affinity Binding).
2026-02-23 20:27:40,263 - INFO - Analyzing 1 time chunk(s) from 2025-03-13 02:38:31 to 2025-03-13 02:39:31 (dt=1min, overlap=0min).
2026-02-23 20:27:40,263 - INFO - Using 1 selected station(s).
2026-02-23 20:27:40,263 - INFO - 
2026-02-23 20:27:40,263 - INFO - ------- Starting EQCCTPro... -------
2026-02-23 20:27:40,264 - INFO - Detailed subprocess information can be found in the log file.
2026-02-23 20:27:40,264 - INFO - 
2026-02-23 20:27:40,624 - INFO - GPU disabled (CPU-only).
2026-02-23 20:27:42,188 - INFO - Configured Intra-op threads = 1
2026-02-23 20:27:42,191 - INFO - Configured Inter-op threads = 1
2026-02-23 20:27:42,236 - INFO - TensorFlow: No GPUs visible; TF will proceed on CPU.
2026-02-23 20:27:42,238 - INFO - 
2026-02-23 20:27:42,240 - INFO - ------- Hardware Configuration -------
2026-02-23 20:27:42,242 - INFO - CPU affinity set to cores: [0, 1, 2, 3]
2026-02-23 20:27:42,244 - INFO - 
2026-02-23 20:27:42,246 - INFO - ------- Data Preprocessing for EQCCTPro -------
2026-02-23 20:27:42,248 - INFO - 1 station(s) in /home/blackwinter/projects/eqcct/eqcctpro/data/waveforms_earthquakes_noise_only/20250313T023831Z_20250313T023931Z
2026-02-23 20:27:42,249 - INFO - Using 1 selected station(s): ['KEF'].
2026-02-23 20:27:42,251 - INFO - Creating model actor(s)...
2026-02-23 20:27:42,253 - INFO - System RAM: Total=7870 MB, Available=3450 MB
2026-02-23 20:27:42,255 - INFO - Usable RAM budget: 7083 MB (90% of total)
2026-02-23 20:27:42,257 - INFO - ===== MEMORY-AWARE CPU ACTOR POOL (EQCCT) =====
2026-02-23 20:27:42,259 - INFO - Requested concurrent tasks: 1
2026-02-23 20:27:42,261 - INFO - Available CPUs: 4
2026-02-23 20:27:42,263 - INFO - Available RAM: 7083 MB
2026-02-23 20:27:42,265 - INFO - RAM per model: 2264 MB
2026-02-23 20:27:42,268 - INFO - Max actors by RAM: 3
2026-02-23 20:27:42,270 - INFO - Creating 1 ModelActor(s)
2026-02-23 20:27:42,272 - INFO - Let Ray handle scheduling (taskset already restricts CPU visibility)
2026-02-23 20:27:42,275 - INFO - Creating ModelActor 1/1 (2.21GB RAM each)...
2026-02-23 20:27:46,399 - INFO - ModelActor 1 created successfully.
2026-02-23 20:27:46,402 - INFO - Created 1 CPU actor(s). Task queue will handle concurrency.
2026-02-23 20:27:46,404 - INFO - Starting EQCCTPro parallelized waveform processing...
2026-02-23 20:27:46,406 - INFO - 
2026-02-23 20:27:46,408 - INFO - ------- Analyzing Seismic Waveforms for P and S Picks via EQCCT -------
2026-02-23 20:27:46,410 - INFO - Analyzing 0:01:00 minute timechunk from 2025-03-13 02:38:31 to 2025-03-13 02:39:31 (0 min overlap)
2026-02-23 20:27:46,412 - INFO - Processing a total of 1 stations, 1 at a time.
2026-02-23 20:27:50,475 - INFO - (1/1) KEF: Finished the prediction in 2.15s. (HP=1.0, LP=45.0)
2026-02-23 20:27:50,477 - INFO - 
2026-02-23 20:27:50,479 - INFO - ------- Parallel Station Waveform Processing Complete For 2025-03-13 02:38:31 to 2025-03-13 02:39:31 Timechunk-------
2026-02-23 20:27:50,485 - INFO - Successfully ran EQCCTPro, exiting...
2026-02-23 20:27:50,481 - INFO - Picks saved at /home/blackwinter/projects/eqcct/eqcctpro/results/csv/bm_eq_noise_only/20250313T023831Z_20250313T023931ZProcess Runtime: 4.07 s
2026-02-23 20:27:51,995 - INFO - Ray Successfully Shutdown.
2026-02-23 20:27:51,995 - INFO - ------- Successfully Picked All Waveform(s) from all Timechunk(s) -------
