2026-03-28 10:41:18,963 - INFO - 
2026-03-28 10:41:18,963 - INFO - ------- Welcome to EQCCTPro -------
2026-03-28 10:41:18,963 - INFO - 
2026-03-28 10:41:18,964 - INFO - Running EQCCT over Requested MSeed Files using CPU(s)...
2026-03-28 10:41:18,964 - INFO - GPU disabled (CPU-only).
2026-03-28 10:41:18,964 - INFO - Skipping framework-specific initialization in the driver process.
2026-03-28 10:41:20,375 - INFO - Ray Successfully Initialized with 4 CPU(s) ([0, 1, 2, 3] CPU Affinity Binding).
2026-03-28 10:41:20,376 - INFO - Analyzing 1 time chunk(s) from 2025-01-06 01:32:40 to 2025-01-06 01:33:40 (dt=1min, overlap=0min).
2026-03-28 10:41:20,376 - INFO - Using 1 selected station(s).
2026-03-28 10:41:20,377 - INFO - 
2026-03-28 10:41:20,377 - INFO - ------- Starting EQCCTPro... -------
2026-03-28 10:41:20,378 - INFO - Detailed subprocess information can be found in the log file.
2026-03-28 10:41:20,378 - INFO - 
2026-03-28 10:41:20,652 - INFO - GPU disabled (CPU-only).
2026-03-28 10:41:20,658 - INFO - Skipping framework-specific initialization in the driver process.
2026-03-28 10:41:20,661 - INFO - ------- Hardware Configuration -------
2026-03-28 10:41:20,665 - INFO - CPU affinity set to cores: [0, 1, 2, 3]
2026-03-28 10:41:20,669 - INFO - 
2026-03-28 10:41:20,672 - INFO - ------- Data Preprocessing for EQCCTPro -------
2026-03-28 10:41:20,676 - INFO - 1 station(s) in /home/blackwinter/projects/eqcct/eqcctpro/data/waveforms_noise_only/20250106T013240Z_20250106T013340Z
2026-03-28 10:41:20,679 - INFO - Using 1 selected station(s): ['KJNF'].
2026-03-28 10:41:20,682 - INFO - Creating model actor(s)...
2026-03-28 10:41:20,685 - INFO - System RAM: Total=7870 MB, Available=4682 MB
2026-03-28 10:41:20,687 - INFO - Usable RAM budget: 7083 MB (90% of total)
2026-03-28 10:41:20,690 - INFO - ===== MEMORY-AWARE CPU ACTOR POOL =====
2026-03-28 10:41:20,693 - INFO - Requested concurrent tasks: 1
2026-03-28 10:41:20,698 - INFO - Available CPUs: 4
2026-03-28 10:41:20,700 - INFO - Available RAM: 7083 MB
2026-03-28 10:41:20,703 - INFO - RAM per model: 2060 MB
2026-03-28 10:41:20,705 - INFO - Max actors by RAM: 3
2026-03-28 10:41:20,708 - INFO - Creating 1 SeisBenchModelActor(s)
2026-03-28 10:41:20,710 - INFO - Let Ray handle scheduling (taskset already restricts CPU visibility)
2026-03-28 10:41:20,713 - INFO - Creating SeisBenchModelActor 1/1 (2.01GB RAM each)...
2026-03-28 10:41:23,496 - INFO - SeisBenchModelActor 1 created successfully.
2026-03-28 10:41:23,499 - INFO - Created 1 CPU actor(s). Task queue will handle concurrency.
2026-03-28 10:41:23,501 - INFO - Starting EQCCTPro parallelized waveform processing...
2026-03-28 10:41:23,504 - INFO - 
2026-03-28 10:41:23,507 - INFO - ------- Analyzing Seismic Waveforms for P and S Picks via SeisBench (EQTransformer - original_nonconservative) -------
2026-03-28 10:41:23,510 - INFO - Analyzing 0:01:00 minute timechunk from 2025-01-06 01:32:40 to 2025-01-06 01:33:40 (0 min overlap)
2026-03-28 10:41:23,513 - INFO - Processing a total of 1 stations, 1 at a time.
2026-03-28 10:41:25,837 - INFO - (1/1) KJNF: Finished the prediction in 0.14s. (HP=1.0, LP=45.0, picks=0)
2026-03-28 10:41:25,842 - INFO - 
2026-03-28 10:41:25,845 - INFO - ------- Parallel Station Waveform Processing Complete For 2025-01-06 01:32:40 to 2025-01-06 01:33:40 Timechunk-------
2026-03-28 10:41:25,848 - INFO - Picks saved at /home/blackwinter/projects/eqcct/eqcctpro/results/csv/eqt_noise_th0_1/20250106T013240Z_20250106T013340ZProcess Runtime: 2.34 s
2026-03-28 10:41:25,854 - INFO - Successfully ran EQCCTPro, exiting...
2026-03-28 10:41:27,434 - INFO - Ray Successfully Shutdown.
2026-03-28 10:41:27,434 - INFO - ------- Successfully Picked All Waveform(s) from all Timechunk(s) -------
