2026-02-23 22:47:42,826 - INFO - 
2026-02-23 22:47:42,827 - INFO - ------- Welcome to EQCCTPro -------
2026-02-23 22:47:42,827 - INFO - 
2026-02-23 22:47:42,827 - INFO - Running EQCCT over Requested MSeed Files using CPU(s)...
2026-02-23 22:47:42,827 - INFO - GPU disabled (CPU-only).
2026-02-23 22:47:42,828 - INFO - Configured Intra-op threads = 1
2026-02-23 22:47:42,828 - INFO - Configured Inter-op threads = 1
2026-02-23 22:47:42,828 - INFO - TensorFlow: No GPUs visible; TF will proceed on CPU.
2026-02-23 22:47:42,828 - INFO - 
2026-02-23 22:47:48,439 - INFO - Ray Successfully Initialized with 4 CPU(s) ([0, 1, 2, 3] CPU Affinity Binding).
2026-02-23 22:47:48,440 - INFO - Analyzing 1 time chunk(s) from 2025-04-21 16:03:12 to 2025-04-21 16:04:12 (dt=1min, overlap=0min).
2026-02-23 22:47:48,440 - INFO - Using 1 selected station(s).
2026-02-23 22:47:48,440 - INFO - 
2026-02-23 22:47:48,441 - INFO - ------- Starting EQCCTPro... -------
2026-02-23 22:47:48,441 - INFO - Detailed subprocess information can be found in the log file.
2026-02-23 22:47:48,441 - INFO - 
2026-02-23 22:47:48,833 - INFO - GPU disabled (CPU-only).
2026-02-23 22:47:50,443 - INFO - Configured Intra-op threads = 1
2026-02-23 22:47:50,446 - INFO - Configured Inter-op threads = 1
2026-02-23 22:47:50,491 - INFO - TensorFlow: No GPUs visible; TF will proceed on CPU.
2026-02-23 22:47:50,493 - INFO - 
2026-02-23 22:47:50,495 - INFO - ------- Hardware Configuration -------
2026-02-23 22:47:50,498 - INFO - CPU affinity set to cores: [0, 1, 2, 3]
2026-02-23 22:47:50,500 - INFO - 
2026-02-23 22:47:50,502 - INFO - ------- Data Preprocessing for EQCCTPro -------
2026-02-23 22:47:50,504 - INFO - 1 station(s) in /home/blackwinter/projects/eqcct/eqcctpro/data/waveforms_earthquakes_noise_only/20250421T160312Z_20250421T160412Z
2026-02-23 22:47:50,506 - INFO - Using 1 selected station(s): ['FIC6'].
2026-02-23 22:47:50,507 - INFO - Creating model actor(s)...
2026-02-23 22:47:50,509 - INFO - System RAM: Total=7870 MB, Available=2835 MB
2026-02-23 22:47:50,511 - INFO - Usable RAM budget: 7083 MB (90% of total)
2026-02-23 22:47:50,513 - INFO - ===== MEMORY-AWARE CPU ACTOR POOL (EQCCT) =====
2026-02-23 22:47:50,515 - INFO - Requested concurrent tasks: 1
2026-02-23 22:47:50,517 - INFO - Available CPUs: 4
2026-02-23 22:47:50,520 - INFO - Available RAM: 7083 MB
2026-02-23 22:47:50,521 - INFO - RAM per model: 2264 MB
2026-02-23 22:47:50,523 - INFO - Max actors by RAM: 3
2026-02-23 22:47:50,525 - INFO - Creating 1 ModelActor(s)
2026-02-23 22:47:50,527 - INFO - Let Ray handle scheduling (taskset already restricts CPU visibility)
2026-02-23 22:47:50,529 - INFO - Creating ModelActor 1/1 (2.21GB RAM each)...
2026-02-23 22:47:54,425 - INFO - ModelActor 1 created successfully.
2026-02-23 22:47:54,427 - INFO - Created 1 CPU actor(s). Task queue will handle concurrency.
2026-02-23 22:47:54,430 - INFO - Starting EQCCTPro parallelized waveform processing...
2026-02-23 22:47:54,432 - INFO - 
2026-02-23 22:47:54,434 - INFO - ------- Analyzing Seismic Waveforms for P and S Picks via EQCCT -------
2026-02-23 22:47:54,437 - INFO - Analyzing 0:01:00 minute timechunk from 2025-04-21 16:03:12 to 2025-04-21 16:04:12 (0 min overlap)
2026-02-23 22:47:54,440 - INFO - Processing a total of 1 stations, 1 at a time.
2026-02-23 22:47:58,498 - INFO - (1/1) FIC6: Finished the prediction in 2.14s. (HP=1.0, LP=45.0)
2026-02-23 22:47:58,501 - INFO - 
2026-02-23 22:47:58,503 - INFO - ------- Parallel Station Waveform Processing Complete For 2025-04-21 16:03:12 to 2025-04-21 16:04:12 Timechunk-------
2026-02-23 22:47:58,506 - INFO - Picks saved at /home/blackwinter/projects/eqcct/eqcctpro/results/csv/bm_eq_noise_only/20250421T160312Z_20250421T160412ZProcess Runtime: 4.07 s
2026-02-23 22:47:58,509 - INFO - Successfully ran EQCCTPro, exiting...
2026-02-23 22:48:00,203 - INFO - Ray Successfully Shutdown.
2026-02-23 22:48:00,203 - INFO - ------- Successfully Picked All Waveform(s) from all Timechunk(s) -------
