2026-03-28 21:37:58,081 - INFO - 
2026-03-28 21:37:58,082 - INFO - ------- Welcome to EQCCTPro -------
2026-03-28 21:37:58,082 - INFO - 
2026-03-28 21:37:58,082 - INFO - Running EQCCT over Requested MSeed Files using CPU(s)...
2026-03-28 21:37:58,082 - INFO - GPU disabled (CPU-only).
2026-03-29 00:30:08,638 - INFO - 
2026-03-29 00:30:08,639 - INFO - ------- Welcome to EQCCTPro -------
2026-03-29 00:30:08,639 - INFO - 
2026-03-29 00:30:08,639 - INFO - Running EQCCT over Requested MSeed Files using CPU(s)...
2026-03-29 00:30:08,640 - INFO - GPU disabled (CPU-only).
2026-03-29 00:30:08,640 - INFO - Configured Intra-op threads = 1
2026-03-29 00:30:08,640 - INFO - Configured Inter-op threads = 1
2026-03-29 00:30:08,640 - INFO - TensorFlow: No GPUs visible; TF will proceed on CPU.
2026-03-29 00:30:08,640 - INFO - 
2026-03-29 00:30:14,330 - INFO - Ray Successfully Initialized with 4 CPU(s) ([0, 1, 2, 3] CPU Affinity Binding).
2026-03-29 00:30:14,330 - INFO - Analyzing 1 time chunk(s) from 2025-01-10 11:52:05 to 2025-01-10 11:53:05 (dt=1min, overlap=0min).
2026-03-29 00:30:14,330 - INFO - Using 2 selected station(s).
2026-03-29 00:30:14,330 - INFO - 
2026-03-29 00:30:14,331 - INFO - ------- Starting EQCCTPro... -------
2026-03-29 00:30:14,331 - INFO - Detailed subprocess information can be found in the log file.
2026-03-29 00:30:14,331 - INFO - 
2026-03-29 00:30:14,770 - INFO - GPU disabled (CPU-only).
2026-03-29 00:30:16,517 - INFO - Configured Intra-op threads = 1
2026-03-29 00:30:16,520 - INFO - Configured Inter-op threads = 1
2026-03-29 00:30:16,564 - INFO - TensorFlow: No GPUs visible; TF will proceed on CPU.
2026-03-29 00:30:16,566 - INFO - 
2026-03-29 00:30:16,569 - INFO - ------- Hardware Configuration -------
2026-03-29 00:30:16,571 - INFO - CPU affinity set to cores: [0, 1, 2, 3]
2026-03-29 00:30:16,574 - INFO - 
2026-03-29 00:30:16,577 - INFO - ------- Data Preprocessing for EQCCTPro -------
2026-03-29 00:30:16,580 - INFO - 2 station(s) in /home/blackwinter/projects/eqcct/eqcctpro/data/waveforms_explosions_nonoise/20250110T115205Z_20250110T115305Z
2026-03-29 00:30:16,583 - INFO - Using 2 selected station(s): ['OUF', 'RUF'].
2026-03-29 00:30:16,585 - INFO - Creating model actor(s)...
2026-03-29 00:30:16,587 - INFO - System RAM: Total=7870 MB, Available=3449 MB
2026-03-29 00:30:16,590 - INFO - Usable RAM budget: 7083 MB (90% of total)
2026-03-29 00:30:16,592 - INFO - ===== MEMORY-AWARE CPU ACTOR POOL (EQCCT) =====
2026-03-29 00:30:16,595 - INFO - Requested concurrent tasks: 1
2026-03-29 00:30:16,597 - INFO - Available CPUs: 4
2026-03-29 00:30:16,600 - INFO - Available RAM: 7083 MB
2026-03-29 00:30:16,603 - INFO - RAM per model: 2264 MB
2026-03-29 00:30:16,605 - INFO - Max actors by RAM: 3
2026-03-29 00:30:16,608 - INFO - Creating 1 ModelActor(s)
2026-03-29 00:30:16,611 - INFO - Let Ray handle scheduling (taskset already restricts CPU visibility)
2026-03-29 00:30:16,614 - INFO - Creating ModelActor 1/1 (2.21GB RAM each)...
2026-03-29 00:30:21,039 - INFO - ModelActor 1 created successfully.
2026-03-29 00:30:21,042 - INFO - Created 1 CPU actor(s). Task queue will handle concurrency.
2026-03-29 00:30:21,046 - INFO - Starting EQCCTPro parallelized waveform processing...
2026-03-29 00:30:21,050 - INFO - 
2026-03-29 00:30:21,053 - INFO - ------- Analyzing Seismic Waveforms for P and S Picks via EQCCT -------
2026-03-29 00:30:21,058 - INFO - Analyzing 0:01:00 minute timechunk from 2025-01-10 11:52:05 to 2025-01-10 11:53:05 (0 min overlap)
2026-03-29 00:30:21,061 - INFO - Processing a total of 2 stations, 1 at a time.
2026-03-29 00:30:25,540 - INFO - (1/2) OUF: Finished the prediction in 2.49s. (HP=1.0, LP=45.0)
2026-03-29 00:30:25,668 - INFO - (2/2) RUF: Finished the prediction in 0.12s. (HP=1.0, LP=45.0)
2026-03-29 00:30:25,670 - INFO - 
2026-03-29 00:30:25,673 - INFO - ------- Parallel Station Waveform Processing Complete For 2025-01-10 11:52:05 to 2025-01-10 11:53:05 Timechunk-------
2026-03-29 00:30:25,676 - INFO - Picks saved at /home/blackwinter/projects/eqcct/eqcctpro/results/csv/eqcct_explosions_th0_1/20250110T115205Z_20250110T115305ZProcess Runtime: 4.62 s
2026-03-29 00:30:25,682 - INFO - Successfully ran EQCCTPro, exiting...
2026-03-29 00:30:27,179 - INFO - Ray Successfully Shutdown.
2026-03-29 00:30:27,179 - INFO - ------- Successfully Picked All Waveform(s) from all Timechunk(s) -------
