2026-02-27 12:49:02,757 - INFO - 
2026-02-27 12:49:02,757 - INFO - ------- Welcome to EQCCTPro -------
2026-02-27 12:49:02,757 - INFO - 
2026-02-27 12:49:02,758 - INFO - Running EQCCT over Requested MSeed Files using CPU(s)...
2026-02-27 12:49:02,758 - INFO - GPU disabled (CPU-only).
2026-02-27 12:49:02,758 - INFO - Configured Intra-op threads = 1
2026-02-27 12:49:02,758 - INFO - Configured Inter-op threads = 1
2026-02-27 12:49:02,759 - INFO - TensorFlow: No GPUs visible; TF will proceed on CPU.
2026-02-27 12:49:02,759 - INFO - 
2026-02-27 12:49:08,145 - INFO - Ray Successfully Initialized with 4 CPU(s) ([0, 1, 2, 3] CPU Affinity Binding).
2026-02-27 12:49:08,145 - INFO - Analyzing 1 time chunk(s) from 2025-01-23 13:20:48 to 2025-01-23 13:21:48 (dt=1min, overlap=0min).
2026-02-27 12:49:08,145 - INFO - Using 1 selected station(s).
2026-02-27 12:49:08,145 - INFO - 
2026-02-27 12:49:08,146 - INFO - ------- Starting EQCCTPro... -------
2026-02-27 12:49:08,146 - INFO - Detailed subprocess information can be found in the log file.
2026-02-27 12:49:08,146 - INFO - 
2026-02-27 12:49:08,531 - INFO - GPU disabled (CPU-only).
2026-02-27 12:49:09,941 - INFO - Configured Intra-op threads = 1
2026-02-27 12:49:09,943 - INFO - Configured Inter-op threads = 1
2026-02-27 12:49:09,983 - INFO - TensorFlow: No GPUs visible; TF will proceed on CPU.
2026-02-27 12:49:09,986 - INFO - 
2026-02-27 12:49:09,988 - INFO - ------- Hardware Configuration -------
2026-02-27 12:49:09,990 - INFO - CPU affinity set to cores: [0, 1, 2, 3]
2026-02-27 12:49:09,992 - INFO - 
2026-02-27 12:49:09,993 - INFO - ------- Data Preprocessing for EQCCTPro -------
2026-02-27 12:49:09,995 - INFO - 1 station(s) in /home/blackwinter/projects/eqcct/eqcctpro/data/waveforms_explosions_nonoise/20250123T132048Z_20250123T132148Z
2026-02-27 12:49:09,997 - INFO - Using 1 selected station(s): ['KEF'].
2026-02-27 12:49:09,999 - INFO - Creating model actor(s)...
2026-02-27 12:49:10,001 - INFO - System RAM: Total=7870 MB, Available=2155 MB
2026-02-27 12:49:10,003 - INFO - Usable RAM budget: 7083 MB (90% of total)
2026-02-27 12:49:10,005 - INFO - ===== MEMORY-AWARE CPU ACTOR POOL (EQCCT) =====
2026-02-27 12:49:10,006 - INFO - Requested concurrent tasks: 1
2026-02-27 12:49:10,008 - INFO - Available CPUs: 4
2026-02-27 12:49:10,010 - INFO - Available RAM: 7083 MB
2026-02-27 12:49:10,012 - INFO - RAM per model: 2264 MB
2026-02-27 12:49:10,014 - INFO - Max actors by RAM: 3
2026-02-27 12:49:10,016 - INFO - Creating 1 ModelActor(s)
2026-02-27 12:49:10,018 - INFO - Let Ray handle scheduling (taskset already restricts CPU visibility)
2026-02-27 12:49:10,020 - INFO - Creating ModelActor 1/1 (2.21GB RAM each)...
2026-02-27 12:49:13,913 - INFO - ModelActor 1 created successfully.
2026-02-27 12:49:13,915 - INFO - Created 1 CPU actor(s). Task queue will handle concurrency.
2026-02-27 12:49:13,917 - INFO - Starting EQCCTPro parallelized waveform processing...
2026-02-27 12:49:13,919 - INFO - 
2026-02-27 12:49:13,921 - INFO - ------- Analyzing Seismic Waveforms for P and S Picks via EQCCT -------
2026-02-27 12:49:13,924 - INFO - Analyzing 0:01:00 minute timechunk from 2025-01-23 13:20:48 to 2025-01-23 13:21:48 (0 min overlap)
2026-02-27 12:49:13,926 - INFO - Processing a total of 1 stations, 1 at a time.
2026-02-27 12:49:17,944 - INFO - (1/1) KEF: Finished the prediction in 2.13s. (HP=1.0, LP=45.0)
2026-02-27 12:49:17,946 - INFO - 
2026-02-27 12:49:17,948 - INFO - ------- Parallel Station Waveform Processing Complete For 2025-01-23 13:20:48 to 2025-01-23 13:21:48 Timechunk-------
2026-02-27 12:49:17,954 - INFO - Successfully ran EQCCTPro, exiting...
2026-02-27 12:49:17,951 - INFO - Picks saved at /home/blackwinter/projects/eqcct/eqcctpro/results/csv/bm_explosions/20250123T132048Z_20250123T132148ZProcess Runtime: 4.03 s
2026-02-27 12:49:19,488 - INFO - Ray Successfully Shutdown.
2026-02-27 12:49:19,488 - INFO - ------- Successfully Picked All Waveform(s) from all Timechunk(s) -------
