2026-03-29 10:54:30,266 - INFO - 
2026-03-29 10:54:30,266 - INFO - ------- Welcome to EQCCTPro -------
2026-03-29 10:54:30,266 - INFO - 
2026-03-29 10:54:30,267 - INFO - Running EQCCT over Requested MSeed Files using CPU(s)...
2026-03-29 10:54:30,267 - INFO - GPU disabled (CPU-only).
2026-03-29 10:54:30,268 - INFO - Configured Intra-op threads = 1
2026-03-29 10:54:30,268 - INFO - Configured Inter-op threads = 1
2026-03-29 10:54:30,268 - INFO - TensorFlow: No GPUs visible; TF will proceed on CPU.
2026-03-29 10:54:30,268 - INFO - 
2026-03-29 10:54:35,910 - INFO - Ray Successfully Initialized with 4 CPU(s) ([0, 1, 2, 3] CPU Affinity Binding).
2026-03-29 10:54:35,910 - INFO - Analyzing 1 time chunk(s) from 2025-01-04 07:06:09 to 2025-01-04 07:07:09 (dt=1min, overlap=0min).
2026-03-29 10:54:35,910 - INFO - Using 1 selected station(s).
2026-03-29 10:54:35,910 - INFO - 
2026-03-29 10:54:35,911 - INFO - ------- Starting EQCCTPro... -------
2026-03-29 10:54:35,911 - INFO - Detailed subprocess information can be found in the log file.
2026-03-29 10:54:35,911 - INFO - 
2026-03-29 10:54:36,304 - INFO - GPU disabled (CPU-only).
2026-03-29 10:54:37,911 - INFO - Configured Intra-op threads = 1
2026-03-29 10:54:37,914 - INFO - Configured Inter-op threads = 1
2026-03-29 10:54:37,961 - INFO - TensorFlow: No GPUs visible; TF will proceed on CPU.
2026-03-29 10:54:37,964 - INFO - 
2026-03-29 10:54:37,967 - INFO - ------- Hardware Configuration -------
2026-03-29 10:54:37,969 - INFO - CPU affinity set to cores: [0, 1, 2, 3]
2026-03-29 10:54:37,972 - INFO - 
2026-03-29 10:54:37,974 - INFO - ------- Data Preprocessing for EQCCTPro -------
2026-03-29 10:54:37,976 - INFO - 1 station(s) in /home/blackwinter/projects/eqcct/eqcctpro/data/waveforms_noise_only/20250104T070609Z_20250104T070709Z
2026-03-29 10:54:37,978 - INFO - Using 1 selected station(s): ['RMF'].
2026-03-29 10:54:37,980 - INFO - Creating model actor(s)...
2026-03-29 10:54:37,982 - INFO - System RAM: Total=7870 MB, Available=5163 MB
2026-03-29 10:54:37,984 - INFO - Usable RAM budget: 7083 MB (90% of total)
2026-03-29 10:54:37,986 - INFO - ===== MEMORY-AWARE CPU ACTOR POOL (EQCCT) =====
2026-03-29 10:54:37,988 - INFO - Requested concurrent tasks: 1
2026-03-29 10:54:37,990 - INFO - Available CPUs: 4
2026-03-29 10:54:37,992 - INFO - Available RAM: 7083 MB
2026-03-29 10:54:37,995 - INFO - RAM per model: 2264 MB
2026-03-29 10:54:37,997 - INFO - Max actors by RAM: 3
2026-03-29 10:54:37,999 - INFO - Creating 1 ModelActor(s)
2026-03-29 10:54:38,002 - INFO - Let Ray handle scheduling (taskset already restricts CPU visibility)
2026-03-29 10:54:38,004 - INFO - Creating ModelActor 1/1 (2.21GB RAM each)...
2026-03-29 10:54:42,293 - INFO - ModelActor 1 created successfully.
2026-03-29 10:54:42,296 - INFO - Created 1 CPU actor(s). Task queue will handle concurrency.
2026-03-29 10:54:42,298 - INFO - Starting EQCCTPro parallelized waveform processing...
2026-03-29 10:54:42,301 - INFO - 
2026-03-29 10:54:42,303 - INFO - ------- Analyzing Seismic Waveforms for P and S Picks via EQCCT -------
2026-03-29 10:54:42,306 - INFO - Analyzing 0:01:00 minute timechunk from 2025-01-04 07:06:09 to 2025-01-04 07:07:09 (0 min overlap)
2026-03-29 10:54:42,309 - INFO - Processing a total of 1 stations, 1 at a time.
2026-03-29 10:54:46,666 - INFO - (1/1) RMF: Finished the prediction in 2.39s. (HP=1.0, LP=45.0)
2026-03-29 10:54:46,668 - INFO - 
2026-03-29 10:54:46,671 - INFO - ------- Parallel Station Waveform Processing Complete For 2025-01-04 07:06:09 to 2025-01-04 07:07:09 Timechunk-------
2026-03-29 10:54:46,674 - INFO - Picks saved at /home/blackwinter/projects/eqcct/eqcctpro/results/csv/eqcct_noise_th0_1/20250104T070609Z_20250104T070709ZProcess Runtime: 4.37 s
2026-03-29 10:54:46,679 - INFO - Successfully ran EQCCTPro, exiting...
2026-03-29 10:54:48,195 - INFO - Ray Successfully Shutdown.
2026-03-29 10:54:48,195 - INFO - ------- Successfully Picked All Waveform(s) from all Timechunk(s) -------
