2026-03-28 21:37:57,653 - INFO - 
2026-03-28 21:37:57,654 - INFO - ------- Welcome to EQCCTPro -------
2026-03-28 21:37:57,654 - INFO - 
2026-03-28 21:37:57,655 - INFO - Running EQCCT over Requested MSeed Files using CPU(s)...
2026-03-28 21:37:57,655 - INFO - GPU disabled (CPU-only).
2026-03-28 23:44:46,660 - INFO - 
2026-03-28 23:44:46,661 - INFO - ------- Welcome to EQCCTPro -------
2026-03-28 23:44:46,661 - INFO - 
2026-03-28 23:44:46,662 - INFO - Running EQCCT over Requested MSeed Files using CPU(s)...
2026-03-28 23:44:46,662 - INFO - GPU disabled (CPU-only).
2026-03-28 23:44:46,662 - INFO - Configured Intra-op threads = 1
2026-03-28 23:44:46,662 - INFO - Configured Inter-op threads = 1
2026-03-28 23:44:46,662 - INFO - TensorFlow: No GPUs visible; TF will proceed on CPU.
2026-03-28 23:44:46,662 - INFO - 
2026-03-28 23:44:51,635 - INFO - Ray Successfully Initialized with 4 CPU(s) ([0, 1, 2, 3] CPU Affinity Binding).
2026-03-28 23:44:51,635 - INFO - Analyzing 1 time chunk(s) from 2025-01-08 16:44:28 to 2025-01-08 16:45:28 (dt=1min, overlap=0min).
2026-03-28 23:44:51,635 - INFO - Using 2 selected station(s).
2026-03-28 23:44:51,635 - INFO - 
2026-03-28 23:44:51,635 - INFO - ------- Starting EQCCTPro... -------
2026-03-28 23:44:51,636 - INFO - Detailed subprocess information can be found in the log file.
2026-03-28 23:44:51,636 - INFO - 
2026-03-28 23:44:52,051 - INFO - GPU disabled (CPU-only).
2026-03-28 23:44:53,653 - INFO - Configured Intra-op threads = 1
2026-03-28 23:44:53,656 - INFO - Configured Inter-op threads = 1
2026-03-28 23:44:53,701 - INFO - TensorFlow: No GPUs visible; TF will proceed on CPU.
2026-03-28 23:44:53,704 - INFO - 
2026-03-28 23:44:53,706 - INFO - ------- Hardware Configuration -------
2026-03-28 23:44:53,709 - INFO - CPU affinity set to cores: [0, 1, 2, 3]
2026-03-28 23:44:53,711 - INFO - 
2026-03-28 23:44:53,714 - INFO - ------- Data Preprocessing for EQCCTPro -------
2026-03-28 23:44:53,717 - INFO - 2 station(s) in /home/blackwinter/projects/eqcct/eqcctpro/data/waveforms_explosions_nonoise/20250108T164428Z_20250108T164528Z
2026-03-28 23:44:53,720 - INFO - Using 2 selected station(s): ['KIF', 'RANF'].
2026-03-28 23:44:53,723 - INFO - Creating model actor(s)...
2026-03-28 23:44:53,726 - INFO - System RAM: Total=7870 MB, Available=3623 MB
2026-03-28 23:44:53,728 - INFO - Usable RAM budget: 7083 MB (90% of total)
2026-03-28 23:44:53,731 - INFO - ===== MEMORY-AWARE CPU ACTOR POOL (EQCCT) =====
2026-03-28 23:44:53,734 - INFO - Requested concurrent tasks: 1
2026-03-28 23:44:53,736 - INFO - Available CPUs: 4
2026-03-28 23:44:53,739 - INFO - Available RAM: 7083 MB
2026-03-28 23:44:53,741 - INFO - RAM per model: 2264 MB
2026-03-28 23:44:53,743 - INFO - Max actors by RAM: 3
2026-03-28 23:44:53,746 - INFO - Creating 1 ModelActor(s)
2026-03-28 23:44:53,748 - INFO - Let Ray handle scheduling (taskset already restricts CPU visibility)
2026-03-28 23:44:53,751 - INFO - Creating ModelActor 1/1 (2.21GB RAM each)...
2026-03-28 23:44:58,174 - INFO - ModelActor 1 created successfully.
2026-03-28 23:44:58,177 - INFO - Created 1 CPU actor(s). Task queue will handle concurrency.
2026-03-28 23:44:58,179 - INFO - Starting EQCCTPro parallelized waveform processing...
2026-03-28 23:44:58,182 - INFO - 
2026-03-28 23:44:58,185 - INFO - ------- Analyzing Seismic Waveforms for P and S Picks via EQCCT -------
2026-03-28 23:44:58,188 - INFO - Analyzing 0:01:00 minute timechunk from 2025-01-08 16:44:28 to 2025-01-08 16:45:28 (0 min overlap)
2026-03-28 23:44:58,190 - INFO - Processing a total of 2 stations, 1 at a time.
2026-03-28 23:45:02,732 - INFO - (1/2) KIF: Finished the prediction in 2.52s. (HP=1.0, LP=45.0)
2026-03-28 23:45:02,873 - INFO - (2/2) RANF: Finished the prediction in 0.13s. (HP=1.0, LP=45.0)
2026-03-28 23:45:02,875 - INFO - 
2026-03-28 23:45:02,878 - INFO - ------- Parallel Station Waveform Processing Complete For 2025-01-08 16:44:28 to 2025-01-08 16:45:28 Timechunk-------
2026-03-28 23:45:02,880 - INFO - Picks saved at /home/blackwinter/projects/eqcct/eqcctpro/results/csv/eqcct_explosions_th0_1/20250108T164428Z_20250108T164528ZProcess Runtime: 4.70 s
2026-03-28 23:45:02,889 - INFO - Successfully ran EQCCTPro, exiting...
2026-03-28 23:45:04,399 - INFO - Ray Successfully Shutdown.
2026-03-28 23:45:04,400 - INFO - ------- Successfully Picked All Waveform(s) from all Timechunk(s) -------
