2026-03-29 18:19:52,846 - INFO - 
2026-03-29 18:19:52,846 - INFO - ------- Welcome to EQCCTPro -------
2026-03-29 18:19:52,846 - INFO - 
2026-03-29 18:19:52,846 - INFO - Running EQCCT over Requested MSeed Files using CPU(s)...
2026-03-29 18:19:52,847 - INFO - GPU disabled (CPU-only).
2026-03-29 18:19:52,847 - INFO - Configured Intra-op threads = 1
2026-03-29 18:19:52,847 - INFO - Configured Inter-op threads = 1
2026-03-29 18:19:52,847 - INFO - TensorFlow: No GPUs visible; TF will proceed on CPU.
2026-03-29 18:19:52,847 - INFO - 
2026-03-29 18:19:58,752 - INFO - Ray Successfully Initialized with 4 CPU(s) ([0, 1, 2, 3] CPU Affinity Binding).
2026-03-29 18:19:58,752 - INFO - Analyzing 1 time chunk(s) from 2025-01-12 15:27:12 to 2025-01-12 15:28:12 (dt=1min, overlap=0min).
2026-03-29 18:19:58,753 - INFO - Using 2 selected station(s).
2026-03-29 18:19:58,753 - INFO - 
2026-03-29 18:19:58,754 - INFO - ------- Starting EQCCTPro... -------
2026-03-29 18:19:58,754 - INFO - Detailed subprocess information can be found in the log file.
2026-03-29 18:19:58,754 - INFO - 
2026-03-29 18:19:59,123 - INFO - GPU disabled (CPU-only).
2026-03-29 18:20:00,681 - INFO - Configured Intra-op threads = 1
2026-03-29 18:20:00,684 - INFO - Configured Inter-op threads = 1
2026-03-29 18:20:00,738 - INFO - TensorFlow: No GPUs visible; TF will proceed on CPU.
2026-03-29 18:20:00,740 - INFO - 
2026-03-29 18:20:00,743 - INFO - ------- Hardware Configuration -------
2026-03-29 18:20:00,745 - INFO - CPU affinity set to cores: [0, 1, 2, 3]
2026-03-29 18:20:00,748 - INFO - 
2026-03-29 18:20:00,751 - INFO - ------- Data Preprocessing for EQCCTPro -------
2026-03-29 18:20:00,754 - INFO - 2 station(s) in /home/blackwinter/projects/eqcct/eqcctpro/data/waveforms_noise_only/20250112T152712Z_20250112T152812Z
2026-03-29 18:20:00,756 - INFO - Using 2 selected station(s): ['RAJF', 'SGF'].
2026-03-29 18:20:00,759 - INFO - Creating model actor(s)...
2026-03-29 18:20:00,762 - INFO - System RAM: Total=7870 MB, Available=3962 MB
2026-03-29 18:20:00,765 - INFO - Usable RAM budget: 7083 MB (90% of total)
2026-03-29 18:20:00,767 - INFO - ===== MEMORY-AWARE CPU ACTOR POOL (EQCCT) =====
2026-03-29 18:20:00,770 - INFO - Requested concurrent tasks: 1
2026-03-29 18:20:00,773 - INFO - Available CPUs: 4
2026-03-29 18:20:00,776 - INFO - Available RAM: 7083 MB
2026-03-29 18:20:00,779 - INFO - RAM per model: 2264 MB
2026-03-29 18:20:00,781 - INFO - Max actors by RAM: 3
2026-03-29 18:20:00,784 - INFO - Creating 1 ModelActor(s)
2026-03-29 18:20:00,787 - INFO - Let Ray handle scheduling (taskset already restricts CPU visibility)
2026-03-29 18:20:00,789 - INFO - Creating ModelActor 1/1 (2.21GB RAM each)...
2026-03-29 18:20:05,206 - INFO - ModelActor 1 created successfully.
2026-03-29 18:20:05,209 - INFO - Created 1 CPU actor(s). Task queue will handle concurrency.
2026-03-29 18:20:05,212 - INFO - Starting EQCCTPro parallelized waveform processing...
2026-03-29 18:20:05,215 - INFO - 
2026-03-29 18:20:05,218 - INFO - ------- Analyzing Seismic Waveforms for P and S Picks via EQCCT -------
2026-03-29 18:20:05,221 - INFO - Analyzing 0:01:00 minute timechunk from 2025-01-12 15:27:12 to 2025-01-12 15:28:12 (0 min overlap)
2026-03-29 18:20:05,224 - INFO - Processing a total of 2 stations, 1 at a time.
2026-03-29 18:20:09,726 - INFO - (1/2) RAJF: Finished the prediction in 2.4s. (HP=1.0, LP=45.0)
2026-03-29 18:20:09,754 - INFO - (2/2) SGF: FAILED reading mSEED.
2026-03-29 18:20:09,756 - INFO - 
2026-03-29 18:20:09,759 - INFO - ------- Parallel Station Waveform Processing Complete For 2025-01-12 15:27:12 to 2025-01-12 15:28:12 Timechunk-------
2026-03-29 18:20:09,762 - INFO - Picks saved at /home/blackwinter/projects/eqcct/eqcctpro/results/csv/eqcct_noise_th0_1/20250112T152712Z_20250112T152812ZProcess Runtime: 4.54 s
2026-03-29 18:20:09,767 - INFO - Successfully ran EQCCTPro, exiting...
2026-03-29 18:20:11,619 - INFO - Ray Successfully Shutdown.
2026-03-29 18:20:11,619 - INFO - ------- Successfully Picked All Waveform(s) from all Timechunk(s) -------
