2026-03-10 23:35:55,486 - INFO - 
2026-03-10 23:35:55,486 - INFO - ------- Welcome to EQCCTPro -------
2026-03-10 23:35:55,486 - INFO - 
2026-03-10 23:35:55,487 - INFO - Running EQCCT over Requested MSeed Files using CPU(s)...
2026-03-10 23:35:55,487 - INFO - GPU disabled (CPU-only).
2026-03-10 23:35:55,487 - INFO - Configured Intra-op threads = 1
2026-03-10 23:35:55,487 - INFO - Configured Inter-op threads = 1
2026-03-10 23:35:55,487 - INFO - TensorFlow: No GPUs visible; TF will proceed on CPU.
2026-03-10 23:35:55,487 - INFO - 
2026-03-10 23:36:01,038 - INFO - Ray Successfully Initialized with 4 CPU(s) ([0, 1, 2, 3] CPU Affinity Binding).
2026-03-10 23:36:01,039 - INFO - Analyzing 1 time chunk(s) from 2025-01-09 08:47:02 to 2025-01-09 08:48:02 (dt=1min, overlap=0min).
2026-03-10 23:36:01,039 - INFO - Using 1 selected station(s).
2026-03-10 23:36:01,039 - INFO - 
2026-03-10 23:36:01,039 - INFO - ------- Starting EQCCTPro... -------
2026-03-10 23:36:01,040 - INFO - Detailed subprocess information can be found in the log file.
2026-03-10 23:36:01,040 - INFO - 
2026-03-10 23:36:01,424 - INFO - GPU disabled (CPU-only).
2026-03-10 23:36:02,978 - INFO - Configured Intra-op threads = 1
2026-03-10 23:36:02,981 - INFO - Configured Inter-op threads = 1
2026-03-10 23:36:03,050 - INFO - TensorFlow: No GPUs visible; TF will proceed on CPU.
2026-03-10 23:36:03,052 - INFO - 
2026-03-10 23:36:03,054 - INFO - ------- Hardware Configuration -------
2026-03-10 23:36:03,057 - INFO - CPU affinity set to cores: [0, 1, 2, 3]
2026-03-10 23:36:03,059 - INFO - 
2026-03-10 23:36:03,062 - INFO - ------- Data Preprocessing for EQCCTPro -------
2026-03-10 23:36:03,064 - INFO - 1 station(s) in /home/blackwinter/projects/eqcct/eqcctpro/data/waveforms_noise_only/20250109T084702Z_20250109T084802Z
2026-03-10 23:36:03,067 - INFO - Using 1 selected station(s): ['FIC3'].
2026-03-10 23:36:03,069 - INFO - Creating model actor(s)...
2026-03-10 23:36:03,071 - INFO - System RAM: Total=7870 MB, Available=2657 MB
2026-03-10 23:36:03,073 - INFO - Usable RAM budget: 7083 MB (90% of total)
2026-03-10 23:36:03,076 - INFO - ===== MEMORY-AWARE CPU ACTOR POOL (EQCCT) =====
2026-03-10 23:36:03,078 - INFO - Requested concurrent tasks: 1
2026-03-10 23:36:03,080 - INFO - Available CPUs: 4
2026-03-10 23:36:03,082 - INFO - Available RAM: 7083 MB
2026-03-10 23:36:03,084 - INFO - RAM per model: 2264 MB
2026-03-10 23:36:03,086 - INFO - Max actors by RAM: 3
2026-03-10 23:36:03,087 - INFO - Creating 1 ModelActor(s)
2026-03-10 23:36:03,089 - INFO - Let Ray handle scheduling (taskset already restricts CPU visibility)
2026-03-10 23:36:03,091 - INFO - Creating ModelActor 1/1 (2.21GB RAM each)...
2026-03-10 23:36:07,111 - INFO - ModelActor 1 created successfully.
2026-03-10 23:36:07,113 - INFO - Created 1 CPU actor(s). Task queue will handle concurrency.
2026-03-10 23:36:07,115 - INFO - Starting EQCCTPro parallelized waveform processing...
2026-03-10 23:36:07,117 - INFO - 
2026-03-10 23:36:07,119 - INFO - ------- Analyzing Seismic Waveforms for P and S Picks via EQCCT -------
2026-03-10 23:36:07,122 - INFO - Analyzing 0:01:00 minute timechunk from 2025-01-09 08:47:02 to 2025-01-09 08:48:02 (0 min overlap)
2026-03-10 23:36:07,124 - INFO - Processing a total of 1 stations, 1 at a time.
2026-03-10 23:36:11,316 - INFO - (1/1) FIC3: Finished the prediction in 2.19s. (HP=1.0, LP=45.0)
2026-03-10 23:36:11,318 - INFO - 
2026-03-10 23:36:11,320 - INFO - ------- Parallel Station Waveform Processing Complete For 2025-01-09 08:47:02 to 2025-01-09 08:48:02 Timechunk-------
2026-03-10 23:36:11,322 - INFO - Picks saved at /home/blackwinter/projects/eqcct/eqcctpro/results/csv/bm_noise_only/20250109T084702Z_20250109T084802ZProcess Runtime: 4.20 s
2026-03-10 23:36:11,326 - INFO - Successfully ran EQCCTPro, exiting...
2026-03-10 23:36:12,819 - INFO - Ray Successfully Shutdown.
2026-03-10 23:36:12,820 - INFO - ------- Successfully Picked All Waveform(s) from all Timechunk(s) -------
2026-03-11 14:17:13,248 - INFO - 
2026-03-11 14:17:13,248 - INFO - ------- Welcome to EQCCTPro -------
2026-03-11 14:17:13,248 - INFO - 
2026-03-11 14:17:13,249 - INFO - Running EQCCT over Requested MSeed Files using CPU(s)...
2026-03-11 14:17:13,249 - INFO - GPU disabled (CPU-only).
2026-03-11 14:17:13,249 - INFO - Configured Intra-op threads = 1
2026-03-11 14:17:13,249 - INFO - Configured Inter-op threads = 1
2026-03-11 14:17:13,249 - INFO - TensorFlow: No GPUs visible; TF will proceed on CPU.
2026-03-11 14:17:13,250 - INFO - 
2026-03-11 14:17:18,607 - INFO - Ray Successfully Initialized with 4 CPU(s) ([0, 1, 2, 3] CPU Affinity Binding).
2026-03-11 14:17:18,607 - INFO - Analyzing 1 time chunk(s) from 2025-01-09 08:47:02 to 2025-01-09 08:48:02 (dt=1min, overlap=0min).
2026-03-11 14:17:18,607 - INFO - Using 1 selected station(s).
2026-03-11 14:17:18,607 - INFO - 
2026-03-11 14:17:18,607 - INFO - ------- Starting EQCCTPro... -------
2026-03-11 14:17:18,607 - INFO - Detailed subprocess information can be found in the log file.
2026-03-11 14:17:18,608 - INFO - 
2026-03-11 14:17:18,988 - INFO - GPU disabled (CPU-only).
2026-03-11 14:17:20,490 - INFO - Configured Intra-op threads = 1
2026-03-11 14:17:20,492 - INFO - Configured Inter-op threads = 1
2026-03-11 14:17:20,532 - INFO - TensorFlow: No GPUs visible; TF will proceed on CPU.
2026-03-11 14:17:20,535 - INFO - 
2026-03-11 14:17:20,537 - INFO - ------- Hardware Configuration -------
2026-03-11 14:17:20,539 - INFO - CPU affinity set to cores: [0, 1, 2, 3]
2026-03-11 14:17:20,541 - INFO - 
2026-03-11 14:17:20,543 - INFO - ------- Data Preprocessing for EQCCTPro -------
2026-03-11 14:17:20,545 - INFO - 1 station(s) in /home/blackwinter/projects/eqcct/eqcctpro/data/waveforms_noise_only/20250109T084702Z_20250109T084802Z
2026-03-11 14:17:20,548 - INFO - Using 1 selected station(s): ['FIC3'].
2026-03-11 14:17:20,550 - INFO - Creating model actor(s)...
2026-03-11 14:17:20,552 - INFO - System RAM: Total=7870 MB, Available=3477 MB
2026-03-11 14:17:20,554 - INFO - Usable RAM budget: 7083 MB (90% of total)
2026-03-11 14:17:20,556 - INFO - ===== MEMORY-AWARE CPU ACTOR POOL (EQCCT) =====
2026-03-11 14:17:20,558 - INFO - Requested concurrent tasks: 1
2026-03-11 14:17:20,560 - INFO - Available CPUs: 4
2026-03-11 14:17:20,562 - INFO - Available RAM: 7083 MB
2026-03-11 14:17:20,564 - INFO - RAM per model: 2264 MB
2026-03-11 14:17:20,566 - INFO - Max actors by RAM: 3
2026-03-11 14:17:20,568 - INFO - Creating 1 ModelActor(s)
2026-03-11 14:17:20,570 - INFO - Let Ray handle scheduling (taskset already restricts CPU visibility)
2026-03-11 14:17:20,572 - INFO - Creating ModelActor 1/1 (2.21GB RAM each)...
2026-03-11 14:17:24,638 - INFO - ModelActor 1 created successfully.
2026-03-11 14:17:24,644 - INFO - Created 1 CPU actor(s). Task queue will handle concurrency.
2026-03-11 14:17:24,646 - INFO - Starting EQCCTPro parallelized waveform processing...
2026-03-11 14:17:24,648 - INFO - 
2026-03-11 14:17:24,650 - INFO - ------- Analyzing Seismic Waveforms for P and S Picks via EQCCT -------
2026-03-11 14:17:24,654 - INFO - Analyzing 0:01:00 minute timechunk from 2025-01-09 08:47:02 to 2025-01-09 08:48:02 (0 min overlap)
2026-03-11 14:17:24,655 - INFO - Processing a total of 1 stations, 1 at a time.
2026-03-11 14:17:26,589 - INFO - (1/1) FIC3: Skipped (already exists - overwrite=False).
2026-03-11 14:17:26,591 - INFO - 
2026-03-11 14:17:26,593 - INFO - ------- Parallel Station Waveform Processing Complete For 2025-01-09 08:47:02 to 2025-01-09 08:48:02 Timechunk-------
2026-03-11 14:17:26,599 - INFO - Successfully ran EQCCTPro, exiting...
2026-03-11 14:17:26,595 - INFO - Picks saved at /home/blackwinter/projects/eqcct/eqcctpro/results/csv/bm_noise_only/20250109T084702Z_20250109T084802ZProcess Runtime: 1.95 s
2026-03-11 14:17:28,187 - INFO - Ray Successfully Shutdown.
2026-03-11 14:17:28,188 - INFO - ------- Successfully Picked All Waveform(s) from all Timechunk(s) -------
