2026-02-27 02:28:42,351 - INFO - 
2026-02-27 02:28:42,351 - INFO - ------- Welcome to EQCCTPro -------
2026-02-27 02:28:42,351 - INFO - 
2026-02-27 02:28:42,351 - INFO - Running EQCCT over Requested MSeed Files using CPU(s)...
2026-02-27 02:28:42,352 - INFO - GPU disabled (CPU-only).
2026-02-27 02:28:42,352 - INFO - Configured Intra-op threads = 1
2026-02-27 02:28:42,352 - INFO - Configured Inter-op threads = 1
2026-02-27 02:28:42,352 - INFO - TensorFlow: No GPUs visible; TF will proceed on CPU.
2026-02-27 02:28:42,352 - INFO - 
2026-02-27 02:28:47,980 - INFO - Ray Successfully Initialized with 4 CPU(s) ([0, 1, 2, 3] CPU Affinity Binding).
2026-02-27 02:28:47,980 - INFO - Analyzing 1 time chunk(s) from 2025-01-16 11:31:13 to 2025-01-16 11:32:13 (dt=1min, overlap=0min).
2026-02-27 02:28:47,980 - INFO - Using 1 selected station(s).
2026-02-27 02:28:47,980 - INFO - 
2026-02-27 02:28:47,980 - INFO - ------- Starting EQCCTPro... -------
2026-02-27 02:28:47,981 - INFO - Detailed subprocess information can be found in the log file.
2026-02-27 02:28:47,981 - INFO - 
2026-02-27 02:28:48,345 - INFO - GPU disabled (CPU-only).
2026-02-27 02:28:49,882 - INFO - Configured Intra-op threads = 1
2026-02-27 02:28:49,884 - INFO - Configured Inter-op threads = 1
2026-02-27 02:28:49,923 - INFO - TensorFlow: No GPUs visible; TF will proceed on CPU.
2026-02-27 02:28:49,925 - INFO - 
2026-02-27 02:28:49,927 - INFO - ------- Hardware Configuration -------
2026-02-27 02:28:49,930 - INFO - CPU affinity set to cores: [0, 1, 2, 3]
2026-02-27 02:28:49,931 - INFO - 
2026-02-27 02:28:49,933 - INFO - ------- Data Preprocessing for EQCCTPro -------
2026-02-27 02:28:49,935 - INFO - 1 station(s) in /home/blackwinter/projects/eqcct/eqcctpro/data/waveforms_explosions_nonoise/20250116T113113Z_20250116T113213Z
2026-02-27 02:28:49,937 - INFO - Using 1 selected station(s): ['NUR'].
2026-02-27 02:28:49,938 - INFO - Creating model actor(s)...
2026-02-27 02:28:49,940 - INFO - System RAM: Total=7870 MB, Available=2769 MB
2026-02-27 02:28:49,943 - INFO - Usable RAM budget: 7083 MB (90% of total)
2026-02-27 02:28:49,945 - INFO - ===== MEMORY-AWARE CPU ACTOR POOL (EQCCT) =====
2026-02-27 02:28:49,948 - INFO - Requested concurrent tasks: 1
2026-02-27 02:28:49,950 - INFO - Available CPUs: 4
2026-02-27 02:28:49,952 - INFO - Available RAM: 7083 MB
2026-02-27 02:28:49,954 - INFO - RAM per model: 2264 MB
2026-02-27 02:28:49,955 - INFO - Max actors by RAM: 3
2026-02-27 02:28:49,957 - INFO - Creating 1 ModelActor(s)
2026-02-27 02:28:49,959 - INFO - Let Ray handle scheduling (taskset already restricts CPU visibility)
2026-02-27 02:28:49,961 - INFO - Creating ModelActor 1/1 (2.21GB RAM each)...
2026-02-27 02:28:53,869 - INFO - ModelActor 1 created successfully.
2026-02-27 02:28:53,871 - INFO - Created 1 CPU actor(s). Task queue will handle concurrency.
2026-02-27 02:28:53,873 - INFO - Starting EQCCTPro parallelized waveform processing...
2026-02-27 02:28:53,875 - INFO - 
2026-02-27 02:28:53,877 - INFO - ------- Analyzing Seismic Waveforms for P and S Picks via EQCCT -------
2026-02-27 02:28:53,880 - INFO - Analyzing 0:01:00 minute timechunk from 2025-01-16 11:31:13 to 2025-01-16 11:32:13 (0 min overlap)
2026-02-27 02:28:53,882 - INFO - Processing a total of 1 stations, 1 at a time.
2026-02-27 02:28:57,944 - INFO - (1/1) NUR: Finished the prediction in 2.13s. (HP=1.0, LP=45.0)
2026-02-27 02:28:57,946 - INFO - 
2026-02-27 02:28:57,948 - INFO - ------- Parallel Station Waveform Processing Complete For 2025-01-16 11:31:13 to 2025-01-16 11:32:13 Timechunk-------
2026-02-27 02:28:57,950 - INFO - Picks saved at /home/blackwinter/projects/eqcct/eqcctpro/results/csv/bm_explosions/20250116T113113Z_20250116T113213ZProcess Runtime: 4.07 s
2026-02-27 02:28:57,954 - INFO - Successfully ran EQCCTPro, exiting...
2026-02-27 02:28:59,499 - INFO - Ray Successfully Shutdown.
2026-02-27 02:28:59,499 - INFO - ------- Successfully Picked All Waveform(s) from all Timechunk(s) -------
2026-02-27 09:27:03,621 - INFO - 
2026-02-27 09:27:03,621 - INFO - ------- Welcome to EQCCTPro -------
2026-02-27 09:27:03,621 - INFO - 
2026-02-27 09:27:03,622 - INFO - Running EQCCT over Requested MSeed Files using CPU(s)...
2026-02-27 09:27:03,622 - INFO - GPU disabled (CPU-only).
2026-02-27 09:27:03,623 - INFO - Configured Intra-op threads = 1
2026-02-27 09:27:03,623 - INFO - Configured Inter-op threads = 1
2026-02-27 09:27:03,623 - INFO - TensorFlow: No GPUs visible; TF will proceed on CPU.
2026-02-27 09:27:03,623 - INFO - 
2026-02-27 09:27:09,024 - INFO - Ray Successfully Initialized with 4 CPU(s) ([0, 1, 2, 3] CPU Affinity Binding).
2026-02-27 09:27:09,024 - INFO - Analyzing 1 time chunk(s) from 2025-01-16 11:31:13 to 2025-01-16 11:32:13 (dt=1min, overlap=0min).
2026-02-27 09:27:09,025 - INFO - Using 1 selected station(s).
2026-02-27 09:27:09,025 - INFO - 
2026-02-27 09:27:09,026 - INFO - ------- Starting EQCCTPro... -------
2026-02-27 09:27:09,026 - INFO - Detailed subprocess information can be found in the log file.
2026-02-27 09:27:09,026 - INFO - 
2026-02-27 09:27:09,388 - INFO - GPU disabled (CPU-only).
2026-02-27 09:27:10,868 - INFO - Configured Intra-op threads = 1
2026-02-27 09:27:10,871 - INFO - Configured Inter-op threads = 1
2026-02-27 09:27:10,913 - INFO - TensorFlow: No GPUs visible; TF will proceed on CPU.
2026-02-27 09:27:10,915 - INFO - 
2026-02-27 09:27:10,917 - INFO - ------- Hardware Configuration -------
2026-02-27 09:27:10,919 - INFO - CPU affinity set to cores: [0, 1, 2, 3]
2026-02-27 09:27:10,922 - INFO - 
2026-02-27 09:27:10,924 - INFO - ------- Data Preprocessing for EQCCTPro -------
2026-02-27 09:27:10,926 - INFO - 1 station(s) in /home/blackwinter/projects/eqcct/eqcctpro/data/waveforms_explosions_nonoise/20250116T113113Z_20250116T113213Z
2026-02-27 09:27:10,929 - INFO - Using 1 selected station(s): ['NUR'].
2026-02-27 09:27:10,932 - INFO - Creating model actor(s)...
2026-02-27 09:27:10,934 - INFO - System RAM: Total=7870 MB, Available=2698 MB
2026-02-27 09:27:10,936 - INFO - Usable RAM budget: 7083 MB (90% of total)
2026-02-27 09:27:10,938 - INFO - ===== MEMORY-AWARE CPU ACTOR POOL (EQCCT) =====
2026-02-27 09:27:10,940 - INFO - Requested concurrent tasks: 1
2026-02-27 09:27:10,942 - INFO - Available CPUs: 4
2026-02-27 09:27:10,944 - INFO - Available RAM: 7083 MB
2026-02-27 09:27:10,947 - INFO - RAM per model: 2264 MB
2026-02-27 09:27:10,948 - INFO - Max actors by RAM: 3
2026-02-27 09:27:10,950 - INFO - Creating 1 ModelActor(s)
2026-02-27 09:27:10,952 - INFO - Let Ray handle scheduling (taskset already restricts CPU visibility)
2026-02-27 09:27:10,954 - INFO - Creating ModelActor 1/1 (2.21GB RAM each)...
2026-02-27 09:27:14,861 - INFO - ModelActor 1 created successfully.
2026-02-27 09:27:14,863 - INFO - Created 1 CPU actor(s). Task queue will handle concurrency.
2026-02-27 09:27:14,864 - INFO - Starting EQCCTPro parallelized waveform processing...
2026-02-27 09:27:14,866 - INFO - 
2026-02-27 09:27:14,868 - INFO - ------- Analyzing Seismic Waveforms for P and S Picks via EQCCT -------
2026-02-27 09:27:14,870 - INFO - Analyzing 0:01:00 minute timechunk from 2025-01-16 11:31:13 to 2025-01-16 11:32:13 (0 min overlap)
2026-02-27 09:27:14,872 - INFO - Processing a total of 1 stations, 1 at a time.
2026-02-27 09:27:16,755 - INFO - (1/1) NUR: Skipped (already exists - overwrite=False).
2026-02-27 09:27:16,757 - INFO - 
2026-02-27 09:27:16,759 - INFO - ------- Parallel Station Waveform Processing Complete For 2025-01-16 11:31:13 to 2025-01-16 11:32:13 Timechunk-------
2026-02-27 09:27:16,764 - INFO - Successfully ran EQCCTPro, exiting...
2026-02-27 09:27:16,761 - INFO - Picks saved at /home/blackwinter/projects/eqcct/eqcctpro/results/csv/bm_explosions/20250116T113113Z_20250116T113213ZProcess Runtime: 1.89 s
2026-02-27 09:27:18,359 - INFO - Ray Successfully Shutdown.
2026-02-27 09:27:18,360 - INFO - ------- Successfully Picked All Waveform(s) from all Timechunk(s) -------
