2026-03-29 16:04:52,355 - INFO - 
2026-03-29 16:04:52,355 - INFO - ------- Welcome to EQCCTPro -------
2026-03-29 16:04:52,355 - INFO - 
2026-03-29 16:04:52,356 - INFO - Running EQCCT over Requested MSeed Files using CPU(s)...
2026-03-29 16:04:52,356 - INFO - GPU disabled (CPU-only).
2026-03-29 16:04:52,356 - INFO - Configured Intra-op threads = 1
2026-03-29 16:04:52,356 - INFO - Configured Inter-op threads = 1
2026-03-29 16:04:52,356 - INFO - TensorFlow: No GPUs visible; TF will proceed on CPU.
2026-03-29 16:04:52,356 - INFO - 
2026-03-29 16:04:58,271 - INFO - Ray Successfully Initialized with 4 CPU(s) ([0, 1, 2, 3] CPU Affinity Binding).
2026-03-29 16:04:58,272 - INFO - Analyzing 1 time chunk(s) from 2025-01-09 23:02:09 to 2025-01-09 23:03:09 (dt=1min, overlap=0min).
2026-03-29 16:04:58,272 - INFO - Using 1 selected station(s).
2026-03-29 16:04:58,272 - INFO - 
2026-03-29 16:04:58,273 - INFO - ------- Starting EQCCTPro... -------
2026-03-29 16:04:58,273 - INFO - Detailed subprocess information can be found in the log file.
2026-03-29 16:04:58,273 - INFO - 
2026-03-29 16:04:58,672 - INFO - GPU disabled (CPU-only).
2026-03-29 16:05:00,224 - INFO - Configured Intra-op threads = 1
2026-03-29 16:05:00,227 - INFO - Configured Inter-op threads = 1
2026-03-29 16:05:00,272 - INFO - TensorFlow: No GPUs visible; TF will proceed on CPU.
2026-03-29 16:05:00,275 - INFO - 
2026-03-29 16:05:00,277 - INFO - ------- Hardware Configuration -------
2026-03-29 16:05:00,281 - INFO - CPU affinity set to cores: [0, 1, 2, 3]
2026-03-29 16:05:00,283 - INFO - 
2026-03-29 16:05:00,286 - INFO - ------- Data Preprocessing for EQCCTPro -------
2026-03-29 16:05:00,288 - INFO - 1 station(s) in /home/blackwinter/projects/eqcct/eqcctpro/data/waveforms_noise_only/20250109T230209Z_20250109T230309Z
2026-03-29 16:05:00,290 - INFO - Using 1 selected station(s): ['RAJF'].
2026-03-29 16:05:00,293 - INFO - Creating model actor(s)...
2026-03-29 16:05:00,296 - INFO - System RAM: Total=7870 MB, Available=4115 MB
2026-03-29 16:05:00,299 - INFO - Usable RAM budget: 7083 MB (90% of total)
2026-03-29 16:05:00,301 - INFO - ===== MEMORY-AWARE CPU ACTOR POOL (EQCCT) =====
2026-03-29 16:05:00,304 - INFO - Requested concurrent tasks: 1
2026-03-29 16:05:00,306 - INFO - Available CPUs: 4
2026-03-29 16:05:00,309 - INFO - Available RAM: 7083 MB
2026-03-29 16:05:00,311 - INFO - RAM per model: 2264 MB
2026-03-29 16:05:00,314 - INFO - Max actors by RAM: 3
2026-03-29 16:05:00,316 - INFO - Creating 1 ModelActor(s)
2026-03-29 16:05:00,319 - INFO - Let Ray handle scheduling (taskset already restricts CPU visibility)
2026-03-29 16:05:00,321 - INFO - Creating ModelActor 1/1 (2.21GB RAM each)...
2026-03-29 16:05:04,674 - INFO - ModelActor 1 created successfully.
2026-03-29 16:05:04,676 - INFO - Created 1 CPU actor(s). Task queue will handle concurrency.
2026-03-29 16:05:04,680 - INFO - Starting EQCCTPro parallelized waveform processing...
2026-03-29 16:05:04,683 - INFO - 
2026-03-29 16:05:04,686 - INFO - ------- Analyzing Seismic Waveforms for P and S Picks via EQCCT -------
2026-03-29 16:05:04,690 - INFO - Analyzing 0:01:00 minute timechunk from 2025-01-09 23:02:09 to 2025-01-09 23:03:09 (0 min overlap)
2026-03-29 16:05:04,694 - INFO - Processing a total of 1 stations, 1 at a time.
2026-03-29 16:05:09,137 - INFO - (1/1) RAJF: Finished the prediction in 2.38s. (HP=1.0, LP=45.0)
2026-03-29 16:05:09,139 - INFO - 
2026-03-29 16:05:09,142 - INFO - ------- Parallel Station Waveform Processing Complete For 2025-01-09 23:02:09 to 2025-01-09 23:03:09 Timechunk-------
2026-03-29 16:05:09,145 - INFO - Picks saved at /home/blackwinter/projects/eqcct/eqcctpro/results/csv/eqcct_noise_th0_1/20250109T230209Z_20250109T230309ZProcess Runtime: 4.46 s
2026-03-29 16:05:09,151 - INFO - Successfully ran EQCCTPro, exiting...
2026-03-29 16:05:10,769 - INFO - Ray Successfully Shutdown.
2026-03-29 16:05:10,769 - INFO - ------- Successfully Picked All Waveform(s) from all Timechunk(s) -------
