2026-02-23 19:22:22,103 - INFO - 
2026-02-23 19:22:22,103 - INFO - ------- Welcome to EQCCTPro -------
2026-02-23 19:22:22,103 - INFO - 
2026-02-23 19:22:22,104 - INFO - Running EQCCT over Requested MSeed Files using CPU(s)...
2026-02-23 19:22:22,104 - INFO - GPU disabled (CPU-only).
2026-02-23 19:22:22,104 - INFO - Configured Intra-op threads = 1
2026-02-23 19:22:22,105 - INFO - Configured Inter-op threads = 1
2026-02-23 19:22:22,105 - INFO - TensorFlow: No GPUs visible; TF will proceed on CPU.
2026-02-23 19:22:22,105 - INFO - 
2026-02-23 19:22:27,553 - INFO - Ray Successfully Initialized with 4 CPU(s) ([0, 1, 2, 3] CPU Affinity Binding).
2026-02-23 19:22:27,553 - INFO - Analyzing 1 time chunk(s) from 2025-02-19 23:40:00 to 2025-02-19 23:41:00 (dt=1min, overlap=0min).
2026-02-23 19:22:27,553 - INFO - Using 1 selected station(s).
2026-02-23 19:22:27,553 - INFO - 
2026-02-23 19:22:27,553 - INFO - ------- Starting EQCCTPro... -------
2026-02-23 19:22:27,554 - INFO - Detailed subprocess information can be found in the log file.
2026-02-23 19:22:27,554 - INFO - 
2026-02-23 19:22:27,912 - INFO - GPU disabled (CPU-only).
2026-02-23 19:22:29,358 - INFO - Configured Intra-op threads = 1
2026-02-23 19:22:29,360 - INFO - Configured Inter-op threads = 1
2026-02-23 19:22:29,400 - INFO - TensorFlow: No GPUs visible; TF will proceed on CPU.
2026-02-23 19:22:29,403 - INFO - 
2026-02-23 19:22:29,405 - INFO - ------- Hardware Configuration -------
2026-02-23 19:22:29,407 - INFO - CPU affinity set to cores: [0, 1, 2, 3]
2026-02-23 19:22:29,409 - INFO - 
2026-02-23 19:22:29,411 - INFO - ------- Data Preprocessing for EQCCTPro -------
2026-02-23 19:22:29,413 - INFO - 1 station(s) in /home/blackwinter/projects/eqcct/eqcctpro/data/waveforms_earthquakes_noise_only/20250219T234000Z_20250219T234100Z
2026-02-23 19:22:29,414 - INFO - Using 1 selected station(s): ['KAF'].
2026-02-23 19:22:29,416 - INFO - Creating model actor(s)...
2026-02-23 19:22:29,418 - INFO - System RAM: Total=7870 MB, Available=3609 MB
2026-02-23 19:22:29,420 - INFO - Usable RAM budget: 7083 MB (90% of total)
2026-02-23 19:22:29,422 - INFO - ===== MEMORY-AWARE CPU ACTOR POOL (EQCCT) =====
2026-02-23 19:22:29,423 - INFO - Requested concurrent tasks: 1
2026-02-23 19:22:29,425 - INFO - Available CPUs: 4
2026-02-23 19:22:29,427 - INFO - Available RAM: 7083 MB
2026-02-23 19:22:29,429 - INFO - RAM per model: 2264 MB
2026-02-23 19:22:29,431 - INFO - Max actors by RAM: 3
2026-02-23 19:22:29,433 - INFO - Creating 1 ModelActor(s)
2026-02-23 19:22:29,435 - INFO - Let Ray handle scheduling (taskset already restricts CPU visibility)
2026-02-23 19:22:29,437 - INFO - Creating ModelActor 1/1 (2.21GB RAM each)...
2026-02-23 19:22:33,344 - INFO - ModelActor 1 created successfully.
2026-02-23 19:22:33,346 - INFO - Created 1 CPU actor(s). Task queue will handle concurrency.
2026-02-23 19:22:33,348 - INFO - Starting EQCCTPro parallelized waveform processing...
2026-02-23 19:22:33,350 - INFO - 
2026-02-23 19:22:33,351 - INFO - ------- Analyzing Seismic Waveforms for P and S Picks via EQCCT -------
2026-02-23 19:22:33,353 - INFO - Analyzing 0:01:00 minute timechunk from 2025-02-19 23:40:00 to 2025-02-19 23:41:00 (0 min overlap)
2026-02-23 19:22:33,355 - INFO - Processing a total of 1 stations, 1 at a time.
2026-02-23 19:22:37,404 - INFO - (1/1) KAF: Finished the prediction in 2.14s. (HP=1.0, LP=45.0)
2026-02-23 19:22:37,407 - INFO - 
2026-02-23 19:22:37,409 - INFO - ------- Parallel Station Waveform Processing Complete For 2025-02-19 23:40:00 to 2025-02-19 23:41:00 Timechunk-------
2026-02-23 19:22:37,411 - INFO - Picks saved at /home/blackwinter/projects/eqcct/eqcctpro/results/csv/bm_eq_noise_only/20250219T234000Z_20250219T234100ZProcess Runtime: 4.06 s
2026-02-23 19:22:37,415 - INFO - Successfully ran EQCCTPro, exiting...
2026-02-23 19:22:38,905 - INFO - Ray Successfully Shutdown.
2026-02-23 19:22:38,906 - INFO - ------- Successfully Picked All Waveform(s) from all Timechunk(s) -------
