2026-02-27 13:02:41,551 - INFO - 
2026-02-27 13:02:41,551 - INFO - ------- Welcome to EQCCTPro -------
2026-02-27 13:02:41,551 - INFO - 
2026-02-27 13:02:41,552 - INFO - Running EQCCT over Requested MSeed Files using CPU(s)...
2026-02-27 13:02:41,552 - INFO - GPU disabled (CPU-only).
2026-02-27 13:02:41,552 - INFO - Configured Intra-op threads = 1
2026-02-27 13:02:41,552 - INFO - Configured Inter-op threads = 1
2026-02-27 13:02:41,552 - INFO - TensorFlow: No GPUs visible; TF will proceed on CPU.
2026-02-27 13:02:41,552 - INFO - 
2026-02-27 13:02:46,862 - INFO - Ray Successfully Initialized with 4 CPU(s) ([0, 1, 2, 3] CPU Affinity Binding).
2026-02-27 13:02:46,862 - INFO - Analyzing 1 time chunk(s) from 2025-01-24 10:47:59 to 2025-01-24 10:48:59 (dt=1min, overlap=0min).
2026-02-27 13:02:46,863 - INFO - Using 1 selected station(s).
2026-02-27 13:02:46,863 - INFO - 
2026-02-27 13:02:46,863 - INFO - ------- Starting EQCCTPro... -------
2026-02-27 13:02:46,863 - INFO - Detailed subprocess information can be found in the log file.
2026-02-27 13:02:46,863 - INFO - 
2026-02-27 13:02:47,236 - INFO - GPU disabled (CPU-only).
2026-02-27 13:02:48,682 - INFO - Configured Intra-op threads = 1
2026-02-27 13:02:48,685 - INFO - Configured Inter-op threads = 1
2026-02-27 13:02:48,722 - INFO - TensorFlow: No GPUs visible; TF will proceed on CPU.
2026-02-27 13:02:48,724 - INFO - 
2026-02-27 13:02:48,726 - INFO - ------- Hardware Configuration -------
2026-02-27 13:02:48,729 - INFO - CPU affinity set to cores: [0, 1, 2, 3]
2026-02-27 13:02:48,731 - INFO - 
2026-02-27 13:02:48,733 - INFO - ------- Data Preprocessing for EQCCTPro -------
2026-02-27 13:02:48,735 - INFO - 1 station(s) in /home/blackwinter/projects/eqcct/eqcctpro/data/waveforms_explosions_nonoise/20250124T104759Z_20250124T104859Z
2026-02-27 13:02:48,737 - INFO - Using 1 selected station(s): ['TOF'].
2026-02-27 13:02:48,739 - INFO - Creating model actor(s)...
2026-02-27 13:02:48,741 - INFO - System RAM: Total=7870 MB, Available=2230 MB
2026-02-27 13:02:48,742 - INFO - Usable RAM budget: 7083 MB (90% of total)
2026-02-27 13:02:48,744 - INFO - ===== MEMORY-AWARE CPU ACTOR POOL (EQCCT) =====
2026-02-27 13:02:48,746 - INFO - Requested concurrent tasks: 1
2026-02-27 13:02:48,747 - INFO - Available CPUs: 4
2026-02-27 13:02:48,749 - INFO - Available RAM: 7083 MB
2026-02-27 13:02:48,751 - INFO - RAM per model: 2264 MB
2026-02-27 13:02:48,753 - INFO - Max actors by RAM: 3
2026-02-27 13:02:48,755 - INFO - Creating 1 ModelActor(s)
2026-02-27 13:02:48,757 - INFO - Let Ray handle scheduling (taskset already restricts CPU visibility)
2026-02-27 13:02:48,759 - INFO - Creating ModelActor 1/1 (2.21GB RAM each)...
2026-02-27 13:02:52,619 - INFO - ModelActor 1 created successfully.
2026-02-27 13:02:52,621 - INFO - Created 1 CPU actor(s). Task queue will handle concurrency.
2026-02-27 13:02:52,623 - INFO - Starting EQCCTPro parallelized waveform processing...
2026-02-27 13:02:52,625 - INFO - 
2026-02-27 13:02:52,626 - INFO - ------- Analyzing Seismic Waveforms for P and S Picks via EQCCT -------
2026-02-27 13:02:52,629 - INFO - Analyzing 0:01:00 minute timechunk from 2025-01-24 10:47:59 to 2025-01-24 10:48:59 (0 min overlap)
2026-02-27 13:02:52,631 - INFO - Processing a total of 1 stations, 1 at a time.
2026-02-27 13:02:56,839 - INFO - (1/1) TOF: Finished the prediction in 2.24s. (HP=1.0, LP=45.0)
2026-02-27 13:02:56,843 - INFO - 
2026-02-27 13:02:56,845 - INFO - ------- Parallel Station Waveform Processing Complete For 2025-01-24 10:47:59 to 2025-01-24 10:48:59 Timechunk-------
2026-02-27 13:02:56,847 - INFO - Picks saved at /home/blackwinter/projects/eqcct/eqcctpro/results/csv/bm_explosions/20250124T104759Z_20250124T104859ZProcess Runtime: 4.22 s
2026-02-27 13:02:56,853 - INFO - Successfully ran EQCCTPro, exiting...
2026-02-27 13:02:58,488 - INFO - Ray Successfully Shutdown.
2026-02-27 13:02:58,488 - INFO - ------- Successfully Picked All Waveform(s) from all Timechunk(s) -------
