2026-03-11 01:34:04,292 - INFO - 
2026-03-11 01:34:04,292 - INFO - ------- Welcome to EQCCTPro -------
2026-03-11 01:34:04,293 - INFO - 
2026-03-11 01:34:04,293 - INFO - Running EQCCT over Requested MSeed Files using CPU(s)...
2026-03-11 01:34:04,293 - INFO - GPU disabled (CPU-only).
2026-03-11 01:34:04,294 - INFO - Configured Intra-op threads = 1
2026-03-11 01:34:04,294 - INFO - Configured Inter-op threads = 1
2026-03-11 01:34:04,294 - INFO - TensorFlow: No GPUs visible; TF will proceed on CPU.
2026-03-11 01:34:04,294 - INFO - 
2026-03-11 01:34:09,883 - INFO - Ray Successfully Initialized with 4 CPU(s) ([0, 1, 2, 3] CPU Affinity Binding).
2026-03-11 01:34:09,883 - INFO - Analyzing 1 time chunk(s) from 2025-01-11 21:15:10 to 2025-01-11 21:16:10 (dt=1min, overlap=0min).
2026-03-11 01:34:09,883 - INFO - Using 1 selected station(s).
2026-03-11 01:34:09,883 - INFO - 
2026-03-11 01:34:09,883 - INFO - ------- Starting EQCCTPro... -------
2026-03-11 01:34:09,883 - INFO - Detailed subprocess information can be found in the log file.
2026-03-11 01:34:09,884 - INFO - 
2026-03-11 01:34:10,253 - INFO - GPU disabled (CPU-only).
2026-03-11 01:34:11,761 - INFO - Configured Intra-op threads = 1
2026-03-11 01:34:11,764 - INFO - Configured Inter-op threads = 1
2026-03-11 01:34:11,804 - INFO - TensorFlow: No GPUs visible; TF will proceed on CPU.
2026-03-11 01:34:11,807 - INFO - 
2026-03-11 01:34:11,809 - INFO - ------- Hardware Configuration -------
2026-03-11 01:34:11,811 - INFO - CPU affinity set to cores: [0, 1, 2, 3]
2026-03-11 01:34:11,813 - INFO - 
2026-03-11 01:34:11,815 - INFO - ------- Data Preprocessing for EQCCTPro -------
2026-03-11 01:34:11,817 - INFO - 1 station(s) in /home/blackwinter/projects/eqcct/eqcctpro/data/waveforms_noise_only/20250111T211510Z_20250111T211610Z
2026-03-11 01:34:11,819 - INFO - Using 1 selected station(s): ['RUF'].
2026-03-11 01:34:11,820 - INFO - Creating model actor(s)...
2026-03-11 01:34:11,822 - INFO - System RAM: Total=7870 MB, Available=2194 MB
2026-03-11 01:34:11,824 - INFO - Usable RAM budget: 7083 MB (90% of total)
2026-03-11 01:34:11,826 - INFO - ===== MEMORY-AWARE CPU ACTOR POOL (EQCCT) =====
2026-03-11 01:34:11,828 - INFO - Requested concurrent tasks: 1
2026-03-11 01:34:11,829 - INFO - Available CPUs: 4
2026-03-11 01:34:11,832 - INFO - Available RAM: 7083 MB
2026-03-11 01:34:11,833 - INFO - RAM per model: 2264 MB
2026-03-11 01:34:11,835 - INFO - Max actors by RAM: 3
2026-03-11 01:34:11,837 - INFO - Creating 1 ModelActor(s)
2026-03-11 01:34:11,839 - INFO - Let Ray handle scheduling (taskset already restricts CPU visibility)
2026-03-11 01:34:11,841 - INFO - Creating ModelActor 1/1 (2.21GB RAM each)...
2026-03-11 01:34:15,760 - INFO - ModelActor 1 created successfully.
2026-03-11 01:34:15,763 - INFO - Created 1 CPU actor(s). Task queue will handle concurrency.
2026-03-11 01:34:15,765 - INFO - Starting EQCCTPro parallelized waveform processing...
2026-03-11 01:34:15,767 - INFO - 
2026-03-11 01:34:15,769 - INFO - ------- Analyzing Seismic Waveforms for P and S Picks via EQCCT -------
2026-03-11 01:34:15,771 - INFO - Analyzing 0:01:00 minute timechunk from 2025-01-11 21:15:10 to 2025-01-11 21:16:10 (0 min overlap)
2026-03-11 01:34:15,773 - INFO - Processing a total of 1 stations, 1 at a time.
2026-03-11 01:34:19,906 - INFO - (1/1) RUF: Finished the prediction in 2.16s. (HP=1.0, LP=45.0)
2026-03-11 01:34:19,908 - INFO - 
2026-03-11 01:34:19,910 - INFO - ------- Parallel Station Waveform Processing Complete For 2025-01-11 21:15:10 to 2025-01-11 21:16:10 Timechunk-------
2026-03-11 01:34:19,912 - INFO - Picks saved at /home/blackwinter/projects/eqcct/eqcctpro/results/csv/bm_noise_only/20250111T211510Z_20250111T211610ZProcess Runtime: 4.14 s
2026-03-11 01:34:19,916 - INFO - Successfully ran EQCCTPro, exiting...
2026-03-11 01:34:21,644 - INFO - Ray Successfully Shutdown.
2026-03-11 01:34:21,644 - INFO - ------- Successfully Picked All Waveform(s) from all Timechunk(s) -------
2026-03-11 16:00:12,368 - INFO - 
2026-03-11 16:00:12,369 - INFO - ------- Welcome to EQCCTPro -------
2026-03-11 16:00:12,369 - INFO - 
2026-03-11 16:00:12,369 - INFO - Running EQCCT over Requested MSeed Files using CPU(s)...
2026-03-11 16:00:12,370 - INFO - GPU disabled (CPU-only).
2026-03-11 16:00:12,370 - INFO - Configured Intra-op threads = 1
2026-03-11 16:00:12,370 - INFO - Configured Inter-op threads = 1
2026-03-11 16:00:12,370 - INFO - TensorFlow: No GPUs visible; TF will proceed on CPU.
2026-03-11 16:00:12,370 - INFO - 
2026-03-11 16:00:17,940 - INFO - Ray Successfully Initialized with 4 CPU(s) ([0, 1, 2, 3] CPU Affinity Binding).
2026-03-11 16:00:17,940 - INFO - Analyzing 1 time chunk(s) from 2025-01-11 21:15:10 to 2025-01-11 21:16:10 (dt=1min, overlap=0min).
2026-03-11 16:00:17,940 - INFO - Using 1 selected station(s).
2026-03-11 16:00:17,940 - INFO - 
2026-03-11 16:00:17,941 - INFO - ------- Starting EQCCTPro... -------
2026-03-11 16:00:17,941 - INFO - Detailed subprocess information can be found in the log file.
2026-03-11 16:00:17,941 - INFO - 
2026-03-11 16:00:18,302 - INFO - GPU disabled (CPU-only).
2026-03-11 16:00:19,814 - INFO - Configured Intra-op threads = 1
2026-03-11 16:00:19,816 - INFO - Configured Inter-op threads = 1
2026-03-11 16:00:19,856 - INFO - TensorFlow: No GPUs visible; TF will proceed on CPU.
2026-03-11 16:00:19,858 - INFO - 
2026-03-11 16:00:19,860 - INFO - ------- Hardware Configuration -------
2026-03-11 16:00:19,862 - INFO - CPU affinity set to cores: [0, 1, 2, 3]
2026-03-11 16:00:19,864 - INFO - 
2026-03-11 16:00:19,866 - INFO - ------- Data Preprocessing for EQCCTPro -------
2026-03-11 16:00:19,867 - INFO - 1 station(s) in /home/blackwinter/projects/eqcct/eqcctpro/data/waveforms_noise_only/20250111T211510Z_20250111T211610Z
2026-03-11 16:00:19,869 - INFO - Using 1 selected station(s): ['RUF'].
2026-03-11 16:00:19,871 - INFO - Creating model actor(s)...
2026-03-11 16:00:19,873 - INFO - System RAM: Total=7870 MB, Available=3352 MB
2026-03-11 16:00:19,875 - INFO - Usable RAM budget: 7083 MB (90% of total)
2026-03-11 16:00:19,877 - INFO - ===== MEMORY-AWARE CPU ACTOR POOL (EQCCT) =====
2026-03-11 16:00:19,879 - INFO - Requested concurrent tasks: 1
2026-03-11 16:00:19,881 - INFO - Available CPUs: 4
2026-03-11 16:00:19,883 - INFO - Available RAM: 7083 MB
2026-03-11 16:00:19,885 - INFO - RAM per model: 2264 MB
2026-03-11 16:00:19,887 - INFO - Max actors by RAM: 3
2026-03-11 16:00:19,889 - INFO - Creating 1 ModelActor(s)
2026-03-11 16:00:19,890 - INFO - Let Ray handle scheduling (taskset already restricts CPU visibility)
2026-03-11 16:00:19,892 - INFO - Creating ModelActor 1/1 (2.21GB RAM each)...
2026-03-11 16:00:23,738 - INFO - ModelActor 1 created successfully.
2026-03-11 16:00:23,741 - INFO - Created 1 CPU actor(s). Task queue will handle concurrency.
2026-03-11 16:00:23,743 - INFO - Starting EQCCTPro parallelized waveform processing...
2026-03-11 16:00:23,744 - INFO - 
2026-03-11 16:00:23,747 - INFO - ------- Analyzing Seismic Waveforms for P and S Picks via EQCCT -------
2026-03-11 16:00:23,750 - INFO - Analyzing 0:01:00 minute timechunk from 2025-01-11 21:15:10 to 2025-01-11 21:16:10 (0 min overlap)
2026-03-11 16:00:23,752 - INFO - Processing a total of 1 stations, 1 at a time.
2026-03-11 16:00:25,673 - INFO - (1/1) RUF: Skipped (already exists - overwrite=False).
2026-03-11 16:00:25,675 - INFO - 
2026-03-11 16:00:25,678 - INFO - ------- Parallel Station Waveform Processing Complete For 2025-01-11 21:15:10 to 2025-01-11 21:16:10 Timechunk-------
2026-03-11 16:00:25,680 - INFO - Picks saved at /home/blackwinter/projects/eqcct/eqcctpro/results/csv/bm_noise_only/20250111T211510Z_20250111T211610ZProcess Runtime: 1.93 s
2026-03-11 16:00:25,684 - INFO - Successfully ran EQCCTPro, exiting...
2026-03-11 16:00:27,277 - INFO - Ray Successfully Shutdown.
2026-03-11 16:00:27,277 - INFO - ------- Successfully Picked All Waveform(s) from all Timechunk(s) -------
