2026-03-28 21:38:01,921 - INFO - 
2026-03-28 21:38:01,922 - INFO - ------- Welcome to EQCCTPro -------
2026-03-28 21:38:01,922 - INFO - 
2026-03-28 21:38:01,922 - INFO - Running EQCCT over Requested MSeed Files using CPU(s)...
2026-03-28 21:38:01,922 - INFO - GPU disabled (CPU-only).
2026-03-29 08:14:50,083 - INFO - 
2026-03-29 08:14:50,083 - INFO - ------- Welcome to EQCCTPro -------
2026-03-29 08:14:50,083 - INFO - 
2026-03-29 08:14:50,084 - INFO - Running EQCCT over Requested MSeed Files using CPU(s)...
2026-03-29 08:14:50,084 - INFO - GPU disabled (CPU-only).
2026-03-29 08:14:50,084 - INFO - Configured Intra-op threads = 1
2026-03-29 08:14:50,084 - INFO - Configured Inter-op threads = 1
2026-03-29 08:14:50,085 - INFO - TensorFlow: No GPUs visible; TF will proceed on CPU.
2026-03-29 08:14:50,085 - INFO - 
2026-03-29 08:14:55,142 - INFO - Ray Successfully Initialized with 4 CPU(s) ([0, 1, 2, 3] CPU Affinity Binding).
2026-03-29 08:14:55,143 - INFO - Analyzing 1 time chunk(s) from 2025-01-24 12:59:38 to 2025-01-24 13:00:38 (dt=1min, overlap=0min).
2026-03-29 08:14:55,143 - INFO - Using 1 selected station(s).
2026-03-29 08:14:55,143 - INFO - 
2026-03-29 08:14:55,143 - INFO - ------- Starting EQCCTPro... -------
2026-03-29 08:14:55,143 - INFO - Detailed subprocess information can be found in the log file.
2026-03-29 08:14:55,143 - INFO - 
2026-03-29 08:14:55,585 - INFO - GPU disabled (CPU-only).
2026-03-29 08:14:57,344 - INFO - Configured Intra-op threads = 1
2026-03-29 08:14:57,350 - INFO - Configured Inter-op threads = 1
2026-03-29 08:14:57,393 - INFO - TensorFlow: No GPUs visible; TF will proceed on CPU.
2026-03-29 08:14:57,396 - INFO - 
2026-03-29 08:14:57,399 - INFO - ------- Hardware Configuration -------
2026-03-29 08:14:57,402 - INFO - CPU affinity set to cores: [0, 1, 2, 3]
2026-03-29 08:14:57,405 - INFO - 
2026-03-29 08:14:57,408 - INFO - ------- Data Preprocessing for EQCCTPro -------
2026-03-29 08:14:57,410 - INFO - 1 station(s) in /home/blackwinter/projects/eqcct/eqcctpro/data/waveforms_explosions_nonoise/20250124T125938Z_20250124T130038Z
2026-03-29 08:14:57,413 - INFO - Using 1 selected station(s): ['SUF'].
2026-03-29 08:14:57,415 - INFO - Creating model actor(s)...
2026-03-29 08:14:57,419 - INFO - System RAM: Total=7870 MB, Available=2905 MB
2026-03-29 08:14:57,421 - INFO - Usable RAM budget: 7083 MB (90% of total)
2026-03-29 08:14:57,424 - INFO - ===== MEMORY-AWARE CPU ACTOR POOL (EQCCT) =====
2026-03-29 08:14:57,426 - INFO - Requested concurrent tasks: 1
2026-03-29 08:14:57,429 - INFO - Available CPUs: 4
2026-03-29 08:14:57,431 - INFO - Available RAM: 7083 MB
2026-03-29 08:14:57,434 - INFO - RAM per model: 2264 MB
2026-03-29 08:14:57,437 - INFO - Max actors by RAM: 3
2026-03-29 08:14:57,439 - INFO - Creating 1 ModelActor(s)
2026-03-29 08:14:57,442 - INFO - Let Ray handle scheduling (taskset already restricts CPU visibility)
2026-03-29 08:14:57,446 - INFO - Creating ModelActor 1/1 (2.21GB RAM each)...
2026-03-29 08:15:01,872 - INFO - ModelActor 1 created successfully.
2026-03-29 08:15:01,874 - INFO - Created 1 CPU actor(s). Task queue will handle concurrency.
2026-03-29 08:15:01,877 - INFO - Starting EQCCTPro parallelized waveform processing...
2026-03-29 08:15:01,880 - INFO - 
2026-03-29 08:15:01,883 - INFO - ------- Analyzing Seismic Waveforms for P and S Picks via EQCCT -------
2026-03-29 08:15:01,886 - INFO - Analyzing 0:01:00 minute timechunk from 2025-01-24 12:59:38 to 2025-01-24 13:00:38 (0 min overlap)
2026-03-29 08:15:01,888 - INFO - Processing a total of 1 stations, 1 at a time.
2026-03-29 08:15:06,349 - INFO - (1/1) SUF: Finished the prediction in 2.38s. (HP=1.0, LP=45.0)
2026-03-29 08:15:06,351 - INFO - 
2026-03-29 08:15:06,354 - INFO - ------- Parallel Station Waveform Processing Complete For 2025-01-24 12:59:38 to 2025-01-24 13:00:38 Timechunk-------
2026-03-29 08:15:06,356 - INFO - Picks saved at /home/blackwinter/projects/eqcct/eqcctpro/results/csv/eqcct_explosions_th0_1/20250124T125938Z_20250124T130038ZProcess Runtime: 4.47 s
2026-03-29 08:15:06,364 - INFO - Successfully ran EQCCTPro, exiting...
2026-03-29 08:15:08,209 - INFO - Ray Successfully Shutdown.
2026-03-29 08:15:08,209 - INFO - ------- Successfully Picked All Waveform(s) from all Timechunk(s) -------
