2026-02-22 12:26:31,152 - INFO - 
2026-02-22 12:26:31,152 - INFO - ------- Welcome to EQCCTPro -------
2026-02-22 12:26:31,152 - INFO - 
2026-02-22 12:26:31,152 - INFO - Running EQCCT over Requested MSeed Files using CPU(s)...
2026-02-22 12:26:31,153 - INFO - GPU disabled (CPU-only).
2026-02-22 12:26:31,153 - INFO - Configured Intra-op threads = 1
2026-02-22 12:26:31,153 - INFO - Configured Inter-op threads = 1
2026-02-22 12:26:31,153 - INFO - TensorFlow: No GPUs visible; TF will proceed on CPU.
2026-02-22 12:26:31,153 - INFO - 
2026-02-22 12:26:36,508 - INFO - Ray Successfully Initialized with 4 CPU(s) ([0, 1, 2, 3] CPU Affinity Binding).
2026-02-22 12:26:36,508 - INFO - Analyzing 1 time chunk(s) from 2025-01-21 12:20:06 to 2025-01-21 12:21:06 (dt=1min, overlap=0min).
2026-02-22 12:26:36,508 - INFO - Using 1 selected station(s).
2026-02-22 12:26:36,508 - INFO - 
2026-02-22 12:26:36,509 - INFO - ------- Starting EQCCTPro... -------
2026-02-22 12:26:36,509 - INFO - Detailed subprocess information can be found in the log file.
2026-02-22 12:26:36,509 - INFO - 
2026-02-22 12:26:36,887 - INFO - GPU disabled (CPU-only).
2026-02-22 12:26:38,383 - INFO - Configured Intra-op threads = 1
2026-02-22 12:26:38,385 - INFO - Configured Inter-op threads = 1
2026-02-22 12:26:38,428 - INFO - TensorFlow: No GPUs visible; TF will proceed on CPU.
2026-02-22 12:26:38,430 - INFO - 
2026-02-22 12:26:38,433 - INFO - ------- Hardware Configuration -------
2026-02-22 12:26:38,435 - INFO - CPU affinity set to cores: [0, 1, 2, 3]
2026-02-22 12:26:38,436 - INFO - 
2026-02-22 12:26:38,438 - INFO - ------- Data Preprocessing for EQCCTPro -------
2026-02-22 12:26:38,440 - INFO - 1 station(s) in /home/blackwinter/projects/eqcct/eqcctpro/data/waveforms_earthquakes_nonoise/20250121T122006Z_20250121T122106Z
2026-02-22 12:26:38,442 - INFO - Using 1 selected station(s): ['KIF'].
2026-02-22 12:26:38,444 - INFO - Creating model actor(s)...
2026-02-22 12:26:38,445 - INFO - System RAM: Total=7870 MB, Available=3316 MB
2026-02-22 12:26:38,447 - INFO - Usable RAM budget: 7083 MB (90% of total)
2026-02-22 12:26:38,449 - INFO - ===== MEMORY-AWARE CPU ACTOR POOL (EQCCT) =====
2026-02-22 12:26:38,451 - INFO - Requested concurrent tasks: 1
2026-02-22 12:26:38,452 - INFO - Available CPUs: 4
2026-02-22 12:26:38,454 - INFO - Available RAM: 7083 MB
2026-02-22 12:26:38,456 - INFO - RAM per model: 2264 MB
2026-02-22 12:26:38,458 - INFO - Max actors by RAM: 3
2026-02-22 12:26:38,461 - INFO - Creating 1 ModelActor(s)
2026-02-22 12:26:38,463 - INFO - Let Ray handle scheduling (taskset already restricts CPU visibility)
2026-02-22 12:26:38,465 - INFO - Creating ModelActor 1/1 (2.21GB RAM each)...
2026-02-22 12:26:42,377 - INFO - ModelActor 1 created successfully.
2026-02-22 12:26:42,380 - INFO - Created 1 CPU actor(s). Task queue will handle concurrency.
2026-02-22 12:26:42,382 - INFO - Starting EQCCTPro parallelized waveform processing...
2026-02-22 12:26:42,383 - INFO - 
2026-02-22 12:26:42,386 - INFO - ------- Analyzing Seismic Waveforms for P and S Picks via EQCCT -------
2026-02-22 12:26:42,388 - INFO - Analyzing 0:01:00 minute timechunk from 2025-01-21 12:20:06 to 2025-01-21 12:21:06 (0 min overlap)
2026-02-22 12:26:42,390 - INFO - Processing a total of 1 stations, 1 at a time.
2026-02-22 12:26:46,402 - INFO - (1/1) KIF: Finished the prediction in 2.12s. (HP=1.0, LP=45.0)
2026-02-22 12:26:46,404 - INFO - 
2026-02-22 12:26:46,406 - INFO - ------- Parallel Station Waveform Processing Complete For 2025-01-21 12:20:06 to 2025-01-21 12:21:06 Timechunk-------
2026-02-22 12:26:46,409 - INFO - Picks saved at /home/blackwinter/projects/eqcct/eqcctpro/results/csv/bm_eq_nonoise/20250121T122006Z_20250121T122106ZProcess Runtime: 4.02 s
2026-02-22 12:26:46,413 - INFO - Successfully ran EQCCTPro, exiting...
2026-02-22 12:26:47,830 - INFO - Ray Successfully Shutdown.
2026-02-22 12:26:47,830 - INFO - ------- Successfully Picked All Waveform(s) from all Timechunk(s) -------
