2026-03-28 21:37:57,393 - INFO - 
2026-03-28 21:37:57,393 - INFO - ------- Welcome to EQCCTPro -------
2026-03-28 21:37:57,393 - INFO - 
2026-03-28 21:37:57,394 - INFO - Running EQCCT over Requested MSeed Files using CPU(s)...
2026-03-28 21:37:57,394 - INFO - GPU disabled (CPU-only).
2026-03-28 23:18:34,916 - INFO - 
2026-03-28 23:18:34,916 - INFO - ------- Welcome to EQCCTPro -------
2026-03-28 23:18:34,916 - INFO - 
2026-03-28 23:18:34,917 - INFO - Running EQCCT over Requested MSeed Files using CPU(s)...
2026-03-28 23:18:34,917 - INFO - GPU disabled (CPU-only).
2026-03-28 23:18:34,917 - INFO - Configured Intra-op threads = 1
2026-03-28 23:18:34,918 - INFO - Configured Inter-op threads = 1
2026-03-28 23:18:34,918 - INFO - TensorFlow: No GPUs visible; TF will proceed on CPU.
2026-03-28 23:18:34,918 - INFO - 
2026-03-28 23:18:40,157 - INFO - Ray Successfully Initialized with 4 CPU(s) ([0, 1, 2, 3] CPU Affinity Binding).
2026-03-28 23:18:40,157 - INFO - Analyzing 1 time chunk(s) from 2025-01-08 09:50:09 to 2025-01-08 09:51:09 (dt=1min, overlap=0min).
2026-03-28 23:18:40,158 - INFO - Using 1 selected station(s).
2026-03-28 23:18:40,158 - INFO - 
2026-03-28 23:18:40,158 - INFO - ------- Starting EQCCTPro... -------
2026-03-28 23:18:40,158 - INFO - Detailed subprocess information can be found in the log file.
2026-03-28 23:18:40,158 - INFO - 
2026-03-28 23:18:40,540 - INFO - GPU disabled (CPU-only).
2026-03-28 23:18:42,187 - INFO - Configured Intra-op threads = 1
2026-03-28 23:18:42,191 - INFO - Configured Inter-op threads = 1
2026-03-28 23:18:42,245 - INFO - TensorFlow: No GPUs visible; TF will proceed on CPU.
2026-03-28 23:18:42,247 - INFO - 
2026-03-28 23:18:42,250 - INFO - ------- Hardware Configuration -------
2026-03-28 23:18:42,253 - INFO - CPU affinity set to cores: [0, 1, 2, 3]
2026-03-28 23:18:42,255 - INFO - 
2026-03-28 23:18:42,258 - INFO - ------- Data Preprocessing for EQCCTPro -------
2026-03-28 23:18:42,261 - INFO - 1 station(s) in /home/blackwinter/projects/eqcct/eqcctpro/data/waveforms_explosions_nonoise/20250108T095009Z_20250108T095109Z
2026-03-28 23:18:42,263 - INFO - Using 1 selected station(s): ['LAUT'].
2026-03-28 23:18:42,266 - INFO - Creating model actor(s)...
2026-03-28 23:18:42,269 - INFO - System RAM: Total=7870 MB, Available=3781 MB
2026-03-28 23:18:42,271 - INFO - Usable RAM budget: 7083 MB (90% of total)
2026-03-28 23:18:42,274 - INFO - ===== MEMORY-AWARE CPU ACTOR POOL (EQCCT) =====
2026-03-28 23:18:42,276 - INFO - Requested concurrent tasks: 1
2026-03-28 23:18:42,279 - INFO - Available CPUs: 4
2026-03-28 23:18:42,282 - INFO - Available RAM: 7083 MB
2026-03-28 23:18:42,285 - INFO - RAM per model: 2264 MB
2026-03-28 23:18:42,287 - INFO - Max actors by RAM: 3
2026-03-28 23:18:42,290 - INFO - Creating 1 ModelActor(s)
2026-03-28 23:18:42,292 - INFO - Let Ray handle scheduling (taskset already restricts CPU visibility)
2026-03-28 23:18:42,294 - INFO - Creating ModelActor 1/1 (2.21GB RAM each)...
2026-03-28 23:18:46,699 - INFO - ModelActor 1 created successfully.
2026-03-28 23:18:46,701 - INFO - Created 1 CPU actor(s). Task queue will handle concurrency.
2026-03-28 23:18:46,704 - INFO - Starting EQCCTPro parallelized waveform processing...
2026-03-28 23:18:46,706 - INFO - 
2026-03-28 23:18:46,709 - INFO - ------- Analyzing Seismic Waveforms for P and S Picks via EQCCT -------
2026-03-28 23:18:46,712 - INFO - Analyzing 0:01:00 minute timechunk from 2025-01-08 09:50:09 to 2025-01-08 09:51:09 (0 min overlap)
2026-03-28 23:18:46,715 - INFO - Processing a total of 1 stations, 1 at a time.
2026-03-28 23:18:51,083 - INFO - (1/1) LAUT: Finished the prediction in 2.41s. (HP=1.0, LP=45.0)
2026-03-28 23:18:51,085 - INFO - 
2026-03-28 23:18:51,088 - INFO - ------- Parallel Station Waveform Processing Complete For 2025-01-08 09:50:09 to 2025-01-08 09:51:09 Timechunk-------
2026-03-28 23:18:51,091 - INFO - Picks saved at /home/blackwinter/projects/eqcct/eqcctpro/results/csv/eqcct_explosions_th0_1/20250108T095009Z_20250108T095109ZProcess Runtime: 4.38 s
2026-03-28 23:18:51,101 - INFO - Successfully ran EQCCTPro, exiting...
2026-03-28 23:18:52,518 - INFO - Ray Successfully Shutdown.
2026-03-28 23:18:52,518 - INFO - ------- Successfully Picked All Waveform(s) from all Timechunk(s) -------
