2026-03-20 05:12:01,852 - INFO - 
2026-03-20 05:12:01,853 - INFO - ------- Welcome to EQCCTPro -------
2026-03-20 05:12:01,853 - INFO - 
2026-03-20 05:12:01,853 - INFO - Running EQCCT over Requested MSeed Files using CPU(s)...
2026-03-20 05:12:01,854 - INFO - GPU disabled (CPU-only).
2026-03-20 05:12:01,854 - INFO - Configured Intra-op threads = 1
2026-03-20 05:12:01,854 - INFO - Configured Inter-op threads = 1
2026-03-20 05:12:01,854 - INFO - TensorFlow: No GPUs visible; TF will proceed on CPU.
2026-03-20 05:12:01,854 - INFO - 
2026-03-20 05:12:07,335 - INFO - Ray Successfully Initialized with 4 CPU(s) ([0, 1, 2, 3] CPU Affinity Binding).
2026-03-20 05:12:07,335 - INFO - Analyzing 1 time chunk(s) from 2025-09-14 14:25:59 to 2025-09-14 14:26:59 (dt=1min, overlap=0min).
2026-03-20 05:12:07,335 - INFO - Using 1 selected station(s).
2026-03-20 05:12:07,335 - INFO - 
2026-03-20 05:12:07,336 - INFO - ------- Starting EQCCTPro... -------
2026-03-20 05:12:07,336 - INFO - Detailed subprocess information can be found in the log file.
2026-03-20 05:12:07,336 - INFO - 
2026-03-20 05:12:07,698 - INFO - GPU disabled (CPU-only).
2026-03-20 05:12:09,191 - INFO - Configured Intra-op threads = 1
2026-03-20 05:12:09,194 - INFO - Configured Inter-op threads = 1
2026-03-20 05:12:09,235 - INFO - TensorFlow: No GPUs visible; TF will proceed on CPU.
2026-03-20 05:12:09,238 - INFO - 
2026-03-20 05:12:09,240 - INFO - ------- Hardware Configuration -------
2026-03-20 05:12:09,243 - INFO - CPU affinity set to cores: [0, 1, 2, 3]
2026-03-20 05:12:09,245 - INFO - 
2026-03-20 05:12:09,247 - INFO - ------- Data Preprocessing for EQCCTPro -------
2026-03-20 05:12:09,249 - INFO - 1 station(s) in /home/blackwinter/projects/eqcct/eqcctpro/data/waveforms_earthquakes_nonoise/20250914T142559Z_20250914T142659Z
2026-03-20 05:12:09,251 - INFO - Using 1 selected station(s): ['OBF8'].
2026-03-20 05:12:09,253 - INFO - Creating model actor(s)...
2026-03-20 05:12:09,255 - INFO - System RAM: Total=7870 MB, Available=1802 MB
2026-03-20 05:12:09,257 - INFO - Usable RAM budget: 7083 MB (90% of total)
2026-03-20 05:12:09,259 - INFO - ===== MEMORY-AWARE CPU ACTOR POOL (EQCCT) =====
2026-03-20 05:12:09,260 - INFO - Requested concurrent tasks: 1
2026-03-20 05:12:09,262 - INFO - Available CPUs: 4
2026-03-20 05:12:09,264 - INFO - Available RAM: 7083 MB
2026-03-20 05:12:09,266 - INFO - RAM per model: 2264 MB
2026-03-20 05:12:09,268 - INFO - Max actors by RAM: 3
2026-03-20 05:12:09,270 - INFO - Creating 1 ModelActor(s)
2026-03-20 05:12:09,272 - INFO - Let Ray handle scheduling (taskset already restricts CPU visibility)
2026-03-20 05:12:09,275 - INFO - Creating ModelActor 1/1 (2.21GB RAM each)...
2026-03-20 05:12:13,100 - INFO - ModelActor 1 created successfully.
2026-03-20 05:12:13,103 - INFO - Created 1 CPU actor(s). Task queue will handle concurrency.
2026-03-20 05:12:13,105 - INFO - Starting EQCCTPro parallelized waveform processing...
2026-03-20 05:12:13,107 - INFO - 
2026-03-20 05:12:13,109 - INFO - ------- Analyzing Seismic Waveforms for P and S Picks via EQCCT -------
2026-03-20 05:12:13,111 - INFO - Analyzing 0:01:00 minute timechunk from 2025-09-14 14:25:59 to 2025-09-14 14:26:59 (0 min overlap)
2026-03-20 05:12:13,113 - INFO - Processing a total of 1 stations, 1 at a time.
2026-03-20 05:12:17,174 - INFO - (1/1) OBF8: Finished the prediction in 2.13s. (HP=1.0, LP=45.0)
2026-03-20 05:12:17,176 - INFO - 
2026-03-20 05:12:17,178 - INFO - ------- Parallel Station Waveform Processing Complete For 2025-09-14 14:25:59 to 2025-09-14 14:26:59 Timechunk-------
2026-03-20 05:12:17,181 - INFO - Picks saved at /home/blackwinter/projects/eqcct/eqcctpro/results/csv/eqcct_earthquakes_th0_1/20250914T142559Z_20250914T142659ZProcess Runtime: 4.07 s
2026-03-20 05:12:17,185 - INFO - Successfully ran EQCCTPro, exiting...
2026-03-20 05:12:18,853 - INFO - Ray Successfully Shutdown.
2026-03-20 05:12:18,853 - INFO - ------- Successfully Picked All Waveform(s) from all Timechunk(s) -------
