2026-03-29 16:25:33,228 - INFO - 
2026-03-29 16:25:33,228 - INFO - ------- Welcome to EQCCTPro -------
2026-03-29 16:25:33,228 - INFO - 
2026-03-29 16:25:33,229 - INFO - Running EQCCT over Requested MSeed Files using CPU(s)...
2026-03-29 16:25:33,229 - INFO - GPU disabled (CPU-only).
2026-03-29 16:25:33,229 - INFO - Configured Intra-op threads = 1
2026-03-29 16:25:33,229 - INFO - Configured Inter-op threads = 1
2026-03-29 16:25:33,229 - INFO - TensorFlow: No GPUs visible; TF will proceed on CPU.
2026-03-29 16:25:33,229 - INFO - 
2026-03-29 16:25:39,109 - INFO - Ray Successfully Initialized with 4 CPU(s) ([0, 1, 2, 3] CPU Affinity Binding).
2026-03-29 16:25:39,109 - INFO - Analyzing 1 time chunk(s) from 2025-01-10 07:52:25 to 2025-01-10 07:53:25 (dt=1min, overlap=0min).
2026-03-29 16:25:39,109 - INFO - Using 1 selected station(s).
2026-03-29 16:25:39,110 - INFO - 
2026-03-29 16:25:39,110 - INFO - ------- Starting EQCCTPro... -------
2026-03-29 16:25:39,110 - INFO - Detailed subprocess information can be found in the log file.
2026-03-29 16:25:39,110 - INFO - 
2026-03-29 16:25:39,492 - INFO - GPU disabled (CPU-only).
2026-03-29 16:25:41,041 - INFO - Configured Intra-op threads = 1
2026-03-29 16:25:41,044 - INFO - Configured Inter-op threads = 1
2026-03-29 16:25:41,096 - INFO - TensorFlow: No GPUs visible; TF will proceed on CPU.
2026-03-29 16:25:41,098 - INFO - 
2026-03-29 16:25:41,100 - INFO - ------- Hardware Configuration -------
2026-03-29 16:25:41,103 - INFO - CPU affinity set to cores: [0, 1, 2, 3]
2026-03-29 16:25:41,106 - INFO - 
2026-03-29 16:25:41,109 - INFO - ------- Data Preprocessing for EQCCTPro -------
2026-03-29 16:25:41,111 - INFO - 1 station(s) in /home/blackwinter/projects/eqcct/eqcctpro/data/waveforms_noise_only/20250110T075225Z_20250110T075325Z
2026-03-29 16:25:41,114 - INFO - Using 1 selected station(s): ['FIB3'].
2026-03-29 16:25:41,117 - INFO - Creating model actor(s)...
2026-03-29 16:25:41,119 - INFO - System RAM: Total=7870 MB, Available=4060 MB
2026-03-29 16:25:41,122 - INFO - Usable RAM budget: 7083 MB (90% of total)
2026-03-29 16:25:41,124 - INFO - ===== MEMORY-AWARE CPU ACTOR POOL (EQCCT) =====
2026-03-29 16:25:41,126 - INFO - Requested concurrent tasks: 1
2026-03-29 16:25:41,129 - INFO - Available CPUs: 4
2026-03-29 16:25:41,131 - INFO - Available RAM: 7083 MB
2026-03-29 16:25:41,134 - INFO - RAM per model: 2264 MB
2026-03-29 16:25:41,136 - INFO - Max actors by RAM: 3
2026-03-29 16:25:41,138 - INFO - Creating 1 ModelActor(s)
2026-03-29 16:25:41,141 - INFO - Let Ray handle scheduling (taskset already restricts CPU visibility)
2026-03-29 16:25:41,143 - INFO - Creating ModelActor 1/1 (2.21GB RAM each)...
2026-03-29 16:25:45,371 - INFO - ModelActor 1 created successfully.
2026-03-29 16:25:45,374 - INFO - Created 1 CPU actor(s). Task queue will handle concurrency.
2026-03-29 16:25:45,378 - INFO - Starting EQCCTPro parallelized waveform processing...
2026-03-29 16:25:45,382 - INFO - 
2026-03-29 16:25:45,385 - INFO - ------- Analyzing Seismic Waveforms for P and S Picks via EQCCT -------
2026-03-29 16:25:45,389 - INFO - Analyzing 0:01:00 minute timechunk from 2025-01-10 07:52:25 to 2025-01-10 07:53:25 (0 min overlap)
2026-03-29 16:25:45,393 - INFO - Processing a total of 1 stations, 1 at a time.
2026-03-29 16:25:49,942 - INFO - (1/1) FIB3: Finished the prediction in 2.5s. (HP=1.0, LP=45.0)
2026-03-29 16:25:49,946 - INFO - 
2026-03-29 16:25:49,949 - INFO - ------- Parallel Station Waveform Processing Complete For 2025-01-10 07:52:25 to 2025-01-10 07:53:25 Timechunk-------
2026-03-29 16:25:49,951 - INFO - Picks saved at /home/blackwinter/projects/eqcct/eqcctpro/results/csv/eqcct_noise_th0_1/20250110T075225Z_20250110T075325ZProcess Runtime: 4.57 s
2026-03-29 16:25:49,956 - INFO - Successfully ran EQCCTPro, exiting...
2026-03-29 16:25:51,673 - INFO - Ray Successfully Shutdown.
2026-03-29 16:25:51,674 - INFO - ------- Successfully Picked All Waveform(s) from all Timechunk(s) -------
