2026-03-28 09:11:29,236 - INFO - 
2026-03-28 09:11:29,236 - INFO - ------- Welcome to EQCCTPro -------
2026-03-28 09:11:29,236 - INFO - 
2026-03-28 09:11:29,237 - INFO - Running EQCCT over Requested MSeed Files using CPU(s)...
2026-03-28 09:11:29,237 - INFO - GPU disabled (CPU-only).
2026-03-28 09:11:29,237 - INFO - Skipping framework-specific initialization in the driver process.
2026-03-28 09:11:31,590 - INFO - Ray Successfully Initialized with 4 CPU(s) ([0, 1, 2, 3] CPU Affinity Binding).
2026-03-28 09:11:31,590 - INFO - Analyzing 1 time chunk(s) from 2025-01-02 11:51:28 to 2025-01-02 11:52:28 (dt=1min, overlap=0min).
2026-03-28 09:11:31,590 - INFO - Using 1 selected station(s).
2026-03-28 09:11:31,590 - INFO - 
2026-03-28 09:11:31,591 - INFO - ------- Starting EQCCTPro... -------
2026-03-28 09:11:31,591 - INFO - Detailed subprocess information can be found in the log file.
2026-03-28 09:11:31,591 - INFO - 
2026-03-28 09:11:31,878 - INFO - GPU disabled (CPU-only).
2026-03-28 09:11:31,882 - INFO - Skipping framework-specific initialization in the driver process.
2026-03-28 09:11:31,885 - INFO - ------- Hardware Configuration -------
2026-03-28 09:11:31,888 - INFO - CPU affinity set to cores: [0, 1, 2, 3]
2026-03-28 09:11:31,890 - INFO - 
2026-03-28 09:11:31,894 - INFO - ------- Data Preprocessing for EQCCTPro -------
2026-03-28 09:11:31,896 - INFO - 1 station(s) in /home/blackwinter/projects/eqcct/eqcctpro/data/waveforms_noise_only/20250102T115128Z_20250102T115228Z
2026-03-28 09:11:31,902 - INFO - Using 1 selected station(s): ['KLF'].
2026-03-28 09:11:31,906 - INFO - Creating model actor(s)...
2026-03-28 09:11:31,909 - INFO - System RAM: Total=7870 MB, Available=4648 MB
2026-03-28 09:11:31,913 - INFO - Usable RAM budget: 7083 MB (90% of total)
2026-03-28 09:11:31,916 - INFO - ===== MEMORY-AWARE CPU ACTOR POOL =====
2026-03-28 09:11:31,919 - INFO - Requested concurrent tasks: 1
2026-03-28 09:11:31,922 - INFO - Available CPUs: 4
2026-03-28 09:11:31,927 - INFO - Available RAM: 7083 MB
2026-03-28 09:11:31,931 - INFO - RAM per model: 2060 MB
2026-03-28 09:11:31,934 - INFO - Max actors by RAM: 3
2026-03-28 09:11:31,938 - INFO - Creating 1 SeisBenchModelActor(s)
2026-03-28 09:11:31,941 - INFO - Let Ray handle scheduling (taskset already restricts CPU visibility)
2026-03-28 09:11:31,943 - INFO - Creating SeisBenchModelActor 1/1 (2.01GB RAM each)...
2026-03-28 09:11:34,695 - INFO - SeisBenchModelActor 1 created successfully.
2026-03-28 09:11:34,698 - INFO - Created 1 CPU actor(s). Task queue will handle concurrency.
2026-03-28 09:11:34,701 - INFO - Starting EQCCTPro parallelized waveform processing...
2026-03-28 09:11:34,704 - INFO - 
2026-03-28 09:11:34,706 - INFO - ------- Analyzing Seismic Waveforms for P and S Picks via SeisBench (EQTransformer - original_nonconservative) -------
2026-03-28 09:11:34,710 - INFO - Analyzing 0:01:00 minute timechunk from 2025-01-02 11:51:28 to 2025-01-02 11:52:28 (0 min overlap)
2026-03-28 09:11:34,712 - INFO - Processing a total of 1 stations, 1 at a time.
2026-03-28 09:11:36,949 - INFO - (1/1) KLF: Finished the prediction in 0.15s. (HP=1.0, LP=45.0, picks=0)
2026-03-28 09:11:36,951 - INFO - 
2026-03-28 09:11:36,954 - INFO - ------- Parallel Station Waveform Processing Complete For 2025-01-02 11:51:28 to 2025-01-02 11:52:28 Timechunk-------
2026-03-28 09:11:36,956 - INFO - Picks saved at /home/blackwinter/projects/eqcct/eqcctpro/results/csv/eqt_noise_th0_1/20250102T115128Z_20250102T115228ZProcess Runtime: 2.25 s
2026-03-28 09:11:36,961 - INFO - Successfully ran EQCCTPro, exiting...
2026-03-28 09:11:38,553 - INFO - Ray Successfully Shutdown.
2026-03-28 09:11:38,554 - INFO - ------- Successfully Picked All Waveform(s) from all Timechunk(s) -------
