2026-03-28 21:37:59,963 - INFO - 
2026-03-28 21:37:59,963 - INFO - ------- Welcome to EQCCTPro -------
2026-03-28 21:37:59,963 - INFO - 
2026-03-28 21:37:59,964 - INFO - Running EQCCT over Requested MSeed Files using CPU(s)...
2026-03-28 21:37:59,964 - INFO - GPU disabled (CPU-only).
2026-03-29 04:49:10,383 - INFO - 
2026-03-29 04:49:10,384 - INFO - ------- Welcome to EQCCTPro -------
2026-03-29 04:49:10,384 - INFO - 
2026-03-29 04:49:10,385 - INFO - Running EQCCT over Requested MSeed Files using CPU(s)...
2026-03-29 04:49:10,385 - INFO - GPU disabled (CPU-only).
2026-03-29 04:49:10,385 - INFO - Configured Intra-op threads = 1
2026-03-29 04:49:10,385 - INFO - Configured Inter-op threads = 1
2026-03-29 04:49:10,385 - INFO - TensorFlow: No GPUs visible; TF will proceed on CPU.
2026-03-29 04:49:10,385 - INFO - 
2026-03-29 04:49:16,194 - INFO - Ray Successfully Initialized with 4 CPU(s) ([0, 1, 2, 3] CPU Affinity Binding).
2026-03-29 04:49:16,194 - INFO - Analyzing 1 time chunk(s) from 2025-01-17 12:39:56 to 2025-01-17 12:40:56 (dt=1min, overlap=0min).
2026-03-29 04:49:16,194 - INFO - Using 1 selected station(s).
2026-03-29 04:49:16,194 - INFO - 
2026-03-29 04:49:16,195 - INFO - ------- Starting EQCCTPro... -------
2026-03-29 04:49:16,195 - INFO - Detailed subprocess information can be found in the log file.
2026-03-29 04:49:16,195 - INFO - 
2026-03-29 04:49:16,622 - INFO - GPU disabled (CPU-only).
2026-03-29 04:49:18,284 - INFO - Configured Intra-op threads = 1
2026-03-29 04:49:18,287 - INFO - Configured Inter-op threads = 1
2026-03-29 04:49:18,329 - INFO - TensorFlow: No GPUs visible; TF will proceed on CPU.
2026-03-29 04:49:18,332 - INFO - 
2026-03-29 04:49:18,334 - INFO - ------- Hardware Configuration -------
2026-03-29 04:49:18,337 - INFO - CPU affinity set to cores: [0, 1, 2, 3]
2026-03-29 04:49:18,339 - INFO - 
2026-03-29 04:49:18,341 - INFO - ------- Data Preprocessing for EQCCTPro -------
2026-03-29 04:49:18,343 - INFO - 1 station(s) in /home/blackwinter/projects/eqcct/eqcctpro/data/waveforms_explosions_nonoise/20250117T123956Z_20250117T124056Z
2026-03-29 04:49:18,345 - INFO - Using 1 selected station(s): ['RNF'].
2026-03-29 04:49:18,348 - INFO - Creating model actor(s)...
2026-03-29 04:49:18,350 - INFO - System RAM: Total=7870 MB, Available=3015 MB
2026-03-29 04:49:18,352 - INFO - Usable RAM budget: 7083 MB (90% of total)
2026-03-29 04:49:18,355 - INFO - ===== MEMORY-AWARE CPU ACTOR POOL (EQCCT) =====
2026-03-29 04:49:18,357 - INFO - Requested concurrent tasks: 1
2026-03-29 04:49:18,359 - INFO - Available CPUs: 4
2026-03-29 04:49:18,361 - INFO - Available RAM: 7083 MB
2026-03-29 04:49:18,363 - INFO - RAM per model: 2264 MB
2026-03-29 04:49:18,366 - INFO - Max actors by RAM: 3
2026-03-29 04:49:18,369 - INFO - Creating 1 ModelActor(s)
2026-03-29 04:49:18,372 - INFO - Let Ray handle scheduling (taskset already restricts CPU visibility)
2026-03-29 04:49:18,374 - INFO - Creating ModelActor 1/1 (2.21GB RAM each)...
2026-03-29 04:49:22,716 - INFO - ModelActor 1 created successfully.
2026-03-29 04:49:22,718 - INFO - Created 1 CPU actor(s). Task queue will handle concurrency.
2026-03-29 04:49:22,721 - INFO - Starting EQCCTPro parallelized waveform processing...
2026-03-29 04:49:22,723 - INFO - 
2026-03-29 04:49:22,726 - INFO - ------- Analyzing Seismic Waveforms for P and S Picks via EQCCT -------
2026-03-29 04:49:22,729 - INFO - Analyzing 0:01:00 minute timechunk from 2025-01-17 12:39:56 to 2025-01-17 12:40:56 (0 min overlap)
2026-03-29 04:49:22,732 - INFO - Processing a total of 1 stations, 1 at a time.
2026-03-29 04:49:25,356 - INFO - (1/1) RNF: FAILED reading mSEED.
2026-03-29 04:49:25,358 - INFO - 
2026-03-29 04:49:25,360 - INFO - ------- Parallel Station Waveform Processing Complete For 2025-01-17 12:39:56 to 2025-01-17 12:40:56 Timechunk-------
2026-03-29 04:49:25,366 - INFO - Successfully ran EQCCTPro, exiting...
2026-03-29 04:49:25,362 - INFO - Picks saved at /home/blackwinter/projects/eqcct/eqcctpro/results/csv/eqcct_explosions_th0_1/20250117T123956Z_20250117T124056ZProcess Runtime: 2.64 s
2026-03-29 04:49:27,007 - INFO - Ray Successfully Shutdown.
2026-03-29 04:49:27,007 - INFO - ------- Successfully Picked All Waveform(s) from all Timechunk(s) -------
