2026-03-10 22:58:41,523 - INFO - 
2026-03-10 22:58:41,523 - INFO - ------- Welcome to EQCCTPro -------
2026-03-10 22:58:41,523 - INFO - 
2026-03-10 22:58:41,524 - INFO - Running EQCCT over Requested MSeed Files using CPU(s)...
2026-03-10 22:58:41,524 - INFO - GPU disabled (CPU-only).
2026-03-10 22:58:41,524 - INFO - Configured Intra-op threads = 1
2026-03-10 22:58:41,524 - INFO - Configured Inter-op threads = 1
2026-03-10 22:58:41,524 - INFO - TensorFlow: No GPUs visible; TF will proceed on CPU.
2026-03-10 22:58:41,524 - INFO - 
2026-03-10 22:58:46,979 - INFO - Ray Successfully Initialized with 4 CPU(s) ([0, 1, 2, 3] CPU Affinity Binding).
2026-03-10 22:58:46,979 - INFO - Analyzing 1 time chunk(s) from 2025-01-08 14:13:53 to 2025-01-08 14:14:53 (dt=1min, overlap=0min).
2026-03-10 22:58:46,979 - INFO - Using 1 selected station(s).
2026-03-10 22:58:46,979 - INFO - 
2026-03-10 22:58:46,979 - INFO - ------- Starting EQCCTPro... -------
2026-03-10 22:58:46,980 - INFO - Detailed subprocess information can be found in the log file.
2026-03-10 22:58:46,980 - INFO - 
2026-03-10 22:58:47,338 - INFO - GPU disabled (CPU-only).
2026-03-10 22:58:48,775 - INFO - Configured Intra-op threads = 1
2026-03-10 22:58:48,778 - INFO - Configured Inter-op threads = 1
2026-03-10 22:58:48,821 - INFO - TensorFlow: No GPUs visible; TF will proceed on CPU.
2026-03-10 22:58:48,823 - INFO - 
2026-03-10 22:58:48,825 - INFO - ------- Hardware Configuration -------
2026-03-10 22:58:48,828 - INFO - CPU affinity set to cores: [0, 1, 2, 3]
2026-03-10 22:58:48,830 - INFO - 
2026-03-10 22:58:48,833 - INFO - ------- Data Preprocessing for EQCCTPro -------
2026-03-10 22:58:48,835 - INFO - 1 station(s) in /home/blackwinter/projects/eqcct/eqcctpro/data/waveforms_noise_only/20250108T141353Z_20250108T141453Z
2026-03-10 22:58:48,838 - INFO - Using 1 selected station(s): ['KEF'].
2026-03-10 22:58:48,840 - INFO - Creating model actor(s)...
2026-03-10 22:58:48,842 - INFO - System RAM: Total=7870 MB, Available=2719 MB
2026-03-10 22:58:48,845 - INFO - Usable RAM budget: 7083 MB (90% of total)
2026-03-10 22:58:48,848 - INFO - ===== MEMORY-AWARE CPU ACTOR POOL (EQCCT) =====
2026-03-10 22:58:48,850 - INFO - Requested concurrent tasks: 1
2026-03-10 22:58:48,853 - INFO - Available CPUs: 4
2026-03-10 22:58:48,855 - INFO - Available RAM: 7083 MB
2026-03-10 22:58:48,857 - INFO - RAM per model: 2264 MB
2026-03-10 22:58:48,860 - INFO - Max actors by RAM: 3
2026-03-10 22:58:48,863 - INFO - Creating 1 ModelActor(s)
2026-03-10 22:58:48,865 - INFO - Let Ray handle scheduling (taskset already restricts CPU visibility)
2026-03-10 22:58:48,868 - INFO - Creating ModelActor 1/1 (2.21GB RAM each)...
2026-03-10 22:58:52,859 - INFO - ModelActor 1 created successfully.
2026-03-10 22:58:52,861 - INFO - Created 1 CPU actor(s). Task queue will handle concurrency.
2026-03-10 22:58:52,863 - INFO - Starting EQCCTPro parallelized waveform processing...
2026-03-10 22:58:52,865 - INFO - 
2026-03-10 22:58:52,867 - INFO - ------- Analyzing Seismic Waveforms for P and S Picks via EQCCT -------
2026-03-10 22:58:52,869 - INFO - Analyzing 0:01:00 minute timechunk from 2025-01-08 14:13:53 to 2025-01-08 14:14:53 (0 min overlap)
2026-03-10 22:58:52,872 - INFO - Processing a total of 1 stations, 1 at a time.
2026-03-10 22:58:57,121 - INFO - (1/1) KEF: Finished the prediction in 2.16s. (HP=1.0, LP=45.0)
2026-03-10 22:58:57,126 - INFO - 
2026-03-10 22:58:57,128 - INFO - ------- Parallel Station Waveform Processing Complete For 2025-01-08 14:13:53 to 2025-01-08 14:14:53 Timechunk-------
2026-03-10 22:58:57,130 - INFO - Picks saved at /home/blackwinter/projects/eqcct/eqcctpro/results/csv/bm_noise_only/20250108T141353Z_20250108T141453ZProcess Runtime: 4.26 s
2026-03-10 22:58:57,135 - INFO - Successfully ran EQCCTPro, exiting...
2026-03-10 22:58:58,777 - INFO - Ray Successfully Shutdown.
2026-03-10 22:58:58,777 - INFO - ------- Successfully Picked All Waveform(s) from all Timechunk(s) -------
2026-03-11 13:44:51,369 - INFO - 
2026-03-11 13:44:51,376 - INFO - ------- Welcome to EQCCTPro -------
2026-03-11 13:44:51,376 - INFO - 
2026-03-11 13:44:51,377 - INFO - Running EQCCT over Requested MSeed Files using CPU(s)...
2026-03-11 13:44:51,377 - INFO - GPU disabled (CPU-only).
2026-03-11 13:44:51,377 - INFO - Configured Intra-op threads = 1
2026-03-11 13:44:51,377 - INFO - Configured Inter-op threads = 1
2026-03-11 13:44:51,377 - INFO - TensorFlow: No GPUs visible; TF will proceed on CPU.
2026-03-11 13:44:51,377 - INFO - 
2026-03-11 13:44:56,900 - INFO - Ray Successfully Initialized with 4 CPU(s) ([0, 1, 2, 3] CPU Affinity Binding).
2026-03-11 13:44:56,900 - INFO - Analyzing 1 time chunk(s) from 2025-01-08 14:13:53 to 2025-01-08 14:14:53 (dt=1min, overlap=0min).
2026-03-11 13:44:56,900 - INFO - Using 1 selected station(s).
2026-03-11 13:44:56,901 - INFO - 
2026-03-11 13:44:56,901 - INFO - ------- Starting EQCCTPro... -------
2026-03-11 13:44:56,901 - INFO - Detailed subprocess information can be found in the log file.
2026-03-11 13:44:56,901 - INFO - 
2026-03-11 13:44:57,264 - INFO - GPU disabled (CPU-only).
2026-03-11 13:44:58,756 - INFO - Configured Intra-op threads = 1
2026-03-11 13:44:58,759 - INFO - Configured Inter-op threads = 1
2026-03-11 13:44:58,795 - INFO - TensorFlow: No GPUs visible; TF will proceed on CPU.
2026-03-11 13:44:58,797 - INFO - 
2026-03-11 13:44:58,799 - INFO - ------- Hardware Configuration -------
2026-03-11 13:44:58,801 - INFO - CPU affinity set to cores: [0, 1, 2, 3]
2026-03-11 13:44:58,803 - INFO - 
2026-03-11 13:44:58,805 - INFO - ------- Data Preprocessing for EQCCTPro -------
2026-03-11 13:44:58,807 - INFO - 1 station(s) in /home/blackwinter/projects/eqcct/eqcctpro/data/waveforms_noise_only/20250108T141353Z_20250108T141453Z
2026-03-11 13:44:58,809 - INFO - Using 1 selected station(s): ['KEF'].
2026-03-11 13:44:58,810 - INFO - Creating model actor(s)...
2026-03-11 13:44:58,812 - INFO - System RAM: Total=7870 MB, Available=3667 MB
2026-03-11 13:44:58,814 - INFO - Usable RAM budget: 7083 MB (90% of total)
2026-03-11 13:44:58,816 - INFO - ===== MEMORY-AWARE CPU ACTOR POOL (EQCCT) =====
2026-03-11 13:44:58,817 - INFO - Requested concurrent tasks: 1
2026-03-11 13:44:58,819 - INFO - Available CPUs: 4
2026-03-11 13:44:58,821 - INFO - Available RAM: 7083 MB
2026-03-11 13:44:58,823 - INFO - RAM per model: 2264 MB
2026-03-11 13:44:58,825 - INFO - Max actors by RAM: 3
2026-03-11 13:44:58,827 - INFO - Creating 1 ModelActor(s)
2026-03-11 13:44:58,828 - INFO - Let Ray handle scheduling (taskset already restricts CPU visibility)
2026-03-11 13:44:58,830 - INFO - Creating ModelActor 1/1 (2.21GB RAM each)...
2026-03-11 13:45:02,696 - INFO - ModelActor 1 created successfully.
2026-03-11 13:45:02,698 - INFO - Created 1 CPU actor(s). Task queue will handle concurrency.
2026-03-11 13:45:02,700 - INFO - Starting EQCCTPro parallelized waveform processing...
2026-03-11 13:45:02,702 - INFO - 
2026-03-11 13:45:02,704 - INFO - ------- Analyzing Seismic Waveforms for P and S Picks via EQCCT -------
2026-03-11 13:45:02,706 - INFO - Analyzing 0:01:00 minute timechunk from 2025-01-08 14:13:53 to 2025-01-08 14:14:53 (0 min overlap)
2026-03-11 13:45:02,708 - INFO - Processing a total of 1 stations, 1 at a time.
2026-03-11 13:45:04,683 - INFO - (1/1) KEF: Skipped (already exists - overwrite=False).
2026-03-11 13:45:04,686 - INFO - 
2026-03-11 13:45:04,688 - INFO - ------- Parallel Station Waveform Processing Complete For 2025-01-08 14:13:53 to 2025-01-08 14:14:53 Timechunk-------
2026-03-11 13:45:04,691 - INFO - Picks saved at /home/blackwinter/projects/eqcct/eqcctpro/results/csv/bm_noise_only/20250108T141353Z_20250108T141453ZProcess Runtime: 1.99 s
2026-03-11 13:45:04,697 - INFO - Successfully ran EQCCTPro, exiting...
2026-03-11 13:45:06,216 - INFO - Ray Successfully Shutdown.
2026-03-11 13:45:06,216 - INFO - ------- Successfully Picked All Waveform(s) from all Timechunk(s) -------
