2026-03-29 13:30:24,636 - INFO - 
2026-03-29 13:30:24,636 - INFO - ------- Welcome to EQCCTPro -------
2026-03-29 13:30:24,636 - INFO - 
2026-03-29 13:30:24,637 - INFO - Running EQCCT over Requested MSeed Files using CPU(s)...
2026-03-29 13:30:24,637 - INFO - GPU disabled (CPU-only).
2026-03-29 13:30:24,637 - INFO - Configured Intra-op threads = 1
2026-03-29 13:30:24,638 - INFO - Configured Inter-op threads = 1
2026-03-29 13:30:24,638 - INFO - TensorFlow: No GPUs visible; TF will proceed on CPU.
2026-03-29 13:30:24,638 - INFO - 
2026-03-29 13:30:30,333 - INFO - Ray Successfully Initialized with 4 CPU(s) ([0, 1, 2, 3] CPU Affinity Binding).
2026-03-29 13:30:30,334 - INFO - Analyzing 1 time chunk(s) from 2025-01-07 02:28:34 to 2025-01-07 02:29:34 (dt=1min, overlap=0min).
2026-03-29 13:30:30,334 - INFO - Using 1 selected station(s).
2026-03-29 13:30:30,334 - INFO - 
2026-03-29 13:30:30,334 - INFO - ------- Starting EQCCTPro... -------
2026-03-29 13:30:30,334 - INFO - Detailed subprocess information can be found in the log file.
2026-03-29 13:30:30,334 - INFO - 
2026-03-29 13:30:30,754 - INFO - GPU disabled (CPU-only).
2026-03-29 13:30:32,314 - INFO - Configured Intra-op threads = 1
2026-03-29 13:30:32,316 - INFO - Configured Inter-op threads = 1
2026-03-29 13:30:32,356 - INFO - TensorFlow: No GPUs visible; TF will proceed on CPU.
2026-03-29 13:30:32,359 - INFO - 
2026-03-29 13:30:32,362 - INFO - ------- Hardware Configuration -------
2026-03-29 13:30:32,366 - INFO - CPU affinity set to cores: [0, 1, 2, 3]
2026-03-29 13:30:32,368 - INFO - 
2026-03-29 13:30:32,371 - INFO - ------- Data Preprocessing for EQCCTPro -------
2026-03-29 13:30:32,374 - INFO - 1 station(s) in /home/blackwinter/projects/eqcct/eqcctpro/data/waveforms_noise_only/20250107T022834Z_20250107T022934Z
2026-03-29 13:30:32,376 - INFO - Using 1 selected station(s): ['RANF'].
2026-03-29 13:30:32,378 - INFO - Creating model actor(s)...
2026-03-29 13:30:32,380 - INFO - System RAM: Total=7870 MB, Available=4551 MB
2026-03-29 13:30:32,383 - INFO - Usable RAM budget: 7083 MB (90% of total)
2026-03-29 13:30:32,386 - INFO - ===== MEMORY-AWARE CPU ACTOR POOL (EQCCT) =====
2026-03-29 13:30:32,388 - INFO - Requested concurrent tasks: 1
2026-03-29 13:30:32,391 - INFO - Available CPUs: 4
2026-03-29 13:30:32,394 - INFO - Available RAM: 7083 MB
2026-03-29 13:30:32,396 - INFO - RAM per model: 2264 MB
2026-03-29 13:30:32,399 - INFO - Max actors by RAM: 3
2026-03-29 13:30:32,401 - INFO - Creating 1 ModelActor(s)
2026-03-29 13:30:32,404 - INFO - Let Ray handle scheduling (taskset already restricts CPU visibility)
2026-03-29 13:30:32,406 - INFO - Creating ModelActor 1/1 (2.21GB RAM each)...
2026-03-29 13:30:36,670 - INFO - ModelActor 1 created successfully.
2026-03-29 13:30:36,674 - INFO - Created 1 CPU actor(s). Task queue will handle concurrency.
2026-03-29 13:30:36,676 - INFO - Starting EQCCTPro parallelized waveform processing...
2026-03-29 13:30:36,678 - INFO - 
2026-03-29 13:30:36,681 - INFO - ------- Analyzing Seismic Waveforms for P and S Picks via EQCCT -------
2026-03-29 13:30:36,683 - INFO - Analyzing 0:01:00 minute timechunk from 2025-01-07 02:28:34 to 2025-01-07 02:29:34 (0 min overlap)
2026-03-29 13:30:36,685 - INFO - Processing a total of 1 stations, 1 at a time.
2026-03-29 13:30:41,102 - INFO - (1/1) RANF: Finished the prediction in 2.4s. (HP=1.0, LP=45.0)
2026-03-29 13:30:41,105 - INFO - 
2026-03-29 13:30:41,107 - INFO - ------- Parallel Station Waveform Processing Complete For 2025-01-07 02:28:34 to 2025-01-07 02:29:34 Timechunk-------
2026-03-29 13:30:41,110 - INFO - Picks saved at /home/blackwinter/projects/eqcct/eqcctpro/results/csv/eqcct_noise_th0_1/20250107T022834Z_20250107T022934ZProcess Runtime: 4.43 s
2026-03-29 13:30:41,117 - INFO - Successfully ran EQCCTPro, exiting...
2026-03-29 13:30:42,764 - INFO - Ray Successfully Shutdown.
2026-03-29 13:30:42,765 - INFO - ------- Successfully Picked All Waveform(s) from all Timechunk(s) -------
