2026-02-27 01:23:23,768 - INFO - 
2026-02-27 01:23:23,769 - INFO - ------- Welcome to EQCCTPro -------
2026-02-27 01:23:23,769 - INFO - 
2026-02-27 01:23:23,769 - INFO - Running EQCCT over Requested MSeed Files using CPU(s)...
2026-02-27 01:23:23,769 - INFO - GPU disabled (CPU-only).
2026-02-27 01:23:23,770 - INFO - Configured Intra-op threads = 1
2026-02-27 01:23:23,770 - INFO - Configured Inter-op threads = 1
2026-02-27 01:23:23,770 - INFO - TensorFlow: No GPUs visible; TF will proceed on CPU.
2026-02-27 01:23:23,770 - INFO - 
2026-02-27 01:23:29,181 - INFO - Ray Successfully Initialized with 4 CPU(s) ([0, 1, 2, 3] CPU Affinity Binding).
2026-02-27 01:23:29,183 - INFO - Analyzing 1 time chunk(s) from 2025-01-14 10:53:40 to 2025-01-14 10:54:40 (dt=1min, overlap=0min).
2026-02-27 01:23:29,183 - INFO - Using 2 selected station(s).
2026-02-27 01:23:29,183 - INFO - 
2026-02-27 01:23:29,183 - INFO - ------- Starting EQCCTPro... -------
2026-02-27 01:23:29,183 - INFO - Detailed subprocess information can be found in the log file.
2026-02-27 01:23:29,184 - INFO - 
2026-02-27 01:23:29,550 - INFO - GPU disabled (CPU-only).
2026-02-27 01:23:31,153 - INFO - Configured Intra-op threads = 1
2026-02-27 01:23:31,156 - INFO - Configured Inter-op threads = 1
2026-02-27 01:23:31,195 - INFO - TensorFlow: No GPUs visible; TF will proceed on CPU.
2026-02-27 01:23:31,198 - INFO - 
2026-02-27 01:23:31,200 - INFO - ------- Hardware Configuration -------
2026-02-27 01:23:31,202 - INFO - CPU affinity set to cores: [0, 1, 2, 3]
2026-02-27 01:23:31,204 - INFO - 
2026-02-27 01:23:31,206 - INFO - ------- Data Preprocessing for EQCCTPro -------
2026-02-27 01:23:31,208 - INFO - 2 station(s) in /home/blackwinter/projects/eqcct/eqcctpro/data/waveforms_explosions_nonoise/20250114T105340Z_20250114T105440Z
2026-02-27 01:23:31,210 - INFO - Using 2 selected station(s): ['KY17', 'SUF'].
2026-02-27 01:23:31,212 - INFO - Creating model actor(s)...
2026-02-27 01:23:31,214 - INFO - System RAM: Total=7870 MB, Available=3024 MB
2026-02-27 01:23:31,216 - INFO - Usable RAM budget: 7083 MB (90% of total)
2026-02-27 01:23:31,218 - INFO - ===== MEMORY-AWARE CPU ACTOR POOL (EQCCT) =====
2026-02-27 01:23:31,220 - INFO - Requested concurrent tasks: 1
2026-02-27 01:23:31,221 - INFO - Available CPUs: 4
2026-02-27 01:23:31,223 - INFO - Available RAM: 7083 MB
2026-02-27 01:23:31,224 - INFO - RAM per model: 2264 MB
2026-02-27 01:23:31,226 - INFO - Max actors by RAM: 3
2026-02-27 01:23:31,228 - INFO - Creating 1 ModelActor(s)
2026-02-27 01:23:31,230 - INFO - Let Ray handle scheduling (taskset already restricts CPU visibility)
2026-02-27 01:23:31,231 - INFO - Creating ModelActor 1/1 (2.21GB RAM each)...
2026-02-27 01:23:35,137 - INFO - ModelActor 1 created successfully.
2026-02-27 01:23:35,139 - INFO - Created 1 CPU actor(s). Task queue will handle concurrency.
2026-02-27 01:23:35,141 - INFO - Starting EQCCTPro parallelized waveform processing...
2026-02-27 01:23:35,143 - INFO - 
2026-02-27 01:23:35,146 - INFO - ------- Analyzing Seismic Waveforms for P and S Picks via EQCCT -------
2026-02-27 01:23:35,148 - INFO - Analyzing 0:01:00 minute timechunk from 2025-01-14 10:53:40 to 2025-01-14 10:54:40 (0 min overlap)
2026-02-27 01:23:35,150 - INFO - Processing a total of 2 stations, 1 at a time.
2026-02-27 01:23:39,213 - INFO - (1/2) KY17: Finished the prediction in 2.17s. (HP=1.0, LP=45.0)
2026-02-27 01:23:39,317 - INFO - (2/2) SUF: Finished the prediction in 0.1s. (HP=1.0, LP=45.0)
2026-02-27 01:23:39,319 - INFO - 
2026-02-27 01:23:39,322 - INFO - ------- Parallel Station Waveform Processing Complete For 2025-01-14 10:53:40 to 2025-01-14 10:54:40 Timechunk-------
2026-02-27 01:23:39,324 - INFO - Picks saved at /home/blackwinter/projects/eqcct/eqcctpro/results/csv/bm_explosions/20250114T105340Z_20250114T105440ZProcess Runtime: 4.18 s
2026-02-27 01:23:39,327 - INFO - Successfully ran EQCCTPro, exiting...
2026-02-27 01:23:40,788 - INFO - Ray Successfully Shutdown.
2026-02-27 01:23:40,788 - INFO - ------- Successfully Picked All Waveform(s) from all Timechunk(s) -------
2026-02-27 08:30:13,440 - INFO - 
2026-02-27 08:30:13,441 - INFO - ------- Welcome to EQCCTPro -------
2026-02-27 08:30:13,441 - INFO - 
2026-02-27 08:30:13,442 - INFO - Running EQCCT over Requested MSeed Files using CPU(s)...
2026-02-27 08:30:13,442 - INFO - GPU disabled (CPU-only).
2026-02-27 08:30:13,442 - INFO - Configured Intra-op threads = 1
2026-02-27 08:30:13,442 - INFO - Configured Inter-op threads = 1
2026-02-27 08:30:13,442 - INFO - TensorFlow: No GPUs visible; TF will proceed on CPU.
2026-02-27 08:30:13,443 - INFO - 
2026-02-27 08:30:19,101 - INFO - Ray Successfully Initialized with 4 CPU(s) ([0, 1, 2, 3] CPU Affinity Binding).
2026-02-27 08:30:19,102 - INFO - Analyzing 1 time chunk(s) from 2025-01-14 10:53:40 to 2025-01-14 10:54:40 (dt=1min, overlap=0min).
2026-02-27 08:30:19,102 - INFO - Using 2 selected station(s).
2026-02-27 08:30:19,102 - INFO - 
2026-02-27 08:30:19,102 - INFO - ------- Starting EQCCTPro... -------
2026-02-27 08:30:19,102 - INFO - Detailed subprocess information can be found in the log file.
2026-02-27 08:30:19,102 - INFO - 
2026-02-27 08:30:19,494 - INFO - GPU disabled (CPU-only).
2026-02-27 08:30:21,232 - INFO - Configured Intra-op threads = 1
2026-02-27 08:30:21,235 - INFO - Configured Inter-op threads = 1
2026-02-27 08:30:21,287 - INFO - TensorFlow: No GPUs visible; TF will proceed on CPU.
2026-02-27 08:30:21,290 - INFO - 
2026-02-27 08:30:21,294 - INFO - ------- Hardware Configuration -------
2026-02-27 08:30:21,298 - INFO - CPU affinity set to cores: [0, 1, 2, 3]
2026-02-27 08:30:21,301 - INFO - 
2026-02-27 08:30:21,305 - INFO - ------- Data Preprocessing for EQCCTPro -------
2026-02-27 08:30:21,309 - INFO - 2 station(s) in /home/blackwinter/projects/eqcct/eqcctpro/data/waveforms_explosions_nonoise/20250114T105340Z_20250114T105440Z
2026-02-27 08:30:21,313 - INFO - Using 2 selected station(s): ['KY17', 'SUF'].
2026-02-27 08:30:21,316 - INFO - Creating model actor(s)...
2026-02-27 08:30:21,320 - INFO - System RAM: Total=7870 MB, Available=3111 MB
2026-02-27 08:30:21,323 - INFO - Usable RAM budget: 7083 MB (90% of total)
2026-02-27 08:30:21,326 - INFO - ===== MEMORY-AWARE CPU ACTOR POOL (EQCCT) =====
2026-02-27 08:30:21,328 - INFO - Requested concurrent tasks: 1
2026-02-27 08:30:21,331 - INFO - Available CPUs: 4
2026-02-27 08:30:21,333 - INFO - Available RAM: 7083 MB
2026-02-27 08:30:21,336 - INFO - RAM per model: 2264 MB
2026-02-27 08:30:21,339 - INFO - Max actors by RAM: 3
2026-02-27 08:30:21,341 - INFO - Creating 1 ModelActor(s)
2026-02-27 08:30:21,344 - INFO - Let Ray handle scheduling (taskset already restricts CPU visibility)
2026-02-27 08:30:21,347 - INFO - Creating ModelActor 1/1 (2.21GB RAM each)...
2026-02-27 08:30:25,590 - INFO - ModelActor 1 created successfully.
2026-02-27 08:30:25,593 - INFO - Created 1 CPU actor(s). Task queue will handle concurrency.
2026-02-27 08:30:25,595 - INFO - Starting EQCCTPro parallelized waveform processing...
2026-02-27 08:30:25,597 - INFO - 
2026-02-27 08:30:25,599 - INFO - ------- Analyzing Seismic Waveforms for P and S Picks via EQCCT -------
2026-02-27 08:30:25,602 - INFO - Analyzing 0:01:00 minute timechunk from 2025-01-14 10:53:40 to 2025-01-14 10:54:40 (0 min overlap)
2026-02-27 08:30:25,603 - INFO - Processing a total of 2 stations, 1 at a time.
2026-02-27 08:30:27,591 - INFO - (1/2) KY17: Skipped (already exists - overwrite=False).
2026-02-27 08:30:27,597 - INFO - (2/2) SUF: Skipped (already exists - overwrite=False).
2026-02-27 08:30:27,600 - INFO - 
2026-02-27 08:30:27,602 - INFO - ------- Parallel Station Waveform Processing Complete For 2025-01-14 10:53:40 to 2025-01-14 10:54:40 Timechunk-------
2026-02-27 08:30:27,603 - INFO - Picks saved at /home/blackwinter/projects/eqcct/eqcctpro/results/csv/bm_explosions/20250114T105340Z_20250114T105440ZProcess Runtime: 2.00 s
2026-02-27 08:30:27,607 - INFO - Successfully ran EQCCTPro, exiting...
2026-02-27 08:30:29,168 - INFO - Ray Successfully Shutdown.
2026-02-27 08:30:29,168 - INFO - ------- Successfully Picked All Waveform(s) from all Timechunk(s) -------
