2026-03-20 05:02:34,791 - INFO - 
2026-03-20 05:02:34,791 - INFO - ------- Welcome to EQCCTPro -------
2026-03-20 05:02:34,791 - INFO - 
2026-03-20 05:02:34,792 - INFO - Running EQCCT over Requested MSeed Files using CPU(s)...
2026-03-20 05:02:34,792 - INFO - GPU disabled (CPU-only).
2026-03-20 05:02:34,792 - INFO - Configured Intra-op threads = 1
2026-03-20 05:02:34,792 - INFO - Configured Inter-op threads = 1
2026-03-20 05:02:34,792 - INFO - TensorFlow: No GPUs visible; TF will proceed on CPU.
2026-03-20 05:02:34,792 - INFO - 
2026-03-20 05:02:40,168 - INFO - Ray Successfully Initialized with 4 CPU(s) ([0, 1, 2, 3] CPU Affinity Binding).
2026-03-20 05:02:40,168 - INFO - Analyzing 1 time chunk(s) from 2025-09-09 16:31:17 to 2025-09-09 16:32:17 (dt=1min, overlap=0min).
2026-03-20 05:02:40,169 - INFO - Using 1 selected station(s).
2026-03-20 05:02:40,169 - INFO - 
2026-03-20 05:02:40,169 - INFO - ------- Starting EQCCTPro... -------
2026-03-20 05:02:40,169 - INFO - Detailed subprocess information can be found in the log file.
2026-03-20 05:02:40,170 - INFO - 
2026-03-20 05:02:40,536 - INFO - GPU disabled (CPU-only).
2026-03-20 05:02:42,057 - INFO - Configured Intra-op threads = 1
2026-03-20 05:02:42,059 - INFO - Configured Inter-op threads = 1
2026-03-20 05:02:42,102 - INFO - TensorFlow: No GPUs visible; TF will proceed on CPU.
2026-03-20 05:02:42,105 - INFO - 
2026-03-20 05:02:42,107 - INFO - ------- Hardware Configuration -------
2026-03-20 05:02:42,109 - INFO - CPU affinity set to cores: [0, 1, 2, 3]
2026-03-20 05:02:42,111 - INFO - 
2026-03-20 05:02:42,113 - INFO - ------- Data Preprocessing for EQCCTPro -------
2026-03-20 05:02:42,115 - INFO - 1 station(s) in /home/blackwinter/projects/eqcct/eqcctpro/data/waveforms_earthquakes_nonoise/20250909T163117Z_20250909T163217Z
2026-03-20 05:02:42,117 - INFO - Using 1 selected station(s): ['KEF'].
2026-03-20 05:02:42,119 - INFO - Creating model actor(s)...
2026-03-20 05:02:42,121 - INFO - System RAM: Total=7870 MB, Available=1703 MB
2026-03-20 05:02:42,123 - INFO - Usable RAM budget: 7083 MB (90% of total)
2026-03-20 05:02:42,125 - INFO - ===== MEMORY-AWARE CPU ACTOR POOL (EQCCT) =====
2026-03-20 05:02:42,127 - INFO - Requested concurrent tasks: 1
2026-03-20 05:02:42,129 - INFO - Available CPUs: 4
2026-03-20 05:02:42,132 - INFO - Available RAM: 7083 MB
2026-03-20 05:02:42,134 - INFO - RAM per model: 2264 MB
2026-03-20 05:02:42,137 - INFO - Max actors by RAM: 3
2026-03-20 05:02:42,139 - INFO - Creating 1 ModelActor(s)
2026-03-20 05:02:42,141 - INFO - Let Ray handle scheduling (taskset already restricts CPU visibility)
2026-03-20 05:02:42,144 - INFO - Creating ModelActor 1/1 (2.21GB RAM each)...
2026-03-20 05:02:46,143 - INFO - ModelActor 1 created successfully.
2026-03-20 05:02:46,146 - INFO - Created 1 CPU actor(s). Task queue will handle concurrency.
2026-03-20 05:02:46,148 - INFO - Starting EQCCTPro parallelized waveform processing...
2026-03-20 05:02:46,150 - INFO - 
2026-03-20 05:02:46,153 - INFO - ------- Analyzing Seismic Waveforms for P and S Picks via EQCCT -------
2026-03-20 05:02:46,155 - INFO - Analyzing 0:01:00 minute timechunk from 2025-09-09 16:31:17 to 2025-09-09 16:32:17 (0 min overlap)
2026-03-20 05:02:46,157 - INFO - Processing a total of 1 stations, 1 at a time.
2026-03-20 05:02:50,285 - INFO - (1/1) KEF: Finished the prediction in 2.17s. (HP=1.0, LP=45.0)
2026-03-20 05:02:50,287 - INFO - 
2026-03-20 05:02:50,290 - INFO - ------- Parallel Station Waveform Processing Complete For 2025-09-09 16:31:17 to 2025-09-09 16:32:17 Timechunk-------
2026-03-20 05:02:50,291 - INFO - Picks saved at /home/blackwinter/projects/eqcct/eqcctpro/results/csv/eqcct_earthquakes_th0_1/20250909T163117Z_20250909T163217ZProcess Runtime: 4.14 s
2026-03-20 05:02:50,296 - INFO - Successfully ran EQCCTPro, exiting...
2026-03-20 05:02:51,818 - INFO - Ray Successfully Shutdown.
2026-03-20 05:02:51,818 - INFO - ------- Successfully Picked All Waveform(s) from all Timechunk(s) -------
