2026-03-27 22:39:11,101 - INFO - 
2026-03-27 22:39:11,101 - INFO - ------- Welcome to EQCCTPro -------
2026-03-27 22:39:11,101 - INFO - 
2026-03-27 22:39:11,102 - INFO - Running EQCCT over Requested MSeed Files using CPU(s)...
2026-03-27 22:39:11,102 - INFO - GPU disabled (CPU-only).
2026-03-27 22:39:11,102 - INFO - Skipping framework-specific initialization in the driver process.
2026-03-27 22:39:13,533 - INFO - Ray Successfully Initialized with 4 CPU(s) ([0, 1, 2, 3] CPU Affinity Binding).
2026-03-27 22:39:13,533 - INFO - Analyzing 1 time chunk(s) from 2025-12-21 06:19:22 to 2025-12-21 06:20:22 (dt=1min, overlap=0min).
2026-03-27 22:39:13,534 - INFO - Using 1 selected station(s).
2026-03-27 22:39:13,534 - INFO - 
2026-03-27 22:39:13,534 - INFO - ------- Starting EQCCTPro... -------
2026-03-27 22:39:13,534 - INFO - Detailed subprocess information can be found in the log file.
2026-03-27 22:39:13,534 - INFO - 
2026-03-27 22:39:13,804 - INFO - GPU disabled (CPU-only).
2026-03-27 22:39:13,809 - INFO - Skipping framework-specific initialization in the driver process.
2026-03-27 22:39:13,812 - INFO - ------- Hardware Configuration -------
2026-03-27 22:39:13,815 - INFO - CPU affinity set to cores: [0, 1, 2, 3]
2026-03-27 22:39:13,818 - INFO - 
2026-03-27 22:39:13,821 - INFO - ------- Data Preprocessing for EQCCTPro -------
2026-03-27 22:39:13,823 - INFO - 1 station(s) in /home/blackwinter/projects/eqcct/eqcctpro/data/waveforms_earthquakes_nonoise/20251221T061922Z_20251221T062022Z
2026-03-27 22:39:13,826 - INFO - Using 1 selected station(s): ['RUF'].
2026-03-27 22:39:13,828 - INFO - Creating model actor(s)...
2026-03-27 22:39:13,831 - INFO - System RAM: Total=7870 MB, Available=4942 MB
2026-03-27 22:39:13,834 - INFO - Usable RAM budget: 7083 MB (90% of total)
2026-03-27 22:39:13,836 - INFO - ===== MEMORY-AWARE CPU ACTOR POOL =====
2026-03-27 22:39:13,839 - INFO - Requested concurrent tasks: 1
2026-03-27 22:39:13,841 - INFO - Available CPUs: 4
2026-03-27 22:39:13,844 - INFO - Available RAM: 7083 MB
2026-03-27 22:39:13,846 - INFO - RAM per model: 2060 MB
2026-03-27 22:39:13,850 - INFO - Max actors by RAM: 3
2026-03-27 22:39:13,852 - INFO - Creating 1 SeisBenchModelActor(s)
2026-03-27 22:39:13,854 - INFO - Let Ray handle scheduling (taskset already restricts CPU visibility)
2026-03-27 22:39:13,856 - INFO - Creating SeisBenchModelActor 1/1 (2.01GB RAM each)...
2026-03-27 22:39:22,787 - INFO - SeisBenchModelActor 1 created successfully.
2026-03-27 22:39:22,794 - INFO - Created 1 CPU actor(s). Task queue will handle concurrency.
2026-03-27 22:39:22,796 - INFO - Starting EQCCTPro parallelized waveform processing...
2026-03-27 22:39:22,798 - INFO - 
2026-03-27 22:39:22,800 - INFO - ------- Analyzing Seismic Waveforms for P and S Picks via SeisBench (EQTransformer - original_nonconservative) -------
2026-03-27 22:39:22,803 - INFO - Analyzing 0:01:00 minute timechunk from 2025-12-21 06:19:22 to 2025-12-21 06:20:22 (0 min overlap)
2026-03-27 22:39:22,805 - INFO - Processing a total of 1 stations, 1 at a time.
2026-03-27 22:39:25,030 - INFO - (1/1) RUF: Finished the prediction in 0.14s. (HP=1.0, LP=45.0, picks=0)
2026-03-27 22:39:25,032 - INFO - 
2026-03-27 22:39:25,035 - INFO - ------- Parallel Station Waveform Processing Complete For 2025-12-21 06:19:22 to 2025-12-21 06:20:22 Timechunk-------
2026-03-27 22:39:25,037 - INFO - Picks saved at /home/blackwinter/projects/eqcct/eqcctpro/results/csv/eqt_earthquakes_th0_1/20251221T061922Z_20251221T062022ZProcess Runtime: 2.24 s
2026-03-27 22:39:25,042 - INFO - Successfully ran EQCCTPro, exiting...
2026-03-27 22:39:26,916 - INFO - Ray Successfully Shutdown.
2026-03-27 22:39:26,917 - INFO - ------- Successfully Picked All Waveform(s) from all Timechunk(s) -------
2026-03-28 05:01:54,230 - INFO - 
2026-03-28 05:01:54,230 - INFO - ------- Welcome to EQCCTPro -------
2026-03-28 05:01:54,230 - INFO - 
2026-03-28 05:01:54,231 - INFO - Running EQCCT over Requested MSeed Files using CPU(s)...
2026-03-28 05:01:54,231 - INFO - GPU disabled (CPU-only).
2026-03-28 05:01:54,231 - INFO - Skipping framework-specific initialization in the driver process.
2026-03-28 05:01:56,658 - INFO - Ray Successfully Initialized with 4 CPU(s) ([0, 1, 2, 3] CPU Affinity Binding).
2026-03-28 05:01:56,658 - INFO - Analyzing 1 time chunk(s) from 2025-12-21 06:19:22 to 2025-12-21 06:20:22 (dt=1min, overlap=0min).
2026-03-28 05:01:56,658 - INFO - Using 1 selected station(s).
2026-03-28 05:01:56,658 - INFO - 
2026-03-28 05:01:56,658 - INFO - ------- Starting EQCCTPro... -------
2026-03-28 05:01:56,659 - INFO - Detailed subprocess information can be found in the log file.
2026-03-28 05:01:56,659 - INFO - 
2026-03-28 05:01:56,956 - INFO - GPU disabled (CPU-only).
2026-03-28 05:01:56,961 - INFO - Skipping framework-specific initialization in the driver process.
2026-03-28 05:01:56,964 - INFO - ------- Hardware Configuration -------
2026-03-28 05:01:56,967 - INFO - CPU affinity set to cores: [0, 1, 2, 3]
2026-03-28 05:01:56,969 - INFO - 
2026-03-28 05:01:56,972 - INFO - ------- Data Preprocessing for EQCCTPro -------
2026-03-28 05:01:56,974 - INFO - 1 station(s) in /home/blackwinter/projects/eqcct/eqcctpro/data/waveforms_earthquakes_nonoise/20251221T061922Z_20251221T062022Z
2026-03-28 05:01:56,977 - INFO - Using 1 selected station(s): ['RUF'].
2026-03-28 05:01:56,979 - INFO - Creating model actor(s)...
2026-03-28 05:01:56,982 - INFO - System RAM: Total=7870 MB, Available=4737 MB
2026-03-28 05:01:56,985 - INFO - Usable RAM budget: 7083 MB (90% of total)
2026-03-28 05:01:56,987 - INFO - ===== MEMORY-AWARE CPU ACTOR POOL =====
2026-03-28 05:01:56,989 - INFO - Requested concurrent tasks: 1
2026-03-28 05:01:56,992 - INFO - Available CPUs: 4
2026-03-28 05:01:56,995 - INFO - Available RAM: 7083 MB
2026-03-28 05:01:56,997 - INFO - RAM per model: 2060 MB
2026-03-28 05:01:57,000 - INFO - Max actors by RAM: 3
2026-03-28 05:01:57,002 - INFO - Creating 1 SeisBenchModelActor(s)
2026-03-28 05:01:57,005 - INFO - Let Ray handle scheduling (taskset already restricts CPU visibility)
2026-03-28 05:01:57,007 - INFO - Creating SeisBenchModelActor 1/1 (2.01GB RAM each)...
2026-03-28 05:02:02,551 - INFO - SeisBenchModelActor 1 created successfully.
2026-03-28 05:02:02,553 - INFO - Created 1 CPU actor(s). Task queue will handle concurrency.
2026-03-28 05:02:02,556 - INFO - Starting EQCCTPro parallelized waveform processing...
2026-03-28 05:02:02,558 - INFO - 
2026-03-28 05:02:02,561 - INFO - ------- Analyzing Seismic Waveforms for P and S Picks via SeisBench (EQTransformer - original_nonconservative) -------
2026-03-28 05:02:02,564 - INFO - Analyzing 0:01:00 minute timechunk from 2025-12-21 06:19:22 to 2025-12-21 06:20:22 (0 min overlap)
2026-03-28 05:02:02,566 - INFO - Processing a total of 1 stations, 1 at a time.
2026-03-28 05:02:04,556 - INFO - (1/1) RUF: Skipped (already exists - overwrite=False).
2026-03-28 05:02:04,558 - INFO - 
2026-03-28 05:02:04,561 - INFO - ------- Parallel Station Waveform Processing Complete For 2025-12-21 06:19:22 to 2025-12-21 06:20:22 Timechunk-------
2026-03-28 05:02:04,563 - INFO - Picks saved at /home/blackwinter/projects/eqcct/eqcctpro/results/csv/eqt_earthquakes_th0_1/20251221T061922Z_20251221T062022ZProcess Runtime: 2.00 s
2026-03-28 05:02:04,568 - INFO - Successfully ran EQCCTPro, exiting...
2026-03-28 05:02:06,337 - INFO - Ray Successfully Shutdown.
2026-03-28 05:02:06,337 - INFO - ------- Successfully Picked All Waveform(s) from all Timechunk(s) -------
