2026-03-28 21:38:01,562 - INFO - 
2026-03-28 21:38:01,562 - INFO - ------- Welcome to EQCCTPro -------
2026-03-28 21:38:01,562 - INFO - 
2026-03-28 21:38:01,563 - INFO - Running EQCCT over Requested MSeed Files using CPU(s)...
2026-03-28 21:38:01,563 - INFO - GPU disabled (CPU-only).
2026-03-29 07:37:35,265 - INFO - 
2026-03-29 07:37:35,265 - INFO - ------- Welcome to EQCCTPro -------
2026-03-29 07:37:35,265 - INFO - 
2026-03-29 07:37:35,266 - INFO - Running EQCCT over Requested MSeed Files using CPU(s)...
2026-03-29 07:37:35,266 - INFO - GPU disabled (CPU-only).
2026-03-29 07:37:35,267 - INFO - Configured Intra-op threads = 1
2026-03-29 07:37:35,267 - INFO - Configured Inter-op threads = 1
2026-03-29 07:37:35,267 - INFO - TensorFlow: No GPUs visible; TF will proceed on CPU.
2026-03-29 07:37:35,267 - INFO - 
2026-03-29 07:37:40,458 - INFO - Ray Successfully Initialized with 4 CPU(s) ([0, 1, 2, 3] CPU Affinity Binding).
2026-03-29 07:37:40,459 - INFO - Analyzing 1 time chunk(s) from 2025-01-23 12:09:05 to 2025-01-23 12:10:05 (dt=1min, overlap=0min).
2026-03-29 07:37:40,459 - INFO - Using 1 selected station(s).
2026-03-29 07:37:40,459 - INFO - 
2026-03-29 07:37:40,459 - INFO - ------- Starting EQCCTPro... -------
2026-03-29 07:37:40,459 - INFO - Detailed subprocess information can be found in the log file.
2026-03-29 07:37:40,460 - INFO - 
2026-03-29 07:37:40,934 - INFO - GPU disabled (CPU-only).
2026-03-29 07:37:42,578 - INFO - Configured Intra-op threads = 1
2026-03-29 07:37:42,581 - INFO - Configured Inter-op threads = 1
2026-03-29 07:37:42,623 - INFO - TensorFlow: No GPUs visible; TF will proceed on CPU.
2026-03-29 07:37:42,625 - INFO - 
2026-03-29 07:37:42,627 - INFO - ------- Hardware Configuration -------
2026-03-29 07:37:42,630 - INFO - CPU affinity set to cores: [0, 1, 2, 3]
2026-03-29 07:37:42,633 - INFO - 
2026-03-29 07:37:42,636 - INFO - ------- Data Preprocessing for EQCCTPro -------
2026-03-29 07:37:42,638 - INFO - 1 station(s) in /home/blackwinter/projects/eqcct/eqcctpro/data/waveforms_explosions_nonoise/20250123T120905Z_20250123T121005Z
2026-03-29 07:37:42,640 - INFO - Using 1 selected station(s): ['VRF'].
2026-03-29 07:37:42,642 - INFO - Creating model actor(s)...
2026-03-29 07:37:42,644 - INFO - System RAM: Total=7870 MB, Available=2896 MB
2026-03-29 07:37:42,647 - INFO - Usable RAM budget: 7083 MB (90% of total)
2026-03-29 07:37:42,649 - INFO - ===== MEMORY-AWARE CPU ACTOR POOL (EQCCT) =====
2026-03-29 07:37:42,651 - INFO - Requested concurrent tasks: 1
2026-03-29 07:37:42,653 - INFO - Available CPUs: 4
2026-03-29 07:37:42,655 - INFO - Available RAM: 7083 MB
2026-03-29 07:37:42,658 - INFO - RAM per model: 2264 MB
2026-03-29 07:37:42,660 - INFO - Max actors by RAM: 3
2026-03-29 07:37:42,663 - INFO - Creating 1 ModelActor(s)
2026-03-29 07:37:42,666 - INFO - Let Ray handle scheduling (taskset already restricts CPU visibility)
2026-03-29 07:37:42,668 - INFO - Creating ModelActor 1/1 (2.21GB RAM each)...
2026-03-29 07:37:47,008 - INFO - ModelActor 1 created successfully.
2026-03-29 07:37:47,012 - INFO - Created 1 CPU actor(s). Task queue will handle concurrency.
2026-03-29 07:37:47,014 - INFO - Starting EQCCTPro parallelized waveform processing...
2026-03-29 07:37:47,017 - INFO - 
2026-03-29 07:37:47,019 - INFO - ------- Analyzing Seismic Waveforms for P and S Picks via EQCCT -------
2026-03-29 07:37:47,024 - INFO - Analyzing 0:01:00 minute timechunk from 2025-01-23 12:09:05 to 2025-01-23 12:10:05 (0 min overlap)
2026-03-29 07:37:47,026 - INFO - Processing a total of 1 stations, 1 at a time.
2026-03-29 07:37:51,570 - INFO - (1/1) VRF: Finished the prediction in 2.46s. (HP=1.0, LP=45.0)
2026-03-29 07:37:51,572 - INFO - 
2026-03-29 07:37:51,575 - INFO - ------- Parallel Station Waveform Processing Complete For 2025-01-23 12:09:05 to 2025-01-23 12:10:05 Timechunk-------
2026-03-29 07:37:51,577 - INFO - Picks saved at /home/blackwinter/projects/eqcct/eqcctpro/results/csv/eqcct_explosions_th0_1/20250123T120905Z_20250123T121005ZProcess Runtime: 4.56 s
2026-03-29 07:37:51,582 - INFO - Successfully ran EQCCTPro, exiting...
2026-03-29 07:37:53,429 - INFO - Ray Successfully Shutdown.
2026-03-29 07:37:53,430 - INFO - ------- Successfully Picked All Waveform(s) from all Timechunk(s) -------
