2026-03-29 11:15:15,931 - INFO - 
2026-03-29 11:15:15,931 - INFO - ------- Welcome to EQCCTPro -------
2026-03-29 11:15:15,931 - INFO - 
2026-03-29 11:15:15,932 - INFO - Running EQCCT over Requested MSeed Files using CPU(s)...
2026-03-29 11:15:15,932 - INFO - GPU disabled (CPU-only).
2026-03-29 11:15:15,933 - INFO - Configured Intra-op threads = 1
2026-03-29 11:15:15,933 - INFO - Configured Inter-op threads = 1
2026-03-29 11:15:15,933 - INFO - TensorFlow: No GPUs visible; TF will proceed on CPU.
2026-03-29 11:15:15,933 - INFO - 
2026-03-29 11:15:21,696 - INFO - Ray Successfully Initialized with 4 CPU(s) ([0, 1, 2, 3] CPU Affinity Binding).
2026-03-29 11:15:21,696 - INFO - Analyzing 1 time chunk(s) from 2025-01-04 14:28:24 to 2025-01-04 14:29:24 (dt=1min, overlap=0min).
2026-03-29 11:15:21,696 - INFO - Using 1 selected station(s).
2026-03-29 11:15:21,696 - INFO - 
2026-03-29 11:15:21,697 - INFO - ------- Starting EQCCTPro... -------
2026-03-29 11:15:21,697 - INFO - Detailed subprocess information can be found in the log file.
2026-03-29 11:15:21,697 - INFO - 
2026-03-29 11:15:22,107 - INFO - GPU disabled (CPU-only).
2026-03-29 11:15:23,735 - INFO - Configured Intra-op threads = 1
2026-03-29 11:15:23,737 - INFO - Configured Inter-op threads = 1
2026-03-29 11:15:23,780 - INFO - TensorFlow: No GPUs visible; TF will proceed on CPU.
2026-03-29 11:15:23,782 - INFO - 
2026-03-29 11:15:23,785 - INFO - ------- Hardware Configuration -------
2026-03-29 11:15:23,787 - INFO - CPU affinity set to cores: [0, 1, 2, 3]
2026-03-29 11:15:23,790 - INFO - 
2026-03-29 11:15:23,793 - INFO - ------- Data Preprocessing for EQCCTPro -------
2026-03-29 11:15:23,795 - INFO - 1 station(s) in /home/blackwinter/projects/eqcct/eqcctpro/data/waveforms_noise_only/20250104T142824Z_20250104T142924Z
2026-03-29 11:15:23,798 - INFO - Using 1 selected station(s): ['RAF'].
2026-03-29 11:15:23,800 - INFO - Creating model actor(s)...
2026-03-29 11:15:23,803 - INFO - System RAM: Total=7870 MB, Available=5050 MB
2026-03-29 11:15:23,805 - INFO - Usable RAM budget: 7083 MB (90% of total)
2026-03-29 11:15:23,808 - INFO - ===== MEMORY-AWARE CPU ACTOR POOL (EQCCT) =====
2026-03-29 11:15:23,810 - INFO - Requested concurrent tasks: 1
2026-03-29 11:15:23,813 - INFO - Available CPUs: 4
2026-03-29 11:15:23,815 - INFO - Available RAM: 7083 MB
2026-03-29 11:15:23,817 - INFO - RAM per model: 2264 MB
2026-03-29 11:15:23,820 - INFO - Max actors by RAM: 3
2026-03-29 11:15:23,822 - INFO - Creating 1 ModelActor(s)
2026-03-29 11:15:23,824 - INFO - Let Ray handle scheduling (taskset already restricts CPU visibility)
2026-03-29 11:15:23,827 - INFO - Creating ModelActor 1/1 (2.21GB RAM each)...
2026-03-29 11:15:28,049 - INFO - ModelActor 1 created successfully.
2026-03-29 11:15:28,052 - INFO - Created 1 CPU actor(s). Task queue will handle concurrency.
2026-03-29 11:15:28,054 - INFO - Starting EQCCTPro parallelized waveform processing...
2026-03-29 11:15:28,056 - INFO - 
2026-03-29 11:15:28,058 - INFO - ------- Analyzing Seismic Waveforms for P and S Picks via EQCCT -------
2026-03-29 11:15:28,061 - INFO - Analyzing 0:01:00 minute timechunk from 2025-01-04 14:28:24 to 2025-01-04 14:29:24 (0 min overlap)
2026-03-29 11:15:28,063 - INFO - Processing a total of 1 stations, 1 at a time.
2026-03-29 11:15:32,399 - INFO - (1/1) RAF: Finished the prediction in 2.35s. (HP=1.0, LP=45.0)
2026-03-29 11:15:32,401 - INFO - 
2026-03-29 11:15:32,404 - INFO - ------- Parallel Station Waveform Processing Complete For 2025-01-04 14:28:24 to 2025-01-04 14:29:24 Timechunk-------
2026-03-29 11:15:32,406 - INFO - Picks saved at /home/blackwinter/projects/eqcct/eqcctpro/results/csv/eqcct_noise_th0_1/20250104T142824Z_20250104T142924ZProcess Runtime: 4.35 s
2026-03-29 11:15:32,410 - INFO - Successfully ran EQCCTPro, exiting...
2026-03-29 11:15:33,740 - INFO - Ray Successfully Shutdown.
2026-03-29 11:15:33,740 - INFO - ------- Successfully Picked All Waveform(s) from all Timechunk(s) -------
