2026-02-27 11:16:17,540 - INFO - 
2026-02-27 11:16:17,540 - INFO - ------- Welcome to EQCCTPro -------
2026-02-27 11:16:17,541 - INFO - 
2026-02-27 11:16:17,541 - INFO - Running EQCCT over Requested MSeed Files using CPU(s)...
2026-02-27 11:16:17,541 - INFO - GPU disabled (CPU-only).
2026-02-27 11:16:17,542 - INFO - Configured Intra-op threads = 1
2026-02-27 11:16:17,542 - INFO - Configured Inter-op threads = 1
2026-02-27 11:16:17,542 - INFO - TensorFlow: No GPUs visible; TF will proceed on CPU.
2026-02-27 11:16:17,542 - INFO - 
2026-02-27 11:16:23,047 - INFO - Ray Successfully Initialized with 4 CPU(s) ([0, 1, 2, 3] CPU Affinity Binding).
2026-02-27 11:16:23,047 - INFO - Analyzing 1 time chunk(s) from 2025-01-21 20:10:43 to 2025-01-21 20:11:43 (dt=1min, overlap=0min).
2026-02-27 11:16:23,048 - INFO - Using 1 selected station(s).
2026-02-27 11:16:23,048 - INFO - 
2026-02-27 11:16:23,048 - INFO - ------- Starting EQCCTPro... -------
2026-02-27 11:16:23,048 - INFO - Detailed subprocess information can be found in the log file.
2026-02-27 11:16:23,048 - INFO - 
2026-02-27 11:16:23,403 - INFO - GPU disabled (CPU-only).
2026-02-27 11:16:24,878 - INFO - Configured Intra-op threads = 1
2026-02-27 11:16:24,881 - INFO - Configured Inter-op threads = 1
2026-02-27 11:16:24,923 - INFO - TensorFlow: No GPUs visible; TF will proceed on CPU.
2026-02-27 11:16:24,925 - INFO - 
2026-02-27 11:16:24,927 - INFO - ------- Hardware Configuration -------
2026-02-27 11:16:24,930 - INFO - CPU affinity set to cores: [0, 1, 2, 3]
2026-02-27 11:16:24,932 - INFO - 
2026-02-27 11:16:24,934 - INFO - ------- Data Preprocessing for EQCCTPro -------
2026-02-27 11:16:24,936 - INFO - 1 station(s) in /home/blackwinter/projects/eqcct/eqcctpro/data/waveforms_explosions_nonoise/20250121T201043Z_20250121T201143Z
2026-02-27 11:16:24,938 - INFO - Using 1 selected station(s): ['VRF'].
2026-02-27 11:16:24,940 - INFO - Creating model actor(s)...
2026-02-27 11:16:24,942 - INFO - System RAM: Total=7870 MB, Available=2448 MB
2026-02-27 11:16:24,944 - INFO - Usable RAM budget: 7083 MB (90% of total)
2026-02-27 11:16:24,947 - INFO - ===== MEMORY-AWARE CPU ACTOR POOL (EQCCT) =====
2026-02-27 11:16:24,949 - INFO - Requested concurrent tasks: 1
2026-02-27 11:16:24,951 - INFO - Available CPUs: 4
2026-02-27 11:16:24,953 - INFO - Available RAM: 7083 MB
2026-02-27 11:16:24,955 - INFO - RAM per model: 2264 MB
2026-02-27 11:16:24,957 - INFO - Max actors by RAM: 3
2026-02-27 11:16:24,959 - INFO - Creating 1 ModelActor(s)
2026-02-27 11:16:24,960 - INFO - Let Ray handle scheduling (taskset already restricts CPU visibility)
2026-02-27 11:16:24,962 - INFO - Creating ModelActor 1/1 (2.21GB RAM each)...
2026-02-27 11:16:28,940 - INFO - ModelActor 1 created successfully.
2026-02-27 11:16:28,942 - INFO - Created 1 CPU actor(s). Task queue will handle concurrency.
2026-02-27 11:16:28,944 - INFO - Starting EQCCTPro parallelized waveform processing...
2026-02-27 11:16:28,946 - INFO - 
2026-02-27 11:16:28,948 - INFO - ------- Analyzing Seismic Waveforms for P and S Picks via EQCCT -------
2026-02-27 11:16:28,950 - INFO - Analyzing 0:01:00 minute timechunk from 2025-01-21 20:10:43 to 2025-01-21 20:11:43 (0 min overlap)
2026-02-27 11:16:28,952 - INFO - Processing a total of 1 stations, 1 at a time.
2026-02-27 11:16:33,074 - INFO - (1/1) VRF: Finished the prediction in 2.13s. (HP=1.0, LP=45.0)
2026-02-27 11:16:33,076 - INFO - 
2026-02-27 11:16:33,078 - INFO - ------- Parallel Station Waveform Processing Complete For 2025-01-21 20:10:43 to 2025-01-21 20:11:43 Timechunk-------
2026-02-27 11:16:33,081 - INFO - Picks saved at /home/blackwinter/projects/eqcct/eqcctpro/results/csv/bm_explosions/20250121T201043Z_20250121T201143ZProcess Runtime: 4.13 s
2026-02-27 11:16:33,085 - INFO - Successfully ran EQCCTPro, exiting...
2026-02-27 11:16:34,694 - INFO - Ray Successfully Shutdown.
2026-02-27 11:16:34,695 - INFO - ------- Successfully Picked All Waveform(s) from all Timechunk(s) -------
