2026-03-10 17:54:57,788 - INFO - 
2026-03-10 17:54:57,788 - INFO - ------- Welcome to EQCCTPro -------
2026-03-10 17:54:57,789 - INFO - 
2026-03-10 17:54:57,789 - INFO - Running EQCCT over Requested MSeed Files using CPU(s)...
2026-03-10 17:54:57,789 - INFO - GPU disabled (CPU-only).
2026-03-10 17:54:57,789 - INFO - Configured Intra-op threads = 1
2026-03-10 17:54:57,790 - INFO - Configured Inter-op threads = 1
2026-03-10 17:54:57,790 - INFO - TensorFlow: No GPUs visible; TF will proceed on CPU.
2026-03-10 17:54:57,790 - INFO - 
2026-03-10 17:55:03,149 - INFO - Ray Successfully Initialized with 4 CPU(s) ([0, 1, 2, 3] CPU Affinity Binding).
2026-03-10 17:55:03,150 - INFO - Analyzing 1 time chunk(s) from 2025-01-02 19:14:13 to 2025-01-02 19:15:13 (dt=1min, overlap=0min).
2026-03-10 17:55:03,150 - INFO - Using 1 selected station(s).
2026-03-10 17:55:03,150 - INFO - 
2026-03-10 17:55:03,150 - INFO - ------- Starting EQCCTPro... -------
2026-03-10 17:55:03,150 - INFO - Detailed subprocess information can be found in the log file.
2026-03-10 17:55:03,150 - INFO - 
2026-03-10 17:55:03,530 - INFO - GPU disabled (CPU-only).
2026-03-10 17:55:05,086 - INFO - Configured Intra-op threads = 1
2026-03-10 17:55:05,089 - INFO - Configured Inter-op threads = 1
2026-03-10 17:55:05,132 - INFO - TensorFlow: No GPUs visible; TF will proceed on CPU.
2026-03-10 17:55:05,134 - INFO - 
2026-03-10 17:55:05,136 - INFO - ------- Hardware Configuration -------
2026-03-10 17:55:05,139 - INFO - CPU affinity set to cores: [0, 1, 2, 3]
2026-03-10 17:55:05,141 - INFO - 
2026-03-10 17:55:05,144 - INFO - ------- Data Preprocessing for EQCCTPro -------
2026-03-10 17:55:05,146 - INFO - 1 station(s) in /home/blackwinter/projects/eqcct/eqcctpro/data/waveforms_noise_only/20250102T191413Z_20250102T191513Z
2026-03-10 17:55:05,147 - INFO - Using 1 selected station(s): ['VUOS'].
2026-03-10 17:55:05,150 - INFO - Creating model actor(s)...
2026-03-10 17:55:05,151 - INFO - System RAM: Total=7870 MB, Available=4221 MB
2026-03-10 17:55:05,153 - INFO - Usable RAM budget: 7083 MB (90% of total)
2026-03-10 17:55:05,155 - INFO - ===== MEMORY-AWARE CPU ACTOR POOL (EQCCT) =====
2026-03-10 17:55:05,157 - INFO - Requested concurrent tasks: 1
2026-03-10 17:55:05,159 - INFO - Available CPUs: 4
2026-03-10 17:55:05,161 - INFO - Available RAM: 7083 MB
2026-03-10 17:55:05,163 - INFO - RAM per model: 2264 MB
2026-03-10 17:55:05,165 - INFO - Max actors by RAM: 3
2026-03-10 17:55:05,167 - INFO - Creating 1 ModelActor(s)
2026-03-10 17:55:05,169 - INFO - Let Ray handle scheduling (taskset already restricts CPU visibility)
2026-03-10 17:55:05,171 - INFO - Creating ModelActor 1/1 (2.21GB RAM each)...
2026-03-10 17:55:09,109 - INFO - ModelActor 1 created successfully.
2026-03-10 17:55:09,111 - INFO - Created 1 CPU actor(s). Task queue will handle concurrency.
2026-03-10 17:55:09,113 - INFO - Starting EQCCTPro parallelized waveform processing...
2026-03-10 17:55:09,115 - INFO - 
2026-03-10 17:55:09,117 - INFO - ------- Analyzing Seismic Waveforms for P and S Picks via EQCCT -------
2026-03-10 17:55:09,119 - INFO - Analyzing 0:01:00 minute timechunk from 2025-01-02 19:14:13 to 2025-01-02 19:15:13 (0 min overlap)
2026-03-10 17:55:09,121 - INFO - Processing a total of 1 stations, 1 at a time.
2026-03-10 17:55:13,101 - INFO - (1/1) VUOS: Finished the prediction in 2.11s. (HP=1.0, LP=45.0)
2026-03-10 17:55:13,104 - INFO - 
2026-03-10 17:55:13,106 - INFO - ------- Parallel Station Waveform Processing Complete For 2025-01-02 19:14:13 to 2025-01-02 19:15:13 Timechunk-------
2026-03-10 17:55:13,107 - INFO - Picks saved at /home/blackwinter/projects/eqcct/eqcctpro/results/csv/bm_noise_only/20250102T191413Z_20250102T191513ZProcess Runtime: 3.99 s
2026-03-10 17:55:13,112 - INFO - Successfully ran EQCCTPro, exiting...
2026-03-10 17:55:14,607 - INFO - Ray Successfully Shutdown.
2026-03-10 17:55:14,608 - INFO - ------- Successfully Picked All Waveform(s) from all Timechunk(s) -------
2026-03-11 09:22:59,091 - INFO - 
2026-03-11 09:22:59,098 - INFO - ------- Welcome to EQCCTPro -------
2026-03-11 09:22:59,098 - INFO - 
2026-03-11 09:22:59,099 - INFO - Running EQCCT over Requested MSeed Files using CPU(s)...
2026-03-11 09:22:59,099 - INFO - GPU disabled (CPU-only).
2026-03-11 09:22:59,100 - INFO - Configured Intra-op threads = 1
2026-03-11 09:22:59,100 - INFO - Configured Inter-op threads = 1
2026-03-11 09:22:59,100 - INFO - TensorFlow: No GPUs visible; TF will proceed on CPU.
2026-03-11 09:22:59,100 - INFO - 
2026-03-11 09:23:04,597 - INFO - Ray Successfully Initialized with 4 CPU(s) ([0, 1, 2, 3] CPU Affinity Binding).
2026-03-11 09:23:04,598 - INFO - Analyzing 1 time chunk(s) from 2025-01-02 19:14:13 to 2025-01-02 19:15:13 (dt=1min, overlap=0min).
2026-03-11 09:23:04,598 - INFO - Using 1 selected station(s).
2026-03-11 09:23:04,598 - INFO - 
2026-03-11 09:23:04,598 - INFO - ------- Starting EQCCTPro... -------
2026-03-11 09:23:04,598 - INFO - Detailed subprocess information can be found in the log file.
2026-03-11 09:23:04,599 - INFO - 
2026-03-11 09:23:04,980 - INFO - GPU disabled (CPU-only).
2026-03-11 09:23:06,507 - INFO - Configured Intra-op threads = 1
2026-03-11 09:23:06,510 - INFO - Configured Inter-op threads = 1
2026-03-11 09:23:06,551 - INFO - TensorFlow: No GPUs visible; TF will proceed on CPU.
2026-03-11 09:23:06,554 - INFO - 
2026-03-11 09:23:06,556 - INFO - ------- Hardware Configuration -------
2026-03-11 09:23:06,558 - INFO - CPU affinity set to cores: [0, 1, 2, 3]
2026-03-11 09:23:06,561 - INFO - 
2026-03-11 09:23:06,563 - INFO - ------- Data Preprocessing for EQCCTPro -------
2026-03-11 09:23:06,565 - INFO - 1 station(s) in /home/blackwinter/projects/eqcct/eqcctpro/data/waveforms_noise_only/20250102T191413Z_20250102T191513Z
2026-03-11 09:23:06,567 - INFO - Using 1 selected station(s): ['VUOS'].
2026-03-11 09:23:06,569 - INFO - Creating model actor(s)...
2026-03-11 09:23:06,572 - INFO - System RAM: Total=7870 MB, Available=4884 MB
2026-03-11 09:23:06,574 - INFO - Usable RAM budget: 7083 MB (90% of total)
2026-03-11 09:23:06,576 - INFO - ===== MEMORY-AWARE CPU ACTOR POOL (EQCCT) =====
2026-03-11 09:23:06,579 - INFO - Requested concurrent tasks: 1
2026-03-11 09:23:06,581 - INFO - Available CPUs: 4
2026-03-11 09:23:06,583 - INFO - Available RAM: 7083 MB
2026-03-11 09:23:06,585 - INFO - RAM per model: 2264 MB
2026-03-11 09:23:06,587 - INFO - Max actors by RAM: 3
2026-03-11 09:23:06,588 - INFO - Creating 1 ModelActor(s)
2026-03-11 09:23:06,590 - INFO - Let Ray handle scheduling (taskset already restricts CPU visibility)
2026-03-11 09:23:06,592 - INFO - Creating ModelActor 1/1 (2.21GB RAM each)...
2026-03-11 09:23:10,450 - INFO - ModelActor 1 created successfully.
2026-03-11 09:23:10,452 - INFO - Created 1 CPU actor(s). Task queue will handle concurrency.
2026-03-11 09:23:10,454 - INFO - Starting EQCCTPro parallelized waveform processing...
2026-03-11 09:23:10,456 - INFO - 
2026-03-11 09:23:10,458 - INFO - ------- Analyzing Seismic Waveforms for P and S Picks via EQCCT -------
2026-03-11 09:23:10,460 - INFO - Analyzing 0:01:00 minute timechunk from 2025-01-02 19:14:13 to 2025-01-02 19:15:13 (0 min overlap)
2026-03-11 09:23:10,461 - INFO - Processing a total of 1 stations, 1 at a time.
2026-03-11 09:23:12,314 - INFO - (1/1) VUOS: Skipped (already exists - overwrite=False).
2026-03-11 09:23:12,316 - INFO - 
2026-03-11 09:23:12,318 - INFO - ------- Parallel Station Waveform Processing Complete For 2025-01-02 19:14:13 to 2025-01-02 19:15:13 Timechunk-------
2026-03-11 09:23:12,320 - INFO - Picks saved at /home/blackwinter/projects/eqcct/eqcctpro/results/csv/bm_noise_only/20250102T191413Z_20250102T191513ZProcess Runtime: 1.86 s
2026-03-11 09:23:12,324 - INFO - Successfully ran EQCCTPro, exiting...
2026-03-11 09:23:13,779 - INFO - Ray Successfully Shutdown.
2026-03-11 09:23:13,779 - INFO - ------- Successfully Picked All Waveform(s) from all Timechunk(s) -------
