2026-03-20 00:18:15,243 - INFO - 
2026-03-20 00:18:15,243 - INFO - ------- Welcome to EQCCTPro -------
2026-03-20 00:18:15,243 - INFO - 
2026-03-20 00:18:15,244 - INFO - Running EQCCT over Requested MSeed Files using CPU(s)...
2026-03-20 00:18:15,244 - INFO - GPU disabled (CPU-only).
2026-03-20 00:18:15,244 - INFO - Configured Intra-op threads = 1
2026-03-20 00:18:15,244 - INFO - Configured Inter-op threads = 1
2026-03-20 00:18:15,245 - INFO - TensorFlow: No GPUs visible; TF will proceed on CPU.
2026-03-20 00:18:15,245 - INFO - 
2026-03-20 00:18:20,601 - INFO - Ray Successfully Initialized with 4 CPU(s) ([0, 1, 2, 3] CPU Affinity Binding).
2026-03-20 00:18:20,601 - INFO - Analyzing 1 time chunk(s) from 2025-03-15 02:39:24 to 2025-03-15 02:40:24 (dt=1min, overlap=0min).
2026-03-20 00:18:20,601 - INFO - Using 1 selected station(s).
2026-03-20 00:18:20,601 - INFO - 
2026-03-20 00:18:20,601 - INFO - ------- Starting EQCCTPro... -------
2026-03-20 00:18:20,601 - INFO - Detailed subprocess information can be found in the log file.
2026-03-20 00:18:20,601 - INFO - 
2026-03-20 00:18:20,957 - INFO - GPU disabled (CPU-only).
2026-03-20 00:18:22,356 - INFO - Configured Intra-op threads = 1
2026-03-20 00:18:22,358 - INFO - Configured Inter-op threads = 1
2026-03-20 00:18:22,397 - INFO - TensorFlow: No GPUs visible; TF will proceed on CPU.
2026-03-20 00:18:22,399 - INFO - 
2026-03-20 00:18:22,401 - INFO - ------- Hardware Configuration -------
2026-03-20 00:18:22,403 - INFO - CPU affinity set to cores: [0, 1, 2, 3]
2026-03-20 00:18:22,405 - INFO - 
2026-03-20 00:18:22,407 - INFO - ------- Data Preprocessing for EQCCTPro -------
2026-03-20 00:18:22,409 - INFO - 1 station(s) in /home/blackwinter/projects/eqcct/eqcctpro/data/waveforms_earthquakes_nonoise/20250315T023924Z_20250315T024024Z
2026-03-20 00:18:22,410 - INFO - Using 1 selected station(s): ['KU6'].
2026-03-20 00:18:22,412 - INFO - Creating model actor(s)...
2026-03-20 00:18:22,414 - INFO - System RAM: Total=7870 MB, Available=2502 MB
2026-03-20 00:18:22,416 - INFO - Usable RAM budget: 7083 MB (90% of total)
2026-03-20 00:18:22,418 - INFO - ===== MEMORY-AWARE CPU ACTOR POOL (EQCCT) =====
2026-03-20 00:18:22,419 - INFO - Requested concurrent tasks: 1
2026-03-20 00:18:22,421 - INFO - Available CPUs: 4
2026-03-20 00:18:22,423 - INFO - Available RAM: 7083 MB
2026-03-20 00:18:22,424 - INFO - RAM per model: 2264 MB
2026-03-20 00:18:22,426 - INFO - Max actors by RAM: 3
2026-03-20 00:18:22,428 - INFO - Creating 1 ModelActor(s)
2026-03-20 00:18:22,430 - INFO - Let Ray handle scheduling (taskset already restricts CPU visibility)
2026-03-20 00:18:22,432 - INFO - Creating ModelActor 1/1 (2.21GB RAM each)...
2026-03-20 00:18:26,490 - INFO - ModelActor 1 created successfully.
2026-03-20 00:18:26,495 - INFO - Created 1 CPU actor(s). Task queue will handle concurrency.
2026-03-20 00:18:26,497 - INFO - Starting EQCCTPro parallelized waveform processing...
2026-03-20 00:18:26,498 - INFO - 
2026-03-20 00:18:26,500 - INFO - ------- Analyzing Seismic Waveforms for P and S Picks via EQCCT -------
2026-03-20 00:18:26,504 - INFO - Analyzing 0:01:00 minute timechunk from 2025-03-15 02:39:24 to 2025-03-15 02:40:24 (0 min overlap)
2026-03-20 00:18:26,506 - INFO - Processing a total of 1 stations, 1 at a time.
2026-03-20 00:18:30,552 - INFO - (1/1) KU6: Finished the prediction in 2.14s. (HP=1.0, LP=45.0)
2026-03-20 00:18:30,554 - INFO - 
2026-03-20 00:18:30,556 - INFO - ------- Parallel Station Waveform Processing Complete For 2025-03-15 02:39:24 to 2025-03-15 02:40:24 Timechunk-------
2026-03-20 00:18:30,559 - INFO - Picks saved at /home/blackwinter/projects/eqcct/eqcctpro/results/csv/eqcct_earthquakes_th0_1/20250315T023924Z_20250315T024024ZProcess Runtime: 4.06 s
2026-03-20 00:18:30,564 - INFO - Successfully ran EQCCTPro, exiting...
2026-03-20 00:18:32,084 - INFO - Ray Successfully Shutdown.
2026-03-20 00:18:32,084 - INFO - ------- Successfully Picked All Waveform(s) from all Timechunk(s) -------
