2026-03-10 20:41:55,993 - INFO - 
2026-03-10 20:41:55,993 - INFO - ------- Welcome to EQCCTPro -------
2026-03-10 20:41:55,993 - INFO - 
2026-03-10 20:41:55,994 - INFO - Running EQCCT over Requested MSeed Files using CPU(s)...
2026-03-10 20:41:55,994 - INFO - GPU disabled (CPU-only).
2026-03-10 20:41:55,994 - INFO - Configured Intra-op threads = 1
2026-03-10 20:41:55,994 - INFO - Configured Inter-op threads = 1
2026-03-10 20:41:55,994 - INFO - TensorFlow: No GPUs visible; TF will proceed on CPU.
2026-03-10 20:41:55,994 - INFO - 
2026-03-10 20:42:01,326 - INFO - Ray Successfully Initialized with 4 CPU(s) ([0, 1, 2, 3] CPU Affinity Binding).
2026-03-10 20:42:01,327 - INFO - Analyzing 1 time chunk(s) from 2025-01-06 01:32:47 to 2025-01-06 01:33:47 (dt=1min, overlap=0min).
2026-03-10 20:42:01,327 - INFO - Using 1 selected station(s).
2026-03-10 20:42:01,327 - INFO - 
2026-03-10 20:42:01,328 - INFO - ------- Starting EQCCTPro... -------
2026-03-10 20:42:01,328 - INFO - Detailed subprocess information can be found in the log file.
2026-03-10 20:42:01,328 - INFO - 
2026-03-10 20:42:01,711 - INFO - GPU disabled (CPU-only).
2026-03-10 20:42:03,190 - INFO - Configured Intra-op threads = 1
2026-03-10 20:42:03,192 - INFO - Configured Inter-op threads = 1
2026-03-10 20:42:03,235 - INFO - TensorFlow: No GPUs visible; TF will proceed on CPU.
2026-03-10 20:42:03,238 - INFO - 
2026-03-10 20:42:03,240 - INFO - ------- Hardware Configuration -------
2026-03-10 20:42:03,243 - INFO - CPU affinity set to cores: [0, 1, 2, 3]
2026-03-10 20:42:03,245 - INFO - 
2026-03-10 20:42:03,247 - INFO - ------- Data Preprocessing for EQCCTPro -------
2026-03-10 20:42:03,249 - INFO - 1 station(s) in /home/blackwinter/projects/eqcct/eqcctpro/data/waveforms_noise_only/20250106T013247Z_20250106T013347Z
2026-03-10 20:42:03,251 - INFO - Using 1 selected station(s): ['TRE03'].
2026-03-10 20:42:03,254 - INFO - Creating model actor(s)...
2026-03-10 20:42:03,256 - INFO - System RAM: Total=7870 MB, Available=3216 MB
2026-03-10 20:42:03,258 - INFO - Usable RAM budget: 7083 MB (90% of total)
2026-03-10 20:42:03,260 - INFO - ===== MEMORY-AWARE CPU ACTOR POOL (EQCCT) =====
2026-03-10 20:42:03,262 - INFO - Requested concurrent tasks: 1
2026-03-10 20:42:03,265 - INFO - Available CPUs: 4
2026-03-10 20:42:03,267 - INFO - Available RAM: 7083 MB
2026-03-10 20:42:03,269 - INFO - RAM per model: 2264 MB
2026-03-10 20:42:03,271 - INFO - Max actors by RAM: 3
2026-03-10 20:42:03,273 - INFO - Creating 1 ModelActor(s)
2026-03-10 20:42:03,275 - INFO - Let Ray handle scheduling (taskset already restricts CPU visibility)
2026-03-10 20:42:03,278 - INFO - Creating ModelActor 1/1 (2.21GB RAM each)...
2026-03-10 20:42:07,165 - INFO - ModelActor 1 created successfully.
2026-03-10 20:42:07,168 - INFO - Created 1 CPU actor(s). Task queue will handle concurrency.
2026-03-10 20:42:07,170 - INFO - Starting EQCCTPro parallelized waveform processing...
2026-03-10 20:42:07,172 - INFO - 
2026-03-10 20:42:07,175 - INFO - ------- Analyzing Seismic Waveforms for P and S Picks via EQCCT -------
2026-03-10 20:42:07,178 - INFO - Analyzing 0:01:00 minute timechunk from 2025-01-06 01:32:47 to 2025-01-06 01:33:47 (0 min overlap)
2026-03-10 20:42:07,179 - INFO - Processing a total of 1 stations, 1 at a time.
2026-03-10 20:42:11,212 - INFO - (1/1) TRE03: Finished the prediction in 2.15s. (HP=1.0, LP=45.0)
2026-03-10 20:42:11,214 - INFO - 
2026-03-10 20:42:11,216 - INFO - ------- Parallel Station Waveform Processing Complete For 2025-01-06 01:32:47 to 2025-01-06 01:33:47 Timechunk-------
2026-03-10 20:42:11,222 - INFO - Successfully ran EQCCTPro, exiting...
2026-03-10 20:42:11,218 - INFO - Picks saved at /home/blackwinter/projects/eqcct/eqcctpro/results/csv/bm_noise_only/20250106T013247Z_20250106T013347ZProcess Runtime: 4.04 s
2026-03-10 20:42:12,722 - INFO - Ray Successfully Shutdown.
2026-03-10 20:42:12,722 - INFO - ------- Successfully Picked All Waveform(s) from all Timechunk(s) -------
2026-03-11 11:45:04,391 - INFO - 
2026-03-11 11:45:04,391 - INFO - ------- Welcome to EQCCTPro -------
2026-03-11 11:45:04,391 - INFO - 
2026-03-11 11:45:04,392 - INFO - Running EQCCT over Requested MSeed Files using CPU(s)...
2026-03-11 11:45:04,392 - INFO - GPU disabled (CPU-only).
2026-03-11 11:45:04,392 - INFO - Configured Intra-op threads = 1
2026-03-11 11:45:04,393 - INFO - Configured Inter-op threads = 1
2026-03-11 11:45:04,393 - INFO - TensorFlow: No GPUs visible; TF will proceed on CPU.
2026-03-11 11:45:04,393 - INFO - 
2026-03-11 11:45:09,962 - INFO - Ray Successfully Initialized with 4 CPU(s) ([0, 1, 2, 3] CPU Affinity Binding).
2026-03-11 11:45:09,962 - INFO - Analyzing 1 time chunk(s) from 2025-01-06 01:32:47 to 2025-01-06 01:33:47 (dt=1min, overlap=0min).
2026-03-11 11:45:09,962 - INFO - Using 1 selected station(s).
2026-03-11 11:45:09,962 - INFO - 
2026-03-11 11:45:09,962 - INFO - ------- Starting EQCCTPro... -------
2026-03-11 11:45:09,962 - INFO - Detailed subprocess information can be found in the log file.
2026-03-11 11:45:09,962 - INFO - 
2026-03-11 11:45:10,347 - INFO - GPU disabled (CPU-only).
2026-03-11 11:45:11,921 - INFO - Configured Intra-op threads = 1
2026-03-11 11:45:11,924 - INFO - Configured Inter-op threads = 1
2026-03-11 11:45:11,967 - INFO - TensorFlow: No GPUs visible; TF will proceed on CPU.
2026-03-11 11:45:11,969 - INFO - 
2026-03-11 11:45:11,971 - INFO - ------- Hardware Configuration -------
2026-03-11 11:45:11,973 - INFO - CPU affinity set to cores: [0, 1, 2, 3]
2026-03-11 11:45:11,975 - INFO - 
2026-03-11 11:45:11,977 - INFO - ------- Data Preprocessing for EQCCTPro -------
2026-03-11 11:45:11,979 - INFO - 1 station(s) in /home/blackwinter/projects/eqcct/eqcctpro/data/waveforms_noise_only/20250106T013247Z_20250106T013347Z
2026-03-11 11:45:11,981 - INFO - Using 1 selected station(s): ['TRE03'].
2026-03-11 11:45:11,983 - INFO - Creating model actor(s)...
2026-03-11 11:45:11,985 - INFO - System RAM: Total=7870 MB, Available=3939 MB
2026-03-11 11:45:11,988 - INFO - Usable RAM budget: 7083 MB (90% of total)
2026-03-11 11:45:11,990 - INFO - ===== MEMORY-AWARE CPU ACTOR POOL (EQCCT) =====
2026-03-11 11:45:11,992 - INFO - Requested concurrent tasks: 1
2026-03-11 11:45:11,994 - INFO - Available CPUs: 4
2026-03-11 11:45:11,996 - INFO - Available RAM: 7083 MB
2026-03-11 11:45:11,997 - INFO - RAM per model: 2264 MB
2026-03-11 11:45:11,999 - INFO - Max actors by RAM: 3
2026-03-11 11:45:12,001 - INFO - Creating 1 ModelActor(s)
2026-03-11 11:45:12,003 - INFO - Let Ray handle scheduling (taskset already restricts CPU visibility)
2026-03-11 11:45:12,005 - INFO - Creating ModelActor 1/1 (2.21GB RAM each)...
2026-03-11 11:45:15,911 - INFO - ModelActor 1 created successfully.
2026-03-11 11:45:15,914 - INFO - Created 1 CPU actor(s). Task queue will handle concurrency.
2026-03-11 11:45:15,916 - INFO - Starting EQCCTPro parallelized waveform processing...
2026-03-11 11:45:15,918 - INFO - 
2026-03-11 11:45:15,920 - INFO - ------- Analyzing Seismic Waveforms for P and S Picks via EQCCT -------
2026-03-11 11:45:15,923 - INFO - Analyzing 0:01:00 minute timechunk from 2025-01-06 01:32:47 to 2025-01-06 01:33:47 (0 min overlap)
2026-03-11 11:45:15,924 - INFO - Processing a total of 1 stations, 1 at a time.
2026-03-11 11:45:17,860 - INFO - (1/1) TRE03: Skipped (already exists - overwrite=False).
2026-03-11 11:45:17,862 - INFO - 
2026-03-11 11:45:17,864 - INFO - ------- Parallel Station Waveform Processing Complete For 2025-01-06 01:32:47 to 2025-01-06 01:33:47 Timechunk-------
2026-03-11 11:45:17,867 - INFO - Picks saved at /home/blackwinter/projects/eqcct/eqcctpro/results/csv/bm_noise_only/20250106T013247Z_20250106T013347ZProcess Runtime: 1.95 s
2026-03-11 11:45:17,870 - INFO - Successfully ran EQCCTPro, exiting...
2026-03-11 11:45:19,516 - INFO - Ray Successfully Shutdown.
2026-03-11 11:45:19,517 - INFO - ------- Successfully Picked All Waveform(s) from all Timechunk(s) -------
