2026-03-20 04:11:50,361 - INFO - 
2026-03-20 04:11:50,361 - INFO - ------- Welcome to EQCCTPro -------
2026-03-20 04:11:50,362 - INFO - 
2026-03-20 04:11:50,362 - INFO - Running EQCCT over Requested MSeed Files using CPU(s)...
2026-03-20 04:11:50,362 - INFO - GPU disabled (CPU-only).
2026-03-20 04:11:50,363 - INFO - Configured Intra-op threads = 1
2026-03-20 04:11:50,363 - INFO - Configured Inter-op threads = 1
2026-03-20 04:11:50,363 - INFO - TensorFlow: No GPUs visible; TF will proceed on CPU.
2026-03-20 04:11:50,363 - INFO - 
2026-03-20 04:11:55,632 - INFO - Ray Successfully Initialized with 4 CPU(s) ([0, 1, 2, 3] CPU Affinity Binding).
2026-03-20 04:11:55,633 - INFO - Analyzing 1 time chunk(s) from 2025-08-17 03:15:20 to 2025-08-17 03:16:20 (dt=1min, overlap=0min).
2026-03-20 04:11:55,633 - INFO - Using 1 selected station(s).
2026-03-20 04:11:55,633 - INFO - 
2026-03-20 04:11:55,634 - INFO - ------- Starting EQCCTPro... -------
2026-03-20 04:11:55,634 - INFO - Detailed subprocess information can be found in the log file.
2026-03-20 04:11:55,634 - INFO - 
2026-03-20 04:11:56,021 - INFO - GPU disabled (CPU-only).
2026-03-20 04:11:57,505 - INFO - Configured Intra-op threads = 1
2026-03-20 04:11:57,507 - INFO - Configured Inter-op threads = 1
2026-03-20 04:11:57,549 - INFO - TensorFlow: No GPUs visible; TF will proceed on CPU.
2026-03-20 04:11:57,552 - INFO - 
2026-03-20 04:11:57,554 - INFO - ------- Hardware Configuration -------
2026-03-20 04:11:57,557 - INFO - CPU affinity set to cores: [0, 1, 2, 3]
2026-03-20 04:11:57,558 - INFO - 
2026-03-20 04:11:57,561 - INFO - ------- Data Preprocessing for EQCCTPro -------
2026-03-20 04:11:57,563 - INFO - 1 station(s) in /home/blackwinter/projects/eqcct/eqcctpro/data/waveforms_earthquakes_nonoise/20250817T031520Z_20250817T031620Z
2026-03-20 04:11:57,565 - INFO - Using 1 selected station(s): ['OBF3'].
2026-03-20 04:11:57,567 - INFO - Creating model actor(s)...
2026-03-20 04:11:57,569 - INFO - System RAM: Total=7870 MB, Available=1708 MB
2026-03-20 04:11:57,572 - INFO - Usable RAM budget: 7083 MB (90% of total)
2026-03-20 04:11:57,574 - INFO - ===== MEMORY-AWARE CPU ACTOR POOL (EQCCT) =====
2026-03-20 04:11:57,575 - INFO - Requested concurrent tasks: 1
2026-03-20 04:11:57,577 - INFO - Available CPUs: 4
2026-03-20 04:11:57,579 - INFO - Available RAM: 7083 MB
2026-03-20 04:11:57,581 - INFO - RAM per model: 2264 MB
2026-03-20 04:11:57,582 - INFO - Max actors by RAM: 3
2026-03-20 04:11:57,584 - INFO - Creating 1 ModelActor(s)
2026-03-20 04:11:57,586 - INFO - Let Ray handle scheduling (taskset already restricts CPU visibility)
2026-03-20 04:11:57,588 - INFO - Creating ModelActor 1/1 (2.21GB RAM each)...
2026-03-20 04:12:01,475 - INFO - ModelActor 1 created successfully.
2026-03-20 04:12:01,477 - INFO - Created 1 CPU actor(s). Task queue will handle concurrency.
2026-03-20 04:12:01,480 - INFO - Starting EQCCTPro parallelized waveform processing...
2026-03-20 04:12:01,482 - INFO - 
2026-03-20 04:12:01,483 - INFO - ------- Analyzing Seismic Waveforms for P and S Picks via EQCCT -------
2026-03-20 04:12:01,486 - INFO - Analyzing 0:01:00 minute timechunk from 2025-08-17 03:15:20 to 2025-08-17 03:16:20 (0 min overlap)
2026-03-20 04:12:01,488 - INFO - Processing a total of 1 stations, 1 at a time.
2026-03-20 04:12:05,564 - INFO - (1/1) OBF3: Finished the prediction in 2.16s. (HP=1.0, LP=45.0)
2026-03-20 04:12:05,566 - INFO - 
2026-03-20 04:12:05,569 - INFO - ------- Parallel Station Waveform Processing Complete For 2025-08-17 03:15:20 to 2025-08-17 03:16:20 Timechunk-------
2026-03-20 04:12:05,571 - INFO - Picks saved at /home/blackwinter/projects/eqcct/eqcctpro/results/csv/eqcct_earthquakes_th0_1/20250817T031520Z_20250817T031620ZProcess Runtime: 4.09 s
2026-03-20 04:12:05,576 - INFO - Successfully ran EQCCTPro, exiting...
2026-03-20 04:12:07,213 - INFO - Ray Successfully Shutdown.
2026-03-20 04:12:07,214 - INFO - ------- Successfully Picked All Waveform(s) from all Timechunk(s) -------
