2026-03-19 23:28:53,361 - INFO - 
2026-03-19 23:28:53,362 - INFO - ------- Welcome to EQCCTPro -------
2026-03-19 23:28:53,362 - INFO - 
2026-03-19 23:28:53,363 - INFO - Running EQCCT over Requested MSeed Files using CPU(s)...
2026-03-19 23:28:53,363 - INFO - GPU disabled (CPU-only).
2026-03-19 23:28:53,363 - INFO - Configured Intra-op threads = 1
2026-03-19 23:28:53,363 - INFO - Configured Inter-op threads = 1
2026-03-19 23:28:53,363 - INFO - TensorFlow: No GPUs visible; TF will proceed on CPU.
2026-03-19 23:28:53,363 - INFO - 
2026-03-19 23:28:58,807 - INFO - Ray Successfully Initialized with 4 CPU(s) ([0, 1, 2, 3] CPU Affinity Binding).
2026-03-19 23:28:58,807 - INFO - Analyzing 1 time chunk(s) from 2025-01-31 23:13:18 to 2025-01-31 23:14:18 (dt=1min, overlap=0min).
2026-03-19 23:28:58,807 - INFO - Using 1 selected station(s).
2026-03-19 23:28:58,807 - INFO - 
2026-03-19 23:28:58,808 - INFO - ------- Starting EQCCTPro... -------
2026-03-19 23:28:58,808 - INFO - Detailed subprocess information can be found in the log file.
2026-03-19 23:28:58,808 - INFO - 
2026-03-19 23:28:59,174 - INFO - GPU disabled (CPU-only).
2026-03-19 23:29:00,725 - INFO - Configured Intra-op threads = 1
2026-03-19 23:29:00,728 - INFO - Configured Inter-op threads = 1
2026-03-19 23:29:00,773 - INFO - TensorFlow: No GPUs visible; TF will proceed on CPU.
2026-03-19 23:29:00,775 - INFO - 
2026-03-19 23:29:00,777 - INFO - ------- Hardware Configuration -------
2026-03-19 23:29:00,780 - INFO - CPU affinity set to cores: [0, 1, 2, 3]
2026-03-19 23:29:00,782 - INFO - 
2026-03-19 23:29:00,784 - INFO - ------- Data Preprocessing for EQCCTPro -------
2026-03-19 23:29:00,786 - INFO - 1 station(s) in /home/blackwinter/projects/eqcct/eqcctpro/data/waveforms_earthquakes_nonoise/20250131T231318Z_20250131T231418Z
2026-03-19 23:29:00,788 - INFO - Using 1 selected station(s): ['KLF'].
2026-03-19 23:29:00,790 - INFO - Creating model actor(s)...
2026-03-19 23:29:00,792 - INFO - System RAM: Total=7870 MB, Available=2760 MB
2026-03-19 23:29:00,794 - INFO - Usable RAM budget: 7083 MB (90% of total)
2026-03-19 23:29:00,796 - INFO - ===== MEMORY-AWARE CPU ACTOR POOL (EQCCT) =====
2026-03-19 23:29:00,798 - INFO - Requested concurrent tasks: 1
2026-03-19 23:29:00,799 - INFO - Available CPUs: 4
2026-03-19 23:29:00,801 - INFO - Available RAM: 7083 MB
2026-03-19 23:29:00,803 - INFO - RAM per model: 2264 MB
2026-03-19 23:29:00,805 - INFO - Max actors by RAM: 3
2026-03-19 23:29:00,807 - INFO - Creating 1 ModelActor(s)
2026-03-19 23:29:00,809 - INFO - Let Ray handle scheduling (taskset already restricts CPU visibility)
2026-03-19 23:29:00,811 - INFO - Creating ModelActor 1/1 (2.21GB RAM each)...
2026-03-19 23:29:04,767 - INFO - ModelActor 1 created successfully.
2026-03-19 23:29:04,769 - INFO - Created 1 CPU actor(s). Task queue will handle concurrency.
2026-03-19 23:29:04,771 - INFO - Starting EQCCTPro parallelized waveform processing...
2026-03-19 23:29:04,773 - INFO - 
2026-03-19 23:29:04,775 - INFO - ------- Analyzing Seismic Waveforms for P and S Picks via EQCCT -------
2026-03-19 23:29:04,778 - INFO - Analyzing 0:01:00 minute timechunk from 2025-01-31 23:13:18 to 2025-01-31 23:14:18 (0 min overlap)
2026-03-19 23:29:04,780 - INFO - Processing a total of 1 stations, 1 at a time.
2026-03-19 23:29:08,951 - INFO - (1/1) KLF: Finished the prediction in 2.19s. (HP=1.0, LP=45.0)
2026-03-19 23:29:08,953 - INFO - 
2026-03-19 23:29:08,956 - INFO - ------- Parallel Station Waveform Processing Complete For 2025-01-31 23:13:18 to 2025-01-31 23:14:18 Timechunk-------
2026-03-19 23:29:08,958 - INFO - Picks saved at /home/blackwinter/projects/eqcct/eqcctpro/results/csv/eqcct_earthquakes_th0_1/20250131T231318Z_20250131T231418ZProcess Runtime: 4.18 s
2026-03-19 23:29:08,962 - INFO - Successfully ran EQCCTPro, exiting...
2026-03-19 23:29:10,373 - INFO - Ray Successfully Shutdown.
2026-03-19 23:29:10,373 - INFO - ------- Successfully Picked All Waveform(s) from all Timechunk(s) -------
