2026-03-10 22:37:48,970 - INFO - 
2026-03-10 22:37:48,971 - INFO - ------- Welcome to EQCCTPro -------
2026-03-10 22:37:48,971 - INFO - 
2026-03-10 22:37:48,971 - INFO - Running EQCCT over Requested MSeed Files using CPU(s)...
2026-03-10 22:37:48,972 - INFO - GPU disabled (CPU-only).
2026-03-10 22:37:48,972 - INFO - Configured Intra-op threads = 1
2026-03-10 22:37:48,972 - INFO - Configured Inter-op threads = 1
2026-03-10 22:37:48,972 - INFO - TensorFlow: No GPUs visible; TF will proceed on CPU.
2026-03-10 22:37:48,972 - INFO - 
2026-03-10 22:37:54,407 - INFO - Ray Successfully Initialized with 4 CPU(s) ([0, 1, 2, 3] CPU Affinity Binding).
2026-03-10 22:37:54,408 - INFO - Analyzing 1 time chunk(s) from 2025-01-08 03:40:45 to 2025-01-08 03:41:45 (dt=1min, overlap=0min).
2026-03-10 22:37:54,408 - INFO - Using 1 selected station(s).
2026-03-10 22:37:54,408 - INFO - 
2026-03-10 22:37:54,408 - INFO - ------- Starting EQCCTPro... -------
2026-03-10 22:37:54,408 - INFO - Detailed subprocess information can be found in the log file.
2026-03-10 22:37:54,408 - INFO - 
2026-03-10 22:37:54,782 - INFO - GPU disabled (CPU-only).
2026-03-10 22:37:56,320 - INFO - Configured Intra-op threads = 1
2026-03-10 22:37:56,323 - INFO - Configured Inter-op threads = 1
2026-03-10 22:37:56,364 - INFO - TensorFlow: No GPUs visible; TF will proceed on CPU.
2026-03-10 22:37:56,366 - INFO - 
2026-03-10 22:37:56,368 - INFO - ------- Hardware Configuration -------
2026-03-10 22:37:56,370 - INFO - CPU affinity set to cores: [0, 1, 2, 3]
2026-03-10 22:37:56,372 - INFO - 
2026-03-10 22:37:56,374 - INFO - ------- Data Preprocessing for EQCCTPro -------
2026-03-10 22:37:56,376 - INFO - 1 station(s) in /home/blackwinter/projects/eqcct/eqcctpro/data/waveforms_noise_only/20250108T034045Z_20250108T034145Z
2026-03-10 22:37:56,377 - INFO - Using 1 selected station(s): ['OUF'].
2026-03-10 22:37:56,379 - INFO - Creating model actor(s)...
2026-03-10 22:37:56,382 - INFO - System RAM: Total=7870 MB, Available=2781 MB
2026-03-10 22:37:56,384 - INFO - Usable RAM budget: 7083 MB (90% of total)
2026-03-10 22:37:56,386 - INFO - ===== MEMORY-AWARE CPU ACTOR POOL (EQCCT) =====
2026-03-10 22:37:56,389 - INFO - Requested concurrent tasks: 1
2026-03-10 22:37:56,391 - INFO - Available CPUs: 4
2026-03-10 22:37:56,392 - INFO - Available RAM: 7083 MB
2026-03-10 22:37:56,394 - INFO - RAM per model: 2264 MB
2026-03-10 22:37:56,397 - INFO - Max actors by RAM: 3
2026-03-10 22:37:56,399 - INFO - Creating 1 ModelActor(s)
2026-03-10 22:37:56,401 - INFO - Let Ray handle scheduling (taskset already restricts CPU visibility)
2026-03-10 22:37:56,403 - INFO - Creating ModelActor 1/1 (2.21GB RAM each)...
2026-03-10 22:38:00,369 - INFO - ModelActor 1 created successfully.
2026-03-10 22:38:00,371 - INFO - Created 1 CPU actor(s). Task queue will handle concurrency.
2026-03-10 22:38:00,373 - INFO - Starting EQCCTPro parallelized waveform processing...
2026-03-10 22:38:00,375 - INFO - 
2026-03-10 22:38:00,377 - INFO - ------- Analyzing Seismic Waveforms for P and S Picks via EQCCT -------
2026-03-10 22:38:00,380 - INFO - Analyzing 0:01:00 minute timechunk from 2025-01-08 03:40:45 to 2025-01-08 03:41:45 (0 min overlap)
2026-03-10 22:38:00,382 - INFO - Processing a total of 1 stations, 1 at a time.
2026-03-10 22:38:04,445 - INFO - (1/1) OUF: Finished the prediction in 2.13s. (HP=1.0, LP=45.0)
2026-03-10 22:38:04,447 - INFO - 
2026-03-10 22:38:04,449 - INFO - ------- Parallel Station Waveform Processing Complete For 2025-01-08 03:40:45 to 2025-01-08 03:41:45 Timechunk-------
2026-03-10 22:38:04,451 - INFO - Picks saved at /home/blackwinter/projects/eqcct/eqcctpro/results/csv/bm_noise_only/20250108T034045Z_20250108T034145ZProcess Runtime: 4.07 s
2026-03-10 22:38:04,456 - INFO - Successfully ran EQCCTPro, exiting...
2026-03-10 22:38:05,968 - INFO - Ray Successfully Shutdown.
2026-03-10 22:38:05,969 - INFO - ------- Successfully Picked All Waveform(s) from all Timechunk(s) -------
2026-03-11 13:26:43,310 - INFO - 
2026-03-11 13:26:43,311 - INFO - ------- Welcome to EQCCTPro -------
2026-03-11 13:26:43,311 - INFO - 
2026-03-11 13:26:43,311 - INFO - Running EQCCT over Requested MSeed Files using CPU(s)...
2026-03-11 13:26:43,312 - INFO - GPU disabled (CPU-only).
2026-03-11 13:26:43,312 - INFO - Configured Intra-op threads = 1
2026-03-11 13:26:43,312 - INFO - Configured Inter-op threads = 1
2026-03-11 13:26:43,312 - INFO - TensorFlow: No GPUs visible; TF will proceed on CPU.
2026-03-11 13:26:43,312 - INFO - 
2026-03-11 13:26:48,517 - INFO - Ray Successfully Initialized with 4 CPU(s) ([0, 1, 2, 3] CPU Affinity Binding).
2026-03-11 13:26:48,518 - INFO - Analyzing 1 time chunk(s) from 2025-01-08 03:40:45 to 2025-01-08 03:41:45 (dt=1min, overlap=0min).
2026-03-11 13:26:48,518 - INFO - Using 1 selected station(s).
2026-03-11 13:26:48,518 - INFO - 
2026-03-11 13:26:48,518 - INFO - ------- Starting EQCCTPro... -------
2026-03-11 13:26:48,518 - INFO - Detailed subprocess information can be found in the log file.
2026-03-11 13:26:48,518 - INFO - 
2026-03-11 13:26:48,904 - INFO - GPU disabled (CPU-only).
2026-03-11 13:26:50,382 - INFO - Configured Intra-op threads = 1
2026-03-11 13:26:50,384 - INFO - Configured Inter-op threads = 1
2026-03-11 13:26:50,426 - INFO - TensorFlow: No GPUs visible; TF will proceed on CPU.
2026-03-11 13:26:50,428 - INFO - 
2026-03-11 13:26:50,430 - INFO - ------- Hardware Configuration -------
2026-03-11 13:26:50,433 - INFO - CPU affinity set to cores: [0, 1, 2, 3]
2026-03-11 13:26:50,435 - INFO - 
2026-03-11 13:26:50,437 - INFO - ------- Data Preprocessing for EQCCTPro -------
2026-03-11 13:26:50,439 - INFO - 1 station(s) in /home/blackwinter/projects/eqcct/eqcctpro/data/waveforms_noise_only/20250108T034045Z_20250108T034145Z
2026-03-11 13:26:50,440 - INFO - Using 1 selected station(s): ['OUF'].
2026-03-11 13:26:50,442 - INFO - Creating model actor(s)...
2026-03-11 13:26:50,444 - INFO - System RAM: Total=7870 MB, Available=3600 MB
2026-03-11 13:26:50,446 - INFO - Usable RAM budget: 7083 MB (90% of total)
2026-03-11 13:26:50,447 - INFO - ===== MEMORY-AWARE CPU ACTOR POOL (EQCCT) =====
2026-03-11 13:26:50,449 - INFO - Requested concurrent tasks: 1
2026-03-11 13:26:50,451 - INFO - Available CPUs: 4
2026-03-11 13:26:50,453 - INFO - Available RAM: 7083 MB
2026-03-11 13:26:50,456 - INFO - RAM per model: 2264 MB
2026-03-11 13:26:50,458 - INFO - Max actors by RAM: 3
2026-03-11 13:26:50,460 - INFO - Creating 1 ModelActor(s)
2026-03-11 13:26:50,462 - INFO - Let Ray handle scheduling (taskset already restricts CPU visibility)
2026-03-11 13:26:50,464 - INFO - Creating ModelActor 1/1 (2.21GB RAM each)...
2026-03-11 13:26:54,502 - INFO - ModelActor 1 created successfully.
2026-03-11 13:26:54,506 - INFO - Created 1 CPU actor(s). Task queue will handle concurrency.
2026-03-11 13:26:54,508 - INFO - Starting EQCCTPro parallelized waveform processing...
2026-03-11 13:26:54,510 - INFO - 
2026-03-11 13:26:54,512 - INFO - ------- Analyzing Seismic Waveforms for P and S Picks via EQCCT -------
2026-03-11 13:26:54,515 - INFO - Analyzing 0:01:00 minute timechunk from 2025-01-08 03:40:45 to 2025-01-08 03:41:45 (0 min overlap)
2026-03-11 13:26:54,517 - INFO - Processing a total of 1 stations, 1 at a time.
2026-03-11 13:26:56,430 - INFO - (1/1) OUF: Skipped (already exists - overwrite=False).
2026-03-11 13:26:56,432 - INFO - 
2026-03-11 13:26:56,435 - INFO - ------- Parallel Station Waveform Processing Complete For 2025-01-08 03:40:45 to 2025-01-08 03:41:45 Timechunk-------
2026-03-11 13:26:56,437 - INFO - Picks saved at /home/blackwinter/projects/eqcct/eqcctpro/results/csv/bm_noise_only/20250108T034045Z_20250108T034145ZProcess Runtime: 1.92 s
2026-03-11 13:26:56,440 - INFO - Successfully ran EQCCTPro, exiting...
2026-03-11 13:26:57,955 - INFO - Ray Successfully Shutdown.
2026-03-11 13:26:57,955 - INFO - ------- Successfully Picked All Waveform(s) from all Timechunk(s) -------
