2026-02-23 19:23:12,484 - INFO - 
2026-02-23 19:23:12,485 - INFO - ------- Welcome to EQCCTPro -------
2026-02-23 19:23:12,485 - INFO - 
2026-02-23 19:23:12,485 - INFO - Running EQCCT over Requested MSeed Files using CPU(s)...
2026-02-23 19:23:12,486 - INFO - GPU disabled (CPU-only).
2026-02-23 19:23:12,486 - INFO - Configured Intra-op threads = 1
2026-02-23 19:23:12,486 - INFO - Configured Inter-op threads = 1
2026-02-23 19:23:12,486 - INFO - TensorFlow: No GPUs visible; TF will proceed on CPU.
2026-02-23 19:23:12,486 - INFO - 
2026-02-23 19:23:17,959 - INFO - Ray Successfully Initialized with 4 CPU(s) ([0, 1, 2, 3] CPU Affinity Binding).
2026-02-23 19:23:17,959 - INFO - Analyzing 1 time chunk(s) from 2025-02-20 18:10:14 to 2025-02-20 18:11:14 (dt=1min, overlap=0min).
2026-02-23 19:23:17,959 - INFO - Using 1 selected station(s).
2026-02-23 19:23:17,960 - INFO - 
2026-02-23 19:23:17,960 - INFO - ------- Starting EQCCTPro... -------
2026-02-23 19:23:17,960 - INFO - Detailed subprocess information can be found in the log file.
2026-02-23 19:23:17,960 - INFO - 
2026-02-23 19:23:18,326 - INFO - GPU disabled (CPU-only).
2026-02-23 19:23:19,800 - INFO - Configured Intra-op threads = 1
2026-02-23 19:23:19,803 - INFO - Configured Inter-op threads = 1
2026-02-23 19:23:19,844 - INFO - TensorFlow: No GPUs visible; TF will proceed on CPU.
2026-02-23 19:23:19,846 - INFO - 
2026-02-23 19:23:19,849 - INFO - ------- Hardware Configuration -------
2026-02-23 19:23:19,851 - INFO - CPU affinity set to cores: [0, 1, 2, 3]
2026-02-23 19:23:19,853 - INFO - 
2026-02-23 19:23:19,855 - INFO - ------- Data Preprocessing for EQCCTPro -------
2026-02-23 19:23:19,858 - INFO - 1 station(s) in /home/blackwinter/projects/eqcct/eqcctpro/data/waveforms_earthquakes_noise_only/20250220T181014Z_20250220T181114Z
2026-02-23 19:23:19,859 - INFO - Using 1 selected station(s): ['NIF'].
2026-02-23 19:23:19,861 - INFO - Creating model actor(s)...
2026-02-23 19:23:19,863 - INFO - System RAM: Total=7870 MB, Available=3646 MB
2026-02-23 19:23:19,865 - INFO - Usable RAM budget: 7083 MB (90% of total)
2026-02-23 19:23:19,866 - INFO - ===== MEMORY-AWARE CPU ACTOR POOL (EQCCT) =====
2026-02-23 19:23:19,869 - INFO - Requested concurrent tasks: 1
2026-02-23 19:23:19,870 - INFO - Available CPUs: 4
2026-02-23 19:23:19,872 - INFO - Available RAM: 7083 MB
2026-02-23 19:23:19,874 - INFO - RAM per model: 2264 MB
2026-02-23 19:23:19,875 - INFO - Max actors by RAM: 3
2026-02-23 19:23:19,877 - INFO - Creating 1 ModelActor(s)
2026-02-23 19:23:19,879 - INFO - Let Ray handle scheduling (taskset already restricts CPU visibility)
2026-02-23 19:23:19,881 - INFO - Creating ModelActor 1/1 (2.21GB RAM each)...
2026-02-23 19:23:23,739 - INFO - ModelActor 1 created successfully.
2026-02-23 19:23:23,741 - INFO - Created 1 CPU actor(s). Task queue will handle concurrency.
2026-02-23 19:23:23,743 - INFO - Starting EQCCTPro parallelized waveform processing...
2026-02-23 19:23:23,745 - INFO - 
2026-02-23 19:23:23,746 - INFO - ------- Analyzing Seismic Waveforms for P and S Picks via EQCCT -------
2026-02-23 19:23:23,748 - INFO - Analyzing 0:01:00 minute timechunk from 2025-02-20 18:10:14 to 2025-02-20 18:11:14 (0 min overlap)
2026-02-23 19:23:23,750 - INFO - Processing a total of 1 stations, 1 at a time.
2026-02-23 19:23:27,843 - INFO - (1/1) NIF: Finished the prediction in 2.14s. (HP=1.0, LP=45.0)
2026-02-23 19:23:27,845 - INFO - 
2026-02-23 19:23:27,847 - INFO - ------- Parallel Station Waveform Processing Complete For 2025-02-20 18:10:14 to 2025-02-20 18:11:14 Timechunk-------
2026-02-23 19:23:27,854 - INFO - Successfully ran EQCCTPro, exiting...
2026-02-23 19:23:27,849 - INFO - Picks saved at /home/blackwinter/projects/eqcct/eqcctpro/results/csv/bm_eq_noise_only/20250220T181014Z_20250220T181114ZProcess Runtime: 4.10 s
2026-02-23 19:23:29,401 - INFO - Ray Successfully Shutdown.
2026-02-23 19:23:29,402 - INFO - ------- Successfully Picked All Waveform(s) from all Timechunk(s) -------
