2026-03-29 15:58:23,542 - INFO - 
2026-03-29 15:58:23,542 - INFO - ------- Welcome to EQCCTPro -------
2026-03-29 15:58:23,542 - INFO - 
2026-03-29 15:58:23,543 - INFO - Running EQCCT over Requested MSeed Files using CPU(s)...
2026-03-29 15:58:23,543 - INFO - GPU disabled (CPU-only).
2026-03-29 15:58:23,544 - INFO - Configured Intra-op threads = 1
2026-03-29 15:58:23,544 - INFO - Configured Inter-op threads = 1
2026-03-29 15:58:23,544 - INFO - TensorFlow: No GPUs visible; TF will proceed on CPU.
2026-03-29 15:58:23,544 - INFO - 
2026-03-29 15:58:29,383 - INFO - Ray Successfully Initialized with 4 CPU(s) ([0, 1, 2, 3] CPU Affinity Binding).
2026-03-29 15:58:29,384 - INFO - Analyzing 1 time chunk(s) from 2025-01-09 20:34:24 to 2025-01-09 20:35:24 (dt=1min, overlap=0min).
2026-03-29 15:58:29,384 - INFO - Using 1 selected station(s).
2026-03-29 15:58:29,384 - INFO - 
2026-03-29 15:58:29,384 - INFO - ------- Starting EQCCTPro... -------
2026-03-29 15:58:29,384 - INFO - Detailed subprocess information can be found in the log file.
2026-03-29 15:58:29,384 - INFO - 
2026-03-29 15:58:29,786 - INFO - GPU disabled (CPU-only).
2026-03-29 15:58:31,333 - INFO - Configured Intra-op threads = 1
2026-03-29 15:58:31,335 - INFO - Configured Inter-op threads = 1
2026-03-29 15:58:31,380 - INFO - TensorFlow: No GPUs visible; TF will proceed on CPU.
2026-03-29 15:58:31,382 - INFO - 
2026-03-29 15:58:31,385 - INFO - ------- Hardware Configuration -------
2026-03-29 15:58:31,388 - INFO - CPU affinity set to cores: [0, 1, 2, 3]
2026-03-29 15:58:31,390 - INFO - 
2026-03-29 15:58:31,393 - INFO - ------- Data Preprocessing for EQCCTPro -------
2026-03-29 15:58:31,396 - INFO - 1 station(s) in /home/blackwinter/projects/eqcct/eqcctpro/data/waveforms_noise_only/20250109T203424Z_20250109T203524Z
2026-03-29 15:58:31,398 - INFO - Using 1 selected station(s): ['OBF3'].
2026-03-29 15:58:31,401 - INFO - Creating model actor(s)...
2026-03-29 15:58:31,403 - INFO - System RAM: Total=7870 MB, Available=4146 MB
2026-03-29 15:58:31,406 - INFO - Usable RAM budget: 7083 MB (90% of total)
2026-03-29 15:58:31,408 - INFO - ===== MEMORY-AWARE CPU ACTOR POOL (EQCCT) =====
2026-03-29 15:58:31,411 - INFO - Requested concurrent tasks: 1
2026-03-29 15:58:31,413 - INFO - Available CPUs: 4
2026-03-29 15:58:31,416 - INFO - Available RAM: 7083 MB
2026-03-29 15:58:31,419 - INFO - RAM per model: 2264 MB
2026-03-29 15:58:31,421 - INFO - Max actors by RAM: 3
2026-03-29 15:58:31,423 - INFO - Creating 1 ModelActor(s)
2026-03-29 15:58:31,426 - INFO - Let Ray handle scheduling (taskset already restricts CPU visibility)
2026-03-29 15:58:31,429 - INFO - Creating ModelActor 1/1 (2.21GB RAM each)...
2026-03-29 15:58:35,854 - INFO - ModelActor 1 created successfully.
2026-03-29 15:58:35,856 - INFO - Created 1 CPU actor(s). Task queue will handle concurrency.
2026-03-29 15:58:35,859 - INFO - Starting EQCCTPro parallelized waveform processing...
2026-03-29 15:58:35,863 - INFO - 
2026-03-29 15:58:35,866 - INFO - ------- Analyzing Seismic Waveforms for P and S Picks via EQCCT -------
2026-03-29 15:58:35,870 - INFO - Analyzing 0:01:00 minute timechunk from 2025-01-09 20:34:24 to 2025-01-09 20:35:24 (0 min overlap)
2026-03-29 15:58:35,874 - INFO - Processing a total of 1 stations, 1 at a time.
2026-03-29 15:58:40,572 - INFO - (1/1) OBF3: Finished the prediction in 2.49s. (HP=1.0, LP=45.0)
2026-03-29 15:58:40,575 - INFO - 
2026-03-29 15:58:40,578 - INFO - ------- Parallel Station Waveform Processing Complete For 2025-01-09 20:34:24 to 2025-01-09 20:35:24 Timechunk-------
2026-03-29 15:58:40,581 - INFO - Picks saved at /home/blackwinter/projects/eqcct/eqcctpro/results/csv/eqcct_noise_th0_1/20250109T203424Z_20250109T203524ZProcess Runtime: 4.71 s
2026-03-29 15:58:40,586 - INFO - Successfully ran EQCCTPro, exiting...
2026-03-29 15:58:42,045 - INFO - Ray Successfully Shutdown.
2026-03-29 15:58:42,045 - INFO - ------- Successfully Picked All Waveform(s) from all Timechunk(s) -------
