2026-03-28 11:29:17,794 - INFO - 
2026-03-28 11:29:17,794 - INFO - ------- Welcome to EQCCTPro -------
2026-03-28 11:29:17,794 - INFO - 
2026-03-28 11:29:17,795 - INFO - Running EQCCT over Requested MSeed Files using CPU(s)...
2026-03-28 11:29:17,795 - INFO - GPU disabled (CPU-only).
2026-03-28 11:29:17,795 - INFO - Skipping framework-specific initialization in the driver process.
2026-03-28 11:29:19,249 - INFO - Ray Successfully Initialized with 4 CPU(s) ([0, 1, 2, 3] CPU Affinity Binding).
2026-03-28 11:29:19,250 - INFO - Analyzing 1 time chunk(s) from 2025-01-07 18:40:14 to 2025-01-07 18:41:14 (dt=1min, overlap=0min).
2026-03-28 11:29:19,250 - INFO - Using 1 selected station(s).
2026-03-28 11:29:19,250 - INFO - 
2026-03-28 11:29:19,251 - INFO - ------- Starting EQCCTPro... -------
2026-03-28 11:29:19,251 - INFO - Detailed subprocess information can be found in the log file.
2026-03-28 11:29:19,251 - INFO - 
2026-03-28 11:29:19,539 - INFO - GPU disabled (CPU-only).
2026-03-28 11:29:19,544 - INFO - Skipping framework-specific initialization in the driver process.
2026-03-28 11:29:19,546 - INFO - ------- Hardware Configuration -------
2026-03-28 11:29:19,549 - INFO - CPU affinity set to cores: [0, 1, 2, 3]
2026-03-28 11:29:19,552 - INFO - 
2026-03-28 11:29:19,554 - INFO - ------- Data Preprocessing for EQCCTPro -------
2026-03-28 11:29:19,557 - INFO - 1 station(s) in /home/blackwinter/projects/eqcct/eqcctpro/data/waveforms_noise_only/20250107T184014Z_20250107T184114Z
2026-03-28 11:29:19,560 - INFO - Using 1 selected station(s): ['FIB1'].
2026-03-28 11:29:19,562 - INFO - Creating model actor(s)...
2026-03-28 11:29:19,565 - INFO - System RAM: Total=7870 MB, Available=4623 MB
2026-03-28 11:29:19,568 - INFO - Usable RAM budget: 7083 MB (90% of total)
2026-03-28 11:29:19,570 - INFO - ===== MEMORY-AWARE CPU ACTOR POOL =====
2026-03-28 11:29:19,573 - INFO - Requested concurrent tasks: 1
2026-03-28 11:29:19,575 - INFO - Available CPUs: 4
2026-03-28 11:29:19,578 - INFO - Available RAM: 7083 MB
2026-03-28 11:29:19,580 - INFO - RAM per model: 2060 MB
2026-03-28 11:29:19,583 - INFO - Max actors by RAM: 3
2026-03-28 11:29:19,586 - INFO - Creating 1 SeisBenchModelActor(s)
2026-03-28 11:29:19,588 - INFO - Let Ray handle scheduling (taskset already restricts CPU visibility)
2026-03-28 11:29:19,591 - INFO - Creating SeisBenchModelActor 1/1 (2.01GB RAM each)...
2026-03-28 11:29:22,223 - INFO - SeisBenchModelActor 1 created successfully.
2026-03-28 11:29:22,226 - INFO - Created 1 CPU actor(s). Task queue will handle concurrency.
2026-03-28 11:29:22,228 - INFO - Starting EQCCTPro parallelized waveform processing...
2026-03-28 11:29:22,231 - INFO - 
2026-03-28 11:29:22,233 - INFO - ------- Analyzing Seismic Waveforms for P and S Picks via SeisBench (EQTransformer - original_nonconservative) -------
2026-03-28 11:29:22,235 - INFO - Analyzing 0:01:00 minute timechunk from 2025-01-07 18:40:14 to 2025-01-07 18:41:14 (0 min overlap)
2026-03-28 11:29:22,238 - INFO - Processing a total of 1 stations, 1 at a time.
2026-03-28 11:29:24,449 - INFO - (1/1) FIB1: Finished the prediction in 0.13s. (HP=1.0, LP=45.0, picks=2)
2026-03-28 11:29:24,451 - INFO - 
2026-03-28 11:29:24,454 - INFO - ------- Parallel Station Waveform Processing Complete For 2025-01-07 18:40:14 to 2025-01-07 18:41:14 Timechunk-------
2026-03-28 11:29:24,456 - INFO - Picks saved at /home/blackwinter/projects/eqcct/eqcctpro/results/csv/eqt_noise_th0_1/20250107T184014Z_20250107T184114ZProcess Runtime: 2.22 s
2026-03-28 11:29:24,462 - INFO - Successfully ran EQCCTPro, exiting...
2026-03-28 11:29:26,089 - INFO - Ray Successfully Shutdown.
2026-03-28 11:29:26,089 - INFO - ------- Successfully Picked All Waveform(s) from all Timechunk(s) -------
