2026-03-29 16:09:25,488 - INFO - 
2026-03-29 16:09:25,488 - INFO - ------- Welcome to EQCCTPro -------
2026-03-29 16:09:25,488 - INFO - 
2026-03-29 16:09:25,489 - INFO - Running EQCCT over Requested MSeed Files using CPU(s)...
2026-03-29 16:09:25,489 - INFO - GPU disabled (CPU-only).
2026-03-29 16:09:25,490 - INFO - Configured Intra-op threads = 1
2026-03-29 16:09:25,490 - INFO - Configured Inter-op threads = 1
2026-03-29 16:09:25,490 - INFO - TensorFlow: No GPUs visible; TF will proceed on CPU.
2026-03-29 16:09:25,490 - INFO - 
2026-03-29 16:09:31,400 - INFO - Ray Successfully Initialized with 4 CPU(s) ([0, 1, 2, 3] CPU Affinity Binding).
2026-03-29 16:09:31,400 - INFO - Analyzing 1 time chunk(s) from 2025-01-09 23:57:44 to 2025-01-09 23:58:44 (dt=1min, overlap=0min).
2026-03-29 16:09:31,400 - INFO - Using 1 selected station(s).
2026-03-29 16:09:31,400 - INFO - 
2026-03-29 16:09:31,401 - INFO - ------- Starting EQCCTPro... -------
2026-03-29 16:09:31,401 - INFO - Detailed subprocess information can be found in the log file.
2026-03-29 16:09:31,401 - INFO - 
2026-03-29 16:09:31,797 - INFO - GPU disabled (CPU-only).
2026-03-29 16:09:33,366 - INFO - Configured Intra-op threads = 1
2026-03-29 16:09:33,369 - INFO - Configured Inter-op threads = 1
2026-03-29 16:09:33,413 - INFO - TensorFlow: No GPUs visible; TF will proceed on CPU.
2026-03-29 16:09:33,416 - INFO - 
2026-03-29 16:09:33,418 - INFO - ------- Hardware Configuration -------
2026-03-29 16:09:33,421 - INFO - CPU affinity set to cores: [0, 1, 2, 3]
2026-03-29 16:09:33,424 - INFO - 
2026-03-29 16:09:33,427 - INFO - ------- Data Preprocessing for EQCCTPro -------
2026-03-29 16:09:33,429 - INFO - 1 station(s) in /home/blackwinter/projects/eqcct/eqcctpro/data/waveforms_noise_only/20250109T235744Z_20250109T235844Z
2026-03-29 16:09:33,432 - INFO - Using 1 selected station(s): ['HEL1'].
2026-03-29 16:09:33,434 - INFO - Creating model actor(s)...
2026-03-29 16:09:33,437 - INFO - System RAM: Total=7870 MB, Available=4126 MB
2026-03-29 16:09:33,440 - INFO - Usable RAM budget: 7083 MB (90% of total)
2026-03-29 16:09:33,442 - INFO - ===== MEMORY-AWARE CPU ACTOR POOL (EQCCT) =====
2026-03-29 16:09:33,445 - INFO - Requested concurrent tasks: 1
2026-03-29 16:09:33,448 - INFO - Available CPUs: 4
2026-03-29 16:09:33,450 - INFO - Available RAM: 7083 MB
2026-03-29 16:09:33,452 - INFO - RAM per model: 2264 MB
2026-03-29 16:09:33,455 - INFO - Max actors by RAM: 3
2026-03-29 16:09:33,457 - INFO - Creating 1 ModelActor(s)
2026-03-29 16:09:33,460 - INFO - Let Ray handle scheduling (taskset already restricts CPU visibility)
2026-03-29 16:09:33,462 - INFO - Creating ModelActor 1/1 (2.21GB RAM each)...
2026-03-29 16:09:37,748 - INFO - ModelActor 1 created successfully.
2026-03-29 16:09:37,750 - INFO - Created 1 CPU actor(s). Task queue will handle concurrency.
2026-03-29 16:09:37,753 - INFO - Starting EQCCTPro parallelized waveform processing...
2026-03-29 16:09:37,755 - INFO - 
2026-03-29 16:09:37,758 - INFO - ------- Analyzing Seismic Waveforms for P and S Picks via EQCCT -------
2026-03-29 16:09:37,761 - INFO - Analyzing 0:01:00 minute timechunk from 2025-01-09 23:57:44 to 2025-01-09 23:58:44 (0 min overlap)
2026-03-29 16:09:37,764 - INFO - Processing a total of 1 stations, 1 at a time.
2026-03-29 16:09:42,164 - INFO - (1/1) HEL1: Finished the prediction in 2.35s. (HP=1.0, LP=45.0)
2026-03-29 16:09:42,166 - INFO - 
2026-03-29 16:09:42,169 - INFO - ------- Parallel Station Waveform Processing Complete For 2025-01-09 23:57:44 to 2025-01-09 23:58:44 Timechunk-------
2026-03-29 16:09:42,171 - INFO - Picks saved at /home/blackwinter/projects/eqcct/eqcctpro/results/csv/eqcct_noise_th0_1/20250109T235744Z_20250109T235844ZProcess Runtime: 4.41 s
2026-03-29 16:09:42,176 - INFO - Successfully ran EQCCTPro, exiting...
2026-03-29 16:09:43,913 - INFO - Ray Successfully Shutdown.
2026-03-29 16:09:43,913 - INFO - ------- Successfully Picked All Waveform(s) from all Timechunk(s) -------
