2026-03-28 21:37:58,112 - INFO - 
2026-03-28 21:37:58,112 - INFO - ------- Welcome to EQCCTPro -------
2026-03-28 21:37:58,113 - INFO - 
2026-03-28 21:37:58,113 - INFO - Running EQCCT over Requested MSeed Files using CPU(s)...
2026-03-28 21:37:58,113 - INFO - GPU disabled (CPU-only).
2026-03-29 00:33:05,697 - INFO - 
2026-03-29 00:33:05,697 - INFO - ------- Welcome to EQCCTPro -------
2026-03-29 00:33:05,698 - INFO - 
2026-03-29 00:33:05,698 - INFO - Running EQCCT over Requested MSeed Files using CPU(s)...
2026-03-29 00:33:05,698 - INFO - GPU disabled (CPU-only).
2026-03-29 00:33:05,699 - INFO - Configured Intra-op threads = 1
2026-03-29 00:33:05,699 - INFO - Configured Inter-op threads = 1
2026-03-29 00:33:05,699 - INFO - TensorFlow: No GPUs visible; TF will proceed on CPU.
2026-03-29 00:33:05,699 - INFO - 
2026-03-29 00:33:10,939 - INFO - Ray Successfully Initialized with 4 CPU(s) ([0, 1, 2, 3] CPU Affinity Binding).
2026-03-29 00:33:10,940 - INFO - Analyzing 1 time chunk(s) from 2025-01-10 11:52:21 to 2025-01-10 11:53:21 (dt=1min, overlap=0min).
2026-03-29 00:33:10,940 - INFO - Using 1 selected station(s).
2026-03-29 00:33:10,940 - INFO - 
2026-03-29 00:33:10,940 - INFO - ------- Starting EQCCTPro... -------
2026-03-29 00:33:10,940 - INFO - Detailed subprocess information can be found in the log file.
2026-03-29 00:33:10,940 - INFO - 
2026-03-29 00:33:11,376 - INFO - GPU disabled (CPU-only).
2026-03-29 00:33:13,037 - INFO - Configured Intra-op threads = 1
2026-03-29 00:33:13,040 - INFO - Configured Inter-op threads = 1
2026-03-29 00:33:13,085 - INFO - TensorFlow: No GPUs visible; TF will proceed on CPU.
2026-03-29 00:33:13,088 - INFO - 
2026-03-29 00:33:13,091 - INFO - ------- Hardware Configuration -------
2026-03-29 00:33:13,093 - INFO - CPU affinity set to cores: [0, 1, 2, 3]
2026-03-29 00:33:13,096 - INFO - 
2026-03-29 00:33:13,099 - INFO - ------- Data Preprocessing for EQCCTPro -------
2026-03-29 00:33:13,101 - INFO - 1 station(s) in /home/blackwinter/projects/eqcct/eqcctpro/data/waveforms_explosions_nonoise/20250110T115221Z_20250110T115321Z
2026-03-29 00:33:13,104 - INFO - Using 1 selected station(s): ['RANF'].
2026-03-29 00:33:13,106 - INFO - Creating model actor(s)...
2026-03-29 00:33:13,108 - INFO - System RAM: Total=7870 MB, Available=3436 MB
2026-03-29 00:33:13,111 - INFO - Usable RAM budget: 7083 MB (90% of total)
2026-03-29 00:33:13,113 - INFO - ===== MEMORY-AWARE CPU ACTOR POOL (EQCCT) =====
2026-03-29 00:33:13,115 - INFO - Requested concurrent tasks: 1
2026-03-29 00:33:13,117 - INFO - Available CPUs: 4
2026-03-29 00:33:13,119 - INFO - Available RAM: 7083 MB
2026-03-29 00:33:13,121 - INFO - RAM per model: 2264 MB
2026-03-29 00:33:13,123 - INFO - Max actors by RAM: 3
2026-03-29 00:33:13,125 - INFO - Creating 1 ModelActor(s)
2026-03-29 00:33:13,127 - INFO - Let Ray handle scheduling (taskset already restricts CPU visibility)
2026-03-29 00:33:13,129 - INFO - Creating ModelActor 1/1 (2.21GB RAM each)...
2026-03-29 00:33:17,522 - INFO - ModelActor 1 created successfully.
2026-03-29 00:33:17,524 - INFO - Created 1 CPU actor(s). Task queue will handle concurrency.
2026-03-29 00:33:17,527 - INFO - Starting EQCCTPro parallelized waveform processing...
2026-03-29 00:33:17,530 - INFO - 
2026-03-29 00:33:17,532 - INFO - ------- Analyzing Seismic Waveforms for P and S Picks via EQCCT -------
2026-03-29 00:33:17,536 - INFO - Analyzing 0:01:00 minute timechunk from 2025-01-10 11:52:21 to 2025-01-10 11:53:21 (0 min overlap)
2026-03-29 00:33:17,538 - INFO - Processing a total of 1 stations, 1 at a time.
2026-03-29 00:33:22,101 - INFO - (1/1) RANF: Finished the prediction in 2.53s. (HP=1.0, LP=45.0)
2026-03-29 00:33:22,103 - INFO - 
2026-03-29 00:33:22,106 - INFO - ------- Parallel Station Waveform Processing Complete For 2025-01-10 11:52:21 to 2025-01-10 11:53:21 Timechunk-------
2026-03-29 00:33:22,108 - INFO - Picks saved at /home/blackwinter/projects/eqcct/eqcctpro/results/csv/eqcct_explosions_th0_1/20250110T115221Z_20250110T115321ZProcess Runtime: 4.58 s
2026-03-29 00:33:22,114 - INFO - Successfully ran EQCCTPro, exiting...
2026-03-29 00:33:23,614 - INFO - Ray Successfully Shutdown.
2026-03-29 00:33:23,614 - INFO - ------- Successfully Picked All Waveform(s) from all Timechunk(s) -------
