2026-02-26 21:39:22,533 - INFO - 
2026-02-26 21:39:22,533 - INFO - ------- Welcome to EQCCTPro -------
2026-02-26 21:39:22,533 - INFO - 
2026-02-26 21:39:22,534 - INFO - Running EQCCT over Requested MSeed Files using CPU(s)...
2026-02-26 21:39:22,534 - INFO - GPU disabled (CPU-only).
2026-02-26 21:39:22,534 - INFO - Configured Intra-op threads = 1
2026-02-26 21:39:22,535 - INFO - Configured Inter-op threads = 1
2026-02-26 21:39:22,535 - INFO - TensorFlow: No GPUs visible; TF will proceed on CPU.
2026-02-26 21:39:22,535 - INFO - 
2026-02-26 21:39:27,812 - INFO - Ray Successfully Initialized with 4 CPU(s) ([0, 1, 2, 3] CPU Affinity Binding).
2026-02-26 21:39:27,812 - INFO - Analyzing 1 time chunk(s) from 2025-01-02 12:40:19 to 2025-01-02 12:41:19 (dt=1min, overlap=0min).
2026-02-26 21:39:27,812 - INFO - Using 1 selected station(s).
2026-02-26 21:39:27,813 - INFO - 
2026-02-26 21:39:27,813 - INFO - ------- Starting EQCCTPro... -------
2026-02-26 21:39:27,813 - INFO - Detailed subprocess information can be found in the log file.
2026-02-26 21:39:27,813 - INFO - 
2026-02-26 21:39:28,161 - INFO - GPU disabled (CPU-only).
2026-02-26 21:39:29,587 - INFO - Configured Intra-op threads = 1
2026-02-26 21:39:29,590 - INFO - Configured Inter-op threads = 1
2026-02-26 21:39:29,632 - INFO - TensorFlow: No GPUs visible; TF will proceed on CPU.
2026-02-26 21:39:29,635 - INFO - 
2026-02-26 21:39:29,637 - INFO - ------- Hardware Configuration -------
2026-02-26 21:39:29,639 - INFO - CPU affinity set to cores: [0, 1, 2, 3]
2026-02-26 21:39:29,641 - INFO - 
2026-02-26 21:39:29,643 - INFO - ------- Data Preprocessing for EQCCTPro -------
2026-02-26 21:39:29,645 - INFO - 1 station(s) in /home/blackwinter/projects/eqcct/eqcctpro/data/waveforms_explosions_nonoise/20250102T124019Z_20250102T124119Z
2026-02-26 21:39:29,647 - INFO - Using 1 selected station(s): ['HEF'].
2026-02-26 21:39:29,648 - INFO - Creating model actor(s)...
2026-02-26 21:39:29,650 - INFO - System RAM: Total=7870 MB, Available=4256 MB
2026-02-26 21:39:29,652 - INFO - Usable RAM budget: 7083 MB (90% of total)
2026-02-26 21:39:29,654 - INFO - ===== MEMORY-AWARE CPU ACTOR POOL (EQCCT) =====
2026-02-26 21:39:29,655 - INFO - Requested concurrent tasks: 1
2026-02-26 21:39:29,657 - INFO - Available CPUs: 4
2026-02-26 21:39:29,659 - INFO - Available RAM: 7083 MB
2026-02-26 21:39:29,661 - INFO - RAM per model: 2264 MB
2026-02-26 21:39:29,663 - INFO - Max actors by RAM: 3
2026-02-26 21:39:29,665 - INFO - Creating 1 ModelActor(s)
2026-02-26 21:39:29,666 - INFO - Let Ray handle scheduling (taskset already restricts CPU visibility)
2026-02-26 21:39:29,668 - INFO - Creating ModelActor 1/1 (2.21GB RAM each)...
2026-02-26 21:39:33,511 - INFO - ModelActor 1 created successfully.
2026-02-26 21:39:33,514 - INFO - Created 1 CPU actor(s). Task queue will handle concurrency.
2026-02-26 21:39:33,516 - INFO - Starting EQCCTPro parallelized waveform processing...
2026-02-26 21:39:33,519 - INFO - 
2026-02-26 21:39:33,521 - INFO - ------- Analyzing Seismic Waveforms for P and S Picks via EQCCT -------
2026-02-26 21:39:33,523 - INFO - Analyzing 0:01:00 minute timechunk from 2025-01-02 12:40:19 to 2025-01-02 12:41:19 (0 min overlap)
2026-02-26 21:39:33,525 - INFO - Processing a total of 1 stations, 1 at a time.
2026-02-26 21:39:37,486 - INFO - (1/1) HEF: Finished the prediction in 2.1s. (HP=1.0, LP=45.0)
2026-02-26 21:39:37,488 - INFO - 
2026-02-26 21:39:37,490 - INFO - ------- Parallel Station Waveform Processing Complete For 2025-01-02 12:40:19 to 2025-01-02 12:41:19 Timechunk-------
2026-02-26 21:39:37,492 - INFO - Picks saved at /home/blackwinter/projects/eqcct/eqcctpro/results/csv/bm_explosions/20250102T124019Z_20250102T124119ZProcess Runtime: 3.97 s
2026-02-26 21:39:37,496 - INFO - Successfully ran EQCCTPro, exiting...
2026-02-26 21:39:39,026 - INFO - Ray Successfully Shutdown.
2026-02-26 21:39:39,026 - INFO - ------- Successfully Picked All Waveform(s) from all Timechunk(s) -------
2026-02-27 05:16:16,678 - INFO - 
2026-02-27 05:16:16,684 - INFO - ------- Welcome to EQCCTPro -------
2026-02-27 05:16:16,684 - INFO - 
2026-02-27 05:16:16,685 - INFO - Running EQCCT over Requested MSeed Files using CPU(s)...
2026-02-27 05:16:16,685 - INFO - GPU disabled (CPU-only).
2026-02-27 05:16:16,686 - INFO - Configured Intra-op threads = 1
2026-02-27 05:16:16,686 - INFO - Configured Inter-op threads = 1
2026-02-27 05:16:16,686 - INFO - TensorFlow: No GPUs visible; TF will proceed on CPU.
2026-02-27 05:16:16,686 - INFO - 
2026-02-27 05:16:21,916 - INFO - Ray Successfully Initialized with 4 CPU(s) ([0, 1, 2, 3] CPU Affinity Binding).
2026-02-27 05:16:21,916 - INFO - Analyzing 1 time chunk(s) from 2025-01-02 12:40:19 to 2025-01-02 12:41:19 (dt=1min, overlap=0min).
2026-02-27 05:16:21,916 - INFO - Using 1 selected station(s).
2026-02-27 05:16:21,917 - INFO - 
2026-02-27 05:16:21,917 - INFO - ------- Starting EQCCTPro... -------
2026-02-27 05:16:21,917 - INFO - Detailed subprocess information can be found in the log file.
2026-02-27 05:16:21,917 - INFO - 
2026-02-27 05:16:22,272 - INFO - GPU disabled (CPU-only).
2026-02-27 05:16:23,734 - INFO - Configured Intra-op threads = 1
2026-02-27 05:16:23,736 - INFO - Configured Inter-op threads = 1
2026-02-27 05:16:23,776 - INFO - TensorFlow: No GPUs visible; TF will proceed on CPU.
2026-02-27 05:16:23,779 - INFO - 
2026-02-27 05:16:23,781 - INFO - ------- Hardware Configuration -------
2026-02-27 05:16:23,783 - INFO - CPU affinity set to cores: [0, 1, 2, 3]
2026-02-27 05:16:23,785 - INFO - 
2026-02-27 05:16:23,788 - INFO - ------- Data Preprocessing for EQCCTPro -------
2026-02-27 05:16:23,790 - INFO - 1 station(s) in /home/blackwinter/projects/eqcct/eqcctpro/data/waveforms_explosions_nonoise/20250102T124019Z_20250102T124119Z
2026-02-27 05:16:23,792 - INFO - Using 1 selected station(s): ['HEF'].
2026-02-27 05:16:23,794 - INFO - Creating model actor(s)...
2026-02-27 05:16:23,797 - INFO - System RAM: Total=7870 MB, Available=4346 MB
2026-02-27 05:16:23,799 - INFO - Usable RAM budget: 7083 MB (90% of total)
2026-02-27 05:16:23,801 - INFO - ===== MEMORY-AWARE CPU ACTOR POOL (EQCCT) =====
2026-02-27 05:16:23,802 - INFO - Requested concurrent tasks: 1
2026-02-27 05:16:23,804 - INFO - Available CPUs: 4
2026-02-27 05:16:23,806 - INFO - Available RAM: 7083 MB
2026-02-27 05:16:23,807 - INFO - RAM per model: 2264 MB
2026-02-27 05:16:23,809 - INFO - Max actors by RAM: 3
2026-02-27 05:16:23,811 - INFO - Creating 1 ModelActor(s)
2026-02-27 05:16:23,813 - INFO - Let Ray handle scheduling (taskset already restricts CPU visibility)
2026-02-27 05:16:23,815 - INFO - Creating ModelActor 1/1 (2.21GB RAM each)...
2026-02-27 05:16:27,715 - INFO - ModelActor 1 created successfully.
2026-02-27 05:16:27,717 - INFO - Created 1 CPU actor(s). Task queue will handle concurrency.
2026-02-27 05:16:27,719 - INFO - Starting EQCCTPro parallelized waveform processing...
2026-02-27 05:16:27,721 - INFO - 
2026-02-27 05:16:27,723 - INFO - ------- Analyzing Seismic Waveforms for P and S Picks via EQCCT -------
2026-02-27 05:16:27,725 - INFO - Analyzing 0:01:00 minute timechunk from 2025-01-02 12:40:19 to 2025-01-02 12:41:19 (0 min overlap)
2026-02-27 05:16:27,727 - INFO - Processing a total of 1 stations, 1 at a time.
2026-02-27 05:16:29,593 - INFO - (1/1) HEF: Skipped (already exists - overwrite=False).
2026-02-27 05:16:29,595 - INFO - 
2026-02-27 05:16:29,597 - INFO - ------- Parallel Station Waveform Processing Complete For 2025-01-02 12:40:19 to 2025-01-02 12:41:19 Timechunk-------
2026-02-27 05:16:29,599 - INFO - Picks saved at /home/blackwinter/projects/eqcct/eqcctpro/results/csv/bm_explosions/20250102T124019Z_20250102T124119ZProcess Runtime: 1.88 s
2026-02-27 05:16:29,603 - INFO - Successfully ran EQCCTPro, exiting...
2026-02-27 05:16:31,071 - INFO - Ray Successfully Shutdown.
2026-02-27 05:16:31,071 - INFO - ------- Successfully Picked All Waveform(s) from all Timechunk(s) -------
