2026-02-22 22:11:45,250 - INFO - 
2026-02-22 22:11:45,250 - INFO - ------- Welcome to EQCCTPro -------
2026-02-22 22:11:45,250 - INFO - 
2026-02-22 22:11:45,251 - INFO - Running EQCCT over Requested MSeed Files using CPU(s)...
2026-02-22 22:11:45,251 - INFO - GPU disabled (CPU-only).
2026-02-22 22:11:45,251 - INFO - Configured Intra-op threads = 1
2026-02-22 22:11:45,251 - INFO - Configured Inter-op threads = 1
2026-02-22 22:11:45,252 - INFO - TensorFlow: No GPUs visible; TF will proceed on CPU.
2026-02-22 22:11:45,252 - INFO - 
2026-02-22 22:11:50,738 - INFO - Ray Successfully Initialized with 4 CPU(s) ([0, 1, 2, 3] CPU Affinity Binding).
2026-02-22 22:11:50,739 - INFO - Analyzing 1 time chunk(s) from 2025-11-13 07:51:33 to 2025-11-13 07:52:33 (dt=1min, overlap=0min).
2026-02-22 22:11:50,739 - INFO - Using 1 selected station(s).
2026-02-22 22:11:50,739 - INFO - 
2026-02-22 22:11:50,739 - INFO - ------- Starting EQCCTPro... -------
2026-02-22 22:11:50,739 - INFO - Detailed subprocess information can be found in the log file.
2026-02-22 22:11:50,739 - INFO - 
2026-02-22 22:11:51,104 - INFO - GPU disabled (CPU-only).
2026-02-22 22:11:52,580 - INFO - Configured Intra-op threads = 1
2026-02-22 22:11:52,583 - INFO - Configured Inter-op threads = 1
2026-02-22 22:11:52,623 - INFO - TensorFlow: No GPUs visible; TF will proceed on CPU.
2026-02-22 22:11:52,625 - INFO - 
2026-02-22 22:11:52,628 - INFO - ------- Hardware Configuration -------
2026-02-22 22:11:52,630 - INFO - CPU affinity set to cores: [0, 1, 2, 3]
2026-02-22 22:11:52,632 - INFO - 
2026-02-22 22:11:52,634 - INFO - ------- Data Preprocessing for EQCCTPro -------
2026-02-22 22:11:52,637 - INFO - 1 station(s) in /home/blackwinter/projects/eqcct/eqcctpro/data/waveforms_earthquakes_nonoise/20251113T075133Z_20251113T075233Z
2026-02-22 22:11:52,639 - INFO - Using 1 selected station(s): ['HEF'].
2026-02-22 22:11:52,641 - INFO - Creating model actor(s)...
2026-02-22 22:11:52,644 - INFO - System RAM: Total=7870 MB, Available=1619 MB
2026-02-22 22:11:52,645 - INFO - Usable RAM budget: 7083 MB (90% of total)
2026-02-22 22:11:52,647 - INFO - ===== MEMORY-AWARE CPU ACTOR POOL (EQCCT) =====
2026-02-22 22:11:52,649 - INFO - Requested concurrent tasks: 1
2026-02-22 22:11:52,651 - INFO - Available CPUs: 4
2026-02-22 22:11:52,653 - INFO - Available RAM: 7083 MB
2026-02-22 22:11:52,654 - INFO - RAM per model: 2264 MB
2026-02-22 22:11:52,656 - INFO - Max actors by RAM: 3
2026-02-22 22:11:52,658 - INFO - Creating 1 ModelActor(s)
2026-02-22 22:11:52,660 - INFO - Let Ray handle scheduling (taskset already restricts CPU visibility)
2026-02-22 22:11:52,662 - INFO - Creating ModelActor 1/1 (2.21GB RAM each)...
2026-02-22 22:11:56,522 - INFO - ModelActor 1 created successfully.
2026-02-22 22:11:56,524 - INFO - Created 1 CPU actor(s). Task queue will handle concurrency.
2026-02-22 22:11:56,527 - INFO - Starting EQCCTPro parallelized waveform processing...
2026-02-22 22:11:56,530 - INFO - 
2026-02-22 22:11:56,532 - INFO - ------- Analyzing Seismic Waveforms for P and S Picks via EQCCT -------
2026-02-22 22:11:56,534 - INFO - Analyzing 0:01:00 minute timechunk from 2025-11-13 07:51:33 to 2025-11-13 07:52:33 (0 min overlap)
2026-02-22 22:11:56,537 - INFO - Processing a total of 1 stations, 1 at a time.
2026-02-22 22:12:00,679 - INFO - (1/1) HEF: Finished the prediction in 2.15s. (HP=1.0, LP=45.0)
2026-02-22 22:12:00,682 - INFO - 
2026-02-22 22:12:00,684 - INFO - ------- Parallel Station Waveform Processing Complete For 2025-11-13 07:51:33 to 2025-11-13 07:52:33 Timechunk-------
2026-02-22 22:12:00,686 - INFO - Picks saved at /home/blackwinter/projects/eqcct/eqcctpro/results/csv/bm_eq_nonoise/20251113T075133Z_20251113T075233ZProcess Runtime: 4.15 s
2026-02-22 22:12:00,692 - INFO - Successfully ran EQCCTPro, exiting...
2026-02-22 22:12:02,389 - INFO - Ray Successfully Shutdown.
2026-02-22 22:12:02,389 - INFO - ------- Successfully Picked All Waveform(s) from all Timechunk(s) -------
