2026-03-27 18:31:43,857 - INFO - 
2026-03-27 18:31:43,857 - INFO - ------- Welcome to EQCCTPro -------
2026-03-27 18:31:43,857 - INFO - 
2026-03-27 18:31:43,857 - INFO - Running EQCCT over Requested MSeed Files using CPU(s)...
2026-03-27 18:31:43,857 - INFO - GPU disabled (CPU-only).
2026-03-27 18:31:43,858 - INFO - Skipping framework-specific initialization in the driver process.
2026-03-27 18:31:46,220 - INFO - Ray Successfully Initialized with 4 CPU(s) ([0, 1, 2, 3] CPU Affinity Binding).
2026-03-27 18:31:46,221 - INFO - Analyzing 1 time chunk(s) from 2025-04-30 12:04:45 to 2025-04-30 12:05:45 (dt=1min, overlap=0min).
2026-03-27 18:31:46,221 - INFO - Using 1 selected station(s).
2026-03-27 18:31:46,221 - INFO - 
2026-03-27 18:31:46,221 - INFO - ------- Starting EQCCTPro... -------
2026-03-27 18:31:46,221 - INFO - Detailed subprocess information can be found in the log file.
2026-03-27 18:31:46,222 - INFO - 
2026-03-27 18:31:46,500 - INFO - GPU disabled (CPU-only).
2026-03-27 18:31:46,504 - INFO - Skipping framework-specific initialization in the driver process.
2026-03-27 18:31:46,507 - INFO - ------- Hardware Configuration -------
2026-03-27 18:31:46,509 - INFO - CPU affinity set to cores: [0, 1, 2, 3]
2026-03-27 18:31:46,511 - INFO - 
2026-03-27 18:31:46,514 - INFO - ------- Data Preprocessing for EQCCTPro -------
2026-03-27 18:31:46,516 - INFO - 1 station(s) in /home/blackwinter/projects/eqcct/eqcctpro/data/waveforms_earthquakes_nonoise/20250430T120445Z_20250430T120545Z
2026-03-27 18:31:46,518 - INFO - Using 1 selected station(s): ['TVF'].
2026-03-27 18:31:46,520 - INFO - Creating model actor(s)...
2026-03-27 18:31:46,522 - INFO - System RAM: Total=7870 MB, Available=6079 MB
2026-03-27 18:31:46,524 - INFO - Usable RAM budget: 7083 MB (90% of total)
2026-03-27 18:31:46,526 - INFO - ===== MEMORY-AWARE CPU ACTOR POOL =====
2026-03-27 18:31:46,528 - INFO - Requested concurrent tasks: 1
2026-03-27 18:31:46,530 - INFO - Available CPUs: 4
2026-03-27 18:31:46,532 - INFO - Available RAM: 7083 MB
2026-03-27 18:31:46,533 - INFO - RAM per model: 2060 MB
2026-03-27 18:31:46,535 - INFO - Max actors by RAM: 3
2026-03-27 18:31:46,537 - INFO - Creating 1 SeisBenchModelActor(s)
2026-03-27 18:31:46,540 - INFO - Let Ray handle scheduling (taskset already restricts CPU visibility)
2026-03-27 18:31:46,542 - INFO - Creating SeisBenchModelActor 1/1 (2.01GB RAM each)...
2026-03-27 18:31:49,602 - INFO - SeisBenchModelActor 1 created successfully.
2026-03-27 18:31:49,605 - INFO - Created 1 CPU actor(s). Task queue will handle concurrency.
2026-03-27 18:31:49,608 - INFO - Starting EQCCTPro parallelized waveform processing...
2026-03-27 18:31:49,610 - INFO - 
2026-03-27 18:31:49,612 - INFO - ------- Analyzing Seismic Waveforms for P and S Picks via SeisBench (EQTransformer - original_nonconservative) -------
2026-03-27 18:31:49,615 - INFO - Analyzing 0:01:00 minute timechunk from 2025-04-30 12:04:45 to 2025-04-30 12:05:45 (0 min overlap)
2026-03-27 18:31:49,617 - INFO - Processing a total of 1 stations, 1 at a time.
2026-03-27 18:31:51,816 - INFO - (1/1) TVF: Finished the prediction in 0.14s. (HP=1.0, LP=45.0, picks=2)
2026-03-27 18:31:51,819 - INFO - 
2026-03-27 18:31:51,822 - INFO - ------- Parallel Station Waveform Processing Complete For 2025-04-30 12:04:45 to 2025-04-30 12:05:45 Timechunk-------
2026-03-27 18:31:51,825 - INFO - Picks saved at /home/blackwinter/projects/eqcct/eqcctpro/results/csv/eqt_earthquakes_th0_1/20250430T120445Z_20250430T120545ZProcess Runtime: 2.21 s
2026-03-27 18:31:51,829 - INFO - Successfully ran EQCCTPro, exiting...
2026-03-27 18:31:53,354 - INFO - Ray Successfully Shutdown.
2026-03-27 18:31:53,354 - INFO - ------- Successfully Picked All Waveform(s) from all Timechunk(s) -------
2026-03-28 00:59:29,498 - INFO - 
2026-03-28 00:59:29,498 - INFO - ------- Welcome to EQCCTPro -------
2026-03-28 00:59:29,498 - INFO - 
2026-03-28 00:59:29,499 - INFO - Running EQCCT over Requested MSeed Files using CPU(s)...
2026-03-28 00:59:29,499 - INFO - GPU disabled (CPU-only).
2026-03-28 00:59:29,499 - INFO - Skipping framework-specific initialization in the driver process.
2026-03-28 00:59:31,857 - INFO - Ray Successfully Initialized with 4 CPU(s) ([0, 1, 2, 3] CPU Affinity Binding).
2026-03-28 00:59:31,857 - INFO - Analyzing 1 time chunk(s) from 2025-04-30 12:04:45 to 2025-04-30 12:05:45 (dt=1min, overlap=0min).
2026-03-28 00:59:31,857 - INFO - Using 1 selected station(s).
2026-03-28 00:59:31,857 - INFO - 
2026-03-28 00:59:31,858 - INFO - ------- Starting EQCCTPro... -------
2026-03-28 00:59:31,858 - INFO - Detailed subprocess information can be found in the log file.
2026-03-28 00:59:31,858 - INFO - 
2026-03-28 00:59:32,124 - INFO - GPU disabled (CPU-only).
2026-03-28 00:59:32,129 - INFO - Skipping framework-specific initialization in the driver process.
2026-03-28 00:59:32,132 - INFO - ------- Hardware Configuration -------
2026-03-28 00:59:32,135 - INFO - CPU affinity set to cores: [0, 1, 2, 3]
2026-03-28 00:59:32,137 - INFO - 
2026-03-28 00:59:32,140 - INFO - ------- Data Preprocessing for EQCCTPro -------
2026-03-28 00:59:32,142 - INFO - 1 station(s) in /home/blackwinter/projects/eqcct/eqcctpro/data/waveforms_earthquakes_nonoise/20250430T120445Z_20250430T120545Z
2026-03-28 00:59:32,145 - INFO - Using 1 selected station(s): ['TVF'].
2026-03-28 00:59:32,147 - INFO - Creating model actor(s)...
2026-03-28 00:59:32,150 - INFO - System RAM: Total=7870 MB, Available=5924 MB
2026-03-28 00:59:32,153 - INFO - Usable RAM budget: 7083 MB (90% of total)
2026-03-28 00:59:32,155 - INFO - ===== MEMORY-AWARE CPU ACTOR POOL =====
2026-03-28 00:59:32,158 - INFO - Requested concurrent tasks: 1
2026-03-28 00:59:32,160 - INFO - Available CPUs: 4
2026-03-28 00:59:32,163 - INFO - Available RAM: 7083 MB
2026-03-28 00:59:32,165 - INFO - RAM per model: 2060 MB
2026-03-28 00:59:32,168 - INFO - Max actors by RAM: 3
2026-03-28 00:59:32,170 - INFO - Creating 1 SeisBenchModelActor(s)
2026-03-28 00:59:32,173 - INFO - Let Ray handle scheduling (taskset already restricts CPU visibility)
2026-03-28 00:59:32,175 - INFO - Creating SeisBenchModelActor 1/1 (2.01GB RAM each)...
2026-03-28 00:59:35,345 - INFO - SeisBenchModelActor 1 created successfully.
2026-03-28 00:59:35,347 - INFO - Created 1 CPU actor(s). Task queue will handle concurrency.
2026-03-28 00:59:35,349 - INFO - Starting EQCCTPro parallelized waveform processing...
2026-03-28 00:59:35,352 - INFO - 
2026-03-28 00:59:35,354 - INFO - ------- Analyzing Seismic Waveforms for P and S Picks via SeisBench (EQTransformer - original_nonconservative) -------
2026-03-28 00:59:35,358 - INFO - Analyzing 0:01:00 minute timechunk from 2025-04-30 12:04:45 to 2025-04-30 12:05:45 (0 min overlap)
2026-03-28 00:59:35,360 - INFO - Processing a total of 1 stations, 1 at a time.
2026-03-28 00:59:37,352 - INFO - (1/1) TVF: Skipped (already exists - overwrite=False).
2026-03-28 00:59:37,355 - INFO - 
2026-03-28 00:59:37,357 - INFO - ------- Parallel Station Waveform Processing Complete For 2025-04-30 12:04:45 to 2025-04-30 12:05:45 Timechunk-------
2026-03-28 00:59:37,360 - INFO - Picks saved at /home/blackwinter/projects/eqcct/eqcctpro/results/csv/eqt_earthquakes_th0_1/20250430T120445Z_20250430T120545ZProcess Runtime: 2.01 s
2026-03-28 00:59:37,365 - INFO - Successfully ran EQCCTPro, exiting...
2026-03-28 00:59:38,978 - INFO - Ray Successfully Shutdown.
2026-03-28 00:59:38,978 - INFO - ------- Successfully Picked All Waveform(s) from all Timechunk(s) -------
