2026-03-28 17:56:21,657 - INFO - 
2026-03-28 17:56:21,657 - INFO - ------- Welcome to EQCCTPro -------
2026-03-28 17:56:21,657 - INFO - 
2026-03-28 17:56:21,658 - INFO - Running EQCCT over Requested MSeed Files using CPU(s)...
2026-03-28 17:56:21,658 - INFO - GPU disabled (CPU-only).
2026-03-28 17:56:21,658 - INFO - Skipping framework-specific initialization in the driver process.
2026-03-28 17:56:24,286 - INFO - Ray Successfully Initialized with 4 CPU(s) ([0, 1, 2, 3] CPU Affinity Binding).
2026-03-28 17:56:24,287 - INFO - Analyzing 1 time chunk(s) from 2025-01-14 07:31:30 to 2025-01-14 07:32:30 (dt=1min, overlap=0min).
2026-03-28 17:56:24,287 - INFO - Using 2 selected station(s).
2026-03-28 17:56:24,287 - INFO - 
2026-03-28 17:56:24,287 - INFO - ------- Starting EQCCTPro... -------
2026-03-28 17:56:24,287 - INFO - Detailed subprocess information can be found in the log file.
2026-03-28 17:56:24,287 - INFO - 
2026-03-28 17:56:24,594 - INFO - GPU disabled (CPU-only).
2026-03-28 17:56:24,599 - INFO - Skipping framework-specific initialization in the driver process.
2026-03-28 17:56:24,603 - INFO - ------- Hardware Configuration -------
2026-03-28 17:56:24,608 - INFO - CPU affinity set to cores: [0, 1, 2, 3]
2026-03-28 17:56:24,611 - INFO - 
2026-03-28 17:56:24,613 - INFO - ------- Data Preprocessing for EQCCTPro -------
2026-03-28 17:56:24,616 - INFO - 2 station(s) in /home/blackwinter/projects/eqcct/eqcctpro/data/waveforms_explosions_nonoise/20250114T073130Z_20250114T073230Z
2026-03-28 17:56:24,618 - INFO - Using 2 selected station(s): ['KY02', 'TRE03'].
2026-03-28 17:56:24,621 - INFO - Creating model actor(s)...
2026-03-28 17:56:24,624 - INFO - System RAM: Total=7870 MB, Available=4200 MB
2026-03-28 17:56:24,627 - INFO - Usable RAM budget: 7083 MB (90% of total)
2026-03-28 17:56:24,629 - INFO - ===== MEMORY-AWARE CPU ACTOR POOL =====
2026-03-28 17:56:24,633 - INFO - Requested concurrent tasks: 1
2026-03-28 17:56:24,636 - INFO - Available CPUs: 4
2026-03-28 17:56:24,641 - INFO - Available RAM: 7083 MB
2026-03-28 17:56:24,643 - INFO - RAM per model: 2060 MB
2026-03-28 17:56:24,647 - INFO - Max actors by RAM: 3
2026-03-28 17:56:24,650 - INFO - Creating 1 SeisBenchModelActor(s)
2026-03-28 17:56:24,653 - INFO - Let Ray handle scheduling (taskset already restricts CPU visibility)
2026-03-28 17:56:24,656 - INFO - Creating SeisBenchModelActor 1/1 (2.01GB RAM each)...
2026-03-28 17:56:28,294 - INFO - SeisBenchModelActor 1 created successfully.
2026-03-28 17:56:28,297 - INFO - Created 1 CPU actor(s). Task queue will handle concurrency.
2026-03-28 17:56:28,300 - INFO - Starting EQCCTPro parallelized waveform processing...
2026-03-28 17:56:28,304 - INFO - 
2026-03-28 17:56:28,307 - INFO - ------- Analyzing Seismic Waveforms for P and S Picks via SeisBench (EQTransformer - original_nonconservative) -------
2026-03-28 17:56:28,310 - INFO - Analyzing 0:01:00 minute timechunk from 2025-01-14 07:31:30 to 2025-01-14 07:32:30 (0 min overlap)
2026-03-28 17:56:28,313 - INFO - Processing a total of 2 stations, 1 at a time.
2026-03-28 17:56:30,781 - INFO - (1/2) KY02: Finished the prediction in 0.15s. (HP=1.0, LP=45.0, picks=2)
2026-03-28 17:56:30,858 - INFO - (2/2) TRE03: Finished the prediction in 0.07s. (HP=1.0, LP=45.0, picks=0)
2026-03-28 17:56:30,860 - INFO - 
2026-03-28 17:56:30,864 - INFO - ------- Parallel Station Waveform Processing Complete For 2025-01-14 07:31:30 to 2025-01-14 07:32:30 Timechunk-------
2026-03-28 17:56:30,868 - INFO - Picks saved at /home/blackwinter/projects/eqcct/eqcctpro/results/csv/eqt_explosions_th0_1/20250114T073130Z_20250114T073230ZProcess Runtime: 2.56 s
2026-03-28 17:56:30,879 - INFO - Successfully ran EQCCTPro, exiting...
2026-03-28 17:56:32,482 - INFO - Ray Successfully Shutdown.
2026-03-28 17:56:32,482 - INFO - ------- Successfully Picked All Waveform(s) from all Timechunk(s) -------
