2026-03-28 15:45:08,648 - INFO - 
2026-03-28 15:45:08,648 - INFO - ------- Welcome to EQCCTPro -------
2026-03-28 15:45:08,648 - INFO - 
2026-03-28 15:45:08,649 - INFO - Running EQCCT over Requested MSeed Files using CPU(s)...
2026-03-28 15:45:08,649 - INFO - GPU disabled (CPU-only).
2026-03-28 15:45:08,649 - INFO - Skipping framework-specific initialization in the driver process.
2026-03-28 15:45:11,086 - INFO - Ray Successfully Initialized with 4 CPU(s) ([0, 1, 2, 3] CPU Affinity Binding).
2026-03-28 15:45:11,087 - INFO - Analyzing 1 time chunk(s) from 2025-01-02 11:52:45 to 2025-01-02 11:53:45 (dt=1min, overlap=0min).
2026-03-28 15:45:11,088 - INFO - Using 1 selected station(s).
2026-03-28 15:45:11,088 - INFO - 
2026-03-28 15:45:11,088 - INFO - ------- Starting EQCCTPro... -------
2026-03-28 15:45:11,088 - INFO - Detailed subprocess information can be found in the log file.
2026-03-28 15:45:11,089 - INFO - 
2026-03-28 15:45:11,394 - INFO - GPU disabled (CPU-only).
2026-03-28 15:45:11,398 - INFO - Skipping framework-specific initialization in the driver process.
2026-03-28 15:45:11,401 - INFO - ------- Hardware Configuration -------
2026-03-28 15:45:11,404 - INFO - CPU affinity set to cores: [0, 1, 2, 3]
2026-03-28 15:45:11,408 - INFO - 
2026-03-28 15:45:11,411 - INFO - ------- Data Preprocessing for EQCCTPro -------
2026-03-28 15:45:11,414 - INFO - 1 station(s) in /home/blackwinter/projects/eqcct/eqcctpro/data/waveforms_explosions_nonoise/20250102T115245Z_20250102T115345Z
2026-03-28 15:45:11,416 - INFO - Using 1 selected station(s): ['KEF'].
2026-03-28 15:45:11,419 - INFO - Creating model actor(s)...
2026-03-28 15:45:11,421 - INFO - System RAM: Total=7870 MB, Available=4450 MB
2026-03-28 15:45:11,424 - INFO - Usable RAM budget: 7083 MB (90% of total)
2026-03-28 15:45:11,427 - INFO - ===== MEMORY-AWARE CPU ACTOR POOL =====
2026-03-28 15:45:11,430 - INFO - Requested concurrent tasks: 1
2026-03-28 15:45:11,433 - INFO - Available CPUs: 4
2026-03-28 15:45:11,436 - INFO - Available RAM: 7083 MB
2026-03-28 15:45:11,438 - INFO - RAM per model: 2060 MB
2026-03-28 15:45:11,441 - INFO - Max actors by RAM: 3
2026-03-28 15:45:11,445 - INFO - Creating 1 SeisBenchModelActor(s)
2026-03-28 15:45:11,447 - INFO - Let Ray handle scheduling (taskset already restricts CPU visibility)
2026-03-28 15:45:11,451 - INFO - Creating SeisBenchModelActor 1/1 (2.01GB RAM each)...
2026-03-28 15:45:14,688 - INFO - SeisBenchModelActor 1 created successfully.
2026-03-28 15:45:14,691 - INFO - Created 1 CPU actor(s). Task queue will handle concurrency.
2026-03-28 15:45:14,693 - INFO - Starting EQCCTPro parallelized waveform processing...
2026-03-28 15:45:14,696 - INFO - 
2026-03-28 15:45:14,699 - INFO - ------- Analyzing Seismic Waveforms for P and S Picks via SeisBench (EQTransformer - original_nonconservative) -------
2026-03-28 15:45:14,702 - INFO - Analyzing 0:01:00 minute timechunk from 2025-01-02 11:52:45 to 2025-01-02 11:53:45 (0 min overlap)
2026-03-28 15:45:14,705 - INFO - Processing a total of 1 stations, 1 at a time.
2026-03-28 15:45:17,126 - INFO - (1/1) KEF: Finished the prediction in 0.14s. (HP=1.0, LP=45.0, picks=1)
2026-03-28 15:45:17,129 - INFO - 
2026-03-28 15:45:17,132 - INFO - ------- Parallel Station Waveform Processing Complete For 2025-01-02 11:52:45 to 2025-01-02 11:53:45 Timechunk-------
2026-03-28 15:45:17,134 - INFO - Picks saved at /home/blackwinter/projects/eqcct/eqcctpro/results/csv/eqt_explosions_th0_1/20250102T115245Z_20250102T115345ZProcess Runtime: 2.44 s
2026-03-28 15:45:17,140 - INFO - Successfully ran EQCCTPro, exiting...
2026-03-28 15:45:18,664 - INFO - Ray Successfully Shutdown.
2026-03-28 15:45:18,664 - INFO - ------- Successfully Picked All Waveform(s) from all Timechunk(s) -------
