2026-02-26 22:08:57,516 - INFO - 
2026-02-26 22:08:57,517 - INFO - ------- Welcome to EQCCTPro -------
2026-02-26 22:08:57,517 - INFO - 
2026-02-26 22:08:57,517 - INFO - Running EQCCT over Requested MSeed Files using CPU(s)...
2026-02-26 22:08:57,517 - INFO - GPU disabled (CPU-only).
2026-02-26 22:08:57,518 - INFO - Configured Intra-op threads = 1
2026-02-26 22:08:57,518 - INFO - Configured Inter-op threads = 1
2026-02-26 22:08:57,518 - INFO - TensorFlow: No GPUs visible; TF will proceed on CPU.
2026-02-26 22:08:57,518 - INFO - 
2026-02-26 22:09:02,838 - INFO - Ray Successfully Initialized with 4 CPU(s) ([0, 1, 2, 3] CPU Affinity Binding).
2026-02-26 22:09:02,838 - INFO - Analyzing 1 time chunk(s) from 2025-01-04 11:07:09 to 2025-01-04 11:08:09 (dt=1min, overlap=0min).
2026-02-26 22:09:02,838 - INFO - Using 1 selected station(s).
2026-02-26 22:09:02,838 - INFO - 
2026-02-26 22:09:02,839 - INFO - ------- Starting EQCCTPro... -------
2026-02-26 22:09:02,839 - INFO - Detailed subprocess information can be found in the log file.
2026-02-26 22:09:02,839 - INFO - 
2026-02-26 22:09:03,194 - INFO - GPU disabled (CPU-only).
2026-02-26 22:09:04,671 - INFO - Configured Intra-op threads = 1
2026-02-26 22:09:04,673 - INFO - Configured Inter-op threads = 1
2026-02-26 22:09:04,715 - INFO - TensorFlow: No GPUs visible; TF will proceed on CPU.
2026-02-26 22:09:04,717 - INFO - 
2026-02-26 22:09:04,720 - INFO - ------- Hardware Configuration -------
2026-02-26 22:09:04,722 - INFO - CPU affinity set to cores: [0, 1, 2, 3]
2026-02-26 22:09:04,724 - INFO - 
2026-02-26 22:09:04,726 - INFO - ------- Data Preprocessing for EQCCTPro -------
2026-02-26 22:09:04,728 - INFO - 1 station(s) in /home/blackwinter/projects/eqcct/eqcctpro/data/waveforms_explosions_nonoise/20250104T110709Z_20250104T110809Z
2026-02-26 22:09:04,729 - INFO - Using 1 selected station(s): ['RANF'].
2026-02-26 22:09:04,731 - INFO - Creating model actor(s)...
2026-02-26 22:09:04,733 - INFO - System RAM: Total=7870 MB, Available=4101 MB
2026-02-26 22:09:04,736 - INFO - Usable RAM budget: 7083 MB (90% of total)
2026-02-26 22:09:04,738 - INFO - ===== MEMORY-AWARE CPU ACTOR POOL (EQCCT) =====
2026-02-26 22:09:04,739 - INFO - Requested concurrent tasks: 1
2026-02-26 22:09:04,741 - INFO - Available CPUs: 4
2026-02-26 22:09:04,743 - INFO - Available RAM: 7083 MB
2026-02-26 22:09:04,745 - INFO - RAM per model: 2264 MB
2026-02-26 22:09:04,747 - INFO - Max actors by RAM: 3
2026-02-26 22:09:04,748 - INFO - Creating 1 ModelActor(s)
2026-02-26 22:09:04,750 - INFO - Let Ray handle scheduling (taskset already restricts CPU visibility)
2026-02-26 22:09:04,752 - INFO - Creating ModelActor 1/1 (2.21GB RAM each)...
2026-02-26 22:09:08,648 - INFO - ModelActor 1 created successfully.
2026-02-26 22:09:08,650 - INFO - Created 1 CPU actor(s). Task queue will handle concurrency.
2026-02-26 22:09:08,652 - INFO - Starting EQCCTPro parallelized waveform processing...
2026-02-26 22:09:08,654 - INFO - 
2026-02-26 22:09:08,656 - INFO - ------- Analyzing Seismic Waveforms for P and S Picks via EQCCT -------
2026-02-26 22:09:08,659 - INFO - Analyzing 0:01:00 minute timechunk from 2025-01-04 11:07:09 to 2025-01-04 11:08:09 (0 min overlap)
2026-02-26 22:09:08,661 - INFO - Processing a total of 1 stations, 1 at a time.
2026-02-26 22:09:12,591 - INFO - (1/1) RANF: Finished the prediction in 2.08s. (HP=1.0, LP=45.0)
2026-02-26 22:09:12,593 - INFO - 
2026-02-26 22:09:12,595 - INFO - ------- Parallel Station Waveform Processing Complete For 2025-01-04 11:07:09 to 2025-01-04 11:08:09 Timechunk-------
2026-02-26 22:09:12,597 - INFO - Picks saved at /home/blackwinter/projects/eqcct/eqcctpro/results/csv/bm_explosions/20250104T110709Z_20250104T110809ZProcess Runtime: 3.94 s
2026-02-26 22:09:12,601 - INFO - Successfully ran EQCCTPro, exiting...
2026-02-26 22:09:14,230 - INFO - Ray Successfully Shutdown.
2026-02-26 22:09:14,231 - INFO - ------- Successfully Picked All Waveform(s) from all Timechunk(s) -------
2026-02-27 05:41:49,933 - INFO - 
2026-02-27 05:41:49,933 - INFO - ------- Welcome to EQCCTPro -------
2026-02-27 05:41:49,933 - INFO - 
2026-02-27 05:41:49,934 - INFO - Running EQCCT over Requested MSeed Files using CPU(s)...
2026-02-27 05:41:49,934 - INFO - GPU disabled (CPU-only).
2026-02-27 05:41:49,935 - INFO - Configured Intra-op threads = 1
2026-02-27 05:41:49,935 - INFO - Configured Inter-op threads = 1
2026-02-27 05:41:49,935 - INFO - TensorFlow: No GPUs visible; TF will proceed on CPU.
2026-02-27 05:41:49,935 - INFO - 
2026-02-27 05:41:55,327 - INFO - Ray Successfully Initialized with 4 CPU(s) ([0, 1, 2, 3] CPU Affinity Binding).
2026-02-27 05:41:55,328 - INFO - Analyzing 1 time chunk(s) from 2025-01-04 11:07:09 to 2025-01-04 11:08:09 (dt=1min, overlap=0min).
2026-02-27 05:41:55,328 - INFO - Using 1 selected station(s).
2026-02-27 05:41:55,328 - INFO - 
2026-02-27 05:41:55,328 - INFO - ------- Starting EQCCTPro... -------
2026-02-27 05:41:55,328 - INFO - Detailed subprocess information can be found in the log file.
2026-02-27 05:41:55,328 - INFO - 
2026-02-27 05:41:55,699 - INFO - GPU disabled (CPU-only).
2026-02-27 05:41:57,190 - INFO - Configured Intra-op threads = 1
2026-02-27 05:41:57,192 - INFO - Configured Inter-op threads = 1
2026-02-27 05:41:57,236 - INFO - TensorFlow: No GPUs visible; TF will proceed on CPU.
2026-02-27 05:41:57,238 - INFO - 
2026-02-27 05:41:57,240 - INFO - ------- Hardware Configuration -------
2026-02-27 05:41:57,243 - INFO - CPU affinity set to cores: [0, 1, 2, 3]
2026-02-27 05:41:57,244 - INFO - 
2026-02-27 05:41:57,246 - INFO - ------- Data Preprocessing for EQCCTPro -------
2026-02-27 05:41:57,249 - INFO - 1 station(s) in /home/blackwinter/projects/eqcct/eqcctpro/data/waveforms_explosions_nonoise/20250104T110709Z_20250104T110809Z
2026-02-27 05:41:57,251 - INFO - Using 1 selected station(s): ['RANF'].
2026-02-27 05:41:57,253 - INFO - Creating model actor(s)...
2026-02-27 05:41:57,255 - INFO - System RAM: Total=7870 MB, Available=4161 MB
2026-02-27 05:41:57,258 - INFO - Usable RAM budget: 7083 MB (90% of total)
2026-02-27 05:41:57,260 - INFO - ===== MEMORY-AWARE CPU ACTOR POOL (EQCCT) =====
2026-02-27 05:41:57,262 - INFO - Requested concurrent tasks: 1
2026-02-27 05:41:57,264 - INFO - Available CPUs: 4
2026-02-27 05:41:57,266 - INFO - Available RAM: 7083 MB
2026-02-27 05:41:57,268 - INFO - RAM per model: 2264 MB
2026-02-27 05:41:57,270 - INFO - Max actors by RAM: 3
2026-02-27 05:41:57,271 - INFO - Creating 1 ModelActor(s)
2026-02-27 05:41:57,273 - INFO - Let Ray handle scheduling (taskset already restricts CPU visibility)
2026-02-27 05:41:57,275 - INFO - Creating ModelActor 1/1 (2.21GB RAM each)...
2026-02-27 05:42:01,150 - INFO - ModelActor 1 created successfully.
2026-02-27 05:42:01,152 - INFO - Created 1 CPU actor(s). Task queue will handle concurrency.
2026-02-27 05:42:01,155 - INFO - Starting EQCCTPro parallelized waveform processing...
2026-02-27 05:42:01,157 - INFO - 
2026-02-27 05:42:01,159 - INFO - ------- Analyzing Seismic Waveforms for P and S Picks via EQCCT -------
2026-02-27 05:42:01,162 - INFO - Analyzing 0:01:00 minute timechunk from 2025-01-04 11:07:09 to 2025-01-04 11:08:09 (0 min overlap)
2026-02-27 05:42:01,164 - INFO - Processing a total of 1 stations, 1 at a time.
2026-02-27 05:42:03,054 - INFO - (1/1) RANF: Skipped (already exists - overwrite=False).
2026-02-27 05:42:03,058 - INFO - 
2026-02-27 05:42:03,060 - INFO - ------- Parallel Station Waveform Processing Complete For 2025-01-04 11:07:09 to 2025-01-04 11:08:09 Timechunk-------
2026-02-27 05:42:03,063 - INFO - Picks saved at /home/blackwinter/projects/eqcct/eqcctpro/results/csv/bm_explosions/20250104T110709Z_20250104T110809ZProcess Runtime: 1.90 s
2026-02-27 05:42:03,067 - INFO - Successfully ran EQCCTPro, exiting...
2026-02-27 05:42:04,651 - INFO - Ray Successfully Shutdown.
2026-02-27 05:42:04,651 - INFO - ------- Successfully Picked All Waveform(s) from all Timechunk(s) -------
