2026-03-28 21:37:57,079 - INFO - 
2026-03-28 21:37:57,080 - INFO - ------- Welcome to EQCCTPro -------
2026-03-28 21:37:57,080 - INFO - 
2026-03-28 21:37:57,081 - INFO - Running EQCCT over Requested MSeed Files using CPU(s)...
2026-03-28 21:37:57,081 - INFO - GPU disabled (CPU-only).
2026-03-28 22:44:13,436 - INFO - 
2026-03-28 22:44:13,436 - INFO - ------- Welcome to EQCCTPro -------
2026-03-28 22:44:13,436 - INFO - 
2026-03-28 22:44:13,437 - INFO - Running EQCCT over Requested MSeed Files using CPU(s)...
2026-03-28 22:44:13,437 - INFO - GPU disabled (CPU-only).
2026-03-28 22:44:13,438 - INFO - Configured Intra-op threads = 1
2026-03-28 22:44:13,438 - INFO - Configured Inter-op threads = 1
2026-03-28 22:44:13,438 - INFO - TensorFlow: No GPUs visible; TF will proceed on CPU.
2026-03-28 22:44:13,438 - INFO - 
2026-03-28 22:44:20,031 - INFO - Ray Successfully Initialized with 4 CPU(s) ([0, 1, 2, 3] CPU Affinity Binding).
2026-03-28 22:44:20,032 - INFO - Analyzing 1 time chunk(s) from 2025-01-05 00:33:32 to 2025-01-05 00:34:32 (dt=1min, overlap=0min).
2026-03-28 22:44:20,032 - INFO - Using 1 selected station(s).
2026-03-28 22:44:20,032 - INFO - 
2026-03-28 22:44:20,032 - INFO - ------- Starting EQCCTPro... -------
2026-03-28 22:44:20,032 - INFO - Detailed subprocess information can be found in the log file.
2026-03-28 22:44:20,032 - INFO - 
2026-03-28 22:44:20,457 - INFO - GPU disabled (CPU-only).
2026-03-28 22:44:22,182 - INFO - Configured Intra-op threads = 1
2026-03-28 22:44:22,188 - INFO - Configured Inter-op threads = 1
2026-03-28 22:44:22,235 - INFO - TensorFlow: No GPUs visible; TF will proceed on CPU.
2026-03-28 22:44:22,237 - INFO - 
2026-03-28 22:44:22,240 - INFO - ------- Hardware Configuration -------
2026-03-28 22:44:22,244 - INFO - CPU affinity set to cores: [0, 1, 2, 3]
2026-03-28 22:44:22,246 - INFO - 
2026-03-28 22:44:22,249 - INFO - ------- Data Preprocessing for EQCCTPro -------
2026-03-28 22:44:22,252 - INFO - 1 station(s) in /home/blackwinter/projects/eqcct/eqcctpro/data/waveforms_explosions_nonoise/20250105T003332Z_20250105T003432Z
2026-03-28 22:44:22,254 - INFO - Using 1 selected station(s): ['VRF'].
2026-03-28 22:44:22,257 - INFO - Creating model actor(s)...
2026-03-28 22:44:22,259 - INFO - System RAM: Total=7870 MB, Available=3793 MB
2026-03-28 22:44:22,262 - INFO - Usable RAM budget: 7083 MB (90% of total)
2026-03-28 22:44:22,264 - INFO - ===== MEMORY-AWARE CPU ACTOR POOL (EQCCT) =====
2026-03-28 22:44:22,267 - INFO - Requested concurrent tasks: 1
2026-03-28 22:44:22,270 - INFO - Available CPUs: 4
2026-03-28 22:44:22,272 - INFO - Available RAM: 7083 MB
2026-03-28 22:44:22,274 - INFO - RAM per model: 2264 MB
2026-03-28 22:44:22,277 - INFO - Max actors by RAM: 3
2026-03-28 22:44:22,279 - INFO - Creating 1 ModelActor(s)
2026-03-28 22:44:22,281 - INFO - Let Ray handle scheduling (taskset already restricts CPU visibility)
2026-03-28 22:44:22,283 - INFO - Creating ModelActor 1/1 (2.21GB RAM each)...
2026-03-28 22:44:26,923 - INFO - ModelActor 1 created successfully.
2026-03-28 22:44:26,928 - INFO - Created 1 CPU actor(s). Task queue will handle concurrency.
2026-03-28 22:44:26,931 - INFO - Starting EQCCTPro parallelized waveform processing...
2026-03-28 22:44:26,934 - INFO - 
2026-03-28 22:44:26,937 - INFO - ------- Analyzing Seismic Waveforms for P and S Picks via EQCCT -------
2026-03-28 22:44:26,940 - INFO - Analyzing 0:01:00 minute timechunk from 2025-01-05 00:33:32 to 2025-01-05 00:34:32 (0 min overlap)
2026-03-28 22:44:26,943 - INFO - Processing a total of 1 stations, 1 at a time.
2026-03-28 22:44:31,523 - INFO - (1/1) VRF: Finished the prediction in 2.51s. (HP=1.0, LP=45.0)
2026-03-28 22:44:31,526 - INFO - 
2026-03-28 22:44:31,529 - INFO - ------- Parallel Station Waveform Processing Complete For 2025-01-05 00:33:32 to 2025-01-05 00:34:32 Timechunk-------
2026-03-28 22:44:31,531 - INFO - Picks saved at /home/blackwinter/projects/eqcct/eqcctpro/results/csv/eqcct_explosions_th0_1/20250105T003332Z_20250105T003432ZProcess Runtime: 4.59 s
2026-03-28 22:44:31,538 - INFO - Successfully ran EQCCTPro, exiting...
2026-03-28 22:44:32,916 - INFO - Ray Successfully Shutdown.
2026-03-28 22:44:32,916 - INFO - ------- Successfully Picked All Waveform(s) from all Timechunk(s) -------
