2026-03-10 22:01:44,867 - INFO - 
2026-03-10 22:01:44,867 - INFO - ------- Welcome to EQCCTPro -------
2026-03-10 22:01:44,867 - INFO - 
2026-03-10 22:01:44,867 - INFO - Running EQCCT over Requested MSeed Files using CPU(s)...
2026-03-10 22:01:44,868 - INFO - GPU disabled (CPU-only).
2026-03-10 22:01:44,868 - INFO - Configured Intra-op threads = 1
2026-03-10 22:01:44,868 - INFO - Configured Inter-op threads = 1
2026-03-10 22:01:44,868 - INFO - TensorFlow: No GPUs visible; TF will proceed on CPU.
2026-03-10 22:01:44,868 - INFO - 
2026-03-10 22:01:50,236 - INFO - Ray Successfully Initialized with 4 CPU(s) ([0, 1, 2, 3] CPU Affinity Binding).
2026-03-10 22:01:50,236 - INFO - Analyzing 1 time chunk(s) from 2025-01-07 12:12:37 to 2025-01-07 12:13:37 (dt=1min, overlap=0min).
2026-03-10 22:01:50,236 - INFO - Using 1 selected station(s).
2026-03-10 22:01:50,237 - INFO - 
2026-03-10 22:01:50,237 - INFO - ------- Starting EQCCTPro... -------
2026-03-10 22:01:50,237 - INFO - Detailed subprocess information can be found in the log file.
2026-03-10 22:01:50,237 - INFO - 
2026-03-10 22:01:50,614 - INFO - GPU disabled (CPU-only).
2026-03-10 22:01:52,132 - INFO - Configured Intra-op threads = 1
2026-03-10 22:01:52,134 - INFO - Configured Inter-op threads = 1
2026-03-10 22:01:52,175 - INFO - TensorFlow: No GPUs visible; TF will proceed on CPU.
2026-03-10 22:01:52,178 - INFO - 
2026-03-10 22:01:52,180 - INFO - ------- Hardware Configuration -------
2026-03-10 22:01:52,182 - INFO - CPU affinity set to cores: [0, 1, 2, 3]
2026-03-10 22:01:52,183 - INFO - 
2026-03-10 22:01:52,185 - INFO - ------- Data Preprocessing for EQCCTPro -------
2026-03-10 22:01:52,187 - INFO - 1 station(s) in /home/blackwinter/projects/eqcct/eqcctpro/data/waveforms_noise_only/20250107T121237Z_20250107T121337Z
2026-03-10 22:01:52,189 - INFO - Using 1 selected station(s): ['LAUT'].
2026-03-10 22:01:52,190 - INFO - Creating model actor(s)...
2026-03-10 22:01:52,193 - INFO - System RAM: Total=7870 MB, Available=2911 MB
2026-03-10 22:01:52,195 - INFO - Usable RAM budget: 7083 MB (90% of total)
2026-03-10 22:01:52,197 - INFO - ===== MEMORY-AWARE CPU ACTOR POOL (EQCCT) =====
2026-03-10 22:01:52,199 - INFO - Requested concurrent tasks: 1
2026-03-10 22:01:52,201 - INFO - Available CPUs: 4
2026-03-10 22:01:52,203 - INFO - Available RAM: 7083 MB
2026-03-10 22:01:52,205 - INFO - RAM per model: 2264 MB
2026-03-10 22:01:52,207 - INFO - Max actors by RAM: 3
2026-03-10 22:01:52,208 - INFO - Creating 1 ModelActor(s)
2026-03-10 22:01:52,210 - INFO - Let Ray handle scheduling (taskset already restricts CPU visibility)
2026-03-10 22:01:52,212 - INFO - Creating ModelActor 1/1 (2.21GB RAM each)...
2026-03-10 22:01:56,197 - INFO - ModelActor 1 created successfully.
2026-03-10 22:01:56,200 - INFO - Created 1 CPU actor(s). Task queue will handle concurrency.
2026-03-10 22:01:56,202 - INFO - Starting EQCCTPro parallelized waveform processing...
2026-03-10 22:01:56,204 - INFO - 
2026-03-10 22:01:56,206 - INFO - ------- Analyzing Seismic Waveforms for P and S Picks via EQCCT -------
2026-03-10 22:01:56,209 - INFO - Analyzing 0:01:00 minute timechunk from 2025-01-07 12:12:37 to 2025-01-07 12:13:37 (0 min overlap)
2026-03-10 22:01:56,211 - INFO - Processing a total of 1 stations, 1 at a time.
2026-03-10 22:02:00,625 - INFO - (1/1) LAUT: Finished the prediction in 2.47s. (HP=1.0, LP=45.0)
2026-03-10 22:02:00,627 - INFO - 
2026-03-10 22:02:00,629 - INFO - ------- Parallel Station Waveform Processing Complete For 2025-01-07 12:12:37 to 2025-01-07 12:13:37 Timechunk-------
2026-03-10 22:02:00,631 - INFO - Picks saved at /home/blackwinter/projects/eqcct/eqcctpro/results/csv/bm_noise_only/20250107T121237Z_20250107T121337ZProcess Runtime: 4.42 s
2026-03-10 22:02:00,636 - INFO - Successfully ran EQCCTPro, exiting...
2026-03-10 22:02:02,168 - INFO - Ray Successfully Shutdown.
2026-03-10 22:02:02,168 - INFO - ------- Successfully Picked All Waveform(s) from all Timechunk(s) -------
2026-03-11 12:55:03,711 - INFO - 
2026-03-11 12:55:03,711 - INFO - ------- Welcome to EQCCTPro -------
2026-03-11 12:55:03,711 - INFO - 
2026-03-11 12:55:03,712 - INFO - Running EQCCT over Requested MSeed Files using CPU(s)...
2026-03-11 12:55:03,712 - INFO - GPU disabled (CPU-only).
2026-03-11 12:55:03,713 - INFO - Configured Intra-op threads = 1
2026-03-11 12:55:03,713 - INFO - Configured Inter-op threads = 1
2026-03-11 12:55:03,713 - INFO - TensorFlow: No GPUs visible; TF will proceed on CPU.
2026-03-11 12:55:03,713 - INFO - 
2026-03-11 12:55:09,387 - INFO - Ray Successfully Initialized with 4 CPU(s) ([0, 1, 2, 3] CPU Affinity Binding).
2026-03-11 12:55:09,387 - INFO - Analyzing 1 time chunk(s) from 2025-01-07 12:12:37 to 2025-01-07 12:13:37 (dt=1min, overlap=0min).
2026-03-11 12:55:09,387 - INFO - Using 1 selected station(s).
2026-03-11 12:55:09,388 - INFO - 
2026-03-11 12:55:09,388 - INFO - ------- Starting EQCCTPro... -------
2026-03-11 12:55:09,388 - INFO - Detailed subprocess information can be found in the log file.
2026-03-11 12:55:09,388 - INFO - 
2026-03-11 12:55:09,788 - INFO - GPU disabled (CPU-only).
2026-03-11 12:55:11,344 - INFO - Configured Intra-op threads = 1
2026-03-11 12:55:11,347 - INFO - Configured Inter-op threads = 1
2026-03-11 12:55:11,394 - INFO - TensorFlow: No GPUs visible; TF will proceed on CPU.
2026-03-11 12:55:11,396 - INFO - 
2026-03-11 12:55:11,398 - INFO - ------- Hardware Configuration -------
2026-03-11 12:55:11,401 - INFO - CPU affinity set to cores: [0, 1, 2, 3]
2026-03-11 12:55:11,402 - INFO - 
2026-03-11 12:55:11,404 - INFO - ------- Data Preprocessing for EQCCTPro -------
2026-03-11 12:55:11,407 - INFO - 1 station(s) in /home/blackwinter/projects/eqcct/eqcctpro/data/waveforms_noise_only/20250107T121237Z_20250107T121337Z
2026-03-11 12:55:11,408 - INFO - Using 1 selected station(s): ['LAUT'].
2026-03-11 12:55:11,411 - INFO - Creating model actor(s)...
2026-03-11 12:55:11,413 - INFO - System RAM: Total=7870 MB, Available=3798 MB
2026-03-11 12:55:11,415 - INFO - Usable RAM budget: 7083 MB (90% of total)
2026-03-11 12:55:11,417 - INFO - ===== MEMORY-AWARE CPU ACTOR POOL (EQCCT) =====
2026-03-11 12:55:11,418 - INFO - Requested concurrent tasks: 1
2026-03-11 12:55:11,420 - INFO - Available CPUs: 4
2026-03-11 12:55:11,422 - INFO - Available RAM: 7083 MB
2026-03-11 12:55:11,424 - INFO - RAM per model: 2264 MB
2026-03-11 12:55:11,425 - INFO - Max actors by RAM: 3
2026-03-11 12:55:11,427 - INFO - Creating 1 ModelActor(s)
2026-03-11 12:55:11,429 - INFO - Let Ray handle scheduling (taskset already restricts CPU visibility)
2026-03-11 12:55:11,431 - INFO - Creating ModelActor 1/1 (2.21GB RAM each)...
2026-03-11 12:55:15,354 - INFO - ModelActor 1 created successfully.
2026-03-11 12:55:15,356 - INFO - Created 1 CPU actor(s). Task queue will handle concurrency.
2026-03-11 12:55:15,358 - INFO - Starting EQCCTPro parallelized waveform processing...
2026-03-11 12:55:15,360 - INFO - 
2026-03-11 12:55:15,361 - INFO - ------- Analyzing Seismic Waveforms for P and S Picks via EQCCT -------
2026-03-11 12:55:15,364 - INFO - Analyzing 0:01:00 minute timechunk from 2025-01-07 12:12:37 to 2025-01-07 12:13:37 (0 min overlap)
2026-03-11 12:55:15,365 - INFO - Processing a total of 1 stations, 1 at a time.
2026-03-11 12:55:17,258 - INFO - (1/1) LAUT: Skipped (already exists - overwrite=False).
2026-03-11 12:55:17,261 - INFO - 
2026-03-11 12:55:17,263 - INFO - ------- Parallel Station Waveform Processing Complete For 2025-01-07 12:12:37 to 2025-01-07 12:13:37 Timechunk-------
2026-03-11 12:55:17,265 - INFO - Picks saved at /home/blackwinter/projects/eqcct/eqcctpro/results/csv/bm_noise_only/20250107T121237Z_20250107T121337ZProcess Runtime: 1.90 s
2026-03-11 12:55:17,270 - INFO - Successfully ran EQCCTPro, exiting...
2026-03-11 12:55:18,993 - INFO - Ray Successfully Shutdown.
2026-03-11 12:55:18,993 - INFO - ------- Successfully Picked All Waveform(s) from all Timechunk(s) -------
