2026-02-23 18:17:40,311 - INFO - 
2026-02-23 18:17:40,311 - INFO - ------- Welcome to EQCCTPro -------
2026-02-23 18:17:40,311 - INFO - 
2026-02-23 18:17:40,312 - INFO - Running EQCCT over Requested MSeed Files using CPU(s)...
2026-02-23 18:17:40,312 - INFO - GPU disabled (CPU-only).
2026-02-23 18:17:40,312 - INFO - Configured Intra-op threads = 1
2026-02-23 18:17:40,312 - INFO - Configured Inter-op threads = 1
2026-02-23 18:17:40,312 - INFO - TensorFlow: No GPUs visible; TF will proceed on CPU.
2026-02-23 18:17:40,313 - INFO - 
2026-02-23 18:17:45,871 - INFO - Ray Successfully Initialized with 4 CPU(s) ([0, 1, 2, 3] CPU Affinity Binding).
2026-02-23 18:17:45,871 - INFO - Analyzing 1 time chunk(s) from 2025-01-31 18:12:37 to 2025-01-31 18:13:37 (dt=1min, overlap=0min).
2026-02-23 18:17:45,872 - INFO - Using 1 selected station(s).
2026-02-23 18:17:45,872 - INFO - 
2026-02-23 18:17:45,872 - INFO - ------- Starting EQCCTPro... -------
2026-02-23 18:17:45,872 - INFO - Detailed subprocess information can be found in the log file.
2026-02-23 18:17:45,872 - INFO - 
2026-02-23 18:17:46,242 - INFO - GPU disabled (CPU-only).
2026-02-23 18:17:47,753 - INFO - Configured Intra-op threads = 1
2026-02-23 18:17:47,756 - INFO - Configured Inter-op threads = 1
2026-02-23 18:17:47,798 - INFO - TensorFlow: No GPUs visible; TF will proceed on CPU.
2026-02-23 18:17:47,801 - INFO - 
2026-02-23 18:17:47,803 - INFO - ------- Hardware Configuration -------
2026-02-23 18:17:47,805 - INFO - CPU affinity set to cores: [0, 1, 2, 3]
2026-02-23 18:17:47,807 - INFO - 
2026-02-23 18:17:47,809 - INFO - ------- Data Preprocessing for EQCCTPro -------
2026-02-23 18:17:47,811 - INFO - 1 station(s) in /home/blackwinter/projects/eqcct/eqcctpro/data/waveforms_earthquakes_noise_only/20250131T181237Z_20250131T181337Z
2026-02-23 18:17:47,812 - INFO - Using 1 selected station(s): ['KY02'].
2026-02-23 18:17:47,814 - INFO - Creating model actor(s)...
2026-02-23 18:17:47,816 - INFO - System RAM: Total=7870 MB, Available=4051 MB
2026-02-23 18:17:47,818 - INFO - Usable RAM budget: 7083 MB (90% of total)
2026-02-23 18:17:47,820 - INFO - ===== MEMORY-AWARE CPU ACTOR POOL (EQCCT) =====
2026-02-23 18:17:47,822 - INFO - Requested concurrent tasks: 1
2026-02-23 18:17:47,824 - INFO - Available CPUs: 4
2026-02-23 18:17:47,826 - INFO - Available RAM: 7083 MB
2026-02-23 18:17:47,828 - INFO - RAM per model: 2264 MB
2026-02-23 18:17:47,830 - INFO - Max actors by RAM: 3
2026-02-23 18:17:47,833 - INFO - Creating 1 ModelActor(s)
2026-02-23 18:17:47,835 - INFO - Let Ray handle scheduling (taskset already restricts CPU visibility)
2026-02-23 18:17:47,837 - INFO - Creating ModelActor 1/1 (2.21GB RAM each)...
2026-02-23 18:17:51,718 - INFO - ModelActor 1 created successfully.
2026-02-23 18:17:51,720 - INFO - Created 1 CPU actor(s). Task queue will handle concurrency.
2026-02-23 18:17:51,723 - INFO - Starting EQCCTPro parallelized waveform processing...
2026-02-23 18:17:51,725 - INFO - 
2026-02-23 18:17:51,727 - INFO - ------- Analyzing Seismic Waveforms for P and S Picks via EQCCT -------
2026-02-23 18:17:51,730 - INFO - Analyzing 0:01:00 minute timechunk from 2025-01-31 18:12:37 to 2025-01-31 18:13:37 (0 min overlap)
2026-02-23 18:17:51,732 - INFO - Processing a total of 1 stations, 1 at a time.
2026-02-23 18:17:55,800 - INFO - (1/1) KY02: Finished the prediction in 2.14s. (HP=1.0, LP=45.0)
2026-02-23 18:17:55,802 - INFO - 
2026-02-23 18:17:55,804 - INFO - ------- Parallel Station Waveform Processing Complete For 2025-01-31 18:12:37 to 2025-01-31 18:13:37 Timechunk-------
2026-02-23 18:17:55,807 - INFO - Picks saved at /home/blackwinter/projects/eqcct/eqcctpro/results/csv/bm_eq_noise_only/20250131T181237Z_20250131T181337ZProcess Runtime: 4.08 s
2026-02-23 18:17:55,811 - INFO - Successfully ran EQCCTPro, exiting...
2026-02-23 18:17:57,123 - INFO - Ray Successfully Shutdown.
2026-02-23 18:17:57,123 - INFO - ------- Successfully Picked All Waveform(s) from all Timechunk(s) -------
