2026-03-28 21:38:00,179 - INFO - 
2026-03-28 21:38:00,179 - INFO - ------- Welcome to EQCCTPro -------
2026-03-28 21:38:00,179 - INFO - 
2026-03-28 21:38:00,180 - INFO - Running EQCCT over Requested MSeed Files using CPU(s)...
2026-03-28 21:38:00,180 - INFO - GPU disabled (CPU-only).
2026-03-29 05:13:01,340 - INFO - 
2026-03-29 05:13:01,340 - INFO - ------- Welcome to EQCCTPro -------
2026-03-29 05:13:01,340 - INFO - 
2026-03-29 05:13:01,341 - INFO - Running EQCCT over Requested MSeed Files using CPU(s)...
2026-03-29 05:13:01,341 - INFO - GPU disabled (CPU-only).
2026-03-29 05:13:01,342 - INFO - Configured Intra-op threads = 1
2026-03-29 05:13:01,342 - INFO - Configured Inter-op threads = 1
2026-03-29 05:13:01,342 - INFO - TensorFlow: No GPUs visible; TF will proceed on CPU.
2026-03-29 05:13:01,342 - INFO - 
2026-03-29 05:13:06,580 - INFO - Ray Successfully Initialized with 4 CPU(s) ([0, 1, 2, 3] CPU Affinity Binding).
2026-03-29 05:13:06,580 - INFO - Analyzing 1 time chunk(s) from 2025-01-20 09:14:29 to 2025-01-20 09:15:29 (dt=1min, overlap=0min).
2026-03-29 05:13:06,580 - INFO - Using 1 selected station(s).
2026-03-29 05:13:06,581 - INFO - 
2026-03-29 05:13:06,581 - INFO - ------- Starting EQCCTPro... -------
2026-03-29 05:13:06,581 - INFO - Detailed subprocess information can be found in the log file.
2026-03-29 05:13:06,582 - INFO - 
2026-03-29 05:13:07,021 - INFO - GPU disabled (CPU-only).
2026-03-29 05:13:08,644 - INFO - Configured Intra-op threads = 1
2026-03-29 05:13:08,647 - INFO - Configured Inter-op threads = 1
2026-03-29 05:13:08,696 - INFO - TensorFlow: No GPUs visible; TF will proceed on CPU.
2026-03-29 05:13:08,699 - INFO - 
2026-03-29 05:13:08,701 - INFO - ------- Hardware Configuration -------
2026-03-29 05:13:08,704 - INFO - CPU affinity set to cores: [0, 1, 2, 3]
2026-03-29 05:13:08,707 - INFO - 
2026-03-29 05:13:08,710 - INFO - ------- Data Preprocessing for EQCCTPro -------
2026-03-29 05:13:08,713 - INFO - 1 station(s) in /home/blackwinter/projects/eqcct/eqcctpro/data/waveforms_explosions_nonoise/20250120T091429Z_20250120T091529Z
2026-03-29 05:13:08,715 - INFO - Using 1 selected station(s): ['RMF'].
2026-03-29 05:13:08,718 - INFO - Creating model actor(s)...
2026-03-29 05:13:08,720 - INFO - System RAM: Total=7870 MB, Available=3017 MB
2026-03-29 05:13:08,723 - INFO - Usable RAM budget: 7083 MB (90% of total)
2026-03-29 05:13:08,725 - INFO - ===== MEMORY-AWARE CPU ACTOR POOL (EQCCT) =====
2026-03-29 05:13:08,728 - INFO - Requested concurrent tasks: 1
2026-03-29 05:13:08,731 - INFO - Available CPUs: 4
2026-03-29 05:13:08,733 - INFO - Available RAM: 7083 MB
2026-03-29 05:13:08,736 - INFO - RAM per model: 2264 MB
2026-03-29 05:13:08,739 - INFO - Max actors by RAM: 3
2026-03-29 05:13:08,742 - INFO - Creating 1 ModelActor(s)
2026-03-29 05:13:08,744 - INFO - Let Ray handle scheduling (taskset already restricts CPU visibility)
2026-03-29 05:13:08,747 - INFO - Creating ModelActor 1/1 (2.21GB RAM each)...
2026-03-29 05:13:13,092 - INFO - ModelActor 1 created successfully.
2026-03-29 05:13:13,094 - INFO - Created 1 CPU actor(s). Task queue will handle concurrency.
2026-03-29 05:13:13,097 - INFO - Starting EQCCTPro parallelized waveform processing...
2026-03-29 05:13:13,099 - INFO - 
2026-03-29 05:13:13,102 - INFO - ------- Analyzing Seismic Waveforms for P and S Picks via EQCCT -------
2026-03-29 05:13:13,105 - INFO - Analyzing 0:01:00 minute timechunk from 2025-01-20 09:14:29 to 2025-01-20 09:15:29 (0 min overlap)
2026-03-29 05:13:13,107 - INFO - Processing a total of 1 stations, 1 at a time.
2026-03-29 05:13:17,587 - INFO - (1/1) RMF: Finished the prediction in 2.37s. (HP=1.0, LP=45.0)
2026-03-29 05:13:17,590 - INFO - 
2026-03-29 05:13:17,592 - INFO - ------- Parallel Station Waveform Processing Complete For 2025-01-20 09:14:29 to 2025-01-20 09:15:29 Timechunk-------
2026-03-29 05:13:17,596 - INFO - Picks saved at /home/blackwinter/projects/eqcct/eqcctpro/results/csv/eqcct_explosions_th0_1/20250120T091429Z_20250120T091529ZProcess Runtime: 4.49 s
2026-03-29 05:13:17,603 - INFO - Successfully ran EQCCTPro, exiting...
2026-03-29 05:13:19,245 - INFO - Ray Successfully Shutdown.
2026-03-29 05:13:19,245 - INFO - ------- Successfully Picked All Waveform(s) from all Timechunk(s) -------
