2026-03-28 16:12:50,546 - INFO - 
2026-03-28 16:12:50,546 - INFO - ------- Welcome to EQCCTPro -------
2026-03-28 16:12:50,546 - INFO - 
2026-03-28 16:12:50,547 - INFO - Running EQCCT over Requested MSeed Files using CPU(s)...
2026-03-28 16:12:50,547 - INFO - GPU disabled (CPU-only).
2026-03-28 16:12:50,547 - INFO - Skipping framework-specific initialization in the driver process.
2026-03-28 16:12:53,195 - INFO - Ray Successfully Initialized with 4 CPU(s) ([0, 1, 2, 3] CPU Affinity Binding).
2026-03-28 16:12:53,196 - INFO - Analyzing 1 time chunk(s) from 2025-01-05 00:33:21 to 2025-01-05 00:34:21 (dt=1min, overlap=0min).
2026-03-28 16:12:53,196 - INFO - Using 1 selected station(s).
2026-03-28 16:12:53,196 - INFO - 
2026-03-28 16:12:53,197 - INFO - ------- Starting EQCCTPro... -------
2026-03-28 16:12:53,197 - INFO - Detailed subprocess information can be found in the log file.
2026-03-28 16:12:53,197 - INFO - 
2026-03-28 16:12:53,569 - INFO - GPU disabled (CPU-only).
2026-03-28 16:12:53,575 - INFO - Skipping framework-specific initialization in the driver process.
2026-03-28 16:12:53,578 - INFO - ------- Hardware Configuration -------
2026-03-28 16:12:53,581 - INFO - CPU affinity set to cores: [0, 1, 2, 3]
2026-03-28 16:12:53,584 - INFO - 
2026-03-28 16:12:53,586 - INFO - ------- Data Preprocessing for EQCCTPro -------
2026-03-28 16:12:53,589 - INFO - 1 station(s) in /home/blackwinter/projects/eqcct/eqcctpro/data/waveforms_explosions_nonoise/20250105T003321Z_20250105T003421Z
2026-03-28 16:12:53,592 - INFO - Using 1 selected station(s): ['HEF'].
2026-03-28 16:12:53,595 - INFO - Creating model actor(s)...
2026-03-28 16:12:53,598 - INFO - System RAM: Total=7870 MB, Available=4405 MB
2026-03-28 16:12:53,601 - INFO - Usable RAM budget: 7083 MB (90% of total)
2026-03-28 16:12:53,604 - INFO - ===== MEMORY-AWARE CPU ACTOR POOL =====
2026-03-28 16:12:53,607 - INFO - Requested concurrent tasks: 1
2026-03-28 16:12:53,609 - INFO - Available CPUs: 4
2026-03-28 16:12:53,612 - INFO - Available RAM: 7083 MB
2026-03-28 16:12:53,615 - INFO - RAM per model: 2060 MB
2026-03-28 16:12:53,618 - INFO - Max actors by RAM: 3
2026-03-28 16:12:53,621 - INFO - Creating 1 SeisBenchModelActor(s)
2026-03-28 16:12:53,624 - INFO - Let Ray handle scheduling (taskset already restricts CPU visibility)
2026-03-28 16:12:53,627 - INFO - Creating SeisBenchModelActor 1/1 (2.01GB RAM each)...
2026-03-28 16:12:57,011 - INFO - SeisBenchModelActor 1 created successfully.
2026-03-28 16:12:57,013 - INFO - Created 1 CPU actor(s). Task queue will handle concurrency.
2026-03-28 16:12:57,017 - INFO - Starting EQCCTPro parallelized waveform processing...
2026-03-28 16:12:57,020 - INFO - 
2026-03-28 16:12:57,022 - INFO - ------- Analyzing Seismic Waveforms for P and S Picks via SeisBench (EQTransformer - original_nonconservative) -------
2026-03-28 16:12:57,025 - INFO - Analyzing 0:01:00 minute timechunk from 2025-01-05 00:33:21 to 2025-01-05 00:34:21 (0 min overlap)
2026-03-28 16:12:57,028 - INFO - Processing a total of 1 stations, 1 at a time.
2026-03-28 16:12:59,444 - INFO - (1/1) HEF: Finished the prediction in 0.14s. (HP=1.0, LP=45.0, picks=1)
2026-03-28 16:12:59,446 - INFO - 
2026-03-28 16:12:59,450 - INFO - ------- Parallel Station Waveform Processing Complete For 2025-01-05 00:33:21 to 2025-01-05 00:34:21 Timechunk-------
2026-03-28 16:12:59,454 - INFO - Picks saved at /home/blackwinter/projects/eqcct/eqcctpro/results/csv/eqt_explosions_th0_1/20250105T003321Z_20250105T003421ZProcess Runtime: 2.43 s
2026-03-28 16:12:59,471 - INFO - Successfully ran EQCCTPro, exiting...
2026-03-28 16:13:00,975 - INFO - Ray Successfully Shutdown.
2026-03-28 16:13:00,976 - INFO - ------- Successfully Picked All Waveform(s) from all Timechunk(s) -------
