2026-03-28 13:00:05,841 - INFO - 
2026-03-28 13:00:05,841 - INFO - ------- Welcome to EQCCTPro -------
2026-03-28 13:00:05,842 - INFO - 
2026-03-28 13:00:05,842 - INFO - Running EQCCT over Requested MSeed Files using CPU(s)...
2026-03-28 13:00:05,843 - INFO - GPU disabled (CPU-only).
2026-03-28 13:00:05,843 - INFO - Skipping framework-specific initialization in the driver process.
2026-03-28 13:00:07,515 - INFO - Ray Successfully Initialized with 4 CPU(s) ([0, 1, 2, 3] CPU Affinity Binding).
2026-03-28 13:00:07,515 - INFO - Analyzing 1 time chunk(s) from 2025-01-11 06:09:05 to 2025-01-11 06:10:05 (dt=1min, overlap=0min).
2026-03-28 13:00:07,515 - INFO - Using 1 selected station(s).
2026-03-28 13:00:07,515 - INFO - 
2026-03-28 13:00:07,515 - INFO - ------- Starting EQCCTPro... -------
2026-03-28 13:00:07,515 - INFO - Detailed subprocess information can be found in the log file.
2026-03-28 13:00:07,516 - INFO - 
2026-03-28 13:00:07,830 - INFO - GPU disabled (CPU-only).
2026-03-28 13:00:07,835 - INFO - Skipping framework-specific initialization in the driver process.
2026-03-28 13:00:07,838 - INFO - ------- Hardware Configuration -------
2026-03-28 13:00:07,841 - INFO - CPU affinity set to cores: [0, 1, 2, 3]
2026-03-28 13:00:07,843 - INFO - 
2026-03-28 13:00:07,845 - INFO - ------- Data Preprocessing for EQCCTPro -------
2026-03-28 13:00:07,847 - INFO - 1 station(s) in /home/blackwinter/projects/eqcct/eqcctpro/data/waveforms_noise_only/20250111T060905Z_20250111T061005Z
2026-03-28 13:00:07,850 - INFO - Using 1 selected station(s): ['FIC3'].
2026-03-28 13:00:07,860 - INFO - Creating model actor(s)...
2026-03-28 13:00:07,863 - INFO - System RAM: Total=7870 MB, Available=4379 MB
2026-03-28 13:00:07,866 - INFO - Usable RAM budget: 7083 MB (90% of total)
2026-03-28 13:00:07,869 - INFO - ===== MEMORY-AWARE CPU ACTOR POOL =====
2026-03-28 13:00:07,873 - INFO - Requested concurrent tasks: 1
2026-03-28 13:00:07,880 - INFO - Available CPUs: 4
2026-03-28 13:00:07,884 - INFO - Available RAM: 7083 MB
2026-03-28 13:00:07,888 - INFO - RAM per model: 2060 MB
2026-03-28 13:00:07,892 - INFO - Max actors by RAM: 3
2026-03-28 13:00:07,896 - INFO - Creating 1 SeisBenchModelActor(s)
2026-03-28 13:00:07,902 - INFO - Let Ray handle scheduling (taskset already restricts CPU visibility)
2026-03-28 13:00:07,906 - INFO - Creating SeisBenchModelActor 1/1 (2.01GB RAM each)...
2026-03-28 13:00:11,166 - INFO - SeisBenchModelActor 1 created successfully.
2026-03-28 13:00:11,169 - INFO - Created 1 CPU actor(s). Task queue will handle concurrency.
2026-03-28 13:00:11,171 - INFO - Starting EQCCTPro parallelized waveform processing...
2026-03-28 13:00:11,174 - INFO - 
2026-03-28 13:00:11,176 - INFO - ------- Analyzing Seismic Waveforms for P and S Picks via SeisBench (EQTransformer - original_nonconservative) -------
2026-03-28 13:00:11,179 - INFO - Analyzing 0:01:00 minute timechunk from 2025-01-11 06:09:05 to 2025-01-11 06:10:05 (0 min overlap)
2026-03-28 13:00:11,184 - INFO - Processing a total of 1 stations, 1 at a time.
2026-03-28 13:00:13,601 - INFO - (1/1) FIC3: Finished the prediction in 0.14s. (HP=1.0, LP=45.0, picks=0)
2026-03-28 13:00:13,604 - INFO - 
2026-03-28 13:00:13,607 - INFO - ------- Parallel Station Waveform Processing Complete For 2025-01-11 06:09:05 to 2025-01-11 06:10:05 Timechunk-------
2026-03-28 13:00:13,610 - INFO - Picks saved at /home/blackwinter/projects/eqcct/eqcctpro/results/csv/eqt_noise_th0_1/20250111T060905Z_20250111T061005ZProcess Runtime: 2.43 s
2026-03-28 13:00:13,615 - INFO - Successfully ran EQCCTPro, exiting...
2026-03-28 13:00:15,437 - INFO - Ray Successfully Shutdown.
2026-03-28 13:00:15,437 - INFO - ------- Successfully Picked All Waveform(s) from all Timechunk(s) -------
