2026-03-28 18:28:32,674 - INFO - 
2026-03-28 18:28:32,674 - INFO - ------- Welcome to EQCCTPro -------
2026-03-28 18:28:32,674 - INFO - 
2026-03-28 18:28:32,675 - INFO - Running EQCCT over Requested MSeed Files using CPU(s)...
2026-03-28 18:28:32,675 - INFO - GPU disabled (CPU-only).
2026-03-28 18:28:32,675 - INFO - Skipping framework-specific initialization in the driver process.
2026-03-28 18:28:35,316 - INFO - Ray Successfully Initialized with 4 CPU(s) ([0, 1, 2, 3] CPU Affinity Binding).
2026-03-28 18:28:35,316 - INFO - Analyzing 1 time chunk(s) from 2025-01-15 15:21:41 to 2025-01-15 15:22:41 (dt=1min, overlap=0min).
2026-03-28 18:28:35,316 - INFO - Using 1 selected station(s).
2026-03-28 18:28:35,317 - INFO - 
2026-03-28 18:28:35,317 - INFO - ------- Starting EQCCTPro... -------
2026-03-28 18:28:35,317 - INFO - Detailed subprocess information can be found in the log file.
2026-03-28 18:28:35,317 - INFO - 
2026-03-28 18:28:35,661 - INFO - GPU disabled (CPU-only).
2026-03-28 18:28:35,666 - INFO - Skipping framework-specific initialization in the driver process.
2026-03-28 18:28:35,669 - INFO - ------- Hardware Configuration -------
2026-03-28 18:28:35,672 - INFO - CPU affinity set to cores: [0, 1, 2, 3]
2026-03-28 18:28:35,675 - INFO - 
2026-03-28 18:28:35,678 - INFO - ------- Data Preprocessing for EQCCTPro -------
2026-03-28 18:28:35,681 - INFO - 1 station(s) in /home/blackwinter/projects/eqcct/eqcctpro/data/waveforms_explosions_nonoise/20250115T152141Z_20250115T152241Z
2026-03-28 18:28:35,684 - INFO - Using 1 selected station(s): ['KPF'].
2026-03-28 18:28:35,687 - INFO - Creating model actor(s)...
2026-03-28 18:28:35,689 - INFO - System RAM: Total=7870 MB, Available=4155 MB
2026-03-28 18:28:35,692 - INFO - Usable RAM budget: 7083 MB (90% of total)
2026-03-28 18:28:35,694 - INFO - ===== MEMORY-AWARE CPU ACTOR POOL =====
2026-03-28 18:28:35,697 - INFO - Requested concurrent tasks: 1
2026-03-28 18:28:35,700 - INFO - Available CPUs: 4
2026-03-28 18:28:35,703 - INFO - Available RAM: 7083 MB
2026-03-28 18:28:35,708 - INFO - RAM per model: 2060 MB
2026-03-28 18:28:35,711 - INFO - Max actors by RAM: 3
2026-03-28 18:28:35,714 - INFO - Creating 1 SeisBenchModelActor(s)
2026-03-28 18:28:35,718 - INFO - Let Ray handle scheduling (taskset already restricts CPU visibility)
2026-03-28 18:28:35,721 - INFO - Creating SeisBenchModelActor 1/1 (2.01GB RAM each)...
2026-03-28 18:28:39,132 - INFO - SeisBenchModelActor 1 created successfully.
2026-03-28 18:28:39,135 - INFO - Created 1 CPU actor(s). Task queue will handle concurrency.
2026-03-28 18:28:39,137 - INFO - Starting EQCCTPro parallelized waveform processing...
2026-03-28 18:28:39,140 - INFO - 
2026-03-28 18:28:39,142 - INFO - ------- Analyzing Seismic Waveforms for P and S Picks via SeisBench (EQTransformer - original_nonconservative) -------
2026-03-28 18:28:39,145 - INFO - Analyzing 0:01:00 minute timechunk from 2025-01-15 15:21:41 to 2025-01-15 15:22:41 (0 min overlap)
2026-03-28 18:28:39,148 - INFO - Processing a total of 1 stations, 1 at a time.
2026-03-28 18:28:41,548 - INFO - (1/1) KPF: Finished the prediction in 0.14s. (HP=1.0, LP=45.0, picks=2)
2026-03-28 18:28:41,551 - INFO - 
2026-03-28 18:28:41,554 - INFO - ------- Parallel Station Waveform Processing Complete For 2025-01-15 15:21:41 to 2025-01-15 15:22:41 Timechunk-------
2026-03-28 18:28:41,557 - INFO - Picks saved at /home/blackwinter/projects/eqcct/eqcctpro/results/csv/eqt_explosions_th0_1/20250115T152141Z_20250115T152241ZProcess Runtime: 2.41 s
2026-03-28 18:28:41,564 - INFO - Successfully ran EQCCTPro, exiting...
2026-03-28 18:28:43,293 - INFO - Ray Successfully Shutdown.
2026-03-28 18:28:43,294 - INFO - ------- Successfully Picked All Waveform(s) from all Timechunk(s) -------
