2026-02-23 23:42:12,090 - INFO - 
2026-02-23 23:42:12,090 - INFO - ------- Welcome to EQCCTPro -------
2026-02-23 23:42:12,090 - INFO - 
2026-02-23 23:42:12,090 - INFO - Running EQCCT over Requested MSeed Files using CPU(s)...
2026-02-23 23:42:12,091 - INFO - GPU disabled (CPU-only).
2026-02-23 23:42:12,091 - INFO - Configured Intra-op threads = 1
2026-02-23 23:42:12,091 - INFO - Configured Inter-op threads = 1
2026-02-23 23:42:12,091 - INFO - TensorFlow: No GPUs visible; TF will proceed on CPU.
2026-02-23 23:42:12,091 - INFO - 
2026-02-23 23:42:17,637 - INFO - Ray Successfully Initialized with 4 CPU(s) ([0, 1, 2, 3] CPU Affinity Binding).
2026-02-23 23:42:17,637 - INFO - Analyzing 1 time chunk(s) from 2025-05-05 18:58:47 to 2025-05-05 18:59:47 (dt=1min, overlap=0min).
2026-02-23 23:42:17,637 - INFO - Using 1 selected station(s).
2026-02-23 23:42:17,637 - INFO - 
2026-02-23 23:42:17,638 - INFO - ------- Starting EQCCTPro... -------
2026-02-23 23:42:17,638 - INFO - Detailed subprocess information can be found in the log file.
2026-02-23 23:42:17,638 - INFO - 
2026-02-23 23:42:18,003 - INFO - GPU disabled (CPU-only).
2026-02-23 23:42:19,547 - INFO - Configured Intra-op threads = 1
2026-02-23 23:42:19,550 - INFO - Configured Inter-op threads = 1
2026-02-23 23:42:19,589 - INFO - TensorFlow: No GPUs visible; TF will proceed on CPU.
2026-02-23 23:42:19,591 - INFO - 
2026-02-23 23:42:19,593 - INFO - ------- Hardware Configuration -------
2026-02-23 23:42:19,595 - INFO - CPU affinity set to cores: [0, 1, 2, 3]
2026-02-23 23:42:19,597 - INFO - 
2026-02-23 23:42:19,599 - INFO - ------- Data Preprocessing for EQCCTPro -------
2026-02-23 23:42:19,600 - INFO - 1 station(s) in /home/blackwinter/projects/eqcct/eqcctpro/data/waveforms_earthquakes_noise_only/20250505T185847Z_20250505T185947Z
2026-02-23 23:42:19,602 - INFO - Using 1 selected station(s): ['FIB3'].
2026-02-23 23:42:19,604 - INFO - Creating model actor(s)...
2026-02-23 23:42:19,606 - INFO - System RAM: Total=7870 MB, Available=2731 MB
2026-02-23 23:42:19,608 - INFO - Usable RAM budget: 7083 MB (90% of total)
2026-02-23 23:42:19,610 - INFO - ===== MEMORY-AWARE CPU ACTOR POOL (EQCCT) =====
2026-02-23 23:42:19,612 - INFO - Requested concurrent tasks: 1
2026-02-23 23:42:19,615 - INFO - Available CPUs: 4
2026-02-23 23:42:19,617 - INFO - Available RAM: 7083 MB
2026-02-23 23:42:19,618 - INFO - RAM per model: 2264 MB
2026-02-23 23:42:19,621 - INFO - Max actors by RAM: 3
2026-02-23 23:42:19,623 - INFO - Creating 1 ModelActor(s)
2026-02-23 23:42:19,625 - INFO - Let Ray handle scheduling (taskset already restricts CPU visibility)
2026-02-23 23:42:19,628 - INFO - Creating ModelActor 1/1 (2.21GB RAM each)...
2026-02-23 23:42:23,480 - INFO - ModelActor 1 created successfully.
2026-02-23 23:42:23,482 - INFO - Created 1 CPU actor(s). Task queue will handle concurrency.
2026-02-23 23:42:23,484 - INFO - Starting EQCCTPro parallelized waveform processing...
2026-02-23 23:42:23,486 - INFO - 
2026-02-23 23:42:23,488 - INFO - ------- Analyzing Seismic Waveforms for P and S Picks via EQCCT -------
2026-02-23 23:42:23,490 - INFO - Analyzing 0:01:00 minute timechunk from 2025-05-05 18:58:47 to 2025-05-05 18:59:47 (0 min overlap)
2026-02-23 23:42:23,493 - INFO - Processing a total of 1 stations, 1 at a time.
2026-02-23 23:42:27,879 - INFO - (1/1) FIB3: Finished the prediction in 2.2s. (HP=1.0, LP=45.0)
2026-02-23 23:42:27,887 - INFO - 
2026-02-23 23:42:27,889 - INFO - ------- Parallel Station Waveform Processing Complete For 2025-05-05 18:58:47 to 2025-05-05 18:59:47 Timechunk-------
2026-02-23 23:42:27,891 - INFO - Picks saved at /home/blackwinter/projects/eqcct/eqcctpro/results/csv/bm_eq_noise_only/20250505T185847Z_20250505T185947ZProcess Runtime: 4.40 s
2026-02-23 23:42:27,897 - INFO - Successfully ran EQCCTPro, exiting...
2026-02-23 23:42:29,513 - INFO - Ray Successfully Shutdown.
2026-02-23 23:42:29,513 - INFO - ------- Successfully Picked All Waveform(s) from all Timechunk(s) -------
