2026-03-27 18:23:44,014 - INFO - 
2026-03-27 18:23:44,014 - INFO - ------- Welcome to EQCCTPro -------
2026-03-27 18:23:44,014 - INFO - 
2026-03-27 18:23:44,014 - INFO - Running EQCCT over Requested MSeed Files using CPU(s)...
2026-03-27 18:23:44,014 - INFO - GPU disabled (CPU-only).
2026-03-27 18:23:44,014 - INFO - Skipping framework-specific initialization in the driver process.
2026-03-27 18:23:46,386 - INFO - Ray Successfully Initialized with 4 CPU(s) ([0, 1, 2, 3] CPU Affinity Binding).
2026-03-27 18:23:46,387 - INFO - Analyzing 1 time chunk(s) from 2025-04-25 21:13:23 to 2025-04-25 21:14:23 (dt=1min, overlap=0min).
2026-03-27 18:23:46,387 - INFO - Using 2 selected station(s).
2026-03-27 18:23:46,387 - INFO - 
2026-03-27 18:23:46,387 - INFO - ------- Starting EQCCTPro... -------
2026-03-27 18:23:46,387 - INFO - Detailed subprocess information can be found in the log file.
2026-03-27 18:23:46,387 - INFO - 
2026-03-27 18:23:46,658 - INFO - GPU disabled (CPU-only).
2026-03-27 18:23:46,663 - INFO - Skipping framework-specific initialization in the driver process.
2026-03-27 18:23:46,666 - INFO - ------- Hardware Configuration -------
2026-03-27 18:23:46,668 - INFO - CPU affinity set to cores: [0, 1, 2, 3]
2026-03-27 18:23:46,671 - INFO - 
2026-03-27 18:23:46,673 - INFO - ------- Data Preprocessing for EQCCTPro -------
2026-03-27 18:23:46,676 - INFO - 2 station(s) in /home/blackwinter/projects/eqcct/eqcctpro/data/waveforms_earthquakes_nonoise/20250425T211323Z_20250425T211423Z
2026-03-27 18:23:46,678 - INFO - Using 2 selected station(s): ['FIA0', 'FIA1'].
2026-03-27 18:23:46,680 - INFO - Creating model actor(s)...
2026-03-27 18:23:46,682 - INFO - System RAM: Total=7870 MB, Available=6089 MB
2026-03-27 18:23:46,684 - INFO - Usable RAM budget: 7083 MB (90% of total)
2026-03-27 18:23:46,686 - INFO - ===== MEMORY-AWARE CPU ACTOR POOL =====
2026-03-27 18:23:46,688 - INFO - Requested concurrent tasks: 1
2026-03-27 18:23:46,689 - INFO - Available CPUs: 4
2026-03-27 18:23:46,692 - INFO - Available RAM: 7083 MB
2026-03-27 18:23:46,693 - INFO - RAM per model: 2060 MB
2026-03-27 18:23:46,695 - INFO - Max actors by RAM: 3
2026-03-27 18:23:46,697 - INFO - Creating 1 SeisBenchModelActor(s)
2026-03-27 18:23:46,699 - INFO - Let Ray handle scheduling (taskset already restricts CPU visibility)
2026-03-27 18:23:46,701 - INFO - Creating SeisBenchModelActor 1/1 (2.01GB RAM each)...
2026-03-27 18:23:49,480 - INFO - SeisBenchModelActor 1 created successfully.
2026-03-27 18:23:49,482 - INFO - Created 1 CPU actor(s). Task queue will handle concurrency.
2026-03-27 18:23:49,485 - INFO - Starting EQCCTPro parallelized waveform processing...
2026-03-27 18:23:49,487 - INFO - 
2026-03-27 18:23:49,489 - INFO - ------- Analyzing Seismic Waveforms for P and S Picks via SeisBench (EQTransformer - original_nonconservative) -------
2026-03-27 18:23:49,492 - INFO - Analyzing 0:01:00 minute timechunk from 2025-04-25 21:13:23 to 2025-04-25 21:14:23 (0 min overlap)
2026-03-27 18:23:49,494 - INFO - Processing a total of 2 stations, 1 at a time.
2026-03-27 18:23:51,684 - INFO - (1/2) FIA0: Finished the prediction in 0.13s. (HP=1.0, LP=45.0, picks=0)
2026-03-27 18:23:51,750 - INFO - (2/2) FIA1: Finished the prediction in 0.06s. (HP=1.0, LP=45.0, picks=0)
2026-03-27 18:23:51,752 - INFO - 
2026-03-27 18:23:51,754 - INFO - ------- Parallel Station Waveform Processing Complete For 2025-04-25 21:13:23 to 2025-04-25 21:14:23 Timechunk-------
2026-03-27 18:23:51,760 - INFO - Successfully ran EQCCTPro, exiting...
2026-03-27 18:23:51,756 - INFO - Picks saved at /home/blackwinter/projects/eqcct/eqcctpro/results/csv/eqt_earthquakes_th0_1/20250425T211323Z_20250425T211423ZProcess Runtime: 2.27 s
2026-03-27 18:23:53,325 - INFO - Ray Successfully Shutdown.
2026-03-27 18:23:53,326 - INFO - ------- Successfully Picked All Waveform(s) from all Timechunk(s) -------
2026-03-28 00:51:35,001 - INFO - 
2026-03-28 00:51:35,001 - INFO - ------- Welcome to EQCCTPro -------
2026-03-28 00:51:35,001 - INFO - 
2026-03-28 00:51:35,002 - INFO - Running EQCCT over Requested MSeed Files using CPU(s)...
2026-03-28 00:51:35,002 - INFO - GPU disabled (CPU-only).
2026-03-28 00:51:35,002 - INFO - Skipping framework-specific initialization in the driver process.
2026-03-28 00:51:37,378 - INFO - Ray Successfully Initialized with 4 CPU(s) ([0, 1, 2, 3] CPU Affinity Binding).
2026-03-28 00:51:37,378 - INFO - Analyzing 1 time chunk(s) from 2025-04-25 21:13:23 to 2025-04-25 21:14:23 (dt=1min, overlap=0min).
2026-03-28 00:51:37,378 - INFO - Using 2 selected station(s).
2026-03-28 00:51:37,378 - INFO - 
2026-03-28 00:51:37,378 - INFO - ------- Starting EQCCTPro... -------
2026-03-28 00:51:37,379 - INFO - Detailed subprocess information can be found in the log file.
2026-03-28 00:51:37,379 - INFO - 
2026-03-28 00:51:37,665 - INFO - GPU disabled (CPU-only).
2026-03-28 00:51:37,670 - INFO - Skipping framework-specific initialization in the driver process.
2026-03-28 00:51:37,673 - INFO - ------- Hardware Configuration -------
2026-03-28 00:51:37,675 - INFO - CPU affinity set to cores: [0, 1, 2, 3]
2026-03-28 00:51:37,678 - INFO - 
2026-03-28 00:51:37,681 - INFO - ------- Data Preprocessing for EQCCTPro -------
2026-03-28 00:51:37,683 - INFO - 2 station(s) in /home/blackwinter/projects/eqcct/eqcctpro/data/waveforms_earthquakes_nonoise/20250425T211323Z_20250425T211423Z
2026-03-28 00:51:37,686 - INFO - Using 2 selected station(s): ['FIA0', 'FIA1'].
2026-03-28 00:51:37,688 - INFO - Creating model actor(s)...
2026-03-28 00:51:37,691 - INFO - System RAM: Total=7870 MB, Available=5916 MB
2026-03-28 00:51:37,693 - INFO - Usable RAM budget: 7083 MB (90% of total)
2026-03-28 00:51:37,696 - INFO - ===== MEMORY-AWARE CPU ACTOR POOL =====
2026-03-28 00:51:37,698 - INFO - Requested concurrent tasks: 1
2026-03-28 00:51:37,701 - INFO - Available CPUs: 4
2026-03-28 00:51:37,704 - INFO - Available RAM: 7083 MB
2026-03-28 00:51:37,706 - INFO - RAM per model: 2060 MB
2026-03-28 00:51:37,708 - INFO - Max actors by RAM: 3
2026-03-28 00:51:37,711 - INFO - Creating 1 SeisBenchModelActor(s)
2026-03-28 00:51:37,713 - INFO - Let Ray handle scheduling (taskset already restricts CPU visibility)
2026-03-28 00:51:37,716 - INFO - Creating SeisBenchModelActor 1/1 (2.01GB RAM each)...
2026-03-28 00:51:40,833 - INFO - SeisBenchModelActor 1 created successfully.
2026-03-28 00:51:40,836 - INFO - Created 1 CPU actor(s). Task queue will handle concurrency.
2026-03-28 00:51:40,838 - INFO - Starting EQCCTPro parallelized waveform processing...
2026-03-28 00:51:40,841 - INFO - 
2026-03-28 00:51:40,844 - INFO - ------- Analyzing Seismic Waveforms for P and S Picks via SeisBench (EQTransformer - original_nonconservative) -------
2026-03-28 00:51:40,846 - INFO - Analyzing 0:01:00 minute timechunk from 2025-04-25 21:13:23 to 2025-04-25 21:14:23 (0 min overlap)
2026-03-28 00:51:40,849 - INFO - Processing a total of 2 stations, 1 at a time.
2026-03-28 00:51:42,834 - INFO - (1/2) FIA0: Skipped (already exists - overwrite=False).
2026-03-28 00:51:42,840 - INFO - (2/2) FIA1: Skipped (already exists - overwrite=False).
2026-03-28 00:51:42,843 - INFO - 
2026-03-28 00:51:42,846 - INFO - ------- Parallel Station Waveform Processing Complete For 2025-04-25 21:13:23 to 2025-04-25 21:14:23 Timechunk-------
2026-03-28 00:51:42,850 - INFO - Picks saved at /home/blackwinter/projects/eqcct/eqcctpro/results/csv/eqt_earthquakes_th0_1/20250425T211323Z_20250425T211423ZProcess Runtime: 2.01 s
2026-03-28 00:51:42,860 - INFO - Successfully ran EQCCTPro, exiting...
2026-03-28 00:51:44,375 - INFO - Ray Successfully Shutdown.
2026-03-28 00:51:44,375 - INFO - ------- Successfully Picked All Waveform(s) from all Timechunk(s) -------
