2026-03-27 18:03:42,694 - INFO - 
2026-03-27 18:03:42,694 - INFO - ------- Welcome to EQCCTPro -------
2026-03-27 18:03:42,694 - INFO - 
2026-03-27 18:03:42,695 - INFO - Running EQCCT over Requested MSeed Files using CPU(s)...
2026-03-27 18:03:42,695 - INFO - GPU disabled (CPU-only).
2026-03-27 18:03:42,695 - INFO - Skipping framework-specific initialization in the driver process.
2026-03-27 18:03:45,071 - INFO - Ray Successfully Initialized with 4 CPU(s) ([0, 1, 2, 3] CPU Affinity Binding).
2026-03-27 18:03:45,072 - INFO - Analyzing 1 time chunk(s) from 2025-03-23 13:28:53 to 2025-03-23 13:29:53 (dt=1min, overlap=0min).
2026-03-27 18:03:45,073 - INFO - Using 1 selected station(s).
2026-03-27 18:03:45,073 - INFO - 
2026-03-27 18:03:45,073 - INFO - ------- Starting EQCCTPro... -------
2026-03-27 18:03:45,073 - INFO - Detailed subprocess information can be found in the log file.
2026-03-27 18:03:45,073 - INFO - 
2026-03-27 18:03:45,358 - INFO - GPU disabled (CPU-only).
2026-03-27 18:03:45,362 - INFO - Skipping framework-specific initialization in the driver process.
2026-03-27 18:03:45,365 - INFO - ------- Hardware Configuration -------
2026-03-27 18:03:45,368 - INFO - CPU affinity set to cores: [0, 1, 2, 3]
2026-03-27 18:03:45,371 - INFO - 
2026-03-27 18:03:45,373 - INFO - ------- Data Preprocessing for EQCCTPro -------
2026-03-27 18:03:45,375 - INFO - 1 station(s) in /home/blackwinter/projects/eqcct/eqcctpro/data/waveforms_earthquakes_nonoise/20250323T132853Z_20250323T132953Z
2026-03-27 18:03:45,377 - INFO - Using 1 selected station(s): ['OBF3'].
2026-03-27 18:03:45,379 - INFO - Creating model actor(s)...
2026-03-27 18:03:45,381 - INFO - System RAM: Total=7870 MB, Available=6126 MB
2026-03-27 18:03:45,383 - INFO - Usable RAM budget: 7083 MB (90% of total)
2026-03-27 18:03:45,386 - INFO - ===== MEMORY-AWARE CPU ACTOR POOL =====
2026-03-27 18:03:45,388 - INFO - Requested concurrent tasks: 1
2026-03-27 18:03:45,390 - INFO - Available CPUs: 4
2026-03-27 18:03:45,392 - INFO - Available RAM: 7083 MB
2026-03-27 18:03:45,394 - INFO - RAM per model: 2060 MB
2026-03-27 18:03:45,396 - INFO - Max actors by RAM: 3
2026-03-27 18:03:45,398 - INFO - Creating 1 SeisBenchModelActor(s)
2026-03-27 18:03:45,401 - INFO - Let Ray handle scheduling (taskset already restricts CPU visibility)
2026-03-27 18:03:45,403 - INFO - Creating SeisBenchModelActor 1/1 (2.01GB RAM each)...
2026-03-27 18:03:48,678 - INFO - SeisBenchModelActor 1 created successfully.
2026-03-27 18:03:48,680 - INFO - Created 1 CPU actor(s). Task queue will handle concurrency.
2026-03-27 18:03:48,682 - INFO - Starting EQCCTPro parallelized waveform processing...
2026-03-27 18:03:48,685 - INFO - 
2026-03-27 18:03:48,687 - INFO - ------- Analyzing Seismic Waveforms for P and S Picks via SeisBench (EQTransformer - original_nonconservative) -------
2026-03-27 18:03:48,690 - INFO - Analyzing 0:01:00 minute timechunk from 2025-03-23 13:28:53 to 2025-03-23 13:29:53 (0 min overlap)
2026-03-27 18:03:48,693 - INFO - Processing a total of 1 stations, 1 at a time.
2026-03-27 18:03:50,872 - INFO - (1/1) OBF3: Finished the prediction in 0.13s. (HP=1.0, LP=45.0, picks=2)
2026-03-27 18:03:50,875 - INFO - 
2026-03-27 18:03:50,878 - INFO - ------- Parallel Station Waveform Processing Complete For 2025-03-23 13:28:53 to 2025-03-23 13:29:53 Timechunk-------
2026-03-27 18:03:50,880 - INFO - Picks saved at /home/blackwinter/projects/eqcct/eqcctpro/results/csv/eqt_earthquakes_th0_1/20250323T132853Z_20250323T132953ZProcess Runtime: 2.19 s
2026-03-27 18:03:50,885 - INFO - Successfully ran EQCCTPro, exiting...
2026-03-27 18:03:52,401 - INFO - Ray Successfully Shutdown.
2026-03-27 18:03:52,401 - INFO - ------- Successfully Picked All Waveform(s) from all Timechunk(s) -------
2026-03-28 00:31:21,834 - INFO - 
2026-03-28 00:31:21,834 - INFO - ------- Welcome to EQCCTPro -------
2026-03-28 00:31:21,834 - INFO - 
2026-03-28 00:31:21,835 - INFO - Running EQCCT over Requested MSeed Files using CPU(s)...
2026-03-28 00:31:21,835 - INFO - GPU disabled (CPU-only).
2026-03-28 00:31:21,835 - INFO - Skipping framework-specific initialization in the driver process.
2026-03-28 00:31:24,062 - INFO - Ray Successfully Initialized with 4 CPU(s) ([0, 1, 2, 3] CPU Affinity Binding).
2026-03-28 00:31:24,062 - INFO - Analyzing 1 time chunk(s) from 2025-03-23 13:28:53 to 2025-03-23 13:29:53 (dt=1min, overlap=0min).
2026-03-28 00:31:24,062 - INFO - Using 1 selected station(s).
2026-03-28 00:31:24,062 - INFO - 
2026-03-28 00:31:24,062 - INFO - ------- Starting EQCCTPro... -------
2026-03-28 00:31:24,062 - INFO - Detailed subprocess information can be found in the log file.
2026-03-28 00:31:24,062 - INFO - 
2026-03-28 00:31:24,313 - INFO - GPU disabled (CPU-only).
2026-03-28 00:31:24,318 - INFO - Skipping framework-specific initialization in the driver process.
2026-03-28 00:31:24,321 - INFO - ------- Hardware Configuration -------
2026-03-28 00:31:24,323 - INFO - CPU affinity set to cores: [0, 1, 2, 3]
2026-03-28 00:31:24,325 - INFO - 
2026-03-28 00:31:24,327 - INFO - ------- Data Preprocessing for EQCCTPro -------
2026-03-28 00:31:24,329 - INFO - 1 station(s) in /home/blackwinter/projects/eqcct/eqcctpro/data/waveforms_earthquakes_nonoise/20250323T132853Z_20250323T132953Z
2026-03-28 00:31:24,330 - INFO - Using 1 selected station(s): ['OBF3'].
2026-03-28 00:31:24,332 - INFO - Creating model actor(s)...
2026-03-28 00:31:24,334 - INFO - System RAM: Total=7870 MB, Available=5942 MB
2026-03-28 00:31:24,335 - INFO - Usable RAM budget: 7083 MB (90% of total)
2026-03-28 00:31:24,337 - INFO - ===== MEMORY-AWARE CPU ACTOR POOL =====
2026-03-28 00:31:24,339 - INFO - Requested concurrent tasks: 1
2026-03-28 00:31:24,341 - INFO - Available CPUs: 4
2026-03-28 00:31:24,343 - INFO - Available RAM: 7083 MB
2026-03-28 00:31:24,345 - INFO - RAM per model: 2060 MB
2026-03-28 00:31:24,347 - INFO - Max actors by RAM: 3
2026-03-28 00:31:24,349 - INFO - Creating 1 SeisBenchModelActor(s)
2026-03-28 00:31:24,351 - INFO - Let Ray handle scheduling (taskset already restricts CPU visibility)
2026-03-28 00:31:24,353 - INFO - Creating SeisBenchModelActor 1/1 (2.01GB RAM each)...
2026-03-28 00:31:27,373 - INFO - SeisBenchModelActor 1 created successfully.
2026-03-28 00:31:27,375 - INFO - Created 1 CPU actor(s). Task queue will handle concurrency.
2026-03-28 00:31:27,377 - INFO - Starting EQCCTPro parallelized waveform processing...
2026-03-28 00:31:27,379 - INFO - 
2026-03-28 00:31:27,380 - INFO - ------- Analyzing Seismic Waveforms for P and S Picks via SeisBench (EQTransformer - original_nonconservative) -------
2026-03-28 00:31:27,382 - INFO - Analyzing 0:01:00 minute timechunk from 2025-03-23 13:28:53 to 2025-03-23 13:29:53 (0 min overlap)
2026-03-28 00:31:27,384 - INFO - Processing a total of 1 stations, 1 at a time.
2026-03-28 00:31:29,296 - INFO - (1/1) OBF3: Skipped (already exists - overwrite=False).
2026-03-28 00:31:29,298 - INFO - 
2026-03-28 00:31:29,300 - INFO - ------- Parallel Station Waveform Processing Complete For 2025-03-23 13:28:53 to 2025-03-23 13:29:53 Timechunk-------
2026-03-28 00:31:29,302 - INFO - Picks saved at /home/blackwinter/projects/eqcct/eqcctpro/results/csv/eqt_earthquakes_th0_1/20250323T132853Z_20250323T132953ZProcess Runtime: 1.92 s
2026-03-28 00:31:29,306 - INFO - Successfully ran EQCCTPro, exiting...
2026-03-28 00:31:30,733 - INFO - Ray Successfully Shutdown.
2026-03-28 00:31:30,734 - INFO - ------- Successfully Picked All Waveform(s) from all Timechunk(s) -------
