2026-03-28 19:26:58,144 - INFO - 
2026-03-28 19:26:58,145 - INFO - ------- Welcome to EQCCTPro -------
2026-03-28 19:26:58,145 - INFO - 
2026-03-28 19:26:58,145 - INFO - Running EQCCT over Requested MSeed Files using CPU(s)...
2026-03-28 19:26:58,146 - INFO - GPU disabled (CPU-only).
2026-03-28 19:26:58,146 - INFO - Skipping framework-specific initialization in the driver process.
2026-03-28 19:27:00,748 - INFO - Ray Successfully Initialized with 4 CPU(s) ([0, 1, 2, 3] CPU Affinity Binding).
2026-03-28 19:27:00,748 - INFO - Analyzing 1 time chunk(s) from 2025-01-20 11:37:20 to 2025-01-20 11:38:20 (dt=1min, overlap=0min).
2026-03-28 19:27:00,748 - INFO - Using 1 selected station(s).
2026-03-28 19:27:00,748 - INFO - 
2026-03-28 19:27:00,749 - INFO - ------- Starting EQCCTPro... -------
2026-03-28 19:27:00,749 - INFO - Detailed subprocess information can be found in the log file.
2026-03-28 19:27:00,749 - INFO - 
2026-03-28 19:27:01,072 - INFO - GPU disabled (CPU-only).
2026-03-28 19:27:01,079 - INFO - Skipping framework-specific initialization in the driver process.
2026-03-28 19:27:01,082 - INFO - ------- Hardware Configuration -------
2026-03-28 19:27:01,087 - INFO - CPU affinity set to cores: [0, 1, 2, 3]
2026-03-28 19:27:01,091 - INFO - 
2026-03-28 19:27:01,094 - INFO - ------- Data Preprocessing for EQCCTPro -------
2026-03-28 19:27:01,099 - INFO - 1 station(s) in /home/blackwinter/projects/eqcct/eqcctpro/data/waveforms_explosions_nonoise/20250120T113720Z_20250120T113820Z
2026-03-28 19:27:01,103 - INFO - Using 1 selected station(s): ['JOF'].
2026-03-28 19:27:01,106 - INFO - Creating model actor(s)...
2026-03-28 19:27:01,110 - INFO - System RAM: Total=7870 MB, Available=4086 MB
2026-03-28 19:27:01,114 - INFO - Usable RAM budget: 7083 MB (90% of total)
2026-03-28 19:27:01,119 - INFO - ===== MEMORY-AWARE CPU ACTOR POOL =====
2026-03-28 19:27:01,123 - INFO - Requested concurrent tasks: 1
2026-03-28 19:27:01,126 - INFO - Available CPUs: 4
2026-03-28 19:27:01,129 - INFO - Available RAM: 7083 MB
2026-03-28 19:27:01,132 - INFO - RAM per model: 2060 MB
2026-03-28 19:27:01,135 - INFO - Max actors by RAM: 3
2026-03-28 19:27:01,138 - INFO - Creating 1 SeisBenchModelActor(s)
2026-03-28 19:27:01,142 - INFO - Let Ray handle scheduling (taskset already restricts CPU visibility)
2026-03-28 19:27:01,145 - INFO - Creating SeisBenchModelActor 1/1 (2.01GB RAM each)...
2026-03-28 19:27:04,667 - INFO - SeisBenchModelActor 1 created successfully.
2026-03-28 19:27:04,669 - INFO - Created 1 CPU actor(s). Task queue will handle concurrency.
2026-03-28 19:27:04,672 - INFO - Starting EQCCTPro parallelized waveform processing...
2026-03-28 19:27:04,675 - INFO - 
2026-03-28 19:27:04,678 - INFO - ------- Analyzing Seismic Waveforms for P and S Picks via SeisBench (EQTransformer - original_nonconservative) -------
2026-03-28 19:27:04,682 - INFO - Analyzing 0:01:00 minute timechunk from 2025-01-20 11:37:20 to 2025-01-20 11:38:20 (0 min overlap)
2026-03-28 19:27:04,685 - INFO - Processing a total of 1 stations, 1 at a time.
2026-03-28 19:27:07,054 - INFO - (1/1) JOF: Finished the prediction in 0.13s. (HP=1.0, LP=45.0, picks=2)
2026-03-28 19:27:07,056 - INFO - 
2026-03-28 19:27:07,059 - INFO - ------- Parallel Station Waveform Processing Complete For 2025-01-20 11:37:20 to 2025-01-20 11:38:20 Timechunk-------
2026-03-28 19:27:07,062 - INFO - Picks saved at /home/blackwinter/projects/eqcct/eqcctpro/results/csv/eqt_explosions_th0_1/20250120T113720Z_20250120T113820ZProcess Runtime: 2.38 s
2026-03-28 19:27:07,068 - INFO - Successfully ran EQCCTPro, exiting...
2026-03-28 19:27:08,867 - INFO - Ray Successfully Shutdown.
2026-03-28 19:27:08,868 - INFO - ------- Successfully Picked All Waveform(s) from all Timechunk(s) -------
