2026-03-20 01:06:27,130 - INFO - 
2026-03-20 01:06:27,130 - INFO - ------- Welcome to EQCCTPro -------
2026-03-20 01:06:27,130 - INFO - 
2026-03-20 01:06:27,131 - INFO - Running EQCCT over Requested MSeed Files using CPU(s)...
2026-03-20 01:06:27,131 - INFO - GPU disabled (CPU-only).
2026-03-20 01:06:27,131 - INFO - Configured Intra-op threads = 1
2026-03-20 01:06:27,131 - INFO - Configured Inter-op threads = 1
2026-03-20 01:06:27,131 - INFO - TensorFlow: No GPUs visible; TF will proceed on CPU.
2026-03-20 01:06:27,132 - INFO - 
2026-03-20 01:06:32,388 - INFO - Ray Successfully Initialized with 4 CPU(s) ([0, 1, 2, 3] CPU Affinity Binding).
2026-03-20 01:06:32,388 - INFO - Analyzing 1 time chunk(s) from 2025-04-26 20:38:24 to 2025-04-26 20:39:24 (dt=1min, overlap=0min).
2026-03-20 01:06:32,389 - INFO - Using 1 selected station(s).
2026-03-20 01:06:32,389 - INFO - 
2026-03-20 01:06:32,389 - INFO - ------- Starting EQCCTPro... -------
2026-03-20 01:06:32,390 - INFO - Detailed subprocess information can be found in the log file.
2026-03-20 01:06:32,390 - INFO - 
2026-03-20 01:06:32,768 - INFO - GPU disabled (CPU-only).
2026-03-20 01:06:34,265 - INFO - Configured Intra-op threads = 1
2026-03-20 01:06:34,267 - INFO - Configured Inter-op threads = 1
2026-03-20 01:06:34,312 - INFO - TensorFlow: No GPUs visible; TF will proceed on CPU.
2026-03-20 01:06:34,315 - INFO - 
2026-03-20 01:06:34,317 - INFO - ------- Hardware Configuration -------
2026-03-20 01:06:34,319 - INFO - CPU affinity set to cores: [0, 1, 2, 3]
2026-03-20 01:06:34,321 - INFO - 
2026-03-20 01:06:34,323 - INFO - ------- Data Preprocessing for EQCCTPro -------
2026-03-20 01:06:34,325 - INFO - 1 station(s) in /home/blackwinter/projects/eqcct/eqcctpro/data/waveforms_earthquakes_nonoise/20250426T203824Z_20250426T203924Z
2026-03-20 01:06:34,327 - INFO - Using 1 selected station(s): ['KLF'].
2026-03-20 01:06:34,329 - INFO - Creating model actor(s)...
2026-03-20 01:06:34,331 - INFO - System RAM: Total=7870 MB, Available=2249 MB
2026-03-20 01:06:34,333 - INFO - Usable RAM budget: 7083 MB (90% of total)
2026-03-20 01:06:34,335 - INFO - ===== MEMORY-AWARE CPU ACTOR POOL (EQCCT) =====
2026-03-20 01:06:34,337 - INFO - Requested concurrent tasks: 1
2026-03-20 01:06:34,338 - INFO - Available CPUs: 4
2026-03-20 01:06:34,340 - INFO - Available RAM: 7083 MB
2026-03-20 01:06:34,342 - INFO - RAM per model: 2264 MB
2026-03-20 01:06:34,343 - INFO - Max actors by RAM: 3
2026-03-20 01:06:34,345 - INFO - Creating 1 ModelActor(s)
2026-03-20 01:06:34,347 - INFO - Let Ray handle scheduling (taskset already restricts CPU visibility)
2026-03-20 01:06:34,349 - INFO - Creating ModelActor 1/1 (2.21GB RAM each)...
2026-03-20 01:06:38,323 - INFO - ModelActor 1 created successfully.
2026-03-20 01:06:38,325 - INFO - Created 1 CPU actor(s). Task queue will handle concurrency.
2026-03-20 01:06:38,327 - INFO - Starting EQCCTPro parallelized waveform processing...
2026-03-20 01:06:38,329 - INFO - 
2026-03-20 01:06:38,331 - INFO - ------- Analyzing Seismic Waveforms for P and S Picks via EQCCT -------
2026-03-20 01:06:38,333 - INFO - Analyzing 0:01:00 minute timechunk from 2025-04-26 20:38:24 to 2025-04-26 20:39:24 (0 min overlap)
2026-03-20 01:06:38,336 - INFO - Processing a total of 1 stations, 1 at a time.
2026-03-20 01:06:42,572 - INFO - (1/1) KLF: Finished the prediction in 2.32s. (HP=1.0, LP=45.0)
2026-03-20 01:06:42,576 - INFO - 
2026-03-20 01:06:42,577 - INFO - ------- Parallel Station Waveform Processing Complete For 2025-04-26 20:38:24 to 2025-04-26 20:39:24 Timechunk-------
2026-03-20 01:06:42,580 - INFO - Picks saved at /home/blackwinter/projects/eqcct/eqcctpro/results/csv/eqcct_earthquakes_th0_1/20250426T203824Z_20250426T203924ZProcess Runtime: 4.25 s
2026-03-20 01:06:42,591 - INFO - Successfully ran EQCCTPro, exiting...
2026-03-20 01:06:43,936 - INFO - Ray Successfully Shutdown.
2026-03-20 01:06:43,937 - INFO - ------- Successfully Picked All Waveform(s) from all Timechunk(s) -------
