2026-02-22 23:23:34,583 - INFO - 
2026-02-22 23:23:34,583 - INFO - ------- Welcome to EQCCTPro -------
2026-02-22 23:23:34,583 - INFO - 
2026-02-22 23:23:34,584 - INFO - Running EQCCT over Requested MSeed Files using CPU(s)...
2026-02-22 23:23:34,584 - INFO - GPU disabled (CPU-only).
2026-02-22 23:23:34,584 - INFO - Configured Intra-op threads = 1
2026-02-22 23:23:34,584 - INFO - Configured Inter-op threads = 1
2026-02-22 23:23:34,584 - INFO - TensorFlow: No GPUs visible; TF will proceed on CPU.
2026-02-22 23:23:34,585 - INFO - 
2026-02-22 23:23:40,249 - INFO - Ray Successfully Initialized with 4 CPU(s) ([0, 1, 2, 3] CPU Affinity Binding).
2026-02-22 23:23:40,249 - INFO - Analyzing 1 time chunk(s) from 2025-12-19 21:33:21 to 2025-12-19 21:34:21 (dt=1min, overlap=0min).
2026-02-22 23:23:40,249 - INFO - Using 1 selected station(s).
2026-02-22 23:23:40,249 - INFO - 
2026-02-22 23:23:40,250 - INFO - ------- Starting EQCCTPro... -------
2026-02-22 23:23:40,250 - INFO - Detailed subprocess information can be found in the log file.
2026-02-22 23:23:40,250 - INFO - 
2026-02-22 23:23:40,637 - INFO - GPU disabled (CPU-only).
2026-02-22 23:23:42,177 - INFO - Configured Intra-op threads = 1
2026-02-22 23:23:42,180 - INFO - Configured Inter-op threads = 1
2026-02-22 23:23:42,222 - INFO - TensorFlow: No GPUs visible; TF will proceed on CPU.
2026-02-22 23:23:42,225 - INFO - 
2026-02-22 23:23:42,227 - INFO - ------- Hardware Configuration -------
2026-02-22 23:23:42,230 - INFO - CPU affinity set to cores: [0, 1, 2, 3]
2026-02-22 23:23:42,232 - INFO - 
2026-02-22 23:23:42,234 - INFO - ------- Data Preprocessing for EQCCTPro -------
2026-02-22 23:23:42,237 - INFO - 1 station(s) in /home/blackwinter/projects/eqcct/eqcctpro/data/waveforms_earthquakes_nonoise/20251219T213321Z_20251219T213421Z
2026-02-22 23:23:42,239 - INFO - Using 1 selected station(s): ['RNF'].
2026-02-22 23:23:42,241 - INFO - Creating model actor(s)...
2026-02-22 23:23:42,243 - INFO - System RAM: Total=7870 MB, Available=1453 MB
2026-02-22 23:23:42,245 - INFO - Usable RAM budget: 7083 MB (90% of total)
2026-02-22 23:23:42,247 - INFO - ===== MEMORY-AWARE CPU ACTOR POOL (EQCCT) =====
2026-02-22 23:23:42,249 - INFO - Requested concurrent tasks: 1
2026-02-22 23:23:42,251 - INFO - Available CPUs: 4
2026-02-22 23:23:42,253 - INFO - Available RAM: 7083 MB
2026-02-22 23:23:42,256 - INFO - RAM per model: 2264 MB
2026-02-22 23:23:42,258 - INFO - Max actors by RAM: 3
2026-02-22 23:23:42,261 - INFO - Creating 1 ModelActor(s)
2026-02-22 23:23:42,263 - INFO - Let Ray handle scheduling (taskset already restricts CPU visibility)
2026-02-22 23:23:42,265 - INFO - Creating ModelActor 1/1 (2.21GB RAM each)...
2026-02-22 23:23:46,165 - INFO - ModelActor 1 created successfully.
2026-02-22 23:23:46,167 - INFO - Created 1 CPU actor(s). Task queue will handle concurrency.
2026-02-22 23:23:46,170 - INFO - Starting EQCCTPro parallelized waveform processing...
2026-02-22 23:23:46,173 - INFO - 
2026-02-22 23:23:46,175 - INFO - ------- Analyzing Seismic Waveforms for P and S Picks via EQCCT -------
2026-02-22 23:23:46,178 - INFO - Analyzing 0:01:00 minute timechunk from 2025-12-19 21:33:21 to 2025-12-19 21:34:21 (0 min overlap)
2026-02-22 23:23:46,180 - INFO - Processing a total of 1 stations, 1 at a time.
2026-02-22 23:23:50,163 - INFO - (1/1) RNF: Finished the prediction in 2.13s. (HP=1.0, LP=45.0)
2026-02-22 23:23:50,165 - INFO - 
2026-02-22 23:23:50,167 - INFO - ------- Parallel Station Waveform Processing Complete For 2025-12-19 21:33:21 to 2025-12-19 21:34:21 Timechunk-------
2026-02-22 23:23:50,170 - INFO - Picks saved at /home/blackwinter/projects/eqcct/eqcctpro/results/csv/bm_eq_nonoise/20251219T213321Z_20251219T213421ZProcess Runtime: 3.99 s
2026-02-22 23:23:50,174 - INFO - Successfully ran EQCCTPro, exiting...
2026-02-22 23:23:52,010 - INFO - Ray Successfully Shutdown.
2026-02-22 23:23:52,010 - INFO - ------- Successfully Picked All Waveform(s) from all Timechunk(s) -------
