2026-03-28 21:38:01,135 - INFO - 
2026-03-28 21:38:01,135 - INFO - ------- Welcome to EQCCTPro -------
2026-03-28 21:38:01,135 - INFO - 
2026-03-28 21:38:01,136 - INFO - Running EQCCT over Requested MSeed Files using CPU(s)...
2026-03-28 21:38:01,136 - INFO - GPU disabled (CPU-only).
2026-03-29 06:53:00,544 - INFO - 
2026-03-29 06:53:00,544 - INFO - ------- Welcome to EQCCTPro -------
2026-03-29 06:53:00,545 - INFO - 
2026-03-29 06:53:00,545 - INFO - Running EQCCT over Requested MSeed Files using CPU(s)...
2026-03-29 06:53:00,545 - INFO - GPU disabled (CPU-only).
2026-03-29 06:53:00,546 - INFO - Configured Intra-op threads = 1
2026-03-29 06:53:00,546 - INFO - Configured Inter-op threads = 1
2026-03-29 06:53:00,546 - INFO - TensorFlow: No GPUs visible; TF will proceed on CPU.
2026-03-29 06:53:00,546 - INFO - 
2026-03-29 06:53:05,731 - INFO - Ray Successfully Initialized with 4 CPU(s) ([0, 1, 2, 3] CPU Affinity Binding).
2026-03-29 06:53:05,732 - INFO - Analyzing 1 time chunk(s) from 2025-01-22 14:28:20 to 2025-01-22 14:29:20 (dt=1min, overlap=0min).
2026-03-29 06:53:05,732 - INFO - Using 1 selected station(s).
2026-03-29 06:53:05,732 - INFO - 
2026-03-29 06:53:05,732 - INFO - ------- Starting EQCCTPro... -------
2026-03-29 06:53:05,732 - INFO - Detailed subprocess information can be found in the log file.
2026-03-29 06:53:05,732 - INFO - 
2026-03-29 06:53:06,163 - INFO - GPU disabled (CPU-only).
2026-03-29 06:53:07,836 - INFO - Configured Intra-op threads = 1
2026-03-29 06:53:07,838 - INFO - Configured Inter-op threads = 1
2026-03-29 06:53:07,884 - INFO - TensorFlow: No GPUs visible; TF will proceed on CPU.
2026-03-29 06:53:07,887 - INFO - 
2026-03-29 06:53:07,890 - INFO - ------- Hardware Configuration -------
2026-03-29 06:53:07,893 - INFO - CPU affinity set to cores: [0, 1, 2, 3]
2026-03-29 06:53:07,896 - INFO - 
2026-03-29 06:53:07,898 - INFO - ------- Data Preprocessing for EQCCTPro -------
2026-03-29 06:53:07,901 - INFO - 1 station(s) in /home/blackwinter/projects/eqcct/eqcctpro/data/waveforms_explosions_nonoise/20250122T142820Z_20250122T142920Z
2026-03-29 06:53:07,903 - INFO - Using 1 selected station(s): ['PVF'].
2026-03-29 06:53:07,906 - INFO - Creating model actor(s)...
2026-03-29 06:53:07,909 - INFO - System RAM: Total=7870 MB, Available=2970 MB
2026-03-29 06:53:07,912 - INFO - Usable RAM budget: 7083 MB (90% of total)
2026-03-29 06:53:07,914 - INFO - ===== MEMORY-AWARE CPU ACTOR POOL (EQCCT) =====
2026-03-29 06:53:07,916 - INFO - Requested concurrent tasks: 1
2026-03-29 06:53:07,919 - INFO - Available CPUs: 4
2026-03-29 06:53:07,922 - INFO - Available RAM: 7083 MB
2026-03-29 06:53:07,924 - INFO - RAM per model: 2264 MB
2026-03-29 06:53:07,927 - INFO - Max actors by RAM: 3
2026-03-29 06:53:07,929 - INFO - Creating 1 ModelActor(s)
2026-03-29 06:53:07,932 - INFO - Let Ray handle scheduling (taskset already restricts CPU visibility)
2026-03-29 06:53:07,934 - INFO - Creating ModelActor 1/1 (2.21GB RAM each)...
2026-03-29 06:53:12,310 - INFO - ModelActor 1 created successfully.
2026-03-29 06:53:12,312 - INFO - Created 1 CPU actor(s). Task queue will handle concurrency.
2026-03-29 06:53:12,315 - INFO - Starting EQCCTPro parallelized waveform processing...
2026-03-29 06:53:12,318 - INFO - 
2026-03-29 06:53:12,320 - INFO - ------- Analyzing Seismic Waveforms for P and S Picks via EQCCT -------
2026-03-29 06:53:12,323 - INFO - Analyzing 0:01:00 minute timechunk from 2025-01-22 14:28:20 to 2025-01-22 14:29:20 (0 min overlap)
2026-03-29 06:53:12,326 - INFO - Processing a total of 1 stations, 1 at a time.
2026-03-29 06:53:16,852 - INFO - (1/1) PVF: Finished the prediction in 2.44s. (HP=1.0, LP=45.0)
2026-03-29 06:53:16,854 - INFO - 
2026-03-29 06:53:16,857 - INFO - ------- Parallel Station Waveform Processing Complete For 2025-01-22 14:28:20 to 2025-01-22 14:29:20 Timechunk-------
2026-03-29 06:53:16,859 - INFO - Picks saved at /home/blackwinter/projects/eqcct/eqcctpro/results/csv/eqcct_explosions_th0_1/20250122T142820Z_20250122T142920ZProcess Runtime: 4.54 s
2026-03-29 06:53:16,864 - INFO - Successfully ran EQCCTPro, exiting...
2026-03-29 06:53:18,708 - INFO - Ray Successfully Shutdown.
2026-03-29 06:53:18,708 - INFO - ------- Successfully Picked All Waveform(s) from all Timechunk(s) -------
