2026-03-27 17:08:29,361 - INFO - 
2026-03-27 17:08:29,361 - INFO - ------- Welcome to EQCCTPro -------
2026-03-27 17:08:29,361 - INFO - 
2026-03-27 17:08:29,362 - INFO - Running EQCCT over Requested MSeed Files using CPU(s)...
2026-03-27 17:08:29,362 - INFO - GPU disabled (CPU-only).
2026-03-27 17:08:29,362 - INFO - Skipping framework-specific initialization in the driver process.
2026-03-27 17:08:31,749 - INFO - Ray Successfully Initialized with 4 CPU(s) ([0, 1, 2, 3] CPU Affinity Binding).
2026-03-27 17:08:31,749 - INFO - Analyzing 1 time chunk(s) from 2025-01-15 10:54:33 to 2025-01-15 10:55:33 (dt=1min, overlap=0min).
2026-03-27 17:08:31,750 - INFO - Using 1 selected station(s).
2026-03-27 17:08:31,750 - INFO - 
2026-03-27 17:08:31,751 - INFO - ------- Starting EQCCTPro... -------
2026-03-27 17:08:31,751 - INFO - Detailed subprocess information can be found in the log file.
2026-03-27 17:08:31,751 - INFO - 
2026-03-27 17:08:32,101 - INFO - GPU disabled (CPU-only).
2026-03-27 17:08:32,107 - INFO - Skipping framework-specific initialization in the driver process.
2026-03-27 17:08:32,111 - INFO - ------- Hardware Configuration -------
2026-03-27 17:08:32,115 - INFO - CPU affinity set to cores: [0, 1, 2, 3]
2026-03-27 17:08:32,118 - INFO - 
2026-03-27 17:08:32,121 - INFO - ------- Data Preprocessing for EQCCTPro -------
2026-03-27 17:08:32,124 - INFO - 1 station(s) in /home/blackwinter/projects/eqcct/eqcctpro/data/waveforms_earthquakes_nonoise/20250115T105433Z_20250115T105533Z
2026-03-27 17:08:32,127 - INFO - Using 1 selected station(s): ['TOF'].
2026-03-27 17:08:32,129 - INFO - Creating model actor(s)...
2026-03-27 17:08:32,132 - INFO - System RAM: Total=7870 MB, Available=6221 MB
2026-03-27 17:08:32,134 - INFO - Usable RAM budget: 7083 MB (90% of total)
2026-03-27 17:08:32,138 - INFO - ===== MEMORY-AWARE CPU ACTOR POOL =====
2026-03-27 17:08:32,140 - INFO - Requested concurrent tasks: 1
2026-03-27 17:08:32,143 - INFO - Available CPUs: 4
2026-03-27 17:08:32,146 - INFO - Available RAM: 7083 MB
2026-03-27 17:08:32,149 - INFO - RAM per model: 2060 MB
2026-03-27 17:08:32,151 - INFO - Max actors by RAM: 3
2026-03-27 17:08:32,154 - INFO - Creating 1 SeisBenchModelActor(s)
2026-03-27 17:08:32,157 - INFO - Let Ray handle scheduling (taskset already restricts CPU visibility)
2026-03-27 17:08:32,159 - INFO - Creating SeisBenchModelActor 1/1 (2.01GB RAM each)...
2026-03-27 17:08:35,192 - INFO - SeisBenchModelActor 1 created successfully.
2026-03-27 17:08:35,195 - INFO - Created 1 CPU actor(s). Task queue will handle concurrency.
2026-03-27 17:08:35,197 - INFO - Starting EQCCTPro parallelized waveform processing...
2026-03-27 17:08:35,199 - INFO - 
2026-03-27 17:08:35,201 - INFO - ------- Analyzing Seismic Waveforms for P and S Picks via SeisBench (EQTransformer - original_nonconservative) -------
2026-03-27 17:08:35,204 - INFO - Analyzing 0:01:00 minute timechunk from 2025-01-15 10:54:33 to 2025-01-15 10:55:33 (0 min overlap)
2026-03-27 17:08:35,206 - INFO - Processing a total of 1 stations, 1 at a time.
2026-03-27 17:08:37,476 - INFO - (1/1) TOF: Finished the prediction in 0.12s. (HP=1.0, LP=45.0, picks=2)
2026-03-27 17:08:37,479 - INFO - 
2026-03-27 17:08:37,481 - INFO - ------- Parallel Station Waveform Processing Complete For 2025-01-15 10:54:33 to 2025-01-15 10:55:33 Timechunk-------
2026-03-27 17:08:37,484 - INFO - Picks saved at /home/blackwinter/projects/eqcct/eqcctpro/results/csv/eqt_earthquakes_th0_1/20250115T105433Z_20250115T105533ZProcess Runtime: 2.28 s
2026-03-27 17:08:37,492 - INFO - Successfully ran EQCCTPro, exiting...
2026-03-27 17:08:39,046 - INFO - Ray Successfully Shutdown.
2026-03-27 17:08:39,046 - INFO - ------- Successfully Picked All Waveform(s) from all Timechunk(s) -------
2026-03-27 23:39:41,812 - INFO - 
2026-03-27 23:39:41,813 - INFO - ------- Welcome to EQCCTPro -------
2026-03-27 23:39:41,813 - INFO - 
2026-03-27 23:39:41,814 - INFO - Running EQCCT over Requested MSeed Files using CPU(s)...
2026-03-27 23:39:41,814 - INFO - GPU disabled (CPU-only).
2026-03-27 23:39:41,814 - INFO - Skipping framework-specific initialization in the driver process.
2026-03-27 23:39:44,120 - INFO - Ray Successfully Initialized with 4 CPU(s) ([0, 1, 2, 3] CPU Affinity Binding).
2026-03-27 23:39:44,120 - INFO - Analyzing 1 time chunk(s) from 2025-01-15 10:54:33 to 2025-01-15 10:55:33 (dt=1min, overlap=0min).
2026-03-27 23:39:44,121 - INFO - Using 1 selected station(s).
2026-03-27 23:39:44,121 - INFO - 
2026-03-27 23:39:44,121 - INFO - ------- Starting EQCCTPro... -------
2026-03-27 23:39:44,121 - INFO - Detailed subprocess information can be found in the log file.
2026-03-27 23:39:44,121 - INFO - 
2026-03-27 23:39:44,385 - INFO - GPU disabled (CPU-only).
2026-03-27 23:39:44,390 - INFO - Skipping framework-specific initialization in the driver process.
2026-03-27 23:39:44,393 - INFO - ------- Hardware Configuration -------
2026-03-27 23:39:44,395 - INFO - CPU affinity set to cores: [0, 1, 2, 3]
2026-03-27 23:39:44,397 - INFO - 
2026-03-27 23:39:44,399 - INFO - ------- Data Preprocessing for EQCCTPro -------
2026-03-27 23:39:44,401 - INFO - 1 station(s) in /home/blackwinter/projects/eqcct/eqcctpro/data/waveforms_earthquakes_nonoise/20250115T105433Z_20250115T105533Z
2026-03-27 23:39:44,403 - INFO - Using 1 selected station(s): ['TOF'].
2026-03-27 23:39:44,405 - INFO - Creating model actor(s)...
2026-03-27 23:39:44,407 - INFO - System RAM: Total=7870 MB, Available=6047 MB
2026-03-27 23:39:44,409 - INFO - Usable RAM budget: 7083 MB (90% of total)
2026-03-27 23:39:44,412 - INFO - ===== MEMORY-AWARE CPU ACTOR POOL =====
2026-03-27 23:39:44,414 - INFO - Requested concurrent tasks: 1
2026-03-27 23:39:44,416 - INFO - Available CPUs: 4
2026-03-27 23:39:44,417 - INFO - Available RAM: 7083 MB
2026-03-27 23:39:44,420 - INFO - RAM per model: 2060 MB
2026-03-27 23:39:44,422 - INFO - Max actors by RAM: 3
2026-03-27 23:39:44,424 - INFO - Creating 1 SeisBenchModelActor(s)
2026-03-27 23:39:44,426 - INFO - Let Ray handle scheduling (taskset already restricts CPU visibility)
2026-03-27 23:39:44,428 - INFO - Creating SeisBenchModelActor 1/1 (2.01GB RAM each)...
2026-03-27 23:39:46,964 - INFO - SeisBenchModelActor 1 created successfully.
2026-03-27 23:39:46,966 - INFO - Created 1 CPU actor(s). Task queue will handle concurrency.
2026-03-27 23:39:46,968 - INFO - Starting EQCCTPro parallelized waveform processing...
2026-03-27 23:39:46,970 - INFO - 
2026-03-27 23:39:46,973 - INFO - ------- Analyzing Seismic Waveforms for P and S Picks via SeisBench (EQTransformer - original_nonconservative) -------
2026-03-27 23:39:46,975 - INFO - Analyzing 0:01:00 minute timechunk from 2025-01-15 10:54:33 to 2025-01-15 10:55:33 (0 min overlap)
2026-03-27 23:39:46,977 - INFO - Processing a total of 1 stations, 1 at a time.
2026-03-27 23:39:48,911 - INFO - (1/1) TOF: Skipped (already exists - overwrite=False).
2026-03-27 23:39:48,913 - INFO - 
2026-03-27 23:39:48,915 - INFO - ------- Parallel Station Waveform Processing Complete For 2025-01-15 10:54:33 to 2025-01-15 10:55:33 Timechunk-------
2026-03-27 23:39:48,920 - INFO - Successfully ran EQCCTPro, exiting...
2026-03-27 23:39:48,917 - INFO - Picks saved at /home/blackwinter/projects/eqcct/eqcctpro/results/csv/eqt_earthquakes_th0_1/20250115T105433Z_20250115T105533ZProcess Runtime: 1.94 s
2026-03-27 23:39:50,620 - INFO - Ray Successfully Shutdown.
2026-03-27 23:39:50,620 - INFO - ------- Successfully Picked All Waveform(s) from all Timechunk(s) -------
