2026-03-10 21:30:00,013 - INFO - 
2026-03-10 21:30:00,013 - INFO - ------- Welcome to EQCCTPro -------
2026-03-10 21:30:00,013 - INFO - 
2026-03-10 21:30:00,014 - INFO - Running EQCCT over Requested MSeed Files using CPU(s)...
2026-03-10 21:30:00,014 - INFO - GPU disabled (CPU-only).
2026-03-10 21:30:00,014 - INFO - Configured Intra-op threads = 1
2026-03-10 21:30:00,014 - INFO - Configured Inter-op threads = 1
2026-03-10 21:30:00,015 - INFO - TensorFlow: No GPUs visible; TF will proceed on CPU.
2026-03-10 21:30:00,015 - INFO - 
2026-03-10 21:30:05,272 - INFO - Ray Successfully Initialized with 4 CPU(s) ([0, 1, 2, 3] CPU Affinity Binding).
2026-03-10 21:30:05,273 - INFO - Analyzing 1 time chunk(s) from 2025-01-06 22:38:18 to 2025-01-06 22:39:18 (dt=1min, overlap=0min).
2026-03-10 21:30:05,273 - INFO - Using 1 selected station(s).
2026-03-10 21:30:05,273 - INFO - 
2026-03-10 21:30:05,274 - INFO - ------- Starting EQCCTPro... -------
2026-03-10 21:30:05,274 - INFO - Detailed subprocess information can be found in the log file.
2026-03-10 21:30:05,274 - INFO - 
2026-03-10 21:30:05,631 - INFO - GPU disabled (CPU-only).
2026-03-10 21:30:07,078 - INFO - Configured Intra-op threads = 1
2026-03-10 21:30:07,081 - INFO - Configured Inter-op threads = 1
2026-03-10 21:30:07,121 - INFO - TensorFlow: No GPUs visible; TF will proceed on CPU.
2026-03-10 21:30:07,123 - INFO - 
2026-03-10 21:30:07,125 - INFO - ------- Hardware Configuration -------
2026-03-10 21:30:07,127 - INFO - CPU affinity set to cores: [0, 1, 2, 3]
2026-03-10 21:30:07,129 - INFO - 
2026-03-10 21:30:07,131 - INFO - ------- Data Preprocessing for EQCCTPro -------
2026-03-10 21:30:07,133 - INFO - 1 station(s) in /home/blackwinter/projects/eqcct/eqcctpro/data/waveforms_noise_only/20250106T223818Z_20250106T223918Z
2026-03-10 21:30:07,135 - INFO - Using 1 selected station(s): ['RNF'].
2026-03-10 21:30:07,136 - INFO - Creating model actor(s)...
2026-03-10 21:30:07,139 - INFO - System RAM: Total=7870 MB, Available=2932 MB
2026-03-10 21:30:07,140 - INFO - Usable RAM budget: 7083 MB (90% of total)
2026-03-10 21:30:07,142 - INFO - ===== MEMORY-AWARE CPU ACTOR POOL (EQCCT) =====
2026-03-10 21:30:07,144 - INFO - Requested concurrent tasks: 1
2026-03-10 21:30:07,146 - INFO - Available CPUs: 4
2026-03-10 21:30:07,148 - INFO - Available RAM: 7083 MB
2026-03-10 21:30:07,150 - INFO - RAM per model: 2264 MB
2026-03-10 21:30:07,152 - INFO - Max actors by RAM: 3
2026-03-10 21:30:07,153 - INFO - Creating 1 ModelActor(s)
2026-03-10 21:30:07,155 - INFO - Let Ray handle scheduling (taskset already restricts CPU visibility)
2026-03-10 21:30:07,157 - INFO - Creating ModelActor 1/1 (2.21GB RAM each)...
2026-03-10 21:30:11,245 - INFO - ModelActor 1 created successfully.
2026-03-10 21:30:11,250 - INFO - Created 1 CPU actor(s). Task queue will handle concurrency.
2026-03-10 21:30:11,252 - INFO - Starting EQCCTPro parallelized waveform processing...
2026-03-10 21:30:11,255 - INFO - 
2026-03-10 21:30:11,257 - INFO - ------- Analyzing Seismic Waveforms for P and S Picks via EQCCT -------
2026-03-10 21:30:11,259 - INFO - Analyzing 0:01:00 minute timechunk from 2025-01-06 22:38:18 to 2025-01-06 22:39:18 (0 min overlap)
2026-03-10 21:30:11,262 - INFO - Processing a total of 1 stations, 1 at a time.
2026-03-10 21:30:13,757 - INFO - (1/1) RNF: FAILED reading mSEED.
2026-03-10 21:30:13,759 - INFO - 
2026-03-10 21:30:13,761 - INFO - ------- Parallel Station Waveform Processing Complete For 2025-01-06 22:38:18 to 2025-01-06 22:39:18 Timechunk-------
2026-03-10 21:30:13,763 - INFO - Picks saved at /home/blackwinter/projects/eqcct/eqcctpro/results/csv/bm_noise_only/20250106T223818Z_20250106T223918ZProcess Runtime: 2.51 s
2026-03-10 21:30:13,769 - INFO - Successfully ran EQCCTPro, exiting...
2026-03-10 21:30:15,228 - INFO - Ray Successfully Shutdown.
2026-03-10 21:30:15,229 - INFO - ------- Successfully Picked All Waveform(s) from all Timechunk(s) -------
2026-03-11 12:27:10,834 - INFO - 
2026-03-11 12:27:10,835 - INFO - ------- Welcome to EQCCTPro -------
2026-03-11 12:27:10,835 - INFO - 
2026-03-11 12:27:10,836 - INFO - Running EQCCT over Requested MSeed Files using CPU(s)...
2026-03-11 12:27:10,836 - INFO - GPU disabled (CPU-only).
2026-03-11 12:27:10,836 - INFO - Configured Intra-op threads = 1
2026-03-11 12:27:10,836 - INFO - Configured Inter-op threads = 1
2026-03-11 12:27:10,836 - INFO - TensorFlow: No GPUs visible; TF will proceed on CPU.
2026-03-11 12:27:10,837 - INFO - 
2026-03-11 12:27:15,650 - INFO - Ray Successfully Initialized with 4 CPU(s) ([0, 1, 2, 3] CPU Affinity Binding).
2026-03-11 12:27:15,651 - INFO - Analyzing 1 time chunk(s) from 2025-01-06 22:38:18 to 2025-01-06 22:39:18 (dt=1min, overlap=0min).
2026-03-11 12:27:15,651 - INFO - Using 1 selected station(s).
2026-03-11 12:27:15,651 - INFO - 
2026-03-11 12:27:15,651 - INFO - ------- Starting EQCCTPro... -------
2026-03-11 12:27:15,651 - INFO - Detailed subprocess information can be found in the log file.
2026-03-11 12:27:15,651 - INFO - 
2026-03-11 12:27:16,022 - INFO - GPU disabled (CPU-only).
2026-03-11 12:27:17,794 - INFO - Configured Intra-op threads = 1
2026-03-11 12:27:17,800 - INFO - Configured Inter-op threads = 1
2026-03-11 12:27:17,848 - INFO - TensorFlow: No GPUs visible; TF will proceed on CPU.
2026-03-11 12:27:17,850 - INFO - 
2026-03-11 12:27:17,852 - INFO - ------- Hardware Configuration -------
2026-03-11 12:27:17,854 - INFO - CPU affinity set to cores: [0, 1, 2, 3]
2026-03-11 12:27:17,856 - INFO - 
2026-03-11 12:27:17,858 - INFO - ------- Data Preprocessing for EQCCTPro -------
2026-03-11 12:27:17,860 - INFO - 1 station(s) in /home/blackwinter/projects/eqcct/eqcctpro/data/waveforms_noise_only/20250106T223818Z_20250106T223918Z
2026-03-11 12:27:17,862 - INFO - Using 1 selected station(s): ['RNF'].
2026-03-11 12:27:17,864 - INFO - Creating model actor(s)...
2026-03-11 12:27:17,866 - INFO - System RAM: Total=7870 MB, Available=3871 MB
2026-03-11 12:27:17,867 - INFO - Usable RAM budget: 7083 MB (90% of total)
2026-03-11 12:27:17,869 - INFO - ===== MEMORY-AWARE CPU ACTOR POOL (EQCCT) =====
2026-03-11 12:27:17,871 - INFO - Requested concurrent tasks: 1
2026-03-11 12:27:17,873 - INFO - Available CPUs: 4
2026-03-11 12:27:17,875 - INFO - Available RAM: 7083 MB
2026-03-11 12:27:17,877 - INFO - RAM per model: 2264 MB
2026-03-11 12:27:17,880 - INFO - Max actors by RAM: 3
2026-03-11 12:27:17,882 - INFO - Creating 1 ModelActor(s)
2026-03-11 12:27:17,884 - INFO - Let Ray handle scheduling (taskset already restricts CPU visibility)
2026-03-11 12:27:17,886 - INFO - Creating ModelActor 1/1 (2.21GB RAM each)...
2026-03-11 12:27:21,800 - INFO - ModelActor 1 created successfully.
2026-03-11 12:27:21,803 - INFO - Created 1 CPU actor(s). Task queue will handle concurrency.
2026-03-11 12:27:21,805 - INFO - Starting EQCCTPro parallelized waveform processing...
2026-03-11 12:27:21,808 - INFO - 
2026-03-11 12:27:21,810 - INFO - ------- Analyzing Seismic Waveforms for P and S Picks via EQCCT -------
2026-03-11 12:27:21,812 - INFO - Analyzing 0:01:00 minute timechunk from 2025-01-06 22:38:18 to 2025-01-06 22:39:18 (0 min overlap)
2026-03-11 12:27:21,814 - INFO - Processing a total of 1 stations, 1 at a time.
2026-03-11 12:27:23,765 - INFO - (1/1) RNF: Skipped (already exists - overwrite=False).
2026-03-11 12:27:23,767 - INFO - 
2026-03-11 12:27:23,769 - INFO - ------- Parallel Station Waveform Processing Complete For 2025-01-06 22:38:18 to 2025-01-06 22:39:18 Timechunk-------
2026-03-11 12:27:23,771 - INFO - Picks saved at /home/blackwinter/projects/eqcct/eqcctpro/results/csv/bm_noise_only/20250106T223818Z_20250106T223918ZProcess Runtime: 1.96 s
2026-03-11 12:27:23,775 - INFO - Successfully ran EQCCTPro, exiting...
2026-03-11 12:27:25,430 - INFO - Ray Successfully Shutdown.
2026-03-11 12:27:25,430 - INFO - ------- Successfully Picked All Waveform(s) from all Timechunk(s) -------
