2026-03-27 19:33:03,632 - INFO - 
2026-03-27 19:33:03,632 - INFO - ------- Welcome to EQCCTPro -------
2026-03-27 19:33:03,632 - INFO - 
2026-03-27 19:33:03,633 - INFO - Running EQCCT over Requested MSeed Files using CPU(s)...
2026-03-27 19:33:03,633 - INFO - GPU disabled (CPU-only).
2026-03-27 19:33:03,633 - INFO - Skipping framework-specific initialization in the driver process.
2026-03-27 19:33:06,010 - INFO - Ray Successfully Initialized with 4 CPU(s) ([0, 1, 2, 3] CPU Affinity Binding).
2026-03-27 19:33:06,011 - INFO - Analyzing 1 time chunk(s) from 2025-07-03 14:42:00 to 2025-07-03 14:43:00 (dt=1min, overlap=0min).
2026-03-27 19:33:06,011 - INFO - Using 1 selected station(s).
2026-03-27 19:33:06,011 - INFO - 
2026-03-27 19:33:06,011 - INFO - ------- Starting EQCCTPro... -------
2026-03-27 19:33:06,011 - INFO - Detailed subprocess information can be found in the log file.
2026-03-27 19:33:06,011 - INFO - 
2026-03-27 19:33:06,279 - INFO - GPU disabled (CPU-only).
2026-03-27 19:33:06,284 - INFO - Skipping framework-specific initialization in the driver process.
2026-03-27 19:33:06,286 - INFO - ------- Hardware Configuration -------
2026-03-27 19:33:06,289 - INFO - CPU affinity set to cores: [0, 1, 2, 3]
2026-03-27 19:33:06,292 - INFO - 
2026-03-27 19:33:06,295 - INFO - ------- Data Preprocessing for EQCCTPro -------
2026-03-27 19:33:06,297 - INFO - 1 station(s) in /home/blackwinter/projects/eqcct/eqcctpro/data/waveforms_earthquakes_nonoise/20250703T144200Z_20250703T144300Z
2026-03-27 19:33:06,300 - INFO - Using 1 selected station(s): ['KLF'].
2026-03-27 19:33:06,303 - INFO - Creating model actor(s)...
2026-03-27 19:33:06,305 - INFO - System RAM: Total=7870 MB, Available=5987 MB
2026-03-27 19:33:06,308 - INFO - Usable RAM budget: 7083 MB (90% of total)
2026-03-27 19:33:06,310 - INFO - ===== MEMORY-AWARE CPU ACTOR POOL =====
2026-03-27 19:33:06,313 - INFO - Requested concurrent tasks: 1
2026-03-27 19:33:06,315 - INFO - Available CPUs: 4
2026-03-27 19:33:06,318 - INFO - Available RAM: 7083 MB
2026-03-27 19:33:06,320 - INFO - RAM per model: 2060 MB
2026-03-27 19:33:06,323 - INFO - Max actors by RAM: 3
2026-03-27 19:33:06,325 - INFO - Creating 1 SeisBenchModelActor(s)
2026-03-27 19:33:06,328 - INFO - Let Ray handle scheduling (taskset already restricts CPU visibility)
2026-03-27 19:33:06,330 - INFO - Creating SeisBenchModelActor 1/1 (2.01GB RAM each)...
2026-03-27 19:33:09,438 - INFO - SeisBenchModelActor 1 created successfully.
2026-03-27 19:33:09,440 - INFO - Created 1 CPU actor(s). Task queue will handle concurrency.
2026-03-27 19:33:09,442 - INFO - Starting EQCCTPro parallelized waveform processing...
2026-03-27 19:33:09,444 - INFO - 
2026-03-27 19:33:09,446 - INFO - ------- Analyzing Seismic Waveforms for P and S Picks via SeisBench (EQTransformer - original_nonconservative) -------
2026-03-27 19:33:09,448 - INFO - Analyzing 0:01:00 minute timechunk from 2025-07-03 14:42:00 to 2025-07-03 14:43:00 (0 min overlap)
2026-03-27 19:33:09,450 - INFO - Processing a total of 1 stations, 1 at a time.
2026-03-27 19:33:11,581 - INFO - (1/1) KLF: Finished the prediction in 0.13s. (HP=1.0, LP=45.0, picks=2)
2026-03-27 19:33:11,583 - INFO - 
2026-03-27 19:33:11,585 - INFO - ------- Parallel Station Waveform Processing Complete For 2025-07-03 14:42:00 to 2025-07-03 14:43:00 Timechunk-------
2026-03-27 19:33:11,587 - INFO - Picks saved at /home/blackwinter/projects/eqcct/eqcctpro/results/csv/eqt_earthquakes_th0_1/20250703T144200Z_20250703T144300ZProcess Runtime: 2.14 s
2026-03-27 19:33:11,592 - INFO - Successfully ran EQCCTPro, exiting...
2026-03-27 19:33:13,222 - INFO - Ray Successfully Shutdown.
2026-03-27 19:33:13,223 - INFO - ------- Successfully Picked All Waveform(s) from all Timechunk(s) -------
2026-03-28 02:00:03,278 - INFO - 
2026-03-28 02:00:03,279 - INFO - ------- Welcome to EQCCTPro -------
2026-03-28 02:00:03,279 - INFO - 
2026-03-28 02:00:03,279 - INFO - Running EQCCT over Requested MSeed Files using CPU(s)...
2026-03-28 02:00:03,280 - INFO - GPU disabled (CPU-only).
2026-03-28 02:00:03,280 - INFO - Skipping framework-specific initialization in the driver process.
2026-03-28 02:00:05,686 - INFO - Ray Successfully Initialized with 4 CPU(s) ([0, 1, 2, 3] CPU Affinity Binding).
2026-03-28 02:00:05,686 - INFO - Analyzing 1 time chunk(s) from 2025-07-03 14:42:00 to 2025-07-03 14:43:00 (dt=1min, overlap=0min).
2026-03-28 02:00:05,686 - INFO - Using 1 selected station(s).
2026-03-28 02:00:05,686 - INFO - 
2026-03-28 02:00:05,686 - INFO - ------- Starting EQCCTPro... -------
2026-03-28 02:00:05,686 - INFO - Detailed subprocess information can be found in the log file.
2026-03-28 02:00:05,686 - INFO - 
2026-03-28 02:00:05,995 - INFO - GPU disabled (CPU-only).
2026-03-28 02:00:05,999 - INFO - Skipping framework-specific initialization in the driver process.
2026-03-28 02:00:06,002 - INFO - ------- Hardware Configuration -------
2026-03-28 02:00:06,005 - INFO - CPU affinity set to cores: [0, 1, 2, 3]
2026-03-28 02:00:06,008 - INFO - 
2026-03-28 02:00:06,010 - INFO - ------- Data Preprocessing for EQCCTPro -------
2026-03-28 02:00:06,013 - INFO - 1 station(s) in /home/blackwinter/projects/eqcct/eqcctpro/data/waveforms_earthquakes_nonoise/20250703T144200Z_20250703T144300Z
2026-03-28 02:00:06,016 - INFO - Using 1 selected station(s): ['KLF'].
2026-03-28 02:00:06,018 - INFO - Creating model actor(s)...
2026-03-28 02:00:06,021 - INFO - System RAM: Total=7870 MB, Available=5830 MB
2026-03-28 02:00:06,023 - INFO - Usable RAM budget: 7083 MB (90% of total)
2026-03-28 02:00:06,026 - INFO - ===== MEMORY-AWARE CPU ACTOR POOL =====
2026-03-28 02:00:06,028 - INFO - Requested concurrent tasks: 1
2026-03-28 02:00:06,031 - INFO - Available CPUs: 4
2026-03-28 02:00:06,033 - INFO - Available RAM: 7083 MB
2026-03-28 02:00:06,035 - INFO - RAM per model: 2060 MB
2026-03-28 02:00:06,037 - INFO - Max actors by RAM: 3
2026-03-28 02:00:06,039 - INFO - Creating 1 SeisBenchModelActor(s)
2026-03-28 02:00:06,041 - INFO - Let Ray handle scheduling (taskset already restricts CPU visibility)
2026-03-28 02:00:06,043 - INFO - Creating SeisBenchModelActor 1/1 (2.01GB RAM each)...
2026-03-28 02:00:08,923 - INFO - SeisBenchModelActor 1 created successfully.
2026-03-28 02:00:08,925 - INFO - Created 1 CPU actor(s). Task queue will handle concurrency.
2026-03-28 02:00:08,928 - INFO - Starting EQCCTPro parallelized waveform processing...
2026-03-28 02:00:08,930 - INFO - 
2026-03-28 02:00:08,932 - INFO - ------- Analyzing Seismic Waveforms for P and S Picks via SeisBench (EQTransformer - original_nonconservative) -------
2026-03-28 02:00:08,935 - INFO - Analyzing 0:01:00 minute timechunk from 2025-07-03 14:42:00 to 2025-07-03 14:43:00 (0 min overlap)
2026-03-28 02:00:08,937 - INFO - Processing a total of 1 stations, 1 at a time.
2026-03-28 02:00:10,977 - INFO - (1/1) KLF: Skipped (already exists - overwrite=False).
2026-03-28 02:00:10,979 - INFO - 
2026-03-28 02:00:10,982 - INFO - ------- Parallel Station Waveform Processing Complete For 2025-07-03 14:42:00 to 2025-07-03 14:43:00 Timechunk-------
2026-03-28 02:00:10,984 - INFO - Picks saved at /home/blackwinter/projects/eqcct/eqcctpro/results/csv/eqt_earthquakes_th0_1/20250703T144200Z_20250703T144300ZProcess Runtime: 2.05 s
2026-03-28 02:00:10,990 - INFO - Successfully ran EQCCTPro, exiting...
2026-03-28 02:00:12,566 - INFO - Ray Successfully Shutdown.
2026-03-28 02:00:12,566 - INFO - ------- Successfully Picked All Waveform(s) from all Timechunk(s) -------
