2026-03-28 21:38:00,774 - INFO - 
2026-03-28 21:38:00,774 - INFO - ------- Welcome to EQCCTPro -------
2026-03-28 21:38:00,774 - INFO - 
2026-03-28 21:38:00,774 - INFO - Running EQCCT over Requested MSeed Files using CPU(s)...
2026-03-28 21:38:00,775 - INFO - GPU disabled (CPU-only).
2026-03-29 06:15:21,768 - INFO - 
2026-03-29 06:15:21,768 - INFO - ------- Welcome to EQCCTPro -------
2026-03-29 06:15:21,768 - INFO - 
2026-03-29 06:15:21,769 - INFO - Running EQCCT over Requested MSeed Files using CPU(s)...
2026-03-29 06:15:21,769 - INFO - GPU disabled (CPU-only).
2026-03-29 06:15:21,770 - INFO - Configured Intra-op threads = 1
2026-03-29 06:15:21,770 - INFO - Configured Inter-op threads = 1
2026-03-29 06:15:21,770 - INFO - TensorFlow: No GPUs visible; TF will proceed on CPU.
2026-03-29 06:15:21,770 - INFO - 
2026-03-29 06:15:26,895 - INFO - Ray Successfully Initialized with 4 CPU(s) ([0, 1, 2, 3] CPU Affinity Binding).
2026-03-29 06:15:26,896 - INFO - Analyzing 1 time chunk(s) from 2025-01-22 08:32:40 to 2025-01-22 08:33:40 (dt=1min, overlap=0min).
2026-03-29 06:15:26,896 - INFO - Using 1 selected station(s).
2026-03-29 06:15:26,896 - INFO - 
2026-03-29 06:15:26,897 - INFO - ------- Starting EQCCTPro... -------
2026-03-29 06:15:26,897 - INFO - Detailed subprocess information can be found in the log file.
2026-03-29 06:15:26,897 - INFO - 
2026-03-29 06:15:27,340 - INFO - GPU disabled (CPU-only).
2026-03-29 06:15:29,013 - INFO - Configured Intra-op threads = 1
2026-03-29 06:15:29,016 - INFO - Configured Inter-op threads = 1
2026-03-29 06:15:29,060 - INFO - TensorFlow: No GPUs visible; TF will proceed on CPU.
2026-03-29 06:15:29,063 - INFO - 
2026-03-29 06:15:29,066 - INFO - ------- Hardware Configuration -------
2026-03-29 06:15:29,069 - INFO - CPU affinity set to cores: [0, 1, 2, 3]
2026-03-29 06:15:29,072 - INFO - 
2026-03-29 06:15:29,074 - INFO - ------- Data Preprocessing for EQCCTPro -------
2026-03-29 06:15:29,077 - INFO - 1 station(s) in /home/blackwinter/projects/eqcct/eqcctpro/data/waveforms_explosions_nonoise/20250122T083240Z_20250122T083340Z
2026-03-29 06:15:29,080 - INFO - Using 1 selected station(s): ['NIF'].
2026-03-29 06:15:29,082 - INFO - Creating model actor(s)...
2026-03-29 06:15:29,085 - INFO - System RAM: Total=7870 MB, Available=2933 MB
2026-03-29 06:15:29,088 - INFO - Usable RAM budget: 7083 MB (90% of total)
2026-03-29 06:15:29,090 - INFO - ===== MEMORY-AWARE CPU ACTOR POOL (EQCCT) =====
2026-03-29 06:15:29,093 - INFO - Requested concurrent tasks: 1
2026-03-29 06:15:29,096 - INFO - Available CPUs: 4
2026-03-29 06:15:29,098 - INFO - Available RAM: 7083 MB
2026-03-29 06:15:29,101 - INFO - RAM per model: 2264 MB
2026-03-29 06:15:29,103 - INFO - Max actors by RAM: 3
2026-03-29 06:15:29,106 - INFO - Creating 1 ModelActor(s)
2026-03-29 06:15:29,108 - INFO - Let Ray handle scheduling (taskset already restricts CPU visibility)
2026-03-29 06:15:29,110 - INFO - Creating ModelActor 1/1 (2.21GB RAM each)...
2026-03-29 06:15:33,474 - INFO - ModelActor 1 created successfully.
2026-03-29 06:15:33,477 - INFO - Created 1 CPU actor(s). Task queue will handle concurrency.
2026-03-29 06:15:33,479 - INFO - Starting EQCCTPro parallelized waveform processing...
2026-03-29 06:15:33,482 - INFO - 
2026-03-29 06:15:33,485 - INFO - ------- Analyzing Seismic Waveforms for P and S Picks via EQCCT -------
2026-03-29 06:15:33,488 - INFO - Analyzing 0:01:00 minute timechunk from 2025-01-22 08:32:40 to 2025-01-22 08:33:40 (0 min overlap)
2026-03-29 06:15:33,490 - INFO - Processing a total of 1 stations, 1 at a time.
2026-03-29 06:15:38,039 - INFO - (1/1) NIF: Finished the prediction in 2.46s. (HP=1.0, LP=45.0)
2026-03-29 06:15:38,042 - INFO - 
2026-03-29 06:15:38,044 - INFO - ------- Parallel Station Waveform Processing Complete For 2025-01-22 08:32:40 to 2025-01-22 08:33:40 Timechunk-------
2026-03-29 06:15:38,047 - INFO - Picks saved at /home/blackwinter/projects/eqcct/eqcctpro/results/csv/eqcct_explosions_th0_1/20250122T083240Z_20250122T083340ZProcess Runtime: 4.56 s
2026-03-29 06:15:38,051 - INFO - Successfully ran EQCCTPro, exiting...
2026-03-29 06:15:39,715 - INFO - Ray Successfully Shutdown.
2026-03-29 06:15:39,715 - INFO - ------- Successfully Picked All Waveform(s) from all Timechunk(s) -------
