2026-03-28 21:37:56,624 - INFO - 
2026-03-28 21:37:56,624 - INFO - ------- Welcome to EQCCTPro -------
2026-03-28 21:37:56,624 - INFO - 
2026-03-28 21:37:56,625 - INFO - Running EQCCT over Requested MSeed Files using CPU(s)...
2026-03-28 21:37:56,625 - INFO - GPU disabled (CPU-only).
2026-03-28 21:48:56,402 - INFO - 
2026-03-28 21:48:56,402 - INFO - ------- Welcome to EQCCTPro -------
2026-03-28 21:48:56,402 - INFO - 
2026-03-28 21:48:56,404 - INFO - Running EQCCT over Requested MSeed Files using CPU(s)...
2026-03-28 21:48:56,404 - INFO - GPU disabled (CPU-only).
2026-03-28 21:48:56,404 - INFO - Configured Intra-op threads = 1
2026-03-28 21:48:56,405 - INFO - Configured Inter-op threads = 1
2026-03-28 21:48:56,405 - INFO - TensorFlow: No GPUs visible; TF will proceed on CPU.
2026-03-28 21:48:56,405 - INFO - 
2026-03-28 21:49:02,255 - INFO - Ray Successfully Initialized with 4 CPU(s) ([0, 1, 2, 3] CPU Affinity Binding).
2026-03-28 21:49:02,256 - INFO - Analyzing 1 time chunk(s) from 2025-01-02 11:52:19 to 2025-01-02 11:53:19 (dt=1min, overlap=0min).
2026-03-28 21:49:02,256 - INFO - Using 1 selected station(s).
2026-03-28 21:49:02,256 - INFO - 
2026-03-28 21:49:02,256 - INFO - ------- Starting EQCCTPro... -------
2026-03-28 21:49:02,256 - INFO - Detailed subprocess information can be found in the log file.
2026-03-28 21:49:02,257 - INFO - 
2026-03-28 21:49:02,720 - INFO - GPU disabled (CPU-only).
2026-03-28 21:49:04,555 - INFO - Configured Intra-op threads = 1
2026-03-28 21:49:04,558 - INFO - Configured Inter-op threads = 1
2026-03-28 21:49:04,613 - INFO - TensorFlow: No GPUs visible; TF will proceed on CPU.
2026-03-28 21:49:04,616 - INFO - 
2026-03-28 21:49:04,619 - INFO - ------- Hardware Configuration -------
2026-03-28 21:49:04,623 - INFO - CPU affinity set to cores: [0, 1, 2, 3]
2026-03-28 21:49:04,627 - INFO - 
2026-03-28 21:49:04,629 - INFO - ------- Data Preprocessing for EQCCTPro -------
2026-03-28 21:49:04,633 - INFO - 1 station(s) in /home/blackwinter/projects/eqcct/eqcctpro/data/waveforms_explosions_nonoise/20250102T115219Z_20250102T115319Z
2026-03-28 21:49:04,635 - INFO - Using 1 selected station(s): ['KPF'].
2026-03-28 21:49:04,638 - INFO - Creating model actor(s)...
2026-03-28 21:49:04,641 - INFO - System RAM: Total=7870 MB, Available=3986 MB
2026-03-28 21:49:04,644 - INFO - Usable RAM budget: 7083 MB (90% of total)
2026-03-28 21:49:04,647 - INFO - ===== MEMORY-AWARE CPU ACTOR POOL (EQCCT) =====
2026-03-28 21:49:04,649 - INFO - Requested concurrent tasks: 1
2026-03-28 21:49:04,652 - INFO - Available CPUs: 4
2026-03-28 21:49:04,656 - INFO - Available RAM: 7083 MB
2026-03-28 21:49:04,659 - INFO - RAM per model: 2264 MB
2026-03-28 21:49:04,663 - INFO - Max actors by RAM: 3
2026-03-28 21:49:04,666 - INFO - Creating 1 ModelActor(s)
2026-03-28 21:49:04,669 - INFO - Let Ray handle scheduling (taskset already restricts CPU visibility)
2026-03-28 21:49:04,672 - INFO - Creating ModelActor 1/1 (2.21GB RAM each)...
2026-03-28 21:49:09,776 - INFO - ModelActor 1 created successfully.
2026-03-28 21:49:09,779 - INFO - Created 1 CPU actor(s). Task queue will handle concurrency.
2026-03-28 21:49:09,782 - INFO - Starting EQCCTPro parallelized waveform processing...
2026-03-28 21:49:09,785 - INFO - 
2026-03-28 21:49:09,788 - INFO - ------- Analyzing Seismic Waveforms for P and S Picks via EQCCT -------
2026-03-28 21:49:09,792 - INFO - Analyzing 0:01:00 minute timechunk from 2025-01-02 11:52:19 to 2025-01-02 11:53:19 (0 min overlap)
2026-03-28 21:49:09,795 - INFO - Processing a total of 1 stations, 1 at a time.
2026-03-28 21:49:14,884 - INFO - (1/1) KPF: Finished the prediction in 2.82s. (HP=1.0, LP=45.0)
2026-03-28 21:49:14,887 - INFO - 
2026-03-28 21:49:14,890 - INFO - ------- Parallel Station Waveform Processing Complete For 2025-01-02 11:52:19 to 2025-01-02 11:53:19 Timechunk-------
2026-03-28 21:49:14,893 - INFO - Picks saved at /home/blackwinter/projects/eqcct/eqcctpro/results/csv/eqcct_explosions_th0_1/20250102T115219Z_20250102T115319ZProcess Runtime: 5.10 s
2026-03-28 21:49:14,899 - INFO - Successfully ran EQCCTPro, exiting...
2026-03-28 21:49:16,323 - INFO - Ray Successfully Shutdown.
2026-03-28 21:49:16,323 - INFO - ------- Successfully Picked All Waveform(s) from all Timechunk(s) -------
