2026-02-22 23:38:34,800 - INFO - 
2026-02-22 23:38:34,800 - INFO - ------- Welcome to EQCCTPro -------
2026-02-22 23:38:34,800 - INFO - 
2026-02-22 23:38:34,801 - INFO - Running EQCCT over Requested MSeed Files using CPU(s)...
2026-02-22 23:38:34,801 - INFO - GPU disabled (CPU-only).
2026-02-22 23:38:34,801 - INFO - Configured Intra-op threads = 1
2026-02-22 23:38:34,802 - INFO - Configured Inter-op threads = 1
2026-02-22 23:38:34,802 - INFO - TensorFlow: No GPUs visible; TF will proceed on CPU.
2026-02-22 23:38:34,802 - INFO - 
2026-02-22 23:38:40,429 - INFO - Ray Successfully Initialized with 4 CPU(s) ([0, 1, 2, 3] CPU Affinity Binding).
2026-02-22 23:38:40,430 - INFO - Analyzing 1 time chunk(s) from 2025-12-22 22:17:18 to 2025-12-22 22:18:18 (dt=1min, overlap=0min).
2026-02-22 23:38:40,430 - INFO - Using 1 selected station(s).
2026-02-22 23:38:40,430 - INFO - 
2026-02-22 23:38:40,430 - INFO - ------- Starting EQCCTPro... -------
2026-02-22 23:38:40,430 - INFO - Detailed subprocess information can be found in the log file.
2026-02-22 23:38:40,430 - INFO - 
2026-02-22 23:38:40,812 - INFO - GPU disabled (CPU-only).
2026-02-22 23:38:42,358 - INFO - Configured Intra-op threads = 1
2026-02-22 23:38:42,360 - INFO - Configured Inter-op threads = 1
2026-02-22 23:38:42,405 - INFO - TensorFlow: No GPUs visible; TF will proceed on CPU.
2026-02-22 23:38:42,408 - INFO - 
2026-02-22 23:38:42,410 - INFO - ------- Hardware Configuration -------
2026-02-22 23:38:42,413 - INFO - CPU affinity set to cores: [0, 1, 2, 3]
2026-02-22 23:38:42,416 - INFO - 
2026-02-22 23:38:42,418 - INFO - ------- Data Preprocessing for EQCCTPro -------
2026-02-22 23:38:42,420 - INFO - 1 station(s) in /home/blackwinter/projects/eqcct/eqcctpro/data/waveforms_earthquakes_nonoise/20251222T221718Z_20251222T221818Z
2026-02-22 23:38:42,423 - INFO - Using 1 selected station(s): ['KOFF'].
2026-02-22 23:38:42,425 - INFO - Creating model actor(s)...
2026-02-22 23:38:42,427 - INFO - System RAM: Total=7870 MB, Available=1411 MB
2026-02-22 23:38:42,429 - INFO - Usable RAM budget: 7083 MB (90% of total)
2026-02-22 23:38:42,432 - INFO - ===== MEMORY-AWARE CPU ACTOR POOL (EQCCT) =====
2026-02-22 23:38:42,435 - INFO - Requested concurrent tasks: 1
2026-02-22 23:38:42,436 - INFO - Available CPUs: 4
2026-02-22 23:38:42,439 - INFO - Available RAM: 7083 MB
2026-02-22 23:38:42,441 - INFO - RAM per model: 2264 MB
2026-02-22 23:38:42,443 - INFO - Max actors by RAM: 3
2026-02-22 23:38:42,445 - INFO - Creating 1 ModelActor(s)
2026-02-22 23:38:42,448 - INFO - Let Ray handle scheduling (taskset already restricts CPU visibility)
2026-02-22 23:38:42,450 - INFO - Creating ModelActor 1/1 (2.21GB RAM each)...
2026-02-22 23:38:46,457 - INFO - ModelActor 1 created successfully.
2026-02-22 23:38:46,460 - INFO - Created 1 CPU actor(s). Task queue will handle concurrency.
2026-02-22 23:38:46,462 - INFO - Starting EQCCTPro parallelized waveform processing...
2026-02-22 23:38:46,464 - INFO - 
2026-02-22 23:38:46,466 - INFO - ------- Analyzing Seismic Waveforms for P and S Picks via EQCCT -------
2026-02-22 23:38:46,469 - INFO - Analyzing 0:01:00 minute timechunk from 2025-12-22 22:17:18 to 2025-12-22 22:18:18 (0 min overlap)
2026-02-22 23:38:46,472 - INFO - Processing a total of 1 stations, 1 at a time.
2026-02-22 23:38:48,353 - INFO - (1/1) KOFF: FAILED reading mSEED.
2026-02-22 23:38:48,355 - INFO - 
2026-02-22 23:38:48,358 - INFO - ------- Parallel Station Waveform Processing Complete For 2025-12-22 22:17:18 to 2025-12-22 22:18:18 Timechunk-------
2026-02-22 23:38:48,360 - INFO - Picks saved at /home/blackwinter/projects/eqcct/eqcctpro/results/csv/bm_eq_nonoise/20251222T221718Z_20251222T221818ZProcess Runtime: 1.89 s
2026-02-22 23:38:48,364 - INFO - Successfully ran EQCCTPro, exiting...
2026-02-22 23:38:50,230 - INFO - Ray Successfully Shutdown.
2026-02-22 23:38:50,230 - INFO - ------- Successfully Picked All Waveform(s) from all Timechunk(s) -------
