2026-02-22 23:25:54,460 - INFO - 
2026-02-22 23:25:54,460 - INFO - ------- Welcome to EQCCTPro -------
2026-02-22 23:25:54,460 - INFO - 
2026-02-22 23:25:54,461 - INFO - Running EQCCT over Requested MSeed Files using CPU(s)...
2026-02-22 23:25:54,461 - INFO - GPU disabled (CPU-only).
2026-02-22 23:25:54,462 - INFO - Configured Intra-op threads = 1
2026-02-22 23:25:54,462 - INFO - Configured Inter-op threads = 1
2026-02-22 23:25:54,462 - INFO - TensorFlow: No GPUs visible; TF will proceed on CPU.
2026-02-22 23:25:54,462 - INFO - 
2026-02-22 23:25:59,990 - INFO - Ray Successfully Initialized with 4 CPU(s) ([0, 1, 2, 3] CPU Affinity Binding).
2026-02-22 23:25:59,990 - INFO - Analyzing 1 time chunk(s) from 2025-12-20 02:35:42 to 2025-12-20 02:36:42 (dt=1min, overlap=0min).
2026-02-22 23:25:59,990 - INFO - Using 1 selected station(s).
2026-02-22 23:25:59,990 - INFO - 
2026-02-22 23:25:59,991 - INFO - ------- Starting EQCCTPro... -------
2026-02-22 23:25:59,991 - INFO - Detailed subprocess information can be found in the log file.
2026-02-22 23:25:59,991 - INFO - 
2026-02-22 23:26:00,348 - INFO - GPU disabled (CPU-only).
2026-02-22 23:26:01,860 - INFO - Configured Intra-op threads = 1
2026-02-22 23:26:01,863 - INFO - Configured Inter-op threads = 1
2026-02-22 23:26:01,903 - INFO - TensorFlow: No GPUs visible; TF will proceed on CPU.
2026-02-22 23:26:01,906 - INFO - 
2026-02-22 23:26:01,908 - INFO - ------- Hardware Configuration -------
2026-02-22 23:26:01,910 - INFO - CPU affinity set to cores: [0, 1, 2, 3]
2026-02-22 23:26:01,911 - INFO - 
2026-02-22 23:26:01,914 - INFO - ------- Data Preprocessing for EQCCTPro -------
2026-02-22 23:26:01,915 - INFO - 1 station(s) in /home/blackwinter/projects/eqcct/eqcctpro/data/waveforms_earthquakes_nonoise/20251220T023542Z_20251220T023642Z
2026-02-22 23:26:01,917 - INFO - Using 1 selected station(s): ['OUF'].
2026-02-22 23:26:01,919 - INFO - Creating model actor(s)...
2026-02-22 23:26:01,921 - INFO - System RAM: Total=7870 MB, Available=1462 MB
2026-02-22 23:26:01,922 - INFO - Usable RAM budget: 7083 MB (90% of total)
2026-02-22 23:26:01,924 - INFO - ===== MEMORY-AWARE CPU ACTOR POOL (EQCCT) =====
2026-02-22 23:26:01,926 - INFO - Requested concurrent tasks: 1
2026-02-22 23:26:01,928 - INFO - Available CPUs: 4
2026-02-22 23:26:01,929 - INFO - Available RAM: 7083 MB
2026-02-22 23:26:01,931 - INFO - RAM per model: 2264 MB
2026-02-22 23:26:01,933 - INFO - Max actors by RAM: 3
2026-02-22 23:26:01,935 - INFO - Creating 1 ModelActor(s)
2026-02-22 23:26:01,937 - INFO - Let Ray handle scheduling (taskset already restricts CPU visibility)
2026-02-22 23:26:01,938 - INFO - Creating ModelActor 1/1 (2.21GB RAM each)...
2026-02-22 23:26:05,884 - INFO - ModelActor 1 created successfully.
2026-02-22 23:26:05,886 - INFO - Created 1 CPU actor(s). Task queue will handle concurrency.
2026-02-22 23:26:05,888 - INFO - Starting EQCCTPro parallelized waveform processing...
2026-02-22 23:26:05,890 - INFO - 
2026-02-22 23:26:05,892 - INFO - ------- Analyzing Seismic Waveforms for P and S Picks via EQCCT -------
2026-02-22 23:26:05,894 - INFO - Analyzing 0:01:00 minute timechunk from 2025-12-20 02:35:42 to 2025-12-20 02:36:42 (0 min overlap)
2026-02-22 23:26:05,896 - INFO - Processing a total of 1 stations, 1 at a time.
2026-02-22 23:26:09,957 - INFO - (1/1) OUF: Finished the prediction in 2.13s. (HP=1.0, LP=45.0)
2026-02-22 23:26:09,959 - INFO - 
2026-02-22 23:26:09,961 - INFO - ------- Parallel Station Waveform Processing Complete For 2025-12-20 02:35:42 to 2025-12-20 02:36:42 Timechunk-------
2026-02-22 23:26:09,962 - INFO - Picks saved at /home/blackwinter/projects/eqcct/eqcctpro/results/csv/bm_eq_nonoise/20251220T023542Z_20251220T023642ZProcess Runtime: 4.07 s
2026-02-22 23:26:09,968 - INFO - Successfully ran EQCCTPro, exiting...
2026-02-22 23:26:11,793 - INFO - Ray Successfully Shutdown.
2026-02-22 23:26:11,793 - INFO - ------- Successfully Picked All Waveform(s) from all Timechunk(s) -------
