2026-03-28 21:37:58,447 - INFO - 
2026-03-28 21:37:58,447 - INFO - ------- Welcome to EQCCTPro -------
2026-03-28 21:37:58,447 - INFO - 
2026-03-28 21:37:58,447 - INFO - Running EQCCT over Requested MSeed Files using CPU(s)...
2026-03-28 21:37:58,447 - INFO - GPU disabled (CPU-only).
2026-03-29 01:07:21,747 - INFO - 
2026-03-29 01:07:21,747 - INFO - ------- Welcome to EQCCTPro -------
2026-03-29 01:07:21,747 - INFO - 
2026-03-29 01:07:21,748 - INFO - Running EQCCT over Requested MSeed Files using CPU(s)...
2026-03-29 01:07:21,748 - INFO - GPU disabled (CPU-only).
2026-03-29 01:07:21,749 - INFO - Configured Intra-op threads = 1
2026-03-29 01:07:21,749 - INFO - Configured Inter-op threads = 1
2026-03-29 01:07:21,749 - INFO - TensorFlow: No GPUs visible; TF will proceed on CPU.
2026-03-29 01:07:21,749 - INFO - 
2026-03-29 01:07:26,852 - INFO - Ray Successfully Initialized with 4 CPU(s) ([0, 1, 2, 3] CPU Affinity Binding).
2026-03-29 01:07:26,852 - INFO - Analyzing 1 time chunk(s) from 2025-01-13 11:01:03 to 2025-01-13 11:02:03 (dt=1min, overlap=0min).
2026-03-29 01:07:26,852 - INFO - Using 2 selected station(s).
2026-03-29 01:07:26,852 - INFO - 
2026-03-29 01:07:26,853 - INFO - ------- Starting EQCCTPro... -------
2026-03-29 01:07:26,853 - INFO - Detailed subprocess information can be found in the log file.
2026-03-29 01:07:26,853 - INFO - 
2026-03-29 01:07:27,261 - INFO - GPU disabled (CPU-only).
2026-03-29 01:07:28,927 - INFO - Configured Intra-op threads = 1
2026-03-29 01:07:28,929 - INFO - Configured Inter-op threads = 1
2026-03-29 01:07:28,973 - INFO - TensorFlow: No GPUs visible; TF will proceed on CPU.
2026-03-29 01:07:28,975 - INFO - 
2026-03-29 01:07:28,978 - INFO - ------- Hardware Configuration -------
2026-03-29 01:07:28,980 - INFO - CPU affinity set to cores: [0, 1, 2, 3]
2026-03-29 01:07:28,983 - INFO - 
2026-03-29 01:07:28,985 - INFO - ------- Data Preprocessing for EQCCTPro -------
2026-03-29 01:07:28,989 - INFO - 2 station(s) in /home/blackwinter/projects/eqcct/eqcctpro/data/waveforms_explosions_nonoise/20250113T110103Z_20250113T110203Z
2026-03-29 01:07:28,994 - INFO - Using 2 selected station(s): ['NIF', 'RMF'].
2026-03-29 01:07:28,997 - INFO - Creating model actor(s)...
2026-03-29 01:07:29,000 - INFO - System RAM: Total=7870 MB, Available=3449 MB
2026-03-29 01:07:29,004 - INFO - Usable RAM budget: 7083 MB (90% of total)
2026-03-29 01:07:29,007 - INFO - ===== MEMORY-AWARE CPU ACTOR POOL (EQCCT) =====
2026-03-29 01:07:29,011 - INFO - Requested concurrent tasks: 1
2026-03-29 01:07:29,013 - INFO - Available CPUs: 4
2026-03-29 01:07:29,017 - INFO - Available RAM: 7083 MB
2026-03-29 01:07:29,020 - INFO - RAM per model: 2264 MB
2026-03-29 01:07:29,024 - INFO - Max actors by RAM: 3
2026-03-29 01:07:29,027 - INFO - Creating 1 ModelActor(s)
2026-03-29 01:07:29,030 - INFO - Let Ray handle scheduling (taskset already restricts CPU visibility)
2026-03-29 01:07:29,034 - INFO - Creating ModelActor 1/1 (2.21GB RAM each)...
2026-03-29 01:07:33,393 - INFO - ModelActor 1 created successfully.
2026-03-29 01:07:33,396 - INFO - Created 1 CPU actor(s). Task queue will handle concurrency.
2026-03-29 01:07:33,399 - INFO - Starting EQCCTPro parallelized waveform processing...
2026-03-29 01:07:33,401 - INFO - 
2026-03-29 01:07:33,404 - INFO - ------- Analyzing Seismic Waveforms for P and S Picks via EQCCT -------
2026-03-29 01:07:33,408 - INFO - Analyzing 0:01:00 minute timechunk from 2025-01-13 11:01:03 to 2025-01-13 11:02:03 (0 min overlap)
2026-03-29 01:07:33,411 - INFO - Processing a total of 2 stations, 1 at a time.
2026-03-29 01:07:37,928 - INFO - (1/2) NIF: Finished the prediction in 2.42s. (HP=1.0, LP=45.0)
2026-03-29 01:07:38,056 - INFO - (2/2) RMF: Finished the prediction in 0.12s. (HP=1.0, LP=45.0)
2026-03-29 01:07:38,058 - INFO - 
2026-03-29 01:07:38,062 - INFO - ------- Parallel Station Waveform Processing Complete For 2025-01-13 11:01:03 to 2025-01-13 11:02:03 Timechunk-------
2026-03-29 01:07:38,066 - INFO - Picks saved at /home/blackwinter/projects/eqcct/eqcctpro/results/csv/eqcct_explosions_th0_1/20250113T110103Z_20250113T110203ZProcess Runtime: 4.66 s
2026-03-29 01:07:38,071 - INFO - Successfully ran EQCCTPro, exiting...
2026-03-29 01:07:39,540 - INFO - Ray Successfully Shutdown.
2026-03-29 01:07:39,540 - INFO - ------- Successfully Picked All Waveform(s) from all Timechunk(s) -------
