2026-02-22 16:30:29,419 - INFO - 
2026-02-22 16:30:29,420 - INFO - ------- Welcome to EQCCTPro -------
2026-02-22 16:30:29,420 - INFO - 
2026-02-22 16:30:29,420 - INFO - Running EQCCT over Requested MSeed Files using CPU(s)...
2026-02-22 16:30:29,420 - INFO - GPU disabled (CPU-only).
2026-02-22 16:30:29,421 - INFO - Configured Intra-op threads = 1
2026-02-22 16:30:29,421 - INFO - Configured Inter-op threads = 1
2026-02-22 16:30:29,421 - INFO - TensorFlow: No GPUs visible; TF will proceed on CPU.
2026-02-22 16:30:29,421 - INFO - 
2026-02-22 16:30:34,728 - INFO - Ray Successfully Initialized with 4 CPU(s) ([0, 1, 2, 3] CPU Affinity Binding).
2026-02-22 16:30:34,728 - INFO - Analyzing 1 time chunk(s) from 2025-06-21 04:22:01 to 2025-06-21 04:23:01 (dt=1min, overlap=0min).
2026-02-22 16:30:34,728 - INFO - Using 1 selected station(s).
2026-02-22 16:30:34,729 - INFO - 
2026-02-22 16:30:34,729 - INFO - ------- Starting EQCCTPro... -------
2026-02-22 16:30:34,729 - INFO - Detailed subprocess information can be found in the log file.
2026-02-22 16:30:34,729 - INFO - 
2026-02-22 16:30:35,096 - INFO - GPU disabled (CPU-only).
2026-02-22 16:30:36,528 - INFO - Configured Intra-op threads = 1
2026-02-22 16:30:36,531 - INFO - Configured Inter-op threads = 1
2026-02-22 16:30:36,571 - INFO - TensorFlow: No GPUs visible; TF will proceed on CPU.
2026-02-22 16:30:36,573 - INFO - 
2026-02-22 16:30:36,575 - INFO - ------- Hardware Configuration -------
2026-02-22 16:30:36,578 - INFO - CPU affinity set to cores: [0, 1, 2, 3]
2026-02-22 16:30:36,579 - INFO - 
2026-02-22 16:30:36,581 - INFO - ------- Data Preprocessing for EQCCTPro -------
2026-02-22 16:30:36,583 - INFO - 1 station(s) in /home/blackwinter/projects/eqcct/eqcctpro/data/waveforms_earthquakes_nonoise/20250621T042201Z_20250621T042301Z
2026-02-22 16:30:36,585 - INFO - Using 1 selected station(s): ['HEF'].
2026-02-22 16:30:36,587 - INFO - Creating model actor(s)...
2026-02-22 16:30:36,589 - INFO - System RAM: Total=7870 MB, Available=2221 MB
2026-02-22 16:30:36,591 - INFO - Usable RAM budget: 7083 MB (90% of total)
2026-02-22 16:30:36,593 - INFO - ===== MEMORY-AWARE CPU ACTOR POOL (EQCCT) =====
2026-02-22 16:30:36,595 - INFO - Requested concurrent tasks: 1
2026-02-22 16:30:36,596 - INFO - Available CPUs: 4
2026-02-22 16:30:36,598 - INFO - Available RAM: 7083 MB
2026-02-22 16:30:36,600 - INFO - RAM per model: 2264 MB
2026-02-22 16:30:36,602 - INFO - Max actors by RAM: 3
2026-02-22 16:30:36,604 - INFO - Creating 1 ModelActor(s)
2026-02-22 16:30:36,606 - INFO - Let Ray handle scheduling (taskset already restricts CPU visibility)
2026-02-22 16:30:36,608 - INFO - Creating ModelActor 1/1 (2.21GB RAM each)...
2026-02-22 16:30:40,437 - INFO - ModelActor 1 created successfully.
2026-02-22 16:30:40,439 - INFO - Created 1 CPU actor(s). Task queue will handle concurrency.
2026-02-22 16:30:40,441 - INFO - Starting EQCCTPro parallelized waveform processing...
2026-02-22 16:30:40,443 - INFO - 
2026-02-22 16:30:40,445 - INFO - ------- Analyzing Seismic Waveforms for P and S Picks via EQCCT -------
2026-02-22 16:30:40,448 - INFO - Analyzing 0:01:00 minute timechunk from 2025-06-21 04:22:01 to 2025-06-21 04:23:01 (0 min overlap)
2026-02-22 16:30:40,449 - INFO - Processing a total of 1 stations, 1 at a time.
2026-02-22 16:30:44,705 - INFO - (1/1) HEF: Finished the prediction in 2.34s. (HP=1.0, LP=45.0)
2026-02-22 16:30:44,710 - INFO - 
2026-02-22 16:30:44,713 - INFO - ------- Parallel Station Waveform Processing Complete For 2025-06-21 04:22:01 to 2025-06-21 04:23:01 Timechunk-------
2026-02-22 16:30:44,715 - INFO - Picks saved at /home/blackwinter/projects/eqcct/eqcctpro/results/csv/bm_eq_nonoise/20250621T042201Z_20250621T042301ZProcess Runtime: 4.27 s
2026-02-22 16:30:44,721 - INFO - Successfully ran EQCCTPro, exiting...
2026-02-22 16:30:46,360 - INFO - Ray Successfully Shutdown.
2026-02-22 16:30:46,360 - INFO - ------- Successfully Picked All Waveform(s) from all Timechunk(s) -------
