2026-03-28 13:40:53,757 - INFO - 
2026-03-28 13:40:53,757 - INFO - ------- Welcome to EQCCTPro -------
2026-03-28 13:40:53,757 - INFO - 
2026-03-28 13:40:53,758 - INFO - Running EQCCT over Requested MSeed Files using CPU(s)...
2026-03-28 13:40:53,758 - INFO - GPU disabled (CPU-only).
2026-03-28 13:40:53,758 - INFO - Skipping framework-specific initialization in the driver process.
2026-03-28 13:40:55,361 - INFO - Ray Successfully Initialized with 4 CPU(s) ([0, 1, 2, 3] CPU Affinity Binding).
2026-03-28 13:40:55,362 - INFO - Analyzing 1 time chunk(s) from 2025-01-12 19:57:18 to 2025-01-12 19:58:18 (dt=1min, overlap=0min).
2026-03-28 13:40:55,362 - INFO - Using 1 selected station(s).
2026-03-28 13:40:55,362 - INFO - 
2026-03-28 13:40:55,362 - INFO - ------- Starting EQCCTPro... -------
2026-03-28 13:40:55,362 - INFO - Detailed subprocess information can be found in the log file.
2026-03-28 13:40:55,363 - INFO - 
2026-03-28 13:40:55,669 - INFO - GPU disabled (CPU-only).
2026-03-28 13:40:55,674 - INFO - Skipping framework-specific initialization in the driver process.
2026-03-28 13:40:55,677 - INFO - ------- Hardware Configuration -------
2026-03-28 13:40:55,680 - INFO - CPU affinity set to cores: [0, 1, 2, 3]
2026-03-28 13:40:55,683 - INFO - 
2026-03-28 13:40:55,686 - INFO - ------- Data Preprocessing for EQCCTPro -------
2026-03-28 13:40:55,689 - INFO - 1 station(s) in /home/blackwinter/projects/eqcct/eqcctpro/data/waveforms_noise_only/20250112T195718Z_20250112T195818Z
2026-03-28 13:40:55,692 - INFO - Using 1 selected station(s): ['RANF'].
2026-03-28 13:40:55,695 - INFO - Creating model actor(s)...
2026-03-28 13:40:55,698 - INFO - System RAM: Total=7870 MB, Available=4389 MB
2026-03-28 13:40:55,701 - INFO - Usable RAM budget: 7083 MB (90% of total)
2026-03-28 13:40:55,705 - INFO - ===== MEMORY-AWARE CPU ACTOR POOL =====
2026-03-28 13:40:55,708 - INFO - Requested concurrent tasks: 1
2026-03-28 13:40:55,711 - INFO - Available CPUs: 4
2026-03-28 13:40:55,714 - INFO - Available RAM: 7083 MB
2026-03-28 13:40:55,718 - INFO - RAM per model: 2060 MB
2026-03-28 13:40:55,721 - INFO - Max actors by RAM: 3
2026-03-28 13:40:55,724 - INFO - Creating 1 SeisBenchModelActor(s)
2026-03-28 13:40:55,727 - INFO - Let Ray handle scheduling (taskset already restricts CPU visibility)
2026-03-28 13:40:55,729 - INFO - Creating SeisBenchModelActor 1/1 (2.01GB RAM each)...
2026-03-28 13:40:58,922 - INFO - SeisBenchModelActor 1 created successfully.
2026-03-28 13:40:58,925 - INFO - Created 1 CPU actor(s). Task queue will handle concurrency.
2026-03-28 13:40:58,928 - INFO - Starting EQCCTPro parallelized waveform processing...
2026-03-28 13:40:58,930 - INFO - 
2026-03-28 13:40:58,933 - INFO - ------- Analyzing Seismic Waveforms for P and S Picks via SeisBench (EQTransformer - original_nonconservative) -------
2026-03-28 13:40:58,935 - INFO - Analyzing 0:01:00 minute timechunk from 2025-01-12 19:57:18 to 2025-01-12 19:58:18 (0 min overlap)
2026-03-28 13:40:58,937 - INFO - Processing a total of 1 stations, 1 at a time.
2026-03-28 13:41:01,441 - INFO - (1/1) RANF: Finished the prediction in 0.16s. (HP=1.0, LP=45.0, picks=0)
2026-03-28 13:41:01,445 - INFO - 
2026-03-28 13:41:01,448 - INFO - ------- Parallel Station Waveform Processing Complete For 2025-01-12 19:57:18 to 2025-01-12 19:58:18 Timechunk-------
2026-03-28 13:41:01,451 - INFO - Picks saved at /home/blackwinter/projects/eqcct/eqcctpro/results/csv/eqt_noise_th0_1/20250112T195718Z_20250112T195818ZProcess Runtime: 2.52 s
2026-03-28 13:41:01,457 - INFO - Successfully ran EQCCTPro, exiting...
2026-03-28 13:41:03,468 - INFO - Ray Successfully Shutdown.
2026-03-28 13:41:03,468 - INFO - ------- Successfully Picked All Waveform(s) from all Timechunk(s) -------
