2026-02-22 13:21:56,448 - INFO - 
2026-02-22 13:21:56,448 - INFO - ------- Welcome to EQCCTPro -------
2026-02-22 13:21:56,448 - INFO - 
2026-02-22 13:21:56,449 - INFO - Running EQCCT over Requested MSeed Files using CPU(s)...
2026-02-22 13:21:56,449 - INFO - GPU disabled (CPU-only).
2026-02-22 13:21:56,449 - INFO - Configured Intra-op threads = 1
2026-02-22 13:21:56,449 - INFO - Configured Inter-op threads = 1
2026-02-22 13:21:56,450 - INFO - TensorFlow: No GPUs visible; TF will proceed on CPU.
2026-02-22 13:21:56,450 - INFO - 
2026-02-22 13:22:01,810 - INFO - Ray Successfully Initialized with 4 CPU(s) ([0, 1, 2, 3] CPU Affinity Binding).
2026-02-22 13:22:01,810 - INFO - Analyzing 1 time chunk(s) from 2025-02-20 23:19:56 to 2025-02-20 23:20:56 (dt=1min, overlap=0min).
2026-02-22 13:22:01,811 - INFO - Using 2 selected station(s).
2026-02-22 13:22:01,811 - INFO - 
2026-02-22 13:22:01,811 - INFO - ------- Starting EQCCTPro... -------
2026-02-22 13:22:01,811 - INFO - Detailed subprocess information can be found in the log file.
2026-02-22 13:22:01,811 - INFO - 
2026-02-22 13:22:02,185 - INFO - GPU disabled (CPU-only).
2026-02-22 13:22:03,674 - INFO - Configured Intra-op threads = 1
2026-02-22 13:22:03,677 - INFO - Configured Inter-op threads = 1
2026-02-22 13:22:03,715 - INFO - TensorFlow: No GPUs visible; TF will proceed on CPU.
2026-02-22 13:22:03,717 - INFO - 
2026-02-22 13:22:03,719 - INFO - ------- Hardware Configuration -------
2026-02-22 13:22:03,722 - INFO - CPU affinity set to cores: [0, 1, 2, 3]
2026-02-22 13:22:03,724 - INFO - 
2026-02-22 13:22:03,726 - INFO - ------- Data Preprocessing for EQCCTPro -------
2026-02-22 13:22:03,728 - INFO - 2 station(s) in /home/blackwinter/projects/eqcct/eqcctpro/data/waveforms_earthquakes_nonoise/20250220T231956Z_20250220T232056Z
2026-02-22 13:22:03,730 - INFO - Using 2 selected station(s): ['KU1', 'KU6'].
2026-02-22 13:22:03,732 - INFO - Creating model actor(s)...
2026-02-22 13:22:03,734 - INFO - System RAM: Total=7870 MB, Available=2937 MB
2026-02-22 13:22:03,736 - INFO - Usable RAM budget: 7083 MB (90% of total)
2026-02-22 13:22:03,738 - INFO - ===== MEMORY-AWARE CPU ACTOR POOL (EQCCT) =====
2026-02-22 13:22:03,740 - INFO - Requested concurrent tasks: 1
2026-02-22 13:22:03,743 - INFO - Available CPUs: 4
2026-02-22 13:22:03,745 - INFO - Available RAM: 7083 MB
2026-02-22 13:22:03,747 - INFO - RAM per model: 2264 MB
2026-02-22 13:22:03,750 - INFO - Max actors by RAM: 3
2026-02-22 13:22:03,752 - INFO - Creating 1 ModelActor(s)
2026-02-22 13:22:03,754 - INFO - Let Ray handle scheduling (taskset already restricts CPU visibility)
2026-02-22 13:22:03,756 - INFO - Creating ModelActor 1/1 (2.21GB RAM each)...
2026-02-22 13:22:07,684 - INFO - ModelActor 1 created successfully.
2026-02-22 13:22:07,686 - INFO - Created 1 CPU actor(s). Task queue will handle concurrency.
2026-02-22 13:22:07,689 - INFO - Starting EQCCTPro parallelized waveform processing...
2026-02-22 13:22:07,691 - INFO - 
2026-02-22 13:22:07,693 - INFO - ------- Analyzing Seismic Waveforms for P and S Picks via EQCCT -------
2026-02-22 13:22:07,695 - INFO - Analyzing 0:01:00 minute timechunk from 2025-02-20 23:19:56 to 2025-02-20 23:20:56 (0 min overlap)
2026-02-22 13:22:07,697 - INFO - Processing a total of 2 stations, 1 at a time.
2026-02-22 13:22:09,609 - INFO - (1/2) KU1: FAILED reading mSEED.
2026-02-22 13:22:11,728 - INFO - (2/2) KU6: Finished the prediction in 2.11s. (HP=1.0, LP=45.0)
2026-02-22 13:22:11,730 - INFO - 
2026-02-22 13:22:11,732 - INFO - ------- Parallel Station Waveform Processing Complete For 2025-02-20 23:19:56 to 2025-02-20 23:20:56 Timechunk-------
2026-02-22 13:22:11,735 - INFO - Picks saved at /home/blackwinter/projects/eqcct/eqcctpro/results/csv/bm_eq_nonoise/20250220T231956Z_20250220T232056ZProcess Runtime: 4.04 s
2026-02-22 13:22:11,739 - INFO - Successfully ran EQCCTPro, exiting...
2026-02-22 13:22:13,234 - INFO - Ray Successfully Shutdown.
2026-02-22 13:22:13,234 - INFO - ------- Successfully Picked All Waveform(s) from all Timechunk(s) -------
