2026-03-27 21:57:02,617 - INFO - 
2026-03-27 21:57:02,617 - INFO - ------- Welcome to EQCCTPro -------
2026-03-27 21:57:02,617 - INFO - 
2026-03-27 21:57:02,618 - INFO - Running EQCCT over Requested MSeed Files using CPU(s)...
2026-03-27 21:57:02,618 - INFO - GPU disabled (CPU-only).
2026-03-27 21:57:02,618 - INFO - Skipping framework-specific initialization in the driver process.
2026-03-27 21:57:05,008 - INFO - Ray Successfully Initialized with 4 CPU(s) ([0, 1, 2, 3] CPU Affinity Binding).
2026-03-27 21:57:05,009 - INFO - Analyzing 1 time chunk(s) from 2025-11-13 03:29:46 to 2025-11-13 03:30:46 (dt=1min, overlap=0min).
2026-03-27 21:57:05,009 - INFO - Using 1 selected station(s).
2026-03-27 21:57:05,009 - INFO - 
2026-03-27 21:57:05,009 - INFO - ------- Starting EQCCTPro... -------
2026-03-27 21:57:05,009 - INFO - Detailed subprocess information can be found in the log file.
2026-03-27 21:57:05,010 - INFO - 
2026-03-27 21:57:05,298 - INFO - GPU disabled (CPU-only).
2026-03-27 21:57:05,303 - INFO - Skipping framework-specific initialization in the driver process.
2026-03-27 21:57:05,305 - INFO - ------- Hardware Configuration -------
2026-03-27 21:57:05,308 - INFO - CPU affinity set to cores: [0, 1, 2, 3]
2026-03-27 21:57:05,311 - INFO - 
2026-03-27 21:57:05,314 - INFO - ------- Data Preprocessing for EQCCTPro -------
2026-03-27 21:57:05,317 - INFO - 1 station(s) in /home/blackwinter/projects/eqcct/eqcctpro/data/waveforms_earthquakes_nonoise/20251113T032946Z_20251113T033046Z
2026-03-27 21:57:05,319 - INFO - Using 1 selected station(s): ['OUL'].
2026-03-27 21:57:05,322 - INFO - Creating model actor(s)...
2026-03-27 21:57:05,325 - INFO - System RAM: Total=7870 MB, Available=5044 MB
2026-03-27 21:57:05,327 - INFO - Usable RAM budget: 7083 MB (90% of total)
2026-03-27 21:57:05,330 - INFO - ===== MEMORY-AWARE CPU ACTOR POOL =====
2026-03-27 21:57:05,332 - INFO - Requested concurrent tasks: 1
2026-03-27 21:57:05,336 - INFO - Available CPUs: 4
2026-03-27 21:57:05,338 - INFO - Available RAM: 7083 MB
2026-03-27 21:57:05,341 - INFO - RAM per model: 2060 MB
2026-03-27 21:57:05,343 - INFO - Max actors by RAM: 3
2026-03-27 21:57:05,345 - INFO - Creating 1 SeisBenchModelActor(s)
2026-03-27 21:57:05,348 - INFO - Let Ray handle scheduling (taskset already restricts CPU visibility)
2026-03-27 21:57:05,350 - INFO - Creating SeisBenchModelActor 1/1 (2.01GB RAM each)...
2026-03-27 21:57:08,089 - INFO - SeisBenchModelActor 1 created successfully.
2026-03-27 21:57:08,092 - INFO - Created 1 CPU actor(s). Task queue will handle concurrency.
2026-03-27 21:57:08,094 - INFO - Starting EQCCTPro parallelized waveform processing...
2026-03-27 21:57:08,097 - INFO - 
2026-03-27 21:57:08,100 - INFO - ------- Analyzing Seismic Waveforms for P and S Picks via SeisBench (EQTransformer - original_nonconservative) -------
2026-03-27 21:57:08,103 - INFO - Analyzing 0:01:00 minute timechunk from 2025-11-13 03:29:46 to 2025-11-13 03:30:46 (0 min overlap)
2026-03-27 21:57:08,105 - INFO - Processing a total of 1 stations, 1 at a time.
2026-03-27 21:57:10,259 - INFO - (1/1) OUL: Finished the prediction in 0.13s. (HP=1.0, LP=45.0, picks=0)
2026-03-27 21:57:10,262 - INFO - 
2026-03-27 21:57:10,264 - INFO - ------- Parallel Station Waveform Processing Complete For 2025-11-13 03:29:46 to 2025-11-13 03:30:46 Timechunk-------
2026-03-27 21:57:10,267 - INFO - Picks saved at /home/blackwinter/projects/eqcct/eqcctpro/results/csv/eqt_earthquakes_th0_1/20251113T032946Z_20251113T033046ZProcess Runtime: 2.17 s
2026-03-27 21:57:10,272 - INFO - Successfully ran EQCCTPro, exiting...
2026-03-27 21:57:11,936 - INFO - Ray Successfully Shutdown.
2026-03-27 21:57:11,936 - INFO - ------- Successfully Picked All Waveform(s) from all Timechunk(s) -------
2026-03-28 04:08:33,407 - INFO - 
2026-03-28 04:08:33,408 - INFO - ------- Welcome to EQCCTPro -------
2026-03-28 04:08:33,408 - INFO - 
2026-03-28 04:08:33,409 - INFO - Running EQCCT over Requested MSeed Files using CPU(s)...
2026-03-28 04:08:33,409 - INFO - GPU disabled (CPU-only).
2026-03-28 04:08:33,409 - INFO - Skipping framework-specific initialization in the driver process.
2026-03-28 04:08:35,896 - INFO - Ray Successfully Initialized with 4 CPU(s) ([0, 1, 2, 3] CPU Affinity Binding).
2026-03-28 04:08:35,896 - INFO - Analyzing 1 time chunk(s) from 2025-11-13 03:29:46 to 2025-11-13 03:30:46 (dt=1min, overlap=0min).
2026-03-28 04:08:35,897 - INFO - Using 1 selected station(s).
2026-03-28 04:08:35,897 - INFO - 
2026-03-28 04:08:35,897 - INFO - ------- Starting EQCCTPro... -------
2026-03-28 04:08:35,897 - INFO - Detailed subprocess information can be found in the log file.
2026-03-28 04:08:35,897 - INFO - 
2026-03-28 04:08:36,216 - INFO - GPU disabled (CPU-only).
2026-03-28 04:08:36,222 - INFO - Skipping framework-specific initialization in the driver process.
2026-03-28 04:08:36,225 - INFO - ------- Hardware Configuration -------
2026-03-28 04:08:36,228 - INFO - CPU affinity set to cores: [0, 1, 2, 3]
2026-03-28 04:08:36,231 - INFO - 
2026-03-28 04:08:36,234 - INFO - ------- Data Preprocessing for EQCCTPro -------
2026-03-28 04:08:36,236 - INFO - 1 station(s) in /home/blackwinter/projects/eqcct/eqcctpro/data/waveforms_earthquakes_nonoise/20251113T032946Z_20251113T033046Z
2026-03-28 04:08:36,238 - INFO - Using 1 selected station(s): ['OUL'].
2026-03-28 04:08:36,241 - INFO - Creating model actor(s)...
2026-03-28 04:08:36,243 - INFO - System RAM: Total=7870 MB, Available=5652 MB
2026-03-28 04:08:36,246 - INFO - Usable RAM budget: 7083 MB (90% of total)
2026-03-28 04:08:36,249 - INFO - ===== MEMORY-AWARE CPU ACTOR POOL =====
2026-03-28 04:08:36,252 - INFO - Requested concurrent tasks: 1
2026-03-28 04:08:36,254 - INFO - Available CPUs: 4
2026-03-28 04:08:36,257 - INFO - Available RAM: 7083 MB
2026-03-28 04:08:36,260 - INFO - RAM per model: 2060 MB
2026-03-28 04:08:36,263 - INFO - Max actors by RAM: 3
2026-03-28 04:08:36,265 - INFO - Creating 1 SeisBenchModelActor(s)
2026-03-28 04:08:36,268 - INFO - Let Ray handle scheduling (taskset already restricts CPU visibility)
2026-03-28 04:08:36,271 - INFO - Creating SeisBenchModelActor 1/1 (2.01GB RAM each)...
2026-03-28 04:08:39,189 - INFO - SeisBenchModelActor 1 created successfully.
2026-03-28 04:08:39,192 - INFO - Created 1 CPU actor(s). Task queue will handle concurrency.
2026-03-28 04:08:39,195 - INFO - Starting EQCCTPro parallelized waveform processing...
2026-03-28 04:08:39,197 - INFO - 
2026-03-28 04:08:39,200 - INFO - ------- Analyzing Seismic Waveforms for P and S Picks via SeisBench (EQTransformer - original_nonconservative) -------
2026-03-28 04:08:39,203 - INFO - Analyzing 0:01:00 minute timechunk from 2025-11-13 03:29:46 to 2025-11-13 03:30:46 (0 min overlap)
2026-03-28 04:08:39,205 - INFO - Processing a total of 1 stations, 1 at a time.
2026-03-28 04:08:41,223 - INFO - (1/1) OUL: Skipped (already exists - overwrite=False).
2026-03-28 04:08:41,225 - INFO - 
2026-03-28 04:08:41,227 - INFO - ------- Parallel Station Waveform Processing Complete For 2025-11-13 03:29:46 to 2025-11-13 03:30:46 Timechunk-------
2026-03-28 04:08:41,231 - INFO - Picks saved at /home/blackwinter/projects/eqcct/eqcctpro/results/csv/eqt_earthquakes_th0_1/20251113T032946Z_20251113T033046ZProcess Runtime: 2.03 s
2026-03-28 04:08:41,235 - INFO - Successfully ran EQCCTPro, exiting...
2026-03-28 04:08:43,010 - INFO - Ray Successfully Shutdown.
2026-03-28 04:08:43,010 - INFO - ------- Successfully Picked All Waveform(s) from all Timechunk(s) -------
