2026-02-23 21:43:54,453 - INFO - 
2026-02-23 21:43:54,453 - INFO - ------- Welcome to EQCCTPro -------
2026-02-23 21:43:54,453 - INFO - 
2026-02-23 21:43:54,454 - INFO - Running EQCCT over Requested MSeed Files using CPU(s)...
2026-02-23 21:43:54,454 - INFO - GPU disabled (CPU-only).
2026-02-23 21:43:54,454 - INFO - Configured Intra-op threads = 1
2026-02-23 21:43:54,454 - INFO - Configured Inter-op threads = 1
2026-02-23 21:43:54,454 - INFO - TensorFlow: No GPUs visible; TF will proceed on CPU.
2026-02-23 21:43:54,454 - INFO - 
2026-02-23 21:44:00,091 - INFO - Ray Successfully Initialized with 4 CPU(s) ([0, 1, 2, 3] CPU Affinity Binding).
2026-02-23 21:44:00,091 - INFO - Analyzing 1 time chunk(s) from 2025-04-03 10:53:02 to 2025-04-03 10:54:02 (dt=1min, overlap=0min).
2026-02-23 21:44:00,091 - INFO - Using 1 selected station(s).
2026-02-23 21:44:00,091 - INFO - 
2026-02-23 21:44:00,091 - INFO - ------- Starting EQCCTPro... -------
2026-02-23 21:44:00,092 - INFO - Detailed subprocess information can be found in the log file.
2026-02-23 21:44:00,092 - INFO - 
2026-02-23 21:44:00,461 - INFO - GPU disabled (CPU-only).
2026-02-23 21:44:01,969 - INFO - Configured Intra-op threads = 1
2026-02-23 21:44:01,971 - INFO - Configured Inter-op threads = 1
2026-02-23 21:44:02,011 - INFO - TensorFlow: No GPUs visible; TF will proceed on CPU.
2026-02-23 21:44:02,014 - INFO - 
2026-02-23 21:44:02,016 - INFO - ------- Hardware Configuration -------
2026-02-23 21:44:02,019 - INFO - CPU affinity set to cores: [0, 1, 2, 3]
2026-02-23 21:44:02,020 - INFO - 
2026-02-23 21:44:02,023 - INFO - ------- Data Preprocessing for EQCCTPro -------
2026-02-23 21:44:02,025 - INFO - 1 station(s) in /home/blackwinter/projects/eqcct/eqcctpro/data/waveforms_earthquakes_noise_only/20250403T105302Z_20250403T105402Z
2026-02-23 21:44:02,028 - INFO - Using 1 selected station(s): ['FIA2'].
2026-02-23 21:44:02,030 - INFO - Creating model actor(s)...
2026-02-23 21:44:02,032 - INFO - System RAM: Total=7870 MB, Available=2962 MB
2026-02-23 21:44:02,034 - INFO - Usable RAM budget: 7083 MB (90% of total)
2026-02-23 21:44:02,036 - INFO - ===== MEMORY-AWARE CPU ACTOR POOL (EQCCT) =====
2026-02-23 21:44:02,038 - INFO - Requested concurrent tasks: 1
2026-02-23 21:44:02,040 - INFO - Available CPUs: 4
2026-02-23 21:44:02,043 - INFO - Available RAM: 7083 MB
2026-02-23 21:44:02,045 - INFO - RAM per model: 2264 MB
2026-02-23 21:44:02,047 - INFO - Max actors by RAM: 3
2026-02-23 21:44:02,049 - INFO - Creating 1 ModelActor(s)
2026-02-23 21:44:02,051 - INFO - Let Ray handle scheduling (taskset already restricts CPU visibility)
2026-02-23 21:44:02,054 - INFO - Creating ModelActor 1/1 (2.21GB RAM each)...
2026-02-23 21:44:06,037 - INFO - ModelActor 1 created successfully.
2026-02-23 21:44:06,039 - INFO - Created 1 CPU actor(s). Task queue will handle concurrency.
2026-02-23 21:44:06,042 - INFO - Starting EQCCTPro parallelized waveform processing...
2026-02-23 21:44:06,043 - INFO - 
2026-02-23 21:44:06,045 - INFO - ------- Analyzing Seismic Waveforms for P and S Picks via EQCCT -------
2026-02-23 21:44:06,048 - INFO - Analyzing 0:01:00 minute timechunk from 2025-04-03 10:53:02 to 2025-04-03 10:54:02 (0 min overlap)
2026-02-23 21:44:06,050 - INFO - Processing a total of 1 stations, 1 at a time.
2026-02-23 21:44:10,021 - INFO - (1/1) FIA2: Finished the prediction in 2.11s. (HP=1.0, LP=45.0)
2026-02-23 21:44:10,023 - INFO - 
2026-02-23 21:44:10,025 - INFO - ------- Parallel Station Waveform Processing Complete For 2025-04-03 10:53:02 to 2025-04-03 10:54:02 Timechunk-------
2026-02-23 21:44:10,027 - INFO - Picks saved at /home/blackwinter/projects/eqcct/eqcctpro/results/csv/bm_eq_noise_only/20250403T105302Z_20250403T105402ZProcess Runtime: 3.98 s
2026-02-23 21:44:10,030 - INFO - Successfully ran EQCCTPro, exiting...
2026-02-23 21:44:11,572 - INFO - Ray Successfully Shutdown.
2026-02-23 21:44:11,572 - INFO - ------- Successfully Picked All Waveform(s) from all Timechunk(s) -------
