2026-03-29 17:23:10,925 - INFO - 
2026-03-29 17:23:10,925 - INFO - ------- Welcome to EQCCTPro -------
2026-03-29 17:23:10,925 - INFO - 
2026-03-29 17:23:10,926 - INFO - Running EQCCT over Requested MSeed Files using CPU(s)...
2026-03-29 17:23:10,926 - INFO - GPU disabled (CPU-only).
2026-03-29 17:23:10,926 - INFO - Configured Intra-op threads = 1
2026-03-29 17:23:10,926 - INFO - Configured Inter-op threads = 1
2026-03-29 17:23:10,926 - INFO - TensorFlow: No GPUs visible; TF will proceed on CPU.
2026-03-29 17:23:10,926 - INFO - 
2026-03-29 17:23:17,580 - INFO - Ray Successfully Initialized with 4 CPU(s) ([0, 1, 2, 3] CPU Affinity Binding).
2026-03-29 17:23:17,581 - INFO - Analyzing 1 time chunk(s) from 2025-01-11 10:50:55 to 2025-01-11 10:51:55 (dt=1min, overlap=0min).
2026-03-29 17:23:17,581 - INFO - Using 1 selected station(s).
2026-03-29 17:23:17,581 - INFO - 
2026-03-29 17:23:17,581 - INFO - ------- Starting EQCCTPro... -------
2026-03-29 17:23:17,581 - INFO - Detailed subprocess information can be found in the log file.
2026-03-29 17:23:17,581 - INFO - 
2026-03-29 17:23:17,967 - INFO - GPU disabled (CPU-only).
2026-03-29 17:23:19,562 - INFO - Configured Intra-op threads = 1
2026-03-29 17:23:19,564 - INFO - Configured Inter-op threads = 1
2026-03-29 17:23:19,610 - INFO - TensorFlow: No GPUs visible; TF will proceed on CPU.
2026-03-29 17:23:19,613 - INFO - 
2026-03-29 17:23:19,616 - INFO - ------- Hardware Configuration -------
2026-03-29 17:23:19,618 - INFO - CPU affinity set to cores: [0, 1, 2, 3]
2026-03-29 17:23:19,621 - INFO - 
2026-03-29 17:23:19,624 - INFO - ------- Data Preprocessing for EQCCTPro -------
2026-03-29 17:23:19,627 - INFO - 1 station(s) in /home/blackwinter/projects/eqcct/eqcctpro/data/waveforms_noise_only/20250111T105055Z_20250111T105155Z
2026-03-29 17:23:19,629 - INFO - Using 1 selected station(s): ['MEF'].
2026-03-29 17:23:19,632 - INFO - Creating model actor(s)...
2026-03-29 17:23:19,634 - INFO - System RAM: Total=7870 MB, Available=3889 MB
2026-03-29 17:23:19,637 - INFO - Usable RAM budget: 7083 MB (90% of total)
2026-03-29 17:23:19,639 - INFO - ===== MEMORY-AWARE CPU ACTOR POOL (EQCCT) =====
2026-03-29 17:23:19,642 - INFO - Requested concurrent tasks: 1
2026-03-29 17:23:19,645 - INFO - Available CPUs: 4
2026-03-29 17:23:19,647 - INFO - Available RAM: 7083 MB
2026-03-29 17:23:19,649 - INFO - RAM per model: 2264 MB
2026-03-29 17:23:19,652 - INFO - Max actors by RAM: 3
2026-03-29 17:23:19,654 - INFO - Creating 1 ModelActor(s)
2026-03-29 17:23:19,656 - INFO - Let Ray handle scheduling (taskset already restricts CPU visibility)
2026-03-29 17:23:19,658 - INFO - Creating ModelActor 1/1 (2.21GB RAM each)...
2026-03-29 17:23:24,013 - INFO - ModelActor 1 created successfully.
2026-03-29 17:23:24,015 - INFO - Created 1 CPU actor(s). Task queue will handle concurrency.
2026-03-29 17:23:24,018 - INFO - Starting EQCCTPro parallelized waveform processing...
2026-03-29 17:23:24,021 - INFO - 
2026-03-29 17:23:24,023 - INFO - ------- Analyzing Seismic Waveforms for P and S Picks via EQCCT -------
2026-03-29 17:23:24,026 - INFO - Analyzing 0:01:00 minute timechunk from 2025-01-11 10:50:55 to 2025-01-11 10:51:55 (0 min overlap)
2026-03-29 17:23:24,029 - INFO - Processing a total of 1 stations, 1 at a time.
2026-03-29 17:23:28,461 - INFO - (1/1) MEF: Finished the prediction in 2.34s. (HP=1.0, LP=45.0)
2026-03-29 17:23:28,463 - INFO - 
2026-03-29 17:23:28,467 - INFO - ------- Parallel Station Waveform Processing Complete For 2025-01-11 10:50:55 to 2025-01-11 10:51:55 Timechunk-------
2026-03-29 17:23:28,470 - INFO - Picks saved at /home/blackwinter/projects/eqcct/eqcctpro/results/csv/eqcct_noise_th0_1/20250111T105055Z_20250111T105155ZProcess Runtime: 4.45 s
2026-03-29 17:23:28,479 - INFO - Successfully ran EQCCTPro, exiting...
2026-03-29 17:23:30,179 - INFO - Ray Successfully Shutdown.
2026-03-29 17:23:30,180 - INFO - ------- Successfully Picked All Waveform(s) from all Timechunk(s) -------
