2026-03-10 19:43:22,386 - INFO - 
2026-03-10 19:43:22,386 - INFO - ------- Welcome to EQCCTPro -------
2026-03-10 19:43:22,386 - INFO - 
2026-03-10 19:43:22,387 - INFO - Running EQCCT over Requested MSeed Files using CPU(s)...
2026-03-10 19:43:22,387 - INFO - GPU disabled (CPU-only).
2026-03-10 19:43:22,387 - INFO - Configured Intra-op threads = 1
2026-03-10 19:43:22,387 - INFO - Configured Inter-op threads = 1
2026-03-10 19:43:22,387 - INFO - TensorFlow: No GPUs visible; TF will proceed on CPU.
2026-03-10 19:43:22,387 - INFO - 
2026-03-10 19:43:28,261 - INFO - Ray Successfully Initialized with 4 CPU(s) ([0, 1, 2, 3] CPU Affinity Binding).
2026-03-10 19:43:28,261 - INFO - Analyzing 1 time chunk(s) from 2025-01-04 21:00:22 to 2025-01-04 21:01:22 (dt=1min, overlap=0min).
2026-03-10 19:43:28,261 - INFO - Using 1 selected station(s).
2026-03-10 19:43:28,262 - INFO - 
2026-03-10 19:43:28,262 - INFO - ------- Starting EQCCTPro... -------
2026-03-10 19:43:28,262 - INFO - Detailed subprocess information can be found in the log file.
2026-03-10 19:43:28,262 - INFO - 
2026-03-10 19:43:28,692 - INFO - GPU disabled (CPU-only).
2026-03-10 19:43:30,351 - INFO - Configured Intra-op threads = 1
2026-03-10 19:43:30,354 - INFO - Configured Inter-op threads = 1
2026-03-10 19:43:30,403 - INFO - TensorFlow: No GPUs visible; TF will proceed on CPU.
2026-03-10 19:43:30,406 - INFO - 
2026-03-10 19:43:30,408 - INFO - ------- Hardware Configuration -------
2026-03-10 19:43:30,410 - INFO - CPU affinity set to cores: [0, 1, 2, 3]
2026-03-10 19:43:30,412 - INFO - 
2026-03-10 19:43:30,414 - INFO - ------- Data Preprocessing for EQCCTPro -------
2026-03-10 19:43:30,416 - INFO - 1 station(s) in /home/blackwinter/projects/eqcct/eqcctpro/data/waveforms_noise_only/20250104T210022Z_20250104T210122Z
2026-03-10 19:43:30,418 - INFO - Using 1 selected station(s): ['KJNF'].
2026-03-10 19:43:30,421 - INFO - Creating model actor(s)...
2026-03-10 19:43:30,423 - INFO - System RAM: Total=7870 MB, Available=3514 MB
2026-03-10 19:43:30,425 - INFO - Usable RAM budget: 7083 MB (90% of total)
2026-03-10 19:43:30,427 - INFO - ===== MEMORY-AWARE CPU ACTOR POOL (EQCCT) =====
2026-03-10 19:43:30,429 - INFO - Requested concurrent tasks: 1
2026-03-10 19:43:30,431 - INFO - Available CPUs: 4
2026-03-10 19:43:30,434 - INFO - Available RAM: 7083 MB
2026-03-10 19:43:30,436 - INFO - RAM per model: 2264 MB
2026-03-10 19:43:30,439 - INFO - Max actors by RAM: 3
2026-03-10 19:43:30,441 - INFO - Creating 1 ModelActor(s)
2026-03-10 19:43:30,443 - INFO - Let Ray handle scheduling (taskset already restricts CPU visibility)
2026-03-10 19:43:30,445 - INFO - Creating ModelActor 1/1 (2.21GB RAM each)...
2026-03-10 19:43:34,490 - INFO - ModelActor 1 created successfully.
2026-03-10 19:43:34,492 - INFO - Created 1 CPU actor(s). Task queue will handle concurrency.
2026-03-10 19:43:34,495 - INFO - Starting EQCCTPro parallelized waveform processing...
2026-03-10 19:43:34,497 - INFO - 
2026-03-10 19:43:34,499 - INFO - ------- Analyzing Seismic Waveforms for P and S Picks via EQCCT -------
2026-03-10 19:43:34,501 - INFO - Analyzing 0:01:00 minute timechunk from 2025-01-04 21:00:22 to 2025-01-04 21:01:22 (0 min overlap)
2026-03-10 19:43:34,504 - INFO - Processing a total of 1 stations, 1 at a time.
2026-03-10 19:43:38,603 - INFO - (1/1) KJNF: Finished the prediction in 2.19s. (HP=1.0, LP=45.0)
2026-03-10 19:43:38,605 - INFO - 
2026-03-10 19:43:38,607 - INFO - ------- Parallel Station Waveform Processing Complete For 2025-01-04 21:00:22 to 2025-01-04 21:01:22 Timechunk-------
2026-03-10 19:43:38,610 - INFO - Picks saved at /home/blackwinter/projects/eqcct/eqcctpro/results/csv/bm_noise_only/20250104T210022Z_20250104T210122ZProcess Runtime: 4.11 s
2026-03-10 19:43:38,614 - INFO - Successfully ran EQCCTPro, exiting...
2026-03-10 19:43:40,015 - INFO - Ray Successfully Shutdown.
2026-03-10 19:43:40,015 - INFO - ------- Successfully Picked All Waveform(s) from all Timechunk(s) -------
2026-03-11 10:55:37,183 - INFO - 
2026-03-11 10:55:37,190 - INFO - ------- Welcome to EQCCTPro -------
2026-03-11 10:55:37,190 - INFO - 
2026-03-11 10:55:37,191 - INFO - Running EQCCT over Requested MSeed Files using CPU(s)...
2026-03-11 10:55:37,191 - INFO - GPU disabled (CPU-only).
2026-03-11 10:55:37,191 - INFO - Configured Intra-op threads = 1
2026-03-11 10:55:37,191 - INFO - Configured Inter-op threads = 1
2026-03-11 10:55:37,192 - INFO - TensorFlow: No GPUs visible; TF will proceed on CPU.
2026-03-11 10:55:37,192 - INFO - 
2026-03-11 10:55:42,574 - INFO - Ray Successfully Initialized with 4 CPU(s) ([0, 1, 2, 3] CPU Affinity Binding).
2026-03-11 10:55:42,574 - INFO - Analyzing 1 time chunk(s) from 2025-01-04 21:00:22 to 2025-01-04 21:01:22 (dt=1min, overlap=0min).
2026-03-11 10:55:42,574 - INFO - Using 1 selected station(s).
2026-03-11 10:55:42,574 - INFO - 
2026-03-11 10:55:42,575 - INFO - ------- Starting EQCCTPro... -------
2026-03-11 10:55:42,575 - INFO - Detailed subprocess information can be found in the log file.
2026-03-11 10:55:42,575 - INFO - 
2026-03-11 10:55:42,925 - INFO - GPU disabled (CPU-only).
2026-03-11 10:55:44,493 - INFO - Configured Intra-op threads = 1
2026-03-11 10:55:44,496 - INFO - Configured Inter-op threads = 1
2026-03-11 10:55:44,535 - INFO - TensorFlow: No GPUs visible; TF will proceed on CPU.
2026-03-11 10:55:44,537 - INFO - 
2026-03-11 10:55:44,539 - INFO - ------- Hardware Configuration -------
2026-03-11 10:55:44,542 - INFO - CPU affinity set to cores: [0, 1, 2, 3]
2026-03-11 10:55:44,544 - INFO - 
2026-03-11 10:55:44,546 - INFO - ------- Data Preprocessing for EQCCTPro -------
2026-03-11 10:55:44,548 - INFO - 1 station(s) in /home/blackwinter/projects/eqcct/eqcctpro/data/waveforms_noise_only/20250104T210022Z_20250104T210122Z
2026-03-11 10:55:44,549 - INFO - Using 1 selected station(s): ['KJNF'].
2026-03-11 10:55:44,551 - INFO - Creating model actor(s)...
2026-03-11 10:55:44,554 - INFO - System RAM: Total=7870 MB, Available=4268 MB
2026-03-11 10:55:44,556 - INFO - Usable RAM budget: 7083 MB (90% of total)
2026-03-11 10:55:44,558 - INFO - ===== MEMORY-AWARE CPU ACTOR POOL (EQCCT) =====
2026-03-11 10:55:44,561 - INFO - Requested concurrent tasks: 1
2026-03-11 10:55:44,562 - INFO - Available CPUs: 4
2026-03-11 10:55:44,565 - INFO - Available RAM: 7083 MB
2026-03-11 10:55:44,567 - INFO - RAM per model: 2264 MB
2026-03-11 10:55:44,569 - INFO - Max actors by RAM: 3
2026-03-11 10:55:44,571 - INFO - Creating 1 ModelActor(s)
2026-03-11 10:55:44,573 - INFO - Let Ray handle scheduling (taskset already restricts CPU visibility)
2026-03-11 10:55:44,575 - INFO - Creating ModelActor 1/1 (2.21GB RAM each)...
2026-03-11 10:55:48,504 - INFO - ModelActor 1 created successfully.
2026-03-11 10:55:48,507 - INFO - Created 1 CPU actor(s). Task queue will handle concurrency.
2026-03-11 10:55:48,509 - INFO - Starting EQCCTPro parallelized waveform processing...
2026-03-11 10:55:48,511 - INFO - 
2026-03-11 10:55:48,513 - INFO - ------- Analyzing Seismic Waveforms for P and S Picks via EQCCT -------
2026-03-11 10:55:48,515 - INFO - Analyzing 0:01:00 minute timechunk from 2025-01-04 21:00:22 to 2025-01-04 21:01:22 (0 min overlap)
2026-03-11 10:55:48,518 - INFO - Processing a total of 1 stations, 1 at a time.
2026-03-11 10:55:50,414 - INFO - (1/1) KJNF: Skipped (already exists - overwrite=False).
2026-03-11 10:55:50,416 - INFO - 
2026-03-11 10:55:50,418 - INFO - ------- Parallel Station Waveform Processing Complete For 2025-01-04 21:00:22 to 2025-01-04 21:01:22 Timechunk-------
2026-03-11 10:55:50,420 - INFO - Picks saved at /home/blackwinter/projects/eqcct/eqcctpro/results/csv/bm_noise_only/20250104T210022Z_20250104T210122ZProcess Runtime: 1.91 s
2026-03-11 10:55:50,424 - INFO - Successfully ran EQCCTPro, exiting...
2026-03-11 10:55:52,014 - INFO - Ray Successfully Shutdown.
2026-03-11 10:55:52,014 - INFO - ------- Successfully Picked All Waveform(s) from all Timechunk(s) -------
