2026-03-28 21:37:56,764 - INFO - 
2026-03-28 21:37:56,764 - INFO - ------- Welcome to EQCCTPro -------
2026-03-28 21:37:56,764 - INFO - 
2026-03-28 21:37:56,765 - INFO - Running EQCCT over Requested MSeed Files using CPU(s)...
2026-03-28 21:37:56,765 - INFO - GPU disabled (CPU-only).
2026-03-28 22:07:32,851 - INFO - 
2026-03-28 22:07:32,851 - INFO - ------- Welcome to EQCCTPro -------
2026-03-28 22:07:32,851 - INFO - 
2026-03-28 22:07:32,852 - INFO - Running EQCCT over Requested MSeed Files using CPU(s)...
2026-03-28 22:07:32,852 - INFO - GPU disabled (CPU-only).
2026-03-28 22:07:32,852 - INFO - Configured Intra-op threads = 1
2026-03-28 22:07:32,853 - INFO - Configured Inter-op threads = 1
2026-03-28 22:07:32,853 - INFO - TensorFlow: No GPUs visible; TF will proceed on CPU.
2026-03-28 22:07:32,853 - INFO - 
2026-03-28 22:07:39,628 - INFO - Ray Successfully Initialized with 4 CPU(s) ([0, 1, 2, 3] CPU Affinity Binding).
2026-03-28 22:07:39,629 - INFO - Analyzing 1 time chunk(s) from 2025-01-03 11:54:07 to 2025-01-03 11:55:07 (dt=1min, overlap=0min).
2026-03-28 22:07:39,629 - INFO - Using 1 selected station(s).
2026-03-28 22:07:39,629 - INFO - 
2026-03-28 22:07:39,629 - INFO - ------- Starting EQCCTPro... -------
2026-03-28 22:07:39,630 - INFO - Detailed subprocess information can be found in the log file.
2026-03-28 22:07:39,630 - INFO - 
2026-03-28 22:07:40,103 - INFO - GPU disabled (CPU-only).
2026-03-28 22:07:41,972 - INFO - Configured Intra-op threads = 1
2026-03-28 22:07:41,975 - INFO - Configured Inter-op threads = 1
2026-03-28 22:07:42,032 - INFO - TensorFlow: No GPUs visible; TF will proceed on CPU.
2026-03-28 22:07:42,035 - INFO - 
2026-03-28 22:07:42,038 - INFO - ------- Hardware Configuration -------
2026-03-28 22:07:42,041 - INFO - CPU affinity set to cores: [0, 1, 2, 3]
2026-03-28 22:07:42,044 - INFO - 
2026-03-28 22:07:42,047 - INFO - ------- Data Preprocessing for EQCCTPro -------
2026-03-28 22:07:42,049 - INFO - 1 station(s) in /home/blackwinter/projects/eqcct/eqcctpro/data/waveforms_explosions_nonoise/20250103T115407Z_20250103T115507Z
2026-03-28 22:07:42,052 - INFO - Using 1 selected station(s): ['RUF'].
2026-03-28 22:07:42,054 - INFO - Creating model actor(s)...
2026-03-28 22:07:42,057 - INFO - System RAM: Total=7870 MB, Available=3883 MB
2026-03-28 22:07:42,059 - INFO - Usable RAM budget: 7083 MB (90% of total)
2026-03-28 22:07:42,062 - INFO - ===== MEMORY-AWARE CPU ACTOR POOL (EQCCT) =====
2026-03-28 22:07:42,065 - INFO - Requested concurrent tasks: 1
2026-03-28 22:07:42,069 - INFO - Available CPUs: 4
2026-03-28 22:07:42,071 - INFO - Available RAM: 7083 MB
2026-03-28 22:07:42,074 - INFO - RAM per model: 2264 MB
2026-03-28 22:07:42,077 - INFO - Max actors by RAM: 3
2026-03-28 22:07:42,080 - INFO - Creating 1 ModelActor(s)
2026-03-28 22:07:42,083 - INFO - Let Ray handle scheduling (taskset already restricts CPU visibility)
2026-03-28 22:07:42,086 - INFO - Creating ModelActor 1/1 (2.21GB RAM each)...
2026-03-28 22:07:47,170 - INFO - ModelActor 1 created successfully.
2026-03-28 22:07:47,173 - INFO - Created 1 CPU actor(s). Task queue will handle concurrency.
2026-03-28 22:07:47,176 - INFO - Starting EQCCTPro parallelized waveform processing...
2026-03-28 22:07:47,180 - INFO - 
2026-03-28 22:07:47,183 - INFO - ------- Analyzing Seismic Waveforms for P and S Picks via EQCCT -------
2026-03-28 22:07:47,186 - INFO - Analyzing 0:01:00 minute timechunk from 2025-01-03 11:54:07 to 2025-01-03 11:55:07 (0 min overlap)
2026-03-28 22:07:47,189 - INFO - Processing a total of 1 stations, 1 at a time.
2026-03-28 22:07:52,108 - INFO - (1/1) RUF: Finished the prediction in 2.76s. (HP=1.0, LP=45.0)
2026-03-28 22:07:52,111 - INFO - 
2026-03-28 22:07:52,114 - INFO - ------- Parallel Station Waveform Processing Complete For 2025-01-03 11:54:07 to 2025-01-03 11:55:07 Timechunk-------
2026-03-28 22:07:52,117 - INFO - Picks saved at /home/blackwinter/projects/eqcct/eqcctpro/results/csv/eqcct_explosions_th0_1/20250103T115407Z_20250103T115507ZProcess Runtime: 4.93 s
2026-03-28 22:07:52,121 - INFO - Successfully ran EQCCTPro, exiting...
2026-03-28 22:07:53,450 - INFO - Ray Successfully Shutdown.
2026-03-28 22:07:53,450 - INFO - ------- Successfully Picked All Waveform(s) from all Timechunk(s) -------
