2026-03-20 05:27:52,817 - INFO - 
2026-03-20 05:27:52,817 - INFO - ------- Welcome to EQCCTPro -------
2026-03-20 05:27:52,817 - INFO - 
2026-03-20 05:27:52,818 - INFO - Running EQCCT over Requested MSeed Files using CPU(s)...
2026-03-20 05:27:52,818 - INFO - GPU disabled (CPU-only).
2026-03-20 05:27:52,818 - INFO - Configured Intra-op threads = 1
2026-03-20 05:27:52,818 - INFO - Configured Inter-op threads = 1
2026-03-20 05:27:52,818 - INFO - TensorFlow: No GPUs visible; TF will proceed on CPU.
2026-03-20 05:27:52,819 - INFO - 
2026-03-20 05:27:58,381 - INFO - Ray Successfully Initialized with 4 CPU(s) ([0, 1, 2, 3] CPU Affinity Binding).
2026-03-20 05:27:58,381 - INFO - Analyzing 1 time chunk(s) from 2025-09-20 16:19:31 to 2025-09-20 16:20:31 (dt=1min, overlap=0min).
2026-03-20 05:27:58,381 - INFO - Using 1 selected station(s).
2026-03-20 05:27:58,381 - INFO - 
2026-03-20 05:27:58,381 - INFO - ------- Starting EQCCTPro... -------
2026-03-20 05:27:58,382 - INFO - Detailed subprocess information can be found in the log file.
2026-03-20 05:27:58,382 - INFO - 
2026-03-20 05:27:58,759 - INFO - GPU disabled (CPU-only).
2026-03-20 05:28:00,277 - INFO - Configured Intra-op threads = 1
2026-03-20 05:28:00,279 - INFO - Configured Inter-op threads = 1
2026-03-20 05:28:00,324 - INFO - TensorFlow: No GPUs visible; TF will proceed on CPU.
2026-03-20 05:28:00,326 - INFO - 
2026-03-20 05:28:00,328 - INFO - ------- Hardware Configuration -------
2026-03-20 05:28:00,330 - INFO - CPU affinity set to cores: [0, 1, 2, 3]
2026-03-20 05:28:00,332 - INFO - 
2026-03-20 05:28:00,334 - INFO - ------- Data Preprocessing for EQCCTPro -------
2026-03-20 05:28:00,336 - INFO - 1 station(s) in /home/blackwinter/projects/eqcct/eqcctpro/data/waveforms_earthquakes_nonoise/20250920T161931Z_20250920T162031Z
2026-03-20 05:28:00,338 - INFO - Using 1 selected station(s): ['NIF'].
2026-03-20 05:28:00,339 - INFO - Creating model actor(s)...
2026-03-20 05:28:00,341 - INFO - System RAM: Total=7870 MB, Available=1786 MB
2026-03-20 05:28:00,343 - INFO - Usable RAM budget: 7083 MB (90% of total)
2026-03-20 05:28:00,345 - INFO - ===== MEMORY-AWARE CPU ACTOR POOL (EQCCT) =====
2026-03-20 05:28:00,347 - INFO - Requested concurrent tasks: 1
2026-03-20 05:28:00,349 - INFO - Available CPUs: 4
2026-03-20 05:28:00,351 - INFO - Available RAM: 7083 MB
2026-03-20 05:28:00,353 - INFO - RAM per model: 2264 MB
2026-03-20 05:28:00,355 - INFO - Max actors by RAM: 3
2026-03-20 05:28:00,357 - INFO - Creating 1 ModelActor(s)
2026-03-20 05:28:00,359 - INFO - Let Ray handle scheduling (taskset already restricts CPU visibility)
2026-03-20 05:28:00,361 - INFO - Creating ModelActor 1/1 (2.21GB RAM each)...
2026-03-20 05:28:04,315 - INFO - ModelActor 1 created successfully.
2026-03-20 05:28:04,317 - INFO - Created 1 CPU actor(s). Task queue will handle concurrency.
2026-03-20 05:28:04,320 - INFO - Starting EQCCTPro parallelized waveform processing...
2026-03-20 05:28:04,322 - INFO - 
2026-03-20 05:28:04,324 - INFO - ------- Analyzing Seismic Waveforms for P and S Picks via EQCCT -------
2026-03-20 05:28:04,326 - INFO - Analyzing 0:01:00 minute timechunk from 2025-09-20 16:19:31 to 2025-09-20 16:20:31 (0 min overlap)
2026-03-20 05:28:04,328 - INFO - Processing a total of 1 stations, 1 at a time.
2026-03-20 05:28:08,370 - INFO - (1/1) NIF: Finished the prediction in 2.12s. (HP=1.0, LP=45.0)
2026-03-20 05:28:08,372 - INFO - 
2026-03-20 05:28:08,374 - INFO - ------- Parallel Station Waveform Processing Complete For 2025-09-20 16:19:31 to 2025-09-20 16:20:31 Timechunk-------
2026-03-20 05:28:08,376 - INFO - Picks saved at /home/blackwinter/projects/eqcct/eqcctpro/results/csv/eqcct_earthquakes_th0_1/20250920T161931Z_20250920T162031ZProcess Runtime: 4.05 s
2026-03-20 05:28:08,381 - INFO - Successfully ran EQCCTPro, exiting...
2026-03-20 05:28:09,835 - INFO - Ray Successfully Shutdown.
2026-03-20 05:28:09,836 - INFO - ------- Successfully Picked All Waveform(s) from all Timechunk(s) -------
