2026-03-20 00:19:57,970 - INFO - 
2026-03-20 00:19:57,970 - INFO - ------- Welcome to EQCCTPro -------
2026-03-20 00:19:57,970 - INFO - 
2026-03-20 00:19:57,971 - INFO - Running EQCCT over Requested MSeed Files using CPU(s)...
2026-03-20 00:19:57,971 - INFO - GPU disabled (CPU-only).
2026-03-20 00:19:57,971 - INFO - Configured Intra-op threads = 1
2026-03-20 00:19:57,971 - INFO - Configured Inter-op threads = 1
2026-03-20 00:19:57,971 - INFO - TensorFlow: No GPUs visible; TF will proceed on CPU.
2026-03-20 00:19:57,972 - INFO - 
2026-03-20 00:20:03,778 - INFO - Ray Successfully Initialized with 4 CPU(s) ([0, 1, 2, 3] CPU Affinity Binding).
2026-03-20 00:20:03,779 - INFO - Analyzing 1 time chunk(s) from 2025-03-16 03:02:05 to 2025-03-16 03:03:05 (dt=1min, overlap=0min).
2026-03-20 00:20:03,779 - INFO - Using 1 selected station(s).
2026-03-20 00:20:03,779 - INFO - 
2026-03-20 00:20:03,779 - INFO - ------- Starting EQCCTPro... -------
2026-03-20 00:20:03,779 - INFO - Detailed subprocess information can be found in the log file.
2026-03-20 00:20:03,780 - INFO - 
2026-03-20 00:20:04,156 - INFO - GPU disabled (CPU-only).
2026-03-20 00:20:05,714 - INFO - Configured Intra-op threads = 1
2026-03-20 00:20:05,716 - INFO - Configured Inter-op threads = 1
2026-03-20 00:20:05,755 - INFO - TensorFlow: No GPUs visible; TF will proceed on CPU.
2026-03-20 00:20:05,758 - INFO - 
2026-03-20 00:20:05,760 - INFO - ------- Hardware Configuration -------
2026-03-20 00:20:05,762 - INFO - CPU affinity set to cores: [0, 1, 2, 3]
2026-03-20 00:20:05,764 - INFO - 
2026-03-20 00:20:05,766 - INFO - ------- Data Preprocessing for EQCCTPro -------
2026-03-20 00:20:05,768 - INFO - 1 station(s) in /home/blackwinter/projects/eqcct/eqcctpro/data/waveforms_earthquakes_nonoise/20250316T030205Z_20250316T030305Z
2026-03-20 00:20:05,770 - INFO - Using 1 selected station(s): ['HEF'].
2026-03-20 00:20:05,773 - INFO - Creating model actor(s)...
2026-03-20 00:20:05,775 - INFO - System RAM: Total=7870 MB, Available=2469 MB
2026-03-20 00:20:05,778 - INFO - Usable RAM budget: 7083 MB (90% of total)
2026-03-20 00:20:05,780 - INFO - ===== MEMORY-AWARE CPU ACTOR POOL (EQCCT) =====
2026-03-20 00:20:05,782 - INFO - Requested concurrent tasks: 1
2026-03-20 00:20:05,783 - INFO - Available CPUs: 4
2026-03-20 00:20:05,785 - INFO - Available RAM: 7083 MB
2026-03-20 00:20:05,787 - INFO - RAM per model: 2264 MB
2026-03-20 00:20:05,789 - INFO - Max actors by RAM: 3
2026-03-20 00:20:05,791 - INFO - Creating 1 ModelActor(s)
2026-03-20 00:20:05,793 - INFO - Let Ray handle scheduling (taskset already restricts CPU visibility)
2026-03-20 00:20:05,795 - INFO - Creating ModelActor 1/1 (2.21GB RAM each)...
2026-03-20 00:20:09,694 - INFO - ModelActor 1 created successfully.
2026-03-20 00:20:09,696 - INFO - Created 1 CPU actor(s). Task queue will handle concurrency.
2026-03-20 00:20:09,698 - INFO - Starting EQCCTPro parallelized waveform processing...
2026-03-20 00:20:09,700 - INFO - 
2026-03-20 00:20:09,702 - INFO - ------- Analyzing Seismic Waveforms for P and S Picks via EQCCT -------
2026-03-20 00:20:09,704 - INFO - Analyzing 0:01:00 minute timechunk from 2025-03-16 03:02:05 to 2025-03-16 03:03:05 (0 min overlap)
2026-03-20 00:20:09,706 - INFO - Processing a total of 1 stations, 1 at a time.
2026-03-20 00:20:13,739 - INFO - (1/1) HEF: Finished the prediction in 2.13s. (HP=1.0, LP=45.0)
2026-03-20 00:20:13,741 - INFO - 
2026-03-20 00:20:13,743 - INFO - ------- Parallel Station Waveform Processing Complete For 2025-03-16 03:02:05 to 2025-03-16 03:03:05 Timechunk-------
2026-03-20 00:20:13,745 - INFO - Picks saved at /home/blackwinter/projects/eqcct/eqcctpro/results/csv/eqcct_earthquakes_th0_1/20250316T030205Z_20250316T030305ZProcess Runtime: 4.04 s
2026-03-20 00:20:13,750 - INFO - Successfully ran EQCCTPro, exiting...
2026-03-20 00:20:15,210 - INFO - Ray Successfully Shutdown.
2026-03-20 00:20:15,210 - INFO - ------- Successfully Picked All Waveform(s) from all Timechunk(s) -------
