2026-03-11 17:00:57,642 - INFO - 
2026-03-11 17:00:57,642 - INFO - ------- Welcome to EQCCTPro -------
2026-03-11 17:00:57,642 - INFO - 
2026-03-11 17:00:57,643 - INFO - Running EQCCT over Requested MSeed Files using CPU(s)...
2026-03-11 17:00:57,643 - INFO - GPU disabled (CPU-only).
2026-03-11 17:00:57,644 - INFO - Configured Intra-op threads = 1
2026-03-11 17:00:57,644 - INFO - Configured Inter-op threads = 1
2026-03-11 17:00:57,644 - INFO - TensorFlow: No GPUs visible; TF will proceed on CPU.
2026-03-11 17:00:57,644 - INFO - 
2026-03-11 17:01:03,019 - INFO - Ray Successfully Initialized with 4 CPU(s) ([0, 1, 2, 3] CPU Affinity Binding).
2026-03-11 17:01:03,019 - INFO - Analyzing 1 time chunk(s) from 2025-01-13 08:07:01 to 2025-01-13 08:08:01 (dt=1min, overlap=0min).
2026-03-11 17:01:03,019 - INFO - Using 1 selected station(s).
2026-03-11 17:01:03,019 - INFO - 
2026-03-11 17:01:03,020 - INFO - ------- Starting EQCCTPro... -------
2026-03-11 17:01:03,020 - INFO - Detailed subprocess information can be found in the log file.
2026-03-11 17:01:03,020 - INFO - 
2026-03-11 17:01:03,384 - INFO - GPU disabled (CPU-only).
2026-03-11 17:01:04,916 - INFO - Configured Intra-op threads = 1
2026-03-11 17:01:04,919 - INFO - Configured Inter-op threads = 1
2026-03-11 17:01:04,963 - INFO - TensorFlow: No GPUs visible; TF will proceed on CPU.
2026-03-11 17:01:04,965 - INFO - 
2026-03-11 17:01:04,967 - INFO - ------- Hardware Configuration -------
2026-03-11 17:01:04,970 - INFO - CPU affinity set to cores: [0, 1, 2, 3]
2026-03-11 17:01:04,972 - INFO - 
2026-03-11 17:01:04,974 - INFO - ------- Data Preprocessing for EQCCTPro -------
2026-03-11 17:01:04,976 - INFO - 1 station(s) in /home/blackwinter/projects/eqcct/eqcctpro/data/waveforms_noise_only/20250113T080701Z_20250113T080801Z
2026-03-11 17:01:04,977 - INFO - Using 1 selected station(s): ['NUR'].
2026-03-11 17:01:04,979 - INFO - Creating model actor(s)...
2026-03-11 17:01:04,982 - INFO - System RAM: Total=7870 MB, Available=3075 MB
2026-03-11 17:01:04,983 - INFO - Usable RAM budget: 7083 MB (90% of total)
2026-03-11 17:01:04,985 - INFO - ===== MEMORY-AWARE CPU ACTOR POOL (EQCCT) =====
2026-03-11 17:01:04,987 - INFO - Requested concurrent tasks: 1
2026-03-11 17:01:04,989 - INFO - Available CPUs: 4
2026-03-11 17:01:04,991 - INFO - Available RAM: 7083 MB
2026-03-11 17:01:04,993 - INFO - RAM per model: 2264 MB
2026-03-11 17:01:04,995 - INFO - Max actors by RAM: 3
2026-03-11 17:01:04,997 - INFO - Creating 1 ModelActor(s)
2026-03-11 17:01:04,999 - INFO - Let Ray handle scheduling (taskset already restricts CPU visibility)
2026-03-11 17:01:05,001 - INFO - Creating ModelActor 1/1 (2.21GB RAM each)...
2026-03-11 17:01:08,942 - INFO - ModelActor 1 created successfully.
2026-03-11 17:01:08,945 - INFO - Created 1 CPU actor(s). Task queue will handle concurrency.
2026-03-11 17:01:08,947 - INFO - Starting EQCCTPro parallelized waveform processing...
2026-03-11 17:01:08,949 - INFO - 
2026-03-11 17:01:08,951 - INFO - ------- Analyzing Seismic Waveforms for P and S Picks via EQCCT -------
2026-03-11 17:01:08,953 - INFO - Analyzing 0:01:00 minute timechunk from 2025-01-13 08:07:01 to 2025-01-13 08:08:01 (0 min overlap)
2026-03-11 17:01:08,955 - INFO - Processing a total of 1 stations, 1 at a time.
2026-03-11 17:01:13,031 - INFO - (1/1) NUR: Finished the prediction in 2.13s. (HP=1.0, LP=45.0)
2026-03-11 17:01:13,033 - INFO - 
2026-03-11 17:01:13,035 - INFO - ------- Parallel Station Waveform Processing Complete For 2025-01-13 08:07:01 to 2025-01-13 08:08:01 Timechunk-------
2026-03-11 17:01:13,037 - INFO - Picks saved at /home/blackwinter/projects/eqcct/eqcctpro/results/csv/bm_noise_only/20250113T080701Z_20250113T080801ZProcess Runtime: 4.09 s
2026-03-11 17:01:13,041 - INFO - Successfully ran EQCCTPro, exiting...
2026-03-11 17:01:14,680 - INFO - Ray Successfully Shutdown.
2026-03-11 17:01:14,680 - INFO - ------- Successfully Picked All Waveform(s) from all Timechunk(s) -------
