2026-03-27 18:31:53,355 - INFO - 
2026-03-27 18:31:53,356 - INFO - ------- Welcome to EQCCTPro -------
2026-03-27 18:31:53,356 - INFO - 
2026-03-27 18:31:53,356 - INFO - Running EQCCT over Requested MSeed Files using CPU(s)...
2026-03-27 18:31:53,356 - INFO - GPU disabled (CPU-only).
2026-03-27 18:31:53,356 - INFO - Skipping framework-specific initialization in the driver process.
2026-03-27 18:31:55,710 - INFO - Ray Successfully Initialized with 4 CPU(s) ([0, 1, 2, 3] CPU Affinity Binding).
2026-03-27 18:31:55,710 - INFO - Analyzing 1 time chunk(s) from 2025-04-30 12:04:46 to 2025-04-30 12:05:46 (dt=1min, overlap=0min).
2026-03-27 18:31:55,710 - INFO - Using 1 selected station(s).
2026-03-27 18:31:55,710 - INFO - 
2026-03-27 18:31:55,711 - INFO - ------- Starting EQCCTPro... -------
2026-03-27 18:31:55,711 - INFO - Detailed subprocess information can be found in the log file.
2026-03-27 18:31:55,711 - INFO - 
2026-03-27 18:31:55,986 - INFO - GPU disabled (CPU-only).
2026-03-27 18:31:55,991 - INFO - Skipping framework-specific initialization in the driver process.
2026-03-27 18:31:55,993 - INFO - ------- Hardware Configuration -------
2026-03-27 18:31:55,996 - INFO - CPU affinity set to cores: [0, 1, 2, 3]
2026-03-27 18:31:55,998 - INFO - 
2026-03-27 18:31:56,000 - INFO - ------- Data Preprocessing for EQCCTPro -------
2026-03-27 18:31:56,003 - INFO - 1 station(s) in /home/blackwinter/projects/eqcct/eqcctpro/data/waveforms_earthquakes_nonoise/20250430T120446Z_20250430T120546Z
2026-03-27 18:31:56,005 - INFO - Using 1 selected station(s): ['KEF'].
2026-03-27 18:31:56,007 - INFO - Creating model actor(s)...
2026-03-27 18:31:56,010 - INFO - System RAM: Total=7870 MB, Available=6071 MB
2026-03-27 18:31:56,014 - INFO - Usable RAM budget: 7083 MB (90% of total)
2026-03-27 18:31:56,017 - INFO - ===== MEMORY-AWARE CPU ACTOR POOL =====
2026-03-27 18:31:56,020 - INFO - Requested concurrent tasks: 1
2026-03-27 18:31:56,023 - INFO - Available CPUs: 4
2026-03-27 18:31:56,025 - INFO - Available RAM: 7083 MB
2026-03-27 18:31:56,028 - INFO - RAM per model: 2060 MB
2026-03-27 18:31:56,030 - INFO - Max actors by RAM: 3
2026-03-27 18:31:56,033 - INFO - Creating 1 SeisBenchModelActor(s)
2026-03-27 18:31:56,035 - INFO - Let Ray handle scheduling (taskset already restricts CPU visibility)
2026-03-27 18:31:56,037 - INFO - Creating SeisBenchModelActor 1/1 (2.01GB RAM each)...
2026-03-27 18:31:58,852 - INFO - SeisBenchModelActor 1 created successfully.
2026-03-27 18:31:58,854 - INFO - Created 1 CPU actor(s). Task queue will handle concurrency.
2026-03-27 18:31:58,857 - INFO - Starting EQCCTPro parallelized waveform processing...
2026-03-27 18:31:58,860 - INFO - 
2026-03-27 18:31:58,862 - INFO - ------- Analyzing Seismic Waveforms for P and S Picks via SeisBench (EQTransformer - original_nonconservative) -------
2026-03-27 18:31:58,865 - INFO - Analyzing 0:01:00 minute timechunk from 2025-04-30 12:04:46 to 2025-04-30 12:05:46 (0 min overlap)
2026-03-27 18:31:58,868 - INFO - Processing a total of 1 stations, 1 at a time.
2026-03-27 18:32:01,154 - INFO - (1/1) KEF: Finished the prediction in 0.13s. (HP=1.0, LP=45.0, picks=2)
2026-03-27 18:32:01,156 - INFO - 
2026-03-27 18:32:01,158 - INFO - ------- Parallel Station Waveform Processing Complete For 2025-04-30 12:04:46 to 2025-04-30 12:05:46 Timechunk-------
2026-03-27 18:32:01,161 - INFO - Picks saved at /home/blackwinter/projects/eqcct/eqcctpro/results/csv/eqt_earthquakes_th0_1/20250430T120446Z_20250430T120546ZProcess Runtime: 2.30 s
2026-03-27 18:32:01,169 - INFO - Successfully ran EQCCTPro, exiting...
2026-03-27 18:32:02,644 - INFO - Ray Successfully Shutdown.
2026-03-27 18:32:02,644 - INFO - ------- Successfully Picked All Waveform(s) from all Timechunk(s) -------
2026-03-28 00:59:38,986 - INFO - 
2026-03-28 00:59:38,987 - INFO - ------- Welcome to EQCCTPro -------
2026-03-28 00:59:38,987 - INFO - 
2026-03-28 00:59:38,987 - INFO - Running EQCCT over Requested MSeed Files using CPU(s)...
2026-03-28 00:59:38,988 - INFO - GPU disabled (CPU-only).
2026-03-28 00:59:38,988 - INFO - Skipping framework-specific initialization in the driver process.
2026-03-28 00:59:41,384 - INFO - Ray Successfully Initialized with 4 CPU(s) ([0, 1, 2, 3] CPU Affinity Binding).
2026-03-28 00:59:41,385 - INFO - Analyzing 1 time chunk(s) from 2025-04-30 12:04:46 to 2025-04-30 12:05:46 (dt=1min, overlap=0min).
2026-03-28 00:59:41,385 - INFO - Using 1 selected station(s).
2026-03-28 00:59:41,385 - INFO - 
2026-03-28 00:59:41,385 - INFO - ------- Starting EQCCTPro... -------
2026-03-28 00:59:41,385 - INFO - Detailed subprocess information can be found in the log file.
2026-03-28 00:59:41,386 - INFO - 
2026-03-28 00:59:41,678 - INFO - GPU disabled (CPU-only).
2026-03-28 00:59:41,683 - INFO - Skipping framework-specific initialization in the driver process.
2026-03-28 00:59:41,686 - INFO - ------- Hardware Configuration -------
2026-03-28 00:59:41,688 - INFO - CPU affinity set to cores: [0, 1, 2, 3]
2026-03-28 00:59:41,691 - INFO - 
2026-03-28 00:59:41,693 - INFO - ------- Data Preprocessing for EQCCTPro -------
2026-03-28 00:59:41,696 - INFO - 1 station(s) in /home/blackwinter/projects/eqcct/eqcctpro/data/waveforms_earthquakes_nonoise/20250430T120446Z_20250430T120546Z
2026-03-28 00:59:41,698 - INFO - Using 1 selected station(s): ['KEF'].
2026-03-28 00:59:41,701 - INFO - Creating model actor(s)...
2026-03-28 00:59:41,704 - INFO - System RAM: Total=7870 MB, Available=5950 MB
2026-03-28 00:59:41,706 - INFO - Usable RAM budget: 7083 MB (90% of total)
2026-03-28 00:59:41,709 - INFO - ===== MEMORY-AWARE CPU ACTOR POOL =====
2026-03-28 00:59:41,712 - INFO - Requested concurrent tasks: 1
2026-03-28 00:59:41,715 - INFO - Available CPUs: 4
2026-03-28 00:59:41,717 - INFO - Available RAM: 7083 MB
2026-03-28 00:59:41,720 - INFO - RAM per model: 2060 MB
2026-03-28 00:59:41,722 - INFO - Max actors by RAM: 3
2026-03-28 00:59:41,725 - INFO - Creating 1 SeisBenchModelActor(s)
2026-03-28 00:59:41,728 - INFO - Let Ray handle scheduling (taskset already restricts CPU visibility)
2026-03-28 00:59:41,730 - INFO - Creating SeisBenchModelActor 1/1 (2.01GB RAM each)...
2026-03-28 00:59:44,693 - INFO - SeisBenchModelActor 1 created successfully.
2026-03-28 00:59:44,695 - INFO - Created 1 CPU actor(s). Task queue will handle concurrency.
2026-03-28 00:59:44,698 - INFO - Starting EQCCTPro parallelized waveform processing...
2026-03-28 00:59:44,700 - INFO - 
2026-03-28 00:59:44,703 - INFO - ------- Analyzing Seismic Waveforms for P and S Picks via SeisBench (EQTransformer - original_nonconservative) -------
2026-03-28 00:59:44,705 - INFO - Analyzing 0:01:00 minute timechunk from 2025-04-30 12:04:46 to 2025-04-30 12:05:46 (0 min overlap)
2026-03-28 00:59:44,708 - INFO - Processing a total of 1 stations, 1 at a time.
2026-03-28 00:59:46,783 - INFO - (1/1) KEF: Skipped (already exists - overwrite=False).
2026-03-28 00:59:46,786 - INFO - 
2026-03-28 00:59:46,789 - INFO - ------- Parallel Station Waveform Processing Complete For 2025-04-30 12:04:46 to 2025-04-30 12:05:46 Timechunk-------
2026-03-28 00:59:46,792 - INFO - Picks saved at /home/blackwinter/projects/eqcct/eqcctpro/results/csv/eqt_earthquakes_th0_1/20250430T120446Z_20250430T120546ZProcess Runtime: 2.09 s
2026-03-28 00:59:46,796 - INFO - Successfully ran EQCCTPro, exiting...
2026-03-28 00:59:48,188 - INFO - Ray Successfully Shutdown.
2026-03-28 00:59:48,188 - INFO - ------- Successfully Picked All Waveform(s) from all Timechunk(s) -------
