2026-03-29 17:32:22,023 - INFO - 
2026-03-29 17:32:22,024 - INFO - ------- Welcome to EQCCTPro -------
2026-03-29 17:32:22,024 - INFO - 
2026-03-29 17:32:22,024 - INFO - Running EQCCT over Requested MSeed Files using CPU(s)...
2026-03-29 17:32:22,024 - INFO - GPU disabled (CPU-only).
2026-03-29 17:32:22,025 - INFO - Configured Intra-op threads = 1
2026-03-29 17:32:22,025 - INFO - Configured Inter-op threads = 1
2026-03-29 17:32:22,025 - INFO - TensorFlow: No GPUs visible; TF will proceed on CPU.
2026-03-29 17:32:22,025 - INFO - 
2026-03-29 17:32:27,655 - INFO - Ray Successfully Initialized with 4 CPU(s) ([0, 1, 2, 3] CPU Affinity Binding).
2026-03-29 17:32:27,656 - INFO - Analyzing 1 time chunk(s) from 2025-01-11 14:25:43 to 2025-01-11 14:26:43 (dt=1min, overlap=0min).
2026-03-29 17:32:27,656 - INFO - Using 1 selected station(s).
2026-03-29 17:32:27,656 - INFO - 
2026-03-29 17:32:27,656 - INFO - ------- Starting EQCCTPro... -------
2026-03-29 17:32:27,656 - INFO - Detailed subprocess information can be found in the log file.
2026-03-29 17:32:27,657 - INFO - 
2026-03-29 17:32:28,126 - INFO - GPU disabled (CPU-only).
2026-03-29 17:32:29,716 - INFO - Configured Intra-op threads = 1
2026-03-29 17:32:29,718 - INFO - Configured Inter-op threads = 1
2026-03-29 17:32:29,766 - INFO - TensorFlow: No GPUs visible; TF will proceed on CPU.
2026-03-29 17:32:29,768 - INFO - 
2026-03-29 17:32:29,771 - INFO - ------- Hardware Configuration -------
2026-03-29 17:32:29,774 - INFO - CPU affinity set to cores: [0, 1, 2, 3]
2026-03-29 17:32:29,777 - INFO - 
2026-03-29 17:32:29,779 - INFO - ------- Data Preprocessing for EQCCTPro -------
2026-03-29 17:32:29,782 - INFO - 1 station(s) in /home/blackwinter/projects/eqcct/eqcctpro/data/waveforms_noise_only/20250111T142543Z_20250111T142643Z
2026-03-29 17:32:29,784 - INFO - Using 1 selected station(s): ['RAJF'].
2026-03-29 17:32:29,787 - INFO - Creating model actor(s)...
2026-03-29 17:32:29,790 - INFO - System RAM: Total=7870 MB, Available=3873 MB
2026-03-29 17:32:29,792 - INFO - Usable RAM budget: 7083 MB (90% of total)
2026-03-29 17:32:29,794 - INFO - ===== MEMORY-AWARE CPU ACTOR POOL (EQCCT) =====
2026-03-29 17:32:29,797 - INFO - Requested concurrent tasks: 1
2026-03-29 17:32:29,799 - INFO - Available CPUs: 4
2026-03-29 17:32:29,802 - INFO - Available RAM: 7083 MB
2026-03-29 17:32:29,804 - INFO - RAM per model: 2264 MB
2026-03-29 17:32:29,807 - INFO - Max actors by RAM: 3
2026-03-29 17:32:29,809 - INFO - Creating 1 ModelActor(s)
2026-03-29 17:32:29,811 - INFO - Let Ray handle scheduling (taskset already restricts CPU visibility)
2026-03-29 17:32:29,813 - INFO - Creating ModelActor 1/1 (2.21GB RAM each)...
2026-03-29 17:32:34,204 - INFO - ModelActor 1 created successfully.
2026-03-29 17:32:34,206 - INFO - Created 1 CPU actor(s). Task queue will handle concurrency.
2026-03-29 17:32:34,209 - INFO - Starting EQCCTPro parallelized waveform processing...
2026-03-29 17:32:34,212 - INFO - 
2026-03-29 17:32:34,214 - INFO - ------- Analyzing Seismic Waveforms for P and S Picks via EQCCT -------
2026-03-29 17:32:34,217 - INFO - Analyzing 0:01:00 minute timechunk from 2025-01-11 14:25:43 to 2025-01-11 14:26:43 (0 min overlap)
2026-03-29 17:32:34,220 - INFO - Processing a total of 1 stations, 1 at a time.
2026-03-29 17:32:38,692 - INFO - (1/1) RAJF: Finished the prediction in 2.4s. (HP=1.0, LP=45.0)
2026-03-29 17:32:38,694 - INFO - 
2026-03-29 17:32:38,697 - INFO - ------- Parallel Station Waveform Processing Complete For 2025-01-11 14:25:43 to 2025-01-11 14:26:43 Timechunk-------
2026-03-29 17:32:38,700 - INFO - Picks saved at /home/blackwinter/projects/eqcct/eqcctpro/results/csv/eqcct_noise_th0_1/20250111T142543Z_20250111T142643ZProcess Runtime: 4.49 s
2026-03-29 17:32:38,705 - INFO - Successfully ran EQCCTPro, exiting...
2026-03-29 17:32:40,367 - INFO - Ray Successfully Shutdown.
2026-03-29 17:32:40,368 - INFO - ------- Successfully Picked All Waveform(s) from all Timechunk(s) -------
