2026-03-29 16:33:07,173 - INFO - 
2026-03-29 16:33:07,173 - INFO - ------- Welcome to EQCCTPro -------
2026-03-29 16:33:07,173 - INFO - 
2026-03-29 16:33:07,173 - INFO - Running EQCCT over Requested MSeed Files using CPU(s)...
2026-03-29 16:33:07,174 - INFO - GPU disabled (CPU-only).
2026-03-29 16:33:07,174 - INFO - Configured Intra-op threads = 1
2026-03-29 16:33:07,174 - INFO - Configured Inter-op threads = 1
2026-03-29 16:33:07,174 - INFO - TensorFlow: No GPUs visible; TF will proceed on CPU.
2026-03-29 16:33:07,174 - INFO - 
2026-03-29 16:33:12,970 - INFO - Ray Successfully Initialized with 4 CPU(s) ([0, 1, 2, 3] CPU Affinity Binding).
2026-03-29 16:33:12,970 - INFO - Analyzing 1 time chunk(s) from 2025-01-10 11:44:45 to 2025-01-10 11:45:45 (dt=1min, overlap=0min).
2026-03-29 16:33:12,970 - INFO - Using 1 selected station(s).
2026-03-29 16:33:12,971 - INFO - 
2026-03-29 16:33:12,971 - INFO - ------- Starting EQCCTPro... -------
2026-03-29 16:33:12,971 - INFO - Detailed subprocess information can be found in the log file.
2026-03-29 16:33:12,971 - INFO - 
2026-03-29 16:33:13,344 - INFO - GPU disabled (CPU-only).
2026-03-29 16:33:14,877 - INFO - Configured Intra-op threads = 1
2026-03-29 16:33:14,880 - INFO - Configured Inter-op threads = 1
2026-03-29 16:33:14,924 - INFO - TensorFlow: No GPUs visible; TF will proceed on CPU.
2026-03-29 16:33:14,926 - INFO - 
2026-03-29 16:33:14,929 - INFO - ------- Hardware Configuration -------
2026-03-29 16:33:14,932 - INFO - CPU affinity set to cores: [0, 1, 2, 3]
2026-03-29 16:33:14,935 - INFO - 
2026-03-29 16:33:14,938 - INFO - ------- Data Preprocessing for EQCCTPro -------
2026-03-29 16:33:14,941 - INFO - 1 station(s) in /home/blackwinter/projects/eqcct/eqcctpro/data/waveforms_noise_only/20250110T114445Z_20250110T114545Z
2026-03-29 16:33:14,944 - INFO - Using 1 selected station(s): ['FIC2'].
2026-03-29 16:33:14,947 - INFO - Creating model actor(s)...
2026-03-29 16:33:14,949 - INFO - System RAM: Total=7870 MB, Available=4036 MB
2026-03-29 16:33:14,952 - INFO - Usable RAM budget: 7083 MB (90% of total)
2026-03-29 16:33:14,954 - INFO - ===== MEMORY-AWARE CPU ACTOR POOL (EQCCT) =====
2026-03-29 16:33:14,956 - INFO - Requested concurrent tasks: 1
2026-03-29 16:33:14,958 - INFO - Available CPUs: 4
2026-03-29 16:33:14,961 - INFO - Available RAM: 7083 MB
2026-03-29 16:33:14,964 - INFO - RAM per model: 2264 MB
2026-03-29 16:33:14,966 - INFO - Max actors by RAM: 3
2026-03-29 16:33:14,968 - INFO - Creating 1 ModelActor(s)
2026-03-29 16:33:14,971 - INFO - Let Ray handle scheduling (taskset already restricts CPU visibility)
2026-03-29 16:33:14,973 - INFO - Creating ModelActor 1/1 (2.21GB RAM each)...
2026-03-29 16:33:19,262 - INFO - ModelActor 1 created successfully.
2026-03-29 16:33:19,264 - INFO - Created 1 CPU actor(s). Task queue will handle concurrency.
2026-03-29 16:33:19,267 - INFO - Starting EQCCTPro parallelized waveform processing...
2026-03-29 16:33:19,269 - INFO - 
2026-03-29 16:33:19,272 - INFO - ------- Analyzing Seismic Waveforms for P and S Picks via EQCCT -------
2026-03-29 16:33:19,275 - INFO - Analyzing 0:01:00 minute timechunk from 2025-01-10 11:44:45 to 2025-01-10 11:45:45 (0 min overlap)
2026-03-29 16:33:19,277 - INFO - Processing a total of 1 stations, 1 at a time.
2026-03-29 16:33:23,869 - INFO - (1/1) FIC2: Finished the prediction in 2.52s. (HP=1.0, LP=45.0)
2026-03-29 16:33:23,873 - INFO - 
2026-03-29 16:33:23,875 - INFO - ------- Parallel Station Waveform Processing Complete For 2025-01-10 11:44:45 to 2025-01-10 11:45:45 Timechunk-------
2026-03-29 16:33:23,877 - INFO - Picks saved at /home/blackwinter/projects/eqcct/eqcctpro/results/csv/eqcct_noise_th0_1/20250110T114445Z_20250110T114545ZProcess Runtime: 4.61 s
2026-03-29 16:33:23,882 - INFO - Successfully ran EQCCTPro, exiting...
2026-03-29 16:33:25,488 - INFO - Ray Successfully Shutdown.
2026-03-29 16:33:25,488 - INFO - ------- Successfully Picked All Waveform(s) from all Timechunk(s) -------
