2026-03-20 02:05:18,835 - INFO - 
2026-03-20 02:05:18,835 - INFO - ------- Welcome to EQCCTPro -------
2026-03-20 02:05:18,835 - INFO - 
2026-03-20 02:05:18,836 - INFO - Running EQCCT over Requested MSeed Files using CPU(s)...
2026-03-20 02:05:18,837 - INFO - GPU disabled (CPU-only).
2026-03-20 02:05:18,837 - INFO - Configured Intra-op threads = 1
2026-03-20 02:05:18,837 - INFO - Configured Inter-op threads = 1
2026-03-20 02:05:18,837 - INFO - TensorFlow: No GPUs visible; TF will proceed on CPU.
2026-03-20 02:05:18,837 - INFO - 
2026-03-20 02:05:24,308 - INFO - Ray Successfully Initialized with 4 CPU(s) ([0, 1, 2, 3] CPU Affinity Binding).
2026-03-20 02:05:24,309 - INFO - Analyzing 1 time chunk(s) from 2025-06-05 03:02:58 to 2025-06-05 03:03:58 (dt=1min, overlap=0min).
2026-03-20 02:05:24,309 - INFO - Using 1 selected station(s).
2026-03-20 02:05:24,309 - INFO - 
2026-03-20 02:05:24,310 - INFO - ------- Starting EQCCTPro... -------
2026-03-20 02:05:24,310 - INFO - Detailed subprocess information can be found in the log file.
2026-03-20 02:05:24,310 - INFO - 
2026-03-20 02:05:24,703 - INFO - GPU disabled (CPU-only).
2026-03-20 02:05:26,278 - INFO - Configured Intra-op threads = 1
2026-03-20 02:05:26,281 - INFO - Configured Inter-op threads = 1
2026-03-20 02:05:26,321 - INFO - TensorFlow: No GPUs visible; TF will proceed on CPU.
2026-03-20 02:05:26,323 - INFO - 
2026-03-20 02:05:26,326 - INFO - ------- Hardware Configuration -------
2026-03-20 02:05:26,328 - INFO - CPU affinity set to cores: [0, 1, 2, 3]
2026-03-20 02:05:26,330 - INFO - 
2026-03-20 02:05:26,333 - INFO - ------- Data Preprocessing for EQCCTPro -------
2026-03-20 02:05:26,335 - INFO - 1 station(s) in /home/blackwinter/projects/eqcct/eqcctpro/data/waveforms_earthquakes_nonoise/20250605T030258Z_20250605T030358Z
2026-03-20 02:05:26,337 - INFO - Using 1 selected station(s): ['RNF'].
2026-03-20 02:05:26,339 - INFO - Creating model actor(s)...
2026-03-20 02:05:26,341 - INFO - System RAM: Total=7870 MB, Available=2156 MB
2026-03-20 02:05:26,343 - INFO - Usable RAM budget: 7083 MB (90% of total)
2026-03-20 02:05:26,345 - INFO - ===== MEMORY-AWARE CPU ACTOR POOL (EQCCT) =====
2026-03-20 02:05:26,347 - INFO - Requested concurrent tasks: 1
2026-03-20 02:05:26,349 - INFO - Available CPUs: 4
2026-03-20 02:05:26,351 - INFO - Available RAM: 7083 MB
2026-03-20 02:05:26,353 - INFO - RAM per model: 2264 MB
2026-03-20 02:05:26,355 - INFO - Max actors by RAM: 3
2026-03-20 02:05:26,356 - INFO - Creating 1 ModelActor(s)
2026-03-20 02:05:26,358 - INFO - Let Ray handle scheduling (taskset already restricts CPU visibility)
2026-03-20 02:05:26,360 - INFO - Creating ModelActor 1/1 (2.21GB RAM each)...
2026-03-20 02:05:30,272 - INFO - ModelActor 1 created successfully.
2026-03-20 02:05:30,275 - INFO - Created 1 CPU actor(s). Task queue will handle concurrency.
2026-03-20 02:05:30,277 - INFO - Starting EQCCTPro parallelized waveform processing...
2026-03-20 02:05:30,279 - INFO - 
2026-03-20 02:05:30,280 - INFO - ------- Analyzing Seismic Waveforms for P and S Picks via EQCCT -------
2026-03-20 02:05:30,283 - INFO - Analyzing 0:01:00 minute timechunk from 2025-06-05 03:02:58 to 2025-06-05 03:03:58 (0 min overlap)
2026-03-20 02:05:30,285 - INFO - Processing a total of 1 stations, 1 at a time.
2026-03-20 02:05:34,402 - INFO - (1/1) RNF: Finished the prediction in 2.18s. (HP=1.0, LP=45.0)
2026-03-20 02:05:34,404 - INFO - 
2026-03-20 02:05:34,407 - INFO - ------- Parallel Station Waveform Processing Complete For 2025-06-05 03:02:58 to 2025-06-05 03:03:58 Timechunk-------
2026-03-20 02:05:34,409 - INFO - Picks saved at /home/blackwinter/projects/eqcct/eqcctpro/results/csv/eqcct_earthquakes_th0_1/20250605T030258Z_20250605T030358ZProcess Runtime: 4.13 s
2026-03-20 02:05:34,413 - INFO - Successfully ran EQCCTPro, exiting...
2026-03-20 02:05:35,933 - INFO - Ray Successfully Shutdown.
2026-03-20 02:05:35,933 - INFO - ------- Successfully Picked All Waveform(s) from all Timechunk(s) -------
