2026-03-10 18:12:16,982 - INFO - 
2026-03-10 18:12:16,983 - INFO - ------- Welcome to EQCCTPro -------
2026-03-10 18:12:16,983 - INFO - 
2026-03-10 18:12:16,983 - INFO - Running EQCCT over Requested MSeed Files using CPU(s)...
2026-03-10 18:12:16,984 - INFO - GPU disabled (CPU-only).
2026-03-10 18:12:16,984 - INFO - Configured Intra-op threads = 1
2026-03-10 18:12:16,984 - INFO - Configured Inter-op threads = 1
2026-03-10 18:12:16,984 - INFO - TensorFlow: No GPUs visible; TF will proceed on CPU.
2026-03-10 18:12:16,984 - INFO - 
2026-03-10 18:12:21,629 - INFO - Ray Successfully Initialized with 4 CPU(s) ([0, 1, 2, 3] CPU Affinity Binding).
2026-03-10 18:12:21,630 - INFO - Analyzing 1 time chunk(s) from 2025-01-03 02:36:15 to 2025-01-03 02:37:15 (dt=1min, overlap=0min).
2026-03-10 18:12:21,630 - INFO - Using 1 selected station(s).
2026-03-10 18:12:21,630 - INFO - 
2026-03-10 18:12:21,631 - INFO - ------- Starting EQCCTPro... -------
2026-03-10 18:12:21,631 - INFO - Detailed subprocess information can be found in the log file.
2026-03-10 18:12:21,631 - INFO - 
2026-03-10 18:12:21,986 - INFO - GPU disabled (CPU-only).
2026-03-10 18:12:23,456 - INFO - Configured Intra-op threads = 1
2026-03-10 18:12:23,458 - INFO - Configured Inter-op threads = 1
2026-03-10 18:12:23,511 - INFO - TensorFlow: No GPUs visible; TF will proceed on CPU.
2026-03-10 18:12:23,513 - INFO - 
2026-03-10 18:12:23,515 - INFO - ------- Hardware Configuration -------
2026-03-10 18:12:23,518 - INFO - CPU affinity set to cores: [0, 1, 2, 3]
2026-03-10 18:12:23,520 - INFO - 
2026-03-10 18:12:23,522 - INFO - ------- Data Preprocessing for EQCCTPro -------
2026-03-10 18:12:23,524 - INFO - 1 station(s) in /home/blackwinter/projects/eqcct/eqcctpro/data/waveforms_noise_only/20250103T023615Z_20250103T023715Z
2026-03-10 18:12:23,527 - INFO - Using 1 selected station(s): ['HEF'].
2026-03-10 18:12:23,529 - INFO - Creating model actor(s)...
2026-03-10 18:12:23,530 - INFO - System RAM: Total=7870 MB, Available=4158 MB
2026-03-10 18:12:23,532 - INFO - Usable RAM budget: 7083 MB (90% of total)
2026-03-10 18:12:23,534 - INFO - ===== MEMORY-AWARE CPU ACTOR POOL (EQCCT) =====
2026-03-10 18:12:23,536 - INFO - Requested concurrent tasks: 1
2026-03-10 18:12:23,538 - INFO - Available CPUs: 4
2026-03-10 18:12:23,539 - INFO - Available RAM: 7083 MB
2026-03-10 18:12:23,541 - INFO - RAM per model: 2264 MB
2026-03-10 18:12:23,543 - INFO - Max actors by RAM: 3
2026-03-10 18:12:23,546 - INFO - Creating 1 ModelActor(s)
2026-03-10 18:12:23,548 - INFO - Let Ray handle scheduling (taskset already restricts CPU visibility)
2026-03-10 18:12:23,550 - INFO - Creating ModelActor 1/1 (2.21GB RAM each)...
2026-03-10 18:12:27,561 - INFO - ModelActor 1 created successfully.
2026-03-10 18:12:27,563 - INFO - Created 1 CPU actor(s). Task queue will handle concurrency.
2026-03-10 18:12:27,565 - INFO - Starting EQCCTPro parallelized waveform processing...
2026-03-10 18:12:27,567 - INFO - 
2026-03-10 18:12:27,570 - INFO - ------- Analyzing Seismic Waveforms for P and S Picks via EQCCT -------
2026-03-10 18:12:27,573 - INFO - Analyzing 0:01:00 minute timechunk from 2025-01-03 02:36:15 to 2025-01-03 02:37:15 (0 min overlap)
2026-03-10 18:12:27,575 - INFO - Processing a total of 1 stations, 1 at a time.
2026-03-10 18:12:31,647 - INFO - (1/1) HEF: Finished the prediction in 2.18s. (HP=1.0, LP=45.0)
2026-03-10 18:12:31,649 - INFO - 
2026-03-10 18:12:31,651 - INFO - ------- Parallel Station Waveform Processing Complete For 2025-01-03 02:36:15 to 2025-01-03 02:37:15 Timechunk-------
2026-03-10 18:12:31,652 - INFO - Picks saved at /home/blackwinter/projects/eqcct/eqcctpro/results/csv/bm_noise_only/20250103T023615Z_20250103T023715ZProcess Runtime: 4.08 s
2026-03-10 18:12:31,657 - INFO - Successfully ran EQCCTPro, exiting...
2026-03-10 18:12:32,972 - INFO - Ray Successfully Shutdown.
2026-03-10 18:12:32,972 - INFO - ------- Successfully Picked All Waveform(s) from all Timechunk(s) -------
2026-03-11 09:37:43,124 - INFO - 
2026-03-11 09:37:43,125 - INFO - ------- Welcome to EQCCTPro -------
2026-03-11 09:37:43,125 - INFO - 
2026-03-11 09:37:43,125 - INFO - Running EQCCT over Requested MSeed Files using CPU(s)...
2026-03-11 09:37:43,126 - INFO - GPU disabled (CPU-only).
2026-03-11 09:37:43,126 - INFO - Configured Intra-op threads = 1
2026-03-11 09:37:43,126 - INFO - Configured Inter-op threads = 1
2026-03-11 09:37:43,126 - INFO - TensorFlow: No GPUs visible; TF will proceed on CPU.
2026-03-11 09:37:43,126 - INFO - 
2026-03-11 09:37:48,242 - INFO - Ray Successfully Initialized with 4 CPU(s) ([0, 1, 2, 3] CPU Affinity Binding).
2026-03-11 09:37:48,242 - INFO - Analyzing 1 time chunk(s) from 2025-01-03 02:36:15 to 2025-01-03 02:37:15 (dt=1min, overlap=0min).
2026-03-11 09:37:48,242 - INFO - Using 1 selected station(s).
2026-03-11 09:37:48,243 - INFO - 
2026-03-11 09:37:48,243 - INFO - ------- Starting EQCCTPro... -------
2026-03-11 09:37:48,243 - INFO - Detailed subprocess information can be found in the log file.
2026-03-11 09:37:48,243 - INFO - 
2026-03-11 09:37:48,606 - INFO - GPU disabled (CPU-only).
2026-03-11 09:37:50,152 - INFO - Configured Intra-op threads = 1
2026-03-11 09:37:50,155 - INFO - Configured Inter-op threads = 1
2026-03-11 09:37:50,201 - INFO - TensorFlow: No GPUs visible; TF will proceed on CPU.
2026-03-11 09:37:50,203 - INFO - 
2026-03-11 09:37:50,205 - INFO - ------- Hardware Configuration -------
2026-03-11 09:37:50,207 - INFO - CPU affinity set to cores: [0, 1, 2, 3]
2026-03-11 09:37:50,209 - INFO - 
2026-03-11 09:37:50,211 - INFO - ------- Data Preprocessing for EQCCTPro -------
2026-03-11 09:37:50,212 - INFO - 1 station(s) in /home/blackwinter/projects/eqcct/eqcctpro/data/waveforms_noise_only/20250103T023615Z_20250103T023715Z
2026-03-11 09:37:50,214 - INFO - Using 1 selected station(s): ['HEF'].
2026-03-11 09:37:50,215 - INFO - Creating model actor(s)...
2026-03-11 09:37:50,217 - INFO - System RAM: Total=7870 MB, Available=4798 MB
2026-03-11 09:37:50,219 - INFO - Usable RAM budget: 7083 MB (90% of total)
2026-03-11 09:37:50,221 - INFO - ===== MEMORY-AWARE CPU ACTOR POOL (EQCCT) =====
2026-03-11 09:37:50,223 - INFO - Requested concurrent tasks: 1
2026-03-11 09:37:50,225 - INFO - Available CPUs: 4
2026-03-11 09:37:50,227 - INFO - Available RAM: 7083 MB
2026-03-11 09:37:50,229 - INFO - RAM per model: 2264 MB
2026-03-11 09:37:50,231 - INFO - Max actors by RAM: 3
2026-03-11 09:37:50,233 - INFO - Creating 1 ModelActor(s)
2026-03-11 09:37:50,235 - INFO - Let Ray handle scheduling (taskset already restricts CPU visibility)
2026-03-11 09:37:50,236 - INFO - Creating ModelActor 1/1 (2.21GB RAM each)...
2026-03-11 09:37:54,127 - INFO - ModelActor 1 created successfully.
2026-03-11 09:37:54,129 - INFO - Created 1 CPU actor(s). Task queue will handle concurrency.
2026-03-11 09:37:54,131 - INFO - Starting EQCCTPro parallelized waveform processing...
2026-03-11 09:37:54,133 - INFO - 
2026-03-11 09:37:54,135 - INFO - ------- Analyzing Seismic Waveforms for P and S Picks via EQCCT -------
2026-03-11 09:37:54,138 - INFO - Analyzing 0:01:00 minute timechunk from 2025-01-03 02:36:15 to 2025-01-03 02:37:15 (0 min overlap)
2026-03-11 09:37:54,140 - INFO - Processing a total of 1 stations, 1 at a time.
2026-03-11 09:37:55,997 - INFO - (1/1) HEF: Skipped (already exists - overwrite=False).
2026-03-11 09:37:55,999 - INFO - 
2026-03-11 09:37:56,002 - INFO - ------- Parallel Station Waveform Processing Complete For 2025-01-03 02:36:15 to 2025-01-03 02:37:15 Timechunk-------
2026-03-11 09:37:56,004 - INFO - Picks saved at /home/blackwinter/projects/eqcct/eqcctpro/results/csv/bm_noise_only/20250103T023615Z_20250103T023715ZProcess Runtime: 1.87 s
2026-03-11 09:37:56,008 - INFO - Successfully ran EQCCTPro, exiting...
2026-03-11 09:37:57,296 - INFO - Ray Successfully Shutdown.
2026-03-11 09:37:57,296 - INFO - ------- Successfully Picked All Waveform(s) from all Timechunk(s) -------
