2026-03-28 21:38:00,364 - INFO - 
2026-03-28 21:38:00,364 - INFO - ------- Welcome to EQCCTPro -------
2026-03-28 21:38:00,365 - INFO - 
2026-03-28 21:38:00,365 - INFO - Running EQCCT over Requested MSeed Files using CPU(s)...
2026-03-28 21:38:00,365 - INFO - GPU disabled (CPU-only).
2026-03-29 05:32:57,926 - INFO - 
2026-03-29 05:32:57,926 - INFO - ------- Welcome to EQCCTPro -------
2026-03-29 05:32:57,926 - INFO - 
2026-03-29 05:32:57,927 - INFO - Running EQCCT over Requested MSeed Files using CPU(s)...
2026-03-29 05:32:57,927 - INFO - GPU disabled (CPU-only).
2026-03-29 05:32:57,928 - INFO - Configured Intra-op threads = 1
2026-03-29 05:32:57,928 - INFO - Configured Inter-op threads = 1
2026-03-29 05:32:57,928 - INFO - TensorFlow: No GPUs visible; TF will proceed on CPU.
2026-03-29 05:32:57,928 - INFO - 
2026-03-29 05:33:03,736 - INFO - Ray Successfully Initialized with 4 CPU(s) ([0, 1, 2, 3] CPU Affinity Binding).
2026-03-29 05:33:03,736 - INFO - Analyzing 1 time chunk(s) from 2025-01-20 12:35:50 to 2025-01-20 12:36:50 (dt=1min, overlap=0min).
2026-03-29 05:33:03,736 - INFO - Using 1 selected station(s).
2026-03-29 05:33:03,737 - INFO - 
2026-03-29 05:33:03,737 - INFO - ------- Starting EQCCTPro... -------
2026-03-29 05:33:03,737 - INFO - Detailed subprocess information can be found in the log file.
2026-03-29 05:33:03,737 - INFO - 
2026-03-29 05:33:04,147 - INFO - GPU disabled (CPU-only).
2026-03-29 05:33:05,793 - INFO - Configured Intra-op threads = 1
2026-03-29 05:33:05,796 - INFO - Configured Inter-op threads = 1
2026-03-29 05:33:05,843 - INFO - TensorFlow: No GPUs visible; TF will proceed on CPU.
2026-03-29 05:33:05,846 - INFO - 
2026-03-29 05:33:05,849 - INFO - ------- Hardware Configuration -------
2026-03-29 05:33:05,853 - INFO - CPU affinity set to cores: [0, 1, 2, 3]
2026-03-29 05:33:05,856 - INFO - 
2026-03-29 05:33:05,860 - INFO - ------- Data Preprocessing for EQCCTPro -------
2026-03-29 05:33:05,863 - INFO - 1 station(s) in /home/blackwinter/projects/eqcct/eqcctpro/data/waveforms_explosions_nonoise/20250120T123550Z_20250120T123650Z
2026-03-29 05:33:05,866 - INFO - Using 1 selected station(s): ['TRE03'].
2026-03-29 05:33:05,870 - INFO - Creating model actor(s)...
2026-03-29 05:33:05,874 - INFO - System RAM: Total=7870 MB, Available=2991 MB
2026-03-29 05:33:05,878 - INFO - Usable RAM budget: 7083 MB (90% of total)
2026-03-29 05:33:05,881 - INFO - ===== MEMORY-AWARE CPU ACTOR POOL (EQCCT) =====
2026-03-29 05:33:05,884 - INFO - Requested concurrent tasks: 1
2026-03-29 05:33:05,888 - INFO - Available CPUs: 4
2026-03-29 05:33:05,891 - INFO - Available RAM: 7083 MB
2026-03-29 05:33:05,894 - INFO - RAM per model: 2264 MB
2026-03-29 05:33:05,899 - INFO - Max actors by RAM: 3
2026-03-29 05:33:05,903 - INFO - Creating 1 ModelActor(s)
2026-03-29 05:33:05,906 - INFO - Let Ray handle scheduling (taskset already restricts CPU visibility)
2026-03-29 05:33:05,909 - INFO - Creating ModelActor 1/1 (2.21GB RAM each)...
2026-03-29 05:33:10,284 - INFO - ModelActor 1 created successfully.
2026-03-29 05:33:10,286 - INFO - Created 1 CPU actor(s). Task queue will handle concurrency.
2026-03-29 05:33:10,289 - INFO - Starting EQCCTPro parallelized waveform processing...
2026-03-29 05:33:10,292 - INFO - 
2026-03-29 05:33:10,295 - INFO - ------- Analyzing Seismic Waveforms for P and S Picks via EQCCT -------
2026-03-29 05:33:10,298 - INFO - Analyzing 0:01:00 minute timechunk from 2025-01-20 12:35:50 to 2025-01-20 12:36:50 (0 min overlap)
2026-03-29 05:33:10,301 - INFO - Processing a total of 1 stations, 1 at a time.
2026-03-29 05:33:14,771 - INFO - (1/1) TRE03: Finished the prediction in 2.43s. (HP=1.0, LP=45.0)
2026-03-29 05:33:14,773 - INFO - 
2026-03-29 05:33:14,776 - INFO - ------- Parallel Station Waveform Processing Complete For 2025-01-20 12:35:50 to 2025-01-20 12:36:50 Timechunk-------
2026-03-29 05:33:14,782 - INFO - Successfully ran EQCCTPro, exiting...
2026-03-29 05:33:14,778 - INFO - Picks saved at /home/blackwinter/projects/eqcct/eqcctpro/results/csv/eqcct_explosions_th0_1/20250120T123550Z_20250120T123650ZProcess Runtime: 4.48 s
2026-03-29 05:33:16,449 - INFO - Ray Successfully Shutdown.
2026-03-29 05:33:16,449 - INFO - ------- Successfully Picked All Waveform(s) from all Timechunk(s) -------
