2026-02-22 16:58:35,591 - INFO - 
2026-02-22 16:58:35,591 - INFO - ------- Welcome to EQCCTPro -------
2026-02-22 16:58:35,591 - INFO - 
2026-02-22 16:58:35,592 - INFO - Running EQCCT over Requested MSeed Files using CPU(s)...
2026-02-22 16:58:35,592 - INFO - GPU disabled (CPU-only).
2026-02-22 16:58:35,593 - INFO - Configured Intra-op threads = 1
2026-02-22 16:58:35,593 - INFO - Configured Inter-op threads = 1
2026-02-22 16:58:35,593 - INFO - TensorFlow: No GPUs visible; TF will proceed on CPU.
2026-02-22 16:58:35,593 - INFO - 
2026-02-22 16:58:41,078 - INFO - Ray Successfully Initialized with 4 CPU(s) ([0, 1, 2, 3] CPU Affinity Binding).
2026-02-22 16:58:41,078 - INFO - Analyzing 1 time chunk(s) from 2025-06-29 23:33:18 to 2025-06-29 23:34:18 (dt=1min, overlap=0min).
2026-02-22 16:58:41,078 - INFO - Using 1 selected station(s).
2026-02-22 16:58:41,079 - INFO - 
2026-02-22 16:58:41,079 - INFO - ------- Starting EQCCTPro... -------
2026-02-22 16:58:41,079 - INFO - Detailed subprocess information can be found in the log file.
2026-02-22 16:58:41,079 - INFO - 
2026-02-22 16:58:41,456 - INFO - GPU disabled (CPU-only).
2026-02-22 16:58:43,043 - INFO - Configured Intra-op threads = 1
2026-02-22 16:58:43,046 - INFO - Configured Inter-op threads = 1
2026-02-22 16:58:43,088 - INFO - TensorFlow: No GPUs visible; TF will proceed on CPU.
2026-02-22 16:58:43,091 - INFO - 
2026-02-22 16:58:43,093 - INFO - ------- Hardware Configuration -------
2026-02-22 16:58:43,095 - INFO - CPU affinity set to cores: [0, 1, 2, 3]
2026-02-22 16:58:43,097 - INFO - 
2026-02-22 16:58:43,099 - INFO - ------- Data Preprocessing for EQCCTPro -------
2026-02-22 16:58:43,101 - INFO - 1 station(s) in /home/blackwinter/projects/eqcct/eqcctpro/data/waveforms_earthquakes_nonoise/20250629T233318Z_20250629T233418Z
2026-02-22 16:58:43,102 - INFO - Using 1 selected station(s): ['KLF'].
2026-02-22 16:58:43,104 - INFO - Creating model actor(s)...
2026-02-22 16:58:43,106 - INFO - System RAM: Total=7870 MB, Available=2006 MB
2026-02-22 16:58:43,108 - INFO - Usable RAM budget: 7083 MB (90% of total)
2026-02-22 16:58:43,110 - INFO - ===== MEMORY-AWARE CPU ACTOR POOL (EQCCT) =====
2026-02-22 16:58:43,111 - INFO - Requested concurrent tasks: 1
2026-02-22 16:58:43,113 - INFO - Available CPUs: 4
2026-02-22 16:58:43,115 - INFO - Available RAM: 7083 MB
2026-02-22 16:58:43,117 - INFO - RAM per model: 2264 MB
2026-02-22 16:58:43,119 - INFO - Max actors by RAM: 3
2026-02-22 16:58:43,121 - INFO - Creating 1 ModelActor(s)
2026-02-22 16:58:43,123 - INFO - Let Ray handle scheduling (taskset already restricts CPU visibility)
2026-02-22 16:58:43,124 - INFO - Creating ModelActor 1/1 (2.21GB RAM each)...
2026-02-22 16:58:47,341 - INFO - ModelActor 1 created successfully.
2026-02-22 16:58:47,348 - INFO - Created 1 CPU actor(s). Task queue will handle concurrency.
2026-02-22 16:58:47,351 - INFO - Starting EQCCTPro parallelized waveform processing...
2026-02-22 16:58:47,353 - INFO - 
2026-02-22 16:58:47,354 - INFO - ------- Analyzing Seismic Waveforms for P and S Picks via EQCCT -------
2026-02-22 16:58:47,358 - INFO - Analyzing 0:01:00 minute timechunk from 2025-06-29 23:33:18 to 2025-06-29 23:34:18 (0 min overlap)
2026-02-22 16:58:47,361 - INFO - Processing a total of 1 stations, 1 at a time.
2026-02-22 16:58:51,439 - INFO - (1/1) KLF: Finished the prediction in 2.12s. (HP=1.0, LP=45.0)
2026-02-22 16:58:51,442 - INFO - 
2026-02-22 16:58:51,444 - INFO - ------- Parallel Station Waveform Processing Complete For 2025-06-29 23:33:18 to 2025-06-29 23:34:18 Timechunk-------
2026-02-22 16:58:51,446 - INFO - Picks saved at /home/blackwinter/projects/eqcct/eqcctpro/results/csv/bm_eq_nonoise/20250629T233318Z_20250629T233418ZProcess Runtime: 4.09 s
2026-02-22 16:58:51,454 - INFO - Successfully ran EQCCTPro, exiting...
2026-02-22 16:58:53,031 - INFO - Ray Successfully Shutdown.
2026-02-22 16:58:53,031 - INFO - ------- Successfully Picked All Waveform(s) from all Timechunk(s) -------
