2026-03-29 12:21:10,597 - INFO - 
2026-03-29 12:21:10,597 - INFO - ------- Welcome to EQCCTPro -------
2026-03-29 12:21:10,597 - INFO - 
2026-03-29 12:21:10,598 - INFO - Running EQCCT over Requested MSeed Files using CPU(s)...
2026-03-29 12:21:10,599 - INFO - GPU disabled (CPU-only).
2026-03-29 12:21:10,599 - INFO - Configured Intra-op threads = 1
2026-03-29 12:21:10,599 - INFO - Configured Inter-op threads = 1
2026-03-29 12:21:10,599 - INFO - TensorFlow: No GPUs visible; TF will proceed on CPU.
2026-03-29 12:21:10,599 - INFO - 
2026-03-29 12:21:16,366 - INFO - Ray Successfully Initialized with 4 CPU(s) ([0, 1, 2, 3] CPU Affinity Binding).
2026-03-29 12:21:16,366 - INFO - Analyzing 1 time chunk(s) from 2025-01-05 22:20:39 to 2025-01-05 22:21:39 (dt=1min, overlap=0min).
2026-03-29 12:21:16,366 - INFO - Using 1 selected station(s).
2026-03-29 12:21:16,366 - INFO - 
2026-03-29 12:21:16,367 - INFO - ------- Starting EQCCTPro... -------
2026-03-29 12:21:16,367 - INFO - Detailed subprocess information can be found in the log file.
2026-03-29 12:21:16,367 - INFO - 
2026-03-29 12:21:16,779 - INFO - GPU disabled (CPU-only).
2026-03-29 12:21:18,346 - INFO - Configured Intra-op threads = 1
2026-03-29 12:21:18,348 - INFO - Configured Inter-op threads = 1
2026-03-29 12:21:18,393 - INFO - TensorFlow: No GPUs visible; TF will proceed on CPU.
2026-03-29 12:21:18,395 - INFO - 
2026-03-29 12:21:18,398 - INFO - ------- Hardware Configuration -------
2026-03-29 12:21:18,401 - INFO - CPU affinity set to cores: [0, 1, 2, 3]
2026-03-29 12:21:18,403 - INFO - 
2026-03-29 12:21:18,406 - INFO - ------- Data Preprocessing for EQCCTPro -------
2026-03-29 12:21:18,408 - INFO - 1 station(s) in /home/blackwinter/projects/eqcct/eqcctpro/data/waveforms_noise_only/20250105T222039Z_20250105T222139Z
2026-03-29 12:21:18,410 - INFO - Using 1 selected station(s): ['NUR'].
2026-03-29 12:21:18,412 - INFO - Creating model actor(s)...
2026-03-29 12:21:18,415 - INFO - System RAM: Total=7870 MB, Available=4693 MB
2026-03-29 12:21:18,417 - INFO - Usable RAM budget: 7083 MB (90% of total)
2026-03-29 12:21:18,419 - INFO - ===== MEMORY-AWARE CPU ACTOR POOL (EQCCT) =====
2026-03-29 12:21:18,421 - INFO - Requested concurrent tasks: 1
2026-03-29 12:21:18,424 - INFO - Available CPUs: 4
2026-03-29 12:21:18,426 - INFO - Available RAM: 7083 MB
2026-03-29 12:21:18,428 - INFO - RAM per model: 2264 MB
2026-03-29 12:21:18,430 - INFO - Max actors by RAM: 3
2026-03-29 12:21:18,433 - INFO - Creating 1 ModelActor(s)
2026-03-29 12:21:18,435 - INFO - Let Ray handle scheduling (taskset already restricts CPU visibility)
2026-03-29 12:21:18,437 - INFO - Creating ModelActor 1/1 (2.21GB RAM each)...
2026-03-29 12:21:22,792 - INFO - ModelActor 1 created successfully.
2026-03-29 12:21:22,794 - INFO - Created 1 CPU actor(s). Task queue will handle concurrency.
2026-03-29 12:21:22,797 - INFO - Starting EQCCTPro parallelized waveform processing...
2026-03-29 12:21:22,799 - INFO - 
2026-03-29 12:21:22,801 - INFO - ------- Analyzing Seismic Waveforms for P and S Picks via EQCCT -------
2026-03-29 12:21:22,805 - INFO - Analyzing 0:01:00 minute timechunk from 2025-01-05 22:20:39 to 2025-01-05 22:21:39 (0 min overlap)
2026-03-29 12:21:22,807 - INFO - Processing a total of 1 stations, 1 at a time.
2026-03-29 12:21:27,332 - INFO - (1/1) NUR: Finished the prediction in 2.44s. (HP=1.0, LP=45.0)
2026-03-29 12:21:27,335 - INFO - 
2026-03-29 12:21:27,337 - INFO - ------- Parallel Station Waveform Processing Complete For 2025-01-05 22:20:39 to 2025-01-05 22:21:39 Timechunk-------
2026-03-29 12:21:27,339 - INFO - Picks saved at /home/blackwinter/projects/eqcct/eqcctpro/results/csv/eqcct_noise_th0_1/20250105T222039Z_20250105T222139ZProcess Runtime: 4.54 s
2026-03-29 12:21:27,343 - INFO - Successfully ran EQCCTPro, exiting...
2026-03-29 12:21:28,897 - INFO - Ray Successfully Shutdown.
2026-03-29 12:21:28,898 - INFO - ------- Successfully Picked All Waveform(s) from all Timechunk(s) -------
