2026-03-11 02:07:57,537 - INFO - 
2026-03-11 02:07:57,537 - INFO - ------- Welcome to EQCCTPro -------
2026-03-11 02:07:57,537 - INFO - 
2026-03-11 02:07:57,538 - INFO - Running EQCCT over Requested MSeed Files using CPU(s)...
2026-03-11 02:07:57,538 - INFO - GPU disabled (CPU-only).
2026-03-11 02:07:57,538 - INFO - Configured Intra-op threads = 1
2026-03-11 02:07:57,538 - INFO - Configured Inter-op threads = 1
2026-03-11 02:07:57,538 - INFO - TensorFlow: No GPUs visible; TF will proceed on CPU.
2026-03-11 02:07:57,539 - INFO - 
2026-03-11 02:08:02,950 - INFO - Ray Successfully Initialized with 4 CPU(s) ([0, 1, 2, 3] CPU Affinity Binding).
2026-03-11 02:08:02,950 - INFO - Analyzing 1 time chunk(s) from 2025-01-12 15:27:12 to 2025-01-12 15:28:12 (dt=1min, overlap=0min).
2026-03-11 02:08:02,951 - INFO - Using 2 selected station(s).
2026-03-11 02:08:02,951 - INFO - 
2026-03-11 02:08:02,951 - INFO - ------- Starting EQCCTPro... -------
2026-03-11 02:08:02,952 - INFO - Detailed subprocess information can be found in the log file.
2026-03-11 02:08:02,952 - INFO - 
2026-03-11 02:08:03,330 - INFO - GPU disabled (CPU-only).
2026-03-11 02:08:04,803 - INFO - Configured Intra-op threads = 1
2026-03-11 02:08:04,806 - INFO - Configured Inter-op threads = 1
2026-03-11 02:08:04,846 - INFO - TensorFlow: No GPUs visible; TF will proceed on CPU.
2026-03-11 02:08:04,848 - INFO - 
2026-03-11 02:08:04,850 - INFO - ------- Hardware Configuration -------
2026-03-11 02:08:04,852 - INFO - CPU affinity set to cores: [0, 1, 2, 3]
2026-03-11 02:08:04,854 - INFO - 
2026-03-11 02:08:04,856 - INFO - ------- Data Preprocessing for EQCCTPro -------
2026-03-11 02:08:04,858 - INFO - 2 station(s) in /home/blackwinter/projects/eqcct/eqcctpro/data/waveforms_noise_only/20250112T152712Z_20250112T152812Z
2026-03-11 02:08:04,860 - INFO - Using 2 selected station(s): ['RAJF', 'SGF'].
2026-03-11 02:08:04,861 - INFO - Creating model actor(s)...
2026-03-11 02:08:04,864 - INFO - System RAM: Total=7870 MB, Available=2446 MB
2026-03-11 02:08:04,866 - INFO - Usable RAM budget: 7083 MB (90% of total)
2026-03-11 02:08:04,867 - INFO - ===== MEMORY-AWARE CPU ACTOR POOL (EQCCT) =====
2026-03-11 02:08:04,869 - INFO - Requested concurrent tasks: 1
2026-03-11 02:08:04,871 - INFO - Available CPUs: 4
2026-03-11 02:08:04,873 - INFO - Available RAM: 7083 MB
2026-03-11 02:08:04,874 - INFO - RAM per model: 2264 MB
2026-03-11 02:08:04,876 - INFO - Max actors by RAM: 3
2026-03-11 02:08:04,878 - INFO - Creating 1 ModelActor(s)
2026-03-11 02:08:04,880 - INFO - Let Ray handle scheduling (taskset already restricts CPU visibility)
2026-03-11 02:08:04,882 - INFO - Creating ModelActor 1/1 (2.21GB RAM each)...
2026-03-11 02:08:08,944 - INFO - ModelActor 1 created successfully.
2026-03-11 02:08:08,947 - INFO - Created 1 CPU actor(s). Task queue will handle concurrency.
2026-03-11 02:08:08,949 - INFO - Starting EQCCTPro parallelized waveform processing...
2026-03-11 02:08:08,951 - INFO - 
2026-03-11 02:08:08,953 - INFO - ------- Analyzing Seismic Waveforms for P and S Picks via EQCCT -------
2026-03-11 02:08:08,955 - INFO - Analyzing 0:01:00 minute timechunk from 2025-01-12 15:27:12 to 2025-01-12 15:28:12 (0 min overlap)
2026-03-11 02:08:08,958 - INFO - Processing a total of 2 stations, 1 at a time.
2026-03-11 02:08:13,031 - INFO - (1/2) RAJF: Finished the prediction in 2.16s. (HP=1.0, LP=45.0)
2026-03-11 02:08:13,061 - INFO - (2/2) SGF: FAILED reading mSEED.
2026-03-11 02:08:13,063 - INFO - 
2026-03-11 02:08:13,066 - INFO - ------- Parallel Station Waveform Processing Complete For 2025-01-12 15:27:12 to 2025-01-12 15:28:12 Timechunk-------
2026-03-11 02:08:13,068 - INFO - Picks saved at /home/blackwinter/projects/eqcct/eqcctpro/results/csv/bm_noise_only/20250112T152712Z_20250112T152812ZProcess Runtime: 4.12 s
2026-03-11 02:08:13,071 - INFO - Successfully ran EQCCTPro, exiting...
2026-03-11 02:08:14,800 - INFO - Ray Successfully Shutdown.
2026-03-11 02:08:14,801 - INFO - ------- Successfully Picked All Waveform(s) from all Timechunk(s) -------
2026-03-11 16:29:50,039 - INFO - 
2026-03-11 16:29:50,040 - INFO - ------- Welcome to EQCCTPro -------
2026-03-11 16:29:50,040 - INFO - 
2026-03-11 16:29:50,041 - INFO - Running EQCCT over Requested MSeed Files using CPU(s)...
2026-03-11 16:29:50,041 - INFO - GPU disabled (CPU-only).
2026-03-11 16:29:50,041 - INFO - Configured Intra-op threads = 1
2026-03-11 16:29:50,041 - INFO - Configured Inter-op threads = 1
2026-03-11 16:29:50,041 - INFO - TensorFlow: No GPUs visible; TF will proceed on CPU.
2026-03-11 16:29:50,041 - INFO - 
2026-03-11 16:29:55,301 - INFO - Ray Successfully Initialized with 4 CPU(s) ([0, 1, 2, 3] CPU Affinity Binding).
2026-03-11 16:29:55,301 - INFO - Analyzing 1 time chunk(s) from 2025-01-12 15:27:12 to 2025-01-12 15:28:12 (dt=1min, overlap=0min).
2026-03-11 16:29:55,301 - INFO - Using 2 selected station(s).
2026-03-11 16:29:55,302 - INFO - 
2026-03-11 16:29:55,302 - INFO - ------- Starting EQCCTPro... -------
2026-03-11 16:29:55,302 - INFO - Detailed subprocess information can be found in the log file.
2026-03-11 16:29:55,302 - INFO - 
2026-03-11 16:29:55,684 - INFO - GPU disabled (CPU-only).
2026-03-11 16:29:57,231 - INFO - Configured Intra-op threads = 1
2026-03-11 16:29:57,233 - INFO - Configured Inter-op threads = 1
2026-03-11 16:29:57,273 - INFO - TensorFlow: No GPUs visible; TF will proceed on CPU.
2026-03-11 16:29:57,276 - INFO - 
2026-03-11 16:29:57,278 - INFO - ------- Hardware Configuration -------
2026-03-11 16:29:57,281 - INFO - CPU affinity set to cores: [0, 1, 2, 3]
2026-03-11 16:29:57,283 - INFO - 
2026-03-11 16:29:57,285 - INFO - ------- Data Preprocessing for EQCCTPro -------
2026-03-11 16:29:57,287 - INFO - 2 station(s) in /home/blackwinter/projects/eqcct/eqcctpro/data/waveforms_noise_only/20250112T152712Z_20250112T152812Z
2026-03-11 16:29:57,289 - INFO - Using 2 selected station(s): ['RAJF', 'SGF'].
2026-03-11 16:29:57,291 - INFO - Creating model actor(s)...
2026-03-11 16:29:57,293 - INFO - System RAM: Total=7870 MB, Available=3206 MB
2026-03-11 16:29:57,295 - INFO - Usable RAM budget: 7083 MB (90% of total)
2026-03-11 16:29:57,297 - INFO - ===== MEMORY-AWARE CPU ACTOR POOL (EQCCT) =====
2026-03-11 16:29:57,299 - INFO - Requested concurrent tasks: 1
2026-03-11 16:29:57,300 - INFO - Available CPUs: 4
2026-03-11 16:29:57,302 - INFO - Available RAM: 7083 MB
2026-03-11 16:29:57,304 - INFO - RAM per model: 2264 MB
2026-03-11 16:29:57,306 - INFO - Max actors by RAM: 3
2026-03-11 16:29:57,308 - INFO - Creating 1 ModelActor(s)
2026-03-11 16:29:57,309 - INFO - Let Ray handle scheduling (taskset already restricts CPU visibility)
2026-03-11 16:29:57,311 - INFO - Creating ModelActor 1/1 (2.21GB RAM each)...
2026-03-11 16:30:01,246 - INFO - ModelActor 1 created successfully.
2026-03-11 16:30:01,248 - INFO - Created 1 CPU actor(s). Task queue will handle concurrency.
2026-03-11 16:30:01,249 - INFO - Starting EQCCTPro parallelized waveform processing...
2026-03-11 16:30:01,251 - INFO - 
2026-03-11 16:30:01,253 - INFO - ------- Analyzing Seismic Waveforms for P and S Picks via EQCCT -------
2026-03-11 16:30:01,255 - INFO - Analyzing 0:01:00 minute timechunk from 2025-01-12 15:27:12 to 2025-01-12 15:28:12 (0 min overlap)
2026-03-11 16:30:01,257 - INFO - Processing a total of 2 stations, 1 at a time.
2026-03-11 16:30:03,170 - INFO - (1/2) RAJF: Skipped (already exists - overwrite=False).
2026-03-11 16:30:03,177 - INFO - (2/2) SGF: Skipped (already exists - overwrite=False).
2026-03-11 16:30:03,180 - INFO - 
2026-03-11 16:30:03,182 - INFO - ------- Parallel Station Waveform Processing Complete For 2025-01-12 15:27:12 to 2025-01-12 15:28:12 Timechunk-------
2026-03-11 16:30:03,184 - INFO - Picks saved at /home/blackwinter/projects/eqcct/eqcctpro/results/csv/bm_noise_only/20250112T152712Z_20250112T152812ZProcess Runtime: 1.93 s
2026-03-11 16:30:03,191 - INFO - Successfully ran EQCCTPro, exiting...
2026-03-11 16:30:05,077 - INFO - Ray Successfully Shutdown.
2026-03-11 16:30:05,077 - INFO - ------- Successfully Picked All Waveform(s) from all Timechunk(s) -------
