2026-03-27 20:51:55,381 - INFO - 
2026-03-27 20:51:55,381 - INFO - ------- Welcome to EQCCTPro -------
2026-03-27 20:51:55,381 - INFO - 
2026-03-27 20:51:55,382 - INFO - Running EQCCT over Requested MSeed Files using CPU(s)...
2026-03-27 20:51:55,382 - INFO - GPU disabled (CPU-only).
2026-03-27 20:51:55,382 - INFO - Skipping framework-specific initialization in the driver process.
2026-03-27 20:51:57,781 - INFO - Ray Successfully Initialized with 4 CPU(s) ([0, 1, 2, 3] CPU Affinity Binding).
2026-03-27 20:51:57,782 - INFO - Analyzing 1 time chunk(s) from 2025-09-09 16:31:52 to 2025-09-09 16:32:52 (dt=1min, overlap=0min).
2026-03-27 20:51:57,782 - INFO - Using 1 selected station(s).
2026-03-27 20:51:57,782 - INFO - 
2026-03-27 20:51:57,782 - INFO - ------- Starting EQCCTPro... -------
2026-03-27 20:51:57,782 - INFO - Detailed subprocess information can be found in the log file.
2026-03-27 20:51:57,782 - INFO - 
2026-03-27 20:51:58,046 - INFO - GPU disabled (CPU-only).
2026-03-27 20:51:58,051 - INFO - Skipping framework-specific initialization in the driver process.
2026-03-27 20:51:58,053 - INFO - ------- Hardware Configuration -------
2026-03-27 20:51:58,055 - INFO - CPU affinity set to cores: [0, 1, 2, 3]
2026-03-27 20:51:58,057 - INFO - 
2026-03-27 20:51:58,059 - INFO - ------- Data Preprocessing for EQCCTPro -------
2026-03-27 20:51:58,061 - INFO - 1 station(s) in /home/blackwinter/projects/eqcct/eqcctpro/data/waveforms_earthquakes_nonoise/20250909T163152Z_20250909T163252Z
2026-03-27 20:51:58,063 - INFO - Using 1 selected station(s): ['TVF'].
2026-03-27 20:51:58,065 - INFO - Creating model actor(s)...
2026-03-27 20:51:58,067 - INFO - System RAM: Total=7870 MB, Available=5118 MB
2026-03-27 20:51:58,069 - INFO - Usable RAM budget: 7083 MB (90% of total)
2026-03-27 20:51:58,071 - INFO - ===== MEMORY-AWARE CPU ACTOR POOL =====
2026-03-27 20:51:58,073 - INFO - Requested concurrent tasks: 1
2026-03-27 20:51:58,075 - INFO - Available CPUs: 4
2026-03-27 20:51:58,077 - INFO - Available RAM: 7083 MB
2026-03-27 20:51:58,079 - INFO - RAM per model: 2060 MB
2026-03-27 20:51:58,081 - INFO - Max actors by RAM: 3
2026-03-27 20:51:58,083 - INFO - Creating 1 SeisBenchModelActor(s)
2026-03-27 20:51:58,085 - INFO - Let Ray handle scheduling (taskset already restricts CPU visibility)
2026-03-27 20:51:58,087 - INFO - Creating SeisBenchModelActor 1/1 (2.01GB RAM each)...
2026-03-27 20:52:06,842 - INFO - SeisBenchModelActor 1 created successfully.
2026-03-27 20:52:06,844 - INFO - Created 1 CPU actor(s). Task queue will handle concurrency.
2026-03-27 20:52:06,846 - INFO - Starting EQCCTPro parallelized waveform processing...
2026-03-27 20:52:06,848 - INFO - 
2026-03-27 20:52:06,850 - INFO - ------- Analyzing Seismic Waveforms for P and S Picks via SeisBench (EQTransformer - original_nonconservative) -------
2026-03-27 20:52:06,853 - INFO - Analyzing 0:01:00 minute timechunk from 2025-09-09 16:31:52 to 2025-09-09 16:32:52 (0 min overlap)
2026-03-27 20:52:06,855 - INFO - Processing a total of 1 stations, 1 at a time.
2026-03-27 20:52:09,028 - INFO - (1/1) TVF: Finished the prediction in 0.13s. (HP=1.0, LP=45.0, picks=1)
2026-03-27 20:52:09,030 - INFO - 
2026-03-27 20:52:09,032 - INFO - ------- Parallel Station Waveform Processing Complete For 2025-09-09 16:31:52 to 2025-09-09 16:32:52 Timechunk-------
2026-03-27 20:52:09,034 - INFO - Picks saved at /home/blackwinter/projects/eqcct/eqcctpro/results/csv/eqt_earthquakes_th0_1/20250909T163152Z_20250909T163252ZProcess Runtime: 2.18 s
2026-03-27 20:52:09,046 - INFO - Successfully ran EQCCTPro, exiting...
2026-03-27 20:52:10,689 - INFO - Ray Successfully Shutdown.
2026-03-27 20:52:10,689 - INFO - ------- Successfully Picked All Waveform(s) from all Timechunk(s) -------
2026-03-28 03:07:19,707 - INFO - 
2026-03-28 03:07:19,708 - INFO - ------- Welcome to EQCCTPro -------
2026-03-28 03:07:19,708 - INFO - 
2026-03-28 03:07:19,709 - INFO - Running EQCCT over Requested MSeed Files using CPU(s)...
2026-03-28 03:07:19,709 - INFO - GPU disabled (CPU-only).
2026-03-28 03:07:19,709 - INFO - Skipping framework-specific initialization in the driver process.
2026-03-28 03:07:22,305 - INFO - Ray Successfully Initialized with 4 CPU(s) ([0, 1, 2, 3] CPU Affinity Binding).
2026-03-28 03:07:22,306 - INFO - Analyzing 1 time chunk(s) from 2025-09-09 16:31:52 to 2025-09-09 16:32:52 (dt=1min, overlap=0min).
2026-03-28 03:07:22,306 - INFO - Using 1 selected station(s).
2026-03-28 03:07:22,306 - INFO - 
2026-03-28 03:07:22,306 - INFO - ------- Starting EQCCTPro... -------
2026-03-28 03:07:22,306 - INFO - Detailed subprocess information can be found in the log file.
2026-03-28 03:07:22,306 - INFO - 
2026-03-28 03:07:22,603 - INFO - GPU disabled (CPU-only).
2026-03-28 03:07:22,608 - INFO - Skipping framework-specific initialization in the driver process.
2026-03-28 03:07:22,611 - INFO - ------- Hardware Configuration -------
2026-03-28 03:07:22,614 - INFO - CPU affinity set to cores: [0, 1, 2, 3]
2026-03-28 03:07:22,617 - INFO - 
2026-03-28 03:07:22,619 - INFO - ------- Data Preprocessing for EQCCTPro -------
2026-03-28 03:07:22,622 - INFO - 1 station(s) in /home/blackwinter/projects/eqcct/eqcctpro/data/waveforms_earthquakes_nonoise/20250909T163152Z_20250909T163252Z
2026-03-28 03:07:22,625 - INFO - Using 1 selected station(s): ['TVF'].
2026-03-28 03:07:22,627 - INFO - Creating model actor(s)...
2026-03-28 03:07:22,630 - INFO - System RAM: Total=7870 MB, Available=5658 MB
2026-03-28 03:07:22,633 - INFO - Usable RAM budget: 7083 MB (90% of total)
2026-03-28 03:07:22,635 - INFO - ===== MEMORY-AWARE CPU ACTOR POOL =====
2026-03-28 03:07:22,638 - INFO - Requested concurrent tasks: 1
2026-03-28 03:07:22,642 - INFO - Available CPUs: 4
2026-03-28 03:07:22,644 - INFO - Available RAM: 7083 MB
2026-03-28 03:07:22,647 - INFO - RAM per model: 2060 MB
2026-03-28 03:07:22,649 - INFO - Max actors by RAM: 3
2026-03-28 03:07:22,652 - INFO - Creating 1 SeisBenchModelActor(s)
2026-03-28 03:07:22,654 - INFO - Let Ray handle scheduling (taskset already restricts CPU visibility)
2026-03-28 03:07:22,657 - INFO - Creating SeisBenchModelActor 1/1 (2.01GB RAM each)...
2026-03-28 03:07:25,410 - INFO - SeisBenchModelActor 1 created successfully.
2026-03-28 03:07:25,412 - INFO - Created 1 CPU actor(s). Task queue will handle concurrency.
2026-03-28 03:07:25,415 - INFO - Starting EQCCTPro parallelized waveform processing...
2026-03-28 03:07:25,417 - INFO - 
2026-03-28 03:07:25,420 - INFO - ------- Analyzing Seismic Waveforms for P and S Picks via SeisBench (EQTransformer - original_nonconservative) -------
2026-03-28 03:07:25,423 - INFO - Analyzing 0:01:00 minute timechunk from 2025-09-09 16:31:52 to 2025-09-09 16:32:52 (0 min overlap)
2026-03-28 03:07:25,426 - INFO - Processing a total of 1 stations, 1 at a time.
2026-03-28 03:07:27,513 - INFO - (1/1) TVF: Skipped (already exists - overwrite=False).
2026-03-28 03:07:27,515 - INFO - 
2026-03-28 03:07:27,518 - INFO - ------- Parallel Station Waveform Processing Complete For 2025-09-09 16:31:52 to 2025-09-09 16:32:52 Timechunk-------
2026-03-28 03:07:27,520 - INFO - Picks saved at /home/blackwinter/projects/eqcct/eqcctpro/results/csv/eqt_earthquakes_th0_1/20250909T163152Z_20250909T163252ZProcess Runtime: 2.10 s
2026-03-28 03:07:27,525 - INFO - Successfully ran EQCCTPro, exiting...
2026-03-28 03:07:29,201 - INFO - Ray Successfully Shutdown.
2026-03-28 03:07:29,201 - INFO - ------- Successfully Picked All Waveform(s) from all Timechunk(s) -------
