2026-02-27 10:33:37,705 - INFO - 
2026-02-27 10:33:37,705 - INFO - ------- Welcome to EQCCTPro -------
2026-02-27 10:33:37,705 - INFO - 
2026-02-27 10:33:37,706 - INFO - Running EQCCT over Requested MSeed Files using CPU(s)...
2026-02-27 10:33:37,706 - INFO - GPU disabled (CPU-only).
2026-02-27 10:33:37,706 - INFO - Configured Intra-op threads = 1
2026-02-27 10:33:37,706 - INFO - Configured Inter-op threads = 1
2026-02-27 10:33:37,706 - INFO - TensorFlow: No GPUs visible; TF will proceed on CPU.
2026-02-27 10:33:37,707 - INFO - 
2026-02-27 10:33:43,345 - INFO - Ray Successfully Initialized with 4 CPU(s) ([0, 1, 2, 3] CPU Affinity Binding).
2026-02-27 10:33:43,346 - INFO - Analyzing 1 time chunk(s) from 2025-01-20 11:36:55 to 2025-01-20 11:37:55 (dt=1min, overlap=0min).
2026-02-27 10:33:43,346 - INFO - Using 1 selected station(s).
2026-02-27 10:33:43,346 - INFO - 
2026-02-27 10:33:43,346 - INFO - ------- Starting EQCCTPro... -------
2026-02-27 10:33:43,347 - INFO - Detailed subprocess information can be found in the log file.
2026-02-27 10:33:43,347 - INFO - 
2026-02-27 10:33:43,715 - INFO - GPU disabled (CPU-only).
2026-02-27 10:33:45,188 - INFO - Configured Intra-op threads = 1
2026-02-27 10:33:45,190 - INFO - Configured Inter-op threads = 1
2026-02-27 10:33:45,227 - INFO - TensorFlow: No GPUs visible; TF will proceed on CPU.
2026-02-27 10:33:45,230 - INFO - 
2026-02-27 10:33:45,232 - INFO - ------- Hardware Configuration -------
2026-02-27 10:33:45,235 - INFO - CPU affinity set to cores: [0, 1, 2, 3]
2026-02-27 10:33:45,237 - INFO - 
2026-02-27 10:33:45,239 - INFO - ------- Data Preprocessing for EQCCTPro -------
2026-02-27 10:33:45,240 - INFO - 1 station(s) in /home/blackwinter/projects/eqcct/eqcctpro/data/waveforms_explosions_nonoise/20250120T113655Z_20250120T113755Z
2026-02-27 10:33:45,242 - INFO - Using 1 selected station(s): ['NIF'].
2026-02-27 10:33:45,244 - INFO - Creating model actor(s)...
2026-02-27 10:33:45,246 - INFO - System RAM: Total=7870 MB, Available=2457 MB
2026-02-27 10:33:45,248 - INFO - Usable RAM budget: 7083 MB (90% of total)
2026-02-27 10:33:45,250 - INFO - ===== MEMORY-AWARE CPU ACTOR POOL (EQCCT) =====
2026-02-27 10:33:45,252 - INFO - Requested concurrent tasks: 1
2026-02-27 10:33:45,255 - INFO - Available CPUs: 4
2026-02-27 10:33:45,257 - INFO - Available RAM: 7083 MB
2026-02-27 10:33:45,259 - INFO - RAM per model: 2264 MB
2026-02-27 10:33:45,261 - INFO - Max actors by RAM: 3
2026-02-27 10:33:45,264 - INFO - Creating 1 ModelActor(s)
2026-02-27 10:33:45,265 - INFO - Let Ray handle scheduling (taskset already restricts CPU visibility)
2026-02-27 10:33:45,268 - INFO - Creating ModelActor 1/1 (2.21GB RAM each)...
2026-02-27 10:33:49,221 - INFO - ModelActor 1 created successfully.
2026-02-27 10:33:49,223 - INFO - Created 1 CPU actor(s). Task queue will handle concurrency.
2026-02-27 10:33:49,225 - INFO - Starting EQCCTPro parallelized waveform processing...
2026-02-27 10:33:49,226 - INFO - 
2026-02-27 10:33:49,228 - INFO - ------- Analyzing Seismic Waveforms for P and S Picks via EQCCT -------
2026-02-27 10:33:49,231 - INFO - Analyzing 0:01:00 minute timechunk from 2025-01-20 11:36:55 to 2025-01-20 11:37:55 (0 min overlap)
2026-02-27 10:33:49,233 - INFO - Processing a total of 1 stations, 1 at a time.
2026-02-27 10:33:53,241 - INFO - (1/1) NIF: Finished the prediction in 2.1s. (HP=1.0, LP=45.0)
2026-02-27 10:33:53,243 - INFO - 
2026-02-27 10:33:53,245 - INFO - ------- Parallel Station Waveform Processing Complete For 2025-01-20 11:36:55 to 2025-01-20 11:37:55 Timechunk-------
2026-02-27 10:33:53,247 - INFO - Picks saved at /home/blackwinter/projects/eqcct/eqcctpro/results/csv/bm_explosions/20250120T113655Z_20250120T113755ZProcess Runtime: 4.02 s
2026-02-27 10:33:53,251 - INFO - Successfully ran EQCCTPro, exiting...
2026-02-27 10:33:54,713 - INFO - Ray Successfully Shutdown.
2026-02-27 10:33:54,714 - INFO - ------- Successfully Picked All Waveform(s) from all Timechunk(s) -------
