2026-03-20 02:54:20,170 - INFO - 
2026-03-20 02:54:20,170 - INFO - ------- Welcome to EQCCTPro -------
2026-03-20 02:54:20,170 - INFO - 
2026-03-20 02:54:20,171 - INFO - Running EQCCT over Requested MSeed Files using CPU(s)...
2026-03-20 02:54:20,171 - INFO - GPU disabled (CPU-only).
2026-03-20 02:54:20,171 - INFO - Configured Intra-op threads = 1
2026-03-20 02:54:20,171 - INFO - Configured Inter-op threads = 1
2026-03-20 02:54:20,171 - INFO - TensorFlow: No GPUs visible; TF will proceed on CPU.
2026-03-20 02:54:20,171 - INFO - 
2026-03-20 02:54:25,588 - INFO - Ray Successfully Initialized with 4 CPU(s) ([0, 1, 2, 3] CPU Affinity Binding).
2026-03-20 02:54:25,589 - INFO - Analyzing 1 time chunk(s) from 2025-06-30 00:59:21 to 2025-06-30 01:00:21 (dt=1min, overlap=0min).
2026-03-20 02:54:25,589 - INFO - Using 1 selected station(s).
2026-03-20 02:54:25,589 - INFO - 
2026-03-20 02:54:25,589 - INFO - ------- Starting EQCCTPro... -------
2026-03-20 02:54:25,589 - INFO - Detailed subprocess information can be found in the log file.
2026-03-20 02:54:25,589 - INFO - 
2026-03-20 02:54:25,971 - INFO - GPU disabled (CPU-only).
2026-03-20 02:54:27,496 - INFO - Configured Intra-op threads = 1
2026-03-20 02:54:27,499 - INFO - Configured Inter-op threads = 1
2026-03-20 02:54:27,536 - INFO - TensorFlow: No GPUs visible; TF will proceed on CPU.
2026-03-20 02:54:27,539 - INFO - 
2026-03-20 02:54:27,541 - INFO - ------- Hardware Configuration -------
2026-03-20 02:54:27,543 - INFO - CPU affinity set to cores: [0, 1, 2, 3]
2026-03-20 02:54:27,545 - INFO - 
2026-03-20 02:54:27,548 - INFO - ------- Data Preprocessing for EQCCTPro -------
2026-03-20 02:54:27,550 - INFO - 1 station(s) in /home/blackwinter/projects/eqcct/eqcctpro/data/waveforms_earthquakes_nonoise/20250630T005921Z_20250630T010021Z
2026-03-20 02:54:27,552 - INFO - Using 1 selected station(s): ['AAL'].
2026-03-20 02:54:27,554 - INFO - Creating model actor(s)...
2026-03-20 02:54:27,556 - INFO - System RAM: Total=7870 MB, Available=1825 MB
2026-03-20 02:54:27,558 - INFO - Usable RAM budget: 7083 MB (90% of total)
2026-03-20 02:54:27,559 - INFO - ===== MEMORY-AWARE CPU ACTOR POOL (EQCCT) =====
2026-03-20 02:54:27,561 - INFO - Requested concurrent tasks: 1
2026-03-20 02:54:27,563 - INFO - Available CPUs: 4
2026-03-20 02:54:27,565 - INFO - Available RAM: 7083 MB
2026-03-20 02:54:27,567 - INFO - RAM per model: 2264 MB
2026-03-20 02:54:27,568 - INFO - Max actors by RAM: 3
2026-03-20 02:54:27,570 - INFO - Creating 1 ModelActor(s)
2026-03-20 02:54:27,572 - INFO - Let Ray handle scheduling (taskset already restricts CPU visibility)
2026-03-20 02:54:27,574 - INFO - Creating ModelActor 1/1 (2.21GB RAM each)...
2026-03-20 02:54:31,498 - INFO - ModelActor 1 created successfully.
2026-03-20 02:54:31,500 - INFO - Created 1 CPU actor(s). Task queue will handle concurrency.
2026-03-20 02:54:31,502 - INFO - Starting EQCCTPro parallelized waveform processing...
2026-03-20 02:54:31,504 - INFO - 
2026-03-20 02:54:31,506 - INFO - ------- Analyzing Seismic Waveforms for P and S Picks via EQCCT -------
2026-03-20 02:54:31,508 - INFO - Analyzing 0:01:00 minute timechunk from 2025-06-30 00:59:21 to 2025-06-30 01:00:21 (0 min overlap)
2026-03-20 02:54:31,510 - INFO - Processing a total of 1 stations, 1 at a time.
2026-03-20 02:54:35,588 - INFO - (1/1) AAL: Finished the prediction in 2.13s. (HP=1.0, LP=45.0)
2026-03-20 02:54:35,590 - INFO - 
2026-03-20 02:54:35,592 - INFO - ------- Parallel Station Waveform Processing Complete For 2025-06-30 00:59:21 to 2025-06-30 01:00:21 Timechunk-------
2026-03-20 02:54:35,595 - INFO - Picks saved at /home/blackwinter/projects/eqcct/eqcctpro/results/csv/eqcct_earthquakes_th0_1/20250630T005921Z_20250630T010021ZProcess Runtime: 4.09 s
2026-03-20 02:54:35,598 - INFO - Successfully ran EQCCTPro, exiting...
2026-03-20 02:54:37,181 - INFO - Ray Successfully Shutdown.
2026-03-20 02:54:37,182 - INFO - ------- Successfully Picked All Waveform(s) from all Timechunk(s) -------
