2026-03-27 20:34:21,674 - INFO - 
2026-03-27 20:34:21,674 - INFO - ------- Welcome to EQCCTPro -------
2026-03-27 20:34:21,675 - INFO - 
2026-03-27 20:34:21,675 - INFO - Running EQCCT over Requested MSeed Files using CPU(s)...
2026-03-27 20:34:21,675 - INFO - GPU disabled (CPU-only).
2026-03-27 20:34:21,675 - INFO - Skipping framework-specific initialization in the driver process.
2026-03-27 20:34:23,157 - INFO - Ray Successfully Initialized with 4 CPU(s) ([0, 1, 2, 3] CPU Affinity Binding).
2026-03-27 20:34:23,157 - INFO - Analyzing 1 time chunk(s) from 2025-08-29 19:17:48 to 2025-08-29 19:18:48 (dt=1min, overlap=0min).
2026-03-27 20:34:23,157 - INFO - Using 1 selected station(s).
2026-03-27 20:34:23,157 - INFO - 
2026-03-27 20:34:23,157 - INFO - ------- Starting EQCCTPro... -------
2026-03-27 20:34:23,157 - INFO - Detailed subprocess information can be found in the log file.
2026-03-27 20:34:23,157 - INFO - 
2026-03-27 20:34:23,446 - INFO - GPU disabled (CPU-only).
2026-03-27 20:34:23,450 - INFO - Skipping framework-specific initialization in the driver process.
2026-03-27 20:34:23,453 - INFO - ------- Hardware Configuration -------
2026-03-27 20:34:23,456 - INFO - CPU affinity set to cores: [0, 1, 2, 3]
2026-03-27 20:34:23,459 - INFO - 
2026-03-27 20:34:23,462 - INFO - ------- Data Preprocessing for EQCCTPro -------
2026-03-27 20:34:23,464 - INFO - 1 station(s) in /home/blackwinter/projects/eqcct/eqcctpro/data/waveforms_earthquakes_nonoise/20250829T191748Z_20250829T191848Z
2026-03-27 20:34:23,468 - INFO - Using 1 selected station(s): ['KPF'].
2026-03-27 20:34:23,471 - INFO - Creating model actor(s)...
2026-03-27 20:34:23,474 - INFO - System RAM: Total=7870 MB, Available=5339 MB
2026-03-27 20:34:23,477 - INFO - Usable RAM budget: 7083 MB (90% of total)
2026-03-27 20:34:23,480 - INFO - ===== MEMORY-AWARE CPU ACTOR POOL =====
2026-03-27 20:34:23,482 - INFO - Requested concurrent tasks: 1
2026-03-27 20:34:23,485 - INFO - Available CPUs: 4
2026-03-27 20:34:23,488 - INFO - Available RAM: 7083 MB
2026-03-27 20:34:23,490 - INFO - RAM per model: 2060 MB
2026-03-27 20:34:23,493 - INFO - Max actors by RAM: 3
2026-03-27 20:34:23,496 - INFO - Creating 1 SeisBenchModelActor(s)
2026-03-27 20:34:23,498 - INFO - Let Ray handle scheduling (taskset already restricts CPU visibility)
2026-03-27 20:34:23,501 - INFO - Creating SeisBenchModelActor 1/1 (2.01GB RAM each)...
2026-03-27 20:34:30,723 - INFO - SeisBenchModelActor 1 created successfully.
2026-03-27 20:34:30,726 - INFO - Created 1 CPU actor(s). Task queue will handle concurrency.
2026-03-27 20:34:30,729 - INFO - Starting EQCCTPro parallelized waveform processing...
2026-03-27 20:34:30,731 - INFO - 
2026-03-27 20:34:30,733 - INFO - ------- Analyzing Seismic Waveforms for P and S Picks via SeisBench (EQTransformer - original_nonconservative) -------
2026-03-27 20:34:30,736 - INFO - Analyzing 0:01:00 minute timechunk from 2025-08-29 19:17:48 to 2025-08-29 19:18:48 (0 min overlap)
2026-03-27 20:34:30,739 - INFO - Processing a total of 1 stations, 1 at a time.
2026-03-27 20:34:32,918 - INFO - (1/1) KPF: Finished the prediction in 0.14s. (HP=1.0, LP=45.0, picks=0)
2026-03-27 20:34:32,920 - INFO - 
2026-03-27 20:34:32,922 - INFO - ------- Parallel Station Waveform Processing Complete For 2025-08-29 19:17:48 to 2025-08-29 19:18:48 Timechunk-------
2026-03-27 20:34:32,925 - INFO - Picks saved at /home/blackwinter/projects/eqcct/eqcctpro/results/csv/eqt_earthquakes_th0_1/20250829T191748Z_20250829T191848ZProcess Runtime: 2.19 s
2026-03-27 20:34:32,930 - INFO - Successfully ran EQCCTPro, exiting...
2026-03-27 20:34:34,719 - INFO - Ray Successfully Shutdown.
2026-03-27 20:34:34,720 - INFO - ------- Successfully Picked All Waveform(s) from all Timechunk(s) -------
2026-03-28 02:56:13,268 - INFO - 
2026-03-28 02:56:13,269 - INFO - ------- Welcome to EQCCTPro -------
2026-03-28 02:56:13,270 - INFO - 
2026-03-28 02:56:13,271 - INFO - Running EQCCT over Requested MSeed Files using CPU(s)...
2026-03-28 02:56:13,271 - INFO - GPU disabled (CPU-only).
2026-03-28 02:56:13,271 - INFO - Skipping framework-specific initialization in the driver process.
2026-03-28 02:56:15,802 - INFO - Ray Successfully Initialized with 4 CPU(s) ([0, 1, 2, 3] CPU Affinity Binding).
2026-03-28 02:56:15,802 - INFO - Analyzing 1 time chunk(s) from 2025-08-29 19:17:48 to 2025-08-29 19:18:48 (dt=1min, overlap=0min).
2026-03-28 02:56:15,802 - INFO - Using 1 selected station(s).
2026-03-28 02:56:15,802 - INFO - 
2026-03-28 02:56:15,802 - INFO - ------- Starting EQCCTPro... -------
2026-03-28 02:56:15,802 - INFO - Detailed subprocess information can be found in the log file.
2026-03-28 02:56:15,802 - INFO - 
2026-03-28 02:56:16,122 - INFO - GPU disabled (CPU-only).
2026-03-28 02:56:16,127 - INFO - Skipping framework-specific initialization in the driver process.
2026-03-28 02:56:16,130 - INFO - ------- Hardware Configuration -------
2026-03-28 02:56:16,132 - INFO - CPU affinity set to cores: [0, 1, 2, 3]
2026-03-28 02:56:16,135 - INFO - 
2026-03-28 02:56:16,138 - INFO - ------- Data Preprocessing for EQCCTPro -------
2026-03-28 02:56:16,140 - INFO - 1 station(s) in /home/blackwinter/projects/eqcct/eqcctpro/data/waveforms_earthquakes_nonoise/20250829T191748Z_20250829T191848Z
2026-03-28 02:56:16,142 - INFO - Using 1 selected station(s): ['KPF'].
2026-03-28 02:56:16,145 - INFO - Creating model actor(s)...
2026-03-28 02:56:16,148 - INFO - System RAM: Total=7870 MB, Available=5716 MB
2026-03-28 02:56:16,151 - INFO - Usable RAM budget: 7083 MB (90% of total)
2026-03-28 02:56:16,153 - INFO - ===== MEMORY-AWARE CPU ACTOR POOL =====
2026-03-28 02:56:16,156 - INFO - Requested concurrent tasks: 1
2026-03-28 02:56:16,159 - INFO - Available CPUs: 4
2026-03-28 02:56:16,161 - INFO - Available RAM: 7083 MB
2026-03-28 02:56:16,164 - INFO - RAM per model: 2060 MB
2026-03-28 02:56:16,166 - INFO - Max actors by RAM: 3
2026-03-28 02:56:16,169 - INFO - Creating 1 SeisBenchModelActor(s)
2026-03-28 02:56:16,171 - INFO - Let Ray handle scheduling (taskset already restricts CPU visibility)
2026-03-28 02:56:16,174 - INFO - Creating SeisBenchModelActor 1/1 (2.01GB RAM each)...
2026-03-28 02:56:19,193 - INFO - SeisBenchModelActor 1 created successfully.
2026-03-28 02:56:19,196 - INFO - Created 1 CPU actor(s). Task queue will handle concurrency.
2026-03-28 02:56:19,199 - INFO - Starting EQCCTPro parallelized waveform processing...
2026-03-28 02:56:19,202 - INFO - 
2026-03-28 02:56:19,204 - INFO - ------- Analyzing Seismic Waveforms for P and S Picks via SeisBench (EQTransformer - original_nonconservative) -------
2026-03-28 02:56:19,207 - INFO - Analyzing 0:01:00 minute timechunk from 2025-08-29 19:17:48 to 2025-08-29 19:18:48 (0 min overlap)
2026-03-28 02:56:19,210 - INFO - Processing a total of 1 stations, 1 at a time.
2026-03-28 02:56:21,279 - INFO - (1/1) KPF: Skipped (already exists - overwrite=False).
2026-03-28 02:56:21,281 - INFO - 
2026-03-28 02:56:21,284 - INFO - ------- Parallel Station Waveform Processing Complete For 2025-08-29 19:17:48 to 2025-08-29 19:18:48 Timechunk-------
2026-03-28 02:56:21,286 - INFO - Picks saved at /home/blackwinter/projects/eqcct/eqcctpro/results/csv/eqt_earthquakes_th0_1/20250829T191748Z_20250829T191848ZProcess Runtime: 2.08 s
2026-03-28 02:56:21,292 - INFO - Successfully ran EQCCTPro, exiting...
2026-03-28 02:56:23,073 - INFO - Ray Successfully Shutdown.
2026-03-28 02:56:23,073 - INFO - ------- Successfully Picked All Waveform(s) from all Timechunk(s) -------
