2026-03-28 21:37:59,978 - INFO - 
2026-03-28 21:37:59,978 - INFO - ------- Welcome to EQCCTPro -------
2026-03-28 21:37:59,978 - INFO - 
2026-03-28 21:37:59,978 - INFO - Running EQCCT over Requested MSeed Files using CPU(s)...
2026-03-28 21:37:59,979 - INFO - GPU disabled (CPU-only).
2026-03-29 04:50:56,771 - INFO - 
2026-03-29 04:50:56,771 - INFO - ------- Welcome to EQCCTPro -------
2026-03-29 04:50:56,771 - INFO - 
2026-03-29 04:50:56,772 - INFO - Running EQCCT over Requested MSeed Files using CPU(s)...
2026-03-29 04:50:56,772 - INFO - GPU disabled (CPU-only).
2026-03-29 04:50:56,772 - INFO - Configured Intra-op threads = 1
2026-03-29 04:50:56,772 - INFO - Configured Inter-op threads = 1
2026-03-29 04:50:56,772 - INFO - TensorFlow: No GPUs visible; TF will proceed on CPU.
2026-03-29 04:50:56,772 - INFO - 
2026-03-29 04:51:01,907 - INFO - Ray Successfully Initialized with 4 CPU(s) ([0, 1, 2, 3] CPU Affinity Binding).
2026-03-29 04:51:01,908 - INFO - Analyzing 1 time chunk(s) from 2025-01-17 12:40:11 to 2025-01-17 12:41:11 (dt=1min, overlap=0min).
2026-03-29 04:51:01,908 - INFO - Using 1 selected station(s).
2026-03-29 04:51:01,908 - INFO - 
2026-03-29 04:51:01,909 - INFO - ------- Starting EQCCTPro... -------
2026-03-29 04:51:01,909 - INFO - Detailed subprocess information can be found in the log file.
2026-03-29 04:51:01,909 - INFO - 
2026-03-29 04:51:02,312 - INFO - GPU disabled (CPU-only).
2026-03-29 04:51:04,039 - INFO - Configured Intra-op threads = 1
2026-03-29 04:51:04,042 - INFO - Configured Inter-op threads = 1
2026-03-29 04:51:04,098 - INFO - TensorFlow: No GPUs visible; TF will proceed on CPU.
2026-03-29 04:51:04,101 - INFO - 
2026-03-29 04:51:04,104 - INFO - ------- Hardware Configuration -------
2026-03-29 04:51:04,107 - INFO - CPU affinity set to cores: [0, 1, 2, 3]
2026-03-29 04:51:04,109 - INFO - 
2026-03-29 04:51:04,112 - INFO - ------- Data Preprocessing for EQCCTPro -------
2026-03-29 04:51:04,114 - INFO - 1 station(s) in /home/blackwinter/projects/eqcct/eqcctpro/data/waveforms_explosions_nonoise/20250117T124011Z_20250117T124111Z
2026-03-29 04:51:04,117 - INFO - Using 1 selected station(s): ['OUL'].
2026-03-29 04:51:04,119 - INFO - Creating model actor(s)...
2026-03-29 04:51:04,121 - INFO - System RAM: Total=7870 MB, Available=3011 MB
2026-03-29 04:51:04,123 - INFO - Usable RAM budget: 7083 MB (90% of total)
2026-03-29 04:51:04,127 - INFO - ===== MEMORY-AWARE CPU ACTOR POOL (EQCCT) =====
2026-03-29 04:51:04,129 - INFO - Requested concurrent tasks: 1
2026-03-29 04:51:04,132 - INFO - Available CPUs: 4
2026-03-29 04:51:04,135 - INFO - Available RAM: 7083 MB
2026-03-29 04:51:04,137 - INFO - RAM per model: 2264 MB
2026-03-29 04:51:04,139 - INFO - Max actors by RAM: 3
2026-03-29 04:51:04,142 - INFO - Creating 1 ModelActor(s)
2026-03-29 04:51:04,144 - INFO - Let Ray handle scheduling (taskset already restricts CPU visibility)
2026-03-29 04:51:04,146 - INFO - Creating ModelActor 1/1 (2.21GB RAM each)...
2026-03-29 04:51:08,558 - INFO - ModelActor 1 created successfully.
2026-03-29 04:51:08,560 - INFO - Created 1 CPU actor(s). Task queue will handle concurrency.
2026-03-29 04:51:08,563 - INFO - Starting EQCCTPro parallelized waveform processing...
2026-03-29 04:51:08,567 - INFO - 
2026-03-29 04:51:08,569 - INFO - ------- Analyzing Seismic Waveforms for P and S Picks via EQCCT -------
2026-03-29 04:51:08,572 - INFO - Analyzing 0:01:00 minute timechunk from 2025-01-17 12:40:11 to 2025-01-17 12:41:11 (0 min overlap)
2026-03-29 04:51:08,575 - INFO - Processing a total of 1 stations, 1 at a time.
2026-03-29 04:51:11,273 - INFO - (1/1) OUL: FAILED reading mSEED.
2026-03-29 04:51:11,277 - INFO - 
2026-03-29 04:51:11,280 - INFO - ------- Parallel Station Waveform Processing Complete For 2025-01-17 12:40:11 to 2025-01-17 12:41:11 Timechunk-------
2026-03-29 04:51:11,283 - INFO - Picks saved at /home/blackwinter/projects/eqcct/eqcctpro/results/csv/eqcct_explosions_th0_1/20250117T124011Z_20250117T124111ZProcess Runtime: 2.71 s
2026-03-29 04:51:11,288 - INFO - Successfully ran EQCCTPro, exiting...
2026-03-29 04:51:12,929 - INFO - Ray Successfully Shutdown.
2026-03-29 04:51:12,929 - INFO - ------- Successfully Picked All Waveform(s) from all Timechunk(s) -------
