2026-02-22 18:35:50,615 - INFO - 
2026-02-22 18:35:50,615 - INFO - ------- Welcome to EQCCTPro -------
2026-02-22 18:35:50,615 - INFO - 
2026-02-22 18:35:50,616 - INFO - Running EQCCT over Requested MSeed Files using CPU(s)...
2026-02-22 18:35:50,616 - INFO - GPU disabled (CPU-only).
2026-02-22 18:35:50,616 - INFO - Configured Intra-op threads = 1
2026-02-22 18:35:50,617 - INFO - Configured Inter-op threads = 1
2026-02-22 18:35:50,617 - INFO - TensorFlow: No GPUs visible; TF will proceed on CPU.
2026-02-22 18:35:50,617 - INFO - 
2026-02-22 18:35:56,281 - INFO - Ray Successfully Initialized with 4 CPU(s) ([0, 1, 2, 3] CPU Affinity Binding).
2026-02-22 18:35:56,282 - INFO - Analyzing 1 time chunk(s) from 2025-08-13 15:06:53 to 2025-08-13 15:07:53 (dt=1min, overlap=0min).
2026-02-22 18:35:56,282 - INFO - Using 1 selected station(s).
2026-02-22 18:35:56,282 - INFO - 
2026-02-22 18:35:56,282 - INFO - ------- Starting EQCCTPro... -------
2026-02-22 18:35:56,282 - INFO - Detailed subprocess information can be found in the log file.
2026-02-22 18:35:56,283 - INFO - 
2026-02-22 18:35:56,740 - INFO - GPU disabled (CPU-only).
2026-02-22 18:35:58,375 - INFO - Configured Intra-op threads = 1
2026-02-22 18:35:58,378 - INFO - Configured Inter-op threads = 1
2026-02-22 18:35:58,422 - INFO - TensorFlow: No GPUs visible; TF will proceed on CPU.
2026-02-22 18:35:58,424 - INFO - 
2026-02-22 18:35:58,426 - INFO - ------- Hardware Configuration -------
2026-02-22 18:35:58,428 - INFO - CPU affinity set to cores: [0, 1, 2, 3]
2026-02-22 18:35:58,431 - INFO - 
2026-02-22 18:35:58,432 - INFO - ------- Data Preprocessing for EQCCTPro -------
2026-02-22 18:35:58,434 - INFO - 1 station(s) in /home/blackwinter/projects/eqcct/eqcctpro/data/waveforms_earthquakes_nonoise/20250813T150653Z_20250813T150753Z
2026-02-22 18:35:58,436 - INFO - Using 1 selected station(s): ['KEF'].
2026-02-22 18:35:58,439 - INFO - Creating model actor(s)...
2026-02-22 18:35:58,441 - INFO - System RAM: Total=7870 MB, Available=1915 MB
2026-02-22 18:35:58,443 - INFO - Usable RAM budget: 7083 MB (90% of total)
2026-02-22 18:35:58,446 - INFO - ===== MEMORY-AWARE CPU ACTOR POOL (EQCCT) =====
2026-02-22 18:35:58,448 - INFO - Requested concurrent tasks: 1
2026-02-22 18:35:58,450 - INFO - Available CPUs: 4
2026-02-22 18:35:58,452 - INFO - Available RAM: 7083 MB
2026-02-22 18:35:58,455 - INFO - RAM per model: 2264 MB
2026-02-22 18:35:58,457 - INFO - Max actors by RAM: 3
2026-02-22 18:35:58,460 - INFO - Creating 1 ModelActor(s)
2026-02-22 18:35:58,462 - INFO - Let Ray handle scheduling (taskset already restricts CPU visibility)
2026-02-22 18:35:58,465 - INFO - Creating ModelActor 1/1 (2.21GB RAM each)...
2026-02-22 18:36:02,410 - INFO - ModelActor 1 created successfully.
2026-02-22 18:36:02,412 - INFO - Created 1 CPU actor(s). Task queue will handle concurrency.
2026-02-22 18:36:02,414 - INFO - Starting EQCCTPro parallelized waveform processing...
2026-02-22 18:36:02,415 - INFO - 
2026-02-22 18:36:02,417 - INFO - ------- Analyzing Seismic Waveforms for P and S Picks via EQCCT -------
2026-02-22 18:36:02,420 - INFO - Analyzing 0:01:00 minute timechunk from 2025-08-13 15:06:53 to 2025-08-13 15:07:53 (0 min overlap)
2026-02-22 18:36:02,421 - INFO - Processing a total of 1 stations, 1 at a time.
2026-02-22 18:36:06,512 - INFO - (1/1) KEF: Finished the prediction in 2.15s. (HP=1.0, LP=45.0)
2026-02-22 18:36:06,515 - INFO - 
2026-02-22 18:36:06,517 - INFO - ------- Parallel Station Waveform Processing Complete For 2025-08-13 15:06:53 to 2025-08-13 15:07:53 Timechunk-------
2026-02-22 18:36:06,518 - INFO - Picks saved at /home/blackwinter/projects/eqcct/eqcctpro/results/csv/bm_eq_nonoise/20250813T150653Z_20250813T150753ZProcess Runtime: 4.10 s
2026-02-22 18:36:06,522 - INFO - Successfully ran EQCCTPro, exiting...
2026-02-22 18:36:08,143 - INFO - Ray Successfully Shutdown.
2026-02-22 18:36:08,143 - INFO - ------- Successfully Picked All Waveform(s) from all Timechunk(s) -------
