2026-03-29 15:24:05,810 - INFO - 
2026-03-29 15:24:05,810 - INFO - ------- Welcome to EQCCTPro -------
2026-03-29 15:24:05,810 - INFO - 
2026-03-29 15:24:05,811 - INFO - Running EQCCT over Requested MSeed Files using CPU(s)...
2026-03-29 15:24:05,812 - INFO - GPU disabled (CPU-only).
2026-03-29 15:24:05,812 - INFO - Configured Intra-op threads = 1
2026-03-29 15:24:05,812 - INFO - Configured Inter-op threads = 1
2026-03-29 15:24:05,812 - INFO - TensorFlow: No GPUs visible; TF will proceed on CPU.
2026-03-29 15:24:05,813 - INFO - 
2026-03-29 15:24:11,498 - INFO - Ray Successfully Initialized with 4 CPU(s) ([0, 1, 2, 3] CPU Affinity Binding).
2026-03-29 15:24:11,498 - INFO - Analyzing 1 time chunk(s) from 2025-01-09 03:05:43 to 2025-01-09 03:06:43 (dt=1min, overlap=0min).
2026-03-29 15:24:11,498 - INFO - Using 1 selected station(s).
2026-03-29 15:24:11,498 - INFO - 
2026-03-29 15:24:11,499 - INFO - ------- Starting EQCCTPro... -------
2026-03-29 15:24:11,499 - INFO - Detailed subprocess information can be found in the log file.
2026-03-29 15:24:11,499 - INFO - 
2026-03-29 15:24:11,896 - INFO - GPU disabled (CPU-only).
2026-03-29 15:24:13,428 - INFO - Configured Intra-op threads = 1
2026-03-29 15:24:13,430 - INFO - Configured Inter-op threads = 1
2026-03-29 15:24:13,472 - INFO - TensorFlow: No GPUs visible; TF will proceed on CPU.
2026-03-29 15:24:13,474 - INFO - 
2026-03-29 15:24:13,477 - INFO - ------- Hardware Configuration -------
2026-03-29 15:24:13,480 - INFO - CPU affinity set to cores: [0, 1, 2, 3]
2026-03-29 15:24:13,483 - INFO - 
2026-03-29 15:24:13,486 - INFO - ------- Data Preprocessing for EQCCTPro -------
2026-03-29 15:24:13,488 - INFO - 1 station(s) in /home/blackwinter/projects/eqcct/eqcctpro/data/waveforms_noise_only/20250109T030543Z_20250109T030643Z
2026-03-29 15:24:13,491 - INFO - Using 1 selected station(s): ['FIA0'].
2026-03-29 15:24:13,493 - INFO - Creating model actor(s)...
2026-03-29 15:24:13,496 - INFO - System RAM: Total=7870 MB, Available=4260 MB
2026-03-29 15:24:13,498 - INFO - Usable RAM budget: 7083 MB (90% of total)
2026-03-29 15:24:13,501 - INFO - ===== MEMORY-AWARE CPU ACTOR POOL (EQCCT) =====
2026-03-29 15:24:13,503 - INFO - Requested concurrent tasks: 1
2026-03-29 15:24:13,506 - INFO - Available CPUs: 4
2026-03-29 15:24:13,508 - INFO - Available RAM: 7083 MB
2026-03-29 15:24:13,511 - INFO - RAM per model: 2264 MB
2026-03-29 15:24:13,513 - INFO - Max actors by RAM: 3
2026-03-29 15:24:13,516 - INFO - Creating 1 ModelActor(s)
2026-03-29 15:24:13,519 - INFO - Let Ray handle scheduling (taskset already restricts CPU visibility)
2026-03-29 15:24:13,521 - INFO - Creating ModelActor 1/1 (2.21GB RAM each)...
2026-03-29 15:24:17,740 - INFO - ModelActor 1 created successfully.
2026-03-29 15:24:17,742 - INFO - Created 1 CPU actor(s). Task queue will handle concurrency.
2026-03-29 15:24:17,745 - INFO - Starting EQCCTPro parallelized waveform processing...
2026-03-29 15:24:17,748 - INFO - 
2026-03-29 15:24:17,751 - INFO - ------- Analyzing Seismic Waveforms for P and S Picks via EQCCT -------
2026-03-29 15:24:17,755 - INFO - Analyzing 0:01:00 minute timechunk from 2025-01-09 03:05:43 to 2025-01-09 03:06:43 (0 min overlap)
2026-03-29 15:24:17,757 - INFO - Processing a total of 1 stations, 1 at a time.
2026-03-29 15:24:22,358 - INFO - (1/1) FIA0: Finished the prediction in 2.54s. (HP=1.0, LP=45.0)
2026-03-29 15:24:22,362 - INFO - 
2026-03-29 15:24:22,366 - INFO - ------- Parallel Station Waveform Processing Complete For 2025-01-09 03:05:43 to 2025-01-09 03:06:43 Timechunk-------
2026-03-29 15:24:22,369 - INFO - Picks saved at /home/blackwinter/projects/eqcct/eqcctpro/results/csv/eqcct_noise_th0_1/20250109T030543Z_20250109T030643ZProcess Runtime: 4.62 s
2026-03-29 15:24:22,375 - INFO - Successfully ran EQCCTPro, exiting...
2026-03-29 15:24:24,018 - INFO - Ray Successfully Shutdown.
2026-03-29 15:24:24,018 - INFO - ------- Successfully Picked All Waveform(s) from all Timechunk(s) -------
