2026-02-26 22:56:33,967 - INFO - 
2026-02-26 22:56:33,967 - INFO - ------- Welcome to EQCCTPro -------
2026-02-26 22:56:33,967 - INFO - 
2026-02-26 22:56:33,968 - INFO - Running EQCCT over Requested MSeed Files using CPU(s)...
2026-02-26 22:56:33,968 - INFO - GPU disabled (CPU-only).
2026-02-26 22:56:33,969 - INFO - Configured Intra-op threads = 1
2026-02-26 22:56:33,969 - INFO - Configured Inter-op threads = 1
2026-02-26 22:56:33,969 - INFO - TensorFlow: No GPUs visible; TF will proceed on CPU.
2026-02-26 22:56:33,969 - INFO - 
2026-02-26 22:56:39,284 - INFO - Ray Successfully Initialized with 4 CPU(s) ([0, 1, 2, 3] CPU Affinity Binding).
2026-02-26 22:56:39,284 - INFO - Analyzing 1 time chunk(s) from 2025-01-08 10:02:44 to 2025-01-08 10:03:44 (dt=1min, overlap=0min).
2026-02-26 22:56:39,285 - INFO - Using 1 selected station(s).
2026-02-26 22:56:39,285 - INFO - 
2026-02-26 22:56:39,285 - INFO - ------- Starting EQCCTPro... -------
2026-02-26 22:56:39,285 - INFO - Detailed subprocess information can be found in the log file.
2026-02-26 22:56:39,285 - INFO - 
2026-02-26 22:56:39,649 - INFO - GPU disabled (CPU-only).
2026-02-26 22:56:41,205 - INFO - Configured Intra-op threads = 1
2026-02-26 22:56:41,208 - INFO - Configured Inter-op threads = 1
2026-02-26 22:56:41,250 - INFO - TensorFlow: No GPUs visible; TF will proceed on CPU.
2026-02-26 22:56:41,252 - INFO - 
2026-02-26 22:56:41,254 - INFO - ------- Hardware Configuration -------
2026-02-26 22:56:41,256 - INFO - CPU affinity set to cores: [0, 1, 2, 3]
2026-02-26 22:56:41,258 - INFO - 
2026-02-26 22:56:41,260 - INFO - ------- Data Preprocessing for EQCCTPro -------
2026-02-26 22:56:41,262 - INFO - 1 station(s) in /home/blackwinter/projects/eqcct/eqcctpro/data/waveforms_explosions_nonoise/20250108T100244Z_20250108T100344Z
2026-02-26 22:56:41,264 - INFO - Using 1 selected station(s): ['RAF'].
2026-02-26 22:56:41,266 - INFO - Creating model actor(s)...
2026-02-26 22:56:41,268 - INFO - System RAM: Total=7870 MB, Available=3825 MB
2026-02-26 22:56:41,270 - INFO - Usable RAM budget: 7083 MB (90% of total)
2026-02-26 22:56:41,272 - INFO - ===== MEMORY-AWARE CPU ACTOR POOL (EQCCT) =====
2026-02-26 22:56:41,274 - INFO - Requested concurrent tasks: 1
2026-02-26 22:56:41,276 - INFO - Available CPUs: 4
2026-02-26 22:56:41,278 - INFO - Available RAM: 7083 MB
2026-02-26 22:56:41,280 - INFO - RAM per model: 2264 MB
2026-02-26 22:56:41,282 - INFO - Max actors by RAM: 3
2026-02-26 22:56:41,284 - INFO - Creating 1 ModelActor(s)
2026-02-26 22:56:41,286 - INFO - Let Ray handle scheduling (taskset already restricts CPU visibility)
2026-02-26 22:56:41,288 - INFO - Creating ModelActor 1/1 (2.21GB RAM each)...
2026-02-26 22:56:45,192 - INFO - ModelActor 1 created successfully.
2026-02-26 22:56:45,194 - INFO - Created 1 CPU actor(s). Task queue will handle concurrency.
2026-02-26 22:56:45,196 - INFO - Starting EQCCTPro parallelized waveform processing...
2026-02-26 22:56:45,197 - INFO - 
2026-02-26 22:56:45,199 - INFO - ------- Analyzing Seismic Waveforms for P and S Picks via EQCCT -------
2026-02-26 22:56:45,202 - INFO - Analyzing 0:01:00 minute timechunk from 2025-01-08 10:02:44 to 2025-01-08 10:03:44 (0 min overlap)
2026-02-26 22:56:45,204 - INFO - Processing a total of 1 stations, 1 at a time.
2026-02-26 22:56:49,247 - INFO - (1/1) RAF: Finished the prediction in 2.12s. (HP=1.0, LP=45.0)
2026-02-26 22:56:49,250 - INFO - 
2026-02-26 22:56:49,252 - INFO - ------- Parallel Station Waveform Processing Complete For 2025-01-08 10:02:44 to 2025-01-08 10:03:44 Timechunk-------
2026-02-26 22:56:49,254 - INFO - Picks saved at /home/blackwinter/projects/eqcct/eqcctpro/results/csv/bm_explosions/20250108T100244Z_20250108T100344ZProcess Runtime: 4.05 s
2026-02-26 22:56:49,257 - INFO - Successfully ran EQCCTPro, exiting...
2026-02-26 22:56:50,853 - INFO - Ray Successfully Shutdown.
2026-02-26 22:56:50,854 - INFO - ------- Successfully Picked All Waveform(s) from all Timechunk(s) -------
2026-02-27 06:23:12,192 - INFO - 
2026-02-27 06:23:12,199 - INFO - ------- Welcome to EQCCTPro -------
2026-02-27 06:23:12,199 - INFO - 
2026-02-27 06:23:12,200 - INFO - Running EQCCT over Requested MSeed Files using CPU(s)...
2026-02-27 06:23:12,200 - INFO - GPU disabled (CPU-only).
2026-02-27 06:23:12,200 - INFO - Configured Intra-op threads = 1
2026-02-27 06:23:12,200 - INFO - Configured Inter-op threads = 1
2026-02-27 06:23:12,200 - INFO - TensorFlow: No GPUs visible; TF will proceed on CPU.
2026-02-27 06:23:12,201 - INFO - 
2026-02-27 06:23:17,565 - INFO - Ray Successfully Initialized with 4 CPU(s) ([0, 1, 2, 3] CPU Affinity Binding).
2026-02-27 06:23:17,565 - INFO - Analyzing 1 time chunk(s) from 2025-01-08 10:02:44 to 2025-01-08 10:03:44 (dt=1min, overlap=0min).
2026-02-27 06:23:17,565 - INFO - Using 1 selected station(s).
2026-02-27 06:23:17,565 - INFO - 
2026-02-27 06:23:17,566 - INFO - ------- Starting EQCCTPro... -------
2026-02-27 06:23:17,566 - INFO - Detailed subprocess information can be found in the log file.
2026-02-27 06:23:17,566 - INFO - 
2026-02-27 06:23:17,911 - INFO - GPU disabled (CPU-only).
2026-02-27 06:23:19,328 - INFO - Configured Intra-op threads = 1
2026-02-27 06:23:19,330 - INFO - Configured Inter-op threads = 1
2026-02-27 06:23:19,377 - INFO - TensorFlow: No GPUs visible; TF will proceed on CPU.
2026-02-27 06:23:19,380 - INFO - 
2026-02-27 06:23:19,381 - INFO - ------- Hardware Configuration -------
2026-02-27 06:23:19,383 - INFO - CPU affinity set to cores: [0, 1, 2, 3]
2026-02-27 06:23:19,385 - INFO - 
2026-02-27 06:23:19,387 - INFO - ------- Data Preprocessing for EQCCTPro -------
2026-02-27 06:23:19,389 - INFO - 1 station(s) in /home/blackwinter/projects/eqcct/eqcctpro/data/waveforms_explosions_nonoise/20250108T100244Z_20250108T100344Z
2026-02-27 06:23:19,391 - INFO - Using 1 selected station(s): ['RAF'].
2026-02-27 06:23:19,393 - INFO - Creating model actor(s)...
2026-02-27 06:23:19,394 - INFO - System RAM: Total=7870 MB, Available=3788 MB
2026-02-27 06:23:19,396 - INFO - Usable RAM budget: 7083 MB (90% of total)
2026-02-27 06:23:19,398 - INFO - ===== MEMORY-AWARE CPU ACTOR POOL (EQCCT) =====
2026-02-27 06:23:19,400 - INFO - Requested concurrent tasks: 1
2026-02-27 06:23:19,401 - INFO - Available CPUs: 4
2026-02-27 06:23:19,403 - INFO - Available RAM: 7083 MB
2026-02-27 06:23:19,405 - INFO - RAM per model: 2264 MB
2026-02-27 06:23:19,408 - INFO - Max actors by RAM: 3
2026-02-27 06:23:19,409 - INFO - Creating 1 ModelActor(s)
2026-02-27 06:23:19,411 - INFO - Let Ray handle scheduling (taskset already restricts CPU visibility)
2026-02-27 06:23:19,412 - INFO - Creating ModelActor 1/1 (2.21GB RAM each)...
2026-02-27 06:23:23,346 - INFO - ModelActor 1 created successfully.
2026-02-27 06:23:23,348 - INFO - Created 1 CPU actor(s). Task queue will handle concurrency.
2026-02-27 06:23:23,351 - INFO - Starting EQCCTPro parallelized waveform processing...
2026-02-27 06:23:23,353 - INFO - 
2026-02-27 06:23:23,355 - INFO - ------- Analyzing Seismic Waveforms for P and S Picks via EQCCT -------
2026-02-27 06:23:23,358 - INFO - Analyzing 0:01:00 minute timechunk from 2025-01-08 10:02:44 to 2025-01-08 10:03:44 (0 min overlap)
2026-02-27 06:23:23,360 - INFO - Processing a total of 1 stations, 1 at a time.
2026-02-27 06:23:25,286 - INFO - (1/1) RAF: Skipped (already exists - overwrite=False).
2026-02-27 06:23:25,289 - INFO - 
2026-02-27 06:23:25,291 - INFO - ------- Parallel Station Waveform Processing Complete For 2025-01-08 10:02:44 to 2025-01-08 10:03:44 Timechunk-------
2026-02-27 06:23:25,293 - INFO - Picks saved at /home/blackwinter/projects/eqcct/eqcctpro/results/csv/bm_explosions/20250108T100244Z_20250108T100344ZProcess Runtime: 1.94 s
2026-02-27 06:23:25,297 - INFO - Successfully ran EQCCTPro, exiting...
2026-02-27 06:23:26,708 - INFO - Ray Successfully Shutdown.
2026-02-27 06:23:26,708 - INFO - ------- Successfully Picked All Waveform(s) from all Timechunk(s) -------
