2026-03-28 10:40:45,610 - INFO - 
2026-03-28 10:40:45,610 - INFO - ------- Welcome to EQCCTPro -------
2026-03-28 10:40:45,610 - INFO - 
2026-03-28 10:40:45,611 - INFO - Running EQCCT over Requested MSeed Files using CPU(s)...
2026-03-28 10:40:45,611 - INFO - GPU disabled (CPU-only).
2026-03-28 10:40:45,611 - INFO - Skipping framework-specific initialization in the driver process.
2026-03-28 10:40:47,055 - INFO - Ray Successfully Initialized with 4 CPU(s) ([0, 1, 2, 3] CPU Affinity Binding).
2026-03-28 10:40:47,055 - INFO - Analyzing 1 time chunk(s) from 2025-01-06 00:46:06 to 2025-01-06 00:47:06 (dt=1min, overlap=0min).
2026-03-28 10:40:47,056 - INFO - Using 1 selected station(s).
2026-03-28 10:40:47,056 - INFO - 
2026-03-28 10:40:47,057 - INFO - ------- Starting EQCCTPro... -------
2026-03-28 10:40:47,057 - INFO - Detailed subprocess information can be found in the log file.
2026-03-28 10:40:47,057 - INFO - 
2026-03-28 10:40:47,337 - INFO - GPU disabled (CPU-only).
2026-03-28 10:40:47,341 - INFO - Skipping framework-specific initialization in the driver process.
2026-03-28 10:40:47,345 - INFO - ------- Hardware Configuration -------
2026-03-28 10:40:47,348 - INFO - CPU affinity set to cores: [0, 1, 2, 3]
2026-03-28 10:40:47,351 - INFO - 
2026-03-28 10:40:47,354 - INFO - ------- Data Preprocessing for EQCCTPro -------
2026-03-28 10:40:47,356 - INFO - 1 station(s) in /home/blackwinter/projects/eqcct/eqcctpro/data/waveforms_noise_only/20250106T004606Z_20250106T004706Z
2026-03-28 10:40:47,359 - INFO - Using 1 selected station(s): ['VRF'].
2026-03-28 10:40:47,361 - INFO - Creating model actor(s)...
2026-03-28 10:40:47,364 - INFO - System RAM: Total=7870 MB, Available=4709 MB
2026-03-28 10:40:47,366 - INFO - Usable RAM budget: 7083 MB (90% of total)
2026-03-28 10:40:47,369 - INFO - ===== MEMORY-AWARE CPU ACTOR POOL =====
2026-03-28 10:40:47,372 - INFO - Requested concurrent tasks: 1
2026-03-28 10:40:47,374 - INFO - Available CPUs: 4
2026-03-28 10:40:47,377 - INFO - Available RAM: 7083 MB
2026-03-28 10:40:47,379 - INFO - RAM per model: 2060 MB
2026-03-28 10:40:47,382 - INFO - Max actors by RAM: 3
2026-03-28 10:40:47,385 - INFO - Creating 1 SeisBenchModelActor(s)
2026-03-28 10:40:47,387 - INFO - Let Ray handle scheduling (taskset already restricts CPU visibility)
2026-03-28 10:40:47,390 - INFO - Creating SeisBenchModelActor 1/1 (2.01GB RAM each)...
2026-03-28 10:40:50,209 - INFO - SeisBenchModelActor 1 created successfully.
2026-03-28 10:40:50,212 - INFO - Created 1 CPU actor(s). Task queue will handle concurrency.
2026-03-28 10:40:50,214 - INFO - Starting EQCCTPro parallelized waveform processing...
2026-03-28 10:40:50,217 - INFO - 
2026-03-28 10:40:50,219 - INFO - ------- Analyzing Seismic Waveforms for P and S Picks via SeisBench (EQTransformer - original_nonconservative) -------
2026-03-28 10:40:50,221 - INFO - Analyzing 0:01:00 minute timechunk from 2025-01-06 00:46:06 to 2025-01-06 00:47:06 (0 min overlap)
2026-03-28 10:40:50,223 - INFO - Processing a total of 1 stations, 1 at a time.
2026-03-28 10:40:52,453 - INFO - (1/1) VRF: Finished the prediction in 0.14s. (HP=1.0, LP=45.0, picks=0)
2026-03-28 10:40:52,456 - INFO - 
2026-03-28 10:40:52,458 - INFO - ------- Parallel Station Waveform Processing Complete For 2025-01-06 00:46:06 to 2025-01-06 00:47:06 Timechunk-------
2026-03-28 10:40:52,461 - INFO - Picks saved at /home/blackwinter/projects/eqcct/eqcctpro/results/csv/eqt_noise_th0_1/20250106T004606Z_20250106T004706ZProcess Runtime: 2.24 s
2026-03-28 10:40:52,469 - INFO - Successfully ran EQCCTPro, exiting...
2026-03-28 10:40:54,108 - INFO - Ray Successfully Shutdown.
2026-03-28 10:40:54,108 - INFO - ------- Successfully Picked All Waveform(s) from all Timechunk(s) -------
