2026-02-23 20:49:26,510 - INFO - 
2026-02-23 20:49:26,510 - INFO - ------- Welcome to EQCCTPro -------
2026-02-23 20:49:26,510 - INFO - 
2026-02-23 20:49:26,511 - INFO - Running EQCCT over Requested MSeed Files using CPU(s)...
2026-02-23 20:49:26,511 - INFO - GPU disabled (CPU-only).
2026-02-23 20:49:26,511 - INFO - Configured Intra-op threads = 1
2026-02-23 20:49:26,512 - INFO - Configured Inter-op threads = 1
2026-02-23 20:49:26,512 - INFO - TensorFlow: No GPUs visible; TF will proceed on CPU.
2026-02-23 20:49:26,512 - INFO - 
2026-02-23 20:49:32,144 - INFO - Ray Successfully Initialized with 4 CPU(s) ([0, 1, 2, 3] CPU Affinity Binding).
2026-02-23 20:49:32,145 - INFO - Analyzing 1 time chunk(s) from 2025-03-19 19:17:35 to 2025-03-19 19:18:35 (dt=1min, overlap=0min).
2026-02-23 20:49:32,145 - INFO - Using 1 selected station(s).
2026-02-23 20:49:32,146 - INFO - 
2026-02-23 20:49:32,146 - INFO - ------- Starting EQCCTPro... -------
2026-02-23 20:49:32,146 - INFO - Detailed subprocess information can be found in the log file.
2026-02-23 20:49:32,146 - INFO - 
2026-02-23 20:49:32,505 - INFO - GPU disabled (CPU-only).
2026-02-23 20:49:34,033 - INFO - Configured Intra-op threads = 1
2026-02-23 20:49:34,036 - INFO - Configured Inter-op threads = 1
2026-02-23 20:49:34,077 - INFO - TensorFlow: No GPUs visible; TF will proceed on CPU.
2026-02-23 20:49:34,079 - INFO - 
2026-02-23 20:49:34,081 - INFO - ------- Hardware Configuration -------
2026-02-23 20:49:34,084 - INFO - CPU affinity set to cores: [0, 1, 2, 3]
2026-02-23 20:49:34,086 - INFO - 
2026-02-23 20:49:34,088 - INFO - ------- Data Preprocessing for EQCCTPro -------
2026-02-23 20:49:34,090 - INFO - 1 station(s) in /home/blackwinter/projects/eqcct/eqcctpro/data/waveforms_earthquakes_noise_only/20250319T191735Z_20250319T191835Z
2026-02-23 20:49:34,092 - INFO - Using 1 selected station(s): ['OBF0'].
2026-02-23 20:49:34,095 - INFO - Creating model actor(s)...
2026-02-23 20:49:34,097 - INFO - System RAM: Total=7870 MB, Available=3352 MB
2026-02-23 20:49:34,098 - INFO - Usable RAM budget: 7083 MB (90% of total)
2026-02-23 20:49:34,100 - INFO - ===== MEMORY-AWARE CPU ACTOR POOL (EQCCT) =====
2026-02-23 20:49:34,102 - INFO - Requested concurrent tasks: 1
2026-02-23 20:49:34,104 - INFO - Available CPUs: 4
2026-02-23 20:49:34,106 - INFO - Available RAM: 7083 MB
2026-02-23 20:49:34,108 - INFO - RAM per model: 2264 MB
2026-02-23 20:49:34,110 - INFO - Max actors by RAM: 3
2026-02-23 20:49:34,112 - INFO - Creating 1 ModelActor(s)
2026-02-23 20:49:34,115 - INFO - Let Ray handle scheduling (taskset already restricts CPU visibility)
2026-02-23 20:49:34,117 - INFO - Creating ModelActor 1/1 (2.21GB RAM each)...
2026-02-23 20:49:38,019 - INFO - ModelActor 1 created successfully.
2026-02-23 20:49:38,021 - INFO - Created 1 CPU actor(s). Task queue will handle concurrency.
2026-02-23 20:49:38,024 - INFO - Starting EQCCTPro parallelized waveform processing...
2026-02-23 20:49:38,026 - INFO - 
2026-02-23 20:49:38,028 - INFO - ------- Analyzing Seismic Waveforms for P and S Picks via EQCCT -------
2026-02-23 20:49:38,030 - INFO - Analyzing 0:01:00 minute timechunk from 2025-03-19 19:17:35 to 2025-03-19 19:18:35 (0 min overlap)
2026-02-23 20:49:38,032 - INFO - Processing a total of 1 stations, 1 at a time.
2026-02-23 20:49:42,096 - INFO - (1/1) OBF0: Finished the prediction in 2.13s. (HP=1.0, LP=45.0)
2026-02-23 20:49:42,098 - INFO - 
2026-02-23 20:49:42,100 - INFO - ------- Parallel Station Waveform Processing Complete For 2025-03-19 19:17:35 to 2025-03-19 19:18:35 Timechunk-------
2026-02-23 20:49:42,102 - INFO - Picks saved at /home/blackwinter/projects/eqcct/eqcctpro/results/csv/bm_eq_noise_only/20250319T191735Z_20250319T191835ZProcess Runtime: 4.07 s
2026-02-23 20:49:42,109 - INFO - Successfully ran EQCCTPro, exiting...
2026-02-23 20:49:43,620 - INFO - Ray Successfully Shutdown.
2026-02-23 20:49:43,620 - INFO - ------- Successfully Picked All Waveform(s) from all Timechunk(s) -------
