2026-03-20 08:20:16,534 - INFO - 
2026-03-20 08:20:16,534 - INFO - ------- Welcome to EQCCTPro -------
2026-03-20 08:20:16,534 - INFO - 
2026-03-20 08:20:16,534 - INFO - Running EQCCT over Requested MSeed Files using CPU(s)...
2026-03-20 08:20:16,535 - INFO - GPU disabled (CPU-only).
2026-03-20 08:20:16,535 - INFO - Configured Intra-op threads = 1
2026-03-20 08:20:16,535 - INFO - Configured Inter-op threads = 1
2026-03-20 08:20:16,535 - INFO - TensorFlow: No GPUs visible; TF will proceed on CPU.
2026-03-20 08:20:16,535 - INFO - 
2026-03-20 08:20:22,048 - INFO - Ray Successfully Initialized with 4 CPU(s) ([0, 1, 2, 3] CPU Affinity Binding).
2026-03-20 08:20:22,048 - INFO - Analyzing 1 time chunk(s) from 2025-12-26 11:13:36 to 2025-12-26 11:14:36 (dt=1min, overlap=0min).
2026-03-20 08:20:22,048 - INFO - Using 1 selected station(s).
2026-03-20 08:20:22,049 - INFO - 
2026-03-20 08:20:22,049 - INFO - ------- Starting EQCCTPro... -------
2026-03-20 08:20:22,049 - INFO - Detailed subprocess information can be found in the log file.
2026-03-20 08:20:22,049 - INFO - 
2026-03-20 08:20:22,421 - INFO - GPU disabled (CPU-only).
2026-03-20 08:20:23,926 - INFO - Configured Intra-op threads = 1
2026-03-20 08:20:23,929 - INFO - Configured Inter-op threads = 1
2026-03-20 08:20:23,967 - INFO - TensorFlow: No GPUs visible; TF will proceed on CPU.
2026-03-20 08:20:23,969 - INFO - 
2026-03-20 08:20:23,971 - INFO - ------- Hardware Configuration -------
2026-03-20 08:20:23,973 - INFO - CPU affinity set to cores: [0, 1, 2, 3]
2026-03-20 08:20:23,975 - INFO - 
2026-03-20 08:20:23,977 - INFO - ------- Data Preprocessing for EQCCTPro -------
2026-03-20 08:20:23,979 - INFO - 1 station(s) in /home/blackwinter/projects/eqcct/eqcctpro/data/waveforms_earthquakes_nonoise/20251226T111336Z_20251226T111436Z
2026-03-20 08:20:23,981 - INFO - Using 1 selected station(s): ['VUOS'].
2026-03-20 08:20:23,983 - INFO - Creating model actor(s)...
2026-03-20 08:20:23,986 - INFO - System RAM: Total=7870 MB, Available=1575 MB
2026-03-20 08:20:23,988 - INFO - Usable RAM budget: 7083 MB (90% of total)
2026-03-20 08:20:23,990 - INFO - ===== MEMORY-AWARE CPU ACTOR POOL (EQCCT) =====
2026-03-20 08:20:23,992 - INFO - Requested concurrent tasks: 1
2026-03-20 08:20:23,994 - INFO - Available CPUs: 4
2026-03-20 08:20:23,996 - INFO - Available RAM: 7083 MB
2026-03-20 08:20:23,997 - INFO - RAM per model: 2264 MB
2026-03-20 08:20:24,000 - INFO - Max actors by RAM: 3
2026-03-20 08:20:24,001 - INFO - Creating 1 ModelActor(s)
2026-03-20 08:20:24,003 - INFO - Let Ray handle scheduling (taskset already restricts CPU visibility)
2026-03-20 08:20:24,005 - INFO - Creating ModelActor 1/1 (2.21GB RAM each)...
2026-03-20 08:20:27,888 - INFO - ModelActor 1 created successfully.
2026-03-20 08:20:27,890 - INFO - Created 1 CPU actor(s). Task queue will handle concurrency.
2026-03-20 08:20:27,892 - INFO - Starting EQCCTPro parallelized waveform processing...
2026-03-20 08:20:27,894 - INFO - 
2026-03-20 08:20:27,896 - INFO - ------- Analyzing Seismic Waveforms for P and S Picks via EQCCT -------
2026-03-20 08:20:27,898 - INFO - Analyzing 0:01:00 minute timechunk from 2025-12-26 11:13:36 to 2025-12-26 11:14:36 (0 min overlap)
2026-03-20 08:20:27,900 - INFO - Processing a total of 1 stations, 1 at a time.
2026-03-20 08:20:32,067 - INFO - (1/1) VUOS: Finished the prediction in 2.16s. (HP=1.0, LP=45.0)
2026-03-20 08:20:32,069 - INFO - 
2026-03-20 08:20:32,072 - INFO - ------- Parallel Station Waveform Processing Complete For 2025-12-26 11:13:36 to 2025-12-26 11:14:36 Timechunk-------
2026-03-20 08:20:32,074 - INFO - Picks saved at /home/blackwinter/projects/eqcct/eqcctpro/results/csv/eqcct_earthquakes_th0_1/20251226T111336Z_20251226T111436ZProcess Runtime: 4.18 s
2026-03-20 08:20:32,078 - INFO - Successfully ran EQCCTPro, exiting...
2026-03-20 08:20:33,890 - INFO - Ray Successfully Shutdown.
2026-03-20 08:20:33,890 - INFO - ------- Successfully Picked All Waveform(s) from all Timechunk(s) -------
