2026-03-10 21:41:44,781 - INFO - 
2026-03-10 21:41:44,781 - INFO - ------- Welcome to EQCCTPro -------
2026-03-10 21:41:44,781 - INFO - 
2026-03-10 21:41:44,781 - INFO - Running EQCCT over Requested MSeed Files using CPU(s)...
2026-03-10 21:41:44,781 - INFO - GPU disabled (CPU-only).
2026-03-10 21:41:44,782 - INFO - Configured Intra-op threads = 1
2026-03-10 21:41:44,782 - INFO - Configured Inter-op threads = 1
2026-03-10 21:41:44,782 - INFO - TensorFlow: No GPUs visible; TF will proceed on CPU.
2026-03-10 21:41:44,782 - INFO - 
2026-03-10 21:41:50,272 - INFO - Ray Successfully Initialized with 4 CPU(s) ([0, 1, 2, 3] CPU Affinity Binding).
2026-03-10 21:41:50,272 - INFO - Analyzing 1 time chunk(s) from 2025-01-07 04:04:10 to 2025-01-07 04:05:10 (dt=1min, overlap=0min).
2026-03-10 21:41:50,272 - INFO - Using 1 selected station(s).
2026-03-10 21:41:50,272 - INFO - 
2026-03-10 21:41:50,273 - INFO - ------- Starting EQCCTPro... -------
2026-03-10 21:41:50,273 - INFO - Detailed subprocess information can be found in the log file.
2026-03-10 21:41:50,273 - INFO - 
2026-03-10 21:41:50,653 - INFO - GPU disabled (CPU-only).
2026-03-10 21:41:52,164 - INFO - Configured Intra-op threads = 1
2026-03-10 21:41:52,166 - INFO - Configured Inter-op threads = 1
2026-03-10 21:41:52,209 - INFO - TensorFlow: No GPUs visible; TF will proceed on CPU.
2026-03-10 21:41:52,212 - INFO - 
2026-03-10 21:41:52,214 - INFO - ------- Hardware Configuration -------
2026-03-10 21:41:52,216 - INFO - CPU affinity set to cores: [0, 1, 2, 3]
2026-03-10 21:41:52,218 - INFO - 
2026-03-10 21:41:52,220 - INFO - ------- Data Preprocessing for EQCCTPro -------
2026-03-10 21:41:52,222 - INFO - 1 station(s) in /home/blackwinter/projects/eqcct/eqcctpro/data/waveforms_noise_only/20250107T040410Z_20250107T040510Z
2026-03-10 21:41:52,224 - INFO - Using 1 selected station(s): ['KY17'].
2026-03-10 21:41:52,226 - INFO - Creating model actor(s)...
2026-03-10 21:41:52,227 - INFO - System RAM: Total=7870 MB, Available=2880 MB
2026-03-10 21:41:52,229 - INFO - Usable RAM budget: 7083 MB (90% of total)
2026-03-10 21:41:52,232 - INFO - ===== MEMORY-AWARE CPU ACTOR POOL (EQCCT) =====
2026-03-10 21:41:52,233 - INFO - Requested concurrent tasks: 1
2026-03-10 21:41:52,235 - INFO - Available CPUs: 4
2026-03-10 21:41:52,237 - INFO - Available RAM: 7083 MB
2026-03-10 21:41:52,239 - INFO - RAM per model: 2264 MB
2026-03-10 21:41:52,240 - INFO - Max actors by RAM: 3
2026-03-10 21:41:52,242 - INFO - Creating 1 ModelActor(s)
2026-03-10 21:41:52,244 - INFO - Let Ray handle scheduling (taskset already restricts CPU visibility)
2026-03-10 21:41:52,246 - INFO - Creating ModelActor 1/1 (2.21GB RAM each)...
2026-03-10 21:41:56,185 - INFO - ModelActor 1 created successfully.
2026-03-10 21:41:56,187 - INFO - Created 1 CPU actor(s). Task queue will handle concurrency.
2026-03-10 21:41:56,189 - INFO - Starting EQCCTPro parallelized waveform processing...
2026-03-10 21:41:56,191 - INFO - 
2026-03-10 21:41:56,192 - INFO - ------- Analyzing Seismic Waveforms for P and S Picks via EQCCT -------
2026-03-10 21:41:56,195 - INFO - Analyzing 0:01:00 minute timechunk from 2025-01-07 04:04:10 to 2025-01-07 04:05:10 (0 min overlap)
2026-03-10 21:41:56,197 - INFO - Processing a total of 1 stations, 1 at a time.
2026-03-10 21:42:00,249 - INFO - (1/1) KY17: Finished the prediction in 2.13s. (HP=1.0, LP=45.0)
2026-03-10 21:42:00,251 - INFO - 
2026-03-10 21:42:00,254 - INFO - ------- Parallel Station Waveform Processing Complete For 2025-01-07 04:04:10 to 2025-01-07 04:05:10 Timechunk-------
2026-03-10 21:42:00,257 - INFO - Picks saved at /home/blackwinter/projects/eqcct/eqcctpro/results/csv/bm_noise_only/20250107T040410Z_20250107T040510ZProcess Runtime: 4.06 s
2026-03-10 21:42:00,262 - INFO - Successfully ran EQCCTPro, exiting...
2026-03-10 21:42:01,680 - INFO - Ray Successfully Shutdown.
2026-03-10 21:42:01,680 - INFO - ------- Successfully Picked All Waveform(s) from all Timechunk(s) -------
2026-03-11 12:37:29,910 - INFO - 
2026-03-11 12:37:29,917 - INFO - ------- Welcome to EQCCTPro -------
2026-03-11 12:37:29,917 - INFO - 
2026-03-11 12:37:29,918 - INFO - Running EQCCT over Requested MSeed Files using CPU(s)...
2026-03-11 12:37:29,918 - INFO - GPU disabled (CPU-only).
2026-03-11 12:37:29,919 - INFO - Configured Intra-op threads = 1
2026-03-11 12:37:29,919 - INFO - Configured Inter-op threads = 1
2026-03-11 12:37:29,919 - INFO - TensorFlow: No GPUs visible; TF will proceed on CPU.
2026-03-11 12:37:29,919 - INFO - 
2026-03-11 12:37:35,232 - INFO - Ray Successfully Initialized with 4 CPU(s) ([0, 1, 2, 3] CPU Affinity Binding).
2026-03-11 12:37:35,232 - INFO - Analyzing 1 time chunk(s) from 2025-01-07 04:04:10 to 2025-01-07 04:05:10 (dt=1min, overlap=0min).
2026-03-11 12:37:35,232 - INFO - Using 1 selected station(s).
2026-03-11 12:37:35,232 - INFO - 
2026-03-11 12:37:35,233 - INFO - ------- Starting EQCCTPro... -------
2026-03-11 12:37:35,233 - INFO - Detailed subprocess information can be found in the log file.
2026-03-11 12:37:35,233 - INFO - 
2026-03-11 12:37:35,583 - INFO - GPU disabled (CPU-only).
2026-03-11 12:37:37,100 - INFO - Configured Intra-op threads = 1
2026-03-11 12:37:37,102 - INFO - Configured Inter-op threads = 1
2026-03-11 12:37:37,148 - INFO - TensorFlow: No GPUs visible; TF will proceed on CPU.
2026-03-11 12:37:37,150 - INFO - 
2026-03-11 12:37:37,153 - INFO - ------- Hardware Configuration -------
2026-03-11 12:37:37,155 - INFO - CPU affinity set to cores: [0, 1, 2, 3]
2026-03-11 12:37:37,157 - INFO - 
2026-03-11 12:37:37,159 - INFO - ------- Data Preprocessing for EQCCTPro -------
2026-03-11 12:37:37,161 - INFO - 1 station(s) in /home/blackwinter/projects/eqcct/eqcctpro/data/waveforms_noise_only/20250107T040410Z_20250107T040510Z
2026-03-11 12:37:37,162 - INFO - Using 1 selected station(s): ['KY17'].
2026-03-11 12:37:37,164 - INFO - Creating model actor(s)...
2026-03-11 12:37:37,166 - INFO - System RAM: Total=7870 MB, Available=3825 MB
2026-03-11 12:37:37,168 - INFO - Usable RAM budget: 7083 MB (90% of total)
2026-03-11 12:37:37,170 - INFO - ===== MEMORY-AWARE CPU ACTOR POOL (EQCCT) =====
2026-03-11 12:37:37,172 - INFO - Requested concurrent tasks: 1
2026-03-11 12:37:37,174 - INFO - Available CPUs: 4
2026-03-11 12:37:37,176 - INFO - Available RAM: 7083 MB
2026-03-11 12:37:37,177 - INFO - RAM per model: 2264 MB
2026-03-11 12:37:37,179 - INFO - Max actors by RAM: 3
2026-03-11 12:37:37,181 - INFO - Creating 1 ModelActor(s)
2026-03-11 12:37:37,183 - INFO - Let Ray handle scheduling (taskset already restricts CPU visibility)
2026-03-11 12:37:37,184 - INFO - Creating ModelActor 1/1 (2.21GB RAM each)...
2026-03-11 12:37:41,009 - INFO - ModelActor 1 created successfully.
2026-03-11 12:37:41,011 - INFO - Created 1 CPU actor(s). Task queue will handle concurrency.
2026-03-11 12:37:41,013 - INFO - Starting EQCCTPro parallelized waveform processing...
2026-03-11 12:37:41,015 - INFO - 
2026-03-11 12:37:41,017 - INFO - ------- Analyzing Seismic Waveforms for P and S Picks via EQCCT -------
2026-03-11 12:37:41,020 - INFO - Analyzing 0:01:00 minute timechunk from 2025-01-07 04:04:10 to 2025-01-07 04:05:10 (0 min overlap)
2026-03-11 12:37:41,021 - INFO - Processing a total of 1 stations, 1 at a time.
2026-03-11 12:37:43,024 - INFO - (1/1) KY17: Skipped (already exists - overwrite=False).
2026-03-11 12:37:43,026 - INFO - 
2026-03-11 12:37:43,029 - INFO - ------- Parallel Station Waveform Processing Complete For 2025-01-07 04:04:10 to 2025-01-07 04:05:10 Timechunk-------
2026-03-11 12:37:43,031 - INFO - Picks saved at /home/blackwinter/projects/eqcct/eqcctpro/results/csv/bm_noise_only/20250107T040410Z_20250107T040510ZProcess Runtime: 2.01 s
2026-03-11 12:37:43,035 - INFO - Successfully ran EQCCTPro, exiting...
2026-03-11 12:37:44,546 - INFO - Ray Successfully Shutdown.
2026-03-11 12:37:44,546 - INFO - ------- Successfully Picked All Waveform(s) from all Timechunk(s) -------
