2026-03-29 13:27:06,007 - INFO - 
2026-03-29 13:27:06,007 - INFO - ------- Welcome to EQCCTPro -------
2026-03-29 13:27:06,007 - INFO - 
2026-03-29 13:27:06,008 - INFO - Running EQCCT over Requested MSeed Files using CPU(s)...
2026-03-29 13:27:06,008 - INFO - GPU disabled (CPU-only).
2026-03-29 13:27:06,008 - INFO - Configured Intra-op threads = 1
2026-03-29 13:27:06,008 - INFO - Configured Inter-op threads = 1
2026-03-29 13:27:06,009 - INFO - TensorFlow: No GPUs visible; TF will proceed on CPU.
2026-03-29 13:27:06,009 - INFO - 
2026-03-29 13:27:11,765 - INFO - Ray Successfully Initialized with 4 CPU(s) ([0, 1, 2, 3] CPU Affinity Binding).
2026-03-29 13:27:11,765 - INFO - Analyzing 1 time chunk(s) from 2025-01-07 01:11:52 to 2025-01-07 01:12:52 (dt=1min, overlap=0min).
2026-03-29 13:27:11,765 - INFO - Using 1 selected station(s).
2026-03-29 13:27:11,765 - INFO - 
2026-03-29 13:27:11,766 - INFO - ------- Starting EQCCTPro... -------
2026-03-29 13:27:11,766 - INFO - Detailed subprocess information can be found in the log file.
2026-03-29 13:27:11,766 - INFO - 
2026-03-29 13:27:12,183 - INFO - GPU disabled (CPU-only).
2026-03-29 13:27:13,776 - INFO - Configured Intra-op threads = 1
2026-03-29 13:27:13,778 - INFO - Configured Inter-op threads = 1
2026-03-29 13:27:13,823 - INFO - TensorFlow: No GPUs visible; TF will proceed on CPU.
2026-03-29 13:27:13,825 - INFO - 
2026-03-29 13:27:13,828 - INFO - ------- Hardware Configuration -------
2026-03-29 13:27:13,830 - INFO - CPU affinity set to cores: [0, 1, 2, 3]
2026-03-29 13:27:13,833 - INFO - 
2026-03-29 13:27:13,835 - INFO - ------- Data Preprocessing for EQCCTPro -------
2026-03-29 13:27:13,838 - INFO - 1 station(s) in /home/blackwinter/projects/eqcct/eqcctpro/data/waveforms_noise_only/20250107T011152Z_20250107T011252Z
2026-03-29 13:27:13,840 - INFO - Using 1 selected station(s): ['HEL2'].
2026-03-29 13:27:13,843 - INFO - Creating model actor(s)...
2026-03-29 13:27:13,846 - INFO - System RAM: Total=7870 MB, Available=4544 MB
2026-03-29 13:27:13,849 - INFO - Usable RAM budget: 7083 MB (90% of total)
2026-03-29 13:27:13,852 - INFO - ===== MEMORY-AWARE CPU ACTOR POOL (EQCCT) =====
2026-03-29 13:27:13,854 - INFO - Requested concurrent tasks: 1
2026-03-29 13:27:13,857 - INFO - Available CPUs: 4
2026-03-29 13:27:13,859 - INFO - Available RAM: 7083 MB
2026-03-29 13:27:13,862 - INFO - RAM per model: 2264 MB
2026-03-29 13:27:13,864 - INFO - Max actors by RAM: 3
2026-03-29 13:27:13,866 - INFO - Creating 1 ModelActor(s)
2026-03-29 13:27:13,869 - INFO - Let Ray handle scheduling (taskset already restricts CPU visibility)
2026-03-29 13:27:13,871 - INFO - Creating ModelActor 1/1 (2.21GB RAM each)...
2026-03-29 13:27:18,062 - INFO - ModelActor 1 created successfully.
2026-03-29 13:27:18,064 - INFO - Created 1 CPU actor(s). Task queue will handle concurrency.
2026-03-29 13:27:18,069 - INFO - Starting EQCCTPro parallelized waveform processing...
2026-03-29 13:27:18,071 - INFO - 
2026-03-29 13:27:18,074 - INFO - ------- Analyzing Seismic Waveforms for P and S Picks via EQCCT -------
2026-03-29 13:27:18,077 - INFO - Analyzing 0:01:00 minute timechunk from 2025-01-07 01:11:52 to 2025-01-07 01:12:52 (0 min overlap)
2026-03-29 13:27:18,079 - INFO - Processing a total of 1 stations, 1 at a time.
2026-03-29 13:27:22,443 - INFO - (1/1) HEL2: Finished the prediction in 2.35s. (HP=1.0, LP=45.0)
2026-03-29 13:27:22,445 - INFO - 
2026-03-29 13:27:22,449 - INFO - ------- Parallel Station Waveform Processing Complete For 2025-01-07 01:11:52 to 2025-01-07 01:12:52 Timechunk-------
2026-03-29 13:27:22,452 - INFO - Picks saved at /home/blackwinter/projects/eqcct/eqcctpro/results/csv/eqcct_noise_th0_1/20250107T011152Z_20250107T011252ZProcess Runtime: 4.38 s
2026-03-29 13:27:22,458 - INFO - Successfully ran EQCCTPro, exiting...
2026-03-29 13:27:24,138 - INFO - Ray Successfully Shutdown.
2026-03-29 13:27:24,139 - INFO - ------- Successfully Picked All Waveform(s) from all Timechunk(s) -------
