2026-03-28 19:44:50,582 - INFO - 
2026-03-28 19:44:50,583 - INFO - ------- Welcome to EQCCTPro -------
2026-03-28 19:44:50,583 - INFO - 
2026-03-28 19:44:50,583 - INFO - Running EQCCT over Requested MSeed Files using CPU(s)...
2026-03-28 19:44:50,584 - INFO - GPU disabled (CPU-only).
2026-03-28 19:44:50,584 - INFO - Skipping framework-specific initialization in the driver process.
2026-03-28 19:44:53,255 - INFO - Ray Successfully Initialized with 4 CPU(s) ([0, 1, 2, 3] CPU Affinity Binding).
2026-03-28 19:44:53,255 - INFO - Analyzing 1 time chunk(s) from 2025-01-21 12:14:19 to 2025-01-21 12:15:19 (dt=1min, overlap=0min).
2026-03-28 19:44:53,255 - INFO - Using 2 selected station(s).
2026-03-28 19:44:53,255 - INFO - 
2026-03-28 19:44:53,256 - INFO - ------- Starting EQCCTPro... -------
2026-03-28 19:44:53,256 - INFO - Detailed subprocess information can be found in the log file.
2026-03-28 19:44:53,256 - INFO - 
2026-03-28 19:44:53,598 - INFO - GPU disabled (CPU-only).
2026-03-28 19:44:53,604 - INFO - Skipping framework-specific initialization in the driver process.
2026-03-28 19:44:53,608 - INFO - ------- Hardware Configuration -------
2026-03-28 19:44:53,611 - INFO - CPU affinity set to cores: [0, 1, 2, 3]
2026-03-28 19:44:53,613 - INFO - 
2026-03-28 19:44:53,617 - INFO - ------- Data Preprocessing for EQCCTPro -------
2026-03-28 19:44:53,620 - INFO - 2 station(s) in /home/blackwinter/projects/eqcct/eqcctpro/data/waveforms_explosions_nonoise/20250121T121419Z_20250121T121519Z
2026-03-28 19:44:53,623 - INFO - Using 2 selected station(s): ['KPF', 'TRE03'].
2026-03-28 19:44:53,626 - INFO - Creating model actor(s)...
2026-03-28 19:44:53,630 - INFO - System RAM: Total=7870 MB, Available=4039 MB
2026-03-28 19:44:53,636 - INFO - Usable RAM budget: 7083 MB (90% of total)
2026-03-28 19:44:53,644 - INFO - ===== MEMORY-AWARE CPU ACTOR POOL =====
2026-03-28 19:44:53,649 - INFO - Requested concurrent tasks: 1
2026-03-28 19:44:53,654 - INFO - Available CPUs: 4
2026-03-28 19:44:53,658 - INFO - Available RAM: 7083 MB
2026-03-28 19:44:53,663 - INFO - RAM per model: 2060 MB
2026-03-28 19:44:53,667 - INFO - Max actors by RAM: 3
2026-03-28 19:44:53,671 - INFO - Creating 1 SeisBenchModelActor(s)
2026-03-28 19:44:53,675 - INFO - Let Ray handle scheduling (taskset already restricts CPU visibility)
2026-03-28 19:44:53,679 - INFO - Creating SeisBenchModelActor 1/1 (2.01GB RAM each)...
2026-03-28 19:44:56,816 - INFO - SeisBenchModelActor 1 created successfully.
2026-03-28 19:44:56,819 - INFO - Created 1 CPU actor(s). Task queue will handle concurrency.
2026-03-28 19:44:56,821 - INFO - Starting EQCCTPro parallelized waveform processing...
2026-03-28 19:44:56,823 - INFO - 
2026-03-28 19:44:56,826 - INFO - ------- Analyzing Seismic Waveforms for P and S Picks via SeisBench (EQTransformer - original_nonconservative) -------
2026-03-28 19:44:56,829 - INFO - Analyzing 0:01:00 minute timechunk from 2025-01-21 12:14:19 to 2025-01-21 12:15:19 (0 min overlap)
2026-03-28 19:44:56,832 - INFO - Processing a total of 2 stations, 1 at a time.
2026-03-28 19:44:59,235 - INFO - (1/2) KPF: Finished the prediction in 0.15s. (HP=1.0, LP=45.0, picks=2)
2026-03-28 19:44:59,316 - INFO - (2/2) TRE03: Finished the prediction in 0.07s. (HP=1.0, LP=45.0, picks=2)
2026-03-28 19:44:59,319 - INFO - 
2026-03-28 19:44:59,321 - INFO - ------- Parallel Station Waveform Processing Complete For 2025-01-21 12:14:19 to 2025-01-21 12:15:19 Timechunk-------
2026-03-28 19:44:59,325 - INFO - Picks saved at /home/blackwinter/projects/eqcct/eqcctpro/results/csv/eqt_explosions_th0_1/20250121T121419Z_20250121T121519ZProcess Runtime: 2.50 s
2026-03-28 19:44:59,329 - INFO - Successfully ran EQCCTPro, exiting...
2026-03-28 19:45:01,012 - INFO - Ray Successfully Shutdown.
2026-03-28 19:45:01,012 - INFO - ------- Successfully Picked All Waveform(s) from all Timechunk(s) -------
