2026-03-27 21:33:36,178 - INFO - 
2026-03-27 21:33:36,178 - INFO - ------- Welcome to EQCCTPro -------
2026-03-27 21:33:36,178 - INFO - 
2026-03-27 21:33:36,178 - INFO - Running EQCCT over Requested MSeed Files using CPU(s)...
2026-03-27 21:33:36,178 - INFO - GPU disabled (CPU-only).
2026-03-27 21:33:36,178 - INFO - Skipping framework-specific initialization in the driver process.
2026-03-27 21:33:38,593 - INFO - Ray Successfully Initialized with 4 CPU(s) ([0, 1, 2, 3] CPU Affinity Binding).
2026-03-27 21:33:38,593 - INFO - Analyzing 1 time chunk(s) from 2025-10-18 03:59:45 to 2025-10-18 04:00:45 (dt=1min, overlap=0min).
2026-03-27 21:33:38,593 - INFO - Using 1 selected station(s).
2026-03-27 21:33:38,593 - INFO - 
2026-03-27 21:33:38,593 - INFO - ------- Starting EQCCTPro... -------
2026-03-27 21:33:38,594 - INFO - Detailed subprocess information can be found in the log file.
2026-03-27 21:33:38,594 - INFO - 
2026-03-27 21:33:38,878 - INFO - GPU disabled (CPU-only).
2026-03-27 21:33:38,883 - INFO - Skipping framework-specific initialization in the driver process.
2026-03-27 21:33:38,886 - INFO - ------- Hardware Configuration -------
2026-03-27 21:33:38,889 - INFO - CPU affinity set to cores: [0, 1, 2, 3]
2026-03-27 21:33:38,892 - INFO - 
2026-03-27 21:33:38,894 - INFO - ------- Data Preprocessing for EQCCTPro -------
2026-03-27 21:33:38,897 - INFO - 1 station(s) in /home/blackwinter/projects/eqcct/eqcctpro/data/waveforms_earthquakes_nonoise/20251018T035945Z_20251018T040045Z
2026-03-27 21:33:38,900 - INFO - Using 1 selected station(s): ['ALAJF'].
2026-03-27 21:33:38,903 - INFO - Creating model actor(s)...
2026-03-27 21:33:38,905 - INFO - System RAM: Total=7870 MB, Available=5070 MB
2026-03-27 21:33:38,907 - INFO - Usable RAM budget: 7083 MB (90% of total)
2026-03-27 21:33:38,910 - INFO - ===== MEMORY-AWARE CPU ACTOR POOL =====
2026-03-27 21:33:38,912 - INFO - Requested concurrent tasks: 1
2026-03-27 21:33:38,915 - INFO - Available CPUs: 4
2026-03-27 21:33:38,918 - INFO - Available RAM: 7083 MB
2026-03-27 21:33:38,920 - INFO - RAM per model: 2060 MB
2026-03-27 21:33:38,923 - INFO - Max actors by RAM: 3
2026-03-27 21:33:38,925 - INFO - Creating 1 SeisBenchModelActor(s)
2026-03-27 21:33:38,928 - INFO - Let Ray handle scheduling (taskset already restricts CPU visibility)
2026-03-27 21:33:38,931 - INFO - Creating SeisBenchModelActor 1/1 (2.01GB RAM each)...
2026-03-27 21:33:41,792 - INFO - SeisBenchModelActor 1 created successfully.
2026-03-27 21:33:41,794 - INFO - Created 1 CPU actor(s). Task queue will handle concurrency.
2026-03-27 21:33:41,797 - INFO - Starting EQCCTPro parallelized waveform processing...
2026-03-27 21:33:41,799 - INFO - 
2026-03-27 21:33:41,802 - INFO - ------- Analyzing Seismic Waveforms for P and S Picks via SeisBench (EQTransformer - original_nonconservative) -------
2026-03-27 21:33:41,804 - INFO - Analyzing 0:01:00 minute timechunk from 2025-10-18 03:59:45 to 2025-10-18 04:00:45 (0 min overlap)
2026-03-27 21:33:41,806 - INFO - Processing a total of 1 stations, 1 at a time.
2026-03-27 21:33:44,098 - INFO - (1/1) ALAJF: Finished the prediction in 0.15s. (HP=1.0, LP=45.0, picks=0)
2026-03-27 21:33:44,104 - INFO - 
2026-03-27 21:33:44,106 - INFO - ------- Parallel Station Waveform Processing Complete For 2025-10-18 03:59:45 to 2025-10-18 04:00:45 Timechunk-------
2026-03-27 21:33:44,114 - INFO - Successfully ran EQCCTPro, exiting...
2026-03-27 21:33:44,108 - INFO - Picks saved at /home/blackwinter/projects/eqcct/eqcctpro/results/csv/eqt_earthquakes_th0_1/20251018T035945Z_20251018T040045ZProcess Runtime: 2.31 s
2026-03-27 21:33:46,175 - INFO - Ray Successfully Shutdown.
2026-03-27 21:33:46,175 - INFO - ------- Successfully Picked All Waveform(s) from all Timechunk(s) -------
2026-03-28 03:44:49,556 - INFO - 
2026-03-28 03:44:49,557 - INFO - ------- Welcome to EQCCTPro -------
2026-03-28 03:44:49,557 - INFO - 
2026-03-28 03:44:49,557 - INFO - Running EQCCT over Requested MSeed Files using CPU(s)...
2026-03-28 03:44:49,558 - INFO - GPU disabled (CPU-only).
2026-03-28 03:44:49,558 - INFO - Skipping framework-specific initialization in the driver process.
2026-03-28 03:44:52,010 - INFO - Ray Successfully Initialized with 4 CPU(s) ([0, 1, 2, 3] CPU Affinity Binding).
2026-03-28 03:44:52,010 - INFO - Analyzing 1 time chunk(s) from 2025-10-18 03:59:45 to 2025-10-18 04:00:45 (dt=1min, overlap=0min).
2026-03-28 03:44:52,010 - INFO - Using 1 selected station(s).
2026-03-28 03:44:52,010 - INFO - 
2026-03-28 03:44:52,011 - INFO - ------- Starting EQCCTPro... -------
2026-03-28 03:44:52,011 - INFO - Detailed subprocess information can be found in the log file.
2026-03-28 03:44:52,011 - INFO - 
2026-03-28 03:44:52,385 - INFO - GPU disabled (CPU-only).
2026-03-28 03:44:52,392 - INFO - Skipping framework-specific initialization in the driver process.
2026-03-28 03:44:52,395 - INFO - ------- Hardware Configuration -------
2026-03-28 03:44:52,398 - INFO - CPU affinity set to cores: [0, 1, 2, 3]
2026-03-28 03:44:52,401 - INFO - 
2026-03-28 03:44:52,403 - INFO - ------- Data Preprocessing for EQCCTPro -------
2026-03-28 03:44:52,405 - INFO - 1 station(s) in /home/blackwinter/projects/eqcct/eqcctpro/data/waveforms_earthquakes_nonoise/20251018T035945Z_20251018T040045Z
2026-03-28 03:44:52,408 - INFO - Using 1 selected station(s): ['ALAJF'].
2026-03-28 03:44:52,411 - INFO - Creating model actor(s)...
2026-03-28 03:44:52,414 - INFO - System RAM: Total=7870 MB, Available=5720 MB
2026-03-28 03:44:52,416 - INFO - Usable RAM budget: 7083 MB (90% of total)
2026-03-28 03:44:52,419 - INFO - ===== MEMORY-AWARE CPU ACTOR POOL =====
2026-03-28 03:44:52,422 - INFO - Requested concurrent tasks: 1
2026-03-28 03:44:52,425 - INFO - Available CPUs: 4
2026-03-28 03:44:52,428 - INFO - Available RAM: 7083 MB
2026-03-28 03:44:52,431 - INFO - RAM per model: 2060 MB
2026-03-28 03:44:52,434 - INFO - Max actors by RAM: 3
2026-03-28 03:44:52,437 - INFO - Creating 1 SeisBenchModelActor(s)
2026-03-28 03:44:52,441 - INFO - Let Ray handle scheduling (taskset already restricts CPU visibility)
2026-03-28 03:44:52,444 - INFO - Creating SeisBenchModelActor 1/1 (2.01GB RAM each)...
2026-03-28 03:44:55,448 - INFO - SeisBenchModelActor 1 created successfully.
2026-03-28 03:44:55,451 - INFO - Created 1 CPU actor(s). Task queue will handle concurrency.
2026-03-28 03:44:55,454 - INFO - Starting EQCCTPro parallelized waveform processing...
2026-03-28 03:44:55,457 - INFO - 
2026-03-28 03:44:55,459 - INFO - ------- Analyzing Seismic Waveforms for P and S Picks via SeisBench (EQTransformer - original_nonconservative) -------
2026-03-28 03:44:55,462 - INFO - Analyzing 0:01:00 minute timechunk from 2025-10-18 03:59:45 to 2025-10-18 04:00:45 (0 min overlap)
2026-03-28 03:44:55,464 - INFO - Processing a total of 1 stations, 1 at a time.
2026-03-28 03:44:57,548 - INFO - (1/1) ALAJF: Skipped (already exists - overwrite=False).
2026-03-28 03:44:57,550 - INFO - 
2026-03-28 03:44:57,552 - INFO - ------- Parallel Station Waveform Processing Complete For 2025-10-18 03:59:45 to 2025-10-18 04:00:45 Timechunk-------
2026-03-28 03:44:57,559 - INFO - Successfully ran EQCCTPro, exiting...
2026-03-28 03:44:57,554 - INFO - Picks saved at /home/blackwinter/projects/eqcct/eqcctpro/results/csv/eqt_earthquakes_th0_1/20251018T035945Z_20251018T040045ZProcess Runtime: 2.10 s
2026-03-28 03:44:59,367 - INFO - Ray Successfully Shutdown.
2026-03-28 03:44:59,368 - INFO - ------- Successfully Picked All Waveform(s) from all Timechunk(s) -------
