2026-03-28 21:38:01,808 - INFO - 
2026-03-28 21:38:01,808 - INFO - ------- Welcome to EQCCTPro -------
2026-03-28 21:38:01,808 - INFO - 
2026-03-28 21:38:01,808 - INFO - Running EQCCT over Requested MSeed Files using CPU(s)...
2026-03-28 21:38:01,809 - INFO - GPU disabled (CPU-only).
2026-03-29 08:02:27,119 - INFO - 
2026-03-29 08:02:27,119 - INFO - ------- Welcome to EQCCTPro -------
2026-03-29 08:02:27,119 - INFO - 
2026-03-29 08:02:27,120 - INFO - Running EQCCT over Requested MSeed Files using CPU(s)...
2026-03-29 08:02:27,120 - INFO - GPU disabled (CPU-only).
2026-03-29 08:02:27,120 - INFO - Configured Intra-op threads = 1
2026-03-29 08:02:27,121 - INFO - Configured Inter-op threads = 1
2026-03-29 08:02:27,121 - INFO - TensorFlow: No GPUs visible; TF will proceed on CPU.
2026-03-29 08:02:27,121 - INFO - 
2026-03-29 08:02:32,206 - INFO - Ray Successfully Initialized with 4 CPU(s) ([0, 1, 2, 3] CPU Affinity Binding).
2026-03-29 08:02:32,206 - INFO - Analyzing 1 time chunk(s) from 2025-01-24 11:38:50 to 2025-01-24 11:39:50 (dt=1min, overlap=0min).
2026-03-29 08:02:32,207 - INFO - Using 1 selected station(s).
2026-03-29 08:02:32,207 - INFO - 
2026-03-29 08:02:32,207 - INFO - ------- Starting EQCCTPro... -------
2026-03-29 08:02:32,207 - INFO - Detailed subprocess information can be found in the log file.
2026-03-29 08:02:32,207 - INFO - 
2026-03-29 08:02:32,645 - INFO - GPU disabled (CPU-only).
2026-03-29 08:02:34,290 - INFO - Configured Intra-op threads = 1
2026-03-29 08:02:34,293 - INFO - Configured Inter-op threads = 1
2026-03-29 08:02:34,337 - INFO - TensorFlow: No GPUs visible; TF will proceed on CPU.
2026-03-29 08:02:34,339 - INFO - 
2026-03-29 08:02:34,342 - INFO - ------- Hardware Configuration -------
2026-03-29 08:02:34,345 - INFO - CPU affinity set to cores: [0, 1, 2, 3]
2026-03-29 08:02:34,347 - INFO - 
2026-03-29 08:02:34,350 - INFO - ------- Data Preprocessing for EQCCTPro -------
2026-03-29 08:02:34,353 - INFO - 1 station(s) in /home/blackwinter/projects/eqcct/eqcctpro/data/waveforms_explosions_nonoise/20250124T113850Z_20250124T113950Z
2026-03-29 08:02:34,355 - INFO - Using 1 selected station(s): ['OUL'].
2026-03-29 08:02:34,358 - INFO - Creating model actor(s)...
2026-03-29 08:02:34,361 - INFO - System RAM: Total=7870 MB, Available=2923 MB
2026-03-29 08:02:34,363 - INFO - Usable RAM budget: 7083 MB (90% of total)
2026-03-29 08:02:34,366 - INFO - ===== MEMORY-AWARE CPU ACTOR POOL (EQCCT) =====
2026-03-29 08:02:34,368 - INFO - Requested concurrent tasks: 1
2026-03-29 08:02:34,371 - INFO - Available CPUs: 4
2026-03-29 08:02:34,373 - INFO - Available RAM: 7083 MB
2026-03-29 08:02:34,376 - INFO - RAM per model: 2264 MB
2026-03-29 08:02:34,379 - INFO - Max actors by RAM: 3
2026-03-29 08:02:34,382 - INFO - Creating 1 ModelActor(s)
2026-03-29 08:02:34,384 - INFO - Let Ray handle scheduling (taskset already restricts CPU visibility)
2026-03-29 08:02:34,387 - INFO - Creating ModelActor 1/1 (2.21GB RAM each)...
2026-03-29 08:02:38,771 - INFO - ModelActor 1 created successfully.
2026-03-29 08:02:38,774 - INFO - Created 1 CPU actor(s). Task queue will handle concurrency.
2026-03-29 08:02:38,777 - INFO - Starting EQCCTPro parallelized waveform processing...
2026-03-29 08:02:38,780 - INFO - 
2026-03-29 08:02:38,782 - INFO - ------- Analyzing Seismic Waveforms for P and S Picks via EQCCT -------
2026-03-29 08:02:38,785 - INFO - Analyzing 0:01:00 minute timechunk from 2025-01-24 11:38:50 to 2025-01-24 11:39:50 (0 min overlap)
2026-03-29 08:02:38,788 - INFO - Processing a total of 1 stations, 1 at a time.
2026-03-29 08:02:41,470 - INFO - (1/1) OUL: FAILED reading mSEED.
2026-03-29 08:02:41,473 - INFO - 
2026-03-29 08:02:41,476 - INFO - ------- Parallel Station Waveform Processing Complete For 2025-01-24 11:38:50 to 2025-01-24 11:39:50 Timechunk-------
2026-03-29 08:02:41,478 - INFO - Picks saved at /home/blackwinter/projects/eqcct/eqcctpro/results/csv/eqcct_explosions_th0_1/20250124T113850Z_20250124T113950ZProcess Runtime: 2.70 s
2026-03-29 08:02:41,483 - INFO - Successfully ran EQCCTPro, exiting...
2026-03-29 08:02:43,235 - INFO - Ray Successfully Shutdown.
2026-03-29 08:02:43,236 - INFO - ------- Successfully Picked All Waveform(s) from all Timechunk(s) -------
