2026-03-10 19:36:12,032 - INFO - 
2026-03-10 19:36:12,032 - INFO - ------- Welcome to EQCCTPro -------
2026-03-10 19:36:12,032 - INFO - 
2026-03-10 19:36:12,032 - INFO - Running EQCCT over Requested MSeed Files using CPU(s)...
2026-03-10 19:36:12,033 - INFO - GPU disabled (CPU-only).
2026-03-10 19:36:12,033 - INFO - Configured Intra-op threads = 1
2026-03-10 19:36:12,033 - INFO - Configured Inter-op threads = 1
2026-03-10 19:36:12,033 - INFO - TensorFlow: No GPUs visible; TF will proceed on CPU.
2026-03-10 19:36:12,033 - INFO - 
2026-03-10 19:36:17,557 - INFO - Ray Successfully Initialized with 4 CPU(s) ([0, 1, 2, 3] CPU Affinity Binding).
2026-03-10 19:36:17,557 - INFO - Analyzing 1 time chunk(s) from 2025-01-04 18:17:34 to 2025-01-04 18:18:34 (dt=1min, overlap=0min).
2026-03-10 19:36:17,557 - INFO - Using 1 selected station(s).
2026-03-10 19:36:17,558 - INFO - 
2026-03-10 19:36:17,558 - INFO - ------- Starting EQCCTPro... -------
2026-03-10 19:36:17,558 - INFO - Detailed subprocess information can be found in the log file.
2026-03-10 19:36:17,558 - INFO - 
2026-03-10 19:36:17,964 - INFO - GPU disabled (CPU-only).
2026-03-10 19:36:19,606 - INFO - Configured Intra-op threads = 1
2026-03-10 19:36:19,609 - INFO - Configured Inter-op threads = 1
2026-03-10 19:36:19,654 - INFO - TensorFlow: No GPUs visible; TF will proceed on CPU.
2026-03-10 19:36:19,657 - INFO - 
2026-03-10 19:36:19,659 - INFO - ------- Hardware Configuration -------
2026-03-10 19:36:19,662 - INFO - CPU affinity set to cores: [0, 1, 2, 3]
2026-03-10 19:36:19,665 - INFO - 
2026-03-10 19:36:19,667 - INFO - ------- Data Preprocessing for EQCCTPro -------
2026-03-10 19:36:19,670 - INFO - 1 station(s) in /home/blackwinter/projects/eqcct/eqcctpro/data/waveforms_noise_only/20250104T181734Z_20250104T181834Z
2026-03-10 19:36:19,672 - INFO - Using 1 selected station(s): ['KY17'].
2026-03-10 19:36:19,675 - INFO - Creating model actor(s)...
2026-03-10 19:36:19,677 - INFO - System RAM: Total=7870 MB, Available=3558 MB
2026-03-10 19:36:19,680 - INFO - Usable RAM budget: 7083 MB (90% of total)
2026-03-10 19:36:19,682 - INFO - ===== MEMORY-AWARE CPU ACTOR POOL (EQCCT) =====
2026-03-10 19:36:19,684 - INFO - Requested concurrent tasks: 1
2026-03-10 19:36:19,687 - INFO - Available CPUs: 4
2026-03-10 19:36:19,689 - INFO - Available RAM: 7083 MB
2026-03-10 19:36:19,692 - INFO - RAM per model: 2264 MB
2026-03-10 19:36:19,694 - INFO - Max actors by RAM: 3
2026-03-10 19:36:19,696 - INFO - Creating 1 ModelActor(s)
2026-03-10 19:36:19,699 - INFO - Let Ray handle scheduling (taskset already restricts CPU visibility)
2026-03-10 19:36:19,701 - INFO - Creating ModelActor 1/1 (2.21GB RAM each)...
2026-03-10 19:36:23,735 - INFO - ModelActor 1 created successfully.
2026-03-10 19:36:23,737 - INFO - Created 1 CPU actor(s). Task queue will handle concurrency.
2026-03-10 19:36:23,739 - INFO - Starting EQCCTPro parallelized waveform processing...
2026-03-10 19:36:23,741 - INFO - 
2026-03-10 19:36:23,743 - INFO - ------- Analyzing Seismic Waveforms for P and S Picks via EQCCT -------
2026-03-10 19:36:23,745 - INFO - Analyzing 0:01:00 minute timechunk from 2025-01-04 18:17:34 to 2025-01-04 18:18:34 (0 min overlap)
2026-03-10 19:36:23,747 - INFO - Processing a total of 1 stations, 1 at a time.
2026-03-10 19:36:27,878 - INFO - (1/1) KY17: Finished the prediction in 2.19s. (HP=1.0, LP=45.0)
2026-03-10 19:36:27,880 - INFO - 
2026-03-10 19:36:27,882 - INFO - ------- Parallel Station Waveform Processing Complete For 2025-01-04 18:17:34 to 2025-01-04 18:18:34 Timechunk-------
2026-03-10 19:36:27,883 - INFO - Picks saved at /home/blackwinter/projects/eqcct/eqcctpro/results/csv/bm_noise_only/20250104T181734Z_20250104T181834ZProcess Runtime: 4.14 s
2026-03-10 19:36:27,888 - INFO - Successfully ran EQCCTPro, exiting...
2026-03-10 19:36:29,360 - INFO - Ray Successfully Shutdown.
2026-03-10 19:36:29,361 - INFO - ------- Successfully Picked All Waveform(s) from all Timechunk(s) -------
2026-03-11 10:49:31,254 - INFO - 
2026-03-11 10:49:31,255 - INFO - ------- Welcome to EQCCTPro -------
2026-03-11 10:49:31,255 - INFO - 
2026-03-11 10:49:31,256 - INFO - Running EQCCT over Requested MSeed Files using CPU(s)...
2026-03-11 10:49:31,256 - INFO - GPU disabled (CPU-only).
2026-03-11 10:49:31,256 - INFO - Configured Intra-op threads = 1
2026-03-11 10:49:31,256 - INFO - Configured Inter-op threads = 1
2026-03-11 10:49:31,256 - INFO - TensorFlow: No GPUs visible; TF will proceed on CPU.
2026-03-11 10:49:31,256 - INFO - 
2026-03-11 10:49:36,350 - INFO - Ray Successfully Initialized with 4 CPU(s) ([0, 1, 2, 3] CPU Affinity Binding).
2026-03-11 10:49:36,351 - INFO - Analyzing 1 time chunk(s) from 2025-01-04 18:17:34 to 2025-01-04 18:18:34 (dt=1min, overlap=0min).
2026-03-11 10:49:36,351 - INFO - Using 1 selected station(s).
2026-03-11 10:49:36,351 - INFO - 
2026-03-11 10:49:36,351 - INFO - ------- Starting EQCCTPro... -------
2026-03-11 10:49:36,352 - INFO - Detailed subprocess information can be found in the log file.
2026-03-11 10:49:36,352 - INFO - 
2026-03-11 10:49:36,763 - INFO - GPU disabled (CPU-only).
2026-03-11 10:49:38,264 - INFO - Configured Intra-op threads = 1
2026-03-11 10:49:38,267 - INFO - Configured Inter-op threads = 1
2026-03-11 10:49:38,306 - INFO - TensorFlow: No GPUs visible; TF will proceed on CPU.
2026-03-11 10:49:38,308 - INFO - 
2026-03-11 10:49:38,311 - INFO - ------- Hardware Configuration -------
2026-03-11 10:49:38,313 - INFO - CPU affinity set to cores: [0, 1, 2, 3]
2026-03-11 10:49:38,315 - INFO - 
2026-03-11 10:49:38,317 - INFO - ------- Data Preprocessing for EQCCTPro -------
2026-03-11 10:49:38,319 - INFO - 1 station(s) in /home/blackwinter/projects/eqcct/eqcctpro/data/waveforms_noise_only/20250104T181734Z_20250104T181834Z
2026-03-11 10:49:38,321 - INFO - Using 1 selected station(s): ['KY17'].
2026-03-11 10:49:38,323 - INFO - Creating model actor(s)...
2026-03-11 10:49:38,325 - INFO - System RAM: Total=7870 MB, Available=4349 MB
2026-03-11 10:49:38,327 - INFO - Usable RAM budget: 7083 MB (90% of total)
2026-03-11 10:49:38,329 - INFO - ===== MEMORY-AWARE CPU ACTOR POOL (EQCCT) =====
2026-03-11 10:49:38,330 - INFO - Requested concurrent tasks: 1
2026-03-11 10:49:38,332 - INFO - Available CPUs: 4
2026-03-11 10:49:38,334 - INFO - Available RAM: 7083 MB
2026-03-11 10:49:38,336 - INFO - RAM per model: 2264 MB
2026-03-11 10:49:38,338 - INFO - Max actors by RAM: 3
2026-03-11 10:49:38,340 - INFO - Creating 1 ModelActor(s)
2026-03-11 10:49:38,342 - INFO - Let Ray handle scheduling (taskset already restricts CPU visibility)
2026-03-11 10:49:38,344 - INFO - Creating ModelActor 1/1 (2.21GB RAM each)...
2026-03-11 10:49:42,221 - INFO - ModelActor 1 created successfully.
2026-03-11 10:49:42,223 - INFO - Created 1 CPU actor(s). Task queue will handle concurrency.
2026-03-11 10:49:42,225 - INFO - Starting EQCCTPro parallelized waveform processing...
2026-03-11 10:49:42,227 - INFO - 
2026-03-11 10:49:42,229 - INFO - ------- Analyzing Seismic Waveforms for P and S Picks via EQCCT -------
2026-03-11 10:49:42,232 - INFO - Analyzing 0:01:00 minute timechunk from 2025-01-04 18:17:34 to 2025-01-04 18:18:34 (0 min overlap)
2026-03-11 10:49:42,234 - INFO - Processing a total of 1 stations, 1 at a time.
2026-03-11 10:49:44,113 - INFO - (1/1) KY17: Skipped (already exists - overwrite=False).
2026-03-11 10:49:44,116 - INFO - 
2026-03-11 10:49:44,118 - INFO - ------- Parallel Station Waveform Processing Complete For 2025-01-04 18:17:34 to 2025-01-04 18:18:34 Timechunk-------
2026-03-11 10:49:44,121 - INFO - Picks saved at /home/blackwinter/projects/eqcct/eqcctpro/results/csv/bm_noise_only/20250104T181734Z_20250104T181834ZProcess Runtime: 1.89 s
2026-03-11 10:49:44,127 - INFO - Successfully ran EQCCTPro, exiting...
2026-03-11 10:49:45,586 - INFO - Ray Successfully Shutdown.
2026-03-11 10:49:45,586 - INFO - ------- Successfully Picked All Waveform(s) from all Timechunk(s) -------
