2026-03-20 00:20:32,195 - INFO - 
2026-03-20 00:20:32,195 - INFO - ------- Welcome to EQCCTPro -------
2026-03-20 00:20:32,195 - INFO - 
2026-03-20 00:20:32,196 - INFO - Running EQCCT over Requested MSeed Files using CPU(s)...
2026-03-20 00:20:32,196 - INFO - GPU disabled (CPU-only).
2026-03-20 00:20:32,196 - INFO - Configured Intra-op threads = 1
2026-03-20 00:20:32,197 - INFO - Configured Inter-op threads = 1
2026-03-20 00:20:32,197 - INFO - TensorFlow: No GPUs visible; TF will proceed on CPU.
2026-03-20 00:20:32,197 - INFO - 
2026-03-20 00:20:37,773 - INFO - Ray Successfully Initialized with 4 CPU(s) ([0, 1, 2, 3] CPU Affinity Binding).
2026-03-20 00:20:37,774 - INFO - Analyzing 1 time chunk(s) from 2025-03-16 03:02:54 to 2025-03-16 03:03:54 (dt=1min, overlap=0min).
2026-03-20 00:20:37,774 - INFO - Using 1 selected station(s).
2026-03-20 00:20:37,774 - INFO - 
2026-03-20 00:20:37,774 - INFO - ------- Starting EQCCTPro... -------
2026-03-20 00:20:37,775 - INFO - Detailed subprocess information can be found in the log file.
2026-03-20 00:20:37,775 - INFO - 
2026-03-20 00:20:38,152 - INFO - GPU disabled (CPU-only).
2026-03-20 00:20:39,716 - INFO - Configured Intra-op threads = 1
2026-03-20 00:20:39,719 - INFO - Configured Inter-op threads = 1
2026-03-20 00:20:39,762 - INFO - TensorFlow: No GPUs visible; TF will proceed on CPU.
2026-03-20 00:20:39,764 - INFO - 
2026-03-20 00:20:39,766 - INFO - ------- Hardware Configuration -------
2026-03-20 00:20:39,768 - INFO - CPU affinity set to cores: [0, 1, 2, 3]
2026-03-20 00:20:39,770 - INFO - 
2026-03-20 00:20:39,772 - INFO - ------- Data Preprocessing for EQCCTPro -------
2026-03-20 00:20:39,773 - INFO - 1 station(s) in /home/blackwinter/projects/eqcct/eqcctpro/data/waveforms_earthquakes_nonoise/20250316T030254Z_20250316T030354Z
2026-03-20 00:20:39,775 - INFO - Using 1 selected station(s): ['SGF'].
2026-03-20 00:20:39,777 - INFO - Creating model actor(s)...
2026-03-20 00:20:39,779 - INFO - System RAM: Total=7870 MB, Available=2439 MB
2026-03-20 00:20:39,781 - INFO - Usable RAM budget: 7083 MB (90% of total)
2026-03-20 00:20:39,782 - INFO - ===== MEMORY-AWARE CPU ACTOR POOL (EQCCT) =====
2026-03-20 00:20:39,784 - INFO - Requested concurrent tasks: 1
2026-03-20 00:20:39,786 - INFO - Available CPUs: 4
2026-03-20 00:20:39,788 - INFO - Available RAM: 7083 MB
2026-03-20 00:20:39,790 - INFO - RAM per model: 2264 MB
2026-03-20 00:20:39,792 - INFO - Max actors by RAM: 3
2026-03-20 00:20:39,795 - INFO - Creating 1 ModelActor(s)
2026-03-20 00:20:39,797 - INFO - Let Ray handle scheduling (taskset already restricts CPU visibility)
2026-03-20 00:20:39,799 - INFO - Creating ModelActor 1/1 (2.21GB RAM each)...
2026-03-20 00:20:43,734 - INFO - ModelActor 1 created successfully.
2026-03-20 00:20:43,736 - INFO - Created 1 CPU actor(s). Task queue will handle concurrency.
2026-03-20 00:20:43,738 - INFO - Starting EQCCTPro parallelized waveform processing...
2026-03-20 00:20:43,741 - INFO - 
2026-03-20 00:20:43,743 - INFO - ------- Analyzing Seismic Waveforms for P and S Picks via EQCCT -------
2026-03-20 00:20:43,745 - INFO - Analyzing 0:01:00 minute timechunk from 2025-03-16 03:02:54 to 2025-03-16 03:03:54 (0 min overlap)
2026-03-20 00:20:43,747 - INFO - Processing a total of 1 stations, 1 at a time.
2026-03-20 00:20:47,758 - INFO - (1/1) SGF: Finished the prediction in 2.12s. (HP=1.0, LP=45.0)
2026-03-20 00:20:47,760 - INFO - 
2026-03-20 00:20:47,762 - INFO - ------- Parallel Station Waveform Processing Complete For 2025-03-16 03:02:54 to 2025-03-16 03:03:54 Timechunk-------
2026-03-20 00:20:47,764 - INFO - Picks saved at /home/blackwinter/projects/eqcct/eqcctpro/results/csv/eqcct_earthquakes_th0_1/20250316T030254Z_20250316T030354ZProcess Runtime: 4.02 s
2026-03-20 00:20:47,769 - INFO - Successfully ran EQCCTPro, exiting...
2026-03-20 00:20:49,318 - INFO - Ray Successfully Shutdown.
2026-03-20 00:20:49,318 - INFO - ------- Successfully Picked All Waveform(s) from all Timechunk(s) -------
