2026-03-10 20:47:45,789 - INFO - 
2026-03-10 20:47:45,789 - INFO - ------- Welcome to EQCCTPro -------
2026-03-10 20:47:45,790 - INFO - 
2026-03-10 20:47:45,790 - INFO - Running EQCCT over Requested MSeed Files using CPU(s)...
2026-03-10 20:47:45,790 - INFO - GPU disabled (CPU-only).
2026-03-10 20:47:45,791 - INFO - Configured Intra-op threads = 1
2026-03-10 20:47:45,791 - INFO - Configured Inter-op threads = 1
2026-03-10 20:47:45,791 - INFO - TensorFlow: No GPUs visible; TF will proceed on CPU.
2026-03-10 20:47:45,791 - INFO - 
2026-03-10 20:47:51,193 - INFO - Ray Successfully Initialized with 4 CPU(s) ([0, 1, 2, 3] CPU Affinity Binding).
2026-03-10 20:47:51,193 - INFO - Analyzing 1 time chunk(s) from 2025-01-06 04:18:16 to 2025-01-06 04:19:16 (dt=1min, overlap=0min).
2026-03-10 20:47:51,194 - INFO - Using 1 selected station(s).
2026-03-10 20:47:51,194 - INFO - 
2026-03-10 20:47:51,194 - INFO - ------- Starting EQCCTPro... -------
2026-03-10 20:47:51,194 - INFO - Detailed subprocess information can be found in the log file.
2026-03-10 20:47:51,194 - INFO - 
2026-03-10 20:47:51,570 - INFO - GPU disabled (CPU-only).
2026-03-10 20:47:53,063 - INFO - Configured Intra-op threads = 1
2026-03-10 20:47:53,065 - INFO - Configured Inter-op threads = 1
2026-03-10 20:47:53,104 - INFO - TensorFlow: No GPUs visible; TF will proceed on CPU.
2026-03-10 20:47:53,107 - INFO - 
2026-03-10 20:47:53,109 - INFO - ------- Hardware Configuration -------
2026-03-10 20:47:53,112 - INFO - CPU affinity set to cores: [0, 1, 2, 3]
2026-03-10 20:47:53,115 - INFO - 
2026-03-10 20:47:53,117 - INFO - ------- Data Preprocessing for EQCCTPro -------
2026-03-10 20:47:53,120 - INFO - 1 station(s) in /home/blackwinter/projects/eqcct/eqcctpro/data/waveforms_noise_only/20250106T041816Z_20250106T041916Z
2026-03-10 20:47:53,122 - INFO - Using 1 selected station(s): ['RNF'].
2026-03-10 20:47:53,123 - INFO - Creating model actor(s)...
2026-03-10 20:47:53,125 - INFO - System RAM: Total=7870 MB, Available=3210 MB
2026-03-10 20:47:53,127 - INFO - Usable RAM budget: 7083 MB (90% of total)
2026-03-10 20:47:53,129 - INFO - ===== MEMORY-AWARE CPU ACTOR POOL (EQCCT) =====
2026-03-10 20:47:53,131 - INFO - Requested concurrent tasks: 1
2026-03-10 20:47:53,133 - INFO - Available CPUs: 4
2026-03-10 20:47:53,135 - INFO - Available RAM: 7083 MB
2026-03-10 20:47:53,138 - INFO - RAM per model: 2264 MB
2026-03-10 20:47:53,140 - INFO - Max actors by RAM: 3
2026-03-10 20:47:53,142 - INFO - Creating 1 ModelActor(s)
2026-03-10 20:47:53,145 - INFO - Let Ray handle scheduling (taskset already restricts CPU visibility)
2026-03-10 20:47:53,148 - INFO - Creating ModelActor 1/1 (2.21GB RAM each)...
2026-03-10 20:47:57,088 - INFO - ModelActor 1 created successfully.
2026-03-10 20:47:57,091 - INFO - Created 1 CPU actor(s). Task queue will handle concurrency.
2026-03-10 20:47:57,093 - INFO - Starting EQCCTPro parallelized waveform processing...
2026-03-10 20:47:57,096 - INFO - 
2026-03-10 20:47:57,098 - INFO - ------- Analyzing Seismic Waveforms for P and S Picks via EQCCT -------
2026-03-10 20:47:57,100 - INFO - Analyzing 0:01:00 minute timechunk from 2025-01-06 04:18:16 to 2025-01-06 04:19:16 (0 min overlap)
2026-03-10 20:47:57,103 - INFO - Processing a total of 1 stations, 1 at a time.
2026-03-10 20:47:59,507 - INFO - (1/1) RNF: FAILED reading mSEED.
2026-03-10 20:47:59,510 - INFO - 
2026-03-10 20:47:59,512 - INFO - ------- Parallel Station Waveform Processing Complete For 2025-01-06 04:18:16 to 2025-01-06 04:19:16 Timechunk-------
2026-03-10 20:47:59,513 - INFO - Picks saved at /home/blackwinter/projects/eqcct/eqcctpro/results/csv/bm_noise_only/20250106T041816Z_20250106T041916ZProcess Runtime: 2.42 s
2026-03-10 20:47:59,518 - INFO - Successfully ran EQCCTPro, exiting...
2026-03-10 20:48:00,996 - INFO - Ray Successfully Shutdown.
2026-03-10 20:48:00,996 - INFO - ------- Successfully Picked All Waveform(s) from all Timechunk(s) -------
2026-03-11 11:50:15,241 - INFO - 
2026-03-11 11:50:15,248 - INFO - ------- Welcome to EQCCTPro -------
2026-03-11 11:50:15,248 - INFO - 
2026-03-11 11:50:15,249 - INFO - Running EQCCT over Requested MSeed Files using CPU(s)...
2026-03-11 11:50:15,249 - INFO - GPU disabled (CPU-only).
2026-03-11 11:50:15,249 - INFO - Configured Intra-op threads = 1
2026-03-11 11:50:15,249 - INFO - Configured Inter-op threads = 1
2026-03-11 11:50:15,249 - INFO - TensorFlow: No GPUs visible; TF will proceed on CPU.
2026-03-11 11:50:15,249 - INFO - 
2026-03-11 11:50:20,607 - INFO - Ray Successfully Initialized with 4 CPU(s) ([0, 1, 2, 3] CPU Affinity Binding).
2026-03-11 11:50:20,608 - INFO - Analyzing 1 time chunk(s) from 2025-01-06 04:18:16 to 2025-01-06 04:19:16 (dt=1min, overlap=0min).
2026-03-11 11:50:20,608 - INFO - Using 1 selected station(s).
2026-03-11 11:50:20,608 - INFO - 
2026-03-11 11:50:20,608 - INFO - ------- Starting EQCCTPro... -------
2026-03-11 11:50:20,608 - INFO - Detailed subprocess information can be found in the log file.
2026-03-11 11:50:20,609 - INFO - 
2026-03-11 11:50:20,960 - INFO - GPU disabled (CPU-only).
2026-03-11 11:50:22,469 - INFO - Configured Intra-op threads = 1
2026-03-11 11:50:22,472 - INFO - Configured Inter-op threads = 1
2026-03-11 11:50:22,513 - INFO - TensorFlow: No GPUs visible; TF will proceed on CPU.
2026-03-11 11:50:22,515 - INFO - 
2026-03-11 11:50:22,518 - INFO - ------- Hardware Configuration -------
2026-03-11 11:50:22,520 - INFO - CPU affinity set to cores: [0, 1, 2, 3]
2026-03-11 11:50:22,522 - INFO - 
2026-03-11 11:50:22,524 - INFO - ------- Data Preprocessing for EQCCTPro -------
2026-03-11 11:50:22,525 - INFO - 1 station(s) in /home/blackwinter/projects/eqcct/eqcctpro/data/waveforms_noise_only/20250106T041816Z_20250106T041916Z
2026-03-11 11:50:22,527 - INFO - Using 1 selected station(s): ['RNF'].
2026-03-11 11:50:22,529 - INFO - Creating model actor(s)...
2026-03-11 11:50:22,531 - INFO - System RAM: Total=7870 MB, Available=3975 MB
2026-03-11 11:50:22,533 - INFO - Usable RAM budget: 7083 MB (90% of total)
2026-03-11 11:50:22,535 - INFO - ===== MEMORY-AWARE CPU ACTOR POOL (EQCCT) =====
2026-03-11 11:50:22,537 - INFO - Requested concurrent tasks: 1
2026-03-11 11:50:22,540 - INFO - Available CPUs: 4
2026-03-11 11:50:22,542 - INFO - Available RAM: 7083 MB
2026-03-11 11:50:22,544 - INFO - RAM per model: 2264 MB
2026-03-11 11:50:22,546 - INFO - Max actors by RAM: 3
2026-03-11 11:50:22,549 - INFO - Creating 1 ModelActor(s)
2026-03-11 11:50:22,551 - INFO - Let Ray handle scheduling (taskset already restricts CPU visibility)
2026-03-11 11:50:22,553 - INFO - Creating ModelActor 1/1 (2.21GB RAM each)...
2026-03-11 11:50:26,465 - INFO - ModelActor 1 created successfully.
2026-03-11 11:50:26,467 - INFO - Created 1 CPU actor(s). Task queue will handle concurrency.
2026-03-11 11:50:26,470 - INFO - Starting EQCCTPro parallelized waveform processing...
2026-03-11 11:50:26,472 - INFO - 
2026-03-11 11:50:26,474 - INFO - ------- Analyzing Seismic Waveforms for P and S Picks via EQCCT -------
2026-03-11 11:50:26,477 - INFO - Analyzing 0:01:00 minute timechunk from 2025-01-06 04:18:16 to 2025-01-06 04:19:16 (0 min overlap)
2026-03-11 11:50:26,479 - INFO - Processing a total of 1 stations, 1 at a time.
2026-03-11 11:50:28,402 - INFO - (1/1) RNF: Skipped (already exists - overwrite=False).
2026-03-11 11:50:28,405 - INFO - 
2026-03-11 11:50:28,407 - INFO - ------- Parallel Station Waveform Processing Complete For 2025-01-06 04:18:16 to 2025-01-06 04:19:16 Timechunk-------
2026-03-11 11:50:28,409 - INFO - Picks saved at /home/blackwinter/projects/eqcct/eqcctpro/results/csv/bm_noise_only/20250106T041816Z_20250106T041916ZProcess Runtime: 1.93 s
2026-03-11 11:50:28,413 - INFO - Successfully ran EQCCTPro, exiting...
2026-03-11 11:50:29,864 - INFO - Ray Successfully Shutdown.
2026-03-11 11:50:29,864 - INFO - ------- Successfully Picked All Waveform(s) from all Timechunk(s) -------
