2026-03-27 19:43:36,846 - INFO - 
2026-03-27 19:43:36,846 - INFO - ------- Welcome to EQCCTPro -------
2026-03-27 19:43:36,846 - INFO - 
2026-03-27 19:43:36,847 - INFO - Running EQCCT over Requested MSeed Files using CPU(s)...
2026-03-27 19:43:36,847 - INFO - GPU disabled (CPU-only).
2026-03-27 19:43:36,847 - INFO - Skipping framework-specific initialization in the driver process.
2026-03-27 19:43:39,280 - INFO - Ray Successfully Initialized with 4 CPU(s) ([0, 1, 2, 3] CPU Affinity Binding).
2026-03-27 19:43:39,280 - INFO - Analyzing 1 time chunk(s) from 2025-07-11 14:01:10 to 2025-07-11 14:02:10 (dt=1min, overlap=0min).
2026-03-27 19:43:39,280 - INFO - Using 1 selected station(s).
2026-03-27 19:43:39,280 - INFO - 
2026-03-27 19:43:39,281 - INFO - ------- Starting EQCCTPro... -------
2026-03-27 19:43:39,281 - INFO - Detailed subprocess information can be found in the log file.
2026-03-27 19:43:39,281 - INFO - 
2026-03-27 19:43:39,679 - INFO - GPU disabled (CPU-only).
2026-03-27 19:43:39,687 - INFO - Skipping framework-specific initialization in the driver process.
2026-03-27 19:43:39,691 - INFO - ------- Hardware Configuration -------
2026-03-27 19:43:39,695 - INFO - CPU affinity set to cores: [0, 1, 2, 3]
2026-03-27 19:43:39,698 - INFO - 
2026-03-27 19:43:39,701 - INFO - ------- Data Preprocessing for EQCCTPro -------
2026-03-27 19:43:39,705 - INFO - 1 station(s) in /home/blackwinter/projects/eqcct/eqcctpro/data/waveforms_earthquakes_nonoise/20250711T140110Z_20250711T140210Z
2026-03-27 19:43:39,708 - INFO - Using 1 selected station(s): ['RNF'].
2026-03-27 19:43:39,711 - INFO - Creating model actor(s)...
2026-03-27 19:43:39,714 - INFO - System RAM: Total=7870 MB, Available=5945 MB
2026-03-27 19:43:39,717 - INFO - Usable RAM budget: 7083 MB (90% of total)
2026-03-27 19:43:39,719 - INFO - ===== MEMORY-AWARE CPU ACTOR POOL =====
2026-03-27 19:43:39,723 - INFO - Requested concurrent tasks: 1
2026-03-27 19:43:39,726 - INFO - Available CPUs: 4
2026-03-27 19:43:39,728 - INFO - Available RAM: 7083 MB
2026-03-27 19:43:39,731 - INFO - RAM per model: 2060 MB
2026-03-27 19:43:39,734 - INFO - Max actors by RAM: 3
2026-03-27 19:43:39,736 - INFO - Creating 1 SeisBenchModelActor(s)
2026-03-27 19:43:39,739 - INFO - Let Ray handle scheduling (taskset already restricts CPU visibility)
2026-03-27 19:43:39,741 - INFO - Creating SeisBenchModelActor 1/1 (2.01GB RAM each)...
2026-03-27 19:43:42,780 - INFO - SeisBenchModelActor 1 created successfully.
2026-03-27 19:43:42,785 - INFO - Created 1 CPU actor(s). Task queue will handle concurrency.
2026-03-27 19:43:42,789 - INFO - Starting EQCCTPro parallelized waveform processing...
2026-03-27 19:43:42,791 - INFO - 
2026-03-27 19:43:42,794 - INFO - ------- Analyzing Seismic Waveforms for P and S Picks via SeisBench (EQTransformer - original_nonconservative) -------
2026-03-27 19:43:42,797 - INFO - Analyzing 0:01:00 minute timechunk from 2025-07-11 14:01:10 to 2025-07-11 14:02:10 (0 min overlap)
2026-03-27 19:43:42,799 - INFO - Processing a total of 1 stations, 1 at a time.
2026-03-27 19:43:44,987 - INFO - (1/1) RNF: Finished the prediction in 0.14s. (HP=1.0, LP=45.0, picks=0)
2026-03-27 19:43:44,990 - INFO - 
2026-03-27 19:43:44,993 - INFO - ------- Parallel Station Waveform Processing Complete For 2025-07-11 14:01:10 to 2025-07-11 14:02:10 Timechunk-------
2026-03-27 19:43:44,996 - INFO - Picks saved at /home/blackwinter/projects/eqcct/eqcctpro/results/csv/eqt_earthquakes_th0_1/20250711T140110Z_20250711T140210ZProcess Runtime: 2.20 s
2026-03-27 19:43:45,002 - INFO - Successfully ran EQCCTPro, exiting...
2026-03-27 19:43:46,846 - INFO - Ray Successfully Shutdown.
2026-03-27 19:43:46,846 - INFO - ------- Successfully Picked All Waveform(s) from all Timechunk(s) -------
2026-03-28 02:10:26,967 - INFO - 
2026-03-28 02:10:26,967 - INFO - ------- Welcome to EQCCTPro -------
2026-03-28 02:10:26,967 - INFO - 
2026-03-28 02:10:26,968 - INFO - Running EQCCT over Requested MSeed Files using CPU(s)...
2026-03-28 02:10:26,969 - INFO - GPU disabled (CPU-only).
2026-03-28 02:10:26,969 - INFO - Skipping framework-specific initialization in the driver process.
2026-03-28 02:10:29,360 - INFO - Ray Successfully Initialized with 4 CPU(s) ([0, 1, 2, 3] CPU Affinity Binding).
2026-03-28 02:10:29,360 - INFO - Analyzing 1 time chunk(s) from 2025-07-11 14:01:10 to 2025-07-11 14:02:10 (dt=1min, overlap=0min).
2026-03-28 02:10:29,360 - INFO - Using 1 selected station(s).
2026-03-28 02:10:29,360 - INFO - 
2026-03-28 02:10:29,361 - INFO - ------- Starting EQCCTPro... -------
2026-03-28 02:10:29,361 - INFO - Detailed subprocess information can be found in the log file.
2026-03-28 02:10:29,361 - INFO - 
2026-03-28 02:10:29,651 - INFO - GPU disabled (CPU-only).
2026-03-28 02:10:29,656 - INFO - Skipping framework-specific initialization in the driver process.
2026-03-28 02:10:29,659 - INFO - ------- Hardware Configuration -------
2026-03-28 02:10:29,662 - INFO - CPU affinity set to cores: [0, 1, 2, 3]
2026-03-28 02:10:29,665 - INFO - 
2026-03-28 02:10:29,671 - INFO - ------- Data Preprocessing for EQCCTPro -------
2026-03-28 02:10:29,673 - INFO - 1 station(s) in /home/blackwinter/projects/eqcct/eqcctpro/data/waveforms_earthquakes_nonoise/20250711T140110Z_20250711T140210Z
2026-03-28 02:10:29,677 - INFO - Using 1 selected station(s): ['RNF'].
2026-03-28 02:10:29,680 - INFO - Creating model actor(s)...
2026-03-28 02:10:29,684 - INFO - System RAM: Total=7870 MB, Available=5768 MB
2026-03-28 02:10:29,687 - INFO - Usable RAM budget: 7083 MB (90% of total)
2026-03-28 02:10:29,691 - INFO - ===== MEMORY-AWARE CPU ACTOR POOL =====
2026-03-28 02:10:29,694 - INFO - Requested concurrent tasks: 1
2026-03-28 02:10:29,698 - INFO - Available CPUs: 4
2026-03-28 02:10:29,702 - INFO - Available RAM: 7083 MB
2026-03-28 02:10:29,705 - INFO - RAM per model: 2060 MB
2026-03-28 02:10:29,708 - INFO - Max actors by RAM: 3
2026-03-28 02:10:29,711 - INFO - Creating 1 SeisBenchModelActor(s)
2026-03-28 02:10:29,713 - INFO - Let Ray handle scheduling (taskset already restricts CPU visibility)
2026-03-28 02:10:29,717 - INFO - Creating SeisBenchModelActor 1/1 (2.01GB RAM each)...
2026-03-28 02:10:32,911 - INFO - SeisBenchModelActor 1 created successfully.
2026-03-28 02:10:32,913 - INFO - Created 1 CPU actor(s). Task queue will handle concurrency.
2026-03-28 02:10:32,916 - INFO - Starting EQCCTPro parallelized waveform processing...
2026-03-28 02:10:32,918 - INFO - 
2026-03-28 02:10:32,922 - INFO - ------- Analyzing Seismic Waveforms for P and S Picks via SeisBench (EQTransformer - original_nonconservative) -------
2026-03-28 02:10:32,926 - INFO - Analyzing 0:01:00 minute timechunk from 2025-07-11 14:01:10 to 2025-07-11 14:02:10 (0 min overlap)
2026-03-28 02:10:32,928 - INFO - Processing a total of 1 stations, 1 at a time.
2026-03-28 02:10:35,162 - INFO - (1/1) RNF: Skipped (already exists - overwrite=False).
2026-03-28 02:10:35,165 - INFO - 
2026-03-28 02:10:35,167 - INFO - ------- Parallel Station Waveform Processing Complete For 2025-07-11 14:01:10 to 2025-07-11 14:02:10 Timechunk-------
2026-03-28 02:10:35,176 - INFO - Successfully ran EQCCTPro, exiting...
2026-03-28 02:10:35,169 - INFO - Picks saved at /home/blackwinter/projects/eqcct/eqcctpro/results/csv/eqt_earthquakes_th0_1/20250711T140110Z_20250711T140210ZProcess Runtime: 2.25 s
2026-03-28 02:10:36,785 - INFO - Ray Successfully Shutdown.
2026-03-28 02:10:36,785 - INFO - ------- Successfully Picked All Waveform(s) from all Timechunk(s) -------
