2026-02-27 03:13:16,476 - INFO - 
2026-02-27 03:13:16,476 - INFO - ------- Welcome to EQCCTPro -------
2026-02-27 03:13:16,476 - INFO - 
2026-02-27 03:13:16,477 - INFO - Running EQCCT over Requested MSeed Files using CPU(s)...
2026-02-27 03:13:16,477 - INFO - GPU disabled (CPU-only).
2026-02-27 03:13:16,477 - INFO - Configured Intra-op threads = 1
2026-02-27 03:13:16,478 - INFO - Configured Inter-op threads = 1
2026-02-27 03:13:16,478 - INFO - TensorFlow: No GPUs visible; TF will proceed on CPU.
2026-02-27 03:13:16,478 - INFO - 
2026-02-27 03:13:21,941 - INFO - Ray Successfully Initialized with 4 CPU(s) ([0, 1, 2, 3] CPU Affinity Binding).
2026-02-27 03:13:21,942 - INFO - Analyzing 1 time chunk(s) from 2025-01-17 12:40:05 to 2025-01-17 12:41:05 (dt=1min, overlap=0min).
2026-02-27 03:13:21,942 - INFO - Using 1 selected station(s).
2026-02-27 03:13:21,942 - INFO - 
2026-02-27 03:13:21,942 - INFO - ------- Starting EQCCTPro... -------
2026-02-27 03:13:21,942 - INFO - Detailed subprocess information can be found in the log file.
2026-02-27 03:13:21,943 - INFO - 
2026-02-27 03:13:22,401 - INFO - GPU disabled (CPU-only).
2026-02-27 03:13:23,997 - INFO - Configured Intra-op threads = 1
2026-02-27 03:13:24,000 - INFO - Configured Inter-op threads = 1
2026-02-27 03:13:24,040 - INFO - TensorFlow: No GPUs visible; TF will proceed on CPU.
2026-02-27 03:13:24,042 - INFO - 
2026-02-27 03:13:24,044 - INFO - ------- Hardware Configuration -------
2026-02-27 03:13:24,046 - INFO - CPU affinity set to cores: [0, 1, 2, 3]
2026-02-27 03:13:24,048 - INFO - 
2026-02-27 03:13:24,050 - INFO - ------- Data Preprocessing for EQCCTPro -------
2026-02-27 03:13:24,051 - INFO - 1 station(s) in /home/blackwinter/projects/eqcct/eqcctpro/data/waveforms_explosions_nonoise/20250117T124005Z_20250117T124105Z
2026-02-27 03:13:24,053 - INFO - Using 1 selected station(s): ['HEF'].
2026-02-27 03:13:24,055 - INFO - Creating model actor(s)...
2026-02-27 03:13:24,058 - INFO - System RAM: Total=7870 MB, Available=2722 MB
2026-02-27 03:13:24,060 - INFO - Usable RAM budget: 7083 MB (90% of total)
2026-02-27 03:13:24,062 - INFO - ===== MEMORY-AWARE CPU ACTOR POOL (EQCCT) =====
2026-02-27 03:13:24,064 - INFO - Requested concurrent tasks: 1
2026-02-27 03:13:24,066 - INFO - Available CPUs: 4
2026-02-27 03:13:24,069 - INFO - Available RAM: 7083 MB
2026-02-27 03:13:24,071 - INFO - RAM per model: 2264 MB
2026-02-27 03:13:24,073 - INFO - Max actors by RAM: 3
2026-02-27 03:13:24,075 - INFO - Creating 1 ModelActor(s)
2026-02-27 03:13:24,077 - INFO - Let Ray handle scheduling (taskset already restricts CPU visibility)
2026-02-27 03:13:24,079 - INFO - Creating ModelActor 1/1 (2.21GB RAM each)...
2026-02-27 03:13:28,018 - INFO - ModelActor 1 created successfully.
2026-02-27 03:13:28,021 - INFO - Created 1 CPU actor(s). Task queue will handle concurrency.
2026-02-27 03:13:28,023 - INFO - Starting EQCCTPro parallelized waveform processing...
2026-02-27 03:13:28,025 - INFO - 
2026-02-27 03:13:28,027 - INFO - ------- Analyzing Seismic Waveforms for P and S Picks via EQCCT -------
2026-02-27 03:13:28,029 - INFO - Analyzing 0:01:00 minute timechunk from 2025-01-17 12:40:05 to 2025-01-17 12:41:05 (0 min overlap)
2026-02-27 03:13:28,031 - INFO - Processing a total of 1 stations, 1 at a time.
2026-02-27 03:13:32,046 - INFO - (1/1) HEF: Finished the prediction in 2.1s. (HP=1.0, LP=45.0)
2026-02-27 03:13:32,049 - INFO - 
2026-02-27 03:13:32,051 - INFO - ------- Parallel Station Waveform Processing Complete For 2025-01-17 12:40:05 to 2025-01-17 12:41:05 Timechunk-------
2026-02-27 03:13:32,054 - INFO - Picks saved at /home/blackwinter/projects/eqcct/eqcctpro/results/csv/bm_explosions/20250117T124005Z_20250117T124105ZProcess Runtime: 4.03 s
2026-02-27 03:13:32,058 - INFO - Successfully ran EQCCTPro, exiting...
2026-02-27 03:13:33,583 - INFO - Ray Successfully Shutdown.
2026-02-27 03:13:33,583 - INFO - ------- Successfully Picked All Waveform(s) from all Timechunk(s) -------
2026-02-27 10:05:54,364 - INFO - 
2026-02-27 10:05:54,364 - INFO - ------- Welcome to EQCCTPro -------
2026-02-27 10:05:54,364 - INFO - 
2026-02-27 10:05:54,365 - INFO - Running EQCCT over Requested MSeed Files using CPU(s)...
2026-02-27 10:05:54,365 - INFO - GPU disabled (CPU-only).
2026-02-27 10:05:54,366 - INFO - Configured Intra-op threads = 1
2026-02-27 10:05:54,366 - INFO - Configured Inter-op threads = 1
2026-02-27 10:05:54,366 - INFO - TensorFlow: No GPUs visible; TF will proceed on CPU.
2026-02-27 10:05:54,366 - INFO - 
2026-02-27 10:05:59,557 - INFO - Ray Successfully Initialized with 4 CPU(s) ([0, 1, 2, 3] CPU Affinity Binding).
2026-02-27 10:05:59,557 - INFO - Analyzing 1 time chunk(s) from 2025-01-17 12:40:05 to 2025-01-17 12:41:05 (dt=1min, overlap=0min).
2026-02-27 10:05:59,557 - INFO - Using 1 selected station(s).
2026-02-27 10:05:59,557 - INFO - 
2026-02-27 10:05:59,557 - INFO - ------- Starting EQCCTPro... -------
2026-02-27 10:05:59,557 - INFO - Detailed subprocess information can be found in the log file.
2026-02-27 10:05:59,557 - INFO - 
2026-02-27 10:05:59,904 - INFO - GPU disabled (CPU-only).
2026-02-27 10:06:01,402 - INFO - Configured Intra-op threads = 1
2026-02-27 10:06:01,405 - INFO - Configured Inter-op threads = 1
2026-02-27 10:06:01,442 - INFO - TensorFlow: No GPUs visible; TF will proceed on CPU.
2026-02-27 10:06:01,445 - INFO - 
2026-02-27 10:06:01,447 - INFO - ------- Hardware Configuration -------
2026-02-27 10:06:01,449 - INFO - CPU affinity set to cores: [0, 1, 2, 3]
2026-02-27 10:06:01,450 - INFO - 
2026-02-27 10:06:01,452 - INFO - ------- Data Preprocessing for EQCCTPro -------
2026-02-27 10:06:01,454 - INFO - 1 station(s) in /home/blackwinter/projects/eqcct/eqcctpro/data/waveforms_explosions_nonoise/20250117T124005Z_20250117T124105Z
2026-02-27 10:06:01,455 - INFO - Using 1 selected station(s): ['HEF'].
2026-02-27 10:06:01,457 - INFO - Creating model actor(s)...
2026-02-27 10:06:01,459 - INFO - System RAM: Total=7870 MB, Available=2667 MB
2026-02-27 10:06:01,462 - INFO - Usable RAM budget: 7083 MB (90% of total)
2026-02-27 10:06:01,464 - INFO - ===== MEMORY-AWARE CPU ACTOR POOL (EQCCT) =====
2026-02-27 10:06:01,466 - INFO - Requested concurrent tasks: 1
2026-02-27 10:06:01,469 - INFO - Available CPUs: 4
2026-02-27 10:06:01,471 - INFO - Available RAM: 7083 MB
2026-02-27 10:06:01,473 - INFO - RAM per model: 2264 MB
2026-02-27 10:06:01,476 - INFO - Max actors by RAM: 3
2026-02-27 10:06:01,478 - INFO - Creating 1 ModelActor(s)
2026-02-27 10:06:01,480 - INFO - Let Ray handle scheduling (taskset already restricts CPU visibility)
2026-02-27 10:06:01,482 - INFO - Creating ModelActor 1/1 (2.21GB RAM each)...
2026-02-27 10:06:05,528 - INFO - ModelActor 1 created successfully.
2026-02-27 10:06:05,532 - INFO - Created 1 CPU actor(s). Task queue will handle concurrency.
2026-02-27 10:06:05,535 - INFO - Starting EQCCTPro parallelized waveform processing...
2026-02-27 10:06:05,537 - INFO - 
2026-02-27 10:06:05,540 - INFO - ------- Analyzing Seismic Waveforms for P and S Picks via EQCCT -------
2026-02-27 10:06:05,543 - INFO - Analyzing 0:01:00 minute timechunk from 2025-01-17 12:40:05 to 2025-01-17 12:41:05 (0 min overlap)
2026-02-27 10:06:05,545 - INFO - Processing a total of 1 stations, 1 at a time.
2026-02-27 10:06:07,442 - INFO - (1/1) HEF: Skipped (already exists - overwrite=False).
2026-02-27 10:06:07,444 - INFO - 
2026-02-27 10:06:07,447 - INFO - ------- Parallel Station Waveform Processing Complete For 2025-01-17 12:40:05 to 2025-01-17 12:41:05 Timechunk-------
2026-02-27 10:06:07,449 - INFO - Picks saved at /home/blackwinter/projects/eqcct/eqcctpro/results/csv/bm_explosions/20250117T124005Z_20250117T124105ZProcess Runtime: 1.91 s
2026-02-27 10:06:07,453 - INFO - Successfully ran EQCCTPro, exiting...
2026-02-27 10:06:09,071 - INFO - Ray Successfully Shutdown.
2026-02-27 10:06:09,071 - INFO - ------- Successfully Picked All Waveform(s) from all Timechunk(s) -------
