2026-03-10 17:50:30,263 - INFO - 
2026-03-10 17:50:30,264 - INFO - ------- Welcome to EQCCTPro -------
2026-03-10 17:50:30,264 - INFO - 
2026-03-10 17:50:30,264 - INFO - Running EQCCT over Requested MSeed Files using CPU(s)...
2026-03-10 17:50:30,264 - INFO - GPU disabled (CPU-only).
2026-03-10 17:50:30,265 - INFO - Configured Intra-op threads = 1
2026-03-10 17:50:30,265 - INFO - Configured Inter-op threads = 1
2026-03-10 17:50:30,265 - INFO - TensorFlow: No GPUs visible; TF will proceed on CPU.
2026-03-10 17:50:30,265 - INFO - 
2026-03-10 17:50:35,729 - INFO - Ray Successfully Initialized with 4 CPU(s) ([0, 1, 2, 3] CPU Affinity Binding).
2026-03-10 17:50:35,729 - INFO - Analyzing 1 time chunk(s) from 2025-01-02 16:02:17 to 2025-01-02 16:03:17 (dt=1min, overlap=0min).
2026-03-10 17:50:35,729 - INFO - Using 1 selected station(s).
2026-03-10 17:50:35,730 - INFO - 
2026-03-10 17:50:35,730 - INFO - ------- Starting EQCCTPro... -------
2026-03-10 17:50:35,730 - INFO - Detailed subprocess information can be found in the log file.
2026-03-10 17:50:35,730 - INFO - 
2026-03-10 17:50:36,113 - INFO - GPU disabled (CPU-only).
2026-03-10 17:50:37,674 - INFO - Configured Intra-op threads = 1
2026-03-10 17:50:37,677 - INFO - Configured Inter-op threads = 1
2026-03-10 17:50:37,721 - INFO - TensorFlow: No GPUs visible; TF will proceed on CPU.
2026-03-10 17:50:37,723 - INFO - 
2026-03-10 17:50:37,725 - INFO - ------- Hardware Configuration -------
2026-03-10 17:50:37,727 - INFO - CPU affinity set to cores: [0, 1, 2, 3]
2026-03-10 17:50:37,729 - INFO - 
2026-03-10 17:50:37,732 - INFO - ------- Data Preprocessing for EQCCTPro -------
2026-03-10 17:50:37,734 - INFO - 1 station(s) in /home/blackwinter/projects/eqcct/eqcctpro/data/waveforms_noise_only/20250102T160217Z_20250102T160317Z
2026-03-10 17:50:37,737 - INFO - Using 1 selected station(s): ['MEF'].
2026-03-10 17:50:37,739 - INFO - Creating model actor(s)...
2026-03-10 17:50:37,741 - INFO - System RAM: Total=7870 MB, Available=4237 MB
2026-03-10 17:50:37,743 - INFO - Usable RAM budget: 7083 MB (90% of total)
2026-03-10 17:50:37,746 - INFO - ===== MEMORY-AWARE CPU ACTOR POOL (EQCCT) =====
2026-03-10 17:50:37,748 - INFO - Requested concurrent tasks: 1
2026-03-10 17:50:37,750 - INFO - Available CPUs: 4
2026-03-10 17:50:37,753 - INFO - Available RAM: 7083 MB
2026-03-10 17:50:37,756 - INFO - RAM per model: 2264 MB
2026-03-10 17:50:37,758 - INFO - Max actors by RAM: 3
2026-03-10 17:50:37,761 - INFO - Creating 1 ModelActor(s)
2026-03-10 17:50:37,763 - INFO - Let Ray handle scheduling (taskset already restricts CPU visibility)
2026-03-10 17:50:37,765 - INFO - Creating ModelActor 1/1 (2.21GB RAM each)...
2026-03-10 17:50:41,729 - INFO - ModelActor 1 created successfully.
2026-03-10 17:50:41,732 - INFO - Created 1 CPU actor(s). Task queue will handle concurrency.
2026-03-10 17:50:41,733 - INFO - Starting EQCCTPro parallelized waveform processing...
2026-03-10 17:50:41,735 - INFO - 
2026-03-10 17:50:41,737 - INFO - ------- Analyzing Seismic Waveforms for P and S Picks via EQCCT -------
2026-03-10 17:50:41,739 - INFO - Analyzing 0:01:00 minute timechunk from 2025-01-02 16:02:17 to 2025-01-02 16:03:17 (0 min overlap)
2026-03-10 17:50:41,741 - INFO - Processing a total of 1 stations, 1 at a time.
2026-03-10 17:50:45,845 - INFO - (1/1) MEF: Finished the prediction in 2.16s. (HP=1.0, LP=45.0)
2026-03-10 17:50:45,848 - INFO - 
2026-03-10 17:50:45,851 - INFO - ------- Parallel Station Waveform Processing Complete For 2025-01-02 16:02:17 to 2025-01-02 16:03:17 Timechunk-------
2026-03-10 17:50:45,852 - INFO - Picks saved at /home/blackwinter/projects/eqcct/eqcctpro/results/csv/bm_noise_only/20250102T160217Z_20250102T160317ZProcess Runtime: 4.12 s
2026-03-10 17:50:45,856 - INFO - Successfully ran EQCCTPro, exiting...
2026-03-10 17:50:47,257 - INFO - Ray Successfully Shutdown.
2026-03-10 17:50:47,258 - INFO - ------- Successfully Picked All Waveform(s) from all Timechunk(s) -------
2026-03-11 09:19:05,476 - INFO - 
2026-03-11 09:19:05,483 - INFO - ------- Welcome to EQCCTPro -------
2026-03-11 09:19:05,483 - INFO - 
2026-03-11 09:19:05,484 - INFO - Running EQCCT over Requested MSeed Files using CPU(s)...
2026-03-11 09:19:05,484 - INFO - GPU disabled (CPU-only).
2026-03-11 09:19:05,484 - INFO - Configured Intra-op threads = 1
2026-03-11 09:19:05,484 - INFO - Configured Inter-op threads = 1
2026-03-11 09:19:05,484 - INFO - TensorFlow: No GPUs visible; TF will proceed on CPU.
2026-03-11 09:19:05,485 - INFO - 
2026-03-11 09:19:10,567 - INFO - Ray Successfully Initialized with 4 CPU(s) ([0, 1, 2, 3] CPU Affinity Binding).
2026-03-11 09:19:10,568 - INFO - Analyzing 1 time chunk(s) from 2025-01-02 16:02:17 to 2025-01-02 16:03:17 (dt=1min, overlap=0min).
2026-03-11 09:19:10,568 - INFO - Using 1 selected station(s).
2026-03-11 09:19:10,568 - INFO - 
2026-03-11 09:19:10,568 - INFO - ------- Starting EQCCTPro... -------
2026-03-11 09:19:10,569 - INFO - Detailed subprocess information can be found in the log file.
2026-03-11 09:19:10,569 - INFO - 
2026-03-11 09:19:10,944 - INFO - GPU disabled (CPU-only).
2026-03-11 09:19:12,448 - INFO - Configured Intra-op threads = 1
2026-03-11 09:19:12,450 - INFO - Configured Inter-op threads = 1
2026-03-11 09:19:12,489 - INFO - TensorFlow: No GPUs visible; TF will proceed on CPU.
2026-03-11 09:19:12,491 - INFO - 
2026-03-11 09:19:12,493 - INFO - ------- Hardware Configuration -------
2026-03-11 09:19:12,496 - INFO - CPU affinity set to cores: [0, 1, 2, 3]
2026-03-11 09:19:12,497 - INFO - 
2026-03-11 09:19:12,499 - INFO - ------- Data Preprocessing for EQCCTPro -------
2026-03-11 09:19:12,501 - INFO - 1 station(s) in /home/blackwinter/projects/eqcct/eqcctpro/data/waveforms_noise_only/20250102T160217Z_20250102T160317Z
2026-03-11 09:19:12,503 - INFO - Using 1 selected station(s): ['MEF'].
2026-03-11 09:19:12,505 - INFO - Creating model actor(s)...
2026-03-11 09:19:12,507 - INFO - System RAM: Total=7870 MB, Available=4881 MB
2026-03-11 09:19:12,509 - INFO - Usable RAM budget: 7083 MB (90% of total)
2026-03-11 09:19:12,510 - INFO - ===== MEMORY-AWARE CPU ACTOR POOL (EQCCT) =====
2026-03-11 09:19:12,512 - INFO - Requested concurrent tasks: 1
2026-03-11 09:19:12,514 - INFO - Available CPUs: 4
2026-03-11 09:19:12,516 - INFO - Available RAM: 7083 MB
2026-03-11 09:19:12,517 - INFO - RAM per model: 2264 MB
2026-03-11 09:19:12,519 - INFO - Max actors by RAM: 3
2026-03-11 09:19:12,521 - INFO - Creating 1 ModelActor(s)
2026-03-11 09:19:12,522 - INFO - Let Ray handle scheduling (taskset already restricts CPU visibility)
2026-03-11 09:19:12,524 - INFO - Creating ModelActor 1/1 (2.21GB RAM each)...
2026-03-11 09:19:16,433 - INFO - ModelActor 1 created successfully.
2026-03-11 09:19:16,435 - INFO - Created 1 CPU actor(s). Task queue will handle concurrency.
2026-03-11 09:19:16,438 - INFO - Starting EQCCTPro parallelized waveform processing...
2026-03-11 09:19:16,441 - INFO - 
2026-03-11 09:19:16,443 - INFO - ------- Analyzing Seismic Waveforms for P and S Picks via EQCCT -------
2026-03-11 09:19:16,445 - INFO - Analyzing 0:01:00 minute timechunk from 2025-01-02 16:02:17 to 2025-01-02 16:03:17 (0 min overlap)
2026-03-11 09:19:16,447 - INFO - Processing a total of 1 stations, 1 at a time.
2026-03-11 09:19:18,356 - INFO - (1/1) MEF: Skipped (already exists - overwrite=False).
2026-03-11 09:19:18,359 - INFO - 
2026-03-11 09:19:18,361 - INFO - ------- Parallel Station Waveform Processing Complete For 2025-01-02 16:02:17 to 2025-01-02 16:03:17 Timechunk-------
2026-03-11 09:19:18,364 - INFO - Picks saved at /home/blackwinter/projects/eqcct/eqcctpro/results/csv/bm_noise_only/20250102T160217Z_20250102T160317ZProcess Runtime: 1.92 s
2026-03-11 09:19:18,368 - INFO - Successfully ran EQCCTPro, exiting...
2026-03-11 09:19:19,877 - INFO - Ray Successfully Shutdown.
2026-03-11 09:19:19,877 - INFO - ------- Successfully Picked All Waveform(s) from all Timechunk(s) -------
