2026-03-20 01:54:31,172 - INFO - 
2026-03-20 01:54:31,172 - INFO - ------- Welcome to EQCCTPro -------
2026-03-20 01:54:31,172 - INFO - 
2026-03-20 01:54:31,173 - INFO - Running EQCCT over Requested MSeed Files using CPU(s)...
2026-03-20 01:54:31,173 - INFO - GPU disabled (CPU-only).
2026-03-20 01:54:31,174 - INFO - Configured Intra-op threads = 1
2026-03-20 01:54:31,174 - INFO - Configured Inter-op threads = 1
2026-03-20 01:54:31,174 - INFO - TensorFlow: No GPUs visible; TF will proceed on CPU.
2026-03-20 01:54:31,174 - INFO - 
2026-03-20 01:54:36,683 - INFO - Ray Successfully Initialized with 4 CPU(s) ([0, 1, 2, 3] CPU Affinity Binding).
2026-03-20 01:54:36,683 - INFO - Analyzing 1 time chunk(s) from 2025-05-24 11:53:24 to 2025-05-24 11:54:24 (dt=1min, overlap=0min).
2026-03-20 01:54:36,684 - INFO - Using 2 selected station(s).
2026-03-20 01:54:36,684 - INFO - 
2026-03-20 01:54:36,684 - INFO - ------- Starting EQCCTPro... -------
2026-03-20 01:54:36,684 - INFO - Detailed subprocess information can be found in the log file.
2026-03-20 01:54:36,684 - INFO - 
2026-03-20 01:54:37,064 - INFO - GPU disabled (CPU-only).
2026-03-20 01:54:38,567 - INFO - Configured Intra-op threads = 1
2026-03-20 01:54:38,570 - INFO - Configured Inter-op threads = 1
2026-03-20 01:54:38,619 - INFO - TensorFlow: No GPUs visible; TF will proceed on CPU.
2026-03-20 01:54:38,621 - INFO - 
2026-03-20 01:54:38,623 - INFO - ------- Hardware Configuration -------
2026-03-20 01:54:38,626 - INFO - CPU affinity set to cores: [0, 1, 2, 3]
2026-03-20 01:54:38,629 - INFO - 
2026-03-20 01:54:38,631 - INFO - ------- Data Preprocessing for EQCCTPro -------
2026-03-20 01:54:38,633 - INFO - 2 station(s) in /home/blackwinter/projects/eqcct/eqcctpro/data/waveforms_earthquakes_nonoise/20250524T115324Z_20250524T115424Z
2026-03-20 01:54:38,635 - INFO - Using 2 selected station(s): ['KEV', 'KIF'].
2026-03-20 01:54:38,637 - INFO - Creating model actor(s)...
2026-03-20 01:54:38,639 - INFO - System RAM: Total=7870 MB, Available=2272 MB
2026-03-20 01:54:38,642 - INFO - Usable RAM budget: 7083 MB (90% of total)
2026-03-20 01:54:38,644 - INFO - ===== MEMORY-AWARE CPU ACTOR POOL (EQCCT) =====
2026-03-20 01:54:38,646 - INFO - Requested concurrent tasks: 1
2026-03-20 01:54:38,648 - INFO - Available CPUs: 4
2026-03-20 01:54:38,651 - INFO - Available RAM: 7083 MB
2026-03-20 01:54:38,653 - INFO - RAM per model: 2264 MB
2026-03-20 01:54:38,655 - INFO - Max actors by RAM: 3
2026-03-20 01:54:38,657 - INFO - Creating 1 ModelActor(s)
2026-03-20 01:54:38,659 - INFO - Let Ray handle scheduling (taskset already restricts CPU visibility)
2026-03-20 01:54:38,661 - INFO - Creating ModelActor 1/1 (2.21GB RAM each)...
2026-03-20 01:54:42,611 - INFO - ModelActor 1 created successfully.
2026-03-20 01:54:42,613 - INFO - Created 1 CPU actor(s). Task queue will handle concurrency.
2026-03-20 01:54:42,615 - INFO - Starting EQCCTPro parallelized waveform processing...
2026-03-20 01:54:42,617 - INFO - 
2026-03-20 01:54:42,619 - INFO - ------- Analyzing Seismic Waveforms for P and S Picks via EQCCT -------
2026-03-20 01:54:42,621 - INFO - Analyzing 0:01:00 minute timechunk from 2025-05-24 11:53:24 to 2025-05-24 11:54:24 (0 min overlap)
2026-03-20 01:54:42,623 - INFO - Processing a total of 2 stations, 1 at a time.
2026-03-20 01:54:46,884 - INFO - (1/2) KEV: Finished the prediction in 2.38s. (HP=1.0, LP=45.0)
2026-03-20 01:54:47,010 - INFO - (2/2) KIF: Finished the prediction in 0.12s. (HP=1.0, LP=45.0)
2026-03-20 01:54:47,012 - INFO - 
2026-03-20 01:54:47,015 - INFO - ------- Parallel Station Waveform Processing Complete For 2025-05-24 11:53:24 to 2025-05-24 11:54:24 Timechunk-------
2026-03-20 01:54:47,017 - INFO - Picks saved at /home/blackwinter/projects/eqcct/eqcctpro/results/csv/eqcct_earthquakes_th0_1/20250524T115324Z_20250524T115424ZProcess Runtime: 4.40 s
2026-03-20 01:54:47,023 - INFO - Successfully ran EQCCTPro, exiting...
2026-03-20 01:54:48,483 - INFO - Ray Successfully Shutdown.
2026-03-20 01:54:48,483 - INFO - ------- Successfully Picked All Waveform(s) from all Timechunk(s) -------
