2026-03-10 21:07:07,734 - INFO - 
2026-03-10 21:07:07,734 - INFO - ------- Welcome to EQCCTPro -------
2026-03-10 21:07:07,734 - INFO - 
2026-03-10 21:07:07,734 - INFO - Running EQCCT over Requested MSeed Files using CPU(s)...
2026-03-10 21:07:07,735 - INFO - GPU disabled (CPU-only).
2026-03-10 21:07:07,735 - INFO - Configured Intra-op threads = 1
2026-03-10 21:07:07,735 - INFO - Configured Inter-op threads = 1
2026-03-10 21:07:07,735 - INFO - TensorFlow: No GPUs visible; TF will proceed on CPU.
2026-03-10 21:07:07,735 - INFO - 
2026-03-10 21:07:13,029 - INFO - Ray Successfully Initialized with 4 CPU(s) ([0, 1, 2, 3] CPU Affinity Binding).
2026-03-10 21:07:13,029 - INFO - Analyzing 1 time chunk(s) from 2025-01-06 11:44:46 to 2025-01-06 11:45:46 (dt=1min, overlap=0min).
2026-03-10 21:07:13,029 - INFO - Using 1 selected station(s).
2026-03-10 21:07:13,029 - INFO - 
2026-03-10 21:07:13,030 - INFO - ------- Starting EQCCTPro... -------
2026-03-10 21:07:13,030 - INFO - Detailed subprocess information can be found in the log file.
2026-03-10 21:07:13,030 - INFO - 
2026-03-10 21:07:13,416 - INFO - GPU disabled (CPU-only).
2026-03-10 21:07:14,856 - INFO - Configured Intra-op threads = 1
2026-03-10 21:07:14,859 - INFO - Configured Inter-op threads = 1
2026-03-10 21:07:14,900 - INFO - TensorFlow: No GPUs visible; TF will proceed on CPU.
2026-03-10 21:07:14,902 - INFO - 
2026-03-10 21:07:14,904 - INFO - ------- Hardware Configuration -------
2026-03-10 21:07:14,906 - INFO - CPU affinity set to cores: [0, 1, 2, 3]
2026-03-10 21:07:14,908 - INFO - 
2026-03-10 21:07:14,910 - INFO - ------- Data Preprocessing for EQCCTPro -------
2026-03-10 21:07:14,912 - INFO - 1 station(s) in /home/blackwinter/projects/eqcct/eqcctpro/data/waveforms_noise_only/20250106T114446Z_20250106T114546Z
2026-03-10 21:07:14,914 - INFO - Using 1 selected station(s): ['KMNF'].
2026-03-10 21:07:14,916 - INFO - Creating model actor(s)...
2026-03-10 21:07:14,918 - INFO - System RAM: Total=7870 MB, Available=2984 MB
2026-03-10 21:07:14,920 - INFO - Usable RAM budget: 7083 MB (90% of total)
2026-03-10 21:07:14,923 - INFO - ===== MEMORY-AWARE CPU ACTOR POOL (EQCCT) =====
2026-03-10 21:07:14,925 - INFO - Requested concurrent tasks: 1
2026-03-10 21:07:14,927 - INFO - Available CPUs: 4
2026-03-10 21:07:14,930 - INFO - Available RAM: 7083 MB
2026-03-10 21:07:14,932 - INFO - RAM per model: 2264 MB
2026-03-10 21:07:14,934 - INFO - Max actors by RAM: 3
2026-03-10 21:07:14,937 - INFO - Creating 1 ModelActor(s)
2026-03-10 21:07:14,939 - INFO - Let Ray handle scheduling (taskset already restricts CPU visibility)
2026-03-10 21:07:14,941 - INFO - Creating ModelActor 1/1 (2.21GB RAM each)...
2026-03-10 21:07:19,129 - INFO - ModelActor 1 created successfully.
2026-03-10 21:07:19,135 - INFO - Created 1 CPU actor(s). Task queue will handle concurrency.
2026-03-10 21:07:19,137 - INFO - Starting EQCCTPro parallelized waveform processing...
2026-03-10 21:07:19,140 - INFO - 
2026-03-10 21:07:19,142 - INFO - ------- Analyzing Seismic Waveforms for P and S Picks via EQCCT -------
2026-03-10 21:07:19,146 - INFO - Analyzing 0:01:00 minute timechunk from 2025-01-06 11:44:46 to 2025-01-06 11:45:46 (0 min overlap)
2026-03-10 21:07:19,148 - INFO - Processing a total of 1 stations, 1 at a time.
2026-03-10 21:07:23,281 - INFO - (1/1) KMNF: Finished the prediction in 2.18s. (HP=1.0, LP=45.0)
2026-03-10 21:07:23,283 - INFO - 
2026-03-10 21:07:23,284 - INFO - ------- Parallel Station Waveform Processing Complete For 2025-01-06 11:44:46 to 2025-01-06 11:45:46 Timechunk-------
2026-03-10 21:07:23,286 - INFO - Picks saved at /home/blackwinter/projects/eqcct/eqcctpro/results/csv/bm_noise_only/20250106T114446Z_20250106T114546ZProcess Runtime: 4.14 s
2026-03-10 21:07:23,290 - INFO - Successfully ran EQCCTPro, exiting...
2026-03-10 21:07:24,749 - INFO - Ray Successfully Shutdown.
2026-03-10 21:07:24,749 - INFO - ------- Successfully Picked All Waveform(s) from all Timechunk(s) -------
2026-03-11 12:06:59,528 - INFO - 
2026-03-11 12:06:59,529 - INFO - ------- Welcome to EQCCTPro -------
2026-03-11 12:06:59,529 - INFO - 
2026-03-11 12:06:59,530 - INFO - Running EQCCT over Requested MSeed Files using CPU(s)...
2026-03-11 12:06:59,530 - INFO - GPU disabled (CPU-only).
2026-03-11 12:06:59,530 - INFO - Configured Intra-op threads = 1
2026-03-11 12:06:59,530 - INFO - Configured Inter-op threads = 1
2026-03-11 12:06:59,530 - INFO - TensorFlow: No GPUs visible; TF will proceed on CPU.
2026-03-11 12:06:59,530 - INFO - 
2026-03-11 12:07:04,332 - INFO - Ray Successfully Initialized with 4 CPU(s) ([0, 1, 2, 3] CPU Affinity Binding).
2026-03-11 12:07:04,333 - INFO - Analyzing 1 time chunk(s) from 2025-01-06 11:44:46 to 2025-01-06 11:45:46 (dt=1min, overlap=0min).
2026-03-11 12:07:04,333 - INFO - Using 1 selected station(s).
2026-03-11 12:07:04,333 - INFO - 
2026-03-11 12:07:04,333 - INFO - ------- Starting EQCCTPro... -------
2026-03-11 12:07:04,334 - INFO - Detailed subprocess information can be found in the log file.
2026-03-11 12:07:04,334 - INFO - 
2026-03-11 12:07:04,712 - INFO - GPU disabled (CPU-only).
2026-03-11 12:07:06,225 - INFO - Configured Intra-op threads = 1
2026-03-11 12:07:06,228 - INFO - Configured Inter-op threads = 1
2026-03-11 12:07:06,272 - INFO - TensorFlow: No GPUs visible; TF will proceed on CPU.
2026-03-11 12:07:06,275 - INFO - 
2026-03-11 12:07:06,277 - INFO - ------- Hardware Configuration -------
2026-03-11 12:07:06,279 - INFO - CPU affinity set to cores: [0, 1, 2, 3]
2026-03-11 12:07:06,281 - INFO - 
2026-03-11 12:07:06,283 - INFO - ------- Data Preprocessing for EQCCTPro -------
2026-03-11 12:07:06,286 - INFO - 1 station(s) in /home/blackwinter/projects/eqcct/eqcctpro/data/waveforms_noise_only/20250106T114446Z_20250106T114546Z
2026-03-11 12:07:06,288 - INFO - Using 1 selected station(s): ['KMNF'].
2026-03-11 12:07:06,290 - INFO - Creating model actor(s)...
2026-03-11 12:07:06,292 - INFO - System RAM: Total=7870 MB, Available=3941 MB
2026-03-11 12:07:06,294 - INFO - Usable RAM budget: 7083 MB (90% of total)
2026-03-11 12:07:06,296 - INFO - ===== MEMORY-AWARE CPU ACTOR POOL (EQCCT) =====
2026-03-11 12:07:06,298 - INFO - Requested concurrent tasks: 1
2026-03-11 12:07:06,299 - INFO - Available CPUs: 4
2026-03-11 12:07:06,301 - INFO - Available RAM: 7083 MB
2026-03-11 12:07:06,303 - INFO - RAM per model: 2264 MB
2026-03-11 12:07:06,306 - INFO - Max actors by RAM: 3
2026-03-11 12:07:06,308 - INFO - Creating 1 ModelActor(s)
2026-03-11 12:07:06,310 - INFO - Let Ray handle scheduling (taskset already restricts CPU visibility)
2026-03-11 12:07:06,312 - INFO - Creating ModelActor 1/1 (2.21GB RAM each)...
2026-03-11 12:07:10,204 - INFO - ModelActor 1 created successfully.
2026-03-11 12:07:10,206 - INFO - Created 1 CPU actor(s). Task queue will handle concurrency.
2026-03-11 12:07:10,209 - INFO - Starting EQCCTPro parallelized waveform processing...
2026-03-11 12:07:10,211 - INFO - 
2026-03-11 12:07:10,213 - INFO - ------- Analyzing Seismic Waveforms for P and S Picks via EQCCT -------
2026-03-11 12:07:10,215 - INFO - Analyzing 0:01:00 minute timechunk from 2025-01-06 11:44:46 to 2025-01-06 11:45:46 (0 min overlap)
2026-03-11 12:07:10,217 - INFO - Processing a total of 1 stations, 1 at a time.
2026-03-11 12:07:12,104 - INFO - (1/1) KMNF: Skipped (already exists - overwrite=False).
2026-03-11 12:07:12,106 - INFO - 
2026-03-11 12:07:12,109 - INFO - ------- Parallel Station Waveform Processing Complete For 2025-01-06 11:44:46 to 2025-01-06 11:45:46 Timechunk-------
2026-03-11 12:07:12,113 - INFO - Successfully ran EQCCTPro, exiting...
2026-03-11 12:07:12,110 - INFO - Picks saved at /home/blackwinter/projects/eqcct/eqcctpro/results/csv/bm_noise_only/20250106T114446Z_20250106T114546ZProcess Runtime: 1.90 s
2026-03-11 12:07:13,625 - INFO - Ray Successfully Shutdown.
2026-03-11 12:07:13,625 - INFO - ------- Successfully Picked All Waveform(s) from all Timechunk(s) -------
