2026-03-28 16:19:55,670 - INFO - 
2026-03-28 16:19:55,670 - INFO - ------- Welcome to EQCCTPro -------
2026-03-28 16:19:55,670 - INFO - 
2026-03-28 16:19:55,671 - INFO - Running EQCCT over Requested MSeed Files using CPU(s)...
2026-03-28 16:19:55,671 - INFO - GPU disabled (CPU-only).
2026-03-28 16:19:55,671 - INFO - Skipping framework-specific initialization in the driver process.
2026-03-28 16:19:58,254 - INFO - Ray Successfully Initialized with 4 CPU(s) ([0, 1, 2, 3] CPU Affinity Binding).
2026-03-28 16:19:58,254 - INFO - Analyzing 1 time chunk(s) from 2025-01-06 16:45:00 to 2025-01-06 16:46:00 (dt=1min, overlap=0min).
2026-03-28 16:19:58,254 - INFO - Using 1 selected station(s).
2026-03-28 16:19:58,255 - INFO - 
2026-03-28 16:19:58,255 - INFO - ------- Starting EQCCTPro... -------
2026-03-28 16:19:58,255 - INFO - Detailed subprocess information can be found in the log file.
2026-03-28 16:19:58,255 - INFO - 
2026-03-28 16:19:58,555 - INFO - GPU disabled (CPU-only).
2026-03-28 16:19:58,560 - INFO - Skipping framework-specific initialization in the driver process.
2026-03-28 16:19:58,563 - INFO - ------- Hardware Configuration -------
2026-03-28 16:19:58,565 - INFO - CPU affinity set to cores: [0, 1, 2, 3]
2026-03-28 16:19:58,568 - INFO - 
2026-03-28 16:19:58,570 - INFO - ------- Data Preprocessing for EQCCTPro -------
2026-03-28 16:19:58,572 - INFO - 1 station(s) in /home/blackwinter/projects/eqcct/eqcctpro/data/waveforms_explosions_nonoise/20250106T164500Z_20250106T164600Z
2026-03-28 16:19:58,574 - INFO - Using 1 selected station(s): ['HEF'].
2026-03-28 16:19:58,576 - INFO - Creating model actor(s)...
2026-03-28 16:19:58,579 - INFO - System RAM: Total=7870 MB, Available=4386 MB
2026-03-28 16:19:58,582 - INFO - Usable RAM budget: 7083 MB (90% of total)
2026-03-28 16:19:58,584 - INFO - ===== MEMORY-AWARE CPU ACTOR POOL =====
2026-03-28 16:19:58,587 - INFO - Requested concurrent tasks: 1
2026-03-28 16:19:58,590 - INFO - Available CPUs: 4
2026-03-28 16:19:58,592 - INFO - Available RAM: 7083 MB
2026-03-28 16:19:58,595 - INFO - RAM per model: 2060 MB
2026-03-28 16:19:58,597 - INFO - Max actors by RAM: 3
2026-03-28 16:19:58,601 - INFO - Creating 1 SeisBenchModelActor(s)
2026-03-28 16:19:58,604 - INFO - Let Ray handle scheduling (taskset already restricts CPU visibility)
2026-03-28 16:19:58,607 - INFO - Creating SeisBenchModelActor 1/1 (2.01GB RAM each)...
2026-03-28 16:20:01,416 - INFO - SeisBenchModelActor 1 created successfully.
2026-03-28 16:20:01,419 - INFO - Created 1 CPU actor(s). Task queue will handle concurrency.
2026-03-28 16:20:01,423 - INFO - Starting EQCCTPro parallelized waveform processing...
2026-03-28 16:20:01,426 - INFO - 
2026-03-28 16:20:01,429 - INFO - ------- Analyzing Seismic Waveforms for P and S Picks via SeisBench (EQTransformer - original_nonconservative) -------
2026-03-28 16:20:01,432 - INFO - Analyzing 0:01:00 minute timechunk from 2025-01-06 16:45:00 to 2025-01-06 16:46:00 (0 min overlap)
2026-03-28 16:20:01,435 - INFO - Processing a total of 1 stations, 1 at a time.
2026-03-28 16:20:03,905 - INFO - (1/1) HEF: Finished the prediction in 0.13s. (HP=1.0, LP=45.0, picks=0)
2026-03-28 16:20:03,909 - INFO - 
2026-03-28 16:20:03,912 - INFO - ------- Parallel Station Waveform Processing Complete For 2025-01-06 16:45:00 to 2025-01-06 16:46:00 Timechunk-------
2026-03-28 16:20:03,915 - INFO - Picks saved at /home/blackwinter/projects/eqcct/eqcctpro/results/csv/eqt_explosions_th0_1/20250106T164500Z_20250106T164600ZProcess Runtime: 2.49 s
2026-03-28 16:20:03,922 - INFO - Successfully ran EQCCTPro, exiting...
2026-03-28 16:20:05,484 - INFO - Ray Successfully Shutdown.
2026-03-28 16:20:05,484 - INFO - ------- Successfully Picked All Waveform(s) from all Timechunk(s) -------
