2026-03-27 21:37:39,190 - INFO - 
2026-03-27 21:37:39,191 - INFO - ------- Welcome to EQCCTPro -------
2026-03-27 21:37:39,191 - INFO - 
2026-03-27 21:37:39,191 - INFO - Running EQCCT over Requested MSeed Files using CPU(s)...
2026-03-27 21:37:39,192 - INFO - GPU disabled (CPU-only).
2026-03-27 21:37:39,192 - INFO - Skipping framework-specific initialization in the driver process.
2026-03-27 21:37:41,654 - INFO - Ray Successfully Initialized with 4 CPU(s) ([0, 1, 2, 3] CPU Affinity Binding).
2026-03-27 21:37:41,654 - INFO - Analyzing 1 time chunk(s) from 2025-10-21 03:42:56 to 2025-10-21 03:43:56 (dt=1min, overlap=0min).
2026-03-27 21:37:41,654 - INFO - Using 1 selected station(s).
2026-03-27 21:37:41,654 - INFO - 
2026-03-27 21:37:41,655 - INFO - ------- Starting EQCCTPro... -------
2026-03-27 21:37:41,655 - INFO - Detailed subprocess information can be found in the log file.
2026-03-27 21:37:41,655 - INFO - 
2026-03-27 21:37:41,944 - INFO - GPU disabled (CPU-only).
2026-03-27 21:37:41,949 - INFO - Skipping framework-specific initialization in the driver process.
2026-03-27 21:37:41,953 - INFO - ------- Hardware Configuration -------
2026-03-27 21:37:41,955 - INFO - CPU affinity set to cores: [0, 1, 2, 3]
2026-03-27 21:37:41,958 - INFO - 
2026-03-27 21:37:41,960 - INFO - ------- Data Preprocessing for EQCCTPro -------
2026-03-27 21:37:41,962 - INFO - 1 station(s) in /home/blackwinter/projects/eqcct/eqcctpro/data/waveforms_earthquakes_nonoise/20251021T034256Z_20251021T034356Z
2026-03-27 21:37:41,965 - INFO - Using 1 selected station(s): ['OLKF'].
2026-03-27 21:37:41,967 - INFO - Creating model actor(s)...
2026-03-27 21:37:41,969 - INFO - System RAM: Total=7870 MB, Available=5035 MB
2026-03-27 21:37:41,971 - INFO - Usable RAM budget: 7083 MB (90% of total)
2026-03-27 21:37:41,973 - INFO - ===== MEMORY-AWARE CPU ACTOR POOL =====
2026-03-27 21:37:41,974 - INFO - Requested concurrent tasks: 1
2026-03-27 21:37:41,977 - INFO - Available CPUs: 4
2026-03-27 21:37:41,978 - INFO - Available RAM: 7083 MB
2026-03-27 21:37:41,980 - INFO - RAM per model: 2060 MB
2026-03-27 21:37:41,982 - INFO - Max actors by RAM: 3
2026-03-27 21:37:41,984 - INFO - Creating 1 SeisBenchModelActor(s)
2026-03-27 21:37:41,985 - INFO - Let Ray handle scheduling (taskset already restricts CPU visibility)
2026-03-27 21:37:41,987 - INFO - Creating SeisBenchModelActor 1/1 (2.01GB RAM each)...
2026-03-27 21:37:44,849 - INFO - SeisBenchModelActor 1 created successfully.
2026-03-27 21:37:44,852 - INFO - Created 1 CPU actor(s). Task queue will handle concurrency.
2026-03-27 21:37:44,854 - INFO - Starting EQCCTPro parallelized waveform processing...
2026-03-27 21:37:44,857 - INFO - 
2026-03-27 21:37:44,860 - INFO - ------- Analyzing Seismic Waveforms for P and S Picks via SeisBench (EQTransformer - original_nonconservative) -------
2026-03-27 21:37:44,863 - INFO - Analyzing 0:01:00 minute timechunk from 2025-10-21 03:42:56 to 2025-10-21 03:43:56 (0 min overlap)
2026-03-27 21:37:44,865 - INFO - Processing a total of 1 stations, 1 at a time.
2026-03-27 21:37:47,073 - INFO - (1/1) OLKF: Finished the prediction in 0.12s. (HP=1.0, LP=45.0, picks=2)
2026-03-27 21:37:47,076 - INFO - 
2026-03-27 21:37:47,078 - INFO - ------- Parallel Station Waveform Processing Complete For 2025-10-21 03:42:56 to 2025-10-21 03:43:56 Timechunk-------
2026-03-27 21:37:47,083 - INFO - Successfully ran EQCCTPro, exiting...
2026-03-27 21:37:47,080 - INFO - Picks saved at /home/blackwinter/projects/eqcct/eqcctpro/results/csv/eqt_earthquakes_th0_1/20251021T034256Z_20251021T034356ZProcess Runtime: 2.22 s
2026-03-27 21:37:48,903 - INFO - Ray Successfully Shutdown.
2026-03-27 21:37:48,903 - INFO - ------- Successfully Picked All Waveform(s) from all Timechunk(s) -------
2026-03-28 03:48:52,661 - INFO - 
2026-03-28 03:48:52,662 - INFO - ------- Welcome to EQCCTPro -------
2026-03-28 03:48:52,662 - INFO - 
2026-03-28 03:48:52,662 - INFO - Running EQCCT over Requested MSeed Files using CPU(s)...
2026-03-28 03:48:52,662 - INFO - GPU disabled (CPU-only).
2026-03-28 03:48:52,663 - INFO - Skipping framework-specific initialization in the driver process.
2026-03-28 03:48:55,096 - INFO - Ray Successfully Initialized with 4 CPU(s) ([0, 1, 2, 3] CPU Affinity Binding).
2026-03-28 03:48:55,096 - INFO - Analyzing 1 time chunk(s) from 2025-10-21 03:42:56 to 2025-10-21 03:43:56 (dt=1min, overlap=0min).
2026-03-28 03:48:55,096 - INFO - Using 1 selected station(s).
2026-03-28 03:48:55,097 - INFO - 
2026-03-28 03:48:55,097 - INFO - ------- Starting EQCCTPro... -------
2026-03-28 03:48:55,098 - INFO - Detailed subprocess information can be found in the log file.
2026-03-28 03:48:55,098 - INFO - 
2026-03-28 03:48:55,368 - INFO - GPU disabled (CPU-only).
2026-03-28 03:48:55,372 - INFO - Skipping framework-specific initialization in the driver process.
2026-03-28 03:48:55,375 - INFO - ------- Hardware Configuration -------
2026-03-28 03:48:55,378 - INFO - CPU affinity set to cores: [0, 1, 2, 3]
2026-03-28 03:48:55,381 - INFO - 
2026-03-28 03:48:55,384 - INFO - ------- Data Preprocessing for EQCCTPro -------
2026-03-28 03:48:55,386 - INFO - 1 station(s) in /home/blackwinter/projects/eqcct/eqcctpro/data/waveforms_earthquakes_nonoise/20251021T034256Z_20251021T034356Z
2026-03-28 03:48:55,389 - INFO - Using 1 selected station(s): ['OLKF'].
2026-03-28 03:48:55,392 - INFO - Creating model actor(s)...
2026-03-28 03:48:55,395 - INFO - System RAM: Total=7870 MB, Available=5675 MB
2026-03-28 03:48:55,397 - INFO - Usable RAM budget: 7083 MB (90% of total)
2026-03-28 03:48:55,399 - INFO - ===== MEMORY-AWARE CPU ACTOR POOL =====
2026-03-28 03:48:55,402 - INFO - Requested concurrent tasks: 1
2026-03-28 03:48:55,405 - INFO - Available CPUs: 4
2026-03-28 03:48:55,408 - INFO - Available RAM: 7083 MB
2026-03-28 03:48:55,410 - INFO - RAM per model: 2060 MB
2026-03-28 03:48:55,413 - INFO - Max actors by RAM: 3
2026-03-28 03:48:55,415 - INFO - Creating 1 SeisBenchModelActor(s)
2026-03-28 03:48:55,418 - INFO - Let Ray handle scheduling (taskset already restricts CPU visibility)
2026-03-28 03:48:55,420 - INFO - Creating SeisBenchModelActor 1/1 (2.01GB RAM each)...
2026-03-28 03:48:58,133 - INFO - SeisBenchModelActor 1 created successfully.
2026-03-28 03:48:58,140 - INFO - Created 1 CPU actor(s). Task queue will handle concurrency.
2026-03-28 03:48:58,144 - INFO - Starting EQCCTPro parallelized waveform processing...
2026-03-28 03:48:58,147 - INFO - 
2026-03-28 03:48:58,149 - INFO - ------- Analyzing Seismic Waveforms for P and S Picks via SeisBench (EQTransformer - original_nonconservative) -------
2026-03-28 03:48:58,153 - INFO - Analyzing 0:01:00 minute timechunk from 2025-10-21 03:42:56 to 2025-10-21 03:43:56 (0 min overlap)
2026-03-28 03:48:58,155 - INFO - Processing a total of 1 stations, 1 at a time.
2026-03-28 03:49:00,243 - INFO - (1/1) OLKF: Skipped (already exists - overwrite=False).
2026-03-28 03:49:00,245 - INFO - 
2026-03-28 03:49:00,248 - INFO - ------- Parallel Station Waveform Processing Complete For 2025-10-21 03:42:56 to 2025-10-21 03:43:56 Timechunk-------
2026-03-28 03:49:00,251 - INFO - Picks saved at /home/blackwinter/projects/eqcct/eqcctpro/results/csv/eqt_earthquakes_th0_1/20251021T034256Z_20251021T034356ZProcess Runtime: 2.10 s
2026-03-28 03:49:00,256 - INFO - Successfully ran EQCCTPro, exiting...
2026-03-28 03:49:02,191 - INFO - Ray Successfully Shutdown.
2026-03-28 03:49:02,191 - INFO - ------- Successfully Picked All Waveform(s) from all Timechunk(s) -------
