2026-02-27 10:23:31,462 - INFO - 
2026-02-27 10:23:31,462 - INFO - ------- Welcome to EQCCTPro -------
2026-02-27 10:23:31,462 - INFO - 
2026-02-27 10:23:31,462 - INFO - Running EQCCT over Requested MSeed Files using CPU(s)...
2026-02-27 10:23:31,462 - INFO - GPU disabled (CPU-only).
2026-02-27 10:23:31,463 - INFO - Configured Intra-op threads = 1
2026-02-27 10:23:31,463 - INFO - Configured Inter-op threads = 1
2026-02-27 10:23:31,463 - INFO - TensorFlow: No GPUs visible; TF will proceed on CPU.
2026-02-27 10:23:31,463 - INFO - 
2026-02-27 10:23:36,770 - INFO - Ray Successfully Initialized with 4 CPU(s) ([0, 1, 2, 3] CPU Affinity Binding).
2026-02-27 10:23:36,770 - INFO - Analyzing 1 time chunk(s) from 2025-01-20 04:59:48 to 2025-01-20 05:00:48 (dt=1min, overlap=0min).
2026-02-27 10:23:36,770 - INFO - Using 1 selected station(s).
2026-02-27 10:23:36,770 - INFO - 
2026-02-27 10:23:36,770 - INFO - ------- Starting EQCCTPro... -------
2026-02-27 10:23:36,771 - INFO - Detailed subprocess information can be found in the log file.
2026-02-27 10:23:36,771 - INFO - 
2026-02-27 10:23:37,118 - INFO - GPU disabled (CPU-only).
2026-02-27 10:23:38,578 - INFO - Configured Intra-op threads = 1
2026-02-27 10:23:38,580 - INFO - Configured Inter-op threads = 1
2026-02-27 10:23:38,623 - INFO - TensorFlow: No GPUs visible; TF will proceed on CPU.
2026-02-27 10:23:38,625 - INFO - 
2026-02-27 10:23:38,627 - INFO - ------- Hardware Configuration -------
2026-02-27 10:23:38,630 - INFO - CPU affinity set to cores: [0, 1, 2, 3]
2026-02-27 10:23:38,632 - INFO - 
2026-02-27 10:23:38,634 - INFO - ------- Data Preprocessing for EQCCTPro -------
2026-02-27 10:23:38,636 - INFO - 1 station(s) in /home/blackwinter/projects/eqcct/eqcctpro/data/waveforms_explosions_nonoise/20250120T045948Z_20250120T050048Z
2026-02-27 10:23:38,638 - INFO - Using 1 selected station(s): ['KLF'].
2026-02-27 10:23:38,640 - INFO - Creating model actor(s)...
2026-02-27 10:23:38,642 - INFO - System RAM: Total=7870 MB, Available=2554 MB
2026-02-27 10:23:38,644 - INFO - Usable RAM budget: 7083 MB (90% of total)
2026-02-27 10:23:38,646 - INFO - ===== MEMORY-AWARE CPU ACTOR POOL (EQCCT) =====
2026-02-27 10:23:38,648 - INFO - Requested concurrent tasks: 1
2026-02-27 10:23:38,650 - INFO - Available CPUs: 4
2026-02-27 10:23:38,652 - INFO - Available RAM: 7083 MB
2026-02-27 10:23:38,653 - INFO - RAM per model: 2264 MB
2026-02-27 10:23:38,655 - INFO - Max actors by RAM: 3
2026-02-27 10:23:38,657 - INFO - Creating 1 ModelActor(s)
2026-02-27 10:23:38,659 - INFO - Let Ray handle scheduling (taskset already restricts CPU visibility)
2026-02-27 10:23:38,660 - INFO - Creating ModelActor 1/1 (2.21GB RAM each)...
2026-02-27 10:23:42,519 - INFO - ModelActor 1 created successfully.
2026-02-27 10:23:42,521 - INFO - Created 1 CPU actor(s). Task queue will handle concurrency.
2026-02-27 10:23:42,524 - INFO - Starting EQCCTPro parallelized waveform processing...
2026-02-27 10:23:42,526 - INFO - 
2026-02-27 10:23:42,528 - INFO - ------- Analyzing Seismic Waveforms for P and S Picks via EQCCT -------
2026-02-27 10:23:42,530 - INFO - Analyzing 0:01:00 minute timechunk from 2025-01-20 04:59:48 to 2025-01-20 05:00:48 (0 min overlap)
2026-02-27 10:23:42,533 - INFO - Processing a total of 1 stations, 1 at a time.
2026-02-27 10:23:46,667 - INFO - (1/1) KLF: Finished the prediction in 2.26s. (HP=1.0, LP=45.0)
2026-02-27 10:23:46,672 - INFO - 
2026-02-27 10:23:46,674 - INFO - ------- Parallel Station Waveform Processing Complete For 2025-01-20 04:59:48 to 2025-01-20 05:00:48 Timechunk-------
2026-02-27 10:23:46,676 - INFO - Picks saved at /home/blackwinter/projects/eqcct/eqcctpro/results/csv/bm_explosions/20250120T045948Z_20250120T050048ZProcess Runtime: 4.15 s
2026-02-27 10:23:46,682 - INFO - Successfully ran EQCCTPro, exiting...
2026-02-27 10:23:48,273 - INFO - Ray Successfully Shutdown.
2026-02-27 10:23:48,273 - INFO - ------- Successfully Picked All Waveform(s) from all Timechunk(s) -------
