2026-02-27 00:03:18,213 - INFO - 
2026-02-27 00:03:18,213 - INFO - ------- Welcome to EQCCTPro -------
2026-02-27 00:03:18,213 - INFO - 
2026-02-27 00:03:18,214 - INFO - Running EQCCT over Requested MSeed Files using CPU(s)...
2026-02-27 00:03:18,214 - INFO - GPU disabled (CPU-only).
2026-02-27 00:03:18,214 - INFO - Configured Intra-op threads = 1
2026-02-27 00:03:18,214 - INFO - Configured Inter-op threads = 1
2026-02-27 00:03:18,215 - INFO - TensorFlow: No GPUs visible; TF will proceed on CPU.
2026-02-27 00:03:18,215 - INFO - 
2026-02-27 00:03:23,706 - INFO - Ray Successfully Initialized with 4 CPU(s) ([0, 1, 2, 3] CPU Affinity Binding).
2026-02-27 00:03:23,706 - INFO - Analyzing 1 time chunk(s) from 2025-01-10 11:52:16 to 2025-01-10 11:53:16 (dt=1min, overlap=0min).
2026-02-27 00:03:23,706 - INFO - Using 1 selected station(s).
2026-02-27 00:03:23,706 - INFO - 
2026-02-27 00:03:23,707 - INFO - ------- Starting EQCCTPro... -------
2026-02-27 00:03:23,707 - INFO - Detailed subprocess information can be found in the log file.
2026-02-27 00:03:23,707 - INFO - 
2026-02-27 00:03:24,126 - INFO - GPU disabled (CPU-only).
2026-02-27 00:03:25,744 - INFO - Configured Intra-op threads = 1
2026-02-27 00:03:25,747 - INFO - Configured Inter-op threads = 1
2026-02-27 00:03:25,791 - INFO - TensorFlow: No GPUs visible; TF will proceed on CPU.
2026-02-27 00:03:25,793 - INFO - 
2026-02-27 00:03:25,796 - INFO - ------- Hardware Configuration -------
2026-02-27 00:03:25,798 - INFO - CPU affinity set to cores: [0, 1, 2, 3]
2026-02-27 00:03:25,800 - INFO - 
2026-02-27 00:03:25,802 - INFO - ------- Data Preprocessing for EQCCTPro -------
2026-02-27 00:03:25,805 - INFO - 1 station(s) in /home/blackwinter/projects/eqcct/eqcctpro/data/waveforms_explosions_nonoise/20250110T115216Z_20250110T115316Z
2026-02-27 00:03:25,807 - INFO - Using 1 selected station(s): ['KU1'].
2026-02-27 00:03:25,809 - INFO - Creating model actor(s)...
2026-02-27 00:03:25,811 - INFO - System RAM: Total=7870 MB, Available=3370 MB
2026-02-27 00:03:25,814 - INFO - Usable RAM budget: 7083 MB (90% of total)
2026-02-27 00:03:25,816 - INFO - ===== MEMORY-AWARE CPU ACTOR POOL (EQCCT) =====
2026-02-27 00:03:25,818 - INFO - Requested concurrent tasks: 1
2026-02-27 00:03:25,820 - INFO - Available CPUs: 4
2026-02-27 00:03:25,822 - INFO - Available RAM: 7083 MB
2026-02-27 00:03:25,823 - INFO - RAM per model: 2264 MB
2026-02-27 00:03:25,825 - INFO - Max actors by RAM: 3
2026-02-27 00:03:25,827 - INFO - Creating 1 ModelActor(s)
2026-02-27 00:03:25,829 - INFO - Let Ray handle scheduling (taskset already restricts CPU visibility)
2026-02-27 00:03:25,831 - INFO - Creating ModelActor 1/1 (2.21GB RAM each)...
2026-02-27 00:03:29,746 - INFO - ModelActor 1 created successfully.
2026-02-27 00:03:29,748 - INFO - Created 1 CPU actor(s). Task queue will handle concurrency.
2026-02-27 00:03:29,751 - INFO - Starting EQCCTPro parallelized waveform processing...
2026-02-27 00:03:29,753 - INFO - 
2026-02-27 00:03:29,755 - INFO - ------- Analyzing Seismic Waveforms for P and S Picks via EQCCT -------
2026-02-27 00:03:29,758 - INFO - Analyzing 0:01:00 minute timechunk from 2025-01-10 11:52:16 to 2025-01-10 11:53:16 (0 min overlap)
2026-02-27 00:03:29,760 - INFO - Processing a total of 1 stations, 1 at a time.
2026-02-27 00:03:33,840 - INFO - (1/1) KU1: Finished the prediction in 2.18s. (HP=1.0, LP=45.0)
2026-02-27 00:03:33,842 - INFO - 
2026-02-27 00:03:33,844 - INFO - ------- Parallel Station Waveform Processing Complete For 2025-01-10 11:52:16 to 2025-01-10 11:53:16 Timechunk-------
2026-02-27 00:03:33,847 - INFO - Picks saved at /home/blackwinter/projects/eqcct/eqcctpro/results/csv/bm_explosions/20250110T115216Z_20250110T115316ZProcess Runtime: 4.09 s
2026-02-27 00:03:33,851 - INFO - Successfully ran EQCCTPro, exiting...
2026-02-27 00:03:35,454 - INFO - Ray Successfully Shutdown.
2026-02-27 00:03:35,454 - INFO - ------- Successfully Picked All Waveform(s) from all Timechunk(s) -------
2026-02-27 07:21:04,322 - INFO - 
2026-02-27 07:21:04,328 - INFO - ------- Welcome to EQCCTPro -------
2026-02-27 07:21:04,329 - INFO - 
2026-02-27 07:21:04,329 - INFO - Running EQCCT over Requested MSeed Files using CPU(s)...
2026-02-27 07:21:04,329 - INFO - GPU disabled (CPU-only).
2026-02-27 07:21:04,330 - INFO - Configured Intra-op threads = 1
2026-02-27 07:21:04,330 - INFO - Configured Inter-op threads = 1
2026-02-27 07:21:04,330 - INFO - TensorFlow: No GPUs visible; TF will proceed on CPU.
2026-02-27 07:21:04,330 - INFO - 
2026-02-27 07:21:09,000 - INFO - Ray Successfully Initialized with 4 CPU(s) ([0, 1, 2, 3] CPU Affinity Binding).
2026-02-27 07:21:09,001 - INFO - Analyzing 1 time chunk(s) from 2025-01-10 11:52:16 to 2025-01-10 11:53:16 (dt=1min, overlap=0min).
2026-02-27 07:21:09,001 - INFO - Using 1 selected station(s).
2026-02-27 07:21:09,001 - INFO - 
2026-02-27 07:21:09,002 - INFO - ------- Starting EQCCTPro... -------
2026-02-27 07:21:09,002 - INFO - Detailed subprocess information can be found in the log file.
2026-02-27 07:21:09,002 - INFO - 
2026-02-27 07:21:09,357 - INFO - GPU disabled (CPU-only).
2026-02-27 07:21:10,853 - INFO - Configured Intra-op threads = 1
2026-02-27 07:21:10,855 - INFO - Configured Inter-op threads = 1
2026-02-27 07:21:10,897 - INFO - TensorFlow: No GPUs visible; TF will proceed on CPU.
2026-02-27 07:21:10,900 - INFO - 
2026-02-27 07:21:10,902 - INFO - ------- Hardware Configuration -------
2026-02-27 07:21:10,904 - INFO - CPU affinity set to cores: [0, 1, 2, 3]
2026-02-27 07:21:10,905 - INFO - 
2026-02-27 07:21:10,907 - INFO - ------- Data Preprocessing for EQCCTPro -------
2026-02-27 07:21:10,909 - INFO - 1 station(s) in /home/blackwinter/projects/eqcct/eqcctpro/data/waveforms_explosions_nonoise/20250110T115216Z_20250110T115316Z
2026-02-27 07:21:10,911 - INFO - Using 1 selected station(s): ['KU1'].
2026-02-27 07:21:10,913 - INFO - Creating model actor(s)...
2026-02-27 07:21:10,915 - INFO - System RAM: Total=7870 MB, Available=3397 MB
2026-02-27 07:21:10,916 - INFO - Usable RAM budget: 7083 MB (90% of total)
2026-02-27 07:21:10,918 - INFO - ===== MEMORY-AWARE CPU ACTOR POOL (EQCCT) =====
2026-02-27 07:21:10,920 - INFO - Requested concurrent tasks: 1
2026-02-27 07:21:10,922 - INFO - Available CPUs: 4
2026-02-27 07:21:10,923 - INFO - Available RAM: 7083 MB
2026-02-27 07:21:10,925 - INFO - RAM per model: 2264 MB
2026-02-27 07:21:10,927 - INFO - Max actors by RAM: 3
2026-02-27 07:21:10,929 - INFO - Creating 1 ModelActor(s)
2026-02-27 07:21:10,931 - INFO - Let Ray handle scheduling (taskset already restricts CPU visibility)
2026-02-27 07:21:10,933 - INFO - Creating ModelActor 1/1 (2.21GB RAM each)...
2026-02-27 07:21:14,885 - INFO - ModelActor 1 created successfully.
2026-02-27 07:21:14,887 - INFO - Created 1 CPU actor(s). Task queue will handle concurrency.
2026-02-27 07:21:14,889 - INFO - Starting EQCCTPro parallelized waveform processing...
2026-02-27 07:21:14,891 - INFO - 
2026-02-27 07:21:14,893 - INFO - ------- Analyzing Seismic Waveforms for P and S Picks via EQCCT -------
2026-02-27 07:21:14,895 - INFO - Analyzing 0:01:00 minute timechunk from 2025-01-10 11:52:16 to 2025-01-10 11:53:16 (0 min overlap)
2026-02-27 07:21:14,898 - INFO - Processing a total of 1 stations, 1 at a time.
2026-02-27 07:21:16,782 - INFO - (1/1) KU1: Skipped (already exists - overwrite=False).
2026-02-27 07:21:16,784 - INFO - 
2026-02-27 07:21:16,786 - INFO - ------- Parallel Station Waveform Processing Complete For 2025-01-10 11:52:16 to 2025-01-10 11:53:16 Timechunk-------
2026-02-27 07:21:16,788 - INFO - Picks saved at /home/blackwinter/projects/eqcct/eqcctpro/results/csv/bm_explosions/20250110T115216Z_20250110T115316ZProcess Runtime: 1.90 s
2026-02-27 07:21:16,794 - INFO - Successfully ran EQCCTPro, exiting...
2026-02-27 07:21:18,353 - INFO - Ray Successfully Shutdown.
2026-02-27 07:21:18,353 - INFO - ------- Successfully Picked All Waveform(s) from all Timechunk(s) -------
