2026-03-20 03:57:25,908 - INFO - 
2026-03-20 03:57:25,908 - INFO - ------- Welcome to EQCCTPro -------
2026-03-20 03:57:25,908 - INFO - 
2026-03-20 03:57:25,909 - INFO - Running EQCCT over Requested MSeed Files using CPU(s)...
2026-03-20 03:57:25,909 - INFO - GPU disabled (CPU-only).
2026-03-20 03:57:25,910 - INFO - Configured Intra-op threads = 1
2026-03-20 03:57:25,910 - INFO - Configured Inter-op threads = 1
2026-03-20 03:57:25,910 - INFO - TensorFlow: No GPUs visible; TF will proceed on CPU.
2026-03-20 03:57:25,910 - INFO - 
2026-03-20 03:57:31,467 - INFO - Ray Successfully Initialized with 4 CPU(s) ([0, 1, 2, 3] CPU Affinity Binding).
2026-03-20 03:57:31,467 - INFO - Analyzing 1 time chunk(s) from 2025-08-06 13:24:31 to 2025-08-06 13:25:31 (dt=1min, overlap=0min).
2026-03-20 03:57:31,468 - INFO - Using 1 selected station(s).
2026-03-20 03:57:31,468 - INFO - 
2026-03-20 03:57:31,468 - INFO - ------- Starting EQCCTPro... -------
2026-03-20 03:57:31,469 - INFO - Detailed subprocess information can be found in the log file.
2026-03-20 03:57:31,469 - INFO - 
2026-03-20 03:57:31,849 - INFO - GPU disabled (CPU-only).
2026-03-20 03:57:33,385 - INFO - Configured Intra-op threads = 1
2026-03-20 03:57:33,388 - INFO - Configured Inter-op threads = 1
2026-03-20 03:57:33,433 - INFO - TensorFlow: No GPUs visible; TF will proceed on CPU.
2026-03-20 03:57:33,435 - INFO - 
2026-03-20 03:57:33,437 - INFO - ------- Hardware Configuration -------
2026-03-20 03:57:33,440 - INFO - CPU affinity set to cores: [0, 1, 2, 3]
2026-03-20 03:57:33,441 - INFO - 
2026-03-20 03:57:33,444 - INFO - ------- Data Preprocessing for EQCCTPro -------
2026-03-20 03:57:33,446 - INFO - 1 station(s) in /home/blackwinter/projects/eqcct/eqcctpro/data/waveforms_earthquakes_nonoise/20250806T132431Z_20250806T132531Z
2026-03-20 03:57:33,447 - INFO - Using 1 selected station(s): ['VAF'].
2026-03-20 03:57:33,449 - INFO - Creating model actor(s)...
2026-03-20 03:57:33,451 - INFO - System RAM: Total=7870 MB, Available=1569 MB
2026-03-20 03:57:33,453 - INFO - Usable RAM budget: 7083 MB (90% of total)
2026-03-20 03:57:33,455 - INFO - ===== MEMORY-AWARE CPU ACTOR POOL (EQCCT) =====
2026-03-20 03:57:33,457 - INFO - Requested concurrent tasks: 1
2026-03-20 03:57:33,459 - INFO - Available CPUs: 4
2026-03-20 03:57:33,461 - INFO - Available RAM: 7083 MB
2026-03-20 03:57:33,462 - INFO - RAM per model: 2264 MB
2026-03-20 03:57:33,465 - INFO - Max actors by RAM: 3
2026-03-20 03:57:33,467 - INFO - Creating 1 ModelActor(s)
2026-03-20 03:57:33,470 - INFO - Let Ray handle scheduling (taskset already restricts CPU visibility)
2026-03-20 03:57:33,472 - INFO - Creating ModelActor 1/1 (2.21GB RAM each)...
2026-03-20 03:57:37,408 - INFO - ModelActor 1 created successfully.
2026-03-20 03:57:37,410 - INFO - Created 1 CPU actor(s). Task queue will handle concurrency.
2026-03-20 03:57:37,413 - INFO - Starting EQCCTPro parallelized waveform processing...
2026-03-20 03:57:37,414 - INFO - 
2026-03-20 03:57:37,416 - INFO - ------- Analyzing Seismic Waveforms for P and S Picks via EQCCT -------
2026-03-20 03:57:37,419 - INFO - Analyzing 0:01:00 minute timechunk from 2025-08-06 13:24:31 to 2025-08-06 13:25:31 (0 min overlap)
2026-03-20 03:57:37,422 - INFO - Processing a total of 1 stations, 1 at a time.
2026-03-20 03:57:41,573 - INFO - (1/1) VAF: Finished the prediction in 2.19s. (HP=1.0, LP=45.0)
2026-03-20 03:57:41,576 - INFO - 
2026-03-20 03:57:41,578 - INFO - ------- Parallel Station Waveform Processing Complete For 2025-08-06 13:24:31 to 2025-08-06 13:25:31 Timechunk-------
2026-03-20 03:57:41,580 - INFO - Picks saved at /home/blackwinter/projects/eqcct/eqcctpro/results/csv/eqcct_earthquakes_th0_1/20250806T132431Z_20250806T132531ZProcess Runtime: 4.16 s
2026-03-20 03:57:41,586 - INFO - Successfully ran EQCCTPro, exiting...
2026-03-20 03:57:43,159 - INFO - Ray Successfully Shutdown.
2026-03-20 03:57:43,159 - INFO - ------- Successfully Picked All Waveform(s) from all Timechunk(s) -------
