2026-03-28 21:38:00,525 - INFO - 
2026-03-28 21:38:00,525 - INFO - ------- Welcome to EQCCTPro -------
2026-03-28 21:38:00,525 - INFO - 
2026-03-28 21:38:00,526 - INFO - Running EQCCT over Requested MSeed Files using CPU(s)...
2026-03-28 21:38:00,526 - INFO - GPU disabled (CPU-only).
2026-03-29 05:50:57,185 - INFO - 
2026-03-29 05:50:57,185 - INFO - ------- Welcome to EQCCTPro -------
2026-03-29 05:50:57,186 - INFO - 
2026-03-29 05:50:57,186 - INFO - Running EQCCT over Requested MSeed Files using CPU(s)...
2026-03-29 05:50:57,186 - INFO - GPU disabled (CPU-only).
2026-03-29 05:50:57,187 - INFO - Configured Intra-op threads = 1
2026-03-29 05:50:57,187 - INFO - Configured Inter-op threads = 1
2026-03-29 05:50:57,187 - INFO - TensorFlow: No GPUs visible; TF will proceed on CPU.
2026-03-29 05:50:57,187 - INFO - 
2026-03-29 05:51:02,421 - INFO - Ray Successfully Initialized with 4 CPU(s) ([0, 1, 2, 3] CPU Affinity Binding).
2026-03-29 05:51:02,421 - INFO - Analyzing 1 time chunk(s) from 2025-01-21 12:14:17 to 2025-01-21 12:15:17 (dt=1min, overlap=0min).
2026-03-29 05:51:02,421 - INFO - Using 2 selected station(s).
2026-03-29 05:51:02,421 - INFO - 
2026-03-29 05:51:02,421 - INFO - ------- Starting EQCCTPro... -------
2026-03-29 05:51:02,422 - INFO - Detailed subprocess information can be found in the log file.
2026-03-29 05:51:02,422 - INFO - 
2026-03-29 05:51:02,853 - INFO - GPU disabled (CPU-only).
2026-03-29 05:51:04,448 - INFO - Configured Intra-op threads = 1
2026-03-29 05:51:04,451 - INFO - Configured Inter-op threads = 1
2026-03-29 05:51:04,498 - INFO - TensorFlow: No GPUs visible; TF will proceed on CPU.
2026-03-29 05:51:04,501 - INFO - 
2026-03-29 05:51:04,504 - INFO - ------- Hardware Configuration -------
2026-03-29 05:51:04,510 - INFO - CPU affinity set to cores: [0, 1, 2, 3]
2026-03-29 05:51:04,513 - INFO - 
2026-03-29 05:51:04,518 - INFO - ------- Data Preprocessing for EQCCTPro -------
2026-03-29 05:51:04,521 - INFO - 2 station(s) in /home/blackwinter/projects/eqcct/eqcctpro/data/waveforms_explosions_nonoise/20250121T121417Z_20250121T121517Z
2026-03-29 05:51:04,524 - INFO - Using 2 selected station(s): ['MEF', 'TVF'].
2026-03-29 05:51:04,527 - INFO - Creating model actor(s)...
2026-03-29 05:51:04,531 - INFO - System RAM: Total=7870 MB, Available=2962 MB
2026-03-29 05:51:04,534 - INFO - Usable RAM budget: 7083 MB (90% of total)
2026-03-29 05:51:04,537 - INFO - ===== MEMORY-AWARE CPU ACTOR POOL (EQCCT) =====
2026-03-29 05:51:04,540 - INFO - Requested concurrent tasks: 1
2026-03-29 05:51:04,544 - INFO - Available CPUs: 4
2026-03-29 05:51:04,548 - INFO - Available RAM: 7083 MB
2026-03-29 05:51:04,552 - INFO - RAM per model: 2264 MB
2026-03-29 05:51:04,555 - INFO - Max actors by RAM: 3
2026-03-29 05:51:04,558 - INFO - Creating 1 ModelActor(s)
2026-03-29 05:51:04,560 - INFO - Let Ray handle scheduling (taskset already restricts CPU visibility)
2026-03-29 05:51:04,564 - INFO - Creating ModelActor 1/1 (2.21GB RAM each)...
2026-03-29 05:51:08,982 - INFO - ModelActor 1 created successfully.
2026-03-29 05:51:08,984 - INFO - Created 1 CPU actor(s). Task queue will handle concurrency.
2026-03-29 05:51:08,987 - INFO - Starting EQCCTPro parallelized waveform processing...
2026-03-29 05:51:08,990 - INFO - 
2026-03-29 05:51:08,992 - INFO - ------- Analyzing Seismic Waveforms for P and S Picks via EQCCT -------
2026-03-29 05:51:08,995 - INFO - Analyzing 0:01:00 minute timechunk from 2025-01-21 12:14:17 to 2025-01-21 12:15:17 (0 min overlap)
2026-03-29 05:51:08,998 - INFO - Processing a total of 2 stations, 1 at a time.
2026-03-29 05:51:13,608 - INFO - (1/2) MEF: Finished the prediction in 2.47s. (HP=1.0, LP=45.0)
2026-03-29 05:51:13,734 - INFO - (2/2) TVF: Finished the prediction in 0.12s. (HP=1.0, LP=45.0)
2026-03-29 05:51:13,736 - INFO - 
2026-03-29 05:51:13,739 - INFO - ------- Parallel Station Waveform Processing Complete For 2025-01-21 12:14:17 to 2025-01-21 12:15:17 Timechunk-------
2026-03-29 05:51:13,742 - INFO - Picks saved at /home/blackwinter/projects/eqcct/eqcctpro/results/csv/eqcct_explosions_th0_1/20250121T121417Z_20250121T121517ZProcess Runtime: 4.75 s
2026-03-29 05:51:13,748 - INFO - Successfully ran EQCCTPro, exiting...
2026-03-29 05:51:15,598 - INFO - Ray Successfully Shutdown.
2026-03-29 05:51:15,598 - INFO - ------- Successfully Picked All Waveform(s) from all Timechunk(s) -------
