2026-02-26 23:39:48,348 - INFO - 
2026-02-26 23:39:48,349 - INFO - ------- Welcome to EQCCTPro -------
2026-02-26 23:39:48,349 - INFO - 
2026-02-26 23:39:48,349 - INFO - Running EQCCT over Requested MSeed Files using CPU(s)...
2026-02-26 23:39:48,349 - INFO - GPU disabled (CPU-only).
2026-02-26 23:39:48,350 - INFO - Configured Intra-op threads = 1
2026-02-26 23:39:48,350 - INFO - Configured Inter-op threads = 1
2026-02-26 23:39:48,350 - INFO - TensorFlow: No GPUs visible; TF will proceed on CPU.
2026-02-26 23:39:48,350 - INFO - 
2026-02-26 23:39:53,981 - INFO - Ray Successfully Initialized with 4 CPU(s) ([0, 1, 2, 3] CPU Affinity Binding).
2026-02-26 23:39:53,982 - INFO - Analyzing 1 time chunk(s) from 2025-01-10 09:56:24 to 2025-01-10 09:57:24 (dt=1min, overlap=0min).
2026-02-26 23:39:53,982 - INFO - Using 1 selected station(s).
2026-02-26 23:39:53,982 - INFO - 
2026-02-26 23:39:53,982 - INFO - ------- Starting EQCCTPro... -------
2026-02-26 23:39:53,982 - INFO - Detailed subprocess information can be found in the log file.
2026-02-26 23:39:53,982 - INFO - 
2026-02-26 23:39:54,362 - INFO - GPU disabled (CPU-only).
2026-02-26 23:39:55,952 - INFO - Configured Intra-op threads = 1
2026-02-26 23:39:55,955 - INFO - Configured Inter-op threads = 1
2026-02-26 23:39:55,994 - INFO - TensorFlow: No GPUs visible; TF will proceed on CPU.
2026-02-26 23:39:55,996 - INFO - 
2026-02-26 23:39:55,998 - INFO - ------- Hardware Configuration -------
2026-02-26 23:39:56,000 - INFO - CPU affinity set to cores: [0, 1, 2, 3]
2026-02-26 23:39:56,002 - INFO - 
2026-02-26 23:39:56,005 - INFO - ------- Data Preprocessing for EQCCTPro -------
2026-02-26 23:39:56,007 - INFO - 1 station(s) in /home/blackwinter/projects/eqcct/eqcctpro/data/waveforms_explosions_nonoise/20250110T095624Z_20250110T095724Z
2026-02-26 23:39:56,009 - INFO - Using 1 selected station(s): ['VUOS'].
2026-02-26 23:39:56,011 - INFO - Creating model actor(s)...
2026-02-26 23:39:56,013 - INFO - System RAM: Total=7870 MB, Available=3548 MB
2026-02-26 23:39:56,014 - INFO - Usable RAM budget: 7083 MB (90% of total)
2026-02-26 23:39:56,016 - INFO - ===== MEMORY-AWARE CPU ACTOR POOL (EQCCT) =====
2026-02-26 23:39:56,018 - INFO - Requested concurrent tasks: 1
2026-02-26 23:39:56,020 - INFO - Available CPUs: 4
2026-02-26 23:39:56,022 - INFO - Available RAM: 7083 MB
2026-02-26 23:39:56,024 - INFO - RAM per model: 2264 MB
2026-02-26 23:39:56,026 - INFO - Max actors by RAM: 3
2026-02-26 23:39:56,028 - INFO - Creating 1 ModelActor(s)
2026-02-26 23:39:56,030 - INFO - Let Ray handle scheduling (taskset already restricts CPU visibility)
2026-02-26 23:39:56,032 - INFO - Creating ModelActor 1/1 (2.21GB RAM each)...
2026-02-26 23:39:59,908 - INFO - ModelActor 1 created successfully.
2026-02-26 23:39:59,910 - INFO - Created 1 CPU actor(s). Task queue will handle concurrency.
2026-02-26 23:39:59,912 - INFO - Starting EQCCTPro parallelized waveform processing...
2026-02-26 23:39:59,914 - INFO - 
2026-02-26 23:39:59,916 - INFO - ------- Analyzing Seismic Waveforms for P and S Picks via EQCCT -------
2026-02-26 23:39:59,918 - INFO - Analyzing 0:01:00 minute timechunk from 2025-01-10 09:56:24 to 2025-01-10 09:57:24 (0 min overlap)
2026-02-26 23:39:59,920 - INFO - Processing a total of 1 stations, 1 at a time.
2026-02-26 23:40:03,922 - INFO - (1/1) VUOS: Finished the prediction in 2.12s. (HP=1.0, LP=45.0)
2026-02-26 23:40:03,924 - INFO - 
2026-02-26 23:40:03,927 - INFO - ------- Parallel Station Waveform Processing Complete For 2025-01-10 09:56:24 to 2025-01-10 09:57:24 Timechunk-------
2026-02-26 23:40:03,929 - INFO - Picks saved at /home/blackwinter/projects/eqcct/eqcctpro/results/csv/bm_explosions/20250110T095624Z_20250110T095724ZProcess Runtime: 4.01 s
2026-02-26 23:40:03,934 - INFO - Successfully ran EQCCTPro, exiting...
2026-02-26 23:40:05,487 - INFO - Ray Successfully Shutdown.
2026-02-26 23:40:05,488 - INFO - ------- Successfully Picked All Waveform(s) from all Timechunk(s) -------
2026-02-27 07:00:46,618 - INFO - 
2026-02-27 07:00:46,625 - INFO - ------- Welcome to EQCCTPro -------
2026-02-27 07:00:46,625 - INFO - 
2026-02-27 07:00:46,626 - INFO - Running EQCCT over Requested MSeed Files using CPU(s)...
2026-02-27 07:00:46,626 - INFO - GPU disabled (CPU-only).
2026-02-27 07:00:46,626 - INFO - Configured Intra-op threads = 1
2026-02-27 07:00:46,626 - INFO - Configured Inter-op threads = 1
2026-02-27 07:00:46,627 - INFO - TensorFlow: No GPUs visible; TF will proceed on CPU.
2026-02-27 07:00:46,627 - INFO - 
2026-02-27 07:00:51,907 - INFO - Ray Successfully Initialized with 4 CPU(s) ([0, 1, 2, 3] CPU Affinity Binding).
2026-02-27 07:00:51,908 - INFO - Analyzing 1 time chunk(s) from 2025-01-10 09:56:24 to 2025-01-10 09:57:24 (dt=1min, overlap=0min).
2026-02-27 07:00:51,908 - INFO - Using 1 selected station(s).
2026-02-27 07:00:51,908 - INFO - 
2026-02-27 07:00:51,909 - INFO - ------- Starting EQCCTPro... -------
2026-02-27 07:00:51,909 - INFO - Detailed subprocess information can be found in the log file.
2026-02-27 07:00:51,909 - INFO - 
2026-02-27 07:00:52,296 - INFO - GPU disabled (CPU-only).
2026-02-27 07:00:53,794 - INFO - Configured Intra-op threads = 1
2026-02-27 07:00:53,797 - INFO - Configured Inter-op threads = 1
2026-02-27 07:00:53,838 - INFO - TensorFlow: No GPUs visible; TF will proceed on CPU.
2026-02-27 07:00:53,841 - INFO - 
2026-02-27 07:00:53,843 - INFO - ------- Hardware Configuration -------
2026-02-27 07:00:53,845 - INFO - CPU affinity set to cores: [0, 1, 2, 3]
2026-02-27 07:00:53,846 - INFO - 
2026-02-27 07:00:53,848 - INFO - ------- Data Preprocessing for EQCCTPro -------
2026-02-27 07:00:53,850 - INFO - 1 station(s) in /home/blackwinter/projects/eqcct/eqcctpro/data/waveforms_explosions_nonoise/20250110T095624Z_20250110T095724Z
2026-02-27 07:00:53,851 - INFO - Using 1 selected station(s): ['VUOS'].
2026-02-27 07:00:53,853 - INFO - Creating model actor(s)...
2026-02-27 07:00:53,855 - INFO - System RAM: Total=7870 MB, Available=3534 MB
2026-02-27 07:00:53,857 - INFO - Usable RAM budget: 7083 MB (90% of total)
2026-02-27 07:00:53,859 - INFO - ===== MEMORY-AWARE CPU ACTOR POOL (EQCCT) =====
2026-02-27 07:00:53,861 - INFO - Requested concurrent tasks: 1
2026-02-27 07:00:53,862 - INFO - Available CPUs: 4
2026-02-27 07:00:53,864 - INFO - Available RAM: 7083 MB
2026-02-27 07:00:53,866 - INFO - RAM per model: 2264 MB
2026-02-27 07:00:53,868 - INFO - Max actors by RAM: 3
2026-02-27 07:00:53,869 - INFO - Creating 1 ModelActor(s)
2026-02-27 07:00:53,871 - INFO - Let Ray handle scheduling (taskset already restricts CPU visibility)
2026-02-27 07:00:53,873 - INFO - Creating ModelActor 1/1 (2.21GB RAM each)...
2026-02-27 07:00:57,771 - INFO - ModelActor 1 created successfully.
2026-02-27 07:00:57,774 - INFO - Created 1 CPU actor(s). Task queue will handle concurrency.
2026-02-27 07:00:57,775 - INFO - Starting EQCCTPro parallelized waveform processing...
2026-02-27 07:00:57,777 - INFO - 
2026-02-27 07:00:57,779 - INFO - ------- Analyzing Seismic Waveforms for P and S Picks via EQCCT -------
2026-02-27 07:00:57,781 - INFO - Analyzing 0:01:00 minute timechunk from 2025-01-10 09:56:24 to 2025-01-10 09:57:24 (0 min overlap)
2026-02-27 07:00:57,783 - INFO - Processing a total of 1 stations, 1 at a time.
2026-02-27 07:00:59,669 - INFO - (1/1) VUOS: Skipped (already exists - overwrite=False).
2026-02-27 07:00:59,671 - INFO - 
2026-02-27 07:00:59,673 - INFO - ------- Parallel Station Waveform Processing Complete For 2025-01-10 09:56:24 to 2025-01-10 09:57:24 Timechunk-------
2026-02-27 07:00:59,675 - INFO - Picks saved at /home/blackwinter/projects/eqcct/eqcctpro/results/csv/bm_explosions/20250110T095624Z_20250110T095724ZProcess Runtime: 1.90 s
2026-02-27 07:00:59,678 - INFO - Successfully ran EQCCTPro, exiting...
2026-02-27 07:01:01,224 - INFO - Ray Successfully Shutdown.
2026-02-27 07:01:01,225 - INFO - ------- Successfully Picked All Waveform(s) from all Timechunk(s) -------
