2026-03-29 15:10:23,447 - INFO - 
2026-03-29 15:10:23,447 - INFO - ------- Welcome to EQCCTPro -------
2026-03-29 15:10:23,447 - INFO - 
2026-03-29 15:10:23,447 - INFO - Running EQCCT over Requested MSeed Files using CPU(s)...
2026-03-29 15:10:23,447 - INFO - GPU disabled (CPU-only).
2026-03-29 15:10:23,448 - INFO - Configured Intra-op threads = 1
2026-03-29 15:10:23,448 - INFO - Configured Inter-op threads = 1
2026-03-29 15:10:23,448 - INFO - TensorFlow: No GPUs visible; TF will proceed on CPU.
2026-03-29 15:10:23,448 - INFO - 
2026-03-29 15:10:29,098 - INFO - Ray Successfully Initialized with 4 CPU(s) ([0, 1, 2, 3] CPU Affinity Binding).
2026-03-29 15:10:29,098 - INFO - Analyzing 1 time chunk(s) from 2025-01-08 21:42:37 to 2025-01-08 21:43:37 (dt=1min, overlap=0min).
2026-03-29 15:10:29,098 - INFO - Using 1 selected station(s).
2026-03-29 15:10:29,098 - INFO - 
2026-03-29 15:10:29,099 - INFO - ------- Starting EQCCTPro... -------
2026-03-29 15:10:29,099 - INFO - Detailed subprocess information can be found in the log file.
2026-03-29 15:10:29,099 - INFO - 
2026-03-29 15:10:29,551 - INFO - GPU disabled (CPU-only).
2026-03-29 15:10:31,088 - INFO - Configured Intra-op threads = 1
2026-03-29 15:10:31,090 - INFO - Configured Inter-op threads = 1
2026-03-29 15:10:31,134 - INFO - TensorFlow: No GPUs visible; TF will proceed on CPU.
2026-03-29 15:10:31,136 - INFO - 
2026-03-29 15:10:31,139 - INFO - ------- Hardware Configuration -------
2026-03-29 15:10:31,142 - INFO - CPU affinity set to cores: [0, 1, 2, 3]
2026-03-29 15:10:31,144 - INFO - 
2026-03-29 15:10:31,147 - INFO - ------- Data Preprocessing for EQCCTPro -------
2026-03-29 15:10:31,149 - INFO - 1 station(s) in /home/blackwinter/projects/eqcct/eqcctpro/data/waveforms_noise_only/20250108T214237Z_20250108T214337Z
2026-03-29 15:10:31,152 - INFO - Using 1 selected station(s): ['OBF8'].
2026-03-29 15:10:31,154 - INFO - Creating model actor(s)...
2026-03-29 15:10:31,157 - INFO - System RAM: Total=7870 MB, Available=4392 MB
2026-03-29 15:10:31,160 - INFO - Usable RAM budget: 7083 MB (90% of total)
2026-03-29 15:10:31,163 - INFO - ===== MEMORY-AWARE CPU ACTOR POOL (EQCCT) =====
2026-03-29 15:10:31,165 - INFO - Requested concurrent tasks: 1
2026-03-29 15:10:31,167 - INFO - Available CPUs: 4
2026-03-29 15:10:31,170 - INFO - Available RAM: 7083 MB
2026-03-29 15:10:31,173 - INFO - RAM per model: 2264 MB
2026-03-29 15:10:31,175 - INFO - Max actors by RAM: 3
2026-03-29 15:10:31,178 - INFO - Creating 1 ModelActor(s)
2026-03-29 15:10:31,181 - INFO - Let Ray handle scheduling (taskset already restricts CPU visibility)
2026-03-29 15:10:31,183 - INFO - Creating ModelActor 1/1 (2.21GB RAM each)...
2026-03-29 15:10:35,459 - INFO - ModelActor 1 created successfully.
2026-03-29 15:10:35,462 - INFO - Created 1 CPU actor(s). Task queue will handle concurrency.
2026-03-29 15:10:35,464 - INFO - Starting EQCCTPro parallelized waveform processing...
2026-03-29 15:10:35,467 - INFO - 
2026-03-29 15:10:35,470 - INFO - ------- Analyzing Seismic Waveforms for P and S Picks via EQCCT -------
2026-03-29 15:10:35,473 - INFO - Analyzing 0:01:00 minute timechunk from 2025-01-08 21:42:37 to 2025-01-08 21:43:37 (0 min overlap)
2026-03-29 15:10:35,475 - INFO - Processing a total of 1 stations, 1 at a time.
2026-03-29 15:10:39,949 - INFO - (1/1) OBF8: Finished the prediction in 2.41s. (HP=1.0, LP=45.0)
2026-03-29 15:10:39,951 - INFO - 
2026-03-29 15:10:39,956 - INFO - ------- Parallel Station Waveform Processing Complete For 2025-01-08 21:42:37 to 2025-01-08 21:43:37 Timechunk-------
2026-03-29 15:10:39,963 - INFO - Picks saved at /home/blackwinter/projects/eqcct/eqcctpro/results/csv/eqcct_noise_th0_1/20250108T214237Z_20250108T214337ZProcess Runtime: 4.49 s
2026-03-29 15:10:39,971 - INFO - Successfully ran EQCCTPro, exiting...
2026-03-29 15:10:41,557 - INFO - Ray Successfully Shutdown.
2026-03-29 15:10:41,557 - INFO - ------- Successfully Picked All Waveform(s) from all Timechunk(s) -------
