2026-02-22 23:27:35,525 - INFO - 
2026-02-22 23:27:35,525 - INFO - ------- Welcome to EQCCTPro -------
2026-02-22 23:27:35,525 - INFO - 
2026-02-22 23:27:35,526 - INFO - Running EQCCT over Requested MSeed Files using CPU(s)...
2026-02-22 23:27:35,526 - INFO - GPU disabled (CPU-only).
2026-02-22 23:27:35,526 - INFO - Configured Intra-op threads = 1
2026-02-22 23:27:35,526 - INFO - Configured Inter-op threads = 1
2026-02-22 23:27:35,526 - INFO - TensorFlow: No GPUs visible; TF will proceed on CPU.
2026-02-22 23:27:35,527 - INFO - 
2026-02-22 23:27:41,042 - INFO - Ray Successfully Initialized with 4 CPU(s) ([0, 1, 2, 3] CPU Affinity Binding).
2026-02-22 23:27:41,043 - INFO - Analyzing 1 time chunk(s) from 2025-12-20 22:09:12 to 2025-12-20 22:10:12 (dt=1min, overlap=0min).
2026-02-22 23:27:41,043 - INFO - Using 1 selected station(s).
2026-02-22 23:27:41,044 - INFO - 
2026-02-22 23:27:41,044 - INFO - ------- Starting EQCCTPro... -------
2026-02-22 23:27:41,044 - INFO - Detailed subprocess information can be found in the log file.
2026-02-22 23:27:41,044 - INFO - 
2026-02-22 23:27:41,424 - INFO - GPU disabled (CPU-only).
2026-02-22 23:27:42,915 - INFO - Configured Intra-op threads = 1
2026-02-22 23:27:42,917 - INFO - Configured Inter-op threads = 1
2026-02-22 23:27:42,955 - INFO - TensorFlow: No GPUs visible; TF will proceed on CPU.
2026-02-22 23:27:42,957 - INFO - 
2026-02-22 23:27:42,959 - INFO - ------- Hardware Configuration -------
2026-02-22 23:27:42,961 - INFO - CPU affinity set to cores: [0, 1, 2, 3]
2026-02-22 23:27:42,963 - INFO - 
2026-02-22 23:27:42,965 - INFO - ------- Data Preprocessing for EQCCTPro -------
2026-02-22 23:27:42,967 - INFO - 1 station(s) in /home/blackwinter/projects/eqcct/eqcctpro/data/waveforms_earthquakes_nonoise/20251220T220912Z_20251220T221012Z
2026-02-22 23:27:42,970 - INFO - Using 1 selected station(s): ['KY17'].
2026-02-22 23:27:42,972 - INFO - Creating model actor(s)...
2026-02-22 23:27:42,974 - INFO - System RAM: Total=7870 MB, Available=1497 MB
2026-02-22 23:27:42,976 - INFO - Usable RAM budget: 7083 MB (90% of total)
2026-02-22 23:27:42,979 - INFO - ===== MEMORY-AWARE CPU ACTOR POOL (EQCCT) =====
2026-02-22 23:27:42,981 - INFO - Requested concurrent tasks: 1
2026-02-22 23:27:42,983 - INFO - Available CPUs: 4
2026-02-22 23:27:42,985 - INFO - Available RAM: 7083 MB
2026-02-22 23:27:42,987 - INFO - RAM per model: 2264 MB
2026-02-22 23:27:42,989 - INFO - Max actors by RAM: 3
2026-02-22 23:27:42,990 - INFO - Creating 1 ModelActor(s)
2026-02-22 23:27:42,992 - INFO - Let Ray handle scheduling (taskset already restricts CPU visibility)
2026-02-22 23:27:42,994 - INFO - Creating ModelActor 1/1 (2.21GB RAM each)...
2026-02-22 23:27:46,937 - INFO - ModelActor 1 created successfully.
2026-02-22 23:27:46,939 - INFO - Created 1 CPU actor(s). Task queue will handle concurrency.
2026-02-22 23:27:46,941 - INFO - Starting EQCCTPro parallelized waveform processing...
2026-02-22 23:27:46,943 - INFO - 
2026-02-22 23:27:46,945 - INFO - ------- Analyzing Seismic Waveforms for P and S Picks via EQCCT -------
2026-02-22 23:27:46,947 - INFO - Analyzing 0:01:00 minute timechunk from 2025-12-20 22:09:12 to 2025-12-20 22:10:12 (0 min overlap)
2026-02-22 23:27:46,949 - INFO - Processing a total of 1 stations, 1 at a time.
2026-02-22 23:27:48,849 - INFO - (1/1) KY17: FAILED reading mSEED.
2026-02-22 23:27:48,851 - INFO - 
2026-02-22 23:27:48,855 - INFO - ------- Parallel Station Waveform Processing Complete For 2025-12-20 22:09:12 to 2025-12-20 22:10:12 Timechunk-------
2026-02-22 23:27:48,858 - INFO - Picks saved at /home/blackwinter/projects/eqcct/eqcctpro/results/csv/bm_eq_nonoise/20251220T220912Z_20251220T221012ZProcess Runtime: 1.91 s
2026-02-22 23:27:48,863 - INFO - Successfully ran EQCCTPro, exiting...
2026-02-22 23:27:50,658 - INFO - Ray Successfully Shutdown.
2026-02-22 23:27:50,658 - INFO - ------- Successfully Picked All Waveform(s) from all Timechunk(s) -------
