2026-03-28 16:26:33,340 - INFO - 
2026-03-28 16:26:33,340 - INFO - ------- Welcome to EQCCTPro -------
2026-03-28 16:26:33,340 - INFO - 
2026-03-28 16:26:33,341 - INFO - Running EQCCT over Requested MSeed Files using CPU(s)...
2026-03-28 16:26:33,341 - INFO - GPU disabled (CPU-only).
2026-03-28 16:26:33,341 - INFO - Skipping framework-specific initialization in the driver process.
2026-03-28 16:26:35,919 - INFO - Ray Successfully Initialized with 4 CPU(s) ([0, 1, 2, 3] CPU Affinity Binding).
2026-03-28 16:26:35,919 - INFO - Analyzing 1 time chunk(s) from 2025-01-07 14:26:43 to 2025-01-07 14:27:43 (dt=1min, overlap=0min).
2026-03-28 16:26:35,919 - INFO - Using 1 selected station(s).
2026-03-28 16:26:35,919 - INFO - 
2026-03-28 16:26:35,920 - INFO - ------- Starting EQCCTPro... -------
2026-03-28 16:26:35,920 - INFO - Detailed subprocess information can be found in the log file.
2026-03-28 16:26:35,920 - INFO - 
2026-03-28 16:26:36,227 - INFO - GPU disabled (CPU-only).
2026-03-28 16:26:36,232 - INFO - Skipping framework-specific initialization in the driver process.
2026-03-28 16:26:36,235 - INFO - ------- Hardware Configuration -------
2026-03-28 16:26:36,239 - INFO - CPU affinity set to cores: [0, 1, 2, 3]
2026-03-28 16:26:36,244 - INFO - 
2026-03-28 16:26:36,249 - INFO - ------- Data Preprocessing for EQCCTPro -------
2026-03-28 16:26:36,253 - INFO - 1 station(s) in /home/blackwinter/projects/eqcct/eqcctpro/data/waveforms_explosions_nonoise/20250107T142643Z_20250107T142743Z
2026-03-28 16:26:36,257 - INFO - Using 1 selected station(s): ['MEF'].
2026-03-28 16:26:36,260 - INFO - Creating model actor(s)...
2026-03-28 16:26:36,264 - INFO - System RAM: Total=7870 MB, Available=4352 MB
2026-03-28 16:26:36,268 - INFO - Usable RAM budget: 7083 MB (90% of total)
2026-03-28 16:26:36,272 - INFO - ===== MEMORY-AWARE CPU ACTOR POOL =====
2026-03-28 16:26:36,276 - INFO - Requested concurrent tasks: 1
2026-03-28 16:26:36,280 - INFO - Available CPUs: 4
2026-03-28 16:26:36,284 - INFO - Available RAM: 7083 MB
2026-03-28 16:26:36,288 - INFO - RAM per model: 2060 MB
2026-03-28 16:26:36,291 - INFO - Max actors by RAM: 3
2026-03-28 16:26:36,294 - INFO - Creating 1 SeisBenchModelActor(s)
2026-03-28 16:26:36,297 - INFO - Let Ray handle scheduling (taskset already restricts CPU visibility)
2026-03-28 16:26:36,300 - INFO - Creating SeisBenchModelActor 1/1 (2.01GB RAM each)...
2026-03-28 16:26:39,352 - INFO - SeisBenchModelActor 1 created successfully.
2026-03-28 16:26:39,356 - INFO - Created 1 CPU actor(s). Task queue will handle concurrency.
2026-03-28 16:26:39,360 - INFO - Starting EQCCTPro parallelized waveform processing...
2026-03-28 16:26:39,364 - INFO - 
2026-03-28 16:26:39,368 - INFO - ------- Analyzing Seismic Waveforms for P and S Picks via SeisBench (EQTransformer - original_nonconservative) -------
2026-03-28 16:26:39,372 - INFO - Analyzing 0:01:00 minute timechunk from 2025-01-07 14:26:43 to 2025-01-07 14:27:43 (0 min overlap)
2026-03-28 16:26:39,375 - INFO - Processing a total of 1 stations, 1 at a time.
2026-03-28 16:26:41,897 - INFO - (1/1) MEF: Finished the prediction in 0.14s. (HP=1.0, LP=45.0, picks=0)
2026-03-28 16:26:41,899 - INFO - 
2026-03-28 16:26:41,902 - INFO - ------- Parallel Station Waveform Processing Complete For 2025-01-07 14:26:43 to 2025-01-07 14:27:43 Timechunk-------
2026-03-28 16:26:41,906 - INFO - Picks saved at /home/blackwinter/projects/eqcct/eqcctpro/results/csv/eqt_explosions_th0_1/20250107T142643Z_20250107T142743ZProcess Runtime: 2.54 s
2026-03-28 16:26:41,913 - INFO - Successfully ran EQCCTPro, exiting...
2026-03-28 16:26:43,352 - INFO - Ray Successfully Shutdown.
2026-03-28 16:26:43,352 - INFO - ------- Successfully Picked All Waveform(s) from all Timechunk(s) -------
