2026-02-22 12:23:29,726 - INFO - 
2026-02-22 12:23:29,726 - INFO - ------- Welcome to EQCCTPro -------
2026-02-22 12:23:29,726 - INFO - 
2026-02-22 12:23:29,726 - INFO - Running EQCCT over Requested MSeed Files using CPU(s)...
2026-02-22 12:23:29,727 - INFO - GPU disabled (CPU-only).
2026-02-22 12:23:29,727 - INFO - Configured Intra-op threads = 1
2026-02-22 12:23:29,727 - INFO - Configured Inter-op threads = 1
2026-02-22 12:23:29,727 - INFO - TensorFlow: No GPUs visible; TF will proceed on CPU.
2026-02-22 12:23:29,727 - INFO - 
2026-02-22 12:23:34,955 - INFO - Ray Successfully Initialized with 4 CPU(s) ([0, 1, 2, 3] CPU Affinity Binding).
2026-02-22 12:23:34,956 - INFO - Analyzing 1 time chunk(s) from 2025-01-20 00:50:51 to 2025-01-20 00:51:51 (dt=1min, overlap=0min).
2026-02-22 12:23:34,956 - INFO - Using 1 selected station(s).
2026-02-22 12:23:34,958 - INFO - 
2026-02-22 12:23:34,958 - INFO - ------- Starting EQCCTPro... -------
2026-02-22 12:23:34,958 - INFO - Detailed subprocess information can be found in the log file.
2026-02-22 12:23:34,958 - INFO - 
2026-02-22 12:23:35,319 - INFO - GPU disabled (CPU-only).
2026-02-22 12:23:36,791 - INFO - Configured Intra-op threads = 1
2026-02-22 12:23:36,793 - INFO - Configured Inter-op threads = 1
2026-02-22 12:23:36,828 - INFO - TensorFlow: No GPUs visible; TF will proceed on CPU.
2026-02-22 12:23:36,831 - INFO - 
2026-02-22 12:23:36,833 - INFO - ------- Hardware Configuration -------
2026-02-22 12:23:36,835 - INFO - CPU affinity set to cores: [0, 1, 2, 3]
2026-02-22 12:23:36,836 - INFO - 
2026-02-22 12:23:36,838 - INFO - ------- Data Preprocessing for EQCCTPro -------
2026-02-22 12:23:36,840 - INFO - 1 station(s) in /home/blackwinter/projects/eqcct/eqcctpro/data/waveforms_earthquakes_nonoise/20250120T005051Z_20250120T005151Z
2026-02-22 12:23:36,841 - INFO - Using 1 selected station(s): ['OBF0'].
2026-02-22 12:23:36,843 - INFO - Creating model actor(s)...
2026-02-22 12:23:36,845 - INFO - System RAM: Total=7870 MB, Available=3316 MB
2026-02-22 12:23:36,847 - INFO - Usable RAM budget: 7083 MB (90% of total)
2026-02-22 12:23:36,849 - INFO - ===== MEMORY-AWARE CPU ACTOR POOL (EQCCT) =====
2026-02-22 12:23:36,851 - INFO - Requested concurrent tasks: 1
2026-02-22 12:23:36,853 - INFO - Available CPUs: 4
2026-02-22 12:23:36,855 - INFO - Available RAM: 7083 MB
2026-02-22 12:23:36,857 - INFO - RAM per model: 2264 MB
2026-02-22 12:23:36,859 - INFO - Max actors by RAM: 3
2026-02-22 12:23:36,861 - INFO - Creating 1 ModelActor(s)
2026-02-22 12:23:36,863 - INFO - Let Ray handle scheduling (taskset already restricts CPU visibility)
2026-02-22 12:23:36,866 - INFO - Creating ModelActor 1/1 (2.21GB RAM each)...
2026-02-22 12:23:40,678 - INFO - ModelActor 1 created successfully.
2026-02-22 12:23:40,681 - INFO - Created 1 CPU actor(s). Task queue will handle concurrency.
2026-02-22 12:23:40,683 - INFO - Starting EQCCTPro parallelized waveform processing...
2026-02-22 12:23:40,685 - INFO - 
2026-02-22 12:23:40,688 - INFO - ------- Analyzing Seismic Waveforms for P and S Picks via EQCCT -------
2026-02-22 12:23:40,690 - INFO - Analyzing 0:01:00 minute timechunk from 2025-01-20 00:50:51 to 2025-01-20 00:51:51 (0 min overlap)
2026-02-22 12:23:40,692 - INFO - Processing a total of 1 stations, 1 at a time.
2026-02-22 12:23:44,654 - INFO - (1/1) OBF0: Finished the prediction in 2.08s. (HP=1.0, LP=45.0)
2026-02-22 12:23:44,656 - INFO - 
2026-02-22 12:23:44,658 - INFO - ------- Parallel Station Waveform Processing Complete For 2025-01-20 00:50:51 to 2025-01-20 00:51:51 Timechunk-------
2026-02-22 12:23:44,660 - INFO - Picks saved at /home/blackwinter/projects/eqcct/eqcctpro/results/csv/bm_eq_nonoise/20250120T005051Z_20250120T005151ZProcess Runtime: 3.97 s
2026-02-22 12:23:44,664 - INFO - Successfully ran EQCCTPro, exiting...
2026-02-22 12:23:46,196 - INFO - Ray Successfully Shutdown.
2026-02-22 12:23:46,196 - INFO - ------- Successfully Picked All Waveform(s) from all Timechunk(s) -------
