2026-03-11 02:22:08,796 - INFO - 
2026-03-11 02:22:08,796 - INFO - ------- Welcome to EQCCTPro -------
2026-03-11 02:22:08,796 - INFO - 
2026-03-11 02:22:08,797 - INFO - Running EQCCT over Requested MSeed Files using CPU(s)...
2026-03-11 02:22:08,797 - INFO - GPU disabled (CPU-only).
2026-03-11 02:22:08,797 - INFO - Configured Intra-op threads = 1
2026-03-11 02:22:08,797 - INFO - Configured Inter-op threads = 1
2026-03-11 02:22:08,797 - INFO - TensorFlow: No GPUs visible; TF will proceed on CPU.
2026-03-11 02:22:08,797 - INFO - 
2026-03-11 02:22:14,170 - INFO - Ray Successfully Initialized with 4 CPU(s) ([0, 1, 2, 3] CPU Affinity Binding).
2026-03-11 02:22:14,171 - INFO - Analyzing 1 time chunk(s) from 2025-01-12 22:28:46 to 2025-01-12 22:29:46 (dt=1min, overlap=0min).
2026-03-11 02:22:14,171 - INFO - Using 1 selected station(s).
2026-03-11 02:22:14,171 - INFO - 
2026-03-11 02:22:14,172 - INFO - ------- Starting EQCCTPro... -------
2026-03-11 02:22:14,172 - INFO - Detailed subprocess information can be found in the log file.
2026-03-11 02:22:14,172 - INFO - 
2026-03-11 02:22:14,543 - INFO - GPU disabled (CPU-only).
2026-03-11 02:22:15,997 - INFO - Configured Intra-op threads = 1
2026-03-11 02:22:16,000 - INFO - Configured Inter-op threads = 1
2026-03-11 02:22:16,035 - INFO - TensorFlow: No GPUs visible; TF will proceed on CPU.
2026-03-11 02:22:16,037 - INFO - 
2026-03-11 02:22:16,039 - INFO - ------- Hardware Configuration -------
2026-03-11 02:22:16,041 - INFO - CPU affinity set to cores: [0, 1, 2, 3]
2026-03-11 02:22:16,043 - INFO - 
2026-03-11 02:22:16,045 - INFO - ------- Data Preprocessing for EQCCTPro -------
2026-03-11 02:22:16,046 - INFO - 1 station(s) in /home/blackwinter/projects/eqcct/eqcctpro/data/waveforms_noise_only/20250112T222846Z_20250112T222946Z
2026-03-11 02:22:16,048 - INFO - Using 1 selected station(s): ['FIC5'].
2026-03-11 02:22:16,050 - INFO - Creating model actor(s)...
2026-03-11 02:22:16,052 - INFO - System RAM: Total=7870 MB, Available=2365 MB
2026-03-11 02:22:16,054 - INFO - Usable RAM budget: 7083 MB (90% of total)
2026-03-11 02:22:16,056 - INFO - ===== MEMORY-AWARE CPU ACTOR POOL (EQCCT) =====
2026-03-11 02:22:16,058 - INFO - Requested concurrent tasks: 1
2026-03-11 02:22:16,061 - INFO - Available CPUs: 4
2026-03-11 02:22:16,063 - INFO - Available RAM: 7083 MB
2026-03-11 02:22:16,065 - INFO - RAM per model: 2264 MB
2026-03-11 02:22:16,068 - INFO - Max actors by RAM: 3
2026-03-11 02:22:16,070 - INFO - Creating 1 ModelActor(s)
2026-03-11 02:22:16,072 - INFO - Let Ray handle scheduling (taskset already restricts CPU visibility)
2026-03-11 02:22:16,074 - INFO - Creating ModelActor 1/1 (2.21GB RAM each)...
2026-03-11 02:22:19,940 - INFO - ModelActor 1 created successfully.
2026-03-11 02:22:19,943 - INFO - Created 1 CPU actor(s). Task queue will handle concurrency.
2026-03-11 02:22:19,945 - INFO - Starting EQCCTPro parallelized waveform processing...
2026-03-11 02:22:19,947 - INFO - 
2026-03-11 02:22:19,949 - INFO - ------- Analyzing Seismic Waveforms for P and S Picks via EQCCT -------
2026-03-11 02:22:19,951 - INFO - Analyzing 0:01:00 minute timechunk from 2025-01-12 22:28:46 to 2025-01-12 22:29:46 (0 min overlap)
2026-03-11 02:22:19,953 - INFO - Processing a total of 1 stations, 1 at a time.
2026-03-11 02:22:24,205 - INFO - (1/1) FIC5: Finished the prediction in 2.34s. (HP=1.0, LP=45.0)
2026-03-11 02:22:24,209 - INFO - 
2026-03-11 02:22:24,211 - INFO - ------- Parallel Station Waveform Processing Complete For 2025-01-12 22:28:46 to 2025-01-12 22:29:46 Timechunk-------
2026-03-11 02:22:24,213 - INFO - Picks saved at /home/blackwinter/projects/eqcct/eqcctpro/results/csv/bm_noise_only/20250112T222846Z_20250112T222946ZProcess Runtime: 4.26 s
2026-03-11 02:22:24,220 - INFO - Successfully ran EQCCTPro, exiting...
2026-03-11 02:22:25,912 - INFO - Ray Successfully Shutdown.
2026-03-11 02:22:25,912 - INFO - ------- Successfully Picked All Waveform(s) from all Timechunk(s) -------
2026-03-11 16:42:18,107 - INFO - 
2026-03-11 16:42:18,108 - INFO - ------- Welcome to EQCCTPro -------
2026-03-11 16:42:18,108 - INFO - 
2026-03-11 16:42:18,108 - INFO - Running EQCCT over Requested MSeed Files using CPU(s)...
2026-03-11 16:42:18,109 - INFO - GPU disabled (CPU-only).
2026-03-11 16:42:18,109 - INFO - Configured Intra-op threads = 1
2026-03-11 16:42:18,109 - INFO - Configured Inter-op threads = 1
2026-03-11 16:42:18,109 - INFO - TensorFlow: No GPUs visible; TF will proceed on CPU.
2026-03-11 16:42:18,109 - INFO - 
2026-03-11 16:42:23,601 - INFO - Ray Successfully Initialized with 4 CPU(s) ([0, 1, 2, 3] CPU Affinity Binding).
2026-03-11 16:42:23,602 - INFO - Analyzing 1 time chunk(s) from 2025-01-12 22:28:46 to 2025-01-12 22:29:46 (dt=1min, overlap=0min).
2026-03-11 16:42:23,602 - INFO - Using 1 selected station(s).
2026-03-11 16:42:23,602 - INFO - 
2026-03-11 16:42:23,602 - INFO - ------- Starting EQCCTPro... -------
2026-03-11 16:42:23,602 - INFO - Detailed subprocess information can be found in the log file.
2026-03-11 16:42:23,602 - INFO - 
2026-03-11 16:42:23,976 - INFO - GPU disabled (CPU-only).
2026-03-11 16:42:25,493 - INFO - Configured Intra-op threads = 1
2026-03-11 16:42:25,496 - INFO - Configured Inter-op threads = 1
2026-03-11 16:42:25,534 - INFO - TensorFlow: No GPUs visible; TF will proceed on CPU.
2026-03-11 16:42:25,537 - INFO - 
2026-03-11 16:42:25,539 - INFO - ------- Hardware Configuration -------
2026-03-11 16:42:25,542 - INFO - CPU affinity set to cores: [0, 1, 2, 3]
2026-03-11 16:42:25,544 - INFO - 
2026-03-11 16:42:25,546 - INFO - ------- Data Preprocessing for EQCCTPro -------
2026-03-11 16:42:25,548 - INFO - 1 station(s) in /home/blackwinter/projects/eqcct/eqcctpro/data/waveforms_noise_only/20250112T222846Z_20250112T222946Z
2026-03-11 16:42:25,550 - INFO - Using 1 selected station(s): ['FIC5'].
2026-03-11 16:42:25,552 - INFO - Creating model actor(s)...
2026-03-11 16:42:25,554 - INFO - System RAM: Total=7870 MB, Available=3175 MB
2026-03-11 16:42:25,556 - INFO - Usable RAM budget: 7083 MB (90% of total)
2026-03-11 16:42:25,558 - INFO - ===== MEMORY-AWARE CPU ACTOR POOL (EQCCT) =====
2026-03-11 16:42:25,560 - INFO - Requested concurrent tasks: 1
2026-03-11 16:42:25,562 - INFO - Available CPUs: 4
2026-03-11 16:42:25,564 - INFO - Available RAM: 7083 MB
2026-03-11 16:42:25,566 - INFO - RAM per model: 2264 MB
2026-03-11 16:42:25,568 - INFO - Max actors by RAM: 3
2026-03-11 16:42:25,570 - INFO - Creating 1 ModelActor(s)
2026-03-11 16:42:25,572 - INFO - Let Ray handle scheduling (taskset already restricts CPU visibility)
2026-03-11 16:42:25,574 - INFO - Creating ModelActor 1/1 (2.21GB RAM each)...
2026-03-11 16:42:29,486 - INFO - ModelActor 1 created successfully.
2026-03-11 16:42:29,488 - INFO - Created 1 CPU actor(s). Task queue will handle concurrency.
2026-03-11 16:42:29,491 - INFO - Starting EQCCTPro parallelized waveform processing...
2026-03-11 16:42:29,493 - INFO - 
2026-03-11 16:42:29,495 - INFO - ------- Analyzing Seismic Waveforms for P and S Picks via EQCCT -------
2026-03-11 16:42:29,498 - INFO - Analyzing 0:01:00 minute timechunk from 2025-01-12 22:28:46 to 2025-01-12 22:29:46 (0 min overlap)
2026-03-11 16:42:29,500 - INFO - Processing a total of 1 stations, 1 at a time.
2026-03-11 16:42:31,393 - INFO - (1/1) FIC5: Skipped (already exists - overwrite=False).
2026-03-11 16:42:31,396 - INFO - 
2026-03-11 16:42:31,399 - INFO - ------- Parallel Station Waveform Processing Complete For 2025-01-12 22:28:46 to 2025-01-12 22:29:46 Timechunk-------
2026-03-11 16:42:31,406 - INFO - Successfully ran EQCCTPro, exiting...
2026-03-11 16:42:31,401 - INFO - Picks saved at /home/blackwinter/projects/eqcct/eqcctpro/results/csv/bm_noise_only/20250112T222846Z_20250112T222946ZProcess Runtime: 1.91 s
2026-03-11 16:42:33,135 - INFO - Ray Successfully Shutdown.
2026-03-11 16:42:33,136 - INFO - ------- Successfully Picked All Waveform(s) from all Timechunk(s) -------
