2026-03-29 16:22:30,908 - INFO - 
2026-03-29 16:22:30,908 - INFO - ------- Welcome to EQCCTPro -------
2026-03-29 16:22:30,908 - INFO - 
2026-03-29 16:22:30,909 - INFO - Running EQCCT over Requested MSeed Files using CPU(s)...
2026-03-29 16:22:30,909 - INFO - GPU disabled (CPU-only).
2026-03-29 16:22:30,909 - INFO - Configured Intra-op threads = 1
2026-03-29 16:22:30,909 - INFO - Configured Inter-op threads = 1
2026-03-29 16:22:30,909 - INFO - TensorFlow: No GPUs visible; TF will proceed on CPU.
2026-03-29 16:22:30,909 - INFO - 
2026-03-29 16:22:36,646 - INFO - Ray Successfully Initialized with 4 CPU(s) ([0, 1, 2, 3] CPU Affinity Binding).
2026-03-29 16:22:36,646 - INFO - Analyzing 1 time chunk(s) from 2025-01-10 06:07:12 to 2025-01-10 06:08:12 (dt=1min, overlap=0min).
2026-03-29 16:22:36,646 - INFO - Using 1 selected station(s).
2026-03-29 16:22:36,646 - INFO - 
2026-03-29 16:22:36,647 - INFO - ------- Starting EQCCTPro... -------
2026-03-29 16:22:36,647 - INFO - Detailed subprocess information can be found in the log file.
2026-03-29 16:22:36,647 - INFO - 
2026-03-29 16:22:37,049 - INFO - GPU disabled (CPU-only).
2026-03-29 16:22:38,590 - INFO - Configured Intra-op threads = 1
2026-03-29 16:22:38,593 - INFO - Configured Inter-op threads = 1
2026-03-29 16:22:38,639 - INFO - TensorFlow: No GPUs visible; TF will proceed on CPU.
2026-03-29 16:22:38,642 - INFO - 
2026-03-29 16:22:38,644 - INFO - ------- Hardware Configuration -------
2026-03-29 16:22:38,647 - INFO - CPU affinity set to cores: [0, 1, 2, 3]
2026-03-29 16:22:38,650 - INFO - 
2026-03-29 16:22:38,653 - INFO - ------- Data Preprocessing for EQCCTPro -------
2026-03-29 16:22:38,655 - INFO - 1 station(s) in /home/blackwinter/projects/eqcct/eqcctpro/data/waveforms_noise_only/20250110T060712Z_20250110T060812Z
2026-03-29 16:22:38,658 - INFO - Using 1 selected station(s): ['AAL'].
2026-03-29 16:22:38,660 - INFO - Creating model actor(s)...
2026-03-29 16:22:38,663 - INFO - System RAM: Total=7870 MB, Available=4046 MB
2026-03-29 16:22:38,665 - INFO - Usable RAM budget: 7083 MB (90% of total)
2026-03-29 16:22:38,668 - INFO - ===== MEMORY-AWARE CPU ACTOR POOL (EQCCT) =====
2026-03-29 16:22:38,671 - INFO - Requested concurrent tasks: 1
2026-03-29 16:22:38,673 - INFO - Available CPUs: 4
2026-03-29 16:22:38,675 - INFO - Available RAM: 7083 MB
2026-03-29 16:22:38,678 - INFO - RAM per model: 2264 MB
2026-03-29 16:22:38,680 - INFO - Max actors by RAM: 3
2026-03-29 16:22:38,683 - INFO - Creating 1 ModelActor(s)
2026-03-29 16:22:38,685 - INFO - Let Ray handle scheduling (taskset already restricts CPU visibility)
2026-03-29 16:22:38,688 - INFO - Creating ModelActor 1/1 (2.21GB RAM each)...
2026-03-29 16:22:42,948 - INFO - ModelActor 1 created successfully.
2026-03-29 16:22:42,950 - INFO - Created 1 CPU actor(s). Task queue will handle concurrency.
2026-03-29 16:22:42,952 - INFO - Starting EQCCTPro parallelized waveform processing...
2026-03-29 16:22:42,955 - INFO - 
2026-03-29 16:22:42,958 - INFO - ------- Analyzing Seismic Waveforms for P and S Picks via EQCCT -------
2026-03-29 16:22:42,961 - INFO - Analyzing 0:01:00 minute timechunk from 2025-01-10 06:07:12 to 2025-01-10 06:08:12 (0 min overlap)
2026-03-29 16:22:42,963 - INFO - Processing a total of 1 stations, 1 at a time.
2026-03-29 16:22:47,602 - INFO - (1/1) AAL: Finished the prediction in 2.46s. (HP=1.0, LP=45.0)
2026-03-29 16:22:47,605 - INFO - 
2026-03-29 16:22:47,608 - INFO - ------- Parallel Station Waveform Processing Complete For 2025-01-10 06:07:12 to 2025-01-10 06:08:12 Timechunk-------
2026-03-29 16:22:47,612 - INFO - Picks saved at /home/blackwinter/projects/eqcct/eqcctpro/results/csv/eqcct_noise_th0_1/20250110T060712Z_20250110T060812ZProcess Runtime: 4.65 s
2026-03-29 16:22:47,618 - INFO - Successfully ran EQCCTPro, exiting...
2026-03-29 16:22:49,230 - INFO - Ray Successfully Shutdown.
2026-03-29 16:22:49,231 - INFO - ------- Successfully Picked All Waveform(s) from all Timechunk(s) -------
