2026-03-28 11:08:02,137 - INFO - 
2026-03-28 11:08:02,137 - INFO - ------- Welcome to EQCCTPro -------
2026-03-28 11:08:02,137 - INFO - 
2026-03-28 11:08:02,137 - INFO - Running EQCCT over Requested MSeed Files using CPU(s)...
2026-03-28 11:08:02,138 - INFO - GPU disabled (CPU-only).
2026-03-28 11:08:02,138 - INFO - Skipping framework-specific initialization in the driver process.
2026-03-28 11:08:03,576 - INFO - Ray Successfully Initialized with 4 CPU(s) ([0, 1, 2, 3] CPU Affinity Binding).
2026-03-28 11:08:03,577 - INFO - Analyzing 1 time chunk(s) from 2025-01-07 00:37:05 to 2025-01-07 00:38:05 (dt=1min, overlap=0min).
2026-03-28 11:08:03,577 - INFO - Using 1 selected station(s).
2026-03-28 11:08:03,577 - INFO - 
2026-03-28 11:08:03,577 - INFO - ------- Starting EQCCTPro... -------
2026-03-28 11:08:03,577 - INFO - Detailed subprocess information can be found in the log file.
2026-03-28 11:08:03,577 - INFO - 
2026-03-28 11:08:03,873 - INFO - GPU disabled (CPU-only).
2026-03-28 11:08:03,878 - INFO - Skipping framework-specific initialization in the driver process.
2026-03-28 11:08:03,882 - INFO - ------- Hardware Configuration -------
2026-03-28 11:08:03,885 - INFO - CPU affinity set to cores: [0, 1, 2, 3]
2026-03-28 11:08:03,887 - INFO - 
2026-03-28 11:08:03,890 - INFO - ------- Data Preprocessing for EQCCTPro -------
2026-03-28 11:08:03,893 - INFO - 1 station(s) in /home/blackwinter/projects/eqcct/eqcctpro/data/waveforms_noise_only/20250107T003705Z_20250107T003805Z
2026-03-28 11:08:03,895 - INFO - Using 1 selected station(s): ['KJNF'].
2026-03-28 11:08:03,898 - INFO - Creating model actor(s)...
2026-03-28 11:08:03,901 - INFO - System RAM: Total=7870 MB, Available=4667 MB
2026-03-28 11:08:03,903 - INFO - Usable RAM budget: 7083 MB (90% of total)
2026-03-28 11:08:03,906 - INFO - ===== MEMORY-AWARE CPU ACTOR POOL =====
2026-03-28 11:08:03,908 - INFO - Requested concurrent tasks: 1
2026-03-28 11:08:03,911 - INFO - Available CPUs: 4
2026-03-28 11:08:03,914 - INFO - Available RAM: 7083 MB
2026-03-28 11:08:03,916 - INFO - RAM per model: 2060 MB
2026-03-28 11:08:03,918 - INFO - Max actors by RAM: 3
2026-03-28 11:08:03,921 - INFO - Creating 1 SeisBenchModelActor(s)
2026-03-28 11:08:03,924 - INFO - Let Ray handle scheduling (taskset already restricts CPU visibility)
2026-03-28 11:08:03,926 - INFO - Creating SeisBenchModelActor 1/1 (2.01GB RAM each)...
2026-03-28 11:08:06,610 - INFO - SeisBenchModelActor 1 created successfully.
2026-03-28 11:08:06,613 - INFO - Created 1 CPU actor(s). Task queue will handle concurrency.
2026-03-28 11:08:06,615 - INFO - Starting EQCCTPro parallelized waveform processing...
2026-03-28 11:08:06,618 - INFO - 
2026-03-28 11:08:06,620 - INFO - ------- Analyzing Seismic Waveforms for P and S Picks via SeisBench (EQTransformer - original_nonconservative) -------
2026-03-28 11:08:06,624 - INFO - Analyzing 0:01:00 minute timechunk from 2025-01-07 00:37:05 to 2025-01-07 00:38:05 (0 min overlap)
2026-03-28 11:08:06,626 - INFO - Processing a total of 1 stations, 1 at a time.
2026-03-28 11:08:08,858 - INFO - (1/1) KJNF: Finished the prediction in 0.18s. (HP=1.0, LP=45.0, picks=0)
2026-03-28 11:08:08,863 - INFO - 
2026-03-28 11:08:08,866 - INFO - ------- Parallel Station Waveform Processing Complete For 2025-01-07 00:37:05 to 2025-01-07 00:38:05 Timechunk-------
2026-03-28 11:08:08,869 - INFO - Picks saved at /home/blackwinter/projects/eqcct/eqcctpro/results/csv/eqt_noise_th0_1/20250107T003705Z_20250107T003805ZProcess Runtime: 2.25 s
2026-03-28 11:08:08,886 - INFO - Successfully ran EQCCTPro, exiting...
2026-03-28 11:08:10,415 - INFO - Ray Successfully Shutdown.
2026-03-28 11:08:10,416 - INFO - ------- Successfully Picked All Waveform(s) from all Timechunk(s) -------
