2026-03-29 13:47:01,463 - INFO - 
2026-03-29 13:47:01,464 - INFO - ------- Welcome to EQCCTPro -------
2026-03-29 13:47:01,464 - INFO - 
2026-03-29 13:47:01,464 - INFO - Running EQCCT over Requested MSeed Files using CPU(s)...
2026-03-29 13:47:01,464 - INFO - GPU disabled (CPU-only).
2026-03-29 13:47:01,465 - INFO - Configured Intra-op threads = 1
2026-03-29 13:47:01,465 - INFO - Configured Inter-op threads = 1
2026-03-29 13:47:01,465 - INFO - TensorFlow: No GPUs visible; TF will proceed on CPU.
2026-03-29 13:47:01,465 - INFO - 
2026-03-29 13:47:07,253 - INFO - Ray Successfully Initialized with 4 CPU(s) ([0, 1, 2, 3] CPU Affinity Binding).
2026-03-29 13:47:07,253 - INFO - Analyzing 1 time chunk(s) from 2025-01-07 09:01:17 to 2025-01-07 09:02:17 (dt=1min, overlap=0min).
2026-03-29 13:47:07,254 - INFO - Using 1 selected station(s).
2026-03-29 13:47:07,254 - INFO - 
2026-03-29 13:47:07,255 - INFO - ------- Starting EQCCTPro... -------
2026-03-29 13:47:07,255 - INFO - Detailed subprocess information can be found in the log file.
2026-03-29 13:47:07,255 - INFO - 
2026-03-29 13:47:07,656 - INFO - GPU disabled (CPU-only).
2026-03-29 13:47:09,280 - INFO - Configured Intra-op threads = 1
2026-03-29 13:47:09,282 - INFO - Configured Inter-op threads = 1
2026-03-29 13:47:09,327 - INFO - TensorFlow: No GPUs visible; TF will proceed on CPU.
2026-03-29 13:47:09,329 - INFO - 
2026-03-29 13:47:09,332 - INFO - ------- Hardware Configuration -------
2026-03-29 13:47:09,335 - INFO - CPU affinity set to cores: [0, 1, 2, 3]
2026-03-29 13:47:09,337 - INFO - 
2026-03-29 13:47:09,340 - INFO - ------- Data Preprocessing for EQCCTPro -------
2026-03-29 13:47:09,342 - INFO - 1 station(s) in /home/blackwinter/projects/eqcct/eqcctpro/data/waveforms_noise_only/20250107T090117Z_20250107T090217Z
2026-03-29 13:47:09,345 - INFO - Using 1 selected station(s): ['RUF'].
2026-03-29 13:47:09,347 - INFO - Creating model actor(s)...
2026-03-29 13:47:09,350 - INFO - System RAM: Total=7870 MB, Available=4475 MB
2026-03-29 13:47:09,352 - INFO - Usable RAM budget: 7083 MB (90% of total)
2026-03-29 13:47:09,355 - INFO - ===== MEMORY-AWARE CPU ACTOR POOL (EQCCT) =====
2026-03-29 13:47:09,357 - INFO - Requested concurrent tasks: 1
2026-03-29 13:47:09,359 - INFO - Available CPUs: 4
2026-03-29 13:47:09,361 - INFO - Available RAM: 7083 MB
2026-03-29 13:47:09,363 - INFO - RAM per model: 2264 MB
2026-03-29 13:47:09,366 - INFO - Max actors by RAM: 3
2026-03-29 13:47:09,368 - INFO - Creating 1 ModelActor(s)
2026-03-29 13:47:09,371 - INFO - Let Ray handle scheduling (taskset already restricts CPU visibility)
2026-03-29 13:47:09,374 - INFO - Creating ModelActor 1/1 (2.21GB RAM each)...
2026-03-29 13:47:13,596 - INFO - ModelActor 1 created successfully.
2026-03-29 13:47:13,598 - INFO - Created 1 CPU actor(s). Task queue will handle concurrency.
2026-03-29 13:47:13,600 - INFO - Starting EQCCTPro parallelized waveform processing...
2026-03-29 13:47:13,602 - INFO - 
2026-03-29 13:47:13,605 - INFO - ------- Analyzing Seismic Waveforms for P and S Picks via EQCCT -------
2026-03-29 13:47:13,608 - INFO - Analyzing 0:01:00 minute timechunk from 2025-01-07 09:01:17 to 2025-01-07 09:02:17 (0 min overlap)
2026-03-29 13:47:13,611 - INFO - Processing a total of 1 stations, 1 at a time.
2026-03-29 13:47:18,100 - INFO - (1/1) RUF: Finished the prediction in 2.37s. (HP=1.0, LP=45.0)
2026-03-29 13:47:18,102 - INFO - 
2026-03-29 13:47:18,105 - INFO - ------- Parallel Station Waveform Processing Complete For 2025-01-07 09:01:17 to 2025-01-07 09:02:17 Timechunk-------
2026-03-29 13:47:18,108 - INFO - Picks saved at /home/blackwinter/projects/eqcct/eqcctpro/results/csv/eqcct_noise_th0_1/20250107T090117Z_20250107T090217ZProcess Runtime: 4.50 s
2026-03-29 13:47:18,114 - INFO - Successfully ran EQCCTPro, exiting...
2026-03-29 13:47:19,685 - INFO - Ray Successfully Shutdown.
2026-03-29 13:47:19,686 - INFO - ------- Successfully Picked All Waveform(s) from all Timechunk(s) -------
