2026-03-28 13:24:22,789 - INFO - 
2026-03-28 13:24:22,789 - INFO - ------- Welcome to EQCCTPro -------
2026-03-28 13:24:22,789 - INFO - 
2026-03-28 13:24:22,790 - INFO - Running EQCCT over Requested MSeed Files using CPU(s)...
2026-03-28 13:24:22,790 - INFO - GPU disabled (CPU-only).
2026-03-28 13:24:22,790 - INFO - Skipping framework-specific initialization in the driver process.
2026-03-28 13:24:24,455 - INFO - Ray Successfully Initialized with 4 CPU(s) ([0, 1, 2, 3] CPU Affinity Binding).
2026-03-28 13:24:24,456 - INFO - Analyzing 1 time chunk(s) from 2025-01-12 05:45:37 to 2025-01-12 05:46:37 (dt=1min, overlap=0min).
2026-03-28 13:24:24,457 - INFO - Using 1 selected station(s).
2026-03-28 13:24:24,457 - INFO - 
2026-03-28 13:24:24,457 - INFO - ------- Starting EQCCTPro... -------
2026-03-28 13:24:24,458 - INFO - Detailed subprocess information can be found in the log file.
2026-03-28 13:24:24,458 - INFO - 
2026-03-28 13:24:24,822 - INFO - GPU disabled (CPU-only).
2026-03-28 13:24:24,827 - INFO - Skipping framework-specific initialization in the driver process.
2026-03-28 13:24:24,830 - INFO - ------- Hardware Configuration -------
2026-03-28 13:24:24,833 - INFO - CPU affinity set to cores: [0, 1, 2, 3]
2026-03-28 13:24:24,836 - INFO - 
2026-03-28 13:24:24,839 - INFO - ------- Data Preprocessing for EQCCTPro -------
2026-03-28 13:24:24,842 - INFO - 1 station(s) in /home/blackwinter/projects/eqcct/eqcctpro/data/waveforms_noise_only/20250112T054537Z_20250112T054637Z
2026-03-28 13:24:24,844 - INFO - Using 1 selected station(s): ['RAF'].
2026-03-28 13:24:24,847 - INFO - Creating model actor(s)...
2026-03-28 13:24:24,850 - INFO - System RAM: Total=7870 MB, Available=4425 MB
2026-03-28 13:24:24,854 - INFO - Usable RAM budget: 7083 MB (90% of total)
2026-03-28 13:24:24,856 - INFO - ===== MEMORY-AWARE CPU ACTOR POOL =====
2026-03-28 13:24:24,859 - INFO - Requested concurrent tasks: 1
2026-03-28 13:24:24,862 - INFO - Available CPUs: 4
2026-03-28 13:24:24,865 - INFO - Available RAM: 7083 MB
2026-03-28 13:24:24,868 - INFO - RAM per model: 2060 MB
2026-03-28 13:24:24,871 - INFO - Max actors by RAM: 3
2026-03-28 13:24:24,874 - INFO - Creating 1 SeisBenchModelActor(s)
2026-03-28 13:24:24,877 - INFO - Let Ray handle scheduling (taskset already restricts CPU visibility)
2026-03-28 13:24:24,880 - INFO - Creating SeisBenchModelActor 1/1 (2.01GB RAM each)...
2026-03-28 13:24:28,006 - INFO - SeisBenchModelActor 1 created successfully.
2026-03-28 13:24:28,008 - INFO - Created 1 CPU actor(s). Task queue will handle concurrency.
2026-03-28 13:24:28,011 - INFO - Starting EQCCTPro parallelized waveform processing...
2026-03-28 13:24:28,014 - INFO - 
2026-03-28 13:24:28,017 - INFO - ------- Analyzing Seismic Waveforms for P and S Picks via SeisBench (EQTransformer - original_nonconservative) -------
2026-03-28 13:24:28,021 - INFO - Analyzing 0:01:00 minute timechunk from 2025-01-12 05:45:37 to 2025-01-12 05:46:37 (0 min overlap)
2026-03-28 13:24:28,024 - INFO - Processing a total of 1 stations, 1 at a time.
2026-03-28 13:24:30,433 - INFO - (1/1) RAF: Finished the prediction in 0.15s. (HP=1.0, LP=45.0, picks=0)
2026-03-28 13:24:30,435 - INFO - 
2026-03-28 13:24:30,438 - INFO - ------- Parallel Station Waveform Processing Complete For 2025-01-12 05:45:37 to 2025-01-12 05:46:37 Timechunk-------
2026-03-28 13:24:30,441 - INFO - Picks saved at /home/blackwinter/projects/eqcct/eqcctpro/results/csv/eqt_noise_th0_1/20250112T054537Z_20250112T054637ZProcess Runtime: 2.42 s
2026-03-28 13:24:30,447 - INFO - Successfully ran EQCCTPro, exiting...
2026-03-28 13:24:32,593 - INFO - Ray Successfully Shutdown.
2026-03-28 13:24:32,594 - INFO - ------- Successfully Picked All Waveform(s) from all Timechunk(s) -------
