2026-02-22 18:41:53,531 - INFO - 
2026-02-22 18:41:53,531 - INFO - ------- Welcome to EQCCTPro -------
2026-02-22 18:41:53,531 - INFO - 
2026-02-22 18:41:53,532 - INFO - Running EQCCT over Requested MSeed Files using CPU(s)...
2026-02-22 18:41:53,532 - INFO - GPU disabled (CPU-only).
2026-02-22 18:41:53,533 - INFO - Configured Intra-op threads = 1
2026-02-22 18:41:53,533 - INFO - Configured Inter-op threads = 1
2026-02-22 18:41:53,533 - INFO - TensorFlow: No GPUs visible; TF will proceed on CPU.
2026-02-22 18:41:53,533 - INFO - 
2026-02-22 18:41:58,913 - INFO - Ray Successfully Initialized with 4 CPU(s) ([0, 1, 2, 3] CPU Affinity Binding).
2026-02-22 18:41:58,913 - INFO - Analyzing 1 time chunk(s) from 2025-08-13 15:19:18 to 2025-08-13 15:20:18 (dt=1min, overlap=0min).
2026-02-22 18:41:58,913 - INFO - Using 1 selected station(s).
2026-02-22 18:41:58,914 - INFO - 
2026-02-22 18:41:58,914 - INFO - ------- Starting EQCCTPro... -------
2026-02-22 18:41:58,914 - INFO - Detailed subprocess information can be found in the log file.
2026-02-22 18:41:58,914 - INFO - 
2026-02-22 18:41:59,297 - INFO - GPU disabled (CPU-only).
2026-02-22 18:42:00,845 - INFO - Configured Intra-op threads = 1
2026-02-22 18:42:00,848 - INFO - Configured Inter-op threads = 1
2026-02-22 18:42:00,891 - INFO - TensorFlow: No GPUs visible; TF will proceed on CPU.
2026-02-22 18:42:00,893 - INFO - 
2026-02-22 18:42:00,895 - INFO - ------- Hardware Configuration -------
2026-02-22 18:42:00,897 - INFO - CPU affinity set to cores: [0, 1, 2, 3]
2026-02-22 18:42:00,899 - INFO - 
2026-02-22 18:42:00,902 - INFO - ------- Data Preprocessing for EQCCTPro -------
2026-02-22 18:42:00,904 - INFO - 1 station(s) in /home/blackwinter/projects/eqcct/eqcctpro/data/waveforms_earthquakes_nonoise/20250813T151918Z_20250813T152018Z
2026-02-22 18:42:00,906 - INFO - Using 1 selected station(s): ['KEF'].
2026-02-22 18:42:00,908 - INFO - Creating model actor(s)...
2026-02-22 18:42:00,910 - INFO - System RAM: Total=7870 MB, Available=1910 MB
2026-02-22 18:42:00,912 - INFO - Usable RAM budget: 7083 MB (90% of total)
2026-02-22 18:42:00,914 - INFO - ===== MEMORY-AWARE CPU ACTOR POOL (EQCCT) =====
2026-02-22 18:42:00,915 - INFO - Requested concurrent tasks: 1
2026-02-22 18:42:00,917 - INFO - Available CPUs: 4
2026-02-22 18:42:00,919 - INFO - Available RAM: 7083 MB
2026-02-22 18:42:00,921 - INFO - RAM per model: 2264 MB
2026-02-22 18:42:00,922 - INFO - Max actors by RAM: 3
2026-02-22 18:42:00,925 - INFO - Creating 1 ModelActor(s)
2026-02-22 18:42:00,927 - INFO - Let Ray handle scheduling (taskset already restricts CPU visibility)
2026-02-22 18:42:00,929 - INFO - Creating ModelActor 1/1 (2.21GB RAM each)...
2026-02-22 18:42:04,858 - INFO - ModelActor 1 created successfully.
2026-02-22 18:42:04,860 - INFO - Created 1 CPU actor(s). Task queue will handle concurrency.
2026-02-22 18:42:04,862 - INFO - Starting EQCCTPro parallelized waveform processing...
2026-02-22 18:42:04,864 - INFO - 
2026-02-22 18:42:04,866 - INFO - ------- Analyzing Seismic Waveforms for P and S Picks via EQCCT -------
2026-02-22 18:42:04,868 - INFO - Analyzing 0:01:00 minute timechunk from 2025-08-13 15:19:18 to 2025-08-13 15:20:18 (0 min overlap)
2026-02-22 18:42:04,870 - INFO - Processing a total of 1 stations, 1 at a time.
2026-02-22 18:42:08,960 - INFO - (1/1) KEF: Finished the prediction in 2.14s. (HP=1.0, LP=45.0)
2026-02-22 18:42:08,962 - INFO - 
2026-02-22 18:42:08,964 - INFO - ------- Parallel Station Waveform Processing Complete For 2025-08-13 15:19:18 to 2025-08-13 15:20:18 Timechunk-------
2026-02-22 18:42:08,969 - INFO - Successfully ran EQCCTPro, exiting...
2026-02-22 18:42:08,966 - INFO - Picks saved at /home/blackwinter/projects/eqcct/eqcctpro/results/csv/bm_eq_nonoise/20250813T151918Z_20250813T152018ZProcess Runtime: 4.10 s
2026-02-22 18:42:10,541 - INFO - Ray Successfully Shutdown.
2026-02-22 18:42:10,541 - INFO - ------- Successfully Picked All Waveform(s) from all Timechunk(s) -------
