2026-02-26 21:51:36,502 - INFO - 
2026-02-26 21:51:36,503 - INFO - ------- Welcome to EQCCTPro -------
2026-02-26 21:51:36,503 - INFO - 
2026-02-26 21:51:36,503 - INFO - Running EQCCT over Requested MSeed Files using CPU(s)...
2026-02-26 21:51:36,503 - INFO - GPU disabled (CPU-only).
2026-02-26 21:51:36,504 - INFO - Configured Intra-op threads = 1
2026-02-26 21:51:36,504 - INFO - Configured Inter-op threads = 1
2026-02-26 21:51:36,504 - INFO - TensorFlow: No GPUs visible; TF will proceed on CPU.
2026-02-26 21:51:36,504 - INFO - 
2026-02-26 21:51:41,274 - INFO - Ray Successfully Initialized with 4 CPU(s) ([0, 1, 2, 3] CPU Affinity Binding).
2026-02-26 21:51:41,275 - INFO - Analyzing 1 time chunk(s) from 2025-01-03 11:54:30 to 2025-01-03 11:55:30 (dt=1min, overlap=0min).
2026-02-26 21:51:41,275 - INFO - Using 1 selected station(s).
2026-02-26 21:51:41,275 - INFO - 
2026-02-26 21:51:41,275 - INFO - ------- Starting EQCCTPro... -------
2026-02-26 21:51:41,275 - INFO - Detailed subprocess information can be found in the log file.
2026-02-26 21:51:41,276 - INFO - 
2026-02-26 21:51:41,761 - INFO - GPU disabled (CPU-only).
2026-02-26 21:51:43,478 - INFO - Configured Intra-op threads = 1
2026-02-26 21:51:43,482 - INFO - Configured Inter-op threads = 1
2026-02-26 21:51:43,525 - INFO - TensorFlow: No GPUs visible; TF will proceed on CPU.
2026-02-26 21:51:43,527 - INFO - 
2026-02-26 21:51:43,529 - INFO - ------- Hardware Configuration -------
2026-02-26 21:51:43,531 - INFO - CPU affinity set to cores: [0, 1, 2, 3]
2026-02-26 21:51:43,533 - INFO - 
2026-02-26 21:51:43,535 - INFO - ------- Data Preprocessing for EQCCTPro -------
2026-02-26 21:51:43,536 - INFO - 1 station(s) in /home/blackwinter/projects/eqcct/eqcctpro/data/waveforms_explosions_nonoise/20250103T115430Z_20250103T115530Z
2026-02-26 21:51:43,538 - INFO - Using 1 selected station(s): ['NUR'].
2026-02-26 21:51:43,540 - INFO - Creating model actor(s)...
2026-02-26 21:51:43,542 - INFO - System RAM: Total=7870 MB, Available=4170 MB
2026-02-26 21:51:43,544 - INFO - Usable RAM budget: 7083 MB (90% of total)
2026-02-26 21:51:43,546 - INFO - ===== MEMORY-AWARE CPU ACTOR POOL (EQCCT) =====
2026-02-26 21:51:43,549 - INFO - Requested concurrent tasks: 1
2026-02-26 21:51:43,551 - INFO - Available CPUs: 4
2026-02-26 21:51:43,553 - INFO - Available RAM: 7083 MB
2026-02-26 21:51:43,555 - INFO - RAM per model: 2264 MB
2026-02-26 21:51:43,557 - INFO - Max actors by RAM: 3
2026-02-26 21:51:43,559 - INFO - Creating 1 ModelActor(s)
2026-02-26 21:51:43,561 - INFO - Let Ray handle scheduling (taskset already restricts CPU visibility)
2026-02-26 21:51:43,564 - INFO - Creating ModelActor 1/1 (2.21GB RAM each)...
2026-02-26 21:51:47,532 - INFO - ModelActor 1 created successfully.
2026-02-26 21:51:47,535 - INFO - Created 1 CPU actor(s). Task queue will handle concurrency.
2026-02-26 21:51:47,537 - INFO - Starting EQCCTPro parallelized waveform processing...
2026-02-26 21:51:47,539 - INFO - 
2026-02-26 21:51:47,541 - INFO - ------- Analyzing Seismic Waveforms for P and S Picks via EQCCT -------
2026-02-26 21:51:47,544 - INFO - Analyzing 0:01:00 minute timechunk from 2025-01-03 11:54:30 to 2025-01-03 11:55:30 (0 min overlap)
2026-02-26 21:51:47,546 - INFO - Processing a total of 1 stations, 1 at a time.
2026-02-26 21:51:51,537 - INFO - (1/1) NUR: Finished the prediction in 2.11s. (HP=1.0, LP=45.0)
2026-02-26 21:51:51,539 - INFO - 
2026-02-26 21:51:51,542 - INFO - ------- Parallel Station Waveform Processing Complete For 2025-01-03 11:54:30 to 2025-01-03 11:55:30 Timechunk-------
2026-02-26 21:51:51,544 - INFO - Picks saved at /home/blackwinter/projects/eqcct/eqcctpro/results/csv/bm_explosions/20250103T115430Z_20250103T115530ZProcess Runtime: 4.00 s
2026-02-26 21:51:51,549 - INFO - Successfully ran EQCCTPro, exiting...
2026-02-26 21:51:52,902 - INFO - Ray Successfully Shutdown.
2026-02-26 21:51:52,903 - INFO - ------- Successfully Picked All Waveform(s) from all Timechunk(s) -------
2026-02-27 05:26:49,396 - INFO - 
2026-02-27 05:26:49,397 - INFO - ------- Welcome to EQCCTPro -------
2026-02-27 05:26:49,397 - INFO - 
2026-02-27 05:26:49,398 - INFO - Running EQCCT over Requested MSeed Files using CPU(s)...
2026-02-27 05:26:49,398 - INFO - GPU disabled (CPU-only).
2026-02-27 05:26:49,398 - INFO - Configured Intra-op threads = 1
2026-02-27 05:26:49,398 - INFO - Configured Inter-op threads = 1
2026-02-27 05:26:49,398 - INFO - TensorFlow: No GPUs visible; TF will proceed on CPU.
2026-02-27 05:26:49,398 - INFO - 
2026-02-27 05:26:54,986 - INFO - Ray Successfully Initialized with 4 CPU(s) ([0, 1, 2, 3] CPU Affinity Binding).
2026-02-27 05:26:54,986 - INFO - Analyzing 1 time chunk(s) from 2025-01-03 11:54:30 to 2025-01-03 11:55:30 (dt=1min, overlap=0min).
2026-02-27 05:26:54,986 - INFO - Using 1 selected station(s).
2026-02-27 05:26:54,986 - INFO - 
2026-02-27 05:26:54,987 - INFO - ------- Starting EQCCTPro... -------
2026-02-27 05:26:54,987 - INFO - Detailed subprocess information can be found in the log file.
2026-02-27 05:26:54,987 - INFO - 
2026-02-27 05:26:55,361 - INFO - GPU disabled (CPU-only).
2026-02-27 05:26:56,883 - INFO - Configured Intra-op threads = 1
2026-02-27 05:26:56,886 - INFO - Configured Inter-op threads = 1
2026-02-27 05:26:56,926 - INFO - TensorFlow: No GPUs visible; TF will proceed on CPU.
2026-02-27 05:26:56,928 - INFO - 
2026-02-27 05:26:56,930 - INFO - ------- Hardware Configuration -------
2026-02-27 05:26:56,933 - INFO - CPU affinity set to cores: [0, 1, 2, 3]
2026-02-27 05:26:56,935 - INFO - 
2026-02-27 05:26:56,937 - INFO - ------- Data Preprocessing for EQCCTPro -------
2026-02-27 05:26:56,939 - INFO - 1 station(s) in /home/blackwinter/projects/eqcct/eqcctpro/data/waveforms_explosions_nonoise/20250103T115430Z_20250103T115530Z
2026-02-27 05:26:56,941 - INFO - Using 1 selected station(s): ['NUR'].
2026-02-27 05:26:56,943 - INFO - Creating model actor(s)...
2026-02-27 05:26:56,945 - INFO - System RAM: Total=7870 MB, Available=4254 MB
2026-02-27 05:26:56,947 - INFO - Usable RAM budget: 7083 MB (90% of total)
2026-02-27 05:26:56,949 - INFO - ===== MEMORY-AWARE CPU ACTOR POOL (EQCCT) =====
2026-02-27 05:26:56,951 - INFO - Requested concurrent tasks: 1
2026-02-27 05:26:56,952 - INFO - Available CPUs: 4
2026-02-27 05:26:56,954 - INFO - Available RAM: 7083 MB
2026-02-27 05:26:56,956 - INFO - RAM per model: 2264 MB
2026-02-27 05:26:56,958 - INFO - Max actors by RAM: 3
2026-02-27 05:26:56,960 - INFO - Creating 1 ModelActor(s)
2026-02-27 05:26:56,962 - INFO - Let Ray handle scheduling (taskset already restricts CPU visibility)
2026-02-27 05:26:56,964 - INFO - Creating ModelActor 1/1 (2.21GB RAM each)...
2026-02-27 05:27:00,871 - INFO - ModelActor 1 created successfully.
2026-02-27 05:27:00,874 - INFO - Created 1 CPU actor(s). Task queue will handle concurrency.
2026-02-27 05:27:00,877 - INFO - Starting EQCCTPro parallelized waveform processing...
2026-02-27 05:27:00,879 - INFO - 
2026-02-27 05:27:00,881 - INFO - ------- Analyzing Seismic Waveforms for P and S Picks via EQCCT -------
2026-02-27 05:27:00,884 - INFO - Analyzing 0:01:00 minute timechunk from 2025-01-03 11:54:30 to 2025-01-03 11:55:30 (0 min overlap)
2026-02-27 05:27:00,886 - INFO - Processing a total of 1 stations, 1 at a time.
2026-02-27 05:27:02,772 - INFO - (1/1) NUR: Skipped (already exists - overwrite=False).
2026-02-27 05:27:02,774 - INFO - 
2026-02-27 05:27:02,777 - INFO - ------- Parallel Station Waveform Processing Complete For 2025-01-03 11:54:30 to 2025-01-03 11:55:30 Timechunk-------
2026-02-27 05:27:02,779 - INFO - Picks saved at /home/blackwinter/projects/eqcct/eqcctpro/results/csv/bm_explosions/20250103T115430Z_20250103T115530ZProcess Runtime: 1.90 s
2026-02-27 05:27:02,783 - INFO - Successfully ran EQCCTPro, exiting...
2026-02-27 05:27:04,300 - INFO - Ray Successfully Shutdown.
2026-02-27 05:27:04,301 - INFO - ------- Successfully Picked All Waveform(s) from all Timechunk(s) -------
