2026-03-27 20:04:56,311 - INFO - 
2026-03-27 20:04:56,311 - INFO - ------- Welcome to EQCCTPro -------
2026-03-27 20:04:56,312 - INFO - 
2026-03-27 20:04:56,312 - INFO - Running EQCCT over Requested MSeed Files using CPU(s)...
2026-03-27 20:04:56,312 - INFO - GPU disabled (CPU-only).
2026-03-27 20:04:56,312 - INFO - Skipping framework-specific initialization in the driver process.
2026-03-27 20:04:58,662 - INFO - Ray Successfully Initialized with 4 CPU(s) ([0, 1, 2, 3] CPU Affinity Binding).
2026-03-27 20:04:58,662 - INFO - Analyzing 1 time chunk(s) from 2025-08-13 10:40:28 to 2025-08-13 10:41:28 (dt=1min, overlap=0min).
2026-03-27 20:04:58,662 - INFO - Using 2 selected station(s).
2026-03-27 20:04:58,662 - INFO - 
2026-03-27 20:04:58,662 - INFO - ------- Starting EQCCTPro... -------
2026-03-27 20:04:58,663 - INFO - Detailed subprocess information can be found in the log file.
2026-03-27 20:04:58,663 - INFO - 
2026-03-27 20:04:58,938 - INFO - GPU disabled (CPU-only).
2026-03-27 20:04:58,943 - INFO - Skipping framework-specific initialization in the driver process.
2026-03-27 20:04:58,946 - INFO - ------- Hardware Configuration -------
2026-03-27 20:04:58,948 - INFO - CPU affinity set to cores: [0, 1, 2, 3]
2026-03-27 20:04:58,951 - INFO - 
2026-03-27 20:04:58,953 - INFO - ------- Data Preprocessing for EQCCTPro -------
2026-03-27 20:04:58,955 - INFO - 2 station(s) in /home/blackwinter/projects/eqcct/eqcctpro/data/waveforms_earthquakes_nonoise/20250813T104028Z_20250813T104128Z
2026-03-27 20:04:58,957 - INFO - Using 2 selected station(s): ['FIA0', 'FIA1'].
2026-03-27 20:04:58,959 - INFO - Creating model actor(s)...
2026-03-27 20:04:58,961 - INFO - System RAM: Total=7870 MB, Available=5937 MB
2026-03-27 20:04:58,963 - INFO - Usable RAM budget: 7083 MB (90% of total)
2026-03-27 20:04:58,965 - INFO - ===== MEMORY-AWARE CPU ACTOR POOL =====
2026-03-27 20:04:58,968 - INFO - Requested concurrent tasks: 1
2026-03-27 20:04:58,970 - INFO - Available CPUs: 4
2026-03-27 20:04:58,974 - INFO - Available RAM: 7083 MB
2026-03-27 20:04:58,976 - INFO - RAM per model: 2060 MB
2026-03-27 20:04:58,979 - INFO - Max actors by RAM: 3
2026-03-27 20:04:58,992 - INFO - Creating 1 SeisBenchModelActor(s)
2026-03-27 20:04:58,995 - INFO - Let Ray handle scheduling (taskset already restricts CPU visibility)
2026-03-27 20:04:58,998 - INFO - Creating SeisBenchModelActor 1/1 (2.01GB RAM each)...
2026-03-27 20:05:01,925 - INFO - SeisBenchModelActor 1 created successfully.
2026-03-27 20:05:01,927 - INFO - Created 1 CPU actor(s). Task queue will handle concurrency.
2026-03-27 20:05:01,929 - INFO - Starting EQCCTPro parallelized waveform processing...
2026-03-27 20:05:01,932 - INFO - 
2026-03-27 20:05:01,934 - INFO - ------- Analyzing Seismic Waveforms for P and S Picks via SeisBench (EQTransformer - original_nonconservative) -------
2026-03-27 20:05:01,937 - INFO - Analyzing 0:01:00 minute timechunk from 2025-08-13 10:40:28 to 2025-08-13 10:41:28 (0 min overlap)
2026-03-27 20:05:01,940 - INFO - Processing a total of 2 stations, 1 at a time.
2026-03-27 20:05:04,260 - INFO - (1/2) FIA0: Finished the prediction in 0.14s. (HP=1.0, LP=45.0, picks=2)
2026-03-27 20:05:04,331 - INFO - (2/2) FIA1: Finished the prediction in 0.06s. (HP=1.0, LP=45.0, picks=1)
2026-03-27 20:05:04,334 - INFO - 
2026-03-27 20:05:04,336 - INFO - ------- Parallel Station Waveform Processing Complete For 2025-08-13 10:40:28 to 2025-08-13 10:41:28 Timechunk-------
2026-03-27 20:05:04,339 - INFO - Picks saved at /home/blackwinter/projects/eqcct/eqcctpro/results/csv/eqt_earthquakes_th0_1/20250813T104028Z_20250813T104128ZProcess Runtime: 2.40 s
2026-03-27 20:05:04,346 - INFO - Successfully ran EQCCTPro, exiting...
2026-03-27 20:05:05,908 - INFO - Ray Successfully Shutdown.
2026-03-27 20:05:05,909 - INFO - ------- Successfully Picked All Waveform(s) from all Timechunk(s) -------
2026-03-28 02:31:29,029 - INFO - 
2026-03-28 02:31:29,030 - INFO - ------- Welcome to EQCCTPro -------
2026-03-28 02:31:29,030 - INFO - 
2026-03-28 02:31:29,030 - INFO - Running EQCCT over Requested MSeed Files using CPU(s)...
2026-03-28 02:31:29,030 - INFO - GPU disabled (CPU-only).
2026-03-28 02:31:29,031 - INFO - Skipping framework-specific initialization in the driver process.
2026-03-28 02:31:31,503 - INFO - Ray Successfully Initialized with 4 CPU(s) ([0, 1, 2, 3] CPU Affinity Binding).
2026-03-28 02:31:31,504 - INFO - Analyzing 1 time chunk(s) from 2025-08-13 10:40:28 to 2025-08-13 10:41:28 (dt=1min, overlap=0min).
2026-03-28 02:31:31,504 - INFO - Using 2 selected station(s).
2026-03-28 02:31:31,504 - INFO - 
2026-03-28 02:31:31,505 - INFO - ------- Starting EQCCTPro... -------
2026-03-28 02:31:31,505 - INFO - Detailed subprocess information can be found in the log file.
2026-03-28 02:31:31,505 - INFO - 
2026-03-28 02:31:31,781 - INFO - GPU disabled (CPU-only).
2026-03-28 02:31:31,785 - INFO - Skipping framework-specific initialization in the driver process.
2026-03-28 02:31:31,787 - INFO - ------- Hardware Configuration -------
2026-03-28 02:31:31,789 - INFO - CPU affinity set to cores: [0, 1, 2, 3]
2026-03-28 02:31:31,791 - INFO - 
2026-03-28 02:31:31,793 - INFO - ------- Data Preprocessing for EQCCTPro -------
2026-03-28 02:31:31,795 - INFO - 2 station(s) in /home/blackwinter/projects/eqcct/eqcctpro/data/waveforms_earthquakes_nonoise/20250813T104028Z_20250813T104128Z
2026-03-28 02:31:31,797 - INFO - Using 2 selected station(s): ['FIA0', 'FIA1'].
2026-03-28 02:31:31,799 - INFO - Creating model actor(s)...
2026-03-28 02:31:31,801 - INFO - System RAM: Total=7870 MB, Available=5721 MB
2026-03-28 02:31:31,802 - INFO - Usable RAM budget: 7083 MB (90% of total)
2026-03-28 02:31:31,804 - INFO - ===== MEMORY-AWARE CPU ACTOR POOL =====
2026-03-28 02:31:31,806 - INFO - Requested concurrent tasks: 1
2026-03-28 02:31:31,808 - INFO - Available CPUs: 4
2026-03-28 02:31:31,810 - INFO - Available RAM: 7083 MB
2026-03-28 02:31:31,811 - INFO - RAM per model: 2060 MB
2026-03-28 02:31:31,813 - INFO - Max actors by RAM: 3
2026-03-28 02:31:31,815 - INFO - Creating 1 SeisBenchModelActor(s)
2026-03-28 02:31:31,817 - INFO - Let Ray handle scheduling (taskset already restricts CPU visibility)
2026-03-28 02:31:31,820 - INFO - Creating SeisBenchModelActor 1/1 (2.01GB RAM each)...
2026-03-28 02:31:34,670 - INFO - SeisBenchModelActor 1 created successfully.
2026-03-28 02:31:34,672 - INFO - Created 1 CPU actor(s). Task queue will handle concurrency.
2026-03-28 02:31:34,675 - INFO - Starting EQCCTPro parallelized waveform processing...
2026-03-28 02:31:34,678 - INFO - 
2026-03-28 02:31:34,681 - INFO - ------- Analyzing Seismic Waveforms for P and S Picks via SeisBench (EQTransformer - original_nonconservative) -------
2026-03-28 02:31:34,684 - INFO - Analyzing 0:01:00 minute timechunk from 2025-08-13 10:40:28 to 2025-08-13 10:41:28 (0 min overlap)
2026-03-28 02:31:34,687 - INFO - Processing a total of 2 stations, 1 at a time.
2026-03-28 02:31:36,810 - INFO - (1/2) FIA0: Skipped (already exists - overwrite=False).
2026-03-28 02:31:36,817 - INFO - (2/2) FIA1: Skipped (already exists - overwrite=False).
2026-03-28 02:31:36,819 - INFO - 
2026-03-28 02:31:36,822 - INFO - ------- Parallel Station Waveform Processing Complete For 2025-08-13 10:40:28 to 2025-08-13 10:41:28 Timechunk-------
2026-03-28 02:31:36,824 - INFO - Picks saved at /home/blackwinter/projects/eqcct/eqcctpro/results/csv/eqt_earthquakes_th0_1/20250813T104028Z_20250813T104128ZProcess Runtime: 2.14 s
2026-03-28 02:31:36,830 - INFO - Successfully ran EQCCTPro, exiting...
2026-03-28 02:31:38,325 - INFO - Ray Successfully Shutdown.
2026-03-28 02:31:38,326 - INFO - ------- Successfully Picked All Waveform(s) from all Timechunk(s) -------
