2026-03-29 15:09:46,271 - INFO - 
2026-03-29 15:09:46,271 - INFO - ------- Welcome to EQCCTPro -------
2026-03-29 15:09:46,271 - INFO - 
2026-03-29 15:09:46,272 - INFO - Running EQCCT over Requested MSeed Files using CPU(s)...
2026-03-29 15:09:46,272 - INFO - GPU disabled (CPU-only).
2026-03-29 15:09:46,272 - INFO - Configured Intra-op threads = 1
2026-03-29 15:09:46,272 - INFO - Configured Inter-op threads = 1
2026-03-29 15:09:46,272 - INFO - TensorFlow: No GPUs visible; TF will proceed on CPU.
2026-03-29 15:09:46,272 - INFO - 
2026-03-29 15:09:52,056 - INFO - Ray Successfully Initialized with 4 CPU(s) ([0, 1, 2, 3] CPU Affinity Binding).
2026-03-29 15:09:52,056 - INFO - Analyzing 1 time chunk(s) from 2025-01-08 21:38:15 to 2025-01-08 21:39:15 (dt=1min, overlap=0min).
2026-03-29 15:09:52,057 - INFO - Using 1 selected station(s).
2026-03-29 15:09:52,057 - INFO - 
2026-03-29 15:09:52,057 - INFO - ------- Starting EQCCTPro... -------
2026-03-29 15:09:52,057 - INFO - Detailed subprocess information can be found in the log file.
2026-03-29 15:09:52,057 - INFO - 
2026-03-29 15:09:52,442 - INFO - GPU disabled (CPU-only).
2026-03-29 15:09:53,978 - INFO - Configured Intra-op threads = 1
2026-03-29 15:09:53,981 - INFO - Configured Inter-op threads = 1
2026-03-29 15:09:54,026 - INFO - TensorFlow: No GPUs visible; TF will proceed on CPU.
2026-03-29 15:09:54,028 - INFO - 
2026-03-29 15:09:54,032 - INFO - ------- Hardware Configuration -------
2026-03-29 15:09:54,035 - INFO - CPU affinity set to cores: [0, 1, 2, 3]
2026-03-29 15:09:54,037 - INFO - 
2026-03-29 15:09:54,039 - INFO - ------- Data Preprocessing for EQCCTPro -------
2026-03-29 15:09:54,042 - INFO - 1 station(s) in /home/blackwinter/projects/eqcct/eqcctpro/data/waveforms_noise_only/20250108T213815Z_20250108T213915Z
2026-03-29 15:09:54,045 - INFO - Using 1 selected station(s): ['TRE03'].
2026-03-29 15:09:54,048 - INFO - Creating model actor(s)...
2026-03-29 15:09:54,050 - INFO - System RAM: Total=7870 MB, Available=4394 MB
2026-03-29 15:09:54,053 - INFO - Usable RAM budget: 7083 MB (90% of total)
2026-03-29 15:09:54,055 - INFO - ===== MEMORY-AWARE CPU ACTOR POOL (EQCCT) =====
2026-03-29 15:09:54,058 - INFO - Requested concurrent tasks: 1
2026-03-29 15:09:54,060 - INFO - Available CPUs: 4
2026-03-29 15:09:54,063 - INFO - Available RAM: 7083 MB
2026-03-29 15:09:54,065 - INFO - RAM per model: 2264 MB
2026-03-29 15:09:54,068 - INFO - Max actors by RAM: 3
2026-03-29 15:09:54,071 - INFO - Creating 1 ModelActor(s)
2026-03-29 15:09:54,073 - INFO - Let Ray handle scheduling (taskset already restricts CPU visibility)
2026-03-29 15:09:54,076 - INFO - Creating ModelActor 1/1 (2.21GB RAM each)...
2026-03-29 15:09:58,321 - INFO - ModelActor 1 created successfully.
2026-03-29 15:09:58,324 - INFO - Created 1 CPU actor(s). Task queue will handle concurrency.
2026-03-29 15:09:58,326 - INFO - Starting EQCCTPro parallelized waveform processing...
2026-03-29 15:09:58,329 - INFO - 
2026-03-29 15:09:58,332 - INFO - ------- Analyzing Seismic Waveforms for P and S Picks via EQCCT -------
2026-03-29 15:09:58,335 - INFO - Analyzing 0:01:00 minute timechunk from 2025-01-08 21:38:15 to 2025-01-08 21:39:15 (0 min overlap)
2026-03-29 15:09:58,337 - INFO - Processing a total of 1 stations, 1 at a time.
2026-03-29 15:10:02,973 - INFO - (1/1) TRE03: Finished the prediction in 2.42s. (HP=1.0, LP=45.0)
2026-03-29 15:10:02,977 - INFO - 
2026-03-29 15:10:02,979 - INFO - ------- Parallel Station Waveform Processing Complete For 2025-01-08 21:38:15 to 2025-01-08 21:39:15 Timechunk-------
2026-03-29 15:10:02,987 - INFO - Successfully ran EQCCTPro, exiting...
2026-03-29 15:10:02,981 - INFO - Picks saved at /home/blackwinter/projects/eqcct/eqcctpro/results/csv/eqcct_noise_th0_1/20250108T213815Z_20250108T213915ZProcess Runtime: 4.65 s
2026-03-29 15:10:04,907 - INFO - Ray Successfully Shutdown.
2026-03-29 15:10:04,908 - INFO - ------- Successfully Picked All Waveform(s) from all Timechunk(s) -------
