2026-03-20 03:49:22,944 - INFO - 
2026-03-20 03:49:22,944 - INFO - ------- Welcome to EQCCTPro -------
2026-03-20 03:49:22,945 - INFO - 
2026-03-20 03:49:22,945 - INFO - Running EQCCT over Requested MSeed Files using CPU(s)...
2026-03-20 03:49:22,945 - INFO - GPU disabled (CPU-only).
2026-03-20 03:49:22,946 - INFO - Configured Intra-op threads = 1
2026-03-20 03:49:22,946 - INFO - Configured Inter-op threads = 1
2026-03-20 03:49:22,946 - INFO - TensorFlow: No GPUs visible; TF will proceed on CPU.
2026-03-20 03:49:22,946 - INFO - 
2026-03-20 03:49:28,256 - INFO - Ray Successfully Initialized with 4 CPU(s) ([0, 1, 2, 3] CPU Affinity Binding).
2026-03-20 03:49:28,256 - INFO - Analyzing 1 time chunk(s) from 2025-08-02 20:36:46 to 2025-08-02 20:37:46 (dt=1min, overlap=0min).
2026-03-20 03:49:28,256 - INFO - Using 1 selected station(s).
2026-03-20 03:49:28,256 - INFO - 
2026-03-20 03:49:28,257 - INFO - ------- Starting EQCCTPro... -------
2026-03-20 03:49:28,257 - INFO - Detailed subprocess information can be found in the log file.
2026-03-20 03:49:28,257 - INFO - 
2026-03-20 03:49:28,638 - INFO - GPU disabled (CPU-only).
2026-03-20 03:49:30,121 - INFO - Configured Intra-op threads = 1
2026-03-20 03:49:30,123 - INFO - Configured Inter-op threads = 1
2026-03-20 03:49:30,165 - INFO - TensorFlow: No GPUs visible; TF will proceed on CPU.
2026-03-20 03:49:30,167 - INFO - 
2026-03-20 03:49:30,169 - INFO - ------- Hardware Configuration -------
2026-03-20 03:49:30,172 - INFO - CPU affinity set to cores: [0, 1, 2, 3]
2026-03-20 03:49:30,174 - INFO - 
2026-03-20 03:49:30,176 - INFO - ------- Data Preprocessing for EQCCTPro -------
2026-03-20 03:49:30,179 - INFO - 1 station(s) in /home/blackwinter/projects/eqcct/eqcctpro/data/waveforms_earthquakes_nonoise/20250802T203646Z_20250802T203746Z
2026-03-20 03:49:30,181 - INFO - Using 1 selected station(s): ['OUL'].
2026-03-20 03:49:30,183 - INFO - Creating model actor(s)...
2026-03-20 03:49:30,185 - INFO - System RAM: Total=7870 MB, Available=1579 MB
2026-03-20 03:49:30,186 - INFO - Usable RAM budget: 7083 MB (90% of total)
2026-03-20 03:49:30,188 - INFO - ===== MEMORY-AWARE CPU ACTOR POOL (EQCCT) =====
2026-03-20 03:49:30,190 - INFO - Requested concurrent tasks: 1
2026-03-20 03:49:30,192 - INFO - Available CPUs: 4
2026-03-20 03:49:30,194 - INFO - Available RAM: 7083 MB
2026-03-20 03:49:30,195 - INFO - RAM per model: 2264 MB
2026-03-20 03:49:30,197 - INFO - Max actors by RAM: 3
2026-03-20 03:49:30,199 - INFO - Creating 1 ModelActor(s)
2026-03-20 03:49:30,201 - INFO - Let Ray handle scheduling (taskset already restricts CPU visibility)
2026-03-20 03:49:30,202 - INFO - Creating ModelActor 1/1 (2.21GB RAM each)...
2026-03-20 03:49:34,170 - INFO - ModelActor 1 created successfully.
2026-03-20 03:49:34,173 - INFO - Created 1 CPU actor(s). Task queue will handle concurrency.
2026-03-20 03:49:34,175 - INFO - Starting EQCCTPro parallelized waveform processing...
2026-03-20 03:49:34,177 - INFO - 
2026-03-20 03:49:34,179 - INFO - ------- Analyzing Seismic Waveforms for P and S Picks via EQCCT -------
2026-03-20 03:49:34,181 - INFO - Analyzing 0:01:00 minute timechunk from 2025-08-02 20:36:46 to 2025-08-02 20:37:46 (0 min overlap)
2026-03-20 03:49:34,183 - INFO - Processing a total of 1 stations, 1 at a time.
2026-03-20 03:49:38,335 - INFO - (1/1) OUL: Finished the prediction in 2.13s. (HP=1.0, LP=45.0)
2026-03-20 03:49:38,338 - INFO - 
2026-03-20 03:49:38,340 - INFO - ------- Parallel Station Waveform Processing Complete For 2025-08-02 20:36:46 to 2025-08-02 20:37:46 Timechunk-------
2026-03-20 03:49:38,343 - INFO - Picks saved at /home/blackwinter/projects/eqcct/eqcctpro/results/csv/eqcct_earthquakes_th0_1/20250802T203646Z_20250802T203746ZProcess Runtime: 4.16 s
2026-03-20 03:49:38,347 - INFO - Successfully ran EQCCTPro, exiting...
2026-03-20 03:49:39,877 - INFO - Ray Successfully Shutdown.
2026-03-20 03:49:39,877 - INFO - ------- Successfully Picked All Waveform(s) from all Timechunk(s) -------
