2026-02-22 15:19:03,856 - INFO - 
2026-02-22 15:19:03,856 - INFO - ------- Welcome to EQCCTPro -------
2026-02-22 15:19:03,856 - INFO - 
2026-02-22 15:19:03,856 - INFO - Running EQCCT over Requested MSeed Files using CPU(s)...
2026-02-22 15:19:03,857 - INFO - GPU disabled (CPU-only).
2026-02-22 15:19:03,857 - INFO - Configured Intra-op threads = 1
2026-02-22 15:19:03,857 - INFO - Configured Inter-op threads = 1
2026-02-22 15:19:03,857 - INFO - TensorFlow: No GPUs visible; TF will proceed on CPU.
2026-02-22 15:19:03,857 - INFO - 
2026-02-22 15:19:09,658 - INFO - Ray Successfully Initialized with 4 CPU(s) ([0, 1, 2, 3] CPU Affinity Binding).
2026-02-22 15:19:09,659 - INFO - Analyzing 1 time chunk(s) from 2025-05-09 03:32:26 to 2025-05-09 03:33:26 (dt=1min, overlap=0min).
2026-02-22 15:19:09,659 - INFO - Using 1 selected station(s).
2026-02-22 15:19:09,659 - INFO - 
2026-02-22 15:19:09,659 - INFO - ------- Starting EQCCTPro... -------
2026-02-22 15:19:09,660 - INFO - Detailed subprocess information can be found in the log file.
2026-02-22 15:19:09,660 - INFO - 
2026-02-22 15:19:10,044 - INFO - GPU disabled (CPU-only).
2026-02-22 15:19:11,638 - INFO - Configured Intra-op threads = 1
2026-02-22 15:19:11,640 - INFO - Configured Inter-op threads = 1
2026-02-22 15:19:11,683 - INFO - TensorFlow: No GPUs visible; TF will proceed on CPU.
2026-02-22 15:19:11,685 - INFO - 
2026-02-22 15:19:11,688 - INFO - ------- Hardware Configuration -------
2026-02-22 15:19:11,690 - INFO - CPU affinity set to cores: [0, 1, 2, 3]
2026-02-22 15:19:11,692 - INFO - 
2026-02-22 15:19:11,694 - INFO - ------- Data Preprocessing for EQCCTPro -------
2026-02-22 15:19:11,696 - INFO - 1 station(s) in /home/blackwinter/projects/eqcct/eqcctpro/data/waveforms_earthquakes_nonoise/20250509T033226Z_20250509T033326Z
2026-02-22 15:19:11,698 - INFO - Using 1 selected station(s): ['RNF'].
2026-02-22 15:19:11,700 - INFO - Creating model actor(s)...
2026-02-22 15:19:11,702 - INFO - System RAM: Total=7870 MB, Available=2356 MB
2026-02-22 15:19:11,705 - INFO - Usable RAM budget: 7083 MB (90% of total)
2026-02-22 15:19:11,707 - INFO - ===== MEMORY-AWARE CPU ACTOR POOL (EQCCT) =====
2026-02-22 15:19:11,709 - INFO - Requested concurrent tasks: 1
2026-02-22 15:19:11,711 - INFO - Available CPUs: 4
2026-02-22 15:19:11,713 - INFO - Available RAM: 7083 MB
2026-02-22 15:19:11,714 - INFO - RAM per model: 2264 MB
2026-02-22 15:19:11,716 - INFO - Max actors by RAM: 3
2026-02-22 15:19:11,718 - INFO - Creating 1 ModelActor(s)
2026-02-22 15:19:11,719 - INFO - Let Ray handle scheduling (taskset already restricts CPU visibility)
2026-02-22 15:19:11,722 - INFO - Creating ModelActor 1/1 (2.21GB RAM each)...
2026-02-22 15:19:15,738 - INFO - ModelActor 1 created successfully.
2026-02-22 15:19:15,741 - INFO - Created 1 CPU actor(s). Task queue will handle concurrency.
2026-02-22 15:19:15,743 - INFO - Starting EQCCTPro parallelized waveform processing...
2026-02-22 15:19:15,746 - INFO - 
2026-02-22 15:19:15,748 - INFO - ------- Analyzing Seismic Waveforms for P and S Picks via EQCCT -------
2026-02-22 15:19:15,751 - INFO - Analyzing 0:01:00 minute timechunk from 2025-05-09 03:32:26 to 2025-05-09 03:33:26 (0 min overlap)
2026-02-22 15:19:15,753 - INFO - Processing a total of 1 stations, 1 at a time.
2026-02-22 15:19:19,857 - INFO - (1/1) RNF: Finished the prediction in 2.2s. (HP=1.0, LP=45.0)
2026-02-22 15:19:19,859 - INFO - 
2026-02-22 15:19:19,861 - INFO - ------- Parallel Station Waveform Processing Complete For 2025-05-09 03:32:26 to 2025-05-09 03:33:26 Timechunk-------
2026-02-22 15:19:19,863 - INFO - Picks saved at /home/blackwinter/projects/eqcct/eqcctpro/results/csv/bm_eq_nonoise/20250509T033226Z_20250509T033326ZProcess Runtime: 4.11 s
2026-02-22 15:19:19,866 - INFO - Successfully ran EQCCTPro, exiting...
2026-02-22 15:19:21,373 - INFO - Ray Successfully Shutdown.
2026-02-22 15:19:21,373 - INFO - ------- Successfully Picked All Waveform(s) from all Timechunk(s) -------
