2026-02-27 11:04:40,562 - INFO - 
2026-02-27 11:04:40,562 - INFO - ------- Welcome to EQCCTPro -------
2026-02-27 11:04:40,562 - INFO - 
2026-02-27 11:04:40,563 - INFO - Running EQCCT over Requested MSeed Files using CPU(s)...
2026-02-27 11:04:40,563 - INFO - GPU disabled (CPU-only).
2026-02-27 11:04:40,563 - INFO - Configured Intra-op threads = 1
2026-02-27 11:04:40,563 - INFO - Configured Inter-op threads = 1
2026-02-27 11:04:40,564 - INFO - TensorFlow: No GPUs visible; TF will proceed on CPU.
2026-02-27 11:04:40,564 - INFO - 
2026-02-27 11:04:45,921 - INFO - Ray Successfully Initialized with 4 CPU(s) ([0, 1, 2, 3] CPU Affinity Binding).
2026-02-27 11:04:45,922 - INFO - Analyzing 1 time chunk(s) from 2025-01-21 12:14:31 to 2025-01-21 12:15:31 (dt=1min, overlap=0min).
2026-02-27 11:04:45,922 - INFO - Using 1 selected station(s).
2026-02-27 11:04:45,922 - INFO - 
2026-02-27 11:04:45,922 - INFO - ------- Starting EQCCTPro... -------
2026-02-27 11:04:45,922 - INFO - Detailed subprocess information can be found in the log file.
2026-02-27 11:04:45,923 - INFO - 
2026-02-27 11:04:46,276 - INFO - GPU disabled (CPU-only).
2026-02-27 11:04:47,745 - INFO - Configured Intra-op threads = 1
2026-02-27 11:04:47,748 - INFO - Configured Inter-op threads = 1
2026-02-27 11:04:47,789 - INFO - TensorFlow: No GPUs visible; TF will proceed on CPU.
2026-02-27 11:04:47,792 - INFO - 
2026-02-27 11:04:47,794 - INFO - ------- Hardware Configuration -------
2026-02-27 11:04:47,796 - INFO - CPU affinity set to cores: [0, 1, 2, 3]
2026-02-27 11:04:47,797 - INFO - 
2026-02-27 11:04:47,799 - INFO - ------- Data Preprocessing for EQCCTPro -------
2026-02-27 11:04:47,801 - INFO - 1 station(s) in /home/blackwinter/projects/eqcct/eqcctpro/data/waveforms_explosions_nonoise/20250121T121431Z_20250121T121531Z
2026-02-27 11:04:47,803 - INFO - Using 1 selected station(s): ['FIA0'].
2026-02-27 11:04:47,804 - INFO - Creating model actor(s)...
2026-02-27 11:04:47,806 - INFO - System RAM: Total=7870 MB, Available=2410 MB
2026-02-27 11:04:47,808 - INFO - Usable RAM budget: 7083 MB (90% of total)
2026-02-27 11:04:47,810 - INFO - ===== MEMORY-AWARE CPU ACTOR POOL (EQCCT) =====
2026-02-27 11:04:47,812 - INFO - Requested concurrent tasks: 1
2026-02-27 11:04:47,814 - INFO - Available CPUs: 4
2026-02-27 11:04:47,816 - INFO - Available RAM: 7083 MB
2026-02-27 11:04:47,818 - INFO - RAM per model: 2264 MB
2026-02-27 11:04:47,821 - INFO - Max actors by RAM: 3
2026-02-27 11:04:47,823 - INFO - Creating 1 ModelActor(s)
2026-02-27 11:04:47,825 - INFO - Let Ray handle scheduling (taskset already restricts CPU visibility)
2026-02-27 11:04:47,827 - INFO - Creating ModelActor 1/1 (2.21GB RAM each)...
2026-02-27 11:04:51,792 - INFO - ModelActor 1 created successfully.
2026-02-27 11:04:51,794 - INFO - Created 1 CPU actor(s). Task queue will handle concurrency.
2026-02-27 11:04:51,796 - INFO - Starting EQCCTPro parallelized waveform processing...
2026-02-27 11:04:51,798 - INFO - 
2026-02-27 11:04:51,800 - INFO - ------- Analyzing Seismic Waveforms for P and S Picks via EQCCT -------
2026-02-27 11:04:51,802 - INFO - Analyzing 0:01:00 minute timechunk from 2025-01-21 12:14:31 to 2025-01-21 12:15:31 (0 min overlap)
2026-02-27 11:04:51,804 - INFO - Processing a total of 1 stations, 1 at a time.
2026-02-27 11:04:55,841 - INFO - (1/1) FIA0: Finished the prediction in 2.12s. (HP=1.0, LP=45.0)
2026-02-27 11:04:55,843 - INFO - 
2026-02-27 11:04:55,845 - INFO - ------- Parallel Station Waveform Processing Complete For 2025-01-21 12:14:31 to 2025-01-21 12:15:31 Timechunk-------
2026-02-27 11:04:55,851 - INFO - Successfully ran EQCCTPro, exiting...
2026-02-27 11:04:55,847 - INFO - Picks saved at /home/blackwinter/projects/eqcct/eqcctpro/results/csv/bm_explosions/20250121T121431Z_20250121T121531ZProcess Runtime: 4.05 s
2026-02-27 11:04:57,375 - INFO - Ray Successfully Shutdown.
2026-02-27 11:04:57,375 - INFO - ------- Successfully Picked All Waveform(s) from all Timechunk(s) -------
