2026-03-27 19:40:34,675 - INFO - 
2026-03-27 19:40:34,675 - INFO - ------- Welcome to EQCCTPro -------
2026-03-27 19:40:34,675 - INFO - 
2026-03-27 19:40:34,676 - INFO - Running EQCCT over Requested MSeed Files using CPU(s)...
2026-03-27 19:40:34,676 - INFO - GPU disabled (CPU-only).
2026-03-27 19:40:34,676 - INFO - Skipping framework-specific initialization in the driver process.
2026-03-27 19:40:37,036 - INFO - Ray Successfully Initialized with 4 CPU(s) ([0, 1, 2, 3] CPU Affinity Binding).
2026-03-27 19:40:37,036 - INFO - Analyzing 1 time chunk(s) from 2025-07-08 01:54:35 to 2025-07-08 01:55:35 (dt=1min, overlap=0min).
2026-03-27 19:40:37,037 - INFO - Using 1 selected station(s).
2026-03-27 19:40:37,037 - INFO - 
2026-03-27 19:40:37,037 - INFO - ------- Starting EQCCTPro... -------
2026-03-27 19:40:37,037 - INFO - Detailed subprocess information can be found in the log file.
2026-03-27 19:40:37,037 - INFO - 
2026-03-27 19:40:37,328 - INFO - GPU disabled (CPU-only).
2026-03-27 19:40:37,333 - INFO - Skipping framework-specific initialization in the driver process.
2026-03-27 19:40:37,335 - INFO - ------- Hardware Configuration -------
2026-03-27 19:40:37,337 - INFO - CPU affinity set to cores: [0, 1, 2, 3]
2026-03-27 19:40:37,340 - INFO - 
2026-03-27 19:40:37,342 - INFO - ------- Data Preprocessing for EQCCTPro -------
2026-03-27 19:40:37,345 - INFO - 1 station(s) in /home/blackwinter/projects/eqcct/eqcctpro/data/waveforms_earthquakes_nonoise/20250708T015435Z_20250708T015535Z
2026-03-27 19:40:37,348 - INFO - Using 1 selected station(s): ['VRF'].
2026-03-27 19:40:37,350 - INFO - Creating model actor(s)...
2026-03-27 19:40:37,352 - INFO - System RAM: Total=7870 MB, Available=5950 MB
2026-03-27 19:40:37,354 - INFO - Usable RAM budget: 7083 MB (90% of total)
2026-03-27 19:40:37,355 - INFO - ===== MEMORY-AWARE CPU ACTOR POOL =====
2026-03-27 19:40:37,357 - INFO - Requested concurrent tasks: 1
2026-03-27 19:40:37,360 - INFO - Available CPUs: 4
2026-03-27 19:40:37,362 - INFO - Available RAM: 7083 MB
2026-03-27 19:40:37,364 - INFO - RAM per model: 2060 MB
2026-03-27 19:40:37,366 - INFO - Max actors by RAM: 3
2026-03-27 19:40:37,368 - INFO - Creating 1 SeisBenchModelActor(s)
2026-03-27 19:40:37,370 - INFO - Let Ray handle scheduling (taskset already restricts CPU visibility)
2026-03-27 19:40:37,372 - INFO - Creating SeisBenchModelActor 1/1 (2.01GB RAM each)...
2026-03-27 19:40:40,218 - INFO - SeisBenchModelActor 1 created successfully.
2026-03-27 19:40:40,220 - INFO - Created 1 CPU actor(s). Task queue will handle concurrency.
2026-03-27 19:40:40,223 - INFO - Starting EQCCTPro parallelized waveform processing...
2026-03-27 19:40:40,225 - INFO - 
2026-03-27 19:40:40,228 - INFO - ------- Analyzing Seismic Waveforms for P and S Picks via SeisBench (EQTransformer - original_nonconservative) -------
2026-03-27 19:40:40,231 - INFO - Analyzing 0:01:00 minute timechunk from 2025-07-08 01:54:35 to 2025-07-08 01:55:35 (0 min overlap)
2026-03-27 19:40:40,233 - INFO - Processing a total of 1 stations, 1 at a time.
2026-03-27 19:40:42,399 - INFO - (1/1) VRF: Finished the prediction in 0.13s. (HP=1.0, LP=45.0, picks=1)
2026-03-27 19:40:42,402 - INFO - 
2026-03-27 19:40:42,406 - INFO - ------- Parallel Station Waveform Processing Complete For 2025-07-08 01:54:35 to 2025-07-08 01:55:35 Timechunk-------
2026-03-27 19:40:42,409 - INFO - Picks saved at /home/blackwinter/projects/eqcct/eqcctpro/results/csv/eqt_earthquakes_th0_1/20250708T015435Z_20250708T015535ZProcess Runtime: 2.18 s
2026-03-27 19:40:42,417 - INFO - Successfully ran EQCCTPro, exiting...
2026-03-27 19:40:44,347 - INFO - Ray Successfully Shutdown.
2026-03-27 19:40:44,347 - INFO - ------- Successfully Picked All Waveform(s) from all Timechunk(s) -------
2026-03-28 02:07:29,319 - INFO - 
2026-03-28 02:07:29,321 - INFO - ------- Welcome to EQCCTPro -------
2026-03-28 02:07:29,321 - INFO - 
2026-03-28 02:07:29,321 - INFO - Running EQCCT over Requested MSeed Files using CPU(s)...
2026-03-28 02:07:29,322 - INFO - GPU disabled (CPU-only).
2026-03-28 02:07:29,322 - INFO - Skipping framework-specific initialization in the driver process.
2026-03-28 02:07:31,729 - INFO - Ray Successfully Initialized with 4 CPU(s) ([0, 1, 2, 3] CPU Affinity Binding).
2026-03-28 02:07:31,730 - INFO - Analyzing 1 time chunk(s) from 2025-07-08 01:54:35 to 2025-07-08 01:55:35 (dt=1min, overlap=0min).
2026-03-28 02:07:31,730 - INFO - Using 1 selected station(s).
2026-03-28 02:07:31,730 - INFO - 
2026-03-28 02:07:31,730 - INFO - ------- Starting EQCCTPro... -------
2026-03-28 02:07:31,730 - INFO - Detailed subprocess information can be found in the log file.
2026-03-28 02:07:31,730 - INFO - 
2026-03-28 02:07:32,014 - INFO - GPU disabled (CPU-only).
2026-03-28 02:07:32,019 - INFO - Skipping framework-specific initialization in the driver process.
2026-03-28 02:07:32,022 - INFO - ------- Hardware Configuration -------
2026-03-28 02:07:32,024 - INFO - CPU affinity set to cores: [0, 1, 2, 3]
2026-03-28 02:07:32,027 - INFO - 
2026-03-28 02:07:32,029 - INFO - ------- Data Preprocessing for EQCCTPro -------
2026-03-28 02:07:32,031 - INFO - 1 station(s) in /home/blackwinter/projects/eqcct/eqcctpro/data/waveforms_earthquakes_nonoise/20250708T015435Z_20250708T015535Z
2026-03-28 02:07:32,033 - INFO - Using 1 selected station(s): ['VRF'].
2026-03-28 02:07:32,036 - INFO - Creating model actor(s)...
2026-03-28 02:07:32,043 - INFO - System RAM: Total=7870 MB, Available=5792 MB
2026-03-28 02:07:32,047 - INFO - Usable RAM budget: 7083 MB (90% of total)
2026-03-28 02:07:32,050 - INFO - ===== MEMORY-AWARE CPU ACTOR POOL =====
2026-03-28 02:07:32,053 - INFO - Requested concurrent tasks: 1
2026-03-28 02:07:32,056 - INFO - Available CPUs: 4
2026-03-28 02:07:32,059 - INFO - Available RAM: 7083 MB
2026-03-28 02:07:32,063 - INFO - RAM per model: 2060 MB
2026-03-28 02:07:32,066 - INFO - Max actors by RAM: 3
2026-03-28 02:07:32,069 - INFO - Creating 1 SeisBenchModelActor(s)
2026-03-28 02:07:32,072 - INFO - Let Ray handle scheduling (taskset already restricts CPU visibility)
2026-03-28 02:07:32,076 - INFO - Creating SeisBenchModelActor 1/1 (2.01GB RAM each)...
2026-03-28 02:07:34,981 - INFO - SeisBenchModelActor 1 created successfully.
2026-03-28 02:07:34,984 - INFO - Created 1 CPU actor(s). Task queue will handle concurrency.
2026-03-28 02:07:34,986 - INFO - Starting EQCCTPro parallelized waveform processing...
2026-03-28 02:07:34,989 - INFO - 
2026-03-28 02:07:34,991 - INFO - ------- Analyzing Seismic Waveforms for P and S Picks via SeisBench (EQTransformer - original_nonconservative) -------
2026-03-28 02:07:34,995 - INFO - Analyzing 0:01:00 minute timechunk from 2025-07-08 01:54:35 to 2025-07-08 01:55:35 (0 min overlap)
2026-03-28 02:07:34,997 - INFO - Processing a total of 1 stations, 1 at a time.
2026-03-28 02:07:37,028 - INFO - (1/1) VRF: Skipped (already exists - overwrite=False).
2026-03-28 02:07:37,031 - INFO - 
2026-03-28 02:07:37,033 - INFO - ------- Parallel Station Waveform Processing Complete For 2025-07-08 01:54:35 to 2025-07-08 01:55:35 Timechunk-------
2026-03-28 02:07:37,036 - INFO - Picks saved at /home/blackwinter/projects/eqcct/eqcctpro/results/csv/eqt_earthquakes_th0_1/20250708T015435Z_20250708T015535ZProcess Runtime: 2.04 s
2026-03-28 02:07:37,041 - INFO - Successfully ran EQCCTPro, exiting...
2026-03-28 02:07:38,522 - INFO - Ray Successfully Shutdown.
2026-03-28 02:07:38,523 - INFO - ------- Successfully Picked All Waveform(s) from all Timechunk(s) -------
