2026-03-11 01:22:07,551 - INFO - 
2026-03-11 01:22:07,551 - INFO - ------- Welcome to EQCCTPro -------
2026-03-11 01:22:07,551 - INFO - 
2026-03-11 01:22:07,552 - INFO - Running EQCCT over Requested MSeed Files using CPU(s)...
2026-03-11 01:22:07,552 - INFO - GPU disabled (CPU-only).
2026-03-11 01:22:07,552 - INFO - Configured Intra-op threads = 1
2026-03-11 01:22:07,552 - INFO - Configured Inter-op threads = 1
2026-03-11 01:22:07,553 - INFO - TensorFlow: No GPUs visible; TF will proceed on CPU.
2026-03-11 01:22:07,553 - INFO - 
2026-03-11 01:22:13,144 - INFO - Ray Successfully Initialized with 4 CPU(s) ([0, 1, 2, 3] CPU Affinity Binding).
2026-03-11 01:22:13,145 - INFO - Analyzing 1 time chunk(s) from 2025-01-11 13:49:06 to 2025-01-11 13:50:06 (dt=1min, overlap=0min).
2026-03-11 01:22:13,145 - INFO - Using 1 selected station(s).
2026-03-11 01:22:13,145 - INFO - 
2026-03-11 01:22:13,145 - INFO - ------- Starting EQCCTPro... -------
2026-03-11 01:22:13,146 - INFO - Detailed subprocess information can be found in the log file.
2026-03-11 01:22:13,146 - INFO - 
2026-03-11 01:22:13,533 - INFO - GPU disabled (CPU-only).
2026-03-11 01:22:15,022 - INFO - Configured Intra-op threads = 1
2026-03-11 01:22:15,025 - INFO - Configured Inter-op threads = 1
2026-03-11 01:22:15,065 - INFO - TensorFlow: No GPUs visible; TF will proceed on CPU.
2026-03-11 01:22:15,068 - INFO - 
2026-03-11 01:22:15,070 - INFO - ------- Hardware Configuration -------
2026-03-11 01:22:15,072 - INFO - CPU affinity set to cores: [0, 1, 2, 3]
2026-03-11 01:22:15,075 - INFO - 
2026-03-11 01:22:15,077 - INFO - ------- Data Preprocessing for EQCCTPro -------
2026-03-11 01:22:15,078 - INFO - 1 station(s) in /home/blackwinter/projects/eqcct/eqcctpro/data/waveforms_noise_only/20250111T134906Z_20250111T135006Z
2026-03-11 01:22:15,080 - INFO - Using 1 selected station(s): ['NIF'].
2026-03-11 01:22:15,082 - INFO - Creating model actor(s)...
2026-03-11 01:22:15,084 - INFO - System RAM: Total=7870 MB, Available=2310 MB
2026-03-11 01:22:15,085 - INFO - Usable RAM budget: 7083 MB (90% of total)
2026-03-11 01:22:15,087 - INFO - ===== MEMORY-AWARE CPU ACTOR POOL (EQCCT) =====
2026-03-11 01:22:15,089 - INFO - Requested concurrent tasks: 1
2026-03-11 01:22:15,091 - INFO - Available CPUs: 4
2026-03-11 01:22:15,093 - INFO - Available RAM: 7083 MB
2026-03-11 01:22:15,095 - INFO - RAM per model: 2264 MB
2026-03-11 01:22:15,097 - INFO - Max actors by RAM: 3
2026-03-11 01:22:15,099 - INFO - Creating 1 ModelActor(s)
2026-03-11 01:22:15,102 - INFO - Let Ray handle scheduling (taskset already restricts CPU visibility)
2026-03-11 01:22:15,104 - INFO - Creating ModelActor 1/1 (2.21GB RAM each)...
2026-03-11 01:22:19,093 - INFO - ModelActor 1 created successfully.
2026-03-11 01:22:19,095 - INFO - Created 1 CPU actor(s). Task queue will handle concurrency.
2026-03-11 01:22:19,097 - INFO - Starting EQCCTPro parallelized waveform processing...
2026-03-11 01:22:19,099 - INFO - 
2026-03-11 01:22:19,101 - INFO - ------- Analyzing Seismic Waveforms for P and S Picks via EQCCT -------
2026-03-11 01:22:19,103 - INFO - Analyzing 0:01:00 minute timechunk from 2025-01-11 13:49:06 to 2025-01-11 13:50:06 (0 min overlap)
2026-03-11 01:22:19,105 - INFO - Processing a total of 1 stations, 1 at a time.
2026-03-11 01:22:23,211 - INFO - (1/1) NIF: Finished the prediction in 2.16s. (HP=1.0, LP=45.0)
2026-03-11 01:22:23,214 - INFO - 
2026-03-11 01:22:23,216 - INFO - ------- Parallel Station Waveform Processing Complete For 2025-01-11 13:49:06 to 2025-01-11 13:50:06 Timechunk-------
2026-03-11 01:22:23,218 - INFO - Picks saved at /home/blackwinter/projects/eqcct/eqcctpro/results/csv/bm_noise_only/20250111T134906Z_20250111T135006ZProcess Runtime: 4.12 s
2026-03-11 01:22:23,223 - INFO - Successfully ran EQCCTPro, exiting...
2026-03-11 01:22:24,755 - INFO - Ray Successfully Shutdown.
2026-03-11 01:22:24,755 - INFO - ------- Successfully Picked All Waveform(s) from all Timechunk(s) -------
2026-03-11 15:49:46,198 - INFO - 
2026-03-11 15:49:46,198 - INFO - ------- Welcome to EQCCTPro -------
2026-03-11 15:49:46,198 - INFO - 
2026-03-11 15:49:46,199 - INFO - Running EQCCT over Requested MSeed Files using CPU(s)...
2026-03-11 15:49:46,199 - INFO - GPU disabled (CPU-only).
2026-03-11 15:49:46,199 - INFO - Configured Intra-op threads = 1
2026-03-11 15:49:46,199 - INFO - Configured Inter-op threads = 1
2026-03-11 15:49:46,199 - INFO - TensorFlow: No GPUs visible; TF will proceed on CPU.
2026-03-11 15:49:46,200 - INFO - 
2026-03-11 15:49:51,771 - INFO - Ray Successfully Initialized with 4 CPU(s) ([0, 1, 2, 3] CPU Affinity Binding).
2026-03-11 15:49:51,771 - INFO - Analyzing 1 time chunk(s) from 2025-01-11 13:49:06 to 2025-01-11 13:50:06 (dt=1min, overlap=0min).
2026-03-11 15:49:51,771 - INFO - Using 1 selected station(s).
2026-03-11 15:49:51,771 - INFO - 
2026-03-11 15:49:51,771 - INFO - ------- Starting EQCCTPro... -------
2026-03-11 15:49:51,771 - INFO - Detailed subprocess information can be found in the log file.
2026-03-11 15:49:51,771 - INFO - 
2026-03-11 15:49:52,132 - INFO - GPU disabled (CPU-only).
2026-03-11 15:49:53,670 - INFO - Configured Intra-op threads = 1
2026-03-11 15:49:53,673 - INFO - Configured Inter-op threads = 1
2026-03-11 15:49:53,717 - INFO - TensorFlow: No GPUs visible; TF will proceed on CPU.
2026-03-11 15:49:53,719 - INFO - 
2026-03-11 15:49:53,721 - INFO - ------- Hardware Configuration -------
2026-03-11 15:49:53,723 - INFO - CPU affinity set to cores: [0, 1, 2, 3]
2026-03-11 15:49:53,725 - INFO - 
2026-03-11 15:49:53,727 - INFO - ------- Data Preprocessing for EQCCTPro -------
2026-03-11 15:49:53,730 - INFO - 1 station(s) in /home/blackwinter/projects/eqcct/eqcctpro/data/waveforms_noise_only/20250111T134906Z_20250111T135006Z
2026-03-11 15:49:53,731 - INFO - Using 1 selected station(s): ['NIF'].
2026-03-11 15:49:53,733 - INFO - Creating model actor(s)...
2026-03-11 15:49:53,735 - INFO - System RAM: Total=7870 MB, Available=3355 MB
2026-03-11 15:49:53,736 - INFO - Usable RAM budget: 7083 MB (90% of total)
2026-03-11 15:49:53,738 - INFO - ===== MEMORY-AWARE CPU ACTOR POOL (EQCCT) =====
2026-03-11 15:49:53,740 - INFO - Requested concurrent tasks: 1
2026-03-11 15:49:53,742 - INFO - Available CPUs: 4
2026-03-11 15:49:53,744 - INFO - Available RAM: 7083 MB
2026-03-11 15:49:53,745 - INFO - RAM per model: 2264 MB
2026-03-11 15:49:53,747 - INFO - Max actors by RAM: 3
2026-03-11 15:49:53,749 - INFO - Creating 1 ModelActor(s)
2026-03-11 15:49:53,751 - INFO - Let Ray handle scheduling (taskset already restricts CPU visibility)
2026-03-11 15:49:53,753 - INFO - Creating ModelActor 1/1 (2.21GB RAM each)...
2026-03-11 15:49:57,731 - INFO - ModelActor 1 created successfully.
2026-03-11 15:49:57,733 - INFO - Created 1 CPU actor(s). Task queue will handle concurrency.
2026-03-11 15:49:57,735 - INFO - Starting EQCCTPro parallelized waveform processing...
2026-03-11 15:49:57,737 - INFO - 
2026-03-11 15:49:57,739 - INFO - ------- Analyzing Seismic Waveforms for P and S Picks via EQCCT -------
2026-03-11 15:49:57,741 - INFO - Analyzing 0:01:00 minute timechunk from 2025-01-11 13:49:06 to 2025-01-11 13:50:06 (0 min overlap)
2026-03-11 15:49:57,743 - INFO - Processing a total of 1 stations, 1 at a time.
2026-03-11 15:49:59,691 - INFO - (1/1) NIF: Skipped (already exists - overwrite=False).
2026-03-11 15:49:59,693 - INFO - 
2026-03-11 15:49:59,695 - INFO - ------- Parallel Station Waveform Processing Complete For 2025-01-11 13:49:06 to 2025-01-11 13:50:06 Timechunk-------
2026-03-11 15:49:59,697 - INFO - Picks saved at /home/blackwinter/projects/eqcct/eqcctpro/results/csv/bm_noise_only/20250111T134906Z_20250111T135006ZProcess Runtime: 1.96 s
2026-03-11 15:49:59,701 - INFO - Successfully ran EQCCTPro, exiting...
2026-03-11 15:50:01,208 - INFO - Ray Successfully Shutdown.
2026-03-11 15:50:01,209 - INFO - ------- Successfully Picked All Waveform(s) from all Timechunk(s) -------
