2026-02-27 01:36:18,270 - INFO - 
2026-02-27 01:36:18,271 - INFO - ------- Welcome to EQCCTPro -------
2026-02-27 01:36:18,271 - INFO - 
2026-02-27 01:36:18,271 - INFO - Running EQCCT over Requested MSeed Files using CPU(s)...
2026-02-27 01:36:18,272 - INFO - GPU disabled (CPU-only).
2026-02-27 01:36:18,272 - INFO - Configured Intra-op threads = 1
2026-02-27 01:36:18,272 - INFO - Configured Inter-op threads = 1
2026-02-27 01:36:18,272 - INFO - TensorFlow: No GPUs visible; TF will proceed on CPU.
2026-02-27 01:36:18,272 - INFO - 
2026-02-27 01:36:23,784 - INFO - Ray Successfully Initialized with 4 CPU(s) ([0, 1, 2, 3] CPU Affinity Binding).
2026-02-27 01:36:23,786 - INFO - Analyzing 1 time chunk(s) from 2025-01-14 13:10:29 to 2025-01-14 13:11:29 (dt=1min, overlap=0min).
2026-02-27 01:36:23,786 - INFO - Using 1 selected station(s).
2026-02-27 01:36:23,786 - INFO - 
2026-02-27 01:36:23,787 - INFO - ------- Starting EQCCTPro... -------
2026-02-27 01:36:23,787 - INFO - Detailed subprocess information can be found in the log file.
2026-02-27 01:36:23,787 - INFO - 
2026-02-27 01:36:24,165 - INFO - GPU disabled (CPU-only).
2026-02-27 01:36:25,743 - INFO - Configured Intra-op threads = 1
2026-02-27 01:36:25,746 - INFO - Configured Inter-op threads = 1
2026-02-27 01:36:25,790 - INFO - TensorFlow: No GPUs visible; TF will proceed on CPU.
2026-02-27 01:36:25,792 - INFO - 
2026-02-27 01:36:25,795 - INFO - ------- Hardware Configuration -------
2026-02-27 01:36:25,798 - INFO - CPU affinity set to cores: [0, 1, 2, 3]
2026-02-27 01:36:25,801 - INFO - 
2026-02-27 01:36:25,803 - INFO - ------- Data Preprocessing for EQCCTPro -------
2026-02-27 01:36:25,805 - INFO - 1 station(s) in /home/blackwinter/projects/eqcct/eqcctpro/data/waveforms_explosions_nonoise/20250114T131029Z_20250114T131129Z
2026-02-27 01:36:25,807 - INFO - Using 1 selected station(s): ['KEV'].
2026-02-27 01:36:25,810 - INFO - Creating model actor(s)...
2026-02-27 01:36:25,813 - INFO - System RAM: Total=7870 MB, Available=2957 MB
2026-02-27 01:36:25,815 - INFO - Usable RAM budget: 7083 MB (90% of total)
2026-02-27 01:36:25,817 - INFO - ===== MEMORY-AWARE CPU ACTOR POOL (EQCCT) =====
2026-02-27 01:36:25,819 - INFO - Requested concurrent tasks: 1
2026-02-27 01:36:25,821 - INFO - Available CPUs: 4
2026-02-27 01:36:25,823 - INFO - Available RAM: 7083 MB
2026-02-27 01:36:25,825 - INFO - RAM per model: 2264 MB
2026-02-27 01:36:25,827 - INFO - Max actors by RAM: 3
2026-02-27 01:36:25,829 - INFO - Creating 1 ModelActor(s)
2026-02-27 01:36:25,830 - INFO - Let Ray handle scheduling (taskset already restricts CPU visibility)
2026-02-27 01:36:25,832 - INFO - Creating ModelActor 1/1 (2.21GB RAM each)...
2026-02-27 01:36:29,782 - INFO - ModelActor 1 created successfully.
2026-02-27 01:36:29,784 - INFO - Created 1 CPU actor(s). Task queue will handle concurrency.
2026-02-27 01:36:29,786 - INFO - Starting EQCCTPro parallelized waveform processing...
2026-02-27 01:36:29,787 - INFO - 
2026-02-27 01:36:29,789 - INFO - ------- Analyzing Seismic Waveforms for P and S Picks via EQCCT -------
2026-02-27 01:36:29,791 - INFO - Analyzing 0:01:00 minute timechunk from 2025-01-14 13:10:29 to 2025-01-14 13:11:29 (0 min overlap)
2026-02-27 01:36:29,793 - INFO - Processing a total of 1 stations, 1 at a time.
2026-02-27 01:36:33,757 - INFO - (1/1) KEV: Finished the prediction in 2.1s. (HP=1.0, LP=45.0)
2026-02-27 01:36:33,760 - INFO - 
2026-02-27 01:36:33,762 - INFO - ------- Parallel Station Waveform Processing Complete For 2025-01-14 13:10:29 to 2025-01-14 13:11:29 Timechunk-------
2026-02-27 01:36:33,768 - INFO - Successfully ran EQCCTPro, exiting...
2026-02-27 01:36:33,764 - INFO - Picks saved at /home/blackwinter/projects/eqcct/eqcctpro/results/csv/bm_explosions/20250114T131029Z_20250114T131129ZProcess Runtime: 3.98 s
2026-02-27 01:36:35,291 - INFO - Ray Successfully Shutdown.
2026-02-27 01:36:35,291 - INFO - ------- Successfully Picked All Waveform(s) from all Timechunk(s) -------
2026-02-27 08:41:28,323 - INFO - 
2026-02-27 08:41:28,323 - INFO - ------- Welcome to EQCCTPro -------
2026-02-27 08:41:28,324 - INFO - 
2026-02-27 08:41:28,324 - INFO - Running EQCCT over Requested MSeed Files using CPU(s)...
2026-02-27 08:41:28,324 - INFO - GPU disabled (CPU-only).
2026-02-27 08:41:28,325 - INFO - Configured Intra-op threads = 1
2026-02-27 08:41:28,325 - INFO - Configured Inter-op threads = 1
2026-02-27 08:41:28,325 - INFO - TensorFlow: No GPUs visible; TF will proceed on CPU.
2026-02-27 08:41:28,325 - INFO - 
2026-02-27 08:41:33,034 - INFO - Ray Successfully Initialized with 4 CPU(s) ([0, 1, 2, 3] CPU Affinity Binding).
2026-02-27 08:41:33,034 - INFO - Analyzing 1 time chunk(s) from 2025-01-14 13:10:29 to 2025-01-14 13:11:29 (dt=1min, overlap=0min).
2026-02-27 08:41:33,034 - INFO - Using 1 selected station(s).
2026-02-27 08:41:33,034 - INFO - 
2026-02-27 08:41:33,034 - INFO - ------- Starting EQCCTPro... -------
2026-02-27 08:41:33,034 - INFO - Detailed subprocess information can be found in the log file.
2026-02-27 08:41:33,034 - INFO - 
2026-02-27 08:41:33,392 - INFO - GPU disabled (CPU-only).
2026-02-27 08:41:34,924 - INFO - Configured Intra-op threads = 1
2026-02-27 08:41:34,927 - INFO - Configured Inter-op threads = 1
2026-02-27 08:41:34,973 - INFO - TensorFlow: No GPUs visible; TF will proceed on CPU.
2026-02-27 08:41:34,975 - INFO - 
2026-02-27 08:41:34,977 - INFO - ------- Hardware Configuration -------
2026-02-27 08:41:34,979 - INFO - CPU affinity set to cores: [0, 1, 2, 3]
2026-02-27 08:41:34,981 - INFO - 
2026-02-27 08:41:34,983 - INFO - ------- Data Preprocessing for EQCCTPro -------
2026-02-27 08:41:34,984 - INFO - 1 station(s) in /home/blackwinter/projects/eqcct/eqcctpro/data/waveforms_explosions_nonoise/20250114T131029Z_20250114T131129Z
2026-02-27 08:41:34,986 - INFO - Using 1 selected station(s): ['KEV'].
2026-02-27 08:41:34,988 - INFO - Creating model actor(s)...
2026-02-27 08:41:34,990 - INFO - System RAM: Total=7870 MB, Available=3087 MB
2026-02-27 08:41:34,991 - INFO - Usable RAM budget: 7083 MB (90% of total)
2026-02-27 08:41:34,993 - INFO - ===== MEMORY-AWARE CPU ACTOR POOL (EQCCT) =====
2026-02-27 08:41:34,995 - INFO - Requested concurrent tasks: 1
2026-02-27 08:41:34,997 - INFO - Available CPUs: 4
2026-02-27 08:41:34,999 - INFO - Available RAM: 7083 MB
2026-02-27 08:41:35,001 - INFO - RAM per model: 2264 MB
2026-02-27 08:41:35,003 - INFO - Max actors by RAM: 3
2026-02-27 08:41:35,005 - INFO - Creating 1 ModelActor(s)
2026-02-27 08:41:35,007 - INFO - Let Ray handle scheduling (taskset already restricts CPU visibility)
2026-02-27 08:41:35,009 - INFO - Creating ModelActor 1/1 (2.21GB RAM each)...
2026-02-27 08:41:38,877 - INFO - ModelActor 1 created successfully.
2026-02-27 08:41:38,879 - INFO - Created 1 CPU actor(s). Task queue will handle concurrency.
2026-02-27 08:41:38,881 - INFO - Starting EQCCTPro parallelized waveform processing...
2026-02-27 08:41:38,883 - INFO - 
2026-02-27 08:41:38,885 - INFO - ------- Analyzing Seismic Waveforms for P and S Picks via EQCCT -------
2026-02-27 08:41:38,887 - INFO - Analyzing 0:01:00 minute timechunk from 2025-01-14 13:10:29 to 2025-01-14 13:11:29 (0 min overlap)
2026-02-27 08:41:38,889 - INFO - Processing a total of 1 stations, 1 at a time.
2026-02-27 08:41:40,799 - INFO - (1/1) KEV: Skipped (already exists - overwrite=False).
2026-02-27 08:41:40,801 - INFO - 
2026-02-27 08:41:40,804 - INFO - ------- Parallel Station Waveform Processing Complete For 2025-01-14 13:10:29 to 2025-01-14 13:11:29 Timechunk-------
2026-02-27 08:41:40,806 - INFO - Picks saved at /home/blackwinter/projects/eqcct/eqcctpro/results/csv/bm_explosions/20250114T131029Z_20250114T131129ZProcess Runtime: 1.92 s
2026-02-27 08:41:40,811 - INFO - Successfully ran EQCCTPro, exiting...
2026-02-27 08:41:42,478 - INFO - Ray Successfully Shutdown.
2026-02-27 08:41:42,478 - INFO - ------- Successfully Picked All Waveform(s) from all Timechunk(s) -------
