2026-03-29 10:13:31,357 - INFO - 
2026-03-29 10:13:31,357 - INFO - ------- Welcome to EQCCTPro -------
2026-03-29 10:13:31,357 - INFO - 
2026-03-29 10:13:31,358 - INFO - Running EQCCT over Requested MSeed Files using CPU(s)...
2026-03-29 10:13:31,358 - INFO - GPU disabled (CPU-only).
2026-03-29 10:13:31,358 - INFO - Configured Intra-op threads = 1
2026-03-29 10:13:31,358 - INFO - Configured Inter-op threads = 1
2026-03-29 10:13:31,358 - INFO - TensorFlow: No GPUs visible; TF will proceed on CPU.
2026-03-29 10:13:31,358 - INFO - 
2026-03-29 10:13:37,134 - INFO - Ray Successfully Initialized with 4 CPU(s) ([0, 1, 2, 3] CPU Affinity Binding).
2026-03-29 10:13:37,134 - INFO - Analyzing 1 time chunk(s) from 2025-01-03 14:44:20 to 2025-01-03 14:45:20 (dt=1min, overlap=0min).
2026-03-29 10:13:37,134 - INFO - Using 1 selected station(s).
2026-03-29 10:13:37,134 - INFO - 
2026-03-29 10:13:37,134 - INFO - ------- Starting EQCCTPro... -------
2026-03-29 10:13:37,134 - INFO - Detailed subprocess information can be found in the log file.
2026-03-29 10:13:37,135 - INFO - 
2026-03-29 10:13:37,539 - INFO - GPU disabled (CPU-only).
2026-03-29 10:13:39,205 - INFO - Configured Intra-op threads = 1
2026-03-29 10:13:39,208 - INFO - Configured Inter-op threads = 1
2026-03-29 10:13:39,258 - INFO - TensorFlow: No GPUs visible; TF will proceed on CPU.
2026-03-29 10:13:39,260 - INFO - 
2026-03-29 10:13:39,263 - INFO - ------- Hardware Configuration -------
2026-03-29 10:13:39,266 - INFO - CPU affinity set to cores: [0, 1, 2, 3]
2026-03-29 10:13:39,269 - INFO - 
2026-03-29 10:13:39,272 - INFO - ------- Data Preprocessing for EQCCTPro -------
2026-03-29 10:13:39,274 - INFO - 1 station(s) in /home/blackwinter/projects/eqcct/eqcctpro/data/waveforms_noise_only/20250103T144420Z_20250103T144520Z
2026-03-29 10:13:39,276 - INFO - Using 1 selected station(s): ['FIB4'].
2026-03-29 10:13:39,279 - INFO - Creating model actor(s)...
2026-03-29 10:13:39,282 - INFO - System RAM: Total=7870 MB, Available=5315 MB
2026-03-29 10:13:39,284 - INFO - Usable RAM budget: 7083 MB (90% of total)
2026-03-29 10:13:39,287 - INFO - ===== MEMORY-AWARE CPU ACTOR POOL (EQCCT) =====
2026-03-29 10:13:39,290 - INFO - Requested concurrent tasks: 1
2026-03-29 10:13:39,292 - INFO - Available CPUs: 4
2026-03-29 10:13:39,295 - INFO - Available RAM: 7083 MB
2026-03-29 10:13:39,297 - INFO - RAM per model: 2264 MB
2026-03-29 10:13:39,300 - INFO - Max actors by RAM: 3
2026-03-29 10:13:39,303 - INFO - Creating 1 ModelActor(s)
2026-03-29 10:13:39,306 - INFO - Let Ray handle scheduling (taskset already restricts CPU visibility)
2026-03-29 10:13:39,308 - INFO - Creating ModelActor 1/1 (2.21GB RAM each)...
2026-03-29 10:13:43,507 - INFO - ModelActor 1 created successfully.
2026-03-29 10:13:43,510 - INFO - Created 1 CPU actor(s). Task queue will handle concurrency.
2026-03-29 10:13:43,513 - INFO - Starting EQCCTPro parallelized waveform processing...
2026-03-29 10:13:43,517 - INFO - 
2026-03-29 10:13:43,520 - INFO - ------- Analyzing Seismic Waveforms for P and S Picks via EQCCT -------
2026-03-29 10:13:43,523 - INFO - Analyzing 0:01:00 minute timechunk from 2025-01-03 14:44:20 to 2025-01-03 14:45:20 (0 min overlap)
2026-03-29 10:13:43,525 - INFO - Processing a total of 1 stations, 1 at a time.
2026-03-29 10:13:47,947 - INFO - (1/1) FIB4: Finished the prediction in 2.4s. (HP=1.0, LP=45.0)
2026-03-29 10:13:47,949 - INFO - 
2026-03-29 10:13:47,952 - INFO - ------- Parallel Station Waveform Processing Complete For 2025-01-03 14:44:20 to 2025-01-03 14:45:20 Timechunk-------
2026-03-29 10:13:47,954 - INFO - Picks saved at /home/blackwinter/projects/eqcct/eqcctpro/results/csv/eqcct_noise_th0_1/20250103T144420Z_20250103T144520ZProcess Runtime: 4.43 s
2026-03-29 10:13:47,960 - INFO - Successfully ran EQCCTPro, exiting...
2026-03-29 10:13:49,462 - INFO - Ray Successfully Shutdown.
2026-03-29 10:13:49,462 - INFO - ------- Successfully Picked All Waveform(s) from all Timechunk(s) -------
