2026-03-28 16:11:17,734 - INFO - 
2026-03-28 16:11:17,735 - INFO - ------- Welcome to EQCCTPro -------
2026-03-28 16:11:17,735 - INFO - 
2026-03-28 16:11:17,736 - INFO - Running EQCCT over Requested MSeed Files using CPU(s)...
2026-03-28 16:11:17,736 - INFO - GPU disabled (CPU-only).
2026-03-28 16:11:17,736 - INFO - Skipping framework-specific initialization in the driver process.
2026-03-28 16:11:20,230 - INFO - Ray Successfully Initialized with 4 CPU(s) ([0, 1, 2, 3] CPU Affinity Binding).
2026-03-28 16:11:20,231 - INFO - Analyzing 1 time chunk(s) from 2025-01-04 20:18:59 to 2025-01-04 20:19:59 (dt=1min, overlap=0min).
2026-03-28 16:11:20,231 - INFO - Using 1 selected station(s).
2026-03-28 16:11:20,231 - INFO - 
2026-03-28 16:11:20,231 - INFO - ------- Starting EQCCTPro... -------
2026-03-28 16:11:20,231 - INFO - Detailed subprocess information can be found in the log file.
2026-03-28 16:11:20,231 - INFO - 
2026-03-28 16:11:20,537 - INFO - GPU disabled (CPU-only).
2026-03-28 16:11:20,545 - INFO - Skipping framework-specific initialization in the driver process.
2026-03-28 16:11:20,550 - INFO - ------- Hardware Configuration -------
2026-03-28 16:11:20,554 - INFO - CPU affinity set to cores: [0, 1, 2, 3]
2026-03-28 16:11:20,557 - INFO - 
2026-03-28 16:11:20,561 - INFO - ------- Data Preprocessing for EQCCTPro -------
2026-03-28 16:11:20,566 - INFO - 1 station(s) in /home/blackwinter/projects/eqcct/eqcctpro/data/waveforms_explosions_nonoise/20250104T201859Z_20250104T201959Z
2026-03-28 16:11:20,570 - INFO - Using 1 selected station(s): ['TOF'].
2026-03-28 16:11:20,573 - INFO - Creating model actor(s)...
2026-03-28 16:11:20,576 - INFO - System RAM: Total=7870 MB, Available=4422 MB
2026-03-28 16:11:20,580 - INFO - Usable RAM budget: 7083 MB (90% of total)
2026-03-28 16:11:20,582 - INFO - ===== MEMORY-AWARE CPU ACTOR POOL =====
2026-03-28 16:11:20,585 - INFO - Requested concurrent tasks: 1
2026-03-28 16:11:20,588 - INFO - Available CPUs: 4
2026-03-28 16:11:20,593 - INFO - Available RAM: 7083 MB
2026-03-28 16:11:20,599 - INFO - RAM per model: 2060 MB
2026-03-28 16:11:20,602 - INFO - Max actors by RAM: 3
2026-03-28 16:11:20,605 - INFO - Creating 1 SeisBenchModelActor(s)
2026-03-28 16:11:20,608 - INFO - Let Ray handle scheduling (taskset already restricts CPU visibility)
2026-03-28 16:11:20,611 - INFO - Creating SeisBenchModelActor 1/1 (2.01GB RAM each)...
2026-03-28 16:11:24,046 - INFO - SeisBenchModelActor 1 created successfully.
2026-03-28 16:11:24,050 - INFO - Created 1 CPU actor(s). Task queue will handle concurrency.
2026-03-28 16:11:24,053 - INFO - Starting EQCCTPro parallelized waveform processing...
2026-03-28 16:11:24,055 - INFO - 
2026-03-28 16:11:24,057 - INFO - ------- Analyzing Seismic Waveforms for P and S Picks via SeisBench (EQTransformer - original_nonconservative) -------
2026-03-28 16:11:24,060 - INFO - Analyzing 0:01:00 minute timechunk from 2025-01-04 20:18:59 to 2025-01-04 20:19:59 (0 min overlap)
2026-03-28 16:11:24,063 - INFO - Processing a total of 1 stations, 1 at a time.
2026-03-28 16:11:26,543 - INFO - (1/1) TOF: Finished the prediction in 0.14s. (HP=1.0, LP=45.0, picks=0)
2026-03-28 16:11:26,545 - INFO - 
2026-03-28 16:11:26,548 - INFO - ------- Parallel Station Waveform Processing Complete For 2025-01-04 20:18:59 to 2025-01-04 20:19:59 Timechunk-------
2026-03-28 16:11:26,550 - INFO - Picks saved at /home/blackwinter/projects/eqcct/eqcctpro/results/csv/eqt_explosions_th0_1/20250104T201859Z_20250104T201959ZProcess Runtime: 2.49 s
2026-03-28 16:11:26,556 - INFO - Successfully ran EQCCTPro, exiting...
2026-03-28 16:11:28,049 - INFO - Ray Successfully Shutdown.
2026-03-28 16:11:28,050 - INFO - ------- Successfully Picked All Waveform(s) from all Timechunk(s) -------
