2026-02-23 23:06:08,746 - INFO - 
2026-02-23 23:06:08,746 - INFO - ------- Welcome to EQCCTPro -------
2026-02-23 23:06:08,746 - INFO - 
2026-02-23 23:06:08,747 - INFO - Running EQCCT over Requested MSeed Files using CPU(s)...
2026-02-23 23:06:08,747 - INFO - GPU disabled (CPU-only).
2026-02-23 23:06:08,747 - INFO - Configured Intra-op threads = 1
2026-02-23 23:06:08,747 - INFO - Configured Inter-op threads = 1
2026-02-23 23:06:08,748 - INFO - TensorFlow: No GPUs visible; TF will proceed on CPU.
2026-02-23 23:06:08,748 - INFO - 
2026-02-23 23:06:14,598 - INFO - Ray Successfully Initialized with 4 CPU(s) ([0, 1, 2, 3] CPU Affinity Binding).
2026-02-23 23:06:14,599 - INFO - Analyzing 1 time chunk(s) from 2025-04-26 01:26:10 to 2025-04-26 01:27:10 (dt=1min, overlap=0min).
2026-02-23 23:06:14,599 - INFO - Using 1 selected station(s).
2026-02-23 23:06:14,599 - INFO - 
2026-02-23 23:06:14,600 - INFO - ------- Starting EQCCTPro... -------
2026-02-23 23:06:14,600 - INFO - Detailed subprocess information can be found in the log file.
2026-02-23 23:06:14,600 - INFO - 
2026-02-23 23:06:14,995 - INFO - GPU disabled (CPU-only).
2026-02-23 23:06:16,592 - INFO - Configured Intra-op threads = 1
2026-02-23 23:06:16,595 - INFO - Configured Inter-op threads = 1
2026-02-23 23:06:16,631 - INFO - TensorFlow: No GPUs visible; TF will proceed on CPU.
2026-02-23 23:06:16,634 - INFO - 
2026-02-23 23:06:16,636 - INFO - ------- Hardware Configuration -------
2026-02-23 23:06:16,638 - INFO - CPU affinity set to cores: [0, 1, 2, 3]
2026-02-23 23:06:16,640 - INFO - 
2026-02-23 23:06:16,642 - INFO - ------- Data Preprocessing for EQCCTPro -------
2026-02-23 23:06:16,644 - INFO - 1 station(s) in /home/blackwinter/projects/eqcct/eqcctpro/data/waveforms_earthquakes_noise_only/20250426T012610Z_20250426T012710Z
2026-02-23 23:06:16,646 - INFO - Using 1 selected station(s): ['FIB4'].
2026-02-23 23:06:16,648 - INFO - Creating model actor(s)...
2026-02-23 23:06:16,650 - INFO - System RAM: Total=7870 MB, Available=2761 MB
2026-02-23 23:06:16,652 - INFO - Usable RAM budget: 7083 MB (90% of total)
2026-02-23 23:06:16,654 - INFO - ===== MEMORY-AWARE CPU ACTOR POOL (EQCCT) =====
2026-02-23 23:06:16,655 - INFO - Requested concurrent tasks: 1
2026-02-23 23:06:16,658 - INFO - Available CPUs: 4
2026-02-23 23:06:16,660 - INFO - Available RAM: 7083 MB
2026-02-23 23:06:16,662 - INFO - RAM per model: 2264 MB
2026-02-23 23:06:16,664 - INFO - Max actors by RAM: 3
2026-02-23 23:06:16,666 - INFO - Creating 1 ModelActor(s)
2026-02-23 23:06:16,668 - INFO - Let Ray handle scheduling (taskset already restricts CPU visibility)
2026-02-23 23:06:16,670 - INFO - Creating ModelActor 1/1 (2.21GB RAM each)...
2026-02-23 23:06:20,689 - INFO - ModelActor 1 created successfully.
2026-02-23 23:06:20,691 - INFO - Created 1 CPU actor(s). Task queue will handle concurrency.
2026-02-23 23:06:20,693 - INFO - Starting EQCCTPro parallelized waveform processing...
2026-02-23 23:06:20,695 - INFO - 
2026-02-23 23:06:20,697 - INFO - ------- Analyzing Seismic Waveforms for P and S Picks via EQCCT -------
2026-02-23 23:06:20,699 - INFO - Analyzing 0:01:00 minute timechunk from 2025-04-26 01:26:10 to 2025-04-26 01:27:10 (0 min overlap)
2026-02-23 23:06:20,702 - INFO - Processing a total of 1 stations, 1 at a time.
2026-02-23 23:06:24,917 - INFO - (1/1) FIB4: Finished the prediction in 2.2s. (HP=1.0, LP=45.0)
2026-02-23 23:06:24,919 - INFO - 
2026-02-23 23:06:24,921 - INFO - ------- Parallel Station Waveform Processing Complete For 2025-04-26 01:26:10 to 2025-04-26 01:27:10 Timechunk-------
2026-02-23 23:06:24,924 - INFO - Picks saved at /home/blackwinter/projects/eqcct/eqcctpro/results/csv/bm_eq_noise_only/20250426T012610Z_20250426T012710ZProcess Runtime: 4.23 s
2026-02-23 23:06:24,928 - INFO - Successfully ran EQCCTPro, exiting...
2026-02-23 23:06:26,486 - INFO - Ray Successfully Shutdown.
2026-02-23 23:06:26,486 - INFO - ------- Successfully Picked All Waveform(s) from all Timechunk(s) -------
