2026-03-20 03:45:22,017 - INFO - 
2026-03-20 03:45:22,017 - INFO - ------- Welcome to EQCCTPro -------
2026-03-20 03:45:22,017 - INFO - 
2026-03-20 03:45:22,018 - INFO - Running EQCCT over Requested MSeed Files using CPU(s)...
2026-03-20 03:45:22,018 - INFO - GPU disabled (CPU-only).
2026-03-20 03:45:22,019 - INFO - Configured Intra-op threads = 1
2026-03-20 03:45:22,019 - INFO - Configured Inter-op threads = 1
2026-03-20 03:45:22,019 - INFO - TensorFlow: No GPUs visible; TF will proceed on CPU.
2026-03-20 03:45:22,019 - INFO - 
2026-03-20 03:45:27,685 - INFO - Ray Successfully Initialized with 4 CPU(s) ([0, 1, 2, 3] CPU Affinity Binding).
2026-03-20 03:45:27,686 - INFO - Analyzing 1 time chunk(s) from 2025-08-01 00:20:08 to 2025-08-01 00:21:08 (dt=1min, overlap=0min).
2026-03-20 03:45:27,686 - INFO - Using 2 selected station(s).
2026-03-20 03:45:27,686 - INFO - 
2026-03-20 03:45:27,686 - INFO - ------- Starting EQCCTPro... -------
2026-03-20 03:45:27,686 - INFO - Detailed subprocess information can be found in the log file.
2026-03-20 03:45:27,686 - INFO - 
2026-03-20 03:45:28,059 - INFO - GPU disabled (CPU-only).
2026-03-20 03:45:29,607 - INFO - Configured Intra-op threads = 1
2026-03-20 03:45:29,610 - INFO - Configured Inter-op threads = 1
2026-03-20 03:45:29,654 - INFO - TensorFlow: No GPUs visible; TF will proceed on CPU.
2026-03-20 03:45:29,657 - INFO - 
2026-03-20 03:45:29,659 - INFO - ------- Hardware Configuration -------
2026-03-20 03:45:29,661 - INFO - CPU affinity set to cores: [0, 1, 2, 3]
2026-03-20 03:45:29,663 - INFO - 
2026-03-20 03:45:29,665 - INFO - ------- Data Preprocessing for EQCCTPro -------
2026-03-20 03:45:29,667 - INFO - 2 station(s) in /home/blackwinter/projects/eqcct/eqcctpro/data/waveforms_earthquakes_nonoise/20250801T002008Z_20250801T002108Z
2026-03-20 03:45:29,669 - INFO - Using 2 selected station(s): ['HEL5', 'NUR'].
2026-03-20 03:45:29,671 - INFO - Creating model actor(s)...
2026-03-20 03:45:29,674 - INFO - System RAM: Total=7870 MB, Available=1745 MB
2026-03-20 03:45:29,676 - INFO - Usable RAM budget: 7083 MB (90% of total)
2026-03-20 03:45:29,678 - INFO - ===== MEMORY-AWARE CPU ACTOR POOL (EQCCT) =====
2026-03-20 03:45:29,680 - INFO - Requested concurrent tasks: 1
2026-03-20 03:45:29,682 - INFO - Available CPUs: 4
2026-03-20 03:45:29,684 - INFO - Available RAM: 7083 MB
2026-03-20 03:45:29,686 - INFO - RAM per model: 2264 MB
2026-03-20 03:45:29,688 - INFO - Max actors by RAM: 3
2026-03-20 03:45:29,690 - INFO - Creating 1 ModelActor(s)
2026-03-20 03:45:29,692 - INFO - Let Ray handle scheduling (taskset already restricts CPU visibility)
2026-03-20 03:45:29,694 - INFO - Creating ModelActor 1/1 (2.21GB RAM each)...
2026-03-20 03:45:33,580 - INFO - ModelActor 1 created successfully.
2026-03-20 03:45:33,583 - INFO - Created 1 CPU actor(s). Task queue will handle concurrency.
2026-03-20 03:45:33,584 - INFO - Starting EQCCTPro parallelized waveform processing...
2026-03-20 03:45:33,586 - INFO - 
2026-03-20 03:45:33,588 - INFO - ------- Analyzing Seismic Waveforms for P and S Picks via EQCCT -------
2026-03-20 03:45:33,590 - INFO - Analyzing 0:01:00 minute timechunk from 2025-08-01 00:20:08 to 2025-08-01 00:21:08 (0 min overlap)
2026-03-20 03:45:33,592 - INFO - Processing a total of 2 stations, 1 at a time.
2026-03-20 03:45:37,791 - INFO - (1/2) HEL5: Finished the prediction in 2.21s. (HP=1.0, LP=45.0)
2026-03-20 03:45:37,900 - INFO - (2/2) NUR: Finished the prediction in 0.1s. (HP=1.0, LP=45.0)
2026-03-20 03:45:37,902 - INFO - 
2026-03-20 03:45:37,904 - INFO - ------- Parallel Station Waveform Processing Complete For 2025-08-01 00:20:08 to 2025-08-01 00:21:08 Timechunk-------
2026-03-20 03:45:37,907 - INFO - Picks saved at /home/blackwinter/projects/eqcct/eqcctpro/results/csv/eqcct_earthquakes_th0_1/20250801T002008Z_20250801T002108ZProcess Runtime: 4.32 s
2026-03-20 03:45:37,912 - INFO - Successfully ran EQCCTPro, exiting...
2026-03-20 03:45:39,575 - INFO - Ray Successfully Shutdown.
2026-03-20 03:45:39,575 - INFO - ------- Successfully Picked All Waveform(s) from all Timechunk(s) -------
