2026-03-29 16:55:35,849 - INFO - 
2026-03-29 16:55:35,849 - INFO - ------- Welcome to EQCCTPro -------
2026-03-29 16:55:35,849 - INFO - 
2026-03-29 16:55:35,850 - INFO - Running EQCCT over Requested MSeed Files using CPU(s)...
2026-03-29 16:55:35,850 - INFO - GPU disabled (CPU-only).
2026-03-29 16:55:35,850 - INFO - Configured Intra-op threads = 1
2026-03-29 16:55:35,850 - INFO - Configured Inter-op threads = 1
2026-03-29 16:55:35,850 - INFO - TensorFlow: No GPUs visible; TF will proceed on CPU.
2026-03-29 16:55:35,850 - INFO - 
2026-03-29 16:55:41,649 - INFO - Ray Successfully Initialized with 4 CPU(s) ([0, 1, 2, 3] CPU Affinity Binding).
2026-03-29 16:55:41,649 - INFO - Analyzing 1 time chunk(s) from 2025-01-10 22:16:14 to 2025-01-10 22:17:14 (dt=1min, overlap=0min).
2026-03-29 16:55:41,649 - INFO - Using 1 selected station(s).
2026-03-29 16:55:41,649 - INFO - 
2026-03-29 16:55:41,649 - INFO - ------- Starting EQCCTPro... -------
2026-03-29 16:55:41,649 - INFO - Detailed subprocess information can be found in the log file.
2026-03-29 16:55:41,649 - INFO - 
2026-03-29 16:55:42,038 - INFO - GPU disabled (CPU-only).
2026-03-29 16:55:43,604 - INFO - Configured Intra-op threads = 1
2026-03-29 16:55:43,607 - INFO - Configured Inter-op threads = 1
2026-03-29 16:55:43,661 - INFO - TensorFlow: No GPUs visible; TF will proceed on CPU.
2026-03-29 16:55:43,663 - INFO - 
2026-03-29 16:55:43,667 - INFO - ------- Hardware Configuration -------
2026-03-29 16:55:43,671 - INFO - CPU affinity set to cores: [0, 1, 2, 3]
2026-03-29 16:55:43,674 - INFO - 
2026-03-29 16:55:43,678 - INFO - ------- Data Preprocessing for EQCCTPro -------
2026-03-29 16:55:43,680 - INFO - 1 station(s) in /home/blackwinter/projects/eqcct/eqcctpro/data/waveforms_noise_only/20250110T221614Z_20250110T221714Z
2026-03-29 16:55:43,683 - INFO - Using 1 selected station(s): ['ALAJF'].
2026-03-29 16:55:43,686 - INFO - Creating model actor(s)...
2026-03-29 16:55:43,690 - INFO - System RAM: Total=7870 MB, Available=3978 MB
2026-03-29 16:55:43,694 - INFO - Usable RAM budget: 7083 MB (90% of total)
2026-03-29 16:55:43,698 - INFO - ===== MEMORY-AWARE CPU ACTOR POOL (EQCCT) =====
2026-03-29 16:55:43,701 - INFO - Requested concurrent tasks: 1
2026-03-29 16:55:43,703 - INFO - Available CPUs: 4
2026-03-29 16:55:43,706 - INFO - Available RAM: 7083 MB
2026-03-29 16:55:43,708 - INFO - RAM per model: 2264 MB
2026-03-29 16:55:43,711 - INFO - Max actors by RAM: 3
2026-03-29 16:55:43,714 - INFO - Creating 1 ModelActor(s)
2026-03-29 16:55:43,716 - INFO - Let Ray handle scheduling (taskset already restricts CPU visibility)
2026-03-29 16:55:43,719 - INFO - Creating ModelActor 1/1 (2.21GB RAM each)...
2026-03-29 16:55:48,106 - INFO - ModelActor 1 created successfully.
2026-03-29 16:55:48,108 - INFO - Created 1 CPU actor(s). Task queue will handle concurrency.
2026-03-29 16:55:48,110 - INFO - Starting EQCCTPro parallelized waveform processing...
2026-03-29 16:55:48,112 - INFO - 
2026-03-29 16:55:48,114 - INFO - ------- Analyzing Seismic Waveforms for P and S Picks via EQCCT -------
2026-03-29 16:55:48,117 - INFO - Analyzing 0:01:00 minute timechunk from 2025-01-10 22:16:14 to 2025-01-10 22:17:14 (0 min overlap)
2026-03-29 16:55:48,119 - INFO - Processing a total of 1 stations, 1 at a time.
2026-03-29 16:55:52,598 - INFO - (1/1) ALAJF: Finished the prediction in 2.38s. (HP=1.0, LP=45.0)
2026-03-29 16:55:52,601 - INFO - 
2026-03-29 16:55:52,603 - INFO - ------- Parallel Station Waveform Processing Complete For 2025-01-10 22:16:14 to 2025-01-10 22:17:14 Timechunk-------
2026-03-29 16:55:52,606 - INFO - Picks saved at /home/blackwinter/projects/eqcct/eqcctpro/results/csv/eqcct_noise_th0_1/20250110T221614Z_20250110T221714ZProcess Runtime: 4.49 s
2026-03-29 16:55:52,611 - INFO - Successfully ran EQCCTPro, exiting...
2026-03-29 16:55:54,303 - INFO - Ray Successfully Shutdown.
2026-03-29 16:55:54,303 - INFO - ------- Successfully Picked All Waveform(s) from all Timechunk(s) -------
