2026-02-23 19:45:44,064 - INFO - 
2026-02-23 19:45:44,064 - INFO - ------- Welcome to EQCCTPro -------
2026-02-23 19:45:44,064 - INFO - 
2026-02-23 19:45:44,065 - INFO - Running EQCCT over Requested MSeed Files using CPU(s)...
2026-02-23 19:45:44,065 - INFO - GPU disabled (CPU-only).
2026-02-23 19:45:44,065 - INFO - Configured Intra-op threads = 1
2026-02-23 19:45:44,065 - INFO - Configured Inter-op threads = 1
2026-02-23 19:45:44,065 - INFO - TensorFlow: No GPUs visible; TF will proceed on CPU.
2026-02-23 19:45:44,065 - INFO - 
2026-02-23 19:45:49,676 - INFO - Ray Successfully Initialized with 4 CPU(s) ([0, 1, 2, 3] CPU Affinity Binding).
2026-02-23 19:45:49,676 - INFO - Analyzing 1 time chunk(s) from 2025-02-27 10:27:38 to 2025-02-27 10:28:38 (dt=1min, overlap=0min).
2026-02-23 19:45:49,676 - INFO - Using 1 selected station(s).
2026-02-23 19:45:49,676 - INFO - 
2026-02-23 19:45:49,677 - INFO - ------- Starting EQCCTPro... -------
2026-02-23 19:45:49,677 - INFO - Detailed subprocess information can be found in the log file.
2026-02-23 19:45:49,677 - INFO - 
2026-02-23 19:45:50,033 - INFO - GPU disabled (CPU-only).
2026-02-23 19:45:51,454 - INFO - Configured Intra-op threads = 1
2026-02-23 19:45:51,457 - INFO - Configured Inter-op threads = 1
2026-02-23 19:45:51,497 - INFO - TensorFlow: No GPUs visible; TF will proceed on CPU.
2026-02-23 19:45:51,499 - INFO - 
2026-02-23 19:45:51,501 - INFO - ------- Hardware Configuration -------
2026-02-23 19:45:51,504 - INFO - CPU affinity set to cores: [0, 1, 2, 3]
2026-02-23 19:45:51,507 - INFO - 
2026-02-23 19:45:51,510 - INFO - ------- Data Preprocessing for EQCCTPro -------
2026-02-23 19:45:51,512 - INFO - 1 station(s) in /home/blackwinter/projects/eqcct/eqcctpro/data/waveforms_earthquakes_noise_only/20250227T102738Z_20250227T102838Z
2026-02-23 19:45:51,514 - INFO - Using 1 selected station(s): ['SGF'].
2026-02-23 19:45:51,517 - INFO - Creating model actor(s)...
2026-02-23 19:45:51,519 - INFO - System RAM: Total=7870 MB, Available=3520 MB
2026-02-23 19:45:51,521 - INFO - Usable RAM budget: 7083 MB (90% of total)
2026-02-23 19:45:51,523 - INFO - ===== MEMORY-AWARE CPU ACTOR POOL (EQCCT) =====
2026-02-23 19:45:51,525 - INFO - Requested concurrent tasks: 1
2026-02-23 19:45:51,527 - INFO - Available CPUs: 4
2026-02-23 19:45:51,530 - INFO - Available RAM: 7083 MB
2026-02-23 19:45:51,532 - INFO - RAM per model: 2264 MB
2026-02-23 19:45:51,534 - INFO - Max actors by RAM: 3
2026-02-23 19:45:51,537 - INFO - Creating 1 ModelActor(s)
2026-02-23 19:45:51,539 - INFO - Let Ray handle scheduling (taskset already restricts CPU visibility)
2026-02-23 19:45:51,541 - INFO - Creating ModelActor 1/1 (2.21GB RAM each)...
2026-02-23 19:45:55,389 - INFO - ModelActor 1 created successfully.
2026-02-23 19:45:55,391 - INFO - Created 1 CPU actor(s). Task queue will handle concurrency.
2026-02-23 19:45:55,393 - INFO - Starting EQCCTPro parallelized waveform processing...
2026-02-23 19:45:55,395 - INFO - 
2026-02-23 19:45:55,397 - INFO - ------- Analyzing Seismic Waveforms for P and S Picks via EQCCT -------
2026-02-23 19:45:55,400 - INFO - Analyzing 0:01:00 minute timechunk from 2025-02-27 10:27:38 to 2025-02-27 10:28:38 (0 min overlap)
2026-02-23 19:45:55,402 - INFO - Processing a total of 1 stations, 1 at a time.
2026-02-23 19:45:57,902 - INFO - (1/1) SGF: FAILED reading mSEED.
2026-02-23 19:45:57,904 - INFO - 
2026-02-23 19:45:57,906 - INFO - ------- Parallel Station Waveform Processing Complete For 2025-02-27 10:27:38 to 2025-02-27 10:28:38 Timechunk-------
2026-02-23 19:45:57,908 - INFO - Picks saved at /home/blackwinter/projects/eqcct/eqcctpro/results/csv/bm_eq_noise_only/20250227T102738Z_20250227T102838ZProcess Runtime: 2.51 s
2026-02-23 19:45:57,913 - INFO - Successfully ran EQCCTPro, exiting...
2026-02-23 19:45:59,275 - INFO - Ray Successfully Shutdown.
2026-02-23 19:45:59,275 - INFO - ------- Successfully Picked All Waveform(s) from all Timechunk(s) -------
