2026-02-22 13:21:24,443 - INFO - 
2026-02-22 13:21:24,443 - INFO - ------- Welcome to EQCCTPro -------
2026-02-22 13:21:24,443 - INFO - 
2026-02-22 13:21:24,443 - INFO - Running EQCCT over Requested MSeed Files using CPU(s)...
2026-02-22 13:21:24,444 - INFO - GPU disabled (CPU-only).
2026-02-22 13:21:24,444 - INFO - Configured Intra-op threads = 1
2026-02-22 13:21:24,444 - INFO - Configured Inter-op threads = 1
2026-02-22 13:21:24,444 - INFO - TensorFlow: No GPUs visible; TF will proceed on CPU.
2026-02-22 13:21:24,444 - INFO - 
2026-02-22 13:21:29,768 - INFO - Ray Successfully Initialized with 4 CPU(s) ([0, 1, 2, 3] CPU Affinity Binding).
2026-02-22 13:21:29,768 - INFO - Analyzing 1 time chunk(s) from 2025-02-20 23:19:51 to 2025-02-20 23:20:51 (dt=1min, overlap=0min).
2026-02-22 13:21:29,769 - INFO - Using 1 selected station(s).
2026-02-22 13:21:29,769 - INFO - 
2026-02-22 13:21:29,769 - INFO - ------- Starting EQCCTPro... -------
2026-02-22 13:21:29,769 - INFO - Detailed subprocess information can be found in the log file.
2026-02-22 13:21:29,769 - INFO - 
2026-02-22 13:21:30,129 - INFO - GPU disabled (CPU-only).
2026-02-22 13:21:31,916 - INFO - Configured Intra-op threads = 1
2026-02-22 13:21:31,922 - INFO - Configured Inter-op threads = 1
2026-02-22 13:21:31,966 - INFO - TensorFlow: No GPUs visible; TF will proceed on CPU.
2026-02-22 13:21:31,968 - INFO - 
2026-02-22 13:21:31,971 - INFO - ------- Hardware Configuration -------
2026-02-22 13:21:31,973 - INFO - CPU affinity set to cores: [0, 1, 2, 3]
2026-02-22 13:21:31,975 - INFO - 
2026-02-22 13:21:31,977 - INFO - ------- Data Preprocessing for EQCCTPro -------
2026-02-22 13:21:31,979 - INFO - 1 station(s) in /home/blackwinter/projects/eqcct/eqcctpro/data/waveforms_earthquakes_nonoise/20250220T231951Z_20250220T232051Z
2026-02-22 13:21:31,981 - INFO - Using 1 selected station(s): ['KU2'].
2026-02-22 13:21:31,982 - INFO - Creating model actor(s)...
2026-02-22 13:21:31,984 - INFO - System RAM: Total=7870 MB, Available=2958 MB
2026-02-22 13:21:31,986 - INFO - Usable RAM budget: 7083 MB (90% of total)
2026-02-22 13:21:31,988 - INFO - ===== MEMORY-AWARE CPU ACTOR POOL (EQCCT) =====
2026-02-22 13:21:31,989 - INFO - Requested concurrent tasks: 1
2026-02-22 13:21:31,991 - INFO - Available CPUs: 4
2026-02-22 13:21:31,993 - INFO - Available RAM: 7083 MB
2026-02-22 13:21:31,995 - INFO - RAM per model: 2264 MB
2026-02-22 13:21:31,997 - INFO - Max actors by RAM: 3
2026-02-22 13:21:31,998 - INFO - Creating 1 ModelActor(s)
2026-02-22 13:21:32,000 - INFO - Let Ray handle scheduling (taskset already restricts CPU visibility)
2026-02-22 13:21:32,002 - INFO - Creating ModelActor 1/1 (2.21GB RAM each)...
2026-02-22 13:21:35,971 - INFO - ModelActor 1 created successfully.
2026-02-22 13:21:35,974 - INFO - Created 1 CPU actor(s). Task queue will handle concurrency.
2026-02-22 13:21:35,976 - INFO - Starting EQCCTPro parallelized waveform processing...
2026-02-22 13:21:35,978 - INFO - 
2026-02-22 13:21:35,979 - INFO - ------- Analyzing Seismic Waveforms for P and S Picks via EQCCT -------
2026-02-22 13:21:35,982 - INFO - Analyzing 0:01:00 minute timechunk from 2025-02-20 23:19:51 to 2025-02-20 23:20:51 (0 min overlap)
2026-02-22 13:21:35,984 - INFO - Processing a total of 1 stations, 1 at a time.
2026-02-22 13:21:37,913 - INFO - (1/1) KU2: FAILED reading mSEED.
2026-02-22 13:21:37,915 - INFO - 
2026-02-22 13:21:37,918 - INFO - ------- Parallel Station Waveform Processing Complete For 2025-02-20 23:19:51 to 2025-02-20 23:20:51 Timechunk-------
2026-02-22 13:21:37,920 - INFO - Picks saved at /home/blackwinter/projects/eqcct/eqcctpro/results/csv/bm_eq_nonoise/20250220T231951Z_20250220T232051ZProcess Runtime: 1.94 s
2026-02-22 13:21:37,923 - INFO - Successfully ran EQCCTPro, exiting...
2026-02-22 13:21:39,456 - INFO - Ray Successfully Shutdown.
2026-02-22 13:21:39,456 - INFO - ------- Successfully Picked All Waveform(s) from all Timechunk(s) -------
