2026-03-28 17:06:43,464 - INFO - 
2026-03-28 17:06:43,464 - INFO - ------- Welcome to EQCCTPro -------
2026-03-28 17:06:43,464 - INFO - 
2026-03-28 17:06:43,465 - INFO - Running EQCCT over Requested MSeed Files using CPU(s)...
2026-03-28 17:06:43,465 - INFO - GPU disabled (CPU-only).
2026-03-28 17:06:43,465 - INFO - Skipping framework-specific initialization in the driver process.
2026-03-28 17:06:46,155 - INFO - Ray Successfully Initialized with 4 CPU(s) ([0, 1, 2, 3] CPU Affinity Binding).
2026-03-28 17:06:46,155 - INFO - Analyzing 1 time chunk(s) from 2025-01-10 10:27:52 to 2025-01-10 10:28:52 (dt=1min, overlap=0min).
2026-03-28 17:06:46,156 - INFO - Using 1 selected station(s).
2026-03-28 17:06:46,156 - INFO - 
2026-03-28 17:06:46,156 - INFO - ------- Starting EQCCTPro... -------
2026-03-28 17:06:46,156 - INFO - Detailed subprocess information can be found in the log file.
2026-03-28 17:06:46,156 - INFO - 
2026-03-28 17:06:46,475 - INFO - GPU disabled (CPU-only).
2026-03-28 17:06:46,480 - INFO - Skipping framework-specific initialization in the driver process.
2026-03-28 17:06:46,483 - INFO - ------- Hardware Configuration -------
2026-03-28 17:06:46,487 - INFO - CPU affinity set to cores: [0, 1, 2, 3]
2026-03-28 17:06:46,489 - INFO - 
2026-03-28 17:06:46,493 - INFO - ------- Data Preprocessing for EQCCTPro -------
2026-03-28 17:06:46,496 - INFO - 1 station(s) in /home/blackwinter/projects/eqcct/eqcctpro/data/waveforms_explosions_nonoise/20250110T102752Z_20250110T102852Z
2026-03-28 17:06:46,505 - INFO - Using 1 selected station(s): ['VUOS'].
2026-03-28 17:06:46,510 - INFO - Creating model actor(s)...
2026-03-28 17:06:46,515 - INFO - System RAM: Total=7870 MB, Available=4309 MB
2026-03-28 17:06:46,519 - INFO - Usable RAM budget: 7083 MB (90% of total)
2026-03-28 17:06:46,523 - INFO - ===== MEMORY-AWARE CPU ACTOR POOL =====
2026-03-28 17:06:46,527 - INFO - Requested concurrent tasks: 1
2026-03-28 17:06:46,531 - INFO - Available CPUs: 4
2026-03-28 17:06:46,535 - INFO - Available RAM: 7083 MB
2026-03-28 17:06:46,540 - INFO - RAM per model: 2060 MB
2026-03-28 17:06:46,545 - INFO - Max actors by RAM: 3
2026-03-28 17:06:46,549 - INFO - Creating 1 SeisBenchModelActor(s)
2026-03-28 17:06:46,552 - INFO - Let Ray handle scheduling (taskset already restricts CPU visibility)
2026-03-28 17:06:46,555 - INFO - Creating SeisBenchModelActor 1/1 (2.01GB RAM each)...
2026-03-28 17:06:49,693 - INFO - SeisBenchModelActor 1 created successfully.
2026-03-28 17:06:49,696 - INFO - Created 1 CPU actor(s). Task queue will handle concurrency.
2026-03-28 17:06:49,699 - INFO - Starting EQCCTPro parallelized waveform processing...
2026-03-28 17:06:49,702 - INFO - 
2026-03-28 17:06:49,704 - INFO - ------- Analyzing Seismic Waveforms for P and S Picks via SeisBench (EQTransformer - original_nonconservative) -------
2026-03-28 17:06:49,707 - INFO - Analyzing 0:01:00 minute timechunk from 2025-01-10 10:27:52 to 2025-01-10 10:28:52 (0 min overlap)
2026-03-28 17:06:49,710 - INFO - Processing a total of 1 stations, 1 at a time.
2026-03-28 17:06:52,078 - INFO - (1/1) VUOS: Finished the prediction in 0.16s. (HP=1.0, LP=45.0, picks=0)
2026-03-28 17:06:52,081 - INFO - 
2026-03-28 17:06:52,084 - INFO - ------- Parallel Station Waveform Processing Complete For 2025-01-10 10:27:52 to 2025-01-10 10:28:52 Timechunk-------
2026-03-28 17:06:52,087 - INFO - Picks saved at /home/blackwinter/projects/eqcct/eqcctpro/results/csv/eqt_explosions_th0_1/20250110T102752Z_20250110T102852ZProcess Runtime: 2.38 s
2026-03-28 17:06:52,094 - INFO - Successfully ran EQCCTPro, exiting...
2026-03-28 17:06:53,689 - INFO - Ray Successfully Shutdown.
2026-03-28 17:06:53,689 - INFO - ------- Successfully Picked All Waveform(s) from all Timechunk(s) -------
