2026-03-29 13:32:49,392 - INFO - 
2026-03-29 13:32:49,392 - INFO - ------- Welcome to EQCCTPro -------
2026-03-29 13:32:49,392 - INFO - 
2026-03-29 13:32:49,392 - INFO - Running EQCCT over Requested MSeed Files using CPU(s)...
2026-03-29 13:32:49,392 - INFO - GPU disabled (CPU-only).
2026-03-29 13:32:49,393 - INFO - Configured Intra-op threads = 1
2026-03-29 13:32:49,393 - INFO - Configured Inter-op threads = 1
2026-03-29 13:32:49,393 - INFO - TensorFlow: No GPUs visible; TF will proceed on CPU.
2026-03-29 13:32:49,393 - INFO - 
2026-03-29 13:32:55,043 - INFO - Ray Successfully Initialized with 4 CPU(s) ([0, 1, 2, 3] CPU Affinity Binding).
2026-03-29 13:32:55,043 - INFO - Analyzing 1 time chunk(s) from 2025-01-07 03:56:33 to 2025-01-07 03:57:33 (dt=1min, overlap=0min).
2026-03-29 13:32:55,044 - INFO - Using 1 selected station(s).
2026-03-29 13:32:55,044 - INFO - 
2026-03-29 13:32:55,045 - INFO - ------- Starting EQCCTPro... -------
2026-03-29 13:32:55,045 - INFO - Detailed subprocess information can be found in the log file.
2026-03-29 13:32:55,045 - INFO - 
2026-03-29 13:32:55,449 - INFO - GPU disabled (CPU-only).
2026-03-29 13:32:57,036 - INFO - Configured Intra-op threads = 1
2026-03-29 13:32:57,039 - INFO - Configured Inter-op threads = 1
2026-03-29 13:32:57,083 - INFO - TensorFlow: No GPUs visible; TF will proceed on CPU.
2026-03-29 13:32:57,085 - INFO - 
2026-03-29 13:32:57,088 - INFO - ------- Hardware Configuration -------
2026-03-29 13:32:57,090 - INFO - CPU affinity set to cores: [0, 1, 2, 3]
2026-03-29 13:32:57,093 - INFO - 
2026-03-29 13:32:57,095 - INFO - ------- Data Preprocessing for EQCCTPro -------
2026-03-29 13:32:57,098 - INFO - 1 station(s) in /home/blackwinter/projects/eqcct/eqcctpro/data/waveforms_noise_only/20250107T035633Z_20250107T035733Z
2026-03-29 13:32:57,100 - INFO - Using 1 selected station(s): ['RUF'].
2026-03-29 13:32:57,102 - INFO - Creating model actor(s)...
2026-03-29 13:32:57,105 - INFO - System RAM: Total=7870 MB, Available=4544 MB
2026-03-29 13:32:57,107 - INFO - Usable RAM budget: 7083 MB (90% of total)
2026-03-29 13:32:57,110 - INFO - ===== MEMORY-AWARE CPU ACTOR POOL (EQCCT) =====
2026-03-29 13:32:57,112 - INFO - Requested concurrent tasks: 1
2026-03-29 13:32:57,115 - INFO - Available CPUs: 4
2026-03-29 13:32:57,116 - INFO - Available RAM: 7083 MB
2026-03-29 13:32:57,118 - INFO - RAM per model: 2264 MB
2026-03-29 13:32:57,120 - INFO - Max actors by RAM: 3
2026-03-29 13:32:57,122 - INFO - Creating 1 ModelActor(s)
2026-03-29 13:32:57,124 - INFO - Let Ray handle scheduling (taskset already restricts CPU visibility)
2026-03-29 13:32:57,127 - INFO - Creating ModelActor 1/1 (2.21GB RAM each)...
2026-03-29 13:33:01,313 - INFO - ModelActor 1 created successfully.
2026-03-29 13:33:01,316 - INFO - Created 1 CPU actor(s). Task queue will handle concurrency.
2026-03-29 13:33:01,319 - INFO - Starting EQCCTPro parallelized waveform processing...
2026-03-29 13:33:01,322 - INFO - 
2026-03-29 13:33:01,324 - INFO - ------- Analyzing Seismic Waveforms for P and S Picks via EQCCT -------
2026-03-29 13:33:01,327 - INFO - Analyzing 0:01:00 minute timechunk from 2025-01-07 03:56:33 to 2025-01-07 03:57:33 (0 min overlap)
2026-03-29 13:33:01,330 - INFO - Processing a total of 1 stations, 1 at a time.
2026-03-29 13:33:05,726 - INFO - (1/1) RUF: Finished the prediction in 2.34s. (HP=1.0, LP=45.0)
2026-03-29 13:33:05,728 - INFO - 
2026-03-29 13:33:05,731 - INFO - ------- Parallel Station Waveform Processing Complete For 2025-01-07 03:56:33 to 2025-01-07 03:57:33 Timechunk-------
2026-03-29 13:33:05,734 - INFO - Picks saved at /home/blackwinter/projects/eqcct/eqcctpro/results/csv/eqcct_noise_th0_1/20250107T035633Z_20250107T035733ZProcess Runtime: 4.41 s
2026-03-29 13:33:05,741 - INFO - Successfully ran EQCCTPro, exiting...
2026-03-29 13:33:07,332 - INFO - Ray Successfully Shutdown.
2026-03-29 13:33:07,332 - INFO - ------- Successfully Picked All Waveform(s) from all Timechunk(s) -------
