2026-02-26 22:26:27,456 - INFO - 
2026-02-26 22:26:27,456 - INFO - ------- Welcome to EQCCTPro -------
2026-02-26 22:26:27,457 - INFO - 
2026-02-26 22:26:27,457 - INFO - Running EQCCT over Requested MSeed Files using CPU(s)...
2026-02-26 22:26:27,457 - INFO - GPU disabled (CPU-only).
2026-02-26 22:26:27,458 - INFO - Configured Intra-op threads = 1
2026-02-26 22:26:27,458 - INFO - Configured Inter-op threads = 1
2026-02-26 22:26:27,458 - INFO - TensorFlow: No GPUs visible; TF will proceed on CPU.
2026-02-26 22:26:27,458 - INFO - 
2026-02-26 22:26:32,680 - INFO - Ray Successfully Initialized with 4 CPU(s) ([0, 1, 2, 3] CPU Affinity Binding).
2026-02-26 22:26:32,681 - INFO - Analyzing 1 time chunk(s) from 2025-01-05 16:48:28 to 2025-01-05 16:49:28 (dt=1min, overlap=0min).
2026-02-26 22:26:32,681 - INFO - Using 1 selected station(s).
2026-02-26 22:26:32,681 - INFO - 
2026-02-26 22:26:32,681 - INFO - ------- Starting EQCCTPro... -------
2026-02-26 22:26:32,682 - INFO - Detailed subprocess information can be found in the log file.
2026-02-26 22:26:32,682 - INFO - 
2026-02-26 22:26:33,057 - INFO - GPU disabled (CPU-only).
2026-02-26 22:26:34,533 - INFO - Configured Intra-op threads = 1
2026-02-26 22:26:34,536 - INFO - Configured Inter-op threads = 1
2026-02-26 22:26:34,577 - INFO - TensorFlow: No GPUs visible; TF will proceed on CPU.
2026-02-26 22:26:34,579 - INFO - 
2026-02-26 22:26:34,582 - INFO - ------- Hardware Configuration -------
2026-02-26 22:26:34,584 - INFO - CPU affinity set to cores: [0, 1, 2, 3]
2026-02-26 22:26:34,586 - INFO - 
2026-02-26 22:26:34,588 - INFO - ------- Data Preprocessing for EQCCTPro -------
2026-02-26 22:26:34,591 - INFO - 1 station(s) in /home/blackwinter/projects/eqcct/eqcctpro/data/waveforms_explosions_nonoise/20250105T164828Z_20250105T164928Z
2026-02-26 22:26:34,593 - INFO - Using 1 selected station(s): ['RANF'].
2026-02-26 22:26:34,595 - INFO - Creating model actor(s)...
2026-02-26 22:26:34,598 - INFO - System RAM: Total=7870 MB, Available=3984 MB
2026-02-26 22:26:34,600 - INFO - Usable RAM budget: 7083 MB (90% of total)
2026-02-26 22:26:34,603 - INFO - ===== MEMORY-AWARE CPU ACTOR POOL (EQCCT) =====
2026-02-26 22:26:34,605 - INFO - Requested concurrent tasks: 1
2026-02-26 22:26:34,607 - INFO - Available CPUs: 4
2026-02-26 22:26:34,609 - INFO - Available RAM: 7083 MB
2026-02-26 22:26:34,611 - INFO - RAM per model: 2264 MB
2026-02-26 22:26:34,613 - INFO - Max actors by RAM: 3
2026-02-26 22:26:34,615 - INFO - Creating 1 ModelActor(s)
2026-02-26 22:26:34,617 - INFO - Let Ray handle scheduling (taskset already restricts CPU visibility)
2026-02-26 22:26:34,619 - INFO - Creating ModelActor 1/1 (2.21GB RAM each)...
2026-02-26 22:26:38,488 - INFO - ModelActor 1 created successfully.
2026-02-26 22:26:38,490 - INFO - Created 1 CPU actor(s). Task queue will handle concurrency.
2026-02-26 22:26:38,492 - INFO - Starting EQCCTPro parallelized waveform processing...
2026-02-26 22:26:38,494 - INFO - 
2026-02-26 22:26:38,497 - INFO - ------- Analyzing Seismic Waveforms for P and S Picks via EQCCT -------
2026-02-26 22:26:38,500 - INFO - Analyzing 0:01:00 minute timechunk from 2025-01-05 16:48:28 to 2025-01-05 16:49:28 (0 min overlap)
2026-02-26 22:26:38,502 - INFO - Processing a total of 1 stations, 1 at a time.
2026-02-26 22:26:42,482 - INFO - (1/1) RANF: Finished the prediction in 2.11s. (HP=1.0, LP=45.0)
2026-02-26 22:26:42,484 - INFO - 
2026-02-26 22:26:42,487 - INFO - ------- Parallel Station Waveform Processing Complete For 2025-01-05 16:48:28 to 2025-01-05 16:49:28 Timechunk-------
2026-02-26 22:26:42,489 - INFO - Picks saved at /home/blackwinter/projects/eqcct/eqcctpro/results/csv/bm_explosions/20250105T164828Z_20250105T164928ZProcess Runtime: 3.99 s
2026-02-26 22:26:42,495 - INFO - Successfully ran EQCCTPro, exiting...
2026-02-26 22:26:43,990 - INFO - Ray Successfully Shutdown.
2026-02-26 22:26:43,991 - INFO - ------- Successfully Picked All Waveform(s) from all Timechunk(s) -------
2026-02-27 05:57:15,030 - INFO - 
2026-02-27 05:57:15,037 - INFO - ------- Welcome to EQCCTPro -------
2026-02-27 05:57:15,037 - INFO - 
2026-02-27 05:57:15,038 - INFO - Running EQCCT over Requested MSeed Files using CPU(s)...
2026-02-27 05:57:15,038 - INFO - GPU disabled (CPU-only).
2026-02-27 05:57:15,038 - INFO - Configured Intra-op threads = 1
2026-02-27 05:57:15,038 - INFO - Configured Inter-op threads = 1
2026-02-27 05:57:15,039 - INFO - TensorFlow: No GPUs visible; TF will proceed on CPU.
2026-02-27 05:57:15,039 - INFO - 
2026-02-27 05:57:20,334 - INFO - Ray Successfully Initialized with 4 CPU(s) ([0, 1, 2, 3] CPU Affinity Binding).
2026-02-27 05:57:20,334 - INFO - Analyzing 1 time chunk(s) from 2025-01-05 16:48:28 to 2025-01-05 16:49:28 (dt=1min, overlap=0min).
2026-02-27 05:57:20,334 - INFO - Using 1 selected station(s).
2026-02-27 05:57:20,334 - INFO - 
2026-02-27 05:57:20,335 - INFO - ------- Starting EQCCTPro... -------
2026-02-27 05:57:20,335 - INFO - Detailed subprocess information can be found in the log file.
2026-02-27 05:57:20,335 - INFO - 
2026-02-27 05:57:20,701 - INFO - GPU disabled (CPU-only).
2026-02-27 05:57:22,201 - INFO - Configured Intra-op threads = 1
2026-02-27 05:57:22,204 - INFO - Configured Inter-op threads = 1
2026-02-27 05:57:22,242 - INFO - TensorFlow: No GPUs visible; TF will proceed on CPU.
2026-02-27 05:57:22,245 - INFO - 
2026-02-27 05:57:22,247 - INFO - ------- Hardware Configuration -------
2026-02-27 05:57:22,249 - INFO - CPU affinity set to cores: [0, 1, 2, 3]
2026-02-27 05:57:22,251 - INFO - 
2026-02-27 05:57:22,253 - INFO - ------- Data Preprocessing for EQCCTPro -------
2026-02-27 05:57:22,254 - INFO - 1 station(s) in /home/blackwinter/projects/eqcct/eqcctpro/data/waveforms_explosions_nonoise/20250105T164828Z_20250105T164928Z
2026-02-27 05:57:22,256 - INFO - Using 1 selected station(s): ['RANF'].
2026-02-27 05:57:22,258 - INFO - Creating model actor(s)...
2026-02-27 05:57:22,260 - INFO - System RAM: Total=7870 MB, Available=4025 MB
2026-02-27 05:57:22,262 - INFO - Usable RAM budget: 7083 MB (90% of total)
2026-02-27 05:57:22,263 - INFO - ===== MEMORY-AWARE CPU ACTOR POOL (EQCCT) =====
2026-02-27 05:57:22,265 - INFO - Requested concurrent tasks: 1
2026-02-27 05:57:22,267 - INFO - Available CPUs: 4
2026-02-27 05:57:22,269 - INFO - Available RAM: 7083 MB
2026-02-27 05:57:22,271 - INFO - RAM per model: 2264 MB
2026-02-27 05:57:22,272 - INFO - Max actors by RAM: 3
2026-02-27 05:57:22,274 - INFO - Creating 1 ModelActor(s)
2026-02-27 05:57:22,276 - INFO - Let Ray handle scheduling (taskset already restricts CPU visibility)
2026-02-27 05:57:22,278 - INFO - Creating ModelActor 1/1 (2.21GB RAM each)...
2026-02-27 05:57:26,170 - INFO - ModelActor 1 created successfully.
2026-02-27 05:57:26,172 - INFO - Created 1 CPU actor(s). Task queue will handle concurrency.
2026-02-27 05:57:26,174 - INFO - Starting EQCCTPro parallelized waveform processing...
2026-02-27 05:57:26,176 - INFO - 
2026-02-27 05:57:26,178 - INFO - ------- Analyzing Seismic Waveforms for P and S Picks via EQCCT -------
2026-02-27 05:57:26,180 - INFO - Analyzing 0:01:00 minute timechunk from 2025-01-05 16:48:28 to 2025-01-05 16:49:28 (0 min overlap)
2026-02-27 05:57:26,182 - INFO - Processing a total of 1 stations, 1 at a time.
2026-02-27 05:57:28,032 - INFO - (1/1) RANF: Skipped (already exists - overwrite=False).
2026-02-27 05:57:28,034 - INFO - 
2026-02-27 05:57:28,036 - INFO - ------- Parallel Station Waveform Processing Complete For 2025-01-05 16:48:28 to 2025-01-05 16:49:28 Timechunk-------
2026-02-27 05:57:28,038 - INFO - Picks saved at /home/blackwinter/projects/eqcct/eqcctpro/results/csv/bm_explosions/20250105T164828Z_20250105T164928ZProcess Runtime: 1.86 s
2026-02-27 05:57:28,041 - INFO - Successfully ran EQCCTPro, exiting...
2026-02-27 05:57:29,351 - INFO - Ray Successfully Shutdown.
2026-02-27 05:57:29,351 - INFO - ------- Successfully Picked All Waveform(s) from all Timechunk(s) -------
