2026-03-20 00:47:16,825 - INFO - 
2026-03-20 00:47:16,826 - INFO - ------- Welcome to EQCCTPro -------
2026-03-20 00:47:16,826 - INFO - 
2026-03-20 00:47:16,827 - INFO - Running EQCCT over Requested MSeed Files using CPU(s)...
2026-03-20 00:47:16,827 - INFO - GPU disabled (CPU-only).
2026-03-20 00:47:16,827 - INFO - Configured Intra-op threads = 1
2026-03-20 00:47:16,827 - INFO - Configured Inter-op threads = 1
2026-03-20 00:47:16,827 - INFO - TensorFlow: No GPUs visible; TF will proceed on CPU.
2026-03-20 00:47:16,827 - INFO - 
2026-03-20 00:47:22,159 - INFO - Ray Successfully Initialized with 4 CPU(s) ([0, 1, 2, 3] CPU Affinity Binding).
2026-03-20 00:47:22,159 - INFO - Analyzing 1 time chunk(s) from 2025-04-12 20:36:00 to 2025-04-12 20:37:00 (dt=1min, overlap=0min).
2026-03-20 00:47:22,159 - INFO - Using 1 selected station(s).
2026-03-20 00:47:22,159 - INFO - 
2026-03-20 00:47:22,160 - INFO - ------- Starting EQCCTPro... -------
2026-03-20 00:47:22,160 - INFO - Detailed subprocess information can be found in the log file.
2026-03-20 00:47:22,160 - INFO - 
2026-03-20 00:47:22,517 - INFO - GPU disabled (CPU-only).
2026-03-20 00:47:24,013 - INFO - Configured Intra-op threads = 1
2026-03-20 00:47:24,015 - INFO - Configured Inter-op threads = 1
2026-03-20 00:47:24,053 - INFO - TensorFlow: No GPUs visible; TF will proceed on CPU.
2026-03-20 00:47:24,056 - INFO - 
2026-03-20 00:47:24,058 - INFO - ------- Hardware Configuration -------
2026-03-20 00:47:24,060 - INFO - CPU affinity set to cores: [0, 1, 2, 3]
2026-03-20 00:47:24,062 - INFO - 
2026-03-20 00:47:24,064 - INFO - ------- Data Preprocessing for EQCCTPro -------
2026-03-20 00:47:24,066 - INFO - 1 station(s) in /home/blackwinter/projects/eqcct/eqcctpro/data/waveforms_earthquakes_nonoise/20250412T203600Z_20250412T203700Z
2026-03-20 00:47:24,067 - INFO - Using 1 selected station(s): ['OUL'].
2026-03-20 00:47:24,069 - INFO - Creating model actor(s)...
2026-03-20 00:47:24,071 - INFO - System RAM: Total=7870 MB, Available=2309 MB
2026-03-20 00:47:24,073 - INFO - Usable RAM budget: 7083 MB (90% of total)
2026-03-20 00:47:24,075 - INFO - ===== MEMORY-AWARE CPU ACTOR POOL (EQCCT) =====
2026-03-20 00:47:24,077 - INFO - Requested concurrent tasks: 1
2026-03-20 00:47:24,078 - INFO - Available CPUs: 4
2026-03-20 00:47:24,080 - INFO - Available RAM: 7083 MB
2026-03-20 00:47:24,082 - INFO - RAM per model: 2264 MB
2026-03-20 00:47:24,084 - INFO - Max actors by RAM: 3
2026-03-20 00:47:24,086 - INFO - Creating 1 ModelActor(s)
2026-03-20 00:47:24,089 - INFO - Let Ray handle scheduling (taskset already restricts CPU visibility)
2026-03-20 00:47:24,091 - INFO - Creating ModelActor 1/1 (2.21GB RAM each)...
2026-03-20 00:47:27,948 - INFO - ModelActor 1 created successfully.
2026-03-20 00:47:27,950 - INFO - Created 1 CPU actor(s). Task queue will handle concurrency.
2026-03-20 00:47:27,952 - INFO - Starting EQCCTPro parallelized waveform processing...
2026-03-20 00:47:27,954 - INFO - 
2026-03-20 00:47:27,955 - INFO - ------- Analyzing Seismic Waveforms for P and S Picks via EQCCT -------
2026-03-20 00:47:27,958 - INFO - Analyzing 0:01:00 minute timechunk from 2025-04-12 20:36:00 to 2025-04-12 20:37:00 (0 min overlap)
2026-03-20 00:47:27,960 - INFO - Processing a total of 1 stations, 1 at a time.
2026-03-20 00:47:32,111 - INFO - (1/1) OUL: Finished the prediction in 2.15s. (HP=1.0, LP=45.0)
2026-03-20 00:47:32,114 - INFO - 
2026-03-20 00:47:32,116 - INFO - ------- Parallel Station Waveform Processing Complete For 2025-04-12 20:36:00 to 2025-04-12 20:37:00 Timechunk-------
2026-03-20 00:47:32,118 - INFO - Picks saved at /home/blackwinter/projects/eqcct/eqcctpro/results/csv/eqcct_earthquakes_th0_1/20250412T203600Z_20250412T203700ZProcess Runtime: 4.16 s
2026-03-20 00:47:32,124 - INFO - Successfully ran EQCCTPro, exiting...
2026-03-20 00:47:33,637 - INFO - Ray Successfully Shutdown.
2026-03-20 00:47:33,637 - INFO - ------- Successfully Picked All Waveform(s) from all Timechunk(s) -------
