2026-03-10 21:27:13,077 - INFO - 
2026-03-10 21:27:13,077 - INFO - ------- Welcome to EQCCTPro -------
2026-03-10 21:27:13,077 - INFO - 
2026-03-10 21:27:13,078 - INFO - Running EQCCT over Requested MSeed Files using CPU(s)...
2026-03-10 21:27:13,078 - INFO - GPU disabled (CPU-only).
2026-03-10 21:27:13,078 - INFO - Configured Intra-op threads = 1
2026-03-10 21:27:13,078 - INFO - Configured Inter-op threads = 1
2026-03-10 21:27:13,078 - INFO - TensorFlow: No GPUs visible; TF will proceed on CPU.
2026-03-10 21:27:13,078 - INFO - 
2026-03-10 21:27:18,421 - INFO - Ray Successfully Initialized with 4 CPU(s) ([0, 1, 2, 3] CPU Affinity Binding).
2026-03-10 21:27:18,421 - INFO - Analyzing 1 time chunk(s) from 2025-01-06 20:21:44 to 2025-01-06 20:22:44 (dt=1min, overlap=0min).
2026-03-10 21:27:18,421 - INFO - Using 1 selected station(s).
2026-03-10 21:27:18,421 - INFO - 
2026-03-10 21:27:18,422 - INFO - ------- Starting EQCCTPro... -------
2026-03-10 21:27:18,422 - INFO - Detailed subprocess information can be found in the log file.
2026-03-10 21:27:18,422 - INFO - 
2026-03-10 21:27:18,782 - INFO - GPU disabled (CPU-only).
2026-03-10 21:27:20,212 - INFO - Configured Intra-op threads = 1
2026-03-10 21:27:20,215 - INFO - Configured Inter-op threads = 1
2026-03-10 21:27:20,256 - INFO - TensorFlow: No GPUs visible; TF will proceed on CPU.
2026-03-10 21:27:20,258 - INFO - 
2026-03-10 21:27:20,261 - INFO - ------- Hardware Configuration -------
2026-03-10 21:27:20,263 - INFO - CPU affinity set to cores: [0, 1, 2, 3]
2026-03-10 21:27:20,265 - INFO - 
2026-03-10 21:27:20,267 - INFO - ------- Data Preprocessing for EQCCTPro -------
2026-03-10 21:27:20,269 - INFO - 1 station(s) in /home/blackwinter/projects/eqcct/eqcctpro/data/waveforms_noise_only/20250106T202144Z_20250106T202244Z
2026-03-10 21:27:20,271 - INFO - Using 1 selected station(s): ['RANF'].
2026-03-10 21:27:20,274 - INFO - Creating model actor(s)...
2026-03-10 21:27:20,276 - INFO - System RAM: Total=7870 MB, Available=2933 MB
2026-03-10 21:27:20,278 - INFO - Usable RAM budget: 7083 MB (90% of total)
2026-03-10 21:27:20,280 - INFO - ===== MEMORY-AWARE CPU ACTOR POOL (EQCCT) =====
2026-03-10 21:27:20,282 - INFO - Requested concurrent tasks: 1
2026-03-10 21:27:20,284 - INFO - Available CPUs: 4
2026-03-10 21:27:20,286 - INFO - Available RAM: 7083 MB
2026-03-10 21:27:20,289 - INFO - RAM per model: 2264 MB
2026-03-10 21:27:20,291 - INFO - Max actors by RAM: 3
2026-03-10 21:27:20,294 - INFO - Creating 1 ModelActor(s)
2026-03-10 21:27:20,296 - INFO - Let Ray handle scheduling (taskset already restricts CPU visibility)
2026-03-10 21:27:20,298 - INFO - Creating ModelActor 1/1 (2.21GB RAM each)...
2026-03-10 21:27:24,178 - INFO - ModelActor 1 created successfully.
2026-03-10 21:27:24,180 - INFO - Created 1 CPU actor(s). Task queue will handle concurrency.
2026-03-10 21:27:24,182 - INFO - Starting EQCCTPro parallelized waveform processing...
2026-03-10 21:27:24,183 - INFO - 
2026-03-10 21:27:24,185 - INFO - ------- Analyzing Seismic Waveforms for P and S Picks via EQCCT -------
2026-03-10 21:27:24,188 - INFO - Analyzing 0:01:00 minute timechunk from 2025-01-06 20:21:44 to 2025-01-06 20:22:44 (0 min overlap)
2026-03-10 21:27:24,190 - INFO - Processing a total of 1 stations, 1 at a time.
2026-03-10 21:27:28,212 - INFO - (1/1) RANF: Finished the prediction in 2.13s. (HP=1.0, LP=45.0)
2026-03-10 21:27:28,214 - INFO - 
2026-03-10 21:27:28,216 - INFO - ------- Parallel Station Waveform Processing Complete For 2025-01-06 20:21:44 to 2025-01-06 20:22:44 Timechunk-------
2026-03-10 21:27:28,218 - INFO - Picks saved at /home/blackwinter/projects/eqcct/eqcctpro/results/csv/bm_noise_only/20250106T202144Z_20250106T202244ZProcess Runtime: 4.03 s
2026-03-10 21:27:28,223 - INFO - Successfully ran EQCCTPro, exiting...
2026-03-10 21:27:29,688 - INFO - Ray Successfully Shutdown.
2026-03-10 21:27:29,689 - INFO - ------- Successfully Picked All Waveform(s) from all Timechunk(s) -------
2026-03-11 12:24:44,012 - INFO - 
2026-03-11 12:24:44,018 - INFO - ------- Welcome to EQCCTPro -------
2026-03-11 12:24:44,018 - INFO - 
2026-03-11 12:24:44,019 - INFO - Running EQCCT over Requested MSeed Files using CPU(s)...
2026-03-11 12:24:44,019 - INFO - GPU disabled (CPU-only).
2026-03-11 12:24:44,020 - INFO - Configured Intra-op threads = 1
2026-03-11 12:24:44,020 - INFO - Configured Inter-op threads = 1
2026-03-11 12:24:44,020 - INFO - TensorFlow: No GPUs visible; TF will proceed on CPU.
2026-03-11 12:24:44,020 - INFO - 
2026-03-11 12:24:50,092 - INFO - Ray Successfully Initialized with 4 CPU(s) ([0, 1, 2, 3] CPU Affinity Binding).
2026-03-11 12:24:50,092 - INFO - Analyzing 1 time chunk(s) from 2025-01-06 20:21:44 to 2025-01-06 20:22:44 (dt=1min, overlap=0min).
2026-03-11 12:24:50,092 - INFO - Using 1 selected station(s).
2026-03-11 12:24:50,093 - INFO - 
2026-03-11 12:24:50,093 - INFO - ------- Starting EQCCTPro... -------
2026-03-11 12:24:50,093 - INFO - Detailed subprocess information can be found in the log file.
2026-03-11 12:24:50,093 - INFO - 
2026-03-11 12:24:50,489 - INFO - GPU disabled (CPU-only).
2026-03-11 12:24:52,096 - INFO - Configured Intra-op threads = 1
2026-03-11 12:24:52,098 - INFO - Configured Inter-op threads = 1
2026-03-11 12:24:52,140 - INFO - TensorFlow: No GPUs visible; TF will proceed on CPU.
2026-03-11 12:24:52,143 - INFO - 
2026-03-11 12:24:52,145 - INFO - ------- Hardware Configuration -------
2026-03-11 12:24:52,147 - INFO - CPU affinity set to cores: [0, 1, 2, 3]
2026-03-11 12:24:52,149 - INFO - 
2026-03-11 12:24:52,151 - INFO - ------- Data Preprocessing for EQCCTPro -------
2026-03-11 12:24:52,153 - INFO - 1 station(s) in /home/blackwinter/projects/eqcct/eqcctpro/data/waveforms_noise_only/20250106T202144Z_20250106T202244Z
2026-03-11 12:24:52,156 - INFO - Using 1 selected station(s): ['RANF'].
2026-03-11 12:24:52,158 - INFO - Creating model actor(s)...
2026-03-11 12:24:52,159 - INFO - System RAM: Total=7870 MB, Available=3887 MB
2026-03-11 12:24:52,161 - INFO - Usable RAM budget: 7083 MB (90% of total)
2026-03-11 12:24:52,163 - INFO - ===== MEMORY-AWARE CPU ACTOR POOL (EQCCT) =====
2026-03-11 12:24:52,165 - INFO - Requested concurrent tasks: 1
2026-03-11 12:24:52,168 - INFO - Available CPUs: 4
2026-03-11 12:24:52,170 - INFO - Available RAM: 7083 MB
2026-03-11 12:24:52,172 - INFO - RAM per model: 2264 MB
2026-03-11 12:24:52,174 - INFO - Max actors by RAM: 3
2026-03-11 12:24:52,176 - INFO - Creating 1 ModelActor(s)
2026-03-11 12:24:52,179 - INFO - Let Ray handle scheduling (taskset already restricts CPU visibility)
2026-03-11 12:24:52,181 - INFO - Creating ModelActor 1/1 (2.21GB RAM each)...
2026-03-11 12:24:56,065 - INFO - ModelActor 1 created successfully.
2026-03-11 12:24:56,067 - INFO - Created 1 CPU actor(s). Task queue will handle concurrency.
2026-03-11 12:24:56,069 - INFO - Starting EQCCTPro parallelized waveform processing...
2026-03-11 12:24:56,071 - INFO - 
2026-03-11 12:24:56,073 - INFO - ------- Analyzing Seismic Waveforms for P and S Picks via EQCCT -------
2026-03-11 12:24:56,076 - INFO - Analyzing 0:01:00 minute timechunk from 2025-01-06 20:21:44 to 2025-01-06 20:22:44 (0 min overlap)
2026-03-11 12:24:56,078 - INFO - Processing a total of 1 stations, 1 at a time.
2026-03-11 12:24:58,002 - INFO - (1/1) RANF: Skipped (already exists - overwrite=False).
2026-03-11 12:24:58,005 - INFO - 
2026-03-11 12:24:58,007 - INFO - ------- Parallel Station Waveform Processing Complete For 2025-01-06 20:21:44 to 2025-01-06 20:22:44 Timechunk-------
2026-03-11 12:24:58,009 - INFO - Picks saved at /home/blackwinter/projects/eqcct/eqcctpro/results/csv/bm_noise_only/20250106T202144Z_20250106T202244ZProcess Runtime: 1.94 s
2026-03-11 12:24:58,016 - INFO - Successfully ran EQCCTPro, exiting...
2026-03-11 12:24:59,780 - INFO - Ray Successfully Shutdown.
2026-03-11 12:24:59,781 - INFO - ------- Successfully Picked All Waveform(s) from all Timechunk(s) -------
