2026-02-23 17:40:09,833 - INFO - 
2026-02-23 17:40:09,833 - INFO - ------- Welcome to EQCCTPro -------
2026-02-23 17:40:09,833 - INFO - 
2026-02-23 17:40:09,833 - INFO - Running EQCCT over Requested MSeed Files using CPU(s)...
2026-02-23 17:40:09,834 - INFO - GPU disabled (CPU-only).
2026-02-23 17:40:09,834 - INFO - Configured Intra-op threads = 1
2026-02-23 17:40:09,834 - INFO - Configured Inter-op threads = 1
2026-02-23 17:40:09,834 - INFO - TensorFlow: No GPUs visible; TF will proceed on CPU.
2026-02-23 17:40:09,834 - INFO - 
2026-02-23 17:40:15,198 - INFO - Ray Successfully Initialized with 4 CPU(s) ([0, 1, 2, 3] CPU Affinity Binding).
2026-02-23 17:40:15,199 - INFO - Analyzing 1 time chunk(s) from 2025-01-20 15:51:24 to 2025-01-20 15:52:24 (dt=1min, overlap=0min).
2026-02-23 17:40:15,199 - INFO - Using 1 selected station(s).
2026-02-23 17:40:15,199 - INFO - 
2026-02-23 17:40:15,200 - INFO - ------- Starting EQCCTPro... -------
2026-02-23 17:40:15,200 - INFO - Detailed subprocess information can be found in the log file.
2026-02-23 17:40:15,200 - INFO - 
2026-02-23 17:40:15,690 - INFO - GPU disabled (CPU-only).
2026-02-23 17:40:17,308 - INFO - Configured Intra-op threads = 1
2026-02-23 17:40:17,311 - INFO - Configured Inter-op threads = 1
2026-02-23 17:40:17,353 - INFO - TensorFlow: No GPUs visible; TF will proceed on CPU.
2026-02-23 17:40:17,356 - INFO - 
2026-02-23 17:40:17,358 - INFO - ------- Hardware Configuration -------
2026-02-23 17:40:17,360 - INFO - CPU affinity set to cores: [0, 1, 2, 3]
2026-02-23 17:40:17,362 - INFO - 
2026-02-23 17:40:17,364 - INFO - ------- Data Preprocessing for EQCCTPro -------
2026-02-23 17:40:17,366 - INFO - 1 station(s) in /home/blackwinter/projects/eqcct/eqcctpro/data/waveforms_earthquakes_noise_only/20250120T155124Z_20250120T155224Z
2026-02-23 17:40:17,368 - INFO - Using 1 selected station(s): ['KY17'].
2026-02-23 17:40:17,370 - INFO - Creating model actor(s)...
2026-02-23 17:40:17,372 - INFO - System RAM: Total=7870 MB, Available=4227 MB
2026-02-23 17:40:17,375 - INFO - Usable RAM budget: 7083 MB (90% of total)
2026-02-23 17:40:17,377 - INFO - ===== MEMORY-AWARE CPU ACTOR POOL (EQCCT) =====
2026-02-23 17:40:17,379 - INFO - Requested concurrent tasks: 1
2026-02-23 17:40:17,381 - INFO - Available CPUs: 4
2026-02-23 17:40:17,384 - INFO - Available RAM: 7083 MB
2026-02-23 17:40:17,386 - INFO - RAM per model: 2264 MB
2026-02-23 17:40:17,388 - INFO - Max actors by RAM: 3
2026-02-23 17:40:17,390 - INFO - Creating 1 ModelActor(s)
2026-02-23 17:40:17,392 - INFO - Let Ray handle scheduling (taskset already restricts CPU visibility)
2026-02-23 17:40:17,394 - INFO - Creating ModelActor 1/1 (2.21GB RAM each)...
2026-02-23 17:40:21,404 - INFO - ModelActor 1 created successfully.
2026-02-23 17:40:21,407 - INFO - Created 1 CPU actor(s). Task queue will handle concurrency.
2026-02-23 17:40:21,409 - INFO - Starting EQCCTPro parallelized waveform processing...
2026-02-23 17:40:21,412 - INFO - 
2026-02-23 17:40:21,414 - INFO - ------- Analyzing Seismic Waveforms for P and S Picks via EQCCT -------
2026-02-23 17:40:21,416 - INFO - Analyzing 0:01:00 minute timechunk from 2025-01-20 15:51:24 to 2025-01-20 15:52:24 (0 min overlap)
2026-02-23 17:40:21,418 - INFO - Processing a total of 1 stations, 1 at a time.
2026-02-23 17:40:25,505 - INFO - (1/1) KY17: Finished the prediction in 2.12s. (HP=1.0, LP=45.0)
2026-02-23 17:40:25,508 - INFO - 
2026-02-23 17:40:25,509 - INFO - ------- Parallel Station Waveform Processing Complete For 2025-01-20 15:51:24 to 2025-01-20 15:52:24 Timechunk-------
2026-02-23 17:40:25,515 - INFO - Successfully ran EQCCTPro, exiting...
2026-02-23 17:40:25,511 - INFO - Picks saved at /home/blackwinter/projects/eqcct/eqcctpro/results/csv/bm_eq_noise_only/20250120T155124Z_20250120T155224ZProcess Runtime: 4.10 s
2026-02-23 17:40:26,914 - INFO - Ray Successfully Shutdown.
2026-02-23 17:40:26,914 - INFO - ------- Successfully Picked All Waveform(s) from all Timechunk(s) -------
