2026-03-20 00:29:17,199 - INFO - 
2026-03-20 00:29:17,199 - INFO - ------- Welcome to EQCCTPro -------
2026-03-20 00:29:17,199 - INFO - 
2026-03-20 00:29:17,200 - INFO - Running EQCCT over Requested MSeed Files using CPU(s)...
2026-03-20 00:29:17,200 - INFO - GPU disabled (CPU-only).
2026-03-20 00:29:17,201 - INFO - Configured Intra-op threads = 1
2026-03-20 00:29:17,201 - INFO - Configured Inter-op threads = 1
2026-03-20 00:29:17,201 - INFO - TensorFlow: No GPUs visible; TF will proceed on CPU.
2026-03-20 00:29:17,201 - INFO - 
2026-03-20 00:29:22,719 - INFO - Ray Successfully Initialized with 4 CPU(s) ([0, 1, 2, 3] CPU Affinity Binding).
2026-03-20 00:29:22,720 - INFO - Analyzing 1 time chunk(s) from 2025-03-30 13:14:25 to 2025-03-30 13:15:25 (dt=1min, overlap=0min).
2026-03-20 00:29:22,720 - INFO - Using 1 selected station(s).
2026-03-20 00:29:22,720 - INFO - 
2026-03-20 00:29:22,721 - INFO - ------- Starting EQCCTPro... -------
2026-03-20 00:29:22,721 - INFO - Detailed subprocess information can be found in the log file.
2026-03-20 00:29:22,721 - INFO - 
2026-03-20 00:29:23,105 - INFO - GPU disabled (CPU-only).
2026-03-20 00:29:24,576 - INFO - Configured Intra-op threads = 1
2026-03-20 00:29:24,578 - INFO - Configured Inter-op threads = 1
2026-03-20 00:29:24,621 - INFO - TensorFlow: No GPUs visible; TF will proceed on CPU.
2026-03-20 00:29:24,623 - INFO - 
2026-03-20 00:29:24,625 - INFO - ------- Hardware Configuration -------
2026-03-20 00:29:24,627 - INFO - CPU affinity set to cores: [0, 1, 2, 3]
2026-03-20 00:29:24,629 - INFO - 
2026-03-20 00:29:24,631 - INFO - ------- Data Preprocessing for EQCCTPro -------
2026-03-20 00:29:24,633 - INFO - 1 station(s) in /home/blackwinter/projects/eqcct/eqcctpro/data/waveforms_earthquakes_nonoise/20250330T131425Z_20250330T131525Z
2026-03-20 00:29:24,635 - INFO - Using 1 selected station(s): ['OBF3'].
2026-03-20 00:29:24,636 - INFO - Creating model actor(s)...
2026-03-20 00:29:24,638 - INFO - System RAM: Total=7870 MB, Available=2405 MB
2026-03-20 00:29:24,640 - INFO - Usable RAM budget: 7083 MB (90% of total)
2026-03-20 00:29:24,642 - INFO - ===== MEMORY-AWARE CPU ACTOR POOL (EQCCT) =====
2026-03-20 00:29:24,643 - INFO - Requested concurrent tasks: 1
2026-03-20 00:29:24,645 - INFO - Available CPUs: 4
2026-03-20 00:29:24,647 - INFO - Available RAM: 7083 MB
2026-03-20 00:29:24,649 - INFO - RAM per model: 2264 MB
2026-03-20 00:29:24,650 - INFO - Max actors by RAM: 3
2026-03-20 00:29:24,652 - INFO - Creating 1 ModelActor(s)
2026-03-20 00:29:24,654 - INFO - Let Ray handle scheduling (taskset already restricts CPU visibility)
2026-03-20 00:29:24,656 - INFO - Creating ModelActor 1/1 (2.21GB RAM each)...
2026-03-20 00:29:28,581 - INFO - ModelActor 1 created successfully.
2026-03-20 00:29:28,583 - INFO - Created 1 CPU actor(s). Task queue will handle concurrency.
2026-03-20 00:29:28,586 - INFO - Starting EQCCTPro parallelized waveform processing...
2026-03-20 00:29:28,589 - INFO - 
2026-03-20 00:29:28,591 - INFO - ------- Analyzing Seismic Waveforms for P and S Picks via EQCCT -------
2026-03-20 00:29:28,594 - INFO - Analyzing 0:01:00 minute timechunk from 2025-03-30 13:14:25 to 2025-03-30 13:15:25 (0 min overlap)
2026-03-20 00:29:28,596 - INFO - Processing a total of 1 stations, 1 at a time.
2026-03-20 00:29:32,613 - INFO - (1/1) OBF3: Finished the prediction in 2.1s. (HP=1.0, LP=45.0)
2026-03-20 00:29:32,615 - INFO - 
2026-03-20 00:29:32,617 - INFO - ------- Parallel Station Waveform Processing Complete For 2025-03-30 13:14:25 to 2025-03-30 13:15:25 Timechunk-------
2026-03-20 00:29:32,618 - INFO - Picks saved at /home/blackwinter/projects/eqcct/eqcctpro/results/csv/eqcct_earthquakes_th0_1/20250330T131425Z_20250330T131525ZProcess Runtime: 4.03 s
2026-03-20 00:29:32,623 - INFO - Successfully ran EQCCTPro, exiting...
2026-03-20 00:29:34,042 - INFO - Ray Successfully Shutdown.
2026-03-20 00:29:34,042 - INFO - ------- Successfully Picked All Waveform(s) from all Timechunk(s) -------
