2026-03-28 21:37:58,289 - INFO - 
2026-03-28 21:37:58,289 - INFO - ------- Welcome to EQCCTPro -------
2026-03-28 21:37:58,289 - INFO - 
2026-03-28 21:37:58,289 - INFO - Running EQCCT over Requested MSeed Files using CPU(s)...
2026-03-28 21:37:58,290 - INFO - GPU disabled (CPU-only).
2026-03-29 00:50:34,380 - INFO - 
2026-03-29 00:50:34,381 - INFO - ------- Welcome to EQCCTPro -------
2026-03-29 00:50:34,381 - INFO - 
2026-03-29 00:50:34,381 - INFO - Running EQCCT over Requested MSeed Files using CPU(s)...
2026-03-29 00:50:34,381 - INFO - GPU disabled (CPU-only).
2026-03-29 00:50:34,382 - INFO - Configured Intra-op threads = 1
2026-03-29 00:50:34,382 - INFO - Configured Inter-op threads = 1
2026-03-29 00:50:34,382 - INFO - TensorFlow: No GPUs visible; TF will proceed on CPU.
2026-03-29 00:50:34,382 - INFO - 
2026-03-29 00:50:39,519 - INFO - Ray Successfully Initialized with 4 CPU(s) ([0, 1, 2, 3] CPU Affinity Binding).
2026-03-29 00:50:39,519 - INFO - Analyzing 1 time chunk(s) from 2025-01-11 20:14:39 to 2025-01-11 20:15:39 (dt=1min, overlap=0min).
2026-03-29 00:50:39,519 - INFO - Using 1 selected station(s).
2026-03-29 00:50:39,519 - INFO - 
2026-03-29 00:50:39,520 - INFO - ------- Starting EQCCTPro... -------
2026-03-29 00:50:39,520 - INFO - Detailed subprocess information can be found in the log file.
2026-03-29 00:50:39,520 - INFO - 
2026-03-29 00:50:39,907 - INFO - GPU disabled (CPU-only).
2026-03-29 00:50:41,619 - INFO - Configured Intra-op threads = 1
2026-03-29 00:50:41,622 - INFO - Configured Inter-op threads = 1
2026-03-29 00:50:41,668 - INFO - TensorFlow: No GPUs visible; TF will proceed on CPU.
2026-03-29 00:50:41,670 - INFO - 
2026-03-29 00:50:41,673 - INFO - ------- Hardware Configuration -------
2026-03-29 00:50:41,675 - INFO - CPU affinity set to cores: [0, 1, 2, 3]
2026-03-29 00:50:41,678 - INFO - 
2026-03-29 00:50:41,681 - INFO - ------- Data Preprocessing for EQCCTPro -------
2026-03-29 00:50:41,683 - INFO - 1 station(s) in /home/blackwinter/projects/eqcct/eqcctpro/data/waveforms_explosions_nonoise/20250111T201439Z_20250111T201539Z
2026-03-29 00:50:41,685 - INFO - Using 1 selected station(s): ['RAJF'].
2026-03-29 00:50:41,688 - INFO - Creating model actor(s)...
2026-03-29 00:50:41,690 - INFO - System RAM: Total=7870 MB, Available=3412 MB
2026-03-29 00:50:41,693 - INFO - Usable RAM budget: 7083 MB (90% of total)
2026-03-29 00:50:41,695 - INFO - ===== MEMORY-AWARE CPU ACTOR POOL (EQCCT) =====
2026-03-29 00:50:41,698 - INFO - Requested concurrent tasks: 1
2026-03-29 00:50:41,700 - INFO - Available CPUs: 4
2026-03-29 00:50:41,702 - INFO - Available RAM: 7083 MB
2026-03-29 00:50:41,704 - INFO - RAM per model: 2264 MB
2026-03-29 00:50:41,706 - INFO - Max actors by RAM: 3
2026-03-29 00:50:41,708 - INFO - Creating 1 ModelActor(s)
2026-03-29 00:50:41,710 - INFO - Let Ray handle scheduling (taskset already restricts CPU visibility)
2026-03-29 00:50:41,713 - INFO - Creating ModelActor 1/1 (2.21GB RAM each)...
2026-03-29 00:50:46,124 - INFO - ModelActor 1 created successfully.
2026-03-29 00:50:46,126 - INFO - Created 1 CPU actor(s). Task queue will handle concurrency.
2026-03-29 00:50:46,128 - INFO - Starting EQCCTPro parallelized waveform processing...
2026-03-29 00:50:46,131 - INFO - 
2026-03-29 00:50:46,133 - INFO - ------- Analyzing Seismic Waveforms for P and S Picks via EQCCT -------
2026-03-29 00:50:46,136 - INFO - Analyzing 0:01:00 minute timechunk from 2025-01-11 20:14:39 to 2025-01-11 20:15:39 (0 min overlap)
2026-03-29 00:50:46,138 - INFO - Processing a total of 1 stations, 1 at a time.
2026-03-29 00:50:50,624 - INFO - (1/1) RAJF: Finished the prediction in 2.44s. (HP=1.0, LP=45.0)
2026-03-29 00:50:50,626 - INFO - 
2026-03-29 00:50:50,629 - INFO - ------- Parallel Station Waveform Processing Complete For 2025-01-11 20:14:39 to 2025-01-11 20:15:39 Timechunk-------
2026-03-29 00:50:50,631 - INFO - Picks saved at /home/blackwinter/projects/eqcct/eqcctpro/results/csv/eqcct_explosions_th0_1/20250111T201439Z_20250111T201539ZProcess Runtime: 4.50 s
2026-03-29 00:50:50,641 - INFO - Successfully ran EQCCTPro, exiting...
2026-03-29 00:50:52,192 - INFO - Ray Successfully Shutdown.
2026-03-29 00:50:52,192 - INFO - ------- Successfully Picked All Waveform(s) from all Timechunk(s) -------
