2026-03-28 16:10:06,509 - INFO - 
2026-03-28 16:10:06,510 - INFO - ------- Welcome to EQCCTPro -------
2026-03-28 16:10:06,510 - INFO - 
2026-03-28 16:10:06,510 - INFO - Running EQCCT over Requested MSeed Files using CPU(s)...
2026-03-28 16:10:06,510 - INFO - GPU disabled (CPU-only).
2026-03-28 16:10:06,511 - INFO - Skipping framework-specific initialization in the driver process.
2026-03-28 16:10:09,050 - INFO - Ray Successfully Initialized with 4 CPU(s) ([0, 1, 2, 3] CPU Affinity Binding).
2026-03-28 16:10:09,051 - INFO - Analyzing 1 time chunk(s) from 2025-01-04 20:18:26 to 2025-01-04 20:19:26 (dt=1min, overlap=0min).
2026-03-28 16:10:09,053 - INFO - Using 1 selected station(s).
2026-03-28 16:10:09,053 - INFO - 
2026-03-28 16:10:09,053 - INFO - ------- Starting EQCCTPro... -------
2026-03-28 16:10:09,053 - INFO - Detailed subprocess information can be found in the log file.
2026-03-28 16:10:09,054 - INFO - 
2026-03-28 16:10:09,365 - INFO - GPU disabled (CPU-only).
2026-03-28 16:10:09,370 - INFO - Skipping framework-specific initialization in the driver process.
2026-03-28 16:10:09,373 - INFO - ------- Hardware Configuration -------
2026-03-28 16:10:09,377 - INFO - CPU affinity set to cores: [0, 1, 2, 3]
2026-03-28 16:10:09,380 - INFO - 
2026-03-28 16:10:09,383 - INFO - ------- Data Preprocessing for EQCCTPro -------
2026-03-28 16:10:09,386 - INFO - 1 station(s) in /home/blackwinter/projects/eqcct/eqcctpro/data/waveforms_explosions_nonoise/20250104T201826Z_20250104T201926Z
2026-03-28 16:10:09,389 - INFO - Using 1 selected station(s): ['KU6'].
2026-03-28 16:10:09,393 - INFO - Creating model actor(s)...
2026-03-28 16:10:09,396 - INFO - System RAM: Total=7870 MB, Available=4420 MB
2026-03-28 16:10:09,399 - INFO - Usable RAM budget: 7083 MB (90% of total)
2026-03-28 16:10:09,402 - INFO - ===== MEMORY-AWARE CPU ACTOR POOL =====
2026-03-28 16:10:09,405 - INFO - Requested concurrent tasks: 1
2026-03-28 16:10:09,408 - INFO - Available CPUs: 4
2026-03-28 16:10:09,411 - INFO - Available RAM: 7083 MB
2026-03-28 16:10:09,414 - INFO - RAM per model: 2060 MB
2026-03-28 16:10:09,417 - INFO - Max actors by RAM: 3
2026-03-28 16:10:09,421 - INFO - Creating 1 SeisBenchModelActor(s)
2026-03-28 16:10:09,424 - INFO - Let Ray handle scheduling (taskset already restricts CPU visibility)
2026-03-28 16:10:09,427 - INFO - Creating SeisBenchModelActor 1/1 (2.01GB RAM each)...
2026-03-28 16:10:12,386 - INFO - SeisBenchModelActor 1 created successfully.
2026-03-28 16:10:12,388 - INFO - Created 1 CPU actor(s). Task queue will handle concurrency.
2026-03-28 16:10:12,391 - INFO - Starting EQCCTPro parallelized waveform processing...
2026-03-28 16:10:12,393 - INFO - 
2026-03-28 16:10:12,395 - INFO - ------- Analyzing Seismic Waveforms for P and S Picks via SeisBench (EQTransformer - original_nonconservative) -------
2026-03-28 16:10:12,398 - INFO - Analyzing 0:01:00 minute timechunk from 2025-01-04 20:18:26 to 2025-01-04 20:19:26 (0 min overlap)
2026-03-28 16:10:12,400 - INFO - Processing a total of 1 stations, 1 at a time.
2026-03-28 16:10:14,845 - INFO - (1/1) KU6: Finished the prediction in 0.13s. (HP=1.0, LP=45.0, picks=2)
2026-03-28 16:10:14,848 - INFO - 
2026-03-28 16:10:14,851 - INFO - ------- Parallel Station Waveform Processing Complete For 2025-01-04 20:18:26 to 2025-01-04 20:19:26 Timechunk-------
2026-03-28 16:10:14,855 - INFO - Picks saved at /home/blackwinter/projects/eqcct/eqcctpro/results/csv/eqt_explosions_th0_1/20250104T201826Z_20250104T201926ZProcess Runtime: 2.46 s
2026-03-28 16:10:14,871 - INFO - Successfully ran EQCCTPro, exiting...
2026-03-28 16:10:16,323 - INFO - Ray Successfully Shutdown.
2026-03-28 16:10:16,323 - INFO - ------- Successfully Picked All Waveform(s) from all Timechunk(s) -------
