2026-03-27 21:07:34,479 - INFO - 
2026-03-27 21:07:34,480 - INFO - ------- Welcome to EQCCTPro -------
2026-03-27 21:07:34,480 - INFO - 
2026-03-27 21:07:34,480 - INFO - Running EQCCT over Requested MSeed Files using CPU(s)...
2026-03-27 21:07:34,481 - INFO - GPU disabled (CPU-only).
2026-03-27 21:07:34,481 - INFO - Skipping framework-specific initialization in the driver process.
2026-03-27 21:07:36,891 - INFO - Ray Successfully Initialized with 4 CPU(s) ([0, 1, 2, 3] CPU Affinity Binding).
2026-03-27 21:07:36,891 - INFO - Analyzing 1 time chunk(s) from 2025-09-20 16:19:32 to 2025-09-20 16:20:32 (dt=1min, overlap=0min).
2026-03-27 21:07:36,891 - INFO - Using 1 selected station(s).
2026-03-27 21:07:36,892 - INFO - 
2026-03-27 21:07:36,892 - INFO - ------- Starting EQCCTPro... -------
2026-03-27 21:07:36,892 - INFO - Detailed subprocess information can be found in the log file.
2026-03-27 21:07:36,893 - INFO - 
2026-03-27 21:07:37,163 - INFO - GPU disabled (CPU-only).
2026-03-27 21:07:37,168 - INFO - Skipping framework-specific initialization in the driver process.
2026-03-27 21:07:37,170 - INFO - ------- Hardware Configuration -------
2026-03-27 21:07:37,173 - INFO - CPU affinity set to cores: [0, 1, 2, 3]
2026-03-27 21:07:37,176 - INFO - 
2026-03-27 21:07:37,178 - INFO - ------- Data Preprocessing for EQCCTPro -------
2026-03-27 21:07:37,180 - INFO - 1 station(s) in /home/blackwinter/projects/eqcct/eqcctpro/data/waveforms_earthquakes_nonoise/20250920T161932Z_20250920T162032Z
2026-03-27 21:07:37,182 - INFO - Using 1 selected station(s): ['OUF'].
2026-03-27 21:07:37,185 - INFO - Creating model actor(s)...
2026-03-27 21:07:37,187 - INFO - System RAM: Total=7870 MB, Available=5092 MB
2026-03-27 21:07:37,189 - INFO - Usable RAM budget: 7083 MB (90% of total)
2026-03-27 21:07:37,192 - INFO - ===== MEMORY-AWARE CPU ACTOR POOL =====
2026-03-27 21:07:37,194 - INFO - Requested concurrent tasks: 1
2026-03-27 21:07:37,196 - INFO - Available CPUs: 4
2026-03-27 21:07:37,200 - INFO - Available RAM: 7083 MB
2026-03-27 21:07:37,203 - INFO - RAM per model: 2060 MB
2026-03-27 21:07:37,205 - INFO - Max actors by RAM: 3
2026-03-27 21:07:37,208 - INFO - Creating 1 SeisBenchModelActor(s)
2026-03-27 21:07:37,210 - INFO - Let Ray handle scheduling (taskset already restricts CPU visibility)
2026-03-27 21:07:37,212 - INFO - Creating SeisBenchModelActor 1/1 (2.01GB RAM each)...
2026-03-27 21:07:40,405 - INFO - SeisBenchModelActor 1 created successfully.
2026-03-27 21:07:40,407 - INFO - Created 1 CPU actor(s). Task queue will handle concurrency.
2026-03-27 21:07:40,409 - INFO - Starting EQCCTPro parallelized waveform processing...
2026-03-27 21:07:40,411 - INFO - 
2026-03-27 21:07:40,413 - INFO - ------- Analyzing Seismic Waveforms for P and S Picks via SeisBench (EQTransformer - original_nonconservative) -------
2026-03-27 21:07:40,416 - INFO - Analyzing 0:01:00 minute timechunk from 2025-09-20 16:19:32 to 2025-09-20 16:20:32 (0 min overlap)
2026-03-27 21:07:40,418 - INFO - Processing a total of 1 stations, 1 at a time.
2026-03-27 21:07:42,606 - INFO - (1/1) OUF: Finished the prediction in 0.17s. (HP=1.0, LP=45.0, picks=0)
2026-03-27 21:07:42,611 - INFO - 
2026-03-27 21:07:42,614 - INFO - ------- Parallel Station Waveform Processing Complete For 2025-09-20 16:19:32 to 2025-09-20 16:20:32 Timechunk-------
2026-03-27 21:07:42,617 - INFO - Picks saved at /home/blackwinter/projects/eqcct/eqcctpro/results/csv/eqt_earthquakes_th0_1/20250920T161932Z_20250920T162032ZProcess Runtime: 2.20 s
2026-03-27 21:07:42,625 - INFO - Successfully ran EQCCTPro, exiting...
2026-03-27 21:07:44,421 - INFO - Ray Successfully Shutdown.
2026-03-27 21:07:44,421 - INFO - ------- Successfully Picked All Waveform(s) from all Timechunk(s) -------
2026-03-28 03:20:23,696 - INFO - 
2026-03-28 03:20:23,697 - INFO - ------- Welcome to EQCCTPro -------
2026-03-28 03:20:23,697 - INFO - 
2026-03-28 03:20:23,698 - INFO - Running EQCCT over Requested MSeed Files using CPU(s)...
2026-03-28 03:20:23,698 - INFO - GPU disabled (CPU-only).
2026-03-28 03:20:23,698 - INFO - Skipping framework-specific initialization in the driver process.
2026-03-28 03:20:26,148 - INFO - Ray Successfully Initialized with 4 CPU(s) ([0, 1, 2, 3] CPU Affinity Binding).
2026-03-28 03:20:26,148 - INFO - Analyzing 1 time chunk(s) from 2025-09-20 16:19:32 to 2025-09-20 16:20:32 (dt=1min, overlap=0min).
2026-03-28 03:20:26,148 - INFO - Using 1 selected station(s).
2026-03-28 03:20:26,148 - INFO - 
2026-03-28 03:20:26,149 - INFO - ------- Starting EQCCTPro... -------
2026-03-28 03:20:26,149 - INFO - Detailed subprocess information can be found in the log file.
2026-03-28 03:20:26,149 - INFO - 
2026-03-28 03:20:26,461 - INFO - GPU disabled (CPU-only).
2026-03-28 03:20:26,467 - INFO - Skipping framework-specific initialization in the driver process.
2026-03-28 03:20:26,470 - INFO - ------- Hardware Configuration -------
2026-03-28 03:20:26,474 - INFO - CPU affinity set to cores: [0, 1, 2, 3]
2026-03-28 03:20:26,477 - INFO - 
2026-03-28 03:20:26,479 - INFO - ------- Data Preprocessing for EQCCTPro -------
2026-03-28 03:20:26,481 - INFO - 1 station(s) in /home/blackwinter/projects/eqcct/eqcctpro/data/waveforms_earthquakes_nonoise/20250920T161932Z_20250920T162032Z
2026-03-28 03:20:26,484 - INFO - Using 1 selected station(s): ['OUF'].
2026-03-28 03:20:26,488 - INFO - Creating model actor(s)...
2026-03-28 03:20:26,493 - INFO - System RAM: Total=7870 MB, Available=5662 MB
2026-03-28 03:20:26,497 - INFO - Usable RAM budget: 7083 MB (90% of total)
2026-03-28 03:20:26,499 - INFO - ===== MEMORY-AWARE CPU ACTOR POOL =====
2026-03-28 03:20:26,502 - INFO - Requested concurrent tasks: 1
2026-03-28 03:20:26,504 - INFO - Available CPUs: 4
2026-03-28 03:20:26,507 - INFO - Available RAM: 7083 MB
2026-03-28 03:20:26,510 - INFO - RAM per model: 2060 MB
2026-03-28 03:20:26,512 - INFO - Max actors by RAM: 3
2026-03-28 03:20:26,514 - INFO - Creating 1 SeisBenchModelActor(s)
2026-03-28 03:20:26,517 - INFO - Let Ray handle scheduling (taskset already restricts CPU visibility)
2026-03-28 03:20:26,519 - INFO - Creating SeisBenchModelActor 1/1 (2.01GB RAM each)...
2026-03-28 03:20:29,314 - INFO - SeisBenchModelActor 1 created successfully.
2026-03-28 03:20:29,317 - INFO - Created 1 CPU actor(s). Task queue will handle concurrency.
2026-03-28 03:20:29,320 - INFO - Starting EQCCTPro parallelized waveform processing...
2026-03-28 03:20:29,323 - INFO - 
2026-03-28 03:20:29,326 - INFO - ------- Analyzing Seismic Waveforms for P and S Picks via SeisBench (EQTransformer - original_nonconservative) -------
2026-03-28 03:20:29,329 - INFO - Analyzing 0:01:00 minute timechunk from 2025-09-20 16:19:32 to 2025-09-20 16:20:32 (0 min overlap)
2026-03-28 03:20:29,333 - INFO - Processing a total of 1 stations, 1 at a time.
2026-03-28 03:20:31,462 - INFO - (1/1) OUF: Skipped (already exists - overwrite=False).
2026-03-28 03:20:31,464 - INFO - 
2026-03-28 03:20:31,467 - INFO - ------- Parallel Station Waveform Processing Complete For 2025-09-20 16:19:32 to 2025-09-20 16:20:32 Timechunk-------
2026-03-28 03:20:31,469 - INFO - Picks saved at /home/blackwinter/projects/eqcct/eqcctpro/results/csv/eqt_earthquakes_th0_1/20250920T161932Z_20250920T162032ZProcess Runtime: 2.14 s
2026-03-28 03:20:31,474 - INFO - Successfully ran EQCCTPro, exiting...
2026-03-28 03:20:33,303 - INFO - Ray Successfully Shutdown.
2026-03-28 03:20:33,303 - INFO - ------- Successfully Picked All Waveform(s) from all Timechunk(s) -------
