2026-03-28 21:37:58,755 - INFO - 
2026-03-28 21:37:58,755 - INFO - ------- Welcome to EQCCTPro -------
2026-03-28 21:37:58,755 - INFO - 
2026-03-28 21:37:58,756 - INFO - Running EQCCT over Requested MSeed Files using CPU(s)...
2026-03-28 21:37:58,756 - INFO - GPU disabled (CPU-only).
2026-03-29 01:39:04,027 - INFO - 
2026-03-29 01:39:04,028 - INFO - ------- Welcome to EQCCTPro -------
2026-03-29 01:39:04,028 - INFO - 
2026-03-29 01:39:04,028 - INFO - Running EQCCT over Requested MSeed Files using CPU(s)...
2026-03-29 01:39:04,029 - INFO - GPU disabled (CPU-only).
2026-03-29 01:39:04,029 - INFO - Configured Intra-op threads = 1
2026-03-29 01:39:04,029 - INFO - Configured Inter-op threads = 1
2026-03-29 01:39:04,029 - INFO - TensorFlow: No GPUs visible; TF will proceed on CPU.
2026-03-29 01:39:04,029 - INFO - 
2026-03-29 01:39:09,183 - INFO - Ray Successfully Initialized with 4 CPU(s) ([0, 1, 2, 3] CPU Affinity Binding).
2026-03-29 01:39:09,183 - INFO - Analyzing 1 time chunk(s) from 2025-01-13 16:40:51 to 2025-01-13 16:41:51 (dt=1min, overlap=0min).
2026-03-29 01:39:09,184 - INFO - Using 1 selected station(s).
2026-03-29 01:39:09,184 - INFO - 
2026-03-29 01:39:09,184 - INFO - ------- Starting EQCCTPro... -------
2026-03-29 01:39:09,184 - INFO - Detailed subprocess information can be found in the log file.
2026-03-29 01:39:09,184 - INFO - 
2026-03-29 01:39:09,618 - INFO - GPU disabled (CPU-only).
2026-03-29 01:39:11,241 - INFO - Configured Intra-op threads = 1
2026-03-29 01:39:11,243 - INFO - Configured Inter-op threads = 1
2026-03-29 01:39:11,288 - INFO - TensorFlow: No GPUs visible; TF will proceed on CPU.
2026-03-29 01:39:11,290 - INFO - 
2026-03-29 01:39:11,293 - INFO - ------- Hardware Configuration -------
2026-03-29 01:39:11,296 - INFO - CPU affinity set to cores: [0, 1, 2, 3]
2026-03-29 01:39:11,298 - INFO - 
2026-03-29 01:39:11,301 - INFO - ------- Data Preprocessing for EQCCTPro -------
2026-03-29 01:39:11,304 - INFO - 1 station(s) in /home/blackwinter/projects/eqcct/eqcctpro/data/waveforms_explosions_nonoise/20250113T164051Z_20250113T164151Z
2026-03-29 01:39:11,307 - INFO - Using 1 selected station(s): ['RANF'].
2026-03-29 01:39:11,310 - INFO - Creating model actor(s)...
2026-03-29 01:39:11,312 - INFO - System RAM: Total=7870 MB, Available=3374 MB
2026-03-29 01:39:11,315 - INFO - Usable RAM budget: 7083 MB (90% of total)
2026-03-29 01:39:11,318 - INFO - ===== MEMORY-AWARE CPU ACTOR POOL (EQCCT) =====
2026-03-29 01:39:11,321 - INFO - Requested concurrent tasks: 1
2026-03-29 01:39:11,323 - INFO - Available CPUs: 4
2026-03-29 01:39:11,326 - INFO - Available RAM: 7083 MB
2026-03-29 01:39:11,328 - INFO - RAM per model: 2264 MB
2026-03-29 01:39:11,331 - INFO - Max actors by RAM: 3
2026-03-29 01:39:11,333 - INFO - Creating 1 ModelActor(s)
2026-03-29 01:39:11,336 - INFO - Let Ray handle scheduling (taskset already restricts CPU visibility)
2026-03-29 01:39:11,338 - INFO - Creating ModelActor 1/1 (2.21GB RAM each)...
2026-03-29 01:39:15,707 - INFO - ModelActor 1 created successfully.
2026-03-29 01:39:15,709 - INFO - Created 1 CPU actor(s). Task queue will handle concurrency.
2026-03-29 01:39:15,712 - INFO - Starting EQCCTPro parallelized waveform processing...
2026-03-29 01:39:15,715 - INFO - 
2026-03-29 01:39:15,717 - INFO - ------- Analyzing Seismic Waveforms for P and S Picks via EQCCT -------
2026-03-29 01:39:15,720 - INFO - Analyzing 0:01:00 minute timechunk from 2025-01-13 16:40:51 to 2025-01-13 16:41:51 (0 min overlap)
2026-03-29 01:39:15,723 - INFO - Processing a total of 1 stations, 1 at a time.
2026-03-29 01:39:20,265 - INFO - (1/1) RANF: Finished the prediction in 2.46s. (HP=1.0, LP=45.0)
2026-03-29 01:39:20,267 - INFO - 
2026-03-29 01:39:20,270 - INFO - ------- Parallel Station Waveform Processing Complete For 2025-01-13 16:40:51 to 2025-01-13 16:41:51 Timechunk-------
2026-03-29 01:39:20,273 - INFO - Picks saved at /home/blackwinter/projects/eqcct/eqcctpro/results/csv/eqcct_explosions_th0_1/20250113T164051Z_20250113T164151ZProcess Runtime: 4.56 s
2026-03-29 01:39:20,281 - INFO - Successfully ran EQCCTPro, exiting...
2026-03-29 01:39:21,951 - INFO - Ray Successfully Shutdown.
2026-03-29 01:39:21,951 - INFO - ------- Successfully Picked All Waveform(s) from all Timechunk(s) -------
