2026-02-22 15:24:07,075 - INFO - 
2026-02-22 15:24:07,075 - INFO - ------- Welcome to EQCCTPro -------
2026-02-22 15:24:07,075 - INFO - 
2026-02-22 15:24:07,076 - INFO - Running EQCCT over Requested MSeed Files using CPU(s)...
2026-02-22 15:24:07,076 - INFO - GPU disabled (CPU-only).
2026-02-22 15:24:07,076 - INFO - Configured Intra-op threads = 1
2026-02-22 15:24:07,076 - INFO - Configured Inter-op threads = 1
2026-02-22 15:24:07,076 - INFO - TensorFlow: No GPUs visible; TF will proceed on CPU.
2026-02-22 15:24:07,076 - INFO - 
2026-02-22 15:24:12,367 - INFO - Ray Successfully Initialized with 4 CPU(s) ([0, 1, 2, 3] CPU Affinity Binding).
2026-02-22 15:24:12,367 - INFO - Analyzing 1 time chunk(s) from 2025-05-10 20:36:57 to 2025-05-10 20:37:57 (dt=1min, overlap=0min).
2026-02-22 15:24:12,368 - INFO - Using 1 selected station(s).
2026-02-22 15:24:12,368 - INFO - 
2026-02-22 15:24:12,368 - INFO - ------- Starting EQCCTPro... -------
2026-02-22 15:24:12,368 - INFO - Detailed subprocess information can be found in the log file.
2026-02-22 15:24:12,368 - INFO - 
2026-02-22 15:24:12,730 - INFO - GPU disabled (CPU-only).
2026-02-22 15:24:14,154 - INFO - Configured Intra-op threads = 1
2026-02-22 15:24:14,157 - INFO - Configured Inter-op threads = 1
2026-02-22 15:24:14,196 - INFO - TensorFlow: No GPUs visible; TF will proceed on CPU.
2026-02-22 15:24:14,199 - INFO - 
2026-02-22 15:24:14,201 - INFO - ------- Hardware Configuration -------
2026-02-22 15:24:14,203 - INFO - CPU affinity set to cores: [0, 1, 2, 3]
2026-02-22 15:24:14,205 - INFO - 
2026-02-22 15:24:14,208 - INFO - ------- Data Preprocessing for EQCCTPro -------
2026-02-22 15:24:14,210 - INFO - 1 station(s) in /home/blackwinter/projects/eqcct/eqcctpro/data/waveforms_earthquakes_nonoise/20250510T203657Z_20250510T203757Z
2026-02-22 15:24:14,212 - INFO - Using 1 selected station(s): ['KLF'].
2026-02-22 15:24:14,214 - INFO - Creating model actor(s)...
2026-02-22 15:24:14,217 - INFO - System RAM: Total=7870 MB, Available=2364 MB
2026-02-22 15:24:14,219 - INFO - Usable RAM budget: 7083 MB (90% of total)
2026-02-22 15:24:14,221 - INFO - ===== MEMORY-AWARE CPU ACTOR POOL (EQCCT) =====
2026-02-22 15:24:14,223 - INFO - Requested concurrent tasks: 1
2026-02-22 15:24:14,225 - INFO - Available CPUs: 4
2026-02-22 15:24:14,227 - INFO - Available RAM: 7083 MB
2026-02-22 15:24:14,229 - INFO - RAM per model: 2264 MB
2026-02-22 15:24:14,231 - INFO - Max actors by RAM: 3
2026-02-22 15:24:14,233 - INFO - Creating 1 ModelActor(s)
2026-02-22 15:24:14,235 - INFO - Let Ray handle scheduling (taskset already restricts CPU visibility)
2026-02-22 15:24:14,237 - INFO - Creating ModelActor 1/1 (2.21GB RAM each)...
2026-02-22 15:24:18,039 - INFO - ModelActor 1 created successfully.
2026-02-22 15:24:18,042 - INFO - Created 1 CPU actor(s). Task queue will handle concurrency.
2026-02-22 15:24:18,044 - INFO - Starting EQCCTPro parallelized waveform processing...
2026-02-22 15:24:18,047 - INFO - 
2026-02-22 15:24:18,049 - INFO - ------- Analyzing Seismic Waveforms for P and S Picks via EQCCT -------
2026-02-22 15:24:18,051 - INFO - Analyzing 0:01:00 minute timechunk from 2025-05-10 20:36:57 to 2025-05-10 20:37:57 (0 min overlap)
2026-02-22 15:24:18,053 - INFO - Processing a total of 1 stations, 1 at a time.
2026-02-22 15:24:22,448 - INFO - (1/1) KLF: Finished the prediction in 2.26s. (HP=1.0, LP=45.0)
2026-02-22 15:24:22,454 - INFO - 
2026-02-22 15:24:22,456 - INFO - ------- Parallel Station Waveform Processing Complete For 2025-05-10 20:36:57 to 2025-05-10 20:37:57 Timechunk-------
2026-02-22 15:24:22,463 - INFO - Successfully ran EQCCTPro, exiting...
2026-02-22 15:24:22,458 - INFO - Picks saved at /home/blackwinter/projects/eqcct/eqcctpro/results/csv/bm_eq_nonoise/20250510T203657Z_20250510T203757ZProcess Runtime: 4.41 s
2026-02-22 15:24:24,084 - INFO - Ray Successfully Shutdown.
2026-02-22 15:24:24,084 - INFO - ------- Successfully Picked All Waveform(s) from all Timechunk(s) -------
