2026-03-20 03:36:48,356 - INFO - 
2026-03-20 03:36:48,356 - INFO - ------- Welcome to EQCCTPro -------
2026-03-20 03:36:48,357 - INFO - 
2026-03-20 03:36:48,357 - INFO - Running EQCCT over Requested MSeed Files using CPU(s)...
2026-03-20 03:36:48,357 - INFO - GPU disabled (CPU-only).
2026-03-20 03:36:48,358 - INFO - Configured Intra-op threads = 1
2026-03-20 03:36:48,358 - INFO - Configured Inter-op threads = 1
2026-03-20 03:36:48,358 - INFO - TensorFlow: No GPUs visible; TF will proceed on CPU.
2026-03-20 03:36:48,358 - INFO - 
2026-03-20 03:36:53,729 - INFO - Ray Successfully Initialized with 4 CPU(s) ([0, 1, 2, 3] CPU Affinity Binding).
2026-03-20 03:36:53,729 - INFO - Analyzing 1 time chunk(s) from 2025-07-25 14:03:17 to 2025-07-25 14:04:17 (dt=1min, overlap=0min).
2026-03-20 03:36:53,730 - INFO - Using 1 selected station(s).
2026-03-20 03:36:53,730 - INFO - 
2026-03-20 03:36:53,730 - INFO - ------- Starting EQCCTPro... -------
2026-03-20 03:36:53,730 - INFO - Detailed subprocess information can be found in the log file.
2026-03-20 03:36:53,730 - INFO - 
2026-03-20 03:36:54,100 - INFO - GPU disabled (CPU-only).
2026-03-20 03:36:55,626 - INFO - Configured Intra-op threads = 1
2026-03-20 03:36:55,629 - INFO - Configured Inter-op threads = 1
2026-03-20 03:36:55,670 - INFO - TensorFlow: No GPUs visible; TF will proceed on CPU.
2026-03-20 03:36:55,672 - INFO - 
2026-03-20 03:36:55,674 - INFO - ------- Hardware Configuration -------
2026-03-20 03:36:55,677 - INFO - CPU affinity set to cores: [0, 1, 2, 3]
2026-03-20 03:36:55,679 - INFO - 
2026-03-20 03:36:55,681 - INFO - ------- Data Preprocessing for EQCCTPro -------
2026-03-20 03:36:55,683 - INFO - 1 station(s) in /home/blackwinter/projects/eqcct/eqcctpro/data/waveforms_earthquakes_nonoise/20250725T140317Z_20250725T140417Z
2026-03-20 03:36:55,685 - INFO - Using 1 selected station(s): ['TOF'].
2026-03-20 03:36:55,686 - INFO - Creating model actor(s)...
2026-03-20 03:36:55,688 - INFO - System RAM: Total=7870 MB, Available=1478 MB
2026-03-20 03:36:55,690 - INFO - Usable RAM budget: 7083 MB (90% of total)
2026-03-20 03:36:55,692 - INFO - ===== MEMORY-AWARE CPU ACTOR POOL (EQCCT) =====
2026-03-20 03:36:55,694 - INFO - Requested concurrent tasks: 1
2026-03-20 03:36:55,696 - INFO - Available CPUs: 4
2026-03-20 03:36:55,697 - INFO - Available RAM: 7083 MB
2026-03-20 03:36:55,699 - INFO - RAM per model: 2264 MB
2026-03-20 03:36:55,701 - INFO - Max actors by RAM: 3
2026-03-20 03:36:55,704 - INFO - Creating 1 ModelActor(s)
2026-03-20 03:36:55,706 - INFO - Let Ray handle scheduling (taskset already restricts CPU visibility)
2026-03-20 03:36:55,708 - INFO - Creating ModelActor 1/1 (2.21GB RAM each)...
2026-03-20 03:36:59,611 - INFO - ModelActor 1 created successfully.
2026-03-20 03:36:59,613 - INFO - Created 1 CPU actor(s). Task queue will handle concurrency.
2026-03-20 03:36:59,616 - INFO - Starting EQCCTPro parallelized waveform processing...
2026-03-20 03:36:59,618 - INFO - 
2026-03-20 03:36:59,621 - INFO - ------- Analyzing Seismic Waveforms for P and S Picks via EQCCT -------
2026-03-20 03:36:59,623 - INFO - Analyzing 0:01:00 minute timechunk from 2025-07-25 14:03:17 to 2025-07-25 14:04:17 (0 min overlap)
2026-03-20 03:36:59,625 - INFO - Processing a total of 1 stations, 1 at a time.
2026-03-20 03:37:03,829 - INFO - (1/1) TOF: Finished the prediction in 2.32s. (HP=1.0, LP=45.0)
2026-03-20 03:37:03,834 - INFO - 
2026-03-20 03:37:03,836 - INFO - ------- Parallel Station Waveform Processing Complete For 2025-07-25 14:03:17 to 2025-07-25 14:04:17 Timechunk-------
2026-03-20 03:37:03,844 - INFO - Successfully ran EQCCTPro, exiting...
2026-03-20 03:37:03,838 - INFO - Picks saved at /home/blackwinter/projects/eqcct/eqcctpro/results/csv/eqcct_earthquakes_th0_1/20250725T140317Z_20250725T140417ZProcess Runtime: 4.22 s
2026-03-20 03:37:05,481 - INFO - Ray Successfully Shutdown.
2026-03-20 03:37:05,481 - INFO - ------- Successfully Picked All Waveform(s) from all Timechunk(s) -------
