2026-03-28 10:41:10,682 - INFO - 
2026-03-28 10:41:10,682 - INFO - ------- Welcome to EQCCTPro -------
2026-03-28 10:41:10,682 - INFO - 
2026-03-28 10:41:10,683 - INFO - Running EQCCT over Requested MSeed Files using CPU(s)...
2026-03-28 10:41:10,683 - INFO - GPU disabled (CPU-only).
2026-03-28 10:41:10,683 - INFO - Skipping framework-specific initialization in the driver process.
2026-03-28 10:41:12,151 - INFO - Ray Successfully Initialized with 4 CPU(s) ([0, 1, 2, 3] CPU Affinity Binding).
2026-03-28 10:41:12,152 - INFO - Analyzing 1 time chunk(s) from 2025-01-06 01:17:44 to 2025-01-06 01:18:44 (dt=1min, overlap=0min).
2026-03-28 10:41:12,152 - INFO - Using 1 selected station(s).
2026-03-28 10:41:12,152 - INFO - 
2026-03-28 10:41:12,153 - INFO - ------- Starting EQCCTPro... -------
2026-03-28 10:41:12,153 - INFO - Detailed subprocess information can be found in the log file.
2026-03-28 10:41:12,153 - INFO - 
2026-03-28 10:41:12,442 - INFO - GPU disabled (CPU-only).
2026-03-28 10:41:12,447 - INFO - Skipping framework-specific initialization in the driver process.
2026-03-28 10:41:12,450 - INFO - ------- Hardware Configuration -------
2026-03-28 10:41:12,453 - INFO - CPU affinity set to cores: [0, 1, 2, 3]
2026-03-28 10:41:12,456 - INFO - 
2026-03-28 10:41:12,459 - INFO - ------- Data Preprocessing for EQCCTPro -------
2026-03-28 10:41:12,461 - INFO - 1 station(s) in /home/blackwinter/projects/eqcct/eqcctpro/data/waveforms_noise_only/20250106T011744Z_20250106T011844Z
2026-03-28 10:41:12,464 - INFO - Using 1 selected station(s): ['KJNF'].
2026-03-28 10:41:12,466 - INFO - Creating model actor(s)...
2026-03-28 10:41:12,469 - INFO - System RAM: Total=7870 MB, Available=4690 MB
2026-03-28 10:41:12,472 - INFO - Usable RAM budget: 7083 MB (90% of total)
2026-03-28 10:41:12,474 - INFO - ===== MEMORY-AWARE CPU ACTOR POOL =====
2026-03-28 10:41:12,476 - INFO - Requested concurrent tasks: 1
2026-03-28 10:41:12,478 - INFO - Available CPUs: 4
2026-03-28 10:41:12,480 - INFO - Available RAM: 7083 MB
2026-03-28 10:41:12,482 - INFO - RAM per model: 2060 MB
2026-03-28 10:41:12,484 - INFO - Max actors by RAM: 3
2026-03-28 10:41:12,486 - INFO - Creating 1 SeisBenchModelActor(s)
2026-03-28 10:41:12,488 - INFO - Let Ray handle scheduling (taskset already restricts CPU visibility)
2026-03-28 10:41:12,491 - INFO - Creating SeisBenchModelActor 1/1 (2.01GB RAM each)...
2026-03-28 10:41:15,064 - INFO - SeisBenchModelActor 1 created successfully.
2026-03-28 10:41:15,066 - INFO - Created 1 CPU actor(s). Task queue will handle concurrency.
2026-03-28 10:41:15,069 - INFO - Starting EQCCTPro parallelized waveform processing...
2026-03-28 10:41:15,071 - INFO - 
2026-03-28 10:41:15,074 - INFO - ------- Analyzing Seismic Waveforms for P and S Picks via SeisBench (EQTransformer - original_nonconservative) -------
2026-03-28 10:41:15,077 - INFO - Analyzing 0:01:00 minute timechunk from 2025-01-06 01:17:44 to 2025-01-06 01:18:44 (0 min overlap)
2026-03-28 10:41:15,079 - INFO - Processing a total of 1 stations, 1 at a time.
2026-03-28 10:41:17,329 - INFO - (1/1) KJNF: Finished the prediction in 0.14s. (HP=1.0, LP=45.0, picks=0)
2026-03-28 10:41:17,332 - INFO - 
2026-03-28 10:41:17,334 - INFO - ------- Parallel Station Waveform Processing Complete For 2025-01-06 01:17:44 to 2025-01-06 01:18:44 Timechunk-------
2026-03-28 10:41:17,337 - INFO - Picks saved at /home/blackwinter/projects/eqcct/eqcctpro/results/csv/eqt_noise_th0_1/20250106T011744Z_20250106T011844ZProcess Runtime: 2.26 s
2026-03-28 10:41:17,343 - INFO - Successfully ran EQCCTPro, exiting...
2026-03-28 10:41:18,962 - INFO - Ray Successfully Shutdown.
2026-03-28 10:41:18,962 - INFO - ------- Successfully Picked All Waveform(s) from all Timechunk(s) -------
