2026-03-28 11:36:45,090 - INFO - 
2026-03-28 11:36:45,090 - INFO - ------- Welcome to EQCCTPro -------
2026-03-28 11:36:45,090 - INFO - 
2026-03-28 11:36:45,091 - INFO - Running EQCCT over Requested MSeed Files using CPU(s)...
2026-03-28 11:36:45,091 - INFO - GPU disabled (CPU-only).
2026-03-28 11:36:45,091 - INFO - Skipping framework-specific initialization in the driver process.
2026-03-28 11:36:46,525 - INFO - Ray Successfully Initialized with 4 CPU(s) ([0, 1, 2, 3] CPU Affinity Binding).
2026-03-28 11:36:46,526 - INFO - Analyzing 1 time chunk(s) from 2025-01-08 00:42:31 to 2025-01-08 00:43:31 (dt=1min, overlap=0min).
2026-03-28 11:36:46,526 - INFO - Using 1 selected station(s).
2026-03-28 11:36:46,526 - INFO - 
2026-03-28 11:36:46,526 - INFO - ------- Starting EQCCTPro... -------
2026-03-28 11:36:46,526 - INFO - Detailed subprocess information can be found in the log file.
2026-03-28 11:36:46,526 - INFO - 
2026-03-28 11:36:46,829 - INFO - GPU disabled (CPU-only).
2026-03-28 11:36:46,834 - INFO - Skipping framework-specific initialization in the driver process.
2026-03-28 11:36:46,837 - INFO - ------- Hardware Configuration -------
2026-03-28 11:36:46,839 - INFO - CPU affinity set to cores: [0, 1, 2, 3]
2026-03-28 11:36:46,842 - INFO - 
2026-03-28 11:36:46,844 - INFO - ------- Data Preprocessing for EQCCTPro -------
2026-03-28 11:36:46,847 - INFO - 1 station(s) in /home/blackwinter/projects/eqcct/eqcctpro/data/waveforms_noise_only/20250108T004231Z_20250108T004331Z
2026-03-28 11:36:46,850 - INFO - Using 1 selected station(s): ['KLF'].
2026-03-28 11:36:46,852 - INFO - Creating model actor(s)...
2026-03-28 11:36:46,855 - INFO - System RAM: Total=7870 MB, Available=4605 MB
2026-03-28 11:36:46,857 - INFO - Usable RAM budget: 7083 MB (90% of total)
2026-03-28 11:36:46,860 - INFO - ===== MEMORY-AWARE CPU ACTOR POOL =====
2026-03-28 11:36:46,862 - INFO - Requested concurrent tasks: 1
2026-03-28 11:36:46,865 - INFO - Available CPUs: 4
2026-03-28 11:36:46,868 - INFO - Available RAM: 7083 MB
2026-03-28 11:36:46,871 - INFO - RAM per model: 2060 MB
2026-03-28 11:36:46,873 - INFO - Max actors by RAM: 3
2026-03-28 11:36:46,875 - INFO - Creating 1 SeisBenchModelActor(s)
2026-03-28 11:36:46,878 - INFO - Let Ray handle scheduling (taskset already restricts CPU visibility)
2026-03-28 11:36:46,881 - INFO - Creating SeisBenchModelActor 1/1 (2.01GB RAM each)...
2026-03-28 11:36:49,983 - INFO - SeisBenchModelActor 1 created successfully.
2026-03-28 11:36:49,985 - INFO - Created 1 CPU actor(s). Task queue will handle concurrency.
2026-03-28 11:36:49,987 - INFO - Starting EQCCTPro parallelized waveform processing...
2026-03-28 11:36:49,990 - INFO - 
2026-03-28 11:36:49,993 - INFO - ------- Analyzing Seismic Waveforms for P and S Picks via SeisBench (EQTransformer - original_nonconservative) -------
2026-03-28 11:36:49,996 - INFO - Analyzing 0:01:00 minute timechunk from 2025-01-08 00:42:31 to 2025-01-08 00:43:31 (0 min overlap)
2026-03-28 11:36:49,998 - INFO - Processing a total of 1 stations, 1 at a time.
2026-03-28 11:36:52,195 - INFO - (1/1) KLF: Finished the prediction in 0.15s. (HP=1.0, LP=45.0, picks=0)
2026-03-28 11:36:52,197 - INFO - 
2026-03-28 11:36:52,200 - INFO - ------- Parallel Station Waveform Processing Complete For 2025-01-08 00:42:31 to 2025-01-08 00:43:31 Timechunk-------
2026-03-28 11:36:52,203 - INFO - Picks saved at /home/blackwinter/projects/eqcct/eqcctpro/results/csv/eqt_noise_th0_1/20250108T004231Z_20250108T004331ZProcess Runtime: 2.21 s
2026-03-28 11:36:52,208 - INFO - Successfully ran EQCCTPro, exiting...
2026-03-28 11:36:53,796 - INFO - Ray Successfully Shutdown.
2026-03-28 11:36:53,796 - INFO - ------- Successfully Picked All Waveform(s) from all Timechunk(s) -------
