2026-03-28 19:50:26,480 - INFO - 
2026-03-28 19:50:26,480 - INFO - ------- Welcome to EQCCTPro -------
2026-03-28 19:50:26,480 - INFO - 
2026-03-28 19:50:26,481 - INFO - Running EQCCT over Requested MSeed Files using CPU(s)...
2026-03-28 19:50:26,481 - INFO - GPU disabled (CPU-only).
2026-03-28 19:50:26,481 - INFO - Skipping framework-specific initialization in the driver process.
2026-03-28 19:50:28,272 - INFO - Ray Successfully Initialized with 4 CPU(s) ([0, 1, 2, 3] CPU Affinity Binding).
2026-03-28 19:50:28,273 - INFO - Analyzing 1 time chunk(s) from 2025-01-21 17:37:20 to 2025-01-21 17:38:20 (dt=1min, overlap=0min).
2026-03-28 19:50:28,273 - INFO - Using 1 selected station(s).
2026-03-28 19:50:28,273 - INFO - 
2026-03-28 19:50:28,274 - INFO - ------- Starting EQCCTPro... -------
2026-03-28 19:50:28,274 - INFO - Detailed subprocess information can be found in the log file.
2026-03-28 19:50:28,274 - INFO - 
2026-03-28 19:50:28,696 - INFO - GPU disabled (CPU-only).
2026-03-28 19:50:28,703 - INFO - Skipping framework-specific initialization in the driver process.
2026-03-28 19:50:28,706 - INFO - ------- Hardware Configuration -------
2026-03-28 19:50:28,709 - INFO - CPU affinity set to cores: [0, 1, 2, 3]
2026-03-28 19:50:28,711 - INFO - 
2026-03-28 19:50:28,714 - INFO - ------- Data Preprocessing for EQCCTPro -------
2026-03-28 19:50:28,717 - INFO - 1 station(s) in /home/blackwinter/projects/eqcct/eqcctpro/data/waveforms_explosions_nonoise/20250121T173720Z_20250121T173820Z
2026-03-28 19:50:28,720 - INFO - Using 1 selected station(s): ['KIF'].
2026-03-28 19:50:28,723 - INFO - Creating model actor(s)...
2026-03-28 19:50:28,725 - INFO - System RAM: Total=7870 MB, Available=4042 MB
2026-03-28 19:50:28,728 - INFO - Usable RAM budget: 7083 MB (90% of total)
2026-03-28 19:50:28,731 - INFO - ===== MEMORY-AWARE CPU ACTOR POOL =====
2026-03-28 19:50:28,733 - INFO - Requested concurrent tasks: 1
2026-03-28 19:50:28,736 - INFO - Available CPUs: 4
2026-03-28 19:50:28,739 - INFO - Available RAM: 7083 MB
2026-03-28 19:50:28,743 - INFO - RAM per model: 2060 MB
2026-03-28 19:50:28,746 - INFO - Max actors by RAM: 3
2026-03-28 19:50:28,749 - INFO - Creating 1 SeisBenchModelActor(s)
2026-03-28 19:50:28,752 - INFO - Let Ray handle scheduling (taskset already restricts CPU visibility)
2026-03-28 19:50:28,755 - INFO - Creating SeisBenchModelActor 1/1 (2.01GB RAM each)...
2026-03-28 19:50:31,837 - INFO - SeisBenchModelActor 1 created successfully.
2026-03-28 19:50:31,839 - INFO - Created 1 CPU actor(s). Task queue will handle concurrency.
2026-03-28 19:50:31,842 - INFO - Starting EQCCTPro parallelized waveform processing...
2026-03-28 19:50:31,845 - INFO - 
2026-03-28 19:50:31,849 - INFO - ------- Analyzing Seismic Waveforms for P and S Picks via SeisBench (EQTransformer - original_nonconservative) -------
2026-03-28 19:50:31,852 - INFO - Analyzing 0:01:00 minute timechunk from 2025-01-21 17:37:20 to 2025-01-21 17:38:20 (0 min overlap)
2026-03-28 19:50:31,855 - INFO - Processing a total of 1 stations, 1 at a time.
2026-03-28 19:50:34,269 - INFO - (1/1) KIF: Finished the prediction in 0.15s. (HP=1.0, LP=45.0, picks=0)
2026-03-28 19:50:34,271 - INFO - 
2026-03-28 19:50:34,274 - INFO - ------- Parallel Station Waveform Processing Complete For 2025-01-21 17:37:20 to 2025-01-21 17:38:20 Timechunk-------
2026-03-28 19:50:34,277 - INFO - Picks saved at /home/blackwinter/projects/eqcct/eqcctpro/results/csv/eqt_explosions_th0_1/20250121T173720Z_20250121T173820ZProcess Runtime: 2.43 s
2026-03-28 19:50:34,295 - INFO - Successfully ran EQCCTPro, exiting...
2026-03-28 19:50:36,209 - INFO - Ray Successfully Shutdown.
2026-03-28 19:50:36,210 - INFO - ------- Successfully Picked All Waveform(s) from all Timechunk(s) -------
