2026-02-22 16:21:14,151 - INFO - 
2026-02-22 16:21:14,151 - INFO - ------- Welcome to EQCCTPro -------
2026-02-22 16:21:14,151 - INFO - 
2026-02-22 16:21:14,152 - INFO - Running EQCCT over Requested MSeed Files using CPU(s)...
2026-02-22 16:21:14,152 - INFO - GPU disabled (CPU-only).
2026-02-22 16:21:14,152 - INFO - Configured Intra-op threads = 1
2026-02-22 16:21:14,152 - INFO - Configured Inter-op threads = 1
2026-02-22 16:21:14,153 - INFO - TensorFlow: No GPUs visible; TF will proceed on CPU.
2026-02-22 16:21:14,153 - INFO - 
2026-02-22 16:21:19,617 - INFO - Ray Successfully Initialized with 4 CPU(s) ([0, 1, 2, 3] CPU Affinity Binding).
2026-02-22 16:21:19,617 - INFO - Analyzing 1 time chunk(s) from 2025-06-10 03:16:39 to 2025-06-10 03:17:39 (dt=1min, overlap=0min).
2026-02-22 16:21:19,617 - INFO - Using 1 selected station(s).
2026-02-22 16:21:19,617 - INFO - 
2026-02-22 16:21:19,618 - INFO - ------- Starting EQCCTPro... -------
2026-02-22 16:21:19,618 - INFO - Detailed subprocess information can be found in the log file.
2026-02-22 16:21:19,618 - INFO - 
2026-02-22 16:21:19,972 - INFO - GPU disabled (CPU-only).
2026-02-22 16:21:21,406 - INFO - Configured Intra-op threads = 1
2026-02-22 16:21:21,408 - INFO - Configured Inter-op threads = 1
2026-02-22 16:21:21,448 - INFO - TensorFlow: No GPUs visible; TF will proceed on CPU.
2026-02-22 16:21:21,450 - INFO - 
2026-02-22 16:21:21,452 - INFO - ------- Hardware Configuration -------
2026-02-22 16:21:21,454 - INFO - CPU affinity set to cores: [0, 1, 2, 3]
2026-02-22 16:21:21,456 - INFO - 
2026-02-22 16:21:21,458 - INFO - ------- Data Preprocessing for EQCCTPro -------
2026-02-22 16:21:21,460 - INFO - 1 station(s) in /home/blackwinter/projects/eqcct/eqcctpro/data/waveforms_earthquakes_nonoise/20250610T031639Z_20250610T031739Z
2026-02-22 16:21:21,462 - INFO - Using 1 selected station(s): ['HEF'].
2026-02-22 16:21:21,463 - INFO - Creating model actor(s)...
2026-02-22 16:21:21,465 - INFO - System RAM: Total=7870 MB, Available=2524 MB
2026-02-22 16:21:21,467 - INFO - Usable RAM budget: 7083 MB (90% of total)
2026-02-22 16:21:21,469 - INFO - ===== MEMORY-AWARE CPU ACTOR POOL (EQCCT) =====
2026-02-22 16:21:21,471 - INFO - Requested concurrent tasks: 1
2026-02-22 16:21:21,473 - INFO - Available CPUs: 4
2026-02-22 16:21:21,476 - INFO - Available RAM: 7083 MB
2026-02-22 16:21:21,478 - INFO - RAM per model: 2264 MB
2026-02-22 16:21:21,480 - INFO - Max actors by RAM: 3
2026-02-22 16:21:21,482 - INFO - Creating 1 ModelActor(s)
2026-02-22 16:21:21,484 - INFO - Let Ray handle scheduling (taskset already restricts CPU visibility)
2026-02-22 16:21:21,487 - INFO - Creating ModelActor 1/1 (2.21GB RAM each)...
2026-02-22 16:21:25,340 - INFO - ModelActor 1 created successfully.
2026-02-22 16:21:25,342 - INFO - Created 1 CPU actor(s). Task queue will handle concurrency.
2026-02-22 16:21:25,345 - INFO - Starting EQCCTPro parallelized waveform processing...
2026-02-22 16:21:25,347 - INFO - 
2026-02-22 16:21:25,350 - INFO - ------- Analyzing Seismic Waveforms for P and S Picks via EQCCT -------
2026-02-22 16:21:25,352 - INFO - Analyzing 0:01:00 minute timechunk from 2025-06-10 03:16:39 to 2025-06-10 03:17:39 (0 min overlap)
2026-02-22 16:21:25,354 - INFO - Processing a total of 1 stations, 1 at a time.
2026-02-22 16:21:29,490 - INFO - (1/1) HEF: Finished the prediction in 2.22s. (HP=1.0, LP=45.0)
2026-02-22 16:21:29,493 - INFO - 
2026-02-22 16:21:29,495 - INFO - ------- Parallel Station Waveform Processing Complete For 2025-06-10 03:16:39 to 2025-06-10 03:17:39 Timechunk-------
2026-02-22 16:21:29,498 - INFO - Picks saved at /home/blackwinter/projects/eqcct/eqcctpro/results/csv/bm_eq_nonoise/20250610T031639Z_20250610T031739ZProcess Runtime: 4.15 s
2026-02-22 16:21:29,505 - INFO - Successfully ran EQCCTPro, exiting...
2026-02-22 16:21:31,249 - INFO - Ray Successfully Shutdown.
2026-02-22 16:21:31,249 - INFO - ------- Successfully Picked All Waveform(s) from all Timechunk(s) -------
