2026-02-26 23:36:58,290 - INFO - 
2026-02-26 23:36:58,290 - INFO - ------- Welcome to EQCCTPro -------
2026-02-26 23:36:58,290 - INFO - 
2026-02-26 23:36:58,291 - INFO - Running EQCCT over Requested MSeed Files using CPU(s)...
2026-02-26 23:36:58,291 - INFO - GPU disabled (CPU-only).
2026-02-26 23:36:58,292 - INFO - Configured Intra-op threads = 1
2026-02-26 23:36:58,292 - INFO - Configured Inter-op threads = 1
2026-02-26 23:36:58,292 - INFO - TensorFlow: No GPUs visible; TF will proceed on CPU.
2026-02-26 23:36:58,292 - INFO - 
2026-02-26 23:37:04,481 - INFO - Ray Successfully Initialized with 4 CPU(s) ([0, 1, 2, 3] CPU Affinity Binding).
2026-02-26 23:37:04,481 - INFO - Analyzing 1 time chunk(s) from 2025-01-10 09:03:04 to 2025-01-10 09:04:04 (dt=1min, overlap=0min).
2026-02-26 23:37:04,481 - INFO - Using 1 selected station(s).
2026-02-26 23:37:04,481 - INFO - 
2026-02-26 23:37:04,481 - INFO - ------- Starting EQCCTPro... -------
2026-02-26 23:37:04,481 - INFO - Detailed subprocess information can be found in the log file.
2026-02-26 23:37:04,482 - INFO - 
2026-02-26 23:37:04,840 - INFO - GPU disabled (CPU-only).
2026-02-26 23:37:06,318 - INFO - Configured Intra-op threads = 1
2026-02-26 23:37:06,321 - INFO - Configured Inter-op threads = 1
2026-02-26 23:37:06,357 - INFO - TensorFlow: No GPUs visible; TF will proceed on CPU.
2026-02-26 23:37:06,359 - INFO - 
2026-02-26 23:37:06,361 - INFO - ------- Hardware Configuration -------
2026-02-26 23:37:06,363 - INFO - CPU affinity set to cores: [0, 1, 2, 3]
2026-02-26 23:37:06,365 - INFO - 
2026-02-26 23:37:06,367 - INFO - ------- Data Preprocessing for EQCCTPro -------
2026-02-26 23:37:06,368 - INFO - 1 station(s) in /home/blackwinter/projects/eqcct/eqcctpro/data/waveforms_explosions_nonoise/20250110T090304Z_20250110T090404Z
2026-02-26 23:37:06,370 - INFO - Using 1 selected station(s): ['OUL'].
2026-02-26 23:37:06,372 - INFO - Creating model actor(s)...
2026-02-26 23:37:06,374 - INFO - System RAM: Total=7870 MB, Available=3553 MB
2026-02-26 23:37:06,375 - INFO - Usable RAM budget: 7083 MB (90% of total)
2026-02-26 23:37:06,377 - INFO - ===== MEMORY-AWARE CPU ACTOR POOL (EQCCT) =====
2026-02-26 23:37:06,379 - INFO - Requested concurrent tasks: 1
2026-02-26 23:37:06,381 - INFO - Available CPUs: 4
2026-02-26 23:37:06,382 - INFO - Available RAM: 7083 MB
2026-02-26 23:37:06,384 - INFO - RAM per model: 2264 MB
2026-02-26 23:37:06,386 - INFO - Max actors by RAM: 3
2026-02-26 23:37:06,388 - INFO - Creating 1 ModelActor(s)
2026-02-26 23:37:06,389 - INFO - Let Ray handle scheduling (taskset already restricts CPU visibility)
2026-02-26 23:37:06,391 - INFO - Creating ModelActor 1/1 (2.21GB RAM each)...
2026-02-26 23:37:10,232 - INFO - ModelActor 1 created successfully.
2026-02-26 23:37:10,234 - INFO - Created 1 CPU actor(s). Task queue will handle concurrency.
2026-02-26 23:37:10,236 - INFO - Starting EQCCTPro parallelized waveform processing...
2026-02-26 23:37:10,238 - INFO - 
2026-02-26 23:37:10,241 - INFO - ------- Analyzing Seismic Waveforms for P and S Picks via EQCCT -------
2026-02-26 23:37:10,243 - INFO - Analyzing 0:01:00 minute timechunk from 2025-01-10 09:03:04 to 2025-01-10 09:04:04 (0 min overlap)
2026-02-26 23:37:10,245 - INFO - Processing a total of 1 stations, 1 at a time.
2026-02-26 23:37:12,994 - INFO - (1/1) OUL: FAILED reading mSEED.
2026-02-26 23:37:13,001 - INFO - 
2026-02-26 23:37:13,004 - INFO - ------- Parallel Station Waveform Processing Complete For 2025-01-10 09:03:04 to 2025-01-10 09:04:04 Timechunk-------
2026-02-26 23:37:13,006 - INFO - Picks saved at /home/blackwinter/projects/eqcct/eqcctpro/results/csv/bm_explosions/20250110T090304Z_20250110T090404ZProcess Runtime: 2.77 s
2026-02-26 23:37:13,017 - INFO - Successfully ran EQCCTPro, exiting...
2026-02-26 23:37:14,726 - INFO - Ray Successfully Shutdown.
2026-02-26 23:37:14,726 - INFO - ------- Successfully Picked All Waveform(s) from all Timechunk(s) -------
2026-02-27 06:58:20,204 - INFO - 
2026-02-27 06:58:20,205 - INFO - ------- Welcome to EQCCTPro -------
2026-02-27 06:58:20,205 - INFO - 
2026-02-27 06:58:20,206 - INFO - Running EQCCT over Requested MSeed Files using CPU(s)...
2026-02-27 06:58:20,206 - INFO - GPU disabled (CPU-only).
2026-02-27 06:58:20,206 - INFO - Configured Intra-op threads = 1
2026-02-27 06:58:20,206 - INFO - Configured Inter-op threads = 1
2026-02-27 06:58:20,206 - INFO - TensorFlow: No GPUs visible; TF will proceed on CPU.
2026-02-27 06:58:20,207 - INFO - 
2026-02-27 06:58:25,642 - INFO - Ray Successfully Initialized with 4 CPU(s) ([0, 1, 2, 3] CPU Affinity Binding).
2026-02-27 06:58:25,642 - INFO - Analyzing 1 time chunk(s) from 2025-01-10 09:03:04 to 2025-01-10 09:04:04 (dt=1min, overlap=0min).
2026-02-27 06:58:25,643 - INFO - Using 1 selected station(s).
2026-02-27 06:58:25,643 - INFO - 
2026-02-27 06:58:25,643 - INFO - ------- Starting EQCCTPro... -------
2026-02-27 06:58:25,643 - INFO - Detailed subprocess information can be found in the log file.
2026-02-27 06:58:25,643 - INFO - 
2026-02-27 06:58:26,000 - INFO - GPU disabled (CPU-only).
2026-02-27 06:58:27,532 - INFO - Configured Intra-op threads = 1
2026-02-27 06:58:27,534 - INFO - Configured Inter-op threads = 1
2026-02-27 06:58:27,576 - INFO - TensorFlow: No GPUs visible; TF will proceed on CPU.
2026-02-27 06:58:27,578 - INFO - 
2026-02-27 06:58:27,580 - INFO - ------- Hardware Configuration -------
2026-02-27 06:58:27,582 - INFO - CPU affinity set to cores: [0, 1, 2, 3]
2026-02-27 06:58:27,585 - INFO - 
2026-02-27 06:58:27,587 - INFO - ------- Data Preprocessing for EQCCTPro -------
2026-02-27 06:58:27,589 - INFO - 1 station(s) in /home/blackwinter/projects/eqcct/eqcctpro/data/waveforms_explosions_nonoise/20250110T090304Z_20250110T090404Z
2026-02-27 06:58:27,591 - INFO - Using 1 selected station(s): ['OUL'].
2026-02-27 06:58:27,592 - INFO - Creating model actor(s)...
2026-02-27 06:58:27,594 - INFO - System RAM: Total=7870 MB, Available=3544 MB
2026-02-27 06:58:27,596 - INFO - Usable RAM budget: 7083 MB (90% of total)
2026-02-27 06:58:27,598 - INFO - ===== MEMORY-AWARE CPU ACTOR POOL (EQCCT) =====
2026-02-27 06:58:27,600 - INFO - Requested concurrent tasks: 1
2026-02-27 06:58:27,602 - INFO - Available CPUs: 4
2026-02-27 06:58:27,604 - INFO - Available RAM: 7083 MB
2026-02-27 06:58:27,606 - INFO - RAM per model: 2264 MB
2026-02-27 06:58:27,607 - INFO - Max actors by RAM: 3
2026-02-27 06:58:27,609 - INFO - Creating 1 ModelActor(s)
2026-02-27 06:58:27,611 - INFO - Let Ray handle scheduling (taskset already restricts CPU visibility)
2026-02-27 06:58:27,613 - INFO - Creating ModelActor 1/1 (2.21GB RAM each)...
2026-02-27 06:58:31,503 - INFO - ModelActor 1 created successfully.
2026-02-27 06:58:31,506 - INFO - Created 1 CPU actor(s). Task queue will handle concurrency.
2026-02-27 06:58:31,508 - INFO - Starting EQCCTPro parallelized waveform processing...
2026-02-27 06:58:31,509 - INFO - 
2026-02-27 06:58:31,511 - INFO - ------- Analyzing Seismic Waveforms for P and S Picks via EQCCT -------
2026-02-27 06:58:31,513 - INFO - Analyzing 0:01:00 minute timechunk from 2025-01-10 09:03:04 to 2025-01-10 09:04:04 (0 min overlap)
2026-02-27 06:58:31,515 - INFO - Processing a total of 1 stations, 1 at a time.
2026-02-27 06:58:33,391 - INFO - (1/1) OUL: Skipped (already exists - overwrite=False).
2026-02-27 06:58:33,393 - INFO - 
2026-02-27 06:58:33,395 - INFO - ------- Parallel Station Waveform Processing Complete For 2025-01-10 09:03:04 to 2025-01-10 09:04:04 Timechunk-------
2026-02-27 06:58:33,398 - INFO - Picks saved at /home/blackwinter/projects/eqcct/eqcctpro/results/csv/bm_explosions/20250110T090304Z_20250110T090404ZProcess Runtime: 1.89 s
2026-02-27 06:58:33,402 - INFO - Successfully ran EQCCTPro, exiting...
2026-02-27 06:58:34,835 - INFO - Ray Successfully Shutdown.
2026-02-27 06:58:34,836 - INFO - ------- Successfully Picked All Waveform(s) from all Timechunk(s) -------
