2026-03-20 01:09:01,249 - INFO - 
2026-03-20 01:09:01,250 - INFO - ------- Welcome to EQCCTPro -------
2026-03-20 01:09:01,250 - INFO - 
2026-03-20 01:09:01,250 - INFO - Running EQCCT over Requested MSeed Files using CPU(s)...
2026-03-20 01:09:01,251 - INFO - GPU disabled (CPU-only).
2026-03-20 01:09:01,251 - INFO - Configured Intra-op threads = 1
2026-03-20 01:09:01,251 - INFO - Configured Inter-op threads = 1
2026-03-20 01:09:01,251 - INFO - TensorFlow: No GPUs visible; TF will proceed on CPU.
2026-03-20 01:09:01,251 - INFO - 
2026-03-20 01:09:06,827 - INFO - Ray Successfully Initialized with 4 CPU(s) ([0, 1, 2, 3] CPU Affinity Binding).
2026-03-20 01:09:06,827 - INFO - Analyzing 1 time chunk(s) from 2025-04-27 05:35:52 to 2025-04-27 05:36:52 (dt=1min, overlap=0min).
2026-03-20 01:09:06,827 - INFO - Using 1 selected station(s).
2026-03-20 01:09:06,827 - INFO - 
2026-03-20 01:09:06,828 - INFO - ------- Starting EQCCTPro... -------
2026-03-20 01:09:06,828 - INFO - Detailed subprocess information can be found in the log file.
2026-03-20 01:09:06,828 - INFO - 
2026-03-20 01:09:07,212 - INFO - GPU disabled (CPU-only).
2026-03-20 01:09:08,696 - INFO - Configured Intra-op threads = 1
2026-03-20 01:09:08,699 - INFO - Configured Inter-op threads = 1
2026-03-20 01:09:08,739 - INFO - TensorFlow: No GPUs visible; TF will proceed on CPU.
2026-03-20 01:09:08,742 - INFO - 
2026-03-20 01:09:08,744 - INFO - ------- Hardware Configuration -------
2026-03-20 01:09:08,746 - INFO - CPU affinity set to cores: [0, 1, 2, 3]
2026-03-20 01:09:08,749 - INFO - 
2026-03-20 01:09:08,751 - INFO - ------- Data Preprocessing for EQCCTPro -------
2026-03-20 01:09:08,753 - INFO - 1 station(s) in /home/blackwinter/projects/eqcct/eqcctpro/data/waveforms_earthquakes_nonoise/20250427T053552Z_20250427T053652Z
2026-03-20 01:09:08,755 - INFO - Using 1 selected station(s): ['KLF'].
2026-03-20 01:09:08,757 - INFO - Creating model actor(s)...
2026-03-20 01:09:08,759 - INFO - System RAM: Total=7870 MB, Available=2164 MB
2026-03-20 01:09:08,761 - INFO - Usable RAM budget: 7083 MB (90% of total)
2026-03-20 01:09:08,762 - INFO - ===== MEMORY-AWARE CPU ACTOR POOL (EQCCT) =====
2026-03-20 01:09:08,764 - INFO - Requested concurrent tasks: 1
2026-03-20 01:09:08,766 - INFO - Available CPUs: 4
2026-03-20 01:09:08,768 - INFO - Available RAM: 7083 MB
2026-03-20 01:09:08,770 - INFO - RAM per model: 2264 MB
2026-03-20 01:09:08,772 - INFO - Max actors by RAM: 3
2026-03-20 01:09:08,774 - INFO - Creating 1 ModelActor(s)
2026-03-20 01:09:08,777 - INFO - Let Ray handle scheduling (taskset already restricts CPU visibility)
2026-03-20 01:09:08,779 - INFO - Creating ModelActor 1/1 (2.21GB RAM each)...
2026-03-20 01:09:12,755 - INFO - ModelActor 1 created successfully.
2026-03-20 01:09:12,757 - INFO - Created 1 CPU actor(s). Task queue will handle concurrency.
2026-03-20 01:09:12,759 - INFO - Starting EQCCTPro parallelized waveform processing...
2026-03-20 01:09:12,761 - INFO - 
2026-03-20 01:09:12,763 - INFO - ------- Analyzing Seismic Waveforms for P and S Picks via EQCCT -------
2026-03-20 01:09:12,765 - INFO - Analyzing 0:01:00 minute timechunk from 2025-04-27 05:35:52 to 2025-04-27 05:36:52 (0 min overlap)
2026-03-20 01:09:12,767 - INFO - Processing a total of 1 stations, 1 at a time.
2026-03-20 01:09:16,988 - INFO - (1/1) KLF: Finished the prediction in 2.28s. (HP=1.0, LP=45.0)
2026-03-20 01:09:16,991 - INFO - 
2026-03-20 01:09:16,993 - INFO - ------- Parallel Station Waveform Processing Complete For 2025-04-27 05:35:52 to 2025-04-27 05:36:52 Timechunk-------
2026-03-20 01:09:16,995 - INFO - Picks saved at /home/blackwinter/projects/eqcct/eqcctpro/results/csv/eqcct_earthquakes_th0_1/20250427T053552Z_20250427T053652ZProcess Runtime: 4.23 s
2026-03-20 01:09:17,001 - INFO - Successfully ran EQCCTPro, exiting...
2026-03-20 01:09:18,445 - INFO - Ray Successfully Shutdown.
2026-03-20 01:09:18,446 - INFO - ------- Successfully Picked All Waveform(s) from all Timechunk(s) -------
