2026-03-27 20:07:39,647 - INFO - 
2026-03-27 20:07:39,647 - INFO - ------- Welcome to EQCCTPro -------
2026-03-27 20:07:39,647 - INFO - 
2026-03-27 20:07:39,648 - INFO - Running EQCCT over Requested MSeed Files using CPU(s)...
2026-03-27 20:07:39,648 - INFO - GPU disabled (CPU-only).
2026-03-27 20:07:39,648 - INFO - Skipping framework-specific initialization in the driver process.
2026-03-27 20:07:42,112 - INFO - Ray Successfully Initialized with 4 CPU(s) ([0, 1, 2, 3] CPU Affinity Binding).
2026-03-27 20:07:42,113 - INFO - Analyzing 1 time chunk(s) from 2025-08-13 15:18:40 to 2025-08-13 15:19:40 (dt=1min, overlap=0min).
2026-03-27 20:07:42,113 - INFO - Using 2 selected station(s).
2026-03-27 20:07:42,113 - INFO - 
2026-03-27 20:07:42,113 - INFO - ------- Starting EQCCTPro... -------
2026-03-27 20:07:42,113 - INFO - Detailed subprocess information can be found in the log file.
2026-03-27 20:07:42,113 - INFO - 
2026-03-27 20:07:42,392 - INFO - GPU disabled (CPU-only).
2026-03-27 20:07:42,397 - INFO - Skipping framework-specific initialization in the driver process.
2026-03-27 20:07:42,400 - INFO - ------- Hardware Configuration -------
2026-03-27 20:07:42,402 - INFO - CPU affinity set to cores: [0, 1, 2, 3]
2026-03-27 20:07:42,404 - INFO - 
2026-03-27 20:07:42,406 - INFO - ------- Data Preprocessing for EQCCTPro -------
2026-03-27 20:07:42,408 - INFO - 2 station(s) in /home/blackwinter/projects/eqcct/eqcctpro/data/waveforms_earthquakes_nonoise/20250813T151840Z_20250813T151940Z
2026-03-27 20:07:42,410 - INFO - Using 2 selected station(s): ['FIA0', 'FIA1'].
2026-03-27 20:07:42,413 - INFO - Creating model actor(s)...
2026-03-27 20:07:42,415 - INFO - System RAM: Total=7870 MB, Available=5932 MB
2026-03-27 20:07:42,417 - INFO - Usable RAM budget: 7083 MB (90% of total)
2026-03-27 20:07:42,419 - INFO - ===== MEMORY-AWARE CPU ACTOR POOL =====
2026-03-27 20:07:42,421 - INFO - Requested concurrent tasks: 1
2026-03-27 20:07:42,423 - INFO - Available CPUs: 4
2026-03-27 20:07:42,425 - INFO - Available RAM: 7083 MB
2026-03-27 20:07:42,427 - INFO - RAM per model: 2060 MB
2026-03-27 20:07:42,429 - INFO - Max actors by RAM: 3
2026-03-27 20:07:42,431 - INFO - Creating 1 SeisBenchModelActor(s)
2026-03-27 20:07:42,432 - INFO - Let Ray handle scheduling (taskset already restricts CPU visibility)
2026-03-27 20:07:42,435 - INFO - Creating SeisBenchModelActor 1/1 (2.01GB RAM each)...
2026-03-27 20:07:45,526 - INFO - SeisBenchModelActor 1 created successfully.
2026-03-27 20:07:45,529 - INFO - Created 1 CPU actor(s). Task queue will handle concurrency.
2026-03-27 20:07:45,532 - INFO - Starting EQCCTPro parallelized waveform processing...
2026-03-27 20:07:45,534 - INFO - 
2026-03-27 20:07:45,537 - INFO - ------- Analyzing Seismic Waveforms for P and S Picks via SeisBench (EQTransformer - original_nonconservative) -------
2026-03-27 20:07:45,540 - INFO - Analyzing 0:01:00 minute timechunk from 2025-08-13 15:18:40 to 2025-08-13 15:19:40 (0 min overlap)
2026-03-27 20:07:45,542 - INFO - Processing a total of 2 stations, 1 at a time.
2026-03-27 20:07:47,747 - INFO - (1/2) FIA0: Finished the prediction in 0.13s. (HP=1.0, LP=45.0, picks=2)
2026-03-27 20:07:47,816 - INFO - (2/2) FIA1: Finished the prediction in 0.06s. (HP=1.0, LP=45.0, picks=2)
2026-03-27 20:07:47,819 - INFO - 
2026-03-27 20:07:47,821 - INFO - ------- Parallel Station Waveform Processing Complete For 2025-08-13 15:18:40 to 2025-08-13 15:19:40 Timechunk-------
2026-03-27 20:07:47,823 - INFO - Picks saved at /home/blackwinter/projects/eqcct/eqcctpro/results/csv/eqt_earthquakes_th0_1/20250813T151840Z_20250813T151940ZProcess Runtime: 2.29 s
2026-03-27 20:07:47,841 - INFO - Successfully ran EQCCTPro, exiting...
2026-03-27 20:07:49,648 - INFO - Ray Successfully Shutdown.
2026-03-27 20:07:49,649 - INFO - ------- Successfully Picked All Waveform(s) from all Timechunk(s) -------
2026-03-28 02:34:09,061 - INFO - 
2026-03-28 02:34:09,062 - INFO - ------- Welcome to EQCCTPro -------
2026-03-28 02:34:09,062 - INFO - 
2026-03-28 02:34:09,063 - INFO - Running EQCCT over Requested MSeed Files using CPU(s)...
2026-03-28 02:34:09,063 - INFO - GPU disabled (CPU-only).
2026-03-28 02:34:09,063 - INFO - Skipping framework-specific initialization in the driver process.
2026-03-28 02:34:11,455 - INFO - Ray Successfully Initialized with 4 CPU(s) ([0, 1, 2, 3] CPU Affinity Binding).
2026-03-28 02:34:11,455 - INFO - Analyzing 1 time chunk(s) from 2025-08-13 15:18:40 to 2025-08-13 15:19:40 (dt=1min, overlap=0min).
2026-03-28 02:34:11,456 - INFO - Using 2 selected station(s).
2026-03-28 02:34:11,456 - INFO - 
2026-03-28 02:34:11,457 - INFO - ------- Starting EQCCTPro... -------
2026-03-28 02:34:11,457 - INFO - Detailed subprocess information can be found in the log file.
2026-03-28 02:34:11,457 - INFO - 
2026-03-28 02:34:11,805 - INFO - GPU disabled (CPU-only).
2026-03-28 02:34:11,812 - INFO - Skipping framework-specific initialization in the driver process.
2026-03-28 02:34:11,816 - INFO - ------- Hardware Configuration -------
2026-03-28 02:34:11,820 - INFO - CPU affinity set to cores: [0, 1, 2, 3]
2026-03-28 02:34:11,823 - INFO - 
2026-03-28 02:34:11,827 - INFO - ------- Data Preprocessing for EQCCTPro -------
2026-03-28 02:34:11,830 - INFO - 2 station(s) in /home/blackwinter/projects/eqcct/eqcctpro/data/waveforms_earthquakes_nonoise/20250813T151840Z_20250813T151940Z
2026-03-28 02:34:11,833 - INFO - Using 2 selected station(s): ['FIA0', 'FIA1'].
2026-03-28 02:34:11,837 - INFO - Creating model actor(s)...
2026-03-28 02:34:11,841 - INFO - System RAM: Total=7870 MB, Available=5730 MB
2026-03-28 02:34:11,845 - INFO - Usable RAM budget: 7083 MB (90% of total)
2026-03-28 02:34:11,848 - INFO - ===== MEMORY-AWARE CPU ACTOR POOL =====
2026-03-28 02:34:11,852 - INFO - Requested concurrent tasks: 1
2026-03-28 02:34:11,856 - INFO - Available CPUs: 4
2026-03-28 02:34:11,859 - INFO - Available RAM: 7083 MB
2026-03-28 02:34:11,863 - INFO - RAM per model: 2060 MB
2026-03-28 02:34:11,867 - INFO - Max actors by RAM: 3
2026-03-28 02:34:11,870 - INFO - Creating 1 SeisBenchModelActor(s)
2026-03-28 02:34:11,874 - INFO - Let Ray handle scheduling (taskset already restricts CPU visibility)
2026-03-28 02:34:11,878 - INFO - Creating SeisBenchModelActor 1/1 (2.01GB RAM each)...
2026-03-28 02:34:15,077 - INFO - SeisBenchModelActor 1 created successfully.
2026-03-28 02:34:15,080 - INFO - Created 1 CPU actor(s). Task queue will handle concurrency.
2026-03-28 02:34:15,083 - INFO - Starting EQCCTPro parallelized waveform processing...
2026-03-28 02:34:15,086 - INFO - 
2026-03-28 02:34:15,089 - INFO - ------- Analyzing Seismic Waveforms for P and S Picks via SeisBench (EQTransformer - original_nonconservative) -------
2026-03-28 02:34:15,092 - INFO - Analyzing 0:01:00 minute timechunk from 2025-08-13 15:18:40 to 2025-08-13 15:19:40 (0 min overlap)
2026-03-28 02:34:15,094 - INFO - Processing a total of 2 stations, 1 at a time.
2026-03-28 02:34:17,144 - INFO - (1/2) FIA0: Skipped (already exists - overwrite=False).
2026-03-28 02:34:17,150 - INFO - (2/2) FIA1: Skipped (already exists - overwrite=False).
2026-03-28 02:34:17,152 - INFO - 
2026-03-28 02:34:17,155 - INFO - ------- Parallel Station Waveform Processing Complete For 2025-08-13 15:18:40 to 2025-08-13 15:19:40 Timechunk-------
2026-03-28 02:34:17,157 - INFO - Picks saved at /home/blackwinter/projects/eqcct/eqcctpro/results/csv/eqt_earthquakes_th0_1/20250813T151840Z_20250813T151940ZProcess Runtime: 2.07 s
2026-03-28 02:34:17,164 - INFO - Successfully ran EQCCTPro, exiting...
2026-03-28 02:34:18,656 - INFO - Ray Successfully Shutdown.
2026-03-28 02:34:18,656 - INFO - ------- Successfully Picked All Waveform(s) from all Timechunk(s) -------
