2026-02-22 17:07:52,417 - INFO - 
2026-02-22 17:07:52,417 - INFO - ------- Welcome to EQCCTPro -------
2026-02-22 17:07:52,417 - INFO - 
2026-02-22 17:07:52,418 - INFO - Running EQCCT over Requested MSeed Files using CPU(s)...
2026-02-22 17:07:52,418 - INFO - GPU disabled (CPU-only).
2026-02-22 17:07:52,418 - INFO - Configured Intra-op threads = 1
2026-02-22 17:07:52,419 - INFO - Configured Inter-op threads = 1
2026-02-22 17:07:52,419 - INFO - TensorFlow: No GPUs visible; TF will proceed on CPU.
2026-02-22 17:07:52,419 - INFO - 
2026-02-22 17:07:57,987 - INFO - Ray Successfully Initialized with 4 CPU(s) ([0, 1, 2, 3] CPU Affinity Binding).
2026-02-22 17:07:57,987 - INFO - Analyzing 1 time chunk(s) from 2025-07-01 19:27:37 to 2025-07-01 19:28:37 (dt=1min, overlap=0min).
2026-02-22 17:07:57,987 - INFO - Using 1 selected station(s).
2026-02-22 17:07:57,988 - INFO - 
2026-02-22 17:07:57,988 - INFO - ------- Starting EQCCTPro... -------
2026-02-22 17:07:57,988 - INFO - Detailed subprocess information can be found in the log file.
2026-02-22 17:07:57,988 - INFO - 
2026-02-22 17:07:58,340 - INFO - GPU disabled (CPU-only).
2026-02-22 17:07:59,821 - INFO - Configured Intra-op threads = 1
2026-02-22 17:07:59,823 - INFO - Configured Inter-op threads = 1
2026-02-22 17:07:59,871 - INFO - TensorFlow: No GPUs visible; TF will proceed on CPU.
2026-02-22 17:07:59,874 - INFO - 
2026-02-22 17:07:59,876 - INFO - ------- Hardware Configuration -------
2026-02-22 17:07:59,878 - INFO - CPU affinity set to cores: [0, 1, 2, 3]
2026-02-22 17:07:59,880 - INFO - 
2026-02-22 17:07:59,883 - INFO - ------- Data Preprocessing for EQCCTPro -------
2026-02-22 17:07:59,885 - INFO - 1 station(s) in /home/blackwinter/projects/eqcct/eqcctpro/data/waveforms_earthquakes_nonoise/20250701T192737Z_20250701T192837Z
2026-02-22 17:07:59,887 - INFO - Using 1 selected station(s): ['PVF'].
2026-02-22 17:07:59,889 - INFO - Creating model actor(s)...
2026-02-22 17:07:59,891 - INFO - System RAM: Total=7870 MB, Available=1920 MB
2026-02-22 17:07:59,892 - INFO - Usable RAM budget: 7083 MB (90% of total)
2026-02-22 17:07:59,894 - INFO - ===== MEMORY-AWARE CPU ACTOR POOL (EQCCT) =====
2026-02-22 17:07:59,896 - INFO - Requested concurrent tasks: 1
2026-02-22 17:07:59,898 - INFO - Available CPUs: 4
2026-02-22 17:07:59,900 - INFO - Available RAM: 7083 MB
2026-02-22 17:07:59,901 - INFO - RAM per model: 2264 MB
2026-02-22 17:07:59,903 - INFO - Max actors by RAM: 3
2026-02-22 17:07:59,906 - INFO - Creating 1 ModelActor(s)
2026-02-22 17:07:59,908 - INFO - Let Ray handle scheduling (taskset already restricts CPU visibility)
2026-02-22 17:07:59,910 - INFO - Creating ModelActor 1/1 (2.21GB RAM each)...
2026-02-22 17:08:03,750 - INFO - ModelActor 1 created successfully.
2026-02-22 17:08:03,752 - INFO - Created 1 CPU actor(s). Task queue will handle concurrency.
2026-02-22 17:08:03,754 - INFO - Starting EQCCTPro parallelized waveform processing...
2026-02-22 17:08:03,756 - INFO - 
2026-02-22 17:08:03,758 - INFO - ------- Analyzing Seismic Waveforms for P and S Picks via EQCCT -------
2026-02-22 17:08:03,761 - INFO - Analyzing 0:01:00 minute timechunk from 2025-07-01 19:27:37 to 2025-07-01 19:28:37 (0 min overlap)
2026-02-22 17:08:03,763 - INFO - Processing a total of 1 stations, 1 at a time.
2026-02-22 17:08:05,929 - INFO - (1/1) PVF: FAILED reading mSEED.
2026-02-22 17:08:05,935 - INFO - 
2026-02-22 17:08:05,937 - INFO - ------- Parallel Station Waveform Processing Complete For 2025-07-01 19:27:37 to 2025-07-01 19:28:37 Timechunk-------
2026-02-22 17:08:05,939 - INFO - Picks saved at /home/blackwinter/projects/eqcct/eqcctpro/results/csv/bm_eq_nonoise/20250701T192737Z_20250701T192837ZProcess Runtime: 2.18 s
2026-02-22 17:08:05,944 - INFO - Successfully ran EQCCTPro, exiting...
2026-02-22 17:08:07,538 - INFO - Ray Successfully Shutdown.
2026-02-22 17:08:07,538 - INFO - ------- Successfully Picked All Waveform(s) from all Timechunk(s) -------
