2026-03-28 11:52:53,675 - INFO - 
2026-03-28 11:52:53,675 - INFO - ------- Welcome to EQCCTPro -------
2026-03-28 11:52:53,675 - INFO - 
2026-03-28 11:52:53,676 - INFO - Running EQCCT over Requested MSeed Files using CPU(s)...
2026-03-28 11:52:53,676 - INFO - GPU disabled (CPU-only).
2026-03-28 11:52:53,676 - INFO - Skipping framework-specific initialization in the driver process.
2026-03-28 11:52:55,087 - INFO - Ray Successfully Initialized with 4 CPU(s) ([0, 1, 2, 3] CPU Affinity Binding).
2026-03-28 11:52:55,087 - INFO - Analyzing 1 time chunk(s) from 2025-01-08 17:10:45 to 2025-01-08 17:11:45 (dt=1min, overlap=0min).
2026-03-28 11:52:55,087 - INFO - Using 1 selected station(s).
2026-03-28 11:52:55,087 - INFO - 
2026-03-28 11:52:55,088 - INFO - ------- Starting EQCCTPro... -------
2026-03-28 11:52:55,088 - INFO - Detailed subprocess information can be found in the log file.
2026-03-28 11:52:55,088 - INFO - 
2026-03-28 11:52:55,393 - INFO - GPU disabled (CPU-only).
2026-03-28 11:52:55,398 - INFO - Skipping framework-specific initialization in the driver process.
2026-03-28 11:52:55,400 - INFO - ------- Hardware Configuration -------
2026-03-28 11:52:55,403 - INFO - CPU affinity set to cores: [0, 1, 2, 3]
2026-03-28 11:52:55,406 - INFO - 
2026-03-28 11:52:55,409 - INFO - ------- Data Preprocessing for EQCCTPro -------
2026-03-28 11:52:55,412 - INFO - 1 station(s) in /home/blackwinter/projects/eqcct/eqcctpro/data/waveforms_noise_only/20250108T171045Z_20250108T171145Z
2026-03-28 11:52:55,414 - INFO - Using 1 selected station(s): ['KLF'].
2026-03-28 11:52:55,417 - INFO - Creating model actor(s)...
2026-03-28 11:52:55,420 - INFO - System RAM: Total=7870 MB, Available=4545 MB
2026-03-28 11:52:55,422 - INFO - Usable RAM budget: 7083 MB (90% of total)
2026-03-28 11:52:55,425 - INFO - ===== MEMORY-AWARE CPU ACTOR POOL =====
2026-03-28 11:52:55,427 - INFO - Requested concurrent tasks: 1
2026-03-28 11:52:55,430 - INFO - Available CPUs: 4
2026-03-28 11:52:55,432 - INFO - Available RAM: 7083 MB
2026-03-28 11:52:55,435 - INFO - RAM per model: 2060 MB
2026-03-28 11:52:55,437 - INFO - Max actors by RAM: 3
2026-03-28 11:52:55,439 - INFO - Creating 1 SeisBenchModelActor(s)
2026-03-28 11:52:55,442 - INFO - Let Ray handle scheduling (taskset already restricts CPU visibility)
2026-03-28 11:52:55,444 - INFO - Creating SeisBenchModelActor 1/1 (2.01GB RAM each)...
2026-03-28 11:52:58,246 - INFO - SeisBenchModelActor 1 created successfully.
2026-03-28 11:52:58,248 - INFO - Created 1 CPU actor(s). Task queue will handle concurrency.
2026-03-28 11:52:58,255 - INFO - Starting EQCCTPro parallelized waveform processing...
2026-03-28 11:52:58,257 - INFO - 
2026-03-28 11:52:58,260 - INFO - ------- Analyzing Seismic Waveforms for P and S Picks via SeisBench (EQTransformer - original_nonconservative) -------
2026-03-28 11:52:58,263 - INFO - Analyzing 0:01:00 minute timechunk from 2025-01-08 17:10:45 to 2025-01-08 17:11:45 (0 min overlap)
2026-03-28 11:52:58,265 - INFO - Processing a total of 1 stations, 1 at a time.
2026-03-28 11:53:00,608 - INFO - (1/1) KLF: Finished the prediction in 0.16s. (HP=1.0, LP=45.0, picks=0)
2026-03-28 11:53:00,613 - INFO - 
2026-03-28 11:53:00,617 - INFO - ------- Parallel Station Waveform Processing Complete For 2025-01-08 17:10:45 to 2025-01-08 17:11:45 Timechunk-------
2026-03-28 11:53:00,619 - INFO - Picks saved at /home/blackwinter/projects/eqcct/eqcctpro/results/csv/eqt_noise_th0_1/20250108T171045Z_20250108T171145ZProcess Runtime: 2.36 s
2026-03-28 11:53:00,625 - INFO - Successfully ran EQCCTPro, exiting...
2026-03-28 11:53:02,269 - INFO - Ray Successfully Shutdown.
2026-03-28 11:53:02,270 - INFO - ------- Successfully Picked All Waveform(s) from all Timechunk(s) -------
