2026-03-20 05:39:24,915 - INFO - 
2026-03-20 05:39:24,915 - INFO - ------- Welcome to EQCCTPro -------
2026-03-20 05:39:24,915 - INFO - 
2026-03-20 05:39:24,916 - INFO - Running EQCCT over Requested MSeed Files using CPU(s)...
2026-03-20 05:39:24,916 - INFO - GPU disabled (CPU-only).
2026-03-20 05:39:24,916 - INFO - Configured Intra-op threads = 1
2026-03-20 05:39:24,916 - INFO - Configured Inter-op threads = 1
2026-03-20 05:39:24,916 - INFO - TensorFlow: No GPUs visible; TF will proceed on CPU.
2026-03-20 05:39:24,917 - INFO - 
2026-03-20 05:39:30,192 - INFO - Ray Successfully Initialized with 4 CPU(s) ([0, 1, 2, 3] CPU Affinity Binding).
2026-03-20 05:39:30,192 - INFO - Analyzing 1 time chunk(s) from 2025-09-30 14:49:13 to 2025-09-30 14:50:13 (dt=1min, overlap=0min).
2026-03-20 05:39:30,192 - INFO - Using 1 selected station(s).
2026-03-20 05:39:30,193 - INFO - 
2026-03-20 05:39:30,193 - INFO - ------- Starting EQCCTPro... -------
2026-03-20 05:39:30,193 - INFO - Detailed subprocess information can be found in the log file.
2026-03-20 05:39:30,193 - INFO - 
2026-03-20 05:39:30,559 - INFO - GPU disabled (CPU-only).
2026-03-20 05:39:31,993 - INFO - Configured Intra-op threads = 1
2026-03-20 05:39:31,996 - INFO - Configured Inter-op threads = 1
2026-03-20 05:39:32,039 - INFO - TensorFlow: No GPUs visible; TF will proceed on CPU.
2026-03-20 05:39:32,041 - INFO - 
2026-03-20 05:39:32,043 - INFO - ------- Hardware Configuration -------
2026-03-20 05:39:32,045 - INFO - CPU affinity set to cores: [0, 1, 2, 3]
2026-03-20 05:39:32,047 - INFO - 
2026-03-20 05:39:32,049 - INFO - ------- Data Preprocessing for EQCCTPro -------
2026-03-20 05:39:32,050 - INFO - 1 station(s) in /home/blackwinter/projects/eqcct/eqcctpro/data/waveforms_earthquakes_nonoise/20250930T144913Z_20250930T145013Z
2026-03-20 05:39:32,052 - INFO - Using 1 selected station(s): ['OUF'].
2026-03-20 05:39:32,054 - INFO - Creating model actor(s)...
2026-03-20 05:39:32,056 - INFO - System RAM: Total=7870 MB, Available=1535 MB
2026-03-20 05:39:32,058 - INFO - Usable RAM budget: 7083 MB (90% of total)
2026-03-20 05:39:32,060 - INFO - ===== MEMORY-AWARE CPU ACTOR POOL (EQCCT) =====
2026-03-20 05:39:32,062 - INFO - Requested concurrent tasks: 1
2026-03-20 05:39:32,063 - INFO - Available CPUs: 4
2026-03-20 05:39:32,065 - INFO - Available RAM: 7083 MB
2026-03-20 05:39:32,068 - INFO - RAM per model: 2264 MB
2026-03-20 05:39:32,070 - INFO - Max actors by RAM: 3
2026-03-20 05:39:32,072 - INFO - Creating 1 ModelActor(s)
2026-03-20 05:39:32,074 - INFO - Let Ray handle scheduling (taskset already restricts CPU visibility)
2026-03-20 05:39:32,076 - INFO - Creating ModelActor 1/1 (2.21GB RAM each)...
2026-03-20 05:39:36,018 - INFO - ModelActor 1 created successfully.
2026-03-20 05:39:36,021 - INFO - Created 1 CPU actor(s). Task queue will handle concurrency.
2026-03-20 05:39:36,024 - INFO - Starting EQCCTPro parallelized waveform processing...
2026-03-20 05:39:36,025 - INFO - 
2026-03-20 05:39:36,027 - INFO - ------- Analyzing Seismic Waveforms for P and S Picks via EQCCT -------
2026-03-20 05:39:36,029 - INFO - Analyzing 0:01:00 minute timechunk from 2025-09-30 14:49:13 to 2025-09-30 14:50:13 (0 min overlap)
2026-03-20 05:39:36,031 - INFO - Processing a total of 1 stations, 1 at a time.
2026-03-20 05:39:40,047 - INFO - (1/1) OUF: Finished the prediction in 2.15s. (HP=1.0, LP=45.0)
2026-03-20 05:39:40,049 - INFO - 
2026-03-20 05:39:40,051 - INFO - ------- Parallel Station Waveform Processing Complete For 2025-09-30 14:49:13 to 2025-09-30 14:50:13 Timechunk-------
2026-03-20 05:39:40,053 - INFO - Picks saved at /home/blackwinter/projects/eqcct/eqcctpro/results/csv/eqcct_earthquakes_th0_1/20250930T144913Z_20250930T145013ZProcess Runtime: 4.03 s
2026-03-20 05:39:40,058 - INFO - Successfully ran EQCCTPro, exiting...
2026-03-20 05:39:41,632 - INFO - Ray Successfully Shutdown.
2026-03-20 05:39:41,632 - INFO - ------- Successfully Picked All Waveform(s) from all Timechunk(s) -------
