2026-03-28 16:54:51,655 - INFO - 
2026-03-28 16:54:51,655 - INFO - ------- Welcome to EQCCTPro -------
2026-03-28 16:54:51,655 - INFO - 
2026-03-28 16:54:51,655 - INFO - Running EQCCT over Requested MSeed Files using CPU(s)...
2026-03-28 16:54:51,656 - INFO - GPU disabled (CPU-only).
2026-03-28 16:54:51,656 - INFO - Skipping framework-specific initialization in the driver process.
2026-03-28 16:54:54,359 - INFO - Ray Successfully Initialized with 4 CPU(s) ([0, 1, 2, 3] CPU Affinity Binding).
2026-03-28 16:54:54,359 - INFO - Analyzing 1 time chunk(s) from 2025-01-09 12:48:06 to 2025-01-09 12:49:06 (dt=1min, overlap=0min).
2026-03-28 16:54:54,359 - INFO - Using 1 selected station(s).
2026-03-28 16:54:54,359 - INFO - 
2026-03-28 16:54:54,359 - INFO - ------- Starting EQCCTPro... -------
2026-03-28 16:54:54,360 - INFO - Detailed subprocess information can be found in the log file.
2026-03-28 16:54:54,360 - INFO - 
2026-03-28 16:54:54,700 - INFO - GPU disabled (CPU-only).
2026-03-28 16:54:54,705 - INFO - Skipping framework-specific initialization in the driver process.
2026-03-28 16:54:54,709 - INFO - ------- Hardware Configuration -------
2026-03-28 16:54:54,712 - INFO - CPU affinity set to cores: [0, 1, 2, 3]
2026-03-28 16:54:54,715 - INFO - 
2026-03-28 16:54:54,718 - INFO - ------- Data Preprocessing for EQCCTPro -------
2026-03-28 16:54:54,721 - INFO - 1 station(s) in /home/blackwinter/projects/eqcct/eqcctpro/data/waveforms_explosions_nonoise/20250109T124806Z_20250109T124906Z
2026-03-28 16:54:54,725 - INFO - Using 1 selected station(s): ['HEL5'].
2026-03-28 16:54:54,728 - INFO - Creating model actor(s)...
2026-03-28 16:54:54,730 - INFO - System RAM: Total=7870 MB, Available=4306 MB
2026-03-28 16:54:54,733 - INFO - Usable RAM budget: 7083 MB (90% of total)
2026-03-28 16:54:54,735 - INFO - ===== MEMORY-AWARE CPU ACTOR POOL =====
2026-03-28 16:54:54,737 - INFO - Requested concurrent tasks: 1
2026-03-28 16:54:54,740 - INFO - Available CPUs: 4
2026-03-28 16:54:54,742 - INFO - Available RAM: 7083 MB
2026-03-28 16:54:54,745 - INFO - RAM per model: 2060 MB
2026-03-28 16:54:54,747 - INFO - Max actors by RAM: 3
2026-03-28 16:54:54,749 - INFO - Creating 1 SeisBenchModelActor(s)
2026-03-28 16:54:54,751 - INFO - Let Ray handle scheduling (taskset already restricts CPU visibility)
2026-03-28 16:54:54,754 - INFO - Creating SeisBenchModelActor 1/1 (2.01GB RAM each)...
2026-03-28 16:54:57,792 - INFO - SeisBenchModelActor 1 created successfully.
2026-03-28 16:54:57,794 - INFO - Created 1 CPU actor(s). Task queue will handle concurrency.
2026-03-28 16:54:57,797 - INFO - Starting EQCCTPro parallelized waveform processing...
2026-03-28 16:54:57,801 - INFO - 
2026-03-28 16:54:57,804 - INFO - ------- Analyzing Seismic Waveforms for P and S Picks via SeisBench (EQTransformer - original_nonconservative) -------
2026-03-28 16:54:57,808 - INFO - Analyzing 0:01:00 minute timechunk from 2025-01-09 12:48:06 to 2025-01-09 12:49:06 (0 min overlap)
2026-03-28 16:54:57,810 - INFO - Processing a total of 1 stations, 1 at a time.
2026-03-28 16:55:00,276 - INFO - (1/1) HEL5: Finished the prediction in 0.15s. (HP=1.0, LP=45.0, picks=2)
2026-03-28 16:55:00,279 - INFO - 
2026-03-28 16:55:00,282 - INFO - ------- Parallel Station Waveform Processing Complete For 2025-01-09 12:48:06 to 2025-01-09 12:49:06 Timechunk-------
2026-03-28 16:55:00,285 - INFO - Picks saved at /home/blackwinter/projects/eqcct/eqcctpro/results/csv/eqt_explosions_th0_1/20250109T124806Z_20250109T124906ZProcess Runtime: 2.48 s
2026-03-28 16:55:00,291 - INFO - Successfully ran EQCCTPro, exiting...
2026-03-28 16:55:01,858 - INFO - Ray Successfully Shutdown.
2026-03-28 16:55:01,858 - INFO - ------- Successfully Picked All Waveform(s) from all Timechunk(s) -------
