2026-03-28 09:17:48,089 - INFO - 
2026-03-28 09:17:48,089 - INFO - ------- Welcome to EQCCTPro -------
2026-03-28 09:17:48,089 - INFO - 
2026-03-28 09:17:48,090 - INFO - Running EQCCT over Requested MSeed Files using CPU(s)...
2026-03-28 09:17:48,090 - INFO - GPU disabled (CPU-only).
2026-03-28 09:17:48,090 - INFO - Skipping framework-specific initialization in the driver process.
2026-03-28 09:17:50,539 - INFO - Ray Successfully Initialized with 4 CPU(s) ([0, 1, 2, 3] CPU Affinity Binding).
2026-03-28 09:17:50,539 - INFO - Analyzing 1 time chunk(s) from 2025-01-02 19:18:39 to 2025-01-02 19:19:39 (dt=1min, overlap=0min).
2026-03-28 09:17:50,540 - INFO - Using 1 selected station(s).
2026-03-28 09:17:50,540 - INFO - 
2026-03-28 09:17:50,540 - INFO - ------- Starting EQCCTPro... -------
2026-03-28 09:17:50,541 - INFO - Detailed subprocess information can be found in the log file.
2026-03-28 09:17:50,541 - INFO - 
2026-03-28 09:17:50,826 - INFO - GPU disabled (CPU-only).
2026-03-28 09:17:50,832 - INFO - Skipping framework-specific initialization in the driver process.
2026-03-28 09:17:50,835 - INFO - ------- Hardware Configuration -------
2026-03-28 09:17:50,838 - INFO - CPU affinity set to cores: [0, 1, 2, 3]
2026-03-28 09:17:50,840 - INFO - 
2026-03-28 09:17:50,843 - INFO - ------- Data Preprocessing for EQCCTPro -------
2026-03-28 09:17:50,845 - INFO - 1 station(s) in /home/blackwinter/projects/eqcct/eqcctpro/data/waveforms_noise_only/20250102T191839Z_20250102T191939Z
2026-03-28 09:17:50,847 - INFO - Using 1 selected station(s): ['FIB5'].
2026-03-28 09:17:50,849 - INFO - Creating model actor(s)...
2026-03-28 09:17:50,851 - INFO - System RAM: Total=7870 MB, Available=4676 MB
2026-03-28 09:17:50,853 - INFO - Usable RAM budget: 7083 MB (90% of total)
2026-03-28 09:17:50,855 - INFO - ===== MEMORY-AWARE CPU ACTOR POOL =====
2026-03-28 09:17:50,857 - INFO - Requested concurrent tasks: 1
2026-03-28 09:17:50,859 - INFO - Available CPUs: 4
2026-03-28 09:17:50,861 - INFO - Available RAM: 7083 MB
2026-03-28 09:17:50,863 - INFO - RAM per model: 2060 MB
2026-03-28 09:17:50,865 - INFO - Max actors by RAM: 3
2026-03-28 09:17:50,867 - INFO - Creating 1 SeisBenchModelActor(s)
2026-03-28 09:17:50,869 - INFO - Let Ray handle scheduling (taskset already restricts CPU visibility)
2026-03-28 09:17:50,871 - INFO - Creating SeisBenchModelActor 1/1 (2.01GB RAM each)...
2026-03-28 09:17:54,159 - INFO - SeisBenchModelActor 1 created successfully.
2026-03-28 09:17:54,161 - INFO - Created 1 CPU actor(s). Task queue will handle concurrency.
2026-03-28 09:17:54,164 - INFO - Starting EQCCTPro parallelized waveform processing...
2026-03-28 09:17:54,167 - INFO - 
2026-03-28 09:17:54,170 - INFO - ------- Analyzing Seismic Waveforms for P and S Picks via SeisBench (EQTransformer - original_nonconservative) -------
2026-03-28 09:17:54,173 - INFO - Analyzing 0:01:00 minute timechunk from 2025-01-02 19:18:39 to 2025-01-02 19:19:39 (0 min overlap)
2026-03-28 09:17:54,175 - INFO - Processing a total of 1 stations, 1 at a time.
2026-03-28 09:17:56,329 - INFO - (1/1) FIB5: Finished the prediction in 0.12s. (HP=1.0, LP=45.0, picks=0)
2026-03-28 09:17:56,331 - INFO - 
2026-03-28 09:17:56,333 - INFO - ------- Parallel Station Waveform Processing Complete For 2025-01-02 19:18:39 to 2025-01-02 19:19:39 Timechunk-------
2026-03-28 09:17:56,336 - INFO - Picks saved at /home/blackwinter/projects/eqcct/eqcctpro/results/csv/eqt_noise_th0_1/20250102T191839Z_20250102T191939ZProcess Runtime: 2.17 s
2026-03-28 09:17:56,340 - INFO - Successfully ran EQCCTPro, exiting...
2026-03-28 09:17:57,872 - INFO - Ray Successfully Shutdown.
2026-03-28 09:17:57,872 - INFO - ------- Successfully Picked All Waveform(s) from all Timechunk(s) -------
