2026-02-23 20:32:57,888 - INFO - 
2026-02-23 20:32:57,888 - INFO - ------- Welcome to EQCCTPro -------
2026-02-23 20:32:57,888 - INFO - 
2026-02-23 20:32:57,889 - INFO - Running EQCCT over Requested MSeed Files using CPU(s)...
2026-02-23 20:32:57,889 - INFO - GPU disabled (CPU-only).
2026-02-23 20:32:57,889 - INFO - Configured Intra-op threads = 1
2026-02-23 20:32:57,889 - INFO - Configured Inter-op threads = 1
2026-02-23 20:32:57,889 - INFO - TensorFlow: No GPUs visible; TF will proceed on CPU.
2026-02-23 20:32:57,890 - INFO - 
2026-02-23 20:33:03,429 - INFO - Ray Successfully Initialized with 4 CPU(s) ([0, 1, 2, 3] CPU Affinity Binding).
2026-02-23 20:33:03,430 - INFO - Analyzing 1 time chunk(s) from 2025-03-14 12:47:55 to 2025-03-14 12:48:55 (dt=1min, overlap=0min).
2026-02-23 20:33:03,430 - INFO - Using 1 selected station(s).
2026-02-23 20:33:03,430 - INFO - 
2026-02-23 20:33:03,431 - INFO - ------- Starting EQCCTPro... -------
2026-02-23 20:33:03,431 - INFO - Detailed subprocess information can be found in the log file.
2026-02-23 20:33:03,431 - INFO - 
2026-02-23 20:33:03,787 - INFO - GPU disabled (CPU-only).
2026-02-23 20:33:05,245 - INFO - Configured Intra-op threads = 1
2026-02-23 20:33:05,247 - INFO - Configured Inter-op threads = 1
2026-02-23 20:33:05,287 - INFO - TensorFlow: No GPUs visible; TF will proceed on CPU.
2026-02-23 20:33:05,290 - INFO - 
2026-02-23 20:33:05,292 - INFO - ------- Hardware Configuration -------
2026-02-23 20:33:05,294 - INFO - CPU affinity set to cores: [0, 1, 2, 3]
2026-02-23 20:33:05,295 - INFO - 
2026-02-23 20:33:05,297 - INFO - ------- Data Preprocessing for EQCCTPro -------
2026-02-23 20:33:05,299 - INFO - 1 station(s) in /home/blackwinter/projects/eqcct/eqcctpro/data/waveforms_earthquakes_noise_only/20250314T124755Z_20250314T124855Z
2026-02-23 20:33:05,300 - INFO - Using 1 selected station(s): ['LOVF'].
2026-02-23 20:33:05,302 - INFO - Creating model actor(s)...
2026-02-23 20:33:05,304 - INFO - System RAM: Total=7870 MB, Available=3467 MB
2026-02-23 20:33:05,306 - INFO - Usable RAM budget: 7083 MB (90% of total)
2026-02-23 20:33:05,309 - INFO - ===== MEMORY-AWARE CPU ACTOR POOL (EQCCT) =====
2026-02-23 20:33:05,310 - INFO - Requested concurrent tasks: 1
2026-02-23 20:33:05,312 - INFO - Available CPUs: 4
2026-02-23 20:33:05,314 - INFO - Available RAM: 7083 MB
2026-02-23 20:33:05,316 - INFO - RAM per model: 2264 MB
2026-02-23 20:33:05,318 - INFO - Max actors by RAM: 3
2026-02-23 20:33:05,320 - INFO - Creating 1 ModelActor(s)
2026-02-23 20:33:05,321 - INFO - Let Ray handle scheduling (taskset already restricts CPU visibility)
2026-02-23 20:33:05,323 - INFO - Creating ModelActor 1/1 (2.21GB RAM each)...
2026-02-23 20:33:09,243 - INFO - ModelActor 1 created successfully.
2026-02-23 20:33:09,245 - INFO - Created 1 CPU actor(s). Task queue will handle concurrency.
2026-02-23 20:33:09,247 - INFO - Starting EQCCTPro parallelized waveform processing...
2026-02-23 20:33:09,248 - INFO - 
2026-02-23 20:33:09,250 - INFO - ------- Analyzing Seismic Waveforms for P and S Picks via EQCCT -------
2026-02-23 20:33:09,252 - INFO - Analyzing 0:01:00 minute timechunk from 2025-03-14 12:47:55 to 2025-03-14 12:48:55 (0 min overlap)
2026-02-23 20:33:09,254 - INFO - Processing a total of 1 stations, 1 at a time.
2026-02-23 20:33:13,356 - INFO - (1/1) LOVF: Finished the prediction in 2.17s. (HP=1.0, LP=45.0)
2026-02-23 20:33:13,358 - INFO - 
2026-02-23 20:33:13,360 - INFO - ------- Parallel Station Waveform Processing Complete For 2025-03-14 12:47:55 to 2025-03-14 12:48:55 Timechunk-------
2026-02-23 20:33:13,367 - INFO - Successfully ran EQCCTPro, exiting...
2026-02-23 20:33:13,362 - INFO - Picks saved at /home/blackwinter/projects/eqcct/eqcctpro/results/csv/bm_eq_noise_only/20250314T124755Z_20250314T124855ZProcess Runtime: 4.11 s
2026-02-23 20:33:15,045 - INFO - Ray Successfully Shutdown.
2026-02-23 20:33:15,046 - INFO - ------- Successfully Picked All Waveform(s) from all Timechunk(s) -------
