2026-03-28 21:38:01,610 - INFO - 
2026-03-28 21:38:01,610 - INFO - ------- Welcome to EQCCTPro -------
2026-03-28 21:38:01,610 - INFO - 
2026-03-28 21:38:01,611 - INFO - Running EQCCT over Requested MSeed Files using CPU(s)...
2026-03-28 21:38:01,611 - INFO - GPU disabled (CPU-only).
2026-03-29 07:42:21,882 - INFO - 
2026-03-29 07:42:21,882 - INFO - ------- Welcome to EQCCTPro -------
2026-03-29 07:42:21,882 - INFO - 
2026-03-29 07:42:21,883 - INFO - Running EQCCT over Requested MSeed Files using CPU(s)...
2026-03-29 07:42:21,883 - INFO - GPU disabled (CPU-only).
2026-03-29 07:42:21,883 - INFO - Configured Intra-op threads = 1
2026-03-29 07:42:21,883 - INFO - Configured Inter-op threads = 1
2026-03-29 07:42:21,883 - INFO - TensorFlow: No GPUs visible; TF will proceed on CPU.
2026-03-29 07:42:21,884 - INFO - 
2026-03-29 07:42:27,148 - INFO - Ray Successfully Initialized with 4 CPU(s) ([0, 1, 2, 3] CPU Affinity Binding).
2026-03-29 07:42:27,148 - INFO - Analyzing 1 time chunk(s) from 2025-01-23 13:20:57 to 2025-01-23 13:21:57 (dt=1min, overlap=0min).
2026-03-29 07:42:27,148 - INFO - Using 1 selected station(s).
2026-03-29 07:42:27,148 - INFO - 
2026-03-29 07:42:27,149 - INFO - ------- Starting EQCCTPro... -------
2026-03-29 07:42:27,149 - INFO - Detailed subprocess information can be found in the log file.
2026-03-29 07:42:27,149 - INFO - 
2026-03-29 07:42:27,562 - INFO - GPU disabled (CPU-only).
2026-03-29 07:42:29,232 - INFO - Configured Intra-op threads = 1
2026-03-29 07:42:29,234 - INFO - Configured Inter-op threads = 1
2026-03-29 07:42:29,279 - INFO - TensorFlow: No GPUs visible; TF will proceed on CPU.
2026-03-29 07:42:29,281 - INFO - 
2026-03-29 07:42:29,284 - INFO - ------- Hardware Configuration -------
2026-03-29 07:42:29,287 - INFO - CPU affinity set to cores: [0, 1, 2, 3]
2026-03-29 07:42:29,289 - INFO - 
2026-03-29 07:42:29,291 - INFO - ------- Data Preprocessing for EQCCTPro -------
2026-03-29 07:42:29,294 - INFO - 1 station(s) in /home/blackwinter/projects/eqcct/eqcctpro/data/waveforms_explosions_nonoise/20250123T132057Z_20250123T132157Z
2026-03-29 07:42:29,296 - INFO - Using 1 selected station(s): ['FIA0'].
2026-03-29 07:42:29,298 - INFO - Creating model actor(s)...
2026-03-29 07:42:29,301 - INFO - System RAM: Total=7870 MB, Available=2892 MB
2026-03-29 07:42:29,304 - INFO - Usable RAM budget: 7083 MB (90% of total)
2026-03-29 07:42:29,306 - INFO - ===== MEMORY-AWARE CPU ACTOR POOL (EQCCT) =====
2026-03-29 07:42:29,309 - INFO - Requested concurrent tasks: 1
2026-03-29 07:42:29,311 - INFO - Available CPUs: 4
2026-03-29 07:42:29,314 - INFO - Available RAM: 7083 MB
2026-03-29 07:42:29,317 - INFO - RAM per model: 2264 MB
2026-03-29 07:42:29,318 - INFO - Max actors by RAM: 3
2026-03-29 07:42:29,320 - INFO - Creating 1 ModelActor(s)
2026-03-29 07:42:29,322 - INFO - Let Ray handle scheduling (taskset already restricts CPU visibility)
2026-03-29 07:42:29,325 - INFO - Creating ModelActor 1/1 (2.21GB RAM each)...
2026-03-29 07:42:33,712 - INFO - ModelActor 1 created successfully.
2026-03-29 07:42:33,715 - INFO - Created 1 CPU actor(s). Task queue will handle concurrency.
2026-03-29 07:42:33,718 - INFO - Starting EQCCTPro parallelized waveform processing...
2026-03-29 07:42:33,720 - INFO - 
2026-03-29 07:42:33,723 - INFO - ------- Analyzing Seismic Waveforms for P and S Picks via EQCCT -------
2026-03-29 07:42:33,726 - INFO - Analyzing 0:01:00 minute timechunk from 2025-01-23 13:20:57 to 2025-01-23 13:21:57 (0 min overlap)
2026-03-29 07:42:33,729 - INFO - Processing a total of 1 stations, 1 at a time.
2026-03-29 07:42:38,181 - INFO - (1/1) FIA0: Finished the prediction in 2.42s. (HP=1.0, LP=45.0)
2026-03-29 07:42:38,184 - INFO - 
2026-03-29 07:42:38,187 - INFO - ------- Parallel Station Waveform Processing Complete For 2025-01-23 13:20:57 to 2025-01-23 13:21:57 Timechunk-------
2026-03-29 07:42:38,191 - INFO - Picks saved at /home/blackwinter/projects/eqcct/eqcctpro/results/csv/eqcct_explosions_th0_1/20250123T132057Z_20250123T132157ZProcess Runtime: 4.47 s
2026-03-29 07:42:38,198 - INFO - Successfully ran EQCCTPro, exiting...
2026-03-29 07:42:40,006 - INFO - Ray Successfully Shutdown.
2026-03-29 07:42:40,006 - INFO - ------- Successfully Picked All Waveform(s) from all Timechunk(s) -------
