2026-02-24 01:16:07,391 - INFO - 
2026-02-24 01:16:07,391 - INFO - ------- Welcome to EQCCTPro -------
2026-02-24 01:16:07,391 - INFO - 
2026-02-24 01:16:07,392 - INFO - Running EQCCT over Requested MSeed Files using CPU(s)...
2026-02-24 01:16:07,392 - INFO - GPU disabled (CPU-only).
2026-02-24 01:16:07,393 - INFO - Configured Intra-op threads = 1
2026-02-24 01:16:07,393 - INFO - Configured Inter-op threads = 1
2026-02-24 01:16:07,393 - INFO - TensorFlow: No GPUs visible; TF will proceed on CPU.
2026-02-24 01:16:07,393 - INFO - 
2026-02-24 01:16:13,037 - INFO - Ray Successfully Initialized with 4 CPU(s) ([0, 1, 2, 3] CPU Affinity Binding).
2026-02-24 01:16:13,038 - INFO - Analyzing 1 time chunk(s) from 2025-06-01 19:00:54 to 2025-06-01 19:01:54 (dt=1min, overlap=0min).
2026-02-24 01:16:13,038 - INFO - Using 1 selected station(s).
2026-02-24 01:16:13,038 - INFO - 
2026-02-24 01:16:13,038 - INFO - ------- Starting EQCCTPro... -------
2026-02-24 01:16:13,038 - INFO - Detailed subprocess information can be found in the log file.
2026-02-24 01:16:13,038 - INFO - 
2026-02-24 01:16:13,392 - INFO - GPU disabled (CPU-only).
2026-02-24 01:16:14,945 - INFO - Configured Intra-op threads = 1
2026-02-24 01:16:14,947 - INFO - Configured Inter-op threads = 1
2026-02-24 01:16:14,991 - INFO - TensorFlow: No GPUs visible; TF will proceed on CPU.
2026-02-24 01:16:14,993 - INFO - 
2026-02-24 01:16:14,995 - INFO - ------- Hardware Configuration -------
2026-02-24 01:16:14,998 - INFO - CPU affinity set to cores: [0, 1, 2, 3]
2026-02-24 01:16:15,000 - INFO - 
2026-02-24 01:16:15,002 - INFO - ------- Data Preprocessing for EQCCTPro -------
2026-02-24 01:16:15,004 - INFO - 1 station(s) in /home/blackwinter/projects/eqcct/eqcctpro/data/waveforms_earthquakes_noise_only/20250601T190054Z_20250601T190154Z
2026-02-24 01:16:15,005 - INFO - Using 1 selected station(s): ['KY17'].
2026-02-24 01:16:15,007 - INFO - Creating model actor(s)...
2026-02-24 01:16:15,009 - INFO - System RAM: Total=7870 MB, Available=2593 MB
2026-02-24 01:16:15,010 - INFO - Usable RAM budget: 7083 MB (90% of total)
2026-02-24 01:16:15,012 - INFO - ===== MEMORY-AWARE CPU ACTOR POOL (EQCCT) =====
2026-02-24 01:16:15,014 - INFO - Requested concurrent tasks: 1
2026-02-24 01:16:15,016 - INFO - Available CPUs: 4
2026-02-24 01:16:15,017 - INFO - Available RAM: 7083 MB
2026-02-24 01:16:15,019 - INFO - RAM per model: 2264 MB
2026-02-24 01:16:15,021 - INFO - Max actors by RAM: 3
2026-02-24 01:16:15,023 - INFO - Creating 1 ModelActor(s)
2026-02-24 01:16:15,025 - INFO - Let Ray handle scheduling (taskset already restricts CPU visibility)
2026-02-24 01:16:15,027 - INFO - Creating ModelActor 1/1 (2.21GB RAM each)...
2026-02-24 01:16:18,996 - INFO - ModelActor 1 created successfully.
2026-02-24 01:16:18,998 - INFO - Created 1 CPU actor(s). Task queue will handle concurrency.
2026-02-24 01:16:19,000 - INFO - Starting EQCCTPro parallelized waveform processing...
2026-02-24 01:16:19,001 - INFO - 
2026-02-24 01:16:19,003 - INFO - ------- Analyzing Seismic Waveforms for P and S Picks via EQCCT -------
2026-02-24 01:16:19,005 - INFO - Analyzing 0:01:00 minute timechunk from 2025-06-01 19:00:54 to 2025-06-01 19:01:54 (0 min overlap)
2026-02-24 01:16:19,007 - INFO - Processing a total of 1 stations, 1 at a time.
2026-02-24 01:16:23,276 - INFO - (1/1) KY17: Finished the prediction in 2.19s. (HP=1.0, LP=45.0)
2026-02-24 01:16:23,279 - INFO - 
2026-02-24 01:16:23,281 - INFO - ------- Parallel Station Waveform Processing Complete For 2025-06-01 19:00:54 to 2025-06-01 19:01:54 Timechunk-------
2026-02-24 01:16:23,287 - INFO - Successfully ran EQCCTPro, exiting...
2026-02-24 01:16:23,283 - INFO - Picks saved at /home/blackwinter/projects/eqcct/eqcctpro/results/csv/bm_eq_noise_only/20250601T190054Z_20250601T190154ZProcess Runtime: 4.28 s
2026-02-24 01:16:25,116 - INFO - Ray Successfully Shutdown.
2026-02-24 01:16:25,116 - INFO - ------- Successfully Picked All Waveform(s) from all Timechunk(s) -------
