2026-03-10 23:33:02,675 - INFO - 
2026-03-10 23:33:02,675 - INFO - ------- Welcome to EQCCTPro -------
2026-03-10 23:33:02,675 - INFO - 
2026-03-10 23:33:02,676 - INFO - Running EQCCT over Requested MSeed Files using CPU(s)...
2026-03-10 23:33:02,676 - INFO - GPU disabled (CPU-only).
2026-03-10 23:33:02,676 - INFO - Configured Intra-op threads = 1
2026-03-10 23:33:02,676 - INFO - Configured Inter-op threads = 1
2026-03-10 23:33:02,677 - INFO - TensorFlow: No GPUs visible; TF will proceed on CPU.
2026-03-10 23:33:02,677 - INFO - 
2026-03-10 23:33:08,166 - INFO - Ray Successfully Initialized with 4 CPU(s) ([0, 1, 2, 3] CPU Affinity Binding).
2026-03-10 23:33:08,166 - INFO - Analyzing 1 time chunk(s) from 2025-01-09 07:04:14 to 2025-01-09 07:05:14 (dt=1min, overlap=0min).
2026-03-10 23:33:08,166 - INFO - Using 1 selected station(s).
2026-03-10 23:33:08,166 - INFO - 
2026-03-10 23:33:08,167 - INFO - ------- Starting EQCCTPro... -------
2026-03-10 23:33:08,167 - INFO - Detailed subprocess information can be found in the log file.
2026-03-10 23:33:08,167 - INFO - 
2026-03-10 23:33:08,579 - INFO - GPU disabled (CPU-only).
2026-03-10 23:33:10,095 - INFO - Configured Intra-op threads = 1
2026-03-10 23:33:10,097 - INFO - Configured Inter-op threads = 1
2026-03-10 23:33:10,140 - INFO - TensorFlow: No GPUs visible; TF will proceed on CPU.
2026-03-10 23:33:10,143 - INFO - 
2026-03-10 23:33:10,145 - INFO - ------- Hardware Configuration -------
2026-03-10 23:33:10,147 - INFO - CPU affinity set to cores: [0, 1, 2, 3]
2026-03-10 23:33:10,149 - INFO - 
2026-03-10 23:33:10,151 - INFO - ------- Data Preprocessing for EQCCTPro -------
2026-03-10 23:33:10,154 - INFO - 1 station(s) in /home/blackwinter/projects/eqcct/eqcctpro/data/waveforms_noise_only/20250109T070414Z_20250109T070514Z
2026-03-10 23:33:10,156 - INFO - Using 1 selected station(s): ['FIC4'].
2026-03-10 23:33:10,158 - INFO - Creating model actor(s)...
2026-03-10 23:33:10,160 - INFO - System RAM: Total=7870 MB, Available=2652 MB
2026-03-10 23:33:10,162 - INFO - Usable RAM budget: 7083 MB (90% of total)
2026-03-10 23:33:10,165 - INFO - ===== MEMORY-AWARE CPU ACTOR POOL (EQCCT) =====
2026-03-10 23:33:10,167 - INFO - Requested concurrent tasks: 1
2026-03-10 23:33:10,169 - INFO - Available CPUs: 4
2026-03-10 23:33:10,171 - INFO - Available RAM: 7083 MB
2026-03-10 23:33:10,173 - INFO - RAM per model: 2264 MB
2026-03-10 23:33:10,175 - INFO - Max actors by RAM: 3
2026-03-10 23:33:10,177 - INFO - Creating 1 ModelActor(s)
2026-03-10 23:33:10,178 - INFO - Let Ray handle scheduling (taskset already restricts CPU visibility)
2026-03-10 23:33:10,180 - INFO - Creating ModelActor 1/1 (2.21GB RAM each)...
2026-03-10 23:33:14,248 - INFO - ModelActor 1 created successfully.
2026-03-10 23:33:14,250 - INFO - Created 1 CPU actor(s). Task queue will handle concurrency.
2026-03-10 23:33:14,252 - INFO - Starting EQCCTPro parallelized waveform processing...
2026-03-10 23:33:14,254 - INFO - 
2026-03-10 23:33:14,256 - INFO - ------- Analyzing Seismic Waveforms for P and S Picks via EQCCT -------
2026-03-10 23:33:14,258 - INFO - Analyzing 0:01:00 minute timechunk from 2025-01-09 07:04:14 to 2025-01-09 07:05:14 (0 min overlap)
2026-03-10 23:33:14,261 - INFO - Processing a total of 1 stations, 1 at a time.
2026-03-10 23:33:18,374 - INFO - (1/1) FIC4: Finished the prediction in 2.14s. (HP=1.0, LP=45.0)
2026-03-10 23:33:18,376 - INFO - 
2026-03-10 23:33:18,378 - INFO - ------- Parallel Station Waveform Processing Complete For 2025-01-09 07:04:14 to 2025-01-09 07:05:14 Timechunk-------
2026-03-10 23:33:18,380 - INFO - Picks saved at /home/blackwinter/projects/eqcct/eqcctpro/results/csv/bm_noise_only/20250109T070414Z_20250109T070514ZProcess Runtime: 4.12 s
2026-03-10 23:33:18,383 - INFO - Successfully ran EQCCTPro, exiting...
2026-03-10 23:33:20,021 - INFO - Ray Successfully Shutdown.
2026-03-10 23:33:20,021 - INFO - ------- Successfully Picked All Waveform(s) from all Timechunk(s) -------
2026-03-11 14:14:45,885 - INFO - 
2026-03-11 14:14:45,885 - INFO - ------- Welcome to EQCCTPro -------
2026-03-11 14:14:45,885 - INFO - 
2026-03-11 14:14:45,886 - INFO - Running EQCCT over Requested MSeed Files using CPU(s)...
2026-03-11 14:14:45,886 - INFO - GPU disabled (CPU-only).
2026-03-11 14:14:45,886 - INFO - Configured Intra-op threads = 1
2026-03-11 14:14:45,886 - INFO - Configured Inter-op threads = 1
2026-03-11 14:14:45,887 - INFO - TensorFlow: No GPUs visible; TF will proceed on CPU.
2026-03-11 14:14:45,887 - INFO - 
2026-03-11 14:14:51,495 - INFO - Ray Successfully Initialized with 4 CPU(s) ([0, 1, 2, 3] CPU Affinity Binding).
2026-03-11 14:14:51,495 - INFO - Analyzing 1 time chunk(s) from 2025-01-09 07:04:14 to 2025-01-09 07:05:14 (dt=1min, overlap=0min).
2026-03-11 14:14:51,495 - INFO - Using 1 selected station(s).
2026-03-11 14:14:51,495 - INFO - 
2026-03-11 14:14:51,496 - INFO - ------- Starting EQCCTPro... -------
2026-03-11 14:14:51,496 - INFO - Detailed subprocess information can be found in the log file.
2026-03-11 14:14:51,496 - INFO - 
2026-03-11 14:14:51,888 - INFO - GPU disabled (CPU-only).
2026-03-11 14:14:53,435 - INFO - Configured Intra-op threads = 1
2026-03-11 14:14:53,438 - INFO - Configured Inter-op threads = 1
2026-03-11 14:14:53,477 - INFO - TensorFlow: No GPUs visible; TF will proceed on CPU.
2026-03-11 14:14:53,479 - INFO - 
2026-03-11 14:14:53,481 - INFO - ------- Hardware Configuration -------
2026-03-11 14:14:53,483 - INFO - CPU affinity set to cores: [0, 1, 2, 3]
2026-03-11 14:14:53,485 - INFO - 
2026-03-11 14:14:53,487 - INFO - ------- Data Preprocessing for EQCCTPro -------
2026-03-11 14:14:53,489 - INFO - 1 station(s) in /home/blackwinter/projects/eqcct/eqcctpro/data/waveforms_noise_only/20250109T070414Z_20250109T070514Z
2026-03-11 14:14:53,491 - INFO - Using 1 selected station(s): ['FIC4'].
2026-03-11 14:14:53,492 - INFO - Creating model actor(s)...
2026-03-11 14:14:53,495 - INFO - System RAM: Total=7870 MB, Available=3473 MB
2026-03-11 14:14:53,497 - INFO - Usable RAM budget: 7083 MB (90% of total)
2026-03-11 14:14:53,498 - INFO - ===== MEMORY-AWARE CPU ACTOR POOL (EQCCT) =====
2026-03-11 14:14:53,500 - INFO - Requested concurrent tasks: 1
2026-03-11 14:14:53,502 - INFO - Available CPUs: 4
2026-03-11 14:14:53,504 - INFO - Available RAM: 7083 MB
2026-03-11 14:14:53,505 - INFO - RAM per model: 2264 MB
2026-03-11 14:14:53,507 - INFO - Max actors by RAM: 3
2026-03-11 14:14:53,509 - INFO - Creating 1 ModelActor(s)
2026-03-11 14:14:53,511 - INFO - Let Ray handle scheduling (taskset already restricts CPU visibility)
2026-03-11 14:14:53,513 - INFO - Creating ModelActor 1/1 (2.21GB RAM each)...
2026-03-11 14:14:57,424 - INFO - ModelActor 1 created successfully.
2026-03-11 14:14:57,427 - INFO - Created 1 CPU actor(s). Task queue will handle concurrency.
2026-03-11 14:14:57,429 - INFO - Starting EQCCTPro parallelized waveform processing...
2026-03-11 14:14:57,431 - INFO - 
2026-03-11 14:14:57,434 - INFO - ------- Analyzing Seismic Waveforms for P and S Picks via EQCCT -------
2026-03-11 14:14:57,436 - INFO - Analyzing 0:01:00 minute timechunk from 2025-01-09 07:04:14 to 2025-01-09 07:05:14 (0 min overlap)
2026-03-11 14:14:57,438 - INFO - Processing a total of 1 stations, 1 at a time.
2026-03-11 14:14:59,345 - INFO - (1/1) FIC4: Skipped (already exists - overwrite=False).
2026-03-11 14:14:59,347 - INFO - 
2026-03-11 14:14:59,350 - INFO - ------- Parallel Station Waveform Processing Complete For 2025-01-09 07:04:14 to 2025-01-09 07:05:14 Timechunk-------
2026-03-11 14:14:59,352 - INFO - Picks saved at /home/blackwinter/projects/eqcct/eqcctpro/results/csv/bm_noise_only/20250109T070414Z_20250109T070514ZProcess Runtime: 1.92 s
2026-03-11 14:14:59,356 - INFO - Successfully ran EQCCTPro, exiting...
2026-03-11 14:15:00,899 - INFO - Ray Successfully Shutdown.
2026-03-11 14:15:00,899 - INFO - ------- Successfully Picked All Waveform(s) from all Timechunk(s) -------
