2026-02-23 17:26:38,693 - INFO - 
2026-02-23 17:26:38,693 - INFO - ------- Welcome to EQCCTPro -------
2026-02-23 17:26:38,693 - INFO - 
2026-02-23 17:26:38,694 - INFO - Running EQCCT over Requested MSeed Files using CPU(s)...
2026-02-23 17:26:38,694 - INFO - GPU disabled (CPU-only).
2026-02-23 17:26:38,694 - INFO - Configured Intra-op threads = 1
2026-02-23 17:26:38,694 - INFO - Configured Inter-op threads = 1
2026-02-23 17:26:38,694 - INFO - TensorFlow: No GPUs visible; TF will proceed on CPU.
2026-02-23 17:26:38,694 - INFO - 
2026-02-23 17:26:43,993 - INFO - Ray Successfully Initialized with 4 CPU(s) ([0, 1, 2, 3] CPU Affinity Binding).
2026-02-23 17:26:43,993 - INFO - Analyzing 1 time chunk(s) from 2025-01-17 16:40:23 to 2025-01-17 16:41:23 (dt=1min, overlap=0min).
2026-02-23 17:26:43,994 - INFO - Using 1 selected station(s).
2026-02-23 17:26:43,994 - INFO - 
2026-02-23 17:26:43,994 - INFO - ------- Starting EQCCTPro... -------
2026-02-23 17:26:43,994 - INFO - Detailed subprocess information can be found in the log file.
2026-02-23 17:26:43,994 - INFO - 
2026-02-23 17:26:44,352 - INFO - GPU disabled (CPU-only).
2026-02-23 17:26:45,775 - INFO - Configured Intra-op threads = 1
2026-02-23 17:26:45,777 - INFO - Configured Inter-op threads = 1
2026-02-23 17:26:45,817 - INFO - TensorFlow: No GPUs visible; TF will proceed on CPU.
2026-02-23 17:26:45,819 - INFO - 
2026-02-23 17:26:45,821 - INFO - ------- Hardware Configuration -------
2026-02-23 17:26:45,823 - INFO - CPU affinity set to cores: [0, 1, 2, 3]
2026-02-23 17:26:45,825 - INFO - 
2026-02-23 17:26:45,827 - INFO - ------- Data Preprocessing for EQCCTPro -------
2026-02-23 17:26:45,829 - INFO - 1 station(s) in /home/blackwinter/projects/eqcct/eqcctpro/data/waveforms_earthquakes_noise_only/20250117T164023Z_20250117T164123Z
2026-02-23 17:26:45,831 - INFO - Using 1 selected station(s): ['FIC5'].
2026-02-23 17:26:45,834 - INFO - Creating model actor(s)...
2026-02-23 17:26:45,836 - INFO - System RAM: Total=7870 MB, Available=4298 MB
2026-02-23 17:26:45,837 - INFO - Usable RAM budget: 7083 MB (90% of total)
2026-02-23 17:26:45,839 - INFO - ===== MEMORY-AWARE CPU ACTOR POOL (EQCCT) =====
2026-02-23 17:26:45,841 - INFO - Requested concurrent tasks: 1
2026-02-23 17:26:45,843 - INFO - Available CPUs: 4
2026-02-23 17:26:45,845 - INFO - Available RAM: 7083 MB
2026-02-23 17:26:45,847 - INFO - RAM per model: 2264 MB
2026-02-23 17:26:45,848 - INFO - Max actors by RAM: 3
2026-02-23 17:26:45,850 - INFO - Creating 1 ModelActor(s)
2026-02-23 17:26:45,852 - INFO - Let Ray handle scheduling (taskset already restricts CPU visibility)
2026-02-23 17:26:45,854 - INFO - Creating ModelActor 1/1 (2.21GB RAM each)...
2026-02-23 17:26:49,580 - INFO - ModelActor 1 created successfully.
2026-02-23 17:26:49,582 - INFO - Created 1 CPU actor(s). Task queue will handle concurrency.
2026-02-23 17:26:49,584 - INFO - Starting EQCCTPro parallelized waveform processing...
2026-02-23 17:26:49,586 - INFO - 
2026-02-23 17:26:49,587 - INFO - ------- Analyzing Seismic Waveforms for P and S Picks via EQCCT -------
2026-02-23 17:26:49,590 - INFO - Analyzing 0:01:00 minute timechunk from 2025-01-17 16:40:23 to 2025-01-17 16:41:23 (0 min overlap)
2026-02-23 17:26:49,592 - INFO - Processing a total of 1 stations, 1 at a time.
2026-02-23 17:26:53,979 - INFO - (1/1) FIC5: Finished the prediction in 2.26s. (HP=1.0, LP=45.0)
2026-02-23 17:26:53,985 - INFO - 
2026-02-23 17:26:53,987 - INFO - ------- Parallel Station Waveform Processing Complete For 2025-01-17 16:40:23 to 2025-01-17 16:41:23 Timechunk-------
2026-02-23 17:26:53,989 - INFO - Picks saved at /home/blackwinter/projects/eqcct/eqcctpro/results/csv/bm_eq_noise_only/20250117T164023Z_20250117T164123ZProcess Runtime: 4.40 s
2026-02-23 17:26:53,993 - INFO - Successfully ran EQCCTPro, exiting...
2026-02-23 17:26:55,501 - INFO - Ray Successfully Shutdown.
2026-02-23 17:26:55,501 - INFO - ------- Successfully Picked All Waveform(s) from all Timechunk(s) -------
