2026-03-28 21:37:57,324 - INFO - 
2026-03-28 21:37:57,324 - INFO - ------- Welcome to EQCCTPro -------
2026-03-28 21:37:57,325 - INFO - 
2026-03-28 21:37:57,325 - INFO - Running EQCCT over Requested MSeed Files using CPU(s)...
2026-03-28 21:37:57,325 - INFO - GPU disabled (CPU-only).
2026-03-28 23:10:52,436 - INFO - 
2026-03-28 23:10:52,436 - INFO - ------- Welcome to EQCCTPro -------
2026-03-28 23:10:52,436 - INFO - 
2026-03-28 23:10:52,437 - INFO - Running EQCCT over Requested MSeed Files using CPU(s)...
2026-03-28 23:10:52,437 - INFO - GPU disabled (CPU-only).
2026-03-28 23:10:52,437 - INFO - Configured Intra-op threads = 1
2026-03-28 23:10:52,437 - INFO - Configured Inter-op threads = 1
2026-03-28 23:10:52,438 - INFO - TensorFlow: No GPUs visible; TF will proceed on CPU.
2026-03-28 23:10:52,438 - INFO - 
2026-03-28 23:10:57,541 - INFO - Ray Successfully Initialized with 4 CPU(s) ([0, 1, 2, 3] CPU Affinity Binding).
2026-03-28 23:10:57,542 - INFO - Analyzing 1 time chunk(s) from 2025-01-07 14:27:08 to 2025-01-07 14:28:08 (dt=1min, overlap=0min).
2026-03-28 23:10:57,542 - INFO - Using 1 selected station(s).
2026-03-28 23:10:57,542 - INFO - 
2026-03-28 23:10:57,542 - INFO - ------- Starting EQCCTPro... -------
2026-03-28 23:10:57,543 - INFO - Detailed subprocess information can be found in the log file.
2026-03-28 23:10:57,543 - INFO - 
2026-03-28 23:10:57,954 - INFO - GPU disabled (CPU-only).
2026-03-28 23:10:59,545 - INFO - Configured Intra-op threads = 1
2026-03-28 23:10:59,548 - INFO - Configured Inter-op threads = 1
2026-03-28 23:10:59,594 - INFO - TensorFlow: No GPUs visible; TF will proceed on CPU.
2026-03-28 23:10:59,596 - INFO - 
2026-03-28 23:10:59,599 - INFO - ------- Hardware Configuration -------
2026-03-28 23:10:59,602 - INFO - CPU affinity set to cores: [0, 1, 2, 3]
2026-03-28 23:10:59,605 - INFO - 
2026-03-28 23:10:59,608 - INFO - ------- Data Preprocessing for EQCCTPro -------
2026-03-28 23:10:59,611 - INFO - 1 station(s) in /home/blackwinter/projects/eqcct/eqcctpro/data/waveforms_explosions_nonoise/20250107T142708Z_20250107T142808Z
2026-03-28 23:10:59,614 - INFO - Using 1 selected station(s): ['VUOS'].
2026-03-28 23:10:59,616 - INFO - Creating model actor(s)...
2026-03-28 23:10:59,618 - INFO - System RAM: Total=7870 MB, Available=3775 MB
2026-03-28 23:10:59,620 - INFO - Usable RAM budget: 7083 MB (90% of total)
2026-03-28 23:10:59,622 - INFO - ===== MEMORY-AWARE CPU ACTOR POOL (EQCCT) =====
2026-03-28 23:10:59,625 - INFO - Requested concurrent tasks: 1
2026-03-28 23:10:59,627 - INFO - Available CPUs: 4
2026-03-28 23:10:59,629 - INFO - Available RAM: 7083 MB
2026-03-28 23:10:59,631 - INFO - RAM per model: 2264 MB
2026-03-28 23:10:59,634 - INFO - Max actors by RAM: 3
2026-03-28 23:10:59,636 - INFO - Creating 1 ModelActor(s)
2026-03-28 23:10:59,638 - INFO - Let Ray handle scheduling (taskset already restricts CPU visibility)
2026-03-28 23:10:59,640 - INFO - Creating ModelActor 1/1 (2.21GB RAM each)...
2026-03-28 23:11:04,053 - INFO - ModelActor 1 created successfully.
2026-03-28 23:11:04,055 - INFO - Created 1 CPU actor(s). Task queue will handle concurrency.
2026-03-28 23:11:04,058 - INFO - Starting EQCCTPro parallelized waveform processing...
2026-03-28 23:11:04,061 - INFO - 
2026-03-28 23:11:04,063 - INFO - ------- Analyzing Seismic Waveforms for P and S Picks via EQCCT -------
2026-03-28 23:11:04,066 - INFO - Analyzing 0:01:00 minute timechunk from 2025-01-07 14:27:08 to 2025-01-07 14:28:08 (0 min overlap)
2026-03-28 23:11:04,069 - INFO - Processing a total of 1 stations, 1 at a time.
2026-03-28 23:11:08,440 - INFO - (1/1) VUOS: Finished the prediction in 2.41s. (HP=1.0, LP=45.0)
2026-03-28 23:11:08,442 - INFO - 
2026-03-28 23:11:08,445 - INFO - ------- Parallel Station Waveform Processing Complete For 2025-01-07 14:27:08 to 2025-01-07 14:28:08 Timechunk-------
2026-03-28 23:11:08,448 - INFO - Picks saved at /home/blackwinter/projects/eqcct/eqcctpro/results/csv/eqcct_explosions_th0_1/20250107T142708Z_20250107T142808ZProcess Runtime: 4.39 s
2026-03-28 23:11:08,453 - INFO - Successfully ran EQCCTPro, exiting...
2026-03-28 23:11:10,152 - INFO - Ray Successfully Shutdown.
2026-03-28 23:11:10,152 - INFO - ------- Successfully Picked All Waveform(s) from all Timechunk(s) -------
