2026-02-22 13:09:01,337 - INFO - 
2026-02-22 13:09:01,337 - INFO - ------- Welcome to EQCCTPro -------
2026-02-22 13:09:01,337 - INFO - 
2026-02-22 13:09:01,338 - INFO - Running EQCCT over Requested MSeed Files using CPU(s)...
2026-02-22 13:09:01,338 - INFO - GPU disabled (CPU-only).
2026-02-22 13:09:01,338 - INFO - Configured Intra-op threads = 1
2026-02-22 13:09:01,338 - INFO - Configured Inter-op threads = 1
2026-02-22 13:09:01,338 - INFO - TensorFlow: No GPUs visible; TF will proceed on CPU.
2026-02-22 13:09:01,338 - INFO - 
2026-02-22 13:09:06,665 - INFO - Ray Successfully Initialized with 4 CPU(s) ([0, 1, 2, 3] CPU Affinity Binding).
2026-02-22 13:09:06,665 - INFO - Analyzing 1 time chunk(s) from 2025-02-15 08:56:02 to 2025-02-15 08:57:02 (dt=1min, overlap=0min).
2026-02-22 13:09:06,665 - INFO - Using 4 selected station(s).
2026-02-22 13:09:06,665 - INFO - 
2026-02-22 13:09:06,665 - INFO - ------- Starting EQCCTPro... -------
2026-02-22 13:09:06,666 - INFO - Detailed subprocess information can be found in the log file.
2026-02-22 13:09:06,666 - INFO - 
2026-02-22 13:09:07,021 - INFO - GPU disabled (CPU-only).
2026-02-22 13:09:08,526 - INFO - Configured Intra-op threads = 1
2026-02-22 13:09:08,529 - INFO - Configured Inter-op threads = 1
2026-02-22 13:09:08,566 - INFO - TensorFlow: No GPUs visible; TF will proceed on CPU.
2026-02-22 13:09:08,569 - INFO - 
2026-02-22 13:09:08,571 - INFO - ------- Hardware Configuration -------
2026-02-22 13:09:08,574 - INFO - CPU affinity set to cores: [0, 1, 2, 3]
2026-02-22 13:09:08,576 - INFO - 
2026-02-22 13:09:08,579 - INFO - ------- Data Preprocessing for EQCCTPro -------
2026-02-22 13:09:08,581 - INFO - 4 station(s) in /home/blackwinter/projects/eqcct/eqcctpro/data/waveforms_earthquakes_nonoise/20250215T085602Z_20250215T085702Z
2026-02-22 13:09:08,583 - INFO - Using 4 selected station(s): ['FIA0', 'FIA1', 'HEL5', 'NUR'].
2026-02-22 13:09:08,585 - INFO - Creating model actor(s)...
2026-02-22 13:09:08,587 - INFO - System RAM: Total=7870 MB, Available=3027 MB
2026-02-22 13:09:08,589 - INFO - Usable RAM budget: 7083 MB (90% of total)
2026-02-22 13:09:08,590 - INFO - ===== MEMORY-AWARE CPU ACTOR POOL (EQCCT) =====
2026-02-22 13:09:08,592 - INFO - Requested concurrent tasks: 1
2026-02-22 13:09:08,594 - INFO - Available CPUs: 4
2026-02-22 13:09:08,596 - INFO - Available RAM: 7083 MB
2026-02-22 13:09:08,598 - INFO - RAM per model: 2264 MB
2026-02-22 13:09:08,600 - INFO - Max actors by RAM: 3
2026-02-22 13:09:08,602 - INFO - Creating 1 ModelActor(s)
2026-02-22 13:09:08,605 - INFO - Let Ray handle scheduling (taskset already restricts CPU visibility)
2026-02-22 13:09:08,607 - INFO - Creating ModelActor 1/1 (2.21GB RAM each)...
2026-02-22 13:09:12,488 - INFO - ModelActor 1 created successfully.
2026-02-22 13:09:12,490 - INFO - Created 1 CPU actor(s). Task queue will handle concurrency.
2026-02-22 13:09:12,492 - INFO - Starting EQCCTPro parallelized waveform processing...
2026-02-22 13:09:12,494 - INFO - 
2026-02-22 13:09:12,496 - INFO - ------- Analyzing Seismic Waveforms for P and S Picks via EQCCT -------
2026-02-22 13:09:12,498 - INFO - Analyzing 0:01:00 minute timechunk from 2025-02-15 08:56:02 to 2025-02-15 08:57:02 (0 min overlap)
2026-02-22 13:09:12,500 - INFO - Processing a total of 4 stations, 1 at a time.
2026-02-22 13:09:16,497 - INFO - (1/4) FIA0: Finished the prediction in 2.09s. (HP=1.0, LP=45.0)
2026-02-22 13:09:16,603 - INFO - (2/4) FIA1: Finished the prediction in 0.1s. (HP=1.0, LP=45.0)
2026-02-22 13:09:16,706 - INFO - (3/4) HEL5: Finished the prediction in 0.1s. (HP=1.0, LP=45.0)
2026-02-22 13:09:16,806 - INFO - (4/4) NUR: Finished the prediction in 0.09s. (HP=1.0, LP=45.0)
2026-02-22 13:09:16,808 - INFO - 
2026-02-22 13:09:16,810 - INFO - ------- Parallel Station Waveform Processing Complete For 2025-02-15 08:56:02 to 2025-02-15 08:57:02 Timechunk-------
2026-02-22 13:09:16,815 - INFO - Successfully ran EQCCTPro, exiting...
2026-02-22 13:09:16,812 - INFO - Picks saved at /home/blackwinter/projects/eqcct/eqcctpro/results/csv/bm_eq_nonoise/20250215T085602Z_20250215T085702ZProcess Runtime: 4.32 s
2026-02-22 13:09:18,435 - INFO - Ray Successfully Shutdown.
2026-02-22 13:09:18,436 - INFO - ------- Successfully Picked All Waveform(s) from all Timechunk(s) -------
