2026-03-20 08:04:38,852 - INFO - 
2026-03-20 08:04:38,852 - INFO - ------- Welcome to EQCCTPro -------
2026-03-20 08:04:38,852 - INFO - 
2026-03-20 08:04:38,853 - INFO - Running EQCCT over Requested MSeed Files using CPU(s)...
2026-03-20 08:04:38,853 - INFO - GPU disabled (CPU-only).
2026-03-20 08:04:38,853 - INFO - Configured Intra-op threads = 1
2026-03-20 08:04:38,853 - INFO - Configured Inter-op threads = 1
2026-03-20 08:04:38,853 - INFO - TensorFlow: No GPUs visible; TF will proceed on CPU.
2026-03-20 08:04:38,853 - INFO - 
2026-03-20 08:04:44,288 - INFO - Ray Successfully Initialized with 4 CPU(s) ([0, 1, 2, 3] CPU Affinity Binding).
2026-03-20 08:04:44,289 - INFO - Analyzing 1 time chunk(s) from 2025-12-21 06:19:22 to 2025-12-21 06:20:22 (dt=1min, overlap=0min).
2026-03-20 08:04:44,289 - INFO - Using 1 selected station(s).
2026-03-20 08:04:44,289 - INFO - 
2026-03-20 08:04:44,289 - INFO - ------- Starting EQCCTPro... -------
2026-03-20 08:04:44,289 - INFO - Detailed subprocess information can be found in the log file.
2026-03-20 08:04:44,290 - INFO - 
2026-03-20 08:04:44,688 - INFO - GPU disabled (CPU-only).
2026-03-20 08:04:46,184 - INFO - Configured Intra-op threads = 1
2026-03-20 08:04:46,186 - INFO - Configured Inter-op threads = 1
2026-03-20 08:04:46,224 - INFO - TensorFlow: No GPUs visible; TF will proceed on CPU.
2026-03-20 08:04:46,227 - INFO - 
2026-03-20 08:04:46,228 - INFO - ------- Hardware Configuration -------
2026-03-20 08:04:46,231 - INFO - CPU affinity set to cores: [0, 1, 2, 3]
2026-03-20 08:04:46,232 - INFO - 
2026-03-20 08:04:46,234 - INFO - ------- Data Preprocessing for EQCCTPro -------
2026-03-20 08:04:46,236 - INFO - 1 station(s) in /home/blackwinter/projects/eqcct/eqcctpro/data/waveforms_earthquakes_nonoise/20251221T061922Z_20251221T062022Z
2026-03-20 08:04:46,238 - INFO - Using 1 selected station(s): ['RUF'].
2026-03-20 08:04:46,240 - INFO - Creating model actor(s)...
2026-03-20 08:04:46,242 - INFO - System RAM: Total=7870 MB, Available=1509 MB
2026-03-20 08:04:46,243 - INFO - Usable RAM budget: 7083 MB (90% of total)
2026-03-20 08:04:46,245 - INFO - ===== MEMORY-AWARE CPU ACTOR POOL (EQCCT) =====
2026-03-20 08:04:46,247 - INFO - Requested concurrent tasks: 1
2026-03-20 08:04:46,248 - INFO - Available CPUs: 4
2026-03-20 08:04:46,250 - INFO - Available RAM: 7083 MB
2026-03-20 08:04:46,252 - INFO - RAM per model: 2264 MB
2026-03-20 08:04:46,254 - INFO - Max actors by RAM: 3
2026-03-20 08:04:46,256 - INFO - Creating 1 ModelActor(s)
2026-03-20 08:04:46,257 - INFO - Let Ray handle scheduling (taskset already restricts CPU visibility)
2026-03-20 08:04:46,259 - INFO - Creating ModelActor 1/1 (2.21GB RAM each)...
2026-03-20 08:04:50,104 - INFO - ModelActor 1 created successfully.
2026-03-20 08:04:50,107 - INFO - Created 1 CPU actor(s). Task queue will handle concurrency.
2026-03-20 08:04:50,110 - INFO - Starting EQCCTPro parallelized waveform processing...
2026-03-20 08:04:50,112 - INFO - 
2026-03-20 08:04:50,115 - INFO - ------- Analyzing Seismic Waveforms for P and S Picks via EQCCT -------
2026-03-20 08:04:50,118 - INFO - Analyzing 0:01:00 minute timechunk from 2025-12-21 06:19:22 to 2025-12-21 06:20:22 (0 min overlap)
2026-03-20 08:04:50,120 - INFO - Processing a total of 1 stations, 1 at a time.
2026-03-20 08:04:54,387 - INFO - (1/1) RUF: Finished the prediction in 2.33s. (HP=1.0, LP=45.0)
2026-03-20 08:04:54,389 - INFO - 
2026-03-20 08:04:54,392 - INFO - ------- Parallel Station Waveform Processing Complete For 2025-12-21 06:19:22 to 2025-12-21 06:20:22 Timechunk-------
2026-03-20 08:04:54,393 - INFO - Picks saved at /home/blackwinter/projects/eqcct/eqcctpro/results/csv/eqcct_earthquakes_th0_1/20251221T061922Z_20251221T062022ZProcess Runtime: 4.28 s
2026-03-20 08:04:54,397 - INFO - Successfully ran EQCCTPro, exiting...
2026-03-20 08:04:56,315 - INFO - Ray Successfully Shutdown.
2026-03-20 08:04:56,316 - INFO - ------- Successfully Picked All Waveform(s) from all Timechunk(s) -------
