2026-03-27 19:45:05,799 - INFO - 
2026-03-27 19:45:05,799 - INFO - ------- Welcome to EQCCTPro -------
2026-03-27 19:45:05,799 - INFO - 
2026-03-27 19:45:05,799 - INFO - Running EQCCT over Requested MSeed Files using CPU(s)...
2026-03-27 19:45:05,799 - INFO - GPU disabled (CPU-only).
2026-03-27 19:45:05,799 - INFO - Skipping framework-specific initialization in the driver process.
2026-03-27 19:45:08,170 - INFO - Ray Successfully Initialized with 4 CPU(s) ([0, 1, 2, 3] CPU Affinity Binding).
2026-03-27 19:45:08,171 - INFO - Analyzing 1 time chunk(s) from 2025-07-13 19:20:38 to 2025-07-13 19:21:38 (dt=1min, overlap=0min).
2026-03-27 19:45:08,171 - INFO - Using 1 selected station(s).
2026-03-27 19:45:08,171 - INFO - 
2026-03-27 19:45:08,171 - INFO - ------- Starting EQCCTPro... -------
2026-03-27 19:45:08,171 - INFO - Detailed subprocess information can be found in the log file.
2026-03-27 19:45:08,172 - INFO - 
2026-03-27 19:45:08,460 - INFO - GPU disabled (CPU-only).
2026-03-27 19:45:08,465 - INFO - Skipping framework-specific initialization in the driver process.
2026-03-27 19:45:08,468 - INFO - ------- Hardware Configuration -------
2026-03-27 19:45:08,472 - INFO - CPU affinity set to cores: [0, 1, 2, 3]
2026-03-27 19:45:08,475 - INFO - 
2026-03-27 19:45:08,478 - INFO - ------- Data Preprocessing for EQCCTPro -------
2026-03-27 19:45:08,480 - INFO - 1 station(s) in /home/blackwinter/projects/eqcct/eqcctpro/data/waveforms_earthquakes_nonoise/20250713T192038Z_20250713T192138Z
2026-03-27 19:45:08,484 - INFO - Using 1 selected station(s): ['RMF'].
2026-03-27 19:45:08,486 - INFO - Creating model actor(s)...
2026-03-27 19:45:08,490 - INFO - System RAM: Total=7870 MB, Available=5983 MB
2026-03-27 19:45:08,492 - INFO - Usable RAM budget: 7083 MB (90% of total)
2026-03-27 19:45:08,495 - INFO - ===== MEMORY-AWARE CPU ACTOR POOL =====
2026-03-27 19:45:08,498 - INFO - Requested concurrent tasks: 1
2026-03-27 19:45:08,501 - INFO - Available CPUs: 4
2026-03-27 19:45:08,503 - INFO - Available RAM: 7083 MB
2026-03-27 19:45:08,506 - INFO - RAM per model: 2060 MB
2026-03-27 19:45:08,510 - INFO - Max actors by RAM: 3
2026-03-27 19:45:08,513 - INFO - Creating 1 SeisBenchModelActor(s)
2026-03-27 19:45:08,516 - INFO - Let Ray handle scheduling (taskset already restricts CPU visibility)
2026-03-27 19:45:08,519 - INFO - Creating SeisBenchModelActor 1/1 (2.01GB RAM each)...
2026-03-27 19:45:11,646 - INFO - SeisBenchModelActor 1 created successfully.
2026-03-27 19:45:11,648 - INFO - Created 1 CPU actor(s). Task queue will handle concurrency.
2026-03-27 19:45:11,651 - INFO - Starting EQCCTPro parallelized waveform processing...
2026-03-27 19:45:11,653 - INFO - 
2026-03-27 19:45:11,656 - INFO - ------- Analyzing Seismic Waveforms for P and S Picks via SeisBench (EQTransformer - original_nonconservative) -------
2026-03-27 19:45:11,659 - INFO - Analyzing 0:01:00 minute timechunk from 2025-07-13 19:20:38 to 2025-07-13 19:21:38 (0 min overlap)
2026-03-27 19:45:11,661 - INFO - Processing a total of 1 stations, 1 at a time.
2026-03-27 19:45:13,827 - INFO - (1/1) RMF: Finished the prediction in 0.13s. (HP=1.0, LP=45.0, picks=1)
2026-03-27 19:45:13,829 - INFO - 
2026-03-27 19:45:13,832 - INFO - ------- Parallel Station Waveform Processing Complete For 2025-07-13 19:20:38 to 2025-07-13 19:21:38 Timechunk-------
2026-03-27 19:45:13,834 - INFO - Picks saved at /home/blackwinter/projects/eqcct/eqcctpro/results/csv/eqt_earthquakes_th0_1/20250713T192038Z_20250713T192138ZProcess Runtime: 2.18 s
2026-03-27 19:45:13,838 - INFO - Successfully ran EQCCTPro, exiting...
2026-03-27 19:45:15,778 - INFO - Ray Successfully Shutdown.
2026-03-27 19:45:15,778 - INFO - ------- Successfully Picked All Waveform(s) from all Timechunk(s) -------
2026-03-28 02:11:51,350 - INFO - 
2026-03-28 02:11:51,351 - INFO - ------- Welcome to EQCCTPro -------
2026-03-28 02:11:51,351 - INFO - 
2026-03-28 02:11:51,351 - INFO - Running EQCCT over Requested MSeed Files using CPU(s)...
2026-03-28 02:11:51,352 - INFO - GPU disabled (CPU-only).
2026-03-28 02:11:51,352 - INFO - Skipping framework-specific initialization in the driver process.
2026-03-28 02:11:53,774 - INFO - Ray Successfully Initialized with 4 CPU(s) ([0, 1, 2, 3] CPU Affinity Binding).
2026-03-28 02:11:53,774 - INFO - Analyzing 1 time chunk(s) from 2025-07-13 19:20:38 to 2025-07-13 19:21:38 (dt=1min, overlap=0min).
2026-03-28 02:11:53,775 - INFO - Using 1 selected station(s).
2026-03-28 02:11:53,775 - INFO - 
2026-03-28 02:11:53,775 - INFO - ------- Starting EQCCTPro... -------
2026-03-28 02:11:53,775 - INFO - Detailed subprocess information can be found in the log file.
2026-03-28 02:11:53,775 - INFO - 
2026-03-28 02:11:54,115 - INFO - GPU disabled (CPU-only).
2026-03-28 02:11:54,121 - INFO - Skipping framework-specific initialization in the driver process.
2026-03-28 02:11:54,123 - INFO - ------- Hardware Configuration -------
2026-03-28 02:11:54,126 - INFO - CPU affinity set to cores: [0, 1, 2, 3]
2026-03-28 02:11:54,128 - INFO - 
2026-03-28 02:11:54,130 - INFO - ------- Data Preprocessing for EQCCTPro -------
2026-03-28 02:11:54,132 - INFO - 1 station(s) in /home/blackwinter/projects/eqcct/eqcctpro/data/waveforms_earthquakes_nonoise/20250713T192038Z_20250713T192138Z
2026-03-28 02:11:54,135 - INFO - Using 1 selected station(s): ['RMF'].
2026-03-28 02:11:54,137 - INFO - Creating model actor(s)...
2026-03-28 02:11:54,140 - INFO - System RAM: Total=7870 MB, Available=5768 MB
2026-03-28 02:11:54,143 - INFO - Usable RAM budget: 7083 MB (90% of total)
2026-03-28 02:11:54,145 - INFO - ===== MEMORY-AWARE CPU ACTOR POOL =====
2026-03-28 02:11:54,148 - INFO - Requested concurrent tasks: 1
2026-03-28 02:11:54,150 - INFO - Available CPUs: 4
2026-03-28 02:11:54,153 - INFO - Available RAM: 7083 MB
2026-03-28 02:11:54,156 - INFO - RAM per model: 2060 MB
2026-03-28 02:11:54,159 - INFO - Max actors by RAM: 3
2026-03-28 02:11:54,162 - INFO - Creating 1 SeisBenchModelActor(s)
2026-03-28 02:11:54,165 - INFO - Let Ray handle scheduling (taskset already restricts CPU visibility)
2026-03-28 02:11:54,167 - INFO - Creating SeisBenchModelActor 1/1 (2.01GB RAM each)...
2026-03-28 02:11:57,018 - INFO - SeisBenchModelActor 1 created successfully.
2026-03-28 02:11:57,021 - INFO - Created 1 CPU actor(s). Task queue will handle concurrency.
2026-03-28 02:11:57,023 - INFO - Starting EQCCTPro parallelized waveform processing...
2026-03-28 02:11:57,025 - INFO - 
2026-03-28 02:11:57,027 - INFO - ------- Analyzing Seismic Waveforms for P and S Picks via SeisBench (EQTransformer - original_nonconservative) -------
2026-03-28 02:11:57,030 - INFO - Analyzing 0:01:00 minute timechunk from 2025-07-13 19:20:38 to 2025-07-13 19:21:38 (0 min overlap)
2026-03-28 02:11:57,032 - INFO - Processing a total of 1 stations, 1 at a time.
2026-03-28 02:11:59,058 - INFO - (1/1) RMF: Skipped (already exists - overwrite=False).
2026-03-28 02:11:59,061 - INFO - 
2026-03-28 02:11:59,063 - INFO - ------- Parallel Station Waveform Processing Complete For 2025-07-13 19:20:38 to 2025-07-13 19:21:38 Timechunk-------
2026-03-28 02:11:59,066 - INFO - Picks saved at /home/blackwinter/projects/eqcct/eqcctpro/results/csv/eqt_earthquakes_th0_1/20250713T192038Z_20250713T192138ZProcess Runtime: 2.04 s
2026-03-28 02:11:59,082 - INFO - Successfully ran EQCCTPro, exiting...
2026-03-28 02:12:00,650 - INFO - Ray Successfully Shutdown.
2026-03-28 02:12:00,650 - INFO - ------- Successfully Picked All Waveform(s) from all Timechunk(s) -------
