2026-02-26 22:16:05,407 - INFO - 
2026-02-26 22:16:05,407 - INFO - ------- Welcome to EQCCTPro -------
2026-02-26 22:16:05,407 - INFO - 
2026-02-26 22:16:05,408 - INFO - Running EQCCT over Requested MSeed Files using CPU(s)...
2026-02-26 22:16:05,408 - INFO - GPU disabled (CPU-only).
2026-02-26 22:16:05,409 - INFO - Configured Intra-op threads = 1
2026-02-26 22:16:05,409 - INFO - Configured Inter-op threads = 1
2026-02-26 22:16:05,409 - INFO - TensorFlow: No GPUs visible; TF will proceed on CPU.
2026-02-26 22:16:05,409 - INFO - 
2026-02-26 22:16:10,698 - INFO - Ray Successfully Initialized with 4 CPU(s) ([0, 1, 2, 3] CPU Affinity Binding).
2026-02-26 22:16:10,698 - INFO - Analyzing 1 time chunk(s) from 2025-01-04 20:18:24 to 2025-01-04 20:19:24 (dt=1min, overlap=0min).
2026-02-26 22:16:10,698 - INFO - Using 1 selected station(s).
2026-02-26 22:16:10,698 - INFO - 
2026-02-26 22:16:10,698 - INFO - ------- Starting EQCCTPro... -------
2026-02-26 22:16:10,699 - INFO - Detailed subprocess information can be found in the log file.
2026-02-26 22:16:10,699 - INFO - 
2026-02-26 22:16:11,077 - INFO - GPU disabled (CPU-only).
2026-02-26 22:16:12,649 - INFO - Configured Intra-op threads = 1
2026-02-26 22:16:12,651 - INFO - Configured Inter-op threads = 1
2026-02-26 22:16:12,696 - INFO - TensorFlow: No GPUs visible; TF will proceed on CPU.
2026-02-26 22:16:12,699 - INFO - 
2026-02-26 22:16:12,701 - INFO - ------- Hardware Configuration -------
2026-02-26 22:16:12,703 - INFO - CPU affinity set to cores: [0, 1, 2, 3]
2026-02-26 22:16:12,704 - INFO - 
2026-02-26 22:16:12,706 - INFO - ------- Data Preprocessing for EQCCTPro -------
2026-02-26 22:16:12,708 - INFO - 1 station(s) in /home/blackwinter/projects/eqcct/eqcctpro/data/waveforms_explosions_nonoise/20250104T201824Z_20250104T201924Z
2026-02-26 22:16:12,710 - INFO - Using 1 selected station(s): ['RAJF'].
2026-02-26 22:16:12,711 - INFO - Creating model actor(s)...
2026-02-26 22:16:12,713 - INFO - System RAM: Total=7870 MB, Available=4070 MB
2026-02-26 22:16:12,715 - INFO - Usable RAM budget: 7083 MB (90% of total)
2026-02-26 22:16:12,716 - INFO - ===== MEMORY-AWARE CPU ACTOR POOL (EQCCT) =====
2026-02-26 22:16:12,718 - INFO - Requested concurrent tasks: 1
2026-02-26 22:16:12,720 - INFO - Available CPUs: 4
2026-02-26 22:16:12,722 - INFO - Available RAM: 7083 MB
2026-02-26 22:16:12,723 - INFO - RAM per model: 2264 MB
2026-02-26 22:16:12,725 - INFO - Max actors by RAM: 3
2026-02-26 22:16:12,727 - INFO - Creating 1 ModelActor(s)
2026-02-26 22:16:12,729 - INFO - Let Ray handle scheduling (taskset already restricts CPU visibility)
2026-02-26 22:16:12,730 - INFO - Creating ModelActor 1/1 (2.21GB RAM each)...
2026-02-26 22:16:16,607 - INFO - ModelActor 1 created successfully.
2026-02-26 22:16:16,609 - INFO - Created 1 CPU actor(s). Task queue will handle concurrency.
2026-02-26 22:16:16,611 - INFO - Starting EQCCTPro parallelized waveform processing...
2026-02-26 22:16:16,613 - INFO - 
2026-02-26 22:16:16,615 - INFO - ------- Analyzing Seismic Waveforms for P and S Picks via EQCCT -------
2026-02-26 22:16:16,617 - INFO - Analyzing 0:01:00 minute timechunk from 2025-01-04 20:18:24 to 2025-01-04 20:19:24 (0 min overlap)
2026-02-26 22:16:16,619 - INFO - Processing a total of 1 stations, 1 at a time.
2026-02-26 22:16:20,621 - INFO - (1/1) RAJF: Finished the prediction in 2.13s. (HP=1.0, LP=45.0)
2026-02-26 22:16:20,623 - INFO - 
2026-02-26 22:16:20,625 - INFO - ------- Parallel Station Waveform Processing Complete For 2025-01-04 20:18:24 to 2025-01-04 20:19:24 Timechunk-------
2026-02-26 22:16:20,628 - INFO - Picks saved at /home/blackwinter/projects/eqcct/eqcctpro/results/csv/bm_explosions/20250104T201824Z_20250104T201924ZProcess Runtime: 4.01 s
2026-02-26 22:16:20,631 - INFO - Successfully ran EQCCTPro, exiting...
2026-02-26 22:16:22,248 - INFO - Ray Successfully Shutdown.
2026-02-26 22:16:22,249 - INFO - ------- Successfully Picked All Waveform(s) from all Timechunk(s) -------
2026-02-27 05:48:05,782 - INFO - 
2026-02-27 05:48:05,789 - INFO - ------- Welcome to EQCCTPro -------
2026-02-27 05:48:05,789 - INFO - 
2026-02-27 05:48:05,790 - INFO - Running EQCCT over Requested MSeed Files using CPU(s)...
2026-02-27 05:48:05,790 - INFO - GPU disabled (CPU-only).
2026-02-27 05:48:05,790 - INFO - Configured Intra-op threads = 1
2026-02-27 05:48:05,790 - INFO - Configured Inter-op threads = 1
2026-02-27 05:48:05,790 - INFO - TensorFlow: No GPUs visible; TF will proceed on CPU.
2026-02-27 05:48:05,791 - INFO - 
2026-02-27 05:48:11,004 - INFO - Ray Successfully Initialized with 4 CPU(s) ([0, 1, 2, 3] CPU Affinity Binding).
2026-02-27 05:48:11,004 - INFO - Analyzing 1 time chunk(s) from 2025-01-04 20:18:24 to 2025-01-04 20:19:24 (dt=1min, overlap=0min).
2026-02-27 05:48:11,004 - INFO - Using 1 selected station(s).
2026-02-27 05:48:11,004 - INFO - 
2026-02-27 05:48:11,004 - INFO - ------- Starting EQCCTPro... -------
2026-02-27 05:48:11,005 - INFO - Detailed subprocess information can be found in the log file.
2026-02-27 05:48:11,005 - INFO - 
2026-02-27 05:48:11,377 - INFO - GPU disabled (CPU-only).
2026-02-27 05:48:12,904 - INFO - Configured Intra-op threads = 1
2026-02-27 05:48:12,907 - INFO - Configured Inter-op threads = 1
2026-02-27 05:48:12,948 - INFO - TensorFlow: No GPUs visible; TF will proceed on CPU.
2026-02-27 05:48:12,950 - INFO - 
2026-02-27 05:48:12,953 - INFO - ------- Hardware Configuration -------
2026-02-27 05:48:12,955 - INFO - CPU affinity set to cores: [0, 1, 2, 3]
2026-02-27 05:48:12,957 - INFO - 
2026-02-27 05:48:12,959 - INFO - ------- Data Preprocessing for EQCCTPro -------
2026-02-27 05:48:12,962 - INFO - 1 station(s) in /home/blackwinter/projects/eqcct/eqcctpro/data/waveforms_explosions_nonoise/20250104T201824Z_20250104T201924Z
2026-02-27 05:48:12,964 - INFO - Using 1 selected station(s): ['RAJF'].
2026-02-27 05:48:12,966 - INFO - Creating model actor(s)...
2026-02-27 05:48:12,968 - INFO - System RAM: Total=7870 MB, Available=4077 MB
2026-02-27 05:48:12,970 - INFO - Usable RAM budget: 7083 MB (90% of total)
2026-02-27 05:48:12,972 - INFO - ===== MEMORY-AWARE CPU ACTOR POOL (EQCCT) =====
2026-02-27 05:48:12,973 - INFO - Requested concurrent tasks: 1
2026-02-27 05:48:12,975 - INFO - Available CPUs: 4
2026-02-27 05:48:12,977 - INFO - Available RAM: 7083 MB
2026-02-27 05:48:12,979 - INFO - RAM per model: 2264 MB
2026-02-27 05:48:12,981 - INFO - Max actors by RAM: 3
2026-02-27 05:48:12,982 - INFO - Creating 1 ModelActor(s)
2026-02-27 05:48:12,984 - INFO - Let Ray handle scheduling (taskset already restricts CPU visibility)
2026-02-27 05:48:12,986 - INFO - Creating ModelActor 1/1 (2.21GB RAM each)...
2026-02-27 05:48:16,842 - INFO - ModelActor 1 created successfully.
2026-02-27 05:48:16,844 - INFO - Created 1 CPU actor(s). Task queue will handle concurrency.
2026-02-27 05:48:16,847 - INFO - Starting EQCCTPro parallelized waveform processing...
2026-02-27 05:48:16,849 - INFO - 
2026-02-27 05:48:16,850 - INFO - ------- Analyzing Seismic Waveforms for P and S Picks via EQCCT -------
2026-02-27 05:48:16,853 - INFO - Analyzing 0:01:00 minute timechunk from 2025-01-04 20:18:24 to 2025-01-04 20:19:24 (0 min overlap)
2026-02-27 05:48:16,855 - INFO - Processing a total of 1 stations, 1 at a time.
2026-02-27 05:48:18,760 - INFO - (1/1) RAJF: Skipped (already exists - overwrite=False).
2026-02-27 05:48:18,763 - INFO - 
2026-02-27 05:48:18,766 - INFO - ------- Parallel Station Waveform Processing Complete For 2025-01-04 20:18:24 to 2025-01-04 20:19:24 Timechunk-------
2026-02-27 05:48:18,768 - INFO - Picks saved at /home/blackwinter/projects/eqcct/eqcctpro/results/csv/bm_explosions/20250104T201824Z_20250104T201924ZProcess Runtime: 1.92 s
2026-02-27 05:48:18,773 - INFO - Successfully ran EQCCTPro, exiting...
2026-02-27 05:48:20,177 - INFO - Ray Successfully Shutdown.
2026-02-27 05:48:20,177 - INFO - ------- Successfully Picked All Waveform(s) from all Timechunk(s) -------
