2026-02-27 01:10:10,336 - INFO - 
2026-02-27 01:10:10,336 - INFO - ------- Welcome to EQCCTPro -------
2026-02-27 01:10:10,336 - INFO - 
2026-02-27 01:10:10,337 - INFO - Running EQCCT over Requested MSeed Files using CPU(s)...
2026-02-27 01:10:10,337 - INFO - GPU disabled (CPU-only).
2026-02-27 01:10:10,338 - INFO - Configured Intra-op threads = 1
2026-02-27 01:10:10,338 - INFO - Configured Inter-op threads = 1
2026-02-27 01:10:10,338 - INFO - TensorFlow: No GPUs visible; TF will proceed on CPU.
2026-02-27 01:10:10,338 - INFO - 
2026-02-27 01:10:15,752 - INFO - Ray Successfully Initialized with 4 CPU(s) ([0, 1, 2, 3] CPU Affinity Binding).
2026-02-27 01:10:15,753 - INFO - Analyzing 1 time chunk(s) from 2025-01-13 20:07:03 to 2025-01-13 20:08:03 (dt=1min, overlap=0min).
2026-02-27 01:10:15,753 - INFO - Using 1 selected station(s).
2026-02-27 01:10:15,753 - INFO - 
2026-02-27 01:10:15,753 - INFO - ------- Starting EQCCTPro... -------
2026-02-27 01:10:15,754 - INFO - Detailed subprocess information can be found in the log file.
2026-02-27 01:10:15,754 - INFO - 
2026-02-27 01:10:16,137 - INFO - GPU disabled (CPU-only).
2026-02-27 01:10:17,683 - INFO - Configured Intra-op threads = 1
2026-02-27 01:10:17,685 - INFO - Configured Inter-op threads = 1
2026-02-27 01:10:17,727 - INFO - TensorFlow: No GPUs visible; TF will proceed on CPU.
2026-02-27 01:10:17,729 - INFO - 
2026-02-27 01:10:17,732 - INFO - ------- Hardware Configuration -------
2026-02-27 01:10:17,734 - INFO - CPU affinity set to cores: [0, 1, 2, 3]
2026-02-27 01:10:17,736 - INFO - 
2026-02-27 01:10:17,739 - INFO - ------- Data Preprocessing for EQCCTPro -------
2026-02-27 01:10:17,740 - INFO - 1 station(s) in /home/blackwinter/projects/eqcct/eqcctpro/data/waveforms_explosions_nonoise/20250113T200703Z_20250113T200803Z
2026-02-27 01:10:17,742 - INFO - Using 1 selected station(s): ['TOF'].
2026-02-27 01:10:17,744 - INFO - Creating model actor(s)...
2026-02-27 01:10:17,746 - INFO - System RAM: Total=7870 MB, Available=3032 MB
2026-02-27 01:10:17,749 - INFO - Usable RAM budget: 7083 MB (90% of total)
2026-02-27 01:10:17,751 - INFO - ===== MEMORY-AWARE CPU ACTOR POOL (EQCCT) =====
2026-02-27 01:10:17,753 - INFO - Requested concurrent tasks: 1
2026-02-27 01:10:17,755 - INFO - Available CPUs: 4
2026-02-27 01:10:17,757 - INFO - Available RAM: 7083 MB
2026-02-27 01:10:17,759 - INFO - RAM per model: 2264 MB
2026-02-27 01:10:17,761 - INFO - Max actors by RAM: 3
2026-02-27 01:10:17,763 - INFO - Creating 1 ModelActor(s)
2026-02-27 01:10:17,765 - INFO - Let Ray handle scheduling (taskset already restricts CPU visibility)
2026-02-27 01:10:17,767 - INFO - Creating ModelActor 1/1 (2.21GB RAM each)...
2026-02-27 01:10:21,671 - INFO - ModelActor 1 created successfully.
2026-02-27 01:10:21,673 - INFO - Created 1 CPU actor(s). Task queue will handle concurrency.
2026-02-27 01:10:21,675 - INFO - Starting EQCCTPro parallelized waveform processing...
2026-02-27 01:10:21,677 - INFO - 
2026-02-27 01:10:21,678 - INFO - ------- Analyzing Seismic Waveforms for P and S Picks via EQCCT -------
2026-02-27 01:10:21,680 - INFO - Analyzing 0:01:00 minute timechunk from 2025-01-13 20:07:03 to 2025-01-13 20:08:03 (0 min overlap)
2026-02-27 01:10:21,682 - INFO - Processing a total of 1 stations, 1 at a time.
2026-02-27 01:10:25,766 - INFO - (1/1) TOF: Finished the prediction in 2.18s. (HP=1.0, LP=45.0)
2026-02-27 01:10:25,769 - INFO - 
2026-02-27 01:10:25,772 - INFO - ------- Parallel Station Waveform Processing Complete For 2025-01-13 20:07:03 to 2025-01-13 20:08:03 Timechunk-------
2026-02-27 01:10:25,775 - INFO - Picks saved at /home/blackwinter/projects/eqcct/eqcctpro/results/csv/bm_explosions/20250113T200703Z_20250113T200803ZProcess Runtime: 4.10 s
2026-02-27 01:10:25,783 - INFO - Successfully ran EQCCTPro, exiting...
2026-02-27 01:10:27,457 - INFO - Ray Successfully Shutdown.
2026-02-27 01:10:27,458 - INFO - ------- Successfully Picked All Waveform(s) from all Timechunk(s) -------
2026-02-27 08:18:36,949 - INFO - 
2026-02-27 08:18:36,955 - INFO - ------- Welcome to EQCCTPro -------
2026-02-27 08:18:36,955 - INFO - 
2026-02-27 08:18:36,956 - INFO - Running EQCCT over Requested MSeed Files using CPU(s)...
2026-02-27 08:18:36,956 - INFO - GPU disabled (CPU-only).
2026-02-27 08:18:36,957 - INFO - Configured Intra-op threads = 1
2026-02-27 08:18:36,957 - INFO - Configured Inter-op threads = 1
2026-02-27 08:18:36,957 - INFO - TensorFlow: No GPUs visible; TF will proceed on CPU.
2026-02-27 08:18:36,957 - INFO - 
2026-02-27 08:18:42,633 - INFO - Ray Successfully Initialized with 4 CPU(s) ([0, 1, 2, 3] CPU Affinity Binding).
2026-02-27 08:18:42,633 - INFO - Analyzing 1 time chunk(s) from 2025-01-13 20:07:03 to 2025-01-13 20:08:03 (dt=1min, overlap=0min).
2026-02-27 08:18:42,633 - INFO - Using 1 selected station(s).
2026-02-27 08:18:42,634 - INFO - 
2026-02-27 08:18:42,634 - INFO - ------- Starting EQCCTPro... -------
2026-02-27 08:18:42,634 - INFO - Detailed subprocess information can be found in the log file.
2026-02-27 08:18:42,634 - INFO - 
2026-02-27 08:18:42,997 - INFO - GPU disabled (CPU-only).
2026-02-27 08:18:44,516 - INFO - Configured Intra-op threads = 1
2026-02-27 08:18:44,518 - INFO - Configured Inter-op threads = 1
2026-02-27 08:18:44,561 - INFO - TensorFlow: No GPUs visible; TF will proceed on CPU.
2026-02-27 08:18:44,564 - INFO - 
2026-02-27 08:18:44,566 - INFO - ------- Hardware Configuration -------
2026-02-27 08:18:44,569 - INFO - CPU affinity set to cores: [0, 1, 2, 3]
2026-02-27 08:18:44,571 - INFO - 
2026-02-27 08:18:44,573 - INFO - ------- Data Preprocessing for EQCCTPro -------
2026-02-27 08:18:44,575 - INFO - 1 station(s) in /home/blackwinter/projects/eqcct/eqcctpro/data/waveforms_explosions_nonoise/20250113T200703Z_20250113T200803Z
2026-02-27 08:18:44,577 - INFO - Using 1 selected station(s): ['TOF'].
2026-02-27 08:18:44,579 - INFO - Creating model actor(s)...
2026-02-27 08:18:44,581 - INFO - System RAM: Total=7870 MB, Available=3159 MB
2026-02-27 08:18:44,583 - INFO - Usable RAM budget: 7083 MB (90% of total)
2026-02-27 08:18:44,585 - INFO - ===== MEMORY-AWARE CPU ACTOR POOL (EQCCT) =====
2026-02-27 08:18:44,588 - INFO - Requested concurrent tasks: 1
2026-02-27 08:18:44,590 - INFO - Available CPUs: 4
2026-02-27 08:18:44,592 - INFO - Available RAM: 7083 MB
2026-02-27 08:18:44,594 - INFO - RAM per model: 2264 MB
2026-02-27 08:18:44,596 - INFO - Max actors by RAM: 3
2026-02-27 08:18:44,598 - INFO - Creating 1 ModelActor(s)
2026-02-27 08:18:44,600 - INFO - Let Ray handle scheduling (taskset already restricts CPU visibility)
2026-02-27 08:18:44,602 - INFO - Creating ModelActor 1/1 (2.21GB RAM each)...
2026-02-27 08:18:48,547 - INFO - ModelActor 1 created successfully.
2026-02-27 08:18:48,549 - INFO - Created 1 CPU actor(s). Task queue will handle concurrency.
2026-02-27 08:18:48,551 - INFO - Starting EQCCTPro parallelized waveform processing...
2026-02-27 08:18:48,553 - INFO - 
2026-02-27 08:18:48,555 - INFO - ------- Analyzing Seismic Waveforms for P and S Picks via EQCCT -------
2026-02-27 08:18:48,557 - INFO - Analyzing 0:01:00 minute timechunk from 2025-01-13 20:07:03 to 2025-01-13 20:08:03 (0 min overlap)
2026-02-27 08:18:48,559 - INFO - Processing a total of 1 stations, 1 at a time.
2026-02-27 08:18:50,464 - INFO - (1/1) TOF: Skipped (already exists - overwrite=False).
2026-02-27 08:18:50,467 - INFO - 
2026-02-27 08:18:50,469 - INFO - ------- Parallel Station Waveform Processing Complete For 2025-01-13 20:07:03 to 2025-01-13 20:08:03 Timechunk-------
2026-02-27 08:18:50,471 - INFO - Picks saved at /home/blackwinter/projects/eqcct/eqcctpro/results/csv/bm_explosions/20250113T200703Z_20250113T200803ZProcess Runtime: 1.92 s
2026-02-27 08:18:50,475 - INFO - Successfully ran EQCCTPro, exiting...
2026-02-27 08:18:51,972 - INFO - Ray Successfully Shutdown.
2026-02-27 08:18:51,972 - INFO - ------- Successfully Picked All Waveform(s) from all Timechunk(s) -------
