2026-03-20 00:49:16,585 - INFO - 
2026-03-20 00:49:16,585 - INFO - ------- Welcome to EQCCTPro -------
2026-03-20 00:49:16,585 - INFO - 
2026-03-20 00:49:16,586 - INFO - Running EQCCT over Requested MSeed Files using CPU(s)...
2026-03-20 00:49:16,586 - INFO - GPU disabled (CPU-only).
2026-03-20 00:49:16,586 - INFO - Configured Intra-op threads = 1
2026-03-20 00:49:16,586 - INFO - Configured Inter-op threads = 1
2026-03-20 00:49:16,586 - INFO - TensorFlow: No GPUs visible; TF will proceed on CPU.
2026-03-20 00:49:16,586 - INFO - 
2026-03-20 00:49:22,354 - INFO - Ray Successfully Initialized with 4 CPU(s) ([0, 1, 2, 3] CPU Affinity Binding).
2026-03-20 00:49:22,354 - INFO - Analyzing 1 time chunk(s) from 2025-04-14 00:11:43 to 2025-04-14 00:12:43 (dt=1min, overlap=0min).
2026-03-20 00:49:22,354 - INFO - Using 1 selected station(s).
2026-03-20 00:49:22,354 - INFO - 
2026-03-20 00:49:22,355 - INFO - ------- Starting EQCCTPro... -------
2026-03-20 00:49:22,355 - INFO - Detailed subprocess information can be found in the log file.
2026-03-20 00:49:22,355 - INFO - 
2026-03-20 00:49:22,722 - INFO - GPU disabled (CPU-only).
2026-03-20 00:49:24,232 - INFO - Configured Intra-op threads = 1
2026-03-20 00:49:24,234 - INFO - Configured Inter-op threads = 1
2026-03-20 00:49:24,277 - INFO - TensorFlow: No GPUs visible; TF will proceed on CPU.
2026-03-20 00:49:24,280 - INFO - 
2026-03-20 00:49:24,281 - INFO - ------- Hardware Configuration -------
2026-03-20 00:49:24,283 - INFO - CPU affinity set to cores: [0, 1, 2, 3]
2026-03-20 00:49:24,285 - INFO - 
2026-03-20 00:49:24,287 - INFO - ------- Data Preprocessing for EQCCTPro -------
2026-03-20 00:49:24,288 - INFO - 1 station(s) in /home/blackwinter/projects/eqcct/eqcctpro/data/waveforms_earthquakes_nonoise/20250414T001143Z_20250414T001243Z
2026-03-20 00:49:24,290 - INFO - Using 1 selected station(s): ['KLF'].
2026-03-20 00:49:24,292 - INFO - Creating model actor(s)...
2026-03-20 00:49:24,294 - INFO - System RAM: Total=7870 MB, Available=2303 MB
2026-03-20 00:49:24,295 - INFO - Usable RAM budget: 7083 MB (90% of total)
2026-03-20 00:49:24,297 - INFO - ===== MEMORY-AWARE CPU ACTOR POOL (EQCCT) =====
2026-03-20 00:49:24,299 - INFO - Requested concurrent tasks: 1
2026-03-20 00:49:24,301 - INFO - Available CPUs: 4
2026-03-20 00:49:24,302 - INFO - Available RAM: 7083 MB
2026-03-20 00:49:24,305 - INFO - RAM per model: 2264 MB
2026-03-20 00:49:24,306 - INFO - Max actors by RAM: 3
2026-03-20 00:49:24,308 - INFO - Creating 1 ModelActor(s)
2026-03-20 00:49:24,311 - INFO - Let Ray handle scheduling (taskset already restricts CPU visibility)
2026-03-20 00:49:24,313 - INFO - Creating ModelActor 1/1 (2.21GB RAM each)...
2026-03-20 00:49:28,318 - INFO - ModelActor 1 created successfully.
2026-03-20 00:49:28,320 - INFO - Created 1 CPU actor(s). Task queue will handle concurrency.
2026-03-20 00:49:28,322 - INFO - Starting EQCCTPro parallelized waveform processing...
2026-03-20 00:49:28,324 - INFO - 
2026-03-20 00:49:28,325 - INFO - ------- Analyzing Seismic Waveforms for P and S Picks via EQCCT -------
2026-03-20 00:49:28,328 - INFO - Analyzing 0:01:00 minute timechunk from 2025-04-14 00:11:43 to 2025-04-14 00:12:43 (0 min overlap)
2026-03-20 00:49:28,331 - INFO - Processing a total of 1 stations, 1 at a time.
2026-03-20 00:49:32,501 - INFO - (1/1) KLF: Finished the prediction in 2.2s. (HP=1.0, LP=45.0)
2026-03-20 00:49:32,503 - INFO - 
2026-03-20 00:49:32,505 - INFO - ------- Parallel Station Waveform Processing Complete For 2025-04-14 00:11:43 to 2025-04-14 00:12:43 Timechunk-------
2026-03-20 00:49:32,507 - INFO - Picks saved at /home/blackwinter/projects/eqcct/eqcctpro/results/csv/eqcct_earthquakes_th0_1/20250414T001143Z_20250414T001243ZProcess Runtime: 4.18 s
2026-03-20 00:49:32,511 - INFO - Successfully ran EQCCTPro, exiting...
2026-03-20 00:49:34,015 - INFO - Ray Successfully Shutdown.
2026-03-20 00:49:34,015 - INFO - ------- Successfully Picked All Waveform(s) from all Timechunk(s) -------
