2026-02-24 01:43:55,036 - INFO - 
2026-02-24 01:43:55,036 - INFO - ------- Welcome to EQCCTPro -------
2026-02-24 01:43:55,036 - INFO - 
2026-02-24 01:43:55,036 - INFO - Running EQCCT over Requested MSeed Files using CPU(s)...
2026-02-24 01:43:55,037 - INFO - GPU disabled (CPU-only).
2026-02-24 01:43:55,037 - INFO - Configured Intra-op threads = 1
2026-02-24 01:43:55,037 - INFO - Configured Inter-op threads = 1
2026-02-24 01:43:55,037 - INFO - TensorFlow: No GPUs visible; TF will proceed on CPU.
2026-02-24 01:43:55,037 - INFO - 
2026-02-24 01:44:00,566 - INFO - Ray Successfully Initialized with 4 CPU(s) ([0, 1, 2, 3] CPU Affinity Binding).
2026-02-24 01:44:00,567 - INFO - Analyzing 1 time chunk(s) from 2025-06-08 22:57:38 to 2025-06-08 22:58:38 (dt=1min, overlap=0min).
2026-02-24 01:44:00,567 - INFO - Using 1 selected station(s).
2026-02-24 01:44:00,567 - INFO - 
2026-02-24 01:44:00,567 - INFO - ------- Starting EQCCTPro... -------
2026-02-24 01:44:00,567 - INFO - Detailed subprocess information can be found in the log file.
2026-02-24 01:44:00,567 - INFO - 
2026-02-24 01:44:00,933 - INFO - GPU disabled (CPU-only).
2026-02-24 01:44:02,421 - INFO - Configured Intra-op threads = 1
2026-02-24 01:44:02,423 - INFO - Configured Inter-op threads = 1
2026-02-24 01:44:02,464 - INFO - TensorFlow: No GPUs visible; TF will proceed on CPU.
2026-02-24 01:44:02,466 - INFO - 
2026-02-24 01:44:02,468 - INFO - ------- Hardware Configuration -------
2026-02-24 01:44:02,470 - INFO - CPU affinity set to cores: [0, 1, 2, 3]
2026-02-24 01:44:02,472 - INFO - 
2026-02-24 01:44:02,474 - INFO - ------- Data Preprocessing for EQCCTPro -------
2026-02-24 01:44:02,476 - INFO - 1 station(s) in /home/blackwinter/projects/eqcct/eqcctpro/data/waveforms_earthquakes_noise_only/20250608T225738Z_20250608T225838Z
2026-02-24 01:44:02,477 - INFO - Using 1 selected station(s): ['KEV'].
2026-02-24 01:44:02,479 - INFO - Creating model actor(s)...
2026-02-24 01:44:02,481 - INFO - System RAM: Total=7870 MB, Available=2581 MB
2026-02-24 01:44:02,483 - INFO - Usable RAM budget: 7083 MB (90% of total)
2026-02-24 01:44:02,485 - INFO - ===== MEMORY-AWARE CPU ACTOR POOL (EQCCT) =====
2026-02-24 01:44:02,486 - INFO - Requested concurrent tasks: 1
2026-02-24 01:44:02,488 - INFO - Available CPUs: 4
2026-02-24 01:44:02,490 - INFO - Available RAM: 7083 MB
2026-02-24 01:44:02,492 - INFO - RAM per model: 2264 MB
2026-02-24 01:44:02,495 - INFO - Max actors by RAM: 3
2026-02-24 01:44:02,497 - INFO - Creating 1 ModelActor(s)
2026-02-24 01:44:02,499 - INFO - Let Ray handle scheduling (taskset already restricts CPU visibility)
2026-02-24 01:44:02,502 - INFO - Creating ModelActor 1/1 (2.21GB RAM each)...
2026-02-24 01:44:06,431 - INFO - ModelActor 1 created successfully.
2026-02-24 01:44:06,433 - INFO - Created 1 CPU actor(s). Task queue will handle concurrency.
2026-02-24 01:44:06,436 - INFO - Starting EQCCTPro parallelized waveform processing...
2026-02-24 01:44:06,438 - INFO - 
2026-02-24 01:44:06,440 - INFO - ------- Analyzing Seismic Waveforms for P and S Picks via EQCCT -------
2026-02-24 01:44:06,442 - INFO - Analyzing 0:01:00 minute timechunk from 2025-06-08 22:57:38 to 2025-06-08 22:58:38 (0 min overlap)
2026-02-24 01:44:06,444 - INFO - Processing a total of 1 stations, 1 at a time.
2026-02-24 01:44:10,566 - INFO - (1/1) KEV: Finished the prediction in 2.14s. (HP=1.0, LP=45.0)
2026-02-24 01:44:10,568 - INFO - 
2026-02-24 01:44:10,570 - INFO - ------- Parallel Station Waveform Processing Complete For 2025-06-08 22:57:38 to 2025-06-08 22:58:38 Timechunk-------
2026-02-24 01:44:10,572 - INFO - Picks saved at /home/blackwinter/projects/eqcct/eqcctpro/results/csv/bm_eq_noise_only/20250608T225738Z_20250608T225838ZProcess Runtime: 4.13 s
2026-02-24 01:44:10,576 - INFO - Successfully ran EQCCTPro, exiting...
2026-02-24 01:44:12,272 - INFO - Ray Successfully Shutdown.
2026-02-24 01:44:12,273 - INFO - ------- Successfully Picked All Waveform(s) from all Timechunk(s) -------
