2026-03-28 11:00:21,158 - INFO - 
2026-03-28 11:00:21,158 - INFO - ------- Welcome to EQCCTPro -------
2026-03-28 11:00:21,158 - INFO - 
2026-03-28 11:00:21,159 - INFO - Running EQCCT over Requested MSeed Files using CPU(s)...
2026-03-28 11:00:21,159 - INFO - GPU disabled (CPU-only).
2026-03-28 11:00:21,159 - INFO - Skipping framework-specific initialization in the driver process.
2026-03-28 11:00:22,560 - INFO - Ray Successfully Initialized with 4 CPU(s) ([0, 1, 2, 3] CPU Affinity Binding).
2026-03-28 11:00:22,560 - INFO - Analyzing 1 time chunk(s) from 2025-01-06 16:45:02 to 2025-01-06 16:46:02 (dt=1min, overlap=0min).
2026-03-28 11:00:22,560 - INFO - Using 1 selected station(s).
2026-03-28 11:00:22,560 - INFO - 
2026-03-28 11:00:22,560 - INFO - ------- Starting EQCCTPro... -------
2026-03-28 11:00:22,561 - INFO - Detailed subprocess information can be found in the log file.
2026-03-28 11:00:22,561 - INFO - 
2026-03-28 11:00:22,870 - INFO - GPU disabled (CPU-only).
2026-03-28 11:00:22,874 - INFO - Skipping framework-specific initialization in the driver process.
2026-03-28 11:00:22,877 - INFO - ------- Hardware Configuration -------
2026-03-28 11:00:22,880 - INFO - CPU affinity set to cores: [0, 1, 2, 3]
2026-03-28 11:00:22,883 - INFO - 
2026-03-28 11:00:22,886 - INFO - ------- Data Preprocessing for EQCCTPro -------
2026-03-28 11:00:22,888 - INFO - 1 station(s) in /home/blackwinter/projects/eqcct/eqcctpro/data/waveforms_noise_only/20250106T164502Z_20250106T164602Z
2026-03-28 11:00:22,891 - INFO - Using 1 selected station(s): ['OBF3'].
2026-03-28 11:00:22,893 - INFO - Creating model actor(s)...
2026-03-28 11:00:22,896 - INFO - System RAM: Total=7870 MB, Available=4664 MB
2026-03-28 11:00:22,898 - INFO - Usable RAM budget: 7083 MB (90% of total)
2026-03-28 11:00:22,900 - INFO - ===== MEMORY-AWARE CPU ACTOR POOL =====
2026-03-28 11:00:22,902 - INFO - Requested concurrent tasks: 1
2026-03-28 11:00:22,904 - INFO - Available CPUs: 4
2026-03-28 11:00:22,906 - INFO - Available RAM: 7083 MB
2026-03-28 11:00:22,909 - INFO - RAM per model: 2060 MB
2026-03-28 11:00:22,912 - INFO - Max actors by RAM: 3
2026-03-28 11:00:22,915 - INFO - Creating 1 SeisBenchModelActor(s)
2026-03-28 11:00:22,918 - INFO - Let Ray handle scheduling (taskset already restricts CPU visibility)
2026-03-28 11:00:22,921 - INFO - Creating SeisBenchModelActor 1/1 (2.01GB RAM each)...
2026-03-28 11:00:25,685 - INFO - SeisBenchModelActor 1 created successfully.
2026-03-28 11:00:25,688 - INFO - Created 1 CPU actor(s). Task queue will handle concurrency.
2026-03-28 11:00:25,691 - INFO - Starting EQCCTPro parallelized waveform processing...
2026-03-28 11:00:25,694 - INFO - 
2026-03-28 11:00:25,696 - INFO - ------- Analyzing Seismic Waveforms for P and S Picks via SeisBench (EQTransformer - original_nonconservative) -------
2026-03-28 11:00:25,699 - INFO - Analyzing 0:01:00 minute timechunk from 2025-01-06 16:45:02 to 2025-01-06 16:46:02 (0 min overlap)
2026-03-28 11:00:25,702 - INFO - Processing a total of 1 stations, 1 at a time.
2026-03-28 11:00:27,931 - INFO - (1/1) OBF3: Finished the prediction in 0.13s. (HP=1.0, LP=45.0, picks=0)
2026-03-28 11:00:27,934 - INFO - 
2026-03-28 11:00:27,937 - INFO - ------- Parallel Station Waveform Processing Complete For 2025-01-06 16:45:02 to 2025-01-06 16:46:02 Timechunk-------
2026-03-28 11:00:27,939 - INFO - Picks saved at /home/blackwinter/projects/eqcct/eqcctpro/results/csv/eqt_noise_th0_1/20250106T164502Z_20250106T164602ZProcess Runtime: 2.24 s
2026-03-28 11:00:27,945 - INFO - Successfully ran EQCCTPro, exiting...
2026-03-28 11:00:29,540 - INFO - Ray Successfully Shutdown.
2026-03-28 11:00:29,541 - INFO - ------- Successfully Picked All Waveform(s) from all Timechunk(s) -------
