2026-02-23 18:01:38,105 - INFO - 
2026-02-23 18:01:38,105 - INFO - ------- Welcome to EQCCTPro -------
2026-02-23 18:01:38,105 - INFO - 
2026-02-23 18:01:38,105 - INFO - Running EQCCT over Requested MSeed Files using CPU(s)...
2026-02-23 18:01:38,106 - INFO - GPU disabled (CPU-only).
2026-02-23 18:01:38,106 - INFO - Configured Intra-op threads = 1
2026-02-23 18:01:38,106 - INFO - Configured Inter-op threads = 1
2026-02-23 18:01:38,106 - INFO - TensorFlow: No GPUs visible; TF will proceed on CPU.
2026-02-23 18:01:38,106 - INFO - 
2026-02-23 18:01:43,550 - INFO - Ray Successfully Initialized with 4 CPU(s) ([0, 1, 2, 3] CPU Affinity Binding).
2026-02-23 18:01:43,550 - INFO - Analyzing 1 time chunk(s) from 2025-01-27 06:52:19 to 2025-01-27 06:53:19 (dt=1min, overlap=0min).
2026-02-23 18:01:43,550 - INFO - Using 1 selected station(s).
2026-02-23 18:01:43,550 - INFO - 
2026-02-23 18:01:43,550 - INFO - ------- Starting EQCCTPro... -------
2026-02-23 18:01:43,550 - INFO - Detailed subprocess information can be found in the log file.
2026-02-23 18:01:43,551 - INFO - 
2026-02-23 18:01:43,912 - INFO - GPU disabled (CPU-only).
2026-02-23 18:01:45,393 - INFO - Configured Intra-op threads = 1
2026-02-23 18:01:45,395 - INFO - Configured Inter-op threads = 1
2026-02-23 18:01:45,437 - INFO - TensorFlow: No GPUs visible; TF will proceed on CPU.
2026-02-23 18:01:45,439 - INFO - 
2026-02-23 18:01:45,441 - INFO - ------- Hardware Configuration -------
2026-02-23 18:01:45,443 - INFO - CPU affinity set to cores: [0, 1, 2, 3]
2026-02-23 18:01:45,445 - INFO - 
2026-02-23 18:01:45,446 - INFO - ------- Data Preprocessing for EQCCTPro -------
2026-02-23 18:01:45,448 - INFO - 1 station(s) in /home/blackwinter/projects/eqcct/eqcctpro/data/waveforms_earthquakes_noise_only/20250127T065219Z_20250127T065319Z
2026-02-23 18:01:45,450 - INFO - Using 1 selected station(s): ['HEL1'].
2026-02-23 18:01:45,452 - INFO - Creating model actor(s)...
2026-02-23 18:01:45,454 - INFO - System RAM: Total=7870 MB, Available=4087 MB
2026-02-23 18:01:45,455 - INFO - Usable RAM budget: 7083 MB (90% of total)
2026-02-23 18:01:45,457 - INFO - ===== MEMORY-AWARE CPU ACTOR POOL (EQCCT) =====
2026-02-23 18:01:45,459 - INFO - Requested concurrent tasks: 1
2026-02-23 18:01:45,461 - INFO - Available CPUs: 4
2026-02-23 18:01:45,463 - INFO - Available RAM: 7083 MB
2026-02-23 18:01:45,465 - INFO - RAM per model: 2264 MB
2026-02-23 18:01:45,467 - INFO - Max actors by RAM: 3
2026-02-23 18:01:45,469 - INFO - Creating 1 ModelActor(s)
2026-02-23 18:01:45,471 - INFO - Let Ray handle scheduling (taskset already restricts CPU visibility)
2026-02-23 18:01:45,473 - INFO - Creating ModelActor 1/1 (2.21GB RAM each)...
2026-02-23 18:01:49,346 - INFO - ModelActor 1 created successfully.
2026-02-23 18:01:49,348 - INFO - Created 1 CPU actor(s). Task queue will handle concurrency.
2026-02-23 18:01:49,350 - INFO - Starting EQCCTPro parallelized waveform processing...
2026-02-23 18:01:49,352 - INFO - 
2026-02-23 18:01:49,354 - INFO - ------- Analyzing Seismic Waveforms for P and S Picks via EQCCT -------
2026-02-23 18:01:49,357 - INFO - Analyzing 0:01:00 minute timechunk from 2025-01-27 06:52:19 to 2025-01-27 06:53:19 (0 min overlap)
2026-02-23 18:01:49,359 - INFO - Processing a total of 1 stations, 1 at a time.
2026-02-23 18:01:53,672 - INFO - (1/1) HEL1: Finished the prediction in 2.24s. (HP=1.0, LP=45.0)
2026-02-23 18:01:53,677 - INFO - 
2026-02-23 18:01:53,679 - INFO - ------- Parallel Station Waveform Processing Complete For 2025-01-27 06:52:19 to 2025-01-27 06:53:19 Timechunk-------
2026-02-23 18:01:53,686 - INFO - Successfully ran EQCCTPro, exiting...
2026-02-23 18:01:53,681 - INFO - Picks saved at /home/blackwinter/projects/eqcct/eqcctpro/results/csv/bm_eq_noise_only/20250127T065219Z_20250127T065319ZProcess Runtime: 4.33 s
2026-02-23 18:01:55,235 - INFO - Ray Successfully Shutdown.
2026-02-23 18:01:55,236 - INFO - ------- Successfully Picked All Waveform(s) from all Timechunk(s) -------
