2026-03-28 21:38:00,323 - INFO - 
2026-03-28 21:38:00,323 - INFO - ------- Welcome to EQCCTPro -------
2026-03-28 21:38:00,323 - INFO - 
2026-03-28 21:38:00,324 - INFO - Running EQCCT over Requested MSeed Files using CPU(s)...
2026-03-28 21:38:00,324 - INFO - GPU disabled (CPU-only).
2026-03-29 05:28:12,289 - INFO - 
2026-03-29 05:28:12,290 - INFO - ------- Welcome to EQCCTPro -------
2026-03-29 05:28:12,290 - INFO - 
2026-03-29 05:28:12,291 - INFO - Running EQCCT over Requested MSeed Files using CPU(s)...
2026-03-29 05:28:12,291 - INFO - GPU disabled (CPU-only).
2026-03-29 05:28:12,291 - INFO - Configured Intra-op threads = 1
2026-03-29 05:28:12,291 - INFO - Configured Inter-op threads = 1
2026-03-29 05:28:12,291 - INFO - TensorFlow: No GPUs visible; TF will proceed on CPU.
2026-03-29 05:28:12,291 - INFO - 
2026-03-29 05:28:17,509 - INFO - Ray Successfully Initialized with 4 CPU(s) ([0, 1, 2, 3] CPU Affinity Binding).
2026-03-29 05:28:17,509 - INFO - Analyzing 1 time chunk(s) from 2025-01-20 11:53:43 to 2025-01-20 11:54:43 (dt=1min, overlap=0min).
2026-03-29 05:28:17,509 - INFO - Using 1 selected station(s).
2026-03-29 05:28:17,509 - INFO - 
2026-03-29 05:28:17,510 - INFO - ------- Starting EQCCTPro... -------
2026-03-29 05:28:17,510 - INFO - Detailed subprocess information can be found in the log file.
2026-03-29 05:28:17,510 - INFO - 
2026-03-29 05:28:17,924 - INFO - GPU disabled (CPU-only).
2026-03-29 05:28:19,548 - INFO - Configured Intra-op threads = 1
2026-03-29 05:28:19,551 - INFO - Configured Inter-op threads = 1
2026-03-29 05:28:19,590 - INFO - TensorFlow: No GPUs visible; TF will proceed on CPU.
2026-03-29 05:28:19,593 - INFO - 
2026-03-29 05:28:19,595 - INFO - ------- Hardware Configuration -------
2026-03-29 05:28:19,598 - INFO - CPU affinity set to cores: [0, 1, 2, 3]
2026-03-29 05:28:19,600 - INFO - 
2026-03-29 05:28:19,603 - INFO - ------- Data Preprocessing for EQCCTPro -------
2026-03-29 05:28:19,606 - INFO - 1 station(s) in /home/blackwinter/projects/eqcct/eqcctpro/data/waveforms_explosions_nonoise/20250120T115343Z_20250120T115443Z
2026-03-29 05:28:19,608 - INFO - Using 1 selected station(s): ['HEF'].
2026-03-29 05:28:19,611 - INFO - Creating model actor(s)...
2026-03-29 05:28:19,613 - INFO - System RAM: Total=7870 MB, Available=2973 MB
2026-03-29 05:28:19,616 - INFO - Usable RAM budget: 7083 MB (90% of total)
2026-03-29 05:28:19,619 - INFO - ===== MEMORY-AWARE CPU ACTOR POOL (EQCCT) =====
2026-03-29 05:28:19,622 - INFO - Requested concurrent tasks: 1
2026-03-29 05:28:19,624 - INFO - Available CPUs: 4
2026-03-29 05:28:19,627 - INFO - Available RAM: 7083 MB
2026-03-29 05:28:19,629 - INFO - RAM per model: 2264 MB
2026-03-29 05:28:19,632 - INFO - Max actors by RAM: 3
2026-03-29 05:28:19,634 - INFO - Creating 1 ModelActor(s)
2026-03-29 05:28:19,636 - INFO - Let Ray handle scheduling (taskset already restricts CPU visibility)
2026-03-29 05:28:19,639 - INFO - Creating ModelActor 1/1 (2.21GB RAM each)...
2026-03-29 05:28:24,106 - INFO - ModelActor 1 created successfully.
2026-03-29 05:28:24,110 - INFO - Created 1 CPU actor(s). Task queue will handle concurrency.
2026-03-29 05:28:24,113 - INFO - Starting EQCCTPro parallelized waveform processing...
2026-03-29 05:28:24,116 - INFO - 
2026-03-29 05:28:24,119 - INFO - ------- Analyzing Seismic Waveforms for P and S Picks via EQCCT -------
2026-03-29 05:28:24,123 - INFO - Analyzing 0:01:00 minute timechunk from 2025-01-20 11:53:43 to 2025-01-20 11:54:43 (0 min overlap)
2026-03-29 05:28:24,125 - INFO - Processing a total of 1 stations, 1 at a time.
2026-03-29 05:28:28,556 - INFO - (1/1) HEF: Finished the prediction in 2.38s. (HP=1.0, LP=45.0)
2026-03-29 05:28:28,558 - INFO - 
2026-03-29 05:28:28,561 - INFO - ------- Parallel Station Waveform Processing Complete For 2025-01-20 11:53:43 to 2025-01-20 11:54:43 Timechunk-------
2026-03-29 05:28:28,564 - INFO - Picks saved at /home/blackwinter/projects/eqcct/eqcctpro/results/csv/eqcct_explosions_th0_1/20250120T115343Z_20250120T115443ZProcess Runtime: 4.44 s
2026-03-29 05:28:28,570 - INFO - Successfully ran EQCCTPro, exiting...
2026-03-29 05:28:30,457 - INFO - Ray Successfully Shutdown.
2026-03-29 05:28:30,457 - INFO - ------- Successfully Picked All Waveform(s) from all Timechunk(s) -------
