2026-03-29 13:16:22,540 - INFO - 
2026-03-29 13:16:22,540 - INFO - ------- Welcome to EQCCTPro -------
2026-03-29 13:16:22,540 - INFO - 
2026-03-29 13:16:22,541 - INFO - Running EQCCT over Requested MSeed Files using CPU(s)...
2026-03-29 13:16:22,541 - INFO - GPU disabled (CPU-only).
2026-03-29 13:16:22,541 - INFO - Configured Intra-op threads = 1
2026-03-29 13:16:22,541 - INFO - Configured Inter-op threads = 1
2026-03-29 13:16:22,541 - INFO - TensorFlow: No GPUs visible; TF will proceed on CPU.
2026-03-29 13:16:22,542 - INFO - 
2026-03-29 13:16:28,427 - INFO - Ray Successfully Initialized with 4 CPU(s) ([0, 1, 2, 3] CPU Affinity Binding).
2026-03-29 13:16:28,427 - INFO - Analyzing 1 time chunk(s) from 2025-01-06 19:22:01 to 2025-01-06 19:23:01 (dt=1min, overlap=0min).
2026-03-29 13:16:28,427 - INFO - Using 1 selected station(s).
2026-03-29 13:16:28,427 - INFO - 
2026-03-29 13:16:28,428 - INFO - ------- Starting EQCCTPro... -------
2026-03-29 13:16:28,428 - INFO - Detailed subprocess information can be found in the log file.
2026-03-29 13:16:28,428 - INFO - 
2026-03-29 13:16:28,834 - INFO - GPU disabled (CPU-only).
2026-03-29 13:16:30,445 - INFO - Configured Intra-op threads = 1
2026-03-29 13:16:30,449 - INFO - Configured Inter-op threads = 1
2026-03-29 13:16:30,502 - INFO - TensorFlow: No GPUs visible; TF will proceed on CPU.
2026-03-29 13:16:30,504 - INFO - 
2026-03-29 13:16:30,507 - INFO - ------- Hardware Configuration -------
2026-03-29 13:16:30,509 - INFO - CPU affinity set to cores: [0, 1, 2, 3]
2026-03-29 13:16:30,512 - INFO - 
2026-03-29 13:16:30,515 - INFO - ------- Data Preprocessing for EQCCTPro -------
2026-03-29 13:16:30,517 - INFO - 1 station(s) in /home/blackwinter/projects/eqcct/eqcctpro/data/waveforms_noise_only/20250106T192201Z_20250106T192301Z
2026-03-29 13:16:30,520 - INFO - Using 1 selected station(s): ['FIB3'].
2026-03-29 13:16:30,522 - INFO - Creating model actor(s)...
2026-03-29 13:16:30,525 - INFO - System RAM: Total=7870 MB, Available=4628 MB
2026-03-29 13:16:30,527 - INFO - Usable RAM budget: 7083 MB (90% of total)
2026-03-29 13:16:30,530 - INFO - ===== MEMORY-AWARE CPU ACTOR POOL (EQCCT) =====
2026-03-29 13:16:30,532 - INFO - Requested concurrent tasks: 1
2026-03-29 13:16:30,535 - INFO - Available CPUs: 4
2026-03-29 13:16:30,537 - INFO - Available RAM: 7083 MB
2026-03-29 13:16:30,539 - INFO - RAM per model: 2264 MB
2026-03-29 13:16:30,541 - INFO - Max actors by RAM: 3
2026-03-29 13:16:30,544 - INFO - Creating 1 ModelActor(s)
2026-03-29 13:16:30,546 - INFO - Let Ray handle scheduling (taskset already restricts CPU visibility)
2026-03-29 13:16:30,548 - INFO - Creating ModelActor 1/1 (2.21GB RAM each)...
2026-03-29 13:16:34,763 - INFO - ModelActor 1 created successfully.
2026-03-29 13:16:34,765 - INFO - Created 1 CPU actor(s). Task queue will handle concurrency.
2026-03-29 13:16:34,769 - INFO - Starting EQCCTPro parallelized waveform processing...
2026-03-29 13:16:34,771 - INFO - 
2026-03-29 13:16:34,774 - INFO - ------- Analyzing Seismic Waveforms for P and S Picks via EQCCT -------
2026-03-29 13:16:34,777 - INFO - Analyzing 0:01:00 minute timechunk from 2025-01-06 19:22:01 to 2025-01-06 19:23:01 (0 min overlap)
2026-03-29 13:16:34,781 - INFO - Processing a total of 1 stations, 1 at a time.
2026-03-29 13:16:39,191 - INFO - (1/1) FIB3: Finished the prediction in 2.38s. (HP=1.0, LP=45.0)
2026-03-29 13:16:39,194 - INFO - 
2026-03-29 13:16:39,196 - INFO - ------- Parallel Station Waveform Processing Complete For 2025-01-06 19:22:01 to 2025-01-06 19:23:01 Timechunk-------
2026-03-29 13:16:39,199 - INFO - Picks saved at /home/blackwinter/projects/eqcct/eqcctpro/results/csv/eqcct_noise_th0_1/20250106T192201Z_20250106T192301ZProcess Runtime: 4.43 s
2026-03-29 13:16:39,203 - INFO - Successfully ran EQCCTPro, exiting...
2026-03-29 13:16:40,636 - INFO - Ray Successfully Shutdown.
2026-03-29 13:16:40,636 - INFO - ------- Successfully Picked All Waveform(s) from all Timechunk(s) -------
