2026-02-22 22:19:25,701 - INFO - 
2026-02-22 22:19:25,701 - INFO - ------- Welcome to EQCCTPro -------
2026-02-22 22:19:25,701 - INFO - 
2026-02-22 22:19:25,702 - INFO - Running EQCCT over Requested MSeed Files using CPU(s)...
2026-02-22 22:19:25,702 - INFO - GPU disabled (CPU-only).
2026-02-22 22:19:25,702 - INFO - Configured Intra-op threads = 1
2026-02-22 22:19:25,702 - INFO - Configured Inter-op threads = 1
2026-02-22 22:19:25,703 - INFO - TensorFlow: No GPUs visible; TF will proceed on CPU.
2026-02-22 22:19:25,703 - INFO - 
2026-02-22 22:19:31,388 - INFO - Ray Successfully Initialized with 4 CPU(s) ([0, 1, 2, 3] CPU Affinity Binding).
2026-02-22 22:19:31,388 - INFO - Analyzing 1 time chunk(s) from 2025-11-18 18:57:53 to 2025-11-18 18:58:53 (dt=1min, overlap=0min).
2026-02-22 22:19:31,388 - INFO - Using 1 selected station(s).
2026-02-22 22:19:31,388 - INFO - 
2026-02-22 22:19:31,388 - INFO - ------- Starting EQCCTPro... -------
2026-02-22 22:19:31,389 - INFO - Detailed subprocess information can be found in the log file.
2026-02-22 22:19:31,389 - INFO - 
2026-02-22 22:19:31,763 - INFO - GPU disabled (CPU-only).
2026-02-22 22:19:33,418 - INFO - Configured Intra-op threads = 1
2026-02-22 22:19:33,421 - INFO - Configured Inter-op threads = 1
2026-02-22 22:19:33,467 - INFO - TensorFlow: No GPUs visible; TF will proceed on CPU.
2026-02-22 22:19:33,469 - INFO - 
2026-02-22 22:19:33,471 - INFO - ------- Hardware Configuration -------
2026-02-22 22:19:33,473 - INFO - CPU affinity set to cores: [0, 1, 2, 3]
2026-02-22 22:19:33,476 - INFO - 
2026-02-22 22:19:33,479 - INFO - ------- Data Preprocessing for EQCCTPro -------
2026-02-22 22:19:33,481 - INFO - 1 station(s) in /home/blackwinter/projects/eqcct/eqcctpro/data/waveforms_earthquakes_nonoise/20251118T185753Z_20251118T185853Z
2026-02-22 22:19:33,483 - INFO - Using 1 selected station(s): ['OBF3'].
2026-02-22 22:19:33,486 - INFO - Creating model actor(s)...
2026-02-22 22:19:33,488 - INFO - System RAM: Total=7870 MB, Available=1546 MB
2026-02-22 22:19:33,490 - INFO - Usable RAM budget: 7083 MB (90% of total)
2026-02-22 22:19:33,493 - INFO - ===== MEMORY-AWARE CPU ACTOR POOL (EQCCT) =====
2026-02-22 22:19:33,495 - INFO - Requested concurrent tasks: 1
2026-02-22 22:19:33,497 - INFO - Available CPUs: 4
2026-02-22 22:19:33,499 - INFO - Available RAM: 7083 MB
2026-02-22 22:19:33,501 - INFO - RAM per model: 2264 MB
2026-02-22 22:19:33,504 - INFO - Max actors by RAM: 3
2026-02-22 22:19:33,506 - INFO - Creating 1 ModelActor(s)
2026-02-22 22:19:33,508 - INFO - Let Ray handle scheduling (taskset already restricts CPU visibility)
2026-02-22 22:19:33,510 - INFO - Creating ModelActor 1/1 (2.21GB RAM each)...
2026-02-22 22:19:37,799 - INFO - ModelActor 1 created successfully.
2026-02-22 22:19:37,801 - INFO - Created 1 CPU actor(s). Task queue will handle concurrency.
2026-02-22 22:19:37,804 - INFO - Starting EQCCTPro parallelized waveform processing...
2026-02-22 22:19:37,806 - INFO - 
2026-02-22 22:19:37,808 - INFO - ------- Analyzing Seismic Waveforms for P and S Picks via EQCCT -------
2026-02-22 22:19:37,811 - INFO - Analyzing 0:01:00 minute timechunk from 2025-11-18 18:57:53 to 2025-11-18 18:58:53 (0 min overlap)
2026-02-22 22:19:37,813 - INFO - Processing a total of 1 stations, 1 at a time.
2026-02-22 22:19:42,245 - INFO - (1/1) OBF3: Finished the prediction in 2.31s. (HP=1.0, LP=45.0)
2026-02-22 22:19:42,248 - INFO - 
2026-02-22 22:19:42,250 - INFO - ------- Parallel Station Waveform Processing Complete For 2025-11-18 18:57:53 to 2025-11-18 18:58:53 Timechunk-------
2026-02-22 22:19:42,252 - INFO - Picks saved at /home/blackwinter/projects/eqcct/eqcctpro/results/csv/bm_eq_nonoise/20251118T185753Z_20251118T185853ZProcess Runtime: 4.44 s
2026-02-22 22:19:42,256 - INFO - Successfully ran EQCCTPro, exiting...
2026-02-22 22:19:44,132 - INFO - Ray Successfully Shutdown.
2026-02-22 22:19:44,132 - INFO - ------- Successfully Picked All Waveform(s) from all Timechunk(s) -------
