2026-03-28 21:38:00,445 - INFO - 
2026-03-28 21:38:00,445 - INFO - ------- Welcome to EQCCTPro -------
2026-03-28 21:38:00,445 - INFO - 
2026-03-28 21:38:00,446 - INFO - Running EQCCT over Requested MSeed Files using CPU(s)...
2026-03-28 21:38:00,446 - INFO - GPU disabled (CPU-only).
2026-03-29 05:42:32,817 - INFO - 
2026-03-29 05:42:32,818 - INFO - ------- Welcome to EQCCTPro -------
2026-03-29 05:42:32,818 - INFO - 
2026-03-29 05:42:32,819 - INFO - Running EQCCT over Requested MSeed Files using CPU(s)...
2026-03-29 05:42:32,819 - INFO - GPU disabled (CPU-only).
2026-03-29 05:42:32,819 - INFO - Configured Intra-op threads = 1
2026-03-29 05:42:32,819 - INFO - Configured Inter-op threads = 1
2026-03-29 05:42:32,820 - INFO - TensorFlow: No GPUs visible; TF will proceed on CPU.
2026-03-29 05:42:32,820 - INFO - 
2026-03-29 05:42:37,958 - INFO - Ray Successfully Initialized with 4 CPU(s) ([0, 1, 2, 3] CPU Affinity Binding).
2026-03-29 05:42:37,959 - INFO - Analyzing 1 time chunk(s) from 2025-01-20 23:06:29 to 2025-01-20 23:07:29 (dt=1min, overlap=0min).
2026-03-29 05:42:37,959 - INFO - Using 1 selected station(s).
2026-03-29 05:42:37,959 - INFO - 
2026-03-29 05:42:37,959 - INFO - ------- Starting EQCCTPro... -------
2026-03-29 05:42:37,959 - INFO - Detailed subprocess information can be found in the log file.
2026-03-29 05:42:37,959 - INFO - 
2026-03-29 05:42:38,373 - INFO - GPU disabled (CPU-only).
2026-03-29 05:42:40,055 - INFO - Configured Intra-op threads = 1
2026-03-29 05:42:40,057 - INFO - Configured Inter-op threads = 1
2026-03-29 05:42:40,101 - INFO - TensorFlow: No GPUs visible; TF will proceed on CPU.
2026-03-29 05:42:40,103 - INFO - 
2026-03-29 05:42:40,106 - INFO - ------- Hardware Configuration -------
2026-03-29 05:42:40,109 - INFO - CPU affinity set to cores: [0, 1, 2, 3]
2026-03-29 05:42:40,111 - INFO - 
2026-03-29 05:42:40,114 - INFO - ------- Data Preprocessing for EQCCTPro -------
2026-03-29 05:42:40,116 - INFO - 1 station(s) in /home/blackwinter/projects/eqcct/eqcctpro/data/waveforms_explosions_nonoise/20250120T230629Z_20250120T230729Z
2026-03-29 05:42:40,119 - INFO - Using 1 selected station(s): ['RNF'].
2026-03-29 05:42:40,122 - INFO - Creating model actor(s)...
2026-03-29 05:42:40,124 - INFO - System RAM: Total=7870 MB, Available=2980 MB
2026-03-29 05:42:40,127 - INFO - Usable RAM budget: 7083 MB (90% of total)
2026-03-29 05:42:40,130 - INFO - ===== MEMORY-AWARE CPU ACTOR POOL (EQCCT) =====
2026-03-29 05:42:40,132 - INFO - Requested concurrent tasks: 1
2026-03-29 05:42:40,135 - INFO - Available CPUs: 4
2026-03-29 05:42:40,138 - INFO - Available RAM: 7083 MB
2026-03-29 05:42:40,140 - INFO - RAM per model: 2264 MB
2026-03-29 05:42:40,143 - INFO - Max actors by RAM: 3
2026-03-29 05:42:40,145 - INFO - Creating 1 ModelActor(s)
2026-03-29 05:42:40,148 - INFO - Let Ray handle scheduling (taskset already restricts CPU visibility)
2026-03-29 05:42:40,150 - INFO - Creating ModelActor 1/1 (2.21GB RAM each)...
2026-03-29 05:42:44,513 - INFO - ModelActor 1 created successfully.
2026-03-29 05:42:44,515 - INFO - Created 1 CPU actor(s). Task queue will handle concurrency.
2026-03-29 05:42:44,518 - INFO - Starting EQCCTPro parallelized waveform processing...
2026-03-29 05:42:44,521 - INFO - 
2026-03-29 05:42:44,523 - INFO - ------- Analyzing Seismic Waveforms for P and S Picks via EQCCT -------
2026-03-29 05:42:44,526 - INFO - Analyzing 0:01:00 minute timechunk from 2025-01-20 23:06:29 to 2025-01-20 23:07:29 (0 min overlap)
2026-03-29 05:42:44,529 - INFO - Processing a total of 1 stations, 1 at a time.
2026-03-29 05:42:47,161 - INFO - (1/1) RNF: FAILED reading mSEED.
2026-03-29 05:42:47,163 - INFO - 
2026-03-29 05:42:47,166 - INFO - ------- Parallel Station Waveform Processing Complete For 2025-01-20 23:06:29 to 2025-01-20 23:07:29 Timechunk-------
2026-03-29 05:42:47,169 - INFO - Picks saved at /home/blackwinter/projects/eqcct/eqcctpro/results/csv/eqcct_explosions_th0_1/20250120T230629Z_20250120T230729ZProcess Runtime: 2.65 s
2026-03-29 05:42:47,174 - INFO - Successfully ran EQCCTPro, exiting...
2026-03-29 05:42:49,056 - INFO - Ray Successfully Shutdown.
2026-03-29 05:42:49,056 - INFO - ------- Successfully Picked All Waveform(s) from all Timechunk(s) -------
