2026-03-27 21:13:14,593 - INFO - 
2026-03-27 21:13:14,593 - INFO - ------- Welcome to EQCCTPro -------
2026-03-27 21:13:14,593 - INFO - 
2026-03-27 21:13:14,594 - INFO - Running EQCCT over Requested MSeed Files using CPU(s)...
2026-03-27 21:13:14,594 - INFO - GPU disabled (CPU-only).
2026-03-27 21:13:14,594 - INFO - Skipping framework-specific initialization in the driver process.
2026-03-27 21:13:17,014 - INFO - Ray Successfully Initialized with 4 CPU(s) ([0, 1, 2, 3] CPU Affinity Binding).
2026-03-27 21:13:17,016 - INFO - Analyzing 1 time chunk(s) from 2025-09-24 12:26:07 to 2025-09-24 12:27:07 (dt=1min, overlap=0min).
2026-03-27 21:13:17,016 - INFO - Using 1 selected station(s).
2026-03-27 21:13:17,016 - INFO - 
2026-03-27 21:13:17,016 - INFO - ------- Starting EQCCTPro... -------
2026-03-27 21:13:17,016 - INFO - Detailed subprocess information can be found in the log file.
2026-03-27 21:13:17,016 - INFO - 
2026-03-27 21:13:17,309 - INFO - GPU disabled (CPU-only).
2026-03-27 21:13:17,314 - INFO - Skipping framework-specific initialization in the driver process.
2026-03-27 21:13:17,317 - INFO - ------- Hardware Configuration -------
2026-03-27 21:13:17,319 - INFO - CPU affinity set to cores: [0, 1, 2, 3]
2026-03-27 21:13:17,322 - INFO - 
2026-03-27 21:13:17,324 - INFO - ------- Data Preprocessing for EQCCTPro -------
2026-03-27 21:13:17,326 - INFO - 1 station(s) in /home/blackwinter/projects/eqcct/eqcctpro/data/waveforms_earthquakes_nonoise/20250924T122607Z_20250924T122707Z
2026-03-27 21:13:17,328 - INFO - Using 1 selected station(s): ['SUF'].
2026-03-27 21:13:17,330 - INFO - Creating model actor(s)...
2026-03-27 21:13:17,333 - INFO - System RAM: Total=7870 MB, Available=5085 MB
2026-03-27 21:13:17,335 - INFO - Usable RAM budget: 7083 MB (90% of total)
2026-03-27 21:13:17,337 - INFO - ===== MEMORY-AWARE CPU ACTOR POOL =====
2026-03-27 21:13:17,340 - INFO - Requested concurrent tasks: 1
2026-03-27 21:13:17,342 - INFO - Available CPUs: 4
2026-03-27 21:13:17,344 - INFO - Available RAM: 7083 MB
2026-03-27 21:13:17,346 - INFO - RAM per model: 2060 MB
2026-03-27 21:13:17,349 - INFO - Max actors by RAM: 3
2026-03-27 21:13:17,351 - INFO - Creating 1 SeisBenchModelActor(s)
2026-03-27 21:13:17,353 - INFO - Let Ray handle scheduling (taskset already restricts CPU visibility)
2026-03-27 21:13:17,355 - INFO - Creating SeisBenchModelActor 1/1 (2.01GB RAM each)...
2026-03-27 21:13:20,942 - INFO - SeisBenchModelActor 1 created successfully.
2026-03-27 21:13:20,944 - INFO - Created 1 CPU actor(s). Task queue will handle concurrency.
2026-03-27 21:13:20,947 - INFO - Starting EQCCTPro parallelized waveform processing...
2026-03-27 21:13:20,950 - INFO - 
2026-03-27 21:13:20,953 - INFO - ------- Analyzing Seismic Waveforms for P and S Picks via SeisBench (EQTransformer - original_nonconservative) -------
2026-03-27 21:13:20,956 - INFO - Analyzing 0:01:00 minute timechunk from 2025-09-24 12:26:07 to 2025-09-24 12:27:07 (0 min overlap)
2026-03-27 21:13:20,958 - INFO - Processing a total of 1 stations, 1 at a time.
2026-03-27 21:13:23,305 - INFO - (1/1) SUF: Finished the prediction in 0.15s. (HP=1.0, LP=45.0, picks=0)
2026-03-27 21:13:23,309 - INFO - 
2026-03-27 21:13:23,312 - INFO - ------- Parallel Station Waveform Processing Complete For 2025-09-24 12:26:07 to 2025-09-24 12:27:07 Timechunk-------
2026-03-27 21:13:23,314 - INFO - Picks saved at /home/blackwinter/projects/eqcct/eqcctpro/results/csv/eqt_earthquakes_th0_1/20250924T122607Z_20250924T122707ZProcess Runtime: 2.36 s
2026-03-27 21:13:23,324 - INFO - Successfully ran EQCCTPro, exiting...
2026-03-27 21:13:25,337 - INFO - Ray Successfully Shutdown.
2026-03-27 21:13:25,337 - INFO - ------- Successfully Picked All Waveform(s) from all Timechunk(s) -------
2026-03-28 03:25:40,926 - INFO - 
2026-03-28 03:25:40,926 - INFO - ------- Welcome to EQCCTPro -------
2026-03-28 03:25:40,927 - INFO - 
2026-03-28 03:25:40,927 - INFO - Running EQCCT over Requested MSeed Files using CPU(s)...
2026-03-28 03:25:40,927 - INFO - GPU disabled (CPU-only).
2026-03-28 03:25:40,927 - INFO - Skipping framework-specific initialization in the driver process.
2026-03-28 03:25:43,321 - INFO - Ray Successfully Initialized with 4 CPU(s) ([0, 1, 2, 3] CPU Affinity Binding).
2026-03-28 03:25:43,321 - INFO - Analyzing 1 time chunk(s) from 2025-09-24 12:26:07 to 2025-09-24 12:27:07 (dt=1min, overlap=0min).
2026-03-28 03:25:43,321 - INFO - Using 1 selected station(s).
2026-03-28 03:25:43,321 - INFO - 
2026-03-28 03:25:43,321 - INFO - ------- Starting EQCCTPro... -------
2026-03-28 03:25:43,322 - INFO - Detailed subprocess information can be found in the log file.
2026-03-28 03:25:43,322 - INFO - 
2026-03-28 03:25:43,599 - INFO - GPU disabled (CPU-only).
2026-03-28 03:25:43,603 - INFO - Skipping framework-specific initialization in the driver process.
2026-03-28 03:25:43,606 - INFO - ------- Hardware Configuration -------
2026-03-28 03:25:43,609 - INFO - CPU affinity set to cores: [0, 1, 2, 3]
2026-03-28 03:25:43,611 - INFO - 
2026-03-28 03:25:43,614 - INFO - ------- Data Preprocessing for EQCCTPro -------
2026-03-28 03:25:43,616 - INFO - 1 station(s) in /home/blackwinter/projects/eqcct/eqcctpro/data/waveforms_earthquakes_nonoise/20250924T122607Z_20250924T122707Z
2026-03-28 03:25:43,619 - INFO - Using 1 selected station(s): ['SUF'].
2026-03-28 03:25:43,621 - INFO - Creating model actor(s)...
2026-03-28 03:25:43,624 - INFO - System RAM: Total=7870 MB, Available=5661 MB
2026-03-28 03:25:43,626 - INFO - Usable RAM budget: 7083 MB (90% of total)
2026-03-28 03:25:43,629 - INFO - ===== MEMORY-AWARE CPU ACTOR POOL =====
2026-03-28 03:25:43,631 - INFO - Requested concurrent tasks: 1
2026-03-28 03:25:43,633 - INFO - Available CPUs: 4
2026-03-28 03:25:43,635 - INFO - Available RAM: 7083 MB
2026-03-28 03:25:43,637 - INFO - RAM per model: 2060 MB
2026-03-28 03:25:43,639 - INFO - Max actors by RAM: 3
2026-03-28 03:25:43,641 - INFO - Creating 1 SeisBenchModelActor(s)
2026-03-28 03:25:43,643 - INFO - Let Ray handle scheduling (taskset already restricts CPU visibility)
2026-03-28 03:25:43,645 - INFO - Creating SeisBenchModelActor 1/1 (2.01GB RAM each)...
2026-03-28 03:25:47,047 - INFO - SeisBenchModelActor 1 created successfully.
2026-03-28 03:25:47,052 - INFO - Created 1 CPU actor(s). Task queue will handle concurrency.
2026-03-28 03:25:47,055 - INFO - Starting EQCCTPro parallelized waveform processing...
2026-03-28 03:25:47,059 - INFO - 
2026-03-28 03:25:47,064 - INFO - ------- Analyzing Seismic Waveforms for P and S Picks via SeisBench (EQTransformer - original_nonconservative) -------
2026-03-28 03:25:47,070 - INFO - Analyzing 0:01:00 minute timechunk from 2025-09-24 12:26:07 to 2025-09-24 12:27:07 (0 min overlap)
2026-03-28 03:25:47,072 - INFO - Processing a total of 1 stations, 1 at a time.
2026-03-28 03:25:49,128 - INFO - (1/1) SUF: Skipped (already exists - overwrite=False).
2026-03-28 03:25:49,131 - INFO - 
2026-03-28 03:25:49,134 - INFO - ------- Parallel Station Waveform Processing Complete For 2025-09-24 12:26:07 to 2025-09-24 12:27:07 Timechunk-------
2026-03-28 03:25:49,136 - INFO - Picks saved at /home/blackwinter/projects/eqcct/eqcctpro/results/csv/eqt_earthquakes_th0_1/20250924T122607Z_20250924T122707ZProcess Runtime: 2.07 s
2026-03-28 03:25:49,142 - INFO - Successfully ran EQCCTPro, exiting...
2026-03-28 03:25:50,931 - INFO - Ray Successfully Shutdown.
2026-03-28 03:25:50,931 - INFO - ------- Successfully Picked All Waveform(s) from all Timechunk(s) -------
