2026-02-27 00:15:05,852 - INFO - 
2026-02-27 00:15:05,852 - INFO - ------- Welcome to EQCCTPro -------
2026-02-27 00:15:05,852 - INFO - 
2026-02-27 00:15:05,853 - INFO - Running EQCCT over Requested MSeed Files using CPU(s)...
2026-02-27 00:15:05,853 - INFO - GPU disabled (CPU-only).
2026-02-27 00:15:05,854 - INFO - Configured Intra-op threads = 1
2026-02-27 00:15:05,854 - INFO - Configured Inter-op threads = 1
2026-02-27 00:15:05,854 - INFO - TensorFlow: No GPUs visible; TF will proceed on CPU.
2026-02-27 00:15:05,854 - INFO - 
2026-02-27 00:15:11,545 - INFO - Ray Successfully Initialized with 4 CPU(s) ([0, 1, 2, 3] CPU Affinity Binding).
2026-02-27 00:15:11,545 - INFO - Analyzing 1 time chunk(s) from 2025-01-10 13:29:57 to 2025-01-10 13:30:57 (dt=1min, overlap=0min).
2026-02-27 00:15:11,545 - INFO - Using 1 selected station(s).
2026-02-27 00:15:11,545 - INFO - 
2026-02-27 00:15:11,545 - INFO - ------- Starting EQCCTPro... -------
2026-02-27 00:15:11,546 - INFO - Detailed subprocess information can be found in the log file.
2026-02-27 00:15:11,546 - INFO - 
2026-02-27 00:15:11,925 - INFO - GPU disabled (CPU-only).
2026-02-27 00:15:13,426 - INFO - Configured Intra-op threads = 1
2026-02-27 00:15:13,428 - INFO - Configured Inter-op threads = 1
2026-02-27 00:15:13,470 - INFO - TensorFlow: No GPUs visible; TF will proceed on CPU.
2026-02-27 00:15:13,473 - INFO - 
2026-02-27 00:15:13,475 - INFO - ------- Hardware Configuration -------
2026-02-27 00:15:13,478 - INFO - CPU affinity set to cores: [0, 1, 2, 3]
2026-02-27 00:15:13,480 - INFO - 
2026-02-27 00:15:13,482 - INFO - ------- Data Preprocessing for EQCCTPro -------
2026-02-27 00:15:13,483 - INFO - 1 station(s) in /home/blackwinter/projects/eqcct/eqcctpro/data/waveforms_explosions_nonoise/20250110T132957Z_20250110T133057Z
2026-02-27 00:15:13,485 - INFO - Using 1 selected station(s): ['SUF'].
2026-02-27 00:15:13,486 - INFO - Creating model actor(s)...
2026-02-27 00:15:13,489 - INFO - System RAM: Total=7870 MB, Available=3236 MB
2026-02-27 00:15:13,491 - INFO - Usable RAM budget: 7083 MB (90% of total)
2026-02-27 00:15:13,493 - INFO - ===== MEMORY-AWARE CPU ACTOR POOL (EQCCT) =====
2026-02-27 00:15:13,495 - INFO - Requested concurrent tasks: 1
2026-02-27 00:15:13,497 - INFO - Available CPUs: 4
2026-02-27 00:15:13,498 - INFO - Available RAM: 7083 MB
2026-02-27 00:15:13,500 - INFO - RAM per model: 2264 MB
2026-02-27 00:15:13,501 - INFO - Max actors by RAM: 3
2026-02-27 00:15:13,503 - INFO - Creating 1 ModelActor(s)
2026-02-27 00:15:13,505 - INFO - Let Ray handle scheduling (taskset already restricts CPU visibility)
2026-02-27 00:15:13,507 - INFO - Creating ModelActor 1/1 (2.21GB RAM each)...
2026-02-27 00:15:17,683 - INFO - ModelActor 1 created successfully.
2026-02-27 00:15:17,690 - INFO - Created 1 CPU actor(s). Task queue will handle concurrency.
2026-02-27 00:15:17,692 - INFO - Starting EQCCTPro parallelized waveform processing...
2026-02-27 00:15:17,694 - INFO - 
2026-02-27 00:15:17,696 - INFO - ------- Analyzing Seismic Waveforms for P and S Picks via EQCCT -------
2026-02-27 00:15:17,700 - INFO - Analyzing 0:01:00 minute timechunk from 2025-01-10 13:29:57 to 2025-01-10 13:30:57 (0 min overlap)
2026-02-27 00:15:17,702 - INFO - Processing a total of 1 stations, 1 at a time.
2026-02-27 00:15:21,750 - INFO - (1/1) SUF: Finished the prediction in 2.12s. (HP=1.0, LP=45.0)
2026-02-27 00:15:21,753 - INFO - 
2026-02-27 00:15:21,755 - INFO - ------- Parallel Station Waveform Processing Complete For 2025-01-10 13:29:57 to 2025-01-10 13:30:57 Timechunk-------
2026-02-27 00:15:21,757 - INFO - Picks saved at /home/blackwinter/projects/eqcct/eqcctpro/results/csv/bm_explosions/20250110T132957Z_20250110T133057ZProcess Runtime: 4.06 s
2026-02-27 00:15:21,761 - INFO - Successfully ran EQCCTPro, exiting...
2026-02-27 00:15:23,270 - INFO - Ray Successfully Shutdown.
2026-02-27 00:15:23,270 - INFO - ------- Successfully Picked All Waveform(s) from all Timechunk(s) -------
2026-02-27 07:31:08,141 - INFO - 
2026-02-27 07:31:08,148 - INFO - ------- Welcome to EQCCTPro -------
2026-02-27 07:31:08,148 - INFO - 
2026-02-27 07:31:08,149 - INFO - Running EQCCT over Requested MSeed Files using CPU(s)...
2026-02-27 07:31:08,149 - INFO - GPU disabled (CPU-only).
2026-02-27 07:31:08,149 - INFO - Configured Intra-op threads = 1
2026-02-27 07:31:08,149 - INFO - Configured Inter-op threads = 1
2026-02-27 07:31:08,150 - INFO - TensorFlow: No GPUs visible; TF will proceed on CPU.
2026-02-27 07:31:08,150 - INFO - 
2026-02-27 07:31:12,728 - INFO - Ray Successfully Initialized with 4 CPU(s) ([0, 1, 2, 3] CPU Affinity Binding).
2026-02-27 07:31:12,728 - INFO - Analyzing 1 time chunk(s) from 2025-01-10 13:29:57 to 2025-01-10 13:30:57 (dt=1min, overlap=0min).
2026-02-27 07:31:12,728 - INFO - Using 1 selected station(s).
2026-02-27 07:31:12,728 - INFO - 
2026-02-27 07:31:12,728 - INFO - ------- Starting EQCCTPro... -------
2026-02-27 07:31:12,728 - INFO - Detailed subprocess information can be found in the log file.
2026-02-27 07:31:12,729 - INFO - 
2026-02-27 07:31:13,113 - INFO - GPU disabled (CPU-only).
2026-02-27 07:31:14,622 - INFO - Configured Intra-op threads = 1
2026-02-27 07:31:14,625 - INFO - Configured Inter-op threads = 1
2026-02-27 07:31:14,665 - INFO - TensorFlow: No GPUs visible; TF will proceed on CPU.
2026-02-27 07:31:14,668 - INFO - 
2026-02-27 07:31:14,670 - INFO - ------- Hardware Configuration -------
2026-02-27 07:31:14,672 - INFO - CPU affinity set to cores: [0, 1, 2, 3]
2026-02-27 07:31:14,674 - INFO - 
2026-02-27 07:31:14,676 - INFO - ------- Data Preprocessing for EQCCTPro -------
2026-02-27 07:31:14,677 - INFO - 1 station(s) in /home/blackwinter/projects/eqcct/eqcctpro/data/waveforms_explosions_nonoise/20250110T132957Z_20250110T133057Z
2026-02-27 07:31:14,679 - INFO - Using 1 selected station(s): ['SUF'].
2026-02-27 07:31:14,681 - INFO - Creating model actor(s)...
2026-02-27 07:31:14,684 - INFO - System RAM: Total=7870 MB, Available=3287 MB
2026-02-27 07:31:14,686 - INFO - Usable RAM budget: 7083 MB (90% of total)
2026-02-27 07:31:14,690 - INFO - ===== MEMORY-AWARE CPU ACTOR POOL (EQCCT) =====
2026-02-27 07:31:14,691 - INFO - Requested concurrent tasks: 1
2026-02-27 07:31:14,693 - INFO - Available CPUs: 4
2026-02-27 07:31:14,695 - INFO - Available RAM: 7083 MB
2026-02-27 07:31:14,697 - INFO - RAM per model: 2264 MB
2026-02-27 07:31:14,699 - INFO - Max actors by RAM: 3
2026-02-27 07:31:14,700 - INFO - Creating 1 ModelActor(s)
2026-02-27 07:31:14,702 - INFO - Let Ray handle scheduling (taskset already restricts CPU visibility)
2026-02-27 07:31:14,704 - INFO - Creating ModelActor 1/1 (2.21GB RAM each)...
2026-02-27 07:31:18,684 - INFO - ModelActor 1 created successfully.
2026-02-27 07:31:18,689 - INFO - Created 1 CPU actor(s). Task queue will handle concurrency.
2026-02-27 07:31:18,691 - INFO - Starting EQCCTPro parallelized waveform processing...
2026-02-27 07:31:18,693 - INFO - 
2026-02-27 07:31:18,695 - INFO - ------- Analyzing Seismic Waveforms for P and S Picks via EQCCT -------
2026-02-27 07:31:18,697 - INFO - Analyzing 0:01:00 minute timechunk from 2025-01-10 13:29:57 to 2025-01-10 13:30:57 (0 min overlap)
2026-02-27 07:31:18,699 - INFO - Processing a total of 1 stations, 1 at a time.
2026-02-27 07:31:20,600 - INFO - (1/1) SUF: Skipped (already exists - overwrite=False).
2026-02-27 07:31:20,602 - INFO - 
2026-02-27 07:31:20,604 - INFO - ------- Parallel Station Waveform Processing Complete For 2025-01-10 13:29:57 to 2025-01-10 13:30:57 Timechunk-------
2026-02-27 07:31:20,605 - INFO - Picks saved at /home/blackwinter/projects/eqcct/eqcctpro/results/csv/bm_explosions/20250110T132957Z_20250110T133057ZProcess Runtime: 1.91 s
2026-02-27 07:31:20,609 - INFO - Successfully ran EQCCTPro, exiting...
2026-02-27 07:31:22,058 - INFO - Ray Successfully Shutdown.
2026-02-27 07:31:22,058 - INFO - ------- Successfully Picked All Waveform(s) from all Timechunk(s) -------
