2026-03-10 22:53:34,343 - INFO - 
2026-03-10 22:53:34,343 - INFO - ------- Welcome to EQCCTPro -------
2026-03-10 22:53:34,344 - INFO - 
2026-03-10 22:53:34,344 - INFO - Running EQCCT over Requested MSeed Files using CPU(s)...
2026-03-10 22:53:34,344 - INFO - GPU disabled (CPU-only).
2026-03-10 22:53:34,345 - INFO - Configured Intra-op threads = 1
2026-03-10 22:53:34,345 - INFO - Configured Inter-op threads = 1
2026-03-10 22:53:34,345 - INFO - TensorFlow: No GPUs visible; TF will proceed on CPU.
2026-03-10 22:53:34,345 - INFO - 
2026-03-10 22:53:39,883 - INFO - Ray Successfully Initialized with 4 CPU(s) ([0, 1, 2, 3] CPU Affinity Binding).
2026-03-10 22:53:39,884 - INFO - Analyzing 1 time chunk(s) from 2025-01-08 11:36:59 to 2025-01-08 11:37:59 (dt=1min, overlap=0min).
2026-03-10 22:53:39,884 - INFO - Using 1 selected station(s).
2026-03-10 22:53:39,884 - INFO - 
2026-03-10 22:53:39,884 - INFO - ------- Starting EQCCTPro... -------
2026-03-10 22:53:39,884 - INFO - Detailed subprocess information can be found in the log file.
2026-03-10 22:53:39,884 - INFO - 
2026-03-10 22:53:40,248 - INFO - GPU disabled (CPU-only).
2026-03-10 22:53:41,787 - INFO - Configured Intra-op threads = 1
2026-03-10 22:53:41,790 - INFO - Configured Inter-op threads = 1
2026-03-10 22:53:41,835 - INFO - TensorFlow: No GPUs visible; TF will proceed on CPU.
2026-03-10 22:53:41,837 - INFO - 
2026-03-10 22:53:41,839 - INFO - ------- Hardware Configuration -------
2026-03-10 22:53:41,841 - INFO - CPU affinity set to cores: [0, 1, 2, 3]
2026-03-10 22:53:41,842 - INFO - 
2026-03-10 22:53:41,844 - INFO - ------- Data Preprocessing for EQCCTPro -------
2026-03-10 22:53:41,846 - INFO - 1 station(s) in /home/blackwinter/projects/eqcct/eqcctpro/data/waveforms_noise_only/20250108T113659Z_20250108T113759Z
2026-03-10 22:53:41,848 - INFO - Using 1 selected station(s): ['KY02'].
2026-03-10 22:53:41,850 - INFO - Creating model actor(s)...
2026-03-10 22:53:41,852 - INFO - System RAM: Total=7870 MB, Available=2708 MB
2026-03-10 22:53:41,854 - INFO - Usable RAM budget: 7083 MB (90% of total)
2026-03-10 22:53:41,856 - INFO - ===== MEMORY-AWARE CPU ACTOR POOL (EQCCT) =====
2026-03-10 22:53:41,858 - INFO - Requested concurrent tasks: 1
2026-03-10 22:53:41,860 - INFO - Available CPUs: 4
2026-03-10 22:53:41,862 - INFO - Available RAM: 7083 MB
2026-03-10 22:53:41,865 - INFO - RAM per model: 2264 MB
2026-03-10 22:53:41,867 - INFO - Max actors by RAM: 3
2026-03-10 22:53:41,869 - INFO - Creating 1 ModelActor(s)
2026-03-10 22:53:41,871 - INFO - Let Ray handle scheduling (taskset already restricts CPU visibility)
2026-03-10 22:53:41,873 - INFO - Creating ModelActor 1/1 (2.21GB RAM each)...
2026-03-10 22:53:45,873 - INFO - ModelActor 1 created successfully.
2026-03-10 22:53:45,875 - INFO - Created 1 CPU actor(s). Task queue will handle concurrency.
2026-03-10 22:53:45,878 - INFO - Starting EQCCTPro parallelized waveform processing...
2026-03-10 22:53:45,880 - INFO - 
2026-03-10 22:53:45,882 - INFO - ------- Analyzing Seismic Waveforms for P and S Picks via EQCCT -------
2026-03-10 22:53:45,884 - INFO - Analyzing 0:01:00 minute timechunk from 2025-01-08 11:36:59 to 2025-01-08 11:37:59 (0 min overlap)
2026-03-10 22:53:45,887 - INFO - Processing a total of 1 stations, 1 at a time.
2026-03-10 22:53:49,958 - INFO - (1/1) KY02: Finished the prediction in 2.11s. (HP=1.0, LP=45.0)
2026-03-10 22:53:49,960 - INFO - 
2026-03-10 22:53:49,962 - INFO - ------- Parallel Station Waveform Processing Complete For 2025-01-08 11:36:59 to 2025-01-08 11:37:59 Timechunk-------
2026-03-10 22:53:49,964 - INFO - Picks saved at /home/blackwinter/projects/eqcct/eqcctpro/results/csv/bm_noise_only/20250108T113659Z_20250108T113759ZProcess Runtime: 4.08 s
2026-03-10 22:53:49,969 - INFO - Successfully ran EQCCTPro, exiting...
2026-03-10 22:53:51,361 - INFO - Ray Successfully Shutdown.
2026-03-10 22:53:51,361 - INFO - ------- Successfully Picked All Waveform(s) from all Timechunk(s) -------
2026-03-11 13:40:27,124 - INFO - 
2026-03-11 13:40:27,134 - INFO - ------- Welcome to EQCCTPro -------
2026-03-11 13:40:27,134 - INFO - 
2026-03-11 13:40:27,135 - INFO - Running EQCCT over Requested MSeed Files using CPU(s)...
2026-03-11 13:40:27,135 - INFO - GPU disabled (CPU-only).
2026-03-11 13:40:27,136 - INFO - Configured Intra-op threads = 1
2026-03-11 13:40:27,136 - INFO - Configured Inter-op threads = 1
2026-03-11 13:40:27,136 - INFO - TensorFlow: No GPUs visible; TF will proceed on CPU.
2026-03-11 13:40:27,136 - INFO - 
2026-03-11 13:40:32,453 - INFO - Ray Successfully Initialized with 4 CPU(s) ([0, 1, 2, 3] CPU Affinity Binding).
2026-03-11 13:40:32,453 - INFO - Analyzing 1 time chunk(s) from 2025-01-08 11:36:59 to 2025-01-08 11:37:59 (dt=1min, overlap=0min).
2026-03-11 13:40:32,453 - INFO - Using 1 selected station(s).
2026-03-11 13:40:32,454 - INFO - 
2026-03-11 13:40:32,454 - INFO - ------- Starting EQCCTPro... -------
2026-03-11 13:40:32,454 - INFO - Detailed subprocess information can be found in the log file.
2026-03-11 13:40:32,454 - INFO - 
2026-03-11 13:40:32,839 - INFO - GPU disabled (CPU-only).
2026-03-11 13:40:34,282 - INFO - Configured Intra-op threads = 1
2026-03-11 13:40:34,284 - INFO - Configured Inter-op threads = 1
2026-03-11 13:40:34,326 - INFO - TensorFlow: No GPUs visible; TF will proceed on CPU.
2026-03-11 13:40:34,329 - INFO - 
2026-03-11 13:40:34,331 - INFO - ------- Hardware Configuration -------
2026-03-11 13:40:34,333 - INFO - CPU affinity set to cores: [0, 1, 2, 3]
2026-03-11 13:40:34,335 - INFO - 
2026-03-11 13:40:34,337 - INFO - ------- Data Preprocessing for EQCCTPro -------
2026-03-11 13:40:34,339 - INFO - 1 station(s) in /home/blackwinter/projects/eqcct/eqcctpro/data/waveforms_noise_only/20250108T113659Z_20250108T113759Z
2026-03-11 13:40:34,341 - INFO - Using 1 selected station(s): ['KY02'].
2026-03-11 13:40:34,343 - INFO - Creating model actor(s)...
2026-03-11 13:40:34,345 - INFO - System RAM: Total=7870 MB, Available=3709 MB
2026-03-11 13:40:34,347 - INFO - Usable RAM budget: 7083 MB (90% of total)
2026-03-11 13:40:34,349 - INFO - ===== MEMORY-AWARE CPU ACTOR POOL (EQCCT) =====
2026-03-11 13:40:34,350 - INFO - Requested concurrent tasks: 1
2026-03-11 13:40:34,352 - INFO - Available CPUs: 4
2026-03-11 13:40:34,354 - INFO - Available RAM: 7083 MB
2026-03-11 13:40:34,355 - INFO - RAM per model: 2264 MB
2026-03-11 13:40:34,357 - INFO - Max actors by RAM: 3
2026-03-11 13:40:34,359 - INFO - Creating 1 ModelActor(s)
2026-03-11 13:40:34,360 - INFO - Let Ray handle scheduling (taskset already restricts CPU visibility)
2026-03-11 13:40:34,362 - INFO - Creating ModelActor 1/1 (2.21GB RAM each)...
2026-03-11 13:40:38,204 - INFO - ModelActor 1 created successfully.
2026-03-11 13:40:38,206 - INFO - Created 1 CPU actor(s). Task queue will handle concurrency.
2026-03-11 13:40:38,208 - INFO - Starting EQCCTPro parallelized waveform processing...
2026-03-11 13:40:38,210 - INFO - 
2026-03-11 13:40:38,212 - INFO - ------- Analyzing Seismic Waveforms for P and S Picks via EQCCT -------
2026-03-11 13:40:38,214 - INFO - Analyzing 0:01:00 minute timechunk from 2025-01-08 11:36:59 to 2025-01-08 11:37:59 (0 min overlap)
2026-03-11 13:40:38,215 - INFO - Processing a total of 1 stations, 1 at a time.
2026-03-11 13:40:40,193 - INFO - (1/1) KY02: Skipped (already exists - overwrite=False).
2026-03-11 13:40:40,199 - INFO - 
2026-03-11 13:40:40,201 - INFO - ------- Parallel Station Waveform Processing Complete For 2025-01-08 11:36:59 to 2025-01-08 11:37:59 Timechunk-------
2026-03-11 13:40:40,203 - INFO - Picks saved at /home/blackwinter/projects/eqcct/eqcctpro/results/csv/bm_noise_only/20250108T113659Z_20250108T113759ZProcess Runtime: 1.99 s
2026-03-11 13:40:40,208 - INFO - Successfully ran EQCCTPro, exiting...
2026-03-11 13:40:41,675 - INFO - Ray Successfully Shutdown.
2026-03-11 13:40:41,675 - INFO - ------- Successfully Picked All Waveform(s) from all Timechunk(s) -------
