2026-03-27 18:34:34,574 - INFO - 
2026-03-27 18:34:34,574 - INFO - ------- Welcome to EQCCTPro -------
2026-03-27 18:34:34,574 - INFO - 
2026-03-27 18:34:34,575 - INFO - Running EQCCT over Requested MSeed Files using CPU(s)...
2026-03-27 18:34:34,575 - INFO - GPU disabled (CPU-only).
2026-03-27 18:34:34,575 - INFO - Skipping framework-specific initialization in the driver process.
2026-03-27 18:34:36,922 - INFO - Ray Successfully Initialized with 4 CPU(s) ([0, 1, 2, 3] CPU Affinity Binding).
2026-03-27 18:34:36,922 - INFO - Analyzing 1 time chunk(s) from 2025-04-30 21:39:16 to 2025-04-30 21:40:16 (dt=1min, overlap=0min).
2026-03-27 18:34:36,922 - INFO - Using 1 selected station(s).
2026-03-27 18:34:36,922 - INFO - 
2026-03-27 18:34:36,923 - INFO - ------- Starting EQCCTPro... -------
2026-03-27 18:34:36,923 - INFO - Detailed subprocess information can be found in the log file.
2026-03-27 18:34:36,923 - INFO - 
2026-03-27 18:34:37,201 - INFO - GPU disabled (CPU-only).
2026-03-27 18:34:37,205 - INFO - Skipping framework-specific initialization in the driver process.
2026-03-27 18:34:37,207 - INFO - ------- Hardware Configuration -------
2026-03-27 18:34:37,209 - INFO - CPU affinity set to cores: [0, 1, 2, 3]
2026-03-27 18:34:37,212 - INFO - 
2026-03-27 18:34:37,215 - INFO - ------- Data Preprocessing for EQCCTPro -------
2026-03-27 18:34:37,217 - INFO - 1 station(s) in /home/blackwinter/projects/eqcct/eqcctpro/data/waveforms_earthquakes_nonoise/20250430T213916Z_20250430T214016Z
2026-03-27 18:34:37,219 - INFO - Using 1 selected station(s): ['KAF'].
2026-03-27 18:34:37,221 - INFO - Creating model actor(s)...
2026-03-27 18:34:37,224 - INFO - System RAM: Total=7870 MB, Available=6043 MB
2026-03-27 18:34:37,226 - INFO - Usable RAM budget: 7083 MB (90% of total)
2026-03-27 18:34:37,228 - INFO - ===== MEMORY-AWARE CPU ACTOR POOL =====
2026-03-27 18:34:37,230 - INFO - Requested concurrent tasks: 1
2026-03-27 18:34:37,232 - INFO - Available CPUs: 4
2026-03-27 18:34:37,234 - INFO - Available RAM: 7083 MB
2026-03-27 18:34:37,237 - INFO - RAM per model: 2060 MB
2026-03-27 18:34:37,240 - INFO - Max actors by RAM: 3
2026-03-27 18:34:37,242 - INFO - Creating 1 SeisBenchModelActor(s)
2026-03-27 18:34:37,245 - INFO - Let Ray handle scheduling (taskset already restricts CPU visibility)
2026-03-27 18:34:37,248 - INFO - Creating SeisBenchModelActor 1/1 (2.01GB RAM each)...
2026-03-27 18:34:40,318 - INFO - SeisBenchModelActor 1 created successfully.
2026-03-27 18:34:40,320 - INFO - Created 1 CPU actor(s). Task queue will handle concurrency.
2026-03-27 18:34:40,323 - INFO - Starting EQCCTPro parallelized waveform processing...
2026-03-27 18:34:40,325 - INFO - 
2026-03-27 18:34:40,327 - INFO - ------- Analyzing Seismic Waveforms for P and S Picks via SeisBench (EQTransformer - original_nonconservative) -------
2026-03-27 18:34:40,330 - INFO - Analyzing 0:01:00 minute timechunk from 2025-04-30 21:39:16 to 2025-04-30 21:40:16 (0 min overlap)
2026-03-27 18:34:40,332 - INFO - Processing a total of 1 stations, 1 at a time.
2026-03-27 18:34:42,452 - INFO - (1/1) KAF: Finished the prediction in 0.13s. (HP=1.0, LP=45.0, picks=2)
2026-03-27 18:34:42,454 - INFO - 
2026-03-27 18:34:42,457 - INFO - ------- Parallel Station Waveform Processing Complete For 2025-04-30 21:39:16 to 2025-04-30 21:40:16 Timechunk-------
2026-03-27 18:34:42,459 - INFO - Picks saved at /home/blackwinter/projects/eqcct/eqcctpro/results/csv/eqt_earthquakes_th0_1/20250430T213916Z_20250430T214016ZProcess Runtime: 2.13 s
2026-03-27 18:34:42,465 - INFO - Successfully ran EQCCTPro, exiting...
2026-03-27 18:34:44,074 - INFO - Ray Successfully Shutdown.
2026-03-27 18:34:44,074 - INFO - ------- Successfully Picked All Waveform(s) from all Timechunk(s) -------
2026-03-28 01:02:15,851 - INFO - 
2026-03-28 01:02:15,851 - INFO - ------- Welcome to EQCCTPro -------
2026-03-28 01:02:15,851 - INFO - 
2026-03-28 01:02:15,852 - INFO - Running EQCCT over Requested MSeed Files using CPU(s)...
2026-03-28 01:02:15,852 - INFO - GPU disabled (CPU-only).
2026-03-28 01:02:15,852 - INFO - Skipping framework-specific initialization in the driver process.
2026-03-28 01:02:18,255 - INFO - Ray Successfully Initialized with 4 CPU(s) ([0, 1, 2, 3] CPU Affinity Binding).
2026-03-28 01:02:18,255 - INFO - Analyzing 1 time chunk(s) from 2025-04-30 21:39:16 to 2025-04-30 21:40:16 (dt=1min, overlap=0min).
2026-03-28 01:02:18,255 - INFO - Using 1 selected station(s).
2026-03-28 01:02:18,255 - INFO - 
2026-03-28 01:02:18,256 - INFO - ------- Starting EQCCTPro... -------
2026-03-28 01:02:18,256 - INFO - Detailed subprocess information can be found in the log file.
2026-03-28 01:02:18,256 - INFO - 
2026-03-28 01:02:18,532 - INFO - GPU disabled (CPU-only).
2026-03-28 01:02:18,537 - INFO - Skipping framework-specific initialization in the driver process.
2026-03-28 01:02:18,539 - INFO - ------- Hardware Configuration -------
2026-03-28 01:02:18,542 - INFO - CPU affinity set to cores: [0, 1, 2, 3]
2026-03-28 01:02:18,544 - INFO - 
2026-03-28 01:02:18,546 - INFO - ------- Data Preprocessing for EQCCTPro -------
2026-03-28 01:02:18,548 - INFO - 1 station(s) in /home/blackwinter/projects/eqcct/eqcctpro/data/waveforms_earthquakes_nonoise/20250430T213916Z_20250430T214016Z
2026-03-28 01:02:18,550 - INFO - Using 1 selected station(s): ['KAF'].
2026-03-28 01:02:18,551 - INFO - Creating model actor(s)...
2026-03-28 01:02:18,554 - INFO - System RAM: Total=7870 MB, Available=5924 MB
2026-03-28 01:02:18,556 - INFO - Usable RAM budget: 7083 MB (90% of total)
2026-03-28 01:02:18,558 - INFO - ===== MEMORY-AWARE CPU ACTOR POOL =====
2026-03-28 01:02:18,560 - INFO - Requested concurrent tasks: 1
2026-03-28 01:02:18,561 - INFO - Available CPUs: 4
2026-03-28 01:02:18,563 - INFO - Available RAM: 7083 MB
2026-03-28 01:02:18,565 - INFO - RAM per model: 2060 MB
2026-03-28 01:02:18,567 - INFO - Max actors by RAM: 3
2026-03-28 01:02:18,569 - INFO - Creating 1 SeisBenchModelActor(s)
2026-03-28 01:02:18,572 - INFO - Let Ray handle scheduling (taskset already restricts CPU visibility)
2026-03-28 01:02:18,574 - INFO - Creating SeisBenchModelActor 1/1 (2.01GB RAM each)...
2026-03-28 01:02:21,408 - INFO - SeisBenchModelActor 1 created successfully.
2026-03-28 01:02:21,411 - INFO - Created 1 CPU actor(s). Task queue will handle concurrency.
2026-03-28 01:02:21,415 - INFO - Starting EQCCTPro parallelized waveform processing...
2026-03-28 01:02:21,418 - INFO - 
2026-03-28 01:02:21,420 - INFO - ------- Analyzing Seismic Waveforms for P and S Picks via SeisBench (EQTransformer - original_nonconservative) -------
2026-03-28 01:02:21,423 - INFO - Analyzing 0:01:00 minute timechunk from 2025-04-30 21:39:16 to 2025-04-30 21:40:16 (0 min overlap)
2026-03-28 01:02:21,426 - INFO - Processing a total of 1 stations, 1 at a time.
2026-03-28 01:02:23,464 - INFO - (1/1) KAF: Skipped (already exists - overwrite=False).
2026-03-28 01:02:23,466 - INFO - 
2026-03-28 01:02:23,469 - INFO - ------- Parallel Station Waveform Processing Complete For 2025-04-30 21:39:16 to 2025-04-30 21:40:16 Timechunk-------
2026-03-28 01:02:23,471 - INFO - Picks saved at /home/blackwinter/projects/eqcct/eqcctpro/results/csv/eqt_earthquakes_th0_1/20250430T213916Z_20250430T214016ZProcess Runtime: 2.05 s
2026-03-28 01:02:23,477 - INFO - Successfully ran EQCCTPro, exiting...
2026-03-28 01:02:24,947 - INFO - Ray Successfully Shutdown.
2026-03-28 01:02:24,947 - INFO - ------- Successfully Picked All Waveform(s) from all Timechunk(s) -------
