2026-02-22 19:43:55,132 - INFO - 
2026-02-22 19:43:55,132 - INFO - ------- Welcome to EQCCTPro -------
2026-02-22 19:43:55,132 - INFO - 
2026-02-22 19:43:55,132 - INFO - Running EQCCT over Requested MSeed Files using CPU(s)...
2026-02-22 19:43:55,133 - INFO - GPU disabled (CPU-only).
2026-02-22 19:43:55,133 - INFO - Configured Intra-op threads = 1
2026-02-22 19:43:55,133 - INFO - Configured Inter-op threads = 1
2026-02-22 19:43:55,133 - INFO - TensorFlow: No GPUs visible; TF will proceed on CPU.
2026-02-22 19:43:55,133 - INFO - 
2026-02-22 19:44:00,301 - INFO - Ray Successfully Initialized with 4 CPU(s) ([0, 1, 2, 3] CPU Affinity Binding).
2026-02-22 19:44:00,301 - INFO - Analyzing 1 time chunk(s) from 2025-09-06 18:09:39 to 2025-09-06 18:10:39 (dt=1min, overlap=0min).
2026-02-22 19:44:00,301 - INFO - Using 1 selected station(s).
2026-02-22 19:44:00,301 - INFO - 
2026-02-22 19:44:00,302 - INFO - ------- Starting EQCCTPro... -------
2026-02-22 19:44:00,302 - INFO - Detailed subprocess information can be found in the log file.
2026-02-22 19:44:00,302 - INFO - 
2026-02-22 19:44:00,678 - INFO - GPU disabled (CPU-only).
2026-02-22 19:44:02,162 - INFO - Configured Intra-op threads = 1
2026-02-22 19:44:02,164 - INFO - Configured Inter-op threads = 1
2026-02-22 19:44:02,207 - INFO - TensorFlow: No GPUs visible; TF will proceed on CPU.
2026-02-22 19:44:02,209 - INFO - 
2026-02-22 19:44:02,211 - INFO - ------- Hardware Configuration -------
2026-02-22 19:44:02,214 - INFO - CPU affinity set to cores: [0, 1, 2, 3]
2026-02-22 19:44:02,217 - INFO - 
2026-02-22 19:44:02,219 - INFO - ------- Data Preprocessing for EQCCTPro -------
2026-02-22 19:44:02,221 - INFO - 1 station(s) in /home/blackwinter/projects/eqcct/eqcctpro/data/waveforms_earthquakes_nonoise/20250906T180939Z_20250906T181039Z
2026-02-22 19:44:02,223 - INFO - Using 1 selected station(s): ['RMF'].
2026-02-22 19:44:02,225 - INFO - Creating model actor(s)...
2026-02-22 19:44:02,228 - INFO - System RAM: Total=7870 MB, Available=1676 MB
2026-02-22 19:44:02,230 - INFO - Usable RAM budget: 7083 MB (90% of total)
2026-02-22 19:44:02,232 - INFO - ===== MEMORY-AWARE CPU ACTOR POOL (EQCCT) =====
2026-02-22 19:44:02,234 - INFO - Requested concurrent tasks: 1
2026-02-22 19:44:02,236 - INFO - Available CPUs: 4
2026-02-22 19:44:02,239 - INFO - Available RAM: 7083 MB
2026-02-22 19:44:02,241 - INFO - RAM per model: 2264 MB
2026-02-22 19:44:02,242 - INFO - Max actors by RAM: 3
2026-02-22 19:44:02,244 - INFO - Creating 1 ModelActor(s)
2026-02-22 19:44:02,246 - INFO - Let Ray handle scheduling (taskset already restricts CPU visibility)
2026-02-22 19:44:02,248 - INFO - Creating ModelActor 1/1 (2.21GB RAM each)...
2026-02-22 19:44:06,317 - INFO - ModelActor 1 created successfully.
2026-02-22 19:44:06,322 - INFO - Created 1 CPU actor(s). Task queue will handle concurrency.
2026-02-22 19:44:06,324 - INFO - Starting EQCCTPro parallelized waveform processing...
2026-02-22 19:44:06,326 - INFO - 
2026-02-22 19:44:06,328 - INFO - ------- Analyzing Seismic Waveforms for P and S Picks via EQCCT -------
2026-02-22 19:44:06,331 - INFO - Analyzing 0:01:00 minute timechunk from 2025-09-06 18:09:39 to 2025-09-06 18:10:39 (0 min overlap)
2026-02-22 19:44:06,333 - INFO - Processing a total of 1 stations, 1 at a time.
2026-02-22 19:44:10,485 - INFO - (1/1) RMF: Finished the prediction in 2.17s. (HP=1.0, LP=45.0)
2026-02-22 19:44:10,487 - INFO - 
2026-02-22 19:44:10,489 - INFO - ------- Parallel Station Waveform Processing Complete For 2025-09-06 18:09:39 to 2025-09-06 18:10:39 Timechunk-------
2026-02-22 19:44:10,491 - INFO - Picks saved at /home/blackwinter/projects/eqcct/eqcctpro/results/csv/bm_eq_nonoise/20250906T180939Z_20250906T181039ZProcess Runtime: 4.16 s
2026-02-22 19:44:10,496 - INFO - Successfully ran EQCCTPro, exiting...
2026-02-22 19:44:12,469 - INFO - Ray Successfully Shutdown.
2026-02-22 19:44:12,469 - INFO - ------- Successfully Picked All Waveform(s) from all Timechunk(s) -------
