2026-02-27 01:35:27,450 - INFO - 
2026-02-27 01:35:27,450 - INFO - ------- Welcome to EQCCTPro -------
2026-02-27 01:35:27,450 - INFO - 
2026-02-27 01:35:27,451 - INFO - Running EQCCT over Requested MSeed Files using CPU(s)...
2026-02-27 01:35:27,451 - INFO - GPU disabled (CPU-only).
2026-02-27 01:35:27,451 - INFO - Configured Intra-op threads = 1
2026-02-27 01:35:27,452 - INFO - Configured Inter-op threads = 1
2026-02-27 01:35:27,452 - INFO - TensorFlow: No GPUs visible; TF will proceed on CPU.
2026-02-27 01:35:27,452 - INFO - 
2026-02-27 01:35:32,764 - INFO - Ray Successfully Initialized with 4 CPU(s) ([0, 1, 2, 3] CPU Affinity Binding).
2026-02-27 01:35:32,764 - INFO - Analyzing 1 time chunk(s) from 2025-01-14 12:26:14 to 2025-01-14 12:27:14 (dt=1min, overlap=0min).
2026-02-27 01:35:32,765 - INFO - Using 1 selected station(s).
2026-02-27 01:35:32,765 - INFO - 
2026-02-27 01:35:32,765 - INFO - ------- Starting EQCCTPro... -------
2026-02-27 01:35:32,765 - INFO - Detailed subprocess information can be found in the log file.
2026-02-27 01:35:32,765 - INFO - 
2026-02-27 01:35:33,126 - INFO - GPU disabled (CPU-only).
2026-02-27 01:35:34,569 - INFO - Configured Intra-op threads = 1
2026-02-27 01:35:34,572 - INFO - Configured Inter-op threads = 1
2026-02-27 01:35:34,615 - INFO - TensorFlow: No GPUs visible; TF will proceed on CPU.
2026-02-27 01:35:34,617 - INFO - 
2026-02-27 01:35:34,620 - INFO - ------- Hardware Configuration -------
2026-02-27 01:35:34,622 - INFO - CPU affinity set to cores: [0, 1, 2, 3]
2026-02-27 01:35:34,624 - INFO - 
2026-02-27 01:35:34,626 - INFO - ------- Data Preprocessing for EQCCTPro -------
2026-02-27 01:35:34,628 - INFO - 1 station(s) in /home/blackwinter/projects/eqcct/eqcctpro/data/waveforms_explosions_nonoise/20250114T122614Z_20250114T122714Z
2026-02-27 01:35:34,630 - INFO - Using 1 selected station(s): ['KEF'].
2026-02-27 01:35:34,632 - INFO - Creating model actor(s)...
2026-02-27 01:35:34,634 - INFO - System RAM: Total=7870 MB, Available=2976 MB
2026-02-27 01:35:34,636 - INFO - Usable RAM budget: 7083 MB (90% of total)
2026-02-27 01:35:34,638 - INFO - ===== MEMORY-AWARE CPU ACTOR POOL (EQCCT) =====
2026-02-27 01:35:34,640 - INFO - Requested concurrent tasks: 1
2026-02-27 01:35:34,642 - INFO - Available CPUs: 4
2026-02-27 01:35:34,644 - INFO - Available RAM: 7083 MB
2026-02-27 01:35:34,645 - INFO - RAM per model: 2264 MB
2026-02-27 01:35:34,647 - INFO - Max actors by RAM: 3
2026-02-27 01:35:34,649 - INFO - Creating 1 ModelActor(s)
2026-02-27 01:35:34,651 - INFO - Let Ray handle scheduling (taskset already restricts CPU visibility)
2026-02-27 01:35:34,652 - INFO - Creating ModelActor 1/1 (2.21GB RAM each)...
2026-02-27 01:35:38,530 - INFO - ModelActor 1 created successfully.
2026-02-27 01:35:38,532 - INFO - Created 1 CPU actor(s). Task queue will handle concurrency.
2026-02-27 01:35:38,534 - INFO - Starting EQCCTPro parallelized waveform processing...
2026-02-27 01:35:38,536 - INFO - 
2026-02-27 01:35:38,538 - INFO - ------- Analyzing Seismic Waveforms for P and S Picks via EQCCT -------
2026-02-27 01:35:38,540 - INFO - Analyzing 0:01:00 minute timechunk from 2025-01-14 12:26:14 to 2025-01-14 12:27:14 (0 min overlap)
2026-02-27 01:35:38,542 - INFO - Processing a total of 1 stations, 1 at a time.
2026-02-27 01:35:42,571 - INFO - (1/1) KEF: Finished the prediction in 2.13s. (HP=1.0, LP=45.0)
2026-02-27 01:35:42,573 - INFO - 
2026-02-27 01:35:42,575 - INFO - ------- Parallel Station Waveform Processing Complete For 2025-01-14 12:26:14 to 2025-01-14 12:27:14 Timechunk-------
2026-02-27 01:35:42,580 - INFO - Successfully ran EQCCTPro, exiting...
2026-02-27 01:35:42,577 - INFO - Picks saved at /home/blackwinter/projects/eqcct/eqcctpro/results/csv/bm_explosions/20250114T122614Z_20250114T122714ZProcess Runtime: 4.04 s
2026-02-27 01:35:44,173 - INFO - Ray Successfully Shutdown.
2026-02-27 01:35:44,174 - INFO - ------- Successfully Picked All Waveform(s) from all Timechunk(s) -------
2026-02-27 08:40:44,701 - INFO - 
2026-02-27 08:40:44,702 - INFO - ------- Welcome to EQCCTPro -------
2026-02-27 08:40:44,702 - INFO - 
2026-02-27 08:40:44,703 - INFO - Running EQCCT over Requested MSeed Files using CPU(s)...
2026-02-27 08:40:44,703 - INFO - GPU disabled (CPU-only).
2026-02-27 08:40:44,703 - INFO - Configured Intra-op threads = 1
2026-02-27 08:40:44,703 - INFO - Configured Inter-op threads = 1
2026-02-27 08:40:44,703 - INFO - TensorFlow: No GPUs visible; TF will proceed on CPU.
2026-02-27 08:40:44,704 - INFO - 
2026-02-27 08:40:49,975 - INFO - Ray Successfully Initialized with 4 CPU(s) ([0, 1, 2, 3] CPU Affinity Binding).
2026-02-27 08:40:49,975 - INFO - Analyzing 1 time chunk(s) from 2025-01-14 12:26:14 to 2025-01-14 12:27:14 (dt=1min, overlap=0min).
2026-02-27 08:40:49,976 - INFO - Using 1 selected station(s).
2026-02-27 08:40:49,976 - INFO - 
2026-02-27 08:40:49,976 - INFO - ------- Starting EQCCTPro... -------
2026-02-27 08:40:49,976 - INFO - Detailed subprocess information can be found in the log file.
2026-02-27 08:40:49,976 - INFO - 
2026-02-27 08:40:50,347 - INFO - GPU disabled (CPU-only).
2026-02-27 08:40:51,807 - INFO - Configured Intra-op threads = 1
2026-02-27 08:40:51,810 - INFO - Configured Inter-op threads = 1
2026-02-27 08:40:51,849 - INFO - TensorFlow: No GPUs visible; TF will proceed on CPU.
2026-02-27 08:40:51,851 - INFO - 
2026-02-27 08:40:51,854 - INFO - ------- Hardware Configuration -------
2026-02-27 08:40:51,856 - INFO - CPU affinity set to cores: [0, 1, 2, 3]
2026-02-27 08:40:51,858 - INFO - 
2026-02-27 08:40:51,861 - INFO - ------- Data Preprocessing for EQCCTPro -------
2026-02-27 08:40:51,863 - INFO - 1 station(s) in /home/blackwinter/projects/eqcct/eqcctpro/data/waveforms_explosions_nonoise/20250114T122614Z_20250114T122714Z
2026-02-27 08:40:51,865 - INFO - Using 1 selected station(s): ['KEF'].
2026-02-27 08:40:51,868 - INFO - Creating model actor(s)...
2026-02-27 08:40:51,870 - INFO - System RAM: Total=7870 MB, Available=3138 MB
2026-02-27 08:40:51,872 - INFO - Usable RAM budget: 7083 MB (90% of total)
2026-02-27 08:40:51,874 - INFO - ===== MEMORY-AWARE CPU ACTOR POOL (EQCCT) =====
2026-02-27 08:40:51,876 - INFO - Requested concurrent tasks: 1
2026-02-27 08:40:51,879 - INFO - Available CPUs: 4
2026-02-27 08:40:51,881 - INFO - Available RAM: 7083 MB
2026-02-27 08:40:51,883 - INFO - RAM per model: 2264 MB
2026-02-27 08:40:51,884 - INFO - Max actors by RAM: 3
2026-02-27 08:40:51,886 - INFO - Creating 1 ModelActor(s)
2026-02-27 08:40:51,888 - INFO - Let Ray handle scheduling (taskset already restricts CPU visibility)
2026-02-27 08:40:51,890 - INFO - Creating ModelActor 1/1 (2.21GB RAM each)...
2026-02-27 08:40:55,790 - INFO - ModelActor 1 created successfully.
2026-02-27 08:40:55,792 - INFO - Created 1 CPU actor(s). Task queue will handle concurrency.
2026-02-27 08:40:55,794 - INFO - Starting EQCCTPro parallelized waveform processing...
2026-02-27 08:40:55,797 - INFO - 
2026-02-27 08:40:55,798 - INFO - ------- Analyzing Seismic Waveforms for P and S Picks via EQCCT -------
2026-02-27 08:40:55,801 - INFO - Analyzing 0:01:00 minute timechunk from 2025-01-14 12:26:14 to 2025-01-14 12:27:14 (0 min overlap)
2026-02-27 08:40:55,803 - INFO - Processing a total of 1 stations, 1 at a time.
2026-02-27 08:40:57,707 - INFO - (1/1) KEF: Skipped (already exists - overwrite=False).
2026-02-27 08:40:57,710 - INFO - 
2026-02-27 08:40:57,713 - INFO - ------- Parallel Station Waveform Processing Complete For 2025-01-14 12:26:14 to 2025-01-14 12:27:14 Timechunk-------
2026-02-27 08:40:57,715 - INFO - Picks saved at /home/blackwinter/projects/eqcct/eqcctpro/results/csv/bm_explosions/20250114T122614Z_20250114T122714ZProcess Runtime: 1.92 s
2026-02-27 08:40:57,720 - INFO - Successfully ran EQCCTPro, exiting...
2026-02-27 08:40:59,235 - INFO - Ray Successfully Shutdown.
2026-02-27 08:40:59,236 - INFO - ------- Successfully Picked All Waveform(s) from all Timechunk(s) -------
