2026-03-28 09:41:10,298 - INFO - 
2026-03-28 09:41:10,298 - INFO - ------- Welcome to EQCCTPro -------
2026-03-28 09:41:10,298 - INFO - 
2026-03-28 09:41:10,299 - INFO - Running EQCCT over Requested MSeed Files using CPU(s)...
2026-03-28 09:41:10,299 - INFO - GPU disabled (CPU-only).
2026-03-28 09:41:10,299 - INFO - Skipping framework-specific initialization in the driver process.
2026-03-28 09:41:11,699 - INFO - Ray Successfully Initialized with 4 CPU(s) ([0, 1, 2, 3] CPU Affinity Binding).
2026-03-28 09:41:11,700 - INFO - Analyzing 1 time chunk(s) from 2025-01-03 17:38:59 to 2025-01-03 17:39:59 (dt=1min, overlap=0min).
2026-03-28 09:41:11,701 - INFO - Using 1 selected station(s).
2026-03-28 09:41:11,701 - INFO - 
2026-03-28 09:41:11,701 - INFO - ------- Starting EQCCTPro... -------
2026-03-28 09:41:11,702 - INFO - Detailed subprocess information can be found in the log file.
2026-03-28 09:41:11,702 - INFO - 
2026-03-28 09:41:11,986 - INFO - GPU disabled (CPU-only).
2026-03-28 09:41:11,991 - INFO - Skipping framework-specific initialization in the driver process.
2026-03-28 09:41:11,994 - INFO - ------- Hardware Configuration -------
2026-03-28 09:41:11,997 - INFO - CPU affinity set to cores: [0, 1, 2, 3]
2026-03-28 09:41:11,999 - INFO - 
2026-03-28 09:41:12,002 - INFO - ------- Data Preprocessing for EQCCTPro -------
2026-03-28 09:41:12,005 - INFO - 1 station(s) in /home/blackwinter/projects/eqcct/eqcctpro/data/waveforms_noise_only/20250103T173859Z_20250103T173959Z
2026-03-28 09:41:12,008 - INFO - Using 1 selected station(s): ['HEL2'].
2026-03-28 09:41:12,011 - INFO - Creating model actor(s)...
2026-03-28 09:41:12,014 - INFO - System RAM: Total=7870 MB, Available=4729 MB
2026-03-28 09:41:12,017 - INFO - Usable RAM budget: 7083 MB (90% of total)
2026-03-28 09:41:12,020 - INFO - ===== MEMORY-AWARE CPU ACTOR POOL =====
2026-03-28 09:41:12,023 - INFO - Requested concurrent tasks: 1
2026-03-28 09:41:12,026 - INFO - Available CPUs: 4
2026-03-28 09:41:12,029 - INFO - Available RAM: 7083 MB
2026-03-28 09:41:12,032 - INFO - RAM per model: 2060 MB
2026-03-28 09:41:12,035 - INFO - Max actors by RAM: 3
2026-03-28 09:41:12,037 - INFO - Creating 1 SeisBenchModelActor(s)
2026-03-28 09:41:12,040 - INFO - Let Ray handle scheduling (taskset already restricts CPU visibility)
2026-03-28 09:41:12,042 - INFO - Creating SeisBenchModelActor 1/1 (2.01GB RAM each)...
2026-03-28 09:41:14,891 - INFO - SeisBenchModelActor 1 created successfully.
2026-03-28 09:41:14,893 - INFO - Created 1 CPU actor(s). Task queue will handle concurrency.
2026-03-28 09:41:14,896 - INFO - Starting EQCCTPro parallelized waveform processing...
2026-03-28 09:41:14,899 - INFO - 
2026-03-28 09:41:14,901 - INFO - ------- Analyzing Seismic Waveforms for P and S Picks via SeisBench (EQTransformer - original_nonconservative) -------
2026-03-28 09:41:14,905 - INFO - Analyzing 0:01:00 minute timechunk from 2025-01-03 17:38:59 to 2025-01-03 17:39:59 (0 min overlap)
2026-03-28 09:41:14,907 - INFO - Processing a total of 1 stations, 1 at a time.
2026-03-28 09:41:17,043 - INFO - (1/1) HEL2: Finished the prediction in 0.14s. (HP=1.0, LP=45.0, picks=0)
2026-03-28 09:41:17,045 - INFO - 
2026-03-28 09:41:17,048 - INFO - ------- Parallel Station Waveform Processing Complete For 2025-01-03 17:38:59 to 2025-01-03 17:39:59 Timechunk-------
2026-03-28 09:41:17,050 - INFO - Picks saved at /home/blackwinter/projects/eqcct/eqcctpro/results/csv/eqt_noise_th0_1/20250103T173859Z_20250103T173959ZProcess Runtime: 2.15 s
2026-03-28 09:41:17,054 - INFO - Successfully ran EQCCTPro, exiting...
2026-03-28 09:41:18,587 - INFO - Ray Successfully Shutdown.
2026-03-28 09:41:18,588 - INFO - ------- Successfully Picked All Waveform(s) from all Timechunk(s) -------
