2026-03-29 15:17:23,391 - INFO - 
2026-03-29 15:17:23,391 - INFO - ------- Welcome to EQCCTPro -------
2026-03-29 15:17:23,392 - INFO - 
2026-03-29 15:17:23,392 - INFO - Running EQCCT over Requested MSeed Files using CPU(s)...
2026-03-29 15:17:23,392 - INFO - GPU disabled (CPU-only).
2026-03-29 15:17:23,393 - INFO - Configured Intra-op threads = 1
2026-03-29 15:17:23,393 - INFO - Configured Inter-op threads = 1
2026-03-29 15:17:23,393 - INFO - TensorFlow: No GPUs visible; TF will proceed on CPU.
2026-03-29 15:17:23,393 - INFO - 
2026-03-29 15:17:29,216 - INFO - Ray Successfully Initialized with 4 CPU(s) ([0, 1, 2, 3] CPU Affinity Binding).
2026-03-29 15:17:29,217 - INFO - Analyzing 1 time chunk(s) from 2025-01-09 00:04:01 to 2025-01-09 00:05:01 (dt=1min, overlap=0min).
2026-03-29 15:17:29,217 - INFO - Using 1 selected station(s).
2026-03-29 15:17:29,217 - INFO - 
2026-03-29 15:17:29,218 - INFO - ------- Starting EQCCTPro... -------
2026-03-29 15:17:29,218 - INFO - Detailed subprocess information can be found in the log file.
2026-03-29 15:17:29,218 - INFO - 
2026-03-29 15:17:29,598 - INFO - GPU disabled (CPU-only).
2026-03-29 15:17:31,143 - INFO - Configured Intra-op threads = 1
2026-03-29 15:17:31,145 - INFO - Configured Inter-op threads = 1
2026-03-29 15:17:31,188 - INFO - TensorFlow: No GPUs visible; TF will proceed on CPU.
2026-03-29 15:17:31,191 - INFO - 
2026-03-29 15:17:31,193 - INFO - ------- Hardware Configuration -------
2026-03-29 15:17:31,196 - INFO - CPU affinity set to cores: [0, 1, 2, 3]
2026-03-29 15:17:31,199 - INFO - 
2026-03-29 15:17:31,202 - INFO - ------- Data Preprocessing for EQCCTPro -------
2026-03-29 15:17:31,205 - INFO - 1 station(s) in /home/blackwinter/projects/eqcct/eqcctpro/data/waveforms_noise_only/20250109T000401Z_20250109T000501Z
2026-03-29 15:17:31,207 - INFO - Using 1 selected station(s): ['NUR'].
2026-03-29 15:17:31,210 - INFO - Creating model actor(s)...
2026-03-29 15:17:31,213 - INFO - System RAM: Total=7870 MB, Available=4346 MB
2026-03-29 15:17:31,215 - INFO - Usable RAM budget: 7083 MB (90% of total)
2026-03-29 15:17:31,218 - INFO - ===== MEMORY-AWARE CPU ACTOR POOL (EQCCT) =====
2026-03-29 15:17:31,220 - INFO - Requested concurrent tasks: 1
2026-03-29 15:17:31,221 - INFO - Available CPUs: 4
2026-03-29 15:17:31,224 - INFO - Available RAM: 7083 MB
2026-03-29 15:17:31,226 - INFO - RAM per model: 2264 MB
2026-03-29 15:17:31,228 - INFO - Max actors by RAM: 3
2026-03-29 15:17:31,230 - INFO - Creating 1 ModelActor(s)
2026-03-29 15:17:31,232 - INFO - Let Ray handle scheduling (taskset already restricts CPU visibility)
2026-03-29 15:17:31,234 - INFO - Creating ModelActor 1/1 (2.21GB RAM each)...
2026-03-29 15:17:35,450 - INFO - ModelActor 1 created successfully.
2026-03-29 15:17:35,453 - INFO - Created 1 CPU actor(s). Task queue will handle concurrency.
2026-03-29 15:17:35,455 - INFO - Starting EQCCTPro parallelized waveform processing...
2026-03-29 15:17:35,458 - INFO - 
2026-03-29 15:17:35,461 - INFO - ------- Analyzing Seismic Waveforms for P and S Picks via EQCCT -------
2026-03-29 15:17:35,464 - INFO - Analyzing 0:01:00 minute timechunk from 2025-01-09 00:04:01 to 2025-01-09 00:05:01 (0 min overlap)
2026-03-29 15:17:35,467 - INFO - Processing a total of 1 stations, 1 at a time.
2026-03-29 15:17:40,079 - INFO - (1/1) NUR: Finished the prediction in 2.52s. (HP=1.0, LP=45.0)
2026-03-29 15:17:40,083 - INFO - 
2026-03-29 15:17:40,085 - INFO - ------- Parallel Station Waveform Processing Complete For 2025-01-09 00:04:01 to 2025-01-09 00:05:01 Timechunk-------
2026-03-29 15:17:40,092 - INFO - Successfully ran EQCCTPro, exiting...
2026-03-29 15:17:40,087 - INFO - Picks saved at /home/blackwinter/projects/eqcct/eqcctpro/results/csv/eqcct_noise_th0_1/20250109T000401Z_20250109T000501ZProcess Runtime: 4.63 s
2026-03-29 15:17:41,919 - INFO - Ray Successfully Shutdown.
2026-03-29 15:17:41,920 - INFO - ------- Successfully Picked All Waveform(s) from all Timechunk(s) -------
