2026-03-28 21:38:02,177 - INFO - 
2026-03-28 21:38:02,177 - INFO - ------- Welcome to EQCCTPro -------
2026-03-28 21:38:02,177 - INFO - 
2026-03-28 21:38:02,178 - INFO - Running EQCCT over Requested MSeed Files using CPU(s)...
2026-03-28 21:38:02,178 - INFO - GPU disabled (CPU-only).
2026-03-29 08:40:21,916 - INFO - 
2026-03-29 08:40:21,916 - INFO - ------- Welcome to EQCCTPro -------
2026-03-29 08:40:21,916 - INFO - 
2026-03-29 08:40:21,917 - INFO - Running EQCCT over Requested MSeed Files using CPU(s)...
2026-03-29 08:40:21,917 - INFO - GPU disabled (CPU-only).
2026-03-29 08:40:21,918 - INFO - Configured Intra-op threads = 1
2026-03-29 08:40:21,918 - INFO - Configured Inter-op threads = 1
2026-03-29 08:40:21,918 - INFO - TensorFlow: No GPUs visible; TF will proceed on CPU.
2026-03-29 08:40:21,918 - INFO - 
2026-03-29 08:40:27,069 - INFO - Ray Successfully Initialized with 4 CPU(s) ([0, 1, 2, 3] CPU Affinity Binding).
2026-03-29 08:40:27,069 - INFO - Analyzing 1 time chunk(s) from 2025-01-25 23:03:41 to 2025-01-25 23:04:41 (dt=1min, overlap=0min).
2026-03-29 08:40:27,069 - INFO - Using 1 selected station(s).
2026-03-29 08:40:27,069 - INFO - 
2026-03-29 08:40:27,070 - INFO - ------- Starting EQCCTPro... -------
2026-03-29 08:40:27,070 - INFO - Detailed subprocess information can be found in the log file.
2026-03-29 08:40:27,070 - INFO - 
2026-03-29 08:40:27,509 - INFO - GPU disabled (CPU-only).
2026-03-29 08:40:29,163 - INFO - Configured Intra-op threads = 1
2026-03-29 08:40:29,166 - INFO - Configured Inter-op threads = 1
2026-03-29 08:40:29,209 - INFO - TensorFlow: No GPUs visible; TF will proceed on CPU.
2026-03-29 08:40:29,211 - INFO - 
2026-03-29 08:40:29,213 - INFO - ------- Hardware Configuration -------
2026-03-29 08:40:29,216 - INFO - CPU affinity set to cores: [0, 1, 2, 3]
2026-03-29 08:40:29,218 - INFO - 
2026-03-29 08:40:29,220 - INFO - ------- Data Preprocessing for EQCCTPro -------
2026-03-29 08:40:29,222 - INFO - 1 station(s) in /home/blackwinter/projects/eqcct/eqcctpro/data/waveforms_explosions_nonoise/20250125T230341Z_20250125T230441Z
2026-03-29 08:40:29,225 - INFO - Using 1 selected station(s): ['KIF'].
2026-03-29 08:40:29,227 - INFO - Creating model actor(s)...
2026-03-29 08:40:29,229 - INFO - System RAM: Total=7870 MB, Available=2883 MB
2026-03-29 08:40:29,232 - INFO - Usable RAM budget: 7083 MB (90% of total)
2026-03-29 08:40:29,234 - INFO - ===== MEMORY-AWARE CPU ACTOR POOL (EQCCT) =====
2026-03-29 08:40:29,237 - INFO - Requested concurrent tasks: 1
2026-03-29 08:40:29,239 - INFO - Available CPUs: 4
2026-03-29 08:40:29,242 - INFO - Available RAM: 7083 MB
2026-03-29 08:40:29,245 - INFO - RAM per model: 2264 MB
2026-03-29 08:40:29,248 - INFO - Max actors by RAM: 3
2026-03-29 08:40:29,251 - INFO - Creating 1 ModelActor(s)
2026-03-29 08:40:29,253 - INFO - Let Ray handle scheduling (taskset already restricts CPU visibility)
2026-03-29 08:40:29,256 - INFO - Creating ModelActor 1/1 (2.21GB RAM each)...
2026-03-29 08:40:33,630 - INFO - ModelActor 1 created successfully.
2026-03-29 08:40:33,632 - INFO - Created 1 CPU actor(s). Task queue will handle concurrency.
2026-03-29 08:40:33,635 - INFO - Starting EQCCTPro parallelized waveform processing...
2026-03-29 08:40:33,637 - INFO - 
2026-03-29 08:40:33,640 - INFO - ------- Analyzing Seismic Waveforms for P and S Picks via EQCCT -------
2026-03-29 08:40:33,643 - INFO - Analyzing 0:01:00 minute timechunk from 2025-01-25 23:03:41 to 2025-01-25 23:04:41 (0 min overlap)
2026-03-29 08:40:33,645 - INFO - Processing a total of 1 stations, 1 at a time.
2026-03-29 08:40:38,145 - INFO - (1/1) KIF: Finished the prediction in 2.41s. (HP=1.0, LP=45.0)
2026-03-29 08:40:38,147 - INFO - 
2026-03-29 08:40:38,150 - INFO - ------- Parallel Station Waveform Processing Complete For 2025-01-25 23:03:41 to 2025-01-25 23:04:41 Timechunk-------
2026-03-29 08:40:38,152 - INFO - Picks saved at /home/blackwinter/projects/eqcct/eqcctpro/results/csv/eqcct_explosions_th0_1/20250125T230341Z_20250125T230441ZProcess Runtime: 4.51 s
2026-03-29 08:40:38,158 - INFO - Successfully ran EQCCTPro, exiting...
2026-03-29 08:40:39,810 - INFO - Ray Successfully Shutdown.
2026-03-29 08:40:39,810 - INFO - ------- Successfully Picked All Waveform(s) from all Timechunk(s) -------
