2026-03-28 21:37:56,702 - INFO - 
2026-03-28 21:37:56,702 - INFO - ------- Welcome to EQCCTPro -------
2026-03-28 21:37:56,702 - INFO - 
2026-03-28 21:37:56,703 - INFO - Running EQCCT over Requested MSeed Files using CPU(s)...
2026-03-28 21:37:56,703 - INFO - GPU disabled (CPU-only).
2026-03-28 21:59:11,254 - INFO - 
2026-03-28 21:59:11,254 - INFO - ------- Welcome to EQCCTPro -------
2026-03-28 21:59:11,254 - INFO - 
2026-03-28 21:59:11,255 - INFO - Running EQCCT over Requested MSeed Files using CPU(s)...
2026-03-28 21:59:11,256 - INFO - GPU disabled (CPU-only).
2026-03-28 21:59:11,256 - INFO - Configured Intra-op threads = 1
2026-03-28 21:59:11,256 - INFO - Configured Inter-op threads = 1
2026-03-28 21:59:11,256 - INFO - TensorFlow: No GPUs visible; TF will proceed on CPU.
2026-03-28 21:59:11,256 - INFO - 
2026-03-28 21:59:18,084 - INFO - Ray Successfully Initialized with 4 CPU(s) ([0, 1, 2, 3] CPU Affinity Binding).
2026-03-28 21:59:18,084 - INFO - Analyzing 1 time chunk(s) from 2025-01-03 08:53:08 to 2025-01-03 08:54:08 (dt=1min, overlap=0min).
2026-03-28 21:59:18,084 - INFO - Using 1 selected station(s).
2026-03-28 21:59:18,085 - INFO - 
2026-03-28 21:59:18,085 - INFO - ------- Starting EQCCTPro... -------
2026-03-28 21:59:18,085 - INFO - Detailed subprocess information can be found in the log file.
2026-03-28 21:59:18,085 - INFO - 
2026-03-28 21:59:18,551 - INFO - GPU disabled (CPU-only).
2026-03-28 21:59:20,428 - INFO - Configured Intra-op threads = 1
2026-03-28 21:59:20,431 - INFO - Configured Inter-op threads = 1
2026-03-28 21:59:20,484 - INFO - TensorFlow: No GPUs visible; TF will proceed on CPU.
2026-03-28 21:59:20,487 - INFO - 
2026-03-28 21:59:20,489 - INFO - ------- Hardware Configuration -------
2026-03-28 21:59:20,493 - INFO - CPU affinity set to cores: [0, 1, 2, 3]
2026-03-28 21:59:20,496 - INFO - 
2026-03-28 21:59:20,499 - INFO - ------- Data Preprocessing for EQCCTPro -------
2026-03-28 21:59:20,502 - INFO - 1 station(s) in /home/blackwinter/projects/eqcct/eqcctpro/data/waveforms_explosions_nonoise/20250103T085308Z_20250103T085408Z
2026-03-28 21:59:20,505 - INFO - Using 1 selected station(s): ['PVF'].
2026-03-28 21:59:20,508 - INFO - Creating model actor(s)...
2026-03-28 21:59:20,512 - INFO - System RAM: Total=7870 MB, Available=3936 MB
2026-03-28 21:59:20,515 - INFO - Usable RAM budget: 7083 MB (90% of total)
2026-03-28 21:59:20,520 - INFO - ===== MEMORY-AWARE CPU ACTOR POOL (EQCCT) =====
2026-03-28 21:59:20,524 - INFO - Requested concurrent tasks: 1
2026-03-28 21:59:20,527 - INFO - Available CPUs: 4
2026-03-28 21:59:20,530 - INFO - Available RAM: 7083 MB
2026-03-28 21:59:20,533 - INFO - RAM per model: 2264 MB
2026-03-28 21:59:20,536 - INFO - Max actors by RAM: 3
2026-03-28 21:59:20,538 - INFO - Creating 1 ModelActor(s)
2026-03-28 21:59:20,541 - INFO - Let Ray handle scheduling (taskset already restricts CPU visibility)
2026-03-28 21:59:20,544 - INFO - Creating ModelActor 1/1 (2.21GB RAM each)...
2026-03-28 21:59:25,701 - INFO - ModelActor 1 created successfully.
2026-03-28 21:59:25,704 - INFO - Created 1 CPU actor(s). Task queue will handle concurrency.
2026-03-28 21:59:25,706 - INFO - Starting EQCCTPro parallelized waveform processing...
2026-03-28 21:59:25,709 - INFO - 
2026-03-28 21:59:25,712 - INFO - ------- Analyzing Seismic Waveforms for P and S Picks via EQCCT -------
2026-03-28 21:59:25,716 - INFO - Analyzing 0:01:00 minute timechunk from 2025-01-03 08:53:08 to 2025-01-03 08:54:08 (0 min overlap)
2026-03-28 21:59:25,719 - INFO - Processing a total of 1 stations, 1 at a time.
2026-03-28 21:59:30,727 - INFO - (1/1) PVF: Finished the prediction in 2.79s. (HP=1.0, LP=45.0)
2026-03-28 21:59:30,730 - INFO - 
2026-03-28 21:59:30,733 - INFO - ------- Parallel Station Waveform Processing Complete For 2025-01-03 08:53:08 to 2025-01-03 08:54:08 Timechunk-------
2026-03-28 21:59:30,736 - INFO - Picks saved at /home/blackwinter/projects/eqcct/eqcctpro/results/csv/eqcct_explosions_th0_1/20250103T085308Z_20250103T085408ZProcess Runtime: 5.02 s
2026-03-28 21:59:30,742 - INFO - Successfully ran EQCCTPro, exiting...
2026-03-28 21:59:32,081 - INFO - Ray Successfully Shutdown.
2026-03-28 21:59:32,082 - INFO - ------- Successfully Picked All Waveform(s) from all Timechunk(s) -------
