2026-02-22 23:23:17,456 - INFO - 
2026-02-22 23:23:17,456 - INFO - ------- Welcome to EQCCTPro -------
2026-02-22 23:23:17,456 - INFO - 
2026-02-22 23:23:17,457 - INFO - Running EQCCT over Requested MSeed Files using CPU(s)...
2026-02-22 23:23:17,457 - INFO - GPU disabled (CPU-only).
2026-02-22 23:23:17,457 - INFO - Configured Intra-op threads = 1
2026-02-22 23:23:17,457 - INFO - Configured Inter-op threads = 1
2026-02-22 23:23:17,457 - INFO - TensorFlow: No GPUs visible; TF will proceed on CPU.
2026-02-22 23:23:17,457 - INFO - 
2026-02-22 23:23:22,944 - INFO - Ray Successfully Initialized with 4 CPU(s) ([0, 1, 2, 3] CPU Affinity Binding).
2026-02-22 23:23:22,944 - INFO - Analyzing 1 time chunk(s) from 2025-12-19 21:33:16 to 2025-12-19 21:34:16 (dt=1min, overlap=0min).
2026-02-22 23:23:22,944 - INFO - Using 1 selected station(s).
2026-02-22 23:23:22,945 - INFO - 
2026-02-22 23:23:22,945 - INFO - ------- Starting EQCCTPro... -------
2026-02-22 23:23:22,945 - INFO - Detailed subprocess information can be found in the log file.
2026-02-22 23:23:22,946 - INFO - 
2026-02-22 23:23:23,325 - INFO - GPU disabled (CPU-only).
2026-02-22 23:23:24,914 - INFO - Configured Intra-op threads = 1
2026-02-22 23:23:24,917 - INFO - Configured Inter-op threads = 1
2026-02-22 23:23:24,958 - INFO - TensorFlow: No GPUs visible; TF will proceed on CPU.
2026-02-22 23:23:24,961 - INFO - 
2026-02-22 23:23:24,963 - INFO - ------- Hardware Configuration -------
2026-02-22 23:23:24,966 - INFO - CPU affinity set to cores: [0, 1, 2, 3]
2026-02-22 23:23:24,968 - INFO - 
2026-02-22 23:23:24,970 - INFO - ------- Data Preprocessing for EQCCTPro -------
2026-02-22 23:23:24,972 - INFO - 1 station(s) in /home/blackwinter/projects/eqcct/eqcctpro/data/waveforms_earthquakes_nonoise/20251219T213316Z_20251219T213416Z
2026-02-22 23:23:24,975 - INFO - Using 1 selected station(s): ['OBF0'].
2026-02-22 23:23:24,977 - INFO - Creating model actor(s)...
2026-02-22 23:23:24,979 - INFO - System RAM: Total=7870 MB, Available=1459 MB
2026-02-22 23:23:24,981 - INFO - Usable RAM budget: 7083 MB (90% of total)
2026-02-22 23:23:24,983 - INFO - ===== MEMORY-AWARE CPU ACTOR POOL (EQCCT) =====
2026-02-22 23:23:24,985 - INFO - Requested concurrent tasks: 1
2026-02-22 23:23:24,987 - INFO - Available CPUs: 4
2026-02-22 23:23:24,989 - INFO - Available RAM: 7083 MB
2026-02-22 23:23:24,992 - INFO - RAM per model: 2264 MB
2026-02-22 23:23:24,994 - INFO - Max actors by RAM: 3
2026-02-22 23:23:24,996 - INFO - Creating 1 ModelActor(s)
2026-02-22 23:23:24,998 - INFO - Let Ray handle scheduling (taskset already restricts CPU visibility)
2026-02-22 23:23:25,001 - INFO - Creating ModelActor 1/1 (2.21GB RAM each)...
2026-02-22 23:23:28,877 - INFO - ModelActor 1 created successfully.
2026-02-22 23:23:28,879 - INFO - Created 1 CPU actor(s). Task queue will handle concurrency.
2026-02-22 23:23:28,881 - INFO - Starting EQCCTPro parallelized waveform processing...
2026-02-22 23:23:28,883 - INFO - 
2026-02-22 23:23:28,884 - INFO - ------- Analyzing Seismic Waveforms for P and S Picks via EQCCT -------
2026-02-22 23:23:28,887 - INFO - Analyzing 0:01:00 minute timechunk from 2025-12-19 21:33:16 to 2025-12-19 21:34:16 (0 min overlap)
2026-02-22 23:23:28,888 - INFO - Processing a total of 1 stations, 1 at a time.
2026-02-22 23:23:32,976 - INFO - (1/1) OBF0: Finished the prediction in 2.14s. (HP=1.0, LP=45.0)
2026-02-22 23:23:32,978 - INFO - 
2026-02-22 23:23:32,981 - INFO - ------- Parallel Station Waveform Processing Complete For 2025-12-19 21:33:16 to 2025-12-19 21:34:16 Timechunk-------
2026-02-22 23:23:32,983 - INFO - Picks saved at /home/blackwinter/projects/eqcct/eqcctpro/results/csv/bm_eq_nonoise/20251219T213316Z_20251219T213416ZProcess Runtime: 4.10 s
2026-02-22 23:23:32,988 - INFO - Successfully ran EQCCTPro, exiting...
2026-02-22 23:23:34,581 - INFO - Ray Successfully Shutdown.
2026-02-22 23:23:34,581 - INFO - ------- Successfully Picked All Waveform(s) from all Timechunk(s) -------
