2026-03-28 21:38:02,149 - INFO - 
2026-03-28 21:38:02,149 - INFO - ------- Welcome to EQCCTPro -------
2026-03-28 21:38:02,149 - INFO - 
2026-03-28 21:38:02,150 - INFO - Running EQCCT over Requested MSeed Files using CPU(s)...
2026-03-28 21:38:02,150 - INFO - GPU disabled (CPU-only).
2026-03-29 08:37:42,746 - INFO - 
2026-03-29 08:37:42,747 - INFO - ------- Welcome to EQCCTPro -------
2026-03-29 08:37:42,747 - INFO - 
2026-03-29 08:37:42,748 - INFO - Running EQCCT over Requested MSeed Files using CPU(s)...
2026-03-29 08:37:42,748 - INFO - GPU disabled (CPU-only).
2026-03-29 08:37:42,748 - INFO - Configured Intra-op threads = 1
2026-03-29 08:37:42,748 - INFO - Configured Inter-op threads = 1
2026-03-29 08:37:42,748 - INFO - TensorFlow: No GPUs visible; TF will proceed on CPU.
2026-03-29 08:37:42,748 - INFO - 
2026-03-29 08:37:47,817 - INFO - Ray Successfully Initialized with 4 CPU(s) ([0, 1, 2, 3] CPU Affinity Binding).
2026-03-29 08:37:47,817 - INFO - Analyzing 1 time chunk(s) from 2025-01-25 20:17:04 to 2025-01-25 20:18:04 (dt=1min, overlap=0min).
2026-03-29 08:37:47,817 - INFO - Using 1 selected station(s).
2026-03-29 08:37:47,817 - INFO - 
2026-03-29 08:37:47,818 - INFO - ------- Starting EQCCTPro... -------
2026-03-29 08:37:47,818 - INFO - Detailed subprocess information can be found in the log file.
2026-03-29 08:37:47,818 - INFO - 
2026-03-29 08:37:48,242 - INFO - GPU disabled (CPU-only).
2026-03-29 08:37:49,879 - INFO - Configured Intra-op threads = 1
2026-03-29 08:37:49,881 - INFO - Configured Inter-op threads = 1
2026-03-29 08:37:49,925 - INFO - TensorFlow: No GPUs visible; TF will proceed on CPU.
2026-03-29 08:37:49,927 - INFO - 
2026-03-29 08:37:49,930 - INFO - ------- Hardware Configuration -------
2026-03-29 08:37:49,933 - INFO - CPU affinity set to cores: [0, 1, 2, 3]
2026-03-29 08:37:49,935 - INFO - 
2026-03-29 08:37:49,938 - INFO - ------- Data Preprocessing for EQCCTPro -------
2026-03-29 08:37:49,940 - INFO - 1 station(s) in /home/blackwinter/projects/eqcct/eqcctpro/data/waveforms_explosions_nonoise/20250125T201704Z_20250125T201804Z
2026-03-29 08:37:49,943 - INFO - Using 1 selected station(s): ['RAJF'].
2026-03-29 08:37:49,945 - INFO - Creating model actor(s)...
2026-03-29 08:37:49,948 - INFO - System RAM: Total=7870 MB, Available=2894 MB
2026-03-29 08:37:49,950 - INFO - Usable RAM budget: 7083 MB (90% of total)
2026-03-29 08:37:49,953 - INFO - ===== MEMORY-AWARE CPU ACTOR POOL (EQCCT) =====
2026-03-29 08:37:49,956 - INFO - Requested concurrent tasks: 1
2026-03-29 08:37:49,958 - INFO - Available CPUs: 4
2026-03-29 08:37:49,961 - INFO - Available RAM: 7083 MB
2026-03-29 08:37:49,963 - INFO - RAM per model: 2264 MB
2026-03-29 08:37:49,966 - INFO - Max actors by RAM: 3
2026-03-29 08:37:49,968 - INFO - Creating 1 ModelActor(s)
2026-03-29 08:37:49,971 - INFO - Let Ray handle scheduling (taskset already restricts CPU visibility)
2026-03-29 08:37:49,973 - INFO - Creating ModelActor 1/1 (2.21GB RAM each)...
2026-03-29 08:37:54,480 - INFO - ModelActor 1 created successfully.
2026-03-29 08:37:54,485 - INFO - Created 1 CPU actor(s). Task queue will handle concurrency.
2026-03-29 08:37:54,488 - INFO - Starting EQCCTPro parallelized waveform processing...
2026-03-29 08:37:54,490 - INFO - 
2026-03-29 08:37:54,493 - INFO - ------- Analyzing Seismic Waveforms for P and S Picks via EQCCT -------
2026-03-29 08:37:54,496 - INFO - Analyzing 0:01:00 minute timechunk from 2025-01-25 20:17:04 to 2025-01-25 20:18:04 (0 min overlap)
2026-03-29 08:37:54,498 - INFO - Processing a total of 1 stations, 1 at a time.
2026-03-29 08:37:58,997 - INFO - (1/1) RAJF: Finished the prediction in 2.42s. (HP=1.0, LP=45.0)
2026-03-29 08:37:58,999 - INFO - 
2026-03-29 08:37:59,001 - INFO - ------- Parallel Station Waveform Processing Complete For 2025-01-25 20:17:04 to 2025-01-25 20:18:04 Timechunk-------
2026-03-29 08:37:59,003 - INFO - Picks saved at /home/blackwinter/projects/eqcct/eqcctpro/results/csv/eqcct_explosions_th0_1/20250125T201704Z_20250125T201804ZProcess Runtime: 4.51 s
2026-03-29 08:37:59,008 - INFO - Successfully ran EQCCTPro, exiting...
2026-03-29 08:38:00,714 - INFO - Ray Successfully Shutdown.
2026-03-29 08:38:00,715 - INFO - ------- Successfully Picked All Waveform(s) from all Timechunk(s) -------
