2026-03-20 02:01:40,630 - INFO - 
2026-03-20 02:01:40,630 - INFO - ------- Welcome to EQCCTPro -------
2026-03-20 02:01:40,630 - INFO - 
2026-03-20 02:01:40,631 - INFO - Running EQCCT over Requested MSeed Files using CPU(s)...
2026-03-20 02:01:40,631 - INFO - GPU disabled (CPU-only).
2026-03-20 02:01:40,631 - INFO - Configured Intra-op threads = 1
2026-03-20 02:01:40,631 - INFO - Configured Inter-op threads = 1
2026-03-20 02:01:40,631 - INFO - TensorFlow: No GPUs visible; TF will proceed on CPU.
2026-03-20 02:01:40,632 - INFO - 
2026-03-20 02:01:45,979 - INFO - Ray Successfully Initialized with 4 CPU(s) ([0, 1, 2, 3] CPU Affinity Binding).
2026-03-20 02:01:45,980 - INFO - Analyzing 1 time chunk(s) from 2025-06-03 10:08:23 to 2025-06-03 10:09:23 (dt=1min, overlap=0min).
2026-03-20 02:01:45,980 - INFO - Using 1 selected station(s).
2026-03-20 02:01:45,980 - INFO - 
2026-03-20 02:01:45,980 - INFO - ------- Starting EQCCTPro... -------
2026-03-20 02:01:45,981 - INFO - Detailed subprocess information can be found in the log file.
2026-03-20 02:01:45,981 - INFO - 
2026-03-20 02:01:46,369 - INFO - GPU disabled (CPU-only).
2026-03-20 02:01:47,885 - INFO - Configured Intra-op threads = 1
2026-03-20 02:01:47,888 - INFO - Configured Inter-op threads = 1
2026-03-20 02:01:47,925 - INFO - TensorFlow: No GPUs visible; TF will proceed on CPU.
2026-03-20 02:01:47,928 - INFO - 
2026-03-20 02:01:47,930 - INFO - ------- Hardware Configuration -------
2026-03-20 02:01:47,933 - INFO - CPU affinity set to cores: [0, 1, 2, 3]
2026-03-20 02:01:47,935 - INFO - 
2026-03-20 02:01:47,937 - INFO - ------- Data Preprocessing for EQCCTPro -------
2026-03-20 02:01:47,940 - INFO - 1 station(s) in /home/blackwinter/projects/eqcct/eqcctpro/data/waveforms_earthquakes_nonoise/20250603T100823Z_20250603T100923Z
2026-03-20 02:01:47,942 - INFO - Using 1 selected station(s): ['KAF'].
2026-03-20 02:01:47,944 - INFO - Creating model actor(s)...
2026-03-20 02:01:47,946 - INFO - System RAM: Total=7870 MB, Available=2131 MB
2026-03-20 02:01:47,948 - INFO - Usable RAM budget: 7083 MB (90% of total)
2026-03-20 02:01:47,951 - INFO - ===== MEMORY-AWARE CPU ACTOR POOL (EQCCT) =====
2026-03-20 02:01:47,953 - INFO - Requested concurrent tasks: 1
2026-03-20 02:01:47,955 - INFO - Available CPUs: 4
2026-03-20 02:01:47,957 - INFO - Available RAM: 7083 MB
2026-03-20 02:01:47,959 - INFO - RAM per model: 2264 MB
2026-03-20 02:01:47,961 - INFO - Max actors by RAM: 3
2026-03-20 02:01:47,964 - INFO - Creating 1 ModelActor(s)
2026-03-20 02:01:47,966 - INFO - Let Ray handle scheduling (taskset already restricts CPU visibility)
2026-03-20 02:01:47,968 - INFO - Creating ModelActor 1/1 (2.21GB RAM each)...
2026-03-20 02:01:51,797 - INFO - ModelActor 1 created successfully.
2026-03-20 02:01:51,799 - INFO - Created 1 CPU actor(s). Task queue will handle concurrency.
2026-03-20 02:01:51,801 - INFO - Starting EQCCTPro parallelized waveform processing...
2026-03-20 02:01:51,804 - INFO - 
2026-03-20 02:01:51,805 - INFO - ------- Analyzing Seismic Waveforms for P and S Picks via EQCCT -------
2026-03-20 02:01:51,808 - INFO - Analyzing 0:01:00 minute timechunk from 2025-06-03 10:08:23 to 2025-06-03 10:09:23 (0 min overlap)
2026-03-20 02:01:51,810 - INFO - Processing a total of 1 stations, 1 at a time.
2026-03-20 02:01:55,839 - INFO - (1/1) KAF: Finished the prediction in 2.13s. (HP=1.0, LP=45.0)
2026-03-20 02:01:55,842 - INFO - 
2026-03-20 02:01:55,849 - INFO - Successfully ran EQCCTPro, exiting...
2026-03-20 02:01:55,843 - INFO - ------- Parallel Station Waveform Processing Complete For 2025-06-03 10:08:23 to 2025-06-03 10:09:23 Timechunk-------
2026-03-20 02:01:55,845 - INFO - Picks saved at /home/blackwinter/projects/eqcct/eqcctpro/results/csv/eqcct_earthquakes_th0_1/20250603T100823Z_20250603T100923ZProcess Runtime: 4.04 s
2026-03-20 02:01:57,359 - INFO - Ray Successfully Shutdown.
2026-03-20 02:01:57,359 - INFO - ------- Successfully Picked All Waveform(s) from all Timechunk(s) -------
