2026-03-28 21:37:59,560 - INFO - 
2026-03-28 21:37:59,560 - INFO - ------- Welcome to EQCCTPro -------
2026-03-28 21:37:59,560 - INFO - 
2026-03-28 21:37:59,561 - INFO - Running EQCCT over Requested MSeed Files using CPU(s)...
2026-03-28 21:37:59,561 - INFO - GPU disabled (CPU-only).
2026-03-29 04:07:31,931 - INFO - 
2026-03-29 04:07:31,932 - INFO - ------- Welcome to EQCCTPro -------
2026-03-29 04:07:31,932 - INFO - 
2026-03-29 04:07:31,933 - INFO - Running EQCCT over Requested MSeed Files using CPU(s)...
2026-03-29 04:07:31,933 - INFO - GPU disabled (CPU-only).
2026-03-29 04:07:31,934 - INFO - Configured Intra-op threads = 1
2026-03-29 04:07:31,934 - INFO - Configured Inter-op threads = 1
2026-03-29 04:07:31,934 - INFO - TensorFlow: No GPUs visible; TF will proceed on CPU.
2026-03-29 04:07:31,934 - INFO - 
2026-03-29 04:07:37,050 - INFO - Ray Successfully Initialized with 4 CPU(s) ([0, 1, 2, 3] CPU Affinity Binding).
2026-03-29 04:07:37,051 - INFO - Analyzing 1 time chunk(s) from 2025-01-16 11:32:25 to 2025-01-16 11:33:25 (dt=1min, overlap=0min).
2026-03-29 04:07:37,051 - INFO - Using 1 selected station(s).
2026-03-29 04:07:37,053 - INFO - 
2026-03-29 04:07:37,054 - INFO - ------- Starting EQCCTPro... -------
2026-03-29 04:07:37,054 - INFO - Detailed subprocess information can be found in the log file.
2026-03-29 04:07:37,054 - INFO - 
2026-03-29 04:07:37,473 - INFO - GPU disabled (CPU-only).
2026-03-29 04:07:39,199 - INFO - Configured Intra-op threads = 1
2026-03-29 04:07:39,201 - INFO - Configured Inter-op threads = 1
2026-03-29 04:07:39,245 - INFO - TensorFlow: No GPUs visible; TF will proceed on CPU.
2026-03-29 04:07:39,247 - INFO - 
2026-03-29 04:07:39,249 - INFO - ------- Hardware Configuration -------
2026-03-29 04:07:39,251 - INFO - CPU affinity set to cores: [0, 1, 2, 3]
2026-03-29 04:07:39,253 - INFO - 
2026-03-29 04:07:39,255 - INFO - ------- Data Preprocessing for EQCCTPro -------
2026-03-29 04:07:39,257 - INFO - 1 station(s) in /home/blackwinter/projects/eqcct/eqcctpro/data/waveforms_explosions_nonoise/20250116T113225Z_20250116T113325Z
2026-03-29 04:07:39,259 - INFO - Using 1 selected station(s): ['SUF'].
2026-03-29 04:07:39,261 - INFO - Creating model actor(s)...
2026-03-29 04:07:39,264 - INFO - System RAM: Total=7870 MB, Available=3132 MB
2026-03-29 04:07:39,266 - INFO - Usable RAM budget: 7083 MB (90% of total)
2026-03-29 04:07:39,268 - INFO - ===== MEMORY-AWARE CPU ACTOR POOL (EQCCT) =====
2026-03-29 04:07:39,270 - INFO - Requested concurrent tasks: 1
2026-03-29 04:07:39,273 - INFO - Available CPUs: 4
2026-03-29 04:07:39,276 - INFO - Available RAM: 7083 MB
2026-03-29 04:07:39,278 - INFO - RAM per model: 2264 MB
2026-03-29 04:07:39,281 - INFO - Max actors by RAM: 3
2026-03-29 04:07:39,283 - INFO - Creating 1 ModelActor(s)
2026-03-29 04:07:39,286 - INFO - Let Ray handle scheduling (taskset already restricts CPU visibility)
2026-03-29 04:07:39,289 - INFO - Creating ModelActor 1/1 (2.21GB RAM each)...
2026-03-29 04:07:43,605 - INFO - ModelActor 1 created successfully.
2026-03-29 04:07:43,608 - INFO - Created 1 CPU actor(s). Task queue will handle concurrency.
2026-03-29 04:07:43,610 - INFO - Starting EQCCTPro parallelized waveform processing...
2026-03-29 04:07:43,613 - INFO - 
2026-03-29 04:07:43,615 - INFO - ------- Analyzing Seismic Waveforms for P and S Picks via EQCCT -------
2026-03-29 04:07:43,618 - INFO - Analyzing 0:01:00 minute timechunk from 2025-01-16 11:32:25 to 2025-01-16 11:33:25 (0 min overlap)
2026-03-29 04:07:43,621 - INFO - Processing a total of 1 stations, 1 at a time.
2026-03-29 04:07:48,154 - INFO - (1/1) SUF: Finished the prediction in 2.44s. (HP=1.0, LP=45.0)
2026-03-29 04:07:48,156 - INFO - 
2026-03-29 04:07:48,159 - INFO - ------- Parallel Station Waveform Processing Complete For 2025-01-16 11:32:25 to 2025-01-16 11:33:25 Timechunk-------
2026-03-29 04:07:48,162 - INFO - Picks saved at /home/blackwinter/projects/eqcct/eqcctpro/results/csv/eqcct_explosions_th0_1/20250116T113225Z_20250116T113325ZProcess Runtime: 4.55 s
2026-03-29 04:07:48,166 - INFO - Successfully ran EQCCTPro, exiting...
2026-03-29 04:07:49,775 - INFO - Ray Successfully Shutdown.
2026-03-29 04:07:49,776 - INFO - ------- Successfully Picked All Waveform(s) from all Timechunk(s) -------
