2026-03-28 19:10:47,144 - INFO - 
2026-03-28 19:10:47,144 - INFO - ------- Welcome to EQCCTPro -------
2026-03-28 19:10:47,144 - INFO - 
2026-03-28 19:10:47,145 - INFO - Running EQCCT over Requested MSeed Files using CPU(s)...
2026-03-28 19:10:47,145 - INFO - GPU disabled (CPU-only).
2026-03-28 19:10:47,145 - INFO - Skipping framework-specific initialization in the driver process.
2026-03-28 19:10:49,809 - INFO - Ray Successfully Initialized with 4 CPU(s) ([0, 1, 2, 3] CPU Affinity Binding).
2026-03-28 19:10:49,809 - INFO - Analyzing 1 time chunk(s) from 2025-01-17 13:03:56 to 2025-01-17 13:04:56 (dt=1min, overlap=0min).
2026-03-28 19:10:49,810 - INFO - Using 1 selected station(s).
2026-03-28 19:10:49,810 - INFO - 
2026-03-28 19:10:49,810 - INFO - ------- Starting EQCCTPro... -------
2026-03-28 19:10:49,810 - INFO - Detailed subprocess information can be found in the log file.
2026-03-28 19:10:49,811 - INFO - 
2026-03-28 19:10:50,132 - INFO - GPU disabled (CPU-only).
2026-03-28 19:10:50,138 - INFO - Skipping framework-specific initialization in the driver process.
2026-03-28 19:10:50,142 - INFO - ------- Hardware Configuration -------
2026-03-28 19:10:50,147 - INFO - CPU affinity set to cores: [0, 1, 2, 3]
2026-03-28 19:10:50,151 - INFO - 
2026-03-28 19:10:50,154 - INFO - ------- Data Preprocessing for EQCCTPro -------
2026-03-28 19:10:50,157 - INFO - 1 station(s) in /home/blackwinter/projects/eqcct/eqcctpro/data/waveforms_explosions_nonoise/20250117T130356Z_20250117T130456Z
2026-03-28 19:10:50,160 - INFO - Using 1 selected station(s): ['KPF'].
2026-03-28 19:10:50,164 - INFO - Creating model actor(s)...
2026-03-28 19:10:50,166 - INFO - System RAM: Total=7870 MB, Available=4108 MB
2026-03-28 19:10:50,169 - INFO - Usable RAM budget: 7083 MB (90% of total)
2026-03-28 19:10:50,171 - INFO - ===== MEMORY-AWARE CPU ACTOR POOL =====
2026-03-28 19:10:50,174 - INFO - Requested concurrent tasks: 1
2026-03-28 19:10:50,177 - INFO - Available CPUs: 4
2026-03-28 19:10:50,180 - INFO - Available RAM: 7083 MB
2026-03-28 19:10:50,183 - INFO - RAM per model: 2060 MB
2026-03-28 19:10:50,185 - INFO - Max actors by RAM: 3
2026-03-28 19:10:50,187 - INFO - Creating 1 SeisBenchModelActor(s)
2026-03-28 19:10:50,190 - INFO - Let Ray handle scheduling (taskset already restricts CPU visibility)
2026-03-28 19:10:50,193 - INFO - Creating SeisBenchModelActor 1/1 (2.01GB RAM each)...
2026-03-28 19:10:53,205 - INFO - SeisBenchModelActor 1 created successfully.
2026-03-28 19:10:53,207 - INFO - Created 1 CPU actor(s). Task queue will handle concurrency.
2026-03-28 19:10:53,210 - INFO - Starting EQCCTPro parallelized waveform processing...
2026-03-28 19:10:53,212 - INFO - 
2026-03-28 19:10:53,214 - INFO - ------- Analyzing Seismic Waveforms for P and S Picks via SeisBench (EQTransformer - original_nonconservative) -------
2026-03-28 19:10:53,217 - INFO - Analyzing 0:01:00 minute timechunk from 2025-01-17 13:03:56 to 2025-01-17 13:04:56 (0 min overlap)
2026-03-28 19:10:53,220 - INFO - Processing a total of 1 stations, 1 at a time.
2026-03-28 19:10:55,660 - INFO - (1/1) KPF: Finished the prediction in 0.15s. (HP=1.0, LP=45.0, picks=2)
2026-03-28 19:10:55,663 - INFO - 
2026-03-28 19:10:55,667 - INFO - ------- Parallel Station Waveform Processing Complete For 2025-01-17 13:03:56 to 2025-01-17 13:04:56 Timechunk-------
2026-03-28 19:10:55,670 - INFO - Picks saved at /home/blackwinter/projects/eqcct/eqcctpro/results/csv/eqt_explosions_th0_1/20250117T130356Z_20250117T130456ZProcess Runtime: 2.46 s
2026-03-28 19:10:55,680 - INFO - Successfully ran EQCCTPro, exiting...
2026-03-28 19:10:57,278 - INFO - Ray Successfully Shutdown.
2026-03-28 19:10:57,278 - INFO - ------- Successfully Picked All Waveform(s) from all Timechunk(s) -------
