2026-03-28 21:37:59,695 - INFO - 
2026-03-28 21:37:59,695 - INFO - ------- Welcome to EQCCTPro -------
2026-03-28 21:37:59,696 - INFO - 
2026-03-28 21:37:59,696 - INFO - Running EQCCT over Requested MSeed Files using CPU(s)...
2026-03-28 21:37:59,697 - INFO - GPU disabled (CPU-only).
2026-03-29 04:20:41,778 - INFO - 
2026-03-29 04:20:41,778 - INFO - ------- Welcome to EQCCTPro -------
2026-03-29 04:20:41,778 - INFO - 
2026-03-29 04:20:41,779 - INFO - Running EQCCT over Requested MSeed Files using CPU(s)...
2026-03-29 04:20:41,779 - INFO - GPU disabled (CPU-only).
2026-03-29 04:20:41,779 - INFO - Configured Intra-op threads = 1
2026-03-29 04:20:41,780 - INFO - Configured Inter-op threads = 1
2026-03-29 04:20:41,780 - INFO - TensorFlow: No GPUs visible; TF will proceed on CPU.
2026-03-29 04:20:41,780 - INFO - 
2026-03-29 04:20:47,639 - INFO - Ray Successfully Initialized with 4 CPU(s) ([0, 1, 2, 3] CPU Affinity Binding).
2026-03-29 04:20:47,641 - INFO - Analyzing 1 time chunk(s) from 2025-01-16 11:43:13 to 2025-01-16 11:44:13 (dt=1min, overlap=0min).
2026-03-29 04:20:47,641 - INFO - Using 1 selected station(s).
2026-03-29 04:20:47,641 - INFO - 
2026-03-29 04:20:47,641 - INFO - ------- Starting EQCCTPro... -------
2026-03-29 04:20:47,641 - INFO - Detailed subprocess information can be found in the log file.
2026-03-29 04:20:47,641 - INFO - 
2026-03-29 04:20:48,049 - INFO - GPU disabled (CPU-only).
2026-03-29 04:20:49,739 - INFO - Configured Intra-op threads = 1
2026-03-29 04:20:49,743 - INFO - Configured Inter-op threads = 1
2026-03-29 04:20:49,787 - INFO - TensorFlow: No GPUs visible; TF will proceed on CPU.
2026-03-29 04:20:49,790 - INFO - 
2026-03-29 04:20:49,792 - INFO - ------- Hardware Configuration -------
2026-03-29 04:20:49,795 - INFO - CPU affinity set to cores: [0, 1, 2, 3]
2026-03-29 04:20:49,797 - INFO - 
2026-03-29 04:20:49,800 - INFO - ------- Data Preprocessing for EQCCTPro -------
2026-03-29 04:20:49,803 - INFO - 1 station(s) in /home/blackwinter/projects/eqcct/eqcctpro/data/waveforms_explosions_nonoise/20250116T114313Z_20250116T114413Z
2026-03-29 04:20:49,805 - INFO - Using 1 selected station(s): ['NUR'].
2026-03-29 04:20:49,808 - INFO - Creating model actor(s)...
2026-03-29 04:20:49,811 - INFO - System RAM: Total=7870 MB, Available=3069 MB
2026-03-29 04:20:49,813 - INFO - Usable RAM budget: 7083 MB (90% of total)
2026-03-29 04:20:49,816 - INFO - ===== MEMORY-AWARE CPU ACTOR POOL (EQCCT) =====
2026-03-29 04:20:49,819 - INFO - Requested concurrent tasks: 1
2026-03-29 04:20:49,822 - INFO - Available CPUs: 4
2026-03-29 04:20:49,824 - INFO - Available RAM: 7083 MB
2026-03-29 04:20:49,827 - INFO - RAM per model: 2264 MB
2026-03-29 04:20:49,829 - INFO - Max actors by RAM: 3
2026-03-29 04:20:49,833 - INFO - Creating 1 ModelActor(s)
2026-03-29 04:20:49,835 - INFO - Let Ray handle scheduling (taskset already restricts CPU visibility)
2026-03-29 04:20:49,839 - INFO - Creating ModelActor 1/1 (2.21GB RAM each)...
2026-03-29 04:20:54,162 - INFO - ModelActor 1 created successfully.
2026-03-29 04:20:54,164 - INFO - Created 1 CPU actor(s). Task queue will handle concurrency.
2026-03-29 04:20:54,166 - INFO - Starting EQCCTPro parallelized waveform processing...
2026-03-29 04:20:54,168 - INFO - 
2026-03-29 04:20:54,170 - INFO - ------- Analyzing Seismic Waveforms for P and S Picks via EQCCT -------
2026-03-29 04:20:54,173 - INFO - Analyzing 0:01:00 minute timechunk from 2025-01-16 11:43:13 to 2025-01-16 11:44:13 (0 min overlap)
2026-03-29 04:20:54,175 - INFO - Processing a total of 1 stations, 1 at a time.
2026-03-29 04:20:58,639 - INFO - (1/1) NUR: Finished the prediction in 2.4s. (HP=1.0, LP=45.0)
2026-03-29 04:20:58,641 - INFO - 
2026-03-29 04:20:58,644 - INFO - ------- Parallel Station Waveform Processing Complete For 2025-01-16 11:43:13 to 2025-01-16 11:44:13 Timechunk-------
2026-03-29 04:20:58,647 - INFO - Picks saved at /home/blackwinter/projects/eqcct/eqcctpro/results/csv/eqcct_explosions_th0_1/20250116T114313Z_20250116T114413ZProcess Runtime: 4.48 s
2026-03-29 04:20:58,652 - INFO - Successfully ran EQCCTPro, exiting...
2026-03-29 04:21:00,308 - INFO - Ray Successfully Shutdown.
2026-03-29 04:21:00,308 - INFO - ------- Successfully Picked All Waveform(s) from all Timechunk(s) -------
