2026-02-22 14:15:37,673 - INFO - 
2026-02-22 14:15:37,674 - INFO - ------- Welcome to EQCCTPro -------
2026-02-22 14:15:37,674 - INFO - 
2026-02-22 14:15:37,674 - INFO - Running EQCCT over Requested MSeed Files using CPU(s)...
2026-02-22 14:15:37,674 - INFO - GPU disabled (CPU-only).
2026-02-22 14:15:37,675 - INFO - Configured Intra-op threads = 1
2026-02-22 14:15:37,675 - INFO - Configured Inter-op threads = 1
2026-02-22 14:15:37,675 - INFO - TensorFlow: No GPUs visible; TF will proceed on CPU.
2026-02-22 14:15:37,675 - INFO - 
2026-02-22 14:15:42,552 - INFO - Ray Successfully Initialized with 4 CPU(s) ([0, 1, 2, 3] CPU Affinity Binding).
2026-02-22 14:15:42,552 - INFO - Analyzing 1 time chunk(s) from 2025-04-06 17:26:08 to 2025-04-06 17:27:08 (dt=1min, overlap=0min).
2026-02-22 14:15:42,552 - INFO - Using 1 selected station(s).
2026-02-22 14:15:42,553 - INFO - 
2026-02-22 14:15:42,553 - INFO - ------- Starting EQCCTPro... -------
2026-02-22 14:15:42,553 - INFO - Detailed subprocess information can be found in the log file.
2026-02-22 14:15:42,553 - INFO - 
2026-02-22 14:15:42,949 - INFO - GPU disabled (CPU-only).
2026-02-22 14:15:44,583 - INFO - Configured Intra-op threads = 1
2026-02-22 14:15:44,586 - INFO - Configured Inter-op threads = 1
2026-02-22 14:15:44,632 - INFO - TensorFlow: No GPUs visible; TF will proceed on CPU.
2026-02-22 14:15:44,635 - INFO - 
2026-02-22 14:15:44,637 - INFO - ------- Hardware Configuration -------
2026-02-22 14:15:44,639 - INFO - CPU affinity set to cores: [0, 1, 2, 3]
2026-02-22 14:15:44,641 - INFO - 
2026-02-22 14:15:44,643 - INFO - ------- Data Preprocessing for EQCCTPro -------
2026-02-22 14:15:44,645 - INFO - 1 station(s) in /home/blackwinter/projects/eqcct/eqcctpro/data/waveforms_earthquakes_nonoise/20250406T172608Z_20250406T172708Z
2026-02-22 14:15:44,647 - INFO - Using 1 selected station(s): ['KIF'].
2026-02-22 14:15:44,649 - INFO - Creating model actor(s)...
2026-02-22 14:15:44,651 - INFO - System RAM: Total=7870 MB, Available=2636 MB
2026-02-22 14:15:44,653 - INFO - Usable RAM budget: 7083 MB (90% of total)
2026-02-22 14:15:44,656 - INFO - ===== MEMORY-AWARE CPU ACTOR POOL (EQCCT) =====
2026-02-22 14:15:44,658 - INFO - Requested concurrent tasks: 1
2026-02-22 14:15:44,660 - INFO - Available CPUs: 4
2026-02-22 14:15:44,662 - INFO - Available RAM: 7083 MB
2026-02-22 14:15:44,664 - INFO - RAM per model: 2264 MB
2026-02-22 14:15:44,665 - INFO - Max actors by RAM: 3
2026-02-22 14:15:44,667 - INFO - Creating 1 ModelActor(s)
2026-02-22 14:15:44,669 - INFO - Let Ray handle scheduling (taskset already restricts CPU visibility)
2026-02-22 14:15:44,671 - INFO - Creating ModelActor 1/1 (2.21GB RAM each)...
2026-02-22 14:15:48,615 - INFO - ModelActor 1 created successfully.
2026-02-22 14:15:48,618 - INFO - Created 1 CPU actor(s). Task queue will handle concurrency.
2026-02-22 14:15:48,620 - INFO - Starting EQCCTPro parallelized waveform processing...
2026-02-22 14:15:48,622 - INFO - 
2026-02-22 14:15:48,623 - INFO - ------- Analyzing Seismic Waveforms for P and S Picks via EQCCT -------
2026-02-22 14:15:48,626 - INFO - Analyzing 0:01:00 minute timechunk from 2025-04-06 17:26:08 to 2025-04-06 17:27:08 (0 min overlap)
2026-02-22 14:15:48,628 - INFO - Processing a total of 1 stations, 1 at a time.
2026-02-22 14:15:52,694 - INFO - (1/1) KIF: Finished the prediction in 2.13s. (HP=1.0, LP=45.0)
2026-02-22 14:15:52,696 - INFO - 
2026-02-22 14:15:52,699 - INFO - ------- Parallel Station Waveform Processing Complete For 2025-04-06 17:26:08 to 2025-04-06 17:27:08 Timechunk-------
2026-02-22 14:15:52,701 - INFO - Picks saved at /home/blackwinter/projects/eqcct/eqcctpro/results/csv/bm_eq_nonoise/20250406T172608Z_20250406T172708ZProcess Runtime: 4.08 s
2026-02-22 14:15:52,706 - INFO - Successfully ran EQCCTPro, exiting...
2026-02-22 14:15:54,076 - INFO - Ray Successfully Shutdown.
2026-02-22 14:15:54,076 - INFO - ------- Successfully Picked All Waveform(s) from all Timechunk(s) -------
