2026-03-27 19:58:54,569 - INFO - 
2026-03-27 19:58:54,569 - INFO - ------- Welcome to EQCCTPro -------
2026-03-27 19:58:54,569 - INFO - 
2026-03-27 19:58:54,569 - INFO - Running EQCCT over Requested MSeed Files using CPU(s)...
2026-03-27 19:58:54,570 - INFO - GPU disabled (CPU-only).
2026-03-27 19:58:54,570 - INFO - Skipping framework-specific initialization in the driver process.
2026-03-27 19:58:56,937 - INFO - Ray Successfully Initialized with 4 CPU(s) ([0, 1, 2, 3] CPU Affinity Binding).
2026-03-27 19:58:56,937 - INFO - Analyzing 1 time chunk(s) from 2025-08-03 08:13:05 to 2025-08-03 08:14:05 (dt=1min, overlap=0min).
2026-03-27 19:58:56,937 - INFO - Using 1 selected station(s).
2026-03-27 19:58:56,937 - INFO - 
2026-03-27 19:58:56,938 - INFO - ------- Starting EQCCTPro... -------
2026-03-27 19:58:56,938 - INFO - Detailed subprocess information can be found in the log file.
2026-03-27 19:58:56,938 - INFO - 
2026-03-27 19:58:57,207 - INFO - GPU disabled (CPU-only).
2026-03-27 19:58:57,212 - INFO - Skipping framework-specific initialization in the driver process.
2026-03-27 19:58:57,214 - INFO - ------- Hardware Configuration -------
2026-03-27 19:58:57,216 - INFO - CPU affinity set to cores: [0, 1, 2, 3]
2026-03-27 19:58:57,218 - INFO - 
2026-03-27 19:58:57,221 - INFO - ------- Data Preprocessing for EQCCTPro -------
2026-03-27 19:58:57,222 - INFO - 1 station(s) in /home/blackwinter/projects/eqcct/eqcctpro/data/waveforms_earthquakes_nonoise/20250803T081305Z_20250803T081405Z
2026-03-27 19:58:57,224 - INFO - Using 1 selected station(s): ['HEF'].
2026-03-27 19:58:57,226 - INFO - Creating model actor(s)...
2026-03-27 19:58:57,228 - INFO - System RAM: Total=7870 MB, Available=5938 MB
2026-03-27 19:58:57,230 - INFO - Usable RAM budget: 7083 MB (90% of total)
2026-03-27 19:58:57,232 - INFO - ===== MEMORY-AWARE CPU ACTOR POOL =====
2026-03-27 19:58:57,234 - INFO - Requested concurrent tasks: 1
2026-03-27 19:58:57,236 - INFO - Available CPUs: 4
2026-03-27 19:58:57,239 - INFO - Available RAM: 7083 MB
2026-03-27 19:58:57,241 - INFO - RAM per model: 2060 MB
2026-03-27 19:58:57,244 - INFO - Max actors by RAM: 3
2026-03-27 19:58:57,247 - INFO - Creating 1 SeisBenchModelActor(s)
2026-03-27 19:58:57,249 - INFO - Let Ray handle scheduling (taskset already restricts CPU visibility)
2026-03-27 19:58:57,253 - INFO - Creating SeisBenchModelActor 1/1 (2.01GB RAM each)...
2026-03-27 19:59:00,301 - INFO - SeisBenchModelActor 1 created successfully.
2026-03-27 19:59:00,303 - INFO - Created 1 CPU actor(s). Task queue will handle concurrency.
2026-03-27 19:59:00,306 - INFO - Starting EQCCTPro parallelized waveform processing...
2026-03-27 19:59:00,309 - INFO - 
2026-03-27 19:59:00,311 - INFO - ------- Analyzing Seismic Waveforms for P and S Picks via SeisBench (EQTransformer - original_nonconservative) -------
2026-03-27 19:59:00,314 - INFO - Analyzing 0:01:00 minute timechunk from 2025-08-03 08:13:05 to 2025-08-03 08:14:05 (0 min overlap)
2026-03-27 19:59:00,317 - INFO - Processing a total of 1 stations, 1 at a time.
2026-03-27 19:59:02,673 - INFO - (1/1) HEF: Finished the prediction in 0.14s. (HP=1.0, LP=45.0, picks=0)
2026-03-27 19:59:02,678 - INFO - 
2026-03-27 19:59:02,681 - INFO - ------- Parallel Station Waveform Processing Complete For 2025-08-03 08:13:05 to 2025-08-03 08:14:05 Timechunk-------
2026-03-27 19:59:02,683 - INFO - Picks saved at /home/blackwinter/projects/eqcct/eqcctpro/results/csv/eqt_earthquakes_th0_1/20250803T081305Z_20250803T081405ZProcess Runtime: 2.37 s
2026-03-27 19:59:02,691 - INFO - Successfully ran EQCCTPro, exiting...
2026-03-27 19:59:04,780 - INFO - Ray Successfully Shutdown.
2026-03-27 19:59:04,780 - INFO - ------- Successfully Picked All Waveform(s) from all Timechunk(s) -------
2026-03-28 02:25:29,247 - INFO - 
2026-03-28 02:25:29,247 - INFO - ------- Welcome to EQCCTPro -------
2026-03-28 02:25:29,247 - INFO - 
2026-03-28 02:25:29,248 - INFO - Running EQCCT over Requested MSeed Files using CPU(s)...
2026-03-28 02:25:29,248 - INFO - GPU disabled (CPU-only).
2026-03-28 02:25:29,248 - INFO - Skipping framework-specific initialization in the driver process.
2026-03-28 02:25:31,648 - INFO - Ray Successfully Initialized with 4 CPU(s) ([0, 1, 2, 3] CPU Affinity Binding).
2026-03-28 02:25:31,649 - INFO - Analyzing 1 time chunk(s) from 2025-08-03 08:13:05 to 2025-08-03 08:14:05 (dt=1min, overlap=0min).
2026-03-28 02:25:31,649 - INFO - Using 1 selected station(s).
2026-03-28 02:25:31,649 - INFO - 
2026-03-28 02:25:31,650 - INFO - ------- Starting EQCCTPro... -------
2026-03-28 02:25:31,650 - INFO - Detailed subprocess information can be found in the log file.
2026-03-28 02:25:31,650 - INFO - 
2026-03-28 02:25:32,031 - INFO - GPU disabled (CPU-only).
2026-03-28 02:25:32,039 - INFO - Skipping framework-specific initialization in the driver process.
2026-03-28 02:25:32,043 - INFO - ------- Hardware Configuration -------
2026-03-28 02:25:32,047 - INFO - CPU affinity set to cores: [0, 1, 2, 3]
2026-03-28 02:25:32,050 - INFO - 
2026-03-28 02:25:32,054 - INFO - ------- Data Preprocessing for EQCCTPro -------
2026-03-28 02:25:32,056 - INFO - 1 station(s) in /home/blackwinter/projects/eqcct/eqcctpro/data/waveforms_earthquakes_nonoise/20250803T081305Z_20250803T081405Z
2026-03-28 02:25:32,059 - INFO - Using 1 selected station(s): ['HEF'].
2026-03-28 02:25:32,062 - INFO - Creating model actor(s)...
2026-03-28 02:25:32,064 - INFO - System RAM: Total=7870 MB, Available=5742 MB
2026-03-28 02:25:32,067 - INFO - Usable RAM budget: 7083 MB (90% of total)
2026-03-28 02:25:32,071 - INFO - ===== MEMORY-AWARE CPU ACTOR POOL =====
2026-03-28 02:25:32,074 - INFO - Requested concurrent tasks: 1
2026-03-28 02:25:32,078 - INFO - Available CPUs: 4
2026-03-28 02:25:32,082 - INFO - Available RAM: 7083 MB
2026-03-28 02:25:32,085 - INFO - RAM per model: 2060 MB
2026-03-28 02:25:32,088 - INFO - Max actors by RAM: 3
2026-03-28 02:25:32,092 - INFO - Creating 1 SeisBenchModelActor(s)
2026-03-28 02:25:32,095 - INFO - Let Ray handle scheduling (taskset already restricts CPU visibility)
2026-03-28 02:25:32,098 - INFO - Creating SeisBenchModelActor 1/1 (2.01GB RAM each)...
2026-03-28 02:25:35,308 - INFO - SeisBenchModelActor 1 created successfully.
2026-03-28 02:25:35,312 - INFO - Created 1 CPU actor(s). Task queue will handle concurrency.
2026-03-28 02:25:35,315 - INFO - Starting EQCCTPro parallelized waveform processing...
2026-03-28 02:25:35,317 - INFO - 
2026-03-28 02:25:35,319 - INFO - ------- Analyzing Seismic Waveforms for P and S Picks via SeisBench (EQTransformer - original_nonconservative) -------
2026-03-28 02:25:35,322 - INFO - Analyzing 0:01:00 minute timechunk from 2025-08-03 08:13:05 to 2025-08-03 08:14:05 (0 min overlap)
2026-03-28 02:25:35,324 - INFO - Processing a total of 1 stations, 1 at a time.
2026-03-28 02:25:37,440 - INFO - (1/1) HEF: Skipped (already exists - overwrite=False).
2026-03-28 02:25:37,442 - INFO - 
2026-03-28 02:25:37,445 - INFO - ------- Parallel Station Waveform Processing Complete For 2025-08-03 08:13:05 to 2025-08-03 08:14:05 Timechunk-------
2026-03-28 02:25:37,447 - INFO - Picks saved at /home/blackwinter/projects/eqcct/eqcctpro/results/csv/eqt_earthquakes_th0_1/20250803T081305Z_20250803T081405ZProcess Runtime: 2.13 s
2026-03-28 02:25:37,453 - INFO - Successfully ran EQCCTPro, exiting...
2026-03-28 02:25:39,236 - INFO - Ray Successfully Shutdown.
2026-03-28 02:25:39,236 - INFO - ------- Successfully Picked All Waveform(s) from all Timechunk(s) -------
