2026-02-23 18:47:02,788 - INFO - 
2026-02-23 18:47:02,788 - INFO - ------- Welcome to EQCCTPro -------
2026-02-23 18:47:02,788 - INFO - 
2026-02-23 18:47:02,789 - INFO - Running EQCCT over Requested MSeed Files using CPU(s)...
2026-02-23 18:47:02,789 - INFO - GPU disabled (CPU-only).
2026-02-23 18:47:02,790 - INFO - Configured Intra-op threads = 1
2026-02-23 18:47:02,790 - INFO - Configured Inter-op threads = 1
2026-02-23 18:47:02,790 - INFO - TensorFlow: No GPUs visible; TF will proceed on CPU.
2026-02-23 18:47:02,790 - INFO - 
2026-02-23 18:47:08,129 - INFO - Ray Successfully Initialized with 4 CPU(s) ([0, 1, 2, 3] CPU Affinity Binding).
2026-02-23 18:47:08,130 - INFO - Analyzing 1 time chunk(s) from 2025-02-10 00:20:27 to 2025-02-10 00:21:27 (dt=1min, overlap=0min).
2026-02-23 18:47:08,130 - INFO - Using 1 selected station(s).
2026-02-23 18:47:08,130 - INFO - 
2026-02-23 18:47:08,131 - INFO - ------- Starting EQCCTPro... -------
2026-02-23 18:47:08,131 - INFO - Detailed subprocess information can be found in the log file.
2026-02-23 18:47:08,131 - INFO - 
2026-02-23 18:47:08,494 - INFO - GPU disabled (CPU-only).
2026-02-23 18:47:09,986 - INFO - Configured Intra-op threads = 1
2026-02-23 18:47:09,989 - INFO - Configured Inter-op threads = 1
2026-02-23 18:47:10,027 - INFO - TensorFlow: No GPUs visible; TF will proceed on CPU.
2026-02-23 18:47:10,030 - INFO - 
2026-02-23 18:47:10,032 - INFO - ------- Hardware Configuration -------
2026-02-23 18:47:10,034 - INFO - CPU affinity set to cores: [0, 1, 2, 3]
2026-02-23 18:47:10,036 - INFO - 
2026-02-23 18:47:10,037 - INFO - ------- Data Preprocessing for EQCCTPro -------
2026-02-23 18:47:10,039 - INFO - 1 station(s) in /home/blackwinter/projects/eqcct/eqcctpro/data/waveforms_earthquakes_noise_only/20250210T002027Z_20250210T002127Z
2026-02-23 18:47:10,041 - INFO - Using 1 selected station(s): ['FIC3'].
2026-02-23 18:47:10,042 - INFO - Creating model actor(s)...
2026-02-23 18:47:10,044 - INFO - System RAM: Total=7870 MB, Available=3823 MB
2026-02-23 18:47:10,046 - INFO - Usable RAM budget: 7083 MB (90% of total)
2026-02-23 18:47:10,048 - INFO - ===== MEMORY-AWARE CPU ACTOR POOL (EQCCT) =====
2026-02-23 18:47:10,050 - INFO - Requested concurrent tasks: 1
2026-02-23 18:47:10,052 - INFO - Available CPUs: 4
2026-02-23 18:47:10,054 - INFO - Available RAM: 7083 MB
2026-02-23 18:47:10,056 - INFO - RAM per model: 2264 MB
2026-02-23 18:47:10,057 - INFO - Max actors by RAM: 3
2026-02-23 18:47:10,059 - INFO - Creating 1 ModelActor(s)
2026-02-23 18:47:10,061 - INFO - Let Ray handle scheduling (taskset already restricts CPU visibility)
2026-02-23 18:47:10,063 - INFO - Creating ModelActor 1/1 (2.21GB RAM each)...
2026-02-23 18:47:14,060 - INFO - ModelActor 1 created successfully.
2026-02-23 18:47:14,062 - INFO - Created 1 CPU actor(s). Task queue will handle concurrency.
2026-02-23 18:47:14,064 - INFO - Starting EQCCTPro parallelized waveform processing...
2026-02-23 18:47:14,067 - INFO - 
2026-02-23 18:47:14,069 - INFO - ------- Analyzing Seismic Waveforms for P and S Picks via EQCCT -------
2026-02-23 18:47:14,072 - INFO - Analyzing 0:01:00 minute timechunk from 2025-02-10 00:20:27 to 2025-02-10 00:21:27 (0 min overlap)
2026-02-23 18:47:14,074 - INFO - Processing a total of 1 stations, 1 at a time.
2026-02-23 18:47:18,152 - INFO - (1/1) FIC3: Finished the prediction in 2.11s. (HP=1.0, LP=45.0)
2026-02-23 18:47:18,154 - INFO - 
2026-02-23 18:47:18,156 - INFO - ------- Parallel Station Waveform Processing Complete For 2025-02-10 00:20:27 to 2025-02-10 00:21:27 Timechunk-------
2026-02-23 18:47:18,158 - INFO - Picks saved at /home/blackwinter/projects/eqcct/eqcctpro/results/csv/bm_eq_noise_only/20250210T002027Z_20250210T002127ZProcess Runtime: 4.09 s
2026-02-23 18:47:18,164 - INFO - Successfully ran EQCCTPro, exiting...
2026-02-23 18:47:19,531 - INFO - Ray Successfully Shutdown.
2026-02-23 18:47:19,531 - INFO - ------- Successfully Picked All Waveform(s) from all Timechunk(s) -------
