2026-02-26 22:25:38,598 - INFO - 
2026-02-26 22:25:38,598 - INFO - ------- Welcome to EQCCTPro -------
2026-02-26 22:25:38,598 - INFO - 
2026-02-26 22:25:38,599 - INFO - Running EQCCT over Requested MSeed Files using CPU(s)...
2026-02-26 22:25:38,599 - INFO - GPU disabled (CPU-only).
2026-02-26 22:25:38,599 - INFO - Configured Intra-op threads = 1
2026-02-26 22:25:38,599 - INFO - Configured Inter-op threads = 1
2026-02-26 22:25:38,599 - INFO - TensorFlow: No GPUs visible; TF will proceed on CPU.
2026-02-26 22:25:38,600 - INFO - 
2026-02-26 22:25:43,891 - INFO - Ray Successfully Initialized with 4 CPU(s) ([0, 1, 2, 3] CPU Affinity Binding).
2026-02-26 22:25:43,891 - INFO - Analyzing 1 time chunk(s) from 2025-01-05 16:48:17 to 2025-01-05 16:49:17 (dt=1min, overlap=0min).
2026-02-26 22:25:43,891 - INFO - Using 1 selected station(s).
2026-02-26 22:25:43,891 - INFO - 
2026-02-26 22:25:43,891 - INFO - ------- Starting EQCCTPro... -------
2026-02-26 22:25:43,891 - INFO - Detailed subprocess information can be found in the log file.
2026-02-26 22:25:43,892 - INFO - 
2026-02-26 22:25:44,264 - INFO - GPU disabled (CPU-only).
2026-02-26 22:25:45,744 - INFO - Configured Intra-op threads = 1
2026-02-26 22:25:45,746 - INFO - Configured Inter-op threads = 1
2026-02-26 22:25:45,781 - INFO - TensorFlow: No GPUs visible; TF will proceed on CPU.
2026-02-26 22:25:45,784 - INFO - 
2026-02-26 22:25:45,786 - INFO - ------- Hardware Configuration -------
2026-02-26 22:25:45,789 - INFO - CPU affinity set to cores: [0, 1, 2, 3]
2026-02-26 22:25:45,791 - INFO - 
2026-02-26 22:25:45,793 - INFO - ------- Data Preprocessing for EQCCTPro -------
2026-02-26 22:25:45,795 - INFO - 1 station(s) in /home/blackwinter/projects/eqcct/eqcctpro/data/waveforms_explosions_nonoise/20250105T164817Z_20250105T164917Z
2026-02-26 22:25:45,797 - INFO - Using 1 selected station(s): ['RNF'].
2026-02-26 22:25:45,799 - INFO - Creating model actor(s)...
2026-02-26 22:25:45,801 - INFO - System RAM: Total=7870 MB, Available=3999 MB
2026-02-26 22:25:45,803 - INFO - Usable RAM budget: 7083 MB (90% of total)
2026-02-26 22:25:45,805 - INFO - ===== MEMORY-AWARE CPU ACTOR POOL (EQCCT) =====
2026-02-26 22:25:45,807 - INFO - Requested concurrent tasks: 1
2026-02-26 22:25:45,809 - INFO - Available CPUs: 4
2026-02-26 22:25:45,812 - INFO - Available RAM: 7083 MB
2026-02-26 22:25:45,814 - INFO - RAM per model: 2264 MB
2026-02-26 22:25:45,816 - INFO - Max actors by RAM: 3
2026-02-26 22:25:45,818 - INFO - Creating 1 ModelActor(s)
2026-02-26 22:25:45,820 - INFO - Let Ray handle scheduling (taskset already restricts CPU visibility)
2026-02-26 22:25:45,822 - INFO - Creating ModelActor 1/1 (2.21GB RAM each)...
2026-02-26 22:25:49,667 - INFO - ModelActor 1 created successfully.
2026-02-26 22:25:49,669 - INFO - Created 1 CPU actor(s). Task queue will handle concurrency.
2026-02-26 22:25:49,672 - INFO - Starting EQCCTPro parallelized waveform processing...
2026-02-26 22:25:49,674 - INFO - 
2026-02-26 22:25:49,676 - INFO - ------- Analyzing Seismic Waveforms for P and S Picks via EQCCT -------
2026-02-26 22:25:49,679 - INFO - Analyzing 0:01:00 minute timechunk from 2025-01-05 16:48:17 to 2025-01-05 16:49:17 (0 min overlap)
2026-02-26 22:25:49,681 - INFO - Processing a total of 1 stations, 1 at a time.
2026-02-26 22:25:52,076 - INFO - (1/1) RNF: FAILED reading mSEED.
2026-02-26 22:25:52,078 - INFO - 
2026-02-26 22:25:52,081 - INFO - ------- Parallel Station Waveform Processing Complete For 2025-01-05 16:48:17 to 2025-01-05 16:49:17 Timechunk-------
2026-02-26 22:25:52,083 - INFO - Picks saved at /home/blackwinter/projects/eqcct/eqcctpro/results/csv/bm_explosions/20250105T164817Z_20250105T164917ZProcess Runtime: 2.41 s
2026-02-26 22:25:52,088 - INFO - Successfully ran EQCCTPro, exiting...
2026-02-26 22:25:53,592 - INFO - Ray Successfully Shutdown.
2026-02-26 22:25:53,592 - INFO - ------- Successfully Picked All Waveform(s) from all Timechunk(s) -------
2026-02-27 05:56:31,938 - INFO - 
2026-02-27 05:56:31,944 - INFO - ------- Welcome to EQCCTPro -------
2026-02-27 05:56:31,944 - INFO - 
2026-02-27 05:56:31,945 - INFO - Running EQCCT over Requested MSeed Files using CPU(s)...
2026-02-27 05:56:31,945 - INFO - GPU disabled (CPU-only).
2026-02-27 05:56:31,945 - INFO - Configured Intra-op threads = 1
2026-02-27 05:56:31,946 - INFO - Configured Inter-op threads = 1
2026-02-27 05:56:31,946 - INFO - TensorFlow: No GPUs visible; TF will proceed on CPU.
2026-02-27 05:56:31,946 - INFO - 
2026-02-27 05:56:36,696 - INFO - Ray Successfully Initialized with 4 CPU(s) ([0, 1, 2, 3] CPU Affinity Binding).
2026-02-27 05:56:36,697 - INFO - Analyzing 1 time chunk(s) from 2025-01-05 16:48:17 to 2025-01-05 16:49:17 (dt=1min, overlap=0min).
2026-02-27 05:56:36,697 - INFO - Using 1 selected station(s).
2026-02-27 05:56:36,697 - INFO - 
2026-02-27 05:56:36,697 - INFO - ------- Starting EQCCTPro... -------
2026-02-27 05:56:36,697 - INFO - Detailed subprocess information can be found in the log file.
2026-02-27 05:56:36,697 - INFO - 
2026-02-27 05:56:37,083 - INFO - GPU disabled (CPU-only).
2026-02-27 05:56:38,596 - INFO - Configured Intra-op threads = 1
2026-02-27 05:56:38,599 - INFO - Configured Inter-op threads = 1
2026-02-27 05:56:38,641 - INFO - TensorFlow: No GPUs visible; TF will proceed on CPU.
2026-02-27 05:56:38,644 - INFO - 
2026-02-27 05:56:38,645 - INFO - ------- Hardware Configuration -------
2026-02-27 05:56:38,648 - INFO - CPU affinity set to cores: [0, 1, 2, 3]
2026-02-27 05:56:38,650 - INFO - 
2026-02-27 05:56:38,653 - INFO - ------- Data Preprocessing for EQCCTPro -------
2026-02-27 05:56:38,655 - INFO - 1 station(s) in /home/blackwinter/projects/eqcct/eqcctpro/data/waveforms_explosions_nonoise/20250105T164817Z_20250105T164917Z
2026-02-27 05:56:38,657 - INFO - Using 1 selected station(s): ['RNF'].
2026-02-27 05:56:38,659 - INFO - Creating model actor(s)...
2026-02-27 05:56:38,662 - INFO - System RAM: Total=7870 MB, Available=4007 MB
2026-02-27 05:56:38,664 - INFO - Usable RAM budget: 7083 MB (90% of total)
2026-02-27 05:56:38,666 - INFO - ===== MEMORY-AWARE CPU ACTOR POOL (EQCCT) =====
2026-02-27 05:56:38,668 - INFO - Requested concurrent tasks: 1
2026-02-27 05:56:38,670 - INFO - Available CPUs: 4
2026-02-27 05:56:38,671 - INFO - Available RAM: 7083 MB
2026-02-27 05:56:38,673 - INFO - RAM per model: 2264 MB
2026-02-27 05:56:38,675 - INFO - Max actors by RAM: 3
2026-02-27 05:56:38,677 - INFO - Creating 1 ModelActor(s)
2026-02-27 05:56:38,679 - INFO - Let Ray handle scheduling (taskset already restricts CPU visibility)
2026-02-27 05:56:38,681 - INFO - Creating ModelActor 1/1 (2.21GB RAM each)...
2026-02-27 05:56:42,567 - INFO - ModelActor 1 created successfully.
2026-02-27 05:56:42,569 - INFO - Created 1 CPU actor(s). Task queue will handle concurrency.
2026-02-27 05:56:42,571 - INFO - Starting EQCCTPro parallelized waveform processing...
2026-02-27 05:56:42,573 - INFO - 
2026-02-27 05:56:42,575 - INFO - ------- Analyzing Seismic Waveforms for P and S Picks via EQCCT -------
2026-02-27 05:56:42,578 - INFO - Analyzing 0:01:00 minute timechunk from 2025-01-05 16:48:17 to 2025-01-05 16:49:17 (0 min overlap)
2026-02-27 05:56:42,580 - INFO - Processing a total of 1 stations, 1 at a time.
2026-02-27 05:56:44,436 - INFO - (1/1) RNF: Skipped (already exists - overwrite=False).
2026-02-27 05:56:44,439 - INFO - 
2026-02-27 05:56:44,441 - INFO - ------- Parallel Station Waveform Processing Complete For 2025-01-05 16:48:17 to 2025-01-05 16:49:17 Timechunk-------
2026-02-27 05:56:44,443 - INFO - Picks saved at /home/blackwinter/projects/eqcct/eqcctpro/results/csv/bm_explosions/20250105T164817Z_20250105T164917ZProcess Runtime: 1.87 s
2026-02-27 05:56:44,447 - INFO - Successfully ran EQCCTPro, exiting...
2026-02-27 05:56:45,777 - INFO - Ray Successfully Shutdown.
2026-02-27 05:56:45,777 - INFO - ------- Successfully Picked All Waveform(s) from all Timechunk(s) -------
