2026-03-10 22:07:24,997 - INFO - 
2026-03-10 22:07:24,997 - INFO - ------- Welcome to EQCCTPro -------
2026-03-10 22:07:24,997 - INFO - 
2026-03-10 22:07:24,998 - INFO - Running EQCCT over Requested MSeed Files using CPU(s)...
2026-03-10 22:07:24,998 - INFO - GPU disabled (CPU-only).
2026-03-10 22:07:24,998 - INFO - Configured Intra-op threads = 1
2026-03-10 22:07:24,998 - INFO - Configured Inter-op threads = 1
2026-03-10 22:07:24,999 - INFO - TensorFlow: No GPUs visible; TF will proceed on CPU.
2026-03-10 22:07:24,999 - INFO - 
2026-03-10 22:07:30,314 - INFO - Ray Successfully Initialized with 4 CPU(s) ([0, 1, 2, 3] CPU Affinity Binding).
2026-03-10 22:07:30,314 - INFO - Analyzing 1 time chunk(s) from 2025-01-07 15:01:37 to 2025-01-07 15:02:37 (dt=1min, overlap=0min).
2026-03-10 22:07:30,314 - INFO - Using 1 selected station(s).
2026-03-10 22:07:30,314 - INFO - 
2026-03-10 22:07:30,315 - INFO - ------- Starting EQCCTPro... -------
2026-03-10 22:07:30,315 - INFO - Detailed subprocess information can be found in the log file.
2026-03-10 22:07:30,315 - INFO - 
2026-03-10 22:07:30,680 - INFO - GPU disabled (CPU-only).
2026-03-10 22:07:32,132 - INFO - Configured Intra-op threads = 1
2026-03-10 22:07:32,134 - INFO - Configured Inter-op threads = 1
2026-03-10 22:07:32,176 - INFO - TensorFlow: No GPUs visible; TF will proceed on CPU.
2026-03-10 22:07:32,179 - INFO - 
2026-03-10 22:07:32,181 - INFO - ------- Hardware Configuration -------
2026-03-10 22:07:32,183 - INFO - CPU affinity set to cores: [0, 1, 2, 3]
2026-03-10 22:07:32,185 - INFO - 
2026-03-10 22:07:32,186 - INFO - ------- Data Preprocessing for EQCCTPro -------
2026-03-10 22:07:32,188 - INFO - 1 station(s) in /home/blackwinter/projects/eqcct/eqcctpro/data/waveforms_noise_only/20250107T150137Z_20250107T150237Z
2026-03-10 22:07:32,190 - INFO - Using 1 selected station(s): ['OBF8'].
2026-03-10 22:07:32,192 - INFO - Creating model actor(s)...
2026-03-10 22:07:32,194 - INFO - System RAM: Total=7870 MB, Available=3040 MB
2026-03-10 22:07:32,196 - INFO - Usable RAM budget: 7083 MB (90% of total)
2026-03-10 22:07:32,198 - INFO - ===== MEMORY-AWARE CPU ACTOR POOL (EQCCT) =====
2026-03-10 22:07:32,200 - INFO - Requested concurrent tasks: 1
2026-03-10 22:07:32,201 - INFO - Available CPUs: 4
2026-03-10 22:07:32,203 - INFO - Available RAM: 7083 MB
2026-03-10 22:07:32,206 - INFO - RAM per model: 2264 MB
2026-03-10 22:07:32,207 - INFO - Max actors by RAM: 3
2026-03-10 22:07:32,209 - INFO - Creating 1 ModelActor(s)
2026-03-10 22:07:32,211 - INFO - Let Ray handle scheduling (taskset already restricts CPU visibility)
2026-03-10 22:07:32,212 - INFO - Creating ModelActor 1/1 (2.21GB RAM each)...
2026-03-10 22:07:36,169 - INFO - ModelActor 1 created successfully.
2026-03-10 22:07:36,171 - INFO - Created 1 CPU actor(s). Task queue will handle concurrency.
2026-03-10 22:07:36,173 - INFO - Starting EQCCTPro parallelized waveform processing...
2026-03-10 22:07:36,175 - INFO - 
2026-03-10 22:07:36,177 - INFO - ------- Analyzing Seismic Waveforms for P and S Picks via EQCCT -------
2026-03-10 22:07:36,179 - INFO - Analyzing 0:01:00 minute timechunk from 2025-01-07 15:01:37 to 2025-01-07 15:02:37 (0 min overlap)
2026-03-10 22:07:36,181 - INFO - Processing a total of 1 stations, 1 at a time.
2026-03-10 22:07:40,233 - INFO - (1/1) OBF8: Finished the prediction in 2.12s. (HP=1.0, LP=45.0)
2026-03-10 22:07:40,235 - INFO - 
2026-03-10 22:07:40,237 - INFO - ------- Parallel Station Waveform Processing Complete For 2025-01-07 15:01:37 to 2025-01-07 15:02:37 Timechunk-------
2026-03-10 22:07:40,242 - INFO - Successfully ran EQCCTPro, exiting...
2026-03-10 22:07:40,239 - INFO - Picks saved at /home/blackwinter/projects/eqcct/eqcctpro/results/csv/bm_noise_only/20250107T150137Z_20250107T150237ZProcess Runtime: 4.06 s
2026-03-10 22:07:41,819 - INFO - Ray Successfully Shutdown.
2026-03-10 22:07:41,819 - INFO - ------- Successfully Picked All Waveform(s) from all Timechunk(s) -------
2026-03-11 12:59:58,208 - INFO - 
2026-03-11 12:59:58,208 - INFO - ------- Welcome to EQCCTPro -------
2026-03-11 12:59:58,208 - INFO - 
2026-03-11 12:59:58,209 - INFO - Running EQCCT over Requested MSeed Files using CPU(s)...
2026-03-11 12:59:58,209 - INFO - GPU disabled (CPU-only).
2026-03-11 12:59:58,209 - INFO - Configured Intra-op threads = 1
2026-03-11 12:59:58,210 - INFO - Configured Inter-op threads = 1
2026-03-11 12:59:58,210 - INFO - TensorFlow: No GPUs visible; TF will proceed on CPU.
2026-03-11 12:59:58,210 - INFO - 
2026-03-11 13:00:03,662 - INFO - Ray Successfully Initialized with 4 CPU(s) ([0, 1, 2, 3] CPU Affinity Binding).
2026-03-11 13:00:03,662 - INFO - Analyzing 1 time chunk(s) from 2025-01-07 15:01:37 to 2025-01-07 15:02:37 (dt=1min, overlap=0min).
2026-03-11 13:00:03,662 - INFO - Using 1 selected station(s).
2026-03-11 13:00:03,662 - INFO - 
2026-03-11 13:00:03,663 - INFO - ------- Starting EQCCTPro... -------
2026-03-11 13:00:03,663 - INFO - Detailed subprocess information can be found in the log file.
2026-03-11 13:00:03,663 - INFO - 
2026-03-11 13:00:04,054 - INFO - GPU disabled (CPU-only).
2026-03-11 13:00:05,526 - INFO - Configured Intra-op threads = 1
2026-03-11 13:00:05,528 - INFO - Configured Inter-op threads = 1
2026-03-11 13:00:05,574 - INFO - TensorFlow: No GPUs visible; TF will proceed on CPU.
2026-03-11 13:00:05,576 - INFO - 
2026-03-11 13:00:05,579 - INFO - ------- Hardware Configuration -------
2026-03-11 13:00:05,581 - INFO - CPU affinity set to cores: [0, 1, 2, 3]
2026-03-11 13:00:05,584 - INFO - 
2026-03-11 13:00:05,586 - INFO - ------- Data Preprocessing for EQCCTPro -------
2026-03-11 13:00:05,588 - INFO - 1 station(s) in /home/blackwinter/projects/eqcct/eqcctpro/data/waveforms_noise_only/20250107T150137Z_20250107T150237Z
2026-03-11 13:00:05,590 - INFO - Using 1 selected station(s): ['OBF8'].
2026-03-11 13:00:05,592 - INFO - Creating model actor(s)...
2026-03-11 13:00:05,594 - INFO - System RAM: Total=7870 MB, Available=3793 MB
2026-03-11 13:00:05,596 - INFO - Usable RAM budget: 7083 MB (90% of total)
2026-03-11 13:00:05,597 - INFO - ===== MEMORY-AWARE CPU ACTOR POOL (EQCCT) =====
2026-03-11 13:00:05,599 - INFO - Requested concurrent tasks: 1
2026-03-11 13:00:05,602 - INFO - Available CPUs: 4
2026-03-11 13:00:05,603 - INFO - Available RAM: 7083 MB
2026-03-11 13:00:05,605 - INFO - RAM per model: 2264 MB
2026-03-11 13:00:05,607 - INFO - Max actors by RAM: 3
2026-03-11 13:00:05,609 - INFO - Creating 1 ModelActor(s)
2026-03-11 13:00:05,610 - INFO - Let Ray handle scheduling (taskset already restricts CPU visibility)
2026-03-11 13:00:05,612 - INFO - Creating ModelActor 1/1 (2.21GB RAM each)...
2026-03-11 13:00:09,623 - INFO - ModelActor 1 created successfully.
2026-03-11 13:00:09,625 - INFO - Created 1 CPU actor(s). Task queue will handle concurrency.
2026-03-11 13:00:09,628 - INFO - Starting EQCCTPro parallelized waveform processing...
2026-03-11 13:00:09,630 - INFO - 
2026-03-11 13:00:09,633 - INFO - ------- Analyzing Seismic Waveforms for P and S Picks via EQCCT -------
2026-03-11 13:00:09,635 - INFO - Analyzing 0:01:00 minute timechunk from 2025-01-07 15:01:37 to 2025-01-07 15:02:37 (0 min overlap)
2026-03-11 13:00:09,638 - INFO - Processing a total of 1 stations, 1 at a time.
2026-03-11 13:00:11,572 - INFO - (1/1) OBF8: Skipped (already exists - overwrite=False).
2026-03-11 13:00:11,574 - INFO - 
2026-03-11 13:00:11,576 - INFO - ------- Parallel Station Waveform Processing Complete For 2025-01-07 15:01:37 to 2025-01-07 15:02:37 Timechunk-------
2026-03-11 13:00:11,578 - INFO - Picks saved at /home/blackwinter/projects/eqcct/eqcctpro/results/csv/bm_noise_only/20250107T150137Z_20250107T150237ZProcess Runtime: 1.95 s
2026-03-11 13:00:11,583 - INFO - Successfully ran EQCCTPro, exiting...
2026-03-11 13:00:13,011 - INFO - Ray Successfully Shutdown.
2026-03-11 13:00:13,011 - INFO - ------- Successfully Picked All Waveform(s) from all Timechunk(s) -------
