2026-03-11 01:55:34,706 - INFO - 
2026-03-11 01:55:34,706 - INFO - ------- Welcome to EQCCTPro -------
2026-03-11 01:55:34,706 - INFO - 
2026-03-11 01:55:34,707 - INFO - Running EQCCT over Requested MSeed Files using CPU(s)...
2026-03-11 01:55:34,707 - INFO - GPU disabled (CPU-only).
2026-03-11 01:55:34,707 - INFO - Configured Intra-op threads = 1
2026-03-11 01:55:34,707 - INFO - Configured Inter-op threads = 1
2026-03-11 01:55:34,708 - INFO - TensorFlow: No GPUs visible; TF will proceed on CPU.
2026-03-11 01:55:34,708 - INFO - 
2026-03-11 01:55:39,984 - INFO - Ray Successfully Initialized with 4 CPU(s) ([0, 1, 2, 3] CPU Affinity Binding).
2026-03-11 01:55:39,984 - INFO - Analyzing 1 time chunk(s) from 2025-01-12 08:45:07 to 2025-01-12 08:46:07 (dt=1min, overlap=0min).
2026-03-11 01:55:39,985 - INFO - Using 1 selected station(s).
2026-03-11 01:55:39,985 - INFO - 
2026-03-11 01:55:39,985 - INFO - ------- Starting EQCCTPro... -------
2026-03-11 01:55:39,985 - INFO - Detailed subprocess information can be found in the log file.
2026-03-11 01:55:39,985 - INFO - 
2026-03-11 01:55:40,378 - INFO - GPU disabled (CPU-only).
2026-03-11 01:55:41,900 - INFO - Configured Intra-op threads = 1
2026-03-11 01:55:41,903 - INFO - Configured Inter-op threads = 1
2026-03-11 01:55:41,943 - INFO - TensorFlow: No GPUs visible; TF will proceed on CPU.
2026-03-11 01:55:41,946 - INFO - 
2026-03-11 01:55:41,948 - INFO - ------- Hardware Configuration -------
2026-03-11 01:55:41,950 - INFO - CPU affinity set to cores: [0, 1, 2, 3]
2026-03-11 01:55:41,951 - INFO - 
2026-03-11 01:55:41,953 - INFO - ------- Data Preprocessing for EQCCTPro -------
2026-03-11 01:55:41,955 - INFO - 1 station(s) in /home/blackwinter/projects/eqcct/eqcctpro/data/waveforms_noise_only/20250112T084507Z_20250112T084607Z
2026-03-11 01:55:41,957 - INFO - Using 1 selected station(s): ['FIB5'].
2026-03-11 01:55:41,959 - INFO - Creating model actor(s)...
2026-03-11 01:55:41,961 - INFO - System RAM: Total=7870 MB, Available=2315 MB
2026-03-11 01:55:41,963 - INFO - Usable RAM budget: 7083 MB (90% of total)
2026-03-11 01:55:41,966 - INFO - ===== MEMORY-AWARE CPU ACTOR POOL (EQCCT) =====
2026-03-11 01:55:41,968 - INFO - Requested concurrent tasks: 1
2026-03-11 01:55:41,970 - INFO - Available CPUs: 4
2026-03-11 01:55:41,973 - INFO - Available RAM: 7083 MB
2026-03-11 01:55:41,975 - INFO - RAM per model: 2264 MB
2026-03-11 01:55:41,976 - INFO - Max actors by RAM: 3
2026-03-11 01:55:41,978 - INFO - Creating 1 ModelActor(s)
2026-03-11 01:55:41,980 - INFO - Let Ray handle scheduling (taskset already restricts CPU visibility)
2026-03-11 01:55:41,982 - INFO - Creating ModelActor 1/1 (2.21GB RAM each)...
2026-03-11 01:55:45,824 - INFO - ModelActor 1 created successfully.
2026-03-11 01:55:45,826 - INFO - Created 1 CPU actor(s). Task queue will handle concurrency.
2026-03-11 01:55:45,828 - INFO - Starting EQCCTPro parallelized waveform processing...
2026-03-11 01:55:45,830 - INFO - 
2026-03-11 01:55:45,832 - INFO - ------- Analyzing Seismic Waveforms for P and S Picks via EQCCT -------
2026-03-11 01:55:45,834 - INFO - Analyzing 0:01:00 minute timechunk from 2025-01-12 08:45:07 to 2025-01-12 08:46:07 (0 min overlap)
2026-03-11 01:55:45,836 - INFO - Processing a total of 1 stations, 1 at a time.
2026-03-11 01:55:49,877 - INFO - (1/1) FIB5: Finished the prediction in 2.13s. (HP=1.0, LP=45.0)
2026-03-11 01:55:49,879 - INFO - 
2026-03-11 01:55:49,881 - INFO - ------- Parallel Station Waveform Processing Complete For 2025-01-12 08:45:07 to 2025-01-12 08:46:07 Timechunk-------
2026-03-11 01:55:49,883 - INFO - Picks saved at /home/blackwinter/projects/eqcct/eqcctpro/results/csv/bm_noise_only/20250112T084507Z_20250112T084607ZProcess Runtime: 4.05 s
2026-03-11 01:55:49,890 - INFO - Successfully ran EQCCTPro, exiting...
2026-03-11 01:55:51,723 - INFO - Ray Successfully Shutdown.
2026-03-11 01:55:51,724 - INFO - ------- Successfully Picked All Waveform(s) from all Timechunk(s) -------
2026-03-11 16:18:50,950 - INFO - 
2026-03-11 16:18:50,950 - INFO - ------- Welcome to EQCCTPro -------
2026-03-11 16:18:50,950 - INFO - 
2026-03-11 16:18:50,951 - INFO - Running EQCCT over Requested MSeed Files using CPU(s)...
2026-03-11 16:18:50,951 - INFO - GPU disabled (CPU-only).
2026-03-11 16:18:50,952 - INFO - Configured Intra-op threads = 1
2026-03-11 16:18:50,952 - INFO - Configured Inter-op threads = 1
2026-03-11 16:18:50,952 - INFO - TensorFlow: No GPUs visible; TF will proceed on CPU.
2026-03-11 16:18:50,952 - INFO - 
2026-03-11 16:18:56,310 - INFO - Ray Successfully Initialized with 4 CPU(s) ([0, 1, 2, 3] CPU Affinity Binding).
2026-03-11 16:18:56,310 - INFO - Analyzing 1 time chunk(s) from 2025-01-12 08:45:07 to 2025-01-12 08:46:07 (dt=1min, overlap=0min).
2026-03-11 16:18:56,310 - INFO - Using 1 selected station(s).
2026-03-11 16:18:56,310 - INFO - 
2026-03-11 16:18:56,311 - INFO - ------- Starting EQCCTPro... -------
2026-03-11 16:18:56,312 - INFO - Detailed subprocess information can be found in the log file.
2026-03-11 16:18:56,313 - INFO - 
2026-03-11 16:18:56,705 - INFO - GPU disabled (CPU-only).
2026-03-11 16:18:58,335 - INFO - Configured Intra-op threads = 1
2026-03-11 16:18:58,337 - INFO - Configured Inter-op threads = 1
2026-03-11 16:18:58,379 - INFO - TensorFlow: No GPUs visible; TF will proceed on CPU.
2026-03-11 16:18:58,381 - INFO - 
2026-03-11 16:18:58,383 - INFO - ------- Hardware Configuration -------
2026-03-11 16:18:58,385 - INFO - CPU affinity set to cores: [0, 1, 2, 3]
2026-03-11 16:18:58,387 - INFO - 
2026-03-11 16:18:58,389 - INFO - ------- Data Preprocessing for EQCCTPro -------
2026-03-11 16:18:58,391 - INFO - 1 station(s) in /home/blackwinter/projects/eqcct/eqcctpro/data/waveforms_noise_only/20250112T084507Z_20250112T084607Z
2026-03-11 16:18:58,393 - INFO - Using 1 selected station(s): ['FIB5'].
2026-03-11 16:18:58,395 - INFO - Creating model actor(s)...
2026-03-11 16:18:58,397 - INFO - System RAM: Total=7870 MB, Available=3331 MB
2026-03-11 16:18:58,399 - INFO - Usable RAM budget: 7083 MB (90% of total)
2026-03-11 16:18:58,401 - INFO - ===== MEMORY-AWARE CPU ACTOR POOL (EQCCT) =====
2026-03-11 16:18:58,402 - INFO - Requested concurrent tasks: 1
2026-03-11 16:18:58,404 - INFO - Available CPUs: 4
2026-03-11 16:18:58,406 - INFO - Available RAM: 7083 MB
2026-03-11 16:18:58,408 - INFO - RAM per model: 2264 MB
2026-03-11 16:18:58,410 - INFO - Max actors by RAM: 3
2026-03-11 16:18:58,411 - INFO - Creating 1 ModelActor(s)
2026-03-11 16:18:58,413 - INFO - Let Ray handle scheduling (taskset already restricts CPU visibility)
2026-03-11 16:18:58,415 - INFO - Creating ModelActor 1/1 (2.21GB RAM each)...
2026-03-11 16:19:02,269 - INFO - ModelActor 1 created successfully.
2026-03-11 16:19:02,271 - INFO - Created 1 CPU actor(s). Task queue will handle concurrency.
2026-03-11 16:19:02,273 - INFO - Starting EQCCTPro parallelized waveform processing...
2026-03-11 16:19:02,275 - INFO - 
2026-03-11 16:19:02,277 - INFO - ------- Analyzing Seismic Waveforms for P and S Picks via EQCCT -------
2026-03-11 16:19:02,279 - INFO - Analyzing 0:01:00 minute timechunk from 2025-01-12 08:45:07 to 2025-01-12 08:46:07 (0 min overlap)
2026-03-11 16:19:02,281 - INFO - Processing a total of 1 stations, 1 at a time.
2026-03-11 16:19:04,200 - INFO - (1/1) FIB5: Skipped (already exists - overwrite=False).
2026-03-11 16:19:04,202 - INFO - 
2026-03-11 16:19:04,204 - INFO - ------- Parallel Station Waveform Processing Complete For 2025-01-12 08:45:07 to 2025-01-12 08:46:07 Timechunk-------
2026-03-11 16:19:04,207 - INFO - Picks saved at /home/blackwinter/projects/eqcct/eqcctpro/results/csv/bm_noise_only/20250112T084507Z_20250112T084607ZProcess Runtime: 1.93 s
2026-03-11 16:19:04,210 - INFO - Successfully ran EQCCTPro, exiting...
2026-03-11 16:19:05,776 - INFO - Ray Successfully Shutdown.
2026-03-11 16:19:05,776 - INFO - ------- Successfully Picked All Waveform(s) from all Timechunk(s) -------
