2026-03-29 18:11:10,759 - INFO - 
2026-03-29 18:11:10,759 - INFO - ------- Welcome to EQCCTPro -------
2026-03-29 18:11:10,759 - INFO - 
2026-03-29 18:11:10,759 - INFO - Running EQCCT over Requested MSeed Files using CPU(s)...
2026-03-29 18:11:10,759 - INFO - GPU disabled (CPU-only).
2026-03-29 18:11:10,760 - INFO - Configured Intra-op threads = 1
2026-03-29 18:11:10,760 - INFO - Configured Inter-op threads = 1
2026-03-29 18:11:10,760 - INFO - TensorFlow: No GPUs visible; TF will proceed on CPU.
2026-03-29 18:11:10,760 - INFO - 
2026-03-29 18:11:16,659 - INFO - Ray Successfully Initialized with 4 CPU(s) ([0, 1, 2, 3] CPU Affinity Binding).
2026-03-29 18:11:16,659 - INFO - Analyzing 1 time chunk(s) from 2025-01-12 10:42:22 to 2025-01-12 10:43:22 (dt=1min, overlap=0min).
2026-03-29 18:11:16,659 - INFO - Using 1 selected station(s).
2026-03-29 18:11:16,659 - INFO - 
2026-03-29 18:11:16,660 - INFO - ------- Starting EQCCTPro... -------
2026-03-29 18:11:16,660 - INFO - Detailed subprocess information can be found in the log file.
2026-03-29 18:11:16,660 - INFO - 
2026-03-29 18:11:17,044 - INFO - GPU disabled (CPU-only).
2026-03-29 18:11:18,585 - INFO - Configured Intra-op threads = 1
2026-03-29 18:11:18,587 - INFO - Configured Inter-op threads = 1
2026-03-29 18:11:18,639 - INFO - TensorFlow: No GPUs visible; TF will proceed on CPU.
2026-03-29 18:11:18,642 - INFO - 
2026-03-29 18:11:18,644 - INFO - ------- Hardware Configuration -------
2026-03-29 18:11:18,647 - INFO - CPU affinity set to cores: [0, 1, 2, 3]
2026-03-29 18:11:18,650 - INFO - 
2026-03-29 18:11:18,652 - INFO - ------- Data Preprocessing for EQCCTPro -------
2026-03-29 18:11:18,655 - INFO - 1 station(s) in /home/blackwinter/projects/eqcct/eqcctpro/data/waveforms_noise_only/20250112T104222Z_20250112T104322Z
2026-03-29 18:11:18,658 - INFO - Using 1 selected station(s): ['TRE03'].
2026-03-29 18:11:18,660 - INFO - Creating model actor(s)...
2026-03-29 18:11:18,663 - INFO - System RAM: Total=7870 MB, Available=4029 MB
2026-03-29 18:11:18,665 - INFO - Usable RAM budget: 7083 MB (90% of total)
2026-03-29 18:11:18,667 - INFO - ===== MEMORY-AWARE CPU ACTOR POOL (EQCCT) =====
2026-03-29 18:11:18,669 - INFO - Requested concurrent tasks: 1
2026-03-29 18:11:18,671 - INFO - Available CPUs: 4
2026-03-29 18:11:18,673 - INFO - Available RAM: 7083 MB
2026-03-29 18:11:18,675 - INFO - RAM per model: 2264 MB
2026-03-29 18:11:18,677 - INFO - Max actors by RAM: 3
2026-03-29 18:11:18,679 - INFO - Creating 1 ModelActor(s)
2026-03-29 18:11:18,681 - INFO - Let Ray handle scheduling (taskset already restricts CPU visibility)
2026-03-29 18:11:18,683 - INFO - Creating ModelActor 1/1 (2.21GB RAM each)...
2026-03-29 18:11:23,042 - INFO - ModelActor 1 created successfully.
2026-03-29 18:11:23,044 - INFO - Created 1 CPU actor(s). Task queue will handle concurrency.
2026-03-29 18:11:23,047 - INFO - Starting EQCCTPro parallelized waveform processing...
2026-03-29 18:11:23,050 - INFO - 
2026-03-29 18:11:23,052 - INFO - ------- Analyzing Seismic Waveforms for P and S Picks via EQCCT -------
2026-03-29 18:11:23,055 - INFO - Analyzing 0:01:00 minute timechunk from 2025-01-12 10:42:22 to 2025-01-12 10:43:22 (0 min overlap)
2026-03-29 18:11:23,058 - INFO - Processing a total of 1 stations, 1 at a time.
2026-03-29 18:11:27,586 - INFO - (1/1) TRE03: Finished the prediction in 2.37s. (HP=1.0, LP=45.0)
2026-03-29 18:11:27,588 - INFO - 
2026-03-29 18:11:27,591 - INFO - ------- Parallel Station Waveform Processing Complete For 2025-01-12 10:42:22 to 2025-01-12 10:43:22 Timechunk-------
2026-03-29 18:11:27,594 - INFO - Picks saved at /home/blackwinter/projects/eqcct/eqcctpro/results/csv/eqcct_noise_th0_1/20250112T104222Z_20250112T104322ZProcess Runtime: 4.54 s
2026-03-29 18:11:27,598 - INFO - Successfully ran EQCCTPro, exiting...
2026-03-29 18:11:29,303 - INFO - Ray Successfully Shutdown.
2026-03-29 18:11:29,303 - INFO - ------- Successfully Picked All Waveform(s) from all Timechunk(s) -------
