2026-03-20 06:37:58,306 - INFO - 
2026-03-20 06:37:58,306 - INFO - ------- Welcome to EQCCTPro -------
2026-03-20 06:37:58,306 - INFO - 
2026-03-20 06:37:58,307 - INFO - Running EQCCT over Requested MSeed Files using CPU(s)...
2026-03-20 06:37:58,307 - INFO - GPU disabled (CPU-only).
2026-03-20 06:37:58,307 - INFO - Configured Intra-op threads = 1
2026-03-20 06:37:58,307 - INFO - Configured Inter-op threads = 1
2026-03-20 06:37:58,308 - INFO - TensorFlow: No GPUs visible; TF will proceed on CPU.
2026-03-20 06:37:58,308 - INFO - 
2026-03-20 06:38:03,732 - INFO - Ray Successfully Initialized with 4 CPU(s) ([0, 1, 2, 3] CPU Affinity Binding).
2026-03-20 06:38:03,732 - INFO - Analyzing 1 time chunk(s) from 2025-10-31 14:35:38 to 2025-10-31 14:36:38 (dt=1min, overlap=0min).
2026-03-20 06:38:03,732 - INFO - Using 1 selected station(s).
2026-03-20 06:38:03,732 - INFO - 
2026-03-20 06:38:03,733 - INFO - ------- Starting EQCCTPro... -------
2026-03-20 06:38:03,733 - INFO - Detailed subprocess information can be found in the log file.
2026-03-20 06:38:03,733 - INFO - 
2026-03-20 06:38:04,097 - INFO - GPU disabled (CPU-only).
2026-03-20 06:38:05,538 - INFO - Configured Intra-op threads = 1
2026-03-20 06:38:05,541 - INFO - Configured Inter-op threads = 1
2026-03-20 06:38:05,581 - INFO - TensorFlow: No GPUs visible; TF will proceed on CPU.
2026-03-20 06:38:05,583 - INFO - 
2026-03-20 06:38:05,585 - INFO - ------- Hardware Configuration -------
2026-03-20 06:38:05,587 - INFO - CPU affinity set to cores: [0, 1, 2, 3]
2026-03-20 06:38:05,589 - INFO - 
2026-03-20 06:38:05,590 - INFO - ------- Data Preprocessing for EQCCTPro -------
2026-03-20 06:38:05,593 - INFO - 1 station(s) in /home/blackwinter/projects/eqcct/eqcctpro/data/waveforms_earthquakes_nonoise/20251031T143538Z_20251031T143638Z
2026-03-20 06:38:05,595 - INFO - Using 1 selected station(s): ['VRF'].
2026-03-20 06:38:05,597 - INFO - Creating model actor(s)...
2026-03-20 06:38:05,600 - INFO - System RAM: Total=7870 MB, Available=1883 MB
2026-03-20 06:38:05,602 - INFO - Usable RAM budget: 7083 MB (90% of total)
2026-03-20 06:38:05,603 - INFO - ===== MEMORY-AWARE CPU ACTOR POOL (EQCCT) =====
2026-03-20 06:38:05,605 - INFO - Requested concurrent tasks: 1
2026-03-20 06:38:05,607 - INFO - Available CPUs: 4
2026-03-20 06:38:05,609 - INFO - Available RAM: 7083 MB
2026-03-20 06:38:05,611 - INFO - RAM per model: 2264 MB
2026-03-20 06:38:05,613 - INFO - Max actors by RAM: 3
2026-03-20 06:38:05,614 - INFO - Creating 1 ModelActor(s)
2026-03-20 06:38:05,616 - INFO - Let Ray handle scheduling (taskset already restricts CPU visibility)
2026-03-20 06:38:05,618 - INFO - Creating ModelActor 1/1 (2.21GB RAM each)...
2026-03-20 06:38:09,489 - INFO - ModelActor 1 created successfully.
2026-03-20 06:38:09,492 - INFO - Created 1 CPU actor(s). Task queue will handle concurrency.
2026-03-20 06:38:09,495 - INFO - Starting EQCCTPro parallelized waveform processing...
2026-03-20 06:38:09,497 - INFO - 
2026-03-20 06:38:09,499 - INFO - ------- Analyzing Seismic Waveforms for P and S Picks via EQCCT -------
2026-03-20 06:38:09,502 - INFO - Analyzing 0:01:00 minute timechunk from 2025-10-31 14:35:38 to 2025-10-31 14:36:38 (0 min overlap)
2026-03-20 06:38:09,504 - INFO - Processing a total of 1 stations, 1 at a time.
2026-03-20 06:38:13,525 - INFO - (1/1) VRF: Finished the prediction in 2.13s. (HP=1.0, LP=45.0)
2026-03-20 06:38:13,527 - INFO - 
2026-03-20 06:38:13,529 - INFO - ------- Parallel Station Waveform Processing Complete For 2025-10-31 14:35:38 to 2025-10-31 14:36:38 Timechunk-------
2026-03-20 06:38:13,531 - INFO - Picks saved at /home/blackwinter/projects/eqcct/eqcctpro/results/csv/eqcct_earthquakes_th0_1/20251031T143538Z_20251031T143638ZProcess Runtime: 4.03 s
2026-03-20 06:38:13,536 - INFO - Successfully ran EQCCTPro, exiting...
2026-03-20 06:38:15,110 - INFO - Ray Successfully Shutdown.
2026-03-20 06:38:15,110 - INFO - ------- Successfully Picked All Waveform(s) from all Timechunk(s) -------
