2026-03-10 22:24:07,951 - INFO - 
2026-03-10 22:24:07,952 - INFO - ------- Welcome to EQCCTPro -------
2026-03-10 22:24:07,952 - INFO - 
2026-03-10 22:24:07,952 - INFO - Running EQCCT over Requested MSeed Files using CPU(s)...
2026-03-10 22:24:07,952 - INFO - GPU disabled (CPU-only).
2026-03-10 22:24:07,953 - INFO - Configured Intra-op threads = 1
2026-03-10 22:24:07,953 - INFO - Configured Inter-op threads = 1
2026-03-10 22:24:07,953 - INFO - TensorFlow: No GPUs visible; TF will proceed on CPU.
2026-03-10 22:24:07,953 - INFO - 
2026-03-10 22:24:13,145 - INFO - Ray Successfully Initialized with 4 CPU(s) ([0, 1, 2, 3] CPU Affinity Binding).
2026-03-10 22:24:13,145 - INFO - Analyzing 1 time chunk(s) from 2025-01-07 21:43:52 to 2025-01-07 21:44:52 (dt=1min, overlap=0min).
2026-03-10 22:24:13,145 - INFO - Using 1 selected station(s).
2026-03-10 22:24:13,145 - INFO - 
2026-03-10 22:24:13,145 - INFO - ------- Starting EQCCTPro... -------
2026-03-10 22:24:13,146 - INFO - Detailed subprocess information can be found in the log file.
2026-03-10 22:24:13,146 - INFO - 
2026-03-10 22:24:13,509 - INFO - GPU disabled (CPU-only).
2026-03-10 22:24:14,975 - INFO - Configured Intra-op threads = 1
2026-03-10 22:24:14,978 - INFO - Configured Inter-op threads = 1
2026-03-10 22:24:15,020 - INFO - TensorFlow: No GPUs visible; TF will proceed on CPU.
2026-03-10 22:24:15,022 - INFO - 
2026-03-10 22:24:15,024 - INFO - ------- Hardware Configuration -------
2026-03-10 22:24:15,027 - INFO - CPU affinity set to cores: [0, 1, 2, 3]
2026-03-10 22:24:15,029 - INFO - 
2026-03-10 22:24:15,031 - INFO - ------- Data Preprocessing for EQCCTPro -------
2026-03-10 22:24:15,032 - INFO - 1 station(s) in /home/blackwinter/projects/eqcct/eqcctpro/data/waveforms_noise_only/20250107T214352Z_20250107T214452Z
2026-03-10 22:24:15,034 - INFO - Using 1 selected station(s): ['RAF'].
2026-03-10 22:24:15,036 - INFO - Creating model actor(s)...
2026-03-10 22:24:15,038 - INFO - System RAM: Total=7870 MB, Available=3210 MB
2026-03-10 22:24:15,040 - INFO - Usable RAM budget: 7083 MB (90% of total)
2026-03-10 22:24:15,043 - INFO - ===== MEMORY-AWARE CPU ACTOR POOL (EQCCT) =====
2026-03-10 22:24:15,045 - INFO - Requested concurrent tasks: 1
2026-03-10 22:24:15,047 - INFO - Available CPUs: 4
2026-03-10 22:24:15,049 - INFO - Available RAM: 7083 MB
2026-03-10 22:24:15,051 - INFO - RAM per model: 2264 MB
2026-03-10 22:24:15,054 - INFO - Max actors by RAM: 3
2026-03-10 22:24:15,056 - INFO - Creating 1 ModelActor(s)
2026-03-10 22:24:15,058 - INFO - Let Ray handle scheduling (taskset already restricts CPU visibility)
2026-03-10 22:24:15,061 - INFO - Creating ModelActor 1/1 (2.21GB RAM each)...
2026-03-10 22:24:18,837 - INFO - ModelActor 1 created successfully.
2026-03-10 22:24:18,839 - INFO - Created 1 CPU actor(s). Task queue will handle concurrency.
2026-03-10 22:24:18,841 - INFO - Starting EQCCTPro parallelized waveform processing...
2026-03-10 22:24:18,843 - INFO - 
2026-03-10 22:24:18,846 - INFO - ------- Analyzing Seismic Waveforms for P and S Picks via EQCCT -------
2026-03-10 22:24:18,848 - INFO - Analyzing 0:01:00 minute timechunk from 2025-01-07 21:43:52 to 2025-01-07 21:44:52 (0 min overlap)
2026-03-10 22:24:18,850 - INFO - Processing a total of 1 stations, 1 at a time.
2026-03-10 22:24:22,871 - INFO - (1/1) RAF: Finished the prediction in 2.15s. (HP=1.0, LP=45.0)
2026-03-10 22:24:22,873 - INFO - 
2026-03-10 22:24:22,875 - INFO - ------- Parallel Station Waveform Processing Complete For 2025-01-07 21:43:52 to 2025-01-07 21:44:52 Timechunk-------
2026-03-10 22:24:22,881 - INFO - Successfully ran EQCCTPro, exiting...
2026-03-10 22:24:22,877 - INFO - Picks saved at /home/blackwinter/projects/eqcct/eqcctpro/results/csv/bm_noise_only/20250107T214352Z_20250107T214452ZProcess Runtime: 4.03 s
2026-03-10 22:24:24,474 - INFO - Ray Successfully Shutdown.
2026-03-10 22:24:24,475 - INFO - ------- Successfully Picked All Waveform(s) from all Timechunk(s) -------
2026-03-11 13:14:45,202 - INFO - 
2026-03-11 13:14:45,203 - INFO - ------- Welcome to EQCCTPro -------
2026-03-11 13:14:45,203 - INFO - 
2026-03-11 13:14:45,204 - INFO - Running EQCCT over Requested MSeed Files using CPU(s)...
2026-03-11 13:14:45,204 - INFO - GPU disabled (CPU-only).
2026-03-11 13:14:45,204 - INFO - Configured Intra-op threads = 1
2026-03-11 13:14:45,205 - INFO - Configured Inter-op threads = 1
2026-03-11 13:14:45,205 - INFO - TensorFlow: No GPUs visible; TF will proceed on CPU.
2026-03-11 13:14:45,205 - INFO - 
2026-03-11 13:14:50,653 - INFO - Ray Successfully Initialized with 4 CPU(s) ([0, 1, 2, 3] CPU Affinity Binding).
2026-03-11 13:14:50,653 - INFO - Analyzing 1 time chunk(s) from 2025-01-07 21:43:52 to 2025-01-07 21:44:52 (dt=1min, overlap=0min).
2026-03-11 13:14:50,653 - INFO - Using 1 selected station(s).
2026-03-11 13:14:50,653 - INFO - 
2026-03-11 13:14:50,653 - INFO - ------- Starting EQCCTPro... -------
2026-03-11 13:14:50,654 - INFO - Detailed subprocess information can be found in the log file.
2026-03-11 13:14:50,654 - INFO - 
2026-03-11 13:14:51,015 - INFO - GPU disabled (CPU-only).
2026-03-11 13:14:52,491 - INFO - Configured Intra-op threads = 1
2026-03-11 13:14:52,493 - INFO - Configured Inter-op threads = 1
2026-03-11 13:14:52,531 - INFO - TensorFlow: No GPUs visible; TF will proceed on CPU.
2026-03-11 13:14:52,533 - INFO - 
2026-03-11 13:14:52,535 - INFO - ------- Hardware Configuration -------
2026-03-11 13:14:52,538 - INFO - CPU affinity set to cores: [0, 1, 2, 3]
2026-03-11 13:14:52,540 - INFO - 
2026-03-11 13:14:52,542 - INFO - ------- Data Preprocessing for EQCCTPro -------
2026-03-11 13:14:52,544 - INFO - 1 station(s) in /home/blackwinter/projects/eqcct/eqcctpro/data/waveforms_noise_only/20250107T214352Z_20250107T214452Z
2026-03-11 13:14:52,546 - INFO - Using 1 selected station(s): ['RAF'].
2026-03-11 13:14:52,548 - INFO - Creating model actor(s)...
2026-03-11 13:14:52,550 - INFO - System RAM: Total=7870 MB, Available=4062 MB
2026-03-11 13:14:52,553 - INFO - Usable RAM budget: 7083 MB (90% of total)
2026-03-11 13:14:52,555 - INFO - ===== MEMORY-AWARE CPU ACTOR POOL (EQCCT) =====
2026-03-11 13:14:52,557 - INFO - Requested concurrent tasks: 1
2026-03-11 13:14:52,559 - INFO - Available CPUs: 4
2026-03-11 13:14:52,561 - INFO - Available RAM: 7083 MB
2026-03-11 13:14:52,564 - INFO - RAM per model: 2264 MB
2026-03-11 13:14:52,566 - INFO - Max actors by RAM: 3
2026-03-11 13:14:52,569 - INFO - Creating 1 ModelActor(s)
2026-03-11 13:14:52,570 - INFO - Let Ray handle scheduling (taskset already restricts CPU visibility)
2026-03-11 13:14:52,572 - INFO - Creating ModelActor 1/1 (2.21GB RAM each)...
2026-03-11 13:14:56,471 - INFO - ModelActor 1 created successfully.
2026-03-11 13:14:56,473 - INFO - Created 1 CPU actor(s). Task queue will handle concurrency.
2026-03-11 13:14:56,475 - INFO - Starting EQCCTPro parallelized waveform processing...
2026-03-11 13:14:56,477 - INFO - 
2026-03-11 13:14:56,479 - INFO - ------- Analyzing Seismic Waveforms for P and S Picks via EQCCT -------
2026-03-11 13:14:56,482 - INFO - Analyzing 0:01:00 minute timechunk from 2025-01-07 21:43:52 to 2025-01-07 21:44:52 (0 min overlap)
2026-03-11 13:14:56,484 - INFO - Processing a total of 1 stations, 1 at a time.
2026-03-11 13:14:58,387 - INFO - (1/1) RAF: Skipped (already exists - overwrite=False).
2026-03-11 13:14:58,389 - INFO - 
2026-03-11 13:14:58,391 - INFO - ------- Parallel Station Waveform Processing Complete For 2025-01-07 21:43:52 to 2025-01-07 21:44:52 Timechunk-------
2026-03-11 13:14:58,396 - INFO - Successfully ran EQCCTPro, exiting...
2026-03-11 13:14:58,393 - INFO - Picks saved at /home/blackwinter/projects/eqcct/eqcctpro/results/csv/bm_noise_only/20250107T214352Z_20250107T214452ZProcess Runtime: 1.91 s
2026-03-11 13:15:00,044 - INFO - Ray Successfully Shutdown.
2026-03-11 13:15:00,044 - INFO - ------- Successfully Picked All Waveform(s) from all Timechunk(s) -------
