2026-03-28 21:38:01,140 - INFO - 
2026-03-28 21:38:01,141 - INFO - ------- Welcome to EQCCTPro -------
2026-03-28 21:38:01,141 - INFO - 
2026-03-28 21:38:01,141 - INFO - Running EQCCT over Requested MSeed Files using CPU(s)...
2026-03-28 21:38:01,141 - INFO - GPU disabled (CPU-only).
2026-03-29 06:53:36,933 - INFO - 
2026-03-29 06:53:36,933 - INFO - ------- Welcome to EQCCTPro -------
2026-03-29 06:53:36,934 - INFO - 
2026-03-29 06:53:36,935 - INFO - Running EQCCT over Requested MSeed Files using CPU(s)...
2026-03-29 06:53:36,935 - INFO - GPU disabled (CPU-only).
2026-03-29 06:53:36,935 - INFO - Configured Intra-op threads = 1
2026-03-29 06:53:36,935 - INFO - Configured Inter-op threads = 1
2026-03-29 06:53:36,936 - INFO - TensorFlow: No GPUs visible; TF will proceed on CPU.
2026-03-29 06:53:36,936 - INFO - 
2026-03-29 06:53:42,177 - INFO - Ray Successfully Initialized with 4 CPU(s) ([0, 1, 2, 3] CPU Affinity Binding).
2026-03-29 06:53:42,178 - INFO - Analyzing 1 time chunk(s) from 2025-01-22 14:28:28 to 2025-01-22 14:29:28 (dt=1min, overlap=0min).
2026-03-29 06:53:42,178 - INFO - Using 1 selected station(s).
2026-03-29 06:53:42,178 - INFO - 
2026-03-29 06:53:42,179 - INFO - ------- Starting EQCCTPro... -------
2026-03-29 06:53:42,179 - INFO - Detailed subprocess information can be found in the log file.
2026-03-29 06:53:42,179 - INFO - 
2026-03-29 06:53:42,636 - INFO - GPU disabled (CPU-only).
2026-03-29 06:53:44,331 - INFO - Configured Intra-op threads = 1
2026-03-29 06:53:44,333 - INFO - Configured Inter-op threads = 1
2026-03-29 06:53:44,378 - INFO - TensorFlow: No GPUs visible; TF will proceed on CPU.
2026-03-29 06:53:44,381 - INFO - 
2026-03-29 06:53:44,383 - INFO - ------- Hardware Configuration -------
2026-03-29 06:53:44,385 - INFO - CPU affinity set to cores: [0, 1, 2, 3]
2026-03-29 06:53:44,388 - INFO - 
2026-03-29 06:53:44,391 - INFO - ------- Data Preprocessing for EQCCTPro -------
2026-03-29 06:53:44,393 - INFO - 1 station(s) in /home/blackwinter/projects/eqcct/eqcctpro/data/waveforms_explosions_nonoise/20250122T142828Z_20250122T142928Z
2026-03-29 06:53:44,396 - INFO - Using 1 selected station(s): ['VUOS'].
2026-03-29 06:53:44,400 - INFO - Creating model actor(s)...
2026-03-29 06:53:44,404 - INFO - System RAM: Total=7870 MB, Available=2958 MB
2026-03-29 06:53:44,407 - INFO - Usable RAM budget: 7083 MB (90% of total)
2026-03-29 06:53:44,411 - INFO - ===== MEMORY-AWARE CPU ACTOR POOL (EQCCT) =====
2026-03-29 06:53:44,415 - INFO - Requested concurrent tasks: 1
2026-03-29 06:53:44,419 - INFO - Available CPUs: 4
2026-03-29 06:53:44,422 - INFO - Available RAM: 7083 MB
2026-03-29 06:53:44,427 - INFO - RAM per model: 2264 MB
2026-03-29 06:53:44,430 - INFO - Max actors by RAM: 3
2026-03-29 06:53:44,433 - INFO - Creating 1 ModelActor(s)
2026-03-29 06:53:44,437 - INFO - Let Ray handle scheduling (taskset already restricts CPU visibility)
2026-03-29 06:53:44,440 - INFO - Creating ModelActor 1/1 (2.21GB RAM each)...
2026-03-29 06:53:48,844 - INFO - ModelActor 1 created successfully.
2026-03-29 06:53:48,848 - INFO - Created 1 CPU actor(s). Task queue will handle concurrency.
2026-03-29 06:53:48,852 - INFO - Starting EQCCTPro parallelized waveform processing...
2026-03-29 06:53:48,855 - INFO - 
2026-03-29 06:53:48,857 - INFO - ------- Analyzing Seismic Waveforms for P and S Picks via EQCCT -------
2026-03-29 06:53:48,862 - INFO - Analyzing 0:01:00 minute timechunk from 2025-01-22 14:28:28 to 2025-01-22 14:29:28 (0 min overlap)
2026-03-29 06:53:48,864 - INFO - Processing a total of 1 stations, 1 at a time.
2026-03-29 06:53:53,491 - INFO - (1/1) VUOS: Finished the prediction in 2.46s. (HP=1.0, LP=45.0)
2026-03-29 06:53:53,496 - INFO - 
2026-03-29 06:53:53,499 - INFO - ------- Parallel Station Waveform Processing Complete For 2025-01-22 14:28:28 to 2025-01-22 14:29:28 Timechunk-------
2026-03-29 06:53:53,502 - INFO - Picks saved at /home/blackwinter/projects/eqcct/eqcctpro/results/csv/eqcct_explosions_th0_1/20250122T142828Z_20250122T142928ZProcess Runtime: 4.64 s
2026-03-29 06:53:53,509 - INFO - Successfully ran EQCCTPro, exiting...
2026-03-29 06:53:55,367 - INFO - Ray Successfully Shutdown.
2026-03-29 06:53:55,367 - INFO - ------- Successfully Picked All Waveform(s) from all Timechunk(s) -------
