2026-02-22 13:36:24,166 - INFO - 
2026-02-22 13:36:24,166 - INFO - ------- Welcome to EQCCTPro -------
2026-02-22 13:36:24,166 - INFO - 
2026-02-22 13:36:24,167 - INFO - Running EQCCT over Requested MSeed Files using CPU(s)...
2026-02-22 13:36:24,167 - INFO - GPU disabled (CPU-only).
2026-02-22 13:36:24,167 - INFO - Configured Intra-op threads = 1
2026-02-22 13:36:24,167 - INFO - Configured Inter-op threads = 1
2026-02-22 13:36:24,167 - INFO - TensorFlow: No GPUs visible; TF will proceed on CPU.
2026-02-22 13:36:24,168 - INFO - 
2026-02-22 13:36:29,560 - INFO - Ray Successfully Initialized with 4 CPU(s) ([0, 1, 2, 3] CPU Affinity Binding).
2026-02-22 13:36:29,560 - INFO - Analyzing 1 time chunk(s) from 2025-02-28 09:03:45 to 2025-02-28 09:04:45 (dt=1min, overlap=0min).
2026-02-22 13:36:29,561 - INFO - Using 1 selected station(s).
2026-02-22 13:36:29,561 - INFO - 
2026-02-22 13:36:29,561 - INFO - ------- Starting EQCCTPro... -------
2026-02-22 13:36:29,561 - INFO - Detailed subprocess information can be found in the log file.
2026-02-22 13:36:29,561 - INFO - 
2026-02-22 13:36:29,912 - INFO - GPU disabled (CPU-only).
2026-02-22 13:36:31,324 - INFO - Configured Intra-op threads = 1
2026-02-22 13:36:31,326 - INFO - Configured Inter-op threads = 1
2026-02-22 13:36:31,372 - INFO - TensorFlow: No GPUs visible; TF will proceed on CPU.
2026-02-22 13:36:31,375 - INFO - 
2026-02-22 13:36:31,377 - INFO - ------- Hardware Configuration -------
2026-02-22 13:36:31,379 - INFO - CPU affinity set to cores: [0, 1, 2, 3]
2026-02-22 13:36:31,381 - INFO - 
2026-02-22 13:36:31,383 - INFO - ------- Data Preprocessing for EQCCTPro -------
2026-02-22 13:36:31,384 - INFO - 1 station(s) in /home/blackwinter/projects/eqcct/eqcctpro/data/waveforms_earthquakes_nonoise/20250228T090345Z_20250228T090445Z
2026-02-22 13:36:31,386 - INFO - Using 1 selected station(s): ['KIF'].
2026-02-22 13:36:31,388 - INFO - Creating model actor(s)...
2026-02-22 13:36:31,390 - INFO - System RAM: Total=7870 MB, Available=2811 MB
2026-02-22 13:36:31,392 - INFO - Usable RAM budget: 7083 MB (90% of total)
2026-02-22 13:36:31,393 - INFO - ===== MEMORY-AWARE CPU ACTOR POOL (EQCCT) =====
2026-02-22 13:36:31,395 - INFO - Requested concurrent tasks: 1
2026-02-22 13:36:31,397 - INFO - Available CPUs: 4
2026-02-22 13:36:31,399 - INFO - Available RAM: 7083 MB
2026-02-22 13:36:31,401 - INFO - RAM per model: 2264 MB
2026-02-22 13:36:31,403 - INFO - Max actors by RAM: 3
2026-02-22 13:36:31,404 - INFO - Creating 1 ModelActor(s)
2026-02-22 13:36:31,407 - INFO - Let Ray handle scheduling (taskset already restricts CPU visibility)
2026-02-22 13:36:31,409 - INFO - Creating ModelActor 1/1 (2.21GB RAM each)...
2026-02-22 13:36:35,335 - INFO - ModelActor 1 created successfully.
2026-02-22 13:36:35,337 - INFO - Created 1 CPU actor(s). Task queue will handle concurrency.
2026-02-22 13:36:35,340 - INFO - Starting EQCCTPro parallelized waveform processing...
2026-02-22 13:36:35,342 - INFO - 
2026-02-22 13:36:35,344 - INFO - ------- Analyzing Seismic Waveforms for P and S Picks via EQCCT -------
2026-02-22 13:36:35,347 - INFO - Analyzing 0:01:00 minute timechunk from 2025-02-28 09:03:45 to 2025-02-28 09:04:45 (0 min overlap)
2026-02-22 13:36:35,349 - INFO - Processing a total of 1 stations, 1 at a time.
2026-02-22 13:36:39,412 - INFO - (1/1) KIF: Finished the prediction in 2.15s. (HP=1.0, LP=45.0)
2026-02-22 13:36:39,414 - INFO - 
2026-02-22 13:36:39,417 - INFO - ------- Parallel Station Waveform Processing Complete For 2025-02-28 09:03:45 to 2025-02-28 09:04:45 Timechunk-------
2026-02-22 13:36:39,419 - INFO - Picks saved at /home/blackwinter/projects/eqcct/eqcctpro/results/csv/bm_eq_nonoise/20250228T090345Z_20250228T090445ZProcess Runtime: 4.07 s
2026-02-22 13:36:39,422 - INFO - Successfully ran EQCCTPro, exiting...
2026-02-22 13:36:40,952 - INFO - Ray Successfully Shutdown.
2026-02-22 13:36:40,952 - INFO - ------- Successfully Picked All Waveform(s) from all Timechunk(s) -------
