2026-03-11 00:18:51,187 - INFO - 
2026-03-11 00:18:51,187 - INFO - ------- Welcome to EQCCTPro -------
2026-03-11 00:18:51,187 - INFO - 
2026-03-11 00:18:51,188 - INFO - Running EQCCT over Requested MSeed Files using CPU(s)...
2026-03-11 00:18:51,188 - INFO - GPU disabled (CPU-only).
2026-03-11 00:18:51,188 - INFO - Configured Intra-op threads = 1
2026-03-11 00:18:51,189 - INFO - Configured Inter-op threads = 1
2026-03-11 00:18:51,189 - INFO - TensorFlow: No GPUs visible; TF will proceed on CPU.
2026-03-11 00:18:51,189 - INFO - 
2026-03-11 00:18:56,541 - INFO - Ray Successfully Initialized with 4 CPU(s) ([0, 1, 2, 3] CPU Affinity Binding).
2026-03-11 00:18:56,541 - INFO - Analyzing 1 time chunk(s) from 2025-01-10 06:02:35 to 2025-01-10 06:03:35 (dt=1min, overlap=0min).
2026-03-11 00:18:56,541 - INFO - Using 1 selected station(s).
2026-03-11 00:18:56,541 - INFO - 
2026-03-11 00:18:56,541 - INFO - ------- Starting EQCCTPro... -------
2026-03-11 00:18:56,542 - INFO - Detailed subprocess information can be found in the log file.
2026-03-11 00:18:56,542 - INFO - 
2026-03-11 00:18:56,927 - INFO - GPU disabled (CPU-only).
2026-03-11 00:18:58,411 - INFO - Configured Intra-op threads = 1
2026-03-11 00:18:58,413 - INFO - Configured Inter-op threads = 1
2026-03-11 00:18:58,458 - INFO - TensorFlow: No GPUs visible; TF will proceed on CPU.
2026-03-11 00:18:58,460 - INFO - 
2026-03-11 00:18:58,462 - INFO - ------- Hardware Configuration -------
2026-03-11 00:18:58,464 - INFO - CPU affinity set to cores: [0, 1, 2, 3]
2026-03-11 00:18:58,466 - INFO - 
2026-03-11 00:18:58,467 - INFO - ------- Data Preprocessing for EQCCTPro -------
2026-03-11 00:18:58,469 - INFO - 1 station(s) in /home/blackwinter/projects/eqcct/eqcctpro/data/waveforms_noise_only/20250110T060235Z_20250110T060335Z
2026-03-11 00:18:58,471 - INFO - Using 1 selected station(s): ['FIC5'].
2026-03-11 00:18:58,473 - INFO - Creating model actor(s)...
2026-03-11 00:18:58,475 - INFO - System RAM: Total=7870 MB, Available=2617 MB
2026-03-11 00:18:58,477 - INFO - Usable RAM budget: 7083 MB (90% of total)
2026-03-11 00:18:58,479 - INFO - ===== MEMORY-AWARE CPU ACTOR POOL (EQCCT) =====
2026-03-11 00:18:58,480 - INFO - Requested concurrent tasks: 1
2026-03-11 00:18:58,483 - INFO - Available CPUs: 4
2026-03-11 00:18:58,484 - INFO - Available RAM: 7083 MB
2026-03-11 00:18:58,486 - INFO - RAM per model: 2264 MB
2026-03-11 00:18:58,488 - INFO - Max actors by RAM: 3
2026-03-11 00:18:58,490 - INFO - Creating 1 ModelActor(s)
2026-03-11 00:18:58,492 - INFO - Let Ray handle scheduling (taskset already restricts CPU visibility)
2026-03-11 00:18:58,493 - INFO - Creating ModelActor 1/1 (2.21GB RAM each)...
2026-03-11 00:19:02,459 - INFO - ModelActor 1 created successfully.
2026-03-11 00:19:02,462 - INFO - Created 1 CPU actor(s). Task queue will handle concurrency.
2026-03-11 00:19:02,464 - INFO - Starting EQCCTPro parallelized waveform processing...
2026-03-11 00:19:02,466 - INFO - 
2026-03-11 00:19:02,469 - INFO - ------- Analyzing Seismic Waveforms for P and S Picks via EQCCT -------
2026-03-11 00:19:02,471 - INFO - Analyzing 0:01:00 minute timechunk from 2025-01-10 06:02:35 to 2025-01-10 06:03:35 (0 min overlap)
2026-03-11 00:19:02,474 - INFO - Processing a total of 1 stations, 1 at a time.
2026-03-11 00:19:06,741 - INFO - (1/1) FIC5: Finished the prediction in 2.4s. (HP=1.0, LP=45.0)
2026-03-11 00:19:06,746 - INFO - 
2026-03-11 00:19:06,748 - INFO - ------- Parallel Station Waveform Processing Complete For 2025-01-10 06:02:35 to 2025-01-10 06:03:35 Timechunk-------
2026-03-11 00:19:06,750 - INFO - Picks saved at /home/blackwinter/projects/eqcct/eqcctpro/results/csv/bm_noise_only/20250110T060235Z_20250110T060335ZProcess Runtime: 4.28 s
2026-03-11 00:19:06,754 - INFO - Successfully ran EQCCTPro, exiting...
2026-03-11 00:19:08,417 - INFO - Ray Successfully Shutdown.
2026-03-11 00:19:08,417 - INFO - ------- Successfully Picked All Waveform(s) from all Timechunk(s) -------
2026-03-11 14:54:45,557 - INFO - 
2026-03-11 14:54:45,558 - INFO - ------- Welcome to EQCCTPro -------
2026-03-11 14:54:45,558 - INFO - 
2026-03-11 14:54:45,558 - INFO - Running EQCCT over Requested MSeed Files using CPU(s)...
2026-03-11 14:54:45,559 - INFO - GPU disabled (CPU-only).
2026-03-11 14:54:45,559 - INFO - Configured Intra-op threads = 1
2026-03-11 14:54:45,559 - INFO - Configured Inter-op threads = 1
2026-03-11 14:54:45,559 - INFO - TensorFlow: No GPUs visible; TF will proceed on CPU.
2026-03-11 14:54:45,559 - INFO - 
2026-03-11 14:54:51,038 - INFO - Ray Successfully Initialized with 4 CPU(s) ([0, 1, 2, 3] CPU Affinity Binding).
2026-03-11 14:54:51,038 - INFO - Analyzing 1 time chunk(s) from 2025-01-10 06:02:35 to 2025-01-10 06:03:35 (dt=1min, overlap=0min).
2026-03-11 14:54:51,038 - INFO - Using 1 selected station(s).
2026-03-11 14:54:51,039 - INFO - 
2026-03-11 14:54:51,039 - INFO - ------- Starting EQCCTPro... -------
2026-03-11 14:54:51,039 - INFO - Detailed subprocess information can be found in the log file.
2026-03-11 14:54:51,039 - INFO - 
2026-03-11 14:54:51,412 - INFO - GPU disabled (CPU-only).
2026-03-11 14:54:52,881 - INFO - Configured Intra-op threads = 1
2026-03-11 14:54:52,883 - INFO - Configured Inter-op threads = 1
2026-03-11 14:54:52,926 - INFO - TensorFlow: No GPUs visible; TF will proceed on CPU.
2026-03-11 14:54:52,928 - INFO - 
2026-03-11 14:54:52,930 - INFO - ------- Hardware Configuration -------
2026-03-11 14:54:52,933 - INFO - CPU affinity set to cores: [0, 1, 2, 3]
2026-03-11 14:54:52,935 - INFO - 
2026-03-11 14:54:52,937 - INFO - ------- Data Preprocessing for EQCCTPro -------
2026-03-11 14:54:52,939 - INFO - 1 station(s) in /home/blackwinter/projects/eqcct/eqcctpro/data/waveforms_noise_only/20250110T060235Z_20250110T060335Z
2026-03-11 14:54:52,941 - INFO - Using 1 selected station(s): ['FIC5'].
2026-03-11 14:54:52,943 - INFO - Creating model actor(s)...
2026-03-11 14:54:52,945 - INFO - System RAM: Total=7870 MB, Available=3465 MB
2026-03-11 14:54:52,947 - INFO - Usable RAM budget: 7083 MB (90% of total)
2026-03-11 14:54:52,949 - INFO - ===== MEMORY-AWARE CPU ACTOR POOL (EQCCT) =====
2026-03-11 14:54:52,951 - INFO - Requested concurrent tasks: 1
2026-03-11 14:54:52,952 - INFO - Available CPUs: 4
2026-03-11 14:54:52,954 - INFO - Available RAM: 7083 MB
2026-03-11 14:54:52,955 - INFO - RAM per model: 2264 MB
2026-03-11 14:54:52,957 - INFO - Max actors by RAM: 3
2026-03-11 14:54:52,959 - INFO - Creating 1 ModelActor(s)
2026-03-11 14:54:52,961 - INFO - Let Ray handle scheduling (taskset already restricts CPU visibility)
2026-03-11 14:54:52,963 - INFO - Creating ModelActor 1/1 (2.21GB RAM each)...
2026-03-11 14:54:56,846 - INFO - ModelActor 1 created successfully.
2026-03-11 14:54:56,848 - INFO - Created 1 CPU actor(s). Task queue will handle concurrency.
2026-03-11 14:54:56,850 - INFO - Starting EQCCTPro parallelized waveform processing...
2026-03-11 14:54:56,852 - INFO - 
2026-03-11 14:54:56,854 - INFO - ------- Analyzing Seismic Waveforms for P and S Picks via EQCCT -------
2026-03-11 14:54:56,856 - INFO - Analyzing 0:01:00 minute timechunk from 2025-01-10 06:02:35 to 2025-01-10 06:03:35 (0 min overlap)
2026-03-11 14:54:56,857 - INFO - Processing a total of 1 stations, 1 at a time.
2026-03-11 14:54:58,769 - INFO - (1/1) FIC5: Skipped (already exists - overwrite=False).
2026-03-11 14:54:58,771 - INFO - 
2026-03-11 14:54:58,774 - INFO - ------- Parallel Station Waveform Processing Complete For 2025-01-10 06:02:35 to 2025-01-10 06:03:35 Timechunk-------
2026-03-11 14:54:58,777 - INFO - Picks saved at /home/blackwinter/projects/eqcct/eqcctpro/results/csv/bm_noise_only/20250110T060235Z_20250110T060335ZProcess Runtime: 1.92 s
2026-03-11 14:54:58,782 - INFO - Successfully ran EQCCTPro, exiting...
2026-03-11 14:55:00,259 - INFO - Ray Successfully Shutdown.
2026-03-11 14:55:00,260 - INFO - ------- Successfully Picked All Waveform(s) from all Timechunk(s) -------
