2026-03-19 23:26:36,518 - INFO - 
2026-03-19 23:26:36,518 - INFO - ------- Welcome to EQCCTPro -------
2026-03-19 23:26:36,518 - INFO - 
2026-03-19 23:26:36,518 - INFO - Running EQCCT over Requested MSeed Files using CPU(s)...
2026-03-19 23:26:36,519 - INFO - GPU disabled (CPU-only).
2026-03-19 23:26:36,519 - INFO - Configured Intra-op threads = 1
2026-03-19 23:26:36,519 - INFO - Configured Inter-op threads = 1
2026-03-19 23:26:36,519 - INFO - TensorFlow: No GPUs visible; TF will proceed on CPU.
2026-03-19 23:26:36,519 - INFO - 
2026-03-19 23:26:42,040 - INFO - Ray Successfully Initialized with 4 CPU(s) ([0, 1, 2, 3] CPU Affinity Binding).
2026-03-19 23:26:42,040 - INFO - Analyzing 1 time chunk(s) from 2025-01-31 02:32:09 to 2025-01-31 02:33:09 (dt=1min, overlap=0min).
2026-03-19 23:26:42,041 - INFO - Using 1 selected station(s).
2026-03-19 23:26:42,041 - INFO - 
2026-03-19 23:26:42,041 - INFO - ------- Starting EQCCTPro... -------
2026-03-19 23:26:42,041 - INFO - Detailed subprocess information can be found in the log file.
2026-03-19 23:26:42,041 - INFO - 
2026-03-19 23:26:42,404 - INFO - GPU disabled (CPU-only).
2026-03-19 23:26:43,901 - INFO - Configured Intra-op threads = 1
2026-03-19 23:26:43,903 - INFO - Configured Inter-op threads = 1
2026-03-19 23:26:43,946 - INFO - TensorFlow: No GPUs visible; TF will proceed on CPU.
2026-03-19 23:26:43,949 - INFO - 
2026-03-19 23:26:43,951 - INFO - ------- Hardware Configuration -------
2026-03-19 23:26:43,954 - INFO - CPU affinity set to cores: [0, 1, 2, 3]
2026-03-19 23:26:43,956 - INFO - 
2026-03-19 23:26:43,958 - INFO - ------- Data Preprocessing for EQCCTPro -------
2026-03-19 23:26:43,960 - INFO - 1 station(s) in /home/blackwinter/projects/eqcct/eqcctpro/data/waveforms_earthquakes_nonoise/20250131T023209Z_20250131T023309Z
2026-03-19 23:26:43,962 - INFO - Using 1 selected station(s): ['KU6'].
2026-03-19 23:26:43,964 - INFO - Creating model actor(s)...
2026-03-19 23:26:43,966 - INFO - System RAM: Total=7870 MB, Available=2775 MB
2026-03-19 23:26:43,968 - INFO - Usable RAM budget: 7083 MB (90% of total)
2026-03-19 23:26:43,970 - INFO - ===== MEMORY-AWARE CPU ACTOR POOL (EQCCT) =====
2026-03-19 23:26:43,972 - INFO - Requested concurrent tasks: 1
2026-03-19 23:26:43,973 - INFO - Available CPUs: 4
2026-03-19 23:26:43,975 - INFO - Available RAM: 7083 MB
2026-03-19 23:26:43,977 - INFO - RAM per model: 2264 MB
2026-03-19 23:26:43,979 - INFO - Max actors by RAM: 3
2026-03-19 23:26:43,981 - INFO - Creating 1 ModelActor(s)
2026-03-19 23:26:43,984 - INFO - Let Ray handle scheduling (taskset already restricts CPU visibility)
2026-03-19 23:26:43,986 - INFO - Creating ModelActor 1/1 (2.21GB RAM each)...
2026-03-19 23:26:48,134 - INFO - ModelActor 1 created successfully.
2026-03-19 23:26:48,140 - INFO - Created 1 CPU actor(s). Task queue will handle concurrency.
2026-03-19 23:26:48,142 - INFO - Starting EQCCTPro parallelized waveform processing...
2026-03-19 23:26:48,144 - INFO - 
2026-03-19 23:26:48,147 - INFO - ------- Analyzing Seismic Waveforms for P and S Picks via EQCCT -------
2026-03-19 23:26:48,151 - INFO - Analyzing 0:01:00 minute timechunk from 2025-01-31 02:32:09 to 2025-01-31 02:33:09 (0 min overlap)
2026-03-19 23:26:48,153 - INFO - Processing a total of 1 stations, 1 at a time.
2026-03-19 23:26:52,192 - INFO - (1/1) KU6: Finished the prediction in 2.13s. (HP=1.0, LP=45.0)
2026-03-19 23:26:52,194 - INFO - 
2026-03-19 23:26:52,196 - INFO - ------- Parallel Station Waveform Processing Complete For 2025-01-31 02:32:09 to 2025-01-31 02:33:09 Timechunk-------
2026-03-19 23:26:52,198 - INFO - Picks saved at /home/blackwinter/projects/eqcct/eqcctpro/results/csv/eqcct_earthquakes_th0_1/20250131T023209Z_20250131T023309ZProcess Runtime: 4.05 s
2026-03-19 23:26:52,206 - INFO - Successfully ran EQCCTPro, exiting...
2026-03-19 23:26:53,636 - INFO - Ray Successfully Shutdown.
2026-03-19 23:26:53,636 - INFO - ------- Successfully Picked All Waveform(s) from all Timechunk(s) -------
