2026-03-29 18:49:14,198 - INFO - 
2026-03-29 18:49:14,198 - INFO - ------- Welcome to EQCCTPro -------
2026-03-29 18:49:14,198 - INFO - 
2026-03-29 18:49:14,198 - INFO - Running EQCCT over Requested MSeed Files using CPU(s)...
2026-03-29 18:49:14,199 - INFO - GPU disabled (CPU-only).
2026-03-29 18:49:14,199 - INFO - Configured Intra-op threads = 1
2026-03-29 18:49:14,199 - INFO - Configured Inter-op threads = 1
2026-03-29 18:49:14,199 - INFO - TensorFlow: No GPUs visible; TF will proceed on CPU.
2026-03-29 18:49:14,199 - INFO - 
2026-03-29 18:49:20,034 - INFO - Ray Successfully Initialized with 4 CPU(s) ([0, 1, 2, 3] CPU Affinity Binding).
2026-03-29 18:49:20,035 - INFO - Analyzing 1 time chunk(s) from 2025-01-13 04:06:00 to 2025-01-13 04:07:00 (dt=1min, overlap=0min).
2026-03-29 18:49:20,035 - INFO - Using 1 selected station(s).
2026-03-29 18:49:20,035 - INFO - 
2026-03-29 18:49:20,035 - INFO - ------- Starting EQCCTPro... -------
2026-03-29 18:49:20,035 - INFO - Detailed subprocess information can be found in the log file.
2026-03-29 18:49:20,035 - INFO - 
2026-03-29 18:49:20,419 - INFO - GPU disabled (CPU-only).
2026-03-29 18:49:22,004 - INFO - Configured Intra-op threads = 1
2026-03-29 18:49:22,006 - INFO - Configured Inter-op threads = 1
2026-03-29 18:49:22,052 - INFO - TensorFlow: No GPUs visible; TF will proceed on CPU.
2026-03-29 18:49:22,054 - INFO - 
2026-03-29 18:49:22,057 - INFO - ------- Hardware Configuration -------
2026-03-29 18:49:22,060 - INFO - CPU affinity set to cores: [0, 1, 2, 3]
2026-03-29 18:49:22,063 - INFO - 
2026-03-29 18:49:22,065 - INFO - ------- Data Preprocessing for EQCCTPro -------
2026-03-29 18:49:22,068 - INFO - 1 station(s) in /home/blackwinter/projects/eqcct/eqcctpro/data/waveforms_noise_only/20250113T040600Z_20250113T040700Z
2026-03-29 18:49:22,070 - INFO - Using 1 selected station(s): ['RAJF'].
2026-03-29 18:49:22,073 - INFO - Creating model actor(s)...
2026-03-29 18:49:22,075 - INFO - System RAM: Total=7870 MB, Available=3969 MB
2026-03-29 18:49:22,078 - INFO - Usable RAM budget: 7083 MB (90% of total)
2026-03-29 18:49:22,080 - INFO - ===== MEMORY-AWARE CPU ACTOR POOL (EQCCT) =====
2026-03-29 18:49:22,083 - INFO - Requested concurrent tasks: 1
2026-03-29 18:49:22,085 - INFO - Available CPUs: 4
2026-03-29 18:49:22,088 - INFO - Available RAM: 7083 MB
2026-03-29 18:49:22,090 - INFO - RAM per model: 2264 MB
2026-03-29 18:49:22,093 - INFO - Max actors by RAM: 3
2026-03-29 18:49:22,095 - INFO - Creating 1 ModelActor(s)
2026-03-29 18:49:22,096 - INFO - Let Ray handle scheduling (taskset already restricts CPU visibility)
2026-03-29 18:49:22,098 - INFO - Creating ModelActor 1/1 (2.21GB RAM each)...
2026-03-29 18:49:26,512 - INFO - ModelActor 1 created successfully.
2026-03-29 18:49:26,515 - INFO - Created 1 CPU actor(s). Task queue will handle concurrency.
2026-03-29 18:49:26,517 - INFO - Starting EQCCTPro parallelized waveform processing...
2026-03-29 18:49:26,520 - INFO - 
2026-03-29 18:49:26,522 - INFO - ------- Analyzing Seismic Waveforms for P and S Picks via EQCCT -------
2026-03-29 18:49:26,525 - INFO - Analyzing 0:01:00 minute timechunk from 2025-01-13 04:06:00 to 2025-01-13 04:07:00 (0 min overlap)
2026-03-29 18:49:26,528 - INFO - Processing a total of 1 stations, 1 at a time.
2026-03-29 18:49:31,057 - INFO - (1/1) RAJF: Finished the prediction in 2.43s. (HP=1.0, LP=45.0)
2026-03-29 18:49:31,059 - INFO - 
2026-03-29 18:49:31,061 - INFO - ------- Parallel Station Waveform Processing Complete For 2025-01-13 04:06:00 to 2025-01-13 04:07:00 Timechunk-------
2026-03-29 18:49:31,063 - INFO - Picks saved at /home/blackwinter/projects/eqcct/eqcctpro/results/csv/eqcct_noise_th0_1/20250113T040600Z_20250113T040700ZProcess Runtime: 4.54 s
2026-03-29 18:49:31,069 - INFO - Successfully ran EQCCTPro, exiting...
2026-03-29 18:49:32,917 - INFO - Ray Successfully Shutdown.
2026-03-29 18:49:32,918 - INFO - ------- Successfully Picked All Waveform(s) from all Timechunk(s) -------
