2026-03-28 16:44:45,188 - INFO - 
2026-03-28 16:44:45,188 - INFO - ------- Welcome to EQCCTPro -------
2026-03-28 16:44:45,188 - INFO - 
2026-03-28 16:44:45,189 - INFO - Running EQCCT over Requested MSeed Files using CPU(s)...
2026-03-28 16:44:45,189 - INFO - GPU disabled (CPU-only).
2026-03-28 16:44:45,189 - INFO - Skipping framework-specific initialization in the driver process.
2026-03-28 16:44:47,744 - INFO - Ray Successfully Initialized with 4 CPU(s) ([0, 1, 2, 3] CPU Affinity Binding).
2026-03-28 16:44:47,745 - INFO - Analyzing 1 time chunk(s) from 2025-01-08 13:34:32 to 2025-01-08 13:35:32 (dt=1min, overlap=0min).
2026-03-28 16:44:47,745 - INFO - Using 1 selected station(s).
2026-03-28 16:44:47,745 - INFO - 
2026-03-28 16:44:47,746 - INFO - ------- Starting EQCCTPro... -------
2026-03-28 16:44:47,746 - INFO - Detailed subprocess information can be found in the log file.
2026-03-28 16:44:47,746 - INFO - 
2026-03-28 16:44:48,104 - INFO - GPU disabled (CPU-only).
2026-03-28 16:44:48,110 - INFO - Skipping framework-specific initialization in the driver process.
2026-03-28 16:44:48,113 - INFO - ------- Hardware Configuration -------
2026-03-28 16:44:48,116 - INFO - CPU affinity set to cores: [0, 1, 2, 3]
2026-03-28 16:44:48,119 - INFO - 
2026-03-28 16:44:48,122 - INFO - ------- Data Preprocessing for EQCCTPro -------
2026-03-28 16:44:48,126 - INFO - 1 station(s) in /home/blackwinter/projects/eqcct/eqcctpro/data/waveforms_explosions_nonoise/20250108T133432Z_20250108T133532Z
2026-03-28 16:44:48,128 - INFO - Using 1 selected station(s): ['KPF'].
2026-03-28 16:44:48,132 - INFO - Creating model actor(s)...
2026-03-28 16:44:48,135 - INFO - System RAM: Total=7870 MB, Available=4332 MB
2026-03-28 16:44:48,138 - INFO - Usable RAM budget: 7083 MB (90% of total)
2026-03-28 16:44:48,141 - INFO - ===== MEMORY-AWARE CPU ACTOR POOL =====
2026-03-28 16:44:48,144 - INFO - Requested concurrent tasks: 1
2026-03-28 16:44:48,147 - INFO - Available CPUs: 4
2026-03-28 16:44:48,150 - INFO - Available RAM: 7083 MB
2026-03-28 16:44:48,153 - INFO - RAM per model: 2060 MB
2026-03-28 16:44:48,156 - INFO - Max actors by RAM: 3
2026-03-28 16:44:48,159 - INFO - Creating 1 SeisBenchModelActor(s)
2026-03-28 16:44:48,162 - INFO - Let Ray handle scheduling (taskset already restricts CPU visibility)
2026-03-28 16:44:48,166 - INFO - Creating SeisBenchModelActor 1/1 (2.01GB RAM each)...
2026-03-28 16:44:51,447 - INFO - SeisBenchModelActor 1 created successfully.
2026-03-28 16:44:51,450 - INFO - Created 1 CPU actor(s). Task queue will handle concurrency.
2026-03-28 16:44:51,454 - INFO - Starting EQCCTPro parallelized waveform processing...
2026-03-28 16:44:51,457 - INFO - 
2026-03-28 16:44:51,460 - INFO - ------- Analyzing Seismic Waveforms for P and S Picks via SeisBench (EQTransformer - original_nonconservative) -------
2026-03-28 16:44:51,464 - INFO - Analyzing 0:01:00 minute timechunk from 2025-01-08 13:34:32 to 2025-01-08 13:35:32 (0 min overlap)
2026-03-28 16:44:51,467 - INFO - Processing a total of 1 stations, 1 at a time.
2026-03-28 16:44:53,889 - INFO - (1/1) KPF: Finished the prediction in 0.14s. (HP=1.0, LP=45.0, picks=2)
2026-03-28 16:44:53,891 - INFO - 
2026-03-28 16:44:53,894 - INFO - ------- Parallel Station Waveform Processing Complete For 2025-01-08 13:34:32 to 2025-01-08 13:35:32 Timechunk-------
2026-03-28 16:44:53,897 - INFO - Picks saved at /home/blackwinter/projects/eqcct/eqcctpro/results/csv/eqt_explosions_th0_1/20250108T133432Z_20250108T133532ZProcess Runtime: 2.44 s
2026-03-28 16:44:53,902 - INFO - Successfully ran EQCCTPro, exiting...
2026-03-28 16:44:55,365 - INFO - Ray Successfully Shutdown.
2026-03-28 16:44:55,365 - INFO - ------- Successfully Picked All Waveform(s) from all Timechunk(s) -------
