2026-03-10 22:38:22,776 - INFO - 
2026-03-10 22:38:22,776 - INFO - ------- Welcome to EQCCTPro -------
2026-03-10 22:38:22,776 - INFO - 
2026-03-10 22:38:22,777 - INFO - Running EQCCT over Requested MSeed Files using CPU(s)...
2026-03-10 22:38:22,777 - INFO - GPU disabled (CPU-only).
2026-03-10 22:38:22,778 - INFO - Configured Intra-op threads = 1
2026-03-10 22:38:22,778 - INFO - Configured Inter-op threads = 1
2026-03-10 22:38:22,778 - INFO - TensorFlow: No GPUs visible; TF will proceed on CPU.
2026-03-10 22:38:22,778 - INFO - 
2026-03-10 22:38:28,325 - INFO - Ray Successfully Initialized with 4 CPU(s) ([0, 1, 2, 3] CPU Affinity Binding).
2026-03-10 22:38:28,326 - INFO - Analyzing 1 time chunk(s) from 2025-01-08 03:46:45 to 2025-01-08 03:47:45 (dt=1min, overlap=0min).
2026-03-10 22:38:28,326 - INFO - Using 1 selected station(s).
2026-03-10 22:38:28,327 - INFO - 
2026-03-10 22:38:28,327 - INFO - ------- Starting EQCCTPro... -------
2026-03-10 22:38:28,327 - INFO - Detailed subprocess information can be found in the log file.
2026-03-10 22:38:28,327 - INFO - 
2026-03-10 22:38:28,693 - INFO - GPU disabled (CPU-only).
2026-03-10 22:38:30,196 - INFO - Configured Intra-op threads = 1
2026-03-10 22:38:30,199 - INFO - Configured Inter-op threads = 1
2026-03-10 22:38:30,248 - INFO - TensorFlow: No GPUs visible; TF will proceed on CPU.
2026-03-10 22:38:30,250 - INFO - 
2026-03-10 22:38:30,252 - INFO - ------- Hardware Configuration -------
2026-03-10 22:38:30,254 - INFO - CPU affinity set to cores: [0, 1, 2, 3]
2026-03-10 22:38:30,256 - INFO - 
2026-03-10 22:38:30,258 - INFO - ------- Data Preprocessing for EQCCTPro -------
2026-03-10 22:38:30,260 - INFO - 1 station(s) in /home/blackwinter/projects/eqcct/eqcctpro/data/waveforms_noise_only/20250108T034645Z_20250108T034745Z
2026-03-10 22:38:30,262 - INFO - Using 1 selected station(s): ['RSUO'].
2026-03-10 22:38:30,264 - INFO - Creating model actor(s)...
2026-03-10 22:38:30,267 - INFO - System RAM: Total=7870 MB, Available=2796 MB
2026-03-10 22:38:30,269 - INFO - Usable RAM budget: 7083 MB (90% of total)
2026-03-10 22:38:30,271 - INFO - ===== MEMORY-AWARE CPU ACTOR POOL (EQCCT) =====
2026-03-10 22:38:30,273 - INFO - Requested concurrent tasks: 1
2026-03-10 22:38:30,275 - INFO - Available CPUs: 4
2026-03-10 22:38:30,278 - INFO - Available RAM: 7083 MB
2026-03-10 22:38:30,280 - INFO - RAM per model: 2264 MB
2026-03-10 22:38:30,282 - INFO - Max actors by RAM: 3
2026-03-10 22:38:30,284 - INFO - Creating 1 ModelActor(s)
2026-03-10 22:38:30,286 - INFO - Let Ray handle scheduling (taskset already restricts CPU visibility)
2026-03-10 22:38:30,288 - INFO - Creating ModelActor 1/1 (2.21GB RAM each)...
2026-03-10 22:38:34,235 - INFO - ModelActor 1 created successfully.
2026-03-10 22:38:34,238 - INFO - Created 1 CPU actor(s). Task queue will handle concurrency.
2026-03-10 22:38:34,240 - INFO - Starting EQCCTPro parallelized waveform processing...
2026-03-10 22:38:34,243 - INFO - 
2026-03-10 22:38:34,244 - INFO - ------- Analyzing Seismic Waveforms for P and S Picks via EQCCT -------
2026-03-10 22:38:34,247 - INFO - Analyzing 0:01:00 minute timechunk from 2025-01-08 03:46:45 to 2025-01-08 03:47:45 (0 min overlap)
2026-03-10 22:38:34,249 - INFO - Processing a total of 1 stations, 1 at a time.
2026-03-10 22:38:38,301 - INFO - (1/1) RSUO: Finished the prediction in 2.14s. (HP=1.0, LP=45.0)
2026-03-10 22:38:38,303 - INFO - 
2026-03-10 22:38:38,305 - INFO - ------- Parallel Station Waveform Processing Complete For 2025-01-08 03:46:45 to 2025-01-08 03:47:45 Timechunk-------
2026-03-10 22:38:38,312 - INFO - Successfully ran EQCCTPro, exiting...
2026-03-10 22:38:38,308 - INFO - Picks saved at /home/blackwinter/projects/eqcct/eqcctpro/results/csv/bm_noise_only/20250108T034645Z_20250108T034745ZProcess Runtime: 4.06 s
2026-03-10 22:38:39,801 - INFO - Ray Successfully Shutdown.
2026-03-10 22:38:39,802 - INFO - ------- Successfully Picked All Waveform(s) from all Timechunk(s) -------
2026-03-11 13:27:12,698 - INFO - 
2026-03-11 13:27:12,699 - INFO - ------- Welcome to EQCCTPro -------
2026-03-11 13:27:12,699 - INFO - 
2026-03-11 13:27:12,700 - INFO - Running EQCCT over Requested MSeed Files using CPU(s)...
2026-03-11 13:27:12,700 - INFO - GPU disabled (CPU-only).
2026-03-11 13:27:12,700 - INFO - Configured Intra-op threads = 1
2026-03-11 13:27:12,700 - INFO - Configured Inter-op threads = 1
2026-03-11 13:27:12,700 - INFO - TensorFlow: No GPUs visible; TF will proceed on CPU.
2026-03-11 13:27:12,700 - INFO - 
2026-03-11 13:27:18,087 - INFO - Ray Successfully Initialized with 4 CPU(s) ([0, 1, 2, 3] CPU Affinity Binding).
2026-03-11 13:27:18,087 - INFO - Analyzing 1 time chunk(s) from 2025-01-08 03:46:45 to 2025-01-08 03:47:45 (dt=1min, overlap=0min).
2026-03-11 13:27:18,087 - INFO - Using 1 selected station(s).
2026-03-11 13:27:18,087 - INFO - 
2026-03-11 13:27:18,087 - INFO - ------- Starting EQCCTPro... -------
2026-03-11 13:27:18,087 - INFO - Detailed subprocess information can be found in the log file.
2026-03-11 13:27:18,088 - INFO - 
2026-03-11 13:27:18,464 - INFO - GPU disabled (CPU-only).
2026-03-11 13:27:19,982 - INFO - Configured Intra-op threads = 1
2026-03-11 13:27:19,984 - INFO - Configured Inter-op threads = 1
2026-03-11 13:27:20,024 - INFO - TensorFlow: No GPUs visible; TF will proceed on CPU.
2026-03-11 13:27:20,026 - INFO - 
2026-03-11 13:27:20,028 - INFO - ------- Hardware Configuration -------
2026-03-11 13:27:20,030 - INFO - CPU affinity set to cores: [0, 1, 2, 3]
2026-03-11 13:27:20,032 - INFO - 
2026-03-11 13:27:20,034 - INFO - ------- Data Preprocessing for EQCCTPro -------
2026-03-11 13:27:20,035 - INFO - 1 station(s) in /home/blackwinter/projects/eqcct/eqcctpro/data/waveforms_noise_only/20250108T034645Z_20250108T034745Z
2026-03-11 13:27:20,037 - INFO - Using 1 selected station(s): ['RSUO'].
2026-03-11 13:27:20,039 - INFO - Creating model actor(s)...
2026-03-11 13:27:20,041 - INFO - System RAM: Total=7870 MB, Available=3572 MB
2026-03-11 13:27:20,044 - INFO - Usable RAM budget: 7083 MB (90% of total)
2026-03-11 13:27:20,046 - INFO - ===== MEMORY-AWARE CPU ACTOR POOL (EQCCT) =====
2026-03-11 13:27:20,048 - INFO - Requested concurrent tasks: 1
2026-03-11 13:27:20,050 - INFO - Available CPUs: 4
2026-03-11 13:27:20,052 - INFO - Available RAM: 7083 MB
2026-03-11 13:27:20,054 - INFO - RAM per model: 2264 MB
2026-03-11 13:27:20,056 - INFO - Max actors by RAM: 3
2026-03-11 13:27:20,059 - INFO - Creating 1 ModelActor(s)
2026-03-11 13:27:20,061 - INFO - Let Ray handle scheduling (taskset already restricts CPU visibility)
2026-03-11 13:27:20,063 - INFO - Creating ModelActor 1/1 (2.21GB RAM each)...
2026-03-11 13:27:24,027 - INFO - ModelActor 1 created successfully.
2026-03-11 13:27:24,032 - INFO - Created 1 CPU actor(s). Task queue will handle concurrency.
2026-03-11 13:27:24,035 - INFO - Starting EQCCTPro parallelized waveform processing...
2026-03-11 13:27:24,037 - INFO - 
2026-03-11 13:27:24,039 - INFO - ------- Analyzing Seismic Waveforms for P and S Picks via EQCCT -------
2026-03-11 13:27:24,043 - INFO - Analyzing 0:01:00 minute timechunk from 2025-01-08 03:46:45 to 2025-01-08 03:47:45 (0 min overlap)
2026-03-11 13:27:24,045 - INFO - Processing a total of 1 stations, 1 at a time.
2026-03-11 13:27:25,986 - INFO - (1/1) RSUO: Skipped (already exists - overwrite=False).
2026-03-11 13:27:25,988 - INFO - 
2026-03-11 13:27:25,990 - INFO - ------- Parallel Station Waveform Processing Complete For 2025-01-08 03:46:45 to 2025-01-08 03:47:45 Timechunk-------
2026-03-11 13:27:25,992 - INFO - Picks saved at /home/blackwinter/projects/eqcct/eqcctpro/results/csv/bm_noise_only/20250108T034645Z_20250108T034745ZProcess Runtime: 1.95 s
2026-03-11 13:27:25,997 - INFO - Successfully ran EQCCTPro, exiting...
2026-03-11 13:27:27,402 - INFO - Ray Successfully Shutdown.
2026-03-11 13:27:27,402 - INFO - ------- Successfully Picked All Waveform(s) from all Timechunk(s) -------
