2026-03-19 23:08:37,850 - INFO - 
2026-03-19 23:08:37,851 - INFO - ------- Welcome to EQCCTPro -------
2026-03-19 23:08:37,851 - INFO - 
2026-03-19 23:08:37,851 - INFO - Running EQCCT over Requested MSeed Files using CPU(s)...
2026-03-19 23:08:37,851 - INFO - GPU disabled (CPU-only).
2026-03-19 23:08:37,852 - INFO - Configured Intra-op threads = 1
2026-03-19 23:08:37,852 - INFO - Configured Inter-op threads = 1
2026-03-19 23:08:37,852 - INFO - TensorFlow: No GPUs visible; TF will proceed on CPU.
2026-03-19 23:08:37,852 - INFO - 
2026-03-19 23:08:43,590 - INFO - Ray Successfully Initialized with 4 CPU(s) ([0, 1, 2, 3] CPU Affinity Binding).
2026-03-19 23:08:43,590 - INFO - Analyzing 1 time chunk(s) from 2025-01-25 13:20:45 to 2025-01-25 13:21:45 (dt=1min, overlap=0min).
2026-03-19 23:08:43,590 - INFO - Using 1 selected station(s).
2026-03-19 23:08:43,590 - INFO - 
2026-03-19 23:08:43,591 - INFO - ------- Starting EQCCTPro... -------
2026-03-19 23:08:43,591 - INFO - Detailed subprocess information can be found in the log file.
2026-03-19 23:08:43,591 - INFO - 
2026-03-19 23:08:43,980 - INFO - GPU disabled (CPU-only).
2026-03-19 23:08:45,495 - INFO - Configured Intra-op threads = 1
2026-03-19 23:08:45,497 - INFO - Configured Inter-op threads = 1
2026-03-19 23:08:45,537 - INFO - TensorFlow: No GPUs visible; TF will proceed on CPU.
2026-03-19 23:08:45,539 - INFO - 
2026-03-19 23:08:45,542 - INFO - ------- Hardware Configuration -------
2026-03-19 23:08:45,545 - INFO - CPU affinity set to cores: [0, 1, 2, 3]
2026-03-19 23:08:45,547 - INFO - 
2026-03-19 23:08:45,549 - INFO - ------- Data Preprocessing for EQCCTPro -------
2026-03-19 23:08:45,552 - INFO - 1 station(s) in /home/blackwinter/projects/eqcct/eqcctpro/data/waveforms_earthquakes_nonoise/20250125T132045Z_20250125T132145Z
2026-03-19 23:08:45,554 - INFO - Using 1 selected station(s): ['KEF'].
2026-03-19 23:08:45,556 - INFO - Creating model actor(s)...
2026-03-19 23:08:45,558 - INFO - System RAM: Total=7870 MB, Available=2862 MB
2026-03-19 23:08:45,560 - INFO - Usable RAM budget: 7083 MB (90% of total)
2026-03-19 23:08:45,562 - INFO - ===== MEMORY-AWARE CPU ACTOR POOL (EQCCT) =====
2026-03-19 23:08:45,564 - INFO - Requested concurrent tasks: 1
2026-03-19 23:08:45,566 - INFO - Available CPUs: 4
2026-03-19 23:08:45,568 - INFO - Available RAM: 7083 MB
2026-03-19 23:08:45,570 - INFO - RAM per model: 2264 MB
2026-03-19 23:08:45,572 - INFO - Max actors by RAM: 3
2026-03-19 23:08:45,575 - INFO - Creating 1 ModelActor(s)
2026-03-19 23:08:45,577 - INFO - Let Ray handle scheduling (taskset already restricts CPU visibility)
2026-03-19 23:08:45,580 - INFO - Creating ModelActor 1/1 (2.21GB RAM each)...
2026-03-19 23:08:49,561 - INFO - ModelActor 1 created successfully.
2026-03-19 23:08:49,564 - INFO - Created 1 CPU actor(s). Task queue will handle concurrency.
2026-03-19 23:08:49,566 - INFO - Starting EQCCTPro parallelized waveform processing...
2026-03-19 23:08:49,568 - INFO - 
2026-03-19 23:08:49,570 - INFO - ------- Analyzing Seismic Waveforms for P and S Picks via EQCCT -------
2026-03-19 23:08:49,572 - INFO - Analyzing 0:01:00 minute timechunk from 2025-01-25 13:20:45 to 2025-01-25 13:21:45 (0 min overlap)
2026-03-19 23:08:49,574 - INFO - Processing a total of 1 stations, 1 at a time.
2026-03-19 23:08:53,734 - INFO - (1/1) KEF: Finished the prediction in 2.19s. (HP=1.0, LP=45.0)
2026-03-19 23:08:53,736 - INFO - 
2026-03-19 23:08:53,738 - INFO - ------- Parallel Station Waveform Processing Complete For 2025-01-25 13:20:45 to 2025-01-25 13:21:45 Timechunk-------
2026-03-19 23:08:53,740 - INFO - Picks saved at /home/blackwinter/projects/eqcct/eqcctpro/results/csv/eqcct_earthquakes_th0_1/20250125T132045Z_20250125T132145ZProcess Runtime: 4.17 s
2026-03-19 23:08:53,746 - INFO - Successfully ran EQCCTPro, exiting...
2026-03-19 23:08:55,290 - INFO - Ray Successfully Shutdown.
2026-03-19 23:08:55,291 - INFO - ------- Successfully Picked All Waveform(s) from all Timechunk(s) -------
