2026-02-23 18:40:49,013 - INFO - 
2026-02-23 18:40:49,013 - INFO - ------- Welcome to EQCCTPro -------
2026-02-23 18:40:49,013 - INFO - 
2026-02-23 18:40:49,014 - INFO - Running EQCCT over Requested MSeed Files using CPU(s)...
2026-02-23 18:40:49,014 - INFO - GPU disabled (CPU-only).
2026-02-23 18:40:49,014 - INFO - Configured Intra-op threads = 1
2026-02-23 18:40:49,014 - INFO - Configured Inter-op threads = 1
2026-02-23 18:40:49,014 - INFO - TensorFlow: No GPUs visible; TF will proceed on CPU.
2026-02-23 18:40:49,014 - INFO - 
2026-02-23 18:40:53,989 - INFO - Ray Successfully Initialized with 4 CPU(s) ([0, 1, 2, 3] CPU Affinity Binding).
2026-02-23 18:40:53,989 - INFO - Analyzing 1 time chunk(s) from 2025-02-08 03:16:47 to 2025-02-08 03:17:47 (dt=1min, overlap=0min).
2026-02-23 18:40:53,990 - INFO - Using 1 selected station(s).
2026-02-23 18:40:53,990 - INFO - 
2026-02-23 18:40:53,990 - INFO - ------- Starting EQCCTPro... -------
2026-02-23 18:40:53,991 - INFO - Detailed subprocess information can be found in the log file.
2026-02-23 18:40:53,991 - INFO - 
2026-02-23 18:40:54,383 - INFO - GPU disabled (CPU-only).
2026-02-23 18:40:55,936 - INFO - Configured Intra-op threads = 1
2026-02-23 18:40:55,938 - INFO - Configured Inter-op threads = 1
2026-02-23 18:40:55,983 - INFO - TensorFlow: No GPUs visible; TF will proceed on CPU.
2026-02-23 18:40:55,986 - INFO - 
2026-02-23 18:40:55,988 - INFO - ------- Hardware Configuration -------
2026-02-23 18:40:55,991 - INFO - CPU affinity set to cores: [0, 1, 2, 3]
2026-02-23 18:40:55,993 - INFO - 
2026-02-23 18:40:55,995 - INFO - ------- Data Preprocessing for EQCCTPro -------
2026-02-23 18:40:55,997 - INFO - 1 station(s) in /home/blackwinter/projects/eqcct/eqcctpro/data/waveforms_earthquakes_noise_only/20250208T031647Z_20250208T031747Z
2026-02-23 18:40:55,999 - INFO - Using 1 selected station(s): ['JOF'].
2026-02-23 18:40:56,001 - INFO - Creating model actor(s)...
2026-02-23 18:40:56,003 - INFO - System RAM: Total=7870 MB, Available=3873 MB
2026-02-23 18:40:56,005 - INFO - Usable RAM budget: 7083 MB (90% of total)
2026-02-23 18:40:56,007 - INFO - ===== MEMORY-AWARE CPU ACTOR POOL (EQCCT) =====
2026-02-23 18:40:56,009 - INFO - Requested concurrent tasks: 1
2026-02-23 18:40:56,012 - INFO - Available CPUs: 4
2026-02-23 18:40:56,014 - INFO - Available RAM: 7083 MB
2026-02-23 18:40:56,016 - INFO - RAM per model: 2264 MB
2026-02-23 18:40:56,018 - INFO - Max actors by RAM: 3
2026-02-23 18:40:56,020 - INFO - Creating 1 ModelActor(s)
2026-02-23 18:40:56,022 - INFO - Let Ray handle scheduling (taskset already restricts CPU visibility)
2026-02-23 18:40:56,024 - INFO - Creating ModelActor 1/1 (2.21GB RAM each)...
2026-02-23 18:40:59,976 - INFO - ModelActor 1 created successfully.
2026-02-23 18:40:59,979 - INFO - Created 1 CPU actor(s). Task queue will handle concurrency.
2026-02-23 18:40:59,981 - INFO - Starting EQCCTPro parallelized waveform processing...
2026-02-23 18:40:59,983 - INFO - 
2026-02-23 18:40:59,985 - INFO - ------- Analyzing Seismic Waveforms for P and S Picks via EQCCT -------
2026-02-23 18:40:59,988 - INFO - Analyzing 0:01:00 minute timechunk from 2025-02-08 03:16:47 to 2025-02-08 03:17:47 (0 min overlap)
2026-02-23 18:40:59,990 - INFO - Processing a total of 1 stations, 1 at a time.
2026-02-23 18:41:04,044 - INFO - (1/1) JOF: Finished the prediction in 2.12s. (HP=1.0, LP=45.0)
2026-02-23 18:41:04,046 - INFO - 
2026-02-23 18:41:04,048 - INFO - ------- Parallel Station Waveform Processing Complete For 2025-02-08 03:16:47 to 2025-02-08 03:17:47 Timechunk-------
2026-02-23 18:41:04,049 - INFO - Picks saved at /home/blackwinter/projects/eqcct/eqcctpro/results/csv/bm_eq_noise_only/20250208T031647Z_20250208T031747ZProcess Runtime: 4.06 s
2026-02-23 18:41:04,054 - INFO - Successfully ran EQCCTPro, exiting...
2026-02-23 18:41:05,516 - INFO - Ray Successfully Shutdown.
2026-02-23 18:41:05,516 - INFO - ------- Successfully Picked All Waveform(s) from all Timechunk(s) -------
