2026-03-29 10:15:00,022 - INFO - 
2026-03-29 10:15:00,022 - INFO - ------- Welcome to EQCCTPro -------
2026-03-29 10:15:00,022 - INFO - 
2026-03-29 10:15:00,023 - INFO - Running EQCCT over Requested MSeed Files using CPU(s)...
2026-03-29 10:15:00,023 - INFO - GPU disabled (CPU-only).
2026-03-29 10:15:00,023 - INFO - Configured Intra-op threads = 1
2026-03-29 10:15:00,023 - INFO - Configured Inter-op threads = 1
2026-03-29 10:15:00,023 - INFO - TensorFlow: No GPUs visible; TF will proceed on CPU.
2026-03-29 10:15:00,023 - INFO - 
2026-03-29 10:15:05,761 - INFO - Ray Successfully Initialized with 4 CPU(s) ([0, 1, 2, 3] CPU Affinity Binding).
2026-03-29 10:15:05,761 - INFO - Analyzing 1 time chunk(s) from 2025-01-03 15:51:08 to 2025-01-03 15:52:08 (dt=1min, overlap=0min).
2026-03-29 10:15:05,761 - INFO - Using 1 selected station(s).
2026-03-29 10:15:05,761 - INFO - 
2026-03-29 10:15:05,762 - INFO - ------- Starting EQCCTPro... -------
2026-03-29 10:15:05,762 - INFO - Detailed subprocess information can be found in the log file.
2026-03-29 10:15:05,762 - INFO - 
2026-03-29 10:15:06,154 - INFO - GPU disabled (CPU-only).
2026-03-29 10:15:07,777 - INFO - Configured Intra-op threads = 1
2026-03-29 10:15:07,779 - INFO - Configured Inter-op threads = 1
2026-03-29 10:15:07,828 - INFO - TensorFlow: No GPUs visible; TF will proceed on CPU.
2026-03-29 10:15:07,831 - INFO - 
2026-03-29 10:15:07,835 - INFO - ------- Hardware Configuration -------
2026-03-29 10:15:07,838 - INFO - CPU affinity set to cores: [0, 1, 2, 3]
2026-03-29 10:15:07,842 - INFO - 
2026-03-29 10:15:07,845 - INFO - ------- Data Preprocessing for EQCCTPro -------
2026-03-29 10:15:07,848 - INFO - 1 station(s) in /home/blackwinter/projects/eqcct/eqcctpro/data/waveforms_noise_only/20250103T155108Z_20250103T155208Z
2026-03-29 10:15:07,852 - INFO - Using 1 selected station(s): ['VUOS'].
2026-03-29 10:15:07,855 - INFO - Creating model actor(s)...
2026-03-29 10:15:07,859 - INFO - System RAM: Total=7870 MB, Available=5372 MB
2026-03-29 10:15:07,861 - INFO - Usable RAM budget: 7083 MB (90% of total)
2026-03-29 10:15:07,865 - INFO - ===== MEMORY-AWARE CPU ACTOR POOL (EQCCT) =====
2026-03-29 10:15:07,868 - INFO - Requested concurrent tasks: 1
2026-03-29 10:15:07,871 - INFO - Available CPUs: 4
2026-03-29 10:15:07,873 - INFO - Available RAM: 7083 MB
2026-03-29 10:15:07,877 - INFO - RAM per model: 2264 MB
2026-03-29 10:15:07,880 - INFO - Max actors by RAM: 3
2026-03-29 10:15:07,884 - INFO - Creating 1 ModelActor(s)
2026-03-29 10:15:07,887 - INFO - Let Ray handle scheduling (taskset already restricts CPU visibility)
2026-03-29 10:15:07,889 - INFO - Creating ModelActor 1/1 (2.21GB RAM each)...
2026-03-29 10:15:12,132 - INFO - ModelActor 1 created successfully.
2026-03-29 10:15:12,135 - INFO - Created 1 CPU actor(s). Task queue will handle concurrency.
2026-03-29 10:15:12,137 - INFO - Starting EQCCTPro parallelized waveform processing...
2026-03-29 10:15:12,139 - INFO - 
2026-03-29 10:15:12,142 - INFO - ------- Analyzing Seismic Waveforms for P and S Picks via EQCCT -------
2026-03-29 10:15:12,145 - INFO - Analyzing 0:01:00 minute timechunk from 2025-01-03 15:51:08 to 2025-01-03 15:52:08 (0 min overlap)
2026-03-29 10:15:12,148 - INFO - Processing a total of 1 stations, 1 at a time.
2026-03-29 10:15:16,471 - INFO - (1/1) VUOS: Finished the prediction in 2.35s. (HP=1.0, LP=45.0)
2026-03-29 10:15:16,473 - INFO - 
2026-03-29 10:15:16,476 - INFO - ------- Parallel Station Waveform Processing Complete For 2025-01-03 15:51:08 to 2025-01-03 15:52:08 Timechunk-------
2026-03-29 10:15:16,479 - INFO - Picks saved at /home/blackwinter/projects/eqcct/eqcctpro/results/csv/eqcct_noise_th0_1/20250103T155108Z_20250103T155208ZProcess Runtime: 4.34 s
2026-03-29 10:15:16,483 - INFO - Successfully ran EQCCTPro, exiting...
2026-03-29 10:15:18,043 - INFO - Ray Successfully Shutdown.
2026-03-29 10:15:18,043 - INFO - ------- Successfully Picked All Waveform(s) from all Timechunk(s) -------
