2026-03-27 19:36:23,647 - INFO - 
2026-03-27 19:36:23,647 - INFO - ------- Welcome to EQCCTPro -------
2026-03-27 19:36:23,647 - INFO - 
2026-03-27 19:36:23,647 - INFO - Running EQCCT over Requested MSeed Files using CPU(s)...
2026-03-27 19:36:23,648 - INFO - GPU disabled (CPU-only).
2026-03-27 19:36:23,648 - INFO - Skipping framework-specific initialization in the driver process.
2026-03-27 19:36:26,004 - INFO - Ray Successfully Initialized with 4 CPU(s) ([0, 1, 2, 3] CPU Affinity Binding).
2026-03-27 19:36:26,004 - INFO - Analyzing 1 time chunk(s) from 2025-07-04 15:31:45 to 2025-07-04 15:32:45 (dt=1min, overlap=0min).
2026-03-27 19:36:26,004 - INFO - Using 1 selected station(s).
2026-03-27 19:36:26,004 - INFO - 
2026-03-27 19:36:26,005 - INFO - ------- Starting EQCCTPro... -------
2026-03-27 19:36:26,005 - INFO - Detailed subprocess information can be found in the log file.
2026-03-27 19:36:26,005 - INFO - 
2026-03-27 19:36:26,272 - INFO - GPU disabled (CPU-only).
2026-03-27 19:36:26,277 - INFO - Skipping framework-specific initialization in the driver process.
2026-03-27 19:36:26,279 - INFO - ------- Hardware Configuration -------
2026-03-27 19:36:26,282 - INFO - CPU affinity set to cores: [0, 1, 2, 3]
2026-03-27 19:36:26,284 - INFO - 
2026-03-27 19:36:26,287 - INFO - ------- Data Preprocessing for EQCCTPro -------
2026-03-27 19:36:26,289 - INFO - 1 station(s) in /home/blackwinter/projects/eqcct/eqcctpro/data/waveforms_earthquakes_nonoise/20250704T153145Z_20250704T153245Z
2026-03-27 19:36:26,291 - INFO - Using 1 selected station(s): ['KAF'].
2026-03-27 19:36:26,294 - INFO - Creating model actor(s)...
2026-03-27 19:36:26,297 - INFO - System RAM: Total=7870 MB, Available=5965 MB
2026-03-27 19:36:26,299 - INFO - Usable RAM budget: 7083 MB (90% of total)
2026-03-27 19:36:26,302 - INFO - ===== MEMORY-AWARE CPU ACTOR POOL =====
2026-03-27 19:36:26,304 - INFO - Requested concurrent tasks: 1
2026-03-27 19:36:26,306 - INFO - Available CPUs: 4
2026-03-27 19:36:26,308 - INFO - Available RAM: 7083 MB
2026-03-27 19:36:26,310 - INFO - RAM per model: 2060 MB
2026-03-27 19:36:26,313 - INFO - Max actors by RAM: 3
2026-03-27 19:36:26,315 - INFO - Creating 1 SeisBenchModelActor(s)
2026-03-27 19:36:26,318 - INFO - Let Ray handle scheduling (taskset already restricts CPU visibility)
2026-03-27 19:36:26,320 - INFO - Creating SeisBenchModelActor 1/1 (2.01GB RAM each)...
2026-03-27 19:36:29,074 - INFO - SeisBenchModelActor 1 created successfully.
2026-03-27 19:36:29,077 - INFO - Created 1 CPU actor(s). Task queue will handle concurrency.
2026-03-27 19:36:29,079 - INFO - Starting EQCCTPro parallelized waveform processing...
2026-03-27 19:36:29,082 - INFO - 
2026-03-27 19:36:29,084 - INFO - ------- Analyzing Seismic Waveforms for P and S Picks via SeisBench (EQTransformer - original_nonconservative) -------
2026-03-27 19:36:29,087 - INFO - Analyzing 0:01:00 minute timechunk from 2025-07-04 15:31:45 to 2025-07-04 15:32:45 (0 min overlap)
2026-03-27 19:36:29,089 - INFO - Processing a total of 1 stations, 1 at a time.
2026-03-27 19:36:31,262 - INFO - (1/1) KAF: Finished the prediction in 0.13s. (HP=1.0, LP=45.0, picks=1)
2026-03-27 19:36:31,264 - INFO - 
2026-03-27 19:36:31,267 - INFO - ------- Parallel Station Waveform Processing Complete For 2025-07-04 15:31:45 to 2025-07-04 15:32:45 Timechunk-------
2026-03-27 19:36:31,270 - INFO - Picks saved at /home/blackwinter/projects/eqcct/eqcctpro/results/csv/eqt_earthquakes_th0_1/20250704T153145Z_20250704T153245ZProcess Runtime: 2.19 s
2026-03-27 19:36:31,275 - INFO - Successfully ran EQCCTPro, exiting...
2026-03-27 19:36:32,955 - INFO - Ray Successfully Shutdown.
2026-03-27 19:36:32,955 - INFO - ------- Successfully Picked All Waveform(s) from all Timechunk(s) -------
2026-03-28 02:03:22,328 - INFO - 
2026-03-28 02:03:22,329 - INFO - ------- Welcome to EQCCTPro -------
2026-03-28 02:03:22,329 - INFO - 
2026-03-28 02:03:22,330 - INFO - Running EQCCT over Requested MSeed Files using CPU(s)...
2026-03-28 02:03:22,330 - INFO - GPU disabled (CPU-only).
2026-03-28 02:03:22,330 - INFO - Skipping framework-specific initialization in the driver process.
2026-03-28 02:03:24,796 - INFO - Ray Successfully Initialized with 4 CPU(s) ([0, 1, 2, 3] CPU Affinity Binding).
2026-03-28 02:03:24,796 - INFO - Analyzing 1 time chunk(s) from 2025-07-04 15:31:45 to 2025-07-04 15:32:45 (dt=1min, overlap=0min).
2026-03-28 02:03:24,796 - INFO - Using 1 selected station(s).
2026-03-28 02:03:24,796 - INFO - 
2026-03-28 02:03:24,796 - INFO - ------- Starting EQCCTPro... -------
2026-03-28 02:03:24,796 - INFO - Detailed subprocess information can be found in the log file.
2026-03-28 02:03:24,797 - INFO - 
2026-03-28 02:03:25,082 - INFO - GPU disabled (CPU-only).
2026-03-28 02:03:25,087 - INFO - Skipping framework-specific initialization in the driver process.
2026-03-28 02:03:25,089 - INFO - ------- Hardware Configuration -------
2026-03-28 02:03:25,093 - INFO - CPU affinity set to cores: [0, 1, 2, 3]
2026-03-28 02:03:25,096 - INFO - 
2026-03-28 02:03:25,099 - INFO - ------- Data Preprocessing for EQCCTPro -------
2026-03-28 02:03:25,102 - INFO - 1 station(s) in /home/blackwinter/projects/eqcct/eqcctpro/data/waveforms_earthquakes_nonoise/20250704T153145Z_20250704T153245Z
2026-03-28 02:03:25,104 - INFO - Using 1 selected station(s): ['KAF'].
2026-03-28 02:03:25,107 - INFO - Creating model actor(s)...
2026-03-28 02:03:25,109 - INFO - System RAM: Total=7870 MB, Available=5815 MB
2026-03-28 02:03:25,112 - INFO - Usable RAM budget: 7083 MB (90% of total)
2026-03-28 02:03:25,114 - INFO - ===== MEMORY-AWARE CPU ACTOR POOL =====
2026-03-28 02:03:25,117 - INFO - Requested concurrent tasks: 1
2026-03-28 02:03:25,119 - INFO - Available CPUs: 4
2026-03-28 02:03:25,122 - INFO - Available RAM: 7083 MB
2026-03-28 02:03:25,125 - INFO - RAM per model: 2060 MB
2026-03-28 02:03:25,127 - INFO - Max actors by RAM: 3
2026-03-28 02:03:25,130 - INFO - Creating 1 SeisBenchModelActor(s)
2026-03-28 02:03:25,132 - INFO - Let Ray handle scheduling (taskset already restricts CPU visibility)
2026-03-28 02:03:25,134 - INFO - Creating SeisBenchModelActor 1/1 (2.01GB RAM each)...
2026-03-28 02:03:27,963 - INFO - SeisBenchModelActor 1 created successfully.
2026-03-28 02:03:27,966 - INFO - Created 1 CPU actor(s). Task queue will handle concurrency.
2026-03-28 02:03:27,968 - INFO - Starting EQCCTPro parallelized waveform processing...
2026-03-28 02:03:27,971 - INFO - 
2026-03-28 02:03:27,973 - INFO - ------- Analyzing Seismic Waveforms for P and S Picks via SeisBench (EQTransformer - original_nonconservative) -------
2026-03-28 02:03:27,975 - INFO - Analyzing 0:01:00 minute timechunk from 2025-07-04 15:31:45 to 2025-07-04 15:32:45 (0 min overlap)
2026-03-28 02:03:27,977 - INFO - Processing a total of 1 stations, 1 at a time.
2026-03-28 02:03:30,159 - INFO - (1/1) KAF: Skipped (already exists - overwrite=False).
2026-03-28 02:03:30,162 - INFO - 
2026-03-28 02:03:30,166 - INFO - ------- Parallel Station Waveform Processing Complete For 2025-07-04 15:31:45 to 2025-07-04 15:32:45 Timechunk-------
2026-03-28 02:03:30,169 - INFO - Picks saved at /home/blackwinter/projects/eqcct/eqcctpro/results/csv/eqt_earthquakes_th0_1/20250704T153145Z_20250704T153245ZProcess Runtime: 2.20 s
2026-03-28 02:03:30,174 - INFO - Successfully ran EQCCTPro, exiting...
2026-03-28 02:03:31,737 - INFO - Ray Successfully Shutdown.
2026-03-28 02:03:31,737 - INFO - ------- Successfully Picked All Waveform(s) from all Timechunk(s) -------
