2026-02-22 11:42:41,552 - INFO - 
2026-02-22 11:42:41,552 - INFO - ------- Welcome to EQCCTPro -------
2026-02-22 11:42:41,552 - INFO - 
2026-02-22 11:42:41,553 - INFO - Running EQCCT over Requested MSeed Files using CPU(s)...
2026-02-22 11:42:41,553 - INFO - GPU disabled (CPU-only).
2026-02-22 11:42:41,553 - INFO - Configured Intra-op threads = 1
2026-02-22 11:42:41,553 - INFO - Configured Inter-op threads = 1
2026-02-22 11:42:41,554 - INFO - TensorFlow: No GPUs visible; TF will proceed on CPU.
2026-02-22 11:42:41,554 - INFO - 
2026-02-22 11:42:46,702 - INFO - Ray Successfully Initialized with 4 CPU(s) ([0, 1, 2, 3] CPU Affinity Binding).
2026-02-22 11:42:46,702 - INFO - Analyzing 1 time chunk(s) from 2025-01-05 04:54:54 to 2025-01-05 04:55:54 (dt=1min, overlap=0min).
2026-02-22 11:42:46,702 - INFO - Using 1 selected station(s).
2026-02-22 11:42:46,702 - INFO - 
2026-02-22 11:42:46,702 - INFO - ------- Starting EQCCTPro... -------
2026-02-22 11:42:46,702 - INFO - Detailed subprocess information can be found in the log file.
2026-02-22 11:42:46,703 - INFO - 
2026-02-22 11:42:47,059 - INFO - GPU disabled (CPU-only).
2026-02-22 11:42:48,561 - INFO - Configured Intra-op threads = 1
2026-02-22 11:42:48,564 - INFO - Configured Inter-op threads = 1
2026-02-22 11:42:48,601 - INFO - TensorFlow: No GPUs visible; TF will proceed on CPU.
2026-02-22 11:42:48,604 - INFO - 
2026-02-22 11:42:48,606 - INFO - ------- Hardware Configuration -------
2026-02-22 11:42:48,608 - INFO - CPU affinity set to cores: [0, 1, 2, 3]
2026-02-22 11:42:48,609 - INFO - 
2026-02-22 11:42:48,611 - INFO - ------- Data Preprocessing for EQCCTPro -------
2026-02-22 11:42:48,613 - INFO - 1 station(s) in /home/blackwinter/projects/eqcct/eqcctpro/data/waveforms_earthquakes_nonoise/20250105T045454Z_20250105T045554Z
2026-02-22 11:42:48,615 - INFO - Using 1 selected station(s): ['OBF8'].
2026-02-22 11:42:48,616 - INFO - Creating model actor(s)...
2026-02-22 11:42:48,618 - INFO - System RAM: Total=7870 MB, Available=3542 MB
2026-02-22 11:42:48,620 - INFO - Usable RAM budget: 7083 MB (90% of total)
2026-02-22 11:42:48,621 - INFO - ===== MEMORY-AWARE CPU ACTOR POOL (EQCCT) =====
2026-02-22 11:42:48,623 - INFO - Requested concurrent tasks: 1
2026-02-22 11:42:48,625 - INFO - Available CPUs: 4
2026-02-22 11:42:48,627 - INFO - Available RAM: 7083 MB
2026-02-22 11:42:48,630 - INFO - RAM per model: 2264 MB
2026-02-22 11:42:48,632 - INFO - Max actors by RAM: 3
2026-02-22 11:42:48,634 - INFO - Creating 1 ModelActor(s)
2026-02-22 11:42:48,636 - INFO - Let Ray handle scheduling (taskset already restricts CPU visibility)
2026-02-22 11:42:48,638 - INFO - Creating ModelActor 1/1 (2.21GB RAM each)...
2026-02-22 11:42:52,508 - INFO - ModelActor 1 created successfully.
2026-02-22 11:42:52,510 - INFO - Created 1 CPU actor(s). Task queue will handle concurrency.
2026-02-22 11:42:52,513 - INFO - Starting EQCCTPro parallelized waveform processing...
2026-02-22 11:42:52,514 - INFO - 
2026-02-22 11:42:52,516 - INFO - ------- Analyzing Seismic Waveforms for P and S Picks via EQCCT -------
2026-02-22 11:42:52,519 - INFO - Analyzing 0:01:00 minute timechunk from 2025-01-05 04:54:54 to 2025-01-05 04:55:54 (0 min overlap)
2026-02-22 11:42:52,521 - INFO - Processing a total of 1 stations, 1 at a time.
2026-02-22 11:42:56,490 - INFO - (1/1) OBF8: Finished the prediction in 2.09s. (HP=1.0, LP=45.0)
2026-02-22 11:42:56,492 - INFO - 
2026-02-22 11:42:56,494 - INFO - ------- Parallel Station Waveform Processing Complete For 2025-01-05 04:54:54 to 2025-01-05 04:55:54 Timechunk-------
2026-02-22 11:42:56,497 - INFO - Picks saved at /home/blackwinter/projects/eqcct/eqcctpro/results/csv/bm_eq_nonoise/20250105T045454Z_20250105T045554ZProcess Runtime: 3.98 s
2026-02-22 11:42:56,501 - INFO - Successfully ran EQCCTPro, exiting...
2026-02-22 11:42:58,038 - INFO - Ray Successfully Shutdown.
2026-02-22 11:42:58,038 - INFO - ------- Successfully Picked All Waveform(s) from all Timechunk(s) -------
