2026-03-20 04:13:50,545 - INFO - 
2026-03-20 04:13:50,545 - INFO - ------- Welcome to EQCCTPro -------
2026-03-20 04:13:50,545 - INFO - 
2026-03-20 04:13:50,546 - INFO - Running EQCCT over Requested MSeed Files using CPU(s)...
2026-03-20 04:13:50,546 - INFO - GPU disabled (CPU-only).
2026-03-20 04:13:50,546 - INFO - Configured Intra-op threads = 1
2026-03-20 04:13:50,546 - INFO - Configured Inter-op threads = 1
2026-03-20 04:13:50,546 - INFO - TensorFlow: No GPUs visible; TF will proceed on CPU.
2026-03-20 04:13:50,546 - INFO - 
2026-03-20 04:13:55,869 - INFO - Ray Successfully Initialized with 4 CPU(s) ([0, 1, 2, 3] CPU Affinity Binding).
2026-03-20 04:13:55,870 - INFO - Analyzing 1 time chunk(s) from 2025-08-17 03:15:45 to 2025-08-17 03:16:45 (dt=1min, overlap=0min).
2026-03-20 04:13:55,870 - INFO - Using 1 selected station(s).
2026-03-20 04:13:55,870 - INFO - 
2026-03-20 04:13:55,870 - INFO - ------- Starting EQCCTPro... -------
2026-03-20 04:13:55,870 - INFO - Detailed subprocess information can be found in the log file.
2026-03-20 04:13:55,870 - INFO - 
2026-03-20 04:13:56,249 - INFO - GPU disabled (CPU-only).
2026-03-20 04:13:57,713 - INFO - Configured Intra-op threads = 1
2026-03-20 04:13:57,716 - INFO - Configured Inter-op threads = 1
2026-03-20 04:13:57,758 - INFO - TensorFlow: No GPUs visible; TF will proceed on CPU.
2026-03-20 04:13:57,760 - INFO - 
2026-03-20 04:13:57,762 - INFO - ------- Hardware Configuration -------
2026-03-20 04:13:57,765 - INFO - CPU affinity set to cores: [0, 1, 2, 3]
2026-03-20 04:13:57,766 - INFO - 
2026-03-20 04:13:57,768 - INFO - ------- Data Preprocessing for EQCCTPro -------
2026-03-20 04:13:57,770 - INFO - 1 station(s) in /home/blackwinter/projects/eqcct/eqcctpro/data/waveforms_earthquakes_nonoise/20250817T031545Z_20250817T031645Z
2026-03-20 04:13:57,771 - INFO - Using 1 selected station(s): ['SUF'].
2026-03-20 04:13:57,773 - INFO - Creating model actor(s)...
2026-03-20 04:13:57,775 - INFO - System RAM: Total=7870 MB, Available=1764 MB
2026-03-20 04:13:57,777 - INFO - Usable RAM budget: 7083 MB (90% of total)
2026-03-20 04:13:57,779 - INFO - ===== MEMORY-AWARE CPU ACTOR POOL (EQCCT) =====
2026-03-20 04:13:57,781 - INFO - Requested concurrent tasks: 1
2026-03-20 04:13:57,783 - INFO - Available CPUs: 4
2026-03-20 04:13:57,785 - INFO - Available RAM: 7083 MB
2026-03-20 04:13:57,787 - INFO - RAM per model: 2264 MB
2026-03-20 04:13:57,788 - INFO - Max actors by RAM: 3
2026-03-20 04:13:57,790 - INFO - Creating 1 ModelActor(s)
2026-03-20 04:13:57,793 - INFO - Let Ray handle scheduling (taskset already restricts CPU visibility)
2026-03-20 04:13:57,795 - INFO - Creating ModelActor 1/1 (2.21GB RAM each)...
2026-03-20 04:14:01,593 - INFO - ModelActor 1 created successfully.
2026-03-20 04:14:01,596 - INFO - Created 1 CPU actor(s). Task queue will handle concurrency.
2026-03-20 04:14:01,598 - INFO - Starting EQCCTPro parallelized waveform processing...
2026-03-20 04:14:01,601 - INFO - 
2026-03-20 04:14:01,603 - INFO - ------- Analyzing Seismic Waveforms for P and S Picks via EQCCT -------
2026-03-20 04:14:01,605 - INFO - Analyzing 0:01:00 minute timechunk from 2025-08-17 03:15:45 to 2025-08-17 03:16:45 (0 min overlap)
2026-03-20 04:14:01,608 - INFO - Processing a total of 1 stations, 1 at a time.
2026-03-20 04:14:05,650 - INFO - (1/1) SUF: Finished the prediction in 2.14s. (HP=1.0, LP=45.0)
2026-03-20 04:14:05,653 - INFO - 
2026-03-20 04:14:05,655 - INFO - ------- Parallel Station Waveform Processing Complete For 2025-08-17 03:15:45 to 2025-08-17 03:16:45 Timechunk-------
2026-03-20 04:14:05,660 - INFO - Successfully ran EQCCTPro, exiting...
2026-03-20 04:14:05,657 - INFO - Picks saved at /home/blackwinter/projects/eqcct/eqcctpro/results/csv/eqcct_earthquakes_th0_1/20250817T031545Z_20250817T031645ZProcess Runtime: 4.05 s
2026-03-20 04:14:07,594 - INFO - Ray Successfully Shutdown.
2026-03-20 04:14:07,594 - INFO - ------- Successfully Picked All Waveform(s) from all Timechunk(s) -------
