2026-03-10 22:45:21,780 - INFO - 
2026-03-10 22:45:21,781 - INFO - ------- Welcome to EQCCTPro -------
2026-03-10 22:45:21,781 - INFO - 
2026-03-10 22:45:21,781 - INFO - Running EQCCT over Requested MSeed Files using CPU(s)...
2026-03-10 22:45:21,781 - INFO - GPU disabled (CPU-only).
2026-03-10 22:45:21,782 - INFO - Configured Intra-op threads = 1
2026-03-10 22:45:21,782 - INFO - Configured Inter-op threads = 1
2026-03-10 22:45:21,782 - INFO - TensorFlow: No GPUs visible; TF will proceed on CPU.
2026-03-10 22:45:21,782 - INFO - 
2026-03-10 22:45:27,281 - INFO - Ray Successfully Initialized with 4 CPU(s) ([0, 1, 2, 3] CPU Affinity Binding).
2026-03-10 22:45:27,282 - INFO - Analyzing 1 time chunk(s) from 2025-01-08 08:39:40 to 2025-01-08 08:40:40 (dt=1min, overlap=0min).
2026-03-10 22:45:27,282 - INFO - Using 1 selected station(s).
2026-03-10 22:45:27,282 - INFO - 
2026-03-10 22:45:27,282 - INFO - ------- Starting EQCCTPro... -------
2026-03-10 22:45:27,283 - INFO - Detailed subprocess information can be found in the log file.
2026-03-10 22:45:27,283 - INFO - 
2026-03-10 22:45:27,666 - INFO - GPU disabled (CPU-only).
2026-03-10 22:45:29,249 - INFO - Configured Intra-op threads = 1
2026-03-10 22:45:29,252 - INFO - Configured Inter-op threads = 1
2026-03-10 22:45:29,296 - INFO - TensorFlow: No GPUs visible; TF will proceed on CPU.
2026-03-10 22:45:29,299 - INFO - 
2026-03-10 22:45:29,301 - INFO - ------- Hardware Configuration -------
2026-03-10 22:45:29,303 - INFO - CPU affinity set to cores: [0, 1, 2, 3]
2026-03-10 22:45:29,305 - INFO - 
2026-03-10 22:45:29,307 - INFO - ------- Data Preprocessing for EQCCTPro -------
2026-03-10 22:45:29,310 - INFO - 1 station(s) in /home/blackwinter/projects/eqcct/eqcctpro/data/waveforms_noise_only/20250108T083940Z_20250108T084040Z
2026-03-10 22:45:29,312 - INFO - Using 1 selected station(s): ['KMNF'].
2026-03-10 22:45:29,314 - INFO - Creating model actor(s)...
2026-03-10 22:45:29,316 - INFO - System RAM: Total=7870 MB, Available=2747 MB
2026-03-10 22:45:29,318 - INFO - Usable RAM budget: 7083 MB (90% of total)
2026-03-10 22:45:29,321 - INFO - ===== MEMORY-AWARE CPU ACTOR POOL (EQCCT) =====
2026-03-10 22:45:29,323 - INFO - Requested concurrent tasks: 1
2026-03-10 22:45:29,325 - INFO - Available CPUs: 4
2026-03-10 22:45:29,327 - INFO - Available RAM: 7083 MB
2026-03-10 22:45:29,329 - INFO - RAM per model: 2264 MB
2026-03-10 22:45:29,332 - INFO - Max actors by RAM: 3
2026-03-10 22:45:29,334 - INFO - Creating 1 ModelActor(s)
2026-03-10 22:45:29,336 - INFO - Let Ray handle scheduling (taskset already restricts CPU visibility)
2026-03-10 22:45:29,339 - INFO - Creating ModelActor 1/1 (2.21GB RAM each)...
2026-03-10 22:45:33,325 - INFO - ModelActor 1 created successfully.
2026-03-10 22:45:33,328 - INFO - Created 1 CPU actor(s). Task queue will handle concurrency.
2026-03-10 22:45:33,330 - INFO - Starting EQCCTPro parallelized waveform processing...
2026-03-10 22:45:33,332 - INFO - 
2026-03-10 22:45:33,334 - INFO - ------- Analyzing Seismic Waveforms for P and S Picks via EQCCT -------
2026-03-10 22:45:33,336 - INFO - Analyzing 0:01:00 minute timechunk from 2025-01-08 08:39:40 to 2025-01-08 08:40:40 (0 min overlap)
2026-03-10 22:45:33,338 - INFO - Processing a total of 1 stations, 1 at a time.
2026-03-10 22:45:37,428 - INFO - (1/1) KMNF: Finished the prediction in 2.18s. (HP=1.0, LP=45.0)
2026-03-10 22:45:37,430 - INFO - 
2026-03-10 22:45:37,433 - INFO - ------- Parallel Station Waveform Processing Complete For 2025-01-08 08:39:40 to 2025-01-08 08:40:40 Timechunk-------
2026-03-10 22:45:37,435 - INFO - Picks saved at /home/blackwinter/projects/eqcct/eqcctpro/results/csv/bm_noise_only/20250108T083940Z_20250108T084040ZProcess Runtime: 4.10 s
2026-03-10 22:45:37,438 - INFO - Successfully ran EQCCTPro, exiting...
2026-03-10 22:45:38,992 - INFO - Ray Successfully Shutdown.
2026-03-10 22:45:38,992 - INFO - ------- Successfully Picked All Waveform(s) from all Timechunk(s) -------
2026-03-11 13:33:20,296 - INFO - 
2026-03-11 13:33:20,297 - INFO - ------- Welcome to EQCCTPro -------
2026-03-11 13:33:20,297 - INFO - 
2026-03-11 13:33:20,298 - INFO - Running EQCCT over Requested MSeed Files using CPU(s)...
2026-03-11 13:33:20,298 - INFO - GPU disabled (CPU-only).
2026-03-11 13:33:20,299 - INFO - Configured Intra-op threads = 1
2026-03-11 13:33:20,299 - INFO - Configured Inter-op threads = 1
2026-03-11 13:33:20,299 - INFO - TensorFlow: No GPUs visible; TF will proceed on CPU.
2026-03-11 13:33:20,299 - INFO - 
2026-03-11 13:33:25,506 - INFO - Ray Successfully Initialized with 4 CPU(s) ([0, 1, 2, 3] CPU Affinity Binding).
2026-03-11 13:33:25,506 - INFO - Analyzing 1 time chunk(s) from 2025-01-08 08:39:40 to 2025-01-08 08:40:40 (dt=1min, overlap=0min).
2026-03-11 13:33:25,507 - INFO - Using 1 selected station(s).
2026-03-11 13:33:25,507 - INFO - 
2026-03-11 13:33:25,507 - INFO - ------- Starting EQCCTPro... -------
2026-03-11 13:33:25,507 - INFO - Detailed subprocess information can be found in the log file.
2026-03-11 13:33:25,507 - INFO - 
2026-03-11 13:33:25,864 - INFO - GPU disabled (CPU-only).
2026-03-11 13:33:27,300 - INFO - Configured Intra-op threads = 1
2026-03-11 13:33:27,303 - INFO - Configured Inter-op threads = 1
2026-03-11 13:33:27,342 - INFO - TensorFlow: No GPUs visible; TF will proceed on CPU.
2026-03-11 13:33:27,344 - INFO - 
2026-03-11 13:33:27,346 - INFO - ------- Hardware Configuration -------
2026-03-11 13:33:27,348 - INFO - CPU affinity set to cores: [0, 1, 2, 3]
2026-03-11 13:33:27,350 - INFO - 
2026-03-11 13:33:27,352 - INFO - ------- Data Preprocessing for EQCCTPro -------
2026-03-11 13:33:27,355 - INFO - 1 station(s) in /home/blackwinter/projects/eqcct/eqcctpro/data/waveforms_noise_only/20250108T083940Z_20250108T084040Z
2026-03-11 13:33:27,357 - INFO - Using 1 selected station(s): ['KMNF'].
2026-03-11 13:33:27,359 - INFO - Creating model actor(s)...
2026-03-11 13:33:27,361 - INFO - System RAM: Total=7870 MB, Available=3640 MB
2026-03-11 13:33:27,363 - INFO - Usable RAM budget: 7083 MB (90% of total)
2026-03-11 13:33:27,365 - INFO - ===== MEMORY-AWARE CPU ACTOR POOL (EQCCT) =====
2026-03-11 13:33:27,368 - INFO - Requested concurrent tasks: 1
2026-03-11 13:33:27,370 - INFO - Available CPUs: 4
2026-03-11 13:33:27,372 - INFO - Available RAM: 7083 MB
2026-03-11 13:33:27,373 - INFO - RAM per model: 2264 MB
2026-03-11 13:33:27,375 - INFO - Max actors by RAM: 3
2026-03-11 13:33:27,377 - INFO - Creating 1 ModelActor(s)
2026-03-11 13:33:27,378 - INFO - Let Ray handle scheduling (taskset already restricts CPU visibility)
2026-03-11 13:33:27,380 - INFO - Creating ModelActor 1/1 (2.21GB RAM each)...
2026-03-11 13:33:31,439 - INFO - ModelActor 1 created successfully.
2026-03-11 13:33:31,443 - INFO - Created 1 CPU actor(s). Task queue will handle concurrency.
2026-03-11 13:33:31,445 - INFO - Starting EQCCTPro parallelized waveform processing...
2026-03-11 13:33:31,447 - INFO - 
2026-03-11 13:33:31,449 - INFO - ------- Analyzing Seismic Waveforms for P and S Picks via EQCCT -------
2026-03-11 13:33:31,452 - INFO - Analyzing 0:01:00 minute timechunk from 2025-01-08 08:39:40 to 2025-01-08 08:40:40 (0 min overlap)
2026-03-11 13:33:31,454 - INFO - Processing a total of 1 stations, 1 at a time.
2026-03-11 13:33:33,341 - INFO - (1/1) KMNF: Skipped (already exists - overwrite=False).
2026-03-11 13:33:33,344 - INFO - 
2026-03-11 13:33:33,346 - INFO - ------- Parallel Station Waveform Processing Complete For 2025-01-08 08:39:40 to 2025-01-08 08:40:40 Timechunk-------
2026-03-11 13:33:33,353 - INFO - Successfully ran EQCCTPro, exiting...
2026-03-11 13:33:33,348 - INFO - Picks saved at /home/blackwinter/projects/eqcct/eqcctpro/results/csv/bm_noise_only/20250108T083940Z_20250108T084040ZProcess Runtime: 1.90 s
2026-03-11 13:33:34,933 - INFO - Ray Successfully Shutdown.
2026-03-11 13:33:34,933 - INFO - ------- Successfully Picked All Waveform(s) from all Timechunk(s) -------
