2026-02-27 00:46:29,827 - INFO - 
2026-02-27 00:46:29,828 - INFO - ------- Welcome to EQCCTPro -------
2026-02-27 00:46:29,828 - INFO - 
2026-02-27 00:46:29,828 - INFO - Running EQCCT over Requested MSeed Files using CPU(s)...
2026-02-27 00:46:29,828 - INFO - GPU disabled (CPU-only).
2026-02-27 00:46:29,829 - INFO - Configured Intra-op threads = 1
2026-02-27 00:46:29,829 - INFO - Configured Inter-op threads = 1
2026-02-27 00:46:29,829 - INFO - TensorFlow: No GPUs visible; TF will proceed on CPU.
2026-02-27 00:46:29,829 - INFO - 
2026-02-27 00:46:35,494 - INFO - Ray Successfully Initialized with 4 CPU(s) ([0, 1, 2, 3] CPU Affinity Binding).
2026-02-27 00:46:35,494 - INFO - Analyzing 1 time chunk(s) from 2025-01-13 12:12:26 to 2025-01-13 12:13:26 (dt=1min, overlap=0min).
2026-02-27 00:46:35,494 - INFO - Using 1 selected station(s).
2026-02-27 00:46:35,494 - INFO - 
2026-02-27 00:46:35,495 - INFO - ------- Starting EQCCTPro... -------
2026-02-27 00:46:35,495 - INFO - Detailed subprocess information can be found in the log file.
2026-02-27 00:46:35,495 - INFO - 
2026-02-27 00:46:35,879 - INFO - GPU disabled (CPU-only).
2026-02-27 00:46:37,386 - INFO - Configured Intra-op threads = 1
2026-02-27 00:46:37,388 - INFO - Configured Inter-op threads = 1
2026-02-27 00:46:37,428 - INFO - TensorFlow: No GPUs visible; TF will proceed on CPU.
2026-02-27 00:46:37,430 - INFO - 
2026-02-27 00:46:37,433 - INFO - ------- Hardware Configuration -------
2026-02-27 00:46:37,435 - INFO - CPU affinity set to cores: [0, 1, 2, 3]
2026-02-27 00:46:37,437 - INFO - 
2026-02-27 00:46:37,438 - INFO - ------- Data Preprocessing for EQCCTPro -------
2026-02-27 00:46:37,440 - INFO - 1 station(s) in /home/blackwinter/projects/eqcct/eqcctpro/data/waveforms_explosions_nonoise/20250113T121226Z_20250113T121326Z
2026-02-27 00:46:37,442 - INFO - Using 1 selected station(s): ['OBF8'].
2026-02-27 00:46:37,444 - INFO - Creating model actor(s)...
2026-02-27 00:46:37,446 - INFO - System RAM: Total=7870 MB, Available=3118 MB
2026-02-27 00:46:37,448 - INFO - Usable RAM budget: 7083 MB (90% of total)
2026-02-27 00:46:37,449 - INFO - ===== MEMORY-AWARE CPU ACTOR POOL (EQCCT) =====
2026-02-27 00:46:37,451 - INFO - Requested concurrent tasks: 1
2026-02-27 00:46:37,453 - INFO - Available CPUs: 4
2026-02-27 00:46:37,454 - INFO - Available RAM: 7083 MB
2026-02-27 00:46:37,456 - INFO - RAM per model: 2264 MB
2026-02-27 00:46:37,458 - INFO - Max actors by RAM: 3
2026-02-27 00:46:37,460 - INFO - Creating 1 ModelActor(s)
2026-02-27 00:46:37,462 - INFO - Let Ray handle scheduling (taskset already restricts CPU visibility)
2026-02-27 00:46:37,464 - INFO - Creating ModelActor 1/1 (2.21GB RAM each)...
2026-02-27 00:46:41,352 - INFO - ModelActor 1 created successfully.
2026-02-27 00:46:41,354 - INFO - Created 1 CPU actor(s). Task queue will handle concurrency.
2026-02-27 00:46:41,356 - INFO - Starting EQCCTPro parallelized waveform processing...
2026-02-27 00:46:41,359 - INFO - 
2026-02-27 00:46:41,361 - INFO - ------- Analyzing Seismic Waveforms for P and S Picks via EQCCT -------
2026-02-27 00:46:41,363 - INFO - Analyzing 0:01:00 minute timechunk from 2025-01-13 12:12:26 to 2025-01-13 12:13:26 (0 min overlap)
2026-02-27 00:46:41,365 - INFO - Processing a total of 1 stations, 1 at a time.
2026-02-27 00:46:45,747 - INFO - (1/1) OBF8: Finished the prediction in 2.19s. (HP=1.0, LP=45.0)
2026-02-27 00:46:45,754 - INFO - 
2026-02-27 00:46:45,756 - INFO - ------- Parallel Station Waveform Processing Complete For 2025-01-13 12:12:26 to 2025-01-13 12:13:26 Timechunk-------
2026-02-27 00:46:45,758 - INFO - Picks saved at /home/blackwinter/projects/eqcct/eqcctpro/results/csv/bm_explosions/20250113T121226Z_20250113T121326ZProcess Runtime: 4.40 s
2026-02-27 00:46:45,764 - INFO - Successfully ran EQCCTPro, exiting...
2026-02-27 00:46:47,365 - INFO - Ray Successfully Shutdown.
2026-02-27 00:46:47,365 - INFO - ------- Successfully Picked All Waveform(s) from all Timechunk(s) -------
2026-02-27 07:58:07,832 - INFO - 
2026-02-27 07:58:07,833 - INFO - ------- Welcome to EQCCTPro -------
2026-02-27 07:58:07,833 - INFO - 
2026-02-27 07:58:07,833 - INFO - Running EQCCT over Requested MSeed Files using CPU(s)...
2026-02-27 07:58:07,834 - INFO - GPU disabled (CPU-only).
2026-02-27 07:58:07,834 - INFO - Configured Intra-op threads = 1
2026-02-27 07:58:07,834 - INFO - Configured Inter-op threads = 1
2026-02-27 07:58:07,834 - INFO - TensorFlow: No GPUs visible; TF will proceed on CPU.
2026-02-27 07:58:07,834 - INFO - 
2026-02-27 07:58:12,963 - INFO - Ray Successfully Initialized with 4 CPU(s) ([0, 1, 2, 3] CPU Affinity Binding).
2026-02-27 07:58:12,964 - INFO - Analyzing 1 time chunk(s) from 2025-01-13 12:12:26 to 2025-01-13 12:13:26 (dt=1min, overlap=0min).
2026-02-27 07:58:12,964 - INFO - Using 1 selected station(s).
2026-02-27 07:58:12,964 - INFO - 
2026-02-27 07:58:12,964 - INFO - ------- Starting EQCCTPro... -------
2026-02-27 07:58:12,964 - INFO - Detailed subprocess information can be found in the log file.
2026-02-27 07:58:12,964 - INFO - 
2026-02-27 07:58:13,335 - INFO - GPU disabled (CPU-only).
2026-02-27 07:58:14,868 - INFO - Configured Intra-op threads = 1
2026-02-27 07:58:14,870 - INFO - Configured Inter-op threads = 1
2026-02-27 07:58:14,914 - INFO - TensorFlow: No GPUs visible; TF will proceed on CPU.
2026-02-27 07:58:14,916 - INFO - 
2026-02-27 07:58:14,919 - INFO - ------- Hardware Configuration -------
2026-02-27 07:58:14,921 - INFO - CPU affinity set to cores: [0, 1, 2, 3]
2026-02-27 07:58:14,923 - INFO - 
2026-02-27 07:58:14,925 - INFO - ------- Data Preprocessing for EQCCTPro -------
2026-02-27 07:58:14,927 - INFO - 1 station(s) in /home/blackwinter/projects/eqcct/eqcctpro/data/waveforms_explosions_nonoise/20250113T121226Z_20250113T121326Z
2026-02-27 07:58:14,929 - INFO - Using 1 selected station(s): ['OBF8'].
2026-02-27 07:58:14,931 - INFO - Creating model actor(s)...
2026-02-27 07:58:14,933 - INFO - System RAM: Total=7870 MB, Available=3236 MB
2026-02-27 07:58:14,935 - INFO - Usable RAM budget: 7083 MB (90% of total)
2026-02-27 07:58:14,937 - INFO - ===== MEMORY-AWARE CPU ACTOR POOL (EQCCT) =====
2026-02-27 07:58:14,939 - INFO - Requested concurrent tasks: 1
2026-02-27 07:58:14,941 - INFO - Available CPUs: 4
2026-02-27 07:58:14,944 - INFO - Available RAM: 7083 MB
2026-02-27 07:58:14,945 - INFO - RAM per model: 2264 MB
2026-02-27 07:58:14,948 - INFO - Max actors by RAM: 3
2026-02-27 07:58:14,950 - INFO - Creating 1 ModelActor(s)
2026-02-27 07:58:14,952 - INFO - Let Ray handle scheduling (taskset already restricts CPU visibility)
2026-02-27 07:58:14,954 - INFO - Creating ModelActor 1/1 (2.21GB RAM each)...
2026-02-27 07:58:18,900 - INFO - ModelActor 1 created successfully.
2026-02-27 07:58:18,902 - INFO - Created 1 CPU actor(s). Task queue will handle concurrency.
2026-02-27 07:58:18,904 - INFO - Starting EQCCTPro parallelized waveform processing...
2026-02-27 07:58:18,906 - INFO - 
2026-02-27 07:58:18,907 - INFO - ------- Analyzing Seismic Waveforms for P and S Picks via EQCCT -------
2026-02-27 07:58:18,910 - INFO - Analyzing 0:01:00 minute timechunk from 2025-01-13 12:12:26 to 2025-01-13 12:13:26 (0 min overlap)
2026-02-27 07:58:18,911 - INFO - Processing a total of 1 stations, 1 at a time.
2026-02-27 07:58:20,793 - INFO - (1/1) OBF8: Skipped (already exists - overwrite=False).
2026-02-27 07:58:20,795 - INFO - 
2026-02-27 07:58:20,798 - INFO - ------- Parallel Station Waveform Processing Complete For 2025-01-13 12:12:26 to 2025-01-13 12:13:26 Timechunk-------
2026-02-27 07:58:20,801 - INFO - Picks saved at /home/blackwinter/projects/eqcct/eqcctpro/results/csv/bm_explosions/20250113T121226Z_20250113T121326ZProcess Runtime: 1.89 s
2026-02-27 07:58:20,804 - INFO - Successfully ran EQCCTPro, exiting...
2026-02-27 07:58:22,355 - INFO - Ray Successfully Shutdown.
2026-02-27 07:58:22,356 - INFO - ------- Successfully Picked All Waveform(s) from all Timechunk(s) -------
