2026-03-28 12:33:38,593 - INFO - 
2026-03-28 12:33:38,594 - INFO - ------- Welcome to EQCCTPro -------
2026-03-28 12:33:38,594 - INFO - 
2026-03-28 12:33:38,594 - INFO - Running EQCCT over Requested MSeed Files using CPU(s)...
2026-03-28 12:33:38,595 - INFO - GPU disabled (CPU-only).
2026-03-28 12:33:38,595 - INFO - Skipping framework-specific initialization in the driver process.
2026-03-28 12:33:40,121 - INFO - Ray Successfully Initialized with 4 CPU(s) ([0, 1, 2, 3] CPU Affinity Binding).
2026-03-28 12:33:40,121 - INFO - Analyzing 1 time chunk(s) from 2025-01-10 07:11:34 to 2025-01-10 07:12:34 (dt=1min, overlap=0min).
2026-03-28 12:33:40,121 - INFO - Using 1 selected station(s).
2026-03-28 12:33:40,122 - INFO - 
2026-03-28 12:33:40,122 - INFO - ------- Starting EQCCTPro... -------
2026-03-28 12:33:40,122 - INFO - Detailed subprocess information can be found in the log file.
2026-03-28 12:33:40,122 - INFO - 
2026-03-28 12:33:40,420 - INFO - GPU disabled (CPU-only).
2026-03-28 12:33:40,425 - INFO - Skipping framework-specific initialization in the driver process.
2026-03-28 12:33:40,428 - INFO - ------- Hardware Configuration -------
2026-03-28 12:33:40,431 - INFO - CPU affinity set to cores: [0, 1, 2, 3]
2026-03-28 12:33:40,434 - INFO - 
2026-03-28 12:33:40,436 - INFO - ------- Data Preprocessing for EQCCTPro -------
2026-03-28 12:33:40,439 - INFO - 1 station(s) in /home/blackwinter/projects/eqcct/eqcctpro/data/waveforms_noise_only/20250110T071134Z_20250110T071234Z
2026-03-28 12:33:40,441 - INFO - Using 1 selected station(s): ['FIB1'].
2026-03-28 12:33:40,443 - INFO - Creating model actor(s)...
2026-03-28 12:33:40,446 - INFO - System RAM: Total=7870 MB, Available=4387 MB
2026-03-28 12:33:40,449 - INFO - Usable RAM budget: 7083 MB (90% of total)
2026-03-28 12:33:40,452 - INFO - ===== MEMORY-AWARE CPU ACTOR POOL =====
2026-03-28 12:33:40,454 - INFO - Requested concurrent tasks: 1
2026-03-28 12:33:40,457 - INFO - Available CPUs: 4
2026-03-28 12:33:40,460 - INFO - Available RAM: 7083 MB
2026-03-28 12:33:40,462 - INFO - RAM per model: 2060 MB
2026-03-28 12:33:40,465 - INFO - Max actors by RAM: 3
2026-03-28 12:33:40,467 - INFO - Creating 1 SeisBenchModelActor(s)
2026-03-28 12:33:40,470 - INFO - Let Ray handle scheduling (taskset already restricts CPU visibility)
2026-03-28 12:33:40,473 - INFO - Creating SeisBenchModelActor 1/1 (2.01GB RAM each)...
2026-03-28 12:33:43,174 - INFO - SeisBenchModelActor 1 created successfully.
2026-03-28 12:33:43,176 - INFO - Created 1 CPU actor(s). Task queue will handle concurrency.
2026-03-28 12:33:43,178 - INFO - Starting EQCCTPro parallelized waveform processing...
2026-03-28 12:33:43,180 - INFO - 
2026-03-28 12:33:43,182 - INFO - ------- Analyzing Seismic Waveforms for P and S Picks via SeisBench (EQTransformer - original_nonconservative) -------
2026-03-28 12:33:43,185 - INFO - Analyzing 0:01:00 minute timechunk from 2025-01-10 07:11:34 to 2025-01-10 07:12:34 (0 min overlap)
2026-03-28 12:33:43,187 - INFO - Processing a total of 1 stations, 1 at a time.
2026-03-28 12:33:45,362 - INFO - (1/1) FIB1: Finished the prediction in 0.12s. (HP=1.0, LP=45.0, picks=0)
2026-03-28 12:33:45,364 - INFO - 
2026-03-28 12:33:45,366 - INFO - ------- Parallel Station Waveform Processing Complete For 2025-01-10 07:11:34 to 2025-01-10 07:12:34 Timechunk-------
2026-03-28 12:33:45,369 - INFO - Picks saved at /home/blackwinter/projects/eqcct/eqcctpro/results/csv/eqt_noise_th0_1/20250110T071134Z_20250110T071234ZProcess Runtime: 2.19 s
2026-03-28 12:33:45,373 - INFO - Successfully ran EQCCTPro, exiting...
2026-03-28 12:33:47,176 - INFO - Ray Successfully Shutdown.
2026-03-28 12:33:47,176 - INFO - ------- Successfully Picked All Waveform(s) from all Timechunk(s) -------
