2026-03-10 21:22:12,174 - INFO - 
2026-03-10 21:22:12,174 - INFO - ------- Welcome to EQCCTPro -------
2026-03-10 21:22:12,174 - INFO - 
2026-03-10 21:22:12,175 - INFO - Running EQCCT over Requested MSeed Files using CPU(s)...
2026-03-10 21:22:12,175 - INFO - GPU disabled (CPU-only).
2026-03-10 21:22:12,175 - INFO - Configured Intra-op threads = 1
2026-03-10 21:22:12,176 - INFO - Configured Inter-op threads = 1
2026-03-10 21:22:12,176 - INFO - TensorFlow: No GPUs visible; TF will proceed on CPU.
2026-03-10 21:22:12,176 - INFO - 
2026-03-10 21:22:17,695 - INFO - Ray Successfully Initialized with 4 CPU(s) ([0, 1, 2, 3] CPU Affinity Binding).
2026-03-10 21:22:17,696 - INFO - Analyzing 1 time chunk(s) from 2025-01-06 17:57:13 to 2025-01-06 17:58:13 (dt=1min, overlap=0min).
2026-03-10 21:22:17,696 - INFO - Using 1 selected station(s).
2026-03-10 21:22:17,696 - INFO - 
2026-03-10 21:22:17,697 - INFO - ------- Starting EQCCTPro... -------
2026-03-10 21:22:17,697 - INFO - Detailed subprocess information can be found in the log file.
2026-03-10 21:22:17,697 - INFO - 
2026-03-10 21:22:18,075 - INFO - GPU disabled (CPU-only).
2026-03-10 21:22:19,598 - INFO - Configured Intra-op threads = 1
2026-03-10 21:22:19,601 - INFO - Configured Inter-op threads = 1
2026-03-10 21:22:19,643 - INFO - TensorFlow: No GPUs visible; TF will proceed on CPU.
2026-03-10 21:22:19,645 - INFO - 
2026-03-10 21:22:19,648 - INFO - ------- Hardware Configuration -------
2026-03-10 21:22:19,650 - INFO - CPU affinity set to cores: [0, 1, 2, 3]
2026-03-10 21:22:19,653 - INFO - 
2026-03-10 21:22:19,655 - INFO - ------- Data Preprocessing for EQCCTPro -------
2026-03-10 21:22:19,657 - INFO - 1 station(s) in /home/blackwinter/projects/eqcct/eqcctpro/data/waveforms_noise_only/20250106T175713Z_20250106T175813Z
2026-03-10 21:22:19,659 - INFO - Using 1 selected station(s): ['MEF'].
2026-03-10 21:22:19,662 - INFO - Creating model actor(s)...
2026-03-10 21:22:19,664 - INFO - System RAM: Total=7870 MB, Available=2957 MB
2026-03-10 21:22:19,667 - INFO - Usable RAM budget: 7083 MB (90% of total)
2026-03-10 21:22:19,669 - INFO - ===== MEMORY-AWARE CPU ACTOR POOL (EQCCT) =====
2026-03-10 21:22:19,671 - INFO - Requested concurrent tasks: 1
2026-03-10 21:22:19,673 - INFO - Available CPUs: 4
2026-03-10 21:22:19,675 - INFO - Available RAM: 7083 MB
2026-03-10 21:22:19,676 - INFO - RAM per model: 2264 MB
2026-03-10 21:22:19,678 - INFO - Max actors by RAM: 3
2026-03-10 21:22:19,680 - INFO - Creating 1 ModelActor(s)
2026-03-10 21:22:19,682 - INFO - Let Ray handle scheduling (taskset already restricts CPU visibility)
2026-03-10 21:22:19,684 - INFO - Creating ModelActor 1/1 (2.21GB RAM each)...
2026-03-10 21:22:23,626 - INFO - ModelActor 1 created successfully.
2026-03-10 21:22:23,628 - INFO - Created 1 CPU actor(s). Task queue will handle concurrency.
2026-03-10 21:22:23,631 - INFO - Starting EQCCTPro parallelized waveform processing...
2026-03-10 21:22:23,633 - INFO - 
2026-03-10 21:22:23,635 - INFO - ------- Analyzing Seismic Waveforms for P and S Picks via EQCCT -------
2026-03-10 21:22:23,638 - INFO - Analyzing 0:01:00 minute timechunk from 2025-01-06 17:57:13 to 2025-01-06 17:58:13 (0 min overlap)
2026-03-10 21:22:23,640 - INFO - Processing a total of 1 stations, 1 at a time.
2026-03-10 21:22:27,649 - INFO - (1/1) MEF: Finished the prediction in 2.1s. (HP=1.0, LP=45.0)
2026-03-10 21:22:27,651 - INFO - 
2026-03-10 21:22:27,653 - INFO - ------- Parallel Station Waveform Processing Complete For 2025-01-06 17:57:13 to 2025-01-06 17:58:13 Timechunk-------
2026-03-10 21:22:27,655 - INFO - Picks saved at /home/blackwinter/projects/eqcct/eqcctpro/results/csv/bm_noise_only/20250106T175713Z_20250106T175813ZProcess Runtime: 4.02 s
2026-03-10 21:22:27,659 - INFO - Successfully ran EQCCTPro, exiting...
2026-03-10 21:22:29,176 - INFO - Ray Successfully Shutdown.
2026-03-10 21:22:29,176 - INFO - ------- Successfully Picked All Waveform(s) from all Timechunk(s) -------
2026-03-11 12:20:16,956 - INFO - 
2026-03-11 12:20:16,956 - INFO - ------- Welcome to EQCCTPro -------
2026-03-11 12:20:16,956 - INFO - 
2026-03-11 12:20:16,957 - INFO - Running EQCCT over Requested MSeed Files using CPU(s)...
2026-03-11 12:20:16,957 - INFO - GPU disabled (CPU-only).
2026-03-11 12:20:16,957 - INFO - Configured Intra-op threads = 1
2026-03-11 12:20:16,957 - INFO - Configured Inter-op threads = 1
2026-03-11 12:20:16,958 - INFO - TensorFlow: No GPUs visible; TF will proceed on CPU.
2026-03-11 12:20:16,958 - INFO - 
2026-03-11 12:20:22,260 - INFO - Ray Successfully Initialized with 4 CPU(s) ([0, 1, 2, 3] CPU Affinity Binding).
2026-03-11 12:20:22,260 - INFO - Analyzing 1 time chunk(s) from 2025-01-06 17:57:13 to 2025-01-06 17:58:13 (dt=1min, overlap=0min).
2026-03-11 12:20:22,260 - INFO - Using 1 selected station(s).
2026-03-11 12:20:22,260 - INFO - 
2026-03-11 12:20:22,260 - INFO - ------- Starting EQCCTPro... -------
2026-03-11 12:20:22,261 - INFO - Detailed subprocess information can be found in the log file.
2026-03-11 12:20:22,261 - INFO - 
2026-03-11 12:20:22,627 - INFO - GPU disabled (CPU-only).
2026-03-11 12:20:24,126 - INFO - Configured Intra-op threads = 1
2026-03-11 12:20:24,128 - INFO - Configured Inter-op threads = 1
2026-03-11 12:20:24,167 - INFO - TensorFlow: No GPUs visible; TF will proceed on CPU.
2026-03-11 12:20:24,169 - INFO - 
2026-03-11 12:20:24,171 - INFO - ------- Hardware Configuration -------
2026-03-11 12:20:24,174 - INFO - CPU affinity set to cores: [0, 1, 2, 3]
2026-03-11 12:20:24,175 - INFO - 
2026-03-11 12:20:24,178 - INFO - ------- Data Preprocessing for EQCCTPro -------
2026-03-11 12:20:24,180 - INFO - 1 station(s) in /home/blackwinter/projects/eqcct/eqcctpro/data/waveforms_noise_only/20250106T175713Z_20250106T175813Z
2026-03-11 12:20:24,182 - INFO - Using 1 selected station(s): ['MEF'].
2026-03-11 12:20:24,184 - INFO - Creating model actor(s)...
2026-03-11 12:20:24,186 - INFO - System RAM: Total=7870 MB, Available=3937 MB
2026-03-11 12:20:24,189 - INFO - Usable RAM budget: 7083 MB (90% of total)
2026-03-11 12:20:24,191 - INFO - ===== MEMORY-AWARE CPU ACTOR POOL (EQCCT) =====
2026-03-11 12:20:24,193 - INFO - Requested concurrent tasks: 1
2026-03-11 12:20:24,195 - INFO - Available CPUs: 4
2026-03-11 12:20:24,196 - INFO - Available RAM: 7083 MB
2026-03-11 12:20:24,198 - INFO - RAM per model: 2264 MB
2026-03-11 12:20:24,200 - INFO - Max actors by RAM: 3
2026-03-11 12:20:24,201 - INFO - Creating 1 ModelActor(s)
2026-03-11 12:20:24,203 - INFO - Let Ray handle scheduling (taskset already restricts CPU visibility)
2026-03-11 12:20:24,205 - INFO - Creating ModelActor 1/1 (2.21GB RAM each)...
2026-03-11 12:20:28,138 - INFO - ModelActor 1 created successfully.
2026-03-11 12:20:28,140 - INFO - Created 1 CPU actor(s). Task queue will handle concurrency.
2026-03-11 12:20:28,142 - INFO - Starting EQCCTPro parallelized waveform processing...
2026-03-11 12:20:28,144 - INFO - 
2026-03-11 12:20:28,146 - INFO - ------- Analyzing Seismic Waveforms for P and S Picks via EQCCT -------
2026-03-11 12:20:28,148 - INFO - Analyzing 0:01:00 minute timechunk from 2025-01-06 17:57:13 to 2025-01-06 17:58:13 (0 min overlap)
2026-03-11 12:20:28,150 - INFO - Processing a total of 1 stations, 1 at a time.
2026-03-11 12:20:30,048 - INFO - (1/1) MEF: Skipped (already exists - overwrite=False).
2026-03-11 12:20:30,050 - INFO - 
2026-03-11 12:20:30,052 - INFO - ------- Parallel Station Waveform Processing Complete For 2025-01-06 17:57:13 to 2025-01-06 17:58:13 Timechunk-------
2026-03-11 12:20:30,057 - INFO - Successfully ran EQCCTPro, exiting...
2026-03-11 12:20:30,054 - INFO - Picks saved at /home/blackwinter/projects/eqcct/eqcctpro/results/csv/bm_noise_only/20250106T175713Z_20250106T175813ZProcess Runtime: 1.91 s
2026-03-11 12:20:31,566 - INFO - Ray Successfully Shutdown.
2026-03-11 12:20:31,567 - INFO - ------- Successfully Picked All Waveform(s) from all Timechunk(s) -------
