2026-03-28 21:37:58,388 - INFO - 
2026-03-28 21:37:58,388 - INFO - ------- Welcome to EQCCTPro -------
2026-03-28 21:37:58,388 - INFO - 
2026-03-28 21:37:58,389 - INFO - Running EQCCT over Requested MSeed Files using CPU(s)...
2026-03-28 21:37:58,389 - INFO - GPU disabled (CPU-only).
2026-03-29 01:00:56,173 - INFO - 
2026-03-29 01:00:56,174 - INFO - ------- Welcome to EQCCTPro -------
2026-03-29 01:00:56,174 - INFO - 
2026-03-29 01:00:56,175 - INFO - Running EQCCT over Requested MSeed Files using CPU(s)...
2026-03-29 01:00:56,175 - INFO - GPU disabled (CPU-only).
2026-03-29 01:00:56,175 - INFO - Configured Intra-op threads = 1
2026-03-29 01:00:56,176 - INFO - Configured Inter-op threads = 1
2026-03-29 01:00:56,176 - INFO - TensorFlow: No GPUs visible; TF will proceed on CPU.
2026-03-29 01:00:56,176 - INFO - 
2026-03-29 01:01:01,406 - INFO - Ray Successfully Initialized with 4 CPU(s) ([0, 1, 2, 3] CPU Affinity Binding).
2026-03-29 01:01:01,406 - INFO - Analyzing 1 time chunk(s) from 2025-01-12 16:48:10 to 2025-01-12 16:49:10 (dt=1min, overlap=0min).
2026-03-29 01:01:01,406 - INFO - Using 1 selected station(s).
2026-03-29 01:01:01,407 - INFO - 
2026-03-29 01:01:01,407 - INFO - ------- Starting EQCCTPro... -------
2026-03-29 01:01:01,407 - INFO - Detailed subprocess information can be found in the log file.
2026-03-29 01:01:01,407 - INFO - 
2026-03-29 01:01:01,842 - INFO - GPU disabled (CPU-only).
2026-03-29 01:01:03,517 - INFO - Configured Intra-op threads = 1
2026-03-29 01:01:03,520 - INFO - Configured Inter-op threads = 1
2026-03-29 01:01:03,564 - INFO - TensorFlow: No GPUs visible; TF will proceed on CPU.
2026-03-29 01:01:03,567 - INFO - 
2026-03-29 01:01:03,569 - INFO - ------- Hardware Configuration -------
2026-03-29 01:01:03,572 - INFO - CPU affinity set to cores: [0, 1, 2, 3]
2026-03-29 01:01:03,575 - INFO - 
2026-03-29 01:01:03,577 - INFO - ------- Data Preprocessing for EQCCTPro -------
2026-03-29 01:01:03,580 - INFO - 1 station(s) in /home/blackwinter/projects/eqcct/eqcctpro/data/waveforms_explosions_nonoise/20250112T164810Z_20250112T164910Z
2026-03-29 01:01:03,582 - INFO - Using 1 selected station(s): ['MSF'].
2026-03-29 01:01:03,585 - INFO - Creating model actor(s)...
2026-03-29 01:01:03,587 - INFO - System RAM: Total=7870 MB, Available=3420 MB
2026-03-29 01:01:03,590 - INFO - Usable RAM budget: 7083 MB (90% of total)
2026-03-29 01:01:03,593 - INFO - ===== MEMORY-AWARE CPU ACTOR POOL (EQCCT) =====
2026-03-29 01:01:03,596 - INFO - Requested concurrent tasks: 1
2026-03-29 01:01:03,599 - INFO - Available CPUs: 4
2026-03-29 01:01:03,601 - INFO - Available RAM: 7083 MB
2026-03-29 01:01:03,604 - INFO - RAM per model: 2264 MB
2026-03-29 01:01:03,606 - INFO - Max actors by RAM: 3
2026-03-29 01:01:03,609 - INFO - Creating 1 ModelActor(s)
2026-03-29 01:01:03,612 - INFO - Let Ray handle scheduling (taskset already restricts CPU visibility)
2026-03-29 01:01:03,614 - INFO - Creating ModelActor 1/1 (2.21GB RAM each)...
2026-03-29 01:01:08,006 - INFO - ModelActor 1 created successfully.
2026-03-29 01:01:08,008 - INFO - Created 1 CPU actor(s). Task queue will handle concurrency.
2026-03-29 01:01:08,011 - INFO - Starting EQCCTPro parallelized waveform processing...
2026-03-29 01:01:08,014 - INFO - 
2026-03-29 01:01:08,017 - INFO - ------- Analyzing Seismic Waveforms for P and S Picks via EQCCT -------
2026-03-29 01:01:08,020 - INFO - Analyzing 0:01:00 minute timechunk from 2025-01-12 16:48:10 to 2025-01-12 16:49:10 (0 min overlap)
2026-03-29 01:01:08,024 - INFO - Processing a total of 1 stations, 1 at a time.
2026-03-29 01:01:10,648 - INFO - (1/1) MSF: FAILED reading mSEED.
2026-03-29 01:01:10,652 - INFO - 
2026-03-29 01:01:10,656 - INFO - ------- Parallel Station Waveform Processing Complete For 2025-01-12 16:48:10 to 2025-01-12 16:49:10 Timechunk-------
2026-03-29 01:01:10,659 - INFO - Picks saved at /home/blackwinter/projects/eqcct/eqcctpro/results/csv/eqcct_explosions_th0_1/20250112T164810Z_20250112T164910ZProcess Runtime: 2.64 s
2026-03-29 01:01:10,665 - INFO - Successfully ran EQCCTPro, exiting...
2026-03-29 01:01:12,188 - INFO - Ray Successfully Shutdown.
2026-03-29 01:01:12,189 - INFO - ------- Successfully Picked All Waveform(s) from all Timechunk(s) -------
