2026-03-28 19:27:19,677 - INFO - 
2026-03-28 19:27:19,678 - INFO - ------- Welcome to EQCCTPro -------
2026-03-28 19:27:19,678 - INFO - 
2026-03-28 19:27:19,678 - INFO - Running EQCCT over Requested MSeed Files using CPU(s)...
2026-03-28 19:27:19,679 - INFO - GPU disabled (CPU-only).
2026-03-28 19:27:19,679 - INFO - Skipping framework-specific initialization in the driver process.
2026-03-28 19:27:22,315 - INFO - Ray Successfully Initialized with 4 CPU(s) ([0, 1, 2, 3] CPU Affinity Binding).
2026-03-28 19:27:22,316 - INFO - Analyzing 1 time chunk(s) from 2025-01-20 11:37:28 to 2025-01-20 11:38:28 (dt=1min, overlap=0min).
2026-03-28 19:27:22,316 - INFO - Using 2 selected station(s).
2026-03-28 19:27:22,316 - INFO - 
2026-03-28 19:27:22,317 - INFO - ------- Starting EQCCTPro... -------
2026-03-28 19:27:22,317 - INFO - Detailed subprocess information can be found in the log file.
2026-03-28 19:27:22,317 - INFO - 
2026-03-28 19:27:22,646 - INFO - GPU disabled (CPU-only).
2026-03-28 19:27:22,652 - INFO - Skipping framework-specific initialization in the driver process.
2026-03-28 19:27:22,655 - INFO - ------- Hardware Configuration -------
2026-03-28 19:27:22,658 - INFO - CPU affinity set to cores: [0, 1, 2, 3]
2026-03-28 19:27:22,661 - INFO - 
2026-03-28 19:27:22,664 - INFO - ------- Data Preprocessing for EQCCTPro -------
2026-03-28 19:27:22,667 - INFO - 2 station(s) in /home/blackwinter/projects/eqcct/eqcctpro/data/waveforms_explosions_nonoise/20250120T113728Z_20250120T113828Z
2026-03-28 19:27:22,669 - INFO - Using 2 selected station(s): ['OBF0', 'OUL'].
2026-03-28 19:27:22,672 - INFO - Creating model actor(s)...
2026-03-28 19:27:22,674 - INFO - System RAM: Total=7870 MB, Available=4068 MB
2026-03-28 19:27:22,677 - INFO - Usable RAM budget: 7083 MB (90% of total)
2026-03-28 19:27:22,680 - INFO - ===== MEMORY-AWARE CPU ACTOR POOL =====
2026-03-28 19:27:22,682 - INFO - Requested concurrent tasks: 1
2026-03-28 19:27:22,685 - INFO - Available CPUs: 4
2026-03-28 19:27:22,688 - INFO - Available RAM: 7083 MB
2026-03-28 19:27:22,691 - INFO - RAM per model: 2060 MB
2026-03-28 19:27:22,693 - INFO - Max actors by RAM: 3
2026-03-28 19:27:22,695 - INFO - Creating 1 SeisBenchModelActor(s)
2026-03-28 19:27:22,697 - INFO - Let Ray handle scheduling (taskset already restricts CPU visibility)
2026-03-28 19:27:22,699 - INFO - Creating SeisBenchModelActor 1/1 (2.01GB RAM each)...
2026-03-28 19:27:25,704 - INFO - SeisBenchModelActor 1 created successfully.
2026-03-28 19:27:25,707 - INFO - Created 1 CPU actor(s). Task queue will handle concurrency.
2026-03-28 19:27:25,709 - INFO - Starting EQCCTPro parallelized waveform processing...
2026-03-28 19:27:25,712 - INFO - 
2026-03-28 19:27:25,715 - INFO - ------- Analyzing Seismic Waveforms for P and S Picks via SeisBench (EQTransformer - original_nonconservative) -------
2026-03-28 19:27:25,718 - INFO - Analyzing 0:01:00 minute timechunk from 2025-01-20 11:37:28 to 2025-01-20 11:38:28 (0 min overlap)
2026-03-28 19:27:25,721 - INFO - Processing a total of 2 stations, 1 at a time.
2026-03-28 19:27:28,198 - INFO - (1/2) OBF0: Finished the prediction in 0.2s. (HP=1.0, LP=45.0, picks=2)
2026-03-28 19:27:28,255 - INFO - (2/2) OUL: FAILED reading mSEED: Selected corner frequency is above Nyquist.
2026-03-28 19:27:28,258 - INFO - 
2026-03-28 19:27:28,262 - INFO - ------- Parallel Station Waveform Processing Complete For 2025-01-20 11:37:28 to 2025-01-20 11:38:28 Timechunk-------
2026-03-28 19:27:28,266 - INFO - Picks saved at /home/blackwinter/projects/eqcct/eqcctpro/results/csv/eqt_explosions_th0_1/20250120T113728Z_20250120T113828ZProcess Runtime: 2.55 s
2026-03-28 19:27:28,277 - INFO - Successfully ran EQCCTPro, exiting...
2026-03-28 19:27:30,180 - INFO - Ray Successfully Shutdown.
2026-03-28 19:27:30,181 - INFO - ------- Successfully Picked All Waveform(s) from all Timechunk(s) -------
