2026-03-20 07:52:15,577 - INFO - 
2026-03-20 07:52:15,577 - INFO - ------- Welcome to EQCCTPro -------
2026-03-20 07:52:15,577 - INFO - 
2026-03-20 07:52:15,578 - INFO - Running EQCCT over Requested MSeed Files using CPU(s)...
2026-03-20 07:52:15,578 - INFO - GPU disabled (CPU-only).
2026-03-20 07:52:15,579 - INFO - Configured Intra-op threads = 1
2026-03-20 07:52:15,579 - INFO - Configured Inter-op threads = 1
2026-03-20 07:52:15,579 - INFO - TensorFlow: No GPUs visible; TF will proceed on CPU.
2026-03-20 07:52:15,579 - INFO - 
2026-03-20 07:52:21,455 - INFO - Ray Successfully Initialized with 4 CPU(s) ([0, 1, 2, 3] CPU Affinity Binding).
2026-03-20 07:52:21,455 - INFO - Analyzing 1 time chunk(s) from 2025-12-18 00:57:01 to 2025-12-18 00:58:01 (dt=1min, overlap=0min).
2026-03-20 07:52:21,455 - INFO - Using 1 selected station(s).
2026-03-20 07:52:21,455 - INFO - 
2026-03-20 07:52:21,456 - INFO - ------- Starting EQCCTPro... -------
2026-03-20 07:52:21,456 - INFO - Detailed subprocess information can be found in the log file.
2026-03-20 07:52:21,456 - INFO - 
2026-03-20 07:52:21,840 - INFO - GPU disabled (CPU-only).
2026-03-20 07:52:23,357 - INFO - Configured Intra-op threads = 1
2026-03-20 07:52:23,360 - INFO - Configured Inter-op threads = 1
2026-03-20 07:52:23,403 - INFO - TensorFlow: No GPUs visible; TF will proceed on CPU.
2026-03-20 07:52:23,405 - INFO - 
2026-03-20 07:52:23,407 - INFO - ------- Hardware Configuration -------
2026-03-20 07:52:23,409 - INFO - CPU affinity set to cores: [0, 1, 2, 3]
2026-03-20 07:52:23,410 - INFO - 
2026-03-20 07:52:23,412 - INFO - ------- Data Preprocessing for EQCCTPro -------
2026-03-20 07:52:23,414 - INFO - 1 station(s) in /home/blackwinter/projects/eqcct/eqcctpro/data/waveforms_earthquakes_nonoise/20251218T005701Z_20251218T005801Z
2026-03-20 07:52:23,416 - INFO - Using 1 selected station(s): ['RAJF'].
2026-03-20 07:52:23,417 - INFO - Creating model actor(s)...
2026-03-20 07:52:23,419 - INFO - System RAM: Total=7870 MB, Available=1818 MB
2026-03-20 07:52:23,421 - INFO - Usable RAM budget: 7083 MB (90% of total)
2026-03-20 07:52:23,423 - INFO - ===== MEMORY-AWARE CPU ACTOR POOL (EQCCT) =====
2026-03-20 07:52:23,425 - INFO - Requested concurrent tasks: 1
2026-03-20 07:52:23,427 - INFO - Available CPUs: 4
2026-03-20 07:52:23,429 - INFO - Available RAM: 7083 MB
2026-03-20 07:52:23,430 - INFO - RAM per model: 2264 MB
2026-03-20 07:52:23,432 - INFO - Max actors by RAM: 3
2026-03-20 07:52:23,434 - INFO - Creating 1 ModelActor(s)
2026-03-20 07:52:23,436 - INFO - Let Ray handle scheduling (taskset already restricts CPU visibility)
2026-03-20 07:52:23,437 - INFO - Creating ModelActor 1/1 (2.21GB RAM each)...
2026-03-20 07:52:27,342 - INFO - ModelActor 1 created successfully.
2026-03-20 07:52:27,345 - INFO - Created 1 CPU actor(s). Task queue will handle concurrency.
2026-03-20 07:52:27,347 - INFO - Starting EQCCTPro parallelized waveform processing...
2026-03-20 07:52:27,349 - INFO - 
2026-03-20 07:52:27,351 - INFO - ------- Analyzing Seismic Waveforms for P and S Picks via EQCCT -------
2026-03-20 07:52:27,353 - INFO - Analyzing 0:01:00 minute timechunk from 2025-12-18 00:57:01 to 2025-12-18 00:58:01 (0 min overlap)
2026-03-20 07:52:27,356 - INFO - Processing a total of 1 stations, 1 at a time.
2026-03-20 07:52:31,598 - INFO - (1/1) RAJF: Finished the prediction in 2.19s. (HP=1.0, LP=45.0)
2026-03-20 07:52:31,601 - INFO - 
2026-03-20 07:52:31,603 - INFO - ------- Parallel Station Waveform Processing Complete For 2025-12-18 00:57:01 to 2025-12-18 00:58:01 Timechunk-------
2026-03-20 07:52:31,605 - INFO - Picks saved at /home/blackwinter/projects/eqcct/eqcctpro/results/csv/eqcct_earthquakes_th0_1/20251218T005701Z_20251218T005801ZProcess Runtime: 4.25 s
2026-03-20 07:52:31,612 - INFO - Successfully ran EQCCTPro, exiting...
2026-03-20 07:52:33,359 - INFO - Ray Successfully Shutdown.
2026-03-20 07:52:33,359 - INFO - ------- Successfully Picked All Waveform(s) from all Timechunk(s) -------
