2026-02-23 19:00:57,568 - INFO - 
2026-02-23 19:00:57,568 - INFO - ------- Welcome to EQCCTPro -------
2026-02-23 19:00:57,568 - INFO - 
2026-02-23 19:00:57,568 - INFO - Running EQCCT over Requested MSeed Files using CPU(s)...
2026-02-23 19:00:57,569 - INFO - GPU disabled (CPU-only).
2026-02-23 19:00:57,569 - INFO - Configured Intra-op threads = 1
2026-02-23 19:00:57,569 - INFO - Configured Inter-op threads = 1
2026-02-23 19:00:57,569 - INFO - TensorFlow: No GPUs visible; TF will proceed on CPU.
2026-02-23 19:00:57,569 - INFO - 
2026-02-23 19:01:03,331 - INFO - Ray Successfully Initialized with 4 CPU(s) ([0, 1, 2, 3] CPU Affinity Binding).
2026-02-23 19:01:03,331 - INFO - Analyzing 1 time chunk(s) from 2025-02-13 16:19:27 to 2025-02-13 16:20:27 (dt=1min, overlap=0min).
2026-02-23 19:01:03,331 - INFO - Using 1 selected station(s).
2026-02-23 19:01:03,332 - INFO - 
2026-02-23 19:01:03,332 - INFO - ------- Starting EQCCTPro... -------
2026-02-23 19:01:03,332 - INFO - Detailed subprocess information can be found in the log file.
2026-02-23 19:01:03,332 - INFO - 
2026-02-23 19:01:03,704 - INFO - GPU disabled (CPU-only).
2026-02-23 19:01:05,240 - INFO - Configured Intra-op threads = 1
2026-02-23 19:01:05,242 - INFO - Configured Inter-op threads = 1
2026-02-23 19:01:05,283 - INFO - TensorFlow: No GPUs visible; TF will proceed on CPU.
2026-02-23 19:01:05,285 - INFO - 
2026-02-23 19:01:05,287 - INFO - ------- Hardware Configuration -------
2026-02-23 19:01:05,289 - INFO - CPU affinity set to cores: [0, 1, 2, 3]
2026-02-23 19:01:05,290 - INFO - 
2026-02-23 19:01:05,292 - INFO - ------- Data Preprocessing for EQCCTPro -------
2026-02-23 19:01:05,294 - INFO - 1 station(s) in /home/blackwinter/projects/eqcct/eqcctpro/data/waveforms_earthquakes_noise_only/20250213T161927Z_20250213T162027Z
2026-02-23 19:01:05,296 - INFO - Using 1 selected station(s): ['RAJF'].
2026-02-23 19:01:05,298 - INFO - Creating model actor(s)...
2026-02-23 19:01:05,300 - INFO - System RAM: Total=7870 MB, Available=3717 MB
2026-02-23 19:01:05,302 - INFO - Usable RAM budget: 7083 MB (90% of total)
2026-02-23 19:01:05,304 - INFO - ===== MEMORY-AWARE CPU ACTOR POOL (EQCCT) =====
2026-02-23 19:01:05,305 - INFO - Requested concurrent tasks: 1
2026-02-23 19:01:05,308 - INFO - Available CPUs: 4
2026-02-23 19:01:05,310 - INFO - Available RAM: 7083 MB
2026-02-23 19:01:05,312 - INFO - RAM per model: 2264 MB
2026-02-23 19:01:05,314 - INFO - Max actors by RAM: 3
2026-02-23 19:01:05,316 - INFO - Creating 1 ModelActor(s)
2026-02-23 19:01:05,319 - INFO - Let Ray handle scheduling (taskset already restricts CPU visibility)
2026-02-23 19:01:05,321 - INFO - Creating ModelActor 1/1 (2.21GB RAM each)...
2026-02-23 19:01:09,346 - INFO - ModelActor 1 created successfully.
2026-02-23 19:01:09,348 - INFO - Created 1 CPU actor(s). Task queue will handle concurrency.
2026-02-23 19:01:09,351 - INFO - Starting EQCCTPro parallelized waveform processing...
2026-02-23 19:01:09,353 - INFO - 
2026-02-23 19:01:09,355 - INFO - ------- Analyzing Seismic Waveforms for P and S Picks via EQCCT -------
2026-02-23 19:01:09,358 - INFO - Analyzing 0:01:00 minute timechunk from 2025-02-13 16:19:27 to 2025-02-13 16:20:27 (0 min overlap)
2026-02-23 19:01:09,360 - INFO - Processing a total of 1 stations, 1 at a time.
2026-02-23 19:01:13,494 - INFO - (1/1) RAJF: Finished the prediction in 2.19s. (HP=1.0, LP=45.0)
2026-02-23 19:01:13,496 - INFO - 
2026-02-23 19:01:13,498 - INFO - ------- Parallel Station Waveform Processing Complete For 2025-02-13 16:19:27 to 2025-02-13 16:20:27 Timechunk-------
2026-02-23 19:01:13,505 - INFO - Successfully ran EQCCTPro, exiting...
2026-02-23 19:01:13,499 - INFO - Picks saved at /home/blackwinter/projects/eqcct/eqcctpro/results/csv/bm_eq_noise_only/20250213T161927Z_20250213T162027ZProcess Runtime: 4.14 s
2026-02-23 19:01:15,015 - INFO - Ray Successfully Shutdown.
2026-02-23 19:01:15,016 - INFO - ------- Successfully Picked All Waveform(s) from all Timechunk(s) -------
