2026-03-10 20:20:28,743 - INFO - 
2026-03-10 20:20:28,743 - INFO - ------- Welcome to EQCCTPro -------
2026-03-10 20:20:28,743 - INFO - 
2026-03-10 20:20:28,744 - INFO - Running EQCCT over Requested MSeed Files using CPU(s)...
2026-03-10 20:20:28,744 - INFO - GPU disabled (CPU-only).
2026-03-10 20:20:28,744 - INFO - Configured Intra-op threads = 1
2026-03-10 20:20:28,744 - INFO - Configured Inter-op threads = 1
2026-03-10 20:20:28,745 - INFO - TensorFlow: No GPUs visible; TF will proceed on CPU.
2026-03-10 20:20:28,745 - INFO - 
2026-03-10 20:20:34,447 - INFO - Ray Successfully Initialized with 4 CPU(s) ([0, 1, 2, 3] CPU Affinity Binding).
2026-03-10 20:20:34,448 - INFO - Analyzing 1 time chunk(s) from 2025-01-05 15:07:37 to 2025-01-05 15:08:37 (dt=1min, overlap=0min).
2026-03-10 20:20:34,448 - INFO - Using 1 selected station(s).
2026-03-10 20:20:34,448 - INFO - 
2026-03-10 20:20:34,449 - INFO - ------- Starting EQCCTPro... -------
2026-03-10 20:20:34,449 - INFO - Detailed subprocess information can be found in the log file.
2026-03-10 20:20:34,449 - INFO - 
2026-03-10 20:20:34,851 - INFO - GPU disabled (CPU-only).
2026-03-10 20:20:36,388 - INFO - Configured Intra-op threads = 1
2026-03-10 20:20:36,390 - INFO - Configured Inter-op threads = 1
2026-03-10 20:20:36,430 - INFO - TensorFlow: No GPUs visible; TF will proceed on CPU.
2026-03-10 20:20:36,433 - INFO - 
2026-03-10 20:20:36,436 - INFO - ------- Hardware Configuration -------
2026-03-10 20:20:36,438 - INFO - CPU affinity set to cores: [0, 1, 2, 3]
2026-03-10 20:20:36,441 - INFO - 
2026-03-10 20:20:36,443 - INFO - ------- Data Preprocessing for EQCCTPro -------
2026-03-10 20:20:36,445 - INFO - 1 station(s) in /home/blackwinter/projects/eqcct/eqcctpro/data/waveforms_noise_only/20250105T150737Z_20250105T150837Z
2026-03-10 20:20:36,448 - INFO - Using 1 selected station(s): ['OBF8'].
2026-03-10 20:20:36,450 - INFO - Creating model actor(s)...
2026-03-10 20:20:36,452 - INFO - System RAM: Total=7870 MB, Available=3282 MB
2026-03-10 20:20:36,454 - INFO - Usable RAM budget: 7083 MB (90% of total)
2026-03-10 20:20:36,456 - INFO - ===== MEMORY-AWARE CPU ACTOR POOL (EQCCT) =====
2026-03-10 20:20:36,457 - INFO - Requested concurrent tasks: 1
2026-03-10 20:20:36,459 - INFO - Available CPUs: 4
2026-03-10 20:20:36,461 - INFO - Available RAM: 7083 MB
2026-03-10 20:20:36,463 - INFO - RAM per model: 2264 MB
2026-03-10 20:20:36,465 - INFO - Max actors by RAM: 3
2026-03-10 20:20:36,467 - INFO - Creating 1 ModelActor(s)
2026-03-10 20:20:36,469 - INFO - Let Ray handle scheduling (taskset already restricts CPU visibility)
2026-03-10 20:20:36,471 - INFO - Creating ModelActor 1/1 (2.21GB RAM each)...
2026-03-10 20:20:40,415 - INFO - ModelActor 1 created successfully.
2026-03-10 20:20:40,417 - INFO - Created 1 CPU actor(s). Task queue will handle concurrency.
2026-03-10 20:20:40,419 - INFO - Starting EQCCTPro parallelized waveform processing...
2026-03-10 20:20:40,422 - INFO - 
2026-03-10 20:20:40,424 - INFO - ------- Analyzing Seismic Waveforms for P and S Picks via EQCCT -------
2026-03-10 20:20:40,426 - INFO - Analyzing 0:01:00 minute timechunk from 2025-01-05 15:07:37 to 2025-01-05 15:08:37 (0 min overlap)
2026-03-10 20:20:40,428 - INFO - Processing a total of 1 stations, 1 at a time.
2026-03-10 20:20:44,731 - INFO - (1/1) OBF8: Finished the prediction in 2.18s. (HP=1.0, LP=45.0)
2026-03-10 20:20:44,735 - INFO - 
2026-03-10 20:20:44,737 - INFO - ------- Parallel Station Waveform Processing Complete For 2025-01-05 15:07:37 to 2025-01-05 15:08:37 Timechunk-------
2026-03-10 20:20:44,739 - INFO - Picks saved at /home/blackwinter/projects/eqcct/eqcctpro/results/csv/bm_noise_only/20250105T150737Z_20250105T150837ZProcess Runtime: 4.32 s
2026-03-10 20:20:44,744 - INFO - Successfully ran EQCCTPro, exiting...
2026-03-10 20:20:46,351 - INFO - Ray Successfully Shutdown.
2026-03-10 20:20:46,352 - INFO - ------- Successfully Picked All Waveform(s) from all Timechunk(s) -------
2026-03-11 11:27:07,802 - INFO - 
2026-03-11 11:27:07,809 - INFO - ------- Welcome to EQCCTPro -------
2026-03-11 11:27:07,809 - INFO - 
2026-03-11 11:27:07,810 - INFO - Running EQCCT over Requested MSeed Files using CPU(s)...
2026-03-11 11:27:07,810 - INFO - GPU disabled (CPU-only).
2026-03-11 11:27:07,810 - INFO - Configured Intra-op threads = 1
2026-03-11 11:27:07,811 - INFO - Configured Inter-op threads = 1
2026-03-11 11:27:07,811 - INFO - TensorFlow: No GPUs visible; TF will proceed on CPU.
2026-03-11 11:27:07,811 - INFO - 
2026-03-11 11:27:13,039 - INFO - Ray Successfully Initialized with 4 CPU(s) ([0, 1, 2, 3] CPU Affinity Binding).
2026-03-11 11:27:13,040 - INFO - Analyzing 1 time chunk(s) from 2025-01-05 15:07:37 to 2025-01-05 15:08:37 (dt=1min, overlap=0min).
2026-03-11 11:27:13,040 - INFO - Using 1 selected station(s).
2026-03-11 11:27:13,040 - INFO - 
2026-03-11 11:27:13,040 - INFO - ------- Starting EQCCTPro... -------
2026-03-11 11:27:13,040 - INFO - Detailed subprocess information can be found in the log file.
2026-03-11 11:27:13,040 - INFO - 
2026-03-11 11:27:13,394 - INFO - GPU disabled (CPU-only).
2026-03-11 11:27:14,830 - INFO - Configured Intra-op threads = 1
2026-03-11 11:27:14,833 - INFO - Configured Inter-op threads = 1
2026-03-11 11:27:14,872 - INFO - TensorFlow: No GPUs visible; TF will proceed on CPU.
2026-03-11 11:27:14,874 - INFO - 
2026-03-11 11:27:14,876 - INFO - ------- Hardware Configuration -------
2026-03-11 11:27:14,878 - INFO - CPU affinity set to cores: [0, 1, 2, 3]
2026-03-11 11:27:14,880 - INFO - 
2026-03-11 11:27:14,883 - INFO - ------- Data Preprocessing for EQCCTPro -------
2026-03-11 11:27:14,885 - INFO - 1 station(s) in /home/blackwinter/projects/eqcct/eqcctpro/data/waveforms_noise_only/20250105T150737Z_20250105T150837Z
2026-03-11 11:27:14,887 - INFO - Using 1 selected station(s): ['OBF8'].
2026-03-11 11:27:14,889 - INFO - Creating model actor(s)...
2026-03-11 11:27:14,891 - INFO - System RAM: Total=7870 MB, Available=4019 MB
2026-03-11 11:27:14,893 - INFO - Usable RAM budget: 7083 MB (90% of total)
2026-03-11 11:27:14,895 - INFO - ===== MEMORY-AWARE CPU ACTOR POOL (EQCCT) =====
2026-03-11 11:27:14,897 - INFO - Requested concurrent tasks: 1
2026-03-11 11:27:14,899 - INFO - Available CPUs: 4
2026-03-11 11:27:14,901 - INFO - Available RAM: 7083 MB
2026-03-11 11:27:14,904 - INFO - RAM per model: 2264 MB
2026-03-11 11:27:14,906 - INFO - Max actors by RAM: 3
2026-03-11 11:27:14,908 - INFO - Creating 1 ModelActor(s)
2026-03-11 11:27:14,910 - INFO - Let Ray handle scheduling (taskset already restricts CPU visibility)
2026-03-11 11:27:14,912 - INFO - Creating ModelActor 1/1 (2.21GB RAM each)...
2026-03-11 11:27:18,835 - INFO - ModelActor 1 created successfully.
2026-03-11 11:27:18,837 - INFO - Created 1 CPU actor(s). Task queue will handle concurrency.
2026-03-11 11:27:18,839 - INFO - Starting EQCCTPro parallelized waveform processing...
2026-03-11 11:27:18,841 - INFO - 
2026-03-11 11:27:18,843 - INFO - ------- Analyzing Seismic Waveforms for P and S Picks via EQCCT -------
2026-03-11 11:27:18,845 - INFO - Analyzing 0:01:00 minute timechunk from 2025-01-05 15:07:37 to 2025-01-05 15:08:37 (0 min overlap)
2026-03-11 11:27:18,847 - INFO - Processing a total of 1 stations, 1 at a time.
2026-03-11 11:27:20,771 - INFO - (1/1) OBF8: Skipped (already exists - overwrite=False).
2026-03-11 11:27:20,773 - INFO - 
2026-03-11 11:27:20,776 - INFO - ------- Parallel Station Waveform Processing Complete For 2025-01-05 15:07:37 to 2025-01-05 15:08:37 Timechunk-------
2026-03-11 11:27:20,777 - INFO - Picks saved at /home/blackwinter/projects/eqcct/eqcctpro/results/csv/bm_noise_only/20250105T150737Z_20250105T150837ZProcess Runtime: 1.93 s
2026-03-11 11:27:20,786 - INFO - Successfully ran EQCCTPro, exiting...
2026-03-11 11:27:22,299 - INFO - Ray Successfully Shutdown.
2026-03-11 11:27:22,300 - INFO - ------- Successfully Picked All Waveform(s) from all Timechunk(s) -------
