2026-03-27 19:26:38,869 - INFO - 
2026-03-27 19:26:38,869 - INFO - ------- Welcome to EQCCTPro -------
2026-03-27 19:26:38,869 - INFO - 
2026-03-27 19:26:38,870 - INFO - Running EQCCT over Requested MSeed Files using CPU(s)...
2026-03-27 19:26:38,870 - INFO - GPU disabled (CPU-only).
2026-03-27 19:26:38,870 - INFO - Skipping framework-specific initialization in the driver process.
2026-03-27 19:26:41,267 - INFO - Ray Successfully Initialized with 4 CPU(s) ([0, 1, 2, 3] CPU Affinity Binding).
2026-03-27 19:26:41,267 - INFO - Analyzing 1 time chunk(s) from 2025-06-29 23:34:23 to 2025-06-29 23:35:23 (dt=1min, overlap=0min).
2026-03-27 19:26:41,267 - INFO - Using 1 selected station(s).
2026-03-27 19:26:41,267 - INFO - 
2026-03-27 19:26:41,267 - INFO - ------- Starting EQCCTPro... -------
2026-03-27 19:26:41,268 - INFO - Detailed subprocess information can be found in the log file.
2026-03-27 19:26:41,268 - INFO - 
2026-03-27 19:26:41,551 - INFO - GPU disabled (CPU-only).
2026-03-27 19:26:41,555 - INFO - Skipping framework-specific initialization in the driver process.
2026-03-27 19:26:41,558 - INFO - ------- Hardware Configuration -------
2026-03-27 19:26:41,561 - INFO - CPU affinity set to cores: [0, 1, 2, 3]
2026-03-27 19:26:41,564 - INFO - 
2026-03-27 19:26:41,566 - INFO - ------- Data Preprocessing for EQCCTPro -------
2026-03-27 19:26:41,569 - INFO - 1 station(s) in /home/blackwinter/projects/eqcct/eqcctpro/data/waveforms_earthquakes_nonoise/20250629T233423Z_20250629T233523Z
2026-03-27 19:26:41,572 - INFO - Using 1 selected station(s): ['OLKF'].
2026-03-27 19:26:41,574 - INFO - Creating model actor(s)...
2026-03-27 19:26:41,577 - INFO - System RAM: Total=7870 MB, Available=6057 MB
2026-03-27 19:26:41,579 - INFO - Usable RAM budget: 7083 MB (90% of total)
2026-03-27 19:26:41,582 - INFO - ===== MEMORY-AWARE CPU ACTOR POOL =====
2026-03-27 19:26:41,584 - INFO - Requested concurrent tasks: 1
2026-03-27 19:26:41,587 - INFO - Available CPUs: 4
2026-03-27 19:26:41,589 - INFO - Available RAM: 7083 MB
2026-03-27 19:26:41,592 - INFO - RAM per model: 2060 MB
2026-03-27 19:26:41,594 - INFO - Max actors by RAM: 3
2026-03-27 19:26:41,596 - INFO - Creating 1 SeisBenchModelActor(s)
2026-03-27 19:26:41,599 - INFO - Let Ray handle scheduling (taskset already restricts CPU visibility)
2026-03-27 19:26:41,601 - INFO - Creating SeisBenchModelActor 1/1 (2.01GB RAM each)...
2026-03-27 19:26:45,037 - INFO - SeisBenchModelActor 1 created successfully.
2026-03-27 19:26:45,039 - INFO - Created 1 CPU actor(s). Task queue will handle concurrency.
2026-03-27 19:26:45,041 - INFO - Starting EQCCTPro parallelized waveform processing...
2026-03-27 19:26:45,043 - INFO - 
2026-03-27 19:26:45,045 - INFO - ------- Analyzing Seismic Waveforms for P and S Picks via SeisBench (EQTransformer - original_nonconservative) -------
2026-03-27 19:26:45,047 - INFO - Analyzing 0:01:00 minute timechunk from 2025-06-29 23:34:23 to 2025-06-29 23:35:23 (0 min overlap)
2026-03-27 19:26:45,049 - INFO - Processing a total of 1 stations, 1 at a time.
2026-03-27 19:26:47,333 - INFO - (1/1) OLKF: Finished the prediction in 0.14s. (HP=1.0, LP=45.0, picks=0)
2026-03-27 19:26:47,335 - INFO - 
2026-03-27 19:26:47,338 - INFO - ------- Parallel Station Waveform Processing Complete For 2025-06-29 23:34:23 to 2025-06-29 23:35:23 Timechunk-------
2026-03-27 19:26:47,341 - INFO - Picks saved at /home/blackwinter/projects/eqcct/eqcctpro/results/csv/eqt_earthquakes_th0_1/20250629T233423Z_20250629T233523ZProcess Runtime: 2.30 s
2026-03-27 19:26:47,346 - INFO - Successfully ran EQCCTPro, exiting...
2026-03-27 19:26:48,965 - INFO - Ray Successfully Shutdown.
2026-03-27 19:26:48,965 - INFO - ------- Successfully Picked All Waveform(s) from all Timechunk(s) -------
2026-03-28 01:53:42,852 - INFO - 
2026-03-28 01:53:42,852 - INFO - ------- Welcome to EQCCTPro -------
2026-03-28 01:53:42,852 - INFO - 
2026-03-28 01:53:42,853 - INFO - Running EQCCT over Requested MSeed Files using CPU(s)...
2026-03-28 01:53:42,853 - INFO - GPU disabled (CPU-only).
2026-03-28 01:53:42,853 - INFO - Skipping framework-specific initialization in the driver process.
2026-03-28 01:53:45,296 - INFO - Ray Successfully Initialized with 4 CPU(s) ([0, 1, 2, 3] CPU Affinity Binding).
2026-03-28 01:53:45,296 - INFO - Analyzing 1 time chunk(s) from 2025-06-29 23:34:23 to 2025-06-29 23:35:23 (dt=1min, overlap=0min).
2026-03-28 01:53:45,296 - INFO - Using 1 selected station(s).
2026-03-28 01:53:45,296 - INFO - 
2026-03-28 01:53:45,297 - INFO - ------- Starting EQCCTPro... -------
2026-03-28 01:53:45,297 - INFO - Detailed subprocess information can be found in the log file.
2026-03-28 01:53:45,297 - INFO - 
2026-03-28 01:53:45,583 - INFO - GPU disabled (CPU-only).
2026-03-28 01:53:45,588 - INFO - Skipping framework-specific initialization in the driver process.
2026-03-28 01:53:45,590 - INFO - ------- Hardware Configuration -------
2026-03-28 01:53:45,592 - INFO - CPU affinity set to cores: [0, 1, 2, 3]
2026-03-28 01:53:45,595 - INFO - 
2026-03-28 01:53:45,597 - INFO - ------- Data Preprocessing for EQCCTPro -------
2026-03-28 01:53:45,599 - INFO - 1 station(s) in /home/blackwinter/projects/eqcct/eqcctpro/data/waveforms_earthquakes_nonoise/20250629T233423Z_20250629T233523Z
2026-03-28 01:53:45,601 - INFO - Using 1 selected station(s): ['OLKF'].
2026-03-28 01:53:45,603 - INFO - Creating model actor(s)...
2026-03-28 01:53:45,605 - INFO - System RAM: Total=7870 MB, Available=5850 MB
2026-03-28 01:53:45,608 - INFO - Usable RAM budget: 7083 MB (90% of total)
2026-03-28 01:53:45,610 - INFO - ===== MEMORY-AWARE CPU ACTOR POOL =====
2026-03-28 01:53:45,613 - INFO - Requested concurrent tasks: 1
2026-03-28 01:53:45,615 - INFO - Available CPUs: 4
2026-03-28 01:53:45,618 - INFO - Available RAM: 7083 MB
2026-03-28 01:53:45,620 - INFO - RAM per model: 2060 MB
2026-03-28 01:53:45,623 - INFO - Max actors by RAM: 3
2026-03-28 01:53:45,625 - INFO - Creating 1 SeisBenchModelActor(s)
2026-03-28 01:53:45,627 - INFO - Let Ray handle scheduling (taskset already restricts CPU visibility)
2026-03-28 01:53:45,630 - INFO - Creating SeisBenchModelActor 1/1 (2.01GB RAM each)...
2026-03-28 01:53:48,410 - INFO - SeisBenchModelActor 1 created successfully.
2026-03-28 01:53:48,413 - INFO - Created 1 CPU actor(s). Task queue will handle concurrency.
2026-03-28 01:53:48,415 - INFO - Starting EQCCTPro parallelized waveform processing...
2026-03-28 01:53:48,418 - INFO - 
2026-03-28 01:53:48,421 - INFO - ------- Analyzing Seismic Waveforms for P and S Picks via SeisBench (EQTransformer - original_nonconservative) -------
2026-03-28 01:53:48,424 - INFO - Analyzing 0:01:00 minute timechunk from 2025-06-29 23:34:23 to 2025-06-29 23:35:23 (0 min overlap)
2026-03-28 01:53:48,426 - INFO - Processing a total of 1 stations, 1 at a time.
2026-03-28 01:53:50,486 - INFO - (1/1) OLKF: Skipped (already exists - overwrite=False).
2026-03-28 01:53:50,488 - INFO - 
2026-03-28 01:53:50,491 - INFO - ------- Parallel Station Waveform Processing Complete For 2025-06-29 23:34:23 to 2025-06-29 23:35:23 Timechunk-------
2026-03-28 01:53:50,493 - INFO - Picks saved at /home/blackwinter/projects/eqcct/eqcctpro/results/csv/eqt_earthquakes_th0_1/20250629T233423Z_20250629T233523ZProcess Runtime: 2.07 s
2026-03-28 01:53:50,499 - INFO - Successfully ran EQCCTPro, exiting...
2026-03-28 01:53:51,943 - INFO - Ray Successfully Shutdown.
2026-03-28 01:53:51,943 - INFO - ------- Successfully Picked All Waveform(s) from all Timechunk(s) -------
