2026-02-22 16:35:34,800 - INFO - 
2026-02-22 16:35:34,800 - INFO - ------- Welcome to EQCCTPro -------
2026-02-22 16:35:34,800 - INFO - 
2026-02-22 16:35:34,800 - INFO - Running EQCCT over Requested MSeed Files using CPU(s)...
2026-02-22 16:35:34,801 - INFO - GPU disabled (CPU-only).
2026-02-22 16:35:34,801 - INFO - Configured Intra-op threads = 1
2026-02-22 16:35:34,801 - INFO - Configured Inter-op threads = 1
2026-02-22 16:35:34,801 - INFO - TensorFlow: No GPUs visible; TF will proceed on CPU.
2026-02-22 16:35:34,801 - INFO - 
2026-02-22 16:35:39,444 - INFO - Ray Successfully Initialized with 4 CPU(s) ([0, 1, 2, 3] CPU Affinity Binding).
2026-02-22 16:35:39,444 - INFO - Analyzing 1 time chunk(s) from 2025-06-21 18:04:13 to 2025-06-21 18:05:13 (dt=1min, overlap=0min).
2026-02-22 16:35:39,445 - INFO - Using 1 selected station(s).
2026-02-22 16:35:39,445 - INFO - 
2026-02-22 16:35:39,445 - INFO - ------- Starting EQCCTPro... -------
2026-02-22 16:35:39,445 - INFO - Detailed subprocess information can be found in the log file.
2026-02-22 16:35:39,445 - INFO - 
2026-02-22 16:35:39,811 - INFO - GPU disabled (CPU-only).
2026-02-22 16:35:41,220 - INFO - Configured Intra-op threads = 1
2026-02-22 16:35:41,222 - INFO - Configured Inter-op threads = 1
2026-02-22 16:35:41,258 - INFO - TensorFlow: No GPUs visible; TF will proceed on CPU.
2026-02-22 16:35:41,261 - INFO - 
2026-02-22 16:35:41,263 - INFO - ------- Hardware Configuration -------
2026-02-22 16:35:41,266 - INFO - CPU affinity set to cores: [0, 1, 2, 3]
2026-02-22 16:35:41,268 - INFO - 
2026-02-22 16:35:41,270 - INFO - ------- Data Preprocessing for EQCCTPro -------
2026-02-22 16:35:41,272 - INFO - 1 station(s) in /home/blackwinter/projects/eqcct/eqcctpro/data/waveforms_earthquakes_nonoise/20250621T180413Z_20250621T180513Z
2026-02-22 16:35:41,274 - INFO - Using 1 selected station(s): ['OBF3'].
2026-02-22 16:35:41,276 - INFO - Creating model actor(s)...
2026-02-22 16:35:41,279 - INFO - System RAM: Total=7870 MB, Available=2117 MB
2026-02-22 16:35:41,281 - INFO - Usable RAM budget: 7083 MB (90% of total)
2026-02-22 16:35:41,283 - INFO - ===== MEMORY-AWARE CPU ACTOR POOL (EQCCT) =====
2026-02-22 16:35:41,284 - INFO - Requested concurrent tasks: 1
2026-02-22 16:35:41,286 - INFO - Available CPUs: 4
2026-02-22 16:35:41,288 - INFO - Available RAM: 7083 MB
2026-02-22 16:35:41,290 - INFO - RAM per model: 2264 MB
2026-02-22 16:35:41,291 - INFO - Max actors by RAM: 3
2026-02-22 16:35:41,293 - INFO - Creating 1 ModelActor(s)
2026-02-22 16:35:41,295 - INFO - Let Ray handle scheduling (taskset already restricts CPU visibility)
2026-02-22 16:35:41,297 - INFO - Creating ModelActor 1/1 (2.21GB RAM each)...
2026-02-22 16:35:45,188 - INFO - ModelActor 1 created successfully.
2026-02-22 16:35:45,190 - INFO - Created 1 CPU actor(s). Task queue will handle concurrency.
2026-02-22 16:35:45,192 - INFO - Starting EQCCTPro parallelized waveform processing...
2026-02-22 16:35:45,194 - INFO - 
2026-02-22 16:35:45,196 - INFO - ------- Analyzing Seismic Waveforms for P and S Picks via EQCCT -------
2026-02-22 16:35:45,198 - INFO - Analyzing 0:01:00 minute timechunk from 2025-06-21 18:04:13 to 2025-06-21 18:05:13 (0 min overlap)
2026-02-22 16:35:45,201 - INFO - Processing a total of 1 stations, 1 at a time.
2026-02-22 16:35:49,320 - INFO - (1/1) OBF3: Finished the prediction in 2.18s. (HP=1.0, LP=45.0)
2026-02-22 16:35:49,322 - INFO - 
2026-02-22 16:35:49,324 - INFO - ------- Parallel Station Waveform Processing Complete For 2025-06-21 18:04:13 to 2025-06-21 18:05:13 Timechunk-------
2026-02-22 16:35:49,326 - INFO - Picks saved at /home/blackwinter/projects/eqcct/eqcctpro/results/csv/bm_eq_nonoise/20250621T180413Z_20250621T180513ZProcess Runtime: 4.13 s
2026-02-22 16:35:49,329 - INFO - Successfully ran EQCCTPro, exiting...
2026-02-22 16:35:51,016 - INFO - Ray Successfully Shutdown.
2026-02-22 16:35:51,016 - INFO - ------- Successfully Picked All Waveform(s) from all Timechunk(s) -------
