2026-03-27 22:09:30,249 - INFO - 
2026-03-27 22:09:30,249 - INFO - ------- Welcome to EQCCTPro -------
2026-03-27 22:09:30,249 - INFO - 
2026-03-27 22:09:30,249 - INFO - Running EQCCT over Requested MSeed Files using CPU(s)...
2026-03-27 22:09:30,249 - INFO - GPU disabled (CPU-only).
2026-03-27 22:09:30,249 - INFO - Skipping framework-specific initialization in the driver process.
2026-03-27 22:09:32,688 - INFO - Ray Successfully Initialized with 4 CPU(s) ([0, 1, 2, 3] CPU Affinity Binding).
2026-03-27 22:09:32,689 - INFO - Analyzing 1 time chunk(s) from 2025-11-23 12:18:39 to 2025-11-23 12:19:39 (dt=1min, overlap=0min).
2026-03-27 22:09:32,689 - INFO - Using 1 selected station(s).
2026-03-27 22:09:32,689 - INFO - 
2026-03-27 22:09:32,689 - INFO - ------- Starting EQCCTPro... -------
2026-03-27 22:09:32,689 - INFO - Detailed subprocess information can be found in the log file.
2026-03-27 22:09:32,689 - INFO - 
2026-03-27 22:09:32,968 - INFO - GPU disabled (CPU-only).
2026-03-27 22:09:32,977 - INFO - Skipping framework-specific initialization in the driver process.
2026-03-27 22:09:32,980 - INFO - ------- Hardware Configuration -------
2026-03-27 22:09:32,982 - INFO - CPU affinity set to cores: [0, 1, 2, 3]
2026-03-27 22:09:32,985 - INFO - 
2026-03-27 22:09:32,987 - INFO - ------- Data Preprocessing for EQCCTPro -------
2026-03-27 22:09:32,990 - INFO - 1 station(s) in /home/blackwinter/projects/eqcct/eqcctpro/data/waveforms_earthquakes_nonoise/20251123T121839Z_20251123T121939Z
2026-03-27 22:09:32,992 - INFO - Using 1 selected station(s): ['RANF'].
2026-03-27 22:09:32,994 - INFO - Creating model actor(s)...
2026-03-27 22:09:32,997 - INFO - System RAM: Total=7870 MB, Available=5023 MB
2026-03-27 22:09:32,999 - INFO - Usable RAM budget: 7083 MB (90% of total)
2026-03-27 22:09:33,002 - INFO - ===== MEMORY-AWARE CPU ACTOR POOL =====
2026-03-27 22:09:33,004 - INFO - Requested concurrent tasks: 1
2026-03-27 22:09:33,007 - INFO - Available CPUs: 4
2026-03-27 22:09:33,009 - INFO - Available RAM: 7083 MB
2026-03-27 22:09:33,011 - INFO - RAM per model: 2060 MB
2026-03-27 22:09:33,013 - INFO - Max actors by RAM: 3
2026-03-27 22:09:33,015 - INFO - Creating 1 SeisBenchModelActor(s)
2026-03-27 22:09:33,016 - INFO - Let Ray handle scheduling (taskset already restricts CPU visibility)
2026-03-27 22:09:33,019 - INFO - Creating SeisBenchModelActor 1/1 (2.01GB RAM each)...
2026-03-27 22:09:36,151 - INFO - SeisBenchModelActor 1 created successfully.
2026-03-27 22:09:36,154 - INFO - Created 1 CPU actor(s). Task queue will handle concurrency.
2026-03-27 22:09:36,156 - INFO - Starting EQCCTPro parallelized waveform processing...
2026-03-27 22:09:36,159 - INFO - 
2026-03-27 22:09:36,161 - INFO - ------- Analyzing Seismic Waveforms for P and S Picks via SeisBench (EQTransformer - original_nonconservative) -------
2026-03-27 22:09:36,164 - INFO - Analyzing 0:01:00 minute timechunk from 2025-11-23 12:18:39 to 2025-11-23 12:19:39 (0 min overlap)
2026-03-27 22:09:36,167 - INFO - Processing a total of 1 stations, 1 at a time.
2026-03-27 22:09:38,353 - INFO - (1/1) RANF: Finished the prediction in 0.13s. (HP=1.0, LP=45.0, picks=2)
2026-03-27 22:09:38,356 - INFO - 
2026-03-27 22:09:38,358 - INFO - ------- Parallel Station Waveform Processing Complete For 2025-11-23 12:18:39 to 2025-11-23 12:19:39 Timechunk-------
2026-03-27 22:09:38,360 - INFO - Picks saved at /home/blackwinter/projects/eqcct/eqcctpro/results/csv/eqt_earthquakes_th0_1/20251123T121839Z_20251123T121939ZProcess Runtime: 2.20 s
2026-03-27 22:09:38,371 - INFO - Successfully ran EQCCTPro, exiting...
2026-03-27 22:09:40,058 - INFO - Ray Successfully Shutdown.
2026-03-27 22:09:40,058 - INFO - ------- Successfully Picked All Waveform(s) from all Timechunk(s) -------
2026-03-28 04:21:03,536 - INFO - 
2026-03-28 04:21:03,536 - INFO - ------- Welcome to EQCCTPro -------
2026-03-28 04:21:03,537 - INFO - 
2026-03-28 04:21:03,537 - INFO - Running EQCCT over Requested MSeed Files using CPU(s)...
2026-03-28 04:21:03,537 - INFO - GPU disabled (CPU-only).
2026-03-28 04:21:03,537 - INFO - Skipping framework-specific initialization in the driver process.
2026-03-28 04:21:05,920 - INFO - Ray Successfully Initialized with 4 CPU(s) ([0, 1, 2, 3] CPU Affinity Binding).
2026-03-28 04:21:05,920 - INFO - Analyzing 1 time chunk(s) from 2025-11-23 12:18:39 to 2025-11-23 12:19:39 (dt=1min, overlap=0min).
2026-03-28 04:21:05,921 - INFO - Using 1 selected station(s).
2026-03-28 04:21:05,921 - INFO - 
2026-03-28 04:21:05,921 - INFO - ------- Starting EQCCTPro... -------
2026-03-28 04:21:05,921 - INFO - Detailed subprocess information can be found in the log file.
2026-03-28 04:21:05,921 - INFO - 
2026-03-28 04:21:06,294 - INFO - GPU disabled (CPU-only).
2026-03-28 04:21:06,300 - INFO - Skipping framework-specific initialization in the driver process.
2026-03-28 04:21:06,303 - INFO - ------- Hardware Configuration -------
2026-03-28 04:21:06,306 - INFO - CPU affinity set to cores: [0, 1, 2, 3]
2026-03-28 04:21:06,309 - INFO - 
2026-03-28 04:21:06,311 - INFO - ------- Data Preprocessing for EQCCTPro -------
2026-03-28 04:21:06,314 - INFO - 1 station(s) in /home/blackwinter/projects/eqcct/eqcctpro/data/waveforms_earthquakes_nonoise/20251123T121839Z_20251123T121939Z
2026-03-28 04:21:06,316 - INFO - Using 1 selected station(s): ['RANF'].
2026-03-28 04:21:06,319 - INFO - Creating model actor(s)...
2026-03-28 04:21:06,322 - INFO - System RAM: Total=7870 MB, Available=5618 MB
2026-03-28 04:21:06,325 - INFO - Usable RAM budget: 7083 MB (90% of total)
2026-03-28 04:21:06,328 - INFO - ===== MEMORY-AWARE CPU ACTOR POOL =====
2026-03-28 04:21:06,330 - INFO - Requested concurrent tasks: 1
2026-03-28 04:21:06,333 - INFO - Available CPUs: 4
2026-03-28 04:21:06,336 - INFO - Available RAM: 7083 MB
2026-03-28 04:21:06,339 - INFO - RAM per model: 2060 MB
2026-03-28 04:21:06,341 - INFO - Max actors by RAM: 3
2026-03-28 04:21:06,344 - INFO - Creating 1 SeisBenchModelActor(s)
2026-03-28 04:21:06,346 - INFO - Let Ray handle scheduling (taskset already restricts CPU visibility)
2026-03-28 04:21:06,348 - INFO - Creating SeisBenchModelActor 1/1 (2.01GB RAM each)...
2026-03-28 04:21:09,683 - INFO - SeisBenchModelActor 1 created successfully.
2026-03-28 04:21:09,686 - INFO - Created 1 CPU actor(s). Task queue will handle concurrency.
2026-03-28 04:21:09,688 - INFO - Starting EQCCTPro parallelized waveform processing...
2026-03-28 04:21:09,690 - INFO - 
2026-03-28 04:21:09,692 - INFO - ------- Analyzing Seismic Waveforms for P and S Picks via SeisBench (EQTransformer - original_nonconservative) -------
2026-03-28 04:21:09,695 - INFO - Analyzing 0:01:00 minute timechunk from 2025-11-23 12:18:39 to 2025-11-23 12:19:39 (0 min overlap)
2026-03-28 04:21:09,698 - INFO - Processing a total of 1 stations, 1 at a time.
2026-03-28 04:21:11,775 - INFO - (1/1) RANF: Skipped (already exists - overwrite=False).
2026-03-28 04:21:11,778 - INFO - 
2026-03-28 04:21:11,781 - INFO - ------- Parallel Station Waveform Processing Complete For 2025-11-23 12:18:39 to 2025-11-23 12:19:39 Timechunk-------
2026-03-28 04:21:11,783 - INFO - Picks saved at /home/blackwinter/projects/eqcct/eqcctpro/results/csv/eqt_earthquakes_th0_1/20251123T121839Z_20251123T121939ZProcess Runtime: 2.09 s
2026-03-28 04:21:11,790 - INFO - Successfully ran EQCCTPro, exiting...
2026-03-28 04:21:13,579 - INFO - Ray Successfully Shutdown.
2026-03-28 04:21:13,579 - INFO - ------- Successfully Picked All Waveform(s) from all Timechunk(s) -------
