2026-03-10 20:05:47,340 - INFO - 
2026-03-10 20:05:47,340 - INFO - ------- Welcome to EQCCTPro -------
2026-03-10 20:05:47,340 - INFO - 
2026-03-10 20:05:47,340 - INFO - Running EQCCT over Requested MSeed Files using CPU(s)...
2026-03-10 20:05:47,341 - INFO - GPU disabled (CPU-only).
2026-03-10 20:05:47,341 - INFO - Configured Intra-op threads = 1
2026-03-10 20:05:47,341 - INFO - Configured Inter-op threads = 1
2026-03-10 20:05:47,341 - INFO - TensorFlow: No GPUs visible; TF will proceed on CPU.
2026-03-10 20:05:47,341 - INFO - 
2026-03-10 20:05:52,708 - INFO - Ray Successfully Initialized with 4 CPU(s) ([0, 1, 2, 3] CPU Affinity Binding).
2026-03-10 20:05:52,708 - INFO - Analyzing 1 time chunk(s) from 2025-01-05 06:53:06 to 2025-01-05 06:54:06 (dt=1min, overlap=0min).
2026-03-10 20:05:52,708 - INFO - Using 1 selected station(s).
2026-03-10 20:05:52,708 - INFO - 
2026-03-10 20:05:52,708 - INFO - ------- Starting EQCCTPro... -------
2026-03-10 20:05:52,708 - INFO - Detailed subprocess information can be found in the log file.
2026-03-10 20:05:52,709 - INFO - 
2026-03-10 20:05:53,103 - INFO - GPU disabled (CPU-only).
2026-03-10 20:05:54,668 - INFO - Configured Intra-op threads = 1
2026-03-10 20:05:54,670 - INFO - Configured Inter-op threads = 1
2026-03-10 20:05:54,715 - INFO - TensorFlow: No GPUs visible; TF will proceed on CPU.
2026-03-10 20:05:54,718 - INFO - 
2026-03-10 20:05:54,720 - INFO - ------- Hardware Configuration -------
2026-03-10 20:05:54,722 - INFO - CPU affinity set to cores: [0, 1, 2, 3]
2026-03-10 20:05:54,723 - INFO - 
2026-03-10 20:05:54,725 - INFO - ------- Data Preprocessing for EQCCTPro -------
2026-03-10 20:05:54,727 - INFO - 1 station(s) in /home/blackwinter/projects/eqcct/eqcctpro/data/waveforms_noise_only/20250105T065306Z_20250105T065406Z
2026-03-10 20:05:54,729 - INFO - Using 1 selected station(s): ['KIF'].
2026-03-10 20:05:54,731 - INFO - Creating model actor(s)...
2026-03-10 20:05:54,733 - INFO - System RAM: Total=7870 MB, Available=3397 MB
2026-03-10 20:05:54,735 - INFO - Usable RAM budget: 7083 MB (90% of total)
2026-03-10 20:05:54,737 - INFO - ===== MEMORY-AWARE CPU ACTOR POOL (EQCCT) =====
2026-03-10 20:05:54,739 - INFO - Requested concurrent tasks: 1
2026-03-10 20:05:54,741 - INFO - Available CPUs: 4
2026-03-10 20:05:54,744 - INFO - Available RAM: 7083 MB
2026-03-10 20:05:54,746 - INFO - RAM per model: 2264 MB
2026-03-10 20:05:54,748 - INFO - Max actors by RAM: 3
2026-03-10 20:05:54,750 - INFO - Creating 1 ModelActor(s)
2026-03-10 20:05:54,753 - INFO - Let Ray handle scheduling (taskset already restricts CPU visibility)
2026-03-10 20:05:54,755 - INFO - Creating ModelActor 1/1 (2.21GB RAM each)...
2026-03-10 20:05:58,819 - INFO - ModelActor 1 created successfully.
2026-03-10 20:05:58,821 - INFO - Created 1 CPU actor(s). Task queue will handle concurrency.
2026-03-10 20:05:58,822 - INFO - Starting EQCCTPro parallelized waveform processing...
2026-03-10 20:05:58,824 - INFO - 
2026-03-10 20:05:58,826 - INFO - ------- Analyzing Seismic Waveforms for P and S Picks via EQCCT -------
2026-03-10 20:05:58,828 - INFO - Analyzing 0:01:00 minute timechunk from 2025-01-05 06:53:06 to 2025-01-05 06:54:06 (0 min overlap)
2026-03-10 20:05:58,830 - INFO - Processing a total of 1 stations, 1 at a time.
2026-03-10 20:06:02,935 - INFO - (1/1) KIF: Finished the prediction in 2.18s. (HP=1.0, LP=45.0)
2026-03-10 20:06:02,937 - INFO - 
2026-03-10 20:06:02,939 - INFO - ------- Parallel Station Waveform Processing Complete For 2025-01-05 06:53:06 to 2025-01-05 06:54:06 Timechunk-------
2026-03-10 20:06:02,941 - INFO - Picks saved at /home/blackwinter/projects/eqcct/eqcctpro/results/csv/bm_noise_only/20250105T065306Z_20250105T065406ZProcess Runtime: 4.12 s
2026-03-10 20:06:02,945 - INFO - Successfully ran EQCCTPro, exiting...
2026-03-10 20:06:04,368 - INFO - Ray Successfully Shutdown.
2026-03-10 20:06:04,368 - INFO - ------- Successfully Picked All Waveform(s) from all Timechunk(s) -------
2026-03-11 11:14:37,647 - INFO - 
2026-03-11 11:14:37,647 - INFO - ------- Welcome to EQCCTPro -------
2026-03-11 11:14:37,647 - INFO - 
2026-03-11 11:14:37,648 - INFO - Running EQCCT over Requested MSeed Files using CPU(s)...
2026-03-11 11:14:37,648 - INFO - GPU disabled (CPU-only).
2026-03-11 11:14:37,648 - INFO - Configured Intra-op threads = 1
2026-03-11 11:14:37,648 - INFO - Configured Inter-op threads = 1
2026-03-11 11:14:37,649 - INFO - TensorFlow: No GPUs visible; TF will proceed on CPU.
2026-03-11 11:14:37,649 - INFO - 
2026-03-11 11:14:43,002 - INFO - Ray Successfully Initialized with 4 CPU(s) ([0, 1, 2, 3] CPU Affinity Binding).
2026-03-11 11:14:43,003 - INFO - Analyzing 1 time chunk(s) from 2025-01-05 06:53:06 to 2025-01-05 06:54:06 (dt=1min, overlap=0min).
2026-03-11 11:14:43,003 - INFO - Using 1 selected station(s).
2026-03-11 11:14:43,003 - INFO - 
2026-03-11 11:14:43,003 - INFO - ------- Starting EQCCTPro... -------
2026-03-11 11:14:43,003 - INFO - Detailed subprocess information can be found in the log file.
2026-03-11 11:14:43,003 - INFO - 
2026-03-11 11:14:43,375 - INFO - GPU disabled (CPU-only).
2026-03-11 11:14:44,905 - INFO - Configured Intra-op threads = 1
2026-03-11 11:14:44,907 - INFO - Configured Inter-op threads = 1
2026-03-11 11:14:44,949 - INFO - TensorFlow: No GPUs visible; TF will proceed on CPU.
2026-03-11 11:14:44,952 - INFO - 
2026-03-11 11:14:44,954 - INFO - ------- Hardware Configuration -------
2026-03-11 11:14:44,957 - INFO - CPU affinity set to cores: [0, 1, 2, 3]
2026-03-11 11:14:44,959 - INFO - 
2026-03-11 11:14:44,961 - INFO - ------- Data Preprocessing for EQCCTPro -------
2026-03-11 11:14:44,963 - INFO - 1 station(s) in /home/blackwinter/projects/eqcct/eqcctpro/data/waveforms_noise_only/20250105T065306Z_20250105T065406Z
2026-03-11 11:14:44,965 - INFO - Using 1 selected station(s): ['KIF'].
2026-03-11 11:14:44,967 - INFO - Creating model actor(s)...
2026-03-11 11:14:44,970 - INFO - System RAM: Total=7870 MB, Available=4090 MB
2026-03-11 11:14:44,972 - INFO - Usable RAM budget: 7083 MB (90% of total)
2026-03-11 11:14:44,974 - INFO - ===== MEMORY-AWARE CPU ACTOR POOL (EQCCT) =====
2026-03-11 11:14:44,976 - INFO - Requested concurrent tasks: 1
2026-03-11 11:14:44,978 - INFO - Available CPUs: 4
2026-03-11 11:14:44,980 - INFO - Available RAM: 7083 MB
2026-03-11 11:14:44,981 - INFO - RAM per model: 2264 MB
2026-03-11 11:14:44,983 - INFO - Max actors by RAM: 3
2026-03-11 11:14:44,985 - INFO - Creating 1 ModelActor(s)
2026-03-11 11:14:44,987 - INFO - Let Ray handle scheduling (taskset already restricts CPU visibility)
2026-03-11 11:14:44,989 - INFO - Creating ModelActor 1/1 (2.21GB RAM each)...
2026-03-11 11:14:48,965 - INFO - ModelActor 1 created successfully.
2026-03-11 11:14:48,967 - INFO - Created 1 CPU actor(s). Task queue will handle concurrency.
2026-03-11 11:14:48,969 - INFO - Starting EQCCTPro parallelized waveform processing...
2026-03-11 11:14:48,971 - INFO - 
2026-03-11 11:14:48,973 - INFO - ------- Analyzing Seismic Waveforms for P and S Picks via EQCCT -------
2026-03-11 11:14:48,976 - INFO - Analyzing 0:01:00 minute timechunk from 2025-01-05 06:53:06 to 2025-01-05 06:54:06 (0 min overlap)
2026-03-11 11:14:48,978 - INFO - Processing a total of 1 stations, 1 at a time.
2026-03-11 11:14:50,922 - INFO - (1/1) KIF: Skipped (already exists - overwrite=False).
2026-03-11 11:14:50,925 - INFO - 
2026-03-11 11:14:50,927 - INFO - ------- Parallel Station Waveform Processing Complete For 2025-01-05 06:53:06 to 2025-01-05 06:54:06 Timechunk-------
2026-03-11 11:14:50,929 - INFO - Picks saved at /home/blackwinter/projects/eqcct/eqcctpro/results/csv/bm_noise_only/20250105T065306Z_20250105T065406ZProcess Runtime: 1.96 s
2026-03-11 11:14:50,933 - INFO - Successfully ran EQCCTPro, exiting...
2026-03-11 11:14:52,455 - INFO - Ray Successfully Shutdown.
2026-03-11 11:14:52,455 - INFO - ------- Successfully Picked All Waveform(s) from all Timechunk(s) -------
