2026-02-26 22:53:27,954 - INFO - 
2026-02-26 22:53:27,954 - INFO - ------- Welcome to EQCCTPro -------
2026-02-26 22:53:27,954 - INFO - 
2026-02-26 22:53:27,955 - INFO - Running EQCCT over Requested MSeed Files using CPU(s)...
2026-02-26 22:53:27,955 - INFO - GPU disabled (CPU-only).
2026-02-26 22:53:27,955 - INFO - Configured Intra-op threads = 1
2026-02-26 22:53:27,955 - INFO - Configured Inter-op threads = 1
2026-02-26 22:53:27,955 - INFO - TensorFlow: No GPUs visible; TF will proceed on CPU.
2026-02-26 22:53:27,956 - INFO - 
2026-02-26 22:53:33,283 - INFO - Ray Successfully Initialized with 4 CPU(s) ([0, 1, 2, 3] CPU Affinity Binding).
2026-02-26 22:53:33,283 - INFO - Analyzing 1 time chunk(s) from 2025-01-08 09:50:08 to 2025-01-08 09:51:08 (dt=1min, overlap=0min).
2026-02-26 22:53:33,283 - INFO - Using 1 selected station(s).
2026-02-26 22:53:33,283 - INFO - 
2026-02-26 22:53:33,284 - INFO - ------- Starting EQCCTPro... -------
2026-02-26 22:53:33,284 - INFO - Detailed subprocess information can be found in the log file.
2026-02-26 22:53:33,284 - INFO - 
2026-02-26 22:53:33,653 - INFO - GPU disabled (CPU-only).
2026-02-26 22:53:35,126 - INFO - Configured Intra-op threads = 1
2026-02-26 22:53:35,128 - INFO - Configured Inter-op threads = 1
2026-02-26 22:53:35,171 - INFO - TensorFlow: No GPUs visible; TF will proceed on CPU.
2026-02-26 22:53:35,173 - INFO - 
2026-02-26 22:53:35,175 - INFO - ------- Hardware Configuration -------
2026-02-26 22:53:35,177 - INFO - CPU affinity set to cores: [0, 1, 2, 3]
2026-02-26 22:53:35,179 - INFO - 
2026-02-26 22:53:35,181 - INFO - ------- Data Preprocessing for EQCCTPro -------
2026-02-26 22:53:35,183 - INFO - 1 station(s) in /home/blackwinter/projects/eqcct/eqcctpro/data/waveforms_explosions_nonoise/20250108T095008Z_20250108T095108Z
2026-02-26 22:53:35,185 - INFO - Using 1 selected station(s): ['NUR'].
2026-02-26 22:53:35,187 - INFO - Creating model actor(s)...
2026-02-26 22:53:35,189 - INFO - System RAM: Total=7870 MB, Available=3846 MB
2026-02-26 22:53:35,191 - INFO - Usable RAM budget: 7083 MB (90% of total)
2026-02-26 22:53:35,193 - INFO - ===== MEMORY-AWARE CPU ACTOR POOL (EQCCT) =====
2026-02-26 22:53:35,194 - INFO - Requested concurrent tasks: 1
2026-02-26 22:53:35,197 - INFO - Available CPUs: 4
2026-02-26 22:53:35,198 - INFO - Available RAM: 7083 MB
2026-02-26 22:53:35,200 - INFO - RAM per model: 2264 MB
2026-02-26 22:53:35,202 - INFO - Max actors by RAM: 3
2026-02-26 22:53:35,204 - INFO - Creating 1 ModelActor(s)
2026-02-26 22:53:35,206 - INFO - Let Ray handle scheduling (taskset already restricts CPU visibility)
2026-02-26 22:53:35,209 - INFO - Creating ModelActor 1/1 (2.21GB RAM each)...
2026-02-26 22:53:39,047 - INFO - ModelActor 1 created successfully.
2026-02-26 22:53:39,050 - INFO - Created 1 CPU actor(s). Task queue will handle concurrency.
2026-02-26 22:53:39,052 - INFO - Starting EQCCTPro parallelized waveform processing...
2026-02-26 22:53:39,054 - INFO - 
2026-02-26 22:53:39,055 - INFO - ------- Analyzing Seismic Waveforms for P and S Picks via EQCCT -------
2026-02-26 22:53:39,057 - INFO - Analyzing 0:01:00 minute timechunk from 2025-01-08 09:50:08 to 2025-01-08 09:51:08 (0 min overlap)
2026-02-26 22:53:39,060 - INFO - Processing a total of 1 stations, 1 at a time.
2026-02-26 22:53:43,450 - INFO - (1/1) NUR: Finished the prediction in 2.36s. (HP=1.0, LP=45.0)
2026-02-26 22:53:43,458 - INFO - 
2026-02-26 22:53:43,460 - INFO - ------- Parallel Station Waveform Processing Complete For 2025-01-08 09:50:08 to 2025-01-08 09:51:08 Timechunk-------
2026-02-26 22:53:43,462 - INFO - Picks saved at /home/blackwinter/projects/eqcct/eqcctpro/results/csv/bm_explosions/20250108T095008Z_20250108T095108ZProcess Runtime: 4.41 s
2026-02-26 22:53:43,469 - INFO - Successfully ran EQCCTPro, exiting...
2026-02-26 22:53:44,975 - INFO - Ray Successfully Shutdown.
2026-02-26 22:53:44,975 - INFO - ------- Successfully Picked All Waveform(s) from all Timechunk(s) -------
2026-02-27 06:20:31,183 - INFO - 
2026-02-27 06:20:31,190 - INFO - ------- Welcome to EQCCTPro -------
2026-02-27 06:20:31,190 - INFO - 
2026-02-27 06:20:31,191 - INFO - Running EQCCT over Requested MSeed Files using CPU(s)...
2026-02-27 06:20:31,191 - INFO - GPU disabled (CPU-only).
2026-02-27 06:20:31,191 - INFO - Configured Intra-op threads = 1
2026-02-27 06:20:31,191 - INFO - Configured Inter-op threads = 1
2026-02-27 06:20:31,191 - INFO - TensorFlow: No GPUs visible; TF will proceed on CPU.
2026-02-27 06:20:31,192 - INFO - 
2026-02-27 06:20:36,630 - INFO - Ray Successfully Initialized with 4 CPU(s) ([0, 1, 2, 3] CPU Affinity Binding).
2026-02-27 06:20:36,631 - INFO - Analyzing 1 time chunk(s) from 2025-01-08 09:50:08 to 2025-01-08 09:51:08 (dt=1min, overlap=0min).
2026-02-27 06:20:36,631 - INFO - Using 1 selected station(s).
2026-02-27 06:20:36,631 - INFO - 
2026-02-27 06:20:36,631 - INFO - ------- Starting EQCCTPro... -------
2026-02-27 06:20:36,632 - INFO - Detailed subprocess information can be found in the log file.
2026-02-27 06:20:36,632 - INFO - 
2026-02-27 06:20:36,992 - INFO - GPU disabled (CPU-only).
2026-02-27 06:20:38,499 - INFO - Configured Intra-op threads = 1
2026-02-27 06:20:38,502 - INFO - Configured Inter-op threads = 1
2026-02-27 06:20:38,549 - INFO - TensorFlow: No GPUs visible; TF will proceed on CPU.
2026-02-27 06:20:38,551 - INFO - 
2026-02-27 06:20:38,554 - INFO - ------- Hardware Configuration -------
2026-02-27 06:20:38,556 - INFO - CPU affinity set to cores: [0, 1, 2, 3]
2026-02-27 06:20:38,558 - INFO - 
2026-02-27 06:20:38,560 - INFO - ------- Data Preprocessing for EQCCTPro -------
2026-02-27 06:20:38,562 - INFO - 1 station(s) in /home/blackwinter/projects/eqcct/eqcctpro/data/waveforms_explosions_nonoise/20250108T095008Z_20250108T095108Z
2026-02-27 06:20:38,563 - INFO - Using 1 selected station(s): ['NUR'].
2026-02-27 06:20:38,566 - INFO - Creating model actor(s)...
2026-02-27 06:20:38,567 - INFO - System RAM: Total=7870 MB, Available=3917 MB
2026-02-27 06:20:38,569 - INFO - Usable RAM budget: 7083 MB (90% of total)
2026-02-27 06:20:38,571 - INFO - ===== MEMORY-AWARE CPU ACTOR POOL (EQCCT) =====
2026-02-27 06:20:38,573 - INFO - Requested concurrent tasks: 1
2026-02-27 06:20:38,575 - INFO - Available CPUs: 4
2026-02-27 06:20:38,577 - INFO - Available RAM: 7083 MB
2026-02-27 06:20:38,579 - INFO - RAM per model: 2264 MB
2026-02-27 06:20:38,581 - INFO - Max actors by RAM: 3
2026-02-27 06:20:38,583 - INFO - Creating 1 ModelActor(s)
2026-02-27 06:20:38,585 - INFO - Let Ray handle scheduling (taskset already restricts CPU visibility)
2026-02-27 06:20:38,587 - INFO - Creating ModelActor 1/1 (2.21GB RAM each)...
2026-02-27 06:20:42,473 - INFO - ModelActor 1 created successfully.
2026-02-27 06:20:42,476 - INFO - Created 1 CPU actor(s). Task queue will handle concurrency.
2026-02-27 06:20:42,478 - INFO - Starting EQCCTPro parallelized waveform processing...
2026-02-27 06:20:42,480 - INFO - 
2026-02-27 06:20:42,482 - INFO - ------- Analyzing Seismic Waveforms for P and S Picks via EQCCT -------
2026-02-27 06:20:42,485 - INFO - Analyzing 0:01:00 minute timechunk from 2025-01-08 09:50:08 to 2025-01-08 09:51:08 (0 min overlap)
2026-02-27 06:20:42,487 - INFO - Processing a total of 1 stations, 1 at a time.
2026-02-27 06:20:44,381 - INFO - (1/1) NUR: Skipped (already exists - overwrite=False).
2026-02-27 06:20:44,384 - INFO - 
2026-02-27 06:20:44,386 - INFO - ------- Parallel Station Waveform Processing Complete For 2025-01-08 09:50:08 to 2025-01-08 09:51:08 Timechunk-------
2026-02-27 06:20:44,388 - INFO - Picks saved at /home/blackwinter/projects/eqcct/eqcctpro/results/csv/bm_explosions/20250108T095008Z_20250108T095108ZProcess Runtime: 1.91 s
2026-02-27 06:20:44,392 - INFO - Successfully ran EQCCTPro, exiting...
2026-02-27 06:20:45,673 - INFO - Ray Successfully Shutdown.
2026-02-27 06:20:45,674 - INFO - ------- Successfully Picked All Waveform(s) from all Timechunk(s) -------
