2026-03-28 21:38:00,592 - INFO - 
2026-03-28 21:38:00,592 - INFO - ------- Welcome to EQCCTPro -------
2026-03-28 21:38:00,592 - INFO - 
2026-03-28 21:38:00,593 - INFO - Running EQCCT over Requested MSeed Files using CPU(s)...
2026-03-28 21:38:00,593 - INFO - GPU disabled (CPU-only).
2026-03-29 05:57:36,427 - INFO - 
2026-03-29 05:57:36,427 - INFO - ------- Welcome to EQCCTPro -------
2026-03-29 05:57:36,427 - INFO - 
2026-03-29 05:57:36,428 - INFO - Running EQCCT over Requested MSeed Files using CPU(s)...
2026-03-29 05:57:36,428 - INFO - GPU disabled (CPU-only).
2026-03-29 05:57:36,429 - INFO - Configured Intra-op threads = 1
2026-03-29 05:57:36,429 - INFO - Configured Inter-op threads = 1
2026-03-29 05:57:36,429 - INFO - TensorFlow: No GPUs visible; TF will proceed on CPU.
2026-03-29 05:57:36,429 - INFO - 
2026-03-29 05:57:41,667 - INFO - Ray Successfully Initialized with 4 CPU(s) ([0, 1, 2, 3] CPU Affinity Binding).
2026-03-29 05:57:41,668 - INFO - Analyzing 1 time chunk(s) from 2025-01-21 12:20:08 to 2025-01-21 12:21:08 (dt=1min, overlap=0min).
2026-03-29 05:57:41,668 - INFO - Using 1 selected station(s).
2026-03-29 05:57:41,668 - INFO - 
2026-03-29 05:57:41,668 - INFO - ------- Starting EQCCTPro... -------
2026-03-29 05:57:41,668 - INFO - Detailed subprocess information can be found in the log file.
2026-03-29 05:57:41,669 - INFO - 
2026-03-29 05:57:42,079 - INFO - GPU disabled (CPU-only).
2026-03-29 05:57:43,753 - INFO - Configured Intra-op threads = 1
2026-03-29 05:57:43,755 - INFO - Configured Inter-op threads = 1
2026-03-29 05:57:43,801 - INFO - TensorFlow: No GPUs visible; TF will proceed on CPU.
2026-03-29 05:57:43,804 - INFO - 
2026-03-29 05:57:43,807 - INFO - ------- Hardware Configuration -------
2026-03-29 05:57:43,810 - INFO - CPU affinity set to cores: [0, 1, 2, 3]
2026-03-29 05:57:43,812 - INFO - 
2026-03-29 05:57:43,815 - INFO - ------- Data Preprocessing for EQCCTPro -------
2026-03-29 05:57:43,818 - INFO - 1 station(s) in /home/blackwinter/projects/eqcct/eqcctpro/data/waveforms_explosions_nonoise/20250121T122008Z_20250121T122108Z
2026-03-29 05:57:43,820 - INFO - Using 1 selected station(s): ['TOF'].
2026-03-29 05:57:43,823 - INFO - Creating model actor(s)...
2026-03-29 05:57:43,825 - INFO - System RAM: Total=7870 MB, Available=2965 MB
2026-03-29 05:57:43,829 - INFO - Usable RAM budget: 7083 MB (90% of total)
2026-03-29 05:57:43,833 - INFO - ===== MEMORY-AWARE CPU ACTOR POOL (EQCCT) =====
2026-03-29 05:57:43,837 - INFO - Requested concurrent tasks: 1
2026-03-29 05:57:43,840 - INFO - Available CPUs: 4
2026-03-29 05:57:43,843 - INFO - Available RAM: 7083 MB
2026-03-29 05:57:43,847 - INFO - RAM per model: 2264 MB
2026-03-29 05:57:43,851 - INFO - Max actors by RAM: 3
2026-03-29 05:57:43,855 - INFO - Creating 1 ModelActor(s)
2026-03-29 05:57:43,859 - INFO - Let Ray handle scheduling (taskset already restricts CPU visibility)
2026-03-29 05:57:43,862 - INFO - Creating ModelActor 1/1 (2.21GB RAM each)...
2026-03-29 05:57:48,276 - INFO - ModelActor 1 created successfully.
2026-03-29 05:57:48,278 - INFO - Created 1 CPU actor(s). Task queue will handle concurrency.
2026-03-29 05:57:48,281 - INFO - Starting EQCCTPro parallelized waveform processing...
2026-03-29 05:57:48,283 - INFO - 
2026-03-29 05:57:48,285 - INFO - ------- Analyzing Seismic Waveforms for P and S Picks via EQCCT -------
2026-03-29 05:57:48,287 - INFO - Analyzing 0:01:00 minute timechunk from 2025-01-21 12:20:08 to 2025-01-21 12:21:08 (0 min overlap)
2026-03-29 05:57:48,289 - INFO - Processing a total of 1 stations, 1 at a time.
2026-03-29 05:57:52,939 - INFO - (1/1) TOF: Finished the prediction in 2.49s. (HP=1.0, LP=45.0)
2026-03-29 05:57:52,944 - INFO - 
2026-03-29 05:57:52,947 - INFO - ------- Parallel Station Waveform Processing Complete For 2025-01-21 12:20:08 to 2025-01-21 12:21:08 Timechunk-------
2026-03-29 05:57:52,950 - INFO - Picks saved at /home/blackwinter/projects/eqcct/eqcctpro/results/csv/eqcct_explosions_th0_1/20250121T122008Z_20250121T122108ZProcess Runtime: 4.67 s
2026-03-29 05:57:52,955 - INFO - Successfully ran EQCCTPro, exiting...
2026-03-29 05:57:54,681 - INFO - Ray Successfully Shutdown.
2026-03-29 05:57:54,682 - INFO - ------- Successfully Picked All Waveform(s) from all Timechunk(s) -------
