2026-02-26 22:32:31,076 - INFO - 
2026-02-26 22:32:31,076 - INFO - ------- Welcome to EQCCTPro -------
2026-02-26 22:32:31,076 - INFO - 
2026-02-26 22:32:31,077 - INFO - Running EQCCT over Requested MSeed Files using CPU(s)...
2026-02-26 22:32:31,077 - INFO - GPU disabled (CPU-only).
2026-02-26 22:32:31,077 - INFO - Configured Intra-op threads = 1
2026-02-26 22:32:31,077 - INFO - Configured Inter-op threads = 1
2026-02-26 22:32:31,078 - INFO - TensorFlow: No GPUs visible; TF will proceed on CPU.
2026-02-26 22:32:31,078 - INFO - 
2026-02-26 22:32:36,564 - INFO - Ray Successfully Initialized with 4 CPU(s) ([0, 1, 2, 3] CPU Affinity Binding).
2026-02-26 22:32:36,565 - INFO - Analyzing 1 time chunk(s) from 2025-01-06 16:45:00 to 2025-01-06 16:46:00 (dt=1min, overlap=0min).
2026-02-26 22:32:36,565 - INFO - Using 1 selected station(s).
2026-02-26 22:32:36,565 - INFO - 
2026-02-26 22:32:36,566 - INFO - ------- Starting EQCCTPro... -------
2026-02-26 22:32:36,566 - INFO - Detailed subprocess information can be found in the log file.
2026-02-26 22:32:36,566 - INFO - 
2026-02-26 22:32:37,089 - INFO - GPU disabled (CPU-only).
2026-02-26 22:32:38,658 - INFO - Configured Intra-op threads = 1
2026-02-26 22:32:38,661 - INFO - Configured Inter-op threads = 1
2026-02-26 22:32:38,702 - INFO - TensorFlow: No GPUs visible; TF will proceed on CPU.
2026-02-26 22:32:38,704 - INFO - 
2026-02-26 22:32:38,706 - INFO - ------- Hardware Configuration -------
2026-02-26 22:32:38,709 - INFO - CPU affinity set to cores: [0, 1, 2, 3]
2026-02-26 22:32:38,711 - INFO - 
2026-02-26 22:32:38,713 - INFO - ------- Data Preprocessing for EQCCTPro -------
2026-02-26 22:32:38,715 - INFO - 1 station(s) in /home/blackwinter/projects/eqcct/eqcctpro/data/waveforms_explosions_nonoise/20250106T164500Z_20250106T164600Z
2026-02-26 22:32:38,717 - INFO - Using 1 selected station(s): ['HEF'].
2026-02-26 22:32:38,719 - INFO - Creating model actor(s)...
2026-02-26 22:32:38,722 - INFO - System RAM: Total=7870 MB, Available=3931 MB
2026-02-26 22:32:38,724 - INFO - Usable RAM budget: 7083 MB (90% of total)
2026-02-26 22:32:38,726 - INFO - ===== MEMORY-AWARE CPU ACTOR POOL (EQCCT) =====
2026-02-26 22:32:38,731 - INFO - Requested concurrent tasks: 1
2026-02-26 22:32:38,733 - INFO - Available CPUs: 4
2026-02-26 22:32:38,735 - INFO - Available RAM: 7083 MB
2026-02-26 22:32:38,737 - INFO - RAM per model: 2264 MB
2026-02-26 22:32:38,738 - INFO - Max actors by RAM: 3
2026-02-26 22:32:38,740 - INFO - Creating 1 ModelActor(s)
2026-02-26 22:32:38,742 - INFO - Let Ray handle scheduling (taskset already restricts CPU visibility)
2026-02-26 22:32:38,745 - INFO - Creating ModelActor 1/1 (2.21GB RAM each)...
2026-02-26 22:32:42,644 - INFO - ModelActor 1 created successfully.
2026-02-26 22:32:42,646 - INFO - Created 1 CPU actor(s). Task queue will handle concurrency.
2026-02-26 22:32:42,648 - INFO - Starting EQCCTPro parallelized waveform processing...
2026-02-26 22:32:42,650 - INFO - 
2026-02-26 22:32:42,652 - INFO - ------- Analyzing Seismic Waveforms for P and S Picks via EQCCT -------
2026-02-26 22:32:42,654 - INFO - Analyzing 0:01:00 minute timechunk from 2025-01-06 16:45:00 to 2025-01-06 16:46:00 (0 min overlap)
2026-02-26 22:32:42,655 - INFO - Processing a total of 1 stations, 1 at a time.
2026-02-26 22:32:46,633 - INFO - (1/1) HEF: Finished the prediction in 2.09s. (HP=1.0, LP=45.0)
2026-02-26 22:32:46,636 - INFO - 
2026-02-26 22:32:46,638 - INFO - ------- Parallel Station Waveform Processing Complete For 2025-01-06 16:45:00 to 2025-01-06 16:46:00 Timechunk-------
2026-02-26 22:32:46,639 - INFO - Picks saved at /home/blackwinter/projects/eqcct/eqcctpro/results/csv/bm_explosions/20250106T164500Z_20250106T164600ZProcess Runtime: 3.99 s
2026-02-26 22:32:46,643 - INFO - Successfully ran EQCCTPro, exiting...
2026-02-26 22:32:48,183 - INFO - Ray Successfully Shutdown.
2026-02-26 22:32:48,183 - INFO - ------- Successfully Picked All Waveform(s) from all Timechunk(s) -------
2026-02-27 06:02:33,159 - INFO - 
2026-02-27 06:02:33,160 - INFO - ------- Welcome to EQCCTPro -------
2026-02-27 06:02:33,160 - INFO - 
2026-02-27 06:02:33,161 - INFO - Running EQCCT over Requested MSeed Files using CPU(s)...
2026-02-27 06:02:33,161 - INFO - GPU disabled (CPU-only).
2026-02-27 06:02:33,161 - INFO - Configured Intra-op threads = 1
2026-02-27 06:02:33,161 - INFO - Configured Inter-op threads = 1
2026-02-27 06:02:33,161 - INFO - TensorFlow: No GPUs visible; TF will proceed on CPU.
2026-02-27 06:02:33,162 - INFO - 
2026-02-27 06:02:38,557 - INFO - Ray Successfully Initialized with 4 CPU(s) ([0, 1, 2, 3] CPU Affinity Binding).
2026-02-27 06:02:38,557 - INFO - Analyzing 1 time chunk(s) from 2025-01-06 16:45:00 to 2025-01-06 16:46:00 (dt=1min, overlap=0min).
2026-02-27 06:02:38,557 - INFO - Using 1 selected station(s).
2026-02-27 06:02:38,557 - INFO - 
2026-02-27 06:02:38,557 - INFO - ------- Starting EQCCTPro... -------
2026-02-27 06:02:38,557 - INFO - Detailed subprocess information can be found in the log file.
2026-02-27 06:02:38,558 - INFO - 
2026-02-27 06:02:38,924 - INFO - GPU disabled (CPU-only).
2026-02-27 06:02:40,458 - INFO - Configured Intra-op threads = 1
2026-02-27 06:02:40,460 - INFO - Configured Inter-op threads = 1
2026-02-27 06:02:40,500 - INFO - TensorFlow: No GPUs visible; TF will proceed on CPU.
2026-02-27 06:02:40,502 - INFO - 
2026-02-27 06:02:40,504 - INFO - ------- Hardware Configuration -------
2026-02-27 06:02:40,506 - INFO - CPU affinity set to cores: [0, 1, 2, 3]
2026-02-27 06:02:40,508 - INFO - 
2026-02-27 06:02:40,510 - INFO - ------- Data Preprocessing for EQCCTPro -------
2026-02-27 06:02:40,512 - INFO - 1 station(s) in /home/blackwinter/projects/eqcct/eqcctpro/data/waveforms_explosions_nonoise/20250106T164500Z_20250106T164600Z
2026-02-27 06:02:40,513 - INFO - Using 1 selected station(s): ['HEF'].
2026-02-27 06:02:40,515 - INFO - Creating model actor(s)...
2026-02-27 06:02:40,517 - INFO - System RAM: Total=7870 MB, Available=3964 MB
2026-02-27 06:02:40,519 - INFO - Usable RAM budget: 7083 MB (90% of total)
2026-02-27 06:02:40,521 - INFO - ===== MEMORY-AWARE CPU ACTOR POOL (EQCCT) =====
2026-02-27 06:02:40,523 - INFO - Requested concurrent tasks: 1
2026-02-27 06:02:40,524 - INFO - Available CPUs: 4
2026-02-27 06:02:40,527 - INFO - Available RAM: 7083 MB
2026-02-27 06:02:40,528 - INFO - RAM per model: 2264 MB
2026-02-27 06:02:40,530 - INFO - Max actors by RAM: 3
2026-02-27 06:02:40,532 - INFO - Creating 1 ModelActor(s)
2026-02-27 06:02:40,534 - INFO - Let Ray handle scheduling (taskset already restricts CPU visibility)
2026-02-27 06:02:40,535 - INFO - Creating ModelActor 1/1 (2.21GB RAM each)...
2026-02-27 06:02:44,449 - INFO - ModelActor 1 created successfully.
2026-02-27 06:02:44,451 - INFO - Created 1 CPU actor(s). Task queue will handle concurrency.
2026-02-27 06:02:44,454 - INFO - Starting EQCCTPro parallelized waveform processing...
2026-02-27 06:02:44,456 - INFO - 
2026-02-27 06:02:44,458 - INFO - ------- Analyzing Seismic Waveforms for P and S Picks via EQCCT -------
2026-02-27 06:02:44,461 - INFO - Analyzing 0:01:00 minute timechunk from 2025-01-06 16:45:00 to 2025-01-06 16:46:00 (0 min overlap)
2026-02-27 06:02:44,463 - INFO - Processing a total of 1 stations, 1 at a time.
2026-02-27 06:02:46,343 - INFO - (1/1) HEF: Skipped (already exists - overwrite=False).
2026-02-27 06:02:46,346 - INFO - 
2026-02-27 06:02:46,348 - INFO - ------- Parallel Station Waveform Processing Complete For 2025-01-06 16:45:00 to 2025-01-06 16:46:00 Timechunk-------
2026-02-27 06:02:46,350 - INFO - Picks saved at /home/blackwinter/projects/eqcct/eqcctpro/results/csv/bm_explosions/20250106T164500Z_20250106T164600ZProcess Runtime: 1.89 s
2026-02-27 06:02:46,354 - INFO - Successfully ran EQCCTPro, exiting...
2026-02-27 06:02:47,843 - INFO - Ray Successfully Shutdown.
2026-02-27 06:02:47,843 - INFO - ------- Successfully Picked All Waveform(s) from all Timechunk(s) -------
