2026-03-27 16:53:03,563 - INFO - 
2026-03-27 16:53:03,563 - INFO - ------- Welcome to EQCCTPro -------
2026-03-27 16:53:03,563 - INFO - 
2026-03-27 16:53:03,564 - INFO - Running EQCCT over Requested MSeed Files using CPU(s)...
2026-03-27 16:53:03,564 - INFO - GPU disabled (CPU-only).
2026-03-27 16:53:03,564 - INFO - Skipping framework-specific initialization in the driver process.
2026-03-27 16:53:05,802 - INFO - Ray Successfully Initialized with 4 CPU(s) ([0, 1, 2, 3] CPU Affinity Binding).
2026-03-27 16:53:05,802 - INFO - Analyzing 1 time chunk(s) from 2025-01-06 06:03:37 to 2025-01-06 06:04:37 (dt=1min, overlap=0min).
2026-03-27 16:53:05,802 - INFO - Using 1 selected station(s).
2026-03-27 16:53:05,802 - INFO - 
2026-03-27 16:53:05,803 - INFO - ------- Starting EQCCTPro... -------
2026-03-27 16:53:05,803 - INFO - Detailed subprocess information can be found in the log file.
2026-03-27 16:53:05,803 - INFO - 
2026-03-27 16:53:06,061 - INFO - GPU disabled (CPU-only).
2026-03-27 16:53:06,066 - INFO - Skipping framework-specific initialization in the driver process.
2026-03-27 16:53:06,068 - INFO - ------- Hardware Configuration -------
2026-03-27 16:53:06,071 - INFO - CPU affinity set to cores: [0, 1, 2, 3]
2026-03-27 16:53:06,074 - INFO - 
2026-03-27 16:53:06,076 - INFO - ------- Data Preprocessing for EQCCTPro -------
2026-03-27 16:53:06,078 - INFO - 1 station(s) in /home/blackwinter/projects/eqcct/eqcctpro/data/waveforms_earthquakes_nonoise/20250106T060337Z_20250106T060437Z
2026-03-27 16:53:06,080 - INFO - Using 1 selected station(s): ['VAF'].
2026-03-27 16:53:06,082 - INFO - Creating model actor(s)...
2026-03-27 16:53:06,085 - INFO - System RAM: Total=7870 MB, Available=3142 MB
2026-03-27 16:53:06,087 - INFO - Usable RAM budget: 7083 MB (90% of total)
2026-03-27 16:53:06,089 - INFO - ===== MEMORY-AWARE CPU ACTOR POOL =====
2026-03-27 16:53:06,091 - INFO - Requested concurrent tasks: 1
2026-03-27 16:53:06,093 - INFO - Available CPUs: 4
2026-03-27 16:53:06,095 - INFO - Available RAM: 7083 MB
2026-03-27 16:53:06,097 - INFO - RAM per model: 2060 MB
2026-03-27 16:53:06,099 - INFO - Max actors by RAM: 3
2026-03-27 16:53:06,101 - INFO - Creating 1 SeisBenchModelActor(s)
2026-03-27 16:53:06,103 - INFO - Let Ray handle scheduling (taskset already restricts CPU visibility)
2026-03-27 16:53:06,105 - INFO - Creating SeisBenchModelActor 1/1 (2.01GB RAM each)...
2026-03-27 16:53:09,108 - INFO - SeisBenchModelActor 1 created successfully.
2026-03-27 16:53:09,110 - INFO - Created 1 CPU actor(s). Task queue will handle concurrency.
2026-03-27 16:53:09,113 - INFO - Starting EQCCTPro parallelized waveform processing...
2026-03-27 16:53:09,116 - INFO - 
2026-03-27 16:53:09,118 - INFO - ------- Analyzing Seismic Waveforms for P and S Picks via SeisBench (EQTransformer - original_nonconservative) -------
2026-03-27 16:53:09,121 - INFO - Analyzing 0:01:00 minute timechunk from 2025-01-06 06:03:37 to 2025-01-06 06:04:37 (0 min overlap)
2026-03-27 16:53:09,123 - INFO - Processing a total of 1 stations, 1 at a time.
2026-03-27 16:53:11,133 - INFO - (1/1) VAF: Finished the prediction in 0.12s. (HP=1.0, LP=45.0, picks=3)
2026-03-27 16:53:11,135 - INFO - 
2026-03-27 16:53:11,138 - INFO - ------- Parallel Station Waveform Processing Complete For 2025-01-06 06:03:37 to 2025-01-06 06:04:37 Timechunk-------
2026-03-27 16:53:11,140 - INFO - Picks saved at /home/blackwinter/projects/eqcct/eqcctpro/results/csv/eqt_earthquakes_th0_1/20250106T060337Z_20250106T060437ZProcess Runtime: 2.02 s
2026-03-27 16:53:11,144 - INFO - Successfully ran EQCCTPro, exiting...
2026-03-27 16:53:12,750 - INFO - Ray Successfully Shutdown.
2026-03-27 16:53:12,750 - INFO - ------- Successfully Picked All Waveform(s) from all Timechunk(s) -------
2026-03-27 23:26:04,406 - INFO - 
2026-03-27 23:26:04,407 - INFO - ------- Welcome to EQCCTPro -------
2026-03-27 23:26:04,407 - INFO - 
2026-03-27 23:26:04,407 - INFO - Running EQCCT over Requested MSeed Files using CPU(s)...
2026-03-27 23:26:04,408 - INFO - GPU disabled (CPU-only).
2026-03-27 23:26:04,408 - INFO - Skipping framework-specific initialization in the driver process.
2026-03-27 23:26:06,761 - INFO - Ray Successfully Initialized with 4 CPU(s) ([0, 1, 2, 3] CPU Affinity Binding).
2026-03-27 23:26:06,761 - INFO - Analyzing 1 time chunk(s) from 2025-01-06 06:03:37 to 2025-01-06 06:04:37 (dt=1min, overlap=0min).
2026-03-27 23:26:06,761 - INFO - Using 1 selected station(s).
2026-03-27 23:26:06,761 - INFO - 
2026-03-27 23:26:06,761 - INFO - ------- Starting EQCCTPro... -------
2026-03-27 23:26:06,762 - INFO - Detailed subprocess information can be found in the log file.
2026-03-27 23:26:06,762 - INFO - 
2026-03-27 23:26:07,057 - INFO - GPU disabled (CPU-only).
2026-03-27 23:26:07,063 - INFO - Skipping framework-specific initialization in the driver process.
2026-03-27 23:26:07,065 - INFO - ------- Hardware Configuration -------
2026-03-27 23:26:07,068 - INFO - CPU affinity set to cores: [0, 1, 2, 3]
2026-03-27 23:26:07,071 - INFO - 
2026-03-27 23:26:07,074 - INFO - ------- Data Preprocessing for EQCCTPro -------
2026-03-27 23:26:07,078 - INFO - 1 station(s) in /home/blackwinter/projects/eqcct/eqcctpro/data/waveforms_earthquakes_nonoise/20250106T060337Z_20250106T060437Z
2026-03-27 23:26:07,080 - INFO - Using 1 selected station(s): ['VAF'].
2026-03-27 23:26:07,083 - INFO - Creating model actor(s)...
2026-03-27 23:26:07,085 - INFO - System RAM: Total=7870 MB, Available=4552 MB
2026-03-27 23:26:07,087 - INFO - Usable RAM budget: 7083 MB (90% of total)
2026-03-27 23:26:07,089 - INFO - ===== MEMORY-AWARE CPU ACTOR POOL =====
2026-03-27 23:26:07,091 - INFO - Requested concurrent tasks: 1
2026-03-27 23:26:07,093 - INFO - Available CPUs: 4
2026-03-27 23:26:07,096 - INFO - Available RAM: 7083 MB
2026-03-27 23:26:07,099 - INFO - RAM per model: 2060 MB
2026-03-27 23:26:07,101 - INFO - Max actors by RAM: 3
2026-03-27 23:26:07,104 - INFO - Creating 1 SeisBenchModelActor(s)
2026-03-27 23:26:07,106 - INFO - Let Ray handle scheduling (taskset already restricts CPU visibility)
2026-03-27 23:26:07,109 - INFO - Creating SeisBenchModelActor 1/1 (2.01GB RAM each)...
2026-03-27 23:26:09,917 - INFO - SeisBenchModelActor 1 created successfully.
2026-03-27 23:26:09,919 - INFO - Created 1 CPU actor(s). Task queue will handle concurrency.
2026-03-27 23:26:09,921 - INFO - Starting EQCCTPro parallelized waveform processing...
2026-03-27 23:26:09,924 - INFO - 
2026-03-27 23:26:09,926 - INFO - ------- Analyzing Seismic Waveforms for P and S Picks via SeisBench (EQTransformer - original_nonconservative) -------
2026-03-27 23:26:09,929 - INFO - Analyzing 0:01:00 minute timechunk from 2025-01-06 06:03:37 to 2025-01-06 06:04:37 (0 min overlap)
2026-03-27 23:26:09,931 - INFO - Processing a total of 1 stations, 1 at a time.
2026-03-27 23:26:11,886 - INFO - (1/1) VAF: Skipped (already exists - overwrite=False).
2026-03-27 23:26:11,889 - INFO - 
2026-03-27 23:26:11,891 - INFO - ------- Parallel Station Waveform Processing Complete For 2025-01-06 06:03:37 to 2025-01-06 06:04:37 Timechunk-------
2026-03-27 23:26:11,894 - INFO - Picks saved at /home/blackwinter/projects/eqcct/eqcctpro/results/csv/eqt_earthquakes_th0_1/20250106T060337Z_20250106T060437ZProcess Runtime: 1.97 s
2026-03-27 23:26:11,900 - INFO - Successfully ran EQCCTPro, exiting...
2026-03-27 23:26:13,382 - INFO - Ray Successfully Shutdown.
2026-03-27 23:26:13,383 - INFO - ------- Successfully Picked All Waveform(s) from all Timechunk(s) -------
