2026-02-27 00:30:50,086 - INFO - 
2026-02-27 00:30:50,086 - INFO - ------- Welcome to EQCCTPro -------
2026-02-27 00:30:50,086 - INFO - 
2026-02-27 00:30:50,087 - INFO - Running EQCCT over Requested MSeed Files using CPU(s)...
2026-02-27 00:30:50,087 - INFO - GPU disabled (CPU-only).
2026-02-27 00:30:50,088 - INFO - Configured Intra-op threads = 1
2026-02-27 00:30:50,088 - INFO - Configured Inter-op threads = 1
2026-02-27 00:30:50,088 - INFO - TensorFlow: No GPUs visible; TF will proceed on CPU.
2026-02-27 00:30:50,088 - INFO - 
2026-02-27 00:30:55,602 - INFO - Ray Successfully Initialized with 4 CPU(s) ([0, 1, 2, 3] CPU Affinity Binding).
2026-02-27 00:30:55,602 - INFO - Analyzing 1 time chunk(s) from 2025-01-12 16:47:54 to 2025-01-12 16:48:54 (dt=1min, overlap=0min).
2026-02-27 00:30:55,602 - INFO - Using 1 selected station(s).
2026-02-27 00:30:55,602 - INFO - 
2026-02-27 00:30:55,602 - INFO - ------- Starting EQCCTPro... -------
2026-02-27 00:30:55,603 - INFO - Detailed subprocess information can be found in the log file.
2026-02-27 00:30:55,603 - INFO - 
2026-02-27 00:30:56,012 - INFO - GPU disabled (CPU-only).
2026-02-27 00:30:57,643 - INFO - Configured Intra-op threads = 1
2026-02-27 00:30:57,645 - INFO - Configured Inter-op threads = 1
2026-02-27 00:30:57,683 - INFO - TensorFlow: No GPUs visible; TF will proceed on CPU.
2026-02-27 00:30:57,685 - INFO - 
2026-02-27 00:30:57,687 - INFO - ------- Hardware Configuration -------
2026-02-27 00:30:57,689 - INFO - CPU affinity set to cores: [0, 1, 2, 3]
2026-02-27 00:30:57,692 - INFO - 
2026-02-27 00:30:57,694 - INFO - ------- Data Preprocessing for EQCCTPro -------
2026-02-27 00:30:57,696 - INFO - 1 station(s) in /home/blackwinter/projects/eqcct/eqcctpro/data/waveforms_explosions_nonoise/20250112T164754Z_20250112T164854Z
2026-02-27 00:30:57,698 - INFO - Using 1 selected station(s): ['TOF'].
2026-02-27 00:30:57,699 - INFO - Creating model actor(s)...
2026-02-27 00:30:57,701 - INFO - System RAM: Total=7870 MB, Available=3149 MB
2026-02-27 00:30:57,703 - INFO - Usable RAM budget: 7083 MB (90% of total)
2026-02-27 00:30:57,705 - INFO - ===== MEMORY-AWARE CPU ACTOR POOL (EQCCT) =====
2026-02-27 00:30:57,707 - INFO - Requested concurrent tasks: 1
2026-02-27 00:30:57,709 - INFO - Available CPUs: 4
2026-02-27 00:30:57,710 - INFO - Available RAM: 7083 MB
2026-02-27 00:30:57,712 - INFO - RAM per model: 2264 MB
2026-02-27 00:30:57,714 - INFO - Max actors by RAM: 3
2026-02-27 00:30:57,716 - INFO - Creating 1 ModelActor(s)
2026-02-27 00:30:57,718 - INFO - Let Ray handle scheduling (taskset already restricts CPU visibility)
2026-02-27 00:30:57,721 - INFO - Creating ModelActor 1/1 (2.21GB RAM each)...
2026-02-27 00:31:01,652 - INFO - ModelActor 1 created successfully.
2026-02-27 00:31:01,654 - INFO - Created 1 CPU actor(s). Task queue will handle concurrency.
2026-02-27 00:31:01,658 - INFO - Starting EQCCTPro parallelized waveform processing...
2026-02-27 00:31:01,659 - INFO - 
2026-02-27 00:31:01,661 - INFO - ------- Analyzing Seismic Waveforms for P and S Picks via EQCCT -------
2026-02-27 00:31:01,663 - INFO - Analyzing 0:01:00 minute timechunk from 2025-01-12 16:47:54 to 2025-01-12 16:48:54 (0 min overlap)
2026-02-27 00:31:01,665 - INFO - Processing a total of 1 stations, 1 at a time.
2026-02-27 00:31:05,695 - INFO - (1/1) TOF: Finished the prediction in 2.14s. (HP=1.0, LP=45.0)
2026-02-27 00:31:05,697 - INFO - 
2026-02-27 00:31:05,699 - INFO - ------- Parallel Station Waveform Processing Complete For 2025-01-12 16:47:54 to 2025-01-12 16:48:54 Timechunk-------
2026-02-27 00:31:05,701 - INFO - Picks saved at /home/blackwinter/projects/eqcct/eqcctpro/results/csv/bm_explosions/20250112T164754Z_20250112T164854ZProcess Runtime: 4.04 s
2026-02-27 00:31:05,707 - INFO - Successfully ran EQCCTPro, exiting...
2026-02-27 00:31:07,299 - INFO - Ray Successfully Shutdown.
2026-02-27 00:31:07,300 - INFO - ------- Successfully Picked All Waveform(s) from all Timechunk(s) -------
2026-02-27 07:44:37,601 - INFO - 
2026-02-27 07:44:37,608 - INFO - ------- Welcome to EQCCTPro -------
2026-02-27 07:44:37,608 - INFO - 
2026-02-27 07:44:37,609 - INFO - Running EQCCT over Requested MSeed Files using CPU(s)...
2026-02-27 07:44:37,609 - INFO - GPU disabled (CPU-only).
2026-02-27 07:44:37,609 - INFO - Configured Intra-op threads = 1
2026-02-27 07:44:37,609 - INFO - Configured Inter-op threads = 1
2026-02-27 07:44:37,609 - INFO - TensorFlow: No GPUs visible; TF will proceed on CPU.
2026-02-27 07:44:37,610 - INFO - 
2026-02-27 07:44:42,917 - INFO - Ray Successfully Initialized with 4 CPU(s) ([0, 1, 2, 3] CPU Affinity Binding).
2026-02-27 07:44:42,918 - INFO - Analyzing 1 time chunk(s) from 2025-01-12 16:47:54 to 2025-01-12 16:48:54 (dt=1min, overlap=0min).
2026-02-27 07:44:42,918 - INFO - Using 1 selected station(s).
2026-02-27 07:44:42,918 - INFO - 
2026-02-27 07:44:42,919 - INFO - ------- Starting EQCCTPro... -------
2026-02-27 07:44:42,919 - INFO - Detailed subprocess information can be found in the log file.
2026-02-27 07:44:42,919 - INFO - 
2026-02-27 07:44:43,326 - INFO - GPU disabled (CPU-only).
2026-02-27 07:44:44,850 - INFO - Configured Intra-op threads = 1
2026-02-27 07:44:44,853 - INFO - Configured Inter-op threads = 1
2026-02-27 07:44:44,895 - INFO - TensorFlow: No GPUs visible; TF will proceed on CPU.
2026-02-27 07:44:44,898 - INFO - 
2026-02-27 07:44:44,900 - INFO - ------- Hardware Configuration -------
2026-02-27 07:44:44,903 - INFO - CPU affinity set to cores: [0, 1, 2, 3]
2026-02-27 07:44:44,905 - INFO - 
2026-02-27 07:44:44,908 - INFO - ------- Data Preprocessing for EQCCTPro -------
2026-02-27 07:44:44,909 - INFO - 1 station(s) in /home/blackwinter/projects/eqcct/eqcctpro/data/waveforms_explosions_nonoise/20250112T164754Z_20250112T164854Z
2026-02-27 07:44:44,911 - INFO - Using 1 selected station(s): ['TOF'].
2026-02-27 07:44:44,914 - INFO - Creating model actor(s)...
2026-02-27 07:44:44,916 - INFO - System RAM: Total=7870 MB, Available=3215 MB
2026-02-27 07:44:44,918 - INFO - Usable RAM budget: 7083 MB (90% of total)
2026-02-27 07:44:44,920 - INFO - ===== MEMORY-AWARE CPU ACTOR POOL (EQCCT) =====
2026-02-27 07:44:44,921 - INFO - Requested concurrent tasks: 1
2026-02-27 07:44:44,923 - INFO - Available CPUs: 4
2026-02-27 07:44:44,925 - INFO - Available RAM: 7083 MB
2026-02-27 07:44:44,926 - INFO - RAM per model: 2264 MB
2026-02-27 07:44:44,929 - INFO - Max actors by RAM: 3
2026-02-27 07:44:44,930 - INFO - Creating 1 ModelActor(s)
2026-02-27 07:44:44,932 - INFO - Let Ray handle scheduling (taskset already restricts CPU visibility)
2026-02-27 07:44:44,934 - INFO - Creating ModelActor 1/1 (2.21GB RAM each)...
2026-02-27 07:44:48,835 - INFO - ModelActor 1 created successfully.
2026-02-27 07:44:48,837 - INFO - Created 1 CPU actor(s). Task queue will handle concurrency.
2026-02-27 07:44:48,840 - INFO - Starting EQCCTPro parallelized waveform processing...
2026-02-27 07:44:48,842 - INFO - 
2026-02-27 07:44:48,844 - INFO - ------- Analyzing Seismic Waveforms for P and S Picks via EQCCT -------
2026-02-27 07:44:48,847 - INFO - Analyzing 0:01:00 minute timechunk from 2025-01-12 16:47:54 to 2025-01-12 16:48:54 (0 min overlap)
2026-02-27 07:44:48,849 - INFO - Processing a total of 1 stations, 1 at a time.
2026-02-27 07:44:50,735 - INFO - (1/1) TOF: Skipped (already exists - overwrite=False).
2026-02-27 07:44:50,737 - INFO - 
2026-02-27 07:44:50,739 - INFO - ------- Parallel Station Waveform Processing Complete For 2025-01-12 16:47:54 to 2025-01-12 16:48:54 Timechunk-------
2026-02-27 07:44:50,741 - INFO - Picks saved at /home/blackwinter/projects/eqcct/eqcctpro/results/csv/bm_explosions/20250112T164754Z_20250112T164854ZProcess Runtime: 1.90 s
2026-02-27 07:44:50,745 - INFO - Successfully ran EQCCTPro, exiting...
2026-02-27 07:44:52,125 - INFO - Ray Successfully Shutdown.
2026-02-27 07:44:52,126 - INFO - ------- Successfully Picked All Waveform(s) from all Timechunk(s) -------
