2026-03-10 19:17:19,049 - INFO - 
2026-03-10 19:17:19,049 - INFO - ------- Welcome to EQCCTPro -------
2026-03-10 19:17:19,050 - INFO - 
2026-03-10 19:17:19,050 - INFO - Running EQCCT over Requested MSeed Files using CPU(s)...
2026-03-10 19:17:19,050 - INFO - GPU disabled (CPU-only).
2026-03-10 19:17:19,050 - INFO - Configured Intra-op threads = 1
2026-03-10 19:17:19,051 - INFO - Configured Inter-op threads = 1
2026-03-10 19:17:19,051 - INFO - TensorFlow: No GPUs visible; TF will proceed on CPU.
2026-03-10 19:17:19,051 - INFO - 
2026-03-10 19:17:24,539 - INFO - Ray Successfully Initialized with 4 CPU(s) ([0, 1, 2, 3] CPU Affinity Binding).
2026-03-10 19:17:24,539 - INFO - Analyzing 1 time chunk(s) from 2025-01-04 09:02:53 to 2025-01-04 09:03:53 (dt=1min, overlap=0min).
2026-03-10 19:17:24,539 - INFO - Using 1 selected station(s).
2026-03-10 19:17:24,539 - INFO - 
2026-03-10 19:17:24,540 - INFO - ------- Starting EQCCTPro... -------
2026-03-10 19:17:24,540 - INFO - Detailed subprocess information can be found in the log file.
2026-03-10 19:17:24,540 - INFO - 
2026-03-10 19:17:24,946 - INFO - GPU disabled (CPU-only).
2026-03-10 19:17:26,483 - INFO - Configured Intra-op threads = 1
2026-03-10 19:17:26,486 - INFO - Configured Inter-op threads = 1
2026-03-10 19:17:26,526 - INFO - TensorFlow: No GPUs visible; TF will proceed on CPU.
2026-03-10 19:17:26,528 - INFO - 
2026-03-10 19:17:26,530 - INFO - ------- Hardware Configuration -------
2026-03-10 19:17:26,532 - INFO - CPU affinity set to cores: [0, 1, 2, 3]
2026-03-10 19:17:26,534 - INFO - 
2026-03-10 19:17:26,537 - INFO - ------- Data Preprocessing for EQCCTPro -------
2026-03-10 19:17:26,539 - INFO - 1 station(s) in /home/blackwinter/projects/eqcct/eqcctpro/data/waveforms_noise_only/20250104T090253Z_20250104T090353Z
2026-03-10 19:17:26,540 - INFO - Using 1 selected station(s): ['KAF'].
2026-03-10 19:17:26,542 - INFO - Creating model actor(s)...
2026-03-10 19:17:26,544 - INFO - System RAM: Total=7870 MB, Available=3669 MB
2026-03-10 19:17:26,547 - INFO - Usable RAM budget: 7083 MB (90% of total)
2026-03-10 19:17:26,549 - INFO - ===== MEMORY-AWARE CPU ACTOR POOL (EQCCT) =====
2026-03-10 19:17:26,551 - INFO - Requested concurrent tasks: 1
2026-03-10 19:17:26,554 - INFO - Available CPUs: 4
2026-03-10 19:17:26,556 - INFO - Available RAM: 7083 MB
2026-03-10 19:17:26,558 - INFO - RAM per model: 2264 MB
2026-03-10 19:17:26,561 - INFO - Max actors by RAM: 3
2026-03-10 19:17:26,564 - INFO - Creating 1 ModelActor(s)
2026-03-10 19:17:26,566 - INFO - Let Ray handle scheduling (taskset already restricts CPU visibility)
2026-03-10 19:17:26,568 - INFO - Creating ModelActor 1/1 (2.21GB RAM each)...
2026-03-10 19:17:30,630 - INFO - ModelActor 1 created successfully.
2026-03-10 19:17:30,632 - INFO - Created 1 CPU actor(s). Task queue will handle concurrency.
2026-03-10 19:17:30,635 - INFO - Starting EQCCTPro parallelized waveform processing...
2026-03-10 19:17:30,637 - INFO - 
2026-03-10 19:17:30,638 - INFO - ------- Analyzing Seismic Waveforms for P and S Picks via EQCCT -------
2026-03-10 19:17:30,641 - INFO - Analyzing 0:01:00 minute timechunk from 2025-01-04 09:02:53 to 2025-01-04 09:03:53 (0 min overlap)
2026-03-10 19:17:30,643 - INFO - Processing a total of 1 stations, 1 at a time.
2026-03-10 19:17:34,758 - INFO - (1/1) KAF: Finished the prediction in 2.2s. (HP=1.0, LP=45.0)
2026-03-10 19:17:34,760 - INFO - 
2026-03-10 19:17:34,762 - INFO - ------- Parallel Station Waveform Processing Complete For 2025-01-04 09:02:53 to 2025-01-04 09:03:53 Timechunk-------
2026-03-10 19:17:34,765 - INFO - Picks saved at /home/blackwinter/projects/eqcct/eqcctpro/results/csv/bm_noise_only/20250104T090253Z_20250104T090353ZProcess Runtime: 4.13 s
2026-03-10 19:17:34,771 - INFO - Successfully ran EQCCTPro, exiting...
2026-03-10 19:17:36,482 - INFO - Ray Successfully Shutdown.
2026-03-10 19:17:36,483 - INFO - ------- Successfully Picked All Waveform(s) from all Timechunk(s) -------
2026-03-11 10:33:40,315 - INFO - 
2026-03-11 10:33:40,321 - INFO - ------- Welcome to EQCCTPro -------
2026-03-11 10:33:40,321 - INFO - 
2026-03-11 10:33:40,322 - INFO - Running EQCCT over Requested MSeed Files using CPU(s)...
2026-03-11 10:33:40,322 - INFO - GPU disabled (CPU-only).
2026-03-11 10:33:40,322 - INFO - Configured Intra-op threads = 1
2026-03-11 10:33:40,322 - INFO - Configured Inter-op threads = 1
2026-03-11 10:33:40,322 - INFO - TensorFlow: No GPUs visible; TF will proceed on CPU.
2026-03-11 10:33:40,322 - INFO - 
2026-03-11 10:33:45,639 - INFO - Ray Successfully Initialized with 4 CPU(s) ([0, 1, 2, 3] CPU Affinity Binding).
2026-03-11 10:33:45,639 - INFO - Analyzing 1 time chunk(s) from 2025-01-04 09:02:53 to 2025-01-04 09:03:53 (dt=1min, overlap=0min).
2026-03-11 10:33:45,639 - INFO - Using 1 selected station(s).
2026-03-11 10:33:45,639 - INFO - 
2026-03-11 10:33:45,639 - INFO - ------- Starting EQCCTPro... -------
2026-03-11 10:33:45,639 - INFO - Detailed subprocess information can be found in the log file.
2026-03-11 10:33:45,640 - INFO - 
2026-03-11 10:33:46,011 - INFO - GPU disabled (CPU-only).
2026-03-11 10:33:47,511 - INFO - Configured Intra-op threads = 1
2026-03-11 10:33:47,514 - INFO - Configured Inter-op threads = 1
2026-03-11 10:33:47,555 - INFO - TensorFlow: No GPUs visible; TF will proceed on CPU.
2026-03-11 10:33:47,557 - INFO - 
2026-03-11 10:33:47,559 - INFO - ------- Hardware Configuration -------
2026-03-11 10:33:47,561 - INFO - CPU affinity set to cores: [0, 1, 2, 3]
2026-03-11 10:33:47,563 - INFO - 
2026-03-11 10:33:47,565 - INFO - ------- Data Preprocessing for EQCCTPro -------
2026-03-11 10:33:47,568 - INFO - 1 station(s) in /home/blackwinter/projects/eqcct/eqcctpro/data/waveforms_noise_only/20250104T090253Z_20250104T090353Z
2026-03-11 10:33:47,569 - INFO - Using 1 selected station(s): ['KAF'].
2026-03-11 10:33:47,571 - INFO - Creating model actor(s)...
2026-03-11 10:33:47,574 - INFO - System RAM: Total=7870 MB, Available=4444 MB
2026-03-11 10:33:47,576 - INFO - Usable RAM budget: 7083 MB (90% of total)
2026-03-11 10:33:47,578 - INFO - ===== MEMORY-AWARE CPU ACTOR POOL (EQCCT) =====
2026-03-11 10:33:47,580 - INFO - Requested concurrent tasks: 1
2026-03-11 10:33:47,582 - INFO - Available CPUs: 4
2026-03-11 10:33:47,583 - INFO - Available RAM: 7083 MB
2026-03-11 10:33:47,585 - INFO - RAM per model: 2264 MB
2026-03-11 10:33:47,587 - INFO - Max actors by RAM: 3
2026-03-11 10:33:47,589 - INFO - Creating 1 ModelActor(s)
2026-03-11 10:33:47,591 - INFO - Let Ray handle scheduling (taskset already restricts CPU visibility)
2026-03-11 10:33:47,593 - INFO - Creating ModelActor 1/1 (2.21GB RAM each)...
2026-03-11 10:33:51,545 - INFO - ModelActor 1 created successfully.
2026-03-11 10:33:51,547 - INFO - Created 1 CPU actor(s). Task queue will handle concurrency.
2026-03-11 10:33:51,549 - INFO - Starting EQCCTPro parallelized waveform processing...
2026-03-11 10:33:51,551 - INFO - 
2026-03-11 10:33:51,553 - INFO - ------- Analyzing Seismic Waveforms for P and S Picks via EQCCT -------
2026-03-11 10:33:51,555 - INFO - Analyzing 0:01:00 minute timechunk from 2025-01-04 09:02:53 to 2025-01-04 09:03:53 (0 min overlap)
2026-03-11 10:33:51,557 - INFO - Processing a total of 1 stations, 1 at a time.
2026-03-11 10:33:53,446 - INFO - (1/1) KAF: Skipped (already exists - overwrite=False).
2026-03-11 10:33:53,448 - INFO - 
2026-03-11 10:33:53,450 - INFO - ------- Parallel Station Waveform Processing Complete For 2025-01-04 09:02:53 to 2025-01-04 09:03:53 Timechunk-------
2026-03-11 10:33:53,452 - INFO - Picks saved at /home/blackwinter/projects/eqcct/eqcctpro/results/csv/bm_noise_only/20250104T090253Z_20250104T090353ZProcess Runtime: 1.90 s
2026-03-11 10:33:53,455 - INFO - Successfully ran EQCCTPro, exiting...
2026-03-11 10:33:55,140 - INFO - Ray Successfully Shutdown.
2026-03-11 10:33:55,140 - INFO - ------- Successfully Picked All Waveform(s) from all Timechunk(s) -------
