2026-03-29 14:48:44,510 - INFO - 
2026-03-29 14:48:44,510 - INFO - ------- Welcome to EQCCTPro -------
2026-03-29 14:48:44,510 - INFO - 
2026-03-29 14:48:44,511 - INFO - Running EQCCT over Requested MSeed Files using CPU(s)...
2026-03-29 14:48:44,511 - INFO - GPU disabled (CPU-only).
2026-03-29 14:48:44,511 - INFO - Configured Intra-op threads = 1
2026-03-29 14:48:44,511 - INFO - Configured Inter-op threads = 1
2026-03-29 14:48:44,512 - INFO - TensorFlow: No GPUs visible; TF will proceed on CPU.
2026-03-29 14:48:44,512 - INFO - 
2026-03-29 14:48:50,281 - INFO - Ray Successfully Initialized with 4 CPU(s) ([0, 1, 2, 3] CPU Affinity Binding).
2026-03-29 14:48:50,282 - INFO - Analyzing 1 time chunk(s) from 2025-01-08 10:54:24 to 2025-01-08 10:55:24 (dt=1min, overlap=0min).
2026-03-29 14:48:50,282 - INFO - Using 1 selected station(s).
2026-03-29 14:48:50,282 - INFO - 
2026-03-29 14:48:50,283 - INFO - ------- Starting EQCCTPro... -------
2026-03-29 14:48:50,283 - INFO - Detailed subprocess information can be found in the log file.
2026-03-29 14:48:50,283 - INFO - 
2026-03-29 14:48:50,688 - INFO - GPU disabled (CPU-only).
2026-03-29 14:48:52,286 - INFO - Configured Intra-op threads = 1
2026-03-29 14:48:52,288 - INFO - Configured Inter-op threads = 1
2026-03-29 14:48:52,333 - INFO - TensorFlow: No GPUs visible; TF will proceed on CPU.
2026-03-29 14:48:52,336 - INFO - 
2026-03-29 14:48:52,339 - INFO - ------- Hardware Configuration -------
2026-03-29 14:48:52,342 - INFO - CPU affinity set to cores: [0, 1, 2, 3]
2026-03-29 14:48:52,344 - INFO - 
2026-03-29 14:48:52,347 - INFO - ------- Data Preprocessing for EQCCTPro -------
2026-03-29 14:48:52,350 - INFO - 1 station(s) in /home/blackwinter/projects/eqcct/eqcctpro/data/waveforms_noise_only/20250108T105424Z_20250108T105524Z
2026-03-29 14:48:52,352 - INFO - Using 1 selected station(s): ['HEL1'].
2026-03-29 14:48:52,355 - INFO - Creating model actor(s)...
2026-03-29 14:48:52,358 - INFO - System RAM: Total=7870 MB, Available=4342 MB
2026-03-29 14:48:52,361 - INFO - Usable RAM budget: 7083 MB (90% of total)
2026-03-29 14:48:52,363 - INFO - ===== MEMORY-AWARE CPU ACTOR POOL (EQCCT) =====
2026-03-29 14:48:52,365 - INFO - Requested concurrent tasks: 1
2026-03-29 14:48:52,368 - INFO - Available CPUs: 4
2026-03-29 14:48:52,371 - INFO - Available RAM: 7083 MB
2026-03-29 14:48:52,373 - INFO - RAM per model: 2264 MB
2026-03-29 14:48:52,375 - INFO - Max actors by RAM: 3
2026-03-29 14:48:52,377 - INFO - Creating 1 ModelActor(s)
2026-03-29 14:48:52,379 - INFO - Let Ray handle scheduling (taskset already restricts CPU visibility)
2026-03-29 14:48:52,380 - INFO - Creating ModelActor 1/1 (2.21GB RAM each)...
2026-03-29 14:48:56,592 - INFO - ModelActor 1 created successfully.
2026-03-29 14:48:56,594 - INFO - Created 1 CPU actor(s). Task queue will handle concurrency.
2026-03-29 14:48:56,597 - INFO - Starting EQCCTPro parallelized waveform processing...
2026-03-29 14:48:56,599 - INFO - 
2026-03-29 14:48:56,602 - INFO - ------- Analyzing Seismic Waveforms for P and S Picks via EQCCT -------
2026-03-29 14:48:56,605 - INFO - Analyzing 0:01:00 minute timechunk from 2025-01-08 10:54:24 to 2025-01-08 10:55:24 (0 min overlap)
2026-03-29 14:48:56,608 - INFO - Processing a total of 1 stations, 1 at a time.
2026-03-29 14:49:01,052 - INFO - (1/1) HEL1: Finished the prediction in 2.42s. (HP=1.0, LP=45.0)
2026-03-29 14:49:01,056 - INFO - 
2026-03-29 14:49:01,060 - INFO - ------- Parallel Station Waveform Processing Complete For 2025-01-08 10:54:24 to 2025-01-08 10:55:24 Timechunk-------
2026-03-29 14:49:01,063 - INFO - Picks saved at /home/blackwinter/projects/eqcct/eqcctpro/results/csv/eqcct_noise_th0_1/20250108T105424Z_20250108T105524ZProcess Runtime: 4.46 s
2026-03-29 14:49:01,069 - INFO - Successfully ran EQCCTPro, exiting...
2026-03-29 14:49:02,628 - INFO - Ray Successfully Shutdown.
2026-03-29 14:49:02,628 - INFO - ------- Successfully Picked All Waveform(s) from all Timechunk(s) -------
