2026-02-22 19:01:18,909 - INFO - 
2026-02-22 19:01:18,909 - INFO - ------- Welcome to EQCCTPro -------
2026-02-22 19:01:18,909 - INFO - 
2026-02-22 19:01:18,909 - INFO - Running EQCCT over Requested MSeed Files using CPU(s)...
2026-02-22 19:01:18,910 - INFO - GPU disabled (CPU-only).
2026-02-22 19:01:18,910 - INFO - Configured Intra-op threads = 1
2026-02-22 19:01:18,910 - INFO - Configured Inter-op threads = 1
2026-02-22 19:01:18,910 - INFO - TensorFlow: No GPUs visible; TF will proceed on CPU.
2026-02-22 19:01:18,910 - INFO - 
2026-02-22 19:01:24,185 - INFO - Ray Successfully Initialized with 4 CPU(s) ([0, 1, 2, 3] CPU Affinity Binding).
2026-02-22 19:01:24,185 - INFO - Analyzing 1 time chunk(s) from 2025-08-18 20:13:28 to 2025-08-18 20:14:28 (dt=1min, overlap=0min).
2026-02-22 19:01:24,185 - INFO - Using 1 selected station(s).
2026-02-22 19:01:24,185 - INFO - 
2026-02-22 19:01:24,186 - INFO - ------- Starting EQCCTPro... -------
2026-02-22 19:01:24,186 - INFO - Detailed subprocess information can be found in the log file.
2026-02-22 19:01:24,186 - INFO - 
2026-02-22 19:01:24,567 - INFO - GPU disabled (CPU-only).
2026-02-22 19:01:26,183 - INFO - Configured Intra-op threads = 1
2026-02-22 19:01:26,186 - INFO - Configured Inter-op threads = 1
2026-02-22 19:01:26,224 - INFO - TensorFlow: No GPUs visible; TF will proceed on CPU.
2026-02-22 19:01:26,227 - INFO - 
2026-02-22 19:01:26,229 - INFO - ------- Hardware Configuration -------
2026-02-22 19:01:26,231 - INFO - CPU affinity set to cores: [0, 1, 2, 3]
2026-02-22 19:01:26,233 - INFO - 
2026-02-22 19:01:26,235 - INFO - ------- Data Preprocessing for EQCCTPro -------
2026-02-22 19:01:26,238 - INFO - 1 station(s) in /home/blackwinter/projects/eqcct/eqcctpro/data/waveforms_earthquakes_nonoise/20250818T201328Z_20250818T201428Z
2026-02-22 19:01:26,240 - INFO - Using 1 selected station(s): ['RAF'].
2026-02-22 19:01:26,242 - INFO - Creating model actor(s)...
2026-02-22 19:01:26,244 - INFO - System RAM: Total=7870 MB, Available=1877 MB
2026-02-22 19:01:26,246 - INFO - Usable RAM budget: 7083 MB (90% of total)
2026-02-22 19:01:26,249 - INFO - ===== MEMORY-AWARE CPU ACTOR POOL (EQCCT) =====
2026-02-22 19:01:26,251 - INFO - Requested concurrent tasks: 1
2026-02-22 19:01:26,253 - INFO - Available CPUs: 4
2026-02-22 19:01:26,255 - INFO - Available RAM: 7083 MB
2026-02-22 19:01:26,257 - INFO - RAM per model: 2264 MB
2026-02-22 19:01:26,260 - INFO - Max actors by RAM: 3
2026-02-22 19:01:26,262 - INFO - Creating 1 ModelActor(s)
2026-02-22 19:01:26,264 - INFO - Let Ray handle scheduling (taskset already restricts CPU visibility)
2026-02-22 19:01:26,267 - INFO - Creating ModelActor 1/1 (2.21GB RAM each)...
2026-02-22 19:01:30,245 - INFO - ModelActor 1 created successfully.
2026-02-22 19:01:30,247 - INFO - Created 1 CPU actor(s). Task queue will handle concurrency.
2026-02-22 19:01:30,249 - INFO - Starting EQCCTPro parallelized waveform processing...
2026-02-22 19:01:30,251 - INFO - 
2026-02-22 19:01:30,253 - INFO - ------- Analyzing Seismic Waveforms for P and S Picks via EQCCT -------
2026-02-22 19:01:30,255 - INFO - Analyzing 0:01:00 minute timechunk from 2025-08-18 20:13:28 to 2025-08-18 20:14:28 (0 min overlap)
2026-02-22 19:01:30,257 - INFO - Processing a total of 1 stations, 1 at a time.
2026-02-22 19:01:34,275 - INFO - (1/1) RAF: Finished the prediction in 2.08s. (HP=1.0, LP=45.0)
2026-02-22 19:01:34,277 - INFO - 
2026-02-22 19:01:34,279 - INFO - ------- Parallel Station Waveform Processing Complete For 2025-08-18 20:13:28 to 2025-08-18 20:14:28 Timechunk-------
2026-02-22 19:01:34,281 - INFO - Picks saved at /home/blackwinter/projects/eqcct/eqcctpro/results/csv/bm_eq_nonoise/20250818T201328Z_20250818T201428ZProcess Runtime: 4.03 s
2026-02-22 19:01:34,286 - INFO - Successfully ran EQCCTPro, exiting...
2026-02-22 19:01:35,965 - INFO - Ray Successfully Shutdown.
2026-02-22 19:01:35,966 - INFO - ------- Successfully Picked All Waveform(s) from all Timechunk(s) -------
