2026-03-29 09:25:21,445 - INFO - 
2026-03-29 09:25:21,445 - INFO - ------- Welcome to EQCCTPro -------
2026-03-29 09:25:21,445 - INFO - 
2026-03-29 09:25:21,446 - INFO - Running EQCCT over Requested MSeed Files using CPU(s)...
2026-03-29 09:25:21,446 - INFO - GPU disabled (CPU-only).
2026-03-29 09:25:21,446 - INFO - Configured Intra-op threads = 1
2026-03-29 09:25:21,446 - INFO - Configured Inter-op threads = 1
2026-03-29 09:25:21,446 - INFO - TensorFlow: No GPUs visible; TF will proceed on CPU.
2026-03-29 09:25:21,447 - INFO - 
2026-03-29 09:25:27,265 - INFO - Ray Successfully Initialized with 4 CPU(s) ([0, 1, 2, 3] CPU Affinity Binding).
2026-03-29 09:25:27,265 - INFO - Analyzing 1 time chunk(s) from 2025-01-02 13:31:43 to 2025-01-02 13:32:43 (dt=1min, overlap=0min).
2026-03-29 09:25:27,265 - INFO - Using 1 selected station(s).
2026-03-29 09:25:27,265 - INFO - 
2026-03-29 09:25:27,266 - INFO - ------- Starting EQCCTPro... -------
2026-03-29 09:25:27,266 - INFO - Detailed subprocess information can be found in the log file.
2026-03-29 09:25:27,266 - INFO - 
2026-03-29 09:25:27,676 - INFO - GPU disabled (CPU-only).
2026-03-29 09:25:29,435 - INFO - Configured Intra-op threads = 1
2026-03-29 09:25:29,438 - INFO - Configured Inter-op threads = 1
2026-03-29 09:25:29,486 - INFO - TensorFlow: No GPUs visible; TF will proceed on CPU.
2026-03-29 09:25:29,488 - INFO - 
2026-03-29 09:25:29,491 - INFO - ------- Hardware Configuration -------
2026-03-29 09:25:29,494 - INFO - CPU affinity set to cores: [0, 1, 2, 3]
2026-03-29 09:25:29,496 - INFO - 
2026-03-29 09:25:29,499 - INFO - ------- Data Preprocessing for EQCCTPro -------
2026-03-29 09:25:29,501 - INFO - 1 station(s) in /home/blackwinter/projects/eqcct/eqcctpro/data/waveforms_noise_only/20250102T133143Z_20250102T133243Z
2026-03-29 09:25:29,504 - INFO - Using 1 selected station(s): ['KU1'].
2026-03-29 09:25:29,506 - INFO - Creating model actor(s)...
2026-03-29 09:25:29,509 - INFO - System RAM: Total=7870 MB, Available=5654 MB
2026-03-29 09:25:29,512 - INFO - Usable RAM budget: 7083 MB (90% of total)
2026-03-29 09:25:29,514 - INFO - ===== MEMORY-AWARE CPU ACTOR POOL (EQCCT) =====
2026-03-29 09:25:29,517 - INFO - Requested concurrent tasks: 1
2026-03-29 09:25:29,519 - INFO - Available CPUs: 4
2026-03-29 09:25:29,521 - INFO - Available RAM: 7083 MB
2026-03-29 09:25:29,524 - INFO - RAM per model: 2264 MB
2026-03-29 09:25:29,526 - INFO - Max actors by RAM: 3
2026-03-29 09:25:29,528 - INFO - Creating 1 ModelActor(s)
2026-03-29 09:25:29,531 - INFO - Let Ray handle scheduling (taskset already restricts CPU visibility)
2026-03-29 09:25:29,533 - INFO - Creating ModelActor 1/1 (2.21GB RAM each)...
2026-03-29 09:25:33,794 - INFO - ModelActor 1 created successfully.
2026-03-29 09:25:33,796 - INFO - Created 1 CPU actor(s). Task queue will handle concurrency.
2026-03-29 09:25:33,799 - INFO - Starting EQCCTPro parallelized waveform processing...
2026-03-29 09:25:33,801 - INFO - 
2026-03-29 09:25:33,804 - INFO - ------- Analyzing Seismic Waveforms for P and S Picks via EQCCT -------
2026-03-29 09:25:33,807 - INFO - Analyzing 0:01:00 minute timechunk from 2025-01-02 13:31:43 to 2025-01-02 13:32:43 (0 min overlap)
2026-03-29 09:25:33,809 - INFO - Processing a total of 1 stations, 1 at a time.
2026-03-29 09:25:38,141 - INFO - (1/1) KU1: Finished the prediction in 2.38s. (HP=1.0, LP=45.0)
2026-03-29 09:25:38,143 - INFO - 
2026-03-29 09:25:38,146 - INFO - ------- Parallel Station Waveform Processing Complete For 2025-01-02 13:31:43 to 2025-01-02 13:32:43 Timechunk-------
2026-03-29 09:25:38,148 - INFO - Picks saved at /home/blackwinter/projects/eqcct/eqcctpro/results/csv/eqcct_noise_th0_1/20250102T133143Z_20250102T133243ZProcess Runtime: 4.34 s
2026-03-29 09:25:38,153 - INFO - Successfully ran EQCCTPro, exiting...
2026-03-29 09:25:39,631 - INFO - Ray Successfully Shutdown.
2026-03-29 09:25:39,632 - INFO - ------- Successfully Picked All Waveform(s) from all Timechunk(s) -------
