2026-02-27 01:48:41,699 - INFO - 
2026-02-27 01:48:41,699 - INFO - ------- Welcome to EQCCTPro -------
2026-02-27 01:48:41,699 - INFO - 
2026-02-27 01:48:41,699 - INFO - Running EQCCT over Requested MSeed Files using CPU(s)...
2026-02-27 01:48:41,700 - INFO - GPU disabled (CPU-only).
2026-02-27 01:48:41,700 - INFO - Configured Intra-op threads = 1
2026-02-27 01:48:41,700 - INFO - Configured Inter-op threads = 1
2026-02-27 01:48:41,700 - INFO - TensorFlow: No GPUs visible; TF will proceed on CPU.
2026-02-27 01:48:41,700 - INFO - 
2026-02-27 01:48:46,969 - INFO - Ray Successfully Initialized with 4 CPU(s) ([0, 1, 2, 3] CPU Affinity Binding).
2026-02-27 01:48:46,970 - INFO - Analyzing 1 time chunk(s) from 2025-01-15 11:10:37 to 2025-01-15 11:11:37 (dt=1min, overlap=0min).
2026-02-27 01:48:46,970 - INFO - Using 1 selected station(s).
2026-02-27 01:48:46,970 - INFO - 
2026-02-27 01:48:46,971 - INFO - ------- Starting EQCCTPro... -------
2026-02-27 01:48:46,971 - INFO - Detailed subprocess information can be found in the log file.
2026-02-27 01:48:46,971 - INFO - 
2026-02-27 01:48:47,380 - INFO - GPU disabled (CPU-only).
2026-02-27 01:48:48,901 - INFO - Configured Intra-op threads = 1
2026-02-27 01:48:48,903 - INFO - Configured Inter-op threads = 1
2026-02-27 01:48:48,942 - INFO - TensorFlow: No GPUs visible; TF will proceed on CPU.
2026-02-27 01:48:48,944 - INFO - 
2026-02-27 01:48:48,947 - INFO - ------- Hardware Configuration -------
2026-02-27 01:48:48,949 - INFO - CPU affinity set to cores: [0, 1, 2, 3]
2026-02-27 01:48:48,951 - INFO - 
2026-02-27 01:48:48,953 - INFO - ------- Data Preprocessing for EQCCTPro -------
2026-02-27 01:48:48,955 - INFO - 1 station(s) in /home/blackwinter/projects/eqcct/eqcctpro/data/waveforms_explosions_nonoise/20250115T111037Z_20250115T111137Z
2026-02-27 01:48:48,957 - INFO - Using 1 selected station(s): ['TVF'].
2026-02-27 01:48:48,960 - INFO - Creating model actor(s)...
2026-02-27 01:48:48,962 - INFO - System RAM: Total=7870 MB, Available=2953 MB
2026-02-27 01:48:48,964 - INFO - Usable RAM budget: 7083 MB (90% of total)
2026-02-27 01:48:48,965 - INFO - ===== MEMORY-AWARE CPU ACTOR POOL (EQCCT) =====
2026-02-27 01:48:48,967 - INFO - Requested concurrent tasks: 1
2026-02-27 01:48:48,969 - INFO - Available CPUs: 4
2026-02-27 01:48:48,970 - INFO - Available RAM: 7083 MB
2026-02-27 01:48:48,972 - INFO - RAM per model: 2264 MB
2026-02-27 01:48:48,974 - INFO - Max actors by RAM: 3
2026-02-27 01:48:48,976 - INFO - Creating 1 ModelActor(s)
2026-02-27 01:48:48,978 - INFO - Let Ray handle scheduling (taskset already restricts CPU visibility)
2026-02-27 01:48:48,981 - INFO - Creating ModelActor 1/1 (2.21GB RAM each)...
2026-02-27 01:48:52,920 - INFO - ModelActor 1 created successfully.
2026-02-27 01:48:52,923 - INFO - Created 1 CPU actor(s). Task queue will handle concurrency.
2026-02-27 01:48:52,925 - INFO - Starting EQCCTPro parallelized waveform processing...
2026-02-27 01:48:52,927 - INFO - 
2026-02-27 01:48:52,929 - INFO - ------- Analyzing Seismic Waveforms for P and S Picks via EQCCT -------
2026-02-27 01:48:52,931 - INFO - Analyzing 0:01:00 minute timechunk from 2025-01-15 11:10:37 to 2025-01-15 11:11:37 (0 min overlap)
2026-02-27 01:48:52,934 - INFO - Processing a total of 1 stations, 1 at a time.
2026-02-27 01:48:56,971 - INFO - (1/1) TVF: Finished the prediction in 2.12s. (HP=1.0, LP=45.0)
2026-02-27 01:48:56,973 - INFO - 
2026-02-27 01:48:56,975 - INFO - ------- Parallel Station Waveform Processing Complete For 2025-01-15 11:10:37 to 2025-01-15 11:11:37 Timechunk-------
2026-02-27 01:48:56,977 - INFO - Picks saved at /home/blackwinter/projects/eqcct/eqcctpro/results/csv/bm_explosions/20250115T111037Z_20250115T111137ZProcess Runtime: 4.05 s
2026-02-27 01:48:56,980 - INFO - Successfully ran EQCCTPro, exiting...
2026-02-27 01:48:58,503 - INFO - Ray Successfully Shutdown.
2026-02-27 01:48:58,503 - INFO - ------- Successfully Picked All Waveform(s) from all Timechunk(s) -------
2026-02-27 08:52:12,970 - INFO - 
2026-02-27 08:52:12,971 - INFO - ------- Welcome to EQCCTPro -------
2026-02-27 08:52:12,971 - INFO - 
2026-02-27 08:52:12,972 - INFO - Running EQCCT over Requested MSeed Files using CPU(s)...
2026-02-27 08:52:12,972 - INFO - GPU disabled (CPU-only).
2026-02-27 08:52:12,972 - INFO - Configured Intra-op threads = 1
2026-02-27 08:52:12,972 - INFO - Configured Inter-op threads = 1
2026-02-27 08:52:12,973 - INFO - TensorFlow: No GPUs visible; TF will proceed on CPU.
2026-02-27 08:52:12,973 - INFO - 
2026-02-27 08:52:18,266 - INFO - Ray Successfully Initialized with 4 CPU(s) ([0, 1, 2, 3] CPU Affinity Binding).
2026-02-27 08:52:18,267 - INFO - Analyzing 1 time chunk(s) from 2025-01-15 11:10:37 to 2025-01-15 11:11:37 (dt=1min, overlap=0min).
2026-02-27 08:52:18,267 - INFO - Using 1 selected station(s).
2026-02-27 08:52:18,267 - INFO - 
2026-02-27 08:52:18,267 - INFO - ------- Starting EQCCTPro... -------
2026-02-27 08:52:18,267 - INFO - Detailed subprocess information can be found in the log file.
2026-02-27 08:52:18,267 - INFO - 
2026-02-27 08:52:18,644 - INFO - GPU disabled (CPU-only).
2026-02-27 08:52:20,284 - INFO - Configured Intra-op threads = 1
2026-02-27 08:52:20,288 - INFO - Configured Inter-op threads = 1
2026-02-27 08:52:20,330 - INFO - TensorFlow: No GPUs visible; TF will proceed on CPU.
2026-02-27 08:52:20,333 - INFO - 
2026-02-27 08:52:20,334 - INFO - ------- Hardware Configuration -------
2026-02-27 08:52:20,336 - INFO - CPU affinity set to cores: [0, 1, 2, 3]
2026-02-27 08:52:20,338 - INFO - 
2026-02-27 08:52:20,340 - INFO - ------- Data Preprocessing for EQCCTPro -------
2026-02-27 08:52:20,342 - INFO - 1 station(s) in /home/blackwinter/projects/eqcct/eqcctpro/data/waveforms_explosions_nonoise/20250115T111037Z_20250115T111137Z
2026-02-27 08:52:20,343 - INFO - Using 1 selected station(s): ['TVF'].
2026-02-27 08:52:20,345 - INFO - Creating model actor(s)...
2026-02-27 08:52:20,347 - INFO - System RAM: Total=7870 MB, Available=3036 MB
2026-02-27 08:52:20,349 - INFO - Usable RAM budget: 7083 MB (90% of total)
2026-02-27 08:52:20,351 - INFO - ===== MEMORY-AWARE CPU ACTOR POOL (EQCCT) =====
2026-02-27 08:52:20,352 - INFO - Requested concurrent tasks: 1
2026-02-27 08:52:20,354 - INFO - Available CPUs: 4
2026-02-27 08:52:20,356 - INFO - Available RAM: 7083 MB
2026-02-27 08:52:20,358 - INFO - RAM per model: 2264 MB
2026-02-27 08:52:20,360 - INFO - Max actors by RAM: 3
2026-02-27 08:52:20,362 - INFO - Creating 1 ModelActor(s)
2026-02-27 08:52:20,364 - INFO - Let Ray handle scheduling (taskset already restricts CPU visibility)
2026-02-27 08:52:20,366 - INFO - Creating ModelActor 1/1 (2.21GB RAM each)...
2026-02-27 08:52:24,279 - INFO - ModelActor 1 created successfully.
2026-02-27 08:52:24,281 - INFO - Created 1 CPU actor(s). Task queue will handle concurrency.
2026-02-27 08:52:24,282 - INFO - Starting EQCCTPro parallelized waveform processing...
2026-02-27 08:52:24,284 - INFO - 
2026-02-27 08:52:24,286 - INFO - ------- Analyzing Seismic Waveforms for P and S Picks via EQCCT -------
2026-02-27 08:52:24,288 - INFO - Analyzing 0:01:00 minute timechunk from 2025-01-15 11:10:37 to 2025-01-15 11:11:37 (0 min overlap)
2026-02-27 08:52:24,290 - INFO - Processing a total of 1 stations, 1 at a time.
2026-02-27 08:52:26,183 - INFO - (1/1) TVF: Skipped (already exists - overwrite=False).
2026-02-27 08:52:26,185 - INFO - 
2026-02-27 08:52:26,187 - INFO - ------- Parallel Station Waveform Processing Complete For 2025-01-15 11:10:37 to 2025-01-15 11:11:37 Timechunk-------
2026-02-27 08:52:26,189 - INFO - Picks saved at /home/blackwinter/projects/eqcct/eqcctpro/results/csv/bm_explosions/20250115T111037Z_20250115T111137ZProcess Runtime: 1.90 s
2026-02-27 08:52:26,193 - INFO - Successfully ran EQCCTPro, exiting...
2026-02-27 08:52:27,662 - INFO - Ray Successfully Shutdown.
2026-02-27 08:52:27,663 - INFO - ------- Successfully Picked All Waveform(s) from all Timechunk(s) -------
