2026-03-19 23:24:19,069 - INFO - 
2026-03-19 23:24:19,069 - INFO - ------- Welcome to EQCCTPro -------
2026-03-19 23:24:19,069 - INFO - 
2026-03-19 23:24:19,069 - INFO - Running EQCCT over Requested MSeed Files using CPU(s)...
2026-03-19 23:24:19,070 - INFO - GPU disabled (CPU-only).
2026-03-19 23:24:19,070 - INFO - Configured Intra-op threads = 1
2026-03-19 23:24:19,070 - INFO - Configured Inter-op threads = 1
2026-03-19 23:24:19,070 - INFO - TensorFlow: No GPUs visible; TF will proceed on CPU.
2026-03-19 23:24:19,070 - INFO - 
2026-03-19 23:24:24,723 - INFO - Ray Successfully Initialized with 4 CPU(s) ([0, 1, 2, 3] CPU Affinity Binding).
2026-03-19 23:24:24,723 - INFO - Analyzing 1 time chunk(s) from 2025-01-31 02:31:48 to 2025-01-31 02:32:48 (dt=1min, overlap=0min).
2026-03-19 23:24:24,723 - INFO - Using 1 selected station(s).
2026-03-19 23:24:24,723 - INFO - 
2026-03-19 23:24:24,724 - INFO - ------- Starting EQCCTPro... -------
2026-03-19 23:24:24,724 - INFO - Detailed subprocess information can be found in the log file.
2026-03-19 23:24:24,724 - INFO - 
2026-03-19 23:24:25,112 - INFO - GPU disabled (CPU-only).
2026-03-19 23:24:26,692 - INFO - Configured Intra-op threads = 1
2026-03-19 23:24:26,694 - INFO - Configured Inter-op threads = 1
2026-03-19 23:24:26,747 - INFO - TensorFlow: No GPUs visible; TF will proceed on CPU.
2026-03-19 23:24:26,750 - INFO - 
2026-03-19 23:24:26,752 - INFO - ------- Hardware Configuration -------
2026-03-19 23:24:26,754 - INFO - CPU affinity set to cores: [0, 1, 2, 3]
2026-03-19 23:24:26,756 - INFO - 
2026-03-19 23:24:26,758 - INFO - ------- Data Preprocessing for EQCCTPro -------
2026-03-19 23:24:26,760 - INFO - 1 station(s) in /home/blackwinter/projects/eqcct/eqcctpro/data/waveforms_earthquakes_nonoise/20250131T023148Z_20250131T023248Z
2026-03-19 23:24:26,763 - INFO - Using 1 selected station(s): ['SGF'].
2026-03-19 23:24:26,765 - INFO - Creating model actor(s)...
2026-03-19 23:24:26,767 - INFO - System RAM: Total=7870 MB, Available=2802 MB
2026-03-19 23:24:26,769 - INFO - Usable RAM budget: 7083 MB (90% of total)
2026-03-19 23:24:26,771 - INFO - ===== MEMORY-AWARE CPU ACTOR POOL (EQCCT) =====
2026-03-19 23:24:26,773 - INFO - Requested concurrent tasks: 1
2026-03-19 23:24:26,776 - INFO - Available CPUs: 4
2026-03-19 23:24:26,778 - INFO - Available RAM: 7083 MB
2026-03-19 23:24:26,780 - INFO - RAM per model: 2264 MB
2026-03-19 23:24:26,782 - INFO - Max actors by RAM: 3
2026-03-19 23:24:26,783 - INFO - Creating 1 ModelActor(s)
2026-03-19 23:24:26,785 - INFO - Let Ray handle scheduling (taskset already restricts CPU visibility)
2026-03-19 23:24:26,787 - INFO - Creating ModelActor 1/1 (2.21GB RAM each)...
2026-03-19 23:24:30,762 - INFO - ModelActor 1 created successfully.
2026-03-19 23:24:30,764 - INFO - Created 1 CPU actor(s). Task queue will handle concurrency.
2026-03-19 23:24:30,767 - INFO - Starting EQCCTPro parallelized waveform processing...
2026-03-19 23:24:30,769 - INFO - 
2026-03-19 23:24:30,771 - INFO - ------- Analyzing Seismic Waveforms for P and S Picks via EQCCT -------
2026-03-19 23:24:30,773 - INFO - Analyzing 0:01:00 minute timechunk from 2025-01-31 02:31:48 to 2025-01-31 02:32:48 (0 min overlap)
2026-03-19 23:24:30,776 - INFO - Processing a total of 1 stations, 1 at a time.
2026-03-19 23:24:34,883 - INFO - (1/1) SGF: Finished the prediction in 2.15s. (HP=1.0, LP=45.0)
2026-03-19 23:24:34,885 - INFO - 
2026-03-19 23:24:34,887 - INFO - ------- Parallel Station Waveform Processing Complete For 2025-01-31 02:31:48 to 2025-01-31 02:32:48 Timechunk-------
2026-03-19 23:24:34,889 - INFO - Picks saved at /home/blackwinter/projects/eqcct/eqcctpro/results/csv/eqcct_earthquakes_th0_1/20250131T023148Z_20250131T023248ZProcess Runtime: 4.12 s
2026-03-19 23:24:34,894 - INFO - Successfully ran EQCCTPro, exiting...
2026-03-19 23:24:36,484 - INFO - Ray Successfully Shutdown.
2026-03-19 23:24:36,485 - INFO - ------- Successfully Picked All Waveform(s) from all Timechunk(s) -------
