2026-03-28 10:17:21,068 - INFO - 
2026-03-28 10:17:21,068 - INFO - ------- Welcome to EQCCTPro -------
2026-03-28 10:17:21,068 - INFO - 
2026-03-28 10:17:21,068 - INFO - Running EQCCT over Requested MSeed Files using CPU(s)...
2026-03-28 10:17:21,069 - INFO - GPU disabled (CPU-only).
2026-03-28 10:17:21,069 - INFO - Skipping framework-specific initialization in the driver process.
2026-03-28 10:17:22,495 - INFO - Ray Successfully Initialized with 4 CPU(s) ([0, 1, 2, 3] CPU Affinity Binding).
2026-03-28 10:17:22,496 - INFO - Analyzing 1 time chunk(s) from 2025-01-05 01:11:06 to 2025-01-05 01:12:06 (dt=1min, overlap=0min).
2026-03-28 10:17:22,497 - INFO - Using 1 selected station(s).
2026-03-28 10:17:22,497 - INFO - 
2026-03-28 10:17:22,497 - INFO - ------- Starting EQCCTPro... -------
2026-03-28 10:17:22,497 - INFO - Detailed subprocess information can be found in the log file.
2026-03-28 10:17:22,498 - INFO - 
2026-03-28 10:17:22,792 - INFO - GPU disabled (CPU-only).
2026-03-28 10:17:22,797 - INFO - Skipping framework-specific initialization in the driver process.
2026-03-28 10:17:22,801 - INFO - ------- Hardware Configuration -------
2026-03-28 10:17:22,804 - INFO - CPU affinity set to cores: [0, 1, 2, 3]
2026-03-28 10:17:22,807 - INFO - 
2026-03-28 10:17:22,811 - INFO - ------- Data Preprocessing for EQCCTPro -------
2026-03-28 10:17:22,814 - INFO - 1 station(s) in /home/blackwinter/projects/eqcct/eqcctpro/data/waveforms_noise_only/20250105T011106Z_20250105T011206Z
2026-03-28 10:17:22,818 - INFO - Using 1 selected station(s): ['MSF'].
2026-03-28 10:17:22,821 - INFO - Creating model actor(s)...
2026-03-28 10:17:22,824 - INFO - System RAM: Total=7870 MB, Available=4754 MB
2026-03-28 10:17:22,827 - INFO - Usable RAM budget: 7083 MB (90% of total)
2026-03-28 10:17:22,831 - INFO - ===== MEMORY-AWARE CPU ACTOR POOL =====
2026-03-28 10:17:22,835 - INFO - Requested concurrent tasks: 1
2026-03-28 10:17:22,838 - INFO - Available CPUs: 4
2026-03-28 10:17:22,841 - INFO - Available RAM: 7083 MB
2026-03-28 10:17:22,843 - INFO - RAM per model: 2060 MB
2026-03-28 10:17:22,844 - INFO - Max actors by RAM: 3
2026-03-28 10:17:22,846 - INFO - Creating 1 SeisBenchModelActor(s)
2026-03-28 10:17:22,849 - INFO - Let Ray handle scheduling (taskset already restricts CPU visibility)
2026-03-28 10:17:22,851 - INFO - Creating SeisBenchModelActor 1/1 (2.01GB RAM each)...
2026-03-28 10:17:25,892 - INFO - SeisBenchModelActor 1 created successfully.
2026-03-28 10:17:25,894 - INFO - Created 1 CPU actor(s). Task queue will handle concurrency.
2026-03-28 10:17:25,897 - INFO - Starting EQCCTPro parallelized waveform processing...
2026-03-28 10:17:25,900 - INFO - 
2026-03-28 10:17:25,903 - INFO - ------- Analyzing Seismic Waveforms for P and S Picks via SeisBench (EQTransformer - original_nonconservative) -------
2026-03-28 10:17:25,906 - INFO - Analyzing 0:01:00 minute timechunk from 2025-01-05 01:11:06 to 2025-01-05 01:12:06 (0 min overlap)
2026-03-28 10:17:25,908 - INFO - Processing a total of 1 stations, 1 at a time.
2026-03-28 10:17:28,057 - INFO - (1/1) MSF: FAILED reading mSEED: Selected corner frequency is above Nyquist.
2026-03-28 10:17:28,060 - INFO - 
2026-03-28 10:17:28,062 - INFO - ------- Parallel Station Waveform Processing Complete For 2025-01-05 01:11:06 to 2025-01-05 01:12:06 Timechunk-------
2026-03-28 10:17:28,065 - INFO - Picks saved at /home/blackwinter/projects/eqcct/eqcctpro/results/csv/eqt_noise_th0_1/20250105T011106Z_20250105T011206ZProcess Runtime: 2.16 s
2026-03-28 10:17:28,069 - INFO - Successfully ran EQCCTPro, exiting...
2026-03-28 10:17:29,544 - INFO - Ray Successfully Shutdown.
2026-03-28 10:17:29,544 - INFO - ------- Successfully Picked All Waveform(s) from all Timechunk(s) -------
