2026-03-28 21:37:57,938 - INFO - 
2026-03-28 21:37:57,938 - INFO - ------- Welcome to EQCCTPro -------
2026-03-28 21:37:57,938 - INFO - 
2026-03-28 21:37:57,939 - INFO - Running EQCCT over Requested MSeed Files using CPU(s)...
2026-03-28 21:37:57,939 - INFO - GPU disabled (CPU-only).
2026-03-29 00:15:08,511 - INFO - 
2026-03-29 00:15:08,511 - INFO - ------- Welcome to EQCCTPro -------
2026-03-29 00:15:08,511 - INFO - 
2026-03-29 00:15:08,512 - INFO - Running EQCCT over Requested MSeed Files using CPU(s)...
2026-03-29 00:15:08,513 - INFO - GPU disabled (CPU-only).
2026-03-29 00:15:08,513 - INFO - Configured Intra-op threads = 1
2026-03-29 00:15:08,513 - INFO - Configured Inter-op threads = 1
2026-03-29 00:15:08,513 - INFO - TensorFlow: No GPUs visible; TF will proceed on CPU.
2026-03-29 00:15:08,514 - INFO - 
2026-03-29 00:15:13,753 - INFO - Ray Successfully Initialized with 4 CPU(s) ([0, 1, 2, 3] CPU Affinity Binding).
2026-03-29 00:15:13,754 - INFO - Analyzing 1 time chunk(s) from 2025-01-10 10:25:14 to 2025-01-10 10:26:14 (dt=1min, overlap=0min).
2026-03-29 00:15:13,754 - INFO - Using 1 selected station(s).
2026-03-29 00:15:13,754 - INFO - 
2026-03-29 00:15:13,754 - INFO - ------- Starting EQCCTPro... -------
2026-03-29 00:15:13,754 - INFO - Detailed subprocess information can be found in the log file.
2026-03-29 00:15:13,754 - INFO - 
2026-03-29 00:15:14,162 - INFO - GPU disabled (CPU-only).
2026-03-29 00:15:15,877 - INFO - Configured Intra-op threads = 1
2026-03-29 00:15:15,880 - INFO - Configured Inter-op threads = 1
2026-03-29 00:15:15,924 - INFO - TensorFlow: No GPUs visible; TF will proceed on CPU.
2026-03-29 00:15:15,927 - INFO - 
2026-03-29 00:15:15,929 - INFO - ------- Hardware Configuration -------
2026-03-29 00:15:15,933 - INFO - CPU affinity set to cores: [0, 1, 2, 3]
2026-03-29 00:15:15,936 - INFO - 
2026-03-29 00:15:15,939 - INFO - ------- Data Preprocessing for EQCCTPro -------
2026-03-29 00:15:15,942 - INFO - 1 station(s) in /home/blackwinter/projects/eqcct/eqcctpro/data/waveforms_explosions_nonoise/20250110T102514Z_20250110T102614Z
2026-03-29 00:15:15,945 - INFO - Using 1 selected station(s): ['TRE03'].
2026-03-29 00:15:15,947 - INFO - Creating model actor(s)...
2026-03-29 00:15:15,950 - INFO - System RAM: Total=7870 MB, Available=3503 MB
2026-03-29 00:15:15,952 - INFO - Usable RAM budget: 7083 MB (90% of total)
2026-03-29 00:15:15,955 - INFO - ===== MEMORY-AWARE CPU ACTOR POOL (EQCCT) =====
2026-03-29 00:15:15,958 - INFO - Requested concurrent tasks: 1
2026-03-29 00:15:15,960 - INFO - Available CPUs: 4
2026-03-29 00:15:15,962 - INFO - Available RAM: 7083 MB
2026-03-29 00:15:15,965 - INFO - RAM per model: 2264 MB
2026-03-29 00:15:15,967 - INFO - Max actors by RAM: 3
2026-03-29 00:15:15,970 - INFO - Creating 1 ModelActor(s)
2026-03-29 00:15:15,972 - INFO - Let Ray handle scheduling (taskset already restricts CPU visibility)
2026-03-29 00:15:15,975 - INFO - Creating ModelActor 1/1 (2.21GB RAM each)...
2026-03-29 00:15:20,397 - INFO - ModelActor 1 created successfully.
2026-03-29 00:15:20,400 - INFO - Created 1 CPU actor(s). Task queue will handle concurrency.
2026-03-29 00:15:20,403 - INFO - Starting EQCCTPro parallelized waveform processing...
2026-03-29 00:15:20,406 - INFO - 
2026-03-29 00:15:20,409 - INFO - ------- Analyzing Seismic Waveforms for P and S Picks via EQCCT -------
2026-03-29 00:15:20,414 - INFO - Analyzing 0:01:00 minute timechunk from 2025-01-10 10:25:14 to 2025-01-10 10:26:14 (0 min overlap)
2026-03-29 00:15:20,419 - INFO - Processing a total of 1 stations, 1 at a time.
2026-03-29 00:15:24,961 - INFO - (1/1) TRE03: Finished the prediction in 2.47s. (HP=1.0, LP=45.0)
2026-03-29 00:15:24,965 - INFO - 
2026-03-29 00:15:24,967 - INFO - ------- Parallel Station Waveform Processing Complete For 2025-01-10 10:25:14 to 2025-01-10 10:26:14 Timechunk-------
2026-03-29 00:15:24,970 - INFO - Picks saved at /home/blackwinter/projects/eqcct/eqcctpro/results/csv/eqcct_explosions_th0_1/20250110T102514Z_20250110T102614ZProcess Runtime: 4.56 s
2026-03-29 00:15:24,975 - INFO - Successfully ran EQCCTPro, exiting...
2026-03-29 00:15:26,548 - INFO - Ray Successfully Shutdown.
2026-03-29 00:15:26,549 - INFO - ------- Successfully Picked All Waveform(s) from all Timechunk(s) -------
