2026-03-27 19:13:05,540 - INFO - 
2026-03-27 19:13:05,540 - INFO - ------- Welcome to EQCCTPro -------
2026-03-27 19:13:05,541 - INFO - 
2026-03-27 19:13:05,541 - INFO - Running EQCCT over Requested MSeed Files using CPU(s)...
2026-03-27 19:13:05,541 - INFO - GPU disabled (CPU-only).
2026-03-27 19:13:05,541 - INFO - Skipping framework-specific initialization in the driver process.
2026-03-27 19:13:07,922 - INFO - Ray Successfully Initialized with 4 CPU(s) ([0, 1, 2, 3] CPU Affinity Binding).
2026-03-27 19:13:07,923 - INFO - Analyzing 1 time chunk(s) from 2025-06-21 16:41:56 to 2025-06-21 16:42:56 (dt=1min, overlap=0min).
2026-03-27 19:13:07,923 - INFO - Using 1 selected station(s).
2026-03-27 19:13:07,923 - INFO - 
2026-03-27 19:13:07,923 - INFO - ------- Starting EQCCTPro... -------
2026-03-27 19:13:07,923 - INFO - Detailed subprocess information can be found in the log file.
2026-03-27 19:13:07,923 - INFO - 
2026-03-27 19:13:08,191 - INFO - GPU disabled (CPU-only).
2026-03-27 19:13:08,195 - INFO - Skipping framework-specific initialization in the driver process.
2026-03-27 19:13:08,198 - INFO - ------- Hardware Configuration -------
2026-03-27 19:13:08,201 - INFO - CPU affinity set to cores: [0, 1, 2, 3]
2026-03-27 19:13:08,203 - INFO - 
2026-03-27 19:13:08,205 - INFO - ------- Data Preprocessing for EQCCTPro -------
2026-03-27 19:13:08,208 - INFO - 1 station(s) in /home/blackwinter/projects/eqcct/eqcctpro/data/waveforms_earthquakes_nonoise/20250621T164156Z_20250621T164256Z
2026-03-27 19:13:08,210 - INFO - Using 1 selected station(s): ['OLKF'].
2026-03-27 19:13:08,214 - INFO - Creating model actor(s)...
2026-03-27 19:13:08,216 - INFO - System RAM: Total=7870 MB, Available=5996 MB
2026-03-27 19:13:08,219 - INFO - Usable RAM budget: 7083 MB (90% of total)
2026-03-27 19:13:08,221 - INFO - ===== MEMORY-AWARE CPU ACTOR POOL =====
2026-03-27 19:13:08,223 - INFO - Requested concurrent tasks: 1
2026-03-27 19:13:08,225 - INFO - Available CPUs: 4
2026-03-27 19:13:08,227 - INFO - Available RAM: 7083 MB
2026-03-27 19:13:08,230 - INFO - RAM per model: 2060 MB
2026-03-27 19:13:08,233 - INFO - Max actors by RAM: 3
2026-03-27 19:13:08,234 - INFO - Creating 1 SeisBenchModelActor(s)
2026-03-27 19:13:08,237 - INFO - Let Ray handle scheduling (taskset already restricts CPU visibility)
2026-03-27 19:13:08,239 - INFO - Creating SeisBenchModelActor 1/1 (2.01GB RAM each)...
2026-03-27 19:13:11,564 - INFO - SeisBenchModelActor 1 created successfully.
2026-03-27 19:13:11,566 - INFO - Created 1 CPU actor(s). Task queue will handle concurrency.
2026-03-27 19:13:11,569 - INFO - Starting EQCCTPro parallelized waveform processing...
2026-03-27 19:13:11,572 - INFO - 
2026-03-27 19:13:11,574 - INFO - ------- Analyzing Seismic Waveforms for P and S Picks via SeisBench (EQTransformer - original_nonconservative) -------
2026-03-27 19:13:11,578 - INFO - Analyzing 0:01:00 minute timechunk from 2025-06-21 16:41:56 to 2025-06-21 16:42:56 (0 min overlap)
2026-03-27 19:13:11,580 - INFO - Processing a total of 1 stations, 1 at a time.
2026-03-27 19:13:13,761 - INFO - (1/1) OLKF: Finished the prediction in 0.12s. (HP=1.0, LP=45.0, picks=0)
2026-03-27 19:13:13,763 - INFO - 
2026-03-27 19:13:13,765 - INFO - ------- Parallel Station Waveform Processing Complete For 2025-06-21 16:41:56 to 2025-06-21 16:42:56 Timechunk-------
2026-03-27 19:13:13,768 - INFO - Picks saved at /home/blackwinter/projects/eqcct/eqcctpro/results/csv/eqt_earthquakes_th0_1/20250621T164156Z_20250621T164256ZProcess Runtime: 2.19 s
2026-03-27 19:13:13,776 - INFO - Successfully ran EQCCTPro, exiting...
2026-03-27 19:13:15,416 - INFO - Ray Successfully Shutdown.
2026-03-27 19:13:15,416 - INFO - ------- Successfully Picked All Waveform(s) from all Timechunk(s) -------
2026-03-28 01:40:15,776 - INFO - 
2026-03-28 01:40:15,776 - INFO - ------- Welcome to EQCCTPro -------
2026-03-28 01:40:15,776 - INFO - 
2026-03-28 01:40:15,777 - INFO - Running EQCCT over Requested MSeed Files using CPU(s)...
2026-03-28 01:40:15,777 - INFO - GPU disabled (CPU-only).
2026-03-28 01:40:15,777 - INFO - Skipping framework-specific initialization in the driver process.
2026-03-28 01:40:18,181 - INFO - Ray Successfully Initialized with 4 CPU(s) ([0, 1, 2, 3] CPU Affinity Binding).
2026-03-28 01:40:18,181 - INFO - Analyzing 1 time chunk(s) from 2025-06-21 16:41:56 to 2025-06-21 16:42:56 (dt=1min, overlap=0min).
2026-03-28 01:40:18,181 - INFO - Using 1 selected station(s).
2026-03-28 01:40:18,181 - INFO - 
2026-03-28 01:40:18,182 - INFO - ------- Starting EQCCTPro... -------
2026-03-28 01:40:18,182 - INFO - Detailed subprocess information can be found in the log file.
2026-03-28 01:40:18,182 - INFO - 
2026-03-28 01:40:18,473 - INFO - GPU disabled (CPU-only).
2026-03-28 01:40:18,478 - INFO - Skipping framework-specific initialization in the driver process.
2026-03-28 01:40:18,480 - INFO - ------- Hardware Configuration -------
2026-03-28 01:40:18,483 - INFO - CPU affinity set to cores: [0, 1, 2, 3]
2026-03-28 01:40:18,486 - INFO - 
2026-03-28 01:40:18,488 - INFO - ------- Data Preprocessing for EQCCTPro -------
2026-03-28 01:40:18,491 - INFO - 1 station(s) in /home/blackwinter/projects/eqcct/eqcctpro/data/waveforms_earthquakes_nonoise/20250621T164156Z_20250621T164256Z
2026-03-28 01:40:18,493 - INFO - Using 1 selected station(s): ['OLKF'].
2026-03-28 01:40:18,495 - INFO - Creating model actor(s)...
2026-03-28 01:40:18,497 - INFO - System RAM: Total=7870 MB, Available=5864 MB
2026-03-28 01:40:18,499 - INFO - Usable RAM budget: 7083 MB (90% of total)
2026-03-28 01:40:18,501 - INFO - ===== MEMORY-AWARE CPU ACTOR POOL =====
2026-03-28 01:40:18,503 - INFO - Requested concurrent tasks: 1
2026-03-28 01:40:18,505 - INFO - Available CPUs: 4
2026-03-28 01:40:18,508 - INFO - Available RAM: 7083 MB
2026-03-28 01:40:18,511 - INFO - RAM per model: 2060 MB
2026-03-28 01:40:18,513 - INFO - Max actors by RAM: 3
2026-03-28 01:40:18,515 - INFO - Creating 1 SeisBenchModelActor(s)
2026-03-28 01:40:18,518 - INFO - Let Ray handle scheduling (taskset already restricts CPU visibility)
2026-03-28 01:40:18,520 - INFO - Creating SeisBenchModelActor 1/1 (2.01GB RAM each)...
2026-03-28 01:40:21,702 - INFO - SeisBenchModelActor 1 created successfully.
2026-03-28 01:40:21,704 - INFO - Created 1 CPU actor(s). Task queue will handle concurrency.
2026-03-28 01:40:21,706 - INFO - Starting EQCCTPro parallelized waveform processing...
2026-03-28 01:40:21,709 - INFO - 
2026-03-28 01:40:21,711 - INFO - ------- Analyzing Seismic Waveforms for P and S Picks via SeisBench (EQTransformer - original_nonconservative) -------
2026-03-28 01:40:21,714 - INFO - Analyzing 0:01:00 minute timechunk from 2025-06-21 16:41:56 to 2025-06-21 16:42:56 (0 min overlap)
2026-03-28 01:40:21,716 - INFO - Processing a total of 1 stations, 1 at a time.
2026-03-28 01:40:23,762 - INFO - (1/1) OLKF: Skipped (already exists - overwrite=False).
2026-03-28 01:40:23,764 - INFO - 
2026-03-28 01:40:23,766 - INFO - ------- Parallel Station Waveform Processing Complete For 2025-06-21 16:41:56 to 2025-06-21 16:42:56 Timechunk-------
2026-03-28 01:40:23,767 - INFO - Picks saved at /home/blackwinter/projects/eqcct/eqcctpro/results/csv/eqt_earthquakes_th0_1/20250621T164156Z_20250621T164256ZProcess Runtime: 2.06 s
2026-03-28 01:40:23,771 - INFO - Successfully ran EQCCTPro, exiting...
2026-03-28 01:40:25,370 - INFO - Ray Successfully Shutdown.
2026-03-28 01:40:25,370 - INFO - ------- Successfully Picked All Waveform(s) from all Timechunk(s) -------
