2026-03-10 23:10:35,869 - INFO - 
2026-03-10 23:10:35,869 - INFO - ------- Welcome to EQCCTPro -------
2026-03-10 23:10:35,869 - INFO - 
2026-03-10 23:10:35,870 - INFO - Running EQCCT over Requested MSeed Files using CPU(s)...
2026-03-10 23:10:35,870 - INFO - GPU disabled (CPU-only).
2026-03-10 23:10:35,870 - INFO - Configured Intra-op threads = 1
2026-03-10 23:10:35,870 - INFO - Configured Inter-op threads = 1
2026-03-10 23:10:35,870 - INFO - TensorFlow: No GPUs visible; TF will proceed on CPU.
2026-03-10 23:10:35,871 - INFO - 
2026-03-10 23:10:41,315 - INFO - Ray Successfully Initialized with 4 CPU(s) ([0, 1, 2, 3] CPU Affinity Binding).
2026-03-10 23:10:41,315 - INFO - Analyzing 1 time chunk(s) from 2025-01-08 21:04:36 to 2025-01-08 21:05:36 (dt=1min, overlap=0min).
2026-03-10 23:10:41,315 - INFO - Using 1 selected station(s).
2026-03-10 23:10:41,316 - INFO - 
2026-03-10 23:10:41,316 - INFO - ------- Starting EQCCTPro... -------
2026-03-10 23:10:41,316 - INFO - Detailed subprocess information can be found in the log file.
2026-03-10 23:10:41,316 - INFO - 
2026-03-10 23:10:41,680 - INFO - GPU disabled (CPU-only).
2026-03-10 23:10:43,147 - INFO - Configured Intra-op threads = 1
2026-03-10 23:10:43,150 - INFO - Configured Inter-op threads = 1
2026-03-10 23:10:43,191 - INFO - TensorFlow: No GPUs visible; TF will proceed on CPU.
2026-03-10 23:10:43,193 - INFO - 
2026-03-10 23:10:43,195 - INFO - ------- Hardware Configuration -------
2026-03-10 23:10:43,198 - INFO - CPU affinity set to cores: [0, 1, 2, 3]
2026-03-10 23:10:43,200 - INFO - 
2026-03-10 23:10:43,202 - INFO - ------- Data Preprocessing for EQCCTPro -------
2026-03-10 23:10:43,204 - INFO - 1 station(s) in /home/blackwinter/projects/eqcct/eqcctpro/data/waveforms_noise_only/20250108T210436Z_20250108T210536Z
2026-03-10 23:10:43,206 - INFO - Using 1 selected station(s): ['KIF'].
2026-03-10 23:10:43,208 - INFO - Creating model actor(s)...
2026-03-10 23:10:43,209 - INFO - System RAM: Total=7870 MB, Available=2657 MB
2026-03-10 23:10:43,211 - INFO - Usable RAM budget: 7083 MB (90% of total)
2026-03-10 23:10:43,213 - INFO - ===== MEMORY-AWARE CPU ACTOR POOL (EQCCT) =====
2026-03-10 23:10:43,215 - INFO - Requested concurrent tasks: 1
2026-03-10 23:10:43,216 - INFO - Available CPUs: 4
2026-03-10 23:10:43,219 - INFO - Available RAM: 7083 MB
2026-03-10 23:10:43,221 - INFO - RAM per model: 2264 MB
2026-03-10 23:10:43,223 - INFO - Max actors by RAM: 3
2026-03-10 23:10:43,225 - INFO - Creating 1 ModelActor(s)
2026-03-10 23:10:43,228 - INFO - Let Ray handle scheduling (taskset already restricts CPU visibility)
2026-03-10 23:10:43,230 - INFO - Creating ModelActor 1/1 (2.21GB RAM each)...
2026-03-10 23:10:47,194 - INFO - ModelActor 1 created successfully.
2026-03-10 23:10:47,197 - INFO - Created 1 CPU actor(s). Task queue will handle concurrency.
2026-03-10 23:10:47,200 - INFO - Starting EQCCTPro parallelized waveform processing...
2026-03-10 23:10:47,202 - INFO - 
2026-03-10 23:10:47,204 - INFO - ------- Analyzing Seismic Waveforms for P and S Picks via EQCCT -------
2026-03-10 23:10:47,207 - INFO - Analyzing 0:01:00 minute timechunk from 2025-01-08 21:04:36 to 2025-01-08 21:05:36 (0 min overlap)
2026-03-10 23:10:47,209 - INFO - Processing a total of 1 stations, 1 at a time.
2026-03-10 23:10:51,403 - INFO - (1/1) KIF: Finished the prediction in 2.19s. (HP=1.0, LP=45.0)
2026-03-10 23:10:51,405 - INFO - 
2026-03-10 23:10:51,407 - INFO - ------- Parallel Station Waveform Processing Complete For 2025-01-08 21:04:36 to 2025-01-08 21:05:36 Timechunk-------
2026-03-10 23:10:51,412 - INFO - Successfully ran EQCCTPro, exiting...
2026-03-10 23:10:51,408 - INFO - Picks saved at /home/blackwinter/projects/eqcct/eqcctpro/results/csv/bm_noise_only/20250108T210436Z_20250108T210536ZProcess Runtime: 4.20 s
2026-03-10 23:10:52,897 - INFO - Ray Successfully Shutdown.
2026-03-10 23:10:52,898 - INFO - ------- Successfully Picked All Waveform(s) from all Timechunk(s) -------
2026-03-11 13:55:12,226 - INFO - 
2026-03-11 13:55:12,226 - INFO - ------- Welcome to EQCCTPro -------
2026-03-11 13:55:12,227 - INFO - 
2026-03-11 13:55:12,227 - INFO - Running EQCCT over Requested MSeed Files using CPU(s)...
2026-03-11 13:55:12,227 - INFO - GPU disabled (CPU-only).
2026-03-11 13:55:12,228 - INFO - Configured Intra-op threads = 1
2026-03-11 13:55:12,228 - INFO - Configured Inter-op threads = 1
2026-03-11 13:55:12,228 - INFO - TensorFlow: No GPUs visible; TF will proceed on CPU.
2026-03-11 13:55:12,228 - INFO - 
2026-03-11 13:55:17,992 - INFO - Ray Successfully Initialized with 4 CPU(s) ([0, 1, 2, 3] CPU Affinity Binding).
2026-03-11 13:55:17,992 - INFO - Analyzing 1 time chunk(s) from 2025-01-08 21:04:36 to 2025-01-08 21:05:36 (dt=1min, overlap=0min).
2026-03-11 13:55:17,992 - INFO - Using 1 selected station(s).
2026-03-11 13:55:17,992 - INFO - 
2026-03-11 13:55:17,993 - INFO - ------- Starting EQCCTPro... -------
2026-03-11 13:55:17,993 - INFO - Detailed subprocess information can be found in the log file.
2026-03-11 13:55:17,993 - INFO - 
2026-03-11 13:55:18,346 - INFO - GPU disabled (CPU-only).
2026-03-11 13:55:19,828 - INFO - Configured Intra-op threads = 1
2026-03-11 13:55:19,831 - INFO - Configured Inter-op threads = 1
2026-03-11 13:55:19,867 - INFO - TensorFlow: No GPUs visible; TF will proceed on CPU.
2026-03-11 13:55:19,870 - INFO - 
2026-03-11 13:55:19,872 - INFO - ------- Hardware Configuration -------
2026-03-11 13:55:19,874 - INFO - CPU affinity set to cores: [0, 1, 2, 3]
2026-03-11 13:55:19,875 - INFO - 
2026-03-11 13:55:19,877 - INFO - ------- Data Preprocessing for EQCCTPro -------
2026-03-11 13:55:19,879 - INFO - 1 station(s) in /home/blackwinter/projects/eqcct/eqcctpro/data/waveforms_noise_only/20250108T210436Z_20250108T210536Z
2026-03-11 13:55:19,881 - INFO - Using 1 selected station(s): ['KIF'].
2026-03-11 13:55:19,883 - INFO - Creating model actor(s)...
2026-03-11 13:55:19,885 - INFO - System RAM: Total=7870 MB, Available=3525 MB
2026-03-11 13:55:19,886 - INFO - Usable RAM budget: 7083 MB (90% of total)
2026-03-11 13:55:19,888 - INFO - ===== MEMORY-AWARE CPU ACTOR POOL (EQCCT) =====
2026-03-11 13:55:19,890 - INFO - Requested concurrent tasks: 1
2026-03-11 13:55:19,892 - INFO - Available CPUs: 4
2026-03-11 13:55:19,893 - INFO - Available RAM: 7083 MB
2026-03-11 13:55:19,895 - INFO - RAM per model: 2264 MB
2026-03-11 13:55:19,897 - INFO - Max actors by RAM: 3
2026-03-11 13:55:19,899 - INFO - Creating 1 ModelActor(s)
2026-03-11 13:55:19,901 - INFO - Let Ray handle scheduling (taskset already restricts CPU visibility)
2026-03-11 13:55:19,903 - INFO - Creating ModelActor 1/1 (2.21GB RAM each)...
2026-03-11 13:55:23,720 - INFO - ModelActor 1 created successfully.
2026-03-11 13:55:23,722 - INFO - Created 1 CPU actor(s). Task queue will handle concurrency.
2026-03-11 13:55:23,724 - INFO - Starting EQCCTPro parallelized waveform processing...
2026-03-11 13:55:23,726 - INFO - 
2026-03-11 13:55:23,728 - INFO - ------- Analyzing Seismic Waveforms for P and S Picks via EQCCT -------
2026-03-11 13:55:23,730 - INFO - Analyzing 0:01:00 minute timechunk from 2025-01-08 21:04:36 to 2025-01-08 21:05:36 (0 min overlap)
2026-03-11 13:55:23,732 - INFO - Processing a total of 1 stations, 1 at a time.
2026-03-11 13:55:25,717 - INFO - (1/1) KIF: Skipped (already exists - overwrite=False).
2026-03-11 13:55:25,722 - INFO - 
2026-03-11 13:55:25,725 - INFO - ------- Parallel Station Waveform Processing Complete For 2025-01-08 21:04:36 to 2025-01-08 21:05:36 Timechunk-------
2026-03-11 13:55:25,727 - INFO - Picks saved at /home/blackwinter/projects/eqcct/eqcctpro/results/csv/bm_noise_only/20250108T210436Z_20250108T210536ZProcess Runtime: 2.00 s
2026-03-11 13:55:25,731 - INFO - Successfully ran EQCCTPro, exiting...
2026-03-11 13:55:27,226 - INFO - Ray Successfully Shutdown.
2026-03-11 13:55:27,226 - INFO - ------- Successfully Picked All Waveform(s) from all Timechunk(s) -------
