2026-03-28 21:18:17,517 - INFO - 
2026-03-28 21:18:17,517 - INFO - ------- Welcome to EQCCTPro -------
2026-03-28 21:18:17,517 - INFO - 
2026-03-28 21:18:17,518 - INFO - Running EQCCT over Requested MSeed Files using CPU(s)...
2026-03-28 21:18:17,518 - INFO - GPU disabled (CPU-only).
2026-03-28 21:18:17,519 - INFO - Skipping framework-specific initialization in the driver process.
2026-03-28 21:18:20,160 - INFO - Ray Successfully Initialized with 4 CPU(s) ([0, 1, 2, 3] CPU Affinity Binding).
2026-03-28 21:18:20,160 - INFO - Analyzing 1 time chunk(s) from 2025-01-25 10:26:03 to 2025-01-25 10:27:03 (dt=1min, overlap=0min).
2026-03-28 21:18:20,160 - INFO - Using 1 selected station(s).
2026-03-28 21:18:20,160 - INFO - 
2026-03-28 21:18:20,161 - INFO - ------- Starting EQCCTPro... -------
2026-03-28 21:18:20,161 - INFO - Detailed subprocess information can be found in the log file.
2026-03-28 21:18:20,161 - INFO - 
2026-03-28 21:18:20,514 - INFO - GPU disabled (CPU-only).
2026-03-28 21:18:20,519 - INFO - Skipping framework-specific initialization in the driver process.
2026-03-28 21:18:20,522 - INFO - ------- Hardware Configuration -------
2026-03-28 21:18:20,525 - INFO - CPU affinity set to cores: [0, 1, 2, 3]
2026-03-28 21:18:20,528 - INFO - 
2026-03-28 21:18:20,531 - INFO - ------- Data Preprocessing for EQCCTPro -------
2026-03-28 21:18:20,533 - INFO - 1 station(s) in /home/blackwinter/projects/eqcct/eqcctpro/data/waveforms_explosions_nonoise/20250125T102603Z_20250125T102703Z
2026-03-28 21:18:20,536 - INFO - Using 1 selected station(s): ['KEV'].
2026-03-28 21:18:20,538 - INFO - Creating model actor(s)...
2026-03-28 21:18:20,541 - INFO - System RAM: Total=7870 MB, Available=4092 MB
2026-03-28 21:18:20,543 - INFO - Usable RAM budget: 7083 MB (90% of total)
2026-03-28 21:18:20,546 - INFO - ===== MEMORY-AWARE CPU ACTOR POOL =====
2026-03-28 21:18:20,548 - INFO - Requested concurrent tasks: 1
2026-03-28 21:18:20,551 - INFO - Available CPUs: 4
2026-03-28 21:18:20,553 - INFO - Available RAM: 7083 MB
2026-03-28 21:18:20,555 - INFO - RAM per model: 2060 MB
2026-03-28 21:18:20,558 - INFO - Max actors by RAM: 3
2026-03-28 21:18:20,560 - INFO - Creating 1 SeisBenchModelActor(s)
2026-03-28 21:18:20,562 - INFO - Let Ray handle scheduling (taskset already restricts CPU visibility)
2026-03-28 21:18:20,565 - INFO - Creating SeisBenchModelActor 1/1 (2.01GB RAM each)...
2026-03-28 21:18:23,598 - INFO - SeisBenchModelActor 1 created successfully.
2026-03-28 21:18:23,601 - INFO - Created 1 CPU actor(s). Task queue will handle concurrency.
2026-03-28 21:18:23,604 - INFO - Starting EQCCTPro parallelized waveform processing...
2026-03-28 21:18:23,608 - INFO - 
2026-03-28 21:18:23,610 - INFO - ------- Analyzing Seismic Waveforms for P and S Picks via SeisBench (EQTransformer - original_nonconservative) -------
2026-03-28 21:18:23,614 - INFO - Analyzing 0:01:00 minute timechunk from 2025-01-25 10:26:03 to 2025-01-25 10:27:03 (0 min overlap)
2026-03-28 21:18:23,616 - INFO - Processing a total of 1 stations, 1 at a time.
2026-03-28 21:18:26,012 - INFO - (1/1) KEV: Finished the prediction in 0.14s. (HP=1.0, LP=45.0, picks=2)
2026-03-28 21:18:26,014 - INFO - 
2026-03-28 21:18:26,017 - INFO - ------- Parallel Station Waveform Processing Complete For 2025-01-25 10:26:03 to 2025-01-25 10:27:03 Timechunk-------
2026-03-28 21:18:26,020 - INFO - Picks saved at /home/blackwinter/projects/eqcct/eqcctpro/results/csv/eqt_explosions_th0_1/20250125T102603Z_20250125T102703ZProcess Runtime: 2.41 s
2026-03-28 21:18:26,026 - INFO - Successfully ran EQCCTPro, exiting...
2026-03-28 21:18:27,949 - INFO - Ray Successfully Shutdown.
2026-03-28 21:18:27,950 - INFO - ------- Successfully Picked All Waveform(s) from all Timechunk(s) -------
