2026-02-26 22:21:13,840 - INFO - 
2026-02-26 22:21:13,840 - INFO - ------- Welcome to EQCCTPro -------
2026-02-26 22:21:13,840 - INFO - 
2026-02-26 22:21:13,841 - INFO - Running EQCCT over Requested MSeed Files using CPU(s)...
2026-02-26 22:21:13,841 - INFO - GPU disabled (CPU-only).
2026-02-26 22:21:13,842 - INFO - Configured Intra-op threads = 1
2026-02-26 22:21:13,842 - INFO - Configured Inter-op threads = 1
2026-02-26 22:21:13,842 - INFO - TensorFlow: No GPUs visible; TF will proceed on CPU.
2026-02-26 22:21:13,842 - INFO - 
2026-02-26 22:21:18,582 - INFO - Ray Successfully Initialized with 4 CPU(s) ([0, 1, 2, 3] CPU Affinity Binding).
2026-02-26 22:21:18,582 - INFO - Analyzing 1 time chunk(s) from 2025-01-05 00:33:22 to 2025-01-05 00:34:22 (dt=1min, overlap=0min).
2026-02-26 22:21:18,582 - INFO - Using 3 selected station(s).
2026-02-26 22:21:18,582 - INFO - 
2026-02-26 22:21:18,582 - INFO - ------- Starting EQCCTPro... -------
2026-02-26 22:21:18,583 - INFO - Detailed subprocess information can be found in the log file.
2026-02-26 22:21:18,583 - INFO - 
2026-02-26 22:21:18,993 - INFO - GPU disabled (CPU-only).
2026-02-26 22:21:20,594 - INFO - Configured Intra-op threads = 1
2026-02-26 22:21:20,596 - INFO - Configured Inter-op threads = 1
2026-02-26 22:21:20,639 - INFO - TensorFlow: No GPUs visible; TF will proceed on CPU.
2026-02-26 22:21:20,641 - INFO - 
2026-02-26 22:21:20,643 - INFO - ------- Hardware Configuration -------
2026-02-26 22:21:20,645 - INFO - CPU affinity set to cores: [0, 1, 2, 3]
2026-02-26 22:21:20,647 - INFO - 
2026-02-26 22:21:20,649 - INFO - ------- Data Preprocessing for EQCCTPro -------
2026-02-26 22:21:20,651 - INFO - 3 station(s) in /home/blackwinter/projects/eqcct/eqcctpro/data/waveforms_explosions_nonoise/20250105T003322Z_20250105T003422Z
2026-02-26 22:21:20,652 - INFO - Using 3 selected station(s): ['KU6', 'OLKF', 'RAJF'].
2026-02-26 22:21:20,654 - INFO - Creating model actor(s)...
2026-02-26 22:21:20,656 - INFO - System RAM: Total=7870 MB, Available=4025 MB
2026-02-26 22:21:20,658 - INFO - Usable RAM budget: 7083 MB (90% of total)
2026-02-26 22:21:20,660 - INFO - ===== MEMORY-AWARE CPU ACTOR POOL (EQCCT) =====
2026-02-26 22:21:20,661 - INFO - Requested concurrent tasks: 1
2026-02-26 22:21:20,663 - INFO - Available CPUs: 4
2026-02-26 22:21:20,665 - INFO - Available RAM: 7083 MB
2026-02-26 22:21:20,668 - INFO - RAM per model: 2264 MB
2026-02-26 22:21:20,670 - INFO - Max actors by RAM: 3
2026-02-26 22:21:20,672 - INFO - Creating 1 ModelActor(s)
2026-02-26 22:21:20,675 - INFO - Let Ray handle scheduling (taskset already restricts CPU visibility)
2026-02-26 22:21:20,677 - INFO - Creating ModelActor 1/1 (2.21GB RAM each)...
2026-02-26 22:21:24,589 - INFO - ModelActor 1 created successfully.
2026-02-26 22:21:24,591 - INFO - Created 1 CPU actor(s). Task queue will handle concurrency.
2026-02-26 22:21:24,593 - INFO - Starting EQCCTPro parallelized waveform processing...
2026-02-26 22:21:24,595 - INFO - 
2026-02-26 22:21:24,597 - INFO - ------- Analyzing Seismic Waveforms for P and S Picks via EQCCT -------
2026-02-26 22:21:24,599 - INFO - Analyzing 0:01:00 minute timechunk from 2025-01-05 00:33:22 to 2025-01-05 00:34:22 (0 min overlap)
2026-02-26 22:21:24,601 - INFO - Processing a total of 3 stations, 1 at a time.
2026-02-26 22:21:28,611 - INFO - (1/3) KU6: Finished the prediction in 2.14s. (HP=1.0, LP=45.0)
2026-02-26 22:21:28,727 - INFO - (2/3) OLKF: Finished the prediction in 0.11s. (HP=1.0, LP=45.0)
2026-02-26 22:21:28,832 - INFO - (3/3) RAJF: Finished the prediction in 0.1s. (HP=1.0, LP=45.0)
2026-02-26 22:21:28,834 - INFO - 
2026-02-26 22:21:28,836 - INFO - ------- Parallel Station Waveform Processing Complete For 2025-01-05 00:33:22 to 2025-01-05 00:34:22 Timechunk-------
2026-02-26 22:21:28,839 - INFO - Picks saved at /home/blackwinter/projects/eqcct/eqcctpro/results/csv/bm_explosions/20250105T003322Z_20250105T003422ZProcess Runtime: 4.24 s
2026-02-26 22:21:28,843 - INFO - Successfully ran EQCCTPro, exiting...
2026-02-26 22:21:30,271 - INFO - Ray Successfully Shutdown.
2026-02-26 22:21:30,271 - INFO - ------- Successfully Picked All Waveform(s) from all Timechunk(s) -------
2026-02-27 05:52:39,743 - INFO - 
2026-02-27 05:52:39,749 - INFO - ------- Welcome to EQCCTPro -------
2026-02-27 05:52:39,750 - INFO - 
2026-02-27 05:52:39,750 - INFO - Running EQCCT over Requested MSeed Files using CPU(s)...
2026-02-27 05:52:39,751 - INFO - GPU disabled (CPU-only).
2026-02-27 05:52:39,751 - INFO - Configured Intra-op threads = 1
2026-02-27 05:52:39,751 - INFO - Configured Inter-op threads = 1
2026-02-27 05:52:39,751 - INFO - TensorFlow: No GPUs visible; TF will proceed on CPU.
2026-02-27 05:52:39,751 - INFO - 
2026-02-27 05:52:45,090 - INFO - Ray Successfully Initialized with 4 CPU(s) ([0, 1, 2, 3] CPU Affinity Binding).
2026-02-27 05:52:45,090 - INFO - Analyzing 1 time chunk(s) from 2025-01-05 00:33:22 to 2025-01-05 00:34:22 (dt=1min, overlap=0min).
2026-02-27 05:52:45,090 - INFO - Using 3 selected station(s).
2026-02-27 05:52:45,091 - INFO - 
2026-02-27 05:52:45,091 - INFO - ------- Starting EQCCTPro... -------
2026-02-27 05:52:45,091 - INFO - Detailed subprocess information can be found in the log file.
2026-02-27 05:52:45,091 - INFO - 
2026-02-27 05:52:45,463 - INFO - GPU disabled (CPU-only).
2026-02-27 05:52:46,930 - INFO - Configured Intra-op threads = 1
2026-02-27 05:52:46,932 - INFO - Configured Inter-op threads = 1
2026-02-27 05:52:46,974 - INFO - TensorFlow: No GPUs visible; TF will proceed on CPU.
2026-02-27 05:52:46,976 - INFO - 
2026-02-27 05:52:46,978 - INFO - ------- Hardware Configuration -------
2026-02-27 05:52:46,981 - INFO - CPU affinity set to cores: [0, 1, 2, 3]
2026-02-27 05:52:46,982 - INFO - 
2026-02-27 05:52:46,985 - INFO - ------- Data Preprocessing for EQCCTPro -------
2026-02-27 05:52:46,987 - INFO - 3 station(s) in /home/blackwinter/projects/eqcct/eqcctpro/data/waveforms_explosions_nonoise/20250105T003322Z_20250105T003422Z
2026-02-27 05:52:46,989 - INFO - Using 3 selected station(s): ['KU6', 'OLKF', 'RAJF'].
2026-02-27 05:52:46,990 - INFO - Creating model actor(s)...
2026-02-27 05:52:46,992 - INFO - System RAM: Total=7870 MB, Available=4046 MB
2026-02-27 05:52:46,994 - INFO - Usable RAM budget: 7083 MB (90% of total)
2026-02-27 05:52:46,996 - INFO - ===== MEMORY-AWARE CPU ACTOR POOL (EQCCT) =====
2026-02-27 05:52:46,997 - INFO - Requested concurrent tasks: 1
2026-02-27 05:52:46,999 - INFO - Available CPUs: 4
2026-02-27 05:52:47,000 - INFO - Available RAM: 7083 MB
2026-02-27 05:52:47,003 - INFO - RAM per model: 2264 MB
2026-02-27 05:52:47,005 - INFO - Max actors by RAM: 3
2026-02-27 05:52:47,007 - INFO - Creating 1 ModelActor(s)
2026-02-27 05:52:47,009 - INFO - Let Ray handle scheduling (taskset already restricts CPU visibility)
2026-02-27 05:52:47,010 - INFO - Creating ModelActor 1/1 (2.21GB RAM each)...
2026-02-27 05:52:50,864 - INFO - ModelActor 1 created successfully.
2026-02-27 05:52:50,866 - INFO - Created 1 CPU actor(s). Task queue will handle concurrency.
2026-02-27 05:52:50,868 - INFO - Starting EQCCTPro parallelized waveform processing...
2026-02-27 05:52:50,870 - INFO - 
2026-02-27 05:52:50,872 - INFO - ------- Analyzing Seismic Waveforms for P and S Picks via EQCCT -------
2026-02-27 05:52:50,875 - INFO - Analyzing 0:01:00 minute timechunk from 2025-01-05 00:33:22 to 2025-01-05 00:34:22 (0 min overlap)
2026-02-27 05:52:50,877 - INFO - Processing a total of 3 stations, 1 at a time.
2026-02-27 05:52:52,846 - INFO - (1/3) KU6: Skipped (already exists - overwrite=False).
2026-02-27 05:52:52,857 - INFO - (2/3) OLKF: Skipped (already exists - overwrite=False).
2026-02-27 05:52:52,862 - INFO - (3/3) RAJF: Skipped (already exists - overwrite=False).
2026-02-27 05:52:52,864 - INFO - 
2026-02-27 05:52:52,866 - INFO - ------- Parallel Station Waveform Processing Complete For 2025-01-05 00:33:22 to 2025-01-05 00:34:22 Timechunk-------
2026-02-27 05:52:52,868 - INFO - Picks saved at /home/blackwinter/projects/eqcct/eqcctpro/results/csv/bm_explosions/20250105T003322Z_20250105T003422ZProcess Runtime: 2.00 s
2026-02-27 05:52:52,883 - INFO - Successfully ran EQCCTPro, exiting...
2026-02-27 05:52:54,281 - INFO - Ray Successfully Shutdown.
2026-02-27 05:52:54,281 - INFO - ------- Successfully Picked All Waveform(s) from all Timechunk(s) -------
