2026-02-27 12:17:18,029 - INFO - 
2026-02-27 12:17:18,030 - INFO - ------- Welcome to EQCCTPro -------
2026-02-27 12:17:18,030 - INFO - 
2026-02-27 12:17:18,030 - INFO - Running EQCCT over Requested MSeed Files using CPU(s)...
2026-02-27 12:17:18,031 - INFO - GPU disabled (CPU-only).
2026-02-27 12:17:18,031 - INFO - Configured Intra-op threads = 1
2026-02-27 12:17:18,031 - INFO - Configured Inter-op threads = 1
2026-02-27 12:17:18,031 - INFO - TensorFlow: No GPUs visible; TF will proceed on CPU.
2026-02-27 12:17:18,031 - INFO - 
2026-02-27 12:17:23,332 - INFO - Ray Successfully Initialized with 4 CPU(s) ([0, 1, 2, 3] CPU Affinity Binding).
2026-02-27 12:17:23,332 - INFO - Analyzing 1 time chunk(s) from 2025-01-23 11:11:16 to 2025-01-23 11:12:16 (dt=1min, overlap=0min).
2026-02-27 12:17:23,332 - INFO - Using 1 selected station(s).
2026-02-27 12:17:23,332 - INFO - 
2026-02-27 12:17:23,333 - INFO - ------- Starting EQCCTPro... -------
2026-02-27 12:17:23,333 - INFO - Detailed subprocess information can be found in the log file.
2026-02-27 12:17:23,333 - INFO - 
2026-02-27 12:17:23,715 - INFO - GPU disabled (CPU-only).
2026-02-27 12:17:25,147 - INFO - Configured Intra-op threads = 1
2026-02-27 12:17:25,150 - INFO - Configured Inter-op threads = 1
2026-02-27 12:17:25,190 - INFO - TensorFlow: No GPUs visible; TF will proceed on CPU.
2026-02-27 12:17:25,192 - INFO - 
2026-02-27 12:17:25,195 - INFO - ------- Hardware Configuration -------
2026-02-27 12:17:25,197 - INFO - CPU affinity set to cores: [0, 1, 2, 3]
2026-02-27 12:17:25,199 - INFO - 
2026-02-27 12:17:25,201 - INFO - ------- Data Preprocessing for EQCCTPro -------
2026-02-27 12:17:25,203 - INFO - 1 station(s) in /home/blackwinter/projects/eqcct/eqcctpro/data/waveforms_explosions_nonoise/20250123T111116Z_20250123T111216Z
2026-02-27 12:17:25,205 - INFO - Using 1 selected station(s): ['OUF'].
2026-02-27 12:17:25,208 - INFO - Creating model actor(s)...
2026-02-27 12:17:25,211 - INFO - System RAM: Total=7870 MB, Available=2301 MB
2026-02-27 12:17:25,213 - INFO - Usable RAM budget: 7083 MB (90% of total)
2026-02-27 12:17:25,216 - INFO - ===== MEMORY-AWARE CPU ACTOR POOL (EQCCT) =====
2026-02-27 12:17:25,218 - INFO - Requested concurrent tasks: 1
2026-02-27 12:17:25,220 - INFO - Available CPUs: 4
2026-02-27 12:17:25,222 - INFO - Available RAM: 7083 MB
2026-02-27 12:17:25,224 - INFO - RAM per model: 2264 MB
2026-02-27 12:17:25,226 - INFO - Max actors by RAM: 3
2026-02-27 12:17:25,228 - INFO - Creating 1 ModelActor(s)
2026-02-27 12:17:25,230 - INFO - Let Ray handle scheduling (taskset already restricts CPU visibility)
2026-02-27 12:17:25,231 - INFO - Creating ModelActor 1/1 (2.21GB RAM each)...
2026-02-27 12:17:29,148 - INFO - ModelActor 1 created successfully.
2026-02-27 12:17:29,150 - INFO - Created 1 CPU actor(s). Task queue will handle concurrency.
2026-02-27 12:17:29,153 - INFO - Starting EQCCTPro parallelized waveform processing...
2026-02-27 12:17:29,155 - INFO - 
2026-02-27 12:17:29,157 - INFO - ------- Analyzing Seismic Waveforms for P and S Picks via EQCCT -------
2026-02-27 12:17:29,159 - INFO - Analyzing 0:01:00 minute timechunk from 2025-01-23 11:11:16 to 2025-01-23 11:12:16 (0 min overlap)
2026-02-27 12:17:29,161 - INFO - Processing a total of 1 stations, 1 at a time.
2026-02-27 12:17:33,184 - INFO - (1/1) OUF: Finished the prediction in 2.1s. (HP=1.0, LP=45.0)
2026-02-27 12:17:33,187 - INFO - 
2026-02-27 12:17:33,189 - INFO - ------- Parallel Station Waveform Processing Complete For 2025-01-23 11:11:16 to 2025-01-23 11:12:16 Timechunk-------
2026-02-27 12:17:33,191 - INFO - Picks saved at /home/blackwinter/projects/eqcct/eqcctpro/results/csv/bm_explosions/20250123T111116Z_20250123T111216ZProcess Runtime: 4.03 s
2026-02-27 12:17:33,195 - INFO - Successfully ran EQCCTPro, exiting...
2026-02-27 12:17:34,876 - INFO - Ray Successfully Shutdown.
2026-02-27 12:17:34,877 - INFO - ------- Successfully Picked All Waveform(s) from all Timechunk(s) -------
