2026-02-22 13:10:59,970 - INFO - 
2026-02-22 13:10:59,970 - INFO - ------- Welcome to EQCCTPro -------
2026-02-22 13:10:59,970 - INFO - 
2026-02-22 13:10:59,971 - INFO - Running EQCCT over Requested MSeed Files using CPU(s)...
2026-02-22 13:10:59,971 - INFO - GPU disabled (CPU-only).
2026-02-22 13:10:59,971 - INFO - Configured Intra-op threads = 1
2026-02-22 13:10:59,971 - INFO - Configured Inter-op threads = 1
2026-02-22 13:10:59,972 - INFO - TensorFlow: No GPUs visible; TF will proceed on CPU.
2026-02-22 13:10:59,972 - INFO - 
2026-02-22 13:11:05,420 - INFO - Ray Successfully Initialized with 4 CPU(s) ([0, 1, 2, 3] CPU Affinity Binding).
2026-02-22 13:11:05,420 - INFO - Analyzing 1 time chunk(s) from 2025-02-15 08:57:24 to 2025-02-15 08:58:24 (dt=1min, overlap=0min).
2026-02-22 13:11:05,421 - INFO - Using 1 selected station(s).
2026-02-22 13:11:05,421 - INFO - 
2026-02-22 13:11:05,421 - INFO - ------- Starting EQCCTPro... -------
2026-02-22 13:11:05,421 - INFO - Detailed subprocess information can be found in the log file.
2026-02-22 13:11:05,421 - INFO - 
2026-02-22 13:11:05,802 - INFO - GPU disabled (CPU-only).
2026-02-22 13:11:07,342 - INFO - Configured Intra-op threads = 1
2026-02-22 13:11:07,344 - INFO - Configured Inter-op threads = 1
2026-02-22 13:11:07,385 - INFO - TensorFlow: No GPUs visible; TF will proceed on CPU.
2026-02-22 13:11:07,387 - INFO - 
2026-02-22 13:11:07,390 - INFO - ------- Hardware Configuration -------
2026-02-22 13:11:07,392 - INFO - CPU affinity set to cores: [0, 1, 2, 3]
2026-02-22 13:11:07,394 - INFO - 
2026-02-22 13:11:07,396 - INFO - ------- Data Preprocessing for EQCCTPro -------
2026-02-22 13:11:07,399 - INFO - 1 station(s) in /home/blackwinter/projects/eqcct/eqcctpro/data/waveforms_earthquakes_nonoise/20250215T085724Z_20250215T085824Z
2026-02-22 13:11:07,401 - INFO - Using 1 selected station(s): ['LOVF'].
2026-02-22 13:11:07,403 - INFO - Creating model actor(s)...
2026-02-22 13:11:07,405 - INFO - System RAM: Total=7870 MB, Available=3006 MB
2026-02-22 13:11:07,407 - INFO - Usable RAM budget: 7083 MB (90% of total)
2026-02-22 13:11:07,410 - INFO - ===== MEMORY-AWARE CPU ACTOR POOL (EQCCT) =====
2026-02-22 13:11:07,412 - INFO - Requested concurrent tasks: 1
2026-02-22 13:11:07,414 - INFO - Available CPUs: 4
2026-02-22 13:11:07,416 - INFO - Available RAM: 7083 MB
2026-02-22 13:11:07,418 - INFO - RAM per model: 2264 MB
2026-02-22 13:11:07,420 - INFO - Max actors by RAM: 3
2026-02-22 13:11:07,421 - INFO - Creating 1 ModelActor(s)
2026-02-22 13:11:07,423 - INFO - Let Ray handle scheduling (taskset already restricts CPU visibility)
2026-02-22 13:11:07,425 - INFO - Creating ModelActor 1/1 (2.21GB RAM each)...
2026-02-22 13:11:11,333 - INFO - ModelActor 1 created successfully.
2026-02-22 13:11:11,336 - INFO - Created 1 CPU actor(s). Task queue will handle concurrency.
2026-02-22 13:11:11,338 - INFO - Starting EQCCTPro parallelized waveform processing...
2026-02-22 13:11:11,340 - INFO - 
2026-02-22 13:11:11,342 - INFO - ------- Analyzing Seismic Waveforms for P and S Picks via EQCCT -------
2026-02-22 13:11:11,345 - INFO - Analyzing 0:01:00 minute timechunk from 2025-02-15 08:57:24 to 2025-02-15 08:58:24 (0 min overlap)
2026-02-22 13:11:11,347 - INFO - Processing a total of 1 stations, 1 at a time.
2026-02-22 13:11:13,282 - INFO - (1/1) LOVF: FAILED reading mSEED.
2026-02-22 13:11:13,284 - INFO - 
2026-02-22 13:11:13,286 - INFO - ------- Parallel Station Waveform Processing Complete For 2025-02-15 08:57:24 to 2025-02-15 08:58:24 Timechunk-------
2026-02-22 13:11:13,289 - INFO - Picks saved at /home/blackwinter/projects/eqcct/eqcctpro/results/csv/bm_eq_nonoise/20250215T085724Z_20250215T085824ZProcess Runtime: 1.95 s
2026-02-22 13:11:13,296 - INFO - Successfully ran EQCCTPro, exiting...
2026-02-22 13:11:14,700 - INFO - Ray Successfully Shutdown.
2026-02-22 13:11:14,700 - INFO - ------- Successfully Picked All Waveform(s) from all Timechunk(s) -------
