2026-03-29 16:56:12,854 - INFO - 
2026-03-29 16:56:12,854 - INFO - ------- Welcome to EQCCTPro -------
2026-03-29 16:56:12,854 - INFO - 
2026-03-29 16:56:12,854 - INFO - Running EQCCT over Requested MSeed Files using CPU(s)...
2026-03-29 16:56:12,855 - INFO - GPU disabled (CPU-only).
2026-03-29 16:56:12,855 - INFO - Configured Intra-op threads = 1
2026-03-29 16:56:12,855 - INFO - Configured Inter-op threads = 1
2026-03-29 16:56:12,855 - INFO - TensorFlow: No GPUs visible; TF will proceed on CPU.
2026-03-29 16:56:12,855 - INFO - 
2026-03-29 16:56:18,669 - INFO - Ray Successfully Initialized with 4 CPU(s) ([0, 1, 2, 3] CPU Affinity Binding).
2026-03-29 16:56:18,669 - INFO - Analyzing 1 time chunk(s) from 2025-01-10 22:52:24 to 2025-01-10 22:53:24 (dt=1min, overlap=0min).
2026-03-29 16:56:18,669 - INFO - Using 1 selected station(s).
2026-03-29 16:56:18,669 - INFO - 
2026-03-29 16:56:18,670 - INFO - ------- Starting EQCCTPro... -------
2026-03-29 16:56:18,670 - INFO - Detailed subprocess information can be found in the log file.
2026-03-29 16:56:18,670 - INFO - 
2026-03-29 16:56:19,078 - INFO - GPU disabled (CPU-only).
2026-03-29 16:56:20,614 - INFO - Configured Intra-op threads = 1
2026-03-29 16:56:20,617 - INFO - Configured Inter-op threads = 1
2026-03-29 16:56:20,663 - INFO - TensorFlow: No GPUs visible; TF will proceed on CPU.
2026-03-29 16:56:20,667 - INFO - 
2026-03-29 16:56:20,669 - INFO - ------- Hardware Configuration -------
2026-03-29 16:56:20,672 - INFO - CPU affinity set to cores: [0, 1, 2, 3]
2026-03-29 16:56:20,675 - INFO - 
2026-03-29 16:56:20,678 - INFO - ------- Data Preprocessing for EQCCTPro -------
2026-03-29 16:56:20,680 - INFO - 1 station(s) in /home/blackwinter/projects/eqcct/eqcctpro/data/waveforms_noise_only/20250110T225224Z_20250110T225324Z
2026-03-29 16:56:20,683 - INFO - Using 1 selected station(s): ['JOF'].
2026-03-29 16:56:20,685 - INFO - Creating model actor(s)...
2026-03-29 16:56:20,688 - INFO - System RAM: Total=7870 MB, Available=3940 MB
2026-03-29 16:56:20,690 - INFO - Usable RAM budget: 7083 MB (90% of total)
2026-03-29 16:56:20,692 - INFO - ===== MEMORY-AWARE CPU ACTOR POOL (EQCCT) =====
2026-03-29 16:56:20,693 - INFO - Requested concurrent tasks: 1
2026-03-29 16:56:20,695 - INFO - Available CPUs: 4
2026-03-29 16:56:20,698 - INFO - Available RAM: 7083 MB
2026-03-29 16:56:20,700 - INFO - RAM per model: 2264 MB
2026-03-29 16:56:20,702 - INFO - Max actors by RAM: 3
2026-03-29 16:56:20,705 - INFO - Creating 1 ModelActor(s)
2026-03-29 16:56:20,707 - INFO - Let Ray handle scheduling (taskset already restricts CPU visibility)
2026-03-29 16:56:20,710 - INFO - Creating ModelActor 1/1 (2.21GB RAM each)...
2026-03-29 16:56:25,111 - INFO - ModelActor 1 created successfully.
2026-03-29 16:56:25,113 - INFO - Created 1 CPU actor(s). Task queue will handle concurrency.
2026-03-29 16:56:25,116 - INFO - Starting EQCCTPro parallelized waveform processing...
2026-03-29 16:56:25,118 - INFO - 
2026-03-29 16:56:25,121 - INFO - ------- Analyzing Seismic Waveforms for P and S Picks via EQCCT -------
2026-03-29 16:56:25,124 - INFO - Analyzing 0:01:00 minute timechunk from 2025-01-10 22:52:24 to 2025-01-10 22:53:24 (0 min overlap)
2026-03-29 16:56:25,126 - INFO - Processing a total of 1 stations, 1 at a time.
2026-03-29 16:56:29,788 - INFO - (1/1) JOF: Finished the prediction in 2.53s. (HP=1.0, LP=45.0)
2026-03-29 16:56:29,791 - INFO - 
2026-03-29 16:56:29,794 - INFO - ------- Parallel Station Waveform Processing Complete For 2025-01-10 22:52:24 to 2025-01-10 22:53:24 Timechunk-------
2026-03-29 16:56:29,796 - INFO - Picks saved at /home/blackwinter/projects/eqcct/eqcctpro/results/csv/eqcct_noise_th0_1/20250110T225224Z_20250110T225324ZProcess Runtime: 4.68 s
2026-03-29 16:56:29,802 - INFO - Successfully ran EQCCTPro, exiting...
2026-03-29 16:56:31,499 - INFO - Ray Successfully Shutdown.
2026-03-29 16:56:31,499 - INFO - ------- Successfully Picked All Waveform(s) from all Timechunk(s) -------
