2026-03-29 17:10:29,395 - INFO - 
2026-03-29 17:10:29,395 - INFO - ------- Welcome to EQCCTPro -------
2026-03-29 17:10:29,395 - INFO - 
2026-03-29 17:10:29,396 - INFO - Running EQCCT over Requested MSeed Files using CPU(s)...
2026-03-29 17:10:29,396 - INFO - GPU disabled (CPU-only).
2026-03-29 17:10:29,396 - INFO - Configured Intra-op threads = 1
2026-03-29 17:10:29,396 - INFO - Configured Inter-op threads = 1
2026-03-29 17:10:29,396 - INFO - TensorFlow: No GPUs visible; TF will proceed on CPU.
2026-03-29 17:10:29,396 - INFO - 
2026-03-29 17:10:35,390 - INFO - Ray Successfully Initialized with 4 CPU(s) ([0, 1, 2, 3] CPU Affinity Binding).
2026-03-29 17:10:35,391 - INFO - Analyzing 1 time chunk(s) from 2025-01-11 04:17:26 to 2025-01-11 04:18:26 (dt=1min, overlap=0min).
2026-03-29 17:10:35,391 - INFO - Using 1 selected station(s).
2026-03-29 17:10:35,391 - INFO - 
2026-03-29 17:10:35,391 - INFO - ------- Starting EQCCTPro... -------
2026-03-29 17:10:35,391 - INFO - Detailed subprocess information can be found in the log file.
2026-03-29 17:10:35,391 - INFO - 
2026-03-29 17:10:35,789 - INFO - GPU disabled (CPU-only).
2026-03-29 17:10:37,361 - INFO - Configured Intra-op threads = 1
2026-03-29 17:10:37,363 - INFO - Configured Inter-op threads = 1
2026-03-29 17:10:37,407 - INFO - TensorFlow: No GPUs visible; TF will proceed on CPU.
2026-03-29 17:10:37,409 - INFO - 
2026-03-29 17:10:37,412 - INFO - ------- Hardware Configuration -------
2026-03-29 17:10:37,415 - INFO - CPU affinity set to cores: [0, 1, 2, 3]
2026-03-29 17:10:37,418 - INFO - 
2026-03-29 17:10:37,421 - INFO - ------- Data Preprocessing for EQCCTPro -------
2026-03-29 17:10:37,423 - INFO - 1 station(s) in /home/blackwinter/projects/eqcct/eqcctpro/data/waveforms_noise_only/20250111T041726Z_20250111T041826Z
2026-03-29 17:10:37,426 - INFO - Using 1 selected station(s): ['NUR'].
2026-03-29 17:10:37,428 - INFO - Creating model actor(s)...
2026-03-29 17:10:37,431 - INFO - System RAM: Total=7870 MB, Available=3937 MB
2026-03-29 17:10:37,433 - INFO - Usable RAM budget: 7083 MB (90% of total)
2026-03-29 17:10:37,436 - INFO - ===== MEMORY-AWARE CPU ACTOR POOL (EQCCT) =====
2026-03-29 17:10:37,437 - INFO - Requested concurrent tasks: 1
2026-03-29 17:10:37,439 - INFO - Available CPUs: 4
2026-03-29 17:10:37,442 - INFO - Available RAM: 7083 MB
2026-03-29 17:10:37,443 - INFO - RAM per model: 2264 MB
2026-03-29 17:10:37,446 - INFO - Max actors by RAM: 3
2026-03-29 17:10:37,448 - INFO - Creating 1 ModelActor(s)
2026-03-29 17:10:37,450 - INFO - Let Ray handle scheduling (taskset already restricts CPU visibility)
2026-03-29 17:10:37,452 - INFO - Creating ModelActor 1/1 (2.21GB RAM each)...
2026-03-29 17:10:41,821 - INFO - ModelActor 1 created successfully.
2026-03-29 17:10:41,824 - INFO - Created 1 CPU actor(s). Task queue will handle concurrency.
2026-03-29 17:10:41,827 - INFO - Starting EQCCTPro parallelized waveform processing...
2026-03-29 17:10:41,830 - INFO - 
2026-03-29 17:10:41,832 - INFO - ------- Analyzing Seismic Waveforms for P and S Picks via EQCCT -------
2026-03-29 17:10:41,835 - INFO - Analyzing 0:01:00 minute timechunk from 2025-01-11 04:17:26 to 2025-01-11 04:18:26 (0 min overlap)
2026-03-29 17:10:41,838 - INFO - Processing a total of 1 stations, 1 at a time.
2026-03-29 17:10:46,300 - INFO - (1/1) NUR: Finished the prediction in 2.4s. (HP=1.0, LP=45.0)
2026-03-29 17:10:46,302 - INFO - 
2026-03-29 17:10:46,305 - INFO - ------- Parallel Station Waveform Processing Complete For 2025-01-11 04:17:26 to 2025-01-11 04:18:26 Timechunk-------
2026-03-29 17:10:46,308 - INFO - Picks saved at /home/blackwinter/projects/eqcct/eqcctpro/results/csv/eqcct_noise_th0_1/20250111T041726Z_20250111T041826ZProcess Runtime: 4.48 s
2026-03-29 17:10:46,313 - INFO - Successfully ran EQCCTPro, exiting...
2026-03-29 17:10:48,018 - INFO - Ray Successfully Shutdown.
2026-03-29 17:10:48,019 - INFO - ------- Successfully Picked All Waveform(s) from all Timechunk(s) -------
