2026-03-20 00:15:57,844 - INFO - 
2026-03-20 00:15:57,845 - INFO - ------- Welcome to EQCCTPro -------
2026-03-20 00:15:57,845 - INFO - 
2026-03-20 00:15:57,845 - INFO - Running EQCCT over Requested MSeed Files using CPU(s)...
2026-03-20 00:15:57,845 - INFO - GPU disabled (CPU-only).
2026-03-20 00:15:57,846 - INFO - Configured Intra-op threads = 1
2026-03-20 00:15:57,846 - INFO - Configured Inter-op threads = 1
2026-03-20 00:15:57,846 - INFO - TensorFlow: No GPUs visible; TF will proceed on CPU.
2026-03-20 00:15:57,846 - INFO - 
2026-03-20 00:16:03,459 - INFO - Ray Successfully Initialized with 4 CPU(s) ([0, 1, 2, 3] CPU Affinity Binding).
2026-03-20 00:16:03,459 - INFO - Analyzing 1 time chunk(s) from 2025-03-13 16:19:44 to 2025-03-13 16:20:44 (dt=1min, overlap=0min).
2026-03-20 00:16:03,460 - INFO - Using 1 selected station(s).
2026-03-20 00:16:03,460 - INFO - 
2026-03-20 00:16:03,460 - INFO - ------- Starting EQCCTPro... -------
2026-03-20 00:16:03,460 - INFO - Detailed subprocess information can be found in the log file.
2026-03-20 00:16:03,460 - INFO - 
2026-03-20 00:16:03,836 - INFO - GPU disabled (CPU-only).
2026-03-20 00:16:05,380 - INFO - Configured Intra-op threads = 1
2026-03-20 00:16:05,383 - INFO - Configured Inter-op threads = 1
2026-03-20 00:16:05,425 - INFO - TensorFlow: No GPUs visible; TF will proceed on CPU.
2026-03-20 00:16:05,428 - INFO - 
2026-03-20 00:16:05,430 - INFO - ------- Hardware Configuration -------
2026-03-20 00:16:05,431 - INFO - CPU affinity set to cores: [0, 1, 2, 3]
2026-03-20 00:16:05,433 - INFO - 
2026-03-20 00:16:05,435 - INFO - ------- Data Preprocessing for EQCCTPro -------
2026-03-20 00:16:05,437 - INFO - 1 station(s) in /home/blackwinter/projects/eqcct/eqcctpro/data/waveforms_earthquakes_nonoise/20250313T161944Z_20250313T162044Z
2026-03-20 00:16:05,439 - INFO - Using 1 selected station(s): ['RNF'].
2026-03-20 00:16:05,441 - INFO - Creating model actor(s)...
2026-03-20 00:16:05,444 - INFO - System RAM: Total=7870 MB, Available=2511 MB
2026-03-20 00:16:05,446 - INFO - Usable RAM budget: 7083 MB (90% of total)
2026-03-20 00:16:05,448 - INFO - ===== MEMORY-AWARE CPU ACTOR POOL (EQCCT) =====
2026-03-20 00:16:05,451 - INFO - Requested concurrent tasks: 1
2026-03-20 00:16:05,453 - INFO - Available CPUs: 4
2026-03-20 00:16:05,456 - INFO - Available RAM: 7083 MB
2026-03-20 00:16:05,457 - INFO - RAM per model: 2264 MB
2026-03-20 00:16:05,459 - INFO - Max actors by RAM: 3
2026-03-20 00:16:05,461 - INFO - Creating 1 ModelActor(s)
2026-03-20 00:16:05,464 - INFO - Let Ray handle scheduling (taskset already restricts CPU visibility)
2026-03-20 00:16:05,466 - INFO - Creating ModelActor 1/1 (2.21GB RAM each)...
2026-03-20 00:16:09,429 - INFO - ModelActor 1 created successfully.
2026-03-20 00:16:09,432 - INFO - Created 1 CPU actor(s). Task queue will handle concurrency.
2026-03-20 00:16:09,434 - INFO - Starting EQCCTPro parallelized waveform processing...
2026-03-20 00:16:09,435 - INFO - 
2026-03-20 00:16:09,437 - INFO - ------- Analyzing Seismic Waveforms for P and S Picks via EQCCT -------
2026-03-20 00:16:09,439 - INFO - Analyzing 0:01:00 minute timechunk from 2025-03-13 16:19:44 to 2025-03-13 16:20:44 (0 min overlap)
2026-03-20 00:16:09,442 - INFO - Processing a total of 1 stations, 1 at a time.
2026-03-20 00:16:13,543 - INFO - (1/1) RNF: Finished the prediction in 2.15s. (HP=1.0, LP=45.0)
2026-03-20 00:16:13,545 - INFO - 
2026-03-20 00:16:13,548 - INFO - ------- Parallel Station Waveform Processing Complete For 2025-03-13 16:19:44 to 2025-03-13 16:20:44 Timechunk-------
2026-03-20 00:16:13,550 - INFO - Picks saved at /home/blackwinter/projects/eqcct/eqcctpro/results/csv/eqcct_earthquakes_th0_1/20250313T161944Z_20250313T162044ZProcess Runtime: 4.11 s
2026-03-20 00:16:13,554 - INFO - Successfully ran EQCCTPro, exiting...
2026-03-20 00:16:14,954 - INFO - Ray Successfully Shutdown.
2026-03-20 00:16:14,954 - INFO - ------- Successfully Picked All Waveform(s) from all Timechunk(s) -------
