2026-03-20 05:51:32,558 - INFO - 
2026-03-20 05:51:32,558 - INFO - ------- Welcome to EQCCTPro -------
2026-03-20 05:51:32,558 - INFO - 
2026-03-20 05:51:32,559 - INFO - Running EQCCT over Requested MSeed Files using CPU(s)...
2026-03-20 05:51:32,559 - INFO - GPU disabled (CPU-only).
2026-03-20 05:51:32,559 - INFO - Configured Intra-op threads = 1
2026-03-20 05:51:32,559 - INFO - Configured Inter-op threads = 1
2026-03-20 05:51:32,559 - INFO - TensorFlow: No GPUs visible; TF will proceed on CPU.
2026-03-20 05:51:32,559 - INFO - 
2026-03-20 05:51:38,685 - INFO - Ray Successfully Initialized with 4 CPU(s) ([0, 1, 2, 3] CPU Affinity Binding).
2026-03-20 05:51:38,685 - INFO - Analyzing 1 time chunk(s) from 2025-10-08 06:13:30 to 2025-10-08 06:14:30 (dt=1min, overlap=0min).
2026-03-20 05:51:38,685 - INFO - Using 2 selected station(s).
2026-03-20 05:51:38,686 - INFO - 
2026-03-20 05:51:38,686 - INFO - ------- Starting EQCCTPro... -------
2026-03-20 05:51:38,686 - INFO - Detailed subprocess information can be found in the log file.
2026-03-20 05:51:38,686 - INFO - 
2026-03-20 05:51:39,067 - INFO - GPU disabled (CPU-only).
2026-03-20 05:51:40,638 - INFO - Configured Intra-op threads = 1
2026-03-20 05:51:40,640 - INFO - Configured Inter-op threads = 1
2026-03-20 05:51:40,683 - INFO - TensorFlow: No GPUs visible; TF will proceed on CPU.
2026-03-20 05:51:40,685 - INFO - 
2026-03-20 05:51:40,687 - INFO - ------- Hardware Configuration -------
2026-03-20 05:51:40,690 - INFO - CPU affinity set to cores: [0, 1, 2, 3]
2026-03-20 05:51:40,691 - INFO - 
2026-03-20 05:51:40,693 - INFO - ------- Data Preprocessing for EQCCTPro -------
2026-03-20 05:51:40,695 - INFO - 2 station(s) in /home/blackwinter/projects/eqcct/eqcctpro/data/waveforms_earthquakes_nonoise/20251008T061330Z_20251008T061430Z
2026-03-20 05:51:40,697 - INFO - Using 2 selected station(s): ['HEL5', 'NUR'].
2026-03-20 05:51:40,699 - INFO - Creating model actor(s)...
2026-03-20 05:51:40,701 - INFO - System RAM: Total=7870 MB, Available=1716 MB
2026-03-20 05:51:40,702 - INFO - Usable RAM budget: 7083 MB (90% of total)
2026-03-20 05:51:40,704 - INFO - ===== MEMORY-AWARE CPU ACTOR POOL (EQCCT) =====
2026-03-20 05:51:40,706 - INFO - Requested concurrent tasks: 1
2026-03-20 05:51:40,708 - INFO - Available CPUs: 4
2026-03-20 05:51:40,710 - INFO - Available RAM: 7083 MB
2026-03-20 05:51:40,712 - INFO - RAM per model: 2264 MB
2026-03-20 05:51:40,714 - INFO - Max actors by RAM: 3
2026-03-20 05:51:40,715 - INFO - Creating 1 ModelActor(s)
2026-03-20 05:51:40,717 - INFO - Let Ray handle scheduling (taskset already restricts CPU visibility)
2026-03-20 05:51:40,719 - INFO - Creating ModelActor 1/1 (2.21GB RAM each)...
2026-03-20 05:51:44,672 - INFO - ModelActor 1 created successfully.
2026-03-20 05:51:44,674 - INFO - Created 1 CPU actor(s). Task queue will handle concurrency.
2026-03-20 05:51:44,677 - INFO - Starting EQCCTPro parallelized waveform processing...
2026-03-20 05:51:44,679 - INFO - 
2026-03-20 05:51:44,682 - INFO - ------- Analyzing Seismic Waveforms for P and S Picks via EQCCT -------
2026-03-20 05:51:44,684 - INFO - Analyzing 0:01:00 minute timechunk from 2025-10-08 06:13:30 to 2025-10-08 06:14:30 (0 min overlap)
2026-03-20 05:51:44,686 - INFO - Processing a total of 2 stations, 1 at a time.
2026-03-20 05:51:48,792 - INFO - (1/2) HEL5: Finished the prediction in 2.15s. (HP=1.0, LP=45.0)
2026-03-20 05:51:48,897 - INFO - (2/2) NUR: Finished the prediction in 0.1s. (HP=1.0, LP=45.0)
2026-03-20 05:51:48,899 - INFO - 
2026-03-20 05:51:48,901 - INFO - ------- Parallel Station Waveform Processing Complete For 2025-10-08 06:13:30 to 2025-10-08 06:14:30 Timechunk-------
2026-03-20 05:51:48,904 - INFO - Picks saved at /home/blackwinter/projects/eqcct/eqcctpro/results/csv/eqcct_earthquakes_th0_1/20251008T061330Z_20251008T061430ZProcess Runtime: 4.22 s
2026-03-20 05:51:48,908 - INFO - Successfully ran EQCCTPro, exiting...
2026-03-20 05:51:50,635 - INFO - Ray Successfully Shutdown.
2026-03-20 05:51:50,636 - INFO - ------- Successfully Picked All Waveform(s) from all Timechunk(s) -------
