2026-03-28 21:38:02,089 - INFO - 
2026-03-28 21:38:02,090 - INFO - ------- Welcome to EQCCTPro -------
2026-03-28 21:38:02,090 - INFO - 
2026-03-28 21:38:02,091 - INFO - Running EQCCT over Requested MSeed Files using CPU(s)...
2026-03-28 21:38:02,091 - INFO - GPU disabled (CPU-only).
2026-03-29 08:32:18,571 - INFO - 
2026-03-29 08:32:18,571 - INFO - ------- Welcome to EQCCTPro -------
2026-03-29 08:32:18,571 - INFO - 
2026-03-29 08:32:18,572 - INFO - Running EQCCT over Requested MSeed Files using CPU(s)...
2026-03-29 08:32:18,572 - INFO - GPU disabled (CPU-only).
2026-03-29 08:32:18,572 - INFO - Configured Intra-op threads = 1
2026-03-29 08:32:18,572 - INFO - Configured Inter-op threads = 1
2026-03-29 08:32:18,573 - INFO - TensorFlow: No GPUs visible; TF will proceed on CPU.
2026-03-29 08:32:18,573 - INFO - 
2026-03-29 08:32:23,846 - INFO - Ray Successfully Initialized with 4 CPU(s) ([0, 1, 2, 3] CPU Affinity Binding).
2026-03-29 08:32:23,847 - INFO - Analyzing 1 time chunk(s) from 2025-01-25 16:43:49 to 2025-01-25 16:44:49 (dt=1min, overlap=0min).
2026-03-29 08:32:23,847 - INFO - Using 1 selected station(s).
2026-03-29 08:32:23,847 - INFO - 
2026-03-29 08:32:23,847 - INFO - ------- Starting EQCCTPro... -------
2026-03-29 08:32:23,847 - INFO - Detailed subprocess information can be found in the log file.
2026-03-29 08:32:23,847 - INFO - 
2026-03-29 08:32:24,274 - INFO - GPU disabled (CPU-only).
2026-03-29 08:32:25,941 - INFO - Configured Intra-op threads = 1
2026-03-29 08:32:25,944 - INFO - Configured Inter-op threads = 1
2026-03-29 08:32:25,987 - INFO - TensorFlow: No GPUs visible; TF will proceed on CPU.
2026-03-29 08:32:25,989 - INFO - 
2026-03-29 08:32:25,992 - INFO - ------- Hardware Configuration -------
2026-03-29 08:32:25,995 - INFO - CPU affinity set to cores: [0, 1, 2, 3]
2026-03-29 08:32:25,998 - INFO - 
2026-03-29 08:32:26,000 - INFO - ------- Data Preprocessing for EQCCTPro -------
2026-03-29 08:32:26,003 - INFO - 1 station(s) in /home/blackwinter/projects/eqcct/eqcctpro/data/waveforms_explosions_nonoise/20250125T164349Z_20250125T164449Z
2026-03-29 08:32:26,005 - INFO - Using 1 selected station(s): ['KLF'].
2026-03-29 08:32:26,008 - INFO - Creating model actor(s)...
2026-03-29 08:32:26,011 - INFO - System RAM: Total=7870 MB, Available=2912 MB
2026-03-29 08:32:26,013 - INFO - Usable RAM budget: 7083 MB (90% of total)
2026-03-29 08:32:26,016 - INFO - ===== MEMORY-AWARE CPU ACTOR POOL (EQCCT) =====
2026-03-29 08:32:26,018 - INFO - Requested concurrent tasks: 1
2026-03-29 08:32:26,021 - INFO - Available CPUs: 4
2026-03-29 08:32:26,023 - INFO - Available RAM: 7083 MB
2026-03-29 08:32:26,026 - INFO - RAM per model: 2264 MB
2026-03-29 08:32:26,029 - INFO - Max actors by RAM: 3
2026-03-29 08:32:26,031 - INFO - Creating 1 ModelActor(s)
2026-03-29 08:32:26,034 - INFO - Let Ray handle scheduling (taskset already restricts CPU visibility)
2026-03-29 08:32:26,037 - INFO - Creating ModelActor 1/1 (2.21GB RAM each)...
2026-03-29 08:32:30,392 - INFO - ModelActor 1 created successfully.
2026-03-29 08:32:30,395 - INFO - Created 1 CPU actor(s). Task queue will handle concurrency.
2026-03-29 08:32:30,398 - INFO - Starting EQCCTPro parallelized waveform processing...
2026-03-29 08:32:30,400 - INFO - 
2026-03-29 08:32:30,403 - INFO - ------- Analyzing Seismic Waveforms for P and S Picks via EQCCT -------
2026-03-29 08:32:30,406 - INFO - Analyzing 0:01:00 minute timechunk from 2025-01-25 16:43:49 to 2025-01-25 16:44:49 (0 min overlap)
2026-03-29 08:32:30,410 - INFO - Processing a total of 1 stations, 1 at a time.
2026-03-29 08:32:35,013 - INFO - (1/1) KLF: Finished the prediction in 2.47s. (HP=1.0, LP=45.0)
2026-03-29 08:32:35,016 - INFO - 
2026-03-29 08:32:35,018 - INFO - ------- Parallel Station Waveform Processing Complete For 2025-01-25 16:43:49 to 2025-01-25 16:44:49 Timechunk-------
2026-03-29 08:32:35,020 - INFO - Picks saved at /home/blackwinter/projects/eqcct/eqcctpro/results/csv/eqcct_explosions_th0_1/20250125T164349Z_20250125T164449ZProcess Runtime: 4.62 s
2026-03-29 08:32:35,025 - INFO - Successfully ran EQCCTPro, exiting...
2026-03-29 08:32:36,912 - INFO - Ray Successfully Shutdown.
2026-03-29 08:32:36,912 - INFO - ------- Successfully Picked All Waveform(s) from all Timechunk(s) -------
