2026-02-24 00:56:54,642 - INFO - 
2026-02-24 00:56:54,642 - INFO - ------- Welcome to EQCCTPro -------
2026-02-24 00:56:54,642 - INFO - 
2026-02-24 00:56:54,642 - INFO - Running EQCCT over Requested MSeed Files using CPU(s)...
2026-02-24 00:56:54,643 - INFO - GPU disabled (CPU-only).
2026-02-24 00:56:54,643 - INFO - Configured Intra-op threads = 1
2026-02-24 00:56:54,643 - INFO - Configured Inter-op threads = 1
2026-02-24 00:56:54,643 - INFO - TensorFlow: No GPUs visible; TF will proceed on CPU.
2026-02-24 00:56:54,643 - INFO - 
2026-02-24 00:57:00,329 - INFO - Ray Successfully Initialized with 4 CPU(s) ([0, 1, 2, 3] CPU Affinity Binding).
2026-02-24 00:57:00,329 - INFO - Analyzing 1 time chunk(s) from 2025-05-27 20:39:16 to 2025-05-27 20:40:16 (dt=1min, overlap=0min).
2026-02-24 00:57:00,329 - INFO - Using 1 selected station(s).
2026-02-24 00:57:00,330 - INFO - 
2026-02-24 00:57:00,330 - INFO - ------- Starting EQCCTPro... -------
2026-02-24 00:57:00,330 - INFO - Detailed subprocess information can be found in the log file.
2026-02-24 00:57:00,330 - INFO - 
2026-02-24 00:57:00,697 - INFO - GPU disabled (CPU-only).
2026-02-24 00:57:02,241 - INFO - Configured Intra-op threads = 1
2026-02-24 00:57:02,244 - INFO - Configured Inter-op threads = 1
2026-02-24 00:57:02,285 - INFO - TensorFlow: No GPUs visible; TF will proceed on CPU.
2026-02-24 00:57:02,287 - INFO - 
2026-02-24 00:57:02,289 - INFO - ------- Hardware Configuration -------
2026-02-24 00:57:02,291 - INFO - CPU affinity set to cores: [0, 1, 2, 3]
2026-02-24 00:57:02,293 - INFO - 
2026-02-24 00:57:02,295 - INFO - ------- Data Preprocessing for EQCCTPro -------
2026-02-24 00:57:02,297 - INFO - 1 station(s) in /home/blackwinter/projects/eqcct/eqcctpro/data/waveforms_earthquakes_noise_only/20250527T203916Z_20250527T204016Z
2026-02-24 00:57:02,298 - INFO - Using 1 selected station(s): ['FIC4'].
2026-02-24 00:57:02,300 - INFO - Creating model actor(s)...
2026-02-24 00:57:02,302 - INFO - System RAM: Total=7870 MB, Available=2618 MB
2026-02-24 00:57:02,304 - INFO - Usable RAM budget: 7083 MB (90% of total)
2026-02-24 00:57:02,306 - INFO - ===== MEMORY-AWARE CPU ACTOR POOL (EQCCT) =====
2026-02-24 00:57:02,307 - INFO - Requested concurrent tasks: 1
2026-02-24 00:57:02,309 - INFO - Available CPUs: 4
2026-02-24 00:57:02,311 - INFO - Available RAM: 7083 MB
2026-02-24 00:57:02,313 - INFO - RAM per model: 2264 MB
2026-02-24 00:57:02,315 - INFO - Max actors by RAM: 3
2026-02-24 00:57:02,317 - INFO - Creating 1 ModelActor(s)
2026-02-24 00:57:02,318 - INFO - Let Ray handle scheduling (taskset already restricts CPU visibility)
2026-02-24 00:57:02,320 - INFO - Creating ModelActor 1/1 (2.21GB RAM each)...
2026-02-24 00:57:06,242 - INFO - ModelActor 1 created successfully.
2026-02-24 00:57:06,244 - INFO - Created 1 CPU actor(s). Task queue will handle concurrency.
2026-02-24 00:57:06,246 - INFO - Starting EQCCTPro parallelized waveform processing...
2026-02-24 00:57:06,248 - INFO - 
2026-02-24 00:57:06,251 - INFO - ------- Analyzing Seismic Waveforms for P and S Picks via EQCCT -------
2026-02-24 00:57:06,254 - INFO - Analyzing 0:01:00 minute timechunk from 2025-05-27 20:39:16 to 2025-05-27 20:40:16 (0 min overlap)
2026-02-24 00:57:06,256 - INFO - Processing a total of 1 stations, 1 at a time.
2026-02-24 00:57:10,322 - INFO - (1/1) FIC4: Finished the prediction in 2.14s. (HP=1.0, LP=45.0)
2026-02-24 00:57:10,324 - INFO - 
2026-02-24 00:57:10,327 - INFO - ------- Parallel Station Waveform Processing Complete For 2025-05-27 20:39:16 to 2025-05-27 20:40:16 Timechunk-------
2026-02-24 00:57:10,329 - INFO - Picks saved at /home/blackwinter/projects/eqcct/eqcctpro/results/csv/bm_eq_noise_only/20250527T203916Z_20250527T204016ZProcess Runtime: 4.08 s
2026-02-24 00:57:10,334 - INFO - Successfully ran EQCCTPro, exiting...
2026-02-24 00:57:12,163 - INFO - Ray Successfully Shutdown.
2026-02-24 00:57:12,163 - INFO - ------- Successfully Picked All Waveform(s) from all Timechunk(s) -------
