2026-03-10 17:52:11,017 - INFO - 
2026-03-10 17:52:11,017 - INFO - ------- Welcome to EQCCTPro -------
2026-03-10 17:52:11,017 - INFO - 
2026-03-10 17:52:11,018 - INFO - Running EQCCT over Requested MSeed Files using CPU(s)...
2026-03-10 17:52:11,018 - INFO - GPU disabled (CPU-only).
2026-03-10 17:52:11,018 - INFO - Configured Intra-op threads = 1
2026-03-10 17:52:11,019 - INFO - Configured Inter-op threads = 1
2026-03-10 17:52:11,019 - INFO - TensorFlow: No GPUs visible; TF will proceed on CPU.
2026-03-10 17:52:11,019 - INFO - 
2026-03-10 17:52:16,449 - INFO - Ray Successfully Initialized with 4 CPU(s) ([0, 1, 2, 3] CPU Affinity Binding).
2026-03-10 17:52:16,450 - INFO - Analyzing 1 time chunk(s) from 2025-01-02 17:04:58 to 2025-01-02 17:05:58 (dt=1min, overlap=0min).
2026-03-10 17:52:16,450 - INFO - Using 1 selected station(s).
2026-03-10 17:52:16,450 - INFO - 
2026-03-10 17:52:16,451 - INFO - ------- Starting EQCCTPro... -------
2026-03-10 17:52:16,451 - INFO - Detailed subprocess information can be found in the log file.
2026-03-10 17:52:16,451 - INFO - 
2026-03-10 17:52:16,844 - INFO - GPU disabled (CPU-only).
2026-03-10 17:52:18,373 - INFO - Configured Intra-op threads = 1
2026-03-10 17:52:18,376 - INFO - Configured Inter-op threads = 1
2026-03-10 17:52:18,417 - INFO - TensorFlow: No GPUs visible; TF will proceed on CPU.
2026-03-10 17:52:18,420 - INFO - 
2026-03-10 17:52:18,422 - INFO - ------- Hardware Configuration -------
2026-03-10 17:52:18,424 - INFO - CPU affinity set to cores: [0, 1, 2, 3]
2026-03-10 17:52:18,426 - INFO - 
2026-03-10 17:52:18,427 - INFO - ------- Data Preprocessing for EQCCTPro -------
2026-03-10 17:52:18,429 - INFO - 1 station(s) in /home/blackwinter/projects/eqcct/eqcctpro/data/waveforms_noise_only/20250102T170458Z_20250102T170558Z
2026-03-10 17:52:18,431 - INFO - Using 1 selected station(s): ['SGF'].
2026-03-10 17:52:18,434 - INFO - Creating model actor(s)...
2026-03-10 17:52:18,436 - INFO - System RAM: Total=7870 MB, Available=4230 MB
2026-03-10 17:52:18,438 - INFO - Usable RAM budget: 7083 MB (90% of total)
2026-03-10 17:52:18,440 - INFO - ===== MEMORY-AWARE CPU ACTOR POOL (EQCCT) =====
2026-03-10 17:52:18,442 - INFO - Requested concurrent tasks: 1
2026-03-10 17:52:18,445 - INFO - Available CPUs: 4
2026-03-10 17:52:18,447 - INFO - Available RAM: 7083 MB
2026-03-10 17:52:18,450 - INFO - RAM per model: 2264 MB
2026-03-10 17:52:18,452 - INFO - Max actors by RAM: 3
2026-03-10 17:52:18,455 - INFO - Creating 1 ModelActor(s)
2026-03-10 17:52:18,457 - INFO - Let Ray handle scheduling (taskset already restricts CPU visibility)
2026-03-10 17:52:18,460 - INFO - Creating ModelActor 1/1 (2.21GB RAM each)...
2026-03-10 17:52:22,420 - INFO - ModelActor 1 created successfully.
2026-03-10 17:52:22,422 - INFO - Created 1 CPU actor(s). Task queue will handle concurrency.
2026-03-10 17:52:22,424 - INFO - Starting EQCCTPro parallelized waveform processing...
2026-03-10 17:52:22,425 - INFO - 
2026-03-10 17:52:22,427 - INFO - ------- Analyzing Seismic Waveforms for P and S Picks via EQCCT -------
2026-03-10 17:52:22,430 - INFO - Analyzing 0:01:00 minute timechunk from 2025-01-02 17:04:58 to 2025-01-02 17:05:58 (0 min overlap)
2026-03-10 17:52:22,432 - INFO - Processing a total of 1 stations, 1 at a time.
2026-03-10 17:52:24,847 - INFO - (1/1) SGF: FAILED reading mSEED.
2026-03-10 17:52:24,849 - INFO - 
2026-03-10 17:52:24,851 - INFO - ------- Parallel Station Waveform Processing Complete For 2025-01-02 17:04:58 to 2025-01-02 17:05:58 Timechunk-------
2026-03-10 17:52:24,853 - INFO - Picks saved at /home/blackwinter/projects/eqcct/eqcctpro/results/csv/bm_noise_only/20250102T170458Z_20250102T170558ZProcess Runtime: 2.43 s
2026-03-10 17:52:24,857 - INFO - Successfully ran EQCCTPro, exiting...
2026-03-10 17:52:26,423 - INFO - Ray Successfully Shutdown.
2026-03-10 17:52:26,424 - INFO - ------- Successfully Picked All Waveform(s) from all Timechunk(s) -------
2026-03-11 09:20:33,093 - INFO - 
2026-03-11 09:20:33,094 - INFO - ------- Welcome to EQCCTPro -------
2026-03-11 09:20:33,094 - INFO - 
2026-03-11 09:20:33,095 - INFO - Running EQCCT over Requested MSeed Files using CPU(s)...
2026-03-11 09:20:33,095 - INFO - GPU disabled (CPU-only).
2026-03-11 09:20:33,095 - INFO - Configured Intra-op threads = 1
2026-03-11 09:20:33,096 - INFO - Configured Inter-op threads = 1
2026-03-11 09:20:33,096 - INFO - TensorFlow: No GPUs visible; TF will proceed on CPU.
2026-03-11 09:20:33,096 - INFO - 
2026-03-11 09:20:38,279 - INFO - Ray Successfully Initialized with 4 CPU(s) ([0, 1, 2, 3] CPU Affinity Binding).
2026-03-11 09:20:38,279 - INFO - Analyzing 1 time chunk(s) from 2025-01-02 17:04:58 to 2025-01-02 17:05:58 (dt=1min, overlap=0min).
2026-03-11 09:20:38,280 - INFO - Using 1 selected station(s).
2026-03-11 09:20:38,280 - INFO - 
2026-03-11 09:20:38,280 - INFO - ------- Starting EQCCTPro... -------
2026-03-11 09:20:38,280 - INFO - Detailed subprocess information can be found in the log file.
2026-03-11 09:20:38,280 - INFO - 
2026-03-11 09:20:38,644 - INFO - GPU disabled (CPU-only).
2026-03-11 09:20:40,109 - INFO - Configured Intra-op threads = 1
2026-03-11 09:20:40,111 - INFO - Configured Inter-op threads = 1
2026-03-11 09:20:40,149 - INFO - TensorFlow: No GPUs visible; TF will proceed on CPU.
2026-03-11 09:20:40,151 - INFO - 
2026-03-11 09:20:40,154 - INFO - ------- Hardware Configuration -------
2026-03-11 09:20:40,156 - INFO - CPU affinity set to cores: [0, 1, 2, 3]
2026-03-11 09:20:40,158 - INFO - 
2026-03-11 09:20:40,160 - INFO - ------- Data Preprocessing for EQCCTPro -------
2026-03-11 09:20:40,162 - INFO - 1 station(s) in /home/blackwinter/projects/eqcct/eqcctpro/data/waveforms_noise_only/20250102T170458Z_20250102T170558Z
2026-03-11 09:20:40,164 - INFO - Using 1 selected station(s): ['SGF'].
2026-03-11 09:20:40,167 - INFO - Creating model actor(s)...
2026-03-11 09:20:40,169 - INFO - System RAM: Total=7870 MB, Available=4876 MB
2026-03-11 09:20:40,171 - INFO - Usable RAM budget: 7083 MB (90% of total)
2026-03-11 09:20:40,173 - INFO - ===== MEMORY-AWARE CPU ACTOR POOL (EQCCT) =====
2026-03-11 09:20:40,175 - INFO - Requested concurrent tasks: 1
2026-03-11 09:20:40,177 - INFO - Available CPUs: 4
2026-03-11 09:20:40,179 - INFO - Available RAM: 7083 MB
2026-03-11 09:20:40,181 - INFO - RAM per model: 2264 MB
2026-03-11 09:20:40,182 - INFO - Max actors by RAM: 3
2026-03-11 09:20:40,184 - INFO - Creating 1 ModelActor(s)
2026-03-11 09:20:40,186 - INFO - Let Ray handle scheduling (taskset already restricts CPU visibility)
2026-03-11 09:20:40,188 - INFO - Creating ModelActor 1/1 (2.21GB RAM each)...
2026-03-11 09:20:44,059 - INFO - ModelActor 1 created successfully.
2026-03-11 09:20:44,062 - INFO - Created 1 CPU actor(s). Task queue will handle concurrency.
2026-03-11 09:20:44,064 - INFO - Starting EQCCTPro parallelized waveform processing...
2026-03-11 09:20:44,066 - INFO - 
2026-03-11 09:20:44,068 - INFO - ------- Analyzing Seismic Waveforms for P and S Picks via EQCCT -------
2026-03-11 09:20:44,071 - INFO - Analyzing 0:01:00 minute timechunk from 2025-01-02 17:04:58 to 2025-01-02 17:05:58 (0 min overlap)
2026-03-11 09:20:44,073 - INFO - Processing a total of 1 stations, 1 at a time.
2026-03-11 09:20:45,952 - INFO - (1/1) SGF: Skipped (already exists - overwrite=False).
2026-03-11 09:20:45,955 - INFO - 
2026-03-11 09:20:45,957 - INFO - ------- Parallel Station Waveform Processing Complete For 2025-01-02 17:04:58 to 2025-01-02 17:05:58 Timechunk-------
2026-03-11 09:20:45,962 - INFO - Successfully ran EQCCTPro, exiting...
2026-03-11 09:20:45,959 - INFO - Picks saved at /home/blackwinter/projects/eqcct/eqcctpro/results/csv/bm_noise_only/20250102T170458Z_20250102T170558ZProcess Runtime: 1.89 s
2026-03-11 09:20:47,483 - INFO - Ray Successfully Shutdown.
2026-03-11 09:20:47,484 - INFO - ------- Successfully Picked All Waveform(s) from all Timechunk(s) -------
