2026-03-27 22:30:15,267 - INFO - 
2026-03-27 22:30:15,267 - INFO - ------- Welcome to EQCCTPro -------
2026-03-27 22:30:15,267 - INFO - 
2026-03-27 22:30:15,268 - INFO - Running EQCCT over Requested MSeed Files using CPU(s)...
2026-03-27 22:30:15,268 - INFO - GPU disabled (CPU-only).
2026-03-27 22:30:15,268 - INFO - Skipping framework-specific initialization in the driver process.
2026-03-27 22:30:17,867 - INFO - Ray Successfully Initialized with 4 CPU(s) ([0, 1, 2, 3] CPU Affinity Binding).
2026-03-27 22:30:17,868 - INFO - Analyzing 1 time chunk(s) from 2025-12-18 00:56:47 to 2025-12-18 00:57:47 (dt=1min, overlap=0min).
2026-03-27 22:30:17,868 - INFO - Using 2 selected station(s).
2026-03-27 22:30:17,868 - INFO - 
2026-03-27 22:30:17,868 - INFO - ------- Starting EQCCTPro... -------
2026-03-27 22:30:17,868 - INFO - Detailed subprocess information can be found in the log file.
2026-03-27 22:30:17,869 - INFO - 
2026-03-27 22:30:18,161 - INFO - GPU disabled (CPU-only).
2026-03-27 22:30:18,166 - INFO - Skipping framework-specific initialization in the driver process.
2026-03-27 22:30:18,169 - INFO - ------- Hardware Configuration -------
2026-03-27 22:30:18,171 - INFO - CPU affinity set to cores: [0, 1, 2, 3]
2026-03-27 22:30:18,173 - INFO - 
2026-03-27 22:30:18,176 - INFO - ------- Data Preprocessing for EQCCTPro -------
2026-03-27 22:30:18,179 - INFO - 2 station(s) in /home/blackwinter/projects/eqcct/eqcctpro/data/waveforms_earthquakes_nonoise/20251218T005647Z_20251218T005747Z
2026-03-27 22:30:18,181 - INFO - Using 2 selected station(s): ['OLKF', 'VRF'].
2026-03-27 22:30:18,183 - INFO - Creating model actor(s)...
2026-03-27 22:30:18,186 - INFO - System RAM: Total=7870 MB, Available=5024 MB
2026-03-27 22:30:18,188 - INFO - Usable RAM budget: 7083 MB (90% of total)
2026-03-27 22:30:18,191 - INFO - ===== MEMORY-AWARE CPU ACTOR POOL =====
2026-03-27 22:30:18,193 - INFO - Requested concurrent tasks: 1
2026-03-27 22:30:18,195 - INFO - Available CPUs: 4
2026-03-27 22:30:18,197 - INFO - Available RAM: 7083 MB
2026-03-27 22:30:18,199 - INFO - RAM per model: 2060 MB
2026-03-27 22:30:18,201 - INFO - Max actors by RAM: 3
2026-03-27 22:30:18,203 - INFO - Creating 1 SeisBenchModelActor(s)
2026-03-27 22:30:18,205 - INFO - Let Ray handle scheduling (taskset already restricts CPU visibility)
2026-03-27 22:30:18,207 - INFO - Creating SeisBenchModelActor 1/1 (2.01GB RAM each)...
2026-03-27 22:30:21,382 - INFO - SeisBenchModelActor 1 created successfully.
2026-03-27 22:30:21,384 - INFO - Created 1 CPU actor(s). Task queue will handle concurrency.
2026-03-27 22:30:21,387 - INFO - Starting EQCCTPro parallelized waveform processing...
2026-03-27 22:30:21,389 - INFO - 
2026-03-27 22:30:21,392 - INFO - ------- Analyzing Seismic Waveforms for P and S Picks via SeisBench (EQTransformer - original_nonconservative) -------
2026-03-27 22:30:21,395 - INFO - Analyzing 0:01:00 minute timechunk from 2025-12-18 00:56:47 to 2025-12-18 00:57:47 (0 min overlap)
2026-03-27 22:30:21,397 - INFO - Processing a total of 2 stations, 1 at a time.
2026-03-27 22:30:23,644 - INFO - (1/2) OLKF: Finished the prediction in 0.14s. (HP=1.0, LP=45.0, picks=2)
2026-03-27 22:30:23,712 - INFO - (2/2) VRF: Finished the prediction in 0.06s. (HP=1.0, LP=45.0, picks=2)
2026-03-27 22:30:23,715 - INFO - 
2026-03-27 22:30:23,717 - INFO - ------- Parallel Station Waveform Processing Complete For 2025-12-18 00:56:47 to 2025-12-18 00:57:47 Timechunk-------
2026-03-27 22:30:23,719 - INFO - Picks saved at /home/blackwinter/projects/eqcct/eqcctpro/results/csv/eqt_earthquakes_th0_1/20251218T005647Z_20251218T005747ZProcess Runtime: 2.33 s
2026-03-27 22:30:23,724 - INFO - Successfully ran EQCCTPro, exiting...
2026-03-27 22:30:25,599 - INFO - Ray Successfully Shutdown.
2026-03-27 22:30:25,600 - INFO - ------- Successfully Picked All Waveform(s) from all Timechunk(s) -------
2026-03-28 04:51:55,554 - INFO - 
2026-03-28 04:51:55,554 - INFO - ------- Welcome to EQCCTPro -------
2026-03-28 04:51:55,554 - INFO - 
2026-03-28 04:51:55,555 - INFO - Running EQCCT over Requested MSeed Files using CPU(s)...
2026-03-28 04:51:55,555 - INFO - GPU disabled (CPU-only).
2026-03-28 04:51:55,555 - INFO - Skipping framework-specific initialization in the driver process.
2026-03-28 04:51:58,248 - INFO - Ray Successfully Initialized with 4 CPU(s) ([0, 1, 2, 3] CPU Affinity Binding).
2026-03-28 04:51:58,248 - INFO - Analyzing 1 time chunk(s) from 2025-12-18 00:56:47 to 2025-12-18 00:57:47 (dt=1min, overlap=0min).
2026-03-28 04:51:58,249 - INFO - Using 2 selected station(s).
2026-03-28 04:51:58,249 - INFO - 
2026-03-28 04:51:58,250 - INFO - ------- Starting EQCCTPro... -------
2026-03-28 04:51:58,250 - INFO - Detailed subprocess information can be found in the log file.
2026-03-28 04:51:58,250 - INFO - 
2026-03-28 04:51:58,548 - INFO - GPU disabled (CPU-only).
2026-03-28 04:51:58,553 - INFO - Skipping framework-specific initialization in the driver process.
2026-03-28 04:51:58,555 - INFO - ------- Hardware Configuration -------
2026-03-28 04:51:58,558 - INFO - CPU affinity set to cores: [0, 1, 2, 3]
2026-03-28 04:51:58,560 - INFO - 
2026-03-28 04:51:58,562 - INFO - ------- Data Preprocessing for EQCCTPro -------
2026-03-28 04:51:58,564 - INFO - 2 station(s) in /home/blackwinter/projects/eqcct/eqcctpro/data/waveforms_earthquakes_nonoise/20251218T005647Z_20251218T005747Z
2026-03-28 04:51:58,566 - INFO - Using 2 selected station(s): ['OLKF', 'VRF'].
2026-03-28 04:51:58,568 - INFO - Creating model actor(s)...
2026-03-28 04:51:58,571 - INFO - System RAM: Total=7870 MB, Available=4831 MB
2026-03-28 04:51:58,573 - INFO - Usable RAM budget: 7083 MB (90% of total)
2026-03-28 04:51:58,575 - INFO - ===== MEMORY-AWARE CPU ACTOR POOL =====
2026-03-28 04:51:58,577 - INFO - Requested concurrent tasks: 1
2026-03-28 04:51:58,579 - INFO - Available CPUs: 4
2026-03-28 04:51:58,582 - INFO - Available RAM: 7083 MB
2026-03-28 04:51:58,584 - INFO - RAM per model: 2060 MB
2026-03-28 04:51:58,586 - INFO - Max actors by RAM: 3
2026-03-28 04:51:58,588 - INFO - Creating 1 SeisBenchModelActor(s)
2026-03-28 04:51:58,590 - INFO - Let Ray handle scheduling (taskset already restricts CPU visibility)
2026-03-28 04:51:58,592 - INFO - Creating SeisBenchModelActor 1/1 (2.01GB RAM each)...
2026-03-28 04:52:07,762 - INFO - SeisBenchModelActor 1 created successfully.
2026-03-28 04:52:07,764 - INFO - Created 1 CPU actor(s). Task queue will handle concurrency.
2026-03-28 04:52:07,768 - INFO - Starting EQCCTPro parallelized waveform processing...
2026-03-28 04:52:07,771 - INFO - 
2026-03-28 04:52:07,776 - INFO - ------- Analyzing Seismic Waveforms for P and S Picks via SeisBench (EQTransformer - original_nonconservative) -------
2026-03-28 04:52:07,780 - INFO - Analyzing 0:01:00 minute timechunk from 2025-12-18 00:56:47 to 2025-12-18 00:57:47 (0 min overlap)
2026-03-28 04:52:07,782 - INFO - Processing a total of 2 stations, 1 at a time.
2026-03-28 04:52:09,914 - INFO - (1/2) OLKF: Skipped (already exists - overwrite=False).
2026-03-28 04:52:09,924 - INFO - (2/2) VRF: Skipped (already exists - overwrite=False).
2026-03-28 04:52:09,927 - INFO - 
2026-03-28 04:52:09,930 - INFO - ------- Parallel Station Waveform Processing Complete For 2025-12-18 00:56:47 to 2025-12-18 00:57:47 Timechunk-------
2026-03-28 04:52:09,940 - INFO - Successfully ran EQCCTPro, exiting...
2026-03-28 04:52:09,934 - INFO - Picks saved at /home/blackwinter/projects/eqcct/eqcctpro/results/csv/eqt_earthquakes_th0_1/20251218T005647Z_20251218T005747ZProcess Runtime: 2.16 s
2026-03-28 04:52:11,691 - INFO - Ray Successfully Shutdown.
2026-03-28 04:52:11,691 - INFO - ------- Successfully Picked All Waveform(s) from all Timechunk(s) -------
