2026-03-28 16:31:27,204 - INFO - 
2026-03-28 16:31:27,204 - INFO - ------- Welcome to EQCCTPro -------
2026-03-28 16:31:27,204 - INFO - 
2026-03-28 16:31:27,205 - INFO - Running EQCCT over Requested MSeed Files using CPU(s)...
2026-03-28 16:31:27,206 - INFO - GPU disabled (CPU-only).
2026-03-28 16:31:27,206 - INFO - Skipping framework-specific initialization in the driver process.
2026-03-28 16:31:29,828 - INFO - Ray Successfully Initialized with 4 CPU(s) ([0, 1, 2, 3] CPU Affinity Binding).
2026-03-28 16:31:29,830 - INFO - Analyzing 1 time chunk(s) from 2025-01-08 09:49:48 to 2025-01-08 09:50:48 (dt=1min, overlap=0min).
2026-03-28 16:31:29,830 - INFO - Using 2 selected station(s).
2026-03-28 16:31:29,830 - INFO - 
2026-03-28 16:31:29,830 - INFO - ------- Starting EQCCTPro... -------
2026-03-28 16:31:29,831 - INFO - Detailed subprocess information can be found in the log file.
2026-03-28 16:31:29,831 - INFO - 
2026-03-28 16:31:30,146 - INFO - GPU disabled (CPU-only).
2026-03-28 16:31:30,155 - INFO - Skipping framework-specific initialization in the driver process.
2026-03-28 16:31:30,158 - INFO - ------- Hardware Configuration -------
2026-03-28 16:31:30,162 - INFO - CPU affinity set to cores: [0, 1, 2, 3]
2026-03-28 16:31:30,165 - INFO - 
2026-03-28 16:31:30,167 - INFO - ------- Data Preprocessing for EQCCTPro -------
2026-03-28 16:31:30,170 - INFO - 2 station(s) in /home/blackwinter/projects/eqcct/eqcctpro/data/waveforms_explosions_nonoise/20250108T094948Z_20250108T095048Z
2026-03-28 16:31:30,173 - INFO - Using 2 selected station(s): ['FIA0', 'FIA1'].
2026-03-28 16:31:30,177 - INFO - Creating model actor(s)...
2026-03-28 16:31:30,183 - INFO - System RAM: Total=7870 MB, Available=4363 MB
2026-03-28 16:31:30,188 - INFO - Usable RAM budget: 7083 MB (90% of total)
2026-03-28 16:31:30,190 - INFO - ===== MEMORY-AWARE CPU ACTOR POOL =====
2026-03-28 16:31:30,194 - INFO - Requested concurrent tasks: 1
2026-03-28 16:31:30,198 - INFO - Available CPUs: 4
2026-03-28 16:31:30,201 - INFO - Available RAM: 7083 MB
2026-03-28 16:31:30,203 - INFO - RAM per model: 2060 MB
2026-03-28 16:31:30,206 - INFO - Max actors by RAM: 3
2026-03-28 16:31:30,209 - INFO - Creating 1 SeisBenchModelActor(s)
2026-03-28 16:31:30,212 - INFO - Let Ray handle scheduling (taskset already restricts CPU visibility)
2026-03-28 16:31:30,216 - INFO - Creating SeisBenchModelActor 1/1 (2.01GB RAM each)...
2026-03-28 16:31:33,126 - INFO - SeisBenchModelActor 1 created successfully.
2026-03-28 16:31:33,129 - INFO - Created 1 CPU actor(s). Task queue will handle concurrency.
2026-03-28 16:31:33,132 - INFO - Starting EQCCTPro parallelized waveform processing...
2026-03-28 16:31:33,135 - INFO - 
2026-03-28 16:31:33,138 - INFO - ------- Analyzing Seismic Waveforms for P and S Picks via SeisBench (EQTransformer - original_nonconservative) -------
2026-03-28 16:31:33,142 - INFO - Analyzing 0:01:00 minute timechunk from 2025-01-08 09:49:48 to 2025-01-08 09:50:48 (0 min overlap)
2026-03-28 16:31:33,144 - INFO - Processing a total of 2 stations, 1 at a time.
2026-03-28 16:31:35,567 - INFO - (1/2) FIA0: Finished the prediction in 0.14s. (HP=1.0, LP=45.0, picks=2)
2026-03-28 16:31:35,660 - INFO - (2/2) FIA1: Finished the prediction in 0.09s. (HP=1.0, LP=45.0, picks=2)
2026-03-28 16:31:35,662 - INFO - 
2026-03-28 16:31:35,665 - INFO - ------- Parallel Station Waveform Processing Complete For 2025-01-08 09:49:48 to 2025-01-08 09:50:48 Timechunk-------
2026-03-28 16:31:35,669 - INFO - Picks saved at /home/blackwinter/projects/eqcct/eqcctpro/results/csv/eqt_explosions_th0_1/20250108T094948Z_20250108T095048ZProcess Runtime: 2.53 s
2026-03-28 16:31:35,675 - INFO - Successfully ran EQCCTPro, exiting...
2026-03-28 16:31:37,196 - INFO - Ray Successfully Shutdown.
2026-03-28 16:31:37,197 - INFO - ------- Successfully Picked All Waveform(s) from all Timechunk(s) -------
