2026-03-28 21:37:57,286 - INFO - 
2026-03-28 21:37:57,286 - INFO - ------- Welcome to EQCCTPro -------
2026-03-28 21:37:57,286 - INFO - 
2026-03-28 21:37:57,287 - INFO - Running EQCCT over Requested MSeed Files using CPU(s)...
2026-03-28 21:37:57,287 - INFO - GPU disabled (CPU-only).
2026-03-28 23:06:45,176 - INFO - 
2026-03-28 23:06:45,177 - INFO - ------- Welcome to EQCCTPro -------
2026-03-28 23:06:45,177 - INFO - 
2026-03-28 23:06:45,177 - INFO - Running EQCCT over Requested MSeed Files using CPU(s)...
2026-03-28 23:06:45,178 - INFO - GPU disabled (CPU-only).
2026-03-28 23:06:45,178 - INFO - Configured Intra-op threads = 1
2026-03-28 23:06:45,178 - INFO - Configured Inter-op threads = 1
2026-03-28 23:06:45,178 - INFO - TensorFlow: No GPUs visible; TF will proceed on CPU.
2026-03-28 23:06:45,178 - INFO - 
2026-03-28 23:06:50,211 - INFO - Ray Successfully Initialized with 4 CPU(s) ([0, 1, 2, 3] CPU Affinity Binding).
2026-03-28 23:06:50,211 - INFO - Analyzing 1 time chunk(s) from 2025-01-07 14:26:27 to 2025-01-07 14:27:27 (dt=1min, overlap=0min).
2026-03-28 23:06:50,211 - INFO - Using 1 selected station(s).
2026-03-28 23:06:50,211 - INFO - 
2026-03-28 23:06:50,212 - INFO - ------- Starting EQCCTPro... -------
2026-03-28 23:06:50,212 - INFO - Detailed subprocess information can be found in the log file.
2026-03-28 23:06:50,212 - INFO - 
2026-03-28 23:06:50,608 - INFO - GPU disabled (CPU-only).
2026-03-28 23:06:52,218 - INFO - Configured Intra-op threads = 1
2026-03-28 23:06:52,221 - INFO - Configured Inter-op threads = 1
2026-03-28 23:06:52,269 - INFO - TensorFlow: No GPUs visible; TF will proceed on CPU.
2026-03-28 23:06:52,272 - INFO - 
2026-03-28 23:06:52,275 - INFO - ------- Hardware Configuration -------
2026-03-28 23:06:52,278 - INFO - CPU affinity set to cores: [0, 1, 2, 3]
2026-03-28 23:06:52,280 - INFO - 
2026-03-28 23:06:52,283 - INFO - ------- Data Preprocessing for EQCCTPro -------
2026-03-28 23:06:52,286 - INFO - 1 station(s) in /home/blackwinter/projects/eqcct/eqcctpro/data/waveforms_explosions_nonoise/20250107T142627Z_20250107T142727Z
2026-03-28 23:06:52,288 - INFO - Using 1 selected station(s): ['RAF'].
2026-03-28 23:06:52,291 - INFO - Creating model actor(s)...
2026-03-28 23:06:52,293 - INFO - System RAM: Total=7870 MB, Available=3785 MB
2026-03-28 23:06:52,296 - INFO - Usable RAM budget: 7083 MB (90% of total)
2026-03-28 23:06:52,298 - INFO - ===== MEMORY-AWARE CPU ACTOR POOL (EQCCT) =====
2026-03-28 23:06:52,301 - INFO - Requested concurrent tasks: 1
2026-03-28 23:06:52,304 - INFO - Available CPUs: 4
2026-03-28 23:06:52,306 - INFO - Available RAM: 7083 MB
2026-03-28 23:06:52,309 - INFO - RAM per model: 2264 MB
2026-03-28 23:06:52,311 - INFO - Max actors by RAM: 3
2026-03-28 23:06:52,313 - INFO - Creating 1 ModelActor(s)
2026-03-28 23:06:52,316 - INFO - Let Ray handle scheduling (taskset already restricts CPU visibility)
2026-03-28 23:06:52,318 - INFO - Creating ModelActor 1/1 (2.21GB RAM each)...
2026-03-28 23:06:56,754 - INFO - ModelActor 1 created successfully.
2026-03-28 23:06:56,756 - INFO - Created 1 CPU actor(s). Task queue will handle concurrency.
2026-03-28 23:06:56,759 - INFO - Starting EQCCTPro parallelized waveform processing...
2026-03-28 23:06:56,762 - INFO - 
2026-03-28 23:06:56,765 - INFO - ------- Analyzing Seismic Waveforms for P and S Picks via EQCCT -------
2026-03-28 23:06:56,768 - INFO - Analyzing 0:01:00 minute timechunk from 2025-01-07 14:26:27 to 2025-01-07 14:27:27 (0 min overlap)
2026-03-28 23:06:56,771 - INFO - Processing a total of 1 stations, 1 at a time.
2026-03-28 23:07:01,118 - INFO - (1/1) RAF: Finished the prediction in 2.41s. (HP=1.0, LP=45.0)
2026-03-28 23:07:01,120 - INFO - 
2026-03-28 23:07:01,123 - INFO - ------- Parallel Station Waveform Processing Complete For 2025-01-07 14:26:27 to 2025-01-07 14:27:27 Timechunk-------
2026-03-28 23:07:01,126 - INFO - Picks saved at /home/blackwinter/projects/eqcct/eqcctpro/results/csv/eqcct_explosions_th0_1/20250107T142627Z_20250107T142727ZProcess Runtime: 4.36 s
2026-03-28 23:07:01,131 - INFO - Successfully ran EQCCTPro, exiting...
2026-03-28 23:07:02,567 - INFO - Ray Successfully Shutdown.
2026-03-28 23:07:02,567 - INFO - ------- Successfully Picked All Waveform(s) from all Timechunk(s) -------
