2026-03-19 23:11:28,720 - INFO - 
2026-03-19 23:11:28,720 - INFO - ------- Welcome to EQCCTPro -------
2026-03-19 23:11:28,720 - INFO - 
2026-03-19 23:11:28,721 - INFO - Running EQCCT over Requested MSeed Files using CPU(s)...
2026-03-19 23:11:28,721 - INFO - GPU disabled (CPU-only).
2026-03-19 23:11:28,721 - INFO - Configured Intra-op threads = 1
2026-03-19 23:11:28,721 - INFO - Configured Inter-op threads = 1
2026-03-19 23:11:28,721 - INFO - TensorFlow: No GPUs visible; TF will proceed on CPU.
2026-03-19 23:11:28,722 - INFO - 
2026-03-19 23:11:34,313 - INFO - Ray Successfully Initialized with 4 CPU(s) ([0, 1, 2, 3] CPU Affinity Binding).
2026-03-19 23:11:34,313 - INFO - Analyzing 1 time chunk(s) from 2025-01-26 19:07:08 to 2025-01-26 19:08:08 (dt=1min, overlap=0min).
2026-03-19 23:11:34,314 - INFO - Using 1 selected station(s).
2026-03-19 23:11:34,314 - INFO - 
2026-03-19 23:11:34,314 - INFO - ------- Starting EQCCTPro... -------
2026-03-19 23:11:34,314 - INFO - Detailed subprocess information can be found in the log file.
2026-03-19 23:11:34,314 - INFO - 
2026-03-19 23:11:34,692 - INFO - GPU disabled (CPU-only).
2026-03-19 23:11:36,179 - INFO - Configured Intra-op threads = 1
2026-03-19 23:11:36,181 - INFO - Configured Inter-op threads = 1
2026-03-19 23:11:36,223 - INFO - TensorFlow: No GPUs visible; TF will proceed on CPU.
2026-03-19 23:11:36,225 - INFO - 
2026-03-19 23:11:36,227 - INFO - ------- Hardware Configuration -------
2026-03-19 23:11:36,229 - INFO - CPU affinity set to cores: [0, 1, 2, 3]
2026-03-19 23:11:36,231 - INFO - 
2026-03-19 23:11:36,233 - INFO - ------- Data Preprocessing for EQCCTPro -------
2026-03-19 23:11:36,234 - INFO - 1 station(s) in /home/blackwinter/projects/eqcct/eqcctpro/data/waveforms_earthquakes_nonoise/20250126T190708Z_20250126T190808Z
2026-03-19 23:11:36,236 - INFO - Using 1 selected station(s): ['KIF'].
2026-03-19 23:11:36,238 - INFO - Creating model actor(s)...
2026-03-19 23:11:36,240 - INFO - System RAM: Total=7870 MB, Available=2842 MB
2026-03-19 23:11:36,242 - INFO - Usable RAM budget: 7083 MB (90% of total)
2026-03-19 23:11:36,245 - INFO - ===== MEMORY-AWARE CPU ACTOR POOL (EQCCT) =====
2026-03-19 23:11:36,247 - INFO - Requested concurrent tasks: 1
2026-03-19 23:11:36,249 - INFO - Available CPUs: 4
2026-03-19 23:11:36,251 - INFO - Available RAM: 7083 MB
2026-03-19 23:11:36,254 - INFO - RAM per model: 2264 MB
2026-03-19 23:11:36,256 - INFO - Max actors by RAM: 3
2026-03-19 23:11:36,258 - INFO - Creating 1 ModelActor(s)
2026-03-19 23:11:36,260 - INFO - Let Ray handle scheduling (taskset already restricts CPU visibility)
2026-03-19 23:11:36,262 - INFO - Creating ModelActor 1/1 (2.21GB RAM each)...
2026-03-19 23:11:40,381 - INFO - ModelActor 1 created successfully.
2026-03-19 23:11:40,385 - INFO - Created 1 CPU actor(s). Task queue will handle concurrency.
2026-03-19 23:11:40,389 - INFO - Starting EQCCTPro parallelized waveform processing...
2026-03-19 23:11:40,391 - INFO - 
2026-03-19 23:11:40,393 - INFO - ------- Analyzing Seismic Waveforms for P and S Picks via EQCCT -------
2026-03-19 23:11:40,396 - INFO - Analyzing 0:01:00 minute timechunk from 2025-01-26 19:07:08 to 2025-01-26 19:08:08 (0 min overlap)
2026-03-19 23:11:40,398 - INFO - Processing a total of 1 stations, 1 at a time.
2026-03-19 23:11:44,424 - INFO - (1/1) KIF: Finished the prediction in 2.13s. (HP=1.0, LP=45.0)
2026-03-19 23:11:44,426 - INFO - 
2026-03-19 23:11:44,428 - INFO - ------- Parallel Station Waveform Processing Complete For 2025-01-26 19:07:08 to 2025-01-26 19:08:08 Timechunk-------
2026-03-19 23:11:44,440 - INFO - Successfully ran EQCCTPro, exiting...
2026-03-19 23:11:44,431 - INFO - Picks saved at /home/blackwinter/projects/eqcct/eqcctpro/results/csv/eqcct_earthquakes_th0_1/20250126T190708Z_20250126T190808ZProcess Runtime: 4.04 s
2026-03-19 23:11:45,952 - INFO - Ray Successfully Shutdown.
2026-03-19 23:11:45,952 - INFO - ------- Successfully Picked All Waveform(s) from all Timechunk(s) -------
