2026-03-29 18:54:16,883 - INFO - 
2026-03-29 18:54:16,883 - INFO - ------- Welcome to EQCCTPro -------
2026-03-29 18:54:16,884 - INFO - 
2026-03-29 18:54:16,884 - INFO - Running EQCCT over Requested MSeed Files using CPU(s)...
2026-03-29 18:54:16,885 - INFO - GPU disabled (CPU-only).
2026-03-29 18:54:16,885 - INFO - Configured Intra-op threads = 1
2026-03-29 18:54:16,885 - INFO - Configured Inter-op threads = 1
2026-03-29 18:54:16,885 - INFO - TensorFlow: No GPUs visible; TF will proceed on CPU.
2026-03-29 18:54:16,885 - INFO - 
2026-03-29 18:54:22,764 - INFO - Ray Successfully Initialized with 4 CPU(s) ([0, 1, 2, 3] CPU Affinity Binding).
2026-03-29 18:54:22,765 - INFO - Analyzing 1 time chunk(s) from 2025-01-13 06:42:58 to 2025-01-13 06:43:58 (dt=1min, overlap=0min).
2026-03-29 18:54:22,765 - INFO - Using 1 selected station(s).
2026-03-29 18:54:22,765 - INFO - 
2026-03-29 18:54:22,766 - INFO - ------- Starting EQCCTPro... -------
2026-03-29 18:54:22,766 - INFO - Detailed subprocess information can be found in the log file.
2026-03-29 18:54:22,766 - INFO - 
2026-03-29 18:54:23,175 - INFO - GPU disabled (CPU-only).
2026-03-29 18:54:24,835 - INFO - Configured Intra-op threads = 1
2026-03-29 18:54:24,837 - INFO - Configured Inter-op threads = 1
2026-03-29 18:54:24,886 - INFO - TensorFlow: No GPUs visible; TF will proceed on CPU.
2026-03-29 18:54:24,888 - INFO - 
2026-03-29 18:54:24,891 - INFO - ------- Hardware Configuration -------
2026-03-29 18:54:24,894 - INFO - CPU affinity set to cores: [0, 1, 2, 3]
2026-03-29 18:54:24,897 - INFO - 
2026-03-29 18:54:24,899 - INFO - ------- Data Preprocessing for EQCCTPro -------
2026-03-29 18:54:24,901 - INFO - 1 station(s) in /home/blackwinter/projects/eqcct/eqcctpro/data/waveforms_noise_only/20250113T064258Z_20250113T064358Z
2026-03-29 18:54:24,904 - INFO - Using 1 selected station(s): ['MEF'].
2026-03-29 18:54:24,907 - INFO - Creating model actor(s)...
2026-03-29 18:54:24,909 - INFO - System RAM: Total=7870 MB, Available=3968 MB
2026-03-29 18:54:24,911 - INFO - Usable RAM budget: 7083 MB (90% of total)
2026-03-29 18:54:24,914 - INFO - ===== MEMORY-AWARE CPU ACTOR POOL (EQCCT) =====
2026-03-29 18:54:24,916 - INFO - Requested concurrent tasks: 1
2026-03-29 18:54:24,918 - INFO - Available CPUs: 4
2026-03-29 18:54:24,920 - INFO - Available RAM: 7083 MB
2026-03-29 18:54:24,922 - INFO - RAM per model: 2264 MB
2026-03-29 18:54:24,924 - INFO - Max actors by RAM: 3
2026-03-29 18:54:24,926 - INFO - Creating 1 ModelActor(s)
2026-03-29 18:54:24,928 - INFO - Let Ray handle scheduling (taskset already restricts CPU visibility)
2026-03-29 18:54:24,931 - INFO - Creating ModelActor 1/1 (2.21GB RAM each)...
2026-03-29 18:54:29,372 - INFO - ModelActor 1 created successfully.
2026-03-29 18:54:29,375 - INFO - Created 1 CPU actor(s). Task queue will handle concurrency.
2026-03-29 18:54:29,378 - INFO - Starting EQCCTPro parallelized waveform processing...
2026-03-29 18:54:29,385 - INFO - 
2026-03-29 18:54:29,389 - INFO - ------- Analyzing Seismic Waveforms for P and S Picks via EQCCT -------
2026-03-29 18:54:29,393 - INFO - Analyzing 0:01:00 minute timechunk from 2025-01-13 06:42:58 to 2025-01-13 06:43:58 (0 min overlap)
2026-03-29 18:54:29,396 - INFO - Processing a total of 1 stations, 1 at a time.
2026-03-29 18:54:34,156 - INFO - (1/1) MEF: Finished the prediction in 2.64s. (HP=1.0, LP=45.0)
2026-03-29 18:54:34,160 - INFO - 
2026-03-29 18:54:34,164 - INFO - ------- Parallel Station Waveform Processing Complete For 2025-01-13 06:42:58 to 2025-01-13 06:43:58 Timechunk-------
2026-03-29 18:54:34,167 - INFO - Picks saved at /home/blackwinter/projects/eqcct/eqcctpro/results/csv/eqcct_noise_th0_1/20250113T064258Z_20250113T064358ZProcess Runtime: 4.78 s
2026-03-29 18:54:34,172 - INFO - Successfully ran EQCCTPro, exiting...
2026-03-29 18:54:36,010 - INFO - Ray Successfully Shutdown.
2026-03-29 18:54:36,011 - INFO - ------- Successfully Picked All Waveform(s) from all Timechunk(s) -------
