2026-02-22 14:11:42,190 - INFO - 
2026-02-22 14:11:42,190 - INFO - ------- Welcome to EQCCTPro -------
2026-02-22 14:11:42,190 - INFO - 
2026-02-22 14:11:42,190 - INFO - Running EQCCT over Requested MSeed Files using CPU(s)...
2026-02-22 14:11:42,190 - INFO - GPU disabled (CPU-only).
2026-02-22 14:11:42,191 - INFO - Configured Intra-op threads = 1
2026-02-22 14:11:42,191 - INFO - Configured Inter-op threads = 1
2026-02-22 14:11:42,191 - INFO - TensorFlow: No GPUs visible; TF will proceed on CPU.
2026-02-22 14:11:42,191 - INFO - 
2026-02-22 14:11:47,548 - INFO - Ray Successfully Initialized with 4 CPU(s) ([0, 1, 2, 3] CPU Affinity Binding).
2026-02-22 14:11:47,548 - INFO - Analyzing 1 time chunk(s) from 2025-04-05 07:17:54 to 2025-04-05 07:18:54 (dt=1min, overlap=0min).
2026-02-22 14:11:47,548 - INFO - Using 1 selected station(s).
2026-02-22 14:11:47,549 - INFO - 
2026-02-22 14:11:47,549 - INFO - ------- Starting EQCCTPro... -------
2026-02-22 14:11:47,549 - INFO - Detailed subprocess information can be found in the log file.
2026-02-22 14:11:47,549 - INFO - 
2026-02-22 14:11:47,931 - INFO - GPU disabled (CPU-only).
2026-02-22 14:11:49,473 - INFO - Configured Intra-op threads = 1
2026-02-22 14:11:49,475 - INFO - Configured Inter-op threads = 1
2026-02-22 14:11:49,522 - INFO - TensorFlow: No GPUs visible; TF will proceed on CPU.
2026-02-22 14:11:49,525 - INFO - 
2026-02-22 14:11:49,527 - INFO - ------- Hardware Configuration -------
2026-02-22 14:11:49,529 - INFO - CPU affinity set to cores: [0, 1, 2, 3]
2026-02-22 14:11:49,531 - INFO - 
2026-02-22 14:11:49,534 - INFO - ------- Data Preprocessing for EQCCTPro -------
2026-02-22 14:11:49,536 - INFO - 1 station(s) in /home/blackwinter/projects/eqcct/eqcctpro/data/waveforms_earthquakes_nonoise/20250405T071754Z_20250405T071854Z
2026-02-22 14:11:49,538 - INFO - Using 1 selected station(s): ['KU1'].
2026-02-22 14:11:49,541 - INFO - Creating model actor(s)...
2026-02-22 14:11:49,543 - INFO - System RAM: Total=7870 MB, Available=2678 MB
2026-02-22 14:11:49,545 - INFO - Usable RAM budget: 7083 MB (90% of total)
2026-02-22 14:11:49,547 - INFO - ===== MEMORY-AWARE CPU ACTOR POOL (EQCCT) =====
2026-02-22 14:11:49,549 - INFO - Requested concurrent tasks: 1
2026-02-22 14:11:49,552 - INFO - Available CPUs: 4
2026-02-22 14:11:49,554 - INFO - Available RAM: 7083 MB
2026-02-22 14:11:49,556 - INFO - RAM per model: 2264 MB
2026-02-22 14:11:49,558 - INFO - Max actors by RAM: 3
2026-02-22 14:11:49,561 - INFO - Creating 1 ModelActor(s)
2026-02-22 14:11:49,563 - INFO - Let Ray handle scheduling (taskset already restricts CPU visibility)
2026-02-22 14:11:49,565 - INFO - Creating ModelActor 1/1 (2.21GB RAM each)...
2026-02-22 14:11:53,506 - INFO - ModelActor 1 created successfully.
2026-02-22 14:11:53,508 - INFO - Created 1 CPU actor(s). Task queue will handle concurrency.
2026-02-22 14:11:53,510 - INFO - Starting EQCCTPro parallelized waveform processing...
2026-02-22 14:11:53,512 - INFO - 
2026-02-22 14:11:53,514 - INFO - ------- Analyzing Seismic Waveforms for P and S Picks via EQCCT -------
2026-02-22 14:11:53,517 - INFO - Analyzing 0:01:00 minute timechunk from 2025-04-05 07:17:54 to 2025-04-05 07:18:54 (0 min overlap)
2026-02-22 14:11:53,519 - INFO - Processing a total of 1 stations, 1 at a time.
2026-02-22 14:11:55,622 - INFO - (1/1) KU1: FAILED reading mSEED.
2026-02-22 14:11:55,632 - INFO - 
2026-02-22 14:11:55,635 - INFO - ------- Parallel Station Waveform Processing Complete For 2025-04-05 07:17:54 to 2025-04-05 07:18:54 Timechunk-------
2026-02-22 14:11:55,637 - INFO - Picks saved at /home/blackwinter/projects/eqcct/eqcctpro/results/csv/bm_eq_nonoise/20250405T071754Z_20250405T071854ZProcess Runtime: 2.12 s
2026-02-22 14:11:55,646 - INFO - Successfully ran EQCCTPro, exiting...
2026-02-22 14:11:57,329 - INFO - Ray Successfully Shutdown.
2026-02-22 14:11:57,329 - INFO - ------- Successfully Picked All Waveform(s) from all Timechunk(s) -------
