2026-03-28 21:37:59,104 - INFO - 
2026-03-28 21:37:59,104 - INFO - ------- Welcome to EQCCTPro -------
2026-03-28 21:37:59,104 - INFO - 
2026-03-28 21:37:59,105 - INFO - Running EQCCT over Requested MSeed Files using CPU(s)...
2026-03-28 21:37:59,105 - INFO - GPU disabled (CPU-only).
2026-03-29 02:16:22,865 - INFO - 
2026-03-29 02:16:22,866 - INFO - ------- Welcome to EQCCTPro -------
2026-03-29 02:16:22,866 - INFO - 
2026-03-29 02:16:22,866 - INFO - Running EQCCT over Requested MSeed Files using CPU(s)...
2026-03-29 02:16:22,867 - INFO - GPU disabled (CPU-only).
2026-03-29 02:16:22,867 - INFO - Configured Intra-op threads = 1
2026-03-29 02:16:22,867 - INFO - Configured Inter-op threads = 1
2026-03-29 02:16:22,867 - INFO - TensorFlow: No GPUs visible; TF will proceed on CPU.
2026-03-29 02:16:22,867 - INFO - 
2026-03-29 02:16:28,742 - INFO - Ray Successfully Initialized with 4 CPU(s) ([0, 1, 2, 3] CPU Affinity Binding).
2026-03-29 02:16:28,743 - INFO - Analyzing 1 time chunk(s) from 2025-01-14 16:33:09 to 2025-01-14 16:34:09 (dt=1min, overlap=0min).
2026-03-29 02:16:28,743 - INFO - Using 2 selected station(s).
2026-03-29 02:16:28,743 - INFO - 
2026-03-29 02:16:28,743 - INFO - ------- Starting EQCCTPro... -------
2026-03-29 02:16:28,743 - INFO - Detailed subprocess information can be found in the log file.
2026-03-29 02:16:28,743 - INFO - 
2026-03-29 02:16:29,182 - INFO - GPU disabled (CPU-only).
2026-03-29 02:16:30,835 - INFO - Configured Intra-op threads = 1
2026-03-29 02:16:30,838 - INFO - Configured Inter-op threads = 1
2026-03-29 02:16:30,883 - INFO - TensorFlow: No GPUs visible; TF will proceed on CPU.
2026-03-29 02:16:30,885 - INFO - 
2026-03-29 02:16:30,888 - INFO - ------- Hardware Configuration -------
2026-03-29 02:16:30,891 - INFO - CPU affinity set to cores: [0, 1, 2, 3]
2026-03-29 02:16:30,894 - INFO - 
2026-03-29 02:16:30,897 - INFO - ------- Data Preprocessing for EQCCTPro -------
2026-03-29 02:16:30,900 - INFO - 2 station(s) in /home/blackwinter/projects/eqcct/eqcctpro/data/waveforms_explosions_nonoise/20250114T163309Z_20250114T163409Z
2026-03-29 02:16:30,903 - INFO - Using 2 selected station(s): ['HEL5', 'VUOS'].
2026-03-29 02:16:30,905 - INFO - Creating model actor(s)...
2026-03-29 02:16:30,908 - INFO - System RAM: Total=7870 MB, Available=3161 MB
2026-03-29 02:16:30,910 - INFO - Usable RAM budget: 7083 MB (90% of total)
2026-03-29 02:16:30,913 - INFO - ===== MEMORY-AWARE CPU ACTOR POOL (EQCCT) =====
2026-03-29 02:16:30,916 - INFO - Requested concurrent tasks: 1
2026-03-29 02:16:30,919 - INFO - Available CPUs: 4
2026-03-29 02:16:30,921 - INFO - Available RAM: 7083 MB
2026-03-29 02:16:30,924 - INFO - RAM per model: 2264 MB
2026-03-29 02:16:30,926 - INFO - Max actors by RAM: 3
2026-03-29 02:16:30,929 - INFO - Creating 1 ModelActor(s)
2026-03-29 02:16:30,932 - INFO - Let Ray handle scheduling (taskset already restricts CPU visibility)
2026-03-29 02:16:30,934 - INFO - Creating ModelActor 1/1 (2.21GB RAM each)...
2026-03-29 02:16:35,284 - INFO - ModelActor 1 created successfully.
2026-03-29 02:16:35,286 - INFO - Created 1 CPU actor(s). Task queue will handle concurrency.
2026-03-29 02:16:35,289 - INFO - Starting EQCCTPro parallelized waveform processing...
2026-03-29 02:16:35,292 - INFO - 
2026-03-29 02:16:35,295 - INFO - ------- Analyzing Seismic Waveforms for P and S Picks via EQCCT -------
2026-03-29 02:16:35,298 - INFO - Analyzing 0:01:00 minute timechunk from 2025-01-14 16:33:09 to 2025-01-14 16:34:09 (0 min overlap)
2026-03-29 02:16:35,300 - INFO - Processing a total of 2 stations, 1 at a time.
2026-03-29 02:16:39,860 - INFO - (1/2) HEL5: Finished the prediction in 2.43s. (HP=1.0, LP=45.0)
2026-03-29 02:16:39,968 - INFO - (2/2) VUOS: Finished the prediction in 0.1s. (HP=1.0, LP=45.0)
2026-03-29 02:16:39,971 - INFO - 
2026-03-29 02:16:39,973 - INFO - ------- Parallel Station Waveform Processing Complete For 2025-01-14 16:33:09 to 2025-01-14 16:34:09 Timechunk-------
2026-03-29 02:16:39,976 - INFO - Picks saved at /home/blackwinter/projects/eqcct/eqcctpro/results/csv/eqcct_explosions_th0_1/20250114T163309Z_20250114T163409ZProcess Runtime: 4.68 s
2026-03-29 02:16:39,981 - INFO - Successfully ran EQCCTPro, exiting...
2026-03-29 02:16:41,395 - INFO - Ray Successfully Shutdown.
2026-03-29 02:16:41,395 - INFO - ------- Successfully Picked All Waveform(s) from all Timechunk(s) -------
