2026-03-27 17:37:25,795 - INFO - 
2026-03-27 17:37:25,796 - INFO - ------- Welcome to EQCCTPro -------
2026-03-27 17:37:25,796 - INFO - 
2026-03-27 17:37:25,796 - INFO - Running EQCCT over Requested MSeed Files using CPU(s)...
2026-03-27 17:37:25,796 - INFO - GPU disabled (CPU-only).
2026-03-27 17:37:25,796 - INFO - Skipping framework-specific initialization in the driver process.
2026-03-27 17:37:28,191 - INFO - Ray Successfully Initialized with 4 CPU(s) ([0, 1, 2, 3] CPU Affinity Binding).
2026-03-27 17:37:28,192 - INFO - Analyzing 1 time chunk(s) from 2025-02-09 07:47:17 to 2025-02-09 07:48:17 (dt=1min, overlap=0min).
2026-03-27 17:37:28,192 - INFO - Using 1 selected station(s).
2026-03-27 17:37:28,192 - INFO - 
2026-03-27 17:37:28,192 - INFO - ------- Starting EQCCTPro... -------
2026-03-27 17:37:28,192 - INFO - Detailed subprocess information can be found in the log file.
2026-03-27 17:37:28,192 - INFO - 
2026-03-27 17:37:28,509 - INFO - GPU disabled (CPU-only).
2026-03-27 17:37:28,515 - INFO - Skipping framework-specific initialization in the driver process.
2026-03-27 17:37:28,519 - INFO - ------- Hardware Configuration -------
2026-03-27 17:37:28,522 - INFO - CPU affinity set to cores: [0, 1, 2, 3]
2026-03-27 17:37:28,525 - INFO - 
2026-03-27 17:37:28,527 - INFO - ------- Data Preprocessing for EQCCTPro -------
2026-03-27 17:37:28,530 - INFO - 1 station(s) in /home/blackwinter/projects/eqcct/eqcctpro/data/waveforms_earthquakes_nonoise/20250209T074717Z_20250209T074817Z
2026-03-27 17:37:28,532 - INFO - Using 1 selected station(s): ['KPF'].
2026-03-27 17:37:28,535 - INFO - Creating model actor(s)...
2026-03-27 17:37:28,537 - INFO - System RAM: Total=7870 MB, Available=6154 MB
2026-03-27 17:37:28,539 - INFO - Usable RAM budget: 7083 MB (90% of total)
2026-03-27 17:37:28,541 - INFO - ===== MEMORY-AWARE CPU ACTOR POOL =====
2026-03-27 17:37:28,543 - INFO - Requested concurrent tasks: 1
2026-03-27 17:37:28,545 - INFO - Available CPUs: 4
2026-03-27 17:37:28,547 - INFO - Available RAM: 7083 MB
2026-03-27 17:37:28,549 - INFO - RAM per model: 2060 MB
2026-03-27 17:37:28,551 - INFO - Max actors by RAM: 3
2026-03-27 17:37:28,553 - INFO - Creating 1 SeisBenchModelActor(s)
2026-03-27 17:37:28,555 - INFO - Let Ray handle scheduling (taskset already restricts CPU visibility)
2026-03-27 17:37:28,558 - INFO - Creating SeisBenchModelActor 1/1 (2.01GB RAM each)...
2026-03-27 17:37:31,848 - INFO - SeisBenchModelActor 1 created successfully.
2026-03-27 17:37:31,851 - INFO - Created 1 CPU actor(s). Task queue will handle concurrency.
2026-03-27 17:37:31,853 - INFO - Starting EQCCTPro parallelized waveform processing...
2026-03-27 17:37:31,855 - INFO - 
2026-03-27 17:37:31,857 - INFO - ------- Analyzing Seismic Waveforms for P and S Picks via SeisBench (EQTransformer - original_nonconservative) -------
2026-03-27 17:37:31,860 - INFO - Analyzing 0:01:00 minute timechunk from 2025-02-09 07:47:17 to 2025-02-09 07:48:17 (0 min overlap)
2026-03-27 17:37:31,863 - INFO - Processing a total of 1 stations, 1 at a time.
2026-03-27 17:37:34,143 - INFO - (1/1) KPF: Finished the prediction in 0.14s. (HP=1.0, LP=45.0, picks=0)
2026-03-27 17:37:34,146 - INFO - 
2026-03-27 17:37:34,148 - INFO - ------- Parallel Station Waveform Processing Complete For 2025-02-09 07:47:17 to 2025-02-09 07:48:17 Timechunk-------
2026-03-27 17:37:34,150 - INFO - Picks saved at /home/blackwinter/projects/eqcct/eqcctpro/results/csv/eqt_earthquakes_th0_1/20250209T074717Z_20250209T074817ZProcess Runtime: 2.29 s
2026-03-27 17:37:34,160 - INFO - Successfully ran EQCCTPro, exiting...
2026-03-27 17:37:35,779 - INFO - Ray Successfully Shutdown.
2026-03-27 17:37:35,779 - INFO - ------- Successfully Picked All Waveform(s) from all Timechunk(s) -------
2026-03-28 00:06:28,529 - INFO - 
2026-03-28 00:06:28,530 - INFO - ------- Welcome to EQCCTPro -------
2026-03-28 00:06:28,530 - INFO - 
2026-03-28 00:06:28,531 - INFO - Running EQCCT over Requested MSeed Files using CPU(s)...
2026-03-28 00:06:28,531 - INFO - GPU disabled (CPU-only).
2026-03-28 00:06:28,531 - INFO - Skipping framework-specific initialization in the driver process.
2026-03-28 00:06:31,444 - INFO - Ray Successfully Initialized with 4 CPU(s) ([0, 1, 2, 3] CPU Affinity Binding).
2026-03-28 00:06:31,445 - INFO - Analyzing 1 time chunk(s) from 2025-02-09 07:47:17 to 2025-02-09 07:48:17 (dt=1min, overlap=0min).
2026-03-28 00:06:31,445 - INFO - Using 1 selected station(s).
2026-03-28 00:06:31,445 - INFO - 
2026-03-28 00:06:31,445 - INFO - ------- Starting EQCCTPro... -------
2026-03-28 00:06:31,445 - INFO - Detailed subprocess information can be found in the log file.
2026-03-28 00:06:31,445 - INFO - 
2026-03-28 00:06:31,705 - INFO - GPU disabled (CPU-only).
2026-03-28 00:06:31,710 - INFO - Skipping framework-specific initialization in the driver process.
2026-03-28 00:06:31,712 - INFO - ------- Hardware Configuration -------
2026-03-28 00:06:31,715 - INFO - CPU affinity set to cores: [0, 1, 2, 3]
2026-03-28 00:06:31,717 - INFO - 
2026-03-28 00:06:31,719 - INFO - ------- Data Preprocessing for EQCCTPro -------
2026-03-28 00:06:31,721 - INFO - 1 station(s) in /home/blackwinter/projects/eqcct/eqcctpro/data/waveforms_earthquakes_nonoise/20250209T074717Z_20250209T074817Z
2026-03-28 00:06:31,723 - INFO - Using 1 selected station(s): ['KPF'].
2026-03-28 00:06:31,725 - INFO - Creating model actor(s)...
2026-03-28 00:06:31,727 - INFO - System RAM: Total=7870 MB, Available=5988 MB
2026-03-28 00:06:31,728 - INFO - Usable RAM budget: 7083 MB (90% of total)
2026-03-28 00:06:31,730 - INFO - ===== MEMORY-AWARE CPU ACTOR POOL =====
2026-03-28 00:06:31,732 - INFO - Requested concurrent tasks: 1
2026-03-28 00:06:31,734 - INFO - Available CPUs: 4
2026-03-28 00:06:31,736 - INFO - Available RAM: 7083 MB
2026-03-28 00:06:31,738 - INFO - RAM per model: 2060 MB
2026-03-28 00:06:31,740 - INFO - Max actors by RAM: 3
2026-03-28 00:06:31,741 - INFO - Creating 1 SeisBenchModelActor(s)
2026-03-28 00:06:31,743 - INFO - Let Ray handle scheduling (taskset already restricts CPU visibility)
2026-03-28 00:06:31,745 - INFO - Creating SeisBenchModelActor 1/1 (2.01GB RAM each)...
2026-03-28 00:06:34,317 - INFO - SeisBenchModelActor 1 created successfully.
2026-03-28 00:06:34,319 - INFO - Created 1 CPU actor(s). Task queue will handle concurrency.
2026-03-28 00:06:34,321 - INFO - Starting EQCCTPro parallelized waveform processing...
2026-03-28 00:06:34,323 - INFO - 
2026-03-28 00:06:34,325 - INFO - ------- Analyzing Seismic Waveforms for P and S Picks via SeisBench (EQTransformer - original_nonconservative) -------
2026-03-28 00:06:34,328 - INFO - Analyzing 0:01:00 minute timechunk from 2025-02-09 07:47:17 to 2025-02-09 07:48:17 (0 min overlap)
2026-03-28 00:06:34,330 - INFO - Processing a total of 1 stations, 1 at a time.
2026-03-28 00:06:36,231 - INFO - (1/1) KPF: Skipped (already exists - overwrite=False).
2026-03-28 00:06:36,234 - INFO - 
2026-03-28 00:06:36,236 - INFO - ------- Parallel Station Waveform Processing Complete For 2025-02-09 07:47:17 to 2025-02-09 07:48:17 Timechunk-------
2026-03-28 00:06:36,241 - INFO - Successfully ran EQCCTPro, exiting...
2026-03-28 00:06:36,238 - INFO - Picks saved at /home/blackwinter/projects/eqcct/eqcctpro/results/csv/eqt_earthquakes_th0_1/20250209T074717Z_20250209T074817ZProcess Runtime: 1.91 s
2026-03-28 00:06:37,567 - INFO - Ray Successfully Shutdown.
2026-03-28 00:06:37,567 - INFO - ------- Successfully Picked All Waveform(s) from all Timechunk(s) -------
