2026-03-10 23:24:31,090 - INFO - 
2026-03-10 23:24:31,090 - INFO - ------- Welcome to EQCCTPro -------
2026-03-10 23:24:31,090 - INFO - 
2026-03-10 23:24:31,091 - INFO - Running EQCCT over Requested MSeed Files using CPU(s)...
2026-03-10 23:24:31,091 - INFO - GPU disabled (CPU-only).
2026-03-10 23:24:31,091 - INFO - Configured Intra-op threads = 1
2026-03-10 23:24:31,091 - INFO - Configured Inter-op threads = 1
2026-03-10 23:24:31,091 - INFO - TensorFlow: No GPUs visible; TF will proceed on CPU.
2026-03-10 23:24:31,091 - INFO - 
2026-03-10 23:24:36,564 - INFO - Ray Successfully Initialized with 4 CPU(s) ([0, 1, 2, 3] CPU Affinity Binding).
2026-03-10 23:24:36,564 - INFO - Analyzing 1 time chunk(s) from 2025-01-09 02:44:59 to 2025-01-09 02:45:59 (dt=1min, overlap=0min).
2026-03-10 23:24:36,564 - INFO - Using 1 selected station(s).
2026-03-10 23:24:36,564 - INFO - 
2026-03-10 23:24:36,564 - INFO - ------- Starting EQCCTPro... -------
2026-03-10 23:24:36,565 - INFO - Detailed subprocess information can be found in the log file.
2026-03-10 23:24:36,565 - INFO - 
2026-03-10 23:24:36,947 - INFO - GPU disabled (CPU-only).
2026-03-10 23:24:38,409 - INFO - Configured Intra-op threads = 1
2026-03-10 23:24:38,411 - INFO - Configured Inter-op threads = 1
2026-03-10 23:24:38,452 - INFO - TensorFlow: No GPUs visible; TF will proceed on CPU.
2026-03-10 23:24:38,454 - INFO - 
2026-03-10 23:24:38,456 - INFO - ------- Hardware Configuration -------
2026-03-10 23:24:38,458 - INFO - CPU affinity set to cores: [0, 1, 2, 3]
2026-03-10 23:24:38,460 - INFO - 
2026-03-10 23:24:38,461 - INFO - ------- Data Preprocessing for EQCCTPro -------
2026-03-10 23:24:38,463 - INFO - 1 station(s) in /home/blackwinter/projects/eqcct/eqcctpro/data/waveforms_noise_only/20250109T024459Z_20250109T024559Z
2026-03-10 23:24:38,465 - INFO - Using 1 selected station(s): ['FIB2'].
2026-03-10 23:24:38,467 - INFO - Creating model actor(s)...
2026-03-10 23:24:38,469 - INFO - System RAM: Total=7870 MB, Available=2648 MB
2026-03-10 23:24:38,471 - INFO - Usable RAM budget: 7083 MB (90% of total)
2026-03-10 23:24:38,473 - INFO - ===== MEMORY-AWARE CPU ACTOR POOL (EQCCT) =====
2026-03-10 23:24:38,475 - INFO - Requested concurrent tasks: 1
2026-03-10 23:24:38,477 - INFO - Available CPUs: 4
2026-03-10 23:24:38,479 - INFO - Available RAM: 7083 MB
2026-03-10 23:24:38,481 - INFO - RAM per model: 2264 MB
2026-03-10 23:24:38,483 - INFO - Max actors by RAM: 3
2026-03-10 23:24:38,485 - INFO - Creating 1 ModelActor(s)
2026-03-10 23:24:38,488 - INFO - Let Ray handle scheduling (taskset already restricts CPU visibility)
2026-03-10 23:24:38,490 - INFO - Creating ModelActor 1/1 (2.21GB RAM each)...
2026-03-10 23:24:42,459 - INFO - ModelActor 1 created successfully.
2026-03-10 23:24:42,462 - INFO - Created 1 CPU actor(s). Task queue will handle concurrency.
2026-03-10 23:24:42,464 - INFO - Starting EQCCTPro parallelized waveform processing...
2026-03-10 23:24:42,466 - INFO - 
2026-03-10 23:24:42,467 - INFO - ------- Analyzing Seismic Waveforms for P and S Picks via EQCCT -------
2026-03-10 23:24:42,470 - INFO - Analyzing 0:01:00 minute timechunk from 2025-01-09 02:44:59 to 2025-01-09 02:45:59 (0 min overlap)
2026-03-10 23:24:42,472 - INFO - Processing a total of 1 stations, 1 at a time.
2026-03-10 23:24:46,535 - INFO - (1/1) FIB2: Finished the prediction in 2.14s. (HP=1.0, LP=45.0)
2026-03-10 23:24:46,538 - INFO - 
2026-03-10 23:24:46,539 - INFO - ------- Parallel Station Waveform Processing Complete For 2025-01-09 02:44:59 to 2025-01-09 02:45:59 Timechunk-------
2026-03-10 23:24:46,541 - INFO - Picks saved at /home/blackwinter/projects/eqcct/eqcctpro/results/csv/bm_noise_only/20250109T024459Z_20250109T024559ZProcess Runtime: 4.07 s
2026-03-10 23:24:46,546 - INFO - Successfully ran EQCCTPro, exiting...
2026-03-10 23:24:48,137 - INFO - Ray Successfully Shutdown.
2026-03-10 23:24:48,137 - INFO - ------- Successfully Picked All Waveform(s) from all Timechunk(s) -------
2026-03-11 14:07:20,800 - INFO - 
2026-03-11 14:07:20,806 - INFO - ------- Welcome to EQCCTPro -------
2026-03-11 14:07:20,807 - INFO - 
2026-03-11 14:07:20,807 - INFO - Running EQCCT over Requested MSeed Files using CPU(s)...
2026-03-11 14:07:20,807 - INFO - GPU disabled (CPU-only).
2026-03-11 14:07:20,808 - INFO - Configured Intra-op threads = 1
2026-03-11 14:07:20,808 - INFO - Configured Inter-op threads = 1
2026-03-11 14:07:20,808 - INFO - TensorFlow: No GPUs visible; TF will proceed on CPU.
2026-03-11 14:07:20,808 - INFO - 
2026-03-11 14:07:26,028 - INFO - Ray Successfully Initialized with 4 CPU(s) ([0, 1, 2, 3] CPU Affinity Binding).
2026-03-11 14:07:26,028 - INFO - Analyzing 1 time chunk(s) from 2025-01-09 02:44:59 to 2025-01-09 02:45:59 (dt=1min, overlap=0min).
2026-03-11 14:07:26,028 - INFO - Using 1 selected station(s).
2026-03-11 14:07:26,028 - INFO - 
2026-03-11 14:07:26,029 - INFO - ------- Starting EQCCTPro... -------
2026-03-11 14:07:26,029 - INFO - Detailed subprocess information can be found in the log file.
2026-03-11 14:07:26,029 - INFO - 
2026-03-11 14:07:26,378 - INFO - GPU disabled (CPU-only).
2026-03-11 14:07:27,890 - INFO - Configured Intra-op threads = 1
2026-03-11 14:07:27,892 - INFO - Configured Inter-op threads = 1
2026-03-11 14:07:27,929 - INFO - TensorFlow: No GPUs visible; TF will proceed on CPU.
2026-03-11 14:07:27,932 - INFO - 
2026-03-11 14:07:27,934 - INFO - ------- Hardware Configuration -------
2026-03-11 14:07:27,936 - INFO - CPU affinity set to cores: [0, 1, 2, 3]
2026-03-11 14:07:27,938 - INFO - 
2026-03-11 14:07:27,940 - INFO - ------- Data Preprocessing for EQCCTPro -------
2026-03-11 14:07:27,943 - INFO - 1 station(s) in /home/blackwinter/projects/eqcct/eqcctpro/data/waveforms_noise_only/20250109T024459Z_20250109T024559Z
2026-03-11 14:07:27,944 - INFO - Using 1 selected station(s): ['FIB2'].
2026-03-11 14:07:27,946 - INFO - Creating model actor(s)...
2026-03-11 14:07:27,948 - INFO - System RAM: Total=7870 MB, Available=3478 MB
2026-03-11 14:07:27,950 - INFO - Usable RAM budget: 7083 MB (90% of total)
2026-03-11 14:07:27,951 - INFO - ===== MEMORY-AWARE CPU ACTOR POOL (EQCCT) =====
2026-03-11 14:07:27,953 - INFO - Requested concurrent tasks: 1
2026-03-11 14:07:27,955 - INFO - Available CPUs: 4
2026-03-11 14:07:27,957 - INFO - Available RAM: 7083 MB
2026-03-11 14:07:27,959 - INFO - RAM per model: 2264 MB
2026-03-11 14:07:27,961 - INFO - Max actors by RAM: 3
2026-03-11 14:07:27,962 - INFO - Creating 1 ModelActor(s)
2026-03-11 14:07:27,964 - INFO - Let Ray handle scheduling (taskset already restricts CPU visibility)
2026-03-11 14:07:27,966 - INFO - Creating ModelActor 1/1 (2.21GB RAM each)...
2026-03-11 14:07:31,872 - INFO - ModelActor 1 created successfully.
2026-03-11 14:07:31,874 - INFO - Created 1 CPU actor(s). Task queue will handle concurrency.
2026-03-11 14:07:31,877 - INFO - Starting EQCCTPro parallelized waveform processing...
2026-03-11 14:07:31,879 - INFO - 
2026-03-11 14:07:31,881 - INFO - ------- Analyzing Seismic Waveforms for P and S Picks via EQCCT -------
2026-03-11 14:07:31,884 - INFO - Analyzing 0:01:00 minute timechunk from 2025-01-09 02:44:59 to 2025-01-09 02:45:59 (0 min overlap)
2026-03-11 14:07:31,886 - INFO - Processing a total of 1 stations, 1 at a time.
2026-03-11 14:07:33,910 - INFO - (1/1) FIB2: Skipped (already exists - overwrite=False).
2026-03-11 14:07:33,912 - INFO - 
2026-03-11 14:07:33,914 - INFO - ------- Parallel Station Waveform Processing Complete For 2025-01-09 02:44:59 to 2025-01-09 02:45:59 Timechunk-------
2026-03-11 14:07:33,920 - INFO - Successfully ran EQCCTPro, exiting...
2026-03-11 14:07:33,916 - INFO - Picks saved at /home/blackwinter/projects/eqcct/eqcctpro/results/csv/bm_noise_only/20250109T024459Z_20250109T024559ZProcess Runtime: 2.04 s
2026-03-11 14:07:35,501 - INFO - Ray Successfully Shutdown.
2026-03-11 14:07:35,501 - INFO - ------- Successfully Picked All Waveform(s) from all Timechunk(s) -------
