2026-03-28 10:34:14,389 - INFO - 
2026-03-28 10:34:14,390 - INFO - ------- Welcome to EQCCTPro -------
2026-03-28 10:34:14,390 - INFO - 
2026-03-28 10:34:14,390 - INFO - Running EQCCT over Requested MSeed Files using CPU(s)...
2026-03-28 10:34:14,390 - INFO - GPU disabled (CPU-only).
2026-03-28 10:34:14,390 - INFO - Skipping framework-specific initialization in the driver process.
2026-03-28 10:34:15,809 - INFO - Ray Successfully Initialized with 4 CPU(s) ([0, 1, 2, 3] CPU Affinity Binding).
2026-03-28 10:34:15,810 - INFO - Analyzing 1 time chunk(s) from 2025-01-05 18:48:41 to 2025-01-05 18:49:41 (dt=1min, overlap=0min).
2026-03-28 10:34:15,810 - INFO - Using 1 selected station(s).
2026-03-28 10:34:15,810 - INFO - 
2026-03-28 10:34:15,810 - INFO - ------- Starting EQCCTPro... -------
2026-03-28 10:34:15,810 - INFO - Detailed subprocess information can be found in the log file.
2026-03-28 10:34:15,810 - INFO - 
2026-03-28 10:34:16,097 - INFO - GPU disabled (CPU-only).
2026-03-28 10:34:16,102 - INFO - Skipping framework-specific initialization in the driver process.
2026-03-28 10:34:16,105 - INFO - ------- Hardware Configuration -------
2026-03-28 10:34:16,108 - INFO - CPU affinity set to cores: [0, 1, 2, 3]
2026-03-28 10:34:16,110 - INFO - 
2026-03-28 10:34:16,113 - INFO - ------- Data Preprocessing for EQCCTPro -------
2026-03-28 10:34:16,115 - INFO - 1 station(s) in /home/blackwinter/projects/eqcct/eqcctpro/data/waveforms_noise_only/20250105T184841Z_20250105T184941Z
2026-03-28 10:34:16,117 - INFO - Using 1 selected station(s): ['NIF'].
2026-03-28 10:34:16,119 - INFO - Creating model actor(s)...
2026-03-28 10:34:16,122 - INFO - System RAM: Total=7870 MB, Available=4703 MB
2026-03-28 10:34:16,124 - INFO - Usable RAM budget: 7083 MB (90% of total)
2026-03-28 10:34:16,127 - INFO - ===== MEMORY-AWARE CPU ACTOR POOL =====
2026-03-28 10:34:16,129 - INFO - Requested concurrent tasks: 1
2026-03-28 10:34:16,132 - INFO - Available CPUs: 4
2026-03-28 10:34:16,134 - INFO - Available RAM: 7083 MB
2026-03-28 10:34:16,136 - INFO - RAM per model: 2060 MB
2026-03-28 10:34:16,139 - INFO - Max actors by RAM: 3
2026-03-28 10:34:16,142 - INFO - Creating 1 SeisBenchModelActor(s)
2026-03-28 10:34:16,144 - INFO - Let Ray handle scheduling (taskset already restricts CPU visibility)
2026-03-28 10:34:16,147 - INFO - Creating SeisBenchModelActor 1/1 (2.01GB RAM each)...
2026-03-28 10:34:18,743 - INFO - SeisBenchModelActor 1 created successfully.
2026-03-28 10:34:18,745 - INFO - Created 1 CPU actor(s). Task queue will handle concurrency.
2026-03-28 10:34:18,748 - INFO - Starting EQCCTPro parallelized waveform processing...
2026-03-28 10:34:18,750 - INFO - 
2026-03-28 10:34:18,752 - INFO - ------- Analyzing Seismic Waveforms for P and S Picks via SeisBench (EQTransformer - original_nonconservative) -------
2026-03-28 10:34:18,755 - INFO - Analyzing 0:01:00 minute timechunk from 2025-01-05 18:48:41 to 2025-01-05 18:49:41 (0 min overlap)
2026-03-28 10:34:18,758 - INFO - Processing a total of 1 stations, 1 at a time.
2026-03-28 10:34:20,959 - INFO - (1/1) NIF: Finished the prediction in 0.14s. (HP=1.0, LP=45.0, picks=0)
2026-03-28 10:34:20,961 - INFO - 
2026-03-28 10:34:20,963 - INFO - ------- Parallel Station Waveform Processing Complete For 2025-01-05 18:48:41 to 2025-01-05 18:49:41 Timechunk-------
2026-03-28 10:34:20,966 - INFO - Picks saved at /home/blackwinter/projects/eqcct/eqcctpro/results/csv/eqt_noise_th0_1/20250105T184841Z_20250105T184941ZProcess Runtime: 2.21 s
2026-03-28 10:34:20,972 - INFO - Successfully ran EQCCTPro, exiting...
2026-03-28 10:34:22,484 - INFO - Ray Successfully Shutdown.
2026-03-28 10:34:22,484 - INFO - ------- Successfully Picked All Waveform(s) from all Timechunk(s) -------
