2026-03-10 18:45:12,332 - INFO - 
2026-03-10 18:45:12,332 - INFO - ------- Welcome to EQCCTPro -------
2026-03-10 18:45:12,332 - INFO - 
2026-03-10 18:45:12,333 - INFO - Running EQCCT over Requested MSeed Files using CPU(s)...
2026-03-10 18:45:12,333 - INFO - GPU disabled (CPU-only).
2026-03-10 18:45:12,333 - INFO - Configured Intra-op threads = 1
2026-03-10 18:45:12,333 - INFO - Configured Inter-op threads = 1
2026-03-10 18:45:12,334 - INFO - TensorFlow: No GPUs visible; TF will proceed on CPU.
2026-03-10 18:45:12,334 - INFO - 
2026-03-10 18:45:17,738 - INFO - Ray Successfully Initialized with 4 CPU(s) ([0, 1, 2, 3] CPU Affinity Binding).
2026-03-10 18:45:17,739 - INFO - Analyzing 1 time chunk(s) from 2025-01-03 19:09:07 to 2025-01-03 19:10:07 (dt=1min, overlap=0min).
2026-03-10 18:45:17,739 - INFO - Using 1 selected station(s).
2026-03-10 18:45:17,739 - INFO - 
2026-03-10 18:45:17,739 - INFO - ------- Starting EQCCTPro... -------
2026-03-10 18:45:17,739 - INFO - Detailed subprocess information can be found in the log file.
2026-03-10 18:45:17,739 - INFO - 
2026-03-10 18:45:18,134 - INFO - GPU disabled (CPU-only).
2026-03-10 18:45:19,665 - INFO - Configured Intra-op threads = 1
2026-03-10 18:45:19,668 - INFO - Configured Inter-op threads = 1
2026-03-10 18:45:19,718 - INFO - TensorFlow: No GPUs visible; TF will proceed on CPU.
2026-03-10 18:45:19,720 - INFO - 
2026-03-10 18:45:19,723 - INFO - ------- Hardware Configuration -------
2026-03-10 18:45:19,725 - INFO - CPU affinity set to cores: [0, 1, 2, 3]
2026-03-10 18:45:19,727 - INFO - 
2026-03-10 18:45:19,730 - INFO - ------- Data Preprocessing for EQCCTPro -------
2026-03-10 18:45:19,732 - INFO - 1 station(s) in /home/blackwinter/projects/eqcct/eqcctpro/data/waveforms_noise_only/20250103T190907Z_20250103T191007Z
2026-03-10 18:45:19,734 - INFO - Using 1 selected station(s): ['OBF3'].
2026-03-10 18:45:19,736 - INFO - Creating model actor(s)...
2026-03-10 18:45:19,738 - INFO - System RAM: Total=7870 MB, Available=3862 MB
2026-03-10 18:45:19,740 - INFO - Usable RAM budget: 7083 MB (90% of total)
2026-03-10 18:45:19,742 - INFO - ===== MEMORY-AWARE CPU ACTOR POOL (EQCCT) =====
2026-03-10 18:45:19,744 - INFO - Requested concurrent tasks: 1
2026-03-10 18:45:19,745 - INFO - Available CPUs: 4
2026-03-10 18:45:19,748 - INFO - Available RAM: 7083 MB
2026-03-10 18:45:19,750 - INFO - RAM per model: 2264 MB
2026-03-10 18:45:19,752 - INFO - Max actors by RAM: 3
2026-03-10 18:45:19,754 - INFO - Creating 1 ModelActor(s)
2026-03-10 18:45:19,756 - INFO - Let Ray handle scheduling (taskset already restricts CPU visibility)
2026-03-10 18:45:19,758 - INFO - Creating ModelActor 1/1 (2.21GB RAM each)...
2026-03-10 18:45:23,686 - INFO - ModelActor 1 created successfully.
2026-03-10 18:45:23,688 - INFO - Created 1 CPU actor(s). Task queue will handle concurrency.
2026-03-10 18:45:23,690 - INFO - Starting EQCCTPro parallelized waveform processing...
2026-03-10 18:45:23,692 - INFO - 
2026-03-10 18:45:23,693 - INFO - ------- Analyzing Seismic Waveforms for P and S Picks via EQCCT -------
2026-03-10 18:45:23,696 - INFO - Analyzing 0:01:00 minute timechunk from 2025-01-03 19:09:07 to 2025-01-03 19:10:07 (0 min overlap)
2026-03-10 18:45:23,698 - INFO - Processing a total of 1 stations, 1 at a time.
2026-03-10 18:45:27,737 - INFO - (1/1) OBF3: Finished the prediction in 2.14s. (HP=1.0, LP=45.0)
2026-03-10 18:45:27,739 - INFO - 
2026-03-10 18:45:27,741 - INFO - ------- Parallel Station Waveform Processing Complete For 2025-01-03 19:09:07 to 2025-01-03 19:10:07 Timechunk-------
2026-03-10 18:45:27,744 - INFO - Picks saved at /home/blackwinter/projects/eqcct/eqcctpro/results/csv/bm_noise_only/20250103T190907Z_20250103T191007ZProcess Runtime: 4.05 s
2026-03-10 18:45:27,749 - INFO - Successfully ran EQCCTPro, exiting...
2026-03-10 18:45:29,057 - INFO - Ray Successfully Shutdown.
2026-03-10 18:45:29,057 - INFO - ------- Successfully Picked All Waveform(s) from all Timechunk(s) -------
2026-03-11 10:06:01,064 - INFO - 
2026-03-11 10:06:01,065 - INFO - ------- Welcome to EQCCTPro -------
2026-03-11 10:06:01,065 - INFO - 
2026-03-11 10:06:01,066 - INFO - Running EQCCT over Requested MSeed Files using CPU(s)...
2026-03-11 10:06:01,066 - INFO - GPU disabled (CPU-only).
2026-03-11 10:06:01,066 - INFO - Configured Intra-op threads = 1
2026-03-11 10:06:01,066 - INFO - Configured Inter-op threads = 1
2026-03-11 10:06:01,066 - INFO - TensorFlow: No GPUs visible; TF will proceed on CPU.
2026-03-11 10:06:01,066 - INFO - 
2026-03-11 10:06:06,390 - INFO - Ray Successfully Initialized with 4 CPU(s) ([0, 1, 2, 3] CPU Affinity Binding).
2026-03-11 10:06:06,390 - INFO - Analyzing 1 time chunk(s) from 2025-01-03 19:09:07 to 2025-01-03 19:10:07 (dt=1min, overlap=0min).
2026-03-11 10:06:06,390 - INFO - Using 1 selected station(s).
2026-03-11 10:06:06,391 - INFO - 
2026-03-11 10:06:06,391 - INFO - ------- Starting EQCCTPro... -------
2026-03-11 10:06:06,391 - INFO - Detailed subprocess information can be found in the log file.
2026-03-11 10:06:06,391 - INFO - 
2026-03-11 10:06:06,767 - INFO - GPU disabled (CPU-only).
2026-03-11 10:06:08,287 - INFO - Configured Intra-op threads = 1
2026-03-11 10:06:08,290 - INFO - Configured Inter-op threads = 1
2026-03-11 10:06:08,330 - INFO - TensorFlow: No GPUs visible; TF will proceed on CPU.
2026-03-11 10:06:08,333 - INFO - 
2026-03-11 10:06:08,335 - INFO - ------- Hardware Configuration -------
2026-03-11 10:06:08,337 - INFO - CPU affinity set to cores: [0, 1, 2, 3]
2026-03-11 10:06:08,339 - INFO - 
2026-03-11 10:06:08,341 - INFO - ------- Data Preprocessing for EQCCTPro -------
2026-03-11 10:06:08,344 - INFO - 1 station(s) in /home/blackwinter/projects/eqcct/eqcctpro/data/waveforms_noise_only/20250103T190907Z_20250103T191007Z
2026-03-11 10:06:08,346 - INFO - Using 1 selected station(s): ['OBF3'].
2026-03-11 10:06:08,348 - INFO - Creating model actor(s)...
2026-03-11 10:06:08,350 - INFO - System RAM: Total=7870 MB, Available=4601 MB
2026-03-11 10:06:08,352 - INFO - Usable RAM budget: 7083 MB (90% of total)
2026-03-11 10:06:08,353 - INFO - ===== MEMORY-AWARE CPU ACTOR POOL (EQCCT) =====
2026-03-11 10:06:08,355 - INFO - Requested concurrent tasks: 1
2026-03-11 10:06:08,357 - INFO - Available CPUs: 4
2026-03-11 10:06:08,358 - INFO - Available RAM: 7083 MB
2026-03-11 10:06:08,360 - INFO - RAM per model: 2264 MB
2026-03-11 10:06:08,362 - INFO - Max actors by RAM: 3
2026-03-11 10:06:08,364 - INFO - Creating 1 ModelActor(s)
2026-03-11 10:06:08,365 - INFO - Let Ray handle scheduling (taskset already restricts CPU visibility)
2026-03-11 10:06:08,367 - INFO - Creating ModelActor 1/1 (2.21GB RAM each)...
2026-03-11 10:06:12,267 - INFO - ModelActor 1 created successfully.
2026-03-11 10:06:12,269 - INFO - Created 1 CPU actor(s). Task queue will handle concurrency.
2026-03-11 10:06:12,271 - INFO - Starting EQCCTPro parallelized waveform processing...
2026-03-11 10:06:12,273 - INFO - 
2026-03-11 10:06:12,275 - INFO - ------- Analyzing Seismic Waveforms for P and S Picks via EQCCT -------
2026-03-11 10:06:12,277 - INFO - Analyzing 0:01:00 minute timechunk from 2025-01-03 19:09:07 to 2025-01-03 19:10:07 (0 min overlap)
2026-03-11 10:06:12,279 - INFO - Processing a total of 1 stations, 1 at a time.
2026-03-11 10:06:14,212 - INFO - (1/1) OBF3: Skipped (already exists - overwrite=False).
2026-03-11 10:06:14,214 - INFO - 
2026-03-11 10:06:14,216 - INFO - ------- Parallel Station Waveform Processing Complete For 2025-01-03 19:09:07 to 2025-01-03 19:10:07 Timechunk-------
2026-03-11 10:06:14,218 - INFO - Picks saved at /home/blackwinter/projects/eqcct/eqcctpro/results/csv/bm_noise_only/20250103T190907Z_20250103T191007ZProcess Runtime: 1.94 s
2026-03-11 10:06:14,222 - INFO - Successfully ran EQCCTPro, exiting...
2026-03-11 10:06:15,668 - INFO - Ray Successfully Shutdown.
2026-03-11 10:06:15,669 - INFO - ------- Successfully Picked All Waveform(s) from all Timechunk(s) -------
