2026-03-29 13:15:12,540 - INFO - 
2026-03-29 13:15:12,540 - INFO - ------- Welcome to EQCCTPro -------
2026-03-29 13:15:12,541 - INFO - 
2026-03-29 13:15:12,541 - INFO - Running EQCCT over Requested MSeed Files using CPU(s)...
2026-03-29 13:15:12,541 - INFO - GPU disabled (CPU-only).
2026-03-29 13:15:12,542 - INFO - Configured Intra-op threads = 1
2026-03-29 13:15:12,542 - INFO - Configured Inter-op threads = 1
2026-03-29 13:15:12,542 - INFO - TensorFlow: No GPUs visible; TF will proceed on CPU.
2026-03-29 13:15:12,542 - INFO - 
2026-03-29 13:15:18,274 - INFO - Ray Successfully Initialized with 4 CPU(s) ([0, 1, 2, 3] CPU Affinity Binding).
2026-03-29 13:15:18,275 - INFO - Analyzing 1 time chunk(s) from 2025-01-06 18:54:45 to 2025-01-06 18:55:45 (dt=1min, overlap=0min).
2026-03-29 13:15:18,275 - INFO - Using 1 selected station(s).
2026-03-29 13:15:18,275 - INFO - 
2026-03-29 13:15:18,275 - INFO - ------- Starting EQCCTPro... -------
2026-03-29 13:15:18,275 - INFO - Detailed subprocess information can be found in the log file.
2026-03-29 13:15:18,275 - INFO - 
2026-03-29 13:15:18,679 - INFO - GPU disabled (CPU-only).
2026-03-29 13:15:20,274 - INFO - Configured Intra-op threads = 1
2026-03-29 13:15:20,276 - INFO - Configured Inter-op threads = 1
2026-03-29 13:15:20,320 - INFO - TensorFlow: No GPUs visible; TF will proceed on CPU.
2026-03-29 13:15:20,323 - INFO - 
2026-03-29 13:15:20,326 - INFO - ------- Hardware Configuration -------
2026-03-29 13:15:20,328 - INFO - CPU affinity set to cores: [0, 1, 2, 3]
2026-03-29 13:15:20,331 - INFO - 
2026-03-29 13:15:20,333 - INFO - ------- Data Preprocessing for EQCCTPro -------
2026-03-29 13:15:20,336 - INFO - 1 station(s) in /home/blackwinter/projects/eqcct/eqcctpro/data/waveforms_noise_only/20250106T185445Z_20250106T185545Z
2026-03-29 13:15:20,339 - INFO - Using 1 selected station(s): ['KEV'].
2026-03-29 13:15:20,341 - INFO - Creating model actor(s)...
2026-03-29 13:15:20,344 - INFO - System RAM: Total=7870 MB, Available=4620 MB
2026-03-29 13:15:20,347 - INFO - Usable RAM budget: 7083 MB (90% of total)
2026-03-29 13:15:20,350 - INFO - ===== MEMORY-AWARE CPU ACTOR POOL (EQCCT) =====
2026-03-29 13:15:20,353 - INFO - Requested concurrent tasks: 1
2026-03-29 13:15:20,355 - INFO - Available CPUs: 4
2026-03-29 13:15:20,357 - INFO - Available RAM: 7083 MB
2026-03-29 13:15:20,360 - INFO - RAM per model: 2264 MB
2026-03-29 13:15:20,362 - INFO - Max actors by RAM: 3
2026-03-29 13:15:20,365 - INFO - Creating 1 ModelActor(s)
2026-03-29 13:15:20,368 - INFO - Let Ray handle scheduling (taskset already restricts CPU visibility)
2026-03-29 13:15:20,370 - INFO - Creating ModelActor 1/1 (2.21GB RAM each)...
2026-03-29 13:15:24,610 - INFO - ModelActor 1 created successfully.
2026-03-29 13:15:24,613 - INFO - Created 1 CPU actor(s). Task queue will handle concurrency.
2026-03-29 13:15:24,616 - INFO - Starting EQCCTPro parallelized waveform processing...
2026-03-29 13:15:24,619 - INFO - 
2026-03-29 13:15:24,621 - INFO - ------- Analyzing Seismic Waveforms for P and S Picks via EQCCT -------
2026-03-29 13:15:24,624 - INFO - Analyzing 0:01:00 minute timechunk from 2025-01-06 18:54:45 to 2025-01-06 18:55:45 (0 min overlap)
2026-03-29 13:15:24,627 - INFO - Processing a total of 1 stations, 1 at a time.
2026-03-29 13:15:29,045 - INFO - (1/1) KEV: Finished the prediction in 2.35s. (HP=1.0, LP=45.0)
2026-03-29 13:15:29,047 - INFO - 
2026-03-29 13:15:29,050 - INFO - ------- Parallel Station Waveform Processing Complete For 2025-01-06 18:54:45 to 2025-01-06 18:55:45 Timechunk-------
2026-03-29 13:15:29,052 - INFO - Picks saved at /home/blackwinter/projects/eqcct/eqcctpro/results/csv/eqcct_noise_th0_1/20250106T185445Z_20250106T185545ZProcess Runtime: 4.43 s
2026-03-29 13:15:29,057 - INFO - Successfully ran EQCCTPro, exiting...
2026-03-29 13:15:30,544 - INFO - Ray Successfully Shutdown.
2026-03-29 13:15:30,544 - INFO - ------- Successfully Picked All Waveform(s) from all Timechunk(s) -------
