2026-03-28 19:25:54,835 - INFO - 
2026-03-28 19:25:54,835 - INFO - ------- Welcome to EQCCTPro -------
2026-03-28 19:25:54,835 - INFO - 
2026-03-28 19:25:54,836 - INFO - Running EQCCT over Requested MSeed Files using CPU(s)...
2026-03-28 19:25:54,836 - INFO - GPU disabled (CPU-only).
2026-03-28 19:25:54,836 - INFO - Skipping framework-specific initialization in the driver process.
2026-03-28 19:25:57,409 - INFO - Ray Successfully Initialized with 4 CPU(s) ([0, 1, 2, 3] CPU Affinity Binding).
2026-03-28 19:25:57,410 - INFO - Analyzing 1 time chunk(s) from 2025-01-20 10:32:34 to 2025-01-20 10:33:34 (dt=1min, overlap=0min).
2026-03-28 19:25:57,410 - INFO - Using 2 selected station(s).
2026-03-28 19:25:57,410 - INFO - 
2026-03-28 19:25:57,411 - INFO - ------- Starting EQCCTPro... -------
2026-03-28 19:25:57,411 - INFO - Detailed subprocess information can be found in the log file.
2026-03-28 19:25:57,411 - INFO - 
2026-03-28 19:25:57,735 - INFO - GPU disabled (CPU-only).
2026-03-28 19:25:57,741 - INFO - Skipping framework-specific initialization in the driver process.
2026-03-28 19:25:57,745 - INFO - ------- Hardware Configuration -------
2026-03-28 19:25:57,748 - INFO - CPU affinity set to cores: [0, 1, 2, 3]
2026-03-28 19:25:57,751 - INFO - 
2026-03-28 19:25:57,755 - INFO - ------- Data Preprocessing for EQCCTPro -------
2026-03-28 19:25:57,757 - INFO - 2 station(s) in /home/blackwinter/projects/eqcct/eqcctpro/data/waveforms_explosions_nonoise/20250120T103234Z_20250120T103334Z
2026-03-28 19:25:57,760 - INFO - Using 2 selected station(s): ['OBF0', 'OUF'].
2026-03-28 19:25:57,762 - INFO - Creating model actor(s)...
2026-03-28 19:25:57,766 - INFO - System RAM: Total=7870 MB, Available=4060 MB
2026-03-28 19:25:57,769 - INFO - Usable RAM budget: 7083 MB (90% of total)
2026-03-28 19:25:57,772 - INFO - ===== MEMORY-AWARE CPU ACTOR POOL =====
2026-03-28 19:25:57,775 - INFO - Requested concurrent tasks: 1
2026-03-28 19:25:57,778 - INFO - Available CPUs: 4
2026-03-28 19:25:57,781 - INFO - Available RAM: 7083 MB
2026-03-28 19:25:57,783 - INFO - RAM per model: 2060 MB
2026-03-28 19:25:57,786 - INFO - Max actors by RAM: 3
2026-03-28 19:25:57,788 - INFO - Creating 1 SeisBenchModelActor(s)
2026-03-28 19:25:57,791 - INFO - Let Ray handle scheduling (taskset already restricts CPU visibility)
2026-03-28 19:25:57,793 - INFO - Creating SeisBenchModelActor 1/1 (2.01GB RAM each)...
2026-03-28 19:26:00,928 - INFO - SeisBenchModelActor 1 created successfully.
2026-03-28 19:26:00,931 - INFO - Created 1 CPU actor(s). Task queue will handle concurrency.
2026-03-28 19:26:00,934 - INFO - Starting EQCCTPro parallelized waveform processing...
2026-03-28 19:26:00,938 - INFO - 
2026-03-28 19:26:00,942 - INFO - ------- Analyzing Seismic Waveforms for P and S Picks via SeisBench (EQTransformer - original_nonconservative) -------
2026-03-28 19:26:00,945 - INFO - Analyzing 0:01:00 minute timechunk from 2025-01-20 10:32:34 to 2025-01-20 10:33:34 (0 min overlap)
2026-03-28 19:26:00,948 - INFO - Processing a total of 2 stations, 1 at a time.
2026-03-28 19:26:03,439 - INFO - (1/2) OBF0: Finished the prediction in 0.23s. (HP=1.0, LP=45.0, picks=3)
2026-03-28 19:26:03,544 - INFO - (2/2) OUF: Finished the prediction in 0.09s. (HP=1.0, LP=45.0, picks=3)
2026-03-28 19:26:03,548 - INFO - 
2026-03-28 19:26:03,552 - INFO - ------- Parallel Station Waveform Processing Complete For 2025-01-20 10:32:34 to 2025-01-20 10:33:34 Timechunk-------
2026-03-28 19:26:03,555 - INFO - Picks saved at /home/blackwinter/projects/eqcct/eqcctpro/results/csv/eqt_explosions_th0_1/20250120T103234Z_20250120T103334ZProcess Runtime: 2.61 s
2026-03-28 19:26:03,565 - INFO - Successfully ran EQCCTPro, exiting...
2026-03-28 19:26:05,335 - INFO - Ray Successfully Shutdown.
2026-03-28 19:26:05,335 - INFO - ------- Successfully Picked All Waveform(s) from all Timechunk(s) -------
