2026-03-28 21:38:01,353 - INFO - 
2026-03-28 21:38:01,353 - INFO - ------- Welcome to EQCCTPro -------
2026-03-28 21:38:01,353 - INFO - 
2026-03-28 21:38:01,353 - INFO - Running EQCCT over Requested MSeed Files using CPU(s)...
2026-03-28 21:38:01,354 - INFO - GPU disabled (CPU-only).
2026-03-29 07:17:08,380 - INFO - 
2026-03-29 07:17:08,381 - INFO - ------- Welcome to EQCCTPro -------
2026-03-29 07:17:08,381 - INFO - 
2026-03-29 07:17:08,381 - INFO - Running EQCCT over Requested MSeed Files using CPU(s)...
2026-03-29 07:17:08,381 - INFO - GPU disabled (CPU-only).
2026-03-29 07:17:08,382 - INFO - Configured Intra-op threads = 1
2026-03-29 07:17:08,382 - INFO - Configured Inter-op threads = 1
2026-03-29 07:17:08,382 - INFO - TensorFlow: No GPUs visible; TF will proceed on CPU.
2026-03-29 07:17:08,382 - INFO - 
2026-03-29 07:17:13,582 - INFO - Ray Successfully Initialized with 4 CPU(s) ([0, 1, 2, 3] CPU Affinity Binding).
2026-03-29 07:17:13,582 - INFO - Analyzing 1 time chunk(s) from 2025-01-23 11:33:31 to 2025-01-23 11:34:31 (dt=1min, overlap=0min).
2026-03-29 07:17:13,582 - INFO - Using 1 selected station(s).
2026-03-29 07:17:13,582 - INFO - 
2026-03-29 07:17:13,583 - INFO - ------- Starting EQCCTPro... -------
2026-03-29 07:17:13,583 - INFO - Detailed subprocess information can be found in the log file.
2026-03-29 07:17:13,583 - INFO - 
2026-03-29 07:17:14,003 - INFO - GPU disabled (CPU-only).
2026-03-29 07:17:15,608 - INFO - Configured Intra-op threads = 1
2026-03-29 07:17:15,611 - INFO - Configured Inter-op threads = 1
2026-03-29 07:17:15,654 - INFO - TensorFlow: No GPUs visible; TF will proceed on CPU.
2026-03-29 07:17:15,657 - INFO - 
2026-03-29 07:17:15,659 - INFO - ------- Hardware Configuration -------
2026-03-29 07:17:15,662 - INFO - CPU affinity set to cores: [0, 1, 2, 3]
2026-03-29 07:17:15,665 - INFO - 
2026-03-29 07:17:15,667 - INFO - ------- Data Preprocessing for EQCCTPro -------
2026-03-29 07:17:15,669 - INFO - 1 station(s) in /home/blackwinter/projects/eqcct/eqcctpro/data/waveforms_explosions_nonoise/20250123T113331Z_20250123T113431Z
2026-03-29 07:17:15,672 - INFO - Using 1 selected station(s): ['KAF'].
2026-03-29 07:17:15,675 - INFO - Creating model actor(s)...
2026-03-29 07:17:15,677 - INFO - System RAM: Total=7870 MB, Available=2900 MB
2026-03-29 07:17:15,680 - INFO - Usable RAM budget: 7083 MB (90% of total)
2026-03-29 07:17:15,682 - INFO - ===== MEMORY-AWARE CPU ACTOR POOL (EQCCT) =====
2026-03-29 07:17:15,684 - INFO - Requested concurrent tasks: 1
2026-03-29 07:17:15,686 - INFO - Available CPUs: 4
2026-03-29 07:17:15,689 - INFO - Available RAM: 7083 MB
2026-03-29 07:17:15,691 - INFO - RAM per model: 2264 MB
2026-03-29 07:17:15,693 - INFO - Max actors by RAM: 3
2026-03-29 07:17:15,695 - INFO - Creating 1 ModelActor(s)
2026-03-29 07:17:15,697 - INFO - Let Ray handle scheduling (taskset already restricts CPU visibility)
2026-03-29 07:17:15,699 - INFO - Creating ModelActor 1/1 (2.21GB RAM each)...
2026-03-29 07:17:20,067 - INFO - ModelActor 1 created successfully.
2026-03-29 07:17:20,070 - INFO - Created 1 CPU actor(s). Task queue will handle concurrency.
2026-03-29 07:17:20,072 - INFO - Starting EQCCTPro parallelized waveform processing...
2026-03-29 07:17:20,075 - INFO - 
2026-03-29 07:17:20,077 - INFO - ------- Analyzing Seismic Waveforms for P and S Picks via EQCCT -------
2026-03-29 07:17:20,080 - INFO - Analyzing 0:01:00 minute timechunk from 2025-01-23 11:33:31 to 2025-01-23 11:34:31 (0 min overlap)
2026-03-29 07:17:20,083 - INFO - Processing a total of 1 stations, 1 at a time.
2026-03-29 07:17:24,658 - INFO - (1/1) KAF: Finished the prediction in 2.47s. (HP=1.0, LP=45.0)
2026-03-29 07:17:24,660 - INFO - 
2026-03-29 07:17:24,663 - INFO - ------- Parallel Station Waveform Processing Complete For 2025-01-23 11:33:31 to 2025-01-23 11:34:31 Timechunk-------
2026-03-29 07:17:24,666 - INFO - Picks saved at /home/blackwinter/projects/eqcct/eqcctpro/results/csv/eqcct_explosions_th0_1/20250123T113331Z_20250123T113431ZProcess Runtime: 4.59 s
2026-03-29 07:17:24,671 - INFO - Successfully ran EQCCTPro, exiting...
2026-03-29 07:17:26,542 - INFO - Ray Successfully Shutdown.
2026-03-29 07:17:26,542 - INFO - ------- Successfully Picked All Waveform(s) from all Timechunk(s) -------
