2026-03-19 23:34:16,635 - INFO - 
2026-03-19 23:34:16,636 - INFO - ------- Welcome to EQCCTPro -------
2026-03-19 23:34:16,636 - INFO - 
2026-03-19 23:34:16,636 - INFO - Running EQCCT over Requested MSeed Files using CPU(s)...
2026-03-19 23:34:16,636 - INFO - GPU disabled (CPU-only).
2026-03-19 23:34:16,637 - INFO - Configured Intra-op threads = 1
2026-03-19 23:34:16,637 - INFO - Configured Inter-op threads = 1
2026-03-19 23:34:16,637 - INFO - TensorFlow: No GPUs visible; TF will proceed on CPU.
2026-03-19 23:34:16,637 - INFO - 
2026-03-19 23:34:21,911 - INFO - Ray Successfully Initialized with 4 CPU(s) ([0, 1, 2, 3] CPU Affinity Binding).
2026-03-19 23:34:21,911 - INFO - Analyzing 1 time chunk(s) from 2025-02-02 00:33:32 to 2025-02-02 00:34:32 (dt=1min, overlap=0min).
2026-03-19 23:34:21,911 - INFO - Using 1 selected station(s).
2026-03-19 23:34:21,911 - INFO - 
2026-03-19 23:34:21,912 - INFO - ------- Starting EQCCTPro... -------
2026-03-19 23:34:21,912 - INFO - Detailed subprocess information can be found in the log file.
2026-03-19 23:34:21,912 - INFO - 
2026-03-19 23:34:22,282 - INFO - GPU disabled (CPU-only).
2026-03-19 23:34:23,779 - INFO - Configured Intra-op threads = 1
2026-03-19 23:34:23,781 - INFO - Configured Inter-op threads = 1
2026-03-19 23:34:23,822 - INFO - TensorFlow: No GPUs visible; TF will proceed on CPU.
2026-03-19 23:34:23,825 - INFO - 
2026-03-19 23:34:23,827 - INFO - ------- Hardware Configuration -------
2026-03-19 23:34:23,830 - INFO - CPU affinity set to cores: [0, 1, 2, 3]
2026-03-19 23:34:23,832 - INFO - 
2026-03-19 23:34:23,834 - INFO - ------- Data Preprocessing for EQCCTPro -------
2026-03-19 23:34:23,836 - INFO - 1 station(s) in /home/blackwinter/projects/eqcct/eqcctpro/data/waveforms_earthquakes_nonoise/20250202T003332Z_20250202T003432Z
2026-03-19 23:34:23,838 - INFO - Using 1 selected station(s): ['KU6'].
2026-03-19 23:34:23,839 - INFO - Creating model actor(s)...
2026-03-19 23:34:23,841 - INFO - System RAM: Total=7870 MB, Available=2738 MB
2026-03-19 23:34:23,843 - INFO - Usable RAM budget: 7083 MB (90% of total)
2026-03-19 23:34:23,846 - INFO - ===== MEMORY-AWARE CPU ACTOR POOL (EQCCT) =====
2026-03-19 23:34:23,847 - INFO - Requested concurrent tasks: 1
2026-03-19 23:34:23,849 - INFO - Available CPUs: 4
2026-03-19 23:34:23,851 - INFO - Available RAM: 7083 MB
2026-03-19 23:34:23,852 - INFO - RAM per model: 2264 MB
2026-03-19 23:34:23,854 - INFO - Max actors by RAM: 3
2026-03-19 23:34:23,856 - INFO - Creating 1 ModelActor(s)
2026-03-19 23:34:23,858 - INFO - Let Ray handle scheduling (taskset already restricts CPU visibility)
2026-03-19 23:34:23,860 - INFO - Creating ModelActor 1/1 (2.21GB RAM each)...
2026-03-19 23:34:27,839 - INFO - ModelActor 1 created successfully.
2026-03-19 23:34:27,841 - INFO - Created 1 CPU actor(s). Task queue will handle concurrency.
2026-03-19 23:34:27,844 - INFO - Starting EQCCTPro parallelized waveform processing...
2026-03-19 23:34:27,846 - INFO - 
2026-03-19 23:34:27,848 - INFO - ------- Analyzing Seismic Waveforms for P and S Picks via EQCCT -------
2026-03-19 23:34:27,851 - INFO - Analyzing 0:01:00 minute timechunk from 2025-02-02 00:33:32 to 2025-02-02 00:34:32 (0 min overlap)
2026-03-19 23:34:27,853 - INFO - Processing a total of 1 stations, 1 at a time.
2026-03-19 23:34:31,906 - INFO - (1/1) KU6: Finished the prediction in 2.11s. (HP=1.0, LP=45.0)
2026-03-19 23:34:31,908 - INFO - 
2026-03-19 23:34:31,910 - INFO - ------- Parallel Station Waveform Processing Complete For 2025-02-02 00:33:32 to 2025-02-02 00:34:32 Timechunk-------
2026-03-19 23:34:31,912 - INFO - Picks saved at /home/blackwinter/projects/eqcct/eqcctpro/results/csv/eqcct_earthquakes_th0_1/20250202T003332Z_20250202T003432ZProcess Runtime: 4.06 s
2026-03-19 23:34:31,916 - INFO - Successfully ran EQCCTPro, exiting...
2026-03-19 23:34:33,370 - INFO - Ray Successfully Shutdown.
2026-03-19 23:34:33,371 - INFO - ------- Successfully Picked All Waveform(s) from all Timechunk(s) -------
