2026-03-28 11:44:46,291 - INFO - 
2026-03-28 11:44:46,291 - INFO - ------- Welcome to EQCCTPro -------
2026-03-28 11:44:46,292 - INFO - 
2026-03-28 11:44:46,292 - INFO - Running EQCCT over Requested MSeed Files using CPU(s)...
2026-03-28 11:44:46,292 - INFO - GPU disabled (CPU-only).
2026-03-28 11:44:46,292 - INFO - Skipping framework-specific initialization in the driver process.
2026-03-28 11:44:47,707 - INFO - Ray Successfully Initialized with 4 CPU(s) ([0, 1, 2, 3] CPU Affinity Binding).
2026-03-28 11:44:47,708 - INFO - Analyzing 1 time chunk(s) from 2025-01-08 08:45:21 to 2025-01-08 08:46:21 (dt=1min, overlap=0min).
2026-03-28 11:44:47,708 - INFO - Using 1 selected station(s).
2026-03-28 11:44:47,708 - INFO - 
2026-03-28 11:44:47,708 - INFO - ------- Starting EQCCTPro... -------
2026-03-28 11:44:47,709 - INFO - Detailed subprocess information can be found in the log file.
2026-03-28 11:44:47,709 - INFO - 
2026-03-28 11:44:48,007 - INFO - GPU disabled (CPU-only).
2026-03-28 11:44:48,012 - INFO - Skipping framework-specific initialization in the driver process.
2026-03-28 11:44:48,015 - INFO - ------- Hardware Configuration -------
2026-03-28 11:44:48,018 - INFO - CPU affinity set to cores: [0, 1, 2, 3]
2026-03-28 11:44:48,021 - INFO - 
2026-03-28 11:44:48,023 - INFO - ------- Data Preprocessing for EQCCTPro -------
2026-03-28 11:44:48,026 - INFO - 1 station(s) in /home/blackwinter/projects/eqcct/eqcctpro/data/waveforms_noise_only/20250108T084521Z_20250108T084621Z
2026-03-28 11:44:48,028 - INFO - Using 1 selected station(s): ['TOF'].
2026-03-28 11:44:48,031 - INFO - Creating model actor(s)...
2026-03-28 11:44:48,034 - INFO - System RAM: Total=7870 MB, Available=4574 MB
2026-03-28 11:44:48,036 - INFO - Usable RAM budget: 7083 MB (90% of total)
2026-03-28 11:44:48,039 - INFO - ===== MEMORY-AWARE CPU ACTOR POOL =====
2026-03-28 11:44:48,042 - INFO - Requested concurrent tasks: 1
2026-03-28 11:44:48,044 - INFO - Available CPUs: 4
2026-03-28 11:44:48,047 - INFO - Available RAM: 7083 MB
2026-03-28 11:44:48,050 - INFO - RAM per model: 2060 MB
2026-03-28 11:44:48,052 - INFO - Max actors by RAM: 3
2026-03-28 11:44:48,054 - INFO - Creating 1 SeisBenchModelActor(s)
2026-03-28 11:44:48,057 - INFO - Let Ray handle scheduling (taskset already restricts CPU visibility)
2026-03-28 11:44:48,060 - INFO - Creating SeisBenchModelActor 1/1 (2.01GB RAM each)...
2026-03-28 11:44:50,852 - INFO - SeisBenchModelActor 1 created successfully.
2026-03-28 11:44:50,855 - INFO - Created 1 CPU actor(s). Task queue will handle concurrency.
2026-03-28 11:44:50,858 - INFO - Starting EQCCTPro parallelized waveform processing...
2026-03-28 11:44:50,861 - INFO - 
2026-03-28 11:44:50,864 - INFO - ------- Analyzing Seismic Waveforms for P and S Picks via SeisBench (EQTransformer - original_nonconservative) -------
2026-03-28 11:44:50,867 - INFO - Analyzing 0:01:00 minute timechunk from 2025-01-08 08:45:21 to 2025-01-08 08:46:21 (0 min overlap)
2026-03-28 11:44:50,869 - INFO - Processing a total of 1 stations, 1 at a time.
2026-03-28 11:44:53,205 - INFO - (1/1) TOF: Finished the prediction in 0.14s. (HP=1.0, LP=45.0, picks=0)
2026-03-28 11:44:53,210 - INFO - 
2026-03-28 11:44:53,212 - INFO - ------- Parallel Station Waveform Processing Complete For 2025-01-08 08:45:21 to 2025-01-08 08:46:21 Timechunk-------
2026-03-28 11:44:53,214 - INFO - Picks saved at /home/blackwinter/projects/eqcct/eqcctpro/results/csv/eqt_noise_th0_1/20250108T084521Z_20250108T084621ZProcess Runtime: 2.35 s
2026-03-28 11:44:53,221 - INFO - Successfully ran EQCCTPro, exiting...
2026-03-28 11:44:55,181 - INFO - Ray Successfully Shutdown.
2026-03-28 11:44:55,182 - INFO - ------- Successfully Picked All Waveform(s) from all Timechunk(s) -------
