2026-03-27 20:04:46,895 - INFO - 
2026-03-27 20:04:46,895 - INFO - ------- Welcome to EQCCTPro -------
2026-03-27 20:04:46,896 - INFO - 
2026-03-27 20:04:46,896 - INFO - Running EQCCT over Requested MSeed Files using CPU(s)...
2026-03-27 20:04:46,896 - INFO - GPU disabled (CPU-only).
2026-03-27 20:04:46,896 - INFO - Skipping framework-specific initialization in the driver process.
2026-03-27 20:04:49,302 - INFO - Ray Successfully Initialized with 4 CPU(s) ([0, 1, 2, 3] CPU Affinity Binding).
2026-03-27 20:04:49,302 - INFO - Analyzing 1 time chunk(s) from 2025-08-13 10:40:19 to 2025-08-13 10:41:19 (dt=1min, overlap=0min).
2026-03-27 20:04:49,303 - INFO - Using 1 selected station(s).
2026-03-27 20:04:49,303 - INFO - 
2026-03-27 20:04:49,303 - INFO - ------- Starting EQCCTPro... -------
2026-03-27 20:04:49,303 - INFO - Detailed subprocess information can be found in the log file.
2026-03-27 20:04:49,303 - INFO - 
2026-03-27 20:04:49,603 - INFO - GPU disabled (CPU-only).
2026-03-27 20:04:49,608 - INFO - Skipping framework-specific initialization in the driver process.
2026-03-27 20:04:49,611 - INFO - ------- Hardware Configuration -------
2026-03-27 20:04:49,613 - INFO - CPU affinity set to cores: [0, 1, 2, 3]
2026-03-27 20:04:49,616 - INFO - 
2026-03-27 20:04:49,618 - INFO - ------- Data Preprocessing for EQCCTPro -------
2026-03-27 20:04:49,620 - INFO - 1 station(s) in /home/blackwinter/projects/eqcct/eqcctpro/data/waveforms_earthquakes_nonoise/20250813T104019Z_20250813T104119Z
2026-03-27 20:04:49,622 - INFO - Using 1 selected station(s): ['VJF'].
2026-03-27 20:04:49,625 - INFO - Creating model actor(s)...
2026-03-27 20:04:49,627 - INFO - System RAM: Total=7870 MB, Available=5913 MB
2026-03-27 20:04:49,630 - INFO - Usable RAM budget: 7083 MB (90% of total)
2026-03-27 20:04:49,632 - INFO - ===== MEMORY-AWARE CPU ACTOR POOL =====
2026-03-27 20:04:49,635 - INFO - Requested concurrent tasks: 1
2026-03-27 20:04:49,637 - INFO - Available CPUs: 4
2026-03-27 20:04:49,639 - INFO - Available RAM: 7083 MB
2026-03-27 20:04:49,641 - INFO - RAM per model: 2060 MB
2026-03-27 20:04:49,643 - INFO - Max actors by RAM: 3
2026-03-27 20:04:49,645 - INFO - Creating 1 SeisBenchModelActor(s)
2026-03-27 20:04:49,647 - INFO - Let Ray handle scheduling (taskset already restricts CPU visibility)
2026-03-27 20:04:49,649 - INFO - Creating SeisBenchModelActor 1/1 (2.01GB RAM each)...
2026-03-27 20:04:52,570 - INFO - SeisBenchModelActor 1 created successfully.
2026-03-27 20:04:52,572 - INFO - Created 1 CPU actor(s). Task queue will handle concurrency.
2026-03-27 20:04:52,575 - INFO - Starting EQCCTPro parallelized waveform processing...
2026-03-27 20:04:52,577 - INFO - 
2026-03-27 20:04:52,580 - INFO - ------- Analyzing Seismic Waveforms for P and S Picks via SeisBench (EQTransformer - original_nonconservative) -------
2026-03-27 20:04:52,582 - INFO - Analyzing 0:01:00 minute timechunk from 2025-08-13 10:40:19 to 2025-08-13 10:41:19 (0 min overlap)
2026-03-27 20:04:52,584 - INFO - Processing a total of 1 stations, 1 at a time.
2026-03-27 20:04:54,787 - INFO - (1/1) VJF: Finished the prediction in 0.14s. (HP=1.0, LP=45.0, picks=2)
2026-03-27 20:04:54,789 - INFO - 
2026-03-27 20:04:54,792 - INFO - ------- Parallel Station Waveform Processing Complete For 2025-08-13 10:40:19 to 2025-08-13 10:41:19 Timechunk-------
2026-03-27 20:04:54,794 - INFO - Picks saved at /home/blackwinter/projects/eqcct/eqcctpro/results/csv/eqt_earthquakes_th0_1/20250813T104019Z_20250813T104119ZProcess Runtime: 2.21 s
2026-03-27 20:04:54,800 - INFO - Successfully ran EQCCTPro, exiting...
2026-03-27 20:04:56,310 - INFO - Ray Successfully Shutdown.
2026-03-27 20:04:56,310 - INFO - ------- Successfully Picked All Waveform(s) from all Timechunk(s) -------
2026-03-28 02:31:19,410 - INFO - 
2026-03-28 02:31:19,410 - INFO - ------- Welcome to EQCCTPro -------
2026-03-28 02:31:19,410 - INFO - 
2026-03-28 02:31:19,411 - INFO - Running EQCCT over Requested MSeed Files using CPU(s)...
2026-03-28 02:31:19,411 - INFO - GPU disabled (CPU-only).
2026-03-28 02:31:19,411 - INFO - Skipping framework-specific initialization in the driver process.
2026-03-28 02:31:21,954 - INFO - Ray Successfully Initialized with 4 CPU(s) ([0, 1, 2, 3] CPU Affinity Binding).
2026-03-28 02:31:21,954 - INFO - Analyzing 1 time chunk(s) from 2025-08-13 10:40:19 to 2025-08-13 10:41:19 (dt=1min, overlap=0min).
2026-03-28 02:31:21,954 - INFO - Using 1 selected station(s).
2026-03-28 02:31:21,955 - INFO - 
2026-03-28 02:31:21,956 - INFO - ------- Starting EQCCTPro... -------
2026-03-28 02:31:21,956 - INFO - Detailed subprocess information can be found in the log file.
2026-03-28 02:31:21,956 - INFO - 
2026-03-28 02:31:22,238 - INFO - GPU disabled (CPU-only).
2026-03-28 02:31:22,243 - INFO - Skipping framework-specific initialization in the driver process.
2026-03-28 02:31:22,245 - INFO - ------- Hardware Configuration -------
2026-03-28 02:31:22,248 - INFO - CPU affinity set to cores: [0, 1, 2, 3]
2026-03-28 02:31:22,251 - INFO - 
2026-03-28 02:31:22,253 - INFO - ------- Data Preprocessing for EQCCTPro -------
2026-03-28 02:31:22,256 - INFO - 1 station(s) in /home/blackwinter/projects/eqcct/eqcctpro/data/waveforms_earthquakes_nonoise/20250813T104019Z_20250813T104119Z
2026-03-28 02:31:22,258 - INFO - Using 1 selected station(s): ['VJF'].
2026-03-28 02:31:22,261 - INFO - Creating model actor(s)...
2026-03-28 02:31:22,263 - INFO - System RAM: Total=7870 MB, Available=5745 MB
2026-03-28 02:31:22,266 - INFO - Usable RAM budget: 7083 MB (90% of total)
2026-03-28 02:31:22,268 - INFO - ===== MEMORY-AWARE CPU ACTOR POOL =====
2026-03-28 02:31:22,271 - INFO - Requested concurrent tasks: 1
2026-03-28 02:31:22,274 - INFO - Available CPUs: 4
2026-03-28 02:31:22,277 - INFO - Available RAM: 7083 MB
2026-03-28 02:31:22,279 - INFO - RAM per model: 2060 MB
2026-03-28 02:31:22,282 - INFO - Max actors by RAM: 3
2026-03-28 02:31:22,284 - INFO - Creating 1 SeisBenchModelActor(s)
2026-03-28 02:31:22,287 - INFO - Let Ray handle scheduling (taskset already restricts CPU visibility)
2026-03-28 02:31:22,290 - INFO - Creating SeisBenchModelActor 1/1 (2.01GB RAM each)...
2026-03-28 02:31:25,119 - INFO - SeisBenchModelActor 1 created successfully.
2026-03-28 02:31:25,122 - INFO - Created 1 CPU actor(s). Task queue will handle concurrency.
2026-03-28 02:31:25,125 - INFO - Starting EQCCTPro parallelized waveform processing...
2026-03-28 02:31:25,127 - INFO - 
2026-03-28 02:31:25,129 - INFO - ------- Analyzing Seismic Waveforms for P and S Picks via SeisBench (EQTransformer - original_nonconservative) -------
2026-03-28 02:31:25,132 - INFO - Analyzing 0:01:00 minute timechunk from 2025-08-13 10:40:19 to 2025-08-13 10:41:19 (0 min overlap)
2026-03-28 02:31:25,135 - INFO - Processing a total of 1 stations, 1 at a time.
2026-03-28 02:31:27,200 - INFO - (1/1) VJF: Skipped (already exists - overwrite=False).
2026-03-28 02:31:27,203 - INFO - 
2026-03-28 02:31:27,206 - INFO - ------- Parallel Station Waveform Processing Complete For 2025-08-13 10:40:19 to 2025-08-13 10:41:19 Timechunk-------
2026-03-28 02:31:27,213 - INFO - Successfully ran EQCCTPro, exiting...
2026-03-28 02:31:27,208 - INFO - Picks saved at /home/blackwinter/projects/eqcct/eqcctpro/results/csv/eqt_earthquakes_th0_1/20250813T104019Z_20250813T104119ZProcess Runtime: 2.08 s
2026-03-28 02:31:29,027 - INFO - Ray Successfully Shutdown.
2026-03-28 02:31:29,027 - INFO - ------- Successfully Picked All Waveform(s) from all Timechunk(s) -------
