2026-03-28 16:29:14,643 - INFO - 
2026-03-28 16:29:14,644 - INFO - ------- Welcome to EQCCTPro -------
2026-03-28 16:29:14,644 - INFO - 
2026-03-28 16:29:14,644 - INFO - Running EQCCT over Requested MSeed Files using CPU(s)...
2026-03-28 16:29:14,645 - INFO - GPU disabled (CPU-only).
2026-03-28 16:29:14,645 - INFO - Skipping framework-specific initialization in the driver process.
2026-03-28 16:29:17,080 - INFO - Ray Successfully Initialized with 4 CPU(s) ([0, 1, 2, 3] CPU Affinity Binding).
2026-03-28 16:29:17,081 - INFO - Analyzing 1 time chunk(s) from 2025-01-08 09:05:54 to 2025-01-08 09:06:54 (dt=1min, overlap=0min).
2026-03-28 16:29:17,081 - INFO - Using 1 selected station(s).
2026-03-28 16:29:17,081 - INFO - 
2026-03-28 16:29:17,081 - INFO - ------- Starting EQCCTPro... -------
2026-03-28 16:29:17,082 - INFO - Detailed subprocess information can be found in the log file.
2026-03-28 16:29:17,082 - INFO - 
2026-03-28 16:29:17,407 - INFO - GPU disabled (CPU-only).
2026-03-28 16:29:17,414 - INFO - Skipping framework-specific initialization in the driver process.
2026-03-28 16:29:17,418 - INFO - ------- Hardware Configuration -------
2026-03-28 16:29:17,421 - INFO - CPU affinity set to cores: [0, 1, 2, 3]
2026-03-28 16:29:17,424 - INFO - 
2026-03-28 16:29:17,428 - INFO - ------- Data Preprocessing for EQCCTPro -------
2026-03-28 16:29:17,431 - INFO - 1 station(s) in /home/blackwinter/projects/eqcct/eqcctpro/data/waveforms_explosions_nonoise/20250108T090554Z_20250108T090654Z
2026-03-28 16:29:17,435 - INFO - Using 1 selected station(s): ['TOF'].
2026-03-28 16:29:17,438 - INFO - Creating model actor(s)...
2026-03-28 16:29:17,441 - INFO - System RAM: Total=7870 MB, Available=4358 MB
2026-03-28 16:29:17,444 - INFO - Usable RAM budget: 7083 MB (90% of total)
2026-03-28 16:29:17,447 - INFO - ===== MEMORY-AWARE CPU ACTOR POOL =====
2026-03-28 16:29:17,449 - INFO - Requested concurrent tasks: 1
2026-03-28 16:29:17,452 - INFO - Available CPUs: 4
2026-03-28 16:29:17,455 - INFO - Available RAM: 7083 MB
2026-03-28 16:29:17,458 - INFO - RAM per model: 2060 MB
2026-03-28 16:29:17,461 - INFO - Max actors by RAM: 3
2026-03-28 16:29:17,464 - INFO - Creating 1 SeisBenchModelActor(s)
2026-03-28 16:29:17,467 - INFO - Let Ray handle scheduling (taskset already restricts CPU visibility)
2026-03-28 16:29:17,469 - INFO - Creating SeisBenchModelActor 1/1 (2.01GB RAM each)...
2026-03-28 16:29:20,825 - INFO - SeisBenchModelActor 1 created successfully.
2026-03-28 16:29:20,828 - INFO - Created 1 CPU actor(s). Task queue will handle concurrency.
2026-03-28 16:29:20,831 - INFO - Starting EQCCTPro parallelized waveform processing...
2026-03-28 16:29:20,834 - INFO - 
2026-03-28 16:29:20,838 - INFO - ------- Analyzing Seismic Waveforms for P and S Picks via SeisBench (EQTransformer - original_nonconservative) -------
2026-03-28 16:29:20,843 - INFO - Analyzing 0:01:00 minute timechunk from 2025-01-08 09:05:54 to 2025-01-08 09:06:54 (0 min overlap)
2026-03-28 16:29:20,847 - INFO - Processing a total of 1 stations, 1 at a time.
2026-03-28 16:29:23,360 - INFO - (1/1) TOF: Finished the prediction in 0.16s. (HP=1.0, LP=45.0, picks=2)
2026-03-28 16:29:23,365 - INFO - 
2026-03-28 16:29:23,369 - INFO - ------- Parallel Station Waveform Processing Complete For 2025-01-08 09:05:54 to 2025-01-08 09:06:54 Timechunk-------
2026-03-28 16:29:23,371 - INFO - Picks saved at /home/blackwinter/projects/eqcct/eqcctpro/results/csv/eqt_explosions_th0_1/20250108T090554Z_20250108T090654ZProcess Runtime: 2.53 s
2026-03-28 16:29:23,378 - INFO - Successfully ran EQCCTPro, exiting...
2026-03-28 16:29:24,939 - INFO - Ray Successfully Shutdown.
2026-03-28 16:29:24,939 - INFO - ------- Successfully Picked All Waveform(s) from all Timechunk(s) -------
