2026-03-28 21:38:00,341 - INFO - 
2026-03-28 21:38:00,342 - INFO - ------- Welcome to EQCCTPro -------
2026-03-28 21:38:00,342 - INFO - 
2026-03-28 21:38:00,342 - INFO - Running EQCCT over Requested MSeed Files using CPU(s)...
2026-03-28 21:38:00,342 - INFO - GPU disabled (CPU-only).
2026-03-29 05:30:18,521 - INFO - 
2026-03-29 05:30:18,522 - INFO - ------- Welcome to EQCCTPro -------
2026-03-29 05:30:18,522 - INFO - 
2026-03-29 05:30:18,523 - INFO - Running EQCCT over Requested MSeed Files using CPU(s)...
2026-03-29 05:30:18,523 - INFO - GPU disabled (CPU-only).
2026-03-29 05:30:18,523 - INFO - Configured Intra-op threads = 1
2026-03-29 05:30:18,523 - INFO - Configured Inter-op threads = 1
2026-03-29 05:30:18,524 - INFO - TensorFlow: No GPUs visible; TF will proceed on CPU.
2026-03-29 05:30:18,524 - INFO - 
2026-03-29 05:30:23,644 - INFO - Ray Successfully Initialized with 4 CPU(s) ([0, 1, 2, 3] CPU Affinity Binding).
2026-03-29 05:30:23,644 - INFO - Analyzing 1 time chunk(s) from 2025-01-20 12:05:47 to 2025-01-20 12:06:47 (dt=1min, overlap=0min).
2026-03-29 05:30:23,645 - INFO - Using 1 selected station(s).
2026-03-29 05:30:23,645 - INFO - 
2026-03-29 05:30:23,645 - INFO - ------- Starting EQCCTPro... -------
2026-03-29 05:30:23,645 - INFO - Detailed subprocess information can be found in the log file.
2026-03-29 05:30:23,645 - INFO - 
2026-03-29 05:30:24,034 - INFO - GPU disabled (CPU-only).
2026-03-29 05:30:25,779 - INFO - Configured Intra-op threads = 1
2026-03-29 05:30:25,782 - INFO - Configured Inter-op threads = 1
2026-03-29 05:30:25,827 - INFO - TensorFlow: No GPUs visible; TF will proceed on CPU.
2026-03-29 05:30:25,829 - INFO - 
2026-03-29 05:30:25,832 - INFO - ------- Hardware Configuration -------
2026-03-29 05:30:25,834 - INFO - CPU affinity set to cores: [0, 1, 2, 3]
2026-03-29 05:30:25,837 - INFO - 
2026-03-29 05:30:25,840 - INFO - ------- Data Preprocessing for EQCCTPro -------
2026-03-29 05:30:25,842 - INFO - 1 station(s) in /home/blackwinter/projects/eqcct/eqcctpro/data/waveforms_explosions_nonoise/20250120T120547Z_20250120T120647Z
2026-03-29 05:30:25,845 - INFO - Using 1 selected station(s): ['KEV'].
2026-03-29 05:30:25,848 - INFO - Creating model actor(s)...
2026-03-29 05:30:25,850 - INFO - System RAM: Total=7870 MB, Available=2982 MB
2026-03-29 05:30:25,852 - INFO - Usable RAM budget: 7083 MB (90% of total)
2026-03-29 05:30:25,855 - INFO - ===== MEMORY-AWARE CPU ACTOR POOL (EQCCT) =====
2026-03-29 05:30:25,857 - INFO - Requested concurrent tasks: 1
2026-03-29 05:30:25,859 - INFO - Available CPUs: 4
2026-03-29 05:30:25,862 - INFO - Available RAM: 7083 MB
2026-03-29 05:30:25,864 - INFO - RAM per model: 2264 MB
2026-03-29 05:30:25,867 - INFO - Max actors by RAM: 3
2026-03-29 05:30:25,869 - INFO - Creating 1 ModelActor(s)
2026-03-29 05:30:25,872 - INFO - Let Ray handle scheduling (taskset already restricts CPU visibility)
2026-03-29 05:30:25,875 - INFO - Creating ModelActor 1/1 (2.21GB RAM each)...
2026-03-29 05:30:30,247 - INFO - ModelActor 1 created successfully.
2026-03-29 05:30:30,250 - INFO - Created 1 CPU actor(s). Task queue will handle concurrency.
2026-03-29 05:30:30,253 - INFO - Starting EQCCTPro parallelized waveform processing...
2026-03-29 05:30:30,256 - INFO - 
2026-03-29 05:30:30,259 - INFO - ------- Analyzing Seismic Waveforms for P and S Picks via EQCCT -------
2026-03-29 05:30:30,263 - INFO - Analyzing 0:01:00 minute timechunk from 2025-01-20 12:05:47 to 2025-01-20 12:06:47 (0 min overlap)
2026-03-29 05:30:30,266 - INFO - Processing a total of 1 stations, 1 at a time.
2026-03-29 05:30:34,759 - INFO - (1/1) KEV: Finished the prediction in 2.47s. (HP=1.0, LP=45.0)
2026-03-29 05:30:34,761 - INFO - 
2026-03-29 05:30:34,763 - INFO - ------- Parallel Station Waveform Processing Complete For 2025-01-20 12:05:47 to 2025-01-20 12:06:47 Timechunk-------
2026-03-29 05:30:34,766 - INFO - Picks saved at /home/blackwinter/projects/eqcct/eqcctpro/results/csv/eqcct_explosions_th0_1/20250120T120547Z_20250120T120647ZProcess Runtime: 4.51 s
2026-03-29 05:30:34,770 - INFO - Successfully ran EQCCTPro, exiting...
2026-03-29 05:30:36,443 - INFO - Ray Successfully Shutdown.
2026-03-29 05:30:36,443 - INFO - ------- Successfully Picked All Waveform(s) from all Timechunk(s) -------
