2026-02-22 12:47:44,006 - INFO - 
2026-02-22 12:47:44,006 - INFO - ------- Welcome to EQCCTPro -------
2026-02-22 12:47:44,006 - INFO - 
2026-02-22 12:47:44,007 - INFO - Running EQCCT over Requested MSeed Files using CPU(s)...
2026-02-22 12:47:44,007 - INFO - GPU disabled (CPU-only).
2026-02-22 12:47:44,007 - INFO - Configured Intra-op threads = 1
2026-02-22 12:47:44,008 - INFO - Configured Inter-op threads = 1
2026-02-22 12:47:44,008 - INFO - TensorFlow: No GPUs visible; TF will proceed on CPU.
2026-02-22 12:47:44,008 - INFO - 
2026-02-22 12:47:49,402 - INFO - Ray Successfully Initialized with 4 CPU(s) ([0, 1, 2, 3] CPU Affinity Binding).
2026-02-22 12:47:49,402 - INFO - Analyzing 1 time chunk(s) from 2025-01-27 19:18:11 to 2025-01-27 19:19:11 (dt=1min, overlap=0min).
2026-02-22 12:47:49,402 - INFO - Using 1 selected station(s).
2026-02-22 12:47:49,402 - INFO - 
2026-02-22 12:47:49,402 - INFO - ------- Starting EQCCTPro... -------
2026-02-22 12:47:49,403 - INFO - Detailed subprocess information can be found in the log file.
2026-02-22 12:47:49,403 - INFO - 
2026-02-22 12:47:49,755 - INFO - GPU disabled (CPU-only).
2026-02-22 12:47:51,239 - INFO - Configured Intra-op threads = 1
2026-02-22 12:47:51,242 - INFO - Configured Inter-op threads = 1
2026-02-22 12:47:51,281 - INFO - TensorFlow: No GPUs visible; TF will proceed on CPU.
2026-02-22 12:47:51,283 - INFO - 
2026-02-22 12:47:51,285 - INFO - ------- Hardware Configuration -------
2026-02-22 12:47:51,287 - INFO - CPU affinity set to cores: [0, 1, 2, 3]
2026-02-22 12:47:51,289 - INFO - 
2026-02-22 12:47:51,291 - INFO - ------- Data Preprocessing for EQCCTPro -------
2026-02-22 12:47:51,293 - INFO - 1 station(s) in /home/blackwinter/projects/eqcct/eqcctpro/data/waveforms_earthquakes_nonoise/20250127T191811Z_20250127T191911Z
2026-02-22 12:47:51,295 - INFO - Using 1 selected station(s): ['RNF'].
2026-02-22 12:47:51,297 - INFO - Creating model actor(s)...
2026-02-22 12:47:51,299 - INFO - System RAM: Total=7870 MB, Available=3120 MB
2026-02-22 12:47:51,300 - INFO - Usable RAM budget: 7083 MB (90% of total)
2026-02-22 12:47:51,302 - INFO - ===== MEMORY-AWARE CPU ACTOR POOL (EQCCT) =====
2026-02-22 12:47:51,304 - INFO - Requested concurrent tasks: 1
2026-02-22 12:47:51,306 - INFO - Available CPUs: 4
2026-02-22 12:47:51,307 - INFO - Available RAM: 7083 MB
2026-02-22 12:47:51,310 - INFO - RAM per model: 2264 MB
2026-02-22 12:47:51,312 - INFO - Max actors by RAM: 3
2026-02-22 12:47:51,314 - INFO - Creating 1 ModelActor(s)
2026-02-22 12:47:51,316 - INFO - Let Ray handle scheduling (taskset already restricts CPU visibility)
2026-02-22 12:47:51,318 - INFO - Creating ModelActor 1/1 (2.21GB RAM each)...
2026-02-22 12:47:55,206 - INFO - ModelActor 1 created successfully.
2026-02-22 12:47:55,209 - INFO - Created 1 CPU actor(s). Task queue will handle concurrency.
2026-02-22 12:47:55,211 - INFO - Starting EQCCTPro parallelized waveform processing...
2026-02-22 12:47:55,213 - INFO - 
2026-02-22 12:47:55,216 - INFO - ------- Analyzing Seismic Waveforms for P and S Picks via EQCCT -------
2026-02-22 12:47:55,218 - INFO - Analyzing 0:01:00 minute timechunk from 2025-01-27 19:18:11 to 2025-01-27 19:19:11 (0 min overlap)
2026-02-22 12:47:55,220 - INFO - Processing a total of 1 stations, 1 at a time.
2026-02-22 12:47:59,251 - INFO - (1/1) RNF: Finished the prediction in 2.14s. (HP=1.0, LP=45.0)
2026-02-22 12:47:59,253 - INFO - 
2026-02-22 12:47:59,255 - INFO - ------- Parallel Station Waveform Processing Complete For 2025-01-27 19:18:11 to 2025-01-27 19:19:11 Timechunk-------
2026-02-22 12:47:59,258 - INFO - Picks saved at /home/blackwinter/projects/eqcct/eqcctpro/results/csv/bm_eq_nonoise/20250127T191811Z_20250127T191911ZProcess Runtime: 4.04 s
2026-02-22 12:47:59,262 - INFO - Successfully ran EQCCTPro, exiting...
2026-02-22 12:48:00,610 - INFO - Ray Successfully Shutdown.
2026-02-22 12:48:00,611 - INFO - ------- Successfully Picked All Waveform(s) from all Timechunk(s) -------
