2026-03-28 21:37:59,864 - INFO - 
2026-03-28 21:37:59,864 - INFO - ------- Welcome to EQCCTPro -------
2026-03-28 21:37:59,864 - INFO - 
2026-03-28 21:37:59,865 - INFO - Running EQCCT over Requested MSeed Files using CPU(s)...
2026-03-28 21:37:59,865 - INFO - GPU disabled (CPU-only).
2026-03-29 04:37:30,182 - INFO - 
2026-03-29 04:37:30,183 - INFO - ------- Welcome to EQCCTPro -------
2026-03-29 04:37:30,183 - INFO - 
2026-03-29 04:37:30,184 - INFO - Running EQCCT over Requested MSeed Files using CPU(s)...
2026-03-29 04:37:30,184 - INFO - GPU disabled (CPU-only).
2026-03-29 04:37:30,184 - INFO - Configured Intra-op threads = 1
2026-03-29 04:37:30,184 - INFO - Configured Inter-op threads = 1
2026-03-29 04:37:30,185 - INFO - TensorFlow: No GPUs visible; TF will proceed on CPU.
2026-03-29 04:37:30,185 - INFO - 
2026-03-29 04:37:35,308 - INFO - Ray Successfully Initialized with 4 CPU(s) ([0, 1, 2, 3] CPU Affinity Binding).
2026-03-29 04:37:35,308 - INFO - Analyzing 1 time chunk(s) from 2025-01-17 08:16:42 to 2025-01-17 08:17:42 (dt=1min, overlap=0min).
2026-03-29 04:37:35,309 - INFO - Using 1 selected station(s).
2026-03-29 04:37:35,309 - INFO - 
2026-03-29 04:37:35,309 - INFO - ------- Starting EQCCTPro... -------
2026-03-29 04:37:35,309 - INFO - Detailed subprocess information can be found in the log file.
2026-03-29 04:37:35,310 - INFO - 
2026-03-29 04:37:35,712 - INFO - GPU disabled (CPU-only).
2026-03-29 04:37:37,348 - INFO - Configured Intra-op threads = 1
2026-03-29 04:37:37,351 - INFO - Configured Inter-op threads = 1
2026-03-29 04:37:37,400 - INFO - TensorFlow: No GPUs visible; TF will proceed on CPU.
2026-03-29 04:37:37,402 - INFO - 
2026-03-29 04:37:37,405 - INFO - ------- Hardware Configuration -------
2026-03-29 04:37:37,408 - INFO - CPU affinity set to cores: [0, 1, 2, 3]
2026-03-29 04:37:37,410 - INFO - 
2026-03-29 04:37:37,412 - INFO - ------- Data Preprocessing for EQCCTPro -------
2026-03-29 04:37:37,415 - INFO - 1 station(s) in /home/blackwinter/projects/eqcct/eqcctpro/data/waveforms_explosions_nonoise/20250117T081642Z_20250117T081742Z
2026-03-29 04:37:37,417 - INFO - Using 1 selected station(s): ['TOF'].
2026-03-29 04:37:37,420 - INFO - Creating model actor(s)...
2026-03-29 04:37:37,422 - INFO - System RAM: Total=7870 MB, Available=2866 MB
2026-03-29 04:37:37,426 - INFO - Usable RAM budget: 7083 MB (90% of total)
2026-03-29 04:37:37,428 - INFO - ===== MEMORY-AWARE CPU ACTOR POOL (EQCCT) =====
2026-03-29 04:37:37,431 - INFO - Requested concurrent tasks: 1
2026-03-29 04:37:37,433 - INFO - Available CPUs: 4
2026-03-29 04:37:37,436 - INFO - Available RAM: 7083 MB
2026-03-29 04:37:37,438 - INFO - RAM per model: 2264 MB
2026-03-29 04:37:37,440 - INFO - Max actors by RAM: 3
2026-03-29 04:37:37,443 - INFO - Creating 1 ModelActor(s)
2026-03-29 04:37:37,445 - INFO - Let Ray handle scheduling (taskset already restricts CPU visibility)
2026-03-29 04:37:37,448 - INFO - Creating ModelActor 1/1 (2.21GB RAM each)...
2026-03-29 04:37:41,805 - INFO - ModelActor 1 created successfully.
2026-03-29 04:37:41,807 - INFO - Created 1 CPU actor(s). Task queue will handle concurrency.
2026-03-29 04:37:41,810 - INFO - Starting EQCCTPro parallelized waveform processing...
2026-03-29 04:37:41,812 - INFO - 
2026-03-29 04:37:41,815 - INFO - ------- Analyzing Seismic Waveforms for P and S Picks via EQCCT -------
2026-03-29 04:37:41,818 - INFO - Analyzing 0:01:00 minute timechunk from 2025-01-17 08:16:42 to 2025-01-17 08:17:42 (0 min overlap)
2026-03-29 04:37:41,820 - INFO - Processing a total of 1 stations, 1 at a time.
2026-03-29 04:37:46,332 - INFO - (1/1) TOF: Finished the prediction in 2.44s. (HP=1.0, LP=45.0)
2026-03-29 04:37:46,334 - INFO - 
2026-03-29 04:37:46,337 - INFO - ------- Parallel Station Waveform Processing Complete For 2025-01-17 08:16:42 to 2025-01-17 08:17:42 Timechunk-------
2026-03-29 04:37:46,339 - INFO - Picks saved at /home/blackwinter/projects/eqcct/eqcctpro/results/csv/eqcct_explosions_th0_1/20250117T081642Z_20250117T081742ZProcess Runtime: 4.52 s
2026-03-29 04:37:46,343 - INFO - Successfully ran EQCCTPro, exiting...
2026-03-29 04:37:47,928 - INFO - Ray Successfully Shutdown.
2026-03-29 04:37:47,928 - INFO - ------- Successfully Picked All Waveform(s) from all Timechunk(s) -------
