2026-03-28 16:30:15,428 - INFO - 
2026-03-28 16:30:15,428 - INFO - ------- Welcome to EQCCTPro -------
2026-03-28 16:30:15,428 - INFO - 
2026-03-28 16:30:15,429 - INFO - Running EQCCT over Requested MSeed Files using CPU(s)...
2026-03-28 16:30:15,429 - INFO - GPU disabled (CPU-only).
2026-03-28 16:30:15,430 - INFO - Skipping framework-specific initialization in the driver process.
2026-03-28 16:30:18,038 - INFO - Ray Successfully Initialized with 4 CPU(s) ([0, 1, 2, 3] CPU Affinity Binding).
2026-03-28 16:30:18,038 - INFO - Analyzing 1 time chunk(s) from 2025-01-08 09:06:21 to 2025-01-08 09:07:21 (dt=1min, overlap=0min).
2026-03-28 16:30:18,039 - INFO - Using 1 selected station(s).
2026-03-28 16:30:18,039 - INFO - 
2026-03-28 16:30:18,041 - INFO - ------- Starting EQCCTPro... -------
2026-03-28 16:30:18,041 - INFO - Detailed subprocess information can be found in the log file.
2026-03-28 16:30:18,041 - INFO - 
2026-03-28 16:30:18,351 - INFO - GPU disabled (CPU-only).
2026-03-28 16:30:18,357 - INFO - Skipping framework-specific initialization in the driver process.
2026-03-28 16:30:18,361 - INFO - ------- Hardware Configuration -------
2026-03-28 16:30:18,364 - INFO - CPU affinity set to cores: [0, 1, 2, 3]
2026-03-28 16:30:18,367 - INFO - 
2026-03-28 16:30:18,370 - INFO - ------- Data Preprocessing for EQCCTPro -------
2026-03-28 16:30:18,373 - INFO - 1 station(s) in /home/blackwinter/projects/eqcct/eqcctpro/data/waveforms_explosions_nonoise/20250108T090621Z_20250108T090721Z
2026-03-28 16:30:18,376 - INFO - Using 1 selected station(s): ['KU2'].
2026-03-28 16:30:18,378 - INFO - Creating model actor(s)...
2026-03-28 16:30:18,381 - INFO - System RAM: Total=7870 MB, Available=4339 MB
2026-03-28 16:30:18,384 - INFO - Usable RAM budget: 7083 MB (90% of total)
2026-03-28 16:30:18,388 - INFO - ===== MEMORY-AWARE CPU ACTOR POOL =====
2026-03-28 16:30:18,390 - INFO - Requested concurrent tasks: 1
2026-03-28 16:30:18,393 - INFO - Available CPUs: 4
2026-03-28 16:30:18,396 - INFO - Available RAM: 7083 MB
2026-03-28 16:30:18,400 - INFO - RAM per model: 2060 MB
2026-03-28 16:30:18,402 - INFO - Max actors by RAM: 3
2026-03-28 16:30:18,405 - INFO - Creating 1 SeisBenchModelActor(s)
2026-03-28 16:30:18,407 - INFO - Let Ray handle scheduling (taskset already restricts CPU visibility)
2026-03-28 16:30:18,409 - INFO - Creating SeisBenchModelActor 1/1 (2.01GB RAM each)...
2026-03-28 16:30:21,390 - INFO - SeisBenchModelActor 1 created successfully.
2026-03-28 16:30:21,393 - INFO - Created 1 CPU actor(s). Task queue will handle concurrency.
2026-03-28 16:30:21,396 - INFO - Starting EQCCTPro parallelized waveform processing...
2026-03-28 16:30:21,401 - INFO - 
2026-03-28 16:30:21,405 - INFO - ------- Analyzing Seismic Waveforms for P and S Picks via SeisBench (EQTransformer - original_nonconservative) -------
2026-03-28 16:30:21,409 - INFO - Analyzing 0:01:00 minute timechunk from 2025-01-08 09:06:21 to 2025-01-08 09:07:21 (0 min overlap)
2026-03-28 16:30:21,412 - INFO - Processing a total of 1 stations, 1 at a time.
2026-03-28 16:30:23,851 - INFO - (1/1) KU2: Finished the prediction in 0.15s. (HP=1.0, LP=45.0, picks=0)
2026-03-28 16:30:23,854 - INFO - 
2026-03-28 16:30:23,857 - INFO - ------- Parallel Station Waveform Processing Complete For 2025-01-08 09:06:21 to 2025-01-08 09:07:21 Timechunk-------
2026-03-28 16:30:23,860 - INFO - Picks saved at /home/blackwinter/projects/eqcct/eqcctpro/results/csv/eqt_explosions_th0_1/20250108T090621Z_20250108T090721ZProcess Runtime: 2.46 s
2026-03-28 16:30:23,867 - INFO - Successfully ran EQCCTPro, exiting...
2026-03-28 16:30:25,423 - INFO - Ray Successfully Shutdown.
2026-03-28 16:30:25,423 - INFO - ------- Successfully Picked All Waveform(s) from all Timechunk(s) -------
