2026-03-27 21:17:36,720 - INFO - 
2026-03-27 21:17:36,720 - INFO - ------- Welcome to EQCCTPro -------
2026-03-27 21:17:36,721 - INFO - 
2026-03-27 21:17:36,721 - INFO - Running EQCCT over Requested MSeed Files using CPU(s)...
2026-03-27 21:17:36,721 - INFO - GPU disabled (CPU-only).
2026-03-27 21:17:36,721 - INFO - Skipping framework-specific initialization in the driver process.
2026-03-27 21:17:39,073 - INFO - Ray Successfully Initialized with 4 CPU(s) ([0, 1, 2, 3] CPU Affinity Binding).
2026-03-27 21:17:39,073 - INFO - Analyzing 1 time chunk(s) from 2025-10-03 17:16:07 to 2025-10-03 17:17:07 (dt=1min, overlap=0min).
2026-03-27 21:17:39,073 - INFO - Using 1 selected station(s).
2026-03-27 21:17:39,073 - INFO - 
2026-03-27 21:17:39,074 - INFO - ------- Starting EQCCTPro... -------
2026-03-27 21:17:39,074 - INFO - Detailed subprocess information can be found in the log file.
2026-03-27 21:17:39,074 - INFO - 
2026-03-27 21:17:39,373 - INFO - GPU disabled (CPU-only).
2026-03-27 21:17:39,378 - INFO - Skipping framework-specific initialization in the driver process.
2026-03-27 21:17:39,380 - INFO - ------- Hardware Configuration -------
2026-03-27 21:17:39,383 - INFO - CPU affinity set to cores: [0, 1, 2, 3]
2026-03-27 21:17:39,385 - INFO - 
2026-03-27 21:17:39,388 - INFO - ------- Data Preprocessing for EQCCTPro -------
2026-03-27 21:17:39,391 - INFO - 1 station(s) in /home/blackwinter/projects/eqcct/eqcctpro/data/waveforms_earthquakes_nonoise/20251003T171607Z_20251003T171707Z
2026-03-27 21:17:39,394 - INFO - Using 1 selected station(s): ['KEF'].
2026-03-27 21:17:39,397 - INFO - Creating model actor(s)...
2026-03-27 21:17:39,399 - INFO - System RAM: Total=7870 MB, Available=5094 MB
2026-03-27 21:17:39,401 - INFO - Usable RAM budget: 7083 MB (90% of total)
2026-03-27 21:17:39,404 - INFO - ===== MEMORY-AWARE CPU ACTOR POOL =====
2026-03-27 21:17:39,407 - INFO - Requested concurrent tasks: 1
2026-03-27 21:17:39,409 - INFO - Available CPUs: 4
2026-03-27 21:17:39,412 - INFO - Available RAM: 7083 MB
2026-03-27 21:17:39,415 - INFO - RAM per model: 2060 MB
2026-03-27 21:17:39,419 - INFO - Max actors by RAM: 3
2026-03-27 21:17:39,422 - INFO - Creating 1 SeisBenchModelActor(s)
2026-03-27 21:17:39,424 - INFO - Let Ray handle scheduling (taskset already restricts CPU visibility)
2026-03-27 21:17:39,428 - INFO - Creating SeisBenchModelActor 1/1 (2.01GB RAM each)...
2026-03-27 21:17:42,797 - INFO - SeisBenchModelActor 1 created successfully.
2026-03-27 21:17:42,801 - INFO - Created 1 CPU actor(s). Task queue will handle concurrency.
2026-03-27 21:17:42,802 - INFO - Starting EQCCTPro parallelized waveform processing...
2026-03-27 21:17:42,805 - INFO - 
2026-03-27 21:17:42,806 - INFO - ------- Analyzing Seismic Waveforms for P and S Picks via SeisBench (EQTransformer - original_nonconservative) -------
2026-03-27 21:17:42,810 - INFO - Analyzing 0:01:00 minute timechunk from 2025-10-03 17:16:07 to 2025-10-03 17:17:07 (0 min overlap)
2026-03-27 21:17:42,812 - INFO - Processing a total of 1 stations, 1 at a time.
2026-03-27 21:17:45,008 - INFO - (1/1) KEF: Finished the prediction in 0.13s. (HP=1.0, LP=45.0, picks=3)
2026-03-27 21:17:45,010 - INFO - 
2026-03-27 21:17:45,014 - INFO - ------- Parallel Station Waveform Processing Complete For 2025-10-03 17:16:07 to 2025-10-03 17:17:07 Timechunk-------
2026-03-27 21:17:45,016 - INFO - Picks saved at /home/blackwinter/projects/eqcct/eqcctpro/results/csv/eqt_earthquakes_th0_1/20251003T171607Z_20251003T171707ZProcess Runtime: 2.21 s
2026-03-27 21:17:45,025 - INFO - Successfully ran EQCCTPro, exiting...
2026-03-27 21:17:46,721 - INFO - Ray Successfully Shutdown.
2026-03-27 21:17:46,721 - INFO - ------- Successfully Picked All Waveform(s) from all Timechunk(s) -------
2026-03-28 03:29:39,249 - INFO - 
2026-03-28 03:29:39,249 - INFO - ------- Welcome to EQCCTPro -------
2026-03-28 03:29:39,249 - INFO - 
2026-03-28 03:29:39,250 - INFO - Running EQCCT over Requested MSeed Files using CPU(s)...
2026-03-28 03:29:39,250 - INFO - GPU disabled (CPU-only).
2026-03-28 03:29:39,250 - INFO - Skipping framework-specific initialization in the driver process.
2026-03-28 03:29:41,645 - INFO - Ray Successfully Initialized with 4 CPU(s) ([0, 1, 2, 3] CPU Affinity Binding).
2026-03-28 03:29:41,645 - INFO - Analyzing 1 time chunk(s) from 2025-10-03 17:16:07 to 2025-10-03 17:17:07 (dt=1min, overlap=0min).
2026-03-28 03:29:41,646 - INFO - Using 1 selected station(s).
2026-03-28 03:29:41,646 - INFO - 
2026-03-28 03:29:41,646 - INFO - ------- Starting EQCCTPro... -------
2026-03-28 03:29:41,646 - INFO - Detailed subprocess information can be found in the log file.
2026-03-28 03:29:41,646 - INFO - 
2026-03-28 03:29:41,940 - INFO - GPU disabled (CPU-only).
2026-03-28 03:29:41,945 - INFO - Skipping framework-specific initialization in the driver process.
2026-03-28 03:29:41,948 - INFO - ------- Hardware Configuration -------
2026-03-28 03:29:41,951 - INFO - CPU affinity set to cores: [0, 1, 2, 3]
2026-03-28 03:29:41,954 - INFO - 
2026-03-28 03:29:41,957 - INFO - ------- Data Preprocessing for EQCCTPro -------
2026-03-28 03:29:41,959 - INFO - 1 station(s) in /home/blackwinter/projects/eqcct/eqcctpro/data/waveforms_earthquakes_nonoise/20251003T171607Z_20251003T171707Z
2026-03-28 03:29:41,962 - INFO - Using 1 selected station(s): ['KEF'].
2026-03-28 03:29:41,965 - INFO - Creating model actor(s)...
2026-03-28 03:29:41,968 - INFO - System RAM: Total=7870 MB, Available=5650 MB
2026-03-28 03:29:41,971 - INFO - Usable RAM budget: 7083 MB (90% of total)
2026-03-28 03:29:41,974 - INFO - ===== MEMORY-AWARE CPU ACTOR POOL =====
2026-03-28 03:29:41,977 - INFO - Requested concurrent tasks: 1
2026-03-28 03:29:41,979 - INFO - Available CPUs: 4
2026-03-28 03:29:41,983 - INFO - Available RAM: 7083 MB
2026-03-28 03:29:41,986 - INFO - RAM per model: 2060 MB
2026-03-28 03:29:41,989 - INFO - Max actors by RAM: 3
2026-03-28 03:29:41,992 - INFO - Creating 1 SeisBenchModelActor(s)
2026-03-28 03:29:41,995 - INFO - Let Ray handle scheduling (taskset already restricts CPU visibility)
2026-03-28 03:29:41,998 - INFO - Creating SeisBenchModelActor 1/1 (2.01GB RAM each)...
2026-03-28 03:29:45,214 - INFO - SeisBenchModelActor 1 created successfully.
2026-03-28 03:29:45,216 - INFO - Created 1 CPU actor(s). Task queue will handle concurrency.
2026-03-28 03:29:45,218 - INFO - Starting EQCCTPro parallelized waveform processing...
2026-03-28 03:29:45,221 - INFO - 
2026-03-28 03:29:45,223 - INFO - ------- Analyzing Seismic Waveforms for P and S Picks via SeisBench (EQTransformer - original_nonconservative) -------
2026-03-28 03:29:45,226 - INFO - Analyzing 0:01:00 minute timechunk from 2025-10-03 17:16:07 to 2025-10-03 17:17:07 (0 min overlap)
2026-03-28 03:29:45,228 - INFO - Processing a total of 1 stations, 1 at a time.
2026-03-28 03:29:47,284 - INFO - (1/1) KEF: Skipped (already exists - overwrite=False).
2026-03-28 03:29:47,287 - INFO - 
2026-03-28 03:29:47,290 - INFO - ------- Parallel Station Waveform Processing Complete For 2025-10-03 17:16:07 to 2025-10-03 17:17:07 Timechunk-------
2026-03-28 03:29:47,292 - INFO - Picks saved at /home/blackwinter/projects/eqcct/eqcctpro/results/csv/eqt_earthquakes_th0_1/20251003T171607Z_20251003T171707ZProcess Runtime: 2.07 s
2026-03-28 03:29:47,297 - INFO - Successfully ran EQCCTPro, exiting...
2026-03-28 03:29:48,838 - INFO - Ray Successfully Shutdown.
2026-03-28 03:29:48,839 - INFO - ------- Successfully Picked All Waveform(s) from all Timechunk(s) -------
