2026-02-22 14:47:04,457 - INFO - 
2026-02-22 14:47:04,457 - INFO - ------- Welcome to EQCCTPro -------
2026-02-22 14:47:04,457 - INFO - 
2026-02-22 14:47:04,458 - INFO - Running EQCCT over Requested MSeed Files using CPU(s)...
2026-02-22 14:47:04,458 - INFO - GPU disabled (CPU-only).
2026-02-22 14:47:04,458 - INFO - Configured Intra-op threads = 1
2026-02-22 14:47:04,458 - INFO - Configured Inter-op threads = 1
2026-02-22 14:47:04,458 - INFO - TensorFlow: No GPUs visible; TF will proceed on CPU.
2026-02-22 14:47:04,459 - INFO - 
2026-02-22 14:47:10,052 - INFO - Ray Successfully Initialized with 4 CPU(s) ([0, 1, 2, 3] CPU Affinity Binding).
2026-02-22 14:47:10,053 - INFO - Analyzing 1 time chunk(s) from 2025-04-25 21:13:23 to 2025-04-25 21:14:23 (dt=1min, overlap=0min).
2026-02-22 14:47:10,053 - INFO - Using 2 selected station(s).
2026-02-22 14:47:10,053 - INFO - 
2026-02-22 14:47:10,053 - INFO - ------- Starting EQCCTPro... -------
2026-02-22 14:47:10,053 - INFO - Detailed subprocess information can be found in the log file.
2026-02-22 14:47:10,053 - INFO - 
2026-02-22 14:47:10,442 - INFO - GPU disabled (CPU-only).
2026-02-22 14:47:12,059 - INFO - Configured Intra-op threads = 1
2026-02-22 14:47:12,062 - INFO - Configured Inter-op threads = 1
2026-02-22 14:47:12,108 - INFO - TensorFlow: No GPUs visible; TF will proceed on CPU.
2026-02-22 14:47:12,111 - INFO - 
2026-02-22 14:47:12,115 - INFO - ------- Hardware Configuration -------
2026-02-22 14:47:12,118 - INFO - CPU affinity set to cores: [0, 1, 2, 3]
2026-02-22 14:47:12,122 - INFO - 
2026-02-22 14:47:12,125 - INFO - ------- Data Preprocessing for EQCCTPro -------
2026-02-22 14:47:12,129 - INFO - 2 station(s) in /home/blackwinter/projects/eqcct/eqcctpro/data/waveforms_earthquakes_nonoise/20250425T211323Z_20250425T211423Z
2026-02-22 14:47:12,133 - INFO - Using 2 selected station(s): ['FIA0', 'FIA1'].
2026-02-22 14:47:12,137 - INFO - Creating model actor(s)...
2026-02-22 14:47:12,140 - INFO - System RAM: Total=7870 MB, Available=2380 MB
2026-02-22 14:47:12,144 - INFO - Usable RAM budget: 7083 MB (90% of total)
2026-02-22 14:47:12,147 - INFO - ===== MEMORY-AWARE CPU ACTOR POOL (EQCCT) =====
2026-02-22 14:47:12,151 - INFO - Requested concurrent tasks: 1
2026-02-22 14:47:12,154 - INFO - Available CPUs: 4
2026-02-22 14:47:12,158 - INFO - Available RAM: 7083 MB
2026-02-22 14:47:12,160 - INFO - RAM per model: 2264 MB
2026-02-22 14:47:12,163 - INFO - Max actors by RAM: 3
2026-02-22 14:47:12,166 - INFO - Creating 1 ModelActor(s)
2026-02-22 14:47:12,168 - INFO - Let Ray handle scheduling (taskset already restricts CPU visibility)
2026-02-22 14:47:12,171 - INFO - Creating ModelActor 1/1 (2.21GB RAM each)...
2026-02-22 14:47:16,393 - INFO - ModelActor 1 created successfully.
2026-02-22 14:47:16,395 - INFO - Created 1 CPU actor(s). Task queue will handle concurrency.
2026-02-22 14:47:16,397 - INFO - Starting EQCCTPro parallelized waveform processing...
2026-02-22 14:47:16,399 - INFO - 
2026-02-22 14:47:16,402 - INFO - ------- Analyzing Seismic Waveforms for P and S Picks via EQCCT -------
2026-02-22 14:47:16,404 - INFO - Analyzing 0:01:00 minute timechunk from 2025-04-25 21:13:23 to 2025-04-25 21:14:23 (0 min overlap)
2026-02-22 14:47:16,406 - INFO - Processing a total of 2 stations, 1 at a time.
2026-02-22 14:47:20,562 - INFO - (1/2) FIA0: Finished the prediction in 2.22s. (HP=1.0, LP=45.0)
2026-02-22 14:47:20,668 - INFO - (2/2) FIA1: Finished the prediction in 0.1s. (HP=1.0, LP=45.0)
2026-02-22 14:47:20,670 - INFO - 
2026-02-22 14:47:20,672 - INFO - ------- Parallel Station Waveform Processing Complete For 2025-04-25 21:13:23 to 2025-04-25 21:14:23 Timechunk-------
2026-02-22 14:47:20,675 - INFO - Picks saved at /home/blackwinter/projects/eqcct/eqcctpro/results/csv/bm_eq_nonoise/20250425T211323Z_20250425T211423ZProcess Runtime: 4.27 s
2026-02-22 14:47:20,678 - INFO - Successfully ran EQCCTPro, exiting...
2026-02-22 14:47:22,052 - INFO - Ray Successfully Shutdown.
2026-02-22 14:47:22,052 - INFO - ------- Successfully Picked All Waveform(s) from all Timechunk(s) -------
