2026-03-20 06:42:32,104 - INFO - 
2026-03-20 06:42:32,104 - INFO - ------- Welcome to EQCCTPro -------
2026-03-20 06:42:32,104 - INFO - 
2026-03-20 06:42:32,104 - INFO - Running EQCCT over Requested MSeed Files using CPU(s)...
2026-03-20 06:42:32,105 - INFO - GPU disabled (CPU-only).
2026-03-20 06:42:32,105 - INFO - Configured Intra-op threads = 1
2026-03-20 06:42:32,105 - INFO - Configured Inter-op threads = 1
2026-03-20 06:42:32,105 - INFO - TensorFlow: No GPUs visible; TF will proceed on CPU.
2026-03-20 06:42:32,105 - INFO - 
2026-03-20 06:42:37,400 - INFO - Ray Successfully Initialized with 4 CPU(s) ([0, 1, 2, 3] CPU Affinity Binding).
2026-03-20 06:42:37,400 - INFO - Analyzing 1 time chunk(s) from 2025-11-07 20:57:03 to 2025-11-07 20:58:03 (dt=1min, overlap=0min).
2026-03-20 06:42:37,401 - INFO - Using 1 selected station(s).
2026-03-20 06:42:37,401 - INFO - 
2026-03-20 06:42:37,401 - INFO - ------- Starting EQCCTPro... -------
2026-03-20 06:42:37,401 - INFO - Detailed subprocess information can be found in the log file.
2026-03-20 06:42:37,401 - INFO - 
2026-03-20 06:42:37,792 - INFO - GPU disabled (CPU-only).
2026-03-20 06:42:39,237 - INFO - Configured Intra-op threads = 1
2026-03-20 06:42:39,240 - INFO - Configured Inter-op threads = 1
2026-03-20 06:42:39,281 - INFO - TensorFlow: No GPUs visible; TF will proceed on CPU.
2026-03-20 06:42:39,284 - INFO - 
2026-03-20 06:42:39,286 - INFO - ------- Hardware Configuration -------
2026-03-20 06:42:39,288 - INFO - CPU affinity set to cores: [0, 1, 2, 3]
2026-03-20 06:42:39,289 - INFO - 
2026-03-20 06:42:39,291 - INFO - ------- Data Preprocessing for EQCCTPro -------
2026-03-20 06:42:39,292 - INFO - 1 station(s) in /home/blackwinter/projects/eqcct/eqcctpro/data/waveforms_earthquakes_nonoise/20251107T205703Z_20251107T205803Z
2026-03-20 06:42:39,294 - INFO - Using 1 selected station(s): ['VUOS'].
2026-03-20 06:42:39,296 - INFO - Creating model actor(s)...
2026-03-20 06:42:39,298 - INFO - System RAM: Total=7870 MB, Available=1834 MB
2026-03-20 06:42:39,300 - INFO - Usable RAM budget: 7083 MB (90% of total)
2026-03-20 06:42:39,302 - INFO - ===== MEMORY-AWARE CPU ACTOR POOL (EQCCT) =====
2026-03-20 06:42:39,304 - INFO - Requested concurrent tasks: 1
2026-03-20 06:42:39,305 - INFO - Available CPUs: 4
2026-03-20 06:42:39,307 - INFO - Available RAM: 7083 MB
2026-03-20 06:42:39,309 - INFO - RAM per model: 2264 MB
2026-03-20 06:42:39,311 - INFO - Max actors by RAM: 3
2026-03-20 06:42:39,313 - INFO - Creating 1 ModelActor(s)
2026-03-20 06:42:39,314 - INFO - Let Ray handle scheduling (taskset already restricts CPU visibility)
2026-03-20 06:42:39,316 - INFO - Creating ModelActor 1/1 (2.21GB RAM each)...
2026-03-20 06:42:43,185 - INFO - ModelActor 1 created successfully.
2026-03-20 06:42:43,187 - INFO - Created 1 CPU actor(s). Task queue will handle concurrency.
2026-03-20 06:42:43,189 - INFO - Starting EQCCTPro parallelized waveform processing...
2026-03-20 06:42:43,191 - INFO - 
2026-03-20 06:42:43,193 - INFO - ------- Analyzing Seismic Waveforms for P and S Picks via EQCCT -------
2026-03-20 06:42:43,196 - INFO - Analyzing 0:01:00 minute timechunk from 2025-11-07 20:57:03 to 2025-11-07 20:58:03 (0 min overlap)
2026-03-20 06:42:43,198 - INFO - Processing a total of 1 stations, 1 at a time.
2026-03-20 06:42:47,379 - INFO - (1/1) VUOS: Finished the prediction in 2.17s. (HP=1.0, LP=45.0)
2026-03-20 06:42:47,384 - INFO - 
2026-03-20 06:42:47,387 - INFO - ------- Parallel Station Waveform Processing Complete For 2025-11-07 20:57:03 to 2025-11-07 20:58:03 Timechunk-------
2026-03-20 06:42:47,390 - INFO - Picks saved at /home/blackwinter/projects/eqcct/eqcctpro/results/csv/eqcct_earthquakes_th0_1/20251107T205703Z_20251107T205803ZProcess Runtime: 4.20 s
2026-03-20 06:42:47,396 - INFO - Successfully ran EQCCTPro, exiting...
2026-03-20 06:42:49,020 - INFO - Ray Successfully Shutdown.
2026-03-20 06:42:49,021 - INFO - ------- Successfully Picked All Waveform(s) from all Timechunk(s) -------
