2026-03-27 18:05:36,648 - INFO - 
2026-03-27 18:05:36,648 - INFO - ------- Welcome to EQCCTPro -------
2026-03-27 18:05:36,648 - INFO - 
2026-03-27 18:05:36,649 - INFO - Running EQCCT over Requested MSeed Files using CPU(s)...
2026-03-27 18:05:36,649 - INFO - GPU disabled (CPU-only).
2026-03-27 18:05:36,649 - INFO - Skipping framework-specific initialization in the driver process.
2026-03-27 18:05:38,982 - INFO - Ray Successfully Initialized with 4 CPU(s) ([0, 1, 2, 3] CPU Affinity Binding).
2026-03-27 18:05:38,982 - INFO - Analyzing 1 time chunk(s) from 2025-03-26 05:07:30 to 2025-03-26 05:08:30 (dt=1min, overlap=0min).
2026-03-27 18:05:38,982 - INFO - Using 1 selected station(s).
2026-03-27 18:05:38,982 - INFO - 
2026-03-27 18:05:38,982 - INFO - ------- Starting EQCCTPro... -------
2026-03-27 18:05:38,983 - INFO - Detailed subprocess information can be found in the log file.
2026-03-27 18:05:38,983 - INFO - 
2026-03-27 18:05:39,300 - INFO - GPU disabled (CPU-only).
2026-03-27 18:05:39,306 - INFO - Skipping framework-specific initialization in the driver process.
2026-03-27 18:05:39,308 - INFO - ------- Hardware Configuration -------
2026-03-27 18:05:39,311 - INFO - CPU affinity set to cores: [0, 1, 2, 3]
2026-03-27 18:05:39,313 - INFO - 
2026-03-27 18:05:39,316 - INFO - ------- Data Preprocessing for EQCCTPro -------
2026-03-27 18:05:39,318 - INFO - 1 station(s) in /home/blackwinter/projects/eqcct/eqcctpro/data/waveforms_earthquakes_nonoise/20250326T050730Z_20250326T050830Z
2026-03-27 18:05:39,320 - INFO - Using 1 selected station(s): ['HEL1'].
2026-03-27 18:05:39,322 - INFO - Creating model actor(s)...
2026-03-27 18:05:39,324 - INFO - System RAM: Total=7870 MB, Available=6132 MB
2026-03-27 18:05:39,327 - INFO - Usable RAM budget: 7083 MB (90% of total)
2026-03-27 18:05:39,329 - INFO - ===== MEMORY-AWARE CPU ACTOR POOL =====
2026-03-27 18:05:39,332 - INFO - Requested concurrent tasks: 1
2026-03-27 18:05:39,335 - INFO - Available CPUs: 4
2026-03-27 18:05:39,337 - INFO - Available RAM: 7083 MB
2026-03-27 18:05:39,340 - INFO - RAM per model: 2060 MB
2026-03-27 18:05:39,342 - INFO - Max actors by RAM: 3
2026-03-27 18:05:39,345 - INFO - Creating 1 SeisBenchModelActor(s)
2026-03-27 18:05:39,347 - INFO - Let Ray handle scheduling (taskset already restricts CPU visibility)
2026-03-27 18:05:39,350 - INFO - Creating SeisBenchModelActor 1/1 (2.01GB RAM each)...
2026-03-27 18:05:42,374 - INFO - SeisBenchModelActor 1 created successfully.
2026-03-27 18:05:42,376 - INFO - Created 1 CPU actor(s). Task queue will handle concurrency.
2026-03-27 18:05:42,379 - INFO - Starting EQCCTPro parallelized waveform processing...
2026-03-27 18:05:42,381 - INFO - 
2026-03-27 18:05:42,383 - INFO - ------- Analyzing Seismic Waveforms for P and S Picks via SeisBench (EQTransformer - original_nonconservative) -------
2026-03-27 18:05:42,386 - INFO - Analyzing 0:01:00 minute timechunk from 2025-03-26 05:07:30 to 2025-03-26 05:08:30 (0 min overlap)
2026-03-27 18:05:42,388 - INFO - Processing a total of 1 stations, 1 at a time.
2026-03-27 18:05:44,590 - INFO - (1/1) HEL1: Finished the prediction in 0.14s. (HP=1.0, LP=45.0, picks=1)
2026-03-27 18:05:44,593 - INFO - 
2026-03-27 18:05:44,594 - INFO - ------- Parallel Station Waveform Processing Complete For 2025-03-26 05:07:30 to 2025-03-26 05:08:30 Timechunk-------
2026-03-27 18:05:44,596 - INFO - Picks saved at /home/blackwinter/projects/eqcct/eqcctpro/results/csv/eqt_earthquakes_th0_1/20250326T050730Z_20250326T050830ZProcess Runtime: 2.21 s
2026-03-27 18:05:44,601 - INFO - Successfully ran EQCCTPro, exiting...
2026-03-27 18:05:46,133 - INFO - Ray Successfully Shutdown.
2026-03-27 18:05:46,134 - INFO - ------- Successfully Picked All Waveform(s) from all Timechunk(s) -------
2026-03-28 00:33:09,533 - INFO - 
2026-03-28 00:33:09,534 - INFO - ------- Welcome to EQCCTPro -------
2026-03-28 00:33:09,534 - INFO - 
2026-03-28 00:33:09,534 - INFO - Running EQCCT over Requested MSeed Files using CPU(s)...
2026-03-28 00:33:09,534 - INFO - GPU disabled (CPU-only).
2026-03-28 00:33:09,534 - INFO - Skipping framework-specific initialization in the driver process.
2026-03-28 00:33:11,934 - INFO - Ray Successfully Initialized with 4 CPU(s) ([0, 1, 2, 3] CPU Affinity Binding).
2026-03-28 00:33:11,935 - INFO - Analyzing 1 time chunk(s) from 2025-03-26 05:07:30 to 2025-03-26 05:08:30 (dt=1min, overlap=0min).
2026-03-28 00:33:11,935 - INFO - Using 1 selected station(s).
2026-03-28 00:33:11,935 - INFO - 
2026-03-28 00:33:11,935 - INFO - ------- Starting EQCCTPro... -------
2026-03-28 00:33:11,936 - INFO - Detailed subprocess information can be found in the log file.
2026-03-28 00:33:11,936 - INFO - 
2026-03-28 00:33:12,214 - INFO - GPU disabled (CPU-only).
2026-03-28 00:33:12,219 - INFO - Skipping framework-specific initialization in the driver process.
2026-03-28 00:33:12,221 - INFO - ------- Hardware Configuration -------
2026-03-28 00:33:12,223 - INFO - CPU affinity set to cores: [0, 1, 2, 3]
2026-03-28 00:33:12,225 - INFO - 
2026-03-28 00:33:12,228 - INFO - ------- Data Preprocessing for EQCCTPro -------
2026-03-28 00:33:12,231 - INFO - 1 station(s) in /home/blackwinter/projects/eqcct/eqcctpro/data/waveforms_earthquakes_nonoise/20250326T050730Z_20250326T050830Z
2026-03-28 00:33:12,233 - INFO - Using 1 selected station(s): ['HEL1'].
2026-03-28 00:33:12,235 - INFO - Creating model actor(s)...
2026-03-28 00:33:12,238 - INFO - System RAM: Total=7870 MB, Available=5964 MB
2026-03-28 00:33:12,240 - INFO - Usable RAM budget: 7083 MB (90% of total)
2026-03-28 00:33:12,242 - INFO - ===== MEMORY-AWARE CPU ACTOR POOL =====
2026-03-28 00:33:12,244 - INFO - Requested concurrent tasks: 1
2026-03-28 00:33:12,247 - INFO - Available CPUs: 4
2026-03-28 00:33:12,249 - INFO - Available RAM: 7083 MB
2026-03-28 00:33:12,251 - INFO - RAM per model: 2060 MB
2026-03-28 00:33:12,253 - INFO - Max actors by RAM: 3
2026-03-28 00:33:12,255 - INFO - Creating 1 SeisBenchModelActor(s)
2026-03-28 00:33:12,257 - INFO - Let Ray handle scheduling (taskset already restricts CPU visibility)
2026-03-28 00:33:12,258 - INFO - Creating SeisBenchModelActor 1/1 (2.01GB RAM each)...
2026-03-28 00:33:15,016 - INFO - SeisBenchModelActor 1 created successfully.
2026-03-28 00:33:15,018 - INFO - Created 1 CPU actor(s). Task queue will handle concurrency.
2026-03-28 00:33:15,021 - INFO - Starting EQCCTPro parallelized waveform processing...
2026-03-28 00:33:15,023 - INFO - 
2026-03-28 00:33:15,026 - INFO - ------- Analyzing Seismic Waveforms for P and S Picks via SeisBench (EQTransformer - original_nonconservative) -------
2026-03-28 00:33:15,028 - INFO - Analyzing 0:01:00 minute timechunk from 2025-03-26 05:07:30 to 2025-03-26 05:08:30 (0 min overlap)
2026-03-28 00:33:15,031 - INFO - Processing a total of 1 stations, 1 at a time.
2026-03-28 00:33:17,160 - INFO - (1/1) HEL1: Skipped (already exists - overwrite=False).
2026-03-28 00:33:17,162 - INFO - 
2026-03-28 00:33:17,164 - INFO - ------- Parallel Station Waveform Processing Complete For 2025-03-26 05:07:30 to 2025-03-26 05:08:30 Timechunk-------
2026-03-28 00:33:17,166 - INFO - Picks saved at /home/blackwinter/projects/eqcct/eqcctpro/results/csv/eqt_earthquakes_th0_1/20250326T050730Z_20250326T050830ZProcess Runtime: 2.14 s
2026-03-28 00:33:17,170 - INFO - Successfully ran EQCCTPro, exiting...
2026-03-28 00:33:18,729 - INFO - Ray Successfully Shutdown.
2026-03-28 00:33:18,729 - INFO - ------- Successfully Picked All Waveform(s) from all Timechunk(s) -------
