2026-03-29 09:47:46,369 - INFO - 
2026-03-29 09:47:46,369 - INFO - ------- Welcome to EQCCTPro -------
2026-03-29 09:47:46,369 - INFO - 
2026-03-29 09:47:46,370 - INFO - Running EQCCT over Requested MSeed Files using CPU(s)...
2026-03-29 09:47:46,370 - INFO - GPU disabled (CPU-only).
2026-03-29 09:47:46,370 - INFO - Configured Intra-op threads = 1
2026-03-29 09:47:46,371 - INFO - Configured Inter-op threads = 1
2026-03-29 09:47:46,371 - INFO - TensorFlow: No GPUs visible; TF will proceed on CPU.
2026-03-29 09:47:46,371 - INFO - 
2026-03-29 09:47:52,204 - INFO - Ray Successfully Initialized with 4 CPU(s) ([0, 1, 2, 3] CPU Affinity Binding).
2026-03-29 09:47:52,205 - INFO - Analyzing 1 time chunk(s) from 2025-01-03 00:33:10 to 2025-01-03 00:34:10 (dt=1min, overlap=0min).
2026-03-29 09:47:52,205 - INFO - Using 1 selected station(s).
2026-03-29 09:47:52,205 - INFO - 
2026-03-29 09:47:52,205 - INFO - ------- Starting EQCCTPro... -------
2026-03-29 09:47:52,205 - INFO - Detailed subprocess information can be found in the log file.
2026-03-29 09:47:52,205 - INFO - 
2026-03-29 09:47:52,618 - INFO - GPU disabled (CPU-only).
2026-03-29 09:47:54,192 - INFO - Configured Intra-op threads = 1
2026-03-29 09:47:54,194 - INFO - Configured Inter-op threads = 1
2026-03-29 09:47:54,240 - INFO - TensorFlow: No GPUs visible; TF will proceed on CPU.
2026-03-29 09:47:54,242 - INFO - 
2026-03-29 09:47:54,245 - INFO - ------- Hardware Configuration -------
2026-03-29 09:47:54,247 - INFO - CPU affinity set to cores: [0, 1, 2, 3]
2026-03-29 09:47:54,250 - INFO - 
2026-03-29 09:47:54,252 - INFO - ------- Data Preprocessing for EQCCTPro -------
2026-03-29 09:47:54,254 - INFO - 1 station(s) in /home/blackwinter/projects/eqcct/eqcctpro/data/waveforms_noise_only/20250103T003310Z_20250103T003410Z
2026-03-29 09:47:54,257 - INFO - Using 1 selected station(s): ['KU6'].
2026-03-29 09:47:54,259 - INFO - Creating model actor(s)...
2026-03-29 09:47:54,262 - INFO - System RAM: Total=7870 MB, Available=5543 MB
2026-03-29 09:47:54,265 - INFO - Usable RAM budget: 7083 MB (90% of total)
2026-03-29 09:47:54,267 - INFO - ===== MEMORY-AWARE CPU ACTOR POOL (EQCCT) =====
2026-03-29 09:47:54,270 - INFO - Requested concurrent tasks: 1
2026-03-29 09:47:54,272 - INFO - Available CPUs: 4
2026-03-29 09:47:54,274 - INFO - Available RAM: 7083 MB
2026-03-29 09:47:54,277 - INFO - RAM per model: 2264 MB
2026-03-29 09:47:54,280 - INFO - Max actors by RAM: 3
2026-03-29 09:47:54,283 - INFO - Creating 1 ModelActor(s)
2026-03-29 09:47:54,285 - INFO - Let Ray handle scheduling (taskset already restricts CPU visibility)
2026-03-29 09:47:54,287 - INFO - Creating ModelActor 1/1 (2.21GB RAM each)...
2026-03-29 09:47:58,679 - INFO - ModelActor 1 created successfully.
2026-03-29 09:47:58,683 - INFO - Created 1 CPU actor(s). Task queue will handle concurrency.
2026-03-29 09:47:58,687 - INFO - Starting EQCCTPro parallelized waveform processing...
2026-03-29 09:47:58,691 - INFO - 
2026-03-29 09:47:58,695 - INFO - ------- Analyzing Seismic Waveforms for P and S Picks via EQCCT -------
2026-03-29 09:47:58,699 - INFO - Analyzing 0:01:00 minute timechunk from 2025-01-03 00:33:10 to 2025-01-03 00:34:10 (0 min overlap)
2026-03-29 09:47:58,703 - INFO - Processing a total of 1 stations, 1 at a time.
2026-03-29 09:48:03,055 - INFO - (1/1) KU6: Finished the prediction in 2.36s. (HP=1.0, LP=45.0)
2026-03-29 09:48:03,057 - INFO - 
2026-03-29 09:48:03,059 - INFO - ------- Parallel Station Waveform Processing Complete For 2025-01-03 00:33:10 to 2025-01-03 00:34:10 Timechunk-------
2026-03-29 09:48:03,062 - INFO - Picks saved at /home/blackwinter/projects/eqcct/eqcctpro/results/csv/eqcct_noise_th0_1/20250103T003310Z_20250103T003410ZProcess Runtime: 4.37 s
2026-03-29 09:48:03,066 - INFO - Successfully ran EQCCTPro, exiting...
2026-03-29 09:48:04,476 - INFO - Ray Successfully Shutdown.
2026-03-29 09:48:04,476 - INFO - ------- Successfully Picked All Waveform(s) from all Timechunk(s) -------
