2026-02-23 22:18:40,710 - INFO - 
2026-02-23 22:18:40,710 - INFO - ------- Welcome to EQCCTPro -------
2026-02-23 22:18:40,710 - INFO - 
2026-02-23 22:18:40,710 - INFO - Running EQCCT over Requested MSeed Files using CPU(s)...
2026-02-23 22:18:40,711 - INFO - GPU disabled (CPU-only).
2026-02-23 22:18:40,711 - INFO - Configured Intra-op threads = 1
2026-02-23 22:18:40,711 - INFO - Configured Inter-op threads = 1
2026-02-23 22:18:40,711 - INFO - TensorFlow: No GPUs visible; TF will proceed on CPU.
2026-02-23 22:18:40,711 - INFO - 
2026-02-23 22:18:46,062 - INFO - Ray Successfully Initialized with 4 CPU(s) ([0, 1, 2, 3] CPU Affinity Binding).
2026-02-23 22:18:46,062 - INFO - Analyzing 1 time chunk(s) from 2025-04-12 11:56:13 to 2025-04-12 11:57:13 (dt=1min, overlap=0min).
2026-02-23 22:18:46,062 - INFO - Using 1 selected station(s).
2026-02-23 22:18:46,063 - INFO - 
2026-02-23 22:18:46,063 - INFO - ------- Starting EQCCTPro... -------
2026-02-23 22:18:46,063 - INFO - Detailed subprocess information can be found in the log file.
2026-02-23 22:18:46,063 - INFO - 
2026-02-23 22:18:46,418 - INFO - GPU disabled (CPU-only).
2026-02-23 22:18:47,912 - INFO - Configured Intra-op threads = 1
2026-02-23 22:18:47,915 - INFO - Configured Inter-op threads = 1
2026-02-23 22:18:47,955 - INFO - TensorFlow: No GPUs visible; TF will proceed on CPU.
2026-02-23 22:18:47,957 - INFO - 
2026-02-23 22:18:47,959 - INFO - ------- Hardware Configuration -------
2026-02-23 22:18:47,962 - INFO - CPU affinity set to cores: [0, 1, 2, 3]
2026-02-23 22:18:47,964 - INFO - 
2026-02-23 22:18:47,966 - INFO - ------- Data Preprocessing for EQCCTPro -------
2026-02-23 22:18:47,968 - INFO - 1 station(s) in /home/blackwinter/projects/eqcct/eqcctpro/data/waveforms_earthquakes_noise_only/20250412T115613Z_20250412T115713Z
2026-02-23 22:18:47,970 - INFO - Using 1 selected station(s): ['VRF'].
2026-02-23 22:18:47,972 - INFO - Creating model actor(s)...
2026-02-23 22:18:47,975 - INFO - System RAM: Total=7870 MB, Available=2887 MB
2026-02-23 22:18:47,977 - INFO - Usable RAM budget: 7083 MB (90% of total)
2026-02-23 22:18:47,979 - INFO - ===== MEMORY-AWARE CPU ACTOR POOL (EQCCT) =====
2026-02-23 22:18:47,981 - INFO - Requested concurrent tasks: 1
2026-02-23 22:18:47,983 - INFO - Available CPUs: 4
2026-02-23 22:18:47,985 - INFO - Available RAM: 7083 MB
2026-02-23 22:18:47,987 - INFO - RAM per model: 2264 MB
2026-02-23 22:18:47,988 - INFO - Max actors by RAM: 3
2026-02-23 22:18:47,990 - INFO - Creating 1 ModelActor(s)
2026-02-23 22:18:47,992 - INFO - Let Ray handle scheduling (taskset already restricts CPU visibility)
2026-02-23 22:18:47,993 - INFO - Creating ModelActor 1/1 (2.21GB RAM each)...
2026-02-23 22:18:51,847 - INFO - ModelActor 1 created successfully.
2026-02-23 22:18:51,849 - INFO - Created 1 CPU actor(s). Task queue will handle concurrency.
2026-02-23 22:18:51,852 - INFO - Starting EQCCTPro parallelized waveform processing...
2026-02-23 22:18:51,854 - INFO - 
2026-02-23 22:18:51,857 - INFO - ------- Analyzing Seismic Waveforms for P and S Picks via EQCCT -------
2026-02-23 22:18:51,859 - INFO - Analyzing 0:01:00 minute timechunk from 2025-04-12 11:56:13 to 2025-04-12 11:57:13 (0 min overlap)
2026-02-23 22:18:51,861 - INFO - Processing a total of 1 stations, 1 at a time.
2026-02-23 22:18:55,906 - INFO - (1/1) VRF: Finished the prediction in 2.12s. (HP=1.0, LP=45.0)
2026-02-23 22:18:55,908 - INFO - 
2026-02-23 22:18:55,910 - INFO - ------- Parallel Station Waveform Processing Complete For 2025-04-12 11:56:13 to 2025-04-12 11:57:13 Timechunk-------
2026-02-23 22:18:55,915 - INFO - Successfully ran EQCCTPro, exiting...
2026-02-23 22:18:55,912 - INFO - Picks saved at /home/blackwinter/projects/eqcct/eqcctpro/results/csv/bm_eq_noise_only/20250412T115613Z_20250412T115713ZProcess Runtime: 4.06 s
2026-02-23 22:18:57,412 - INFO - Ray Successfully Shutdown.
2026-02-23 22:18:57,412 - INFO - ------- Successfully Picked All Waveform(s) from all Timechunk(s) -------
