2026-03-28 18:28:12,478 - INFO - 
2026-03-28 18:28:12,478 - INFO - ------- Welcome to EQCCTPro -------
2026-03-28 18:28:12,478 - INFO - 
2026-03-28 18:28:12,479 - INFO - Running EQCCT over Requested MSeed Files using CPU(s)...
2026-03-28 18:28:12,479 - INFO - GPU disabled (CPU-only).
2026-03-28 18:28:12,479 - INFO - Skipping framework-specific initialization in the driver process.
2026-03-28 18:28:15,227 - INFO - Ray Successfully Initialized with 4 CPU(s) ([0, 1, 2, 3] CPU Affinity Binding).
2026-03-28 18:28:15,227 - INFO - Analyzing 1 time chunk(s) from 2025-01-15 15:21:34 to 2025-01-15 15:22:34 (dt=1min, overlap=0min).
2026-03-28 18:28:15,228 - INFO - Using 1 selected station(s).
2026-03-28 18:28:15,228 - INFO - 
2026-03-28 18:28:15,228 - INFO - ------- Starting EQCCTPro... -------
2026-03-28 18:28:15,228 - INFO - Detailed subprocess information can be found in the log file.
2026-03-28 18:28:15,228 - INFO - 
2026-03-28 18:28:15,554 - INFO - GPU disabled (CPU-only).
2026-03-28 18:28:15,560 - INFO - Skipping framework-specific initialization in the driver process.
2026-03-28 18:28:15,564 - INFO - ------- Hardware Configuration -------
2026-03-28 18:28:15,569 - INFO - CPU affinity set to cores: [0, 1, 2, 3]
2026-03-28 18:28:15,573 - INFO - 
2026-03-28 18:28:15,578 - INFO - ------- Data Preprocessing for EQCCTPro -------
2026-03-28 18:28:15,580 - INFO - 1 station(s) in /home/blackwinter/projects/eqcct/eqcctpro/data/waveforms_explosions_nonoise/20250115T152134Z_20250115T152234Z
2026-03-28 18:28:15,583 - INFO - Using 1 selected station(s): ['TRE03'].
2026-03-28 18:28:15,586 - INFO - Creating model actor(s)...
2026-03-28 18:28:15,589 - INFO - System RAM: Total=7870 MB, Available=4159 MB
2026-03-28 18:28:15,592 - INFO - Usable RAM budget: 7083 MB (90% of total)
2026-03-28 18:28:15,594 - INFO - ===== MEMORY-AWARE CPU ACTOR POOL =====
2026-03-28 18:28:15,597 - INFO - Requested concurrent tasks: 1
2026-03-28 18:28:15,600 - INFO - Available CPUs: 4
2026-03-28 18:28:15,602 - INFO - Available RAM: 7083 MB
2026-03-28 18:28:15,606 - INFO - RAM per model: 2060 MB
2026-03-28 18:28:15,609 - INFO - Max actors by RAM: 3
2026-03-28 18:28:15,612 - INFO - Creating 1 SeisBenchModelActor(s)
2026-03-28 18:28:15,614 - INFO - Let Ray handle scheduling (taskset already restricts CPU visibility)
2026-03-28 18:28:15,617 - INFO - Creating SeisBenchModelActor 1/1 (2.01GB RAM each)...
2026-03-28 18:28:18,587 - INFO - SeisBenchModelActor 1 created successfully.
2026-03-28 18:28:18,590 - INFO - Created 1 CPU actor(s). Task queue will handle concurrency.
2026-03-28 18:28:18,594 - INFO - Starting EQCCTPro parallelized waveform processing...
2026-03-28 18:28:18,597 - INFO - 
2026-03-28 18:28:18,600 - INFO - ------- Analyzing Seismic Waveforms for P and S Picks via SeisBench (EQTransformer - original_nonconservative) -------
2026-03-28 18:28:18,604 - INFO - Analyzing 0:01:00 minute timechunk from 2025-01-15 15:21:34 to 2025-01-15 15:22:34 (0 min overlap)
2026-03-28 18:28:18,607 - INFO - Processing a total of 1 stations, 1 at a time.
2026-03-28 18:28:21,048 - INFO - (1/1) TRE03: Finished the prediction in 0.17s. (HP=1.0, LP=45.0, picks=2)
2026-03-28 18:28:21,050 - INFO - 
2026-03-28 18:28:21,053 - INFO - ------- Parallel Station Waveform Processing Complete For 2025-01-15 15:21:34 to 2025-01-15 15:22:34 Timechunk-------
2026-03-28 18:28:21,055 - INFO - Picks saved at /home/blackwinter/projects/eqcct/eqcctpro/results/csv/eqt_explosions_th0_1/20250115T152134Z_20250115T152234ZProcess Runtime: 2.46 s
2026-03-28 18:28:21,061 - INFO - Successfully ran EQCCTPro, exiting...
2026-03-28 18:28:22,567 - INFO - Ray Successfully Shutdown.
2026-03-28 18:28:22,568 - INFO - ------- Successfully Picked All Waveform(s) from all Timechunk(s) -------
