2026-02-24 00:00:59,866 - INFO - 
2026-02-24 00:00:59,866 - INFO - ------- Welcome to EQCCTPro -------
2026-02-24 00:00:59,866 - INFO - 
2026-02-24 00:00:59,867 - INFO - Running EQCCT over Requested MSeed Files using CPU(s)...
2026-02-24 00:00:59,867 - INFO - GPU disabled (CPU-only).
2026-02-24 00:00:59,867 - INFO - Configured Intra-op threads = 1
2026-02-24 00:00:59,867 - INFO - Configured Inter-op threads = 1
2026-02-24 00:00:59,868 - INFO - TensorFlow: No GPUs visible; TF will proceed on CPU.
2026-02-24 00:00:59,868 - INFO - 
2026-02-24 00:01:05,324 - INFO - Ray Successfully Initialized with 4 CPU(s) ([0, 1, 2, 3] CPU Affinity Binding).
2026-02-24 00:01:05,325 - INFO - Analyzing 1 time chunk(s) from 2025-05-11 17:24:43 to 2025-05-11 17:25:43 (dt=1min, overlap=0min).
2026-02-24 00:01:05,325 - INFO - Using 1 selected station(s).
2026-02-24 00:01:05,325 - INFO - 
2026-02-24 00:01:05,325 - INFO - ------- Starting EQCCTPro... -------
2026-02-24 00:01:05,325 - INFO - Detailed subprocess information can be found in the log file.
2026-02-24 00:01:05,325 - INFO - 
2026-02-24 00:01:05,705 - INFO - GPU disabled (CPU-only).
2026-02-24 00:01:07,168 - INFO - Configured Intra-op threads = 1
2026-02-24 00:01:07,171 - INFO - Configured Inter-op threads = 1
2026-02-24 00:01:07,209 - INFO - TensorFlow: No GPUs visible; TF will proceed on CPU.
2026-02-24 00:01:07,211 - INFO - 
2026-02-24 00:01:07,213 - INFO - ------- Hardware Configuration -------
2026-02-24 00:01:07,215 - INFO - CPU affinity set to cores: [0, 1, 2, 3]
2026-02-24 00:01:07,217 - INFO - 
2026-02-24 00:01:07,219 - INFO - ------- Data Preprocessing for EQCCTPro -------
2026-02-24 00:01:07,220 - INFO - 1 station(s) in /home/blackwinter/projects/eqcct/eqcctpro/data/waveforms_earthquakes_noise_only/20250511T172443Z_20250511T172543Z
2026-02-24 00:01:07,222 - INFO - Using 1 selected station(s): ['FIA2'].
2026-02-24 00:01:07,224 - INFO - Creating model actor(s)...
2026-02-24 00:01:07,225 - INFO - System RAM: Total=7870 MB, Available=2669 MB
2026-02-24 00:01:07,227 - INFO - Usable RAM budget: 7083 MB (90% of total)
2026-02-24 00:01:07,229 - INFO - ===== MEMORY-AWARE CPU ACTOR POOL (EQCCT) =====
2026-02-24 00:01:07,231 - INFO - Requested concurrent tasks: 1
2026-02-24 00:01:07,233 - INFO - Available CPUs: 4
2026-02-24 00:01:07,235 - INFO - Available RAM: 7083 MB
2026-02-24 00:01:07,236 - INFO - RAM per model: 2264 MB
2026-02-24 00:01:07,238 - INFO - Max actors by RAM: 3
2026-02-24 00:01:07,240 - INFO - Creating 1 ModelActor(s)
2026-02-24 00:01:07,242 - INFO - Let Ray handle scheduling (taskset already restricts CPU visibility)
2026-02-24 00:01:07,244 - INFO - Creating ModelActor 1/1 (2.21GB RAM each)...
2026-02-24 00:01:11,313 - INFO - ModelActor 1 created successfully.
2026-02-24 00:01:11,319 - INFO - Created 1 CPU actor(s). Task queue will handle concurrency.
2026-02-24 00:01:11,321 - INFO - Starting EQCCTPro parallelized waveform processing...
2026-02-24 00:01:11,323 - INFO - 
2026-02-24 00:01:11,325 - INFO - ------- Analyzing Seismic Waveforms for P and S Picks via EQCCT -------
2026-02-24 00:01:11,328 - INFO - Analyzing 0:01:00 minute timechunk from 2025-05-11 17:24:43 to 2025-05-11 17:25:43 (0 min overlap)
2026-02-24 00:01:11,330 - INFO - Processing a total of 1 stations, 1 at a time.
2026-02-24 00:01:15,505 - INFO - (1/1) FIA2: Finished the prediction in 2.21s. (HP=1.0, LP=45.0)
2026-02-24 00:01:15,507 - INFO - 
2026-02-24 00:01:15,510 - INFO - ------- Parallel Station Waveform Processing Complete For 2025-05-11 17:24:43 to 2025-05-11 17:25:43 Timechunk-------
2026-02-24 00:01:15,512 - INFO - Picks saved at /home/blackwinter/projects/eqcct/eqcctpro/results/csv/bm_eq_noise_only/20250511T172443Z_20250511T172543ZProcess Runtime: 4.19 s
2026-02-24 00:01:15,518 - INFO - Successfully ran EQCCTPro, exiting...
2026-02-24 00:01:17,105 - INFO - Ray Successfully Shutdown.
2026-02-24 00:01:17,106 - INFO - ------- Successfully Picked All Waveform(s) from all Timechunk(s) -------
