2026-03-28 21:22:01,994 - INFO - 
2026-03-28 21:22:01,994 - INFO - ------- Welcome to EQCCTPro -------
2026-03-28 21:22:01,994 - INFO - 
2026-03-28 21:22:01,995 - INFO - Running EQCCT over Requested MSeed Files using CPU(s)...
2026-03-28 21:22:01,995 - INFO - GPU disabled (CPU-only).
2026-03-28 21:22:01,995 - INFO - Skipping framework-specific initialization in the driver process.
2026-03-28 21:22:04,584 - INFO - Ray Successfully Initialized with 4 CPU(s) ([0, 1, 2, 3] CPU Affinity Binding).
2026-03-28 21:22:04,584 - INFO - Analyzing 1 time chunk(s) from 2025-01-25 20:16:27 to 2025-01-25 20:17:27 (dt=1min, overlap=0min).
2026-03-28 21:22:04,584 - INFO - Using 1 selected station(s).
2026-03-28 21:22:04,585 - INFO - 
2026-03-28 21:22:04,585 - INFO - ------- Starting EQCCTPro... -------
2026-03-28 21:22:04,585 - INFO - Detailed subprocess information can be found in the log file.
2026-03-28 21:22:04,585 - INFO - 
2026-03-28 21:22:04,919 - INFO - GPU disabled (CPU-only).
2026-03-28 21:22:04,925 - INFO - Skipping framework-specific initialization in the driver process.
2026-03-28 21:22:04,928 - INFO - ------- Hardware Configuration -------
2026-03-28 21:22:04,932 - INFO - CPU affinity set to cores: [0, 1, 2, 3]
2026-03-28 21:22:04,935 - INFO - 
2026-03-28 21:22:04,938 - INFO - ------- Data Preprocessing for EQCCTPro -------
2026-03-28 21:22:04,941 - INFO - 1 station(s) in /home/blackwinter/projects/eqcct/eqcctpro/data/waveforms_explosions_nonoise/20250125T201627Z_20250125T201727Z
2026-03-28 21:22:04,944 - INFO - Using 1 selected station(s): ['VRF'].
2026-03-28 21:22:04,947 - INFO - Creating model actor(s)...
2026-03-28 21:22:04,950 - INFO - System RAM: Total=7870 MB, Available=4096 MB
2026-03-28 21:22:04,953 - INFO - Usable RAM budget: 7083 MB (90% of total)
2026-03-28 21:22:04,955 - INFO - ===== MEMORY-AWARE CPU ACTOR POOL =====
2026-03-28 21:22:04,957 - INFO - Requested concurrent tasks: 1
2026-03-28 21:22:04,960 - INFO - Available CPUs: 4
2026-03-28 21:22:04,962 - INFO - Available RAM: 7083 MB
2026-03-28 21:22:04,966 - INFO - RAM per model: 2060 MB
2026-03-28 21:22:04,968 - INFO - Max actors by RAM: 3
2026-03-28 21:22:04,971 - INFO - Creating 1 SeisBenchModelActor(s)
2026-03-28 21:22:04,974 - INFO - Let Ray handle scheduling (taskset already restricts CPU visibility)
2026-03-28 21:22:04,977 - INFO - Creating SeisBenchModelActor 1/1 (2.01GB RAM each)...
2026-03-28 21:22:08,082 - INFO - SeisBenchModelActor 1 created successfully.
2026-03-28 21:22:08,085 - INFO - Created 1 CPU actor(s). Task queue will handle concurrency.
2026-03-28 21:22:08,089 - INFO - Starting EQCCTPro parallelized waveform processing...
2026-03-28 21:22:08,093 - INFO - 
2026-03-28 21:22:08,097 - INFO - ------- Analyzing Seismic Waveforms for P and S Picks via SeisBench (EQTransformer - original_nonconservative) -------
2026-03-28 21:22:08,101 - INFO - Analyzing 0:01:00 minute timechunk from 2025-01-25 20:16:27 to 2025-01-25 20:17:27 (0 min overlap)
2026-03-28 21:22:08,105 - INFO - Processing a total of 1 stations, 1 at a time.
2026-03-28 21:22:10,561 - INFO - (1/1) VRF: Finished the prediction in 0.15s. (HP=1.0, LP=45.0, picks=1)
2026-03-28 21:22:10,564 - INFO - 
2026-03-28 21:22:10,568 - INFO - ------- Parallel Station Waveform Processing Complete For 2025-01-25 20:16:27 to 2025-01-25 20:17:27 Timechunk-------
2026-03-28 21:22:10,570 - INFO - Picks saved at /home/blackwinter/projects/eqcct/eqcctpro/results/csv/eqt_explosions_th0_1/20250125T201627Z_20250125T201727ZProcess Runtime: 2.47 s
2026-03-28 21:22:10,575 - INFO - Successfully ran EQCCTPro, exiting...
2026-03-28 21:22:12,692 - INFO - Ray Successfully Shutdown.
2026-03-28 21:22:12,693 - INFO - ------- Successfully Picked All Waveform(s) from all Timechunk(s) -------
