2026-03-28 11:11:18,290 - INFO - 
2026-03-28 11:11:18,290 - INFO - ------- Welcome to EQCCTPro -------
2026-03-28 11:11:18,290 - INFO - 
2026-03-28 11:11:18,291 - INFO - Running EQCCT over Requested MSeed Files using CPU(s)...
2026-03-28 11:11:18,291 - INFO - GPU disabled (CPU-only).
2026-03-28 11:11:18,291 - INFO - Skipping framework-specific initialization in the driver process.
2026-03-28 11:11:19,724 - INFO - Ray Successfully Initialized with 4 CPU(s) ([0, 1, 2, 3] CPU Affinity Binding).
2026-03-28 11:11:19,724 - INFO - Analyzing 1 time chunk(s) from 2025-01-07 03:00:32 to 2025-01-07 03:01:32 (dt=1min, overlap=0min).
2026-03-28 11:11:19,725 - INFO - Using 1 selected station(s).
2026-03-28 11:11:19,725 - INFO - 
2026-03-28 11:11:19,725 - INFO - ------- Starting EQCCTPro... -------
2026-03-28 11:11:19,725 - INFO - Detailed subprocess information can be found in the log file.
2026-03-28 11:11:19,725 - INFO - 
2026-03-28 11:11:20,011 - INFO - GPU disabled (CPU-only).
2026-03-28 11:11:20,016 - INFO - Skipping framework-specific initialization in the driver process.
2026-03-28 11:11:20,019 - INFO - ------- Hardware Configuration -------
2026-03-28 11:11:20,022 - INFO - CPU affinity set to cores: [0, 1, 2, 3]
2026-03-28 11:11:20,025 - INFO - 
2026-03-28 11:11:20,028 - INFO - ------- Data Preprocessing for EQCCTPro -------
2026-03-28 11:11:20,030 - INFO - 1 station(s) in /home/blackwinter/projects/eqcct/eqcctpro/data/waveforms_noise_only/20250107T030032Z_20250107T030132Z
2026-03-28 11:11:20,032 - INFO - Using 1 selected station(s): ['KORF'].
2026-03-28 11:11:20,034 - INFO - Creating model actor(s)...
2026-03-28 11:11:20,037 - INFO - System RAM: Total=7870 MB, Available=4688 MB
2026-03-28 11:11:20,040 - INFO - Usable RAM budget: 7083 MB (90% of total)
2026-03-28 11:11:20,043 - INFO - ===== MEMORY-AWARE CPU ACTOR POOL =====
2026-03-28 11:11:20,045 - INFO - Requested concurrent tasks: 1
2026-03-28 11:11:20,047 - INFO - Available CPUs: 4
2026-03-28 11:11:20,050 - INFO - Available RAM: 7083 MB
2026-03-28 11:11:20,052 - INFO - RAM per model: 2060 MB
2026-03-28 11:11:20,054 - INFO - Max actors by RAM: 3
2026-03-28 11:11:20,057 - INFO - Creating 1 SeisBenchModelActor(s)
2026-03-28 11:11:20,059 - INFO - Let Ray handle scheduling (taskset already restricts CPU visibility)
2026-03-28 11:11:20,062 - INFO - Creating SeisBenchModelActor 1/1 (2.01GB RAM each)...
2026-03-28 11:11:23,060 - INFO - SeisBenchModelActor 1 created successfully.
2026-03-28 11:11:23,062 - INFO - Created 1 CPU actor(s). Task queue will handle concurrency.
2026-03-28 11:11:23,065 - INFO - Starting EQCCTPro parallelized waveform processing...
2026-03-28 11:11:23,068 - INFO - 
2026-03-28 11:11:23,073 - INFO - ------- Analyzing Seismic Waveforms for P and S Picks via SeisBench (EQTransformer - original_nonconservative) -------
2026-03-28 11:11:23,077 - INFO - Analyzing 0:01:00 minute timechunk from 2025-01-07 03:00:32 to 2025-01-07 03:01:32 (0 min overlap)
2026-03-28 11:11:23,080 - INFO - Processing a total of 1 stations, 1 at a time.
2026-03-28 11:11:25,295 - INFO - (1/1) KORF: Finished the prediction in 0.13s. (HP=1.0, LP=45.0, picks=4)
2026-03-28 11:11:25,297 - INFO - 
2026-03-28 11:11:25,300 - INFO - ------- Parallel Station Waveform Processing Complete For 2025-01-07 03:00:32 to 2025-01-07 03:01:32 Timechunk-------
2026-03-28 11:11:25,303 - INFO - Picks saved at /home/blackwinter/projects/eqcct/eqcctpro/results/csv/eqt_noise_th0_1/20250107T030032Z_20250107T030132ZProcess Runtime: 2.23 s
2026-03-28 11:11:25,307 - INFO - Successfully ran EQCCTPro, exiting...
2026-03-28 11:11:26,873 - INFO - Ray Successfully Shutdown.
2026-03-28 11:11:26,873 - INFO - ------- Successfully Picked All Waveform(s) from all Timechunk(s) -------
