2026-03-27 17:18:15,149 - INFO - 
2026-03-27 17:18:15,149 - INFO - ------- Welcome to EQCCTPro -------
2026-03-27 17:18:15,149 - INFO - 
2026-03-27 17:18:15,150 - INFO - Running EQCCT over Requested MSeed Files using CPU(s)...
2026-03-27 17:18:15,150 - INFO - GPU disabled (CPU-only).
2026-03-27 17:18:15,150 - INFO - Skipping framework-specific initialization in the driver process.
2026-03-27 17:18:17,530 - INFO - Ray Successfully Initialized with 4 CPU(s) ([0, 1, 2, 3] CPU Affinity Binding).
2026-03-27 17:18:17,530 - INFO - Analyzing 1 time chunk(s) from 2025-01-23 18:18:47 to 2025-01-23 18:19:47 (dt=1min, overlap=0min).
2026-03-27 17:18:17,530 - INFO - Using 1 selected station(s).
2026-03-27 17:18:17,530 - INFO - 
2026-03-27 17:18:17,531 - INFO - ------- Starting EQCCTPro... -------
2026-03-27 17:18:17,531 - INFO - Detailed subprocess information can be found in the log file.
2026-03-27 17:18:17,531 - INFO - 
2026-03-27 17:18:17,816 - INFO - GPU disabled (CPU-only).
2026-03-27 17:18:17,821 - INFO - Skipping framework-specific initialization in the driver process.
2026-03-27 17:18:17,823 - INFO - ------- Hardware Configuration -------
2026-03-27 17:18:17,826 - INFO - CPU affinity set to cores: [0, 1, 2, 3]
2026-03-27 17:18:17,828 - INFO - 
2026-03-27 17:18:17,831 - INFO - ------- Data Preprocessing for EQCCTPro -------
2026-03-27 17:18:17,834 - INFO - 1 station(s) in /home/blackwinter/projects/eqcct/eqcctpro/data/waveforms_earthquakes_nonoise/20250123T181847Z_20250123T181947Z
2026-03-27 17:18:17,836 - INFO - Using 1 selected station(s): ['SGF'].
2026-03-27 17:18:17,839 - INFO - Creating model actor(s)...
2026-03-27 17:18:17,841 - INFO - System RAM: Total=7870 MB, Available=6191 MB
2026-03-27 17:18:17,844 - INFO - Usable RAM budget: 7083 MB (90% of total)
2026-03-27 17:18:17,846 - INFO - ===== MEMORY-AWARE CPU ACTOR POOL =====
2026-03-27 17:18:17,849 - INFO - Requested concurrent tasks: 1
2026-03-27 17:18:17,851 - INFO - Available CPUs: 4
2026-03-27 17:18:17,853 - INFO - Available RAM: 7083 MB
2026-03-27 17:18:17,856 - INFO - RAM per model: 2060 MB
2026-03-27 17:18:17,858 - INFO - Max actors by RAM: 3
2026-03-27 17:18:17,861 - INFO - Creating 1 SeisBenchModelActor(s)
2026-03-27 17:18:17,863 - INFO - Let Ray handle scheduling (taskset already restricts CPU visibility)
2026-03-27 17:18:17,865 - INFO - Creating SeisBenchModelActor 1/1 (2.01GB RAM each)...
2026-03-27 17:18:20,688 - INFO - SeisBenchModelActor 1 created successfully.
2026-03-27 17:18:20,691 - INFO - Created 1 CPU actor(s). Task queue will handle concurrency.
2026-03-27 17:18:20,693 - INFO - Starting EQCCTPro parallelized waveform processing...
2026-03-27 17:18:20,696 - INFO - 
2026-03-27 17:18:20,698 - INFO - ------- Analyzing Seismic Waveforms for P and S Picks via SeisBench (EQTransformer - original_nonconservative) -------
2026-03-27 17:18:20,701 - INFO - Analyzing 0:01:00 minute timechunk from 2025-01-23 18:18:47 to 2025-01-23 18:19:47 (0 min overlap)
2026-03-27 17:18:20,703 - INFO - Processing a total of 1 stations, 1 at a time.
2026-03-27 17:18:22,978 - INFO - (1/1) SGF: Finished the prediction in 0.13s. (HP=1.0, LP=45.0, picks=3)
2026-03-27 17:18:22,981 - INFO - 
2026-03-27 17:18:22,983 - INFO - ------- Parallel Station Waveform Processing Complete For 2025-01-23 18:18:47 to 2025-01-23 18:19:47 Timechunk-------
2026-03-27 17:18:22,985 - INFO - Picks saved at /home/blackwinter/projects/eqcct/eqcctpro/results/csv/eqt_earthquakes_th0_1/20250123T181847Z_20250123T181947ZProcess Runtime: 2.29 s
2026-03-27 17:18:22,991 - INFO - Successfully ran EQCCTPro, exiting...
2026-03-27 17:18:24,538 - INFO - Ray Successfully Shutdown.
2026-03-27 17:18:24,538 - INFO - ------- Successfully Picked All Waveform(s) from all Timechunk(s) -------
2026-03-27 23:48:48,878 - INFO - 
2026-03-27 23:48:48,879 - INFO - ------- Welcome to EQCCTPro -------
2026-03-27 23:48:48,880 - INFO - 
2026-03-27 23:48:48,880 - INFO - Running EQCCT over Requested MSeed Files using CPU(s)...
2026-03-27 23:48:48,880 - INFO - GPU disabled (CPU-only).
2026-03-27 23:48:48,880 - INFO - Skipping framework-specific initialization in the driver process.
2026-03-27 23:48:51,208 - INFO - Ray Successfully Initialized with 4 CPU(s) ([0, 1, 2, 3] CPU Affinity Binding).
2026-03-27 23:48:51,208 - INFO - Analyzing 1 time chunk(s) from 2025-01-23 18:18:47 to 2025-01-23 18:19:47 (dt=1min, overlap=0min).
2026-03-27 23:48:51,208 - INFO - Using 1 selected station(s).
2026-03-27 23:48:51,208 - INFO - 
2026-03-27 23:48:51,208 - INFO - ------- Starting EQCCTPro... -------
2026-03-27 23:48:51,208 - INFO - Detailed subprocess information can be found in the log file.
2026-03-27 23:48:51,208 - INFO - 
2026-03-27 23:48:51,451 - INFO - GPU disabled (CPU-only).
2026-03-27 23:48:51,455 - INFO - Skipping framework-specific initialization in the driver process.
2026-03-27 23:48:51,457 - INFO - ------- Hardware Configuration -------
2026-03-27 23:48:51,459 - INFO - CPU affinity set to cores: [0, 1, 2, 3]
2026-03-27 23:48:51,461 - INFO - 
2026-03-27 23:48:51,464 - INFO - ------- Data Preprocessing for EQCCTPro -------
2026-03-27 23:48:51,466 - INFO - 1 station(s) in /home/blackwinter/projects/eqcct/eqcctpro/data/waveforms_earthquakes_nonoise/20250123T181847Z_20250123T181947Z
2026-03-27 23:48:51,468 - INFO - Using 1 selected station(s): ['SGF'].
2026-03-27 23:48:51,470 - INFO - Creating model actor(s)...
2026-03-27 23:48:51,473 - INFO - System RAM: Total=7870 MB, Available=6028 MB
2026-03-27 23:48:51,475 - INFO - Usable RAM budget: 7083 MB (90% of total)
2026-03-27 23:48:51,477 - INFO - ===== MEMORY-AWARE CPU ACTOR POOL =====
2026-03-27 23:48:51,479 - INFO - Requested concurrent tasks: 1
2026-03-27 23:48:51,481 - INFO - Available CPUs: 4
2026-03-27 23:48:51,483 - INFO - Available RAM: 7083 MB
2026-03-27 23:48:51,485 - INFO - RAM per model: 2060 MB
2026-03-27 23:48:51,487 - INFO - Max actors by RAM: 3
2026-03-27 23:48:51,489 - INFO - Creating 1 SeisBenchModelActor(s)
2026-03-27 23:48:51,491 - INFO - Let Ray handle scheduling (taskset already restricts CPU visibility)
2026-03-27 23:48:51,493 - INFO - Creating SeisBenchModelActor 1/1 (2.01GB RAM each)...
2026-03-27 23:48:54,233 - INFO - SeisBenchModelActor 1 created successfully.
2026-03-27 23:48:54,235 - INFO - Created 1 CPU actor(s). Task queue will handle concurrency.
2026-03-27 23:48:54,237 - INFO - Starting EQCCTPro parallelized waveform processing...
2026-03-27 23:48:54,239 - INFO - 
2026-03-27 23:48:54,241 - INFO - ------- Analyzing Seismic Waveforms for P and S Picks via SeisBench (EQTransformer - original_nonconservative) -------
2026-03-27 23:48:54,243 - INFO - Analyzing 0:01:00 minute timechunk from 2025-01-23 18:18:47 to 2025-01-23 18:19:47 (0 min overlap)
2026-03-27 23:48:54,245 - INFO - Processing a total of 1 stations, 1 at a time.
2026-03-27 23:48:56,131 - INFO - (1/1) SGF: Skipped (already exists - overwrite=False).
2026-03-27 23:48:56,133 - INFO - 
2026-03-27 23:48:56,136 - INFO - ------- Parallel Station Waveform Processing Complete For 2025-01-23 18:18:47 to 2025-01-23 18:19:47 Timechunk-------
2026-03-27 23:48:56,138 - INFO - Picks saved at /home/blackwinter/projects/eqcct/eqcctpro/results/csv/eqt_earthquakes_th0_1/20250123T181847Z_20250123T181947ZProcess Runtime: 1.90 s
2026-03-27 23:48:56,143 - INFO - Successfully ran EQCCTPro, exiting...
2026-03-27 23:48:57,765 - INFO - Ray Successfully Shutdown.
2026-03-27 23:48:57,766 - INFO - ------- Successfully Picked All Waveform(s) from all Timechunk(s) -------
