2026-03-10 21:54:59,503 - INFO - 
2026-03-10 21:54:59,503 - INFO - ------- Welcome to EQCCTPro -------
2026-03-10 21:54:59,503 - INFO - 
2026-03-10 21:54:59,504 - INFO - Running EQCCT over Requested MSeed Files using CPU(s)...
2026-03-10 21:54:59,504 - INFO - GPU disabled (CPU-only).
2026-03-10 21:54:59,504 - INFO - Configured Intra-op threads = 1
2026-03-10 21:54:59,504 - INFO - Configured Inter-op threads = 1
2026-03-10 21:54:59,504 - INFO - TensorFlow: No GPUs visible; TF will proceed on CPU.
2026-03-10 21:54:59,504 - INFO - 
2026-03-10 21:55:05,036 - INFO - Ray Successfully Initialized with 4 CPU(s) ([0, 1, 2, 3] CPU Affinity Binding).
2026-03-10 21:55:05,037 - INFO - Analyzing 1 time chunk(s) from 2025-01-07 09:28:24 to 2025-01-07 09:29:24 (dt=1min, overlap=0min).
2026-03-10 21:55:05,037 - INFO - Using 1 selected station(s).
2026-03-10 21:55:05,037 - INFO - 
2026-03-10 21:55:05,037 - INFO - ------- Starting EQCCTPro... -------
2026-03-10 21:55:05,037 - INFO - Detailed subprocess information can be found in the log file.
2026-03-10 21:55:05,037 - INFO - 
2026-03-10 21:55:05,410 - INFO - GPU disabled (CPU-only).
2026-03-10 21:55:06,935 - INFO - Configured Intra-op threads = 1
2026-03-10 21:55:06,938 - INFO - Configured Inter-op threads = 1
2026-03-10 21:55:06,985 - INFO - TensorFlow: No GPUs visible; TF will proceed on CPU.
2026-03-10 21:55:06,987 - INFO - 
2026-03-10 21:55:06,990 - INFO - ------- Hardware Configuration -------
2026-03-10 21:55:06,992 - INFO - CPU affinity set to cores: [0, 1, 2, 3]
2026-03-10 21:55:06,994 - INFO - 
2026-03-10 21:55:06,996 - INFO - ------- Data Preprocessing for EQCCTPro -------
2026-03-10 21:55:06,998 - INFO - 1 station(s) in /home/blackwinter/projects/eqcct/eqcctpro/data/waveforms_noise_only/20250107T092824Z_20250107T092924Z
2026-03-10 21:55:06,999 - INFO - Using 1 selected station(s): ['VUOS'].
2026-03-10 21:55:07,002 - INFO - Creating model actor(s)...
2026-03-10 21:55:07,004 - INFO - System RAM: Total=7870 MB, Available=3008 MB
2026-03-10 21:55:07,006 - INFO - Usable RAM budget: 7083 MB (90% of total)
2026-03-10 21:55:07,008 - INFO - ===== MEMORY-AWARE CPU ACTOR POOL (EQCCT) =====
2026-03-10 21:55:07,010 - INFO - Requested concurrent tasks: 1
2026-03-10 21:55:07,012 - INFO - Available CPUs: 4
2026-03-10 21:55:07,014 - INFO - Available RAM: 7083 MB
2026-03-10 21:55:07,015 - INFO - RAM per model: 2264 MB
2026-03-10 21:55:07,017 - INFO - Max actors by RAM: 3
2026-03-10 21:55:07,020 - INFO - Creating 1 ModelActor(s)
2026-03-10 21:55:07,022 - INFO - Let Ray handle scheduling (taskset already restricts CPU visibility)
2026-03-10 21:55:07,023 - INFO - Creating ModelActor 1/1 (2.21GB RAM each)...
2026-03-10 21:55:10,975 - INFO - ModelActor 1 created successfully.
2026-03-10 21:55:10,977 - INFO - Created 1 CPU actor(s). Task queue will handle concurrency.
2026-03-10 21:55:10,979 - INFO - Starting EQCCTPro parallelized waveform processing...
2026-03-10 21:55:10,981 - INFO - 
2026-03-10 21:55:10,982 - INFO - ------- Analyzing Seismic Waveforms for P and S Picks via EQCCT -------
2026-03-10 21:55:10,984 - INFO - Analyzing 0:01:00 minute timechunk from 2025-01-07 09:28:24 to 2025-01-07 09:29:24 (0 min overlap)
2026-03-10 21:55:10,986 - INFO - Processing a total of 1 stations, 1 at a time.
2026-03-10 21:55:15,065 - INFO - (1/1) VUOS: Finished the prediction in 2.16s. (HP=1.0, LP=45.0)
2026-03-10 21:55:15,067 - INFO - 
2026-03-10 21:55:15,070 - INFO - ------- Parallel Station Waveform Processing Complete For 2025-01-07 09:28:24 to 2025-01-07 09:29:24 Timechunk-------
2026-03-10 21:55:15,072 - INFO - Picks saved at /home/blackwinter/projects/eqcct/eqcctpro/results/csv/bm_noise_only/20250107T092824Z_20250107T092924ZProcess Runtime: 4.09 s
2026-03-10 21:55:15,076 - INFO - Successfully ran EQCCTPro, exiting...
2026-03-10 21:55:16,653 - INFO - Ray Successfully Shutdown.
2026-03-10 21:55:16,653 - INFO - ------- Successfully Picked All Waveform(s) from all Timechunk(s) -------
2026-03-11 12:49:05,547 - INFO - 
2026-03-11 12:49:05,548 - INFO - ------- Welcome to EQCCTPro -------
2026-03-11 12:49:05,548 - INFO - 
2026-03-11 12:49:05,548 - INFO - Running EQCCT over Requested MSeed Files using CPU(s)...
2026-03-11 12:49:05,549 - INFO - GPU disabled (CPU-only).
2026-03-11 12:49:05,549 - INFO - Configured Intra-op threads = 1
2026-03-11 12:49:05,549 - INFO - Configured Inter-op threads = 1
2026-03-11 12:49:05,549 - INFO - TensorFlow: No GPUs visible; TF will proceed on CPU.
2026-03-11 12:49:05,549 - INFO - 
2026-03-11 12:49:10,837 - INFO - Ray Successfully Initialized with 4 CPU(s) ([0, 1, 2, 3] CPU Affinity Binding).
2026-03-11 12:49:10,837 - INFO - Analyzing 1 time chunk(s) from 2025-01-07 09:28:24 to 2025-01-07 09:29:24 (dt=1min, overlap=0min).
2026-03-11 12:49:10,837 - INFO - Using 1 selected station(s).
2026-03-11 12:49:10,837 - INFO - 
2026-03-11 12:49:10,838 - INFO - ------- Starting EQCCTPro... -------
2026-03-11 12:49:10,838 - INFO - Detailed subprocess information can be found in the log file.
2026-03-11 12:49:10,838 - INFO - 
2026-03-11 12:49:11,343 - INFO - GPU disabled (CPU-only).
2026-03-11 12:49:12,807 - INFO - Configured Intra-op threads = 1
2026-03-11 12:49:12,810 - INFO - Configured Inter-op threads = 1
2026-03-11 12:49:12,856 - INFO - TensorFlow: No GPUs visible; TF will proceed on CPU.
2026-03-11 12:49:12,859 - INFO - 
2026-03-11 12:49:12,861 - INFO - ------- Hardware Configuration -------
2026-03-11 12:49:12,863 - INFO - CPU affinity set to cores: [0, 1, 2, 3]
2026-03-11 12:49:12,866 - INFO - 
2026-03-11 12:49:12,868 - INFO - ------- Data Preprocessing for EQCCTPro -------
2026-03-11 12:49:12,870 - INFO - 1 station(s) in /home/blackwinter/projects/eqcct/eqcctpro/data/waveforms_noise_only/20250107T092824Z_20250107T092924Z
2026-03-11 12:49:12,872 - INFO - Using 1 selected station(s): ['VUOS'].
2026-03-11 12:49:12,874 - INFO - Creating model actor(s)...
2026-03-11 12:49:12,876 - INFO - System RAM: Total=7870 MB, Available=3816 MB
2026-03-11 12:49:12,878 - INFO - Usable RAM budget: 7083 MB (90% of total)
2026-03-11 12:49:12,880 - INFO - ===== MEMORY-AWARE CPU ACTOR POOL (EQCCT) =====
2026-03-11 12:49:12,882 - INFO - Requested concurrent tasks: 1
2026-03-11 12:49:12,884 - INFO - Available CPUs: 4
2026-03-11 12:49:12,886 - INFO - Available RAM: 7083 MB
2026-03-11 12:49:12,888 - INFO - RAM per model: 2264 MB
2026-03-11 12:49:12,890 - INFO - Max actors by RAM: 3
2026-03-11 12:49:12,892 - INFO - Creating 1 ModelActor(s)
2026-03-11 12:49:12,894 - INFO - Let Ray handle scheduling (taskset already restricts CPU visibility)
2026-03-11 12:49:12,896 - INFO - Creating ModelActor 1/1 (2.21GB RAM each)...
2026-03-11 12:49:16,777 - INFO - ModelActor 1 created successfully.
2026-03-11 12:49:16,779 - INFO - Created 1 CPU actor(s). Task queue will handle concurrency.
2026-03-11 12:49:16,781 - INFO - Starting EQCCTPro parallelized waveform processing...
2026-03-11 12:49:16,783 - INFO - 
2026-03-11 12:49:16,785 - INFO - ------- Analyzing Seismic Waveforms for P and S Picks via EQCCT -------
2026-03-11 12:49:16,787 - INFO - Analyzing 0:01:00 minute timechunk from 2025-01-07 09:28:24 to 2025-01-07 09:29:24 (0 min overlap)
2026-03-11 12:49:16,790 - INFO - Processing a total of 1 stations, 1 at a time.
2026-03-11 12:49:18,709 - INFO - (1/1) VUOS: Skipped (already exists - overwrite=False).
2026-03-11 12:49:18,712 - INFO - 
2026-03-11 12:49:18,714 - INFO - ------- Parallel Station Waveform Processing Complete For 2025-01-07 09:28:24 to 2025-01-07 09:29:24 Timechunk-------
2026-03-11 12:49:18,716 - INFO - Picks saved at /home/blackwinter/projects/eqcct/eqcctpro/results/csv/bm_noise_only/20250107T092824Z_20250107T092924ZProcess Runtime: 1.93 s
2026-03-11 12:49:18,727 - INFO - Successfully ran EQCCTPro, exiting...
2026-03-11 12:49:20,450 - INFO - Ray Successfully Shutdown.
2026-03-11 12:49:20,451 - INFO - ------- Successfully Picked All Waveform(s) from all Timechunk(s) -------
