2026-02-23 22:53:46,208 - INFO - 
2026-02-23 22:53:46,208 - INFO - ------- Welcome to EQCCTPro -------
2026-02-23 22:53:46,208 - INFO - 
2026-02-23 22:53:46,209 - INFO - Running EQCCT over Requested MSeed Files using CPU(s)...
2026-02-23 22:53:46,209 - INFO - GPU disabled (CPU-only).
2026-02-23 22:53:46,209 - INFO - Configured Intra-op threads = 1
2026-02-23 22:53:46,209 - INFO - Configured Inter-op threads = 1
2026-02-23 22:53:46,209 - INFO - TensorFlow: No GPUs visible; TF will proceed on CPU.
2026-02-23 22:53:46,209 - INFO - 
2026-02-23 22:53:52,155 - INFO - Ray Successfully Initialized with 4 CPU(s) ([0, 1, 2, 3] CPU Affinity Binding).
2026-02-23 22:53:52,155 - INFO - Analyzing 1 time chunk(s) from 2025-04-23 06:35:51 to 2025-04-23 06:36:51 (dt=1min, overlap=0min).
2026-02-23 22:53:52,155 - INFO - Using 1 selected station(s).
2026-02-23 22:53:52,155 - INFO - 
2026-02-23 22:53:52,156 - INFO - ------- Starting EQCCTPro... -------
2026-02-23 22:53:52,156 - INFO - Detailed subprocess information can be found in the log file.
2026-02-23 22:53:52,156 - INFO - 
2026-02-23 22:53:52,535 - INFO - GPU disabled (CPU-only).
2026-02-23 22:53:54,209 - INFO - Configured Intra-op threads = 1
2026-02-23 22:53:54,212 - INFO - Configured Inter-op threads = 1
2026-02-23 22:53:54,255 - INFO - TensorFlow: No GPUs visible; TF will proceed on CPU.
2026-02-23 22:53:54,257 - INFO - 
2026-02-23 22:53:54,259 - INFO - ------- Hardware Configuration -------
2026-02-23 22:53:54,261 - INFO - CPU affinity set to cores: [0, 1, 2, 3]
2026-02-23 22:53:54,264 - INFO - 
2026-02-23 22:53:54,266 - INFO - ------- Data Preprocessing for EQCCTPro -------
2026-02-23 22:53:54,268 - INFO - 1 station(s) in /home/blackwinter/projects/eqcct/eqcctpro/data/waveforms_earthquakes_noise_only/20250423T063551Z_20250423T063651Z
2026-02-23 22:53:54,270 - INFO - Using 1 selected station(s): ['FIB1'].
2026-02-23 22:53:54,271 - INFO - Creating model actor(s)...
2026-02-23 22:53:54,273 - INFO - System RAM: Total=7870 MB, Available=2825 MB
2026-02-23 22:53:54,275 - INFO - Usable RAM budget: 7083 MB (90% of total)
2026-02-23 22:53:54,277 - INFO - ===== MEMORY-AWARE CPU ACTOR POOL (EQCCT) =====
2026-02-23 22:53:54,279 - INFO - Requested concurrent tasks: 1
2026-02-23 22:53:54,281 - INFO - Available CPUs: 4
2026-02-23 22:53:54,283 - INFO - Available RAM: 7083 MB
2026-02-23 22:53:54,284 - INFO - RAM per model: 2264 MB
2026-02-23 22:53:54,286 - INFO - Max actors by RAM: 3
2026-02-23 22:53:54,288 - INFO - Creating 1 ModelActor(s)
2026-02-23 22:53:54,290 - INFO - Let Ray handle scheduling (taskset already restricts CPU visibility)
2026-02-23 22:53:54,293 - INFO - Creating ModelActor 1/1 (2.21GB RAM each)...
2026-02-23 22:53:58,312 - INFO - ModelActor 1 created successfully.
2026-02-23 22:53:58,314 - INFO - Created 1 CPU actor(s). Task queue will handle concurrency.
2026-02-23 22:53:58,317 - INFO - Starting EQCCTPro parallelized waveform processing...
2026-02-23 22:53:58,319 - INFO - 
2026-02-23 22:53:58,321 - INFO - ------- Analyzing Seismic Waveforms for P and S Picks via EQCCT -------
2026-02-23 22:53:58,323 - INFO - Analyzing 0:01:00 minute timechunk from 2025-04-23 06:35:51 to 2025-04-23 06:36:51 (0 min overlap)
2026-02-23 22:53:58,325 - INFO - Processing a total of 1 stations, 1 at a time.
2026-02-23 22:54:02,353 - INFO - (1/1) FIB1: Finished the prediction in 2.13s. (HP=1.0, LP=45.0)
2026-02-23 22:54:02,355 - INFO - 
2026-02-23 22:54:02,358 - INFO - ------- Parallel Station Waveform Processing Complete For 2025-04-23 06:35:51 to 2025-04-23 06:36:51 Timechunk-------
2026-02-23 22:54:02,360 - INFO - Picks saved at /home/blackwinter/projects/eqcct/eqcctpro/results/csv/bm_eq_noise_only/20250423T063551Z_20250423T063651ZProcess Runtime: 4.04 s
2026-02-23 22:54:02,366 - INFO - Successfully ran EQCCTPro, exiting...
2026-02-23 22:54:03,964 - INFO - Ray Successfully Shutdown.
2026-02-23 22:54:03,964 - INFO - ------- Successfully Picked All Waveform(s) from all Timechunk(s) -------
