2026-03-10 20:51:23,381 - INFO - 
2026-03-10 20:51:23,381 - INFO - ------- Welcome to EQCCTPro -------
2026-03-10 20:51:23,381 - INFO - 
2026-03-10 20:51:23,382 - INFO - Running EQCCT over Requested MSeed Files using CPU(s)...
2026-03-10 20:51:23,382 - INFO - GPU disabled (CPU-only).
2026-03-10 20:51:23,382 - INFO - Configured Intra-op threads = 1
2026-03-10 20:51:23,382 - INFO - Configured Inter-op threads = 1
2026-03-10 20:51:23,383 - INFO - TensorFlow: No GPUs visible; TF will proceed on CPU.
2026-03-10 20:51:23,383 - INFO - 
2026-03-10 20:51:28,831 - INFO - Ray Successfully Initialized with 4 CPU(s) ([0, 1, 2, 3] CPU Affinity Binding).
2026-03-10 20:51:28,831 - INFO - Analyzing 1 time chunk(s) from 2025-01-06 06:14:51 to 2025-01-06 06:15:51 (dt=1min, overlap=0min).
2026-03-10 20:51:28,831 - INFO - Using 1 selected station(s).
2026-03-10 20:51:28,831 - INFO - 
2026-03-10 20:51:28,832 - INFO - ------- Starting EQCCTPro... -------
2026-03-10 20:51:28,832 - INFO - Detailed subprocess information can be found in the log file.
2026-03-10 20:51:28,832 - INFO - 
2026-03-10 20:51:29,221 - INFO - GPU disabled (CPU-only).
2026-03-10 20:51:30,814 - INFO - Configured Intra-op threads = 1
2026-03-10 20:51:30,817 - INFO - Configured Inter-op threads = 1
2026-03-10 20:51:30,853 - INFO - TensorFlow: No GPUs visible; TF will proceed on CPU.
2026-03-10 20:51:30,856 - INFO - 
2026-03-10 20:51:30,858 - INFO - ------- Hardware Configuration -------
2026-03-10 20:51:30,861 - INFO - CPU affinity set to cores: [0, 1, 2, 3]
2026-03-10 20:51:30,863 - INFO - 
2026-03-10 20:51:30,866 - INFO - ------- Data Preprocessing for EQCCTPro -------
2026-03-10 20:51:30,868 - INFO - 1 station(s) in /home/blackwinter/projects/eqcct/eqcctpro/data/waveforms_noise_only/20250106T061451Z_20250106T061551Z
2026-03-10 20:51:30,870 - INFO - Using 1 selected station(s): ['VRF'].
2026-03-10 20:51:30,872 - INFO - Creating model actor(s)...
2026-03-10 20:51:30,874 - INFO - System RAM: Total=7870 MB, Available=3208 MB
2026-03-10 20:51:30,877 - INFO - Usable RAM budget: 7083 MB (90% of total)
2026-03-10 20:51:30,879 - INFO - ===== MEMORY-AWARE CPU ACTOR POOL (EQCCT) =====
2026-03-10 20:51:30,881 - INFO - Requested concurrent tasks: 1
2026-03-10 20:51:30,883 - INFO - Available CPUs: 4
2026-03-10 20:51:30,885 - INFO - Available RAM: 7083 MB
2026-03-10 20:51:30,887 - INFO - RAM per model: 2264 MB
2026-03-10 20:51:30,889 - INFO - Max actors by RAM: 3
2026-03-10 20:51:30,891 - INFO - Creating 1 ModelActor(s)
2026-03-10 20:51:30,893 - INFO - Let Ray handle scheduling (taskset already restricts CPU visibility)
2026-03-10 20:51:30,895 - INFO - Creating ModelActor 1/1 (2.21GB RAM each)...
2026-03-10 20:51:34,826 - INFO - ModelActor 1 created successfully.
2026-03-10 20:51:34,828 - INFO - Created 1 CPU actor(s). Task queue will handle concurrency.
2026-03-10 20:51:34,831 - INFO - Starting EQCCTPro parallelized waveform processing...
2026-03-10 20:51:34,833 - INFO - 
2026-03-10 20:51:34,835 - INFO - ------- Analyzing Seismic Waveforms for P and S Picks via EQCCT -------
2026-03-10 20:51:34,837 - INFO - Analyzing 0:01:00 minute timechunk from 2025-01-06 06:14:51 to 2025-01-06 06:15:51 (0 min overlap)
2026-03-10 20:51:34,840 - INFO - Processing a total of 1 stations, 1 at a time.
2026-03-10 20:51:38,928 - INFO - (1/1) VRF: Finished the prediction in 2.14s. (HP=1.0, LP=45.0)
2026-03-10 20:51:38,930 - INFO - 
2026-03-10 20:51:38,932 - INFO - ------- Parallel Station Waveform Processing Complete For 2025-01-06 06:14:51 to 2025-01-06 06:15:51 Timechunk-------
2026-03-10 20:51:38,934 - INFO - Picks saved at /home/blackwinter/projects/eqcct/eqcctpro/results/csv/bm_noise_only/20250106T061451Z_20250106T061551ZProcess Runtime: 4.10 s
2026-03-10 20:51:38,938 - INFO - Successfully ran EQCCTPro, exiting...
2026-03-10 20:51:40,384 - INFO - Ray Successfully Shutdown.
2026-03-10 20:51:40,384 - INFO - ------- Successfully Picked All Waveform(s) from all Timechunk(s) -------
2026-03-11 11:53:27,535 - INFO - 
2026-03-11 11:53:27,537 - INFO - ------- Welcome to EQCCTPro -------
2026-03-11 11:53:27,537 - INFO - 
2026-03-11 11:53:27,537 - INFO - Running EQCCT over Requested MSeed Files using CPU(s)...
2026-03-11 11:53:27,538 - INFO - GPU disabled (CPU-only).
2026-03-11 11:53:27,538 - INFO - Configured Intra-op threads = 1
2026-03-11 11:53:27,538 - INFO - Configured Inter-op threads = 1
2026-03-11 11:53:27,538 - INFO - TensorFlow: No GPUs visible; TF will proceed on CPU.
2026-03-11 11:53:27,538 - INFO - 
2026-03-11 11:53:32,842 - INFO - Ray Successfully Initialized with 4 CPU(s) ([0, 1, 2, 3] CPU Affinity Binding).
2026-03-11 11:53:32,842 - INFO - Analyzing 1 time chunk(s) from 2025-01-06 06:14:51 to 2025-01-06 06:15:51 (dt=1min, overlap=0min).
2026-03-11 11:53:32,842 - INFO - Using 1 selected station(s).
2026-03-11 11:53:32,842 - INFO - 
2026-03-11 11:53:32,843 - INFO - ------- Starting EQCCTPro... -------
2026-03-11 11:53:32,843 - INFO - Detailed subprocess information can be found in the log file.
2026-03-11 11:53:32,843 - INFO - 
2026-03-11 11:53:33,214 - INFO - GPU disabled (CPU-only).
2026-03-11 11:53:34,678 - INFO - Configured Intra-op threads = 1
2026-03-11 11:53:34,681 - INFO - Configured Inter-op threads = 1
2026-03-11 11:53:34,721 - INFO - TensorFlow: No GPUs visible; TF will proceed on CPU.
2026-03-11 11:53:34,724 - INFO - 
2026-03-11 11:53:34,726 - INFO - ------- Hardware Configuration -------
2026-03-11 11:53:34,729 - INFO - CPU affinity set to cores: [0, 1, 2, 3]
2026-03-11 11:53:34,731 - INFO - 
2026-03-11 11:53:34,733 - INFO - ------- Data Preprocessing for EQCCTPro -------
2026-03-11 11:53:34,735 - INFO - 1 station(s) in /home/blackwinter/projects/eqcct/eqcctpro/data/waveforms_noise_only/20250106T061451Z_20250106T061551Z
2026-03-11 11:53:34,737 - INFO - Using 1 selected station(s): ['VRF'].
2026-03-11 11:53:34,739 - INFO - Creating model actor(s)...
2026-03-11 11:53:34,741 - INFO - System RAM: Total=7870 MB, Available=3954 MB
2026-03-11 11:53:34,743 - INFO - Usable RAM budget: 7083 MB (90% of total)
2026-03-11 11:53:34,745 - INFO - ===== MEMORY-AWARE CPU ACTOR POOL (EQCCT) =====
2026-03-11 11:53:34,746 - INFO - Requested concurrent tasks: 1
2026-03-11 11:53:34,748 - INFO - Available CPUs: 4
2026-03-11 11:53:34,750 - INFO - Available RAM: 7083 MB
2026-03-11 11:53:34,752 - INFO - RAM per model: 2264 MB
2026-03-11 11:53:34,754 - INFO - Max actors by RAM: 3
2026-03-11 11:53:34,756 - INFO - Creating 1 ModelActor(s)
2026-03-11 11:53:34,758 - INFO - Let Ray handle scheduling (taskset already restricts CPU visibility)
2026-03-11 11:53:34,760 - INFO - Creating ModelActor 1/1 (2.21GB RAM each)...
2026-03-11 11:53:38,820 - INFO - ModelActor 1 created successfully.
2026-03-11 11:53:38,825 - INFO - Created 1 CPU actor(s). Task queue will handle concurrency.
2026-03-11 11:53:38,828 - INFO - Starting EQCCTPro parallelized waveform processing...
2026-03-11 11:53:38,830 - INFO - 
2026-03-11 11:53:38,832 - INFO - ------- Analyzing Seismic Waveforms for P and S Picks via EQCCT -------
2026-03-11 11:53:38,835 - INFO - Analyzing 0:01:00 minute timechunk from 2025-01-06 06:14:51 to 2025-01-06 06:15:51 (0 min overlap)
2026-03-11 11:53:38,837 - INFO - Processing a total of 1 stations, 1 at a time.
2026-03-11 11:53:40,727 - INFO - (1/1) VRF: Skipped (already exists - overwrite=False).
2026-03-11 11:53:40,729 - INFO - 
2026-03-11 11:53:40,732 - INFO - ------- Parallel Station Waveform Processing Complete For 2025-01-06 06:14:51 to 2025-01-06 06:15:51 Timechunk-------
2026-03-11 11:53:40,735 - INFO - Picks saved at /home/blackwinter/projects/eqcct/eqcctpro/results/csv/bm_noise_only/20250106T061451Z_20250106T061551ZProcess Runtime: 1.90 s
2026-03-11 11:53:40,739 - INFO - Successfully ran EQCCTPro, exiting...
2026-03-11 11:53:42,380 - INFO - Ray Successfully Shutdown.
2026-03-11 11:53:42,380 - INFO - ------- Successfully Picked All Waveform(s) from all Timechunk(s) -------
