2026-02-22 13:56:09,012 - INFO - 
2026-02-22 13:56:09,012 - INFO - ------- Welcome to EQCCTPro -------
2026-02-22 13:56:09,012 - INFO - 
2026-02-22 13:56:09,013 - INFO - Running EQCCT over Requested MSeed Files using CPU(s)...
2026-02-22 13:56:09,013 - INFO - GPU disabled (CPU-only).
2026-02-22 13:56:09,013 - INFO - Configured Intra-op threads = 1
2026-02-22 13:56:09,013 - INFO - Configured Inter-op threads = 1
2026-02-22 13:56:09,013 - INFO - TensorFlow: No GPUs visible; TF will proceed on CPU.
2026-02-22 13:56:09,013 - INFO - 
2026-02-22 13:56:13,795 - INFO - Ray Successfully Initialized with 4 CPU(s) ([0, 1, 2, 3] CPU Affinity Binding).
2026-02-22 13:56:13,795 - INFO - Analyzing 1 time chunk(s) from 2025-03-16 03:02:05 to 2025-03-16 03:03:05 (dt=1min, overlap=0min).
2026-02-22 13:56:13,795 - INFO - Using 1 selected station(s).
2026-02-22 13:56:13,795 - INFO - 
2026-02-22 13:56:13,796 - INFO - ------- Starting EQCCTPro... -------
2026-02-22 13:56:13,796 - INFO - Detailed subprocess information can be found in the log file.
2026-02-22 13:56:13,796 - INFO - 
2026-02-22 13:56:14,174 - INFO - GPU disabled (CPU-only).
2026-02-22 13:56:15,721 - INFO - Configured Intra-op threads = 1
2026-02-22 13:56:15,723 - INFO - Configured Inter-op threads = 1
2026-02-22 13:56:15,769 - INFO - TensorFlow: No GPUs visible; TF will proceed on CPU.
2026-02-22 13:56:15,771 - INFO - 
2026-02-22 13:56:15,773 - INFO - ------- Hardware Configuration -------
2026-02-22 13:56:15,776 - INFO - CPU affinity set to cores: [0, 1, 2, 3]
2026-02-22 13:56:15,778 - INFO - 
2026-02-22 13:56:15,781 - INFO - ------- Data Preprocessing for EQCCTPro -------
2026-02-22 13:56:15,783 - INFO - 1 station(s) in /home/blackwinter/projects/eqcct/eqcctpro/data/waveforms_earthquakes_nonoise/20250316T030205Z_20250316T030305Z
2026-02-22 13:56:15,785 - INFO - Using 1 selected station(s): ['HEF'].
2026-02-22 13:56:15,787 - INFO - Creating model actor(s)...
2026-02-22 13:56:15,789 - INFO - System RAM: Total=7870 MB, Available=2746 MB
2026-02-22 13:56:15,791 - INFO - Usable RAM budget: 7083 MB (90% of total)
2026-02-22 13:56:15,793 - INFO - ===== MEMORY-AWARE CPU ACTOR POOL (EQCCT) =====
2026-02-22 13:56:15,795 - INFO - Requested concurrent tasks: 1
2026-02-22 13:56:15,797 - INFO - Available CPUs: 4
2026-02-22 13:56:15,799 - INFO - Available RAM: 7083 MB
2026-02-22 13:56:15,802 - INFO - RAM per model: 2264 MB
2026-02-22 13:56:15,804 - INFO - Max actors by RAM: 3
2026-02-22 13:56:15,806 - INFO - Creating 1 ModelActor(s)
2026-02-22 13:56:15,809 - INFO - Let Ray handle scheduling (taskset already restricts CPU visibility)
2026-02-22 13:56:15,811 - INFO - Creating ModelActor 1/1 (2.21GB RAM each)...
2026-02-22 13:56:19,720 - INFO - ModelActor 1 created successfully.
2026-02-22 13:56:19,723 - INFO - Created 1 CPU actor(s). Task queue will handle concurrency.
2026-02-22 13:56:19,725 - INFO - Starting EQCCTPro parallelized waveform processing...
2026-02-22 13:56:19,727 - INFO - 
2026-02-22 13:56:19,729 - INFO - ------- Analyzing Seismic Waveforms for P and S Picks via EQCCT -------
2026-02-22 13:56:19,732 - INFO - Analyzing 0:01:00 minute timechunk from 2025-03-16 03:02:05 to 2025-03-16 03:03:05 (0 min overlap)
2026-02-22 13:56:19,735 - INFO - Processing a total of 1 stations, 1 at a time.
2026-02-22 13:56:23,978 - INFO - (1/1) HEF: Finished the prediction in 2.19s. (HP=1.0, LP=45.0)
2026-02-22 13:56:23,983 - INFO - 
2026-02-22 13:56:23,985 - INFO - ------- Parallel Station Waveform Processing Complete For 2025-03-16 03:02:05 to 2025-03-16 03:03:05 Timechunk-------
2026-02-22 13:56:23,988 - INFO - Picks saved at /home/blackwinter/projects/eqcct/eqcctpro/results/csv/bm_eq_nonoise/20250316T030205Z_20250316T030305ZProcess Runtime: 4.26 s
2026-02-22 13:56:23,994 - INFO - Successfully ran EQCCTPro, exiting...
2026-02-22 13:56:25,513 - INFO - Ray Successfully Shutdown.
2026-02-22 13:56:25,513 - INFO - ------- Successfully Picked All Waveform(s) from all Timechunk(s) -------
