2026-02-27 10:54:43,826 - INFO - 
2026-02-27 10:54:43,827 - INFO - ------- Welcome to EQCCTPro -------
2026-02-27 10:54:43,827 - INFO - 
2026-02-27 10:54:43,827 - INFO - Running EQCCT over Requested MSeed Files using CPU(s)...
2026-02-27 10:54:43,827 - INFO - GPU disabled (CPU-only).
2026-02-27 10:54:43,828 - INFO - Configured Intra-op threads = 1
2026-02-27 10:54:43,828 - INFO - Configured Inter-op threads = 1
2026-02-27 10:54:43,828 - INFO - TensorFlow: No GPUs visible; TF will proceed on CPU.
2026-02-27 10:54:43,828 - INFO - 
2026-02-27 10:54:49,383 - INFO - Ray Successfully Initialized with 4 CPU(s) ([0, 1, 2, 3] CPU Affinity Binding).
2026-02-27 10:54:49,384 - INFO - Analyzing 1 time chunk(s) from 2025-01-20 23:05:55 to 2025-01-20 23:06:55 (dt=1min, overlap=0min).
2026-02-27 10:54:49,384 - INFO - Using 1 selected station(s).
2026-02-27 10:54:49,384 - INFO - 
2026-02-27 10:54:49,384 - INFO - ------- Starting EQCCTPro... -------
2026-02-27 10:54:49,384 - INFO - Detailed subprocess information can be found in the log file.
2026-02-27 10:54:49,384 - INFO - 
2026-02-27 10:54:49,746 - INFO - GPU disabled (CPU-only).
2026-02-27 10:54:51,282 - INFO - Configured Intra-op threads = 1
2026-02-27 10:54:51,285 - INFO - Configured Inter-op threads = 1
2026-02-27 10:54:51,331 - INFO - TensorFlow: No GPUs visible; TF will proceed on CPU.
2026-02-27 10:54:51,333 - INFO - 
2026-02-27 10:54:51,336 - INFO - ------- Hardware Configuration -------
2026-02-27 10:54:51,338 - INFO - CPU affinity set to cores: [0, 1, 2, 3]
2026-02-27 10:54:51,340 - INFO - 
2026-02-27 10:54:51,342 - INFO - ------- Data Preprocessing for EQCCTPro -------
2026-02-27 10:54:51,344 - INFO - 1 station(s) in /home/blackwinter/projects/eqcct/eqcctpro/data/waveforms_explosions_nonoise/20250120T230555Z_20250120T230655Z
2026-02-27 10:54:51,346 - INFO - Using 1 selected station(s): ['TOF'].
2026-02-27 10:54:51,347 - INFO - Creating model actor(s)...
2026-02-27 10:54:51,349 - INFO - System RAM: Total=7870 MB, Available=2371 MB
2026-02-27 10:54:51,351 - INFO - Usable RAM budget: 7083 MB (90% of total)
2026-02-27 10:54:51,353 - INFO - ===== MEMORY-AWARE CPU ACTOR POOL (EQCCT) =====
2026-02-27 10:54:51,355 - INFO - Requested concurrent tasks: 1
2026-02-27 10:54:51,357 - INFO - Available CPUs: 4
2026-02-27 10:54:51,359 - INFO - Available RAM: 7083 MB
2026-02-27 10:54:51,361 - INFO - RAM per model: 2264 MB
2026-02-27 10:54:51,363 - INFO - Max actors by RAM: 3
2026-02-27 10:54:51,365 - INFO - Creating 1 ModelActor(s)
2026-02-27 10:54:51,368 - INFO - Let Ray handle scheduling (taskset already restricts CPU visibility)
2026-02-27 10:54:51,370 - INFO - Creating ModelActor 1/1 (2.21GB RAM each)...
2026-02-27 10:54:55,382 - INFO - ModelActor 1 created successfully.
2026-02-27 10:54:55,384 - INFO - Created 1 CPU actor(s). Task queue will handle concurrency.
2026-02-27 10:54:55,387 - INFO - Starting EQCCTPro parallelized waveform processing...
2026-02-27 10:54:55,389 - INFO - 
2026-02-27 10:54:55,391 - INFO - ------- Analyzing Seismic Waveforms for P and S Picks via EQCCT -------
2026-02-27 10:54:55,393 - INFO - Analyzing 0:01:00 minute timechunk from 2025-01-20 23:05:55 to 2025-01-20 23:06:55 (0 min overlap)
2026-02-27 10:54:55,396 - INFO - Processing a total of 1 stations, 1 at a time.
2026-02-27 10:54:59,503 - INFO - (1/1) TOF: Finished the prediction in 2.15s. (HP=1.0, LP=45.0)
2026-02-27 10:54:59,505 - INFO - 
2026-02-27 10:54:59,507 - INFO - ------- Parallel Station Waveform Processing Complete For 2025-01-20 23:05:55 to 2025-01-20 23:06:55 Timechunk-------
2026-02-27 10:54:59,508 - INFO - Picks saved at /home/blackwinter/projects/eqcct/eqcctpro/results/csv/bm_explosions/20250120T230555Z_20250120T230655ZProcess Runtime: 4.12 s
2026-02-27 10:54:59,512 - INFO - Successfully ran EQCCTPro, exiting...
2026-02-27 10:55:01,067 - INFO - Ray Successfully Shutdown.
2026-02-27 10:55:01,067 - INFO - ------- Successfully Picked All Waveform(s) from all Timechunk(s) -------
