2026-03-28 20:00:10,865 - INFO - 
2026-03-28 20:00:10,865 - INFO - ------- Welcome to EQCCTPro -------
2026-03-28 20:00:10,865 - INFO - 
2026-03-28 20:00:10,866 - INFO - Running EQCCT over Requested MSeed Files using CPU(s)...
2026-03-28 20:00:10,866 - INFO - GPU disabled (CPU-only).
2026-03-28 20:00:10,866 - INFO - Skipping framework-specific initialization in the driver process.
2026-03-28 20:00:13,601 - INFO - Ray Successfully Initialized with 4 CPU(s) ([0, 1, 2, 3] CPU Affinity Binding).
2026-03-28 20:00:13,601 - INFO - Analyzing 1 time chunk(s) from 2025-01-22 09:02:48 to 2025-01-22 09:03:48 (dt=1min, overlap=0min).
2026-03-28 20:00:13,601 - INFO - Using 1 selected station(s).
2026-03-28 20:00:13,601 - INFO - 
2026-03-28 20:00:13,602 - INFO - ------- Starting EQCCTPro... -------
2026-03-28 20:00:13,602 - INFO - Detailed subprocess information can be found in the log file.
2026-03-28 20:00:13,602 - INFO - 
2026-03-28 20:00:13,940 - INFO - GPU disabled (CPU-only).
2026-03-28 20:00:13,945 - INFO - Skipping framework-specific initialization in the driver process.
2026-03-28 20:00:13,950 - INFO - ------- Hardware Configuration -------
2026-03-28 20:00:13,954 - INFO - CPU affinity set to cores: [0, 1, 2, 3]
2026-03-28 20:00:13,957 - INFO - 
2026-03-28 20:00:13,960 - INFO - ------- Data Preprocessing for EQCCTPro -------
2026-03-28 20:00:13,963 - INFO - 1 station(s) in /home/blackwinter/projects/eqcct/eqcctpro/data/waveforms_explosions_nonoise/20250122T090248Z_20250122T090348Z
2026-03-28 20:00:13,967 - INFO - Using 1 selected station(s): ['RUF'].
2026-03-28 20:00:13,969 - INFO - Creating model actor(s)...
2026-03-28 20:00:13,973 - INFO - System RAM: Total=7870 MB, Available=4029 MB
2026-03-28 20:00:13,975 - INFO - Usable RAM budget: 7083 MB (90% of total)
2026-03-28 20:00:13,978 - INFO - ===== MEMORY-AWARE CPU ACTOR POOL =====
2026-03-28 20:00:13,980 - INFO - Requested concurrent tasks: 1
2026-03-28 20:00:13,983 - INFO - Available CPUs: 4
2026-03-28 20:00:13,986 - INFO - Available RAM: 7083 MB
2026-03-28 20:00:13,989 - INFO - RAM per model: 2060 MB
2026-03-28 20:00:13,992 - INFO - Max actors by RAM: 3
2026-03-28 20:00:13,995 - INFO - Creating 1 SeisBenchModelActor(s)
2026-03-28 20:00:13,999 - INFO - Let Ray handle scheduling (taskset already restricts CPU visibility)
2026-03-28 20:00:14,001 - INFO - Creating SeisBenchModelActor 1/1 (2.01GB RAM each)...
2026-03-28 20:00:17,213 - INFO - SeisBenchModelActor 1 created successfully.
2026-03-28 20:00:17,216 - INFO - Created 1 CPU actor(s). Task queue will handle concurrency.
2026-03-28 20:00:17,219 - INFO - Starting EQCCTPro parallelized waveform processing...
2026-03-28 20:00:17,222 - INFO - 
2026-03-28 20:00:17,224 - INFO - ------- Analyzing Seismic Waveforms for P and S Picks via SeisBench (EQTransformer - original_nonconservative) -------
2026-03-28 20:00:17,228 - INFO - Analyzing 0:01:00 minute timechunk from 2025-01-22 09:02:48 to 2025-01-22 09:03:48 (0 min overlap)
2026-03-28 20:00:17,231 - INFO - Processing a total of 1 stations, 1 at a time.
2026-03-28 20:00:19,621 - INFO - (1/1) RUF: Finished the prediction in 0.15s. (HP=1.0, LP=45.0, picks=3)
2026-03-28 20:00:19,624 - INFO - 
2026-03-28 20:00:19,627 - INFO - ------- Parallel Station Waveform Processing Complete For 2025-01-22 09:02:48 to 2025-01-22 09:03:48 Timechunk-------
2026-03-28 20:00:19,630 - INFO - Picks saved at /home/blackwinter/projects/eqcct/eqcctpro/results/csv/eqt_explosions_th0_1/20250122T090248Z_20250122T090348ZProcess Runtime: 2.41 s
2026-03-28 20:00:19,636 - INFO - Successfully ran EQCCTPro, exiting...
2026-03-28 20:00:21,490 - INFO - Ray Successfully Shutdown.
2026-03-28 20:00:21,490 - INFO - ------- Successfully Picked All Waveform(s) from all Timechunk(s) -------
