2026-02-26 22:45:49,279 - INFO - 
2026-02-26 22:45:49,279 - INFO - ------- Welcome to EQCCTPro -------
2026-02-26 22:45:49,279 - INFO - 
2026-02-26 22:45:49,280 - INFO - Running EQCCT over Requested MSeed Files using CPU(s)...
2026-02-26 22:45:49,280 - INFO - GPU disabled (CPU-only).
2026-02-26 22:45:49,281 - INFO - Configured Intra-op threads = 1
2026-02-26 22:45:49,281 - INFO - Configured Inter-op threads = 1
2026-02-26 22:45:49,281 - INFO - TensorFlow: No GPUs visible; TF will proceed on CPU.
2026-02-26 22:45:49,281 - INFO - 
2026-02-26 22:45:54,500 - INFO - Ray Successfully Initialized with 4 CPU(s) ([0, 1, 2, 3] CPU Affinity Binding).
2026-02-26 22:45:54,501 - INFO - Analyzing 1 time chunk(s) from 2025-01-07 14:26:57 to 2025-01-07 14:27:57 (dt=1min, overlap=0min).
2026-02-26 22:45:54,501 - INFO - Using 1 selected station(s).
2026-02-26 22:45:54,501 - INFO - 
2026-02-26 22:45:54,501 - INFO - ------- Starting EQCCTPro... -------
2026-02-26 22:45:54,501 - INFO - Detailed subprocess information can be found in the log file.
2026-02-26 22:45:54,501 - INFO - 
2026-02-26 22:45:54,898 - INFO - GPU disabled (CPU-only).
2026-02-26 22:45:56,381 - INFO - Configured Intra-op threads = 1
2026-02-26 22:45:56,383 - INFO - Configured Inter-op threads = 1
2026-02-26 22:45:56,425 - INFO - TensorFlow: No GPUs visible; TF will proceed on CPU.
2026-02-26 22:45:56,427 - INFO - 
2026-02-26 22:45:56,429 - INFO - ------- Hardware Configuration -------
2026-02-26 22:45:56,432 - INFO - CPU affinity set to cores: [0, 1, 2, 3]
2026-02-26 22:45:56,434 - INFO - 
2026-02-26 22:45:56,436 - INFO - ------- Data Preprocessing for EQCCTPro -------
2026-02-26 22:45:56,438 - INFO - 1 station(s) in /home/blackwinter/projects/eqcct/eqcctpro/data/waveforms_explosions_nonoise/20250107T142657Z_20250107T142757Z
2026-02-26 22:45:56,440 - INFO - Using 1 selected station(s): ['ALAJF'].
2026-02-26 22:45:56,442 - INFO - Creating model actor(s)...
2026-02-26 22:45:56,444 - INFO - System RAM: Total=7870 MB, Available=3874 MB
2026-02-26 22:45:56,447 - INFO - Usable RAM budget: 7083 MB (90% of total)
2026-02-26 22:45:56,448 - INFO - ===== MEMORY-AWARE CPU ACTOR POOL (EQCCT) =====
2026-02-26 22:45:56,450 - INFO - Requested concurrent tasks: 1
2026-02-26 22:45:56,452 - INFO - Available CPUs: 4
2026-02-26 22:45:56,454 - INFO - Available RAM: 7083 MB
2026-02-26 22:45:56,455 - INFO - RAM per model: 2264 MB
2026-02-26 22:45:56,457 - INFO - Max actors by RAM: 3
2026-02-26 22:45:56,459 - INFO - Creating 1 ModelActor(s)
2026-02-26 22:45:56,460 - INFO - Let Ray handle scheduling (taskset already restricts CPU visibility)
2026-02-26 22:45:56,462 - INFO - Creating ModelActor 1/1 (2.21GB RAM each)...
2026-02-26 22:46:00,709 - INFO - ModelActor 1 created successfully.
2026-02-26 22:46:00,716 - INFO - Created 1 CPU actor(s). Task queue will handle concurrency.
2026-02-26 22:46:00,719 - INFO - Starting EQCCTPro parallelized waveform processing...
2026-02-26 22:46:00,720 - INFO - 
2026-02-26 22:46:00,722 - INFO - ------- Analyzing Seismic Waveforms for P and S Picks via EQCCT -------
2026-02-26 22:46:00,726 - INFO - Analyzing 0:01:00 minute timechunk from 2025-01-07 14:26:57 to 2025-01-07 14:27:57 (0 min overlap)
2026-02-26 22:46:00,728 - INFO - Processing a total of 1 stations, 1 at a time.
2026-02-26 22:46:04,732 - INFO - (1/1) ALAJF: Finished the prediction in 2.13s. (HP=1.0, LP=45.0)
2026-02-26 22:46:04,734 - INFO - 
2026-02-26 22:46:04,736 - INFO - ------- Parallel Station Waveform Processing Complete For 2025-01-07 14:26:57 to 2025-01-07 14:27:57 Timechunk-------
2026-02-26 22:46:04,738 - INFO - Picks saved at /home/blackwinter/projects/eqcct/eqcctpro/results/csv/bm_explosions/20250107T142657Z_20250107T142757ZProcess Runtime: 4.02 s
2026-02-26 22:46:04,743 - INFO - Successfully ran EQCCTPro, exiting...
2026-02-26 22:46:06,291 - INFO - Ray Successfully Shutdown.
2026-02-26 22:46:06,291 - INFO - ------- Successfully Picked All Waveform(s) from all Timechunk(s) -------
2026-02-27 06:13:57,165 - INFO - 
2026-02-27 06:13:57,172 - INFO - ------- Welcome to EQCCTPro -------
2026-02-27 06:13:57,172 - INFO - 
2026-02-27 06:13:57,173 - INFO - Running EQCCT over Requested MSeed Files using CPU(s)...
2026-02-27 06:13:57,173 - INFO - GPU disabled (CPU-only).
2026-02-27 06:13:57,173 - INFO - Configured Intra-op threads = 1
2026-02-27 06:13:57,173 - INFO - Configured Inter-op threads = 1
2026-02-27 06:13:57,174 - INFO - TensorFlow: No GPUs visible; TF will proceed on CPU.
2026-02-27 06:13:57,174 - INFO - 
2026-02-27 06:14:02,634 - INFO - Ray Successfully Initialized with 4 CPU(s) ([0, 1, 2, 3] CPU Affinity Binding).
2026-02-27 06:14:02,634 - INFO - Analyzing 1 time chunk(s) from 2025-01-07 14:26:57 to 2025-01-07 14:27:57 (dt=1min, overlap=0min).
2026-02-27 06:14:02,634 - INFO - Using 1 selected station(s).
2026-02-27 06:14:02,634 - INFO - 
2026-02-27 06:14:02,636 - INFO - ------- Starting EQCCTPro... -------
2026-02-27 06:14:02,636 - INFO - Detailed subprocess information can be found in the log file.
2026-02-27 06:14:02,636 - INFO - 
2026-02-27 06:14:03,017 - INFO - GPU disabled (CPU-only).
2026-02-27 06:14:04,558 - INFO - Configured Intra-op threads = 1
2026-02-27 06:14:04,560 - INFO - Configured Inter-op threads = 1
2026-02-27 06:14:04,602 - INFO - TensorFlow: No GPUs visible; TF will proceed on CPU.
2026-02-27 06:14:04,605 - INFO - 
2026-02-27 06:14:04,607 - INFO - ------- Hardware Configuration -------
2026-02-27 06:14:04,609 - INFO - CPU affinity set to cores: [0, 1, 2, 3]
2026-02-27 06:14:04,611 - INFO - 
2026-02-27 06:14:04,613 - INFO - ------- Data Preprocessing for EQCCTPro -------
2026-02-27 06:14:04,614 - INFO - 1 station(s) in /home/blackwinter/projects/eqcct/eqcctpro/data/waveforms_explosions_nonoise/20250107T142657Z_20250107T142757Z
2026-02-27 06:14:04,616 - INFO - Using 1 selected station(s): ['ALAJF'].
2026-02-27 06:14:04,619 - INFO - Creating model actor(s)...
2026-02-27 06:14:04,621 - INFO - System RAM: Total=7870 MB, Available=3937 MB
2026-02-27 06:14:04,623 - INFO - Usable RAM budget: 7083 MB (90% of total)
2026-02-27 06:14:04,626 - INFO - ===== MEMORY-AWARE CPU ACTOR POOL (EQCCT) =====
2026-02-27 06:14:04,628 - INFO - Requested concurrent tasks: 1
2026-02-27 06:14:04,629 - INFO - Available CPUs: 4
2026-02-27 06:14:04,631 - INFO - Available RAM: 7083 MB
2026-02-27 06:14:04,633 - INFO - RAM per model: 2264 MB
2026-02-27 06:14:04,635 - INFO - Max actors by RAM: 3
2026-02-27 06:14:04,637 - INFO - Creating 1 ModelActor(s)
2026-02-27 06:14:04,639 - INFO - Let Ray handle scheduling (taskset already restricts CPU visibility)
2026-02-27 06:14:04,641 - INFO - Creating ModelActor 1/1 (2.21GB RAM each)...
2026-02-27 06:14:08,485 - INFO - ModelActor 1 created successfully.
2026-02-27 06:14:08,487 - INFO - Created 1 CPU actor(s). Task queue will handle concurrency.
2026-02-27 06:14:08,490 - INFO - Starting EQCCTPro parallelized waveform processing...
2026-02-27 06:14:08,492 - INFO - 
2026-02-27 06:14:08,494 - INFO - ------- Analyzing Seismic Waveforms for P and S Picks via EQCCT -------
2026-02-27 06:14:08,496 - INFO - Analyzing 0:01:00 minute timechunk from 2025-01-07 14:26:57 to 2025-01-07 14:27:57 (0 min overlap)
2026-02-27 06:14:08,499 - INFO - Processing a total of 1 stations, 1 at a time.
2026-02-27 06:14:10,360 - INFO - (1/1) ALAJF: Skipped (already exists - overwrite=False).
2026-02-27 06:14:10,363 - INFO - 
2026-02-27 06:14:10,366 - INFO - ------- Parallel Station Waveform Processing Complete For 2025-01-07 14:26:57 to 2025-01-07 14:27:57 Timechunk-------
2026-02-27 06:14:10,368 - INFO - Picks saved at /home/blackwinter/projects/eqcct/eqcctpro/results/csv/bm_explosions/20250107T142657Z_20250107T142757ZProcess Runtime: 1.87 s
2026-02-27 06:14:10,372 - INFO - Successfully ran EQCCTPro, exiting...
2026-02-27 06:14:11,881 - INFO - Ray Successfully Shutdown.
2026-02-27 06:14:11,882 - INFO - ------- Successfully Picked All Waveform(s) from all Timechunk(s) -------
