2026-03-20 02:18:12,682 - INFO - 
2026-03-20 02:18:12,682 - INFO - ------- Welcome to EQCCTPro -------
2026-03-20 02:18:12,682 - INFO - 
2026-03-20 02:18:12,683 - INFO - Running EQCCT over Requested MSeed Files using CPU(s)...
2026-03-20 02:18:12,683 - INFO - GPU disabled (CPU-only).
2026-03-20 02:18:12,683 - INFO - Configured Intra-op threads = 1
2026-03-20 02:18:12,683 - INFO - Configured Inter-op threads = 1
2026-03-20 02:18:12,683 - INFO - TensorFlow: No GPUs visible; TF will proceed on CPU.
2026-03-20 02:18:12,684 - INFO - 
2026-03-20 02:18:18,107 - INFO - Ray Successfully Initialized with 4 CPU(s) ([0, 1, 2, 3] CPU Affinity Binding).
2026-03-20 02:18:18,107 - INFO - Analyzing 1 time chunk(s) from 2025-06-10 03:16:42 to 2025-06-10 03:17:42 (dt=1min, overlap=0min).
2026-03-20 02:18:18,107 - INFO - Using 1 selected station(s).
2026-03-20 02:18:18,107 - INFO - 
2026-03-20 02:18:18,108 - INFO - ------- Starting EQCCTPro... -------
2026-03-20 02:18:18,108 - INFO - Detailed subprocess information can be found in the log file.
2026-03-20 02:18:18,108 - INFO - 
2026-03-20 02:18:18,477 - INFO - GPU disabled (CPU-only).
2026-03-20 02:18:19,938 - INFO - Configured Intra-op threads = 1
2026-03-20 02:18:19,941 - INFO - Configured Inter-op threads = 1
2026-03-20 02:18:19,982 - INFO - TensorFlow: No GPUs visible; TF will proceed on CPU.
2026-03-20 02:18:19,984 - INFO - 
2026-03-20 02:18:19,987 - INFO - ------- Hardware Configuration -------
2026-03-20 02:18:19,989 - INFO - CPU affinity set to cores: [0, 1, 2, 3]
2026-03-20 02:18:19,991 - INFO - 
2026-03-20 02:18:19,994 - INFO - ------- Data Preprocessing for EQCCTPro -------
2026-03-20 02:18:19,996 - INFO - 1 station(s) in /home/blackwinter/projects/eqcct/eqcctpro/data/waveforms_earthquakes_nonoise/20250610T031642Z_20250610T031742Z
2026-03-20 02:18:19,998 - INFO - Using 1 selected station(s): ['TOF'].
2026-03-20 02:18:20,000 - INFO - Creating model actor(s)...
2026-03-20 02:18:20,002 - INFO - System RAM: Total=7870 MB, Available=2094 MB
2026-03-20 02:18:20,004 - INFO - Usable RAM budget: 7083 MB (90% of total)
2026-03-20 02:18:20,005 - INFO - ===== MEMORY-AWARE CPU ACTOR POOL (EQCCT) =====
2026-03-20 02:18:20,007 - INFO - Requested concurrent tasks: 1
2026-03-20 02:18:20,009 - INFO - Available CPUs: 4
2026-03-20 02:18:20,011 - INFO - Available RAM: 7083 MB
2026-03-20 02:18:20,013 - INFO - RAM per model: 2264 MB
2026-03-20 02:18:20,014 - INFO - Max actors by RAM: 3
2026-03-20 02:18:20,016 - INFO - Creating 1 ModelActor(s)
2026-03-20 02:18:20,018 - INFO - Let Ray handle scheduling (taskset already restricts CPU visibility)
2026-03-20 02:18:20,020 - INFO - Creating ModelActor 1/1 (2.21GB RAM each)...
2026-03-20 02:18:23,876 - INFO - ModelActor 1 created successfully.
2026-03-20 02:18:23,878 - INFO - Created 1 CPU actor(s). Task queue will handle concurrency.
2026-03-20 02:18:23,879 - INFO - Starting EQCCTPro parallelized waveform processing...
2026-03-20 02:18:23,881 - INFO - 
2026-03-20 02:18:23,883 - INFO - ------- Analyzing Seismic Waveforms for P and S Picks via EQCCT -------
2026-03-20 02:18:23,886 - INFO - Analyzing 0:01:00 minute timechunk from 2025-06-10 03:16:42 to 2025-06-10 03:17:42 (0 min overlap)
2026-03-20 02:18:23,887 - INFO - Processing a total of 1 stations, 1 at a time.
2026-03-20 02:18:28,080 - INFO - (1/1) TOF: Finished the prediction in 2.33s. (HP=1.0, LP=45.0)
2026-03-20 02:18:28,085 - INFO - 
2026-03-20 02:18:28,088 - INFO - ------- Parallel Station Waveform Processing Complete For 2025-06-10 03:16:42 to 2025-06-10 03:17:42 Timechunk-------
2026-03-20 02:18:28,090 - INFO - Picks saved at /home/blackwinter/projects/eqcct/eqcctpro/results/csv/eqcct_earthquakes_th0_1/20250610T031642Z_20250610T031742ZProcess Runtime: 4.21 s
2026-03-20 02:18:28,095 - INFO - Successfully ran EQCCTPro, exiting...
2026-03-20 02:18:29,623 - INFO - Ray Successfully Shutdown.
2026-03-20 02:18:29,624 - INFO - ------- Successfully Picked All Waveform(s) from all Timechunk(s) -------
