2026-03-27 18:57:15,186 - INFO - 
2026-03-27 18:57:15,186 - INFO - ------- Welcome to EQCCTPro -------
2026-03-27 18:57:15,186 - INFO - 
2026-03-27 18:57:15,187 - INFO - Running EQCCT over Requested MSeed Files using CPU(s)...
2026-03-27 18:57:15,187 - INFO - GPU disabled (CPU-only).
2026-03-27 18:57:15,187 - INFO - Skipping framework-specific initialization in the driver process.
2026-03-27 18:57:17,497 - INFO - Ray Successfully Initialized with 4 CPU(s) ([0, 1, 2, 3] CPU Affinity Binding).
2026-03-27 18:57:17,498 - INFO - Analyzing 1 time chunk(s) from 2025-06-03 10:08:04 to 2025-06-03 10:09:04 (dt=1min, overlap=0min).
2026-03-27 18:57:17,498 - INFO - Using 1 selected station(s).
2026-03-27 18:57:17,498 - INFO - 
2026-03-27 18:57:17,498 - INFO - ------- Starting EQCCTPro... -------
2026-03-27 18:57:17,498 - INFO - Detailed subprocess information can be found in the log file.
2026-03-27 18:57:17,498 - INFO - 
2026-03-27 18:57:17,789 - INFO - GPU disabled (CPU-only).
2026-03-27 18:57:17,794 - INFO - Skipping framework-specific initialization in the driver process.
2026-03-27 18:57:17,796 - INFO - ------- Hardware Configuration -------
2026-03-27 18:57:17,799 - INFO - CPU affinity set to cores: [0, 1, 2, 3]
2026-03-27 18:57:17,801 - INFO - 
2026-03-27 18:57:17,804 - INFO - ------- Data Preprocessing for EQCCTPro -------
2026-03-27 18:57:17,807 - INFO - 1 station(s) in /home/blackwinter/projects/eqcct/eqcctpro/data/waveforms_earthquakes_nonoise/20250603T100804Z_20250603T100904Z
2026-03-27 18:57:17,809 - INFO - Using 1 selected station(s): ['KUNI'].
2026-03-27 18:57:17,812 - INFO - Creating model actor(s)...
2026-03-27 18:57:17,814 - INFO - System RAM: Total=7870 MB, Available=6060 MB
2026-03-27 18:57:17,816 - INFO - Usable RAM budget: 7083 MB (90% of total)
2026-03-27 18:57:17,819 - INFO - ===== MEMORY-AWARE CPU ACTOR POOL =====
2026-03-27 18:57:17,822 - INFO - Requested concurrent tasks: 1
2026-03-27 18:57:17,824 - INFO - Available CPUs: 4
2026-03-27 18:57:17,827 - INFO - Available RAM: 7083 MB
2026-03-27 18:57:17,830 - INFO - RAM per model: 2060 MB
2026-03-27 18:57:17,833 - INFO - Max actors by RAM: 3
2026-03-27 18:57:17,835 - INFO - Creating 1 SeisBenchModelActor(s)
2026-03-27 18:57:17,839 - INFO - Let Ray handle scheduling (taskset already restricts CPU visibility)
2026-03-27 18:57:17,842 - INFO - Creating SeisBenchModelActor 1/1 (2.01GB RAM each)...
2026-03-27 18:57:20,699 - INFO - SeisBenchModelActor 1 created successfully.
2026-03-27 18:57:20,702 - INFO - Created 1 CPU actor(s). Task queue will handle concurrency.
2026-03-27 18:57:20,704 - INFO - Starting EQCCTPro parallelized waveform processing...
2026-03-27 18:57:20,706 - INFO - 
2026-03-27 18:57:20,709 - INFO - ------- Analyzing Seismic Waveforms for P and S Picks via SeisBench (EQTransformer - original_nonconservative) -------
2026-03-27 18:57:20,713 - INFO - Analyzing 0:01:00 minute timechunk from 2025-06-03 10:08:04 to 2025-06-03 10:09:04 (0 min overlap)
2026-03-27 18:57:20,715 - INFO - Processing a total of 1 stations, 1 at a time.
2026-03-27 18:57:22,887 - INFO - (1/1) KUNI: Finished the prediction in 0.14s. (HP=1.0, LP=45.0, picks=0)
2026-03-27 18:57:22,889 - INFO - 
2026-03-27 18:57:22,892 - INFO - ------- Parallel Station Waveform Processing Complete For 2025-06-03 10:08:04 to 2025-06-03 10:09:04 Timechunk-------
2026-03-27 18:57:22,895 - INFO - Picks saved at /home/blackwinter/projects/eqcct/eqcctpro/results/csv/eqt_earthquakes_th0_1/20250603T100804Z_20250603T100904ZProcess Runtime: 2.19 s
2026-03-27 18:57:22,901 - INFO - Successfully ran EQCCTPro, exiting...
2026-03-27 18:57:24,375 - INFO - Ray Successfully Shutdown.
2026-03-27 18:57:24,375 - INFO - ------- Successfully Picked All Waveform(s) from all Timechunk(s) -------
2026-03-28 01:24:42,926 - INFO - 
2026-03-28 01:24:42,927 - INFO - ------- Welcome to EQCCTPro -------
2026-03-28 01:24:42,927 - INFO - 
2026-03-28 01:24:42,928 - INFO - Running EQCCT over Requested MSeed Files using CPU(s)...
2026-03-28 01:24:42,928 - INFO - GPU disabled (CPU-only).
2026-03-28 01:24:42,928 - INFO - Skipping framework-specific initialization in the driver process.
2026-03-28 01:24:45,464 - INFO - Ray Successfully Initialized with 4 CPU(s) ([0, 1, 2, 3] CPU Affinity Binding).
2026-03-28 01:24:45,464 - INFO - Analyzing 1 time chunk(s) from 2025-06-03 10:08:04 to 2025-06-03 10:09:04 (dt=1min, overlap=0min).
2026-03-28 01:24:45,465 - INFO - Using 1 selected station(s).
2026-03-28 01:24:45,465 - INFO - 
2026-03-28 01:24:45,465 - INFO - ------- Starting EQCCTPro... -------
2026-03-28 01:24:45,465 - INFO - Detailed subprocess information can be found in the log file.
2026-03-28 01:24:45,465 - INFO - 
2026-03-28 01:24:45,781 - INFO - GPU disabled (CPU-only).
2026-03-28 01:24:45,785 - INFO - Skipping framework-specific initialization in the driver process.
2026-03-28 01:24:45,788 - INFO - ------- Hardware Configuration -------
2026-03-28 01:24:45,791 - INFO - CPU affinity set to cores: [0, 1, 2, 3]
2026-03-28 01:24:45,794 - INFO - 
2026-03-28 01:24:45,797 - INFO - ------- Data Preprocessing for EQCCTPro -------
2026-03-28 01:24:45,800 - INFO - 1 station(s) in /home/blackwinter/projects/eqcct/eqcctpro/data/waveforms_earthquakes_nonoise/20250603T100804Z_20250603T100904Z
2026-03-28 01:24:45,802 - INFO - Using 1 selected station(s): ['KUNI'].
2026-03-28 01:24:45,804 - INFO - Creating model actor(s)...
2026-03-28 01:24:45,807 - INFO - System RAM: Total=7870 MB, Available=5874 MB
2026-03-28 01:24:45,809 - INFO - Usable RAM budget: 7083 MB (90% of total)
2026-03-28 01:24:45,812 - INFO - ===== MEMORY-AWARE CPU ACTOR POOL =====
2026-03-28 01:24:45,814 - INFO - Requested concurrent tasks: 1
2026-03-28 01:24:45,817 - INFO - Available CPUs: 4
2026-03-28 01:24:45,819 - INFO - Available RAM: 7083 MB
2026-03-28 01:24:45,822 - INFO - RAM per model: 2060 MB
2026-03-28 01:24:45,825 - INFO - Max actors by RAM: 3
2026-03-28 01:24:45,828 - INFO - Creating 1 SeisBenchModelActor(s)
2026-03-28 01:24:45,830 - INFO - Let Ray handle scheduling (taskset already restricts CPU visibility)
2026-03-28 01:24:45,832 - INFO - Creating SeisBenchModelActor 1/1 (2.01GB RAM each)...
2026-03-28 01:24:49,076 - INFO - SeisBenchModelActor 1 created successfully.
2026-03-28 01:24:49,079 - INFO - Created 1 CPU actor(s). Task queue will handle concurrency.
2026-03-28 01:24:49,082 - INFO - Starting EQCCTPro parallelized waveform processing...
2026-03-28 01:24:49,084 - INFO - 
2026-03-28 01:24:49,086 - INFO - ------- Analyzing Seismic Waveforms for P and S Picks via SeisBench (EQTransformer - original_nonconservative) -------
2026-03-28 01:24:49,088 - INFO - Analyzing 0:01:00 minute timechunk from 2025-06-03 10:08:04 to 2025-06-03 10:09:04 (0 min overlap)
2026-03-28 01:24:49,090 - INFO - Processing a total of 1 stations, 1 at a time.
2026-03-28 01:24:51,151 - INFO - (1/1) KUNI: Skipped (already exists - overwrite=False).
2026-03-28 01:24:51,153 - INFO - 
2026-03-28 01:24:51,156 - INFO - ------- Parallel Station Waveform Processing Complete For 2025-06-03 10:08:04 to 2025-06-03 10:09:04 Timechunk-------
2026-03-28 01:24:51,159 - INFO - Picks saved at /home/blackwinter/projects/eqcct/eqcctpro/results/csv/eqt_earthquakes_th0_1/20250603T100804Z_20250603T100904ZProcess Runtime: 2.07 s
2026-03-28 01:24:51,163 - INFO - Successfully ran EQCCTPro, exiting...
2026-03-28 01:24:52,913 - INFO - Ray Successfully Shutdown.
2026-03-28 01:24:52,914 - INFO - ------- Successfully Picked All Waveform(s) from all Timechunk(s) -------
