2026-03-27 18:58:49,922 - INFO - 
2026-03-27 18:58:49,922 - INFO - ------- Welcome to EQCCTPro -------
2026-03-27 18:58:49,922 - INFO - 
2026-03-27 18:58:49,922 - INFO - Running EQCCT over Requested MSeed Files using CPU(s)...
2026-03-27 18:58:49,922 - INFO - GPU disabled (CPU-only).
2026-03-27 18:58:49,923 - INFO - Skipping framework-specific initialization in the driver process.
2026-03-27 18:58:52,270 - INFO - Ray Successfully Initialized with 4 CPU(s) ([0, 1, 2, 3] CPU Affinity Binding).
2026-03-27 18:58:52,270 - INFO - Analyzing 1 time chunk(s) from 2025-06-04 06:45:47 to 2025-06-04 06:46:47 (dt=1min, overlap=0min).
2026-03-27 18:58:52,270 - INFO - Using 1 selected station(s).
2026-03-27 18:58:52,270 - INFO - 
2026-03-27 18:58:52,271 - INFO - ------- Starting EQCCTPro... -------
2026-03-27 18:58:52,271 - INFO - Detailed subprocess information can be found in the log file.
2026-03-27 18:58:52,271 - INFO - 
2026-03-27 18:58:52,568 - INFO - GPU disabled (CPU-only).
2026-03-27 18:58:52,572 - INFO - Skipping framework-specific initialization in the driver process.
2026-03-27 18:58:52,575 - INFO - ------- Hardware Configuration -------
2026-03-27 18:58:52,577 - INFO - CPU affinity set to cores: [0, 1, 2, 3]
2026-03-27 18:58:52,580 - INFO - 
2026-03-27 18:58:52,582 - INFO - ------- Data Preprocessing for EQCCTPro -------
2026-03-27 18:58:52,584 - INFO - 1 station(s) in /home/blackwinter/projects/eqcct/eqcctpro/data/waveforms_earthquakes_nonoise/20250604T064547Z_20250604T064647Z
2026-03-27 18:58:52,586 - INFO - Using 1 selected station(s): ['HEF'].
2026-03-27 18:58:52,589 - INFO - Creating model actor(s)...
2026-03-27 18:58:52,591 - INFO - System RAM: Total=7870 MB, Available=6016 MB
2026-03-27 18:58:52,593 - INFO - Usable RAM budget: 7083 MB (90% of total)
2026-03-27 18:58:52,595 - INFO - ===== MEMORY-AWARE CPU ACTOR POOL =====
2026-03-27 18:58:52,597 - INFO - Requested concurrent tasks: 1
2026-03-27 18:58:52,600 - INFO - Available CPUs: 4
2026-03-27 18:58:52,602 - INFO - Available RAM: 7083 MB
2026-03-27 18:58:52,605 - INFO - RAM per model: 2060 MB
2026-03-27 18:58:52,607 - INFO - Max actors by RAM: 3
2026-03-27 18:58:52,609 - INFO - Creating 1 SeisBenchModelActor(s)
2026-03-27 18:58:52,612 - INFO - Let Ray handle scheduling (taskset already restricts CPU visibility)
2026-03-27 18:58:52,614 - INFO - Creating SeisBenchModelActor 1/1 (2.01GB RAM each)...
2026-03-27 18:58:55,693 - INFO - SeisBenchModelActor 1 created successfully.
2026-03-27 18:58:55,696 - INFO - Created 1 CPU actor(s). Task queue will handle concurrency.
2026-03-27 18:58:55,698 - INFO - Starting EQCCTPro parallelized waveform processing...
2026-03-27 18:58:55,700 - INFO - 
2026-03-27 18:58:55,703 - INFO - ------- Analyzing Seismic Waveforms for P and S Picks via SeisBench (EQTransformer - original_nonconservative) -------
2026-03-27 18:58:55,705 - INFO - Analyzing 0:01:00 minute timechunk from 2025-06-04 06:45:47 to 2025-06-04 06:46:47 (0 min overlap)
2026-03-27 18:58:55,707 - INFO - Processing a total of 1 stations, 1 at a time.
2026-03-27 18:58:58,073 - INFO - (1/1) HEF: Finished the prediction in 0.15s. (HP=1.0, LP=45.0, picks=0)
2026-03-27 18:58:58,078 - INFO - 
2026-03-27 18:58:58,081 - INFO - ------- Parallel Station Waveform Processing Complete For 2025-06-04 06:45:47 to 2025-06-04 06:46:47 Timechunk-------
2026-03-27 18:58:58,084 - INFO - Picks saved at /home/blackwinter/projects/eqcct/eqcctpro/results/csv/eqt_earthquakes_th0_1/20250604T064547Z_20250604T064647ZProcess Runtime: 2.38 s
2026-03-27 18:58:58,091 - INFO - Successfully ran EQCCTPro, exiting...
2026-03-27 18:58:59,730 - INFO - Ray Successfully Shutdown.
2026-03-27 18:58:59,730 - INFO - ------- Successfully Picked All Waveform(s) from all Timechunk(s) -------
2026-03-28 01:26:17,106 - INFO - 
2026-03-28 01:26:17,106 - INFO - ------- Welcome to EQCCTPro -------
2026-03-28 01:26:17,106 - INFO - 
2026-03-28 01:26:17,107 - INFO - Running EQCCT over Requested MSeed Files using CPU(s)...
2026-03-28 01:26:17,107 - INFO - GPU disabled (CPU-only).
2026-03-28 01:26:17,107 - INFO - Skipping framework-specific initialization in the driver process.
2026-03-28 01:26:19,510 - INFO - Ray Successfully Initialized with 4 CPU(s) ([0, 1, 2, 3] CPU Affinity Binding).
2026-03-28 01:26:19,511 - INFO - Analyzing 1 time chunk(s) from 2025-06-04 06:45:47 to 2025-06-04 06:46:47 (dt=1min, overlap=0min).
2026-03-28 01:26:19,511 - INFO - Using 1 selected station(s).
2026-03-28 01:26:19,511 - INFO - 
2026-03-28 01:26:19,511 - INFO - ------- Starting EQCCTPro... -------
2026-03-28 01:26:19,511 - INFO - Detailed subprocess information can be found in the log file.
2026-03-28 01:26:19,511 - INFO - 
2026-03-28 01:26:19,861 - INFO - GPU disabled (CPU-only).
2026-03-28 01:26:19,868 - INFO - Skipping framework-specific initialization in the driver process.
2026-03-28 01:26:19,872 - INFO - ------- Hardware Configuration -------
2026-03-28 01:26:19,876 - INFO - CPU affinity set to cores: [0, 1, 2, 3]
2026-03-28 01:26:19,879 - INFO - 
2026-03-28 01:26:19,883 - INFO - ------- Data Preprocessing for EQCCTPro -------
2026-03-28 01:26:19,886 - INFO - 1 station(s) in /home/blackwinter/projects/eqcct/eqcctpro/data/waveforms_earthquakes_nonoise/20250604T064547Z_20250604T064647Z
2026-03-28 01:26:19,894 - INFO - Using 1 selected station(s): ['HEF'].
2026-03-28 01:26:19,899 - INFO - Creating model actor(s)...
2026-03-28 01:26:19,903 - INFO - System RAM: Total=7870 MB, Available=5903 MB
2026-03-28 01:26:19,909 - INFO - Usable RAM budget: 7083 MB (90% of total)
2026-03-28 01:26:19,913 - INFO - ===== MEMORY-AWARE CPU ACTOR POOL =====
2026-03-28 01:26:19,918 - INFO - Requested concurrent tasks: 1
2026-03-28 01:26:19,923 - INFO - Available CPUs: 4
2026-03-28 01:26:19,928 - INFO - Available RAM: 7083 MB
2026-03-28 01:26:19,933 - INFO - RAM per model: 2060 MB
2026-03-28 01:26:19,937 - INFO - Max actors by RAM: 3
2026-03-28 01:26:19,941 - INFO - Creating 1 SeisBenchModelActor(s)
2026-03-28 01:26:19,944 - INFO - Let Ray handle scheduling (taskset already restricts CPU visibility)
2026-03-28 01:26:19,948 - INFO - Creating SeisBenchModelActor 1/1 (2.01GB RAM each)...
2026-03-28 01:26:22,822 - INFO - SeisBenchModelActor 1 created successfully.
2026-03-28 01:26:22,825 - INFO - Created 1 CPU actor(s). Task queue will handle concurrency.
2026-03-28 01:26:22,827 - INFO - Starting EQCCTPro parallelized waveform processing...
2026-03-28 01:26:22,829 - INFO - 
2026-03-28 01:26:22,831 - INFO - ------- Analyzing Seismic Waveforms for P and S Picks via SeisBench (EQTransformer - original_nonconservative) -------
2026-03-28 01:26:22,834 - INFO - Analyzing 0:01:00 minute timechunk from 2025-06-04 06:45:47 to 2025-06-04 06:46:47 (0 min overlap)
2026-03-28 01:26:22,836 - INFO - Processing a total of 1 stations, 1 at a time.
2026-03-28 01:26:24,896 - INFO - (1/1) HEF: Skipped (already exists - overwrite=False).
2026-03-28 01:26:24,898 - INFO - 
2026-03-28 01:26:24,900 - INFO - ------- Parallel Station Waveform Processing Complete For 2025-06-04 06:45:47 to 2025-06-04 06:46:47 Timechunk-------
2026-03-28 01:26:24,903 - INFO - Picks saved at /home/blackwinter/projects/eqcct/eqcctpro/results/csv/eqt_earthquakes_th0_1/20250604T064547Z_20250604T064647ZProcess Runtime: 2.07 s
2026-03-28 01:26:24,907 - INFO - Successfully ran EQCCTPro, exiting...
2026-03-28 01:26:26,287 - INFO - Ray Successfully Shutdown.
2026-03-28 01:26:26,288 - INFO - ------- Successfully Picked All Waveform(s) from all Timechunk(s) -------
