2026-03-28 21:37:56,853 - INFO - 
2026-03-28 21:37:56,853 - INFO - ------- Welcome to EQCCTPro -------
2026-03-28 21:37:56,853 - INFO - 
2026-03-28 21:37:56,854 - INFO - Running EQCCT over Requested MSeed Files using CPU(s)...
2026-03-28 21:37:56,854 - INFO - GPU disabled (CPU-only).
2026-03-28 22:19:22,950 - INFO - 
2026-03-28 22:19:22,950 - INFO - ------- Welcome to EQCCTPro -------
2026-03-28 22:19:22,950 - INFO - 
2026-03-28 22:19:22,951 - INFO - Running EQCCT over Requested MSeed Files using CPU(s)...
2026-03-28 22:19:22,951 - INFO - GPU disabled (CPU-only).
2026-03-28 22:19:22,952 - INFO - Configured Intra-op threads = 1
2026-03-28 22:19:22,952 - INFO - Configured Inter-op threads = 1
2026-03-28 22:19:22,952 - INFO - TensorFlow: No GPUs visible; TF will proceed on CPU.
2026-03-28 22:19:22,952 - INFO - 
2026-03-28 22:19:29,669 - INFO - Ray Successfully Initialized with 4 CPU(s) ([0, 1, 2, 3] CPU Affinity Binding).
2026-03-28 22:19:29,669 - INFO - Analyzing 1 time chunk(s) from 2025-01-03 13:43:38 to 2025-01-03 13:44:38 (dt=1min, overlap=0min).
2026-03-28 22:19:29,669 - INFO - Using 1 selected station(s).
2026-03-28 22:19:29,669 - INFO - 
2026-03-28 22:19:29,670 - INFO - ------- Starting EQCCTPro... -------
2026-03-28 22:19:29,670 - INFO - Detailed subprocess information can be found in the log file.
2026-03-28 22:19:29,670 - INFO - 
2026-03-28 22:19:30,149 - INFO - GPU disabled (CPU-only).
2026-03-28 22:19:32,016 - INFO - Configured Intra-op threads = 1
2026-03-28 22:19:32,018 - INFO - Configured Inter-op threads = 1
2026-03-28 22:19:32,071 - INFO - TensorFlow: No GPUs visible; TF will proceed on CPU.
2026-03-28 22:19:32,073 - INFO - 
2026-03-28 22:19:32,077 - INFO - ------- Hardware Configuration -------
2026-03-28 22:19:32,080 - INFO - CPU affinity set to cores: [0, 1, 2, 3]
2026-03-28 22:19:32,083 - INFO - 
2026-03-28 22:19:32,086 - INFO - ------- Data Preprocessing for EQCCTPro -------
2026-03-28 22:19:32,089 - INFO - 1 station(s) in /home/blackwinter/projects/eqcct/eqcctpro/data/waveforms_explosions_nonoise/20250103T134338Z_20250103T134438Z
2026-03-28 22:19:32,092 - INFO - Using 1 selected station(s): ['NUR'].
2026-03-28 22:19:32,095 - INFO - Creating model actor(s)...
2026-03-28 22:19:32,097 - INFO - System RAM: Total=7870 MB, Available=3836 MB
2026-03-28 22:19:32,101 - INFO - Usable RAM budget: 7083 MB (90% of total)
2026-03-28 22:19:32,103 - INFO - ===== MEMORY-AWARE CPU ACTOR POOL (EQCCT) =====
2026-03-28 22:19:32,106 - INFO - Requested concurrent tasks: 1
2026-03-28 22:19:32,109 - INFO - Available CPUs: 4
2026-03-28 22:19:32,111 - INFO - Available RAM: 7083 MB
2026-03-28 22:19:32,114 - INFO - RAM per model: 2264 MB
2026-03-28 22:19:32,117 - INFO - Max actors by RAM: 3
2026-03-28 22:19:32,121 - INFO - Creating 1 ModelActor(s)
2026-03-28 22:19:32,125 - INFO - Let Ray handle scheduling (taskset already restricts CPU visibility)
2026-03-28 22:19:32,127 - INFO - Creating ModelActor 1/1 (2.21GB RAM each)...
2026-03-28 22:19:37,324 - INFO - ModelActor 1 created successfully.
2026-03-28 22:19:37,328 - INFO - Created 1 CPU actor(s). Task queue will handle concurrency.
2026-03-28 22:19:37,332 - INFO - Starting EQCCTPro parallelized waveform processing...
2026-03-28 22:19:37,335 - INFO - 
2026-03-28 22:19:37,338 - INFO - ------- Analyzing Seismic Waveforms for P and S Picks via EQCCT -------
2026-03-28 22:19:37,341 - INFO - Analyzing 0:01:00 minute timechunk from 2025-01-03 13:43:38 to 2025-01-03 13:44:38 (0 min overlap)
2026-03-28 22:19:37,344 - INFO - Processing a total of 1 stations, 1 at a time.
2026-03-28 22:19:42,424 - INFO - (1/1) NUR: Finished the prediction in 2.83s. (HP=1.0, LP=45.0)
2026-03-28 22:19:42,427 - INFO - 
2026-03-28 22:19:42,430 - INFO - ------- Parallel Station Waveform Processing Complete For 2025-01-03 13:43:38 to 2025-01-03 13:44:38 Timechunk-------
2026-03-28 22:19:42,439 - INFO - Successfully ran EQCCTPro, exiting...
2026-03-28 22:19:42,433 - INFO - Picks saved at /home/blackwinter/projects/eqcct/eqcctpro/results/csv/eqcct_explosions_th0_1/20250103T134338Z_20250103T134438ZProcess Runtime: 5.10 s
2026-03-28 22:19:44,084 - INFO - Ray Successfully Shutdown.
2026-03-28 22:19:44,084 - INFO - ------- Successfully Picked All Waveform(s) from all Timechunk(s) -------
