2026-03-28 21:37:56,547 - INFO - 
2026-03-28 21:37:56,547 - INFO - ------- Welcome to EQCCTPro -------
2026-03-28 21:37:56,547 - INFO - 
2026-03-28 21:37:56,548 - INFO - Running EQCCT over Requested MSeed Files using CPU(s)...
2026-03-28 21:37:56,548 - INFO - GPU disabled (CPU-only).
2026-03-28 21:38:46,664 - INFO - 
2026-03-28 21:38:46,665 - INFO - ------- Welcome to EQCCTPro -------
2026-03-28 21:38:46,665 - INFO - 
2026-03-28 21:38:46,666 - INFO - Running EQCCT over Requested MSeed Files using CPU(s)...
2026-03-28 21:38:46,670 - INFO - GPU disabled (CPU-only).
2026-03-28 21:38:51,771 - INFO - Configured Intra-op threads = 1
2026-03-28 21:38:51,772 - INFO - Configured Inter-op threads = 1
2026-03-28 21:38:52,452 - INFO - TensorFlow: No GPUs visible; TF will proceed on CPU.
2026-03-28 21:38:52,453 - INFO - 
2026-03-28 21:39:01,272 - INFO - Ray Successfully Initialized with 4 CPU(s) ([0, 1, 2, 3] CPU Affinity Binding).
2026-03-28 21:39:01,273 - INFO - Analyzing 1 time chunk(s) from 2025-01-02 09:17:10 to 2025-01-02 09:18:10 (dt=1min, overlap=0min).
2026-03-28 21:39:01,273 - INFO - Using 1 selected station(s).
2026-03-28 21:39:01,273 - INFO - 
2026-03-28 21:39:01,275 - INFO - ------- Starting EQCCTPro... -------
2026-03-28 21:39:01,275 - INFO - Detailed subprocess information can be found in the log file.
2026-03-28 21:39:01,275 - INFO - 
2026-03-28 21:39:01,853 - INFO - GPU disabled (CPU-only).
2026-03-28 21:39:04,335 - INFO - Configured Intra-op threads = 1
2026-03-28 21:39:04,338 - INFO - Configured Inter-op threads = 1
2026-03-28 21:39:04,413 - INFO - TensorFlow: No GPUs visible; TF will proceed on CPU.
2026-03-28 21:39:04,416 - INFO - 
2026-03-28 21:39:04,420 - INFO - ------- Hardware Configuration -------
2026-03-28 21:39:04,424 - INFO - CPU affinity set to cores: [0, 1, 2, 3]
2026-03-28 21:39:04,428 - INFO - 
2026-03-28 21:39:04,431 - INFO - ------- Data Preprocessing for EQCCTPro -------
2026-03-28 21:39:04,434 - INFO - 1 station(s) in /home/blackwinter/projects/eqcct/eqcctpro/data/waveforms_explosions_nonoise/20250102T091710Z_20250102T091810Z
2026-03-28 21:39:04,437 - INFO - Using 1 selected station(s): ['LOVF'].
2026-03-28 21:39:04,440 - INFO - Creating model actor(s)...
2026-03-28 21:39:04,443 - INFO - System RAM: Total=7870 MB, Available=3990 MB
2026-03-28 21:39:04,446 - INFO - Usable RAM budget: 7083 MB (90% of total)
2026-03-28 21:39:04,449 - INFO - ===== MEMORY-AWARE CPU ACTOR POOL (EQCCT) =====
2026-03-28 21:39:04,452 - INFO - Requested concurrent tasks: 1
2026-03-28 21:39:04,456 - INFO - Available CPUs: 4
2026-03-28 21:39:04,460 - INFO - Available RAM: 7083 MB
2026-03-28 21:39:04,464 - INFO - RAM per model: 2264 MB
2026-03-28 21:39:04,467 - INFO - Max actors by RAM: 3
2026-03-28 21:39:04,470 - INFO - Creating 1 ModelActor(s)
2026-03-28 21:39:04,473 - INFO - Let Ray handle scheduling (taskset already restricts CPU visibility)
2026-03-28 21:39:04,477 - INFO - Creating ModelActor 1/1 (2.21GB RAM each)...
2026-03-28 21:39:11,007 - INFO - ModelActor 1 created successfully.
2026-03-28 21:39:11,010 - INFO - Created 1 CPU actor(s). Task queue will handle concurrency.
2026-03-28 21:39:11,013 - INFO - Starting EQCCTPro parallelized waveform processing...
2026-03-28 21:39:11,016 - INFO - 
2026-03-28 21:39:11,019 - INFO - ------- Analyzing Seismic Waveforms for P and S Picks via EQCCT -------
2026-03-28 21:39:11,022 - INFO - Analyzing 0:01:00 minute timechunk from 2025-01-02 09:17:10 to 2025-01-02 09:18:10 (0 min overlap)
2026-03-28 21:39:11,025 - INFO - Processing a total of 1 stations, 1 at a time.
2026-03-28 21:39:19,776 - INFO - (1/1) LOVF: Finished the prediction in 4.54s. (HP=1.0, LP=45.0)
2026-03-28 21:39:19,780 - INFO - 
2026-03-28 21:39:19,783 - INFO - ------- Parallel Station Waveform Processing Complete For 2025-01-02 09:17:10 to 2025-01-02 09:18:10 Timechunk-------
2026-03-28 21:39:19,788 - INFO - Picks saved at /home/blackwinter/projects/eqcct/eqcctpro/results/csv/eqcct_explosions_th0_1/20250102T091710Z_20250102T091810ZProcess Runtime: 8.77 s
2026-03-28 21:39:19,794 - INFO - Successfully ran EQCCTPro, exiting...
2026-03-28 21:39:21,372 - INFO - Ray Successfully Shutdown.
2026-03-28 21:39:21,372 - INFO - ------- Successfully Picked All Waveform(s) from all Timechunk(s) -------
