2026-03-28 12:34:56,596 - INFO - 
2026-03-28 12:34:56,596 - INFO - ------- Welcome to EQCCTPro -------
2026-03-28 12:34:56,596 - INFO - 
2026-03-28 12:34:56,596 - INFO - Running EQCCT over Requested MSeed Files using CPU(s)...
2026-03-28 12:34:56,597 - INFO - GPU disabled (CPU-only).
2026-03-28 12:34:56,597 - INFO - Skipping framework-specific initialization in the driver process.
2026-03-28 12:34:58,174 - INFO - Ray Successfully Initialized with 4 CPU(s) ([0, 1, 2, 3] CPU Affinity Binding).
2026-03-28 12:34:58,175 - INFO - Analyzing 1 time chunk(s) from 2025-01-10 09:16:46 to 2025-01-10 09:17:46 (dt=1min, overlap=0min).
2026-03-28 12:34:58,175 - INFO - Using 1 selected station(s).
2026-03-28 12:34:58,175 - INFO - 
2026-03-28 12:34:58,175 - INFO - ------- Starting EQCCTPro... -------
2026-03-28 12:34:58,176 - INFO - Detailed subprocess information can be found in the log file.
2026-03-28 12:34:58,176 - INFO - 
2026-03-28 12:34:58,451 - INFO - GPU disabled (CPU-only).
2026-03-28 12:34:58,456 - INFO - Skipping framework-specific initialization in the driver process.
2026-03-28 12:34:58,458 - INFO - ------- Hardware Configuration -------
2026-03-28 12:34:58,460 - INFO - CPU affinity set to cores: [0, 1, 2, 3]
2026-03-28 12:34:58,462 - INFO - 
2026-03-28 12:34:58,464 - INFO - ------- Data Preprocessing for EQCCTPro -------
2026-03-28 12:34:58,466 - INFO - 1 station(s) in /home/blackwinter/projects/eqcct/eqcctpro/data/waveforms_noise_only/20250110T091646Z_20250110T091746Z
2026-03-28 12:34:58,468 - INFO - Using 1 selected station(s): ['RAF'].
2026-03-28 12:34:58,470 - INFO - Creating model actor(s)...
2026-03-28 12:34:58,472 - INFO - System RAM: Total=7870 MB, Available=4403 MB
2026-03-28 12:34:58,474 - INFO - Usable RAM budget: 7083 MB (90% of total)
2026-03-28 12:34:58,476 - INFO - ===== MEMORY-AWARE CPU ACTOR POOL =====
2026-03-28 12:34:58,479 - INFO - Requested concurrent tasks: 1
2026-03-28 12:34:58,481 - INFO - Available CPUs: 4
2026-03-28 12:34:58,483 - INFO - Available RAM: 7083 MB
2026-03-28 12:34:58,486 - INFO - RAM per model: 2060 MB
2026-03-28 12:34:58,489 - INFO - Max actors by RAM: 3
2026-03-28 12:34:58,492 - INFO - Creating 1 SeisBenchModelActor(s)
2026-03-28 12:34:58,494 - INFO - Let Ray handle scheduling (taskset already restricts CPU visibility)
2026-03-28 12:34:58,498 - INFO - Creating SeisBenchModelActor 1/1 (2.01GB RAM each)...
2026-03-28 12:35:01,369 - INFO - SeisBenchModelActor 1 created successfully.
2026-03-28 12:35:01,372 - INFO - Created 1 CPU actor(s). Task queue will handle concurrency.
2026-03-28 12:35:01,375 - INFO - Starting EQCCTPro parallelized waveform processing...
2026-03-28 12:35:01,377 - INFO - 
2026-03-28 12:35:01,380 - INFO - ------- Analyzing Seismic Waveforms for P and S Picks via SeisBench (EQTransformer - original_nonconservative) -------
2026-03-28 12:35:01,384 - INFO - Analyzing 0:01:00 minute timechunk from 2025-01-10 09:16:46 to 2025-01-10 09:17:46 (0 min overlap)
2026-03-28 12:35:01,388 - INFO - Processing a total of 1 stations, 1 at a time.
2026-03-28 12:35:03,621 - INFO - (1/1) RAF: Finished the prediction in 0.13s. (HP=1.0, LP=45.0, picks=0)
2026-03-28 12:35:03,623 - INFO - 
2026-03-28 12:35:03,626 - INFO - ------- Parallel Station Waveform Processing Complete For 2025-01-10 09:16:46 to 2025-01-10 09:17:46 Timechunk-------
2026-03-28 12:35:03,628 - INFO - Picks saved at /home/blackwinter/projects/eqcct/eqcctpro/results/csv/eqt_noise_th0_1/20250110T091646Z_20250110T091746ZProcess Runtime: 2.25 s
2026-03-28 12:35:03,633 - INFO - Successfully ran EQCCTPro, exiting...
2026-03-28 12:35:05,322 - INFO - Ray Successfully Shutdown.
2026-03-28 12:35:05,323 - INFO - ------- Successfully Picked All Waveform(s) from all Timechunk(s) -------
