2026-03-28 18:24:11,078 - INFO - 
2026-03-28 18:24:11,078 - INFO - ------- Welcome to EQCCTPro -------
2026-03-28 18:24:11,078 - INFO - 
2026-03-28 18:24:11,079 - INFO - Running EQCCT over Requested MSeed Files using CPU(s)...
2026-03-28 18:24:11,079 - INFO - GPU disabled (CPU-only).
2026-03-28 18:24:11,079 - INFO - Skipping framework-specific initialization in the driver process.
2026-03-28 18:24:13,737 - INFO - Ray Successfully Initialized with 4 CPU(s) ([0, 1, 2, 3] CPU Affinity Binding).
2026-03-28 18:24:13,738 - INFO - Analyzing 1 time chunk(s) from 2025-01-15 13:46:19 to 2025-01-15 13:47:19 (dt=1min, overlap=0min).
2026-03-28 18:24:13,738 - INFO - Using 2 selected station(s).
2026-03-28 18:24:13,738 - INFO - 
2026-03-28 18:24:13,738 - INFO - ------- Starting EQCCTPro... -------
2026-03-28 18:24:13,738 - INFO - Detailed subprocess information can be found in the log file.
2026-03-28 18:24:13,738 - INFO - 
2026-03-28 18:24:14,036 - INFO - GPU disabled (CPU-only).
2026-03-28 18:24:14,042 - INFO - Skipping framework-specific initialization in the driver process.
2026-03-28 18:24:14,045 - INFO - ------- Hardware Configuration -------
2026-03-28 18:24:14,048 - INFO - CPU affinity set to cores: [0, 1, 2, 3]
2026-03-28 18:24:14,051 - INFO - 
2026-03-28 18:24:14,054 - INFO - ------- Data Preprocessing for EQCCTPro -------
2026-03-28 18:24:14,058 - INFO - 2 station(s) in /home/blackwinter/projects/eqcct/eqcctpro/data/waveforms_explosions_nonoise/20250115T134619Z_20250115T134719Z
2026-03-28 18:24:14,061 - INFO - Using 2 selected station(s): ['NUR', 'VUOS'].
2026-03-28 18:24:14,064 - INFO - Creating model actor(s)...
2026-03-28 18:24:14,067 - INFO - System RAM: Total=7870 MB, Available=4191 MB
2026-03-28 18:24:14,070 - INFO - Usable RAM budget: 7083 MB (90% of total)
2026-03-28 18:24:14,073 - INFO - ===== MEMORY-AWARE CPU ACTOR POOL =====
2026-03-28 18:24:14,076 - INFO - Requested concurrent tasks: 1
2026-03-28 18:24:14,079 - INFO - Available CPUs: 4
2026-03-28 18:24:14,083 - INFO - Available RAM: 7083 MB
2026-03-28 18:24:14,085 - INFO - RAM per model: 2060 MB
2026-03-28 18:24:14,089 - INFO - Max actors by RAM: 3
2026-03-28 18:24:14,091 - INFO - Creating 1 SeisBenchModelActor(s)
2026-03-28 18:24:14,095 - INFO - Let Ray handle scheduling (taskset already restricts CPU visibility)
2026-03-28 18:24:14,098 - INFO - Creating SeisBenchModelActor 1/1 (2.01GB RAM each)...
2026-03-28 18:24:17,505 - INFO - SeisBenchModelActor 1 created successfully.
2026-03-28 18:24:17,508 - INFO - Created 1 CPU actor(s). Task queue will handle concurrency.
2026-03-28 18:24:17,511 - INFO - Starting EQCCTPro parallelized waveform processing...
2026-03-28 18:24:17,514 - INFO - 
2026-03-28 18:24:17,517 - INFO - ------- Analyzing Seismic Waveforms for P and S Picks via SeisBench (EQTransformer - original_nonconservative) -------
2026-03-28 18:24:17,520 - INFO - Analyzing 0:01:00 minute timechunk from 2025-01-15 13:46:19 to 2025-01-15 13:47:19 (0 min overlap)
2026-03-28 18:24:17,524 - INFO - Processing a total of 2 stations, 1 at a time.
2026-03-28 18:24:19,897 - INFO - (1/2) NUR: Finished the prediction in 0.15s. (HP=1.0, LP=45.0, picks=2)
2026-03-28 18:24:19,981 - INFO - (2/2) VUOS: Finished the prediction in 0.08s. (HP=1.0, LP=45.0, picks=2)
2026-03-28 18:24:19,983 - INFO - 
2026-03-28 18:24:19,986 - INFO - ------- Parallel Station Waveform Processing Complete For 2025-01-15 13:46:19 to 2025-01-15 13:47:19 Timechunk-------
2026-03-28 18:24:19,990 - INFO - Picks saved at /home/blackwinter/projects/eqcct/eqcctpro/results/csv/eqt_explosions_th0_1/20250115T134619Z_20250115T134719ZProcess Runtime: 2.47 s
2026-03-28 18:24:19,999 - INFO - Successfully ran EQCCTPro, exiting...
2026-03-28 18:24:21,655 - INFO - Ray Successfully Shutdown.
2026-03-28 18:24:21,655 - INFO - ------- Successfully Picked All Waveform(s) from all Timechunk(s) -------
