2026-03-28 10:07:17,420 - INFO - 
2026-03-28 10:07:17,420 - INFO - ------- Welcome to EQCCTPro -------
2026-03-28 10:07:17,420 - INFO - 
2026-03-28 10:07:17,421 - INFO - Running EQCCT over Requested MSeed Files using CPU(s)...
2026-03-28 10:07:17,421 - INFO - GPU disabled (CPU-only).
2026-03-28 10:07:17,421 - INFO - Skipping framework-specific initialization in the driver process.
2026-03-28 10:07:18,838 - INFO - Ray Successfully Initialized with 4 CPU(s) ([0, 1, 2, 3] CPU Affinity Binding).
2026-03-28 10:07:18,838 - INFO - Analyzing 1 time chunk(s) from 2025-01-04 15:27:22 to 2025-01-04 15:28:22 (dt=1min, overlap=0min).
2026-03-28 10:07:18,838 - INFO - Using 1 selected station(s).
2026-03-28 10:07:18,838 - INFO - 
2026-03-28 10:07:18,838 - INFO - ------- Starting EQCCTPro... -------
2026-03-28 10:07:18,839 - INFO - Detailed subprocess information can be found in the log file.
2026-03-28 10:07:18,839 - INFO - 
2026-03-28 10:07:19,130 - INFO - GPU disabled (CPU-only).
2026-03-28 10:07:19,135 - INFO - Skipping framework-specific initialization in the driver process.
2026-03-28 10:07:19,137 - INFO - ------- Hardware Configuration -------
2026-03-28 10:07:19,139 - INFO - CPU affinity set to cores: [0, 1, 2, 3]
2026-03-28 10:07:19,141 - INFO - 
2026-03-28 10:07:19,143 - INFO - ------- Data Preprocessing for EQCCTPro -------
2026-03-28 10:07:19,145 - INFO - 1 station(s) in /home/blackwinter/projects/eqcct/eqcctpro/data/waveforms_noise_only/20250104T152722Z_20250104T152822Z
2026-03-28 10:07:19,147 - INFO - Using 1 selected station(s): ['OUL'].
2026-03-28 10:07:19,149 - INFO - Creating model actor(s)...
2026-03-28 10:07:19,151 - INFO - System RAM: Total=7870 MB, Available=4761 MB
2026-03-28 10:07:19,152 - INFO - Usable RAM budget: 7083 MB (90% of total)
2026-03-28 10:07:19,155 - INFO - ===== MEMORY-AWARE CPU ACTOR POOL =====
2026-03-28 10:07:19,157 - INFO - Requested concurrent tasks: 1
2026-03-28 10:07:19,160 - INFO - Available CPUs: 4
2026-03-28 10:07:19,162 - INFO - Available RAM: 7083 MB
2026-03-28 10:07:19,165 - INFO - RAM per model: 2060 MB
2026-03-28 10:07:19,168 - INFO - Max actors by RAM: 3
2026-03-28 10:07:19,172 - INFO - Creating 1 SeisBenchModelActor(s)
2026-03-28 10:07:19,175 - INFO - Let Ray handle scheduling (taskset already restricts CPU visibility)
2026-03-28 10:07:19,178 - INFO - Creating SeisBenchModelActor 1/1 (2.01GB RAM each)...
2026-03-28 10:07:22,250 - INFO - SeisBenchModelActor 1 created successfully.
2026-03-28 10:07:22,253 - INFO - Created 1 CPU actor(s). Task queue will handle concurrency.
2026-03-28 10:07:22,255 - INFO - Starting EQCCTPro parallelized waveform processing...
2026-03-28 10:07:22,258 - INFO - 
2026-03-28 10:07:22,261 - INFO - ------- Analyzing Seismic Waveforms for P and S Picks via SeisBench (EQTransformer - original_nonconservative) -------
2026-03-28 10:07:22,263 - INFO - Analyzing 0:01:00 minute timechunk from 2025-01-04 15:27:22 to 2025-01-04 15:28:22 (0 min overlap)
2026-03-28 10:07:22,266 - INFO - Processing a total of 1 stations, 1 at a time.
2026-03-28 10:07:24,401 - INFO - (1/1) OUL: FAILED reading mSEED: Selected corner frequency is above Nyquist.
2026-03-28 10:07:24,403 - INFO - 
2026-03-28 10:07:24,406 - INFO - ------- Parallel Station Waveform Processing Complete For 2025-01-04 15:27:22 to 2025-01-04 15:28:22 Timechunk-------
2026-03-28 10:07:24,409 - INFO - Picks saved at /home/blackwinter/projects/eqcct/eqcctpro/results/csv/eqt_noise_th0_1/20250104T152722Z_20250104T152822ZProcess Runtime: 2.15 s
2026-03-28 10:07:24,413 - INFO - Successfully ran EQCCTPro, exiting...
2026-03-28 10:07:25,912 - INFO - Ray Successfully Shutdown.
2026-03-28 10:07:25,912 - INFO - ------- Successfully Picked All Waveform(s) from all Timechunk(s) -------
