2026-02-23 23:10:08,757 - INFO - 
2026-02-23 23:10:08,758 - INFO - ------- Welcome to EQCCTPro -------
2026-02-23 23:10:08,758 - INFO - 
2026-02-23 23:10:08,758 - INFO - Running EQCCT over Requested MSeed Files using CPU(s)...
2026-02-23 23:10:08,759 - INFO - GPU disabled (CPU-only).
2026-02-23 23:10:08,759 - INFO - Configured Intra-op threads = 1
2026-02-23 23:10:08,759 - INFO - Configured Inter-op threads = 1
2026-02-23 23:10:08,759 - INFO - TensorFlow: No GPUs visible; TF will proceed on CPU.
2026-02-23 23:10:08,759 - INFO - 
2026-02-23 23:10:14,535 - INFO - Ray Successfully Initialized with 4 CPU(s) ([0, 1, 2, 3] CPU Affinity Binding).
2026-02-23 23:10:14,536 - INFO - Analyzing 1 time chunk(s) from 2025-04-27 04:22:59 to 2025-04-27 04:23:59 (dt=1min, overlap=0min).
2026-02-23 23:10:14,536 - INFO - Using 1 selected station(s).
2026-02-23 23:10:14,536 - INFO - 
2026-02-23 23:10:14,536 - INFO - ------- Starting EQCCTPro... -------
2026-02-23 23:10:14,536 - INFO - Detailed subprocess information can be found in the log file.
2026-02-23 23:10:14,536 - INFO - 
2026-02-23 23:10:14,935 - INFO - GPU disabled (CPU-only).
2026-02-23 23:10:16,561 - INFO - Configured Intra-op threads = 1
2026-02-23 23:10:16,564 - INFO - Configured Inter-op threads = 1
2026-02-23 23:10:16,602 - INFO - TensorFlow: No GPUs visible; TF will proceed on CPU.
2026-02-23 23:10:16,604 - INFO - 
2026-02-23 23:10:16,607 - INFO - ------- Hardware Configuration -------
2026-02-23 23:10:16,609 - INFO - CPU affinity set to cores: [0, 1, 2, 3]
2026-02-23 23:10:16,611 - INFO - 
2026-02-23 23:10:16,614 - INFO - ------- Data Preprocessing for EQCCTPro -------
2026-02-23 23:10:16,615 - INFO - 1 station(s) in /home/blackwinter/projects/eqcct/eqcctpro/data/waveforms_earthquakes_noise_only/20250427T042259Z_20250427T042359Z
2026-02-23 23:10:16,617 - INFO - Using 1 selected station(s): ['VAF'].
2026-02-23 23:10:16,619 - INFO - Creating model actor(s)...
2026-02-23 23:10:16,621 - INFO - System RAM: Total=7870 MB, Available=2787 MB
2026-02-23 23:10:16,623 - INFO - Usable RAM budget: 7083 MB (90% of total)
2026-02-23 23:10:16,625 - INFO - ===== MEMORY-AWARE CPU ACTOR POOL (EQCCT) =====
2026-02-23 23:10:16,627 - INFO - Requested concurrent tasks: 1
2026-02-23 23:10:16,628 - INFO - Available CPUs: 4
2026-02-23 23:10:16,630 - INFO - Available RAM: 7083 MB
2026-02-23 23:10:16,632 - INFO - RAM per model: 2264 MB
2026-02-23 23:10:16,634 - INFO - Max actors by RAM: 3
2026-02-23 23:10:16,636 - INFO - Creating 1 ModelActor(s)
2026-02-23 23:10:16,639 - INFO - Let Ray handle scheduling (taskset already restricts CPU visibility)
2026-02-23 23:10:16,641 - INFO - Creating ModelActor 1/1 (2.21GB RAM each)...
2026-02-23 23:10:20,695 - INFO - ModelActor 1 created successfully.
2026-02-23 23:10:20,697 - INFO - Created 1 CPU actor(s). Task queue will handle concurrency.
2026-02-23 23:10:20,700 - INFO - Starting EQCCTPro parallelized waveform processing...
2026-02-23 23:10:20,702 - INFO - 
2026-02-23 23:10:20,703 - INFO - ------- Analyzing Seismic Waveforms for P and S Picks via EQCCT -------
2026-02-23 23:10:20,705 - INFO - Analyzing 0:01:00 minute timechunk from 2025-04-27 04:22:59 to 2025-04-27 04:23:59 (0 min overlap)
2026-02-23 23:10:20,707 - INFO - Processing a total of 1 stations, 1 at a time.
2026-02-23 23:10:24,858 - INFO - (1/1) VAF: Finished the prediction in 2.2s. (HP=1.0, LP=45.0)
2026-02-23 23:10:24,860 - INFO - 
2026-02-23 23:10:24,862 - INFO - ------- Parallel Station Waveform Processing Complete For 2025-04-27 04:22:59 to 2025-04-27 04:23:59 Timechunk-------
2026-02-23 23:10:24,867 - INFO - Successfully ran EQCCTPro, exiting...
2026-02-23 23:10:24,864 - INFO - Picks saved at /home/blackwinter/projects/eqcct/eqcctpro/results/csv/bm_eq_noise_only/20250427T042259Z_20250427T042359ZProcess Runtime: 4.16 s
2026-02-23 23:10:26,515 - INFO - Ray Successfully Shutdown.
2026-02-23 23:10:26,515 - INFO - ------- Successfully Picked All Waveform(s) from all Timechunk(s) -------
