2026-03-28 12:57:03,514 - INFO - 
2026-03-28 12:57:03,514 - INFO - ------- Welcome to EQCCTPro -------
2026-03-28 12:57:03,514 - INFO - 
2026-03-28 12:57:03,515 - INFO - Running EQCCT over Requested MSeed Files using CPU(s)...
2026-03-28 12:57:03,515 - INFO - GPU disabled (CPU-only).
2026-03-28 12:57:03,515 - INFO - Skipping framework-specific initialization in the driver process.
2026-03-28 12:57:05,089 - INFO - Ray Successfully Initialized with 4 CPU(s) ([0, 1, 2, 3] CPU Affinity Binding).
2026-03-28 12:57:05,089 - INFO - Analyzing 1 time chunk(s) from 2025-01-11 02:37:36 to 2025-01-11 02:38:36 (dt=1min, overlap=0min).
2026-03-28 12:57:05,089 - INFO - Using 1 selected station(s).
2026-03-28 12:57:05,089 - INFO - 
2026-03-28 12:57:05,090 - INFO - ------- Starting EQCCTPro... -------
2026-03-28 12:57:05,090 - INFO - Detailed subprocess information can be found in the log file.
2026-03-28 12:57:05,090 - INFO - 
2026-03-28 12:57:05,447 - INFO - GPU disabled (CPU-only).
2026-03-28 12:57:05,453 - INFO - Skipping framework-specific initialization in the driver process.
2026-03-28 12:57:05,457 - INFO - ------- Hardware Configuration -------
2026-03-28 12:57:05,460 - INFO - CPU affinity set to cores: [0, 1, 2, 3]
2026-03-28 12:57:05,463 - INFO - 
2026-03-28 12:57:05,466 - INFO - ------- Data Preprocessing for EQCCTPro -------
2026-03-28 12:57:05,468 - INFO - 1 station(s) in /home/blackwinter/projects/eqcct/eqcctpro/data/waveforms_noise_only/20250111T023736Z_20250111T023836Z
2026-03-28 12:57:05,470 - INFO - Using 1 selected station(s): ['KEF'].
2026-03-28 12:57:05,472 - INFO - Creating model actor(s)...
2026-03-28 12:57:05,475 - INFO - System RAM: Total=7870 MB, Available=4388 MB
2026-03-28 12:57:05,477 - INFO - Usable RAM budget: 7083 MB (90% of total)
2026-03-28 12:57:05,480 - INFO - ===== MEMORY-AWARE CPU ACTOR POOL =====
2026-03-28 12:57:05,482 - INFO - Requested concurrent tasks: 1
2026-03-28 12:57:05,485 - INFO - Available CPUs: 4
2026-03-28 12:57:05,487 - INFO - Available RAM: 7083 MB
2026-03-28 12:57:05,489 - INFO - RAM per model: 2060 MB
2026-03-28 12:57:05,492 - INFO - Max actors by RAM: 3
2026-03-28 12:57:05,494 - INFO - Creating 1 SeisBenchModelActor(s)
2026-03-28 12:57:05,497 - INFO - Let Ray handle scheduling (taskset already restricts CPU visibility)
2026-03-28 12:57:05,500 - INFO - Creating SeisBenchModelActor 1/1 (2.01GB RAM each)...
2026-03-28 12:57:08,567 - INFO - SeisBenchModelActor 1 created successfully.
2026-03-28 12:57:08,569 - INFO - Created 1 CPU actor(s). Task queue will handle concurrency.
2026-03-28 12:57:08,572 - INFO - Starting EQCCTPro parallelized waveform processing...
2026-03-28 12:57:08,575 - INFO - 
2026-03-28 12:57:08,577 - INFO - ------- Analyzing Seismic Waveforms for P and S Picks via SeisBench (EQTransformer - original_nonconservative) -------
2026-03-28 12:57:08,581 - INFO - Analyzing 0:01:00 minute timechunk from 2025-01-11 02:37:36 to 2025-01-11 02:38:36 (0 min overlap)
2026-03-28 12:57:08,583 - INFO - Processing a total of 1 stations, 1 at a time.
2026-03-28 12:57:10,943 - INFO - (1/1) KEF: Finished the prediction in 0.14s. (HP=1.0, LP=45.0, picks=0)
2026-03-28 12:57:10,945 - INFO - 
2026-03-28 12:57:10,948 - INFO - ------- Parallel Station Waveform Processing Complete For 2025-01-11 02:37:36 to 2025-01-11 02:38:36 Timechunk-------
2026-03-28 12:57:10,951 - INFO - Picks saved at /home/blackwinter/projects/eqcct/eqcctpro/results/csv/eqt_noise_th0_1/20250111T023736Z_20250111T023836ZProcess Runtime: 2.37 s
2026-03-28 12:57:10,958 - INFO - Successfully ran EQCCTPro, exiting...
2026-03-28 12:57:12,833 - INFO - Ray Successfully Shutdown.
2026-03-28 12:57:12,834 - INFO - ------- Successfully Picked All Waveform(s) from all Timechunk(s) -------
