2026-03-27 19:47:11,776 - INFO - 
2026-03-27 19:47:11,776 - INFO - ------- Welcome to EQCCTPro -------
2026-03-27 19:47:11,776 - INFO - 
2026-03-27 19:47:11,776 - INFO - Running EQCCT over Requested MSeed Files using CPU(s)...
2026-03-27 19:47:11,776 - INFO - GPU disabled (CPU-only).
2026-03-27 19:47:11,776 - INFO - Skipping framework-specific initialization in the driver process.
2026-03-27 19:47:14,021 - INFO - Ray Successfully Initialized with 4 CPU(s) ([0, 1, 2, 3] CPU Affinity Binding).
2026-03-27 19:47:14,021 - INFO - Analyzing 1 time chunk(s) from 2025-07-15 00:16:03 to 2025-07-15 00:17:03 (dt=1min, overlap=0min).
2026-03-27 19:47:14,021 - INFO - Using 1 selected station(s).
2026-03-27 19:47:14,021 - INFO - 
2026-03-27 19:47:14,021 - INFO - ------- Starting EQCCTPro... -------
2026-03-27 19:47:14,021 - INFO - Detailed subprocess information can be found in the log file.
2026-03-27 19:47:14,021 - INFO - 
2026-03-27 19:47:14,288 - INFO - GPU disabled (CPU-only).
2026-03-27 19:47:14,292 - INFO - Skipping framework-specific initialization in the driver process.
2026-03-27 19:47:14,295 - INFO - ------- Hardware Configuration -------
2026-03-27 19:47:14,298 - INFO - CPU affinity set to cores: [0, 1, 2, 3]
2026-03-27 19:47:14,301 - INFO - 
2026-03-27 19:47:14,304 - INFO - ------- Data Preprocessing for EQCCTPro -------
2026-03-27 19:47:14,307 - INFO - 1 station(s) in /home/blackwinter/projects/eqcct/eqcctpro/data/waveforms_earthquakes_nonoise/20250715T001603Z_20250715T001703Z
2026-03-27 19:47:14,310 - INFO - Using 1 selected station(s): ['HEL1'].
2026-03-27 19:47:14,312 - INFO - Creating model actor(s)...
2026-03-27 19:47:14,315 - INFO - System RAM: Total=7870 MB, Available=5961 MB
2026-03-27 19:47:14,318 - INFO - Usable RAM budget: 7083 MB (90% of total)
2026-03-27 19:47:14,321 - INFO - ===== MEMORY-AWARE CPU ACTOR POOL =====
2026-03-27 19:47:14,324 - INFO - Requested concurrent tasks: 1
2026-03-27 19:47:14,327 - INFO - Available CPUs: 4
2026-03-27 19:47:14,329 - INFO - Available RAM: 7083 MB
2026-03-27 19:47:14,333 - INFO - RAM per model: 2060 MB
2026-03-27 19:47:14,335 - INFO - Max actors by RAM: 3
2026-03-27 19:47:14,338 - INFO - Creating 1 SeisBenchModelActor(s)
2026-03-27 19:47:14,340 - INFO - Let Ray handle scheduling (taskset already restricts CPU visibility)
2026-03-27 19:47:14,342 - INFO - Creating SeisBenchModelActor 1/1 (2.01GB RAM each)...
2026-03-27 19:47:17,224 - INFO - SeisBenchModelActor 1 created successfully.
2026-03-27 19:47:17,226 - INFO - Created 1 CPU actor(s). Task queue will handle concurrency.
2026-03-27 19:47:17,228 - INFO - Starting EQCCTPro parallelized waveform processing...
2026-03-27 19:47:17,230 - INFO - 
2026-03-27 19:47:17,232 - INFO - ------- Analyzing Seismic Waveforms for P and S Picks via SeisBench (EQTransformer - original_nonconservative) -------
2026-03-27 19:47:17,234 - INFO - Analyzing 0:01:00 minute timechunk from 2025-07-15 00:16:03 to 2025-07-15 00:17:03 (0 min overlap)
2026-03-27 19:47:17,236 - INFO - Processing a total of 1 stations, 1 at a time.
2026-03-27 19:47:19,634 - INFO - (1/1) HEL1: Finished the prediction in 0.14s. (HP=1.0, LP=45.0, picks=0)
2026-03-27 19:47:19,638 - INFO - 
2026-03-27 19:47:19,640 - INFO - ------- Parallel Station Waveform Processing Complete For 2025-07-15 00:16:03 to 2025-07-15 00:17:03 Timechunk-------
2026-03-27 19:47:19,642 - INFO - Picks saved at /home/blackwinter/projects/eqcct/eqcctpro/results/csv/eqt_earthquakes_th0_1/20250715T001603Z_20250715T001703ZProcess Runtime: 2.41 s
2026-03-27 19:47:19,646 - INFO - Successfully ran EQCCTPro, exiting...
2026-03-27 19:47:21,248 - INFO - Ray Successfully Shutdown.
2026-03-27 19:47:21,248 - INFO - ------- Successfully Picked All Waveform(s) from all Timechunk(s) -------
2026-03-28 02:13:51,837 - INFO - 
2026-03-28 02:13:51,838 - INFO - ------- Welcome to EQCCTPro -------
2026-03-28 02:13:51,838 - INFO - 
2026-03-28 02:13:51,839 - INFO - Running EQCCT over Requested MSeed Files using CPU(s)...
2026-03-28 02:13:51,839 - INFO - GPU disabled (CPU-only).
2026-03-28 02:13:51,839 - INFO - Skipping framework-specific initialization in the driver process.
2026-03-28 02:13:54,222 - INFO - Ray Successfully Initialized with 4 CPU(s) ([0, 1, 2, 3] CPU Affinity Binding).
2026-03-28 02:13:54,222 - INFO - Analyzing 1 time chunk(s) from 2025-07-15 00:16:03 to 2025-07-15 00:17:03 (dt=1min, overlap=0min).
2026-03-28 02:13:54,222 - INFO - Using 1 selected station(s).
2026-03-28 02:13:54,222 - INFO - 
2026-03-28 02:13:54,223 - INFO - ------- Starting EQCCTPro... -------
2026-03-28 02:13:54,223 - INFO - Detailed subprocess information can be found in the log file.
2026-03-28 02:13:54,223 - INFO - 
2026-03-28 02:13:54,544 - INFO - GPU disabled (CPU-only).
2026-03-28 02:13:54,549 - INFO - Skipping framework-specific initialization in the driver process.
2026-03-28 02:13:54,552 - INFO - ------- Hardware Configuration -------
2026-03-28 02:13:54,554 - INFO - CPU affinity set to cores: [0, 1, 2, 3]
2026-03-28 02:13:54,557 - INFO - 
2026-03-28 02:13:54,559 - INFO - ------- Data Preprocessing for EQCCTPro -------
2026-03-28 02:13:54,562 - INFO - 1 station(s) in /home/blackwinter/projects/eqcct/eqcctpro/data/waveforms_earthquakes_nonoise/20250715T001603Z_20250715T001703Z
2026-03-28 02:13:54,564 - INFO - Using 1 selected station(s): ['HEL1'].
2026-03-28 02:13:54,566 - INFO - Creating model actor(s)...
2026-03-28 02:13:54,569 - INFO - System RAM: Total=7870 MB, Available=5778 MB
2026-03-28 02:13:54,571 - INFO - Usable RAM budget: 7083 MB (90% of total)
2026-03-28 02:13:54,573 - INFO - ===== MEMORY-AWARE CPU ACTOR POOL =====
2026-03-28 02:13:54,575 - INFO - Requested concurrent tasks: 1
2026-03-28 02:13:54,577 - INFO - Available CPUs: 4
2026-03-28 02:13:54,579 - INFO - Available RAM: 7083 MB
2026-03-28 02:13:54,580 - INFO - RAM per model: 2060 MB
2026-03-28 02:13:54,582 - INFO - Max actors by RAM: 3
2026-03-28 02:13:54,584 - INFO - Creating 1 SeisBenchModelActor(s)
2026-03-28 02:13:54,586 - INFO - Let Ray handle scheduling (taskset already restricts CPU visibility)
2026-03-28 02:13:54,588 - INFO - Creating SeisBenchModelActor 1/1 (2.01GB RAM each)...
2026-03-28 02:13:57,579 - INFO - SeisBenchModelActor 1 created successfully.
2026-03-28 02:13:57,582 - INFO - Created 1 CPU actor(s). Task queue will handle concurrency.
2026-03-28 02:13:57,585 - INFO - Starting EQCCTPro parallelized waveform processing...
2026-03-28 02:13:57,587 - INFO - 
2026-03-28 02:13:57,590 - INFO - ------- Analyzing Seismic Waveforms for P and S Picks via SeisBench (EQTransformer - original_nonconservative) -------
2026-03-28 02:13:57,593 - INFO - Analyzing 0:01:00 minute timechunk from 2025-07-15 00:16:03 to 2025-07-15 00:17:03 (0 min overlap)
2026-03-28 02:13:57,595 - INFO - Processing a total of 1 stations, 1 at a time.
2026-03-28 02:13:59,653 - INFO - (1/1) HEL1: Skipped (already exists - overwrite=False).
2026-03-28 02:13:59,656 - INFO - 
2026-03-28 02:13:59,658 - INFO - ------- Parallel Station Waveform Processing Complete For 2025-07-15 00:16:03 to 2025-07-15 00:17:03 Timechunk-------
2026-03-28 02:13:59,661 - INFO - Picks saved at /home/blackwinter/projects/eqcct/eqcctpro/results/csv/eqt_earthquakes_th0_1/20250715T001603Z_20250715T001703ZProcess Runtime: 2.07 s
2026-03-28 02:13:59,667 - INFO - Successfully ran EQCCTPro, exiting...
2026-03-28 02:14:01,345 - INFO - Ray Successfully Shutdown.
2026-03-28 02:14:01,345 - INFO - ------- Successfully Picked All Waveform(s) from all Timechunk(s) -------
