2026-03-27 20:14:04,220 - INFO - 
2026-03-27 20:14:04,220 - INFO - ------- Welcome to EQCCTPro -------
2026-03-27 20:14:04,220 - INFO - 
2026-03-27 20:14:04,220 - INFO - Running EQCCT over Requested MSeed Files using CPU(s)...
2026-03-27 20:14:04,220 - INFO - GPU disabled (CPU-only).
2026-03-27 20:14:04,220 - INFO - Skipping framework-specific initialization in the driver process.
2026-03-27 20:14:06,536 - INFO - Ray Successfully Initialized with 4 CPU(s) ([0, 1, 2, 3] CPU Affinity Binding).
2026-03-27 20:14:06,538 - INFO - Analyzing 1 time chunk(s) from 2025-08-17 04:58:43 to 2025-08-17 04:59:43 (dt=1min, overlap=0min).
2026-03-27 20:14:06,538 - INFO - Using 2 selected station(s).
2026-03-27 20:14:06,538 - INFO - 
2026-03-27 20:14:06,539 - INFO - ------- Starting EQCCTPro... -------
2026-03-27 20:14:06,539 - INFO - Detailed subprocess information can be found in the log file.
2026-03-27 20:14:06,539 - INFO - 
2026-03-27 20:14:06,807 - INFO - GPU disabled (CPU-only).
2026-03-27 20:14:06,811 - INFO - Skipping framework-specific initialization in the driver process.
2026-03-27 20:14:06,815 - INFO - ------- Hardware Configuration -------
2026-03-27 20:14:06,818 - INFO - CPU affinity set to cores: [0, 1, 2, 3]
2026-03-27 20:14:06,820 - INFO - 
2026-03-27 20:14:06,822 - INFO - ------- Data Preprocessing for EQCCTPro -------
2026-03-27 20:14:06,825 - INFO - 2 station(s) in /home/blackwinter/projects/eqcct/eqcctpro/data/waveforms_earthquakes_nonoise/20250817T045843Z_20250817T045943Z
2026-03-27 20:14:06,827 - INFO - Using 2 selected station(s): ['AAL', 'TVF'].
2026-03-27 20:14:06,829 - INFO - Creating model actor(s)...
2026-03-27 20:14:06,832 - INFO - System RAM: Total=7870 MB, Available=5918 MB
2026-03-27 20:14:06,835 - INFO - Usable RAM budget: 7083 MB (90% of total)
2026-03-27 20:14:06,837 - INFO - ===== MEMORY-AWARE CPU ACTOR POOL =====
2026-03-27 20:14:06,840 - INFO - Requested concurrent tasks: 1
2026-03-27 20:14:06,842 - INFO - Available CPUs: 4
2026-03-27 20:14:06,844 - INFO - Available RAM: 7083 MB
2026-03-27 20:14:06,847 - INFO - RAM per model: 2060 MB
2026-03-27 20:14:06,849 - INFO - Max actors by RAM: 3
2026-03-27 20:14:06,851 - INFO - Creating 1 SeisBenchModelActor(s)
2026-03-27 20:14:06,854 - INFO - Let Ray handle scheduling (taskset already restricts CPU visibility)
2026-03-27 20:14:06,856 - INFO - Creating SeisBenchModelActor 1/1 (2.01GB RAM each)...
2026-03-27 20:14:09,632 - INFO - SeisBenchModelActor 1 created successfully.
2026-03-27 20:14:09,635 - INFO - Created 1 CPU actor(s). Task queue will handle concurrency.
2026-03-27 20:14:09,637 - INFO - Starting EQCCTPro parallelized waveform processing...
2026-03-27 20:14:09,640 - INFO - 
2026-03-27 20:14:09,643 - INFO - ------- Analyzing Seismic Waveforms for P and S Picks via SeisBench (EQTransformer - original_nonconservative) -------
2026-03-27 20:14:09,646 - INFO - Analyzing 0:01:00 minute timechunk from 2025-08-17 04:58:43 to 2025-08-17 04:59:43 (0 min overlap)
2026-03-27 20:14:09,649 - INFO - Processing a total of 2 stations, 1 at a time.
2026-03-27 20:14:11,874 - INFO - (1/2) AAL: Finished the prediction in 0.17s. (HP=1.0, LP=45.0, picks=0)
2026-03-27 20:14:11,976 - INFO - (2/2) TVF: Finished the prediction in 0.09s. (HP=1.0, LP=45.0, picks=0)
2026-03-27 20:14:11,979 - INFO - 
2026-03-27 20:14:11,981 - INFO - ------- Parallel Station Waveform Processing Complete For 2025-08-17 04:58:43 to 2025-08-17 04:59:43 Timechunk-------
2026-03-27 20:14:11,984 - INFO - Picks saved at /home/blackwinter/projects/eqcct/eqcctpro/results/csv/eqt_earthquakes_th0_1/20250817T045843Z_20250817T045943ZProcess Runtime: 2.34 s
2026-03-27 20:14:11,989 - INFO - Successfully ran EQCCTPro, exiting...
2026-03-27 20:14:13,829 - INFO - Ray Successfully Shutdown.
2026-03-27 20:14:13,830 - INFO - ------- Successfully Picked All Waveform(s) from all Timechunk(s) -------
2026-03-28 02:40:23,488 - INFO - 
2026-03-28 02:40:23,488 - INFO - ------- Welcome to EQCCTPro -------
2026-03-28 02:40:23,488 - INFO - 
2026-03-28 02:40:23,489 - INFO - Running EQCCT over Requested MSeed Files using CPU(s)...
2026-03-28 02:40:23,489 - INFO - GPU disabled (CPU-only).
2026-03-28 02:40:23,489 - INFO - Skipping framework-specific initialization in the driver process.
2026-03-28 02:40:26,106 - INFO - Ray Successfully Initialized with 4 CPU(s) ([0, 1, 2, 3] CPU Affinity Binding).
2026-03-28 02:40:26,106 - INFO - Analyzing 1 time chunk(s) from 2025-08-17 04:58:43 to 2025-08-17 04:59:43 (dt=1min, overlap=0min).
2026-03-28 02:40:26,107 - INFO - Using 2 selected station(s).
2026-03-28 02:40:26,107 - INFO - 
2026-03-28 02:40:26,107 - INFO - ------- Starting EQCCTPro... -------
2026-03-28 02:40:26,107 - INFO - Detailed subprocess information can be found in the log file.
2026-03-28 02:40:26,107 - INFO - 
2026-03-28 02:40:26,447 - INFO - GPU disabled (CPU-only).
2026-03-28 02:40:26,453 - INFO - Skipping framework-specific initialization in the driver process.
2026-03-28 02:40:26,457 - INFO - ------- Hardware Configuration -------
2026-03-28 02:40:26,460 - INFO - CPU affinity set to cores: [0, 1, 2, 3]
2026-03-28 02:40:26,463 - INFO - 
2026-03-28 02:40:26,465 - INFO - ------- Data Preprocessing for EQCCTPro -------
2026-03-28 02:40:26,468 - INFO - 2 station(s) in /home/blackwinter/projects/eqcct/eqcctpro/data/waveforms_earthquakes_nonoise/20250817T045843Z_20250817T045943Z
2026-03-28 02:40:26,470 - INFO - Using 2 selected station(s): ['AAL', 'TVF'].
2026-03-28 02:40:26,473 - INFO - Creating model actor(s)...
2026-03-28 02:40:26,475 - INFO - System RAM: Total=7870 MB, Available=5727 MB
2026-03-28 02:40:26,478 - INFO - Usable RAM budget: 7083 MB (90% of total)
2026-03-28 02:40:26,481 - INFO - ===== MEMORY-AWARE CPU ACTOR POOL =====
2026-03-28 02:40:26,483 - INFO - Requested concurrent tasks: 1
2026-03-28 02:40:26,486 - INFO - Available CPUs: 4
2026-03-28 02:40:26,488 - INFO - Available RAM: 7083 MB
2026-03-28 02:40:26,491 - INFO - RAM per model: 2060 MB
2026-03-28 02:40:26,493 - INFO - Max actors by RAM: 3
2026-03-28 02:40:26,496 - INFO - Creating 1 SeisBenchModelActor(s)
2026-03-28 02:40:26,498 - INFO - Let Ray handle scheduling (taskset already restricts CPU visibility)
2026-03-28 02:40:26,501 - INFO - Creating SeisBenchModelActor 1/1 (2.01GB RAM each)...
2026-03-28 02:40:29,548 - INFO - SeisBenchModelActor 1 created successfully.
2026-03-28 02:40:29,550 - INFO - Created 1 CPU actor(s). Task queue will handle concurrency.
2026-03-28 02:40:29,552 - INFO - Starting EQCCTPro parallelized waveform processing...
2026-03-28 02:40:29,555 - INFO - 
2026-03-28 02:40:29,558 - INFO - ------- Analyzing Seismic Waveforms for P and S Picks via SeisBench (EQTransformer - original_nonconservative) -------
2026-03-28 02:40:29,561 - INFO - Analyzing 0:01:00 minute timechunk from 2025-08-17 04:58:43 to 2025-08-17 04:59:43 (0 min overlap)
2026-03-28 02:40:29,563 - INFO - Processing a total of 2 stations, 1 at a time.
2026-03-28 02:40:31,631 - INFO - (1/2) AAL: Skipped (already exists - overwrite=False).
2026-03-28 02:40:31,637 - INFO - (2/2) TVF: Skipped (already exists - overwrite=False).
2026-03-28 02:40:31,640 - INFO - 
2026-03-28 02:40:31,642 - INFO - ------- Parallel Station Waveform Processing Complete For 2025-08-17 04:58:43 to 2025-08-17 04:59:43 Timechunk-------
2026-03-28 02:40:31,645 - INFO - Picks saved at /home/blackwinter/projects/eqcct/eqcctpro/results/csv/eqt_earthquakes_th0_1/20250817T045843Z_20250817T045943ZProcess Runtime: 2.09 s
2026-03-28 02:40:31,649 - INFO - Successfully ran EQCCTPro, exiting...
2026-03-28 02:40:33,297 - INFO - Ray Successfully Shutdown.
2026-03-28 02:40:33,297 - INFO - ------- Successfully Picked All Waveform(s) from all Timechunk(s) -------
