2026-03-28 21:37:56,923 - INFO - 
2026-03-28 21:37:56,924 - INFO - ------- Welcome to EQCCTPro -------
2026-03-28 21:37:56,924 - INFO - 
2026-03-28 21:37:56,924 - INFO - Running EQCCT over Requested MSeed Files using CPU(s)...
2026-03-28 21:37:56,925 - INFO - GPU disabled (CPU-only).
2026-03-28 22:28:02,747 - INFO - 
2026-03-28 22:28:02,748 - INFO - ------- Welcome to EQCCTPro -------
2026-03-28 22:28:02,748 - INFO - 
2026-03-28 22:28:02,749 - INFO - Running EQCCT over Requested MSeed Files using CPU(s)...
2026-03-28 22:28:02,749 - INFO - GPU disabled (CPU-only).
2026-03-28 22:28:02,749 - INFO - Configured Intra-op threads = 1
2026-03-28 22:28:02,749 - INFO - Configured Inter-op threads = 1
2026-03-28 22:28:02,749 - INFO - TensorFlow: No GPUs visible; TF will proceed on CPU.
2026-03-28 22:28:02,749 - INFO - 
2026-03-28 22:28:08,798 - INFO - Ray Successfully Initialized with 4 CPU(s) ([0, 1, 2, 3] CPU Affinity Binding).
2026-03-28 22:28:08,798 - INFO - Analyzing 1 time chunk(s) from 2025-01-04 11:06:53 to 2025-01-04 11:07:53 (dt=1min, overlap=0min).
2026-03-28 22:28:08,798 - INFO - Using 1 selected station(s).
2026-03-28 22:28:08,798 - INFO - 
2026-03-28 22:28:08,799 - INFO - ------- Starting EQCCTPro... -------
2026-03-28 22:28:08,799 - INFO - Detailed subprocess information can be found in the log file.
2026-03-28 22:28:08,799 - INFO - 
2026-03-28 22:28:09,219 - INFO - GPU disabled (CPU-only).
2026-03-28 22:28:10,895 - INFO - Configured Intra-op threads = 1
2026-03-28 22:28:10,898 - INFO - Configured Inter-op threads = 1
2026-03-28 22:28:10,939 - INFO - TensorFlow: No GPUs visible; TF will proceed on CPU.
2026-03-28 22:28:10,942 - INFO - 
2026-03-28 22:28:10,945 - INFO - ------- Hardware Configuration -------
2026-03-28 22:28:10,948 - INFO - CPU affinity set to cores: [0, 1, 2, 3]
2026-03-28 22:28:10,950 - INFO - 
2026-03-28 22:28:10,953 - INFO - ------- Data Preprocessing for EQCCTPro -------
2026-03-28 22:28:10,956 - INFO - 1 station(s) in /home/blackwinter/projects/eqcct/eqcctpro/data/waveforms_explosions_nonoise/20250104T110653Z_20250104T110753Z
2026-03-28 22:28:10,958 - INFO - Using 1 selected station(s): ['RAJF'].
2026-03-28 22:28:10,961 - INFO - Creating model actor(s)...
2026-03-28 22:28:10,963 - INFO - System RAM: Total=7870 MB, Available=3821 MB
2026-03-28 22:28:10,966 - INFO - Usable RAM budget: 7083 MB (90% of total)
2026-03-28 22:28:10,969 - INFO - ===== MEMORY-AWARE CPU ACTOR POOL (EQCCT) =====
2026-03-28 22:28:10,972 - INFO - Requested concurrent tasks: 1
2026-03-28 22:28:10,974 - INFO - Available CPUs: 4
2026-03-28 22:28:10,977 - INFO - Available RAM: 7083 MB
2026-03-28 22:28:10,980 - INFO - RAM per model: 2264 MB
2026-03-28 22:28:10,983 - INFO - Max actors by RAM: 3
2026-03-28 22:28:10,990 - INFO - Creating 1 ModelActor(s)
2026-03-28 22:28:10,994 - INFO - Let Ray handle scheduling (taskset already restricts CPU visibility)
2026-03-28 22:28:10,997 - INFO - Creating ModelActor 1/1 (2.21GB RAM each)...
2026-03-28 22:28:15,496 - INFO - ModelActor 1 created successfully.
2026-03-28 22:28:15,498 - INFO - Created 1 CPU actor(s). Task queue will handle concurrency.
2026-03-28 22:28:15,501 - INFO - Starting EQCCTPro parallelized waveform processing...
2026-03-28 22:28:15,503 - INFO - 
2026-03-28 22:28:15,506 - INFO - ------- Analyzing Seismic Waveforms for P and S Picks via EQCCT -------
2026-03-28 22:28:15,509 - INFO - Analyzing 0:01:00 minute timechunk from 2025-01-04 11:06:53 to 2025-01-04 11:07:53 (0 min overlap)
2026-03-28 22:28:15,512 - INFO - Processing a total of 1 stations, 1 at a time.
2026-03-28 22:28:19,977 - INFO - (1/1) RAJF: Finished the prediction in 2.47s. (HP=1.0, LP=45.0)
2026-03-28 22:28:19,980 - INFO - 
2026-03-28 22:28:19,982 - INFO - ------- Parallel Station Waveform Processing Complete For 2025-01-04 11:06:53 to 2025-01-04 11:07:53 Timechunk-------
2026-03-28 22:28:19,988 - INFO - Successfully ran EQCCTPro, exiting...
2026-03-28 22:28:19,984 - INFO - Picks saved at /home/blackwinter/projects/eqcct/eqcctpro/results/csv/eqcct_explosions_th0_1/20250104T110653Z_20250104T110753ZProcess Runtime: 4.48 s
2026-03-28 22:28:21,364 - INFO - Ray Successfully Shutdown.
2026-03-28 22:28:21,364 - INFO - ------- Successfully Picked All Waveform(s) from all Timechunk(s) -------
