2026-02-22 19:22:48,949 - INFO - 
2026-02-22 19:22:48,949 - INFO - ------- Welcome to EQCCTPro -------
2026-02-22 19:22:48,949 - INFO - 
2026-02-22 19:22:48,950 - INFO - Running EQCCT over Requested MSeed Files using CPU(s)...
2026-02-22 19:22:48,950 - INFO - GPU disabled (CPU-only).
2026-02-22 19:22:48,950 - INFO - Configured Intra-op threads = 1
2026-02-22 19:22:48,950 - INFO - Configured Inter-op threads = 1
2026-02-22 19:22:48,950 - INFO - TensorFlow: No GPUs visible; TF will proceed on CPU.
2026-02-22 19:22:48,950 - INFO - 
2026-02-22 19:22:54,415 - INFO - Ray Successfully Initialized with 4 CPU(s) ([0, 1, 2, 3] CPU Affinity Binding).
2026-02-22 19:22:54,415 - INFO - Analyzing 1 time chunk(s) from 2025-08-26 17:49:32 to 2025-08-26 17:50:32 (dt=1min, overlap=0min).
2026-02-22 19:22:54,415 - INFO - Using 1 selected station(s).
2026-02-22 19:22:54,416 - INFO - 
2026-02-22 19:22:54,416 - INFO - ------- Starting EQCCTPro... -------
2026-02-22 19:22:54,416 - INFO - Detailed subprocess information can be found in the log file.
2026-02-22 19:22:54,416 - INFO - 
2026-02-22 19:22:54,797 - INFO - GPU disabled (CPU-only).
2026-02-22 19:22:56,247 - INFO - Configured Intra-op threads = 1
2026-02-22 19:22:56,249 - INFO - Configured Inter-op threads = 1
2026-02-22 19:22:56,290 - INFO - TensorFlow: No GPUs visible; TF will proceed on CPU.
2026-02-22 19:22:56,293 - INFO - 
2026-02-22 19:22:56,295 - INFO - ------- Hardware Configuration -------
2026-02-22 19:22:56,297 - INFO - CPU affinity set to cores: [0, 1, 2, 3]
2026-02-22 19:22:56,300 - INFO - 
2026-02-22 19:22:56,302 - INFO - ------- Data Preprocessing for EQCCTPro -------
2026-02-22 19:22:56,304 - INFO - 1 station(s) in /home/blackwinter/projects/eqcct/eqcctpro/data/waveforms_earthquakes_nonoise/20250826T174932Z_20250826T175032Z
2026-02-22 19:22:56,306 - INFO - Using 1 selected station(s): ['KLF'].
2026-02-22 19:22:56,308 - INFO - Creating model actor(s)...
2026-02-22 19:22:56,310 - INFO - System RAM: Total=7870 MB, Available=1727 MB
2026-02-22 19:22:56,312 - INFO - Usable RAM budget: 7083 MB (90% of total)
2026-02-22 19:22:56,314 - INFO - ===== MEMORY-AWARE CPU ACTOR POOL (EQCCT) =====
2026-02-22 19:22:56,316 - INFO - Requested concurrent tasks: 1
2026-02-22 19:22:56,317 - INFO - Available CPUs: 4
2026-02-22 19:22:56,319 - INFO - Available RAM: 7083 MB
2026-02-22 19:22:56,321 - INFO - RAM per model: 2264 MB
2026-02-22 19:22:56,323 - INFO - Max actors by RAM: 3
2026-02-22 19:22:56,325 - INFO - Creating 1 ModelActor(s)
2026-02-22 19:22:56,326 - INFO - Let Ray handle scheduling (taskset already restricts CPU visibility)
2026-02-22 19:22:56,328 - INFO - Creating ModelActor 1/1 (2.21GB RAM each)...
2026-02-22 19:23:00,222 - INFO - ModelActor 1 created successfully.
2026-02-22 19:23:00,224 - INFO - Created 1 CPU actor(s). Task queue will handle concurrency.
2026-02-22 19:23:00,226 - INFO - Starting EQCCTPro parallelized waveform processing...
2026-02-22 19:23:00,228 - INFO - 
2026-02-22 19:23:00,230 - INFO - ------- Analyzing Seismic Waveforms for P and S Picks via EQCCT -------
2026-02-22 19:23:00,232 - INFO - Analyzing 0:01:00 minute timechunk from 2025-08-26 17:49:32 to 2025-08-26 17:50:32 (0 min overlap)
2026-02-22 19:23:00,234 - INFO - Processing a total of 1 stations, 1 at a time.
2026-02-22 19:23:04,302 - INFO - (1/1) KLF: Finished the prediction in 2.15s. (HP=1.0, LP=45.0)
2026-02-22 19:23:04,305 - INFO - 
2026-02-22 19:23:04,307 - INFO - ------- Parallel Station Waveform Processing Complete For 2025-08-26 17:49:32 to 2025-08-26 17:50:32 Timechunk-------
2026-02-22 19:23:04,309 - INFO - Picks saved at /home/blackwinter/projects/eqcct/eqcctpro/results/csv/bm_eq_nonoise/20250826T174932Z_20250826T175032ZProcess Runtime: 4.08 s
2026-02-22 19:23:04,313 - INFO - Successfully ran EQCCTPro, exiting...
2026-02-22 19:23:06,060 - INFO - Ray Successfully Shutdown.
2026-02-22 19:23:06,061 - INFO - ------- Successfully Picked All Waveform(s) from all Timechunk(s) -------
